03-09 18:59:29.613  1052  5948 I DisplayManagerService: Display device added: DisplayDeviceInfo{"com.oculus.android_panel_app.AndroidPanelLayer-tooltip": uniqueId="virtual:com.oculus.systemux,10026,com.oculus.android_panel_app.AndroidPanelLayer-tooltip,0", 133 x 65, modeId 115, defaultModeId 115, supportedModes [{id=115, width=133, height=65, fps=60.0}], colorMode 0, supportedColorModes [0], HdrCapabilities null, density 200, 200.0 x 200.0 dpi, appVsyncOff 0, presDeadline 16666666, touch NONE, rotation 0, type VIRTUAL, state OFF, owner com.oculus.systemux (uid 10026), FLAG_PRIVATE, FLAG_NEVER_BLANK, FLAG_OWN_CONTENT_ONLY}
03-09 18:59:29.654  1052  1078 I ActivityTaskManager: Override config changes=20005df8 {0.0 ?mcc?mnc ?localeList ?layoutDir sw52dp w106dp h52dp 200dpi smll land ?uimode ?night -touch qwerty/v/v -nav/h winConfig={ mBounds=Rect(0, 0 - 133, 65) mAppBounds=Rect(0, 0 - 133, 65) mWindowingMode=fullscreen mDisplayWindowingMode=fullscreen mActivityType=undefined mAlwaysOnTop=undefined mRotation=ROTATION_0}} for displayId=54
03-09 18:59:29.664  1052  1078 I DisplayManagerService: Display device changed state: "com.oculus.android_panel_app.AndroidPanelLayer-tooltip", ON
03-09 18:59:29.671  1052  7743 E WindowManager: App trying to use insecure INPUT_FEATURE_NO_INPUT_CHANNEL flag. Ignoring
03-09 18:59:29.796   861  1577 I chatty  : uid=1000(system) Binder:861_4 identical 24 lines
03-09 18:59:29.797  1052  2266 I DisplayManagerService: Display device added: DisplayDeviceInfo{"com.oculus.android_panel_app.AndroidPanelLayer-#main": uniqueId="virtual:com.oculus.systemux,10026,com.oculus.android_panel_app.AndroidPanelLayer-#main,4", 480 x 938, modeId 116, defaultModeId 116, supportedModes [{id=116, width=480, height=938, fps=60.0}], colorMode 0, supportedColorModes [0], HdrCapabilities null, density 200, 200.0 x 200.0 dpi, appVsyncOff 0, presDeadline 16666666, touch NONE, rotation 0, type VIRTUAL, state OFF, owner com.oculus.systemux (uid 10026), FLAG_PRIVATE, FLAG_NEVER_BLANK, FLAG_OWN_CONTENT_ONLY}
03-09 18:59:29.820  1052  1078 I ActivityTaskManager: Override config changes=20005df8 {0.0 ?mcc?mnc ?localeList ?layoutDir sw384dp w384dp h750dp 200dpi nrml long port ?uimode ?night -touch qwerty/v/v -nav/h winConfig={ mBounds=Rect(0, 0 - 480, 938) mAppBounds=Rect(0, 0 - 480, 938) mWindowingMode=fullscreen mDisplayWindowingMode=fullscreen mActivityType=undefined mAlwaysOnTop=undefined mRotation=ROTATION_0}} for displayId=55
03-09 18:59:29.829  1052  1078 I DisplayManagerService: Display device changed state: "com.oculus.android_panel_app.AndroidPanelLayer-#main", ON
03-09 18:59:29.833   861  1577 W TrackingService: attachClient: found client in attached list
03-09 18:59:29.836   861  1042 W TrackingService: attachClient: found client in attached list
03-09 18:59:29.850  1052  2266 E WindowManager: App trying to use insecure INPUT_FEATURE_NO_INPUT_CHANNEL flag. Ignoring
03-09 18:59:30.037  1052  5948 I DisplayManagerService: Display device removed: DisplayDeviceInfo{"com.oculus.android_panel_app.AndroidPanelLayer-tooltip": uniqueId="virtual:com.oculus.systemux,10026,com.oculus.android_panel_app.AndroidPanelLayer-tooltip,0", 133 x 65, modeId 115, defaultModeId 115, supportedModes [{id=115, width=133, height=65, fps=60.0}], colorMode 0, supportedColorModes [0], HdrCapabilities null, density 200, 200.0 x 200.0 dpi, appVsyncOff 0, presDeadline 16666666, touch NONE, rotation 0, type VIRTUAL, state ON, owner com.oculus.systemux (uid 10026), FLAG_PRIVATE, FLAG_NEVER_BLANK, FLAG_OWN_CONTENT_ONLY}
03-09 18:59:30.194   861  1042 I chatty  : uid=1000(system) Binder:861_2 identical 18 lines
03-09 18:59:30.207   861  1042 W TrackingService: attachClient: found client in attached list
03-09 18:59:30.208   861  1577 W TrackingService: attachClient: found client in attached list
03-09 18:59:30.425   861  1577 I chatty  : uid=1000(system) Binder:861_4 identical 11 lines
03-09 18:59:30.454   861  1577 W TrackingService: attachClient: found client in attached list
03-09 18:59:30.455   861  1042 W TrackingService: attachClient: found client in attached list
03-09 18:59:30.642   861  1042 I chatty  : uid=1000(system) Binder:861_2 identical 8 lines
03-09 18:59:30.643   861  1042 W TrackingService: attachClient: found client in attached list
03-09 18:59:30.644   861  1577 W TrackingService: attachClient: found client in attached list
03-09 18:59:30.800  1052  7743 I DisplayManagerService: Display device removed: DisplayDeviceInfo{"com.oculus.android_panel_app.AndroidPanelLayer-#main": uniqueId="virtual:com.oculus.systemux,10026,com.oculus.android_panel_app.AndroidPanelLayer-#main,4", 480 x 938, modeId 116, defaultModeId 116, supportedModes [{id=116, width=480, height=938, fps=60.0}], colorMode 0, supportedColorModes [0], HdrCapabilities null, density 200, 200.0 x 200.0 dpi, appVsyncOff 0, presDeadline 16666666, touch NONE, rotation 0, type VIRTUAL, state ON, owner com.oculus.systemux (uid 10026), FLAG_PRIVATE, FLAG_NEVER_BLANK, FLAG_OWN_CONTENT_ONLY}
03-09 18:59:30.869   861  1577 I chatty  : uid=1000(system) Binder:861_4 identical 9 lines
03-09 18:59:30.909   861  1577 W TrackingService: attachClient: found client in attached list
03-09 18:59:30.910   861  1042 W TrackingService: attachClient: found client in attached list
03-09 18:59:31.414   861  1042 I chatty  : uid=1000(system) Binder:861_2 identical 25 lines
03-09 18:59:31.438   861  1042 W TrackingService: attachClient: found client in attached list
03-09 18:59:31.439   861  1577 W TrackingService: attachClient: found client in attached list
03-09 18:59:31.550  1052 11903 I DropBoxManagerService: add tag=system_server_wtf isTagEnabled=true flags=0x2
03-09 18:59:31.947   861  1577 I chatty  : uid=1000(system) Binder:861_4 identical 26 lines
03-09 18:59:31.985   861  1577 W TrackingService: attachClient: found client in attached list
03-09 18:59:31.988   861  1042 W TrackingService: attachClient: found client in attached list
03-09 18:59:32.076  1052  5948 I DisplayManagerService: Display device removed: DisplayDeviceInfo{"com.oculus.android_panel_app.AndroidPanelLayer-controlbar4": uniqueId="virtual:com.oculus.systemux,10026,com.oculus.android_panel_app.AndroidPanelLayer-controlbar4,0", 1000 x 50, modeId 113, defaultModeId 113, supportedModes [{id=113, width=1000, height=50, fps=60.0}], colorMode 0, supportedColorModes [0], HdrCapabilities null, density 200, 200.0 x 200.0 dpi, appVsyncOff 0, presDeadline 16666666, touch NONE, rotation 0, type VIRTUAL, state ON, owner com.oculus.systemux (uid 10026), FLAG_PRIVATE, FLAG_NEVER_BLANK, FLAG_OWN_CONTENT_ONLY}
03-09 18:59:32.131   861  1042 I chatty  : uid=1000(system) Binder:861_2 identical 6 lines
03-09 18:59:32.138   861  1042 W TrackingService: attachClient: found client in attached list
03-09 18:59:32.138   861  1042 D TrackingService: getSharedMemory: com.CraftyGoblinStudios.GroovyBeats, Controller
03-09 18:59:32.174   861  1042 W TrackingService: attachClient: found client in attached list
03-09 18:59:32.176   861  1577 W TrackingService: attachClient: found client in attached list
03-09 18:59:32.214   861  1577 W TrackingService: attachClient: found client in attached list
03-09 18:59:32.216   861  1042 W TrackingService: attachClient: found client in attached list
03-09 18:59:32.223  1052 11903 I DropBoxManagerService: add tag=system_server_wtf isTagEnabled=true flags=0x2
03-09 18:59:32.255   861  1042 W TrackingService: attachClient: found client in attached list
03-09 18:59:32.257   861  1577 W TrackingService: attachClient: found client in attached list
03-09 18:59:32.345   861  1577 I chatty  : uid=1000(system) Binder:861_4 identical 4 lines
03-09 18:59:32.358   861  1577 W TrackingService: attachClient: found client in attached list
03-09 18:59:32.359   861  1042 W TrackingService: attachClient: found client in attached list
03-09 18:59:32.611   861  1042 I chatty  : uid=1000(system) Binder:861_2 identical 12 lines
03-09 18:59:32.624   861  1042 W TrackingService: attachClient: found client in attached list
03-09 18:59:32.624   861  1577 W TrackingService: attachClient: found client in attached list
03-09 18:59:32.758   861  1577 I chatty  : uid=1000(system) Binder:861_4 identical 6 lines
03-09 18:59:32.787   861  1577 W TrackingService: attachClient: found client in attached list
03-09 18:59:32.790   861  1042 W TrackingService: attachClient: found client in attached list
03-09 18:59:33.052   861  1042 I chatty  : uid=1000(system) Binder:861_2 identical 14 lines
03-09 18:59:33.098   861  1042 W TrackingService: attachClient: found client in attached list
--------- beginning of main
03-09 18:59:33.107   842 15212 I [CT]    : MIXEDREALITY: ServiceLogic: sendMrEngine: Pause
03-09 18:59:33.107   842 15212 D MrSystemService: Mr Engine pause.
03-09 18:59:33.107   842 15212 I [CT]    : MIXEDREALITY: ServiceLogic: Camera Thread has now tid -1
03-09 18:59:33.135   861  1042 W TrackingService: attachClient: found client in attached list
03-09 18:59:33.223   861  1042 I chatty  : uid=1000(system) Binder:861_2 identical 6 lines
03-09 18:59:33.236   861  1193 I [CT]    : VIPER: InternalAnchorHealthMonitor: Anchors: 3 | Persistent anchors: 2 | Anchors never observed: 2
03-09 18:59:33.236   861  1193 I [CT]    :   (min/avg/max) Anchor landmarks: (8|12.666666666666666|17) | Covisible keyframes: (7|8.666666666666666|12) | Times since observation: (0|0|0)
03-09 18:59:33.254   861  1042 W TrackingService: attachClient: found client in attached list
03-09 18:59:33.255   861  1577 W TrackingService: attachClient: found client in attached list
03-09 18:59:33.264   861  1042 W TrackingService: attachClient: found client in attached list
03-09 18:59:33.275   861 15045 I [CT]    : VIPER: Mode=SuperVega,Status=6DoF,TRACKING,Inl=34,Mem=87.2,Jit=0.5mm,Issues(Cam/min=0.0,IMU/min=0.0),Exp=(11.9ms,g=15.0,I=75,Ir=421.2)(11.1ms,g=13.0,I=115,Ir=800.3)(11.1ms,g=13.0,I=125,Ir=869.2)(9.8ms,g=12.0,I=73,Ir=628.1)
03-09 18:59:33.322   861  1042 I chatty  : uid=1000(system) Binder:861_2 identical 3 lines
03-09 18:59:33.364   861  1042 W TrackingService: attachClient: found client in attached list
03-09 18:59:33.365   861  1577 W TrackingService: attachClient: found client in attached list
03-09 18:59:33.448 14799 14799 D UE4     : [GameActivity] Battery: status = 4, rawlevel = 100, scale = 100
03-09 18:59:33.448 14799 14799 D UE4     : nativeBatteryEvent(stat = 4, lvl = 100  temp = 27.50 C)
03-09 18:59:33.469   861  1577 I chatty  : uid=1000(system) Binder:861_4 identical 3 lines
03-09 18:59:33.474   861  1577 W TrackingService: attachClient: found client in attached list
03-09 18:59:33.477   861  1042 W TrackingService: attachClient: found client in attached list
03-09 18:59:33.515   861 13691 W [CT]    : CONSTELLATION: L: Lost position tracking, waiting for 6DoF reset: [#VisionUp=244, #RelUp=0, VelNorm=0.010, CurTimeDur=0.25s, DurThresh=0.2s]
03-09 18:59:33.515   861 13691 I [CT]    : INPUT_TRACKING:Behavior:OutOfFoVRotation: [Left] state transition: InRange -> Active
03-09 18:59:33.515   861 15051 I [CT]    : CONSTELLATION: L: Not reinitializing 6DoF filter yet (no valid pose from matching).
03-09 18:59:33.515   861 13691 I [CT]    : INPUT_TRACKING:Behavior:OutOfFoVRotation: [Left] activated
03-09 18:59:33.515   861 13691 I [CT]    : INPUT_TRACKING:Behavior:OutOfFoVRotation: [Left] using reliablePoseInWorld
03-09 18:59:33.515   861 13691 I [CT]    : INPUT_TRACKING:ControllerMotionModel: [Left] t = 1190.289s, behavior transition: None -> OutOfFoVRotation
03-09 18:59:33.624   695   897 I netd    : trafficSwapActiveStatsMap() <0.15ms>
03-09 18:59:33.626   695   897 I netd    : tetherGetStats() <0.69ms>
03-09 18:59:33.629   695   897 I netd    : bandwidthSetGlobalAlert(2097152) <0.16ms>
03-09 18:59:33.637  5987 15157 I chatty  : uid=10026(com.oculus.systemux) OkHttp Dispatch expire 2 lines
03-09 18:59:33.703  2899  3049 I GuardianSystem: [GuardianSystem::UpdateSystem] world updating because worldfromanchor threshold passed
03-09 18:59:33.715   861  1193 I [CT]    : Vega:SubmapPublisher: Tracking parent no change: frame movement above thresh -> Publish
03-09 18:59:33.715   861  1193 I [CT]    : Vega:SubmapPublisher: Start to publish submaps, found candidates:  3
03-09 18:59:33.715   861  1193 E [CT]    : SubmapRecords: findSubmapId found 2 submap records hold the same query krHandle
03-09 18:59:33.723  3023  3139 I [CT]    : MIXEDREALITY: MrServiceModel: Hibernating caller (most likely rendering thread) due to commandQueue being empty.
03-09 18:59:33.767   828 15187 I OMX-VENC: venc_dev: stats: avg. fps 23.97, bitrate 2601947
03-09 18:59:33.831  3090  3090 D MetaCam (DeviceLifecycleManager): onCapabilitiesChanged(...). Has NET_CAPABILITY_VALIDATED.
03-09 18:59:33.831 14799 14823 V UE4     : [NetworkChangedManager] Network Capabilities changed, has Internet: true
03-09 18:59:33.831  3090  3090 D MetaCam (DeviceLifecycleManager): onCapabilitiesChanged(...). Has NET_CAPABILITY_VALIDATED.
03-09 18:59:33.832 14799 15221 V UE4     : [NetworkChangedManager] Verifying internet connection with host: https://example.com/
03-09 18:59:33.834  3090  3090 D MetaCam (DeviceLifecycleManager): onCapabilitiesChanged(...). Has NET_CAPABILITY_VALIDATED.
03-09 18:59:33.835   861  1042 I chatty  : uid=1000(system) Binder:861_2 identical 18 lines
03-09 18:59:33.861   861  1042 W TrackingService: attachClient: found client in attached list
03-09 18:59:33.862   861  1577 W TrackingService: attachClient: found client in attached list
03-09 18:59:33.918 14799 15221 V UE4     : [NetworkChangedManager] Connectivity hasn't changed. Current state: CONNECTION_AVAILABLE
03-09 18:59:33.918 14799 15221 V UE4     : [NetworkChangedManager] Full network check complete. State: CONNECTION_AVAILABLE
03-09 18:59:34.003 14799 15109 I VrApi   : FPS=66/72,Prd=48ms,Tear=1,Early=43,Stale=11,Stale2/5/10/max=0/1/0/9,VSnc=1,Lat=1,Fov=0,CPU4/GPU=3/4,2419/525MHz,OC=FF,TA=0/70/70,SP=N/F/F,Mem=2092MHz,Free=2071MB,PLS=0,Temp=27.2C/0.0C,TW=2.02ms,App=7.64ms,GD=0.11ms,CPU&GPU=19.41ms,LCnt=3(DR0,LM3),GPU%=0.69,CPU%=0.27(W0.40),DSF=1.00,CFL=17.89/21.55
03-09 18:59:34.037   861 15051 I [CT]    : CONSTELLATION: L: Successfully reinitialized 6DoF filter. Keep Cov and Calib States = Y. Keep velocity state and covariance = Y
03-09 18:59:34.038   861 13691 I [CT]    : INPUT_TRACKING:Behavior:OutOfFoVRotation: [Left] state transition: Active -> Transition
03-09 18:59:34.057   861 15045 W [CT]    : TIMESTAMPCHECKER: Nominal rate wrong. Estimated data rate: 25, Nominal is 30.000300003000028
03-09 18:59:34.093  2899  3049 I GuardianSystem: [GuardianSystem::UpdateSystem] world updating because worldfromanchor threshold passed
03-09 18:59:34.102   861 13691 I [CT]    : INPUT_TRACKING:Behavior:OutOfFoVRotation: [Left] deactivated
03-09 18:59:34.102   861 13691 I [CT]    : INPUT_TRACKING:ControllerMotionModel: [Left] t = 1190.874s, behavior transition: OutOfFoVRotation -> None
03-09 18:59:34.110  3023  3139 I [CT]    : MIXEDREALITY: MrServiceModel: Hibernating caller (most likely rendering thread) due to commandQueue being empty.
03-09 18:59:34.196   861  1193 I [CT]    : Vega:SubmapPublisher: Tracking parent no change: frame movement above thresh -> Publish
03-09 18:59:34.196   861  1193 I [CT]    : Vega:SubmapPublisher: Start to publish submaps, found candidates:  3
03-09 18:59:34.196   861  1193 E [CT]    : SubmapRecords: findSubmapId found 2 submap records hold the same query krHandle
03-09 18:59:34.241   861  1577 I chatty  : uid=1000(system) Binder:861_4 identical 17 lines
03-09 18:59:34.283   861  1577 W TrackingService: attachClient: found client in attached list
03-09 18:59:34.283   861  1042 W TrackingService: attachClient: found client in attached list
03-09 18:59:34.329   861  1042 I chatty  : uid=1000(system) Binder:861_2 identical 3 lines
03-09 18:59:34.337   861  1042 W TrackingService: attachClient: found client in attached list
03-09 18:59:34.339   861  1577 W TrackingService: attachClient: found client in attached list
03-09 18:59:34.436   861  1193 I [CT]    : Vega:SubmapPublisher: Tracking parent no change: frame movement above thresh -> Publish
03-09 18:59:34.436   861  1193 I [CT]    : Vega:SubmapPublisher: Start to publish submaps, found candidates:  3
03-09 18:59:34.436   861  1193 E [CT]    : SubmapRecords: findSubmapId found 2 submap records hold the same query krHandle
03-09 18:59:34.517   861  1577 I chatty  : uid=1000(system) Binder:861_4 identical 9 lines
03-09 18:59:34.554   861  1577 W TrackingService: attachClient: found client in attached list
03-09 18:59:34.556   861  1042 W TrackingService: attachClient: found client in attached list
03-09 18:59:34.673   861  1193 I [CT]    : VEGA_MAPPER:SubmapTrackingValidator: Pausing map building until validation is complete. 12.96 seconds remaining
03-09 18:59:34.736   861  1042 I chatty  : uid=1000(system) Binder:861_2 identical 6 lines
03-09 18:59:34.769   828 15187 I OMX-VENC: venc_dev: stats: avg. fps 23.95, bitrate 3299072
03-09 18:59:34.780   861  1042 W TrackingService: attachClient: found client in attached list
03-09 18:59:34.782   861  1577 W TrackingService: attachClient: found client in attached list
03-09 18:59:34.783   861  1042 W TrackingService: attachClient: found client in attached list
03-09 18:59:34.833  3023  3378 I Telemetry: App memory usage: PSS=19 MiB, PrivateDirty=13 MiB, PrivateClean=1 MiB, GPU=4.7/4.9 MiB (97% allocated)
03-09 18:59:34.846  2899  3513 I Telemetry: App memory usage: PSS=35 MiB, PrivateDirty=25 MiB, PrivateClean=4 MiB, GPU=3.8/4.0 MiB (96% allocated)
03-09 18:59:35.003 14799 15109 I VrApi   : FPS=65/72,Prd=48ms,Tear=1,Early=72,Stale=0,Stale2/5/10/max=0/0/0/0,VSnc=1,Lat=1,Fov=0,CPU4/GPU=3/4,1171/525MHz,OC=FF,TA=0/70/70,SP=N/F/F,Mem=2092MHz,Free=2071MB,PLS=0,Temp=27.5C/0.0C,TW=2.28ms,App=7.03ms,GD=0.11ms,CPU&GPU=13.09ms,LCnt=3(DR0,LM3),GPU%=0.69,CPU%=0.30(W0.35),DSF=1.00,CFL=19.56/21.43
03-09 18:59:35.012  2899  3049 I GuardianSystem: [GuardianSystem::UpdateSystem] world updating because worldfromanchor threshold passed
03-09 18:59:35.037  3023  3139 I [CT]    : MIXEDREALITY: MrServiceModel: Hibernating caller (most likely rendering thread) due to commandQueue being empty.
03-09 18:59:35.243   861  1042 I chatty  : uid=1000(system) Binder:861_2 identical 23 lines
03-09 18:59:35.270   861  1042 W TrackingService: attachClient: found client in attached list
03-09 18:59:35.273   861  1577 W TrackingService: attachClient: found client in attached list
03-09 18:59:35.327   861  1577 I chatty  : uid=1000(system) Binder:861_4 identical 4 lines
03-09 18:59:35.362   861  1577 W TrackingService: attachClient: found client in attached list
03-09 18:59:35.364   861  1042 W TrackingService: attachClient: found client in attached list
03-09 18:59:35.433   861 15045 W [CT]    : VIO_HAS_TRACKING: Bad tracking: large covariance-weighted vision correction : 238.6276092529297 > 90
03-09 18:59:35.433   861 15045 W [CT]    : VEGA:PERCEPTUAL_HM: Bad tracking: tracker health is bad
03-09 18:59:35.433   861 15045 I [CT]    : VEGA:PERCEPTUAL_HM: Perceptual HM: bad tracking while exposing 6DoF. Delaying switch to 3DoF for 0.266666666 seconds.
03-09 18:59:35.433   861 15045 I [CT]    : VegaTracker: [Throttled count=8] VegaTracker::track returned 333 track measurement(s) 126 track-to-landmark association(s) and 5 closed track ID(s) while reporting poor tracking quality. (isTrackerHealthy = false, isMapTrackingHealthy = true)
03-09 18:59:35.459   861 15045 I [CT]    : VIPER: [Throttled count=17] Image mean intensities (per camera): 75.31, 102.11, 112.75, 75.46
03-09 18:59:35.461   861 15045 I [CT]    : VegaTracker: [Throttled count=14] Performing big search to recover from bad map tracking or new reloc.
03-09 18:59:35.533   861  1042 I chatty  : uid=1000(system) Binder:861_2 identical 5 lines
03-09 18:59:35.535   861  1042 W TrackingService: attachClient: found client in attached list
03-09 18:59:35.537   861  1577 W TrackingService: attachClient: found client in attached list
03-09 18:59:35.683  1052  1159 W ActivityManager: Background start not allowed: service Intent { act=com.android.providers.tv.intent.CLEAN_UP_EPG_DATA flg=0x4 cmp=com.android.providers.tv/.EpgDataCleanupService (has extras) } to com.android.providers.tv/.EpgDataCleanupService from pid=-1 uid=10066 pkg=com.android.providers.tv startFg?=false
03-09 18:59:35.773   828 15187 I OMX-VENC: venc_dev: stats: avg. fps 23.91, bitrate 3411727
03-09 18:59:35.859   861 13652 I [CT]    : boltlib: DSP utilization: 9.16 % (458 / 5000 ms)
03-09 18:59:35.877   861 15051 I [CT]    : CONSTELLATION:VISION_STATUS: 86557c336c360320 (L): BlobDetection:[#BlobsDetected=(24.56, 13.86)]Matching:[MatchSuccess=0.928, MatchCost=(0.00118, 0.00000), #MatchedBlobs=(11.02, 11.39), #MatchedLeds=(5.92, 2.95), RematchM=0.012, SkipRefine=0.000] MatchMethod:[Prox=0.916, ConstBrute=0.012, UnconstBrute=0.000] MatchResets[AnomBlobSize=0.000, SharedMatch=0.000, DenseReacq=0.000] | Fusion:[FusionError=0.000, ImuFromCamMs=(8.626, 0.892), RematchF=0.016] FusionUpdates:[Successful=0.928, Reliable=0.924, TightFusion=0.916, FullPose=0.008, StaticPrior=0.000, StaticForHandTrans=0.000, PoseUpdateMD=(0.6324, 0.0075)] FusionResets[6DoFReset=0.056, ResetSuccess=0.004] FusionStatus[HasPosition=0.948, HasVelocity=1.000] 
03-09 18:59:35.878   861 15051 I [CT]    : CONSTELLATION:VISION_STATUS: 729165a0fe4054d7 (R): BlobDetection:[#BlobsDetected=(24.56, 13.86)]Matching:[MatchSuccess=1.000, MatchCost=(0.00186, 0.00000), #MatchedBlobs=(13.46, 0.60), #MatchedLeds=(7.44, 0.28), RematchM=0.000, SkipRefine=0.000] MatchMethod:[Prox=1.000, ConstBrute=0.000, UnconstBrute=0.000] MatchResets[AnomBlobSize=0.000, SharedMatch=0.000, DenseReacq=0.000] | Fusion:[FusionError=0.000, ImuFromCamMs=(8.767, 0.758), RematchF=0.000] FusionUpdates:[Successful=1.000, Reliable=1.000, TightFusion=1.000, FullPose=0.000, StaticPrior=0.000, StaticForHandTrans=0.000, PoseUpdateMD=(0.0000, 0.0000)] FusionResets[6DoFReset=0.000, ResetSuccess=0.000] FusionStatus[HasPosition=1.000, HasVelocity=1.000] 
03-09 18:59:35.928   861 13691 I [CT]    : CONSTELLATION:IMU_STATUS: 86557c336c360320 (L): [FusionTracked=0.948, OutputTracked=0.941, OutputValid=1.000] [AccelSat=0.000, GyroSat=0.000] 
03-09 18:59:36.003 14799 15109 I VrApi   : FPS=72/72,Prd=48ms,Tear=1,Early=72,Stale=0,Stale2/5/10/max=0/0/0/0,VSnc=1,Lat=1,Fov=0,CPU4/GPU=2/4,1171/525MHz,OC=FF,TA=0/70/70,SP=N/F/F,Mem=2092MHz,Free=2071MB,PLS=0,Temp=27.5C/0.0C,TW=2.10ms,App=6.04ms,GD=0.11ms,CPU&GPU=10.84ms,LCnt=3(DR0,LM3),GPU%=0.65,CPU%=0.46(W0.57),DSF=1.00,CFL=19.66/21.53
03-09 18:59:36.015   861  1577 I chatty  : uid=1000(system) Binder:861_4 identical 23 lines
03-09 18:59:36.034   861  1577 W TrackingService: attachClient: found client in attached list
03-09 18:59:36.035   861  1042 W TrackingService: attachClient: found client in attached list
03-09 18:59:36.058   861 15045 W [CT]    : TIMESTAMPCHECKER: Nominal rate wrong. Estimated data rate: 25, Nominal is 30.000300003000028
03-09 18:59:36.117 13337 13408 I chatty  : uid=10033(com.oculus.xrstreamingclient) SlamAnchorMem expire 821 lines
03-09 18:59:36.141 13337 13463 I chatty  : uid=10033(com.oculus.xrstreamingclient) SlamAnchorMem expire 334 lines
03-09 18:59:36.273   861  1042 I chatty  : uid=1000(system) Binder:861_2 identical 12 lines
03-09 18:59:36.275   861  1042 W TrackingService: attachClient: found client in attached list
03-09 18:59:36.279   861  1577 W TrackingService: attachClient: found client in attached list
03-09 18:59:36.292  1846 15182 D BufferPoolAccessor: bufferpool2 0x76346a0620 : 5(2048000 size) total buffers - 4(1638400 size) used buffers - 0/5 (recycle/alloc) - 4/85 (fetch/transfer)
03-09 18:59:36.292   834 15192 D BufferPoolAccessor: bufferpool2 0x31ec778030 : 10(61440 size) total buffers - 1(6144 size) used buffers - 211/221 (recycle/alloc) - 11/220 (fetch/transfer)
03-09 18:59:36.484   861  1577 I chatty  : uid=1000(system) Binder:861_4 identical 9 lines
03-09 18:59:36.509   861  1577 W TrackingService: attachClient: found client in attached list
03-09 18:59:36.514   861  1042 W TrackingService: attachClient: found client in attached list
03-09 18:59:36.759   861  1042 I chatty  : uid=1000(system) Binder:861_2 identical 12 lines
03-09 18:59:36.775   828 15187 I OMX-VENC: venc_dev: stats: avg. fps 23.95, bitrate 3935142
03-09 18:59:36.785   861  1042 W TrackingService: attachClient: found client in attached list
03-09 18:59:36.788   861  1577 W TrackingService: attachClient: found client in attached list
03-09 18:59:36.873   861 15045 I [CT]    : VIPER: Mode=SuperVega,Status=6DoF,TRACKING,Inl=23,Mem=87.2,Jit=0.2mm,Issues(Cam/min=0.0,IMU/min=0.0),Exp=(14.0ms,g=15.0,I=74,Ir=356.3)(14.0ms,g=15.0,I=94,Ir=451.0)(14.0ms,g=15.0,I=103,Ir=494.8)(9.8ms,g=12.0,I=74,Ir=631.6)
03-09 18:59:37.003 14799 15109 I VrApi   : FPS=72/72,Prd=47ms,Tear=1,Early=72,Stale=0,Stale2/5/10/max=0/0/0/0,VSnc=1,Lat=1,Fov=0,CPU4/GPU=2/4,1171/525MHz,OC=FF,TA=0/70/70,SP=N/F/F,Mem=2092MHz,Free=2071MB,PLS=0,Temp=27.5C/0.0C,TW=1.94ms,App=6.49ms,GD=0.11ms,CPU&GPU=11.30ms,LCnt=3(DR0,LM3),GPU%=0.69,CPU%=0.43(W0.55),DSF=1.00,CFL=19.76/21.50
03-09 18:59:37.074   861  1193 I [CT]    : VEGA_MAPPER:SubmapTrackingValidator: Pausing map building until validation is complete. 10.559999999999999 seconds remaining
03-09 18:59:37.080   861 13691 I [CT]    : CONSTELLATION:IMU_STATUS: 729165a0fe4054d7 (R): [FusionTracked=1.000, OutputTracked=1.000, OutputValid=1.000] [AccelSat=0.000, GyroSat=0.000] 
03-09 18:59:37.107   842 15211 I [CT]    : MIXEDREALITY: MrRuntimeCompute: pauseStereoPipeline
03-09 18:59:37.107   842 15211 I [CT]    : MIXEDREALITY: StereoPipeline: StereoPipeline: pausing, active clients: 'NONE'.
03-09 18:59:37.107   842 15211 W [CT]    : BOLTDEPTH: BoltDepthSystem: onPause: The depth system had been paused already
03-09 18:59:37.779   828 15187 I OMX-VENC: venc_dev: stats: avg. fps 23.93, bitrate 3990993
03-09 18:59:38.005 14799 15109 I VrApi   : FPS=72/72,Prd=47ms,Tear=0,Early=70,Stale=0,Stale2/5/10/max=0/0/0/0,VSnc=1,Lat=1,Fov=0,CPU4/GPU=2/4,1171/525MHz,OC=FF,TA=0/70/70,SP=N/F/F,Mem=2092MHz,Free=2071MB,PLS=0,Temp=27.5C/0.0C,TW=2.54ms,App=5.55ms,GD=0.11ms,CPU&GPU=11.63ms,LCnt=3(DR0,LM3),GPU%=0.66,CPU%=0.46(W0.57),DSF=1.00,CFL=19.75/21.60
03-09 18:59:38.058   861 15045 W [CT]    : TIMESTAMPCHECKER: Nominal rate wrong. Estimated data rate: 25, Nominal is 30.000300003000028
03-09 18:59:38.226 13337 13425 I chatty  : uid=10033(com.oculus.xrstreamingclient) xrsp-rt-read expire 12 lines
03-09 18:59:38.305   861  1577 I chatty  : uid=1000(system) Binder:861_4 identical 73 lines
03-09 18:59:38.330   861  1577 W TrackingService: attachClient: found client in attached list
03-09 18:59:38.331   861  1042 W TrackingService: attachClient: found client in attached list
03-09 18:59:38.351   861  1042 W TrackingService: attachClient: found client in attached list
03-09 18:59:38.354   861  1577 W TrackingService: attachClient: found client in attached list
03-09 18:59:38.409  1846  2259 W DeviceConfigUtil: Try to get config param "oculus_shared_social:oculus_messenger_reauth_removal" before Device Config has subscribed to the service.
03-09 18:59:38.448  1052  1084 W ActivityManager: Stopping service due to app idle: u0a71 -1m10s32ms com.oculus.appsafety/.AppSafetyService
03-09 18:59:38.449  2659  2659 D AppSafetyService: Service stopping
03-09 18:59:38.664 13337 13453 I chatty  : uid=10033(com.oculus.xrstreamingclient) XRS_Battery expire 1 line
03-09 18:59:38.715  1260 15059 I chatty  : uid=10025(com.oculus.systemdriver) OVR::TimeWarp expire 10 lines
03-09 18:59:38.738   861 15045 I [CT]    : VIPER: Environment brightness changed from 0 to 2
03-09 18:59:38.759  2899  3049 I GuardianSystem: [GuardianSystem::CheckEnvironmentStatus] Environment Status changed: 33 to 34
03-09 18:59:38.780   828 15187 I OMX-VENC: venc_dev: stats: avg. fps 23.96, bitrate 3880031
03-09 18:59:38.875   861  1577 I chatty  : uid=1000(system) Binder:861_4 identical 26 lines
03-09 18:59:38.904   861  1577 W TrackingService: attachClient: found client in attached list
03-09 18:59:38.905   861  1042 W TrackingService: attachClient: found client in attached list
03-09 18:59:38.992   861 15045 W [CT]    : VIO_HAS_TRACKING: Bad tracking: large covariance-weighted vision correction : 164.77650451660156 > 90
03-09 18:59:38.992   861 15045 W [CT]    : VEGA:PERCEPTUAL_HM: Bad tracking: tracker health is bad
03-09 18:59:38.992   861 15045 I [CT]    : VEGA:PERCEPTUAL_HM: Perceptual HM: bad tracking while exposing 6DoF. Delaying switch to 3DoF for 0.266666666 seconds.
03-09 18:59:38.993   861 15045 I [CT]    : VegaTracker: VegaTracker::track returned 357 track measurement(s) 122 track-to-landmark association(s) and 3 closed track ID(s) while reporting poor tracking quality. (isTrackerHealthy = false, isMapTrackingHealthy = true)
03-09 18:59:39.010 14799 15109 I VrApi   : FPS=72/72,Prd=47ms,Tear=1,Early=71,Stale=0,Stale2/5/10/max=0/0/0/0,VSnc=1,Lat=1,Fov=0,CPU4/GPU=2/4,1171/525MHz,OC=FF,TA=0/70/70,SP=N/F/F,Mem=2092MHz,Free=2071MB,PLS=0,Temp=27.5C/0.0C,TW=1.94ms,App=7.00ms,GD=0.12ms,CPU&GPU=11.24ms,LCnt=3(DR0,LM3),GPU%=0.76,CPU%=0.51(W0.59),DSF=1.00,CFL=19.70/21.39
03-09 18:59:39.019   861 15045 I [CT]    : VIPER: Image mean intensities (per camera): 75.15, 92.33, 104.39, 75.84
03-09 18:59:39.021   861 15045 I [CT]    : VegaTracker: Performing big search to recover from bad map tracking or new reloc.
03-09 18:59:39.145   861  1042 I chatty  : uid=1000(system) Binder:861_2 identical 12 lines
03-09 18:59:39.154   861  1042 W TrackingService: attachClient: found client in attached list
03-09 18:59:39.156   861  1577 W TrackingService: attachClient: found client in attached list
03-09 18:59:39.475  1846  1868 W System  : A resource failed to call release. 
03-09 18:59:39.476  1846  1868 W System  : A resource failed to call release. 
03-09 18:59:39.634   861  1577 I chatty  : uid=1000(system) Binder:861_4 identical 21 lines
03-09 18:59:39.672   861  1193 I [CT]    : VEGA_MAPPER:SubmapTrackingValidator: Pausing map building until validation is complete. 7.960000000000001 seconds remaining
03-09 18:59:39.675   861  1577 W TrackingService: attachClient: found client in attached list
03-09 18:59:39.677   861  1042 W TrackingService: attachClient: found client in attached list
03-09 18:59:39.778   861 15045 I [CT]    : VIPER: Environment brightness changed from 2 to 0
03-09 18:59:39.783   828 15187 I OMX-VENC: venc_dev: stats: avg. fps 23.91, bitrate 4593517
03-09 18:59:39.803  2899  3049 I GuardianSystem: [GuardianSystem::CheckEnvironmentStatus] Environment Status changed: 34 to 33
03-09 18:59:39.868  3090  3090 D MetaCam (DeviceLifecycleManager): onCapabilitiesChanged(...). Has NET_CAPABILITY_VALIDATED.
03-09 18:59:39.868  3090  3090 D MetaCam (DeviceLifecycleManager): onCapabilitiesChanged(...). Has NET_CAPABILITY_VALIDATED.
03-09 18:59:39.870 14799 14823 V UE4     : [NetworkChangedManager] Network Capabilities changed, has Internet: true
03-09 18:59:39.871 14799 15234 V UE4     : [NetworkChangedManager] Verifying internet connection with host: https://example.com/
03-09 18:59:39.874  3090  3090 D MetaCam (DeviceLifecycleManager): onCapabilitiesChanged(...). Has NET_CAPABILITY_VALIDATED.
03-09 18:59:40.004 14799 15109 I VrApi   : FPS=71/72,Prd=48ms,Tear=0,Early=57,Stale=13,Stale2/5/10/max=1/0/1/11,VSnc=1,Lat=1,Fov=0,CPU4/GPU=2/4,1171/525MHz,OC=FF,TA=0/70/70,SP=N/F/F,Mem=2092MHz,Free=2071MB,PLS=0,Temp=27.5C/0.0C,TW=2.51ms,App=6.82ms,GD=0.11ms,CPU&GPU=13.04ms,LCnt=3(DR0,LM3),GPU%=0.74,CPU%=0.53(W0.57),DSF=1.00,CFL=19.72/21.25
03-09 18:59:40.058   861 15045 W [CT]    : TIMESTAMPCHECKER: Nominal rate wrong. Estimated data rate: 25, Nominal is 30.000300003000028
03-09 18:59:40.080 14799 15234 V UE4     : [NetworkChangedManager] Connectivity hasn't changed. Current state: CONNECTION_AVAILABLE
03-09 18:59:40.081 14799 15234 V UE4     : [NetworkChangedManager] Full network check complete. State: CONNECTION_AVAILABLE
03-09 18:59:40.183   861  1042 I chatty  : uid=1000(system) Binder:861_2 identical 26 lines
03-09 18:59:40.228   861  1042 W TrackingService: attachClient: found client in attached list
03-09 18:59:40.230   861  1577 W TrackingService: attachClient: found client in attached list
03-09 18:59:40.261   861 13691 W [CT]    : TorsoModel: [Throttled count=42] Not able to update controller's X-yaw (X is almost vertical)
03-09 18:59:40.432   861  1577 I chatty  : uid=1000(system) Binder:861_4 identical 9 lines
03-09 18:59:40.455   861  1577 W TrackingService: attachClient: found client in attached list
03-09 18:59:40.462   861  1042 W TrackingService: attachClient: found client in attached list
03-09 18:59:40.473   861 15045 I [CT]    : VIPER: Mode=SuperVega,Status=6DoF,TRACKING,Inl=19,Mem=87.3,Jit=0.6mm,Issues(Cam/min=0.0,IMU/min=0.0),Exp=(13.7ms,g=15.0,I=75,Ir=369.3)(14.0ms,g=15.0,I=97,Ir=464.2)(14.0ms,g=15.0,I=102,Ir=486.8)(9.6ms,g=13.0,I=75,Ir=611.1)
03-09 18:59:40.474   861  1042 W TrackingService: attachClient: found client in attached list
03-09 18:59:40.476   861  1577 W TrackingService: attachClient: found client in attached list
03-09 18:59:40.698   861  1577 I chatty  : uid=1000(system) Binder:861_4 identical 10 lines
03-09 18:59:40.728   861  1577 W TrackingService: attachClient: found client in attached list
03-09 18:59:40.730   861  1042 W TrackingService: attachClient: found client in attached list
03-09 18:59:40.751   861 15045 W [CT]    : VEGA:MAP_TRACKING_HM: Bad map tracking: map tracking failed @ Submap id = 2, version = 768223575 with status: 2
03-09 18:59:40.751   861 15045 W [CT]    : VEGA:MAP_TRACKING_HM: [Throttled count=8] Map tracking did not run.
03-09 18:59:40.785   828 15187 I OMX-VENC: venc_dev: stats: avg. fps 23.96, bitrate 4508823
03-09 18:59:40.819   861 15045 I [CT]    : VIPER: Environment brightness changed from 0 to 2
03-09 18:59:40.833  2899  3049 I GuardianSystem: [GuardianSystem::CheckEnvironmentStatus] Environment Status changed: 33 to 34
03-09 18:59:40.860   861 13652 I [CT]    : boltlib: DSP utilization: 8.40 % (419 / 5000 ms)
03-09 18:59:41.004 14799 15109 I VrApi   : FPS=62/72,Prd=48ms,Tear=2,Early=68,Stale=0,Stale2/5/10/max=0/0/0/0,VSnc=1,Lat=1,Fov=0,CPU4/GPU=2/4,1171/525MHz,OC=FF,TA=0/70/70,SP=N/F/F,Mem=2092MHz,Free=2071MB,PLS=0,Temp=27.5C/0.0C,TW=2.01ms,App=7.04ms,GD=0.11ms,CPU&GPU=14.84ms,LCnt=3(DR0,LM3),GPU%=0.73,CPU%=0.47(W0.58),DSF=1.00,CFL=19.58/21.51
03-09 18:59:41.676  1846 15182 D BufferPoolAccessor: bufferpool2 0x76346a0620 : 5(2048000 size) total buffers - 4(1638400 size) used buffers - 0/5 (recycle/alloc) - 4/185 (fetch/transfer)
03-09 18:59:41.677   834 15192 D BufferPoolAccessor: bufferpool2 0x31ec778030 : 10(61440 size) total buffers - 3(18432 size) used buffers - 464/474 (recycle/alloc) - 13/473 (fetch/transfer)
03-09 18:59:41.755   861  1042 I chatty  : uid=1000(system) Binder:861_2 identical 49 lines
03-09 18:59:41.785   861  1042 W TrackingService: attachClient: found client in attached list
03-09 18:59:41.786   861  1577 W TrackingService: attachClient: found client in attached list
03-09 18:59:41.788   828 15187 I OMX-VENC: venc_dev: stats: avg. fps 23.94, bitrate 4131530
03-09 18:59:41.796   861  1577 W TrackingService: attachClient: found client in attached list
03-09 18:59:41.798   861  1042 W TrackingService: attachClient: found client in attached list
03-09 18:59:41.849 14799 14833 D UE4     : [GameActivity] Used memory: 557740 (VmRSS:	  219652 kB)
03-09 18:59:41.859   861 15045 I [CT]    : VIPER: Environment brightness changed from 2 to 0
03-09 18:59:41.877  2899  3049 I GuardianSystem: [GuardianSystem::CheckEnvironmentStatus] Environment Status changed: 34 to 33
03-09 18:59:42.017 14799 15109 I Telemetry: App memory usage: PSS=544 MiB, PrivateDirty=394 MiB, PrivateClean=136 MiB, GPU=224.1/224.7 MiB (100% allocated)
03-09 18:59:42.021 14799 15109 I VrApi   : FPS=72/72,Prd=47ms,Tear=0,Early=70,Stale=0,Stale2/5/10/max=0/0/0/0,VSnc=1,Lat=1,Fov=0,CPU4/GPU=2/4,1171/525MHz,OC=FF,TA=0/70/70,SP=N/F/F,Mem=2092MHz,Free=1976MB,PLS=0,Temp=27.5C/0.0C,TW=2.00ms,App=5.82ms,GD=0.11ms,CPU&GPU=12.32ms,LCnt=3(DR0,LM3),GPU%=0.67,CPU%=0.50(W0.60),DSF=1.00,CFL=19.56/21.39
03-09 18:59:42.047   861  1042 I chatty  : uid=1000(system) Binder:861_2 identical 12 lines
03-09 18:59:42.059   861 15045 W [CT]    : TIMESTAMPCHECKER: Nominal rate wrong. Estimated data rate: 25, Nominal is 30.000300003000028
03-09 18:59:42.074   861  1193 I [CT]    : VEGA_MAPPER:SubmapTrackingValidator: Pausing map building until validation is complete. 5.559999999999999 seconds remaining
03-09 18:59:42.077   861  1042 W TrackingService: attachClient: found client in attached list
03-09 18:59:42.079   861  1577 W TrackingService: attachClient: found client in attached list
03-09 18:59:42.586   861  1577 I chatty  : uid=1000(system) Binder:861_4 identical 26 lines
03-09 18:59:42.595   861  1577 W TrackingService: attachClient: found client in attached list
03-09 18:59:42.598   861  1042 W TrackingService: attachClient: found client in attached list
03-09 18:59:42.791   828 15187 I OMX-VENC: venc_dev: stats: avg. fps 23.92, bitrate 4785274
03-09 18:59:42.899   861 15045 I [CT]    : VIPER: Environment brightness changed from 0 to 2
03-09 18:59:42.922  2899  3049 I GuardianSystem: [GuardianSystem::CheckEnvironmentStatus] Environment Status changed: 33 to 34
03-09 18:59:43.004 14799 15109 I VrApi   : FPS=72/72,Prd=47ms,Tear=0,Early=69,Stale=0,Stale2/5/10/max=0/0/0/0,VSnc=1,Lat=1,Fov=0,CPU4/GPU=2/4,1171/525MHz,OC=FF,TA=0/70/70,SP=N/F/F,Mem=2092MHz,Free=1976MB,PLS=0,Temp=27.5C/0.0C,TW=2.01ms,App=6.49ms,GD=0.11ms,CPU&GPU=11.65ms,LCnt=3(DR0,LM3),GPU%=0.56,CPU%=0.56(W0.91),DSF=1.00,CFL=19.79/21.46
03-09 18:59:43.049   861  1042 I chatty  : uid=1000(system) Binder:861_2 identical 22 lines
03-09 18:59:43.086   861  1042 W TrackingService: attachClient: found client in attached list
03-09 18:59:43.089   861  1577 W TrackingService: attachClient: found client in attached list
03-09 18:59:43.574  1052 11903 W ActivityManager: Package for pid 842: no process record found
03-09 18:59:43.793   828 15187 I OMX-VENC: venc_dev: stats: avg. fps 23.95, bitrate 4532900
03-09 18:59:44.006 14799 15109 I VrApi   : FPS=68/72,Prd=48ms,Tear=0,Early=56,Stale=5,Stale2/5/10/max=0/1/0/5,VSnc=1,Lat=1,Fov=0,CPU4/GPU=2/4,1171/525MHz,OC=FF,TA=0/70/70,SP=N/F/F,Mem=2092MHz,Free=1976MB,PLS=0,Temp=27.5C/0.0C,TW=1.95ms,App=6.61ms,GD=0.11ms,CPU&GPU=14.09ms,LCnt=3(DR0,LM3),GPU%=0.71,CPU%=0.50(W0.60),DSF=1.00,CFL=19.69/21.47
03-09 18:59:44.074   861 15045 I [CT]    : VIPER: Mode=SuperVega,Status=6DoF,TRACKING,Inl=22,Mem=87.2,Jit=0.3mm,Issues(Cam/min=0.0,IMU/min=0.0),Exp=(13.5ms,g=15.0,I=75,Ir=373.3)(14.0ms,g=15.0,I=100,Ir=480.5)(14.0ms,g=15.0,I=107,Ir=512.8)(10.0ms,g=12.0,I=76,Ir=641.9)
03-09 18:59:44.074   861 15045 W [CT]    : VIPER: Images too dark, 
03-09 18:59:44.098   861 15045 W [CT]    : TIMESTAMPCHECKER: Nominal rate wrong. Estimated data rate: 25, Nominal is 30.000300003000028
03-09 18:59:44.299   581   609 I SyncBossFW: 1201074 [info   ] {PERF}: cpu load cur=0.4656 min=0.0515 max=0.4845 avg=0.3798
03-09 18:59:44.473   861  1193 I [CT]    : VEGA_MAPPER:SubmapTrackingValidator: Pausing map building until validation is complete. 3.16 seconds remaining
03-09 18:59:44.542   861  1577 I chatty  : uid=1000(system) Binder:861_4 identical 76 lines
03-09 18:59:44.588   861  1577 W TrackingService: attachClient: found client in attached list
03-09 18:59:44.595   861  1042 W TrackingService: attachClient: found client in attached list
03-09 18:59:44.728   861  1042 I chatty  : uid=1000(system) Binder:861_2 identical 6 lines
03-09 18:59:44.771   861  1042 W TrackingService: attachClient: found client in attached list
03-09 18:59:44.773   861  1577 W TrackingService: attachClient: found client in attached list
03-09 18:59:44.796   828 15187 I OMX-VENC: venc_dev: stats: avg. fps 23.92, bitrate 4428451
03-09 18:59:44.979   861 15045 I [CT]    : VIPER: Environment brightness changed from 2 to 0
03-09 18:59:44.983  2899  3049 I GuardianSystem: [GuardianSystem::UpdateSystem] world updating because worldfromanchor threshold passed
03-09 18:59:44.996  3023  3139 I [CT]    : MIXEDREALITY: MrServiceView: renderIteration: (every 10 seconds), screen is: ON, PT is: OFF, ID is: OFF
03-09 18:59:44.996  3023  3139 I [CT]    : MIXEDREALITY: MrServiceModel: commitLayerState: PassthroughMode: kNone.
03-09 18:59:44.996  2899  3049 I GuardianSystem: [GuardianSystem::CheckEnvironmentStatus] Environment Status changed: 34 to 33
03-09 18:59:45.004   861  1577 I chatty  : uid=1000(system) Binder:861_4 identical 12 lines
03-09 18:59:45.004  3023  3139 I [CT]    : MIXEDREALITY: MrServiceModel: Hibernating caller (most likely rendering thread) due to commandQueue being empty.
03-09 18:59:45.005 14799 15109 I VrApi   : FPS=72/72,Prd=47ms,Tear=0,Early=72,Stale=0,Stale2/5/10/max=0/0/0/0,VSnc=1,Lat=1,Fov=0,CPU4/GPU=2/4,1171/525MHz,OC=FF,TA=0/70/70,SP=N/F/F,Mem=2092MHz,Free=1976MB,PLS=0,Temp=27.5C/0.0C,TW=2.00ms,App=6.00ms,GD=0.11ms,CPU&GPU=12.02ms,LCnt=3(DR0,LM3),GPU%=0.68,CPU%=0.46(W0.64),DSF=1.00,CFL=19.64/21.50
03-09 18:59:45.031   861  1577 W TrackingService: attachClient: found client in attached list
03-09 18:59:45.032   861  1042 W TrackingService: attachClient: found client in attached list
03-09 18:59:45.234   861  1042 I chatty  : uid=1000(system) Binder:861_2 identical 11 lines
03-09 18:59:45.265   861  1042 W TrackingService: attachClient: found client in attached list
03-09 18:59:45.268   861  1577 W TrackingService: attachClient: found client in attached list
03-09 18:59:45.276   861  1577 I chatty  : uid=1000(system) Binder:861_4 identical 1 line
03-09 18:59:45.315   861  1577 W TrackingService: attachClient: found client in attached list
03-09 18:59:45.317   861  1042 W TrackingService: attachClient: found client in attached list
03-09 18:59:45.394   861 15045 W [CT]    : VIO_HAS_TRACKING: Bad tracking: large covariance-weighted vision correction : 296.7191162109375 > 90
03-09 18:59:45.394   861 15045 W [CT]    : VEGA:PERCEPTUAL_HM: Bad tracking: tracker health is bad
03-09 18:59:45.394   861 15045 I [CT]    : VEGA:PERCEPTUAL_HM: Perceptual HM: bad tracking while exposing 6DoF. Delaying switch to 3DoF for 0.266666666 seconds.
03-09 18:59:45.395   861 15045 I [CT]    : VegaTracker: VegaTracker::track returned 297 track measurement(s) 116 track-to-landmark association(s) and 13 closed track ID(s) while reporting poor tracking quality. (isTrackerHealthy = false, isMapTrackingHealthy = true)
03-09 18:59:45.419   861 15045 I [CT]    : VIPER: Image mean intensities (per camera): 75.11, 97.51, 108.85, 75.22
03-09 18:59:45.421   861 15045 I [CT]    : VegaTracker: Performing big search to recover from bad map tracking or new reloc.
03-09 18:59:45.428  2899  3049 I GuardianSystem: [GuardianSystem::UpdateSystem] world updating because worldfromanchor threshold passed
03-09 18:59:45.451  3023  3139 I [CT]    : MIXEDREALITY: MrServiceModel: Hibernating caller (most likely rendering thread) due to commandQueue being empty.
03-09 18:59:45.456  2899  3049 I GuardianSystem: [GuardianSystem::UpdateSystem] world updating because worldfromanchor threshold passed
03-09 18:59:45.469  3023  3139 I [CT]    : MIXEDREALITY: MrServiceModel: Hibernating caller (most likely rendering thread) due to commandQueue being empty.
03-09 18:59:45.526   861  1042 I chatty  : uid=1000(system) Binder:861_2 identical 9 lines
03-09 18:59:45.544   861  1042 W TrackingService: attachClient: found client in attached list
03-09 18:59:45.547   861  1577 W TrackingService: attachClient: found client in attached list
03-09 18:59:45.595  2899  3049 I GuardianSystem: [GuardianSystem::UpdateSystem] world updating because worldfromanchor threshold passed
03-09 18:59:45.619  3023  3139 I [CT]    : MIXEDREALITY: MrServiceModel: Hibernating caller (most likely rendering thread) due to commandQueue being empty.
03-09 18:59:45.637  2899  3049 I GuardianSystem: [GuardianSystem::UpdateSystem] world updating because worldfromanchor threshold passed
03-09 18:59:45.644   861  1577 I chatty  : uid=1000(system) Binder:861_4 identical 4 lines
03-09 18:59:45.648   861  1577 W TrackingService: attachClient: found client in attached list
03-09 18:59:45.650   861  1042 W TrackingService: attachClient: found client in attached list
03-09 18:59:45.659  3023  3139 I [CT]    : MIXEDREALITY: MrServiceModel: Hibernating caller (most likely rendering thread) due to commandQueue being empty.
03-09 18:59:45.734  2899  3049 I GuardianSystem: [GuardianSystem::UpdateSystem] world updating because worldfromanchor threshold passed
03-09 18:59:45.748  2899  3049 I GuardianSystem: [GuardianSystem::UpdateSystem] world updating because worldfromanchor threshold passed
03-09 18:59:45.749  3023  3139 I [CT]    : MIXEDREALITY: MrServiceModel: Hibernating caller (most likely rendering thread) due to commandQueue being empty.
03-09 18:59:45.762  3023  3139 I [CT]    : MIXEDREALITY: MrServiceModel: Hibernating caller (most likely rendering thread) due to commandQueue being empty.
03-09 18:59:45.778   861  1042 I chatty  : uid=1000(system) Binder:861_2 identical 5 lines
03-09 18:59:45.798   828 15187 I OMX-VENC: venc_dev: stats: avg. fps 23.97, bitrate 5016739
03-09 18:59:45.810   861  1042 W TrackingService: attachClient: found client in attached list
03-09 18:59:45.811   861  1577 W TrackingService: attachClient: found client in attached list
03-09 18:59:45.860   861 13652 I [CT]    : boltlib: DSP utilization: 8.65 % (432 / 5000 ms)
03-09 18:59:45.878   861 15051 I [CT]    : CONSTELLATION:VISION_STATUS: 86557c336c360320 (L): BlobDetection:[#BlobsDetected=(24.66, 5.02)]Matching:[MatchSuccess=1.000, MatchCost=(0.00188, 0.00000), #MatchedBlobs=(12.79, 0.68), #MatchedLeds=(7.09, 0.46), RematchM=0.000, SkipRefine=0.000] MatchMethod:[Prox=1.000, ConstBrute=0.000, UnconstBrute=0.000] MatchResets[AnomBlobSize=0.000, SharedMatch=0.000, DenseReacq=0.000] | Fusion:[FusionError=0.000, ImuFromCamMs=(8.574, 0.869), RematchF=0.000] FusionUpdates:[Successful=1.000, Reliable=1.000, TightFusion=1.000, FullPose=0.000, StaticPrior=0.000, StaticForHandTrans=0.000, PoseUpdateMD=(0.0000, 0.0000)] FusionResets[6DoFReset=0.000, ResetSuccess=0.000] FusionStatus[HasPosition=1.000, HasVelocity=1.000] 
03-09 18:59:45.878   861 15051 I [CT]    : CONSTELLATION:VISION_STATUS: 729165a0fe4054d7 (R): BlobDetection:[#BlobsDetected=(24.66, 5.02)]Matching:[MatchSuccess=1.000, MatchCost=(0.00172, 0.00000), #MatchedBlobs=(11.72, 4.55), #MatchedLeds=(6.48, 0.59), RematchM=0.000, SkipRefine=0.000] MatchMethod:[Prox=1.000, ConstBrute=0.000, UnconstBrute=0.000] MatchResets[AnomBlobSize=0.000, SharedMatch=0.000, DenseReacq=0.000] | Fusion:[FusionError=0.000, ImuFromCamMs=(8.733, 0.735), RematchF=0.032] FusionUpdates:[Successful=1.000, Reliable=1.000, TightFusion=1.000, FullPose=0.000, StaticPrior=0.000, StaticForHandTrans=0.000, PoseUpdateMD=(0.0000, 0.0000)] FusionResets[6DoFReset=0.000, ResetSuccess=0.000] FusionStatus[HasPosition=1.000, HasVelocity=1.000] 
03-09 18:59:45.904   861  1577 I chatty  : uid=1000(system) Binder:861_4 identical 4 lines
03-09 18:59:45.922   861  1577 W TrackingService: attachClient: found client in attached list
03-09 18:59:45.924   861  1042 W TrackingService: attachClient: found client in attached list
03-09 18:59:45.927  3090  3090 D MetaCam (DeviceLifecycleManager): onCapabilitiesChanged(...). Has NET_CAPABILITY_VALIDATED.
03-09 18:59:45.927  3090  3090 D MetaCam (DeviceLifecycleManager): onCapabilitiesChanged(...). Has NET_CAPABILITY_VALIDATED.
03-09 18:59:45.928 14799 14823 V UE4     : [NetworkChangedManager] Network Capabilities changed, has Internet: true
03-09 18:59:45.928  3090  3090 D MetaCam (DeviceLifecycleManager): onCapabilitiesChanged(...). Has NET_CAPABILITY_VALIDATED.
03-09 18:59:45.929   861 13691 I [CT]    : CONSTELLATION:IMU_STATUS: 86557c336c360320 (L): [FusionTracked=1.000, OutputTracked=1.000, OutputValid=1.000] [AccelSat=0.000, GyroSat=0.000] 
03-09 18:59:45.931 14799 15249 V UE4     : [NetworkChangedManager] Verifying internet connection with host: https://example.com/
03-09 18:59:46.004 14799 15109 I VrApi   : FPS=72/72,Prd=47ms,Tear=1,Early=54,Stale=0,Stale2/5/10/max=0/0/0/0,VSnc=1,Lat=1,Fov=0,CPU4/GPU=2/4,1171/525MHz,OC=FF,TA=0/70/70,SP=N/F/F,Mem=1804MHz,Free=1976MB,PLS=0,Temp=27.5C/0.0C,TW=2.00ms,App=7.54ms,GD=0.11ms,CPU&GPU=11.75ms,LCnt=3(DR0,LM3),GPU%=0.75,CPU%=0.53(W0.65),DSF=1.00,CFL=19.72/21.30
03-09 18:59:46.122 14799 15249 V UE4     : [NetworkChangedManager] Connectivity hasn't changed. Current state: CONNECTION_AVAILABLE
03-09 18:59:46.122 14799 15249 V UE4     : [NetworkChangedManager] Full network check complete. State: CONNECTION_AVAILABLE
03-09 18:59:46.139   861 15045 W [CT]    : TIMESTAMPCHECKER: Nominal rate wrong. Estimated data rate: 25, Nominal is 30.000300003000028
03-09 18:59:46.456 13337 13408 I chatty  : uid=10033(com.oculus.xrstreamingclient) SlamAnchorMem expire 289 lines
03-09 18:59:46.598   861  1042 I chatty  : uid=1000(system) Binder:861_2 identical 29 lines
03-09 18:59:46.628   861  1042 W TrackingService: attachClient: found client in attached list
03-09 18:59:46.629   861  1577 W TrackingService: attachClient: found client in attached list
03-09 18:59:46.722   861  1577 I chatty  : uid=1000(system) Binder:861_4 identical 4 lines
03-09 18:59:46.737   861  1577 W TrackingService: attachClient: found client in attached list
03-09 18:59:46.740   861  1042 W TrackingService: attachClient: found client in attached list
03-09 18:59:46.800   828 15187 I OMX-VENC: venc_dev: stats: avg. fps 23.95, bitrate 4702889
03-09 18:59:46.884   861  1042 I chatty  : uid=1000(system) Binder:861_2 identical 6 lines
03-09 18:59:46.902   861  1042 W TrackingService: attachClient: found client in attached list
03-09 18:59:46.905   861  1577 W TrackingService: attachClient: found client in attached list
