03-06 22:21:53.714  2547  2565 I [CT]    : MIXEDREALITY: MrServiceController: VrFocusManager::Top Activity Changed, topActivity now is: 'com.YourCompany.TemplateProject3', immersiveApp now is: 'com.YourCompany.TemplateProject3'.
03-06 22:21:53.714  1261 10600 I CompositorVR: SetSchedFifo( tid=11281, pol=3, pri=0 ) succeeded
03-06 22:21:53.714  1261 10600 I AADT    : SetAADTLutDataX. Thread. SizeX: 0
03-06 22:21:53.714  1261 10600 I AADT    : SetAADTLutDataY. Thread. SizeY: 0
03-06 22:21:53.715   860   860 I chatty  : uid=1000(system) /system/bin/trackingservice identical 1 line
03-06 22:21:53.715  2547  2609 I [CT]    : MIXEDREALITY: MrServiceView: renderIteration: Nothing to render, hibernating the rendering thread since ID is off and no active PT layers.
03-06 22:21:53.715  2547  2609 I [CT]    : MIXEDREALITY: MrServiceModel: Hibernating caller (most likely rendering thread) due to commandQueue being empty.
03-06 22:21:53.721  1261  2802 I Vsync   : Adjusting vsync display refresh rate 72.000000 -> 90.000000
03-06 22:21:53.723  1261 10600 I CompositorVR: LatchWarpClients: Multiple Primary Clients detected. Skipping frames for 14
03-06 22:21:53.723  1261 10600 I CompositorVR: WarpToScreen: Skipping frames for 14
03-06 22:21:53.729  3036  3036 D VrNotificationAnalytics: logNotificationPosted: key(0|android|0|com.android.server.wm.AlertWindowNotification - com.oculus.vrshell|1000), type(third_party), isToast(false)
03-06 22:21:53.734  1261  1261 D VrRuntimeService: onForegroundActivitiesChanged: pid=3369, uid=10020, hasForegroundActivities=false
03-06 22:21:53.734   860   860 W TrackingService: attachClient: found client in attached list
03-06 22:21:53.734  1261  5356 I FocusedClientsListener: focus: onVrFocusChanged(focusType=1): 5
03-06 22:21:53.734  1261  5356 I FocusedClientsListener: focus: pid=3593
03-06 22:21:53.734  1261  5356 I FocusedClientsListener: focus: pid=3036
03-06 22:21:53.734  1261  5356 I FocusedClientsListener: focus: pid=3369
03-06 22:21:53.734  1261  5356 I FocusedClientsListener: focus: pid=2547
03-06 22:21:53.734  1261  5356 I FocusedClientsListener: focus: pid=2420
03-06 22:21:53.735  1261  1300 I FocusedClientsListener: focus: onVrFocusChanged(focusType=0): 6
03-06 22:21:53.735  1261  1300 I FocusedClientsListener: focus: pid=3593
03-06 22:21:53.735  1261  1300 I FocusedClientsListener: focus: pid=3036
03-06 22:21:53.735  1261  1300 I FocusedClientsListener: focus: pid=3369
03-06 22:21:53.735  1261  1300 I FocusedClientsListener: focus: pid=2547
03-06 22:21:53.735  1261  1300 I FocusedClientsListener: focus: pid=2420
03-06 22:21:53.735  1261  1300 I FocusedClientsListener: focus: pid=10454
03-06 22:21:53.735  1261  3094 I FocusedClientsListener: focus: onVrFocusChanged(focusType=2): 1
03-06 22:21:53.735  1261  3094 I FocusedClientsListener: focus: pid=10454
03-06 22:21:53.737  1261 10600 I CompositorVR: WarpToScreen: Skipping frames for 14
03-06 22:21:53.737  3036  3036 I [OAO] VrNotificationListenerService: onNotificationPosted() - key = 0|android|0|com.android.server.wm.AlertWindowNotification - com.oculus.vrshell|1000, type = third_party, isToast = false, isBlocked with reason = true Blocked by does not contain all markers for a toast notification
03-06 22:21:53.737  3036  3036 D [OAO] BaseOverlayService: screenStateReceiver Received broadcast: com.oculus.vrshell.intent.action.PRIMARY_PACKAGE_CHANGED
03-06 22:21:53.737  3036  3036 I [OAO] ShellOverlayServiceJNI: NativeSendOverlayCommand
03-06 22:21:53.737  3036  3036 I [OAO] ShellOverlayServiceJNI: NativeWake
03-06 22:21:53.738  3036  3036 I [OAO] ShellOverlayMain: WakeVrThread
03-06 22:21:53.738  3036  3036 I [OAO] ShellOverlayMain: WakeVrThread - notifying vr thread
03-06 22:21:53.738  3036  3036 I [OAO] ShellOverlayServiceJNI: NativeSendOverlayCommand
03-06 22:21:53.738  3036  3036 I [OAO] ShellOverlayServiceJNI: NativeWake
03-06 22:21:53.738  3036  3036 I [OAO] ShellOverlayMain: WakeVrThread
03-06 22:21:53.738  3036  3036 I [OAO] ShellOverlayMain: WakeVrThread - notifying vr thread
03-06 22:21:53.738  2420  2921 I GuardianSystem: [GuardianSystem::InitializeRuntimeEventHandlers] runtimeServiceSDKClient_.ForceShowGuardianEvent
03-06 22:21:53.738  2420  2921 I GuardianSystem: ForceShowGuardian: false, 0.00
03-06 22:21:53.738  2420  2921 I GuardianSystem: [GuardianSystem::InitializeRuntimeEventHandlers] runtimeServiceSDKClient_.PackageChangeEvent: package=[com.oculus.shellenv], process=[com.oculus.shellenv]
03-06 22:21:53.738  2420  2921 I GuardianSystem: SetCurrentProcessName: com.oculus.shellenv, previous ProcessName: com.YourCompany.TemplateProject3
03-06 22:21:53.748  3369  3661 D [SEO] ShellApplication: requestAudioFocus, transientFocus=false
03-06 22:21:53.748  3369  3661 W AudioManager: Use of stream types is deprecated for operations other than volume control
03-06 22:21:53.748  3369  3661 W AudioManager: See the documentation of requestAudioFocus() for what to use instead with android.media.AudioAttributes to qualify your playback use case
03-06 22:21:53.751  1058  6297 I MediaFocusControl: requestAudioFocus() from uid/pid 10020/3369 clientId=android.media.AudioManager@f627723com.oculus.vrshell.ShellAudioFocusHandler@54b9420 callingPack=com.oculus.vrshell req=1 flags=0x0 sdk=29
03-06 22:21:53.751  1261 10600 I CompositorVR: WarpToScreen: Skipping frames for 14
03-06 22:21:53.751  3036  3179 I [OAO] ShellOverlayApp: 0xc15b1b28 msg: overlayCommand:
03-06 22:21:53.751  3036  3179 I [OAO] ShellOverlayApp: command = primaryPackageChanged
03-06 22:21:53.751  3036  3179 I [OAO] ShellOverlayApp: Process_OverlayCommand command : primaryPackageChanged
03-06 22:21:53.751  3036  3179 I [OAO] ShellOverlayApp: UpdatePrimaryPackage forceSilentUpdate:0
03-06 22:21:53.751  3036  3179 I [OAO] ShellOverlayApp: UpdatePrimaryPackage Requested for PackageName:com.oculus.shellenv
03-06 22:21:53.751  3036  3179 I [OAO] OverlayFlowController: OnPrimaryPackageChange primaryPackage:com.oculus.shellenv immersiveAppChanged:1 forceSilentUpdate:0
03-06 22:21:53.751  3036  3179 I [OAO] OverlayFlowController: Non system primary client change: ready to sleep
03-06 22:21:53.751  3036  3179 I [OAO] OverlayFlowController: Reset resetReason : ReturnToShellHome
03-06 22:21:53.751  3036  3179 I [OAO] OverlayFlowController: Reset resetting current flow : OverlayDesktopFlow
03-06 22:21:53.751  3036  3179 I [OAO] OverlayDesktopFlow: Deactivated
03-06 22:21:53.751  1058  6297 D PreferencesStoreManager: xros_audio_enable_background_audio_playback value retrieved from preference store: false
03-06 22:21:53.751  3369  3661 I [SEO] AudioSystem: Got audio focus : 1
03-06 22:21:53.752  3036  3179 I [OAO] DesktopPanelController: Backgrounded desktop Tablet with reason flowDeactivation
03-06 22:21:53.752  3036  3179 I [OAO] OverlayDesktopFlow: OverlayDesktopFlow Reset
03-06 22:21:53.752  3036  3179 I [OAO] TelemetryProvider: Toggling egocentric panels visible: false
03-06 22:21:53.752  3036  3179 I [OAO] DesktopPanelControllerAnalytics: DesktopPanelControllerAnalytics flushing telemetry
03-06 22:21:53.752  3036  3179 I [OAO] DesktopPanelControllerAnalytics: FlushPendingDesktopMetrics Tablet
03-06 22:21:53.752  3036  3179 I [OAO] SystemAssistant: OnModeChanged from Paused to FullShell
03-06 22:21:53.752  3036  3179 I [OAO] SystemAssistant: Assistant panel is not active. Command [hide-attention-instant] could not be sent
03-06 22:21:53.752  3036  3179 I [OAO] PanelAppHost: PanelAppHost destructor, panel 5 (com.oculus.systemux/com.oculus.panelapp.anytimeui.AnytimeUIAndroidPanelService)
03-06 22:21:53.752  3036  3179 I [OAO] PanelAppHost: Panel app 5 (com.oculus.systemux/com.oculus.panelapp.anytimeui.AnytimeUIAndroidPanelService) changing state from foreground to shutdown
03-06 22:21:53.753   864  1196 D VrApiService: refresh-rate changed to 90Hz
03-06 22:21:53.753  1261  2802 I VrRuntimeServer: DisableCompositorClient: 0
03-06 22:21:53.753  1261  2802 I CompositorClientMgr: Disable client 0
03-06 22:21:53.753  1261  2802 I CompositorClientMgr: DisableClient: frame flush required: 1
03-06 22:21:53.755  3036  3179 D [OAO] ShellApplication: Unbinding service for panel app id 5
03-06 22:21:53.755  3369  3661 I [SEO] EnvironmentManagerUtilities: Skipping entitlement check for sideloaded environment apk://com.environment.matrixloadingvoid/assets/scene.zip.
03-06 22:21:53.755  3369  3661 I [SEO] LocalSpace: ResetNextFrame
03-06 22:21:53.755  3369  3661 I [SEO] SystemAssistant: OnModeChanged from ImmersiveAppFocused to FullShell
03-06 22:21:53.755  2420  3698 I VrGuardianService: GuardianSDKServer::OnShellVrModeChangeReq: enterVrMode: 1, isShell: 1
03-06 22:21:53.755  1261 10600 I CompositorVR: LatchWarpClients: Multiple Primary Clients detected. Skipping frames for 14
03-06 22:21:53.756  3369  3661 I [SEO] LocalSpace: EnterVrMode: Setting local pose state.
03-06 22:21:53.756  3369  3661 I OpenXR_Hands: ------------ xrGetHandMeshFB -----------
03-06 22:21:53.756  3369  3661 I OpenXR_Hands: ------------ xrGetHandMeshFB -----------
03-06 22:21:53.756  3369  3661 D VrRuntimeClient: loadDriverResource - resourceName: 'hand_left' 
03-06 22:21:53.759   786  1006 I SDM     : HWCDisplayBuiltIn::Validate: Validate +++ enable cac = 0
03-06 22:21:53.764   860  1050 W TrackingService: attachClient: found client in attached list
03-06 22:21:53.765  1261 10600 I CompositorVR: WarpToScreen: Skipping frames for 14
03-06 22:21:53.766   860  1359 W TrackingService: attachClient: found client in attached list
03-06 22:21:53.769   735  7765 D msm8974_platform: platform_split_snd_device: snd_device(22) num devices(1) new_snd_devices(0)
03-06 22:21:53.769   735  7765 D ACDB-LOADER: ACDB -> send_audvoltable
03-06 22:21:53.769   735  7765 D ACDB-LOADER: ACDB -> ACDB_CMD_GET_AUDPROC_INSTANCE_GAIN_DEP_STEP_TABLE_SIZE
03-06 22:21:53.769   735  7765 D         : Failed to fetch the lookup information of the device 0000000F 
03-06 22:21:53.769   735  7765 D ACDB-LOADER: Error: ACDB_CMD_GET_AUDPROC_INSTANCE_GAIN_DEP_STEP_TABLE_SIZE Returned = -19
03-06 22:21:53.770   735  7765 D ACDB-LOADER: ACDB -> ACDB_CMD_GET_AUDPROC_INSTANCE_GAIN_DEP_STEP_TABLE, vol index 11
03-06 22:21:53.770   735  7765 D         : Failed to fetch the lookup information of the device 0000000F 
03-06 22:21:53.770   735  7765 D ACDB-LOADER: Error: ACDB AudProc vol returned = -19
03-06 22:21:53.770   735  7765 D ACDB-LOADER: ACDB -> AUDIO_SET_VOL_CAL cal type = 40
03-06 22:21:53.773  7348  7434 I chatty  : uid=10033(com.oculus.xrstreamingclient) XRS_Battery expire 1 line
03-06 22:21:53.776  3369  3661 I OpenXR_Hands: ------------ xrGetHandMeshFB -----------
03-06 22:21:53.776  3369  3661 I OpenXR_Hands: ------------ xrGetHandMeshFB -----------
03-06 22:21:53.779  1261 10600 I CompositorVR: WarpToScreen: Skipping frames for 14
03-06 22:21:53.779  3369  3661 D VrRuntimeClient: loadDriverResource - resourceName: 'hand_left' 
03-06 22:21:53.782  3369  3661 I [SEO] ShellTransitionState: Logging ShellTransitionState to dumpsys: {"state":"Resuming frame loop","timeMillis":"10047648"}
03-06 22:21:53.782  3369  3661 I [SEO] LocalSpace: Reset - initialRawFromLocalPose: quat(-0.016406, 0.167675, -0.017638, 0.985548), translation(-0.026565, 0.018132, 0.057685)
03-06 22:21:53.782  3369  3661 I [SEO] LocalSpace: Applying VRAPI Reorient, the reorient reason is 3
03-06 22:21:53.782  1261  3414 I VrRuntimeService: RuntimeServiceSDKServer::RecenterLocalSpace
03-06 22:21:53.782  1261  3414 I VrRuntimeService: RuntimeServiceSDKServer::RecenterLocalSpaceInternal
03-06 22:21:53.782  1261  3414 I VrRuntimeServer: UpdateLocalSpace: Src: 2, Version: 27, VersionUser: 0, RawFloorHeightOld: -1.518670, RawFloorHeightNew: -1.518670
03-06 22:21:53.782  3036  3179 I [OAO] SwapChainApiOpenXr: Destroying SwapChain:0xe035dde0
03-06 22:21:53.783  1261  3155 I VrRuntimeService: DestroySwapChain: swapchain=203
03-06 22:21:53.783  1261  3155 I VrRuntimeServer: DestroyTextureSwapChain: result destroyswapchain 1
03-06 22:21:53.784  1261 10600 I Vsync   : Vsync 15184:  1 x 11.14 ms (71.83 Hz, at 10047.651)
03-06 22:21:53.789  3593  3621 I Clay    : xrPollEvent: REFERENCE_SPACE_CHANGE_PENDING
03-06 22:21:53.789  3036  3179 I [OAO] DialogControllerManager: Reset resetReason:6
03-06 22:21:53.789  3036  3179 I [OAO] OverlayFlowController: Reset - Resetting lastNonSystemPackageName to empty
03-06 22:21:53.789  3036  3179 I [OAO] OverlayFlowController: OnPrimaryPackageChange Setting lastNonSystemPackageName = com.oculus.shellenv
03-06 22:21:53.789  3036  3179 I [OAO] OverlayGuardianFlow: OverlayGuardianFlow UpdatePrimaryPackage lastNonSystemPackage:com.oculus.shellenv isVrShellPackage1
03-06 22:21:53.789  3036  3179 I [OAO] ShellOverlayApp: 0xc15b1b28 msg: overlayCommand:
03-06 22:21:53.789  3036  3179 I [OAO] ShellOverlayApp: command = topActivityChanged
03-06 22:21:53.789  3036  3179 I [OAO] ShellOverlayApp: topActivity = com.YourCompany.TemplateProject3
03-06 22:21:53.789  3036  3179 I [OAO] ShellOverlayApp: Process_OverlayCommand command : topActivityChanged
03-06 22:21:53.789  3036  3179 I [OAO] ShellOverlayApp: Process_OverlayCommand unknown command received: topActivityChanged
03-06 22:21:53.790  3036  3179 I [OAO] VrPlatformOpenXr: xrPollEvent: received XR_TYPE_EVENT_DATA_REFERENCE_SPACE_CHANGE_PENDING event
03-06 22:21:53.790  3036  3179 I [OAO] ShellOverlayApp: ResolveInteractionState: change from InputFocus to None
03-06 22:21:53.790  3036  3179 I [OAO] ShellOverlayApp: LeaveVrMode: Interaction state from InputFocus to None
03-06 22:21:53.790  1261 10600 I CompositorVR: WarpToScreen: Skipping frames for 14
03-06 22:21:53.790  3036  3179 I [OAO] ShellTransitionState: Logging ShellTransitionState to dumpsys: {"state":"Backgrounding","timeMillis":"10047656"}
03-06 22:21:53.790  3036  3179 I [OAO] ShellOverlayApp: EmptyFrame: Pushing an empty frame
03-06 22:21:53.791  2420  2921 I GuardianSystem: [GuardianSystem::UpdateSystem] Responding to local space version number change.
03-06 22:21:53.793  3369  3661 I [SEO] SystemTaskBar: Create PanelApp
03-06 22:21:53.793  3369  3661 I [SEO] PanelAppLaunchInfo: PanelAppLaunchInfo componentString:com.oculus.systemux/com.oculus.panelapp.anytimeui.AnytimeUIAndroidPanelService packageName:com.oculus.systemux serviceName:com.oculus.panelapp.anytimeui.AnytimeUIAndroidPanelService componentName:com.oculus.systemux/com.oculus.panelapp.anytimeui.AnytimeUIAndroidPanelService
03-06 22:21:53.793  3369  3661 I [SEO] HostPlatform: Retrieving component launch information for package (com.oculus.systemux) and service (com.oculus.panelapp.anytimeui.AnytimeUIAndroidPanelService)
03-06 22:21:53.799  1261 10600 I CompositorVR: WarpToScreen: Skipping frames for 14
03-06 22:21:53.799  3036  3179 I [OAO] VrPlatformOpenXr: VrPlatformOpenXr::SetPropInhibitHandleHomeKey inhibit:0
03-06 22:21:53.799  3036  3179 I OpenXR_DeviceSettings: ------------ xrSetDeviceSettingBooleanFB -----------
03-06 22:21:53.799  3036  3179 I ClientInputSettings: SetInhibitHandleHomeKey = false for com.oculus.vrshell
03-06 22:21:53.799  3036  3179 I ClientInputInterface: SetInhibitHandleHomeKey 0 for process com.oculus.vrshell 3036
03-06 22:21:53.799  3036  3179 I [OAO] VrPlatformOpenXr: VrPlatformOpenXr::SetPropInhibitHandleHomeKey result = 0
03-06 22:21:53.800  3369  3661 I [SEO] HostPlatform: Is valid panel service component for package (com.oculus.systemux) and service (com.oculus.panelapp.anytimeui.AnytimeUIAndroidPanelService) - true
03-06 22:21:53.800  3369  3661 I [SEO] ShellApp: CreatePanelApp( com.oculus.systemux/com.oculus.panelapp.anytimeui.AnytimeUIAndroidPanelService )
03-06 22:21:53.800  3369  3661 I [SEO] ShellApp: Environment:
03-06 22:21:53.800  3593  3621 I Clay    : xrPollEvent: DISPLAY_REFRESH_RATE_CHANGED_FB: 72.000000 -> 90.000000
03-06 22:21:53.800  3036  3179 I [OAO] ModelDef: Destroying ModelFileModel guardianLaserBeam.gltf.ovrscene
03-06 22:21:53.800  3369  3661 I [SEO] PanelAppHost: PanelAppHost constructor, panel 14 (com.oculus.systemux/com.oculus.panelapp.anytimeui.AnytimeUIAndroidPanelService)
03-06 22:21:53.800  3369  3661 I [SEO] PanelAppHost: Panel app 14 (com.oculus.systemux/com.oculus.panelapp.anytimeui.AnytimeUIAndroidPanelService) changing state from startup to foreground
03-06 22:21:53.800  3036  3179 I [OAO] ModelDef: Destroying ModelFileModel pinchArrowBlend.gltf.ovrscene
03-06 22:21:53.800  3036  3179 I [OAO] ModelDef: Destroying ModelFileModel guardianLaserBeam.gltf.ovrscene
03-06 22:21:53.800  3036  3179 I [OAO] ModelDef: Destroying ModelFileModel pinchArrowBlend.gltf.ovrscene
03-06 22:21:53.800  3036  3179 I [OAO] SwapChainApiOpenXr: Destroying SwapChain:0xe032b990
03-06 22:21:53.801  3369  3661 I [SEO] PanelAppHost: Passing env var _oc_analytics_session_id = e5883409-4880-4cec-a291-958e8fbcc968
03-06 22:21:53.801  3369  3661 I [SEO] PanelAppHost: Passing env var _oc_userid = 106765628877334
03-06 22:21:53.801  3369  3661 I [SEO] PanelAppHost: Passing env var _oc_shell_version_name = 49.0.0.207.358
03-06 22:21:53.801  3369  3661 I [SEO] PanelAppHost: Passing env var _oc_shell_version_code = 445158841
03-06 22:21:53.801  3369  3661 I [SEO] PanelAppHost: Passing env var _oc_shell_automation_enabled = false
03-06 22:21:53.801  3369  3661 I [SEO] PanelAppHost: Passing env var _oc_shell_view_id_debugging_enabled = false
03-06 22:21:53.801  3369  3661 I [SEO] PanelAppHost: Passing env var _oc_shell_pixel_density = 20
03-06 22:21:53.801  3369  3661 I [SEO] PanelAppHost: Passing env var _oc_shell_render_scale = 1.250000
03-06 22:21:53.801  3369  3661 I [SEO] PanelAppHost: Passing env var _oc_shell_ux_policy = {"panelBackgroundLayerOriginDepths":{"far":0.2,"mid":0.1,"near":0.015}}
03-06 22:21:53.801  3369  3661 I [SEO] PanelAppHost: Passing env var _oc_shell_panel_session_id = e5883409-4880-4cec-a291-958e8fbcc968-14
03-06 22:21:53.801  3369  3661 I [SEO] PanelAppHost: Passing env var _oc_shell_valid_panel_session_ids = ["e5883409-4880-4cec-a291-958e8fbcc968-14"]
03-06 22:21:53.801  3369  3661 I [SEO] PanelAppHost: Passing env var _oc_shell_back_navigation_enabled = false
03-06 22:21:53.801  3369  3661 I [SEO] PanelAppHost: Passing env var _oc_shell_feature_sets = appmenu-v1,appmenu-v2,cooperativeState-v2,destinationUi-v2,dragDrop-v1,layerClipping-v1,layerClipping-v2,layerOptions-v1,layerParent-v1,layerTranslate-v1,multiapp-v1,multiapp-v2,multiapp-v3,multitasking-v1,shellPanelAdaptability-v1,systemActionBackgroundPanels-v1,systemThemeSetting-v1,system-reauth-v1,system-ux-file-picker-v1,vrNotificationsBootLoad-v1,theaterScreen,theaterScreen-v2,recoverInstances-v1,systemThemeSetting-v2,controlBar-v1,dynamicDockInOverlay-v1,copresence-v1,copresenceVersion-v1,vrLibraryAppLock-v1,dragToDesktop-v1
03-06 22:21:53.801  3369  3661 I [SEO] PanelAppHost: Passing env var _oc_launch_timestamp = 10047666
03-06 22:21:53.801  3369  3661 I [SEO] PanelAppHost: Passing env var _oc_shell_host = vrshell
03-06 22:21:53.801  3369  3661 I [SEO] PanelAppHost: Passing env var _oc_shell_panel_id = 14
03-06 22:21:53.801  1261  3155 I VrRuntimeService: DestroySwapChain: swapchain=186
03-06 22:21:53.801  3369  3661 I [SEO] PanelAppHost: Calling sendPanelLaunchIntent for panel app 14 (com.oculus.systemux/com.oculus.panelapp.anytimeui.AnytimeUIAndroidPanelService)
03-06 22:21:53.801  3369  3661 D [SEO] ShellApplication: sendApkPanelLaunchIntent: packageName=com.oculus.systemux, serviceClassName=com.oculus.panelapp.anytimeui.AnytimeUIAndroidPanelService
03-06 22:21:53.810  1261 10600 I CompositorVR: WarpToScreen: Skipping frames for 14
03-06 22:21:53.812  1058  1087 I ActivityTaskManager: Displayed com.oculus.shellenv/.ShellEnvActivity: +282ms
03-06 22:21:53.814  3036  3179 I [OAO] DragDropController: OnBackground
03-06 22:21:53.814  3036  3179 I [OAO] DesktopPanelControllerAnalytics: DesktopPanelControllerAnalytics flushing telemetry
03-06 22:21:53.814  3036  3179 I [OAO] VrPlatformOpenXr: RequestEndSession state XR_SESSION_STATE_VISIBLE    focused:0
03-06 22:21:53.814  3036  3179 D [OAO] ShellApplication: setOverlayInputFocus: inputFocus=false shouldSupportIME=false
03-06 22:21:53.814  3036  3179 D [OAO] BaseOverlayService: setOverlayInputFocus : entrypoint - inputFocus=false shouldSupportIME=false
03-06 22:21:53.814  3036  3179 I OpenXR  : ------------ RequestExitSession [start] -----------
03-06 22:21:53.814  3036  3179 I OpenXR  : ------------ RequestExitSession [end] -----------
03-06 22:21:53.814  3036  3179 I OpenXR  : PostSessionStateChange: XR_SESSION_STATE_VISIBLE -> XR_SESSION_STATE_SYNCHRONIZED
03-06 22:21:53.815  3036  3036 D [OAO] BaseOverlayService: detachServiceWindowView
03-06 22:21:53.815  3036  3179 I [OAO] VrPlatformOpenXr: xrPollEvent: received XR_TYPE_EVENT_DATA_DISPLAY_REFRESH_RATE_CHANGED_FB event: fromRate 72.000000 -> toRate 90.000000
03-06 22:21:53.815  3036  3179 I OpenXR  : PostSessionStateChange: XR_SESSION_STATE_SYNCHRONIZED -> XR_SESSION_STATE_STOPPING
03-06 22:21:53.815  3036  3179 I [OAO] VrPlatformOpenXr: xrPollEvent: received XR_TYPE_EVENT_DATA_SESSION_STATE_CHANGED: 3 for session 0x2 at time 10047.680937
03-06 22:21:53.815  3036  3179 I [OAO] VrPlatformOpenXr: Session state changed XR_SESSION_STATE_SYNCHRONIZED
03-06 22:21:53.815  3036  3179 I [OAO] VrPlatformOpenXr: xrPollEvent: received XR_TYPE_EVENT_DATA_SESSION_STATE_CHANGED: 6 for session 0x2 at time 10047.680993
03-06 22:21:53.815  3036  3179 I [OAO] VrPlatformOpenXr: Session state changed XR_SESSION_STATE_STOPPING
03-06 22:21:53.815  3036  3179 I [OAO] VrPlatformOpenXr: EndSession state XR_SESSION_STATE_STOPPING    focused:0
03-06 22:21:53.815  3036  3179 I [OAO] VrPlatformOpenXr: EndSession calling MrServiceClient EndSession
03-06 22:21:53.815  3369  3661 D [SEO] PanelAppConnection: getSystemProcessUidForCurrentUser: 'android' systemUid = 1000
03-06 22:21:53.815  3369  3661 D [SEO] ShellApplication: bindService Intent { cmp=com.oculus.systemux/com.oculus.panelapp.anytimeui.AnytimeUIAndroidPanelService }
03-06 22:21:53.815  2547  3483 I [CT]    : MIXEDREALITY: MrFeatureStatus: Client status changed from Started to Paused.
03-06 22:21:53.815  2547  3483 I [CT]    : MIXEDREALITY: MrFeatureStatus: Target status Started, CurrentStatus: Started
03-06 22:21:53.815  2547  2609 I [CT]    : MIXEDREALITY: OpenXrSupport: renderIteration: Display refresh rate changed, new value: 90.
03-06 22:21:53.815  2547  2609 I [CT]    : MIXEDREALITY: MrRuntimeImpl: onDisplayRefreshRateChanged: Display rate changed from 72 to 90.
03-06 22:21:53.816  2547  2609 I [CT]    : MIXEDREALITY: MrRuntimeImpl: Force telemetry to be sent now.
03-06 22:21:53.816  2547  2609 I [CT]    : MIXEDREALITY: MrRuntimeImpl: Reset telemetry such to start collecting data using the new refresh rate.
03-06 22:21:53.816  2547  2609 I [CT]    : MIXEDREALITY: MrRuntimeImpl: setSessionInitTime: Capability 0: timer set to 10047.682737518 ns, duration reset after 208.277763983 s.
03-06 22:21:53.816  2547  2609 I [CT]    : MIXEDREALITY: MrRuntimeImpl: setSessionInitTime: Capability 2: timer set to 10047.682769966 ns, duration reset after 5005.027887622 s.
03-06 22:21:53.816  2547  2609 I [CT]    : MIXEDREALITY: MrServiceView: renderIteration: Nothing to render, hibernating the rendering thread since ID is off and no active PT layers.
03-06 22:21:53.817  2547  2609 I [CT]    : MIXEDREALITY: MrServiceModel: Hibernating caller (most likely rendering thread) due to commandQueue being empty.
03-06 22:21:53.817  3036  3179 I [OAO] VrPlatformOpenXr: EndSession MrServiceClient EndSession passed
03-06 22:21:53.817  3036  3179 I [OAO] VrPlatformOpenXr: EndSession calling xrEndSession
03-06 22:21:53.817  3036  3179 I OpenXR  : ------------ xrEndSession [start] -----------
03-06 22:21:53.817  3036  3179 I XrRuntimeUtils: XrRuntimeUtils::EndSession
03-06 22:21:53.818  1915  2406 E OVRMediaServiceManager: LivestreamingManager Not initialized
03-06 22:21:53.821  1261 10600 I CompositorVR: WarpToScreen: Skipping frames for 14
03-06 22:21:53.822  3036  3179 D VrApi   : targetSDKVersion 29
03-06 22:21:53.822  1506  1506 D OculusNotificationListenerService: Notification removed: 0|android|0|com.android.server.wm.AlertWindowNotification - com.oculus.vrshell|1000
03-06 22:21:53.824  3036  3179 I VrRuntimeClient: DEVICE MODEL NUMBER = Quest 2
03-06 22:21:53.824  3036  3179 I VrRuntimeClient: DEVICE BUILD NAME = user-49882890235800150
03-06 22:21:53.824  3036  3179 I VrRuntimeClient: DEVICE BUILD TYPE = user
03-06 22:21:53.824  3036  3179 I VrRuntimeClient: DEVICE OS VERSION = 10
03-06 22:21:53.824  3036  3179 I VrRuntimeClient: API LOADER VERSION = 1.0.25
03-06 22:21:53.824  3036  3179 I VrRuntimeClient: RUNTIME API VERSION = 1.0.25
03-06 22:21:53.824  3036  3179 I VrRuntimeClient: RUNTIME VERSION = 49.0.0.207.357 Feb  8 2023 14:43:23 RELEASE
03-06 22:21:53.824  3036  3179 I VrRuntimeClient: APP NAME = Oculus App Runtime
03-06 22:21:53.824  3036  3179 I VrRuntimeClient: APP VERSION = 49.0.0.207.358 versionCode 445158841 internalVersionName 49.0.0.207.358.60c601c6ae0d 2023_02_08_14_42
03-06 22:21:53.824  3036  3179 I VrRuntimeClient: APP VR TYPE = vr_only
03-06 22:21:53.824  3036  3179 I VrRuntimeClient: APP MODE TYPE = VR
03-06 22:21:53.824  3036  3179 I VrRuntimeClient: APP PACKAGE NAME = com.oculus.vrshell
03-06 22:21:53.824  3036  3179 I VrRuntimeClient: APP ACTIVITY CLASS = com.oculus.vrshell.ShellOverlayService
03-06 22:21:53.825   860  1359 I chatty  : uid=1000(system) Binder:860_3 identical 3 lines
03-06 22:21:53.826   860  1359 W TrackingService: attachClient: found client in attached list
03-06 22:21:53.829  3369  3661 D [SEO] ShellApplication: notify OS to set com.oculus.systemux/com.oculus.panelapp.anytimeui.AnytimeUIAndroidPanelService to FOREGROUND
03-06 22:21:53.832  1261 10600 I CompositorVR: WarpToScreen: Skipping frames for 14
03-06 22:21:53.842  3036  3036 D [OAO] BaseOverlayService: setOverlayInputFocus : completed - inputFocus=false shouldSupportIME=false actionTaken:true
03-06 22:21:53.842  3036  3036 I [OAO] VrNotificationListenerService: onNotificationRemoved() - key = 0|android|0|com.android.server.wm.AlertWindowNotification - com.oculus.vrshell|1000, type = third_party
03-06 22:21:53.842  3036  3036 D VrNotificationAnalytics: logNotificationRemoved(third_party)
03-06 22:21:53.843  1261 10600 I CompositorVR: WarpToScreen: Skipping frames for 14
03-06 22:21:53.845  3036  3179 D BatteryReceiver: Unregistering battery receiver
03-06 22:21:53.845  1915  2441 E OVRMediaServiceManager: LivestreamingManager Not initialized
03-06 22:21:53.845  3036  3179 I Sensor  : OSSDKTRACKING Shutdown tracking
03-06 22:21:53.845  3036  3179 I LogTimer: CPUTIME: VrRuntimeClient_EndSession took 26.1602 ms
03-06 22:21:53.853  6700  6700 W VRLifecycleManager: onHeadsetMounted
03-06 22:21:53.854  3369  3661 E TREX    : Interface version 1 was not found. Check debug build for more information.
03-06 22:21:53.854  1261  5356 I FocusedClientsListener: focus: onVrFocusChanged(focusType=2): 1
03-06 22:21:53.854  1261  5356 I FocusedClientsListener: focus: pid=10454
03-06 22:21:53.854  3369  3661 I ClientInputTrackedKeyboardManager: TRACKEDKEYBOARD created PTKServiceClient
03-06 22:21:53.854  3369  3661 I PTKService: PTKServiceClient Init
03-06 22:21:53.854  3369  3661 I ipcLoader [RUNTIMEIPC]: RuntimeIPC: Loader: IPC Service API Loader Version: 37 Feb  7 2023 02:15:39
03-06 22:21:53.854  3369  3661 I RuntimeIPCApi [RUNTIMEIPC]: ipc_Initialize
03-06 22:21:53.854  3369  3661 I RuntimeIPCServiceClient [RUNTIMEIPC]: Init: Already initialized: com.oculus.vrshell, 19
03-06 22:21:53.854  1261  1300 I FocusedClientsListener: focus: onVrFocusChanged(focusType=1): 5
03-06 22:21:53.854  1261  1300 I FocusedClientsListener: focus: pid=3593
03-06 22:21:53.854  1261  1300 I FocusedClientsListener: focus: pid=3036
03-06 22:21:53.854  1261  1300 I FocusedClientsListener: focus: pid=3369
03-06 22:21:53.854  1261  1300 I FocusedClientsListener: focus: pid=2547
03-06 22:21:53.854  1261  1300 I FocusedClientsListener: focus: pid=2420
03-06 22:21:53.854  1261 10600 I CompositorVR: WarpToScreen: Skipping frames for 14
03-06 22:21:53.855   860   860 W TrackingService: attachClient: found client in attached list
03-06 22:21:53.855  1261  3094 I FocusedClientsListener: focus: onVrFocusChanged(focusType=0): 6
03-06 22:21:53.855  1261  3094 I FocusedClientsListener: focus: pid=3593
03-06 22:21:53.855  1261  3094 I FocusedClientsListener: focus: pid=3036
03-06 22:21:53.855  1261  3094 I FocusedClientsListener: focus: pid=3369
03-06 22:21:53.855  1261  3094 I FocusedClientsListener: focus: pid=2547
03-06 22:21:53.855  1261  3094 I FocusedClientsListener: focus: pid=2420
03-06 22:21:53.855  1261  3094 I FocusedClientsListener: focus: pid=10454
03-06 22:21:53.856  3369  3661 I RuntimeIPCClient [RUNTIMEIPC]: ConnectToServer: SUCCESS: Client: com.oculus.vrshell:com.oculus.vrshell:3369, Server: com.oculus.vrshell:com.oculus.vrshell:Overlay (ptkserviceserver)
03-06 22:21:53.858  3036  3036 I [OAO] ShellOverlayService: onStartCommand(): Intent { cmp=com.oculus.vrshell/.ShellOverlayService }
03-06 22:21:53.858  1915  2077 I OVRMediaService: onStartCommand Received message type: overlay_input_focus_change, caller package: com.oculus.vrshell, app identify: AppIdentity{uid=10020, packageNames=[com.oculus.vrshell], sha1=MxZgtt071YLz39PLrkVGckZooCE, sha2=3C-DTjwZQjeLFPB2yCzRq1nqZWa_9HMLIEfpjvyfna8, version=null, domain=null}
03-06 22:21:53.862  3369  3661 I [SEO] InputManager: Adding hand deviceId = 4
03-06 22:21:53.862  3593  3621 I Clay    : EnvironmentSystem: setCurrentEnvironment from '' to 'apk://com.environment.matrixloadingvoid/assets/scene.zip'. Computed visibility: Visible (reason: <none>)
03-06 22:21:53.862  3369  3661 I [SEO] ShaderCache: ShaderCache::ShaderCache()
03-06 22:21:53.863  3369  3661 I [SEO] ShaderCache: ShaderCache::compiling PBR shader for featureMask 576
03-06 22:21:53.864  3369  3661 I [SEO] ShaderCache: ShaderCache::ShaderCache()
03-06 22:21:53.865  3369  3661 I [SEO] ShaderCache: ShaderCache::compiling PBR shader for featureMask 576
03-06 22:21:53.866  1261 10600 I CompositorVR: WarpToScreen: Skipping frames for 14
03-06 22:21:53.867  6700 11244 E DeviceConfigVersionMapBuilder: Something went wrong when building version map.
03-06 22:21:53.867  3369  3661 I [SEO] InputManager: Adding controller deviceId = 2
03-06 22:21:53.868  3369  3661 I [SEO] ModelCache: Load controller model
03-06 22:21:53.868  3369  3661 I [SEO] InputManager: Switching primary device (id -1 to 2).
03-06 22:21:53.872  3593  3621 I Clay    : EnvironmentSystem: Loading 'apk://com.environment.matrixloadingvoid/assets/scene.zip' as asset package
03-06 22:21:53.872  3369  3661 I [SEO] ShellEnvHomeController: copresence: received setCollisionShapes
03-06 22:21:53.872  3369  3661 I [SEO] ShellEnvHomeController: copresence: received setCollisionShapes
03-06 22:21:53.872  3369  3661 I [SEO] ShellEnvHomeController: ShellEnvHomeController: received setAnchors
03-06 22:21:53.872  3369  3661 I [SEO] ShellEnvHomeController: copresence: received setCollisionShapes
03-06 22:21:53.873  3369 11285 I FenceChecker: FenceChecker::MainLoop - started
03-06 22:21:53.873   860  1359 W TrackingService: attachClient: found client in attached list
03-06 22:21:53.875  1915  2077 I OVRMediaService: Received OVERLAY_INPUT_FOCUS_CHANGE. is focused: false
03-06 22:21:53.875  3369  3661 I [SEO] ShellApp: Immersive Activity Changed to: com.YourCompany.TemplateProject3
03-06 22:21:53.875  3369  3661 I OpenXR  : PostSessionStateChange: XR_SESSION_STATE_READY -> XR_SESSION_STATE_SYNCHRONIZED
03-06 22:21:53.875  3369  3661 I OpenXR  : PostSessionStateChange: XR_SESSION_STATE_SYNCHRONIZED -> XR_SESSION_STATE_VISIBLE
03-06 22:21:53.875  3369  3661 I OpenXR  : PostSessionStateChange: XR_SESSION_STATE_VISIBLE -> XR_SESSION_STATE_FOCUSED
03-06 22:21:53.875  3369  3661 I [SEO] VrPlatformOpenXr: xrPollEvent: received XR_TYPE_EVENT_DATA_REFERENCE_SPACE_CHANGE_PENDING event
03-06 22:21:53.875  3369  3661 I [SEO] VrPlatformOpenXr: xrPollEvent: received XR_TYPE_EVENT_DATA_DISPLAY_REFRESH_RATE_CHANGED_FB event: fromRate 72.000000 -> toRate 90.000000
03-06 22:21:53.875  3369  3661 I [SEO] VrPlatformOpenXr: xrPollEvent: received XR_TYPE_EVENT_DATA_SESSION_STATE_CHANGED: 3 for session 0x2 at time 10047.741798
03-06 22:21:53.875  3369  3661 I [SEO] VrPlatformOpenXr: Session state changed XR_SESSION_STATE_SYNCHRONIZED
03-06 22:21:53.875  3369  3661 I [SEO] VrPlatformOpenXr: xrPollEvent: received XR_TYPE_EVENT_DATA_SESSION_STATE_CHANGED: 4 for session 0x2 at time 10047.741830
03-06 22:21:53.875  3369  3661 I [SEO] VrPlatformOpenXr: Session state changed XR_SESSION_STATE_VISIBLE
03-06 22:21:53.875  3369  3661 I [SEO] VrPlatformOpenXr: xrPollEvent: received XR_TYPE_EVENT_DATA_SESSION_STATE_CHANGED: 5 for session 0x2 at time 10047.741836
03-06 22:21:53.875  3369  3661 I [SEO] VrPlatformOpenXr: Session state changed XR_SESSION_STATE_FOCUSED
03-06 22:21:53.877  1261 10600 I CompositorVR: WarpToScreen: Skipping frames for 14
03-06 22:21:53.878  3036  3179 I VrApi   : OVR::Stats thread stopped
03-06 22:21:53.878  3036  3179 I InputDeviceManager: ovrInputDeviceManager::~ovrInputDeviceManager
03-06 22:21:53.878  3036  3179 I InputDevice_TrackedRemote: OSSDKTRACKING shutting down Haptics
03-06 22:21:53.878  3036  3179 I InputDevice_TrackedRemote: OSSDKTRACKING shutting down Haptics
03-06 22:21:53.878  3036  3179 I OSHandDataQuerier: OSSDKTRACKING shutting down HandsTracker
03-06 22:21:53.878  3036  3179 I OSHandDataQuerier: OSSDKTRACKING shutting down HandsTracker
03-06 22:21:53.879   747   992 E SensorService: Failed to set simple multi haptics, ret: -1
03-06 22:21:53.880  3593  3630 W Clay    : EnvironmentSystem: Couldn't open markup for package 'com.environment.matrixloadingvoid/assets/scene.zip'
03-06 22:21:53.883  3369  3661 I [SEO] ShellEnvHomeController: copresence: processing currentCollisionShapes
03-06 22:21:53.883  3369  3661 I [SEO] ShellEnvHomeController: ShellEnvHomeController: processing 1 anchors
03-06 22:21:53.883  3369  3661 I [SEO] ShellEnvHomeController: Theaterscreen transform node set for the env size x: 4.660000, y: 2.621250
03-06 22:21:53.883  3369  3661 I [SEO] LocalSpace: New Space: quat(-0.095255, 0.000077, 0.000805, 0.995453), translation(0.000000, 1.491568, 0.000000) - Prior Space: quat(-0.095255, 0.000077, 0.000805, 0.995453), translation(0.000000, 1.491568, 0.000000)
03-06 22:21:53.883  3369  3661 I [SEO] LocalSpace: Local space version from 24 to 25, local space user version from 0 to 0.
03-06 22:21:53.884  3369  3661 I [SEO] InputManager: Adding hand deviceId = 3
03-06 22:21:53.884  6700 11244 E DeviceConfigVersionMapBuilder: Something went wrong when building version map.
03-06 22:21:53.884  3369  3661 I [SEO] ShaderCache: ShaderCache::ShaderCache()
03-06 22:21:53.885  3369  3661 I [SEO] ShaderCache: ShaderCache::compiling PBR shader for featureMask 576
03-06 22:21:53.887  3369  3661 I [SEO] ShaderCache: ShaderCache::ShaderCache()
03-06 22:21:53.887  3036 11209 I ClientInputThread_Internal: InputThreadRun ShutdownRequest received
03-06 22:21:53.887  3369  3661 I [SEO] ShaderCache: ShaderCache::compiling PBR shader for featureMask 576
03-06 22:21:53.888  1261 10600 I CompositorVR: WarpToScreen: Skipping frames for 14
03-06 22:21:53.889  3369  3661 I [SEO] InputManager: Adding controller deviceId = 1
03-06 22:21:53.890  3369  3661 I [SEO] ModelCache: Load controller model
03-06 22:21:53.890  3036  3179 D InputHooksJava: Disabling Java Input Hooks
03-06 22:21:53.890  3036  3179 I ClientInputTrackedKeyboardManager: TRACKEDKEYBOARD ClearTrackedObjectManager called on client
03-06 22:21:53.890  3369  3661 I [SEO] InputManager: Switching secondary device (id to 1).
03-06 22:21:53.890  3036  3179 I RuntimeIPCClient [RUNTIMEIPC]: Shutdown: 4, Client: com.oculus.vrshell:com.oculus.vrshell:Overlay:3036, Server: com.oculus.vrshell:com.oculus.vrshell:Overlay (ptkserviceserver)
03-06 22:21:53.890  3036  3179 I RuntimeIPCClient [RUNTIMEIPC]: ReleaseRef: Remaining refs: 3, Client: com.oculus.vrshell:com.oculus.vrshell:Overlay:3036, Server: com.oculus.vrshell:com.oculus.vrshell:Overlay (ptkserviceserver)
03-06 22:21:53.890  3036  3179 I RuntimeIPCApi [RUNTIMEIPC]: ipc_Shutdown
03-06 22:21:53.890  3036  3179 I RuntimeIPCServiceClient [RUNTIMEIPC]: Shutdown: Refs still outstanding: 17, com.oculus.vrshell:Overlay
03-06 22:21:53.890  3369  3661 I [SEO] SystemUXControllerHelper: OnReorient(reason: 3)
03-06 22:21:53.891  1261  3155 I VrRuntimeService: RuntimeServiceSDKServer::EnableRendering: 0x0, 0, com.oculus.vrshell:Overlay
03-06 22:21:53.891  1261  3155 I ClientMgr: ClientMgr::EnableRendering 3036:com.oculus.vrshell : type 1 comp-id 4: disable
03-06 22:21:53.891  1261  3155 I VrRuntimeServer: DisableCompositorClient: 4
03-06 22:21:53.891  1261  3155 I CompositorClientMgr: Disable client 4
03-06 22:21:53.891  1261  3155 I CompositorClientMgr: DisableClient: frame flush required: 1
03-06 22:21:53.894  6700 11244 E DeviceConfigVersionMapBuilder: Something went wrong when building version map.
03-06 22:21:53.896  3369  3661 I [SEO] TelemetryProvider: aui_reorient system 0 0 0 com.oculus.shellenv
03-06 22:21:53.896  1261  3155 I UnifiedTelemetryWrapper: Stopped UT session render:com.oculus.vrshell:Overlay
03-06 22:21:53.896  3593  3621 E TREX    : Interface version 1 was not found. Check debug build for more information.
03-06 22:21:53.896  3036 11233 I FenceChecker: FenceChecker::MainLoop - ended
03-06 22:21:53.896  3036  3179 I VrRuntimeClient: PhaseSync Instance deleted
03-06 22:21:53.897  3036  3179 I OpenXR  : PostSessionStateChange: XR_SESSION_STATE_STOPPING -> XR_SESSION_STATE_IDLE
03-06 22:21:53.897  3036  3179 I OpenXR  : ------------ xrEndSession [end] -----------
03-06 22:21:53.897  3036  3179 I [OAO] VrPlatformOpenXr: EndSession xrEndSession passed
03-06 22:21:53.897  3036  3179 I [OAO] VrPlatformOpenXr: xrPollEvent: received XR_TYPE_EVENT_DATA_SESSION_STATE_CHANGED: 1 for session 0x2 at time 10047.763224
03-06 22:21:53.897  3036  3179 I [OAO] VrPlatformOpenXr: Session state changed XR_SESSION_STATE_IDLE
03-06 22:21:53.897  3036  3179 I OpenXR  : PostSessionStateChange: XR_SESSION_STATE_IDLE -> XR_SESSION_STATE_READY
03-06 22:21:53.897  3036  3179 I [OAO] VrPlatformOpenXr: xrPollEvent: received XR_TYPE_EVENT_DATA_SESSION_STATE_CHANGED: 2 for session 0x2 at time 10047.763370
03-06 22:21:53.897  3036  3179 I [OAO] VrPlatformOpenXr: Session state changed XR_SESSION_STATE_READY
03-06 22:21:53.898  6700 11244 E DeviceConfigVersionMapBuilder: Something went wrong when building version map.
03-06 22:21:53.899  6700 11244 E DeviceConfigVersionMapBuilder: Something went wrong when building version map.
03-06 22:21:53.899  1261 10600 I CompositorVR: LatchWarpClients: Multiple Primary Clients detected. Skipping frames for 14
03-06 22:21:53.899  1261 10600 I CompositorVR: WarpToScreen: Skipping frames for 14
03-06 22:21:53.899   860  1359 W TrackingService: attachClient: found client in attached list
03-06 22:21:53.900  6700 11244 E DeviceConfigVersionMapBuilder: Something went wrong when building version map.
03-06 22:21:53.901  6700 11244 E DeviceConfigVersionMapBuilder: Something went wrong when building version map.
03-06 22:21:53.907  6700 11244 E DeviceConfigVersionMapBuilder: Something went wrong when building version map.
03-06 22:21:53.907  3036  3179 I [OAO] VrPlatformOpenXr: EndSession passed message polling. count:1  count<maxRetryCount:1  sessionState:2
03-06 22:21:53.907  3036  3179 I [OAO] VrPlatformOpenXr: EndSession end
03-06 22:21:53.909  6700 11244 E DeviceConfigVersionMapBuilder: Something went wrong when building version map.
03-06 22:21:53.909  6700 11244 E DeviceConfigVersionMapBuilder: Something went wrong when building version map.
03-06 22:21:53.910  1261 10600 I CompositorVR: WarpToScreen: Skipping frames for 14
03-06 22:21:53.910  6700 11244 E DeviceConfigVersionMapBuilder: Something went wrong when building version map.
03-06 22:21:53.911  6700 11244 E DeviceConfigVersionMapBuilder: Something went wrong when building version map.
03-06 22:21:53.917  3036  3179 I [OAO] AudioMixer: Disabling AudioPlayer.
03-06 22:21:53.919  6836  6992 I chatty  : uid=10026 com.oculus.systemux:SystemUX expire 8 lines
03-06 22:21:53.920   860  1359 I chatty  : uid=1000(system) Binder:860_3 identical 1 line
03-06 22:21:53.921  1261 10600 I CompositorVR: WarpToScreen: Skipping frames for 14
03-06 22:21:53.932  1261 10600 I chatty  : uid=10025(com.oculus.systemdriver) OVR::TimeWarp identical 1 line
03-06 22:21:53.941  1058  4242 I DisplayManagerService: Display device removed: DisplayDeviceInfo{"com.oculus.android_panel_app.AndroidPanelLayer-#main": uniqueId="virtual:com.oculus.systemux,10026,com.oculus.android_panel_app.AndroidPanelLayer-#main,0", 840 x 110, modeId 90, defaultModeId 90, supportedModes [{id=90, width=840, height=110, fps=60.0}], colorMode 0, supportedColorModes [0], HdrCapabilities null, density 200, 200.0 x 200.0 dpi, appVsyncOff 0, presDeadline 16666666, touch NONE, rotation 0, type VIRTUAL, state ON, owner com.oculus.systemux (uid 10026), FLAG_PRIVATE, FLAG_NEVER_BLANK, FLAG_OWN_CONTENT_ONLY}
03-06 22:21:53.944  1261 10600 I CompositorVR: WarpToScreen: Skipping frames for 14
03-06 22:21:53.944   860  1359 W TrackingService: attachClient: found client in attached list
03-06 22:21:53.947  3369  3369 D [SEO] PanelServiceConnection: onSeviceConnected - component name (ComponentInfo{com.oculus.systemux/com.oculus.panelapp.anytimeui.AnytimeUIAndroidPanelService}), panel app id (14)
03-06 22:21:53.947  3369  3369 D [SEO] ShellApplication: notify OS to set com.oculus.systemux/com.oculus.panelapp.anytimeui.AnytimeUIAndroidPanelService to FOREGROUND
03-06 22:21:53.950  1261  3094 I FocusedClientsListener: focus: onVrFocusChanged(focusType=0): 6
03-06 22:21:53.950  1261  3094 I FocusedClientsListener: focus: pid=3593
03-06 22:21:53.950  1261  3094 I FocusedClientsListener: focus: pid=3036
03-06 22:21:53.950  1261  3094 I FocusedClientsListener: focus: pid=3369
03-06 22:21:53.950  1261  3094 I FocusedClientsListener: focus: pid=2547
03-06 22:21:53.950  1261  3094 I FocusedClientsListener: focus: pid=2420
03-06 22:21:53.950  1261  3094 I FocusedClientsListener: focus: pid=10454
03-06 22:21:53.950  1261  1300 I FocusedClientsListener: focus: onVrFocusChanged(focusType=1): 5
03-06 22:21:53.950  1261  1300 I FocusedClientsListener: focus: pid=3593
03-06 22:21:53.950  1261  1300 I FocusedClientsListener: focus: pid=3036
03-06 22:21:53.950  1261  1300 I FocusedClientsListener: focus: pid=3369
03-06 22:21:53.950  1261  1300 I FocusedClientsListener: focus: pid=2547
03-06 22:21:53.950  1261  1300 I FocusedClientsListener: focus: pid=2420
03-06 22:21:53.950  1261  5356 I FocusedClientsListener: focus: onVrFocusChanged(focusType=2): 1
03-06 22:21:53.950  1261  5356 I FocusedClientsListener: focus: pid=10454
03-06 22:21:53.953  3369  3369 I [SEO] PanelAppConnection: verifyFirstPartyUID(Debug Signatures=false, uid=10026) => apkSignatureResult=SigCertInfo(isTrusted=true, packageNames=[com.oculus.systemux], fingerprint sha1=98a1809f3c3e79170e5df8135b500ecfa39df1be, fingerprint sha256=012f8165c191efe8fb0d6d4606aa4abac14d77d1d97d5340860c9f81045aa157, signature=308205cf308203b7a0030201020204097e91c1300d06092a864886f70d01010b0500308197310b3009060355040613025553311330110603550408130a43616c69666f726e6961311330110603550407130a4d656e6c6f205061726b31233021060355040a131a46616365626f6f6b20546563686e6f6c6f676965732c204c4c4331233021060355040b131a46616365626f6f6b20546563686e6f6c6f676965732c204c4c43311430120603550403130b4f63756c75732041707073301e170d3139303730343131333935315a170d3436313131393131333935315a308197310b3009060355040613025553311330110603550408130a43616c69666f726e6961311330110603550407130a4d656e6c6f205061726b31233021060355040a131a46616365626f6f6b20546563686e6f6c6f676965732c204c4c4331233021060355040b131a46616365626f6f6b20546563686e6f6c6f676965732c204c4c43311430120603550403130b4f63756c7573204170707330820222300d06092a864886f70d01010105000382020f003082020a0282020100b815642a5c201c8da044905dafbb06c05fddb75449cc75a716a0434da0493a52a4d60643532c237e76cb41d2c32a5e4474f12b37f632a809b5a5ceb8c6289ecf828e736b4ec452b1c2757bd0b5ed13eff5a7a47ab2ef6cdf60a8d749e9e8603f30d12b5db8f734c57578a2a4ce5ff5737c1f02c629d2dcb4f82726674663a699de94463ff370fa9eb48158831bf0b68bd6ec84293182d52e860bdd81bb9ce9cdd6a77fea0df25004da34d3cce7a31069646aa4628fba9ccb0952163793be9a4edf49a53f83179c2f44d8c87d6c129e8d590af0f3fced26201ee43b31fccd93b497cd198c5cd1f98d64c4f7ad79ca47278c02652d5dc072a99807e22f473f7bae4da2bafcae48cd49ad55a764b8d39f329f6175eac9074307deff48b1c4a6e19b748766617768c31a17feae8478eb7f9ebfb61af2b9f5a692b636342d7ebc53d7146626b51801b5a0a102e281475decdefb8683d0ca2843dc7aaeb6759bcab0dcba38db44f5d7f797a1c9c02dd159c0e3c72b14dc882d31c24ad8abee4ce0f7f0205e05efef551e2551a61e96636ed5dfd7435d3d24f5a130a12f10452cc954aa770d5d95e3e0cb9d7b05c5506a7947f8ff3437b3d82274fdaa156d85bfb7fbcb4fa5557080fedab86520b71d3d533e7bb3e7e3ebe9712b68e755d700b0afbf7595ffa80a6b3d90bfe599769138ee6515df415e32c0abed2b8e4aea1f47351f490203010001a321301f301d0603551d0e04160414a3c939e6b71c43bc9193f773c0351be1aff311f9300d06092a864886f70d01010b050003820201004e4c865231f2a3583c6af9488ecf9aa96b1ee84e2d7bfad00581537dc70c54ecfcf360e563d018efa4cdd77bf6fc4c9f1a20ebd4215cf1538686d4089bdcc8adb6ae4497ead14b0c18efd52ce93357019973e94e16b3326c60885b1bdc5f9cad1098f16732935876d8d19bda3ceeaaa69a83c4e2231710c6735f88abdfffe3dfa2be3f18f894923441b4e4a9c9664ed6294c16d7c073547063bfdbbefad184a001f1dce2feffdc96d10eb16a3bfbcd382cd297ca3b4edb7ebacd1a9931a1368a5157ceaebbca5b39bd5db5461a340db8ec076d38a94bcdd042bfb51388158ba97a49b631c1762fa746c7bb36eaf15cae23fa993cfb052e824f2ae173ea27b50a6cca91eb955f4faf131514757e5a3ecae9df6d23771279b7742f28fb9ce394eb9e03926f550716f1312355a5efdc479d8347b516cff55cb14307c81280142cacf2fd6562a2baacbfc97869272b1c51abf79121de8bab227e001313d4115eb9b33a332ebb34e290f14b5352ef1038f7a5f3740c9d1136b3526de4331deb4fa529c36a17c04c3e64d4f6ebda73d6e6e18281e3948fd11e685eab6611be1bc62839bce5962715e7f6537e6c083bcd3538d17407b26c850cd6b3f5e2149fdef027a6cfb7ed0f93c928aca14927b10c6a3f104ba1b10413af8b1868b84a004e5ddd065fff26a7bb3c818bb5a2d69aedf9441ef9033efae3ef52282a96f66d4b4ff3f2)
03-06 22:21:53.955  1261 10600 I CompositorVR: WarpToScreen: Skipping frames for 14
03-06 22:21:53.964  1915  2308 I OVRMediaService: onStartCommand Received message type: com.oculus.horizon.GET_CAPTURE_STATE_ACTION, caller package: no_app_identity, app identify: null
03-06 22:21:53.965   860   860 W TrackingService: attachClient: found client in attached list
03-06 22:21:53.966  1261 10600 I CompositorVR: WarpToScreen: Skipping frames for 14
03-06 22:21:53.968   860 10611 W [CT]    : VEGA:MAP_TRACKING_HM: [Throttled count=5] Bad map tracking: map tracking failed @ Submap id = 2, version = 53761256 with status: 2
03-06 22:21:53.968   860 10611 W [CT]    : VEGA:MAP_TRACKING_HM: [Throttled count=5] Map tracking did not run.
03-06 22:21:53.977  1261 10600 I CompositorVR: WarpToScreen: Skipping frames for 14
03-06 22:21:53.981  6836 11288 I chatty  : uid=10026 com.oculus.systemux:SystemUX expire 24 lines
03-06 22:21:53.982  1915  2308 I FileCapture: broadcast capture state to AUI running = false, with mode -1
03-06 22:21:53.983  3369  3369 D [SEO] ShellControlBroadcastReceiver: onReceive with MainActivity native pointer 3761560816, action com.oculus.systemactivities.CAPTURE_STATE_UPDATE
03-06 22:21:53.983  3369  3369 D [SEO] ShellControlBroadcastReceiver: isLaunchAction = false, isTrustedAppLaunch = false
03-06 22:21:53.983  3369  3369 D [SEO] ShellControlBroadcastReceiver: IsCaptureStateUpdateAction
03-06 22:21:53.985   852  4771 V C2Store : in init
03-06 22:21:53.985  3036 11214 I [OAO] AudioMixer: Notifying VrThread to shutdown.
03-06 22:21:53.985   852  4771 V C2Store : loading dll
03-06 22:21:53.985  3036  3179 I [OAO] AudioMixer: Successful shutdown.
03-06 22:21:53.985  3036  3179 I [OAO] AudioEngine: virtual void AudioLibrary::AudioEngine::DisablePlayer()
03-06 22:21:53.985  3036  3179 I [OAO] AudioEngine: Setting ShuttingDown.
03-06 22:21:53.988  1261 10600 I CompositorVR: WarpToScreen: Skipping frames for 14
03-06 22:21:53.990  3036  3036 D DeviceHelper: isScreenOn = true
03-06 22:21:53.990  1915  2308 I OVRMediaServiceManager: Metacam is enabled.
03-06 22:21:53.990  3036  3036 D [OAO] ShellOverlayBroadcastReceiver: onReceive with ShellOverlayService native pointer 3569382976, action com.oculus.systemactivities.CAPTURE_STATE_UPDATE
03-06 22:21:53.993   860 10611 I [CT]    : VIPER: Environment brightness changed from 0 to 2
03-06 22:21:53.999  1261 10600 I CompositorVR: WarpToScreen: Skipping frames for 14
03-06 22:21:54.005  3036 11214 I [OAO] AudioMixer: Notifying VrThread to shutdown.
03-06 22:21:54.005  3036 11214 I [OAO] AudioEngine: Fading final buffer
03-06 22:21:54.009   821  1362 D BufferPoolAccessor: bufferpool2 0xf22c2110 : 0(0 size) total buffers - 0(0 size) used buffers - 7/18 (recycle/alloc) - 11/30 (fetch/transfer)
03-06 22:21:54.009   821  1362 D BufferPoolAccessor: Destruction - bufferpool2 0xf22c2110 cached: 0/0M, 0/0% in use; allocs: 18, 39% recycled; transfers: 30, 63% unfetced
03-06 22:21:54.011  1261 10600 I CompositorVR: WarpToScreen: Skipping frames for 14
03-06 22:21:54.014   852 11289 D SimpleC2Component: Using output block pool with poolID 72 => got 72 - 0
03-06 22:21:54.016  2420  2921 I GuardianSystem: [GuardianSystem::CheckEnvironmentStatus] Environment Status changed: 97 to 98
03-06 22:21:54.017   820  1686 D MediaBufferGroup: creating MemoryDealer
03-06 22:21:54.022  1261 10600 I CompositorVR: WarpToScreen: Skipping frames for 14
03-06 22:21:54.025  3036 11214 I [OAO] AudioEngine: Notifying VrThread to shutdown.
03-06 22:21:54.025  3036 11214 D         : PlayerBase::stop() from IPlayer
03-06 22:21:54.025  3036 11214 D AudioTrack: stop(105): called with 104640 frames delivered
03-06 22:21:54.025  3036  3179 I [OAO] AudioEngine: Stopping player
