03-09 18:59:53.142  3275 15347 D CCodec  : setup formats input: AMessage(what = 0x00000000) = {
03-09 18:59:53.142  3275 15347 D CCodec  :   int32_t channel-count = 2
03-09 18:59:53.142  3275 15347 D CCodec  :   int32_t max-input-size = 32768
03-09 18:59:53.142  3275 15347 D CCodec  :   string mime = "audio/vorbis"
03-09 18:59:53.142  3275 15347 D CCodec  :   int32_t sample-rate = 44100
03-09 18:59:53.142  3275 15347 D CCodec  : } and output: AMessage(what = 0x00000000) = {
03-09 18:59:53.142  3275 15347 D CCodec  :   int32_t channel-count = 2
03-09 18:59:53.142  3275 15347 D CCodec  :   string mime = "audio/raw"
03-09 18:59:53.142  3275 15347 D CCodec  :   int32_t sample-rate = 44100
03-09 18:59:53.142  3275 15347 D CCodec  :   int32_t channel-mask = 3
03-09 18:59:53.142  3275 15347 D CCodec  : }
03-09 18:59:53.143 13337 13408 E OsSdk   : error getting shared memory region, memory type: HeadTracker, failed with Status(-1, EX_SECURITY): 'requested shared memory region when not registered/focused'
03-09 18:59:53.143 13337 13408 W [CT]    : SlamAnchorMemoryRuntimeIpcServer: HeadTracker::getState failed
03-09 18:59:53.143 13337 13408 W [CT]    : SlamAnchorMemoryRuntimeIpcServerThread: RigidBodyStates update failure.
03-09 18:59:53.145   861 13691 I [CT]    : CONSTELLATION: L: Detected static IMU, no button event and has tracked position => Applying constant controller pose.
03-09 18:59:53.153  1260 15059 I CompositorVR: WarpToScreen: Skipping frames for 17
03-09 18:59:53.160  2057  2070 I vrshell:Overla: Background concurrent copying GC freed 19145(1551KB) AllocSpace objects, 11(472KB) LOS objects, 49% free, 2020KB/4041KB, paused 94us total 268.565ms
03-09 18:59:53.162  2057  2073 W System  : A resource failed to call release. 
03-09 18:59:53.163  2057  2073 I chatty  : uid=10020(com.oculus.vrshell) FinalizerDaemon identical 2 lines
03-09 18:59:53.164  2057  2073 W System  : A resource failed to call release. 
03-09 18:59:53.164  1260 15059 I CompositorVR: WarpToScreen: Skipping frames for 17
03-09 18:59:53.164  2057  2073 W System  : A resource failed to call release. 
03-09 18:59:53.164  2057  2073 I chatty  : uid=10020(com.oculus.vrshell) FinalizerDaemon identical 2 lines
03-09 18:59:53.164  2057  2073 W System  : A resource failed to call release. 
03-09 18:59:53.165  3275 15347 W Codec2Client: query -- param skipped: index = 1342179345.
03-09 18:59:53.165  3275 15347 W Codec2Client: query -- param skipped: index = 2415921170.
03-09 18:59:53.165  2057  2073 W System  : A resource failed to call release. 
03-09 18:59:53.165  2057  2073 W System  : A resource failed to call release. 
03-09 18:59:53.165  3275 15347 D CCodecBufferChannel: [c2.android.vorbis.decoder#854] Created input block pool with allocatorID 16 => poolID 31 - OK (0)
03-09 18:59:53.166  3275 15347 I CCodecBufferChannel: [c2.android.vorbis.decoder#854] Created output block pool with allocatorID 16 => poolID 71 - OK
03-09 18:59:53.166  3275 15347 D CCodecBufferChannel: [c2.android.vorbis.decoder#854] Configured output block pool ids 71 => OK
03-09 18:59:53.170   834 15348 D SimpleC2Component: Using output block pool with poolID 71 => got 71 - 0
03-09 18:59:53.171  2057  2073 W System  : A resource failed to call release. 
03-09 18:59:53.174  3275 15347 D CCodecBufferChannel: [c2.android.vorbis.decoder#854] Discard frames from previous generation.
03-09 18:59:53.175  1260 15059 I CompositorVR: WarpToScreen: Skipping frames for 17
03-09 18:59:53.177  3275 15347 D CCodecBufferChannel: [c2.android.vorbis.decoder#854] Discard frames from previous generation.
03-09 18:59:53.180 14799 15124 D UE4     : [2023.03.09-18.59.53:180][153]LogTcpMessaging: Lost node 'D647EC3D4B069FBDE449EBABEFAA400C' on connection '127.0.0.1:40879'...
03-09 18:59:53.185 13337 13408 W [CT]    : SlamAnchorMemoryRuntimeIpcServer: HeadTracker::getState failed
03-09 18:59:53.185 13337 13408 W [CT]    : SlamAnchorMemoryRuntimeIpcServerThread: RigidBodyStates update failure.
03-09 18:59:53.185   861  1577 I chatty  : uid=1000(system) Binder:861_4 identical 19 lines
03-09 18:59:53.186  1260 15059 I CompositorVR: WarpToScreen: Skipping frames for 17
03-09 18:59:53.188  5987  5987 D [SUI] SystemUXFunnelLogServerLogger: VPV Event: oculus_impressions_tile_vpved LogInfo{duration=250, mLogId='com.oculus.explore', mContentType=APP, mPosX=0, mPosy=0, mGlobalPos=0, mSurface=AUI, mSubSurface=null, mClickEventType=null, mClickEventName=null, mAdditionalParameters={aui_section=pinned, aui_position_in_section=0}}
03-09 18:59:53.188  5987  5987 D [SUI] SystemUXFunnelLogServerLogger: VPV Event: oculus_impressions_tile_vpved LogInfo{duration=250, mLogId='com.oculus.store', mContentType=APP, mPosX=1, mPosy=0, mGlobalPos=1, mSurface=AUI, mSubSurface=null, mClickEventType=null, mClickEventName=null, mAdditionalParameters={aui_section=pinned, aui_position_in_section=1}}
03-09 18:59:53.188  5987  5987 D [SUI] SystemUXFunnelLogServerLogger: VPV Event: oculus_impressions_tile_vpved LogInfo{duration=250, mLogId='messenger_system_app', mContentType=APP, mPosX=2, mPosy=0, mGlobalPos=2, mSurface=AUI, mSubSurface=null, mClickEventType=null, mClickEventName=null, mAdditionalParameters={aui_section=pinned, aui_position_in_section=2}}
03-09 18:59:53.188  5987  5987 D [SUI] SystemUXFunnelLogServerLogger: VPV Event: oculus_impressions_tile_vpved LogInfo{duration=250, mLogId='share_system_app', mContentType=APP, mPosX=3, mPosy=0, mGlobalPos=3, mSurface=AUI, mSubSurface=null, mClickEventType=null, mClickEventName=null, mAdditionalParameters={aui_section=pinned, aui_position_in_section=3}}
03-09 18:59:53.188  5987  5987 D [SUI] SystemUXFunnelLogServerLogger: VPV Event: oculus_impressions_tile_vpved LogInfo{duration=250, mLogId='file_viewer', mContentType=APP, mPosX=5, mPosy=0, mGlobalPos=5, mSurface=AUI, mSubSurface=null, mClickEventType=null, mClickEventName=null, mAdditionalParameters={aui_section=recent, aui_position_in_section=0}}
03-09 18:59:53.188  5987  5987 D [SUI] SystemUXFunnelLogServerLogger: VPV Event: oculus_impressions_tile_vpved LogInfo{duration=250, mLogId='file_manager', mContentType=APP, mPosX=6, mPosy=0, mGlobalPos=6, mSurface=AUI, mSubSurface=null, mClickEventType=null, mClickEventName=null, mAdditionalParameters={aui_section=recent, aui_position_in_section=1}}
03-09 18:59:53.190 13337 13463 E OsSdk   : error getting shared memory region, memory type: HeadTracker, failed with Status(-1, EX_SECURITY): 'requested shared memory region when not registered/focused'
03-09 18:59:53.197  1260 15059 I CompositorVR: WarpToScreen: Skipping frames for 17
03-09 18:59:53.199   834 15331 D BufferPoolAccessor: Destruction - bufferpool2 0x31ec77e830 cached: 0/0M, 0/0% in use; allocs: 0, 0% recycled; transfers: 0, 0% unfetced
03-09 18:59:53.199   834 15331 V C2Store : in ~ComponentModule
03-09 18:59:53.199   834 15331 V C2Store : unloading dll
03-09 18:59:53.208  1260 15059 I CompositorVR: WarpToScreen: Skipping frames for 17
03-09 18:59:53.219  1260 15059 I CompositorVR: WarpToScreen: Skipping frames for 17
03-09 18:59:53.230  5987  5987 I [SUI] AnytimeUIAndroidPanelApp: showNotificationToast: key = 0|com.oculus.horizon|10001|cameraroll|10032, found = true
03-09 18:59:53.230  1260 15059 I CompositorVR: WarpToScreen: Skipping frames for 17
03-09 18:59:53.231   861  1577 W TrackingService: attachClient: found client in attached list
03-09 18:59:53.231 13337 13408 E OsSdk   : error getting shared memory region, memory type: HeadTracker, failed with Status(-1, EX_SECURITY): 'requested shared memory region when not registered/focused'
03-09 18:59:53.231 13337 13408 W [CT]    : SlamAnchorMemoryRuntimeIpcServer: HeadTracker::getState failed
03-09 18:59:53.232 13337 13408 W [CT]    : SlamAnchorMemoryRuntimeIpcServerThread: RigidBodyStates update failure.
03-09 18:59:53.235  5987  5987 E [SUI] NotificationDataSetService: Unable to mark toast status for 0|com.oculus.horizon|10001|cameraroll|10032
03-09 18:59:53.237  5987  5987 I AndroidPanelApp: HideLayer(toast, shape: 1, shouldMinimizeLayer: false)
03-09 18:59:53.237   861   861 W TrackingService: attachClient: found client in attached list
03-09 18:59:53.238  1052  2266 I DisplayManagerService: Display device added: DisplayDeviceInfo{"com.oculus.android_panel_app.AndroidPanelLayer-toast": uniqueId="virtual:com.oculus.systemux,10026,com.oculus.android_panel_app.AndroidPanelLayer-toast,0", 525 x 1250, modeId 128, defaultModeId 128, supportedModes [{id=128, width=525, height=1250, fps=60.0}], colorMode 0, supportedColorModes [0], HdrCapabilities null, density 200, 200.0 x 200.0 dpi, appVsyncOff 0, presDeadline 16666666, touch NONE, rotation 0, type VIRTUAL, state OFF, owner com.oculus.systemux (uid 10026), FLAG_PRIVATE, FLAG_NEVER_BLANK, FLAG_OWN_CONTENT_ONLY}
03-09 18:59:53.238 13337 13463 E OsSdk   : error getting shared memory region, memory type: HeadTracker, failed with Status(-1, EX_SECURITY): 'requested shared memory region when not registered/focused'
03-09 18:59:53.240 13337 13463 E OsSdk   : error getting shared memory region, memory type: AnchorTracker, failed with Status(-1, EX_SECURITY): 'requested shared memory region when not registered/focused'
03-09 18:59:53.242  1260 15059 I CompositorVR: WarpToScreen: Skipping frames for 17
03-09 18:59:53.244  1052  1446 I DisplayManagerService: Display device removed: DisplayDeviceInfo{"com.oculus.android_panel_app.AndroidPanelLayer-toast": uniqueId="virtual:com.oculus.systemux,10026,com.oculus.android_panel_app.AndroidPanelLayer-toast,0", 525 x 1250, modeId 128, defaultModeId 128, supportedModes [{id=128, width=525, height=1250, fps=60.0}], colorMode 0, supportedColorModes [0], HdrCapabilities null, density 200, 200.0 x 200.0 dpi, appVsyncOff 0, presDeadline 16666666, touch NONE, rotation 0, type VIRTUAL, state OFF, owner com.oculus.systemux (uid 10026), FLAG_PRIVATE, FLAG_NEVER_BLANK, FLAG_OWN_CONTENT_ONLY}
03-09 18:59:53.245  1052  1446 I DisplayManagerService: Display device added: DisplayDeviceInfo{"com.oculus.android_panel_app.AndroidPanelLayer-toast": uniqueId="virtual:com.oculus.systemux,10026,com.oculus.android_panel_app.AndroidPanelLayer-toast,0", 525 x 1, modeId 129, defaultModeId 129, supportedModes [{id=129, width=525, height=1, fps=60.0}], colorMode 0, supportedColorModes [0], HdrCapabilities null, density 200, 200.0 x 200.0 dpi, appVsyncOff 0, presDeadline 16666666, touch NONE, rotation 0, type VIRTUAL, state OFF, owner com.oculus.systemux (uid 10026), FLAG_PRIVATE, FLAG_NEVER_BLANK, FLAG_OWN_CONTENT_ONLY}
03-09 18:59:53.248  5987 15281 D [SUI] ToastLayerView: showNotification(10001)
03-09 18:59:53.248  5987  5987 E [SUI] NotificationDataSetService: Unable to mark toast status for 0|com.oculus.horizon|10001|cameraroll|10032
03-09 18:59:53.249  5987  5987 I AndroidPanelApp: Processing pending hide layer for layer toast.
03-09 18:59:53.249  5987  5987 I AndroidPanelApp: Processing pending show layer info for layer toast with width 525 and height 1.
03-09 18:59:53.249  5987  5987 I AndroidPanelApp: layerSupersample no changes
03-09 18:59:53.251  5987 15281 E NotificationView: Unable to retrieve a valid action display type
03-09 18:59:53.253  1260 15059 I CompositorVR: WarpToScreen: Skipping frames for 17
03-09 18:59:53.253  5987 15281 E stemux:SystemU: No package ID ff found for ID 0xffffffff.
03-09 18:59:53.253  5987 15281 E Icon    : Unable to load resource 0xffffffff from pkg=com.oculus.horizon
03-09 18:59:53.253  5987 15281 E Icon    : android.content.res.Resources$NotFoundException: Resource ID #0xffffffff
03-09 18:59:53.253  5987 15281 E Icon    : 	at android.content.res.ResourcesImpl.getValueForDensity(ResourcesImpl.java:246)
03-09 18:59:53.253  5987 15281 E Icon    : 	at android.content.res.Resources.getDrawableForDensity(Resources.java:905)
03-09 18:59:53.253  5987 15281 E Icon    : 	at android.content.res.Resources.getDrawable(Resources.java:845)
03-09 18:59:53.253  5987 15281 E Icon    : 	at android.graphics.drawable.Icon.loadDrawableInner(Icon.java:370)
03-09 18:59:53.253  5987 15281 E Icon    : 	at android.graphics.drawable.Icon.loadDrawable(Icon.java:323)
03-09 18:59:53.253  5987 15281 E Icon    : 	at com.oculus.notifications.view.NotificationView.getConfiguredActionButton(NotificationView.kt:289)
03-09 18:59:53.253  5987 15281 E Icon    : 	at com.oculus.notifications.view.NotificationView.getActionButtons(NotificationView.kt:244)
03-09 18:59:53.253  5987 15281 E Icon    : 	at com.oculus.notifications.view.ToastConfigurationUtil$Companion.loadNotificationActions(ToastConfigurationUtil.kt:367)
03-09 18:59:53.253  5987 15281 E Icon    : 	at com.oculus.notifications.view.NotificationView.configureNotification(NotificationView.kt:87)
03-09 18:59:53.253  5987 15281 E Icon    : 	at com.oculus.notifications.view.NotificationView$Companion.getViewForNotification(NotificationView.kt:428)
03-09 18:59:53.253  5987 15281 E Icon    : 	at com.oculus.notifications.view.NotificationView.getViewForNotification(Unknown Source:2)
03-09 18:59:53.253  5987 15281 E Icon    : 	at com.oculus.panelapp.anytimeui.toast.view.ToastLayerView.lambda$showNotification$0$ToastLayerView(ToastLayerView.java:106)
03-09 18:59:53.253  5987 15281 E Icon    : 	at com.oculus.panelapp.anytimeui.toast.view.-$$Lambda$ToastLayerView$PAU2P8JmfnsZZEsdUEOFkLmN_cA.run(Unknown Source:10)
03-09 18:59:53.253  5987 15281 E Icon    : 	at java.util.concurrent.ThreadPoolExecutor.runWorker(ThreadPoolExecutor.java:1167)
03-09 18:59:53.253  5987 15281 E Icon    : 	at java.util.concurrent.ThreadPoolExecutor$Worker.run(ThreadPoolExecutor.java:641)
03-09 18:59:53.253  5987 15281 E Icon    : 	at java.lang.Thread.run(Thread.java:919)
03-09 18:59:53.253  5987 15281 V ToastConfigurationUtil: Actions have invalid parameters, hide actions.
03-09 18:59:53.253  5987 15281 V ToastConfigurationUtil: java.security.InvalidParameterException: Cannot load action icon as bitmap drawable or background as drawable.
03-09 18:59:53.253  5987 15281 V ToastConfigurationUtil: 	at com.oculus.notifications.view.NotificationView.getConfiguredActionButton(NotificationView.kt:292)
03-09 18:59:53.253  5987 15281 V ToastConfigurationUtil: 	at com.oculus.notifications.view.NotificationView.getActionButtons(NotificationView.kt:244)
03-09 18:59:53.253  5987 15281 V ToastConfigurationUtil: 	at com.oculus.notifications.view.ToastConfigurationUtil$Companion.loadNotificationActions(ToastConfigurationUtil.kt:367)
03-09 18:59:53.253  5987 15281 V ToastConfigurationUtil: 	at com.oculus.notifications.view.NotificationView.configureNotification(NotificationView.kt:87)
03-09 18:59:53.253  5987 15281 V ToastConfigurationUtil: 	at com.oculus.notifications.view.NotificationView$Companion.getViewForNotification(NotificationView.kt:428)
03-09 18:59:53.253  5987 15281 V ToastConfigurationUtil: 	at com.oculus.notifications.view.NotificationView.getViewForNotification(Unknown Source:2)
03-09 18:59:53.253  5987 15281 V ToastConfigurationUtil: 	at com.oculus.panelapp.anytimeui.toast.view.ToastLayerView.lambda$showNotification$0$ToastLayerView(ToastLayerView.java:106)
03-09 18:59:53.253  5987 15281 V ToastConfigurationUtil: 	at com.oculus.panelapp.anytimeui.toast.view.-$$Lambda$ToastLayerView$PAU2P8JmfnsZZEsdUEOFkLmN_cA.run(Unknown Source:10)
03-09 18:59:53.253  5987 15281 V ToastConfigurationUtil: 	at java.util.concurrent.ThreadPoolExecutor.runWorker(ThreadPoolExecutor.java:1167)
03-09 18:59:53.253  5987 15281 V ToastConfigurationUtil: 	at java.util.concurrent.ThreadPoolExecutor$Worker.run(ThreadPoolExecutor.java:641)
03-09 18:59:53.253  5987 15281 V ToastConfigurationUtil: 	at java.lang.Thread.run(Thread.java:919)
03-09 18:59:53.257  1052  1076 W InputReader: Device has associated, but no associated display id.
03-09 18:59:53.264  1260 15059 I CompositorVR: WarpToScreen: Skipping frames for 17
03-09 18:59:53.267  1052  1078 W InputReader: Device has associated, but no associated display id.
03-09 18:59:53.267  1052  1078 I ActivityTaskManager: Override config changes=20005df8 {0.0 ?mcc?mnc ?localeList ?layoutDir sw420dp w420dp h1000dp 200dpi nrml long port ?uimode ?night -touch qwerty/v/v -nav/h winConfig={ mBounds=Rect(0, 0 - 525, 1250) mAppBounds=Rect(0, 0 - 525, 1250) mWindowingMode=fullscreen mDisplayWindowingMode=fullscreen mActivityType=undefined mAlwaysOnTop=undefined mRotation=ROTATION_0}} for displayId=67
03-09 18:59:53.275  1260 15059 I CompositorVR: WarpToScreen: Skipping frames for 17
03-09 18:59:53.278 13337 13408 E OsSdk   : error getting shared memory region, memory type: HeadTracker, failed with Status(-1, EX_SECURITY): 'requested shared memory region when not registered/focused'
03-09 18:59:53.278 13337 13408 W [CT]    : SlamAnchorMemoryRuntimeIpcServer: HeadTracker::getState failed
03-09 18:59:53.278 13337 13408 W [CT]    : SlamAnchorMemoryRuntimeIpcServerThread: RigidBodyStates update failure.
03-09 18:59:53.280   861  1193 I [CT]    : Vega:MapBuilderBase: Created keyRig with frameID 12560 and uid 5e1568ff
03-09 18:59:53.282 13337 13463 E OsSdk   : error getting shared memory region, memory type: HeadTracker, failed with Status(-1, EX_SECURITY): 'requested shared memory region when not registered/focused'
03-09 18:59:53.286  1260 15059 I CompositorVR: WarpToScreen: Skipping frames for 17
03-09 18:59:53.289  2057  2820 I [OAO] PanelAppHost: Setting panel layer visibility of layer "toast" to invisible, panel 13 (com.oculus.systemux/com.oculus.panelapp.anytimeui.AnytimeUIAndroidPanelService)
03-09 18:59:53.289  2057  2820 I [OAO] PanelAppHost: Resize layer toast to size 525 x 1 shape: 1 stereo: 0, panel 13 (com.oculus.systemux/com.oculus.panelapp.anytimeui.AnytimeUIAndroidPanelService)
03-09 18:59:53.289  2057  2820 I [OAO] PanelRenderLayer: ResetSurface toast 525 x 1 - shape:1 stereo:0
03-09 18:59:53.289   861  1193 I [CT]    : KEYPOINT_CACHE: New keyrig added has 173 corners and 86 tracks to immature points that will be used to extract descriptors and insert into the index.
03-09 18:59:53.293  5987  5987 I AndroidPanelApp: Processing next frame action "layerShow" for layer "toast"
03-09 18:59:53.297  1260 15059 I CompositorVR: WarpToScreen: Skipping frames for 17
03-09 18:59:53.299   861 15045 I [CT]    : VIPER: Environment brightness changed from 2 to 0
03-09 18:59:53.300  1052  1076 W InputReader: Device has associated, but no associated display id.
03-09 18:59:53.301   861  1193 I [CT]    : MapCullingTask: Culled 0 L1 nodes, 1 individual keyrigs, and 1 individual points
03-09 18:59:53.301   861  1193 I [CT]    : Vega:SubmapPublisher: Tracking parent no change: frame movement above thresh -> Publish
03-09 18:59:53.301   861  1193 I [CT]    : Vega:SubmapPublisher: Start to publish submaps, found candidates:  3
03-09 18:59:53.301   861  1193 E [CT]    : SubmapRecords: findSubmapId found 2 submap records hold the same query krHandle
03-09 18:59:53.305  1052  1446 E WindowManager: App trying to use insecure INPUT_FEATURE_NO_INPUT_CHANNEL flag. Ignoring
03-09 18:59:53.306  1052  1078 I DisplayManagerService: Display device changed state: "com.oculus.android_panel_app.AndroidPanelLayer-toast", ON
03-09 18:59:53.308  1260 15059 I CompositorVR: WarpToScreen: Skipping frames for 17
03-09 18:59:53.318 13337 13425 D xrstreaming: receive ping: org 0 recv 0 xmt 7944826204700 (received at 5139024108349), offset divergence 151628
03-09 18:59:53.319 14799 14831 D UE4     : [2023.03.09-18.59.53:319][153]LogCore: Display: AppLifetime: Application will deactivate
03-09 18:59:53.320  1260 15059 I CompositorVR: WarpToScreen: Skipping frames for 17
03-09 18:59:53.320 14799 15117 D OVRPlugin: Leaving VR mode.
03-09 18:59:53.320 14799 15117 I VrApi   : ---------- vrapi_LeaveVrMode [start] ----------
03-09 18:59:53.321 13337 13408 E OsSdk   : error getting shared memory region, memory type: HeadTracker, failed with Status(-1, EX_SECURITY): 'requested shared memory region when not registered/focused'
03-09 18:59:53.321 13337 13408 W [CT]    : SlamAnchorMemoryRuntimeIpcServer: HeadTracker::getState failed
03-09 18:59:53.321 13337 13408 W [CT]    : SlamAnchorMemoryRuntimeIpcServerThread: RigidBodyStates update failure.
03-09 18:59:53.323   861  1195 I [CT]    : VIPER:DEEP_DESCRIPTOR: Computing Deep Descriptors using gravity orientation.
03-09 18:59:53.328  2057  2820 I [OAO] LayerSwapChainResource: LayerSwapChainResource 525,1 : 2
03-09 18:59:53.328  2057  2820 I [OAO] SwapChainApiOpenXr: CreateTextureSwapChain 525,1 - 2
03-09 18:59:53.328  1260  2750 I VrRuntimeService: CreateSwapChain: 1526707151
03-09 18:59:53.328  1260  2750 I VrRuntimeService: CreateSwapChain: api:gles 0 0x8c43 525 1 10 2 1 0 3
03-09 18:59:53.329  3023  3043 I [CT]    : MIXEDREALITY: MrServiceController: VrFocusManager::Top Activity Changed, topActivity now is: 'com.oculus.shellenv', immersiveApp now is: ''.
03-09 18:59:53.329  3023  3139 I [CT]    : MIXEDREALITY: OpenXrSupport: renderIteration: Display refresh rate changed, new value: 90.
03-09 18:59:53.329  1260  3172 I FocusedClientsListener: focus: onTopActivityChanged: com.oculus.shellenv
03-09 18:59:53.329  3023  3139 I [CT]    : MIXEDREALITY: MrRuntimeImpl: onDisplayRefreshRateChanged: Display rate changed from 72 to 90.
03-09 18:59:53.329  1260  2750 I VrRuntimeServer: CreateTextureSwapChain: result importswapchaingles 1
03-09 18:59:53.329  3023  3139 I [CT]    : MIXEDREALITY: MrRuntimeImpl: Force telemetry to be sent now.
03-09 18:59:53.329  3023  3139 I [CT]    : MIXEDREALITY: MrRuntimeImpl: Reset telemetry such to start collecting data using the new refresh rate.
03-09 18:59:53.329  3023  3139 I [CT]    : MIXEDREALITY: MrRuntimeImpl: setSessionInitTime: Capability 0: timer set to 5139.035407203 ns, duration reset after 786.732926471 s.
03-09 18:59:53.329  3023  3139 I [CT]    : MIXEDREALITY: MrRuntimeImpl: setSessionInitTime: Capability 2: timer set to 5139.035452776 ns, duration reset after 1186.020027204 s.
03-09 18:59:53.329  3023  3139 I [CT]    : MIXEDREALITY: MrServiceView: renderIteration: Nothing to render, hibernating the rendering thread since ID is off and no active PT layers.
03-09 18:59:53.329  3023  3139 I [CT]    : MIXEDREALITY: MrServiceModel: Hibernating caller (most likely rendering thread) due to commandQueue being empty.
03-09 18:59:53.329  2057  2057 I [OAO] ShellOverlayServiceJNI: NativeSendOverlayCommand
03-09 18:59:53.329  2057  2057 I [OAO] ShellOverlayServiceJNI: NativeWake
03-09 18:59:53.330  2057  2057 I [OAO] ShellOverlayMain: WakeVrThread
03-09 18:59:53.330  2057  2057 I [OAO] ShellOverlayMain: WakeVrThread - notifying vr thread
03-09 18:59:53.330 13337 13408 E OsSdk   : error getting shared memory region, memory type: AnchorTracker, failed with Status(-1, EX_SECURITY): 'requested shared memory region when not registered/focused'
03-09 18:59:53.330 13337 13408 W [CT]    : SlamAnchorMemoryRuntimeIpcServer: getAnchorStates failed
03-09 18:59:53.330 13337 13408 W [CT]    : SlamAnchorMemoryRuntimeIpcServerThread: AnchorStates update failure.
03-09 18:59:53.330  1052  1078 W InputReader: Device has associated, but no associated display id.
03-09 18:59:53.330  1052  1078 I ActivityTaskManager: Override config changes=200055f8 {0.0 ?mcc?mnc ?localeList ?layoutDir ?swdp w420dp ?hdp 200dpi smll land ?uimode ?night -touch qwerty/v/v -nav/h winConfig={ mBounds=Rect(0, 0 - 525, 1) mAppBounds=Rect(0, 0 - 525, 1) mWindowingMode=fullscreen mDisplayWindowingMode=fullscreen mActivityType=undefined mAlwaysOnTop=undefined mRotation=ROTATION_0}} for displayId=68
03-09 18:59:53.331  1260 15059 I CompositorVR: WarpToScreen: Skipping frames for 17
03-09 18:59:53.331  2899  3049 I GuardianSystem: [GuardianSystem::CheckEnvironmentStatus] Environment Status changed: 34 to 33
03-09 18:59:53.331  1260  3002 I VrRuntimeService: RuntimeServiceSDKServer::SetGuardianSystemState: 1280640944
03-09 18:59:53.332  1260  3172 I FocusedClientsListener: focus: onTopActivityChanged: com.oculus.shellenv
03-09 18:59:53.332 13337 13463 E OsSdk   : error getting shared memory region, memory type: HeadTracker, failed with Status(-1, EX_SECURITY): 'requested shared memory region when not registered/focused'
03-09 18:59:53.332  3023  3043 I [CT]    : MIXEDREALITY: MrServiceController: VrFocusManager::Top Activity Changed, topActivity now is: 'com.oculus.shellenv', immersiveApp now is: ''.
03-09 18:59:53.332 14799 15117 I XrRuntimeUtils: XrRuntimeUtils::EndSession
03-09 18:59:53.334  3023  3139 I [CT]    : MIXEDREALITY: MrServiceView: renderIteration: Nothing to render, hibernating the rendering thread since ID is off and no active PT layers.
03-09 18:59:53.334  3023  3139 I [CT]    : MIXEDREALITY: MrServiceModel: Hibernating caller (most likely rendering thread) due to commandQueue being empty.
03-09 18:59:53.342  1260 15059 I CompositorVR: WarpToScreen: Skipping frames for 17
03-09 18:59:53.343  2057  2057 I [OAO] ShellOverlayServiceJNI: NativeSendOverlayCommand
03-09 18:59:53.343  2057  2057 I [OAO] ShellOverlayServiceJNI: NativeWake
03-09 18:59:53.343  2057  2057 I [OAO] ShellOverlayMain: WakeVrThread
03-09 18:59:53.343  2057  2057 I [OAO] ShellOverlayMain: WakeVrThread - notifying vr thread
03-09 18:59:53.344  2899  3049 I GuardianSystem: UpdateGuardianSystemState: Flags changed: 524288, 532480, SYSTEM_GUARDIAN_VALID to SYSTEM_GUARDIAN_VISIBLE,SYSTEM_GUARDIAN_VALID
03-09 18:59:53.350   861  1193 I [CT]    : VegaBAOptimize: Num points adjusted: 805 fixed: 0 Num residuals in-in: 3060 in-out: 447 out-in: 0 fixed (out-out): 0 outside ROI: 0 total: 3708
03-09 18:59:53.353  1260 15059 I CompositorVR: WarpToScreen: Skipping frames for 17
03-09 18:59:53.360   861  1193 I [CT]    : VegaBAOptimize: Total: neighbor 3 L1s, adjust 2 L1s. KRs 49  Points 805  Cameras 196  OutsideFixedKR 19  AdjustKR 30  Imus 7
03-09 18:59:53.363   723  3270 I audio_hw_primary: getting vr mode to 0
03-09 18:59:53.363   748 10739 I AudioPolicyManagerCustom: VR mode is 0, switch to primary output if request is for fast|raw
03-09 18:59:53.364 14799 15117 D VrApi   : targetSDKVersion 29
03-09 18:59:53.364  1260 15059 I CompositorVR: WarpToScreen: Skipping frames for 17
03-09 18:59:53.365   748 10739 D AF::TrackHandle: OpPlayAudio: track:125 uid:10026 pkg:com.oculus.systemux usage:10 not muted
03-09 18:59:53.365  2057  2820 I [OAO] SwapChainApiOpenXr: Swapchain created: 525,1 - 2
03-09 18:59:53.366  5987  5987 I AudioTrack: createTrack_l(96): AUDIO_OUTPUT_FLAG_FAST successful; frameCount 0 -> 50566
03-09 18:59:53.375  1260 15059 I CompositorVR: WarpToScreen: Skipping frames for 17
03-09 18:59:53.376 13337 13408 E OsSdk   : error getting shared memory region, memory type: HeadTracker, failed with Status(-1, EX_SECURITY): 'requested shared memory region when not registered/focused'
03-09 18:59:53.376 13337 13408 W [CT]    : SlamAnchorMemoryRuntimeIpcServer: HeadTracker::getState failed
03-09 18:59:53.376 13337 13408 W [CT]    : SlamAnchorMemoryRuntimeIpcServerThread: RigidBodyStates update failure.
03-09 18:59:53.377 13337 13463 E OsSdk   : error getting shared memory region, memory type: HeadTracker, failed with Status(-1, EX_SECURITY): 'requested shared memory region when not registered/focused'
03-09 18:59:53.380  1260 15059 I CompositorVR: SetSchedFifo( tid=3049, pol=5, pri=1 ) succeeded
03-09 18:59:53.380  1260 15059 I CompositorVR: SetSchedFifo( tid=3312, pol=5, pri=1 ) succeeded
03-09 18:59:53.380  1260 15059 I CompositorVR: SetSchedFifo( tid=3515, pol=5, pri=1 ) succeeded
03-09 18:59:53.381  1052  1446 I DisplayManagerService: Display device removed: DisplayDeviceInfo{"com.oculus.android_panel_app.AndroidPanelLayer-toast": uniqueId="virtual:com.oculus.systemux,10026,com.oculus.android_panel_app.AndroidPanelLayer-toast,0", 525 x 1, modeId 129, defaultModeId 129, supportedModes [{id=129, width=525, height=1, fps=60.0}], colorMode 0, supportedColorModes [0], HdrCapabilities null, density 200, 200.0 x 200.0 dpi, appVsyncOff 0, presDeadline 16666666, touch NONE, rotation 0, type VIRTUAL, state ON, owner com.oculus.systemux (uid 10026), FLAG_PRIVATE, FLAG_NEVER_BLANK, FLAG_OWN_CONTENT_ONLY}
03-09 18:59:53.386  1260 15059 I CompositorVR: WarpToScreen: Skipping frames for 17
03-09 18:59:53.398  1260 15059 I CompositorVR: WarpToScreen: Skipping frames for 17
03-09 18:59:53.402  1052  1446 I DisplayManagerService: Display device added: DisplayDeviceInfo{"com.oculus.android_panel_app.AndroidPanelLayer-toast": uniqueId="virtual:com.oculus.systemux,10026,com.oculus.android_panel_app.AndroidPanelLayer-toast,0", 525 x 102, modeId 130, defaultModeId 130, supportedModes [{id=130, width=525, height=102, fps=60.0}], colorMode 0, supportedColorModes [0], HdrCapabilities null, density 200, 200.0 x 200.0 dpi, appVsyncOff 0, presDeadline 16666666, touch NONE, rotation 0, type VIRTUAL, state OFF, owner com.oculus.systemux (uid 10026), FLAG_PRIVATE, FLAG_NEVER_BLANK, FLAG_OWN_CONTENT_ONLY}
03-09 18:59:53.407  1052 12818 E InputDispatcher: Window handle Window{4f7f272 u0 com.oculus.systemux} has no registered input channel
03-09 18:59:53.409  1260 15059 I CompositorVR: WarpToScreen: Skipping frames for 17
03-09 18:59:53.413  5987  5987 D [SUI] SystemUXFunnelLogServerLogger: VPV Event: oculus_impressions_tile_vpved LogInfo{duration=250, mLogId='com.oculus.explore', mContentType=APP, mPosX=0, mPosy=0, mGlobalPos=0, mSurface=AUI, mSubSurface=null, mClickEventType=null, mClickEventName=null, mAdditionalParameters={aui_section=pinned, aui_position_in_section=0}}
03-09 18:59:53.414  5987  5987 D [SUI] SystemUXFunnelLogServerLogger: VPV Event: oculus_impressions_tile_vpved LogInfo{duration=250, mLogId='com.oculus.store', mContentType=APP, mPosX=1, mPosy=0, mGlobalPos=1, mSurface=AUI, mSubSurface=null, mClickEventType=null, mClickEventName=null, mAdditionalParameters={aui_section=pinned, aui_position_in_section=1}}
03-09 18:59:53.414  5987  5987 D [SUI] SystemUXFunnelLogServerLogger: VPV Event: oculus_impressions_tile_vpved LogInfo{duration=250, mLogId='messenger_system_app', mContentType=APP, mPosX=2, mPosy=0, mGlobalPos=2, mSurface=AUI, mSubSurface=null, mClickEventType=null, mClickEventName=null, mAdditionalParameters={aui_section=pinned, aui_position_in_section=2}}
03-09 18:59:53.414  5987  5987 D [SUI] SystemUXFunnelLogServerLogger: VPV Event: oculus_impressions_tile_vpved LogInfo{duration=250, mLogId='share_system_app', mContentType=APP, mPosX=3, mPosy=0, mGlobalPos=3, mSurface=AUI, mSubSurface=null, mClickEventType=null, mClickEventName=null, mAdditionalParameters={aui_section=pinned, aui_position_in_section=3}}
03-09 18:59:53.414  5987  5987 D [SUI] SystemUXFunnelLogServerLogger: VPV Event: oculus_impressions_tile_vpved LogInfo{duration=250, mLogId='com.oculus.shellenv', mContentType=APP, mPosX=5, mPosy=0, mGlobalPos=5, mSurface=AUI, mSubSurface=null, mClickEventType=null, mClickEventName=null, mAdditionalParameters={aui_section=recent, aui_position_in_section=0}}
03-09 18:59:53.414  5987  5987 D [SUI] SystemUXFunnelLogServerLogger: VPV Event: oculus_impressions_tile_vpved LogInfo{duration=250, mLogId='file_viewer', mContentType=APP, mPosX=6, mPosy=0, mGlobalPos=6, mSurface=AUI, mSubSurface=null, mClickEventType=null, mClickEventName=null, mAdditionalParameters={aui_section=recent, aui_position_in_section=1}}
03-09 18:59:53.414  5987  5987 D [SUI] SystemUXFunnelLogServerLogger: VPV Event: oculus_impressions_tile_vpved LogInfo{duration=250, mLogId='file_manager', mContentType=APP, mPosX=7, mPosy=0, mGlobalPos=7, mSurface=AUI, mSubSurface=null, mClickEventType=null, mClickEventName=null, mAdditionalParameters={aui_section=recent, aui_position_in_section=2}}
03-09 18:59:53.415 13337 13408 E OsSdk   : error getting shared memory region, memory type: HeadTracker, failed with Status(-1, EX_SECURITY): 'requested shared memory region when not registered/focused'
03-09 18:59:53.415 13337 13408 W [CT]    : SlamAnchorMemoryRuntimeIpcServer: HeadTracker::getState failed
03-09 18:59:53.415 13337 13408 W [CT]    : SlamAnchorMemoryRuntimeIpcServerThread: RigidBodyStates update failure.
03-09 18:59:53.420  1260 15059 I CompositorVR: WarpToScreen: Skipping frames for 17
03-09 18:59:53.421 13337 13463 E OsSdk   : error getting shared memory region, memory type: HeadTracker, failed with Status(-1, EX_SECURITY): 'requested shared memory region when not registered/focused'
03-09 18:59:53.431  1260 15059 I CompositorVR: WarpToScreen: Skipping frames for 17
03-09 18:59:53.436   861 15051 W [CT]    : CONSTELLATION: L: Camera is ahead of IMU by 3.3 ms! Sleeping vision thread for 5 ms.
03-09 18:59:53.437  1260  2750 I VrRuntimeService: UpdateSwapChainSamplerState: 250
03-09 18:59:53.437  1260  2750 I VrRuntimeService: UpdateSwapChainSamplerState: minFilter=1 magFilter=1 wrapModeS=3 warpModeT=3 maxAniso=1.000000 border={0.000000,0.000000,0.000000,0.000000} swizzle={0,1,2,3}
03-09 18:59:53.441 14799 15117 I VrRuntimeClient: DEVICE MODEL NUMBER = Quest
03-09 18:59:53.441 14799 15117 I VrRuntimeClient: DEVICE BUILD NAME = user-49882890235800150
03-09 18:59:53.441 14799 15117 I VrRuntimeClient: DEVICE BUILD TYPE = user
03-09 18:59:53.441 14799 15117 I VrRuntimeClient: DEVICE OS VERSION = 10
03-09 18:59:53.441 14799 15117 I VrRuntimeClient: API LOADER VERSION = 1.44.0
03-09 18:59:53.441 14799 15117 I VrRuntimeClient: RUNTIME API VERSION = 1.66.0
03-09 18:59:53.441 14799 15117 I VrRuntimeClient: RUNTIME VERSION = 49.0.0.207.357 Feb  8 2023 14:43:23 RELEASE
03-09 18:59:53.441 14799 15117 I VrRuntimeClient: APP NAME = Groovy Beats
03-09 18:59:53.441 14799 15117 I VrRuntimeClient: APP VERSION = 1.0 versionCode 1 internalVersionName <none>
03-09 18:59:53.441 14799 15117 I VrRuntimeClient: APP VR TYPE = <none>
03-09 18:59:53.441 14799 15117 I VrRuntimeClient: APP MODE TYPE = VR
03-09 18:59:53.441 14799 15117 I VrRuntimeClient: APP PACKAGE NAME = com.CraftyGoblinStudios.GroovyBeats
03-09 18:59:53.441 14799 15117 I VrRuntimeClient: APP ACTIVITY CLASS = com.epicgames.ue4.GameActivity
03-09 18:59:53.441   861 15051 W [CT]    : CONSTELLATION: L: Cam ahead of IMU by 3.3 ms. Ignore this pose sample. Last IMU timestamp: 1210.1967 seconds.
03-09 18:59:53.441   861 15051 W [CT]    : CONSTELLATION: L: Skipping approximation and doing full covariance propagation for 2 samples!
03-09 18:59:53.442  1260 15059 I CompositorVR: WarpToScreen: Skipping frames for 17
03-09 18:59:53.450 14799 15117 D BatteryReceiver: Unregistering battery receiver
03-09 18:59:53.451  2057  2820 I [OAO] ShellOverlayApp: 0xc5f0ab28 msg: overlayCommand:
03-09 18:59:53.451  2057  2820 I [OAO] ShellOverlayApp: command = topActivityChanged
03-09 18:59:53.451  2057  2820 I [OAO] ShellOverlayApp: topActivity = com.oculus.shellenv
03-09 18:59:53.451  2057  2820 I [OAO] ShellOverlayApp: Process_OverlayCommand command : topActivityChanged
03-09 18:59:53.451  2057  2820 I [OAO] ShellOverlayApp: Process_OverlayCommand unknown command received: topActivityChanged
03-09 18:59:53.451  2057  2820 I [OAO] ShellOverlayApp: 0xc5f0ab28 msg: overlayCommand:
03-09 18:59:53.451  2057  2820 I [OAO] ShellOverlayApp: command = topActivityChanged
03-09 18:59:53.451  2057  2820 I [OAO] ShellOverlayApp: topActivity = com.oculus.shellenv
03-09 18:59:53.451  2057  2820 I [OAO] ShellOverlayApp: Process_OverlayCommand command : topActivityChanged
03-09 18:59:53.451  2057  2820 I [OAO] ShellOverlayApp: Process_OverlayCommand unknown command received: topActivityChanged
03-09 18:59:53.452  1052  1076 W InputReader: Device has associated, but no associated display id.
03-09 18:59:53.453 14799 15117 I Sensor  : OSSDKTRACKING Shutdown tracking
03-09 18:59:53.453 14799 15117 I LogTimer: CPUTIME: VrRuntimeClient_EndSession took 120.8713 ms
03-09 18:59:53.453  1260 15059 I CompositorVR: WarpToScreen: Skipping frames for 17
03-09 18:59:53.455   861   861 I chatty  : uid=1000(system) /system/bin/trackingservice identical 11 lines
03-09 18:59:53.457 13337 13408 E OsSdk   : error getting shared memory region, memory type: HeadTracker, failed with Status(-1, EX_SECURITY): 'requested shared memory region when not registered/focused'
03-09 18:59:53.457 13337 13408 W [CT]    : SlamAnchorMemoryRuntimeIpcServer: HeadTracker::getState failed
03-09 18:59:53.457 13337 13408 W [CT]    : SlamAnchorMemoryRuntimeIpcServerThread: RigidBodyStates update failure.
03-09 18:59:53.464  1052  1078 W InputReader: Device has associated, but no associated display id.
03-09 18:59:53.464  1052  1078 I ActivityTaskManager: Override config changes=20005df8 {0.0 ?mcc?mnc ?localeList ?layoutDir sw81dp w420dp h81dp 200dpi smll land ?uimode ?night -touch qwerty/v/v -nav/h winConfig={ mBounds=Rect(0, 0 - 525, 102) mAppBounds=Rect(0, 0 - 525, 102) mWindowingMode=fullscreen mDisplayWindowingMode=fullscreen mActivityType=undefined mAlwaysOnTop=undefined mRotation=ROTATION_0}} for displayId=69
03-09 18:59:53.464  1260 15059 I CompositorVR: WarpToScreen: Skipping frames for 17
03-09 18:59:53.464   861   861 W TrackingService: attachClient: found client in attached list
03-09 18:59:53.466 13337 13463 E OsSdk   : error getting shared memory region, memory type: HeadTracker, failed with Status(-1, EX_SECURITY): 'requested shared memory region when not registered/focused'
03-09 18:59:53.466  1052 15351 W WindowManager: Failed looking up window callers=com.android.server.wm.WindowManagerService.windowForClientLocked:5339 com.android.server.wm.WindowManagerService.removeWindow:1788 com.android.server.wm.Session.remove:176 
03-09 18:59:53.467  5987  5987 I AndroidPanelApp: Processing next frame action "layerResize" for layer "toast"
03-09 18:59:53.467  5987  5987 I AndroidPanelApp: Processing pending show layer info for layer toast with width 525 and height 102.
03-09 18:59:53.467  5987  5987 I AndroidPanelApp: layerSupersample no changes
03-09 18:59:53.475  1260 15059 I CompositorVR: WarpToScreen: Skipping frames for 17
03-09 18:59:53.487  1260 15059 I CompositorVR: WarpToScreen: Skipping frames for 17
03-09 18:59:53.491  2899  3049 I GuardianSystem: [GuardianSystem::UpdateSystem] world updating because worldfromanchor threshold passed
03-09 18:59:53.493 14799 15109 I VrApi   : FPS=68/72,Prd=48ms,Tear=1,Early=67,Stale=5,Stale2/5/10/max=0/1/0/5,VSnc=1,Lat=1,Fov=0,CPU4/GPU=4/4,2419/490MHz,OC=FF,TA=0/F/F,SP=N/N/N,Mem=2092MHz,Free=1976MB,PLS=0,Temp=27.5C/0.0C,TW=3.74ms,App=5.61ms,GD=0.11ms,CPU&GPU=12.74ms,LCnt=6(DR0,LM2),GPU%=0.81,CPU%=0.25(W0.33),DSF=1.00,CFL=19.57/21.34
03-09 18:59:53.495 14799 15117 I VrApi   : OVR::Stats thread stopped
03-09 18:59:53.495 14799 15117 I InputDeviceManager: ovrInputDeviceManager::~ovrInputDeviceManager
03-09 18:59:53.495 14799 15117 I InputDevice_TrackedRemote: OSSDKTRACKING shutting down Haptics
03-09 18:59:53.495 14799 15117 I chatty  : uid=10217(com.CraftyGoblinStudios.GroovyBeats) identical 2 lines
03-09 18:59:53.495 14799 15117 I InputDevice_TrackedRemote: OSSDKTRACKING shutting down Haptics
03-09 18:59:53.495 14799 15117 I OSHandDataQuerier: OSSDKTRACKING shutting down HandsTracker
03-09 18:59:53.495 14799 15117 I OSHandDataQuerier: OSSDKTRACKING shutting down HandsTracker
03-09 18:59:53.495 14799 15117 D OsSdk   : TrackingServiceConnection dtor
03-09 18:59:53.496   861   861 I TrackingService: Unregistering client by ITrackingService.unregisterClient
03-09 18:59:53.496   861   861 I TrackingService: Failed to unregister client because client not found in registered list
03-09 18:59:53.496   861   861 I chatty  : uid=1000(system) /system/bin/trackingservice identical 7 lines
03-09 18:59:53.496   861   861 I TrackingService: Failed to unregister client because client not found in registered list
03-09 18:59:53.496   861   861 D TrackingService: unregister: com.CraftyGoblinStudios.GroovyBeats
03-09 18:59:53.496   738  9083 E SensorService: Failed to set simple multi haptics, ret: -1
03-09 18:59:53.496 14799 15117 D OsSdk   : TrackingServiceConnection unregistered
03-09 18:59:53.498  1260 15059 I CompositorVR: WarpToScreen: Skipping frames for 17
03-09 18:59:53.500  2057  2820 I [OAO] PanelAppHost: Resize layer toast to size 525 x 102 shape: 1 stereo: 0, panel 13 (com.oculus.systemux/com.oculus.panelapp.anytimeui.AnytimeUIAndroidPanelService)
03-09 18:59:53.500  2057  2820 I [OAO] PanelRenderLayer: ResetSurface toast 525 x 102 - shape:1 stereo:0
03-09 18:59:53.500  1260  2750 I VrRuntimeService: UpdateSwapChainSamplerState: 250
03-09 18:59:53.500  1260  2750 I VrRuntimeService: UpdateSwapChainSamplerState: minFilter=5 magFilter=1 wrapModeS=3 warpModeT=3 maxAniso=1.000000 border={0.000000,0.000000,0.000000,0.000000} swizzle={0,1,2,3}
03-09 18:59:53.501  2057  2820 I [OAO] PanelAppHost: Setting panel layer visibility of layer "toast" to visible, panel 13 (com.oculus.systemux/com.oculus.panelapp.anytimeui.AnytimeUIAndroidPanelService)
03-09 18:59:53.504  5987  5987 I AndroidPanelApp: Processing next frame action "layerShow" for layer "toast"
03-09 18:59:53.504  3023  3139 I [CT]    : MIXEDREALITY: MrServiceView: renderIteration: Nothing to render, hibernating the rendering thread since ID is off and no active PT layers.
03-09 18:59:53.504  3023  3139 I [CT]    : MIXEDREALITY: MrServiceModel: Hibernating caller (most likely rendering thread) due to commandQueue being empty.
03-09 18:59:53.504   861   861 W TrackingService: attachClient: found client in attached list
03-09 18:59:53.505 13337 13408 E OsSdk   : error getting shared memory region, memory type: HeadTracker, failed with Status(-1, EX_SECURITY): 'requested shared memory region when not registered/focused'
03-09 18:59:53.505 13337 13408 W [CT]    : SlamAnchorMemoryRuntimeIpcServer: HeadTracker::getState failed
03-09 18:59:53.505 13337 13408 W [CT]    : SlamAnchorMemoryRuntimeIpcServerThread: RigidBodyStates update failure.
03-09 18:59:53.506  1052  1078 I DisplayManagerService: Display device changed state: "com.oculus.android_panel_app.AndroidPanelLayer-toast", ON
03-09 18:59:53.507 14799 15106 I ClientInputThread_Internal: InputThreadRun ShutdownRequest received
03-09 18:59:53.509  1260 15059 I CompositorVR: WarpToScreen: Skipping frames for 17
03-09 18:59:53.509 14799 15117 I InputHooks_Internal: Disabling Native Input Hooks
03-09 18:59:53.510 14799 15117 I ClientInputTrackedKeyboardManager: TRACKEDKEYBOARD ClearTrackedObjectManager called on client
03-09 18:59:53.510  1260 14875 I VrRuntimeService: RuntimeServiceSDKServer::EnableRendering: 0x0, 0, com.CraftyGoblinStudios.GroovyBeats
03-09 18:59:53.510  1260 14875 I ClientMgr: ClientMgr::EnableRendering 14799:com.CraftyGoblinStudios.GroovyBeats : type 0 comp-id 17: disable
03-09 18:59:53.510  1260 14875 I VrRuntimeServer: DisableCompositorClient: 17
03-09 18:59:53.510  1260 14875 I CompositorClientMgr: Disable client 17
03-09 18:59:53.510  1260 14875 I CompositorClientMgr: DisableClient: frame flush required: 1
03-09 18:59:53.511  1052 15351 E WindowManager: App trying to use insecure INPUT_FEATURE_NO_INPUT_CHANNEL flag. Ignoring
03-09 18:59:53.514  2899  3049 I GuardianSystem: [GuardianSystem::UpdateSystem] world updating because worldfromanchor threshold passed
03-09 18:59:53.514  1260 15059 W CompositorClient: WarpToScreen: No completed frames to display for primary client 17. submittedFrameIndex = 2141
03-09 18:59:53.515  1260 14875 I UnifiedTelemetryWrapper: Stopped UT session render:com.CraftyGoblinStudios.GroovyBeats
03-09 18:59:53.516 13337 13463 E OsSdk   : error getting shared memory region, memory type: HeadTracker, failed with Status(-1, EX_SECURITY): 'requested shared memory region when not registered/focused'
03-09 18:59:53.518  1260  2718 I ClientMgr: Non-overlay clients rendering status has changed: prev=60, curr=61, enabled=1
03-09 18:59:53.518  1260  2718 I ClientMgr: Primary client determined to be the current enabled client 1142404152
03-09 18:59:53.519 14799 15119 I FenceChecker: FenceChecker::MainLoop - ended
03-09 18:59:53.519 13337 13463 E OsSdk   : error getting shared memory region, memory type: AnchorTracker, failed with Status(-1, EX_SECURITY): 'requested shared memory region when not registered/focused'
03-09 18:59:53.524  3023  3139 I [CT]    : MIXEDREALITY: MrServiceView: renderIteration: Nothing to render, hibernating the rendering thread since ID is off and no active PT layers.
03-09 18:59:53.524  3023  3139 I [CT]    : MIXEDREALITY: MrServiceModel: Hibernating caller (most likely rendering thread) due to commandQueue being empty.
03-09 18:59:53.525 14799 15117 I XrRuntimeUtils: XrRuntimeUtils::DestroySession
03-09 18:59:53.527 14799 15117 I VrApi   : ---------- vrapi_LeaveVrMode [end] ----------
03-09 18:59:53.527 14799 15117 D OVRPlugin: Reset m_session to nullptr
03-09 18:59:53.530 14799 14831 D UE4     : [GameActivity] Unregistering volume receiver
03-09 18:59:53.531 14799 14831 D UE4     : [GameActivity] Unregistering battery receiver
03-09 18:59:53.531 14799 14831 D UE4     : [GameActivity] Unregistering headset receiver
03-09 18:59:53.532 14799 14831 D UE4     : [2023.03.09-18.59.53:532][153]LogCore: Display: AppLifetime: Application will enter background
03-09 18:59:53.532 14799 14831 D UE4     : [2023.03.09-18.59.53:532][153]LogTemp: Android pause audio
03-09 18:59:53.532 14799 14831 D UE4     : [2023.03.09-18.59.53:532][153]LogAudioMixerAndroid: Display: Suspending android audio renderer
03-09 18:59:53.532 14799 14831 D         : PlayerBase::pause() from IPlayer
03-09 18:59:53.533 14799 14832 D UE4     : [2023.03.09-18.59.53:533][153]LogAndroid: Blocking renderer on invalid window.
03-09 18:59:53.533 14799 14832 D UE4     : [2023.03.09-18.59.53:533][153]LogAndroid: Waiting for renderer to encounter blocking command.
03-09 18:59:53.533 14799 15117 D UE4     : [2023.03.09-18.59.53:533][153]LogAndroid: Blocking renderer
03-09 18:59:53.533 14799 15117 D UE4     : [2023.03.09-18.59.53:533][153]LogAndroid: RendererBlock release window callback
03-09 18:59:53.533 14799 15117 D UE4     : [2023.03.09-18.59.53:533][153]LogVulkanRHI: Destroy swapchain ... 
03-09 18:59:53.535 14799 14831 D UE4     : [2023.03.09-18.59.53:535][153]LogHMD: Error: FOculusHMDModule::GetPluginWrapper().WaitToBeginFrame 2150 failed (-1003)
03-09 18:59:53.537  1294  1294 V AvrcpMediaPlayerList: onPlaybackConfigChanged(): Configs list size=18
03-09 18:59:53.537 14799 14832 D UE4     : LogAndroidEvents::EnqueueAppEvent : 13, [width=-1, height=-1], tid = 14832, APP_EVENT_STATE_APP_SUSPENDED
03-09 18:59:53.538 14799 14832 D UE4     : Case APP_CMD_TERM_WINDOW, tid = 14832
03-09 18:59:53.543 14799 14832 D UE4     : [2023.03.09-18.59.53:538][153]LogAndroid: Case APP_CMD_TERM_WINDOW
03-09 18:59:53.543 14799 14832 D UE4     : LogAndroidEvents::EnqueueAppEvent : 3, [width=-1, height=-1], tid = 14832, APP_EVENT_STATE_WINDOW_DESTROYED
03-09 18:59:53.556 13337 13408 E OsSdk   : error getting shared memory region, memory type: HeadTracker, failed with Status(-1, EX_SECURITY): 'requested shared memory region when not registered/focused'
03-09 18:59:53.556 13337 13408 W [CT]    : SlamAnchorMemoryRuntimeIpcServer: HeadTracker::getState failed
03-09 18:59:53.556 13337 13408 W [CT]    : SlamAnchorMemoryRuntimeIpcServerThread: RigidBodyStates update failure.
03-09 18:59:53.564 13337 13463 E OsSdk   : error getting shared memory region, memory type: HeadTracker, failed with Status(-1, EX_SECURITY): 'requested shared memory region when not registered/focused'
03-09 18:59:53.571  2057  2820 I [OAO] LayerSwapChainResource: LayerSwapChainResource 525,102 : 2
03-09 18:59:53.571  2057  2820 I [OAO] SwapChainApiOpenXr: CreateTextureSwapChain 525,102 - 2
03-09 18:59:53.572  1260  2750 I VrRuntimeService: CreateSwapChain: 1526707151
03-09 18:59:53.572  1260  2750 I VrRuntimeService: CreateSwapChain: api:gles 0 0x8c43 525 102 10 2 1 0 3
03-09 18:59:53.572  1260  2750 I VrRuntimeServer: CreateTextureSwapChain: result importswapchaingles 1
03-09 18:59:53.576   861  1195 I [CT]    : VEGA_LOCALIZER: Computed 991 orb descriptors that will be used for PBR or Orphans descriptor
03-09 18:59:53.576   861  1195 I [CT]    : VEGA_LOCALIZER: Computed 1053 udeep descriptors that will be used for PBR or Orphans descriptor
03-09 18:59:53.588 14799 14831 D UE4     : [2023.03.09-18.59.53:588][154]LogAndroidEvents: Display: LogAndroidEvents::DequeueAppEvent : 13, [width=-1, height=-1], APP_EVENT_STATE_APP_SUSPENDED
03-09 18:59:53.588 14799 14831 D UE4     : FAppEventManager::Tick processing, 13
03-09 18:59:53.588 14799 14831 D UE4     : Execution will be paused...
03-09 18:59:53.588 14799 14831 D UE4     : [2023.03.09-18.59.53:588][154]LogAndroidEvents: Display: LogAndroidEvents::DequeueAppEvent : 3, [width=-1, height=-1], APP_EVENT_STATE_WINDOW_DESTROYED
03-09 18:59:53.588 14799 14831 D UE4     : FAppEventManager::Tick processing, 3
03-09 18:59:53.588 14799 14831 D UE4     : APP_EVENT_STATE_WINDOW_DESTROYED, 0, 0, 0
03-09 18:59:53.588 14799 14831 D UE4     : FAppEventManager::Tick EventHandlerEvent Wait 
03-09 18:59:53.588 14799 14831 D UE4     : FAppEventManager::Tick EventHandlerEvent DONE Wait 
03-09 18:59:53.589  2057  2820 I [OAO] SwapChainApiOpenXr: Swapchain created: 525,102 - 2
03-09 18:59:53.595 13337 13408 E OsSdk   : error getting shared memory region, memory type: HeadTracker, failed with Status(-1, EX_SECURITY): 'requested shared memory region when not registered/focused'
03-09 18:59:53.595 13337 13408 W [CT]    : SlamAnchorMemoryRuntimeIpcServer: HeadTracker::getState failed
03-09 18:59:53.595 13337 13408 W [CT]    : SlamAnchorMemoryRuntimeIpcServerThread: RigidBodyStates update failure.
03-09 18:59:53.597  1260  2750 I VrRuntimeService: UpdateSwapChainSamplerState: 251
03-09 18:59:53.597  1260  2750 I VrRuntimeService: UpdateSwapChainSamplerState: minFilter=1 magFilter=1 wrapModeS=3 warpModeT=3 maxAniso=1.000000 border={0.000000,0.000000,0.000000,0.000000} swizzle={0,1,2,3}
03-09 18:59:53.597 13337 13408 E OsSdk   : error getting shared memory region, memory type: AnchorTracker, failed with Status(-1, EX_SECURITY): 'requested shared memory region when not registered/focused'
03-09 18:59:53.598 13337 13408 W [CT]    : SlamAnchorMemoryRuntimeIpcServer: getAnchorStates failed
