03-06 22:21:54.025  3036  3179 D         : PlayerBase::stop() from IPlayer
03-06 22:21:54.028  1307  1307 V AvrcpMediaPlayerList: onPlaybackConfigChanged(): Configs list size=12
03-06 22:21:54.030 10454 10746 I VrApi   : FPS=72/72,Prd=48ms,Tear=0,Early=72,Stale=0,Stale2/5/10/max=0/0/0/0,VSnc=1,Lat=1,Fov=0,CPU4/GPU=4/4,2419/525MHz,OC=FF,TA=0/F/F,SP=N/N/N,Mem=2092MHz,Free=1954MB,PLS=0,Temp=28.7C/0.0C,TW=3.79ms,App=4.13ms,GD=0.00ms,CPU&GPU=8.29ms,LCnt=4(DR58,LM0),GPU%=0.66,CPU%=0.27(W0.33),DSF=1.00,CFL=19.71/21.57
03-06 22:21:54.030   852  6288 D BufferPoolAccessor: Destruction - bufferpool2 0x3486f6b230 cached: 0/0M, 0/0% in use; allocs: 0, 0% recycled; transfers: 0, 0% unfetced
03-06 22:21:54.030   852  6288 V C2Store : in ~ComponentModule
03-06 22:21:54.030   852  6288 V C2Store : unloading dll
03-06 22:21:54.031  3036  3179 D [OAO] ShellApplication: setOverlayInputFocus: inputFocus=false shouldSupportIME=false
03-06 22:21:54.031  3036  3179 D [OAO] BaseOverlayService: setOverlayInputFocus : entrypoint - inputFocus=false shouldSupportIME=false
03-06 22:21:54.033  1307  1307 V AvrcpMediaPlayerList: onPlaybackConfigChanged(): Configs list size=11
03-06 22:21:54.033  3036  3179 I [OAO] SystemAssistant: OnModeChanged from FullShell to ImmersiveAppFocused
03-06 22:21:54.033  3036  3036 D [OAO] BaseOverlayService: detachServiceWindowView
03-06 22:21:54.033  1261 10600 I CompositorVR: WarpToScreen: Skipping frames for 14
03-06 22:21:54.033  3036  3036 D [OAO] BaseOverlayService: setOverlayInputFocus : completed - inputFocus=false shouldSupportIME=false actionTaken:false
03-06 22:21:54.034  3036  3179 I [OAO] ShellOverlayApp: Start sleep timeout. Now:10047.900125, Timeout:10049.900125
03-06 22:21:54.044  1261 10600 I CompositorVR: WarpToScreen: Skipping frames for 14
03-06 22:21:54.055  1261 10600 I CompositorVR: WarpToScreen: Skipping frames for 14
03-06 22:21:54.060  6700 11216 E DeviceConfigVersionMapBuilder: Something went wrong when building version map.
03-06 22:21:54.061  6700 11216 E DeviceConfigVersionMapBuilder: Something went wrong when building version map.
03-06 22:21:54.062  3593  3621 I Clay    : EnvironmentSystem::update: setting scene background audio for scene zip 'apk://com.environment.matrixloadingvoid/assets/scene.zip'
03-06 22:21:54.062  2420  2921 I GuardianCollisionTracker: Guardian Controller Collision: Magnitude: 71.124, Duration: 0.004 sec, TimeStamp: 10047.892578 sec
03-06 22:21:54.062  3593  3621 I Clay    : EnvironmentAudioSystem::setSceneBackgroundLoop: set scene audio: apk://com.environment.matrixloadingvoid/assets/scene.zip
03-06 22:21:54.063  3593  3621 W Clay    : MarkupModule: Received empty markup from requested environment 'apk://com.environment.matrixloadingvoid/assets/scene.zip'
03-06 22:21:54.063  3593  3621 I Clay    : EnvironmentSystem: Scene loaded
03-06 22:21:54.063  3593  3621 I Clay    : SharedHomeSystem::_onEnvironmentActivated
03-06 22:21:54.066  3593  3621 I Clay    : SharedHomeSystem::_updateAnchors
03-06 22:21:54.066  1261 10600 I CompositorVR: WarpToScreen: Skipping frames for 14
03-06 22:21:54.067  6700 11216 E DeviceConfigVersionMapBuilder: Something went wrong when building version map.
03-06 22:21:54.073  6700 11216 E DeviceConfigVersionMapBuilder: Something went wrong when building version map.
03-06 22:21:54.073   735  3659 D msm8974_platform: platform_split_snd_device: snd_device(22) num devices(1) new_snd_devices(0)
03-06 22:21:54.074   735  3659 D ACDB-LOADER: ACDB -> send_audvoltable
03-06 22:21:54.074   735  3659 D ACDB-LOADER: ACDB -> ACDB_CMD_GET_AUDPROC_INSTANCE_GAIN_DEP_STEP_TABLE_SIZE
03-06 22:21:54.074   735  3659 D         : Failed to fetch the lookup information of the device 0000000F 
03-06 22:21:54.074   735  3659 D ACDB-LOADER: Error: ACDB_CMD_GET_AUDPROC_INSTANCE_GAIN_DEP_STEP_TABLE_SIZE Returned = -19
03-06 22:21:54.074   735  3659 D ACDB-LOADER: ACDB -> ACDB_CMD_GET_AUDPROC_INSTANCE_GAIN_DEP_STEP_TABLE, vol index 10
03-06 22:21:54.074   735  3659 D         : Failed to fetch the lookup information of the device 0000000F 
03-06 22:21:54.074   735  3659 D ACDB-LOADER: Error: ACDB AudProc vol returned = -19
03-06 22:21:54.074   735  3659 D ACDB-LOADER: ACDB -> AUDIO_SET_VOL_CAL cal type = 40
03-06 22:21:54.076   860   860 I chatty  : uid=1000(system) /system/bin/trackingservice identical 6 lines
03-06 22:21:54.077  1261 10600 I CompositorVR: WarpToScreen: Skipping frames for 14
03-06 22:21:54.077  3369  3661 I [SEO] ShellEnvHomeController: copresence: received setCollisionShapes
03-06 22:21:54.078  3369  3661 I [SEO] ShellEnvHomeController: ShellEnvHomeController: received setAnchors
03-06 22:21:54.078  3369  3661 I [SEO] ShellEnvHomeController: copresence: processing currentCollisionShapes
03-06 22:21:54.078  3369  3661 I [SEO] ShellEnvHomeController: ShellEnvHomeController: processing 1 anchors
03-06 22:21:54.079  3369  3661 I [SEO] ShellEnvHomeController: Theaterscreen transform node set for the env size x: 4.660000, y: 2.621250
03-06 22:21:54.080  6700 11216 E DeviceConfigVersionMapBuilder: Something went wrong when building version map.
03-06 22:21:54.081  6700 11216 E DeviceConfigVersionMapBuilder: Something went wrong when building version map.
03-06 22:21:54.082  6700 11216 E DeviceConfigVersionMapBuilder: Something went wrong when building version map.
03-06 22:21:54.086  6700 11216 E DeviceConfigVersionMapBuilder: Something went wrong when building version map.
03-06 22:21:54.089  1261 10600 I CompositorVR: WarpToScreen: Skipping frames for 14
03-06 22:21:54.090  6700 11216 E DeviceConfigVersionMapBuilder: Something went wrong when building version map.
03-06 22:21:54.097  6700 11216 E DeviceConfigVersionMapBuilder: Something went wrong when building version map.
03-06 22:21:54.100  1261 10600 I CompositorVR: WarpToScreen: Skipping frames for 14
03-06 22:21:54.101   860   860 W TrackingService: attachClient: found client in attached list
03-06 22:21:54.101  1058  6297 I DisplayManagerService: Display device added: DisplayDeviceInfo{"com.oculus.android_panel_app.AndroidPanelLayer-#main": uniqueId="virtual:com.oculus.systemux,10026,com.oculus.android_panel_app.AndroidPanelLayer-#main,0", 840 x 1250, modeId 110, defaultModeId 110, supportedModes [{id=110, width=840, height=1250, fps=60.0}], colorMode 0, supportedColorModes [0], HdrCapabilities null, density 200, 200.0 x 200.0 dpi, appVsyncOff 0, presDeadline 16666666, touch NONE, rotation 0, type VIRTUAL, state OFF, owner com.oculus.systemux (uid 10026), FLAG_PRIVATE, FLAG_NEVER_BLANK, FLAG_OWN_CONTENT_ONLY}
03-06 22:21:54.102   860  1359 W TrackingService: attachClient: found client in attached list
03-06 22:21:54.111  1261 10600 I CompositorVR: WarpToScreen: Skipping frames for 14
03-06 22:21:54.122  1261 10600 I CompositorVR: WarpToScreen: Skipping frames for 14
03-06 22:21:54.128  1058  1080 W InputReader: Device has associated, but no associated display id.
03-06 22:21:54.132  1058  1082 W InputReader: Device has associated, but no associated display id.
03-06 22:21:54.132  1058  1082 I ActivityTaskManager: Override config changes=20005df8 {0.0 ?mcc?mnc ?localeList ?layoutDir sw672dp w672dp h1000dp 200dpi lrg port ?uimode ?night -touch qwerty/v/v -nav/h winConfig={ mBounds=Rect(0, 0 - 840, 1250) mAppBounds=Rect(0, 0 - 840, 1250) mWindowingMode=fullscreen mDisplayWindowingMode=fullscreen mActivityType=undefined mAlwaysOnTop=undefined mRotation=ROTATION_0}} for displayId=49
03-06 22:21:54.133  1261 10600 I CompositorVR: WarpToScreen: Skipping frames for 14
03-06 22:21:54.137  6836 11291 I chatty  : uid=10026(com.oculus.systemux) HyperspaceClien expire 15 lines
03-06 22:21:54.138  1058  1496 W ActivityManager: Unable to start service Intent { cmp=com.oculus.presence/.service.PresenceService } U=0: not found
03-06 22:21:54.144  1261 10600 I CompositorVR: WarpToScreen: Skipping frames for 14
03-06 22:21:54.145  1058  5944 W ActivityManager: Unable to start service Intent { cmp=com.oculus.presence/.service.PresenceService } U=0: not found
03-06 22:21:54.152  1058  5944 I DisplayManagerService: Display device removed: DisplayDeviceInfo{"com.oculus.android_panel_app.AndroidPanelLayer-#main": uniqueId="virtual:com.oculus.systemux,10026,com.oculus.android_panel_app.AndroidPanelLayer-#main,0", 840 x 1250, modeId 110, defaultModeId 110, supportedModes [{id=110, width=840, height=1250, fps=60.0}], colorMode 0, supportedColorModes [0], HdrCapabilities null, density 200, 200.0 x 200.0 dpi, appVsyncOff 0, presDeadline 16666666, touch NONE, rotation 0, type VIRTUAL, state OFF, owner com.oculus.systemux (uid 10026), FLAG_PRIVATE, FLAG_NEVER_BLANK, FLAG_OWN_CONTENT_ONLY}
03-06 22:21:54.155  1261 10600 I CompositorVR: WarpToScreen: Skipping frames for 14
03-06 22:21:54.166  1261 10600 I CompositorVR: WarpToScreen: Skipping frames for 14
03-06 22:21:54.168  1058  4960 I DisplayManagerService: Display device added: DisplayDeviceInfo{"com.oculus.android_panel_app.AndroidPanelLayer-#main": uniqueId="virtual:com.oculus.systemux,10026,com.oculus.android_panel_app.AndroidPanelLayer-#main,0", 840 x 110, modeId 111, defaultModeId 111, supportedModes [{id=111, width=840, height=110, fps=60.0}], colorMode 0, supportedColorModes [0], HdrCapabilities null, density 200, 200.0 x 200.0 dpi, appVsyncOff 0, presDeadline 16666666, touch NONE, rotation 0, type VIRTUAL, state OFF, owner com.oculus.systemux (uid 10026), FLAG_PRIVATE, FLAG_NEVER_BLANK, FLAG_OWN_CONTENT_ONLY}
03-06 22:21:54.172  3593 11295 D CCodec  : allocate(c2.android.vorbis.decoder)
03-06 22:21:54.173   852  6288 V C2Store : in init
03-06 22:21:54.173   852  6288 V C2Store : loading dll
03-06 22:21:54.177  3593 11295 I CCodec  : Created component [c2.android.vorbis.decoder]
03-06 22:21:54.177  1261 10600 I CompositorVR: WarpToScreen: Skipping frames for 14
03-06 22:21:54.178  3593 11295 D CCodecConfig: read media type: audio/vorbis
03-06 22:21:54.180  3593 11295 D ReflectedParamUpdater: extent() != 1 for single value type: algo.buffers.max-count.values
03-06 22:21:54.180  3593 11295 D ReflectedParamUpdater: extent() != 1 for single value type: output.subscribed-indices.values
03-06 22:21:54.180  3593 11295 D ReflectedParamUpdater: extent() != 1 for single value type: input.buffers.allocator-ids.values
03-06 22:21:54.180  3593 11295 D ReflectedParamUpdater: extent() != 1 for single value type: output.buffers.allocator-ids.values
03-06 22:21:54.181  3593 11295 D ReflectedParamUpdater: extent() != 1 for single value type: algo.buffers.allocator-ids.values
03-06 22:21:54.181  3593 11295 D ReflectedParamUpdater: extent() != 1 for single value type: output.buffers.pool-ids.values
03-06 22:21:54.181  3593 11295 D ReflectedParamUpdater: extent() != 1 for single value type: algo.buffers.pool-ids.values
03-06 22:21:54.182  3593 11295 I CCodecConfig: query failed after returning 7 values (BAD_INDEX)
03-06 22:21:54.182  3593 11295 D CCodecConfig: c2 config diff is Dict {
03-06 22:21:54.182  3593 11295 D CCodecConfig:   c2::u32 coded.bitrate.value = 64000
03-06 22:21:54.182  3593 11295 D CCodecConfig:   c2::u32 input.buffers.max-size.value = 32768
03-06 22:21:54.182  3593 11295 D CCodecConfig:   c2::u32 input.delay.value = 0
03-06 22:21:54.182  3593 11295 D CCodecConfig:   string input.media-type.value = "audio/vorbis"
03-06 22:21:54.182  3593 11295 D CCodecConfig:   string output.media-type.value = "audio/raw"
03-06 22:21:54.182  3593 11295 D CCodecConfig:   c2::u32 raw.channel-count.value = 1
03-06 22:21:54.182  3593 11295 D CCodecConfig:   c2::u32 raw.sample-rate.value = 48000
03-06 22:21:54.182  3593 11295 D CCodecConfig: }
03-06 22:21:54.182  3593 11295 D CCodecConfig: no c2 equivalents for durationUs
03-06 22:21:54.182  3593 11295 D CCodecConfig: no c2 equivalents for csd-1
03-06 22:21:54.182  3593 11295 D CCodecConfig: no c2 equivalents for track-id
03-06 22:21:54.182  3593 11295 D CCodecConfig: no c2 equivalents for channel-mask
03-06 22:21:54.183  3593 11295 D CCodecConfig: c2 config diff is   c2::u32 raw.channel-count.value = 2
03-06 22:21:54.183  3593 11295 D CCodecConfig:   c2::u32 raw.sample-rate.value = 44100
03-06 22:21:54.184  3593 11295 W Codec2Client: query -- param skipped: index = 1107298332.
03-06 22:21:54.184  3593 11295 D CCodec  : setup formats input: AMessage(what = 0x00000000) = {
03-06 22:21:54.184  3593 11295 D CCodec  :   int32_t channel-count = 2
03-06 22:21:54.184  3593 11295 D CCodec  :   int32_t max-input-size = 32768
03-06 22:21:54.184  3593 11295 D CCodec  :   string mime = "audio/vorbis"
03-06 22:21:54.184  3593 11295 D CCodec  :   int32_t sample-rate = 44100
03-06 22:21:54.184  3593 11295 D CCodec  : } and output: AMessage(what = 0x00000000) = {
03-06 22:21:54.184  3593 11295 D CCodec  :   int32_t channel-count = 2
03-06 22:21:54.184  3593 11295 D CCodec  :   string mime = "audio/raw"
03-06 22:21:54.184  3593 11295 D CCodec  :   int32_t sample-rate = 44100
03-06 22:21:54.184  3593 11295 D CCodec  :   int32_t channel-mask = 3
03-06 22:21:54.184  3593 11295 D CCodec  : }
03-06 22:21:54.189  1261 10600 I CompositorVR: WarpToScreen: Skipping frames for 14
03-06 22:21:54.190  1506  1506 D OculusNotificationListenerService: Notification posted: 0|com.oculus.presence|50001|null|10070
03-06 22:21:54.195  1058  1080 W InputReader: Device has associated, but no associated display id.
03-06 22:21:54.198  1058  1082 W InputReader: Device has associated, but no associated display id.
03-06 22:21:54.198  1058  1082 I ActivityTaskManager: Override config changes=20005df8 {0.0 ?mcc?mnc ?localeList ?layoutDir sw88dp w672dp h88dp 200dpi nrml long land ?uimode ?night -touch qwerty/v/v -nav/h winConfig={ mBounds=Rect(0, 0 - 840, 110) mAppBounds=Rect(0, 0 - 840, 110) mWindowingMode=fullscreen mDisplayWindowingMode=fullscreen mActivityType=undefined mAlwaysOnTop=undefined mRotation=ROTATION_0}} for displayId=50
03-06 22:21:54.200  1261 10600 I CompositorVR: WarpToScreen: Skipping frames for 14
03-06 22:21:54.201  1506  1506 D OculusNotificationListenerService: Notification posted: 0|com.oculus.presence|50001|null|10070
03-06 22:21:54.205  3036  3036 D VrNotificationAnalytics: logNotificationPosted: key(0|com.oculus.presence|50001|null|10070), type(first_party_unspecified), isToast(false)
03-06 22:21:54.207   852  6288 V C2Store : in ~ComponentModule
03-06 22:21:54.207   852  6288 V C2Store : unloading dll
03-06 22:21:54.210  3036  3036 I [OAO] VrNotificationListenerService: onNotificationPosted() - key = 0|com.oculus.presence|50001|null|10070, type = first_party_unspecified, isToast = false, isBlocked with reason = true Blocked by does not contain all markers for a toast notification
03-06 22:21:54.211  1261 10600 I CompositorVR: WarpToScreen: Skipping frames for 14
03-06 22:21:54.211   909   926 D xrspd   : setALEnabled 0
03-06 22:21:54.212   909   926 D xrspd   : setAlinkEnabledCallback disabled, already using usb, ignoring
03-06 22:21:54.212  6836 11296 I chatty  : uid=10026(com.oculus.systemux) pool-14-thread- expire 3 lines
03-06 22:21:54.215  3369  3661 I [SEO] PanelRenderLayer: ResetSurface #main 0 x 0 - shape:0 stereo:0
03-06 22:21:54.219  6700 11216 E PartyNativeModuleManager: Calling getCurrentPartyId but native code wasn't initialized. Noop.
03-06 22:21:54.222  1261 10600 I CompositorVR: WarpToScreen: Skipping frames for 14
03-06 22:21:54.224  6700 11216 W PartyNativeModuleManager: Calling nativeTearDown but native code wasn't initialized. Noop.
03-06 22:21:54.232  3036  3036 D VrNotificationAnalytics: logNotificationPosted: key(0|com.oculus.presence|50001|null|10070), type(first_party_unspecified), isToast(false)
03-06 22:21:54.233  1261 10600 I CompositorVR: WarpToScreen: Skipping frames for 14
03-06 22:21:54.234  3036  3036 I [OAO] VrNotificationListenerService: onNotificationPosted() - key = 0|com.oculus.presence|50001|null|10070, type = first_party_unspecified, isToast = false, isBlocked with reason = true Blocked by does not contain all markers for a toast notification
03-06 22:21:54.244  1261 10600 I CompositorVR: WarpToScreen: Skipping frames for 14
03-06 22:21:54.255  1261 10600 I CompositorVR: WarpToScreen: Skipping frames for 14
03-06 22:21:54.257  3593 11299 D CCodec  : allocate(c2.android.vorbis.decoder)
03-06 22:21:54.257   852  6288 V C2Store : in init
03-06 22:21:54.257   852  6288 V C2Store : loading dll
03-06 22:21:54.259  3593 11299 I CCodec  : Created component [c2.android.vorbis.decoder]
03-06 22:21:54.260  3593 11299 D CCodecConfig: read media type: audio/vorbis
03-06 22:21:54.262  3593 11299 D ReflectedParamUpdater: extent() != 1 for single value type: algo.buffers.max-count.values
03-06 22:21:54.262  3593 11299 D ReflectedParamUpdater: extent() != 1 for single value type: output.subscribed-indices.values
03-06 22:21:54.262  3593 11299 D ReflectedParamUpdater: extent() != 1 for single value type: input.buffers.allocator-ids.values
03-06 22:21:54.262  3593 11299 D ReflectedParamUpdater: extent() != 1 for single value type: output.buffers.allocator-ids.values
03-06 22:21:54.263  3593 11299 D ReflectedParamUpdater: extent() != 1 for single value type: algo.buffers.allocator-ids.values
03-06 22:21:54.263  3593 11299 D ReflectedParamUpdater: extent() != 1 for single value type: output.buffers.pool-ids.values
03-06 22:21:54.263  3593 11299 D ReflectedParamUpdater: extent() != 1 for single value type: algo.buffers.pool-ids.values
03-06 22:21:54.263  3593 11299 I CCodecConfig: query failed after returning 7 values (BAD_INDEX)
03-06 22:21:54.263  3593 11299 D CCodecConfig: c2 config diff is Dict {
03-06 22:21:54.263  3593 11299 D CCodecConfig:   c2::u32 coded.bitrate.value = 64000
03-06 22:21:54.263  3593 11299 D CCodecConfig:   c2::u32 input.buffers.max-size.value = 32768
03-06 22:21:54.263  3593 11299 D CCodecConfig:   c2::u32 input.delay.value = 0
03-06 22:21:54.263  3593 11299 D CCodecConfig:   string input.media-type.value = "audio/vorbis"
03-06 22:21:54.263  3593 11299 D CCodecConfig:   string output.media-type.value = "audio/raw"
03-06 22:21:54.263  3593 11299 D CCodecConfig:   c2::u32 raw.channel-count.value = 1
03-06 22:21:54.263  3593 11299 D CCodecConfig:   c2::u32 raw.sample-rate.value = 48000
03-06 22:21:54.263  3593 11299 D CCodecConfig: }
03-06 22:21:54.264  3593 11299 D CCodecConfig: no c2 equivalents for durationUs
03-06 22:21:54.264  3593 11299 D CCodecConfig: no c2 equivalents for csd-1
03-06 22:21:54.264  3593 11299 D CCodecConfig: no c2 equivalents for track-id
03-06 22:21:54.264  3593 11299 D CCodecConfig: no c2 equivalents for channel-mask
03-06 22:21:54.264  3593 11299 D CCodecConfig: c2 config diff is   c2::u32 raw.channel-count.value = 2
03-06 22:21:54.264  3593 11299 D CCodecConfig:   c2::u32 raw.sample-rate.value = 44100
03-06 22:21:54.264  3593 11299 W Codec2Client: query -- param skipped: index = 1107298332.
03-06 22:21:54.264  3593 11299 D CCodec  : setup formats input: AMessage(what = 0x00000000) = {
03-06 22:21:54.264  3593 11299 D CCodec  :   int32_t channel-count = 2
03-06 22:21:54.264  3593 11299 D CCodec  :   int32_t max-input-size = 32768
03-06 22:21:54.264  3593 11299 D CCodec  :   string mime = "audio/vorbis"
03-06 22:21:54.264  3593 11299 D CCodec  :   int32_t sample-rate = 44100
03-06 22:21:54.264  3593 11299 D CCodec  : } and output: AMessage(what = 0x00000000) = {
03-06 22:21:54.264  3593 11299 D CCodec  :   int32_t channel-count = 2
03-06 22:21:54.264  3593 11299 D CCodec  :   string mime = "audio/raw"
03-06 22:21:54.264  3593 11299 D CCodec  :   int32_t sample-rate = 44100
03-06 22:21:54.264  3593 11299 D CCodec  :   int32_t channel-mask = 3
03-06 22:21:54.264  3593 11299 D CCodec  : }
03-06 22:21:54.266  1058  1082 I DisplayManagerService: Display device changed state: "com.oculus.android_panel_app.AndroidPanelLayer-#main", ON
03-06 22:21:54.267  1261 10600 I CompositorVR: WarpToScreen: Skipping frames for 14
03-06 22:21:54.270  3593 11299 W Codec2Client: query -- param skipped: index = 1342179345.
03-06 22:21:54.270  3593 11299 W Codec2Client: query -- param skipped: index = 2415921170.
03-06 22:21:54.270  3593 11299 D CCodecBufferChannel: [c2.android.vorbis.decoder#722] Created input block pool with allocatorID 16 => poolID 37 - OK (0)
03-06 22:21:54.271   852  1651 D BufferPoolAccessor: bufferpool2 0x3486f69e30 : 0(0 size) total buffers - 0(0 size) used buffers - 238/240 (recycle/alloc) - 2/238 (fetch/transfer)
03-06 22:21:54.271  3369  3661 I [SEO] PanelAppHost: Setting panel layer visibility of layer "#main" to invisible, panel 14 (com.oculus.systemux/com.oculus.panelapp.anytimeui.AnytimeUIAndroidPanelService)
03-06 22:21:54.271  3369  3661 I [SEO] PanelAppHost: Resize layer #main to size 840 x 110 shape: 1 stereo: 0, panel 14 (com.oculus.systemux/com.oculus.panelapp.anytimeui.AnytimeUIAndroidPanelService)
03-06 22:21:54.271  3369  3661 I [SEO] PanelRenderLayer: ResetSurface #main 840 x 110 - shape:1 stereo:0
03-06 22:21:54.272  3593 11299 I CCodecBufferChannel: [c2.android.vorbis.decoder#722] Created output block pool with allocatorID 16 => poolID 73 - OK
03-06 22:21:54.272   852  1648 D BufferPoolAccessor: Destruction - bufferpool2 0x3486f69e30 cached: 0/0M, 0/0% in use; allocs: 240, 99% recycled; transfers: 238, 99% unfetced
03-06 22:21:54.272  3593 11299 D CCodecBufferChannel: [c2.android.vorbis.decoder#722] Configured output block pool ids 73 => OK
03-06 22:21:54.276  1058  2134 E WindowManager: App trying to use insecure INPUT_FEATURE_NO_INPUT_CHANNEL flag. Ignoring
03-06 22:21:54.277   852 11300 D SimpleC2Component: Using output block pool with poolID 73 => got 73 - 0
03-06 22:21:54.278  1261 10600 I CompositorVR: WarpToScreen: Skipping frames for 14
03-06 22:21:54.283  3369  3661 I [SEO] PanelAppAnalytics: First frame latency: 0.483 for id 14 com.oculus.systemux/com.oculus.panelapp.anytimeui.AnytimeUIAndroidPanelService
03-06 22:21:54.283  3369  3661 I [SEO] LayerSwapChainResource: LayerSwapChainResource 840,110 : 3
03-06 22:21:54.283  1261  3674 I VrRuntimeService: CreateSwapChain: 1483825211
03-06 22:21:54.283  1261  3674 I VrRuntimeService: CreateSwapChain: api:vk 0 0x2b 840 110 10 3 1 4 3
03-06 22:21:54.283  1261  3674 W SwapChain_Vulkan_Foveated: CreateTextureSwapChainFoveationVulkan: ShouldCreateFragmentDensityMap: false
03-06 22:21:54.283  1261  3674 W SwapChain_Vulkan_Foveated: ExportTextureResourcesFoveationVulkan: chain->VkInteropFoveation.Device == nullptr
03-06 22:21:54.283  1261  3674 W SwapChain: CreateTextureSwapChainFoveation: export failed
03-06 22:21:54.284  1261  3674 I VrRuntimeServer: CreateTextureSwapChain: result importswapchaingles 1
03-06 22:21:54.285  3593  3741 I SwapChain_Vulkan_Memory_Export: Imported texture has requirements 3, ends up index 0
03-06 22:21:54.285  3593  3741 I chatty  : uid=10014(com.oculus.shellenv) Thread-24 identical 1 line
03-06 22:21:54.285  3593  3741 I SwapChain_Vulkan_Memory_Export: Imported texture has requirements 3, ends up index 0
03-06 22:21:54.285  3593  3741 W VrRuntimeClient: CreateTextureSwapChain: Failed to import foveation swapchain
03-06 22:21:54.286  1261  3674 I VrRuntimeService: UpdateSwapChainSamplerState: 259
03-06 22:21:54.286  1261  3674 I VrRuntimeService: UpdateSwapChainSamplerState: minFilter=1 magFilter=1 wrapModeS=3 warpModeT=3 maxAniso=1.000000 border={0.000000,0.000000,0.000000,0.000000} swizzle={0,1,2,3}
03-06 22:21:54.289  1261 10600 I CompositorVR: WarpToScreen: Skipping frames for 14
03-06 22:21:54.295  3593 11299 D CCodecBufferChannel: [c2.android.vorbis.decoder#722] Discard frames from previous generation.
03-06 22:21:54.295  3593 11299 D CCodecBufferChannel: [c2.android.vorbis.decoder#722] Discard frames from previous generation.
03-06 22:21:54.297   860  1359 I chatty  : uid=1000(system) Binder:860_3 identical 10 lines
03-06 22:21:54.299   852  4043 D BufferPoolAccessor: Destruction - bufferpool2 0x3486f6aa30 cached: 0/0M, 0/0% in use; allocs: 0, 0% recycled; transfers: 0, 0% unfetced
03-06 22:21:54.299   852  4043 V C2Store : in ~ComponentModule
03-06 22:21:54.299   852  4043 V C2Store : unloading dll
03-06 22:21:54.300  1261 10600 I CompositorVR: WarpToScreen: Skipping frames for 14
03-06 22:21:54.306   542   542 I hwservicemanager: getTransport: Cannot find entry vendor.oculus.hardware.backlight@1.0::IBacklight/default in either framework or device manifest.
03-06 22:21:54.309   542   542 I hwservicemanager: getTransport: Cannot find entry vendor.oculus.hardware.backlight@1.0::IBacklight/default in either framework or device manifest.
03-06 22:21:54.311  1261 10600 I CompositorVR: WarpToScreen: Skipping frames for 14
03-06 22:21:54.322  1261 10600 I CompositorVR: WarpToScreen: Skipping frames for 14
03-06 22:21:54.331  1261  1261 D VrRuntimeService: onForegroundActivitiesChanged: pid=10454, uid=10210, hasForegroundActivities=false
03-06 22:21:54.332  1261  1300 I FocusedClientsListener: focus: onVrFocusChanged(focusType=1): 5
03-06 22:21:54.332  1261  1300 I FocusedClientsListener: focus: pid=3593
03-06 22:21:54.332  1261  1300 I FocusedClientsListener: focus: pid=3036
03-06 22:21:54.332  1261  1300 I FocusedClientsListener: focus: pid=3369
03-06 22:21:54.332  1261  1300 I FocusedClientsListener: focus: pid=2547
03-06 22:21:54.332  1261  1300 I FocusedClientsListener: focus: pid=2420
03-06 22:21:54.332  1261  3094 I FocusedClientsListener: focus: onVrFocusChanged(focusType=2): 0
03-06 22:21:54.333  1261  5356 I FocusedClientsListener: focus: onVrFocusChanged(focusType=0): 5
03-06 22:21:54.333  1261  5356 I FocusedClientsListener: focus: pid=3593
03-06 22:21:54.333  1261  5356 I FocusedClientsListener: focus: pid=3036
03-06 22:21:54.333  1261  5356 I FocusedClientsListener: focus: pid=3369
03-06 22:21:54.333  1261  5356 I FocusedClientsListener: focus: pid=2547
03-06 22:21:54.333  1261  5356 I FocusedClientsListener: focus: pid=2420
03-06 22:21:54.334   860  1359 W TrackingService: attachClient: found client in attached list
03-06 22:21:54.334   860  1359 D TrackingService: getSharedMemory: com.oculus.systemdriver, HeadTracker
03-06 22:21:54.334  1261 10600 I CompositorVR: WarpToScreen: Skipping frames for 14
03-06 22:21:54.334   860   860 W TrackingService: attachClient: found client in attached list
03-06 22:21:54.334   860   860 D TrackingService: getSharedMemory: com.oculus.shellenv, HeadTracker
03-06 22:21:54.336   860   860 W TrackingService: attachClient: found client in attached list
03-06 22:21:54.337   860   860 W TrackingService: attachClient: found client in attached list
03-06 22:21:54.337   860   860 D TrackingService: getSharedMemory: com.oculus.vrshell, HeadTracker
03-06 22:21:54.338   860   860 W TrackingService: attachClient: found client in attached list
03-06 22:21:54.338   860   860 D TrackingService: getSharedMemory: com.oculus.guardian, HeadTracker
03-06 22:21:54.342   860  1050 W TrackingService: attachClient: found client in attached list
03-06 22:21:54.343  6836  6853 I chatty  : uid=10026(com.oculus.systemux) Binder:6836_2 expire 4 lines
03-06 22:21:54.345  1261 10600 I CompositorVR: WarpToScreen: Skipping frames for 14
03-06 22:21:54.356  1261 10600 I CompositorVR: WarpToScreen: Skipping frames for 14
03-06 22:21:54.367  1261 10600 I CompositorVR: WarpToScreen: Skipping frames for 14
03-06 22:21:54.378  1261 10600 I CompositorVR: WarpToScreen: Skipping frames for 14
03-06 22:21:54.379   860   860 W TrackingService: attachClient: found client in attached list
03-06 22:21:54.380   860  1359 W TrackingService: attachClient: found client in attached list
03-06 22:21:54.387  3593 11306 D CCodec  : allocate(c2.android.vorbis.decoder)
03-06 22:21:54.387   852  4043 V C2Store : in init
03-06 22:21:54.387   852  4043 V C2Store : loading dll
03-06 22:21:54.389  1261 10600 I CompositorVR: WarpToScreen: Skipping frames for 14
03-06 22:21:54.391  3593 11306 I CCodec  : Created component [c2.android.vorbis.decoder]
03-06 22:21:54.391  3593 11306 D CCodecConfig: read media type: audio/vorbis
03-06 22:21:54.391  2420  2921 I GuardianCollisionTracker: Guardian Controller Collision: Magnitude: 57.835, Duration: 0.004 sec, TimeStamp: 10048.235352 sec
03-06 22:21:54.393  3369  3661 I [SEO] PanelAppHost: Setting panel layer visibility of layer "#main" to visible, panel 14 (com.oculus.systemux/com.oculus.panelapp.anytimeui.AnytimeUIAndroidPanelService)
03-06 22:21:54.397  3593 11306 D ReflectedParamUpdater: extent() != 1 for single value type: algo.buffers.max-count.values
03-06 22:21:54.398  3593 11306 D ReflectedParamUpdater: extent() != 1 for single value type: output.subscribed-indices.values
03-06 22:21:54.398  3593 11306 D ReflectedParamUpdater: extent() != 1 for single value type: input.buffers.allocator-ids.values
03-06 22:21:54.398  3593 11306 D ReflectedParamUpdater: extent() != 1 for single value type: output.buffers.allocator-ids.values
03-06 22:21:54.398  3593 11306 D ReflectedParamUpdater: extent() != 1 for single value type: algo.buffers.allocator-ids.values
03-06 22:21:54.398  3593 11306 D ReflectedParamUpdater: extent() != 1 for single value type: output.buffers.pool-ids.values
03-06 22:21:54.399  3593 11306 D ReflectedParamUpdater: extent() != 1 for single value type: algo.buffers.pool-ids.values
03-06 22:21:54.399  3593 11306 I CCodecConfig: query failed after returning 7 values (BAD_INDEX)
03-06 22:21:54.400  3593 11306 D CCodecConfig: c2 config diff is Dict {
03-06 22:21:54.400  3593 11306 D CCodecConfig:   c2::u32 coded.bitrate.value = 64000
03-06 22:21:54.400  3593 11306 D CCodecConfig:   c2::u32 input.buffers.max-size.value = 32768
03-06 22:21:54.400  3593 11306 D CCodecConfig:   c2::u32 input.delay.value = 0
03-06 22:21:54.400  3593 11306 D CCodecConfig:   string input.media-type.value = "audio/vorbis"
03-06 22:21:54.400  3593 11306 D CCodecConfig:   string output.media-type.value = "audio/raw"
03-06 22:21:54.400  3593 11306 D CCodecConfig:   c2::u32 raw.channel-count.value = 1
03-06 22:21:54.400  3593 11306 D CCodecConfig:   c2::u32 raw.sample-rate.value = 48000
03-06 22:21:54.400  3593 11306 D CCodecConfig: }
03-06 22:21:54.400  3593 11306 D CCodecConfig: no c2 equivalents for durationUs
03-06 22:21:54.400  3593 11306 D CCodecConfig: no c2 equivalents for csd-1
03-06 22:21:54.400  3593 11306 D CCodecConfig: no c2 equivalents for track-id
03-06 22:21:54.400  3593 11306 D CCodecConfig: no c2 equivalents for channel-mask
03-06 22:21:54.400  1261 10600 I CompositorVR: WarpToScreen: Skipping frames for 14
03-06 22:21:54.401  3593 11306 D CCodecConfig: c2 config diff is   c2::u32 raw.channel-count.value = 2
03-06 22:21:54.401  3593 11306 D CCodecConfig:   c2::u32 raw.sample-rate.value = 44100
03-06 22:21:54.401  3593 11306 W Codec2Client: query -- param skipped: index = 1107298332.
03-06 22:21:54.401  3593 11306 D CCodec  : setup formats input: AMessage(what = 0x00000000) = {
03-06 22:21:54.401  3593 11306 D CCodec  :   int32_t channel-count = 2
03-06 22:21:54.401  3593 11306 D CCodec  :   int32_t max-input-size = 32768
03-06 22:21:54.401  3593 11306 D CCodec  :   string mime = "audio/vorbis"
03-06 22:21:54.401  3593 11306 D CCodec  :   int32_t sample-rate = 44100
03-06 22:21:54.401  3593 11306 D CCodec  : } and output: AMessage(what = 0x00000000) = {
03-06 22:21:54.401  3593 11306 D CCodec  :   int32_t channel-count = 2
03-06 22:21:54.401  3593 11306 D CCodec  :   string mime = "audio/raw"
03-06 22:21:54.401  3593 11306 D CCodec  :   int32_t sample-rate = 44100
03-06 22:21:54.401  3593 11306 D CCodec  :   int32_t channel-mask = 3
03-06 22:21:54.401  3593 11306 D CCodec  : }
03-06 22:21:54.402  6836 11301 I chatty  : uid=10026(com.oculus.systemux) pool-14-thread- expire 1 line
03-06 22:21:54.405   852  6288 V C2Store : in ~ComponentModule
03-06 22:21:54.405   852  6288 V C2Store : unloading dll
03-06 22:21:54.411  1261 10600 I CompositorVR: WarpToScreen: Skipping frames for 14
03-06 22:21:54.422  1261 10600 I CompositorVR: WarpToScreen: Skipping frames for 14
03-06 22:21:54.424  6836  6836 I [SUI] ConsumerConfiguration: Setting SystemUX Configuration and Policy Settings.
03-06 22:21:54.425  6836  6836 D OculusUserManager: isMultiUserEnabled? UserManager: true
03-06 22:21:54.425  6836  6836 D [SUI] MultiUserManagerHelper: Is Multiuser Enabled SystemUXConfig is MultiUser Enabled: true, OculusManager is MultiUser Enabled: true
03-06 22:21:54.425  6836  6836 D OculusUserManager: isMultiUserEnabled? UserManager: true
03-06 22:21:54.425  6836  6836 V [SUI] RawSettingsItem: visibilityFetcher is empty for id: user_account
03-06 22:21:54.425  6836  6836 V [SUI] RawSettingsItem: valueFetcher is empty for id: user_account
03-06 22:21:54.425  6836  6836 V [SUI] RawSettingsItem: visibilityFetcher is empty for id: hand_control_grid_tile
03-06 22:21:54.425  6836  6836 V [SUI] RawSettingsItem: valueFetcher is empty for id: hand_control_grid_tile
03-06 22:21:54.425  6836  6836 V [SUI] RawSettingsItem: valueFetcher is empty for id: cloud_backup
03-06 22:21:54.425  6836  6836 V [SUI] RawSettingsItem: visibilityFetcher is empty for id: about_mac_address
03-06 22:21:54.425  6836  6836 V [SUI] RawSettingsItem: valueFetcher is empty for id: about_mac_address
03-06 22:21:54.425  6836  6836 V [SUI] RawSettingsItem: visibilityFetcher is empty for id: system_power_section
03-06 22:21:54.425  6836  6836 V [SUI] RawSettingsItem: valueFetcher is empty for id: system_power_section
03-06 22:21:54.425  6836  6836 V [SUI] RawSettingsItem: valueFetcher is empty for id: controllers_oculus_button_fast_movement
03-06 22:21:54.425  6836  6836 V [SUI] RawSettingsItem: visibilityFetcher is empty for id: select_local_keyboard
03-06 22:21:54.425  6836  6836 V [SUI] RawSettingsItem: valueFetcher is empty for id: select_local_keyboard
03-06 22:21:54.425  6836  6836 V [SUI] RawSettingsItem: valueFetcher is empty for id: security_pin_device_lock_enabled
03-06 22:21:54.425  6836  6836 V [SUI] RawSettingsItem: valueFetcher is empty for id: learn_more_about_voice_storage
03-06 22:21:54.425  6836  6836 V [SUI] RawSettingsItem: visibilityFetcher is empty for id: mobility_swap_system_button_handedness
03-06 22:21:54.425  6836  6836 V [SUI] RawSettingsItem: valueFetcher is empty for id: mobility_swap_system_button_handedness
03-06 22:21:54.425  6836  6836 V [SUI] RawSettingsItem: visibilityFetcher is empty for id: about_privacy_policy
03-06 22:21:54.425  6836  6836 V [SUI] RawSettingsItem: valueFetcher is empty for id: about_privacy_policy
03-06 22:21:54.425  6836  6836 V [SUI] RawSettingsItem: visibilityFetcher is empty for id: language
03-06 22:21:54.425  6836  6836 V [SUI] RawSettingsItem: valueFetcher is empty for id: keyboard_federated_learning_enabled_new
03-06 22:21:54.426  6836  6836 I [SUI] ConsumerConfiguration: Setting SystemUX Configuration and Policy Settings.
03-06 22:21:54.426  6836  6836 V [SUI] RawSettingsItem: valueFetcher is empty for id: video_capture_eye_selection
03-06 22:21:54.426  6836  6836 V [SUI] RawSettingsItem: visibilityFetcher is empty for id: hand_tracking_frequency_override
03-06 22:21:54.426  6836  6836 V [SUI] RawSettingsItem: valueFetcher is empty for id: hand_tracking_frequency_override
03-06 22:21:54.426  6836  6836 V [SUI] RawSettingsItem: visibilityFetcher is empty for id: mobility_boost_your_height
03-06 22:21:54.426  6836  6836 V [SUI] RawSettingsItem: valueFetcher is empty for id: mobility_boost_your_height
03-06 22:21:54.426  6836  6836 V [SUI] RawSettingsItem: valueFetcher is empty for id: settings_physical_keyboard
03-06 22:21:54.426  6836  6836 V [SUI] RawSettingsItem: visibilityFetcher is empty for id: manage_saved_keyboards
03-06 22:21:54.426  6836  6836 V [SUI] RawSettingsItem: valueFetcher is empty for id: manage_saved_keyboards
03-06 22:21:54.427  6836  6836 V [SUI] RawSettingsItem: visibilityFetcher is empty for id: hands_swap_system_button_handedness
03-06 22:21:54.427  6836  6836 V [SUI] RawSettingsItem: valueFetcher is empty for id: hands_swap_system_button_handedness
03-06 22:21:54.427  6836  6836 V [SUI] RawSettingsItem: visibilityFetcher is empty for id: privacy_hand_tracking
03-06 22:21:54.427  6836  6836 V [SUI] RawSettingsItem: valueFetcher is empty for id: privacy_hand_tracking
03-06 22:21:54.427  6836  6836 V [SUI] RawSettingsItem: visibilityFetcher is empty for id: color_filter
03-06 22:21:54.427  6836  6836 V [SUI] RawSettingsItem: valueFetcher is empty for id: color_filter
03-06 22:21:54.427  6836  6836 V [SUI] RawSettingsItem: visibilityFetcher is empty for id: display_theme
03-06 22:21:54.427  6836  6836 V [SUI] RawSettingsItem: valueFetcher is empty for id: display_theme
03-06 22:21:54.427  6836  6836 V [SUI] RawSettingsItem: visibilityFetcher is empty for id: app_locks_toolbar_item
03-06 22:21:54.427  6836  6836 V [SUI] RawSettingsItem: valueFetcher is empty for id: app_locks_toolbar_item
03-06 22:21:54.427  6836  6836 V [SUI] RawSettingsItem: valueFetcher is empty for id: accessibility_voice_controller
03-06 22:21:54.427  6836  6836 V [SUI] RawSettingsItem: valueFetcher is empty for id: sys_utils_redesign_menu_guardian_room_capture
03-06 22:21:54.427  6836  6836 V [SUI] RawSettingsItem: visibilityFetcher is empty for id: system_language_and_region_section
03-06 22:21:54.427  6836  6836 V [SUI] RawSettingsItem: valueFetcher is empty for id: system_language_and_region_section
03-06 22:21:54.427  6836  6836 V [SUI] RawSettingsItem: visibilityFetcher is empty for id: microphone
03-06 22:21:54.428  6836  6836 I [SUI] ConsumerConfiguration: Setting SystemUX Configuration and Policy Settings.
03-06 22:21:54.428  6836  6836 V [SUI] RawSettingsItem: valueFetcher is empty for id: video_capture_bitrate
03-06 22:21:54.428  6836  6836 V [SUI] RawSettingsItem: visibilityFetcher is empty for id: hands_hand_tracking
03-06 22:21:54.428  6836  6836 V [SUI] RawSettingsItem: valueFetcher is empty for id: hands_hand_tracking
03-06 22:21:54.429  6836  6836 I [SUI] ConsumerConfiguration: Setting SystemUX Configuration and Policy Settings.
03-06 22:21:54.429  6836  6836 D [SUI] SettingsSectionUtil: Should Show Voice Commands Section SystemUXConfig is Voice Command UI Enabled: false
03-06 22:21:54.429  6836  6836 V [SUI] RawSettingsItem: valueFetcher is empty for id: couch_creation
03-06 22:21:54.429  6836  6836 V [SUI] RawSettingsItem: visibilityFetcher is empty for id: reset_experiments_to_default
03-06 22:21:54.429  6836  6836 V [SUI] RawSettingsItem: valueFetcher is empty for id: reset_experiments_to_default
03-06 22:21:54.429  6836  6836 V [SUI] RawSettingsItem: valueFetcher is empty for id: pin_unlock_browser_password_autofill
03-06 22:21:54.429  6836  6836 V [SUI] RawSettingsItem: visibilityFetcher is empty for id: experimental_grid_tile
03-06 22:21:54.429  6836  6836 V [SUI] RawSettingsItem: valueFetcher is empty for id: experimental_grid_tile
03-06 22:21:54.429  6836  6836 V [SUI] RawSettingsItem: valueFetcher is empty for id: selected_local_keyboard
03-06 22:21:54.429  6836  6836 V [SUI] RawSettingsItem: visibilityFetcher is empty for id: devices_bluetooth_section
03-06 22:21:54.429  6836  6836 V [SUI] RawSettingsItem: valueFetcher is empty for id: devices_bluetooth_section
03-06 22:21:54.429  6836  6836 V [SUI] RawSettingsItem: visibilityFetcher is empty for id: guardian_general
03-06 22:21:54.429  6836  6836 V [SUI] RawSettingsItem: valueFetcher is empty for id: guardian_general
03-06 22:21:54.430  6836  6836 I [SUI] ConsumerConfiguration: Setting SystemUX Configuration and Policy Settings.
03-06 22:21:54.430  6836  6836 D [SUI] SettingsSectionUtil: Should Show Voice Commands Section SystemUXConfig is Voice Command UI Enabled: false
03-06 22:21:54.430  6836  6836 V [SUI] RawSettingsItem: visibilityFetcher is empty for id: system_grid_tile
03-06 22:21:54.430  6836  6836 V [SUI] RawSettingsItem: valueFetcher is empty for id: system_grid_tile
03-06 22:21:54.430  6836  6836 V [SUI] RawSettingsItem: visibilityFetcher is empty for id: system_tips_and_support_section
03-06 22:21:54.430  6836  6836 V [SUI] RawSettingsItem: valueFetcher is empty for id: system_tips_and_support_section
03-06 22:21:54.430  6836  6836 V [SUI] RawSettingsItem: visibilityFetcher is empty for id: guardian_roomscale_section
03-06 22:21:54.430  6836  6836 V [SUI] RawSettingsItem: valueFetcher is empty for id: guardian_roomscale_section
03-06 22:21:54.431  6836  6836 I [SUI] ConsumerConfiguration: Setting SystemUX Configuration and Policy Settings.
03-06 22:21:54.431  6836  6836 D OculusUserManager: isMultiUserEnabled? UserManager: true
03-06 22:21:54.431  6836  6836 D [SUI] MultiUserManagerHelper: Is Multiuser Enabled SystemUXConfig is MultiUser Enabled: true, OculusManager is MultiUser Enabled: true
03-06 22:21:54.431  6836  6836 D OculusUserManager: isMultiUserEnabled? UserManager: true
03-06 22:21:54.431  6836  6836 V [SUI] RawSettingsItem: visibilityFetcher is empty for id: device_account_section
03-06 22:21:54.431  6836  6836 V [SUI] RawSettingsItem: valueFetcher is empty for id: device_account_section
03-06 22:21:54.431  6836  6836 V [SUI] RawSettingsItem: valueFetcher is empty for id: unlock_pattern
03-06 22:21:54.431  6836  6836 V [SUI] RawSettingsItem: valueFetcher is empty for id: accessibility_mono_audio
03-06 22:21:54.431  6836  6836 V [SUI] RawSettingsItem: visibilityFetcher is empty for id: overlay_position
03-06 22:21:54.431  6836  6836 V [SUI] RawSettingsItem: valueFetcher is empty for id: overlay_position
03-06 22:21:54.432  6836  6836 I [SUI] ConsumerConfiguration: Setting SystemUX Configuration and Policy Settings.
03-06 22:21:54.432  6836  6836 D [SUI] SettingsSectionUtil: Should Show Voice Commands Section SystemUXConfig is Voice Command UI Enabled: false
03-06 22:21:54.432  6836  6836 V [SUI] RawSettingsItem: visibilityFetcher is empty for id: guardian_customization_boundary_color_config
03-06 22:21:54.432  6836  6836 V [SUI] RawSettingsItem: valueFetcher is empty for id: guardian_customization_boundary_color_config
03-06 22:21:54.432  6836  6836 V [SUI] RawSettingsItem: visibilityFetcher is empty for id: support
03-06 22:21:54.432  6836  6836 V [SUI] RawSettingsItem: valueFetcher is empty for id: support
03-06 22:21:54.432  6836  6836 V [SUI] RawSettingsItem: visibilityFetcher is empty for id: night_shift
03-06 22:21:54.433  6836  6836 V [SUI] RawSettingsItem: visibilityFetcher is empty for id: new_notifications_sound
03-06 22:21:54.433  6836  6836 V [SUI] RawSettingsItem: visibilityFetcher is empty for id: system_backup_section
03-06 22:21:54.433  6836  6836 V [SUI] RawSettingsItem: valueFetcher is empty for id: system_backup_section
03-06 22:21:54.433  6836  6836 V [SUI] RawSettingsItem: visibilityFetcher is empty for id: accessibility_grid_tile
03-06 22:21:54.433  6836  6836 V [SUI] RawSettingsItem: valueFetcher is empty for id: accessibility_grid_tile
03-06 22:21:54.433  6836  6836 V [SUI] RawSettingsItem: visibilityFetcher is empty for id: font_size
03-06 22:21:54.433  6836  6836 V [SUI] RawSettingsItem: valueFetcher is empty for id: font_size
03-06 22:21:54.433  6836  6836 V [SUI] RawSettingsItem: valueFetcher is empty for id: keyboard_dictation_federated_learning_enabled_old
03-06 22:21:54.433  6836  6836 V [SUI] RawSettingsItem: visibilityFetcher is empty for id: move_notification
03-06 22:21:54.433  6836  6836 V [SUI] RawSettingsItem: valueFetcher is empty for id: move_notification
03-06 22:21:54.433  6836  6836 V [SUI] RawSettingsItem: valueFetcher is empty for id: unlock_pin
03-06 22:21:54.434  1261 10600 I CompositorVR: WarpToScreen: Skipping frames for 14
03-06 22:21:54.434  6836  6836 I [SUI] ConsumerConfiguration: Setting SystemUX Configuration and Policy Settings.
03-06 22:21:54.434  6836  6836 V [SUI] RawSettingsItem: valueFetcher is empty for id: video_capture_resolution
03-06 22:21:54.435  6836  6836 I [SUI] ConsumerConfiguration: Setting SystemUX Configuration and Policy Settings.
03-06 22:21:54.435  6836  6836 V [SUI] RawSettingsItem: valueFetcher is empty for id: video_capture_frame_rate
03-06 22:21:54.435  6836  6836 V [SUI] RawSettingsItem: visibilityFetcher is empty for id: accessibility_vision_section
03-06 22:21:54.435  6836  6836 V [SUI] RawSettingsItem: valueFetcher is empty for id: accessibility_vision_section
03-06 22:21:54.437  6836  6836 I [SUI] ConsumerConfiguration: Setting SystemUX Configuration and Policy Settings.
03-06 22:21:54.438  6836  6836 D OculusUserManager: isMultiUserEnabled? UserManager: true
03-06 22:21:54.438  6836  6836 D [SUI] MultiUserManagerHelper: Is Multiuser Enabled SystemUXConfig is MultiUser Enabled: true, OculusManager is MultiUser Enabled: true
03-06 22:21:54.438  6836  6836 D OculusUserManager: isMultiUserEnabled? UserManager: true
03-06 22:21:54.438  6836  6836 V [SUI] RawSettingsItem: valueFetcher is empty for id: library_sharing
03-06 22:21:54.438  6836  6836 V [SUI] RawSettingsItem: valueFetcher is empty for id: accessibility_text_to_speech
03-06 22:21:54.438  6836  6836 V [SUI] RawSettingsItem: visibilityFetcher is empty for id: controller_section
03-06 22:21:54.438  6836  6836 V [SUI] RawSettingsItem: valueFetcher is empty for id: controller_section
03-06 22:21:54.438  6836  6836 V [SUI] RawSettingsItem: valueFetcher is empty for id: accessibility_audio_balance
03-06 22:21:54.439  6836  6836 V [SUI] RawSettingsItem: valueFetcher is empty for id: controllers_controller_calibration
03-06 22:21:54.439  6836  6836 V [SUI] RawSettingsItem: visibilityFetcher is empty for id: personalization_grid_tile
03-06 22:21:54.439  6836  6836 V [SUI] RawSettingsItem: valueFetcher is empty for id: personalization_grid_tile
03-06 22:21:54.439  6836  6836 V [SUI] RawSettingsItem: valueFetcher is empty for id: color+correction_filter
03-06 22:21:54.439  6836  6836 V [SUI] RawSettingsItem: valueFetcher is empty for id: hearing_captions_subsection
03-06 22:21:54.440  6836  6836 I [SUI] ConsumerConfiguration: Setting SystemUX Configuration and Policy Settings.
03-06 22:21:54.440  6836  6836 D [SUI] SettingsSectionUtil: Should Show Voice Commands Section SystemUXConfig is Voice Command UI Enabled: false
03-06 22:21:54.440  6836  6836 V [SUI] RawSettingsItem: valueFetcher is empty for id: capture_advanced_setting
03-06 22:21:54.440  6836  6836 V [SUI] RawSettingsItem: visibilityFetcher is empty for id: bug_report
03-06 22:21:54.440  6836  6836 V [SUI] RawSettingsItem: valueFetcher is empty for id: bug_report
03-06 22:21:54.440  6836  6836 V [SUI] RawSettingsItem: valueFetcher is empty for id: hand_tracking_version_override
03-06 22:21:54.440  6836  6836 V [SUI] RawSettingsItem: valueFetcher is empty for id: accessibility_text_to_speech_hover_duration
03-06 22:21:54.441  6836  6836 I [SUI] ConsumerConfiguration: Setting SystemUX Configuration and Policy Settings.
03-06 22:21:54.441  6836  6836 V [SUI] RawSettingsItem: visibilityFetcher is empty for id: system_capture_section
03-06 22:21:54.441  6836  6836 V [SUI] RawSettingsItem: valueFetcher is empty for id: system_capture_section
03-06 22:21:54.445  1261 10600 I CompositorVR: WarpToScreen: Skipping frames for 14
03-06 22:21:54.451  6836  6836 V [SUI] RawSettingsItem: valueFetcher is empty for id: privacy_share_non_essential_telemetry
03-06 22:21:54.451  6836  6836 V [SUI] RawSettingsItem: visibilityFetcher is empty for id: guardian_tracking
03-06 22:21:54.451  6836  6836 V [SUI] RawSettingsItem: valueFetcher is empty for id: guardian_tracking
03-06 22:21:54.451  6836  6836 V [SUI] RawSettingsItem: valueFetcher is empty for id: intrusion_detection_distance
03-06 22:21:54.451  6836  6836 V [SUI] RawSettingsItem: valueFetcher is empty for id: hands_hand_tracking_autotransition
03-06 22:21:54.451  6836  6836 V [SUI] RawSettingsItem: visibilityFetcher is empty for id: notifications_grid_tile
03-06 22:21:54.451  6836  6836 V [SUI] RawSettingsItem: valueFetcher is empty for id: notifications_grid_tile
03-06 22:21:54.451  6836  6836 V [SUI] RawSettingsItem: valueFetcher is empty for id: passthrough_on_demand
03-06 22:21:54.451  6836  6836 V [SUI] RawSettingsItem: valueFetcher is empty for id: selected_remote_keyboard
03-06 22:21:54.451  6836  6836 V [SUI] RawSettingsItem: visibilityFetcher is empty for id: controller_speed_sensitivity
03-06 22:21:54.451  6836  6836 V [SUI] RawSettingsItem: valueFetcher is empty for id: controller_speed_sensitivity
03-06 22:21:54.451  6836  6836 V [SUI] RawSettingsItem: valueFetcher is empty for id: pattern_unlock_browser_password_autofill
03-06 22:21:54.451  6836  6836 V [SUI] RawSettingsItem: visibilityFetcher is empty for id: personalization_text_section
03-06 22:21:54.451  6836  6836 V [SUI] RawSettingsItem: valueFetcher is empty for id: personalization_text_section
03-06 22:21:54.452  6836  6836 V [SUI] RawSettingsItem: valueFetcher is empty for id: surface_clear
03-06 22:21:54.452  6836  6836 V [SUI] RawSettingsItem: visibilityFetcher is empty for id: guardian_toggle
03-06 22:21:54.452  6836  6836 V [SUI] RawSettingsItem: valueFetcher is empty for id: guardian_toggle
03-06 22:21:54.452  6836  6836 V [SUI] RawSettingsItem: visibilityFetcher is empty for id: apps_permissions_grid_tile
03-06 22:21:54.452  6836  6836 V [SUI] RawSettingsItem: valueFetcher is empty for id: apps_permissions_grid_tile
03-06 22:21:54.452  6836  6836 V [SUI] RawSettingsItem: visibilityFetcher is empty for id: controllers_swap_system_button_handedness
03-06 22:21:54.452  6836  6836 V [SUI] RawSettingsItem: valueFetcher is empty for id: controllers_swap_system_button_handedness
03-06 22:21:54.452  6836  6836 V [SUI] RawSettingsItem: visibilityFetcher is empty for id: bluetooth_pairing
03-06 22:21:54.452  6836  6836 V [SUI] RawSettingsItem: valueFetcher is empty for id: bluetooth_pairing
03-06 22:21:54.452  6836  6836 D [SUI] SettingsAssistantJsonBuilder: Registering setting APPS_LOCK with route systemux://settings/security?setting=pattern_reauth_apps_lock
03-06 22:21:54.452  6836  6836 D [SUI] SettingsAssistantJsonBuilder: Registering setting RUNTIME_VERSION with route systemux://settings/software_update?setting=runtime_version
03-06 22:21:54.452  6836  6836 D [SUI] SettingsAssistantJsonBuilder: Skipped existing setting: GLANCEABLE_BOUNDARY
