03-09 18:59:50.800  1260  3172 I FocusedClientsListener: focus: pid=2899
03-09 18:59:50.800  1260  5650 I FocusedClientsListener: focus: onVrFocusChanged(focusType=2): 1
03-09 18:59:50.800  1260  5650 I FocusedClientsListener: focus: pid=14799
03-09 18:59:50.800   748  8961 D AF::TrackHandle: OpPlayAudio: track:100 uid:10033 pkg:com.oculus.xrstreamingclient usage:1 muted
03-09 18:59:50.801   748  1328 D AF::RecordHandle: OpRecordAudio: track:101 uid:10033 pkg:com.oculus.xrstreamingclient usage:0 muted
03-09 18:59:50.801  1260  2737 I FocusedClientsListener: focus: onVrFocusChanged(focusType=0): 6
03-09 18:59:50.801  1260  2737 I FocusedClientsListener: focus: pid=3275
03-09 18:59:50.801  1260  2737 I FocusedClientsListener: focus: pid=2057
03-09 18:59:50.801  1260  2737 I FocusedClientsListener: focus: pid=3371
03-09 18:59:50.801  1260  2737 I FocusedClientsListener: focus: pid=3023
03-09 18:59:50.801  1260  2737 I FocusedClientsListener: focus: pid=2899
03-09 18:59:50.801  1260  2737 I FocusedClientsListener: focus: pid=14799
03-09 18:59:50.803 14799 14799 D TrustedSignatureVerifier: Checking app signature for com.oculus.vrshell
03-09 18:59:50.803 14799 14799 D TrustedSignatureVerifier: Package com.oculus.vrshell trusted due to RELEASE signature.
03-09 18:59:50.803 14799 14799 D SystemActivitiesReceiver: App is trusted
03-09 18:59:50.803 14799 14799 I SystemActivitiesEvents: nativeSystemActivityIntent in 'com.CraftyGoblinStudios.GroovyBeats': 'com.oculus.vrshell' '{"Command":"exitToHome","ToPackage":"com.CraftyGoblinStudios.GroovyBeats"}' ''
03-09 18:59:50.803 14799 14799 I SystemActivitiesEvents: SYSTEM_ACTIVITY_EVENT_EXIT_TO_HOME: finish() - exit to Home
03-09 18:59:50.803 14799 14799 W ios.GroovyBeat: Attempt to remove non-JNI local reference, dumping thread
03-09 18:59:50.804 14799 14799 I chatty  : uid=10217(com.CraftyGoblinStudios.GroovyBeats) identical 1 line
03-09 18:59:50.804 14799 14799 W ios.GroovyBeat: Attempt to remove non-JNI local reference, dumping thread
03-09 18:59:50.804 14799 14799 D ContextHelper: shouldSkipFinish: activity=com.epicgames.ue4.GameActivity@2a72c0e
03-09 18:59:50.804 14799 14799 W ios.GroovyBeat: Accessing hidden method Landroid/app/Activity;->isResumed()Z (greylist, reflection, allowed)
03-09 18:59:50.804 14799 14799 D ContextHelper: activity=com.epicgames.ue4.GameActivity@2a72c0e, resumed=false
03-09 18:59:50.804 14799 14799 D ContextHelper: Calling finish() on com.epicgames.ue4.GameActivity@2a72c0e
03-09 18:59:50.810   748  5826 D AF::TrackHandle: OpPlayAudio: track:118 uid:10217 pkg:com.CraftyGoblinStudios.GroovyBeats usage:1 muted
03-09 18:59:50.811   748  3268 D AF::TrackHandle: OpPlayAudio: track:123 uid:10020 pkg:com.oculus.vrshell usage:1 not muted
03-09 18:59:50.811   748  1328 D AF::TrackHandle: OpPlayAudio: track:98 uid:10026 pkg:com.oculus.systemux usage:10 not muted
03-09 18:59:50.811   748  5826 D AF::TrackHandle: OpPlayAudio: track:63 uid:1000 pkg:com.android.networkstack.inprocess usage:13 not muted
03-09 18:59:50.812   748  8961 D AF::TrackHandle: OpPlayAudio: track:59 uid:10014 pkg:com.oculus.shellenv usage:1 muted
03-09 18:59:50.814   748  3268 D AF::RecordHandle: OpRecordAudio: track:101 uid:10033 pkg:com.oculus.xrstreamingclient usage:0 muted
03-09 18:59:50.814   748  5826 D AF::RecordHandle: OpRecordAudio: track:58 uid:10014 pkg:com.oculus.shellenv usage:0 muted
03-09 18:59:50.815   748  1328 D AF::RecordHandle: OpRecordAudio: track:120 uid:10032 pkg:com.oculus.horizon usage:0 not muted
03-09 18:59:50.819   861  1042 I chatty  : uid=1000(system) Binder:861_2 identical 2 lines
03-09 18:59:50.820 13337 13463 I chatty  : uid=10033(com.oculus.xrstreamingclient) SlamAnchorMem expire 2 lines
03-09 18:59:50.823  3371  3371 I chatty  : uid=10020(com.oculus.vrshell) ShellMain expire 9 lines
03-09 18:59:50.834  1260  1260 D VrRuntimeService: onStartCommand
03-09 18:59:50.839  2057  2820 I chatty  : uid=10020(com.oculus.vrshell) ShellOverlayVR expire 5 lines
03-09 18:59:50.842   861  1042 W TrackingService: attachClient: found client in attached list
03-09 18:59:50.843  1052  7743 I ActivityTaskManager: START u0 {act=android.intent.action.MAIN cat=[android.intent.category.LAUNCHER] flg=0x14000000 pkg=com.oculus.shellenv cmp=com.oculus.shellenv/.ShellEnvActivity (has extras)} from uid 10020
03-09 18:59:50.843 13337 13408 I chatty  : uid=10033(com.oculus.xrstreamingclient) SlamAnchorMem expire 9 lines
03-09 18:59:50.851  3371  3371 I chatty  : uid=10020(com.oculus.vrshell) ShellMain expire 2 lines
03-09 18:59:50.852  1260  2750 I VrRuntimeService: DestroySwapChain: swapchain=243
03-09 18:59:50.852  2057  2820 I chatty  : uid=10020(com.oculus.vrshell) ShellOverlayVR expire 1 line
03-09 18:59:50.852  1260  2750 I VrRuntimeService: DestroySwapChain: swapchain=236
03-09 18:59:50.853  2899  3029 I VrGuardianService: GuardianSDKServer::SetGuardianHitDialog2 0
03-09 18:59:50.861  1052  7743 D ActivityManager: Is background playback GK enabled: false Is background playback enabled for all apps: false
03-09 18:59:50.863  1260  1260 D VrRuntimeService: onForegroundActivitiesChanged: pid=3275, uid=10014, hasForegroundActivities=true
03-09 18:59:50.864  1260  3172 I FocusedClientsListener: focus: onVrFocusChanged(focusType=2): 1
03-09 18:59:50.864  1260  3172 I FocusedClientsListener: focus: pid=14799
03-09 18:59:50.864  1260  2737 I FocusedClientsListener: focus: onVrFocusChanged(focusType=1): 5
03-09 18:59:50.864  1260  2737 I FocusedClientsListener: focus: pid=3275
03-09 18:59:50.864  1260  2737 I FocusedClientsListener: focus: pid=2057
03-09 18:59:50.864  1260  2737 I FocusedClientsListener: focus: pid=3371
03-09 18:59:50.864  1260  2737 I FocusedClientsListener: focus: pid=3023
03-09 18:59:50.864  1260  2737 I FocusedClientsListener: focus: pid=2899
03-09 18:59:50.864  1260  5650 I FocusedClientsListener: focus: onVrFocusChanged(focusType=0): 6
03-09 18:59:50.864  1260  5650 I FocusedClientsListener: focus: pid=3275
03-09 18:59:50.864  1260  5650 I FocusedClientsListener: focus: pid=2057
03-09 18:59:50.864  1260  5650 I FocusedClientsListener: focus: pid=3371
03-09 18:59:50.864  1260  5650 I FocusedClientsListener: focus: pid=3023
03-09 18:59:50.864  1260  5650 I FocusedClientsListener: focus: pid=2899
03-09 18:59:50.864  1260  5650 I FocusedClientsListener: focus: pid=14799
03-09 18:59:50.864   748 13247 D AF::TrackHandle: OpPlayAudio: track:123 uid:10020 pkg:com.oculus.vrshell usage:1 not muted
03-09 18:59:50.864   861 15045 I [CT]    : boltlib: DSP utilization: 9.25 % (462 / 5004 ms)
03-09 18:59:50.865   861  4212 W TrackingService: attachClient: found client in attached list
03-09 18:59:50.867   748   748 D AF::TrackHandle: OpPlayAudio: track:59 uid:10014 pkg:com.oculus.shellenv usage:1 not muted
03-09 18:59:50.868   748 13247 D AF::RecordHandle: OpRecordAudio: track:58 uid:10014 pkg:com.oculus.shellenv usage:0 not muted
03-09 18:59:50.869   748 10382 D AF::TrackHandle: OpPlayAudio: track:63 uid:1000 pkg:com.android.networkstack.inprocess usage:13 not muted
03-09 18:59:50.876   748  1725 D AF::RecordHandle: OpRecordAudio: track:58 uid:10014 pkg:com.oculus.shellenv usage:0 not muted
03-09 18:59:50.877   748 14505 D AF::RecordHandle: OpRecordAudio: track:101 uid:10033 pkg:com.oculus.xrstreamingclient usage:0 muted
03-09 18:59:50.878   748  5826 D AF::TrackHandle: OpPlayAudio: track:118 uid:10217 pkg:com.CraftyGoblinStudios.GroovyBeats usage:1 muted
03-09 18:59:50.881   748 14505 D AF::RecordHandle: OpRecordAudio: track:101 uid:10033 pkg:com.oculus.xrstreamingclient usage:0 muted
03-09 18:59:50.881   748  1328 D AF::TrackHandle: OpPlayAudio: track:100 uid:10033 pkg:com.oculus.xrstreamingclient usage:1 muted
03-09 18:59:50.882  1052  1446 I DisplayManagerService: Display device removed: DisplayDeviceInfo{"com.oculus.android_panel_app.AndroidPanelLayer-#main": uniqueId="virtual:com.oculus.systemux,10026,com.oculus.android_panel_app.AndroidPanelLayer-#main,3", 1000 x 625, modeId 111, defaultModeId 111, supportedModes [{id=111, width=1000, height=625, fps=60.0}], colorMode 0, supportedColorModes [0], HdrCapabilities null, density 200, 200.0 x 200.0 dpi, appVsyncOff 0, presDeadline 16666666, touch NONE, rotation 0, type VIRTUAL, state ON, owner com.oculus.systemux (uid 10026), FLAG_PRIVATE, FLAG_NEVER_BLANK, FLAG_OWN_CONTENT_ONLY}
03-09 18:59:50.882   748 10739 D AF::RecordHandle: OpRecordAudio: track:120 uid:10032 pkg:com.oculus.horizon usage:0 not muted
03-09 18:59:50.882   748 10739 D AF::RecordHandle: OpRecordAudio: track:120 uid:10032 pkg:com.oculus.horizon usage:0 not muted
03-09 18:59:50.888   861  1577 W TrackingService: attachClient: found client in attached list
03-09 18:59:50.889  3220  3220 I MediaUploader: media sync preference is enabled: true
03-09 18:59:50.890  3220  3220 I MediaUploader: Schedule periodic sync job
03-09 18:59:50.893  1052  5921 I DisplayManagerService: Display device removed: DisplayDeviceInfo{"com.oculus.android_panel_app.AndroidPanelLayer-controlbar4": uniqueId="virtual:com.oculus.systemux,10026,com.oculus.android_panel_app.AndroidPanelLayer-controlbar4,0", 1000 x 50, modeId 118, defaultModeId 118, supportedModes [{id=118, width=1000, height=50, fps=60.0}], colorMode 0, supportedColorModes [0], HdrCapabilities null, density 200, 200.0 x 200.0 dpi, appVsyncOff 0, presDeadline 16666666, touch NONE, rotation 0, type VIRTUAL, state ON, owner com.oculus.systemux (uid 10026), FLAG_PRIVATE, FLAG_NEVER_BLANK, FLAG_OWN_CONTENT_ONLY}
03-09 18:59:50.894   748  8961 D AF::TrackHandle: OpPlayAudio: track:98 uid:10026 pkg:com.oculus.systemux usage:10 not muted
03-09 18:59:50.895  1052  2038 W InputReader: Device has associated, but no associated display id.
03-09 18:59:50.910  1260 15059 I CompositorVR: SetSchedFifo( tid=14831, pol=2, pri=0 ) succeeded
03-09 18:59:50.910  1260 15059 I CompositorVR: SetSchedFifo( tid=15117, pol=2, pri=0 ) succeeded
03-09 18:59:50.910  1260 15059 I CompositorVR: SetSchedFifo( tid=15119, pol=2, pri=0 ) succeeded
03-09 18:59:50.913 13337 13463 I chatty  : uid=10033(com.oculus.xrstreamingclient) SlamAnchorMem expire 1 line
03-09 18:59:50.921  5987 15079 I chatty  : uid=10026 com.oculus.systemux:SystemUX expire 3 lines
03-09 18:59:50.928  3371  3552 I chatty  : uid=10020(com.oculus.vrshell) ShellMainVR expire 3 lines
03-09 18:59:50.929  3275  3275 D ActivityLifecycleListener: onActivityResumed
03-09 18:59:50.929  3275  3413 D ActivityLifecycleListener: activity=com.oculus.shellenv.ShellEnvActivity@e9fe8c7, resumed=true
03-09 18:59:50.929  3275  3413 D ActivityLifecycleListener: Activity ready after 0ms
03-09 18:59:50.929  3275  3413 I OpenXR  : nativeOnActivityReady
03-09 18:59:50.929  3371  3371 I chatty  : uid=10020(com.oculus.vrshell) ShellMain expire 4 lines
03-09 18:59:50.931  3371  3552 I chatty  : uid=10020(com.oculus.vrshell) ShellMainVR expire 2 lines
03-09 18:59:50.935 13337 13408 I chatty  : uid=10033(com.oculus.xrstreamingclient) SlamAnchorMem expire 3 lines
03-09 18:59:50.951  2057  2820 I chatty  : uid=10020(com.oculus.vrshell) ShellOverlayVR expire 2 lines
03-09 18:59:50.958 13337 13463 I chatty  : uid=10033(com.oculus.xrstreamingclient) SlamAnchorMem expire 18 lines
03-09 18:59:50.959  3275  3323 I Clay    : BaseApp: Hibernate transition Unhibernate
03-09 18:59:50.959  3275  3323 I Clay    : copresence: microphone state transition, unpaused
03-09 18:59:50.959  3275  3323 I Clay    : SoundSystem: setPaused(false), m_paused=true
03-09 18:59:50.960  1294  1294 V AvrcpMediaPlayerList: onPlaybackConfigChanged(): Configs list size=15
03-09 18:59:50.965  3275  3323 I Clay    : EnvironmentSystem: computed visibility changed from Unload to Visible (reason: <none>)
03-09 18:59:50.969  3275  3323 I OpenXR  : PostSessionStateChange: XR_SESSION_STATE_IDLE -> XR_SESSION_STATE_READY
03-09 18:59:50.970  1260  5650 I FocusedClientsListener: focus: onTopActivityChanged: com.CraftyGoblinStudios.GroovyBeats
03-09 18:59:50.970  3275  3323 I Clay    : xrPollEvent: REFERENCE_SPACE_CHANGE_PENDING
03-09 18:59:50.970  3275  3323 I Clay    : xrPollEvent: DISPLAY_REFRESH_RATE_CHANGED_FB: 90.000000 -> 72.000000
03-09 18:59:50.970  3275  3323 I Clay    : xrPollEvent: SESSION_STATE_CHANGED: READY
03-09 18:59:50.970  3275  3323 I Clay    : Entering VR mode: cpu=-1, gpu=-1, perf threads: main=3323, gpu=unset
03-09 18:59:50.970  3275  3323 I OpenXR  : ------------ xrBeginSession [start] -----------
03-09 18:59:50.970  3275  3323 I VrRuntimeClient: Tracing is disabled
03-09 18:59:50.970  3275  3323 I VrRuntimeClient: SysProp debug mode is disabled on Client side
03-09 18:59:50.970  3371  3552 I chatty  : uid=10020(com.oculus.vrshell) ShellMainVR expire 1 line
03-09 18:59:50.970  3023  3042 I [CT]    : MIXEDREALITY: MrServiceController: VrFocusManager::Top Activity Changed, topActivity now is: 'com.CraftyGoblinStudios.GroovyBeats', immersiveApp now is: 'com.CraftyGoblinStudios.GroovyBeats'.
03-09 18:59:50.971  2057  2057 I chatty  : uid=10020(com.oculus.vrshell) ShellOverlayMai expire 4 lines
03-09 18:59:50.972  3023  3139 I [CT]    : MIXEDREALITY: MrServiceView: renderIteration: Nothing to render, hibernating the rendering thread since ID is off and no active PT layers.
03-09 18:59:50.972  3023  3139 I [CT]    : MIXEDREALITY: MrServiceModel: Hibernating caller (most likely rendering thread) due to commandQueue being empty.
03-09 18:59:50.974  2057  2820 I chatty  : uid=10020(com.oculus.vrshell) ShellOverlayVR expire 3 lines
03-09 18:59:50.976  5987 14805 I chatty  : uid=10026 com.oculus.systemux:SystemUX expire 1 line
03-09 18:59:50.976  3275  3323 D VrApi   : targetSDKVersion 29
03-09 18:59:50.979  3275  3323 I VrRuntimeClient: DEVICE MODEL NUMBER = Quest 2
03-09 18:59:50.979  3275  3323 I VrRuntimeClient: DEVICE BUILD NAME = user-49882890235800150
03-09 18:59:50.979  3275  3323 I VrRuntimeClient: DEVICE BUILD TYPE = user
03-09 18:59:50.979  3275  3323 I VrRuntimeClient: DEVICE OS VERSION = 10
03-09 18:59:50.979  3275  3323 I VrRuntimeClient: API LOADER VERSION = 1.0.25
03-09 18:59:50.979  3275  3323 I VrRuntimeClient: RUNTIME API VERSION = 1.0.25
03-09 18:59:50.979  3275  3323 I VrRuntimeClient: RUNTIME VERSION = 49.0.0.207.357 Feb  8 2023 14:43:26 RELEASE
03-09 18:59:50.979  3275  3323 I VrRuntimeClient: APP NAME = ShellEnv
03-09 18:59:50.979  3275  3323 I VrRuntimeClient: APP VERSION = 49.0.0.207.357 versionCode 445159140 internalVersionName 49.0.0.207.357.60c601c6ae0d 2023_02_08_16_27
03-09 18:59:50.979  3275  3323 I VrRuntimeClient: APP VR TYPE = vr_only
03-09 18:59:50.979  3275  3323 I VrRuntimeClient: APP MODE TYPE = VR
03-09 18:59:50.979  3275  3323 I VrRuntimeClient: APP PACKAGE NAME = com.oculus.shellenv
03-09 18:59:50.979  3275  3323 I VrRuntimeClient: APP ACTIVITY CLASS = com.oculus.shellenv.ShellEnvActivity
03-09 18:59:50.979  3275  3323 I Sensor  : OSSDKTRACKING Initializing head tracking
03-09 18:59:50.979  3275  3323 I Sensor  : OSSDKTRACKING Head tracker != nullpointer 0x76654456f8, 1
03-09 18:59:50.979  3275  3323 I Sensor  : OSSDKTRACKING Initializing controller tracking
03-09 18:59:50.979  3275  3323 I Sensor  : OSSDKTRACKING Controller tracker != nullpointer 0x766bb04ee0, 1
03-09 18:59:50.979  3275  3323 D BatteryReceiver: Registering battery receiver
03-09 18:59:50.982   861  1577 I chatty  : uid=1000(system) Binder:861_4 identical 5 lines
03-09 18:59:50.984 13337 13408 I chatty  : uid=10033(com.oculus.xrstreamingclient) SlamAnchorMem expire 49 lines
03-09 18:59:50.987  3275  3323 D HeadsetReceiver: getCurrentHeadsetState: false
03-09 18:59:50.987  3275  3323 I DeviceStatus: nativeHeadsetEvent(0)
03-09 18:59:50.990  3275  3323 I VrRuntimeClient: SetCompositorClientFeatureFlag ClientFeatureFlag 0 
03-09 18:59:50.990  3275  3323 I LogTimer: CPUTIME: VrRuntimeClient_BeginSession took 19.8974 ms
03-09 18:59:50.990  3275  3323 I ClientInputInterface: DEADRECKONING SetControllerTrackingExtendedDeadreckoning 0
03-09 18:59:50.990  3275  3323 I ClientInputSettings: HANDTRACKING package name is com.oculus.shellenv
03-09 18:59:50.991  3275  3323 I ClientInputSettings: HANDTRACKING: Manifest Permission request for com.oculus.shellenv
03-09 18:59:50.991  3275  3323 I ClientInputSettings: HANDTRACKING:  'com.oculus.shellenv' Is hands or controller.
03-09 18:59:50.992  3275  3323 I ClientInputSettings: HANDTRACKING: feature flag set to 2
03-09 18:59:50.992  3275  3323 I ClientInputInterface: HANDTRACKING sethandmanifest 2
03-09 18:59:50.992  3275  3323 I InputHooks_Internal: Enabling Native Input Hooks
03-09 18:59:50.993  3275  3323 I InputDeviceManager: ovrInputDeviceManager::Initialize
03-09 18:59:50.998   861  1577 W TrackingService: attachClient: found client in attached list
03-09 18:59:50.999   861  1577 D TrackingService: getSharedMemory: com.oculus.shellenv#3275, HeadTracker
03-09 18:59:50.999  3275  3323 I Distortion: Initializing Mesh Decenter Correction
03-09 18:59:51.000   836  1033 E CalibrationProvider: loadCalibration(LDISP_SN) failed: Calibration store didn't load any info
03-09 18:59:51.000   836  1033 E CalibrationProvider: loadCalibration(RDISP_SN) failed: Calibration store didn't load any info
03-09 18:59:51.001  3275  3323 I Distortion: SetLensPositions - iad=0.0630402, left offset=-0.000240728,-0.00102733, right offset=0.000119895,-0.00104481
03-09 18:59:51.001  3275  3323 I Distortion: Initializing Mesh Decenter Correction
03-09 18:59:51.001   836  1033 E CalibrationProvider: loadCalibration(LDISP_SN) failed: Calibration store didn't load any info
03-09 18:59:51.001   836  1033 E CalibrationProvider: loadCalibration(RDISP_SN) failed: Calibration store didn't load any info
03-09 18:59:51.002  3275  3323 I Distortion: SetLensPositions - iad=0.0630402, left offset=-0.000240728,-0.00102733, right offset=0.000119895,-0.00104481
03-09 18:59:51.002  3275  3323 I Distortion: Created custom distortion mesh.
03-09 18:59:51.002   861  1577 W TrackingService: attachClient: found client in attached list
03-09 18:59:51.002   861  1042 W TrackingService: attachClient: found client in attached list
03-09 18:59:51.003   861  1577 D TrackingService: getSharedMemory: com.oculus.shellenv, Controller
03-09 18:59:51.003  3275  3323 I InputDevice_TrackedRemote: REMOTE: Hand=1 IndexAnalog=0.00 GripAnalog=0.00 Buttons=0x00000000
03-09 18:59:51.003  3275  3323 I InputDevice_TrackedRemote: REMOTE: Hand=2 IndexAnalog=0.00 GripAnalog=0.00 Buttons=0x00000000
03-09 18:59:51.003  3275  3323 I InputDeviceManager: HANDTRACKING Pointer filter profile changed to: 0
03-09 18:59:51.003  3275  3323 I InputDeviceManager: HANDTRACKING Pointer filter profile changed to: 0
03-09 18:59:51.003  3275  3323 I InputDeviceManager: HANDTRACKING Root pose filter profile changed for (version, freq) to (2, 1) from (1,2)
03-09 18:59:51.003  3275  3323 I PhaseSync: PhaseSync::PhaseSync PaddingLowerLimit 0.350000 StandardDeviations 2.000000 PaddingUpperLimit 0.750000 on instance 8
03-09 18:59:51.003  3275  3323 I VrRuntimeClient: PhaseSync Instance created
03-09 18:59:51.003  3275  3323 D VrRuntimeClient: pokeGuardianUserServiceForThisClient: com.oculus.shellenv:10014
03-09 18:59:51.005  2899  2899 D VrGuardianUserService: onStartCommandIntent { act=FOREGROUND_CLIENT cmp=com.oculus.guardian/com.oculus.vrguardianservice.VrGuardianUserService (has extras) }
03-09 18:59:51.005  2899  2899 D VrGuardianUserService: maybeSubscribeDeviceConfig
03-09 18:59:51.005  2899  2899 D VrGuardianUserService: onStartCommand FOREGROUND_CLIENT user = 0
03-09 18:59:51.006  2899  2899 D VrGuardianService: setCurrentUser() called with: userId = [0]
03-09 18:59:51.006  2899  2899 I VrGuardianService: nativeSetCurrentUser userid = 0
03-09 18:59:51.006  2899  2899 I GuardianSystem: [GuardianSystem::SetCurrentUser] User ID 0 
03-09 18:59:51.006  3275  3323 D VrRuntimeClient: VrRuntimeClient: getClientWindow: activity client
03-09 18:59:51.007  1260  3388 I VrRuntimeService: RuntimeServiceSDKServer::EnableRendering: 0x767e615980, 1, com.oculus.shellenv
03-09 18:59:51.007  1260  3388 I ClientMgr: ClientMgr::EnableRendering 3275:com.oculus.shellenv : type 0 comp-id 6: enable
03-09 18:59:51.007  1260  3388 I CompositorVR: CheckDebuggerConnected: debugger 0
03-09 18:59:51.007  1260  3388 I VrRuntimeServer: SysProp debug mode is disabled on Server side
03-09 18:59:51.007  1260  3388 I UnifiedTelemetryWrapper: Started UT session render:com.oculus.shellenv
03-09 18:59:51.008  3275  3323 I ScreenCaptureHelper: Advertising com.oculus.shellenv as streamable
03-09 18:59:51.008  3275  3323 I VrApi   : OVR::Stats thread started
03-09 18:59:51.008  3275  3323 I XrRuntimeUtils: XrRuntimeUtils::BeginSession
03-09 18:59:51.008  3275  3323 I XrRuntimeSystem_Client: BeginSession
03-09 18:59:51.008  3275  3323 I OpenXR  : ------------ xrBeginSession [end] -----------
03-09 18:59:51.008  3275  3323 I Clay    : Setting CPU/GPU levels= 25/75
03-09 18:59:51.008  3275  3323 I VrRuntimeClient: Client has lost focus.
03-09 18:59:51.009  1846  2490 I OVRMediaService: onStartCommand Received message type: set_package_name, caller package: no_app_identity, app identify: null
03-09 18:59:51.010  1846  2490 I OVRMediaService: Got package name intent (com.oculus.shellenv)
03-09 18:59:51.011  3275 15289 D VrApi   : targetSDKVersion 29
03-09 18:59:51.013  1846  2490 I OVRMediaServiceManager: Sending onAppStart (com.oculus.shellenv) to SocialPlatform (com.oculus.socialplatform)
03-09 18:59:51.013  3275 15289 I JniUtils: ovr_GetCurrentPackageSignature 
03-09 18:59:51.013 14799 15109 I VrApi   : FPS=68/72,Prd=48ms,Tear=1,Early=67,Stale=5,Stale2/5/10/max=0/1/0/5,VSnc=1,Lat=1,Fov=0,CPU4/GPU=4/4,2419/525MHz,OC=FF,TA=0/F/F,SP=N/N/N,Mem=2092MHz,Free=1976MB,PLS=0,Temp=27.5C/0.0C,TW=3.74ms,App=5.61ms,GD=0.11ms,CPU&GPU=12.74ms,LCnt=6(DR0,LM2),GPU%=0.81,CPU%=0.25(W0.33),DSF=1.00,CFL=19.57/21.34
03-09 18:59:51.014  3275 15289 I Metrics : device name = Oculus Quest 2
03-09 18:59:51.014  1260  2718 I ClientMgr: Non-overlay clients rendering status has changed: prev=59, curr=60, enabled=2
03-09 18:59:51.018  3275 15291 I FenceChecker: FenceChecker::MainLoop - started
03-09 18:59:51.021  3275  3323 I OpenXR  : PostSessionStateChange: XR_SESSION_STATE_READY -> XR_SESSION_STATE_SYNCHRONIZED
03-09 18:59:51.023  1260  5650 I FocusedClientsListener: focus: onTopActivityChanged: com.CraftyGoblinStudios.GroovyBeats
03-09 18:59:51.023  3275  3323 I Clay    : xrPollEvent: SESSION_STATE_CHANGED: SYNCHRONIZED
03-09 18:59:51.024  3371  3552 I chatty  : uid=10020(com.oculus.vrshell) ShellMainVR expire 4 lines
03-09 18:59:51.024  3023  3042 I [CT]    : MIXEDREALITY: MrServiceController: VrFocusManager::Top Activity Changed, topActivity now is: 'com.CraftyGoblinStudios.GroovyBeats', immersiveApp now is: 'com.CraftyGoblinStudios.GroovyBeats'.
03-09 18:59:51.025  3371  3371 I chatty  : uid=10020(com.oculus.vrshell) ShellMain expire 1 line
03-09 18:59:51.025  2057  2057 I chatty  : uid=10020(com.oculus.vrshell) ShellOverlayMai expire 1 line
03-09 18:59:51.025  3371  3552 I chatty  : uid=10020(com.oculus.vrshell) ShellMainVR expire 7 lines
03-09 18:59:51.026  3371  3371 I chatty  : uid=10020(com.oculus.vrshell) ShellMain expire 1 line
03-09 18:59:51.026  3023  3139 I [CT]    : MIXEDREALITY: MrServiceView: renderIteration: Nothing to render, hibernating the rendering thread since ID is off and no active PT layers.
03-09 18:59:51.027  2057  2057 I chatty  : uid=10020(com.oculus.vrshell) ShellOverlayMai expire 1 line
03-09 18:59:51.028  2057  2820 I chatty  : uid=10020(com.oculus.vrshell) ShellOverlayVR expire 3 lines
03-09 18:59:51.029   861  1577 W TrackingService: attachClient: found client in attached list
03-09 18:59:51.030  1052  1587 W AppOps  : Noting op not finished: uid 10020 pkg com.oculus.vrshell code 24 time=1678388390797 duration=-1
03-09 18:59:51.030  3371  3552 I chatty  : uid=10020(com.oculus.vrshell) ShellMainVR expire 2 lines
03-09 18:59:51.031  2057  2057 I chatty  : uid=10020(com.oculus.vrshell) ShellOverlayMai expire 2 lines
03-09 18:59:51.031  3023  3139 I [CT]    : MIXEDREALITY: MrServiceModel: Hibernating caller (most likely rendering thread) due to commandQueue being empty.
03-09 18:59:51.035  1260 15059 I SwapChain: DestroyAndroidSurfaceSwapChain: 0x76736b1800: Destroying SurfaceTexture 0x27b6 Surface 0x27c6
03-09 18:59:51.039  1052  1587 E WindowManager: App trying to use insecure INPUT_FEATURE_NO_INPUT_CHANNEL flag. Ignoring
03-09 18:59:51.040  2303  2343 I com.oculus.ocm: Background young concurrent copying GC freed 4694(662KB) AllocSpace objects, 4(80KB) LOS objects, 11% free, 3227KB/3632KB, paused 124us total 147.164ms
03-09 18:59:51.044   861  1577 W TrackingService: attachClient: found client in attached list
03-09 18:59:51.044  3371  3552 I VrRuntimeClient: DEVICE BUILD NAME = user-49882890235800150
03-09 18:59:51.044  3371  3552 I VrRuntimeClient: DEVICE BUILD TYPE = user
03-09 18:59:51.044  3371  3552 I VrRuntimeClient: DEVICE OS VERSION = 10
03-09 18:59:51.044  3371  3552 I VrRuntimeClient: API LOADER VERSION = 1.0.25
03-09 18:59:51.044  3371  3552 I VrRuntimeClient: RUNTIME API VERSION = 1.0.25
03-09 18:59:51.044  3371  3552 I VrRuntimeClient: RUNTIME VERSION = 49.0.0.207.357 Feb  8 2023 14:43:23 RELEASE
03-09 18:59:51.044  3371  3552 I VrRuntimeClient: APP NAME = Oculus App Runtime
03-09 18:59:51.044  3371  3552 I VrRuntimeClient: APP VERSION = 49.0.0.207.358 versionCode 445158841 internalVersionName 49.0.0.207.358.60c601c6ae0d 2023_02_08_14_42
03-09 18:59:51.044  3371  3552 I VrRuntimeClient: APP VR TYPE = vr_only
03-09 18:59:51.044  3371  3552 I VrRuntimeClient: APP MODE TYPE = VR
03-09 18:59:51.044  3371  3552 I VrRuntimeClient: APP PACKAGE NAME = com.oculus.vrshell
03-09 18:59:51.044  3371  3552 I VrRuntimeClient: APP ACTIVITY CLASS = com.oculus.vrshell.ShellApplication
03-09 18:59:51.044  3371  3552 I Sensor  : OSSDKTRACKING Initializing head tracking
03-09 18:59:51.044  3371  3552 I Sensor  : OSSDKTRACKING Head tracker != nullpointer 0xc3e79408, 1
03-09 18:59:51.044  3371  3552 I Sensor  : OSSDKTRACKING Initializing controller tracking
03-09 18:59:51.044  3371  3552 I Sensor  : OSSDKTRACKING Controller tracker != nullpointer 0xc3e79410, 1
03-09 18:59:51.044  3371  3552 D BatteryReceiver: Registering battery receiver
03-09 18:59:51.045   861  1042 W TrackingService: attachClient: found client in attached list
03-09 18:59:51.047  1260  1260 I ClientMgr: FocusedWindowChanged: falling back to client with same uid: 10020, and pid: 3371
03-09 18:59:51.048  1260  3172 I FocusedClientsListener: focus: onVrFocusChanged(focusType=2): 1
03-09 18:59:51.048  1260  3172 I FocusedClientsListener: focus: pid=14799
03-09 18:59:51.048  1260  2737 I FocusedClientsListener: focus: onVrFocusChanged(focusType=1): 5
03-09 18:59:51.048  1260  2737 I FocusedClientsListener: focus: pid=3275
03-09 18:59:51.048  1260  2737 I FocusedClientsListener: focus: pid=2057
03-09 18:59:51.048  1260  2737 I FocusedClientsListener: focus: pid=3371
03-09 18:59:51.048  1260  2737 I FocusedClientsListener: focus: pid=3023
03-09 18:59:51.048  1260  2737 I FocusedClientsListener: focus: pid=2899
03-09 18:59:51.048  1260  5650 I FocusedClientsListener: focus: onVrFocusChanged(focusType=0): 6
03-09 18:59:51.048  1260  5650 I FocusedClientsListener: focus: pid=3275
03-09 18:59:51.048  1260  5650 I FocusedClientsListener: focus: pid=2057
03-09 18:59:51.048  1260  5650 I FocusedClientsListener: focus: pid=3371
03-09 18:59:51.048  1260  5650 I FocusedClientsListener: focus: pid=3023
03-09 18:59:51.048  1260  5650 I FocusedClientsListener: focus: pid=2899
03-09 18:59:51.048  1260  5650 I FocusedClientsListener: focus: pid=14799
03-09 18:59:51.052  1846  2009 I OVRMediaServiceManager: Sending onAppStart (com.oculus.shellenv) to SocialPlatform (com.oculus.socialplatform)
03-09 18:59:51.053  3090  3090 D MetaCam (MediaCapabilityChecker): checkMediaHasRecordingCapabilities packageName: com.oculus.vrshell
03-09 18:59:51.053  3090  3090 D MetaCam (MediaCapabilityChecker): checkMediaHasRecordingCapabilities packageName: com.oculus.vrshell
03-09 18:59:51.060  1260  2718 D VrRuntimeService: ForegroundAppInfo = {uid=10014 pid=3275 packageName=com.oculus.shellenv processName=com.oculus.shellenv
03-09 18:59:51.061  1260  2718 I ClientMgr: GetForegroundClientId: Found foreground uid 10014.
03-09 18:59:51.061  1260  2718 I ClientMgr: Primary client determined to be foreground client: com.oculus.shellenv.
03-09 18:59:51.061  1260  2718 I ClientMgr: ClientMgr::SetPrimaryCompositorClient: 3275:com.oculus.shellenv
03-09 18:59:51.061  1260  2718 W ClientMgr: ClientMgr::GetClientPermissionFlagsById: Client missing proper permissions: com.oculus.shellenv, 2
03-09 18:59:51.061  1260  2718 I CompositorClientMgr: Enable client 6
03-09 18:59:51.061  1260  2718 I VrRuntimeServer: EnableCompositorClient client(6): layer placement(0) flags(1) sm(0x76be528010)
03-09 18:59:51.061  1260  2718 I ClientMgr: SetPrimaryPackageName - packageName com.oculus.shellenv processName com.oculus.shellenv clientId 1142404152 clientPid 3275
03-09 18:59:51.061  1260  2718 I ServiceInputManager: ServiceInputManager::SetPrimaryPackageName 'com.oculus.shellenv' 'com.oculus.shellenv'  updated AnytimeUI processname 0
03-09 18:59:51.061  1260  2718 I VrRuntimeService: RuntimeIPC: SendPrimaryPackageChangeEvent: PostClientEvent SUCCESS: com.oculus.xrstreamingclient:com.oculus.xrstreamingclient:13337, com.oculus.shellenv, com.oculus.shellenv
03-09 18:59:51.061  1260  2718 I VrRuntimeService: RuntimeIPC: SendPrimaryPackageChangeEvent: PostClientEvent SUCCESS: com.CraftyGoblinStudios.GroovyBeats:com.CraftyGoblinStudios.GroovyBeats:14799, com.oculus.shellenv, com.oculus.shellenv
03-09 18:59:51.061  1260  2718 I VrRuntimeService: RuntimeIPC: SendPrimaryPackageChangeEvent: PostClientEvent SUCCESS: com.oculus.shellenv:com.oculus.shellenv:3275, com.oculus.shellenv, com.oculus.shellenv
03-09 18:59:51.061  1260  2718 I VrRuntimeService: RuntimeIPC: SendPrimaryPackageChangeEvent: PostClientEvent SUCCESS: com.oculus.mrservice:com.oculus.mrservice:3023, com.oculus.shellenv, com.oculus.shellenv
03-09 18:59:51.061  1260  2718 I VrRuntimeService: RuntimeIPC: SendPrimaryPackageChangeEvent: PostClientEvent SUCCESS: com.oculus.guardian:com.oculus.vrguardianservice:2899, com.oculus.shellenv, com.oculus.shellenv
03-09 18:59:51.061  1260  2718 I VrRuntimeService: RuntimeIPC: SendPrimaryPackageChangeEvent: PostClientEvent SUCCESS: com.oculus.vrshell:com.oculus.vrshell:3371, com.oculus.shellenv, com.oculus.shellenv
03-09 18:59:51.061  1260  2718 I VrRuntimeService: RuntimeIPC: SendPrimaryPackageChangeEvent: PostClientEvent SUCCESS: com.oculus.vrshell:com.oculus.vrshell:Overlay:2057, com.oculus.shellenv, com.oculus.shellenv
03-09 18:59:51.061  1260  2718 D VrRuntimeService: sendPrimaryPackageChangeBroadcast
03-09 18:59:51.062  1260 15059 I CompositorVR: LatchWarpClients: Multiple Primary Clients detected. Skipping frames for 17
03-09 18:59:51.063  1260 15059 I CompositorVR: SetSchedFifo( tid=3323, pol=3, pri=0 ) succeeded
03-09 18:59:51.063  3275  3323 I VrApi   : MakeNonblockingRequest: blocked for 23.37ms
03-09 18:59:51.063  1260 15059 I CompositorVR: SetSchedFifo( tid=15291, pol=3, pri=0 ) succeeded
03-09 18:59:51.064  2899  3049 I GuardianSystem: [GuardianSystem::InitializeRuntimeEventHandlers] runtimeServiceSDKClient_.ForceShowGuardianEvent
03-09 18:59:51.064  2899  3049 I GuardianSystem: ForceShowGuardian: false, 0.00
03-09 18:59:51.064  2899  3049 I GuardianSystem: [GuardianSystem::InitializeRuntimeEventHandlers] runtimeServiceSDKClient_.PackageChangeEvent: package=[com.oculus.shellenv], process=[com.oculus.shellenv]
03-09 18:59:51.064  2899  3049 I GuardianSystem: SetCurrentProcessName: com.oculus.shellenv, previous ProcessName: com.CraftyGoblinStudios.GroovyBeats
03-09 18:59:51.065  1260  2718 I UnifiedTelemetryWrapper: Setting destination as com.oculus.shellenv
03-09 18:59:51.065  1260  2718 I AADT    : SetAADTLutDataX: 0
03-09 18:59:51.065  1260  2718 I AADT    : SetAADTLutDataY: 0
03-09 18:59:51.065  1260  2718 I ServiceInputManager: DEADRECKONING deadReckoning mode on ClientMgr from server is 0
03-09 18:59:51.065  1260  2718 I CompositorClientMgr: Enable client 0
03-09 18:59:51.065  1260  2718 I VrRuntimeServer: EnableCompositorClient client(0): layer placement(2147483643) flags(8) sm(0x76b4754160)
03-09 18:59:51.066  1260  2718 I Vsync   : Adjusting vsync display refresh rate 72.000000 -> 90.000000
03-09 18:59:51.067  3371  3371 D [SEO] BaseOverlayService: setOverlayInputFocus : completed - inputFocus=true shouldSupportIME=true actionTaken:true
03-09 18:59:51.069  1260  3172 I FocusedClientsListener: focus: onVrFocusChanged(focusType=2): 1
03-09 18:59:51.069  1260  3172 I FocusedClientsListener: focus: pid=14799
03-09 18:59:51.069  1260  2737 I FocusedClientsListener: focus: onVrFocusChanged(focusType=1): 5
03-09 18:59:51.069  1260  2737 I FocusedClientsListener: focus: pid=3275
03-09 18:59:51.069  1260  2737 I FocusedClientsListener: focus: pid=2057
03-09 18:59:51.069  1260  2737 I FocusedClientsListener: focus: pid=3371
03-09 18:59:51.069  1260  2737 I FocusedClientsListener: focus: pid=3023
03-09 18:59:51.069  1260  2737 I FocusedClientsListener: focus: pid=2899
03-09 18:59:51.069  1260  5650 I FocusedClientsListener: focus: onVrFocusChanged(focusType=0): 6
03-09 18:59:51.069  1260  5650 I FocusedClientsListener: focus: pid=3275
03-09 18:59:51.069  1260  5650 I FocusedClientsListener: focus: pid=2057
03-09 18:59:51.069  1260  5650 I FocusedClientsListener: focus: pid=3371
03-09 18:59:51.069  1260  5650 I FocusedClientsListener: focus: pid=3023
03-09 18:59:51.069  1260  5650 I FocusedClientsListener: focus: pid=2899
03-09 18:59:51.069  1260  5650 I FocusedClientsListener: focus: pid=14799
03-09 18:59:51.069 13337 13425 I chatty  : uid=10033(com.oculus.xrstreamingclient) xrsp-rt-read expire 2 lines
03-09 18:59:51.071  2057  2057 D [OAO] BaseOverlayService: screenStateReceiver Received broadcast: com.oculus.vrshell.intent.action.PRIMARY_PACKAGE_CHANGED
03-09 18:59:51.071  2057  2057 I [OAO] ShellOverlayServiceJNI: NativeSendOverlayCommand
03-09 18:59:51.071  2057  2057 I [OAO] ShellOverlayServiceJNI: NativeWake
03-09 18:59:51.071  2057  2057 I [OAO] ShellOverlayMain: WakeVrThread
03-09 18:59:51.071  2057  2057 I [OAO] ShellOverlayMain: WakeVrThread - notifying vr thread
03-09 18:59:51.072  1260 15059 I CompositorVR: LatchWarpClients: Multiple Primary Clients detected. Skipping frames for 17
03-09 18:59:51.072  1260 15059 I CompositorVR: WarpToScreen: Skipping frames for 17
03-09 18:59:51.075   861  4212 W TrackingService: attachClient: found client in attached list
03-09 18:59:51.077  3371  3552 D HeadsetReceiver: getCurrentHeadsetState: false
03-09 18:59:51.077  3371  3552 I DeviceStatus: nativeHeadsetEvent(0)
03-09 18:59:51.078  1260 15059 I CompositorProgs: [0x77035f58e0] Built layerProgram 0:0x100000048002:0x0 in 5.8 ms
03-09 18:59:51.079  1260 15059 I CompositorProgs: loaded binary layerProgram 0:0x40083:0x0 in 1.2 ms
03-09 18:59:51.080  1260 15059 I AADT    : SetAADTLutDataX. Thread. SizeX: 0
03-09 18:59:51.080  1260 15059 I AADT    : SetAADTLutDataY. Thread. SizeY: 0
03-09 18:59:51.085  3371  3552 I VrRuntimeClient: SetCompositorClientFeatureFlag ClientFeatureFlag 0 
03-09 18:59:51.085  3371  3552 I LogTimer: CPUTIME: VrRuntimeClient_BeginSession took 59.4239 ms
03-09 18:59:51.086  1260 15059 I CompositorVR: WarpToScreen: Skipping frames for 17
03-09 18:59:51.086  3371  3552 I ClientInputInterface: DEADRECKONING SetControllerTrackingExtendedDeadreckoning 0
03-09 18:59:51.086  3371  3552 I ClientInputSettings: HANDTRACKING package name is com.oculus.vrshell
03-09 18:59:51.089  3371  3552 I ClientInputSettings: HANDTRACKING: Manifest Permission request for com.oculus.vrshell
03-09 18:59:51.089  3371  3371 D [SEO] BaseOverlayService: screenStateReceiver Received broadcast: com.oculus.vrshell.intent.action.PRIMARY_PACKAGE_CHANGED
03-09 18:59:51.090  3371  3552 I ClientInputSettings: HANDTRACKING:  'com.oculus.vrshell' Is hands or controller.
03-09 18:59:51.093   861  1577 W TrackingService: attachClient: found client in attached list
03-09 18:59:51.098  3371  3552 I ClientInputSettings: HANDTRACKING: feature flag set to 2
03-09 18:59:51.098  3371  3552 I ClientInputInterface: HANDTRACKING sethandmanifest 2
03-09 18:59:51.098  3371  3552 D InputHooksJava: Enabling Java Input Hooks
03-09 18:59:51.098  3371  3552 W InputHooksJava: Unable to enable input hooks on a non-Activity Context
03-09 18:59:51.100  1260 15059 I CompositorVR: WarpToScreen: Skipping frames for 17
03-09 18:59:51.101  1846  2261 W OVRLibrary: null cursor received for query content://com.oculus.ocms.library/apps/com.oculus.vrshell
03-09 18:59:51.103   884  5924 D VrApiService: refresh-rate changed to 90Hz
03-09 18:59:51.104  1260  2718 I VrRuntimeServer: DisableCompositorClient: 0
03-09 18:59:51.104  1260  2718 I CompositorClientMgr: Disable client 0
03-09 18:59:51.104  1260  2718 I CompositorClientMgr: DisableClient: frame flush required: 1
03-09 18:59:51.104  1260 15059 I CompositorVR: LatchWarpClients: Multiple Primary Clients detected. Skipping frames for 17
03-09 18:59:51.104  1260  1260 I ClientMgr: FocusedClient changed.
03-09 18:59:51.104  1260  1260 I ClientMgr: ClientMgr::SetFocusedClient: 3371:com.oculus.vrshell type 1
03-09 18:59:51.105  1260  1260 I ClientMgr: SetFocusedPackageName - packageName com.oculus.vrshell processName com.oculus.vrshell clientId 1792128755 clientPid 3371
03-09 18:59:51.105  1260  1260 I VrRuntimeService: RuntimeIPC: SendFocusChangeEventToAllClients: PostClientEvent SUCCESS: com.oculus.xrstreamingclient:com.oculus.xrstreamingclient:13337, com.oculus.vrshell, com.oculus.vrshell
03-09 18:59:51.105  1260  1260 I VrRuntimeService: RuntimeIPC: SendFocusChangeEventToAllClients: PostClientEvent SUCCESS: com.CraftyGoblinStudios.GroovyBeats:com.CraftyGoblinStudios.GroovyBeats:14799, com.oculus.vrshell, com.oculus.vrshell
03-09 18:59:51.105  1260  1260 I VrRuntimeService: RuntimeIPC: SendFocusChangeEventToAllClients: PostClientEvent SUCCESS: com.oculus.shellenv:com.oculus.shellenv:3275, com.oculus.vrshell, com.oculus.vrshell
03-09 18:59:51.105  1260  1260 I VrRuntimeService: RuntimeIPC: SendFocusChangeEventToAllClients: PostClientEvent SUCCESS: com.oculus.mrservice:com.oculus.mrservice:3023, com.oculus.vrshell, com.oculus.vrshell
03-09 18:59:51.105  1260  1260 I VrRuntimeService: RuntimeIPC: SendFocusChangeEventToAllClients: PostClientEvent SUCCESS: com.oculus.guardian:com.oculus.vrguardianservice:2899, com.oculus.vrshell, com.oculus.vrshell
03-09 18:59:51.105  1260  1260 I VrRuntimeService: RuntimeIPC: SendFocusChangeEventToAllClients: PostClientEvent SUCCESS: com.oculus.vrshell:com.oculus.vrshell:3371, com.oculus.vrshell, com.oculus.vrshell
03-09 18:59:51.105  1260  1260 I VrRuntimeService: RuntimeIPC: SendFocusChangeEventToAllClients: PostClientEvent SUCCESS: com.oculus.vrshell:com.oculus.vrshell:Overlay:2057, com.oculus.vrshell, com.oculus.vrshell
03-09 18:59:51.105  1260  1260 D VrRuntimeService: onForegroundActivitiesChanged: pid=3371, uid=10020, hasForegroundActivities=false
03-09 18:59:51.108   792  1010 I SDM     : HWCDisplayBuiltIn::Validate: Validate +++ enable cac = 0
03-09 18:59:51.111  1846  2506 I OVRMediaService: onStartCommand Received message type: overlay_input_focus_change, caller package: com.oculus.vrshell, app identify: AppIdentity{uid=10020, packageNames=[com.oculus.vrshell], sha1=MxZgtt071YLz39PLrkVGckZooCE, sha2=3C-DTjwZQjeLFPB2yCzRq1nqZWa_9HMLIEfpjvyfna8, version=null, domain=null}
03-09 18:59:51.114  1260 15059 I CompositorVR: WarpToScreen: Skipping frames for 17
03-09 18:59:51.120  3371  3552 I InputDeviceManager: ovrInputDeviceManager::Initialize
03-09 18:59:51.121   861  4212 W TrackingService: attachClient: found client in attached list
03-09 18:59:51.122   861  1577 W TrackingService: attachClient: found client in attached list
03-09 18:59:51.122   861  1577 D TrackingService: getSharedMemory: com.oculus.vrshell#3371, HeadTracker
03-09 18:59:51.122  3371  3552 I Distortion: Initializing Mesh Decenter Correction
03-09 18:59:51.123   861  1577 W TrackingService: attachClient: found client in attached list
03-09 18:59:51.124   861  1577 D TrackingService: getSharedMemory: com.oculus.vrshell, Controller
03-09 18:59:51.124  3371 15293 I InputDevice_TrackedRemote: REMOTE: Hand=1 IndexAnalog=0.00 GripAnalog=0.00 Buttons=0x00000000
03-09 18:59:51.124  3371 15293 I InputDevice_TrackedRemote: REMOTE: Hand=2 IndexAnalog=0.00 GripAnalog=0.00 Buttons=0x00000000
03-09 18:59:51.124  3371 15293 I InputDeviceManager: HANDTRACKING Pointer filter profile changed to: 0
03-09 18:59:51.124  3371 15293 I InputDeviceManager: HANDTRACKING Pointer filter profile changed to: 0
03-09 18:59:51.124  3371 15293 I InputDeviceManager: HANDTRACKING Root pose filter profile changed for (version, freq) to (2, 1) from (1,2)
03-09 18:59:51.124   836  1033 E CalibrationProvider: loadCalibration(LDISP_SN) failed: Calibration store didn't load any info
03-09 18:59:51.124   836  1033 E CalibrationProvider: loadCalibration(RDISP_SN) failed: Calibration store didn't load any info
03-09 18:59:51.125  3371  3552 I Distortion: SetLensPositions - iad=0.0630402, left offset=-0.000240728,-0.00102733, right offset=0.000119895,-0.00104481
03-09 18:59:51.125  3371  3552 I Distortion: Initializing Mesh Decenter Correction
03-09 18:59:51.125   836  1033 E CalibrationProvider: loadCalibration(LDISP_SN) failed: Calibration store didn't load any info
03-09 18:59:51.125   836  1033 E CalibrationProvider: loadCalibration(RDISP_SN) failed: Calibration store didn't load any info
03-09 18:59:51.126  3371  3552 I Distortion: SetLensPositions - iad=0.0630402, left offset=-0.000240728,-0.00102733, right offset=0.000119895,-0.00104481
03-09 18:59:51.126  3371  3552 I Distortion: Created custom distortion mesh.
03-09 18:59:51.126  3371  3552 I PhaseSync: PhaseSync::PhaseSync PaddingLowerLimit 0.350000 StandardDeviations 2.000000 PaddingUpperLimit 0.750000 on instance 8
03-09 18:59:51.126  3371  3552 I VrRuntimeClient: PhaseSync Instance created
03-09 18:59:51.126  1260  3534 I VrRuntimeService: RuntimeServiceSDKServer::EnableRendering: 0x0, 0, com.oculus.vrshell
03-09 18:59:51.126  1260  3534 I ClientMgr: EnableRendering2: invalid clientWindow, testing uid/pid
03-09 18:59:51.126  1260  3534 I ClientMgr: EnableRendering2: matched uid: 10020 and pid: 3371 
03-09 18:59:51.126  1260  3534 I ClientMgr: EnableRendering2: Calling SetFocusedClient: 1792128755
03-09 18:59:51.126  1260  3534 I ClientMgr: ClientMgr::SetFocusedClient: 3371:com.oculus.vrshell type 1
03-09 18:59:51.126  1260  3534 I ClientMgr: SetFocusedPackageName - packageName com.oculus.vrshell processName com.oculus.vrshell clientId 1792128755 clientPid 3371
03-09 18:59:51.126  1260  3534 I ClientMgr: ClientMgr::EnableRendering 3371:com.oculus.vrshell : type 1 comp-id 7: enable
03-09 18:59:51.126  1260  3534 I CompositorClientMgr: Enable client 7
03-09 18:59:51.126  1260  3534 I VrRuntimeServer: EnableCompositorClient client(7): layer placement(2147483647) flags(0) sm(0x76a06bb010)
03-09 18:59:51.126  1260  3534 I CompositorVR: CheckDebuggerConnected: debugger 0
03-09 18:59:51.126  1260  3534 I VrRuntimeServer: SysProp debug mode is disabled on Server side
03-09 18:59:51.126  1260  3534 I UnifiedTelemetryWrapper: Started UT session render:com.oculus.vrshell
03-09 18:59:51.126  3371  3552 I VrApi   : OVR::Stats thread started
03-09 18:59:51.126  3371  3552 I XrRuntimeUtils: XrRuntimeUtils::BeginSession
03-09 18:59:51.126  3371  3552 I XrRuntimeSystem_Client: BeginSession
03-09 18:59:51.126  3371  3552 I OpenXR  : ------------ xrBeginSession [end] -----------
03-09 18:59:51.127  3023  3788 I [CT]    : MIXEDREALITY: MrFeatureStatus: Client status changed from Paused to Started.
03-09 18:59:51.127  3023  3788 I [CT]    : MIXEDREALITY: MrFeatureStatus: Target status Started, CurrentStatus: Started
03-09 18:59:51.127  3371  3552 I [SEO] VrPlatformOpenXr: VrPlatformOpenXr::SetPropInhibitHandleHomeKey inhibit:1
03-09 18:59:51.127  3371  3552 I OpenXR_DeviceSettings: ------------ xrSetDeviceSettingBooleanFB -----------
03-09 18:59:51.127  3371  3552 I ClientInputSettings: SetInhibitHandleHomeKey = true for com.oculus.vrshell
03-09 18:59:51.127  3371  3552 I ClientInputInterface: SetInhibitHandleHomeKey 1 for process com.oculus.vrshell 3371
03-09 18:59:51.127  3371  3552 I [SEO] VrPlatformOpenXr: VrPlatformOpenXr::SetPropInhibitHandleHomeKey result = 0
03-09 18:59:51.127  3023  3139 I [CT]    : MIXEDREALITY: MrServiceView: renderIteration: Nothing to render, hibernating the rendering thread since ID is off and no active PT layers.
03-09 18:59:51.127  3023  3139 I [CT]    : MIXEDREALITY: MrServiceModel: Hibernating caller (most likely rendering thread) due to commandQueue being empty.
03-09 18:59:51.127  3371  3552 I [SEO] Compositor: EnterVrMode with eye buffer: 1440x1584 : 3
03-09 18:59:51.127  3371  3552 I [SEO] AudioMixer: Enabling AudioPlayer.
03-09 18:59:51.127  3371  3552 I [SEO] AudioEngine: virtual void AudioLibrary::AudioEngine::EnablePlayer()
03-09 18:59:51.127  1260 15059 I CompositorVR: LatchWarpClients: Multiple Primary Clients detected. Skipping frames for 17
03-09 18:59:51.127  1260 15059 I CompositorVR: WarpToScreen: Skipping frames for 17
03-09 18:59:51.128  3371  3552 D         : PlayerBase::PlayerBase()
03-09 18:59:51.128  3371  3552 D         : TrackPlayerBase::TrackPlayerBase()
03-09 18:59:51.128  3371  3552 I libOpenSLES: Emulating old channel mask behavior (ignoring positional mask 0x3, using default mask 0x3 based on channel count of 2)
03-09 18:59:51.128  1846  2506 I OVRMediaService: Received OVERLAY_INPUT_FOCUS_CHANGE. is focused: true
03-09 18:59:51.130  3371 15296 D VrApi   : targetSDKVersion 29
03-09 18:59:51.130  1605  1605 D OculusNotificationListenerService: Notification posted: 0|android|0|com.android.server.wm.AlertWindowNotification - com.oculus.vrshell|1000
03-09 18:59:51.130   723   907 I audio_hw_primary: getting vr mode to 0
03-09 18:59:51.132  3371 15296 I JniUtils: ovr_GetCurrentPackageSignature 
03-09 18:59:51.133  1260 15059 I Vsync   : Vsync 2557:  1 x 11.14 ms (71.83 Hz, at 5136.840)
03-09 18:59:51.133   748  8961 I AudioPolicyManagerCustom: VR mode is 0, switch to primary output if request is for fast|raw
03-09 18:59:51.136   748  8961 W AudioFlinger: createTrack_l(): mismatch between requested flags (00000104) and output flags (00000006)
03-09 18:59:51.136   748  8961 D AudioFlinger: Client defaulted notificationFrames to 192 for frameCount 384
03-09 18:59:51.137  3371 15296 I Metrics : device name = Oculus Quest 2
03-09 18:59:51.139  1260 15059 I CompositorVR: WarpToScreen: Skipping frames for 17
03-09 18:59:51.141   861  1577 W TrackingService: attachClient: found client in attached list
03-09 18:59:51.142   748  8961 D AF::TrackHandle: OpPlayAudio: track:124 uid:10020 pkg:com.oculus.vrshell usage:1 not muted
03-09 18:59:51.145  3275  3323 I Clay    : xrPollEvent: DISPLAY_REFRESH_RATE_CHANGED_FB: 72.000000 -> 90.000000
03-09 18:59:51.148  1260 15059 I CompositorVR: WarpToScreen: Skipping frames for 17
03-09 18:59:51.150  3371  3552 I AudioTrack: createTrack_l(0): AUDIO_OUTPUT_FLAG_FAST successful; frameCount 0 -> 384
03-09 18:59:51.159  1260 15059 I CompositorVR: WarpToScreen: Skipping frames for 17
03-09 18:59:51.159  1294  1294 V AvrcpMediaPlayerList: onPlaybackConfigChanged(): Configs list size=16
03-09 18:59:51.164  3371 15298 D         : PlayerBase::stop() from IPlayer
03-09 18:59:51.165  3371 15298 D AudioTrack: stop(101): called with 0 frames delivered
03-09 18:59:51.166  3371  3552 D [SEO] ShellApplication: requestAudioFocus, transientFocus=false
03-09 18:59:51.166  3371  3552 W AudioManager: Use of stream types is deprecated for operations other than volume control
03-09 18:59:51.166  3371  3552 W AudioManager: See the documentation of requestAudioFocus() for what to use instead with android.media.AudioAttributes to qualify your playback use case
03-09 18:59:51.167  1294  1294 V AvrcpMediaPlayerList: onPlaybackConfigChanged(): Configs list size=16
03-09 18:59:51.167  1294  1294 V AvrcpMediaPlayerList: onPlaybackConfigChanged(): Configs list size=16
03-09 18:59:51.168  2057  2820 I VrRuntimeClient: Client has lost focus.
03-09 18:59:51.170  1260 15059 I CompositorVR: WarpToScreen: Skipping frames for 17
03-09 18:59:51.181  2057  2820 I [OAO] ShellOverlayApp: 0xc5f0ab28 msg: overlayCommand:
03-09 18:59:51.181  2057  2820 I [OAO] ShellOverlayApp: command = primaryPackageChanged
03-09 18:59:51.181  2057  2820 I [OAO] ShellOverlayApp: Process_OverlayCommand command : primaryPackageChanged
03-09 18:59:51.181  2057  2820 I [OAO] ShellOverlayApp: UpdatePrimaryPackage forceSilentUpdate:0
03-09 18:59:51.181  1260 15059 I CompositorVR: WarpToScreen: Skipping frames for 17
03-09 18:59:51.181  2057  2820 I [OAO] ShellOverlayApp: UpdatePrimaryPackage Requested for PackageName:com.oculus.shellenv
03-09 18:59:51.181  2057  2820 I [OAO] OverlayFlowController: OnPrimaryPackageChange primaryPackage:com.oculus.shellenv immersiveAppChanged:1 forceSilentUpdate:0
03-09 18:59:51.181  2057  2820 I [OAO] OverlayFlowController: Non system primary client change: ready to sleep
03-09 18:59:51.181  2057  2820 I [OAO] OverlayFlowController: Reset resetReason : ReturnToShellHome
03-09 18:59:51.181  2057  2820 I [OAO] OverlayFlowController: Reset resetting current flow : OverlayDesktopFlow
03-09 18:59:51.181  2057  2820 I [OAO] OverlayDesktopFlow: Deactivated
03-09 18:59:51.181  2057  2820 I [OAO] DesktopPanelController: Backgrounded desktop Tablet with reason flowDeactivation
03-09 18:59:51.181  2057  2820 I [OAO] OverlayDesktopFlow: OverlayDesktopFlow Reset
03-09 18:59:51.182  2057  2820 I [OAO] TelemetryProvider: Toggling egocentric panels visible: false
03-09 18:59:51.182  2057  2820 I [OAO] DesktopPanelControllerAnalytics: DesktopPanelControllerAnalytics flushing telemetry
