03-06 22:21:52.498  6700  6727 I .socialplatfor: Background concurrent copying GC freed 13586(814KB) AllocSpace objects, 1(20KB) LOS objects, 49% free, 2716KB/5433KB, paused 75us total 109.209ms
03-06 22:21:52.509  1058  4960 E WindowManager: App trying to use insecure INPUT_FEATURE_NO_INPUT_CHANNEL flag. Ignoring
03-06 22:21:52.528  6700 11244 E PartyNativeModuleManager: Calling getCurrentPartyId but native code wasn't initialized. Noop.
03-06 22:21:52.536  6700 11244 W PartyNativeModuleManager: Calling nativeTearDown but native code wasn't initialized. Noop.
03-06 22:21:52.552  1261  3155 I VrRuntimeService: CreateSwapChain: 1701778541
03-06 22:21:52.552  1261  3155 I VrRuntimeService: CreateSwapChain: api:gles 0 0x8c43 1000 50 10 2 1 0 3
03-06 22:21:52.552  1261  3155 I VrRuntimeServer: CreateTextureSwapChain: result importswapchaingles 1
03-06 22:21:52.556  1261 10600 I CompositorProgs: loaded binary layerProgram 0:0x100000048001:0x0 in 2.2 ms
03-06 22:21:52.557  1261  3155 I VrRuntimeService: UpdateSwapChainSamplerState: 258
03-06 22:21:52.557  1261  3155 I VrRuntimeService: UpdateSwapChainSamplerState: minFilter=1 magFilter=1 wrapModeS=3 warpModeT=3 maxAniso=1.000000 border={0.000000,0.000000,0.000000,0.000000} swizzle={0,1,2,3}
03-06 22:21:52.603  2420  3456 I VrGuardianService: GuardianSDKServer::SetGuardianHitDialog2 0
03-06 22:21:52.631  1261  3155 I VrRuntimeService: DestroySwapChain: swapchain=257
03-06 22:21:52.651  1261 10600 I SwapChain_Surface: AttachSurfaceSwapChainGLES: 0x7c468aa000 with SurfaceTexture 0x2736 attached on init
03-06 22:21:52.654  1261 10600 I CompositorProgs: loaded binary layerProgram 1:0x100000048003:0x0 in 2.7 ms
03-06 22:21:52.681  1261 10600 I CompositorProgs: loaded binary layerProgram 1:0x100000048001:0x0 in 2.3 ms
03-06 22:21:52.703  2420  3456 I VrGuardianService: GuardianSDKServer::SetGuardianHitDialog2 1
03-06 22:21:52.737  2420  3456 I VrGuardianService: GuardianSDKServer::SetGuardianHitDialog2 0
03-06 22:21:52.744   860  1359 I chatty  : uid=1000(system) Binder:860_3 identical 13 lines
03-06 22:21:52.749   860  1359 W TrackingService: attachClient: found client in attached list
03-06 22:21:52.750   860   860 W TrackingService: attachClient: found client in attached list
03-06 22:21:52.753  6836 11248 I chatty  : uid=10026(com.oculus.systemux) OkHttp Dispatch expire 2 lines
03-06 22:21:52.753  6836 11250 I chatty  : uid=10026(com.oculus.systemux) OkHttp Dispatch expire 2 lines
03-06 22:21:52.756  6836 11249 I chatty  : uid=10026(com.oculus.systemux) OkHttp Dispatch expire 2 lines
03-06 22:21:52.789   860   860 W TrackingService: attachClient: found client in attached list
03-06 22:21:52.791   860  1359 W TrackingService: attachClient: found client in attached list
03-06 22:21:52.873   860 10611 W [CT]    : TIMESTAMPCHECKER: Nominal rate wrong. Estimated data rate: 25, Nominal is 30.000300003000028
03-06 22:21:52.966   860 10611 W [CT]    : VEGA:MAP_TRACKING_HM: [Throttled count=4] Bad map tracking: map tracking failed @ Submap id = 2, version = 53761256 with status: 2
03-06 22:21:52.966   860 10611 W [CT]    : VEGA:MAP_TRACKING_HM: [Throttled count=4] Map tracking did not run.
03-06 22:21:52.993   860 10611 I [CT]    : BrightnessPredictor: [Throttled count=375] Current irradiance: 424.1905517578125 (samples: 3).
03-06 22:21:52.993   860 10611 W [CT]    : BrightnessPredictor: [Throttled count=375] Started in a dark environment. Current irradiance: 424.1905517578125 (samples: 3).
03-06 22:21:52.993   860  1359 I chatty  : uid=1000(system) Binder:860_3 identical 10 lines
03-06 22:21:53.009   860  1359 W TrackingService: attachClient: found client in attached list
03-06 22:21:53.009   860   860 W TrackingService: attachClient: found client in attached list
03-06 22:21:53.011   860 10618 I [CT]    : CONSTELLATION:VISION_STATUS: 86557c336c360320 (L): BlobDetection:[#BlobsDetected=(21.94, 7.16)]Matching:[MatchSuccess=1.000, MatchCost=(0.00094, 0.00000), #MatchedBlobs=(11.84, 1.64), #MatchedLeds=(6.45, 0.50), RematchM=0.000, SkipRefine=0.000] MatchMethod:[Prox=1.000, ConstBrute=0.000, UnconstBrute=0.000] MatchResets[AnomBlobSize=0.000, SharedMatch=0.000, DenseReacq=0.000] | Fusion:[FusionError=0.000, ImuFromCamMs=(7.640, 0.445), RematchF=0.000] FusionUpdates:[Successful=1.000, Reliable=1.000, TightFusion=1.000, FullPose=0.000, StaticPrior=0.000, StaticForHandTrans=0.000, PoseUpdateMD=(0.0000, 0.0000)] FusionResets[6DoFReset=0.000, ResetSuccess=0.000] FusionStatus[HasPosition=1.000, HasVelocity=1.000] 
03-06 22:21:53.024 10454 10746 I VrApi   : FPS=72/72,Prd=47ms,Tear=0,Early=72,Stale=0,Stale2/5/10/max=0/0/0/0,VSnc=1,Lat=1,Fov=0,CPU4/GPU=4/4,2419/525MHz,OC=FF,TA=0/70/70,SP=N/F/F,Mem=2092MHz,Free=1954MB,PLS=0,Temp=28.7C/0.0C,TW=0.98ms,App=4.37ms,GD=0.00ms,CPU&GPU=7.46ms,LCnt=1(DR65,LM0),GPU%=0.41,CPU%=0.43(W0.48),DSF=1.00,CFL=19.50/22.05
03-06 22:21:53.039  1915  2307 W DeviceConfigUtil: Try to get config param "oculus_shared_social:oculus_messenger_reauth_removal" before Device Config has subscribed to the service.
03-06 22:21:53.039   860   860 W TrackingService: attachClient: found client in attached list
03-06 22:21:53.040   860  1359 W TrackingService: attachClient: found client in attached list
03-06 22:21:53.045   860 10590 I [CT]    : CONSTELLATION:IMU_STATUS: 86557c336c360320 (L): [FusionTracked=1.000, OutputTracked=1.000, OutputValid=1.000] [AccelSat=0.000, GyroSat=0.000] 
03-06 22:21:53.092   860 10618 I [CT]    : CONSTELLATION:VISION_STATUS: 729165a0fe4054d7 (R): BlobDetection:[#BlobsDetected=(21.96, 7.19)]Matching:[MatchSuccess=1.000, MatchCost=(0.00351, 0.00001), #MatchedBlobs=(10.10, 6.47), #MatchedLeds=(6.96, 0.81), RematchM=0.000, SkipRefine=0.004] MatchMethod:[Prox=1.000, ConstBrute=0.000, UnconstBrute=0.000] MatchResets[AnomBlobSize=0.000, SharedMatch=0.000, DenseReacq=0.000] | Fusion:[FusionError=0.000, ImuFromCamMs=(7.923, 0.848), RematchF=0.036] FusionUpdates:[Successful=1.000, Reliable=0.996, TightFusion=1.000, FullPose=0.000, StaticPrior=0.000, StaticForHandTrans=0.008, PoseUpdateMD=(0.0000, 0.0000)] FusionResets[6DoFReset=0.000, ResetSuccess=0.000] FusionStatus[HasPosition=1.000, HasVelocity=1.000] 
03-06 22:21:53.116   860 10590 I [CT]    : CONSTELLATION:IMU_STATUS: 729165a0fe4054d7 (R): [FusionTracked=1.000, OutputTracked=1.000, OutputValid=1.000] [AccelSat=0.000, GyroSat=0.000] 
03-06 22:21:53.208  2420  3456 I VrGuardianService: GuardianSDKServer::SetActiveHand
03-06 22:21:53.212  2420  3456 I VrGuardianService: GuardianSDKServer::SetGuardianHitDialog2 1
03-06 22:21:53.240   860 10611 I [CT]    : boltlib: DSP utilization: 6.89 % (344 / 5000 ms)
03-06 22:21:53.254   860  1359 I chatty  : uid=1000(system) Binder:860_3 identical 9 lines
03-06 22:21:53.265   860  1359 W TrackingService: attachClient: found client in attached list
03-06 22:21:53.266   860   860 W TrackingService: attachClient: found client in attached list
03-06 22:21:53.300   860   860 W TrackingService: attachClient: found client in attached list
03-06 22:21:53.301   860  1359 W TrackingService: attachClient: found client in attached list
03-06 22:21:53.436  1058  4242 I ActivityTaskManager: START u0 {act=android.intent.action.MAIN cat=[android.intent.category.LAUNCHER] flg=0x10010000 pkg=com.oculus.vrshell cmp=com.oculus.vrshell/.MainActivity (has extras)} from uid 10020
03-06 22:21:53.443 10454 10454 D UE4     : [GameActivity] onPause: stop memory reporter runnable
03-06 22:21:53.443 10454 10491 D UE4     : Case APP_CMD_PAUSE
03-06 22:21:53.443 10454 10454 D UE4     : [GameActivity] ==============> GameActive.onPause complete!
03-06 22:21:53.443 10454 10491 D UE4     : [2023.03.06-22.21.53:443][328]LogAndroid: Case APP_CMD_PAUSE
03-06 22:21:53.443 10454 10491 D UE4     : LogAndroidEvents::EnqueueAppEvent : 6, [width=-1, height=-1], tid = 10491, APP_EVENT_STATE_ON_PAUSE
03-06 22:21:53.443 10454 10491 D UE4     : [2023.03.06-22.21.53:443][328]LogAndroid: event thread, suspending app, acquiring HW window lock.
03-06 22:21:53.443 10454 10491 D UE4     : LogAndroidEvents::EnqueueAppEvent : 15, [width=-1, height=-1], tid = 10491, APP_EVENT_RUN_CALLBACK
03-06 22:21:53.443 10454 10491 D UE4     : [2023.03.06-22.21.53:443][328]LogAndroid: AndroidEGL::  SuspendApp_EventThread, waiting for event manager to process. tid: 10491
03-06 22:21:53.444  1058  4960 W InputReader: Device has associated, but no associated display id.
03-06 22:21:53.445 10454 10490 D UE4     : [2023.03.06-22.21.53:445][328]LogAndroidEvents: Display: LogAndroidEvents::DequeueAppEvent : 6, [width=-1, height=-1], APP_EVENT_STATE_ON_PAUSE
03-06 22:21:53.445 10454 10490 D UE4     : FAppEventManager::Tick processing, 6
03-06 22:21:53.445 10454 10490 D UE4     : [2023.03.06-22.21.53:445][328]LogVulkanRHI: FVulkanPipelineStateCacheManager: skipped saving because we only save if the PSOFC based one failed to load.
03-06 22:21:53.445 10454 10490 D UE4     : [2023.03.06-22.21.53:445][328]LogAndroidEvents: Display: LogAndroidEvents::DequeueAppEvent : 15, [width=-1, height=-1], APP_EVENT_RUN_CALLBACK
03-06 22:21:53.445 10454 10490 D UE4     : FAppEventManager::Tick processing, 15
03-06 22:21:53.445 10454 10490 D UE4     : [2023.03.06-22.21.53:445][328]LogAndroidEvents: Display: Event thread callback running.
03-06 22:21:53.445 10454 10490 D UE4     : [2023.03.06-22.21.53:445][328]LogAndroid: performing app backgrounding callback. 0xc365d520
03-06 22:21:53.445  2420  3456 I VrGuardianService: GuardianSDKServer::ClearReturnPackage
03-06 22:21:53.455 10454 10454 D SystemActivitiesReceiver: SystemActivityReceiver.onReceive intent:Intent { act=com.oculus.system_activity flg=0x10 pkg=com.YourCompany.TemplateProject3 (has extras) }
03-06 22:21:53.456 10454 10454 D SystemActivitiesReceiver: fromPackageName: 'com.oculus.vrshell'
03-06 22:21:53.456 10454 10454 D SystemActivitiesReceiver: command: '{"Command":"exitToHome","ToPackage":"com.YourCompany.TemplateProject3"}'
03-06 22:21:53.456 10454 10454 D SystemActivitiesReceiver: uri: ''
03-06 22:21:53.457  1058  1082 D ActivityManager: Is background playback GK enabled: false Is background playback enabled for all apps: false
03-06 22:21:53.457 10454 10454 D TrustedSignatureVerifier: Checking app signature for com.oculus.vrshell
03-06 22:21:53.458 10454 10454 D TrustedSignatureVerifier: Package com.oculus.vrshell trusted due to RELEASE signature.
03-06 22:21:53.458 10454 10454 D SystemActivitiesReceiver: App is trusted
03-06 22:21:53.458 10454 10454 I SystemActivitiesEvents: nativeSystemActivityIntent in 'com.YourCompany.TemplateProject3': 'com.oculus.vrshell' '{"Command":"exitToHome","ToPackage":"com.YourCompany.TemplateProject3"}' ''
03-06 22:21:53.458 10454 10454 I SystemActivitiesEvents: SYSTEM_ACTIVITY_EVENT_EXIT_TO_HOME: finish() - exit to Home
03-06 22:21:53.458 10454 10454 W emplateProject: Attempt to remove non-JNI local reference, dumping thread
03-06 22:21:53.458 10454 10454 I chatty  : uid=10210(com.YourCompany.TemplateProject3) identical 1 line
03-06 22:21:53.458 10454 10454 W emplateProject: Attempt to remove non-JNI local reference, dumping thread
03-06 22:21:53.458 10454 10454 D ContextHelper: shouldSkipFinish: activity=com.epicgames.ue4.GameActivity@810d2dc
03-06 22:21:53.458 10454 10454 W emplateProject: Accessing hidden method Landroid/app/Activity;->isResumed()Z (greylist, reflection, allowed)
03-06 22:21:53.458 10454 10454 D ContextHelper: activity=com.epicgames.ue4.GameActivity@810d2dc, resumed=false
03-06 22:21:53.459 10454 10454 D ContextHelper: Calling finish() on com.epicgames.ue4.GameActivity@810d2dc
03-06 22:21:53.459  1261  1261 D VrRuntimeService: onForegroundActivitiesChanged: pid=3369, uid=10020, hasForegroundActivities=true
03-06 22:21:53.460  1261  3094 I FocusedClientsListener: focus: onVrFocusChanged(focusType=2): 1
03-06 22:21:53.460  1261  3094 I FocusedClientsListener: focus: pid=10454
03-06 22:21:53.460   755   981 D AF::RecordHandle: OpRecordAudio: track:78 uid:10033 pkg:com.oculus.xrstreamingclient usage:0 muted
03-06 22:21:53.460  1261  5356 I FocusedClientsListener: focus: onVrFocusChanged(focusType=0): 6
03-06 22:21:53.460  1261  5356 I FocusedClientsListener: focus: pid=3593
03-06 22:21:53.460  1261  5356 I FocusedClientsListener: focus: pid=3036
03-06 22:21:53.460  1261  5356 I FocusedClientsListener: focus: pid=3369
03-06 22:21:53.460  1261  5356 I FocusedClientsListener: focus: pid=2547
03-06 22:21:53.460  1261  5356 I FocusedClientsListener: focus: pid=2420
03-06 22:21:53.460  1261  5356 I FocusedClientsListener: focus: pid=10454
03-06 22:21:53.460   755  1219 D AF::RecordHandle: OpRecordAudio: track:58 uid:10014 pkg:com.oculus.shellenv usage:0 muted
03-06 22:21:53.460  1261  1300 I FocusedClientsListener: focus: onVrFocusChanged(focusType=1): 5
03-06 22:21:53.460  1261  1300 I FocusedClientsListener: focus: pid=3593
03-06 22:21:53.460  1261  1300 I FocusedClientsListener: focus: pid=3036
03-06 22:21:53.460  1261  1300 I FocusedClientsListener: focus: pid=3369
03-06 22:21:53.460  1261  1300 I FocusedClientsListener: focus: pid=2547
03-06 22:21:53.460  1261  1300 I FocusedClientsListener: focus: pid=2420
03-06 22:21:53.460   755  4546 D AF::RecordHandle: OpRecordAudio: track:117 uid:10032 pkg:com.oculus.horizon usage:0 not muted
03-06 22:21:53.462   755  1219 D AF::TrackHandle: OpPlayAudio: track:116 uid:10210 pkg:com.YourCompany.TemplateProject3 usage:1 muted
03-06 22:21:53.463   755  4546 D AF::TrackHandle: OpPlayAudio: track:119 uid:10020 pkg:com.oculus.vrshell usage:1 not muted
03-06 22:21:53.464   755  9228 D AF::TrackHandle: OpPlayAudio: track:75 uid:10026 pkg:com.oculus.systemux usage:10 not muted
03-06 22:21:53.464   755   981 D AF::TrackHandle: OpPlayAudio: track:77 uid:10033 pkg:com.oculus.xrstreamingclient usage:1 muted
03-06 22:21:53.466   755  4546 D AF::RecordHandle: OpRecordAudio: track:78 uid:10033 pkg:com.oculus.xrstreamingclient usage:0 muted
03-06 22:21:53.466   755   981 D AF::TrackHandle: OpPlayAudio: track:57 uid:1000 pkg:com.android.networkstack.inprocess usage:13 not muted
03-06 22:21:53.466   755  9228 D AF::TrackHandle: OpPlayAudio: track:59 uid:10014 pkg:com.oculus.shellenv usage:1 muted
03-06 22:21:53.470   735  3659 D msm8974_platform: platform_split_snd_device: snd_device(22) num devices(1) new_snd_devices(0)
03-06 22:21:53.470   735  3659 D ACDB-LOADER: ACDB -> send_audvoltable
03-06 22:21:53.470   735  3659 D ACDB-LOADER: ACDB -> ACDB_CMD_GET_AUDPROC_INSTANCE_GAIN_DEP_STEP_TABLE_SIZE
03-06 22:21:53.470   735  3659 D         : Failed to fetch the lookup information of the device 0000000F 
03-06 22:21:53.470   735  3659 D ACDB-LOADER: Error: ACDB_CMD_GET_AUDPROC_INSTANCE_GAIN_DEP_STEP_TABLE_SIZE Returned = -19
03-06 22:21:53.470   735  3659 D ACDB-LOADER: ACDB -> ACDB_CMD_GET_AUDPROC_INSTANCE_GAIN_DEP_STEP_TABLE, vol index 8
03-06 22:21:53.470   735  3659 D         : Failed to fetch the lookup information of the device 0000000F 
03-06 22:21:53.470   735  3659 D ACDB-LOADER: Error: ACDB AudProc vol returned = -19
03-06 22:21:53.470   735  3659 D ACDB-LOADER: ACDB -> AUDIO_SET_VOL_CAL cal type = 40
03-06 22:21:53.470   755  9228 D AF::RecordHandle: OpRecordAudio: track:117 uid:10032 pkg:com.oculus.horizon usage:0 not muted
03-06 22:21:53.471   755   981 D AF::RecordHandle: OpRecordAudio: track:58 uid:10014 pkg:com.oculus.shellenv usage:0 muted
03-06 22:21:53.489  1058  2134 I DisplayManagerService: Display device removed: DisplayDeviceInfo{"com.oculus.android_panel_app.AndroidPanelLayer-#main": uniqueId="virtual:com.oculus.systemux,10026,com.oculus.android_panel_app.AndroidPanelLayer-#main,1", 1000 x 625, modeId 107, defaultModeId 107, supportedModes [{id=107, width=1000, height=625, fps=60.0}], colorMode 0, supportedColorModes [0], HdrCapabilities null, density 200, 200.0 x 200.0 dpi, appVsyncOff 0, presDeadline 16666666, touch NONE, rotation 0, type VIRTUAL, state ON, owner com.oculus.systemux (uid 10026), FLAG_PRIVATE, FLAG_NEVER_BLANK, FLAG_OWN_CONTENT_ONLY}
03-06 22:21:53.491  1261  3155 I VrRuntimeService: DestroySwapChain: swapchain=258
03-06 22:21:53.491  1261  3155 I VrRuntimeService: DestroySwapChain: swapchain=256
03-06 22:21:53.492  2420  3456 I VrGuardianService: GuardianSDKServer::SetGuardianHitDialog2 0
03-06 22:21:53.501  1261  1261 D VrRuntimeService: onStartCommand
03-06 22:21:53.503  1058  5008 I ActivityTaskManager: START u0 {act=android.intent.action.MAIN cat=[android.intent.category.LAUNCHER] flg=0x14000000 pkg=com.oculus.shellenv cmp=com.oculus.shellenv/.ShellEnvActivity (has extras)} from uid 10020
03-06 22:21:53.526  1058  2134 I DisplayManagerService: Display device removed: DisplayDeviceInfo{"com.oculus.android_panel_app.AndroidPanelLayer-controlbar4": uniqueId="virtual:com.oculus.systemux,10026,com.oculus.android_panel_app.AndroidPanelLayer-controlbar4,0", 1000 x 50, modeId 109, defaultModeId 109, supportedModes [{id=109, width=1000, height=50, fps=60.0}], colorMode 0, supportedColorModes [0], HdrCapabilities null, density 200, 200.0 x 200.0 dpi, appVsyncOff 0, presDeadline 16666666, touch NONE, rotation 0, type VIRTUAL, state ON, owner com.oculus.systemux (uid 10026), FLAG_PRIVATE, FLAG_NEVER_BLANK, FLAG_OWN_CONTENT_ONLY}
03-06 22:21:53.531  1058  4242 W InputReader: Device has associated, but no associated display id.
03-06 22:21:53.534   860  1359 I chatty  : uid=1000(system) Binder:860_3 identical 11 lines
03-06 22:21:53.539   755  4542 D AF::RecordHandle: OpRecordAudio: track:78 uid:10033 pkg:com.oculus.xrstreamingclient usage:0 muted
03-06 22:21:53.539   755  4544 D AF::TrackHandle: OpPlayAudio: track:57 uid:1000 pkg:com.android.networkstack.inprocess usage:13 not muted
03-06 22:21:53.539   755  4546 D AF::TrackHandle: OpPlayAudio: track:77 uid:10033 pkg:com.oculus.xrstreamingclient usage:1 muted
03-06 22:21:53.539   755  9273 D AF::TrackHandle: OpPlayAudio: track:59 uid:10014 pkg:com.oculus.shellenv usage:1 not muted
03-06 22:21:53.540   755  1219 D AF::TrackHandle: OpPlayAudio: track:75 uid:10026 pkg:com.oculus.systemux usage:10 not muted
03-06 22:21:53.540  1058  2134 D ActivityManager: Is background playback GK enabled: false Is background playback enabled for all apps: false
03-06 22:21:53.540   755  9228 D AF::TrackHandle: OpPlayAudio: track:116 uid:10210 pkg:com.YourCompany.TemplateProject3 usage:1 muted
03-06 22:21:53.540   755  7914 D AF::RecordHandle: OpRecordAudio: track:58 uid:10014 pkg:com.oculus.shellenv usage:0 not muted
03-06 22:21:53.541   755  7914 D AF::RecordHandle: OpRecordAudio: track:78 uid:10033 pkg:com.oculus.xrstreamingclient usage:0 muted
03-06 22:21:53.541   755  4546 D AF::RecordHandle: OpRecordAudio: track:58 uid:10014 pkg:com.oculus.shellenv usage:0 not muted
03-06 22:21:53.542   755  1703 D AF::RecordHandle: OpRecordAudio: track:117 uid:10032 pkg:com.oculus.horizon usage:0 not muted
03-06 22:21:53.543  1261  1261 D VrRuntimeService: onForegroundActivitiesChanged: pid=3593, uid=10014, hasForegroundActivities=true
03-06 22:21:53.543  1261  3094 I FocusedClientsListener: focus: onVrFocusChanged(focusType=2): 1
03-06 22:21:53.543  1261  3094 I FocusedClientsListener: focus: pid=10454
03-06 22:21:53.543  1261  5356 I FocusedClientsListener: focus: onVrFocusChanged(focusType=1): 5
03-06 22:21:53.543  1261  5356 I FocusedClientsListener: focus: pid=3593
03-06 22:21:53.543  1261  5356 I FocusedClientsListener: focus: pid=3036
03-06 22:21:53.543  1261  5356 I FocusedClientsListener: focus: pid=3369
03-06 22:21:53.543  1261  5356 I FocusedClientsListener: focus: pid=2547
03-06 22:21:53.543  1261  5356 I FocusedClientsListener: focus: pid=2420
03-06 22:21:53.543  1261  1300 I FocusedClientsListener: focus: onVrFocusChanged(focusType=0): 6
03-06 22:21:53.543  1261  1300 I FocusedClientsListener: focus: pid=3593
03-06 22:21:53.543  1261  1300 I FocusedClientsListener: focus: pid=3036
03-06 22:21:53.543  1261  1300 I FocusedClientsListener: focus: pid=3369
03-06 22:21:53.543  1261  1300 I FocusedClientsListener: focus: pid=2547
03-06 22:21:53.543  1261  1300 I FocusedClientsListener: focus: pid=2420
03-06 22:21:53.543  1261  1300 I FocusedClientsListener: focus: pid=10454
03-06 22:21:53.544   755  1703 D AF::RecordHandle: OpRecordAudio: track:117 uid:10032 pkg:com.oculus.horizon usage:0 not muted
03-06 22:21:53.547   755   981 D AF::TrackHandle: OpPlayAudio: track:119 uid:10020 pkg:com.oculus.vrshell usage:1 not muted
03-06 22:21:53.554   860  1359 W TrackingService: attachClient: found client in attached list
03-06 22:21:53.555   860   860 W TrackingService: attachClient: found client in attached list
03-06 22:21:53.560  1261 10600 I CompositorVR: SetSchedFifo( tid=10490, pol=2, pri=0 ) succeeded
03-06 22:21:53.561  1261 10600 I CompositorVR: SetSchedFifo( tid=10760, pol=2, pri=0 ) succeeded
03-06 22:21:53.561  1261 10600 I CompositorVR: SetSchedFifo( tid=10749, pol=2, pri=0 ) succeeded
03-06 22:21:53.588  1261 10600 I SwapChain: DestroyAndroidSurfaceSwapChain: 0x7c468aa000: Destroying SurfaceTexture 0x2736 Surface 0x2746
03-06 22:21:53.613  3593  3593 D ActivityLifecycleListener: onActivityResumed
03-06 22:21:53.613  3593  3702 D ActivityLifecycleListener: activity=com.oculus.shellenv.ShellEnvActivity@a786f8b, resumed=true
03-06 22:21:53.613  3593  3702 D ActivityLifecycleListener: Activity ready after 0ms
03-06 22:21:53.613  3593  3702 I OpenXR  : nativeOnActivityReady
03-06 22:21:53.614  3369  3661 I chatty  : uid=10020(com.oculus.vrshell) ShellMainVR expire 38 lines
03-06 22:21:53.641  3593  3621 I Clay    : BaseApp: Hibernate transition Unhibernate
03-06 22:21:53.641  3593  3621 I Clay    : copresence: microphone state transition, unpaused
03-06 22:21:53.641  3593  3621 I Clay    : SoundSystem: setPaused(false), m_paused=true
03-06 22:21:53.642  1307  1307 V AvrcpMediaPlayerList: onPlaybackConfigChanged(): Configs list size=10
03-06 22:21:53.648  3593  3621 I Clay    : EnvironmentSystem: computed visibility changed from Unload to Visible (reason: <none>)
03-06 22:21:53.651  3593  3621 I OpenXR  : PostSessionStateChange: XR_SESSION_STATE_IDLE -> XR_SESSION_STATE_READY
03-06 22:21:53.652  1261  1300 I FocusedClientsListener: focus: onTopActivityChanged: com.YourCompany.TemplateProject3
03-06 22:21:53.652  2547  2565 I [CT]    : MIXEDREALITY: MrServiceController: VrFocusManager::Top Activity Changed, topActivity now is: 'com.YourCompany.TemplateProject3', immersiveApp now is: 'com.YourCompany.TemplateProject3'.
03-06 22:21:53.652  3593  3621 I Clay    : xrPollEvent: REFERENCE_SPACE_CHANGE_PENDING
03-06 22:21:53.652  3593  3621 I Clay    : xrPollEvent: SESSION_STATE_CHANGED: READY
03-06 22:21:53.652  3593  3621 I Clay    : Entering VR mode: cpu=-1, gpu=-1, perf threads: main=3621, gpu=unset
03-06 22:21:53.652  3593  3621 I OpenXR  : ------------ xrBeginSession [start] -----------
03-06 22:21:53.652  3593  3621 I VrRuntimeClient: Tracing is disabled
03-06 22:21:53.652  3593  3621 I VrRuntimeClient: SysProp debug mode is disabled on Client side
03-06 22:21:53.652  2547  2609 I [CT]    : MIXEDREALITY: MrServiceView: renderIteration: Nothing to render, hibernating the rendering thread since ID is off and no active PT layers.
03-06 22:21:53.653  2547  2609 I [CT]    : MIXEDREALITY: MrServiceModel: Hibernating caller (most likely rendering thread) due to commandQueue being empty.
03-06 22:21:53.653  3593  3621 D VrApi   : targetSDKVersion 29
03-06 22:21:53.654   735  3659 D msm8974_platform: platform_split_snd_device: snd_device(22) num devices(1) new_snd_devices(0)
03-06 22:21:53.654   735  3659 D ACDB-LOADER: ACDB -> send_audvoltable
03-06 22:21:53.654   735  3659 D ACDB-LOADER: ACDB -> ACDB_CMD_GET_AUDPROC_INSTANCE_GAIN_DEP_STEP_TABLE_SIZE
03-06 22:21:53.654   735  3659 D         : Failed to fetch the lookup information of the device 0000000F 
03-06 22:21:53.654   735  3659 D ACDB-LOADER: Error: ACDB_CMD_GET_AUDPROC_INSTANCE_GAIN_DEP_STEP_TABLE_SIZE Returned = -19
03-06 22:21:53.654   735  3659 D ACDB-LOADER: ACDB -> ACDB_CMD_GET_AUDPROC_INSTANCE_GAIN_DEP_STEP_TABLE, vol index 10
03-06 22:21:53.654   735  3659 D         : Failed to fetch the lookup information of the device 0000000F 
03-06 22:21:53.654   735  3659 D ACDB-LOADER: Error: ACDB AudProc vol returned = -19
03-06 22:21:53.654   735  3659 D ACDB-LOADER: ACDB -> AUDIO_SET_VOL_CAL cal type = 40
03-06 22:21:53.657  1058  1496 W AppOps  : Noting op not finished: uid 10020 pkg com.oculus.vrshell code 24 time=1678141313457 duration=-1
03-06 22:21:53.657  3593  3621 I VrRuntimeClient: DEVICE MODEL NUMBER = Quest 2
03-06 22:21:53.657  3593  3621 I VrRuntimeClient: DEVICE BUILD NAME = user-49882890235800150
03-06 22:21:53.657  3593  3621 I VrRuntimeClient: DEVICE BUILD TYPE = user
03-06 22:21:53.657  3593  3621 I VrRuntimeClient: DEVICE OS VERSION = 10
03-06 22:21:53.657  3593  3621 I VrRuntimeClient: API LOADER VERSION = 1.0.25
03-06 22:21:53.657  3593  3621 I VrRuntimeClient: RUNTIME API VERSION = 1.0.25
03-06 22:21:53.657  3593  3621 I VrRuntimeClient: RUNTIME VERSION = 49.0.0.207.357 Feb  8 2023 14:43:26 RELEASE
03-06 22:21:53.657  3593  3621 I VrRuntimeClient: APP NAME = ShellEnv
03-06 22:21:53.657  3593  3621 I VrRuntimeClient: APP VERSION = 49.0.0.207.357 versionCode 445159140 internalVersionName 49.0.0.207.357.60c601c6ae0d 2023_02_08_16_27
03-06 22:21:53.657  3593  3621 I VrRuntimeClient: APP VR TYPE = vr_only
03-06 22:21:53.657  3593  3621 I VrRuntimeClient: APP MODE TYPE = VR
03-06 22:21:53.657  3593  3621 I VrRuntimeClient: APP PACKAGE NAME = com.oculus.shellenv
03-06 22:21:53.657  3593  3621 I VrRuntimeClient: APP ACTIVITY CLASS = com.oculus.shellenv.ShellEnvActivity
03-06 22:21:53.657  3593  3621 I Sensor  : OSSDKTRACKING Initializing head tracking
03-06 22:21:53.657  3593  3621 I Sensor  : OSSDKTRACKING Head tracker != nullpointer 0x7cc92edb58, 1
03-06 22:21:53.657  3593  3621 I Sensor  : OSSDKTRACKING Initializing controller tracking
03-06 22:21:53.657  3593  3621 I Sensor  : OSSDKTRACKING Controller tracker != nullpointer 0x7c4d05c6e0, 1
03-06 22:21:53.657  3593  3621 D BatteryReceiver: Registering battery receiver
03-06 22:21:53.658  1058  1496 E WindowManager: App trying to use insecure INPUT_FEATURE_NO_INPUT_CHANNEL flag. Ignoring
03-06 22:21:53.662  3369  3661 I LogTimer: CPUTIME: VrRuntimeClient_BeginSession took 6.5712 ms
03-06 22:21:53.662  3369  3661 I ClientInputInterface: DEADRECKONING SetControllerTrackingExtendedDeadreckoning 0
03-06 22:21:53.662  3369  3661 I ClientInputSettings: HANDTRACKING package name is com.oculus.vrshell
03-06 22:21:53.663  3593  3621 D HeadsetReceiver: getCurrentHeadsetState: false
03-06 22:21:53.663  3593  3621 I DeviceStatus: nativeHeadsetEvent(0)
03-06 22:21:53.663  3036  3179 I [OAO] ShellOverlayApp: 0xc15b1b28 msg: overlayCommand:
03-06 22:21:53.663  3036  3179 I [OAO] ShellOverlayApp: command = topActivityChanged
03-06 22:21:53.663  3036  3179 I [OAO] ShellOverlayApp: topActivity = com.YourCompany.TemplateProject3
03-06 22:21:53.663  3036  3179 I [OAO] ShellOverlayApp: Process_OverlayCommand command : topActivityChanged
03-06 22:21:53.663  3036  3179 I [OAO] ShellOverlayApp: Process_OverlayCommand unknown command received: topActivityChanged
03-06 22:21:53.664  3369  3661 I ClientInputSettings: HANDTRACKING: Manifest Permission request for com.oculus.vrshell
03-06 22:21:53.664  3369  3661 I ClientInputSettings: HANDTRACKING:  'com.oculus.vrshell' Is hands or controller.
03-06 22:21:53.665  3369  3661 I ClientInputSettings: HANDTRACKING: feature flag set to 2
03-06 22:21:53.665  3369  3661 I ClientInputInterface: HANDTRACKING sethandmanifest 2
03-06 22:21:53.665  3369  3661 D InputHooksJava: Enabling Java Input Hooks
03-06 22:21:53.665  3369  3661 W InputHooksJava: Unable to enable input hooks on a non-Activity Context
03-06 22:21:53.665  3369  3369 D [SEO] BaseOverlayService: setOverlayInputFocus : completed - inputFocus=true shouldSupportIME=true actionTaken:true
03-06 22:21:53.666  1261  1261 I ClientMgr: FocusedWindowChanged: falling back to client with same uid: 10020, and pid: 3369
03-06 22:21:53.666  1261  1261 I ClientMgr: FocusedClient changed.
03-06 22:21:53.666  1261  1261 I ClientMgr: ClientMgr::SetFocusedClient: 3369:com.oculus.vrshell type 1
03-06 22:21:53.666  1261  1261 I ClientMgr: SetFocusedPackageName - packageName com.oculus.vrshell processName com.oculus.vrshell clientId 2045027354 clientPid 3369
03-06 22:21:53.666  1261  1261 I VrRuntimeService: RuntimeIPC: SendFocusChangeEventToAllClients: PostClientEvent SUCCESS: com.YourCompany.TemplateProject3:com.YourCompany.TemplateProject3:10454, com.oculus.vrshell, com.oculus.vrshell
03-06 22:21:53.666  1261  1261 I VrRuntimeService: RuntimeIPC: SendFocusChangeEventToAllClients: PostClientEvent SUCCESS: com.oculus.xrstreamingclient:com.oculus.xrstreamingclient:7348, com.oculus.vrshell, com.oculus.vrshell
03-06 22:21:53.666  1261  1261 I VrRuntimeService: RuntimeIPC: SendFocusChangeEventToAllClients: PostClientEvent SUCCESS: com.oculus.shellenv:com.oculus.shellenv:3593, com.oculus.vrshell, com.oculus.vrshell
03-06 22:21:53.666  1261  1261 I VrRuntimeService: RuntimeIPC: SendFocusChangeEventToAllClients: PostClientEvent SUCCESS: com.oculus.vrshell:com.oculus.vrshell:Overlay:3036, com.oculus.vrshell, com.oculus.vrshell
03-06 22:21:53.666  1261  1261 I VrRuntimeService: RuntimeIPC: SendFocusChangeEventToAllClients: PostClientEvent SUCCESS: com.oculus.vrshell:com.oculus.vrshell:3369, com.oculus.vrshell, com.oculus.vrshell
03-06 22:21:53.666  1261  1261 I VrRuntimeService: RuntimeIPC: SendFocusChangeEventToAllClients: PostClientEvent SUCCESS: com.oculus.guardian:com.oculus.vrguardianservice:2420, com.oculus.vrshell, com.oculus.vrshell
03-06 22:21:53.666  1261  1261 I VrRuntimeService: RuntimeIPC: SendFocusChangeEventToAllClients: PostClientEvent SUCCESS: com.oculus.mrservice:com.oculus.mrservice:2547, com.oculus.vrshell, com.oculus.vrshell
03-06 22:21:53.666  1261  3094 I FocusedClientsListener: focus: onVrFocusChanged(focusType=2): 1
03-06 22:21:53.666  1261  3094 I FocusedClientsListener: focus: pid=10454
03-06 22:21:53.666  1261  5356 I FocusedClientsListener: focus: onVrFocusChanged(focusType=1): 5
03-06 22:21:53.666  1261  5356 I FocusedClientsListener: focus: pid=3593
03-06 22:21:53.666  1261  5356 I FocusedClientsListener: focus: pid=3036
03-06 22:21:53.666  1261  5356 I FocusedClientsListener: focus: pid=3369
03-06 22:21:53.666  1261  5356 I FocusedClientsListener: focus: pid=2547
03-06 22:21:53.666  1261  5356 I FocusedClientsListener: focus: pid=2420
03-06 22:21:53.666  1261  1300 I FocusedClientsListener: focus: onVrFocusChanged(focusType=0): 6
03-06 22:21:53.666  1261  1300 I FocusedClientsListener: focus: pid=3593
03-06 22:21:53.666  1261  1300 I FocusedClientsListener: focus: pid=3036
03-06 22:21:53.666  1261  1300 I FocusedClientsListener: focus: pid=3369
03-06 22:21:53.666  1261  1300 I FocusedClientsListener: focus: pid=2547
03-06 22:21:53.666  1261  1300 I FocusedClientsListener: focus: pid=2420
03-06 22:21:53.666  1261  1300 I FocusedClientsListener: focus: pid=10454
03-06 22:21:53.667  3593  3621 I VrRuntimeClient: SetCompositorClientFeatureFlag ClientFeatureFlag 0 
03-06 22:21:53.667  3593  3621 I LogTimer: CPUTIME: VrRuntimeClient_BeginSession took 15.2615 ms
03-06 22:21:53.667  2475  2475 D MetaCam (MediaCapabilityChecker): checkMediaHasRecordingCapabilities packageName: com.oculus.vrshell
03-06 22:21:53.667  2475  2475 D MetaCam (MediaCapabilityChecker): checkMediaHasRecordingCapabilities packageName: com.oculus.vrshell
03-06 22:21:53.668   860   860 I chatty  : uid=1000(system) /system/bin/trackingservice identical 5 lines
03-06 22:21:53.669  3593  3621 I ClientInputInterface: DEADRECKONING SetControllerTrackingExtendedDeadreckoning 0
03-06 22:21:53.669  3593  3621 I ClientInputSettings: HANDTRACKING package name is com.oculus.shellenv
03-06 22:21:53.670  1915  2308 I OVRMediaService: onStartCommand Received message type: overlay_input_focus_change, caller package: com.oculus.vrshell, app identify: AppIdentity{uid=10020, packageNames=[com.oculus.vrshell], sha1=MxZgtt071YLz39PLrkVGckZooCE, sha2=3C-DTjwZQjeLFPB2yCzRq1nqZWa_9HMLIEfpjvyfna8, version=null, domain=null}
03-06 22:21:53.672  3593  3621 I ClientInputSettings: HANDTRACKING: Manifest Permission request for com.oculus.shellenv
03-06 22:21:53.672  1915  2077 W OVRLibrary: null cursor received for query content://com.oculus.ocms.library/apps/com.oculus.vrshell
03-06 22:21:53.677  3036  3179 I [OAO] ShellSurfaceRender: Averages: drawCalls 4.0 progBinds 3.6 paramUpdates 16.0 textureBinds 1.9 bufferBinds 1.5
03-06 22:21:53.677  3036  3179 I VrRuntimeClient: Client has lost focus.
03-06 22:21:53.679  3036  3179 I OpenXR  : PostSessionStateChange: XR_SESSION_STATE_FOCUSED -> XR_SESSION_STATE_VISIBLE
03-06 22:21:53.679  3036  3179 I [OAO] VrPlatformOpenXr: xrPollEvent: received XR_TYPE_EVENT_DATA_SESSION_STATE_CHANGED: 4 for session 0x2 at time 10047.545023
03-06 22:21:53.679  3036  3179 I [OAO] VrPlatformOpenXr: Session state changed XR_SESSION_STATE_VISIBLE
03-06 22:21:53.679  3369  3661 I InputDeviceManager: ovrInputDeviceManager::Initialize
03-06 22:21:53.679  3593  3621 I ClientInputSettings: HANDTRACKING:  'com.oculus.shellenv' Is hands or controller.
03-06 22:21:53.680   860   860 W TrackingService: attachClient: found client in attached list
03-06 22:21:53.680   860   860 D TrackingService: getSharedMemory: com.oculus.vrshell#3369, HeadTracker
03-06 22:21:53.681  3369  3661 I Distortion: Initializing Mesh Decenter Correction
03-06 22:21:53.682   860   860 W TrackingService: attachClient: found client in attached list
03-06 22:21:53.682   854  1005 E CalibrationProvider: loadCalibration(LDISP_SN) failed: Calibration store didn't load any info
03-06 22:21:53.682   854  1005 E CalibrationProvider: loadCalibration(RDISP_SN) failed: Calibration store didn't load any info
03-06 22:21:53.682   860   860 D TrackingService: getSharedMemory: com.oculus.vrshell, Controller
03-06 22:21:53.682  3369  3661 I Distortion: SetLensPositions - iad=0.063054, left offset=-0.000233818,-0.00102733, right offset=0.000112984,-0.00104481
03-06 22:21:53.682  3369 11270 I InputDevice_TrackedRemote: REMOTE: Hand=2 IndexAnalog=0.00 GripAnalog=0.00 Buttons=0x00000000
03-06 22:21:53.682  3369 11270 I InputDevice_TrackedRemote: REMOTE: Hand=1 IndexAnalog=0.00 GripAnalog=0.00 Buttons=0x00000000
03-06 22:21:53.682  3369 11270 I InputDeviceManager: HANDTRACKING Pointer filter profile changed to: 0
03-06 22:21:53.682  3369  3661 I Distortion: Initializing Mesh Decenter Correction
03-06 22:21:53.682  3369 11270 I InputDeviceManager: HANDTRACKING Pointer filter profile changed to: 0
03-06 22:21:53.682  3369 11270 I InputDeviceManager: HANDTRACKING Root pose filter profile changed for (version, freq) to (2, 1) from (1,2)
03-06 22:21:53.683  3593  3621 I ClientInputSettings: HANDTRACKING: feature flag set to 2
03-06 22:21:53.683  3593  3621 I ClientInputInterface: HANDTRACKING sethandmanifest 2
03-06 22:21:53.683  3593  3621 I InputHooks_Internal: Enabling Native Input Hooks
03-06 22:21:53.683   854  1005 E CalibrationProvider: loadCalibration(LDISP_SN) failed: Calibration store didn't load any info
03-06 22:21:53.683   854  1005 E CalibrationProvider: loadCalibration(RDISP_SN) failed: Calibration store didn't load any info
03-06 22:21:53.683  3593  3621 I InputDeviceManager: ovrInputDeviceManager::Initialize
03-06 22:21:53.683  3369  3661 I Distortion: SetLensPositions - iad=0.063054, left offset=-0.000233818,-0.00102733, right offset=0.000112984,-0.00104481
03-06 22:21:53.683   860   860 W TrackingService: attachClient: found client in attached list
03-06 22:21:53.683  3369  3661 I Distortion: Created custom distortion mesh.
03-06 22:21:53.683  3369  3661 I PhaseSync: PhaseSync::PhaseSync PaddingLowerLimit 0.350000 StandardDeviations 2.000000 PaddingUpperLimit 0.750000 on instance 5
03-06 22:21:53.683  3369  3661 I VrRuntimeClient: PhaseSync Instance created
03-06 22:21:53.684  1261  3414 I VrRuntimeService: RuntimeServiceSDKServer::EnableRendering: 0x0, 0, com.oculus.vrshell
03-06 22:21:53.684  1261  3414 I ClientMgr: EnableRendering2: invalid clientWindow, testing uid/pid
03-06 22:21:53.684  1261  3414 I ClientMgr: EnableRendering2: matched uid: 10020 and pid: 3369 
03-06 22:21:53.684  1261  3414 I ClientMgr: EnableRendering2: Calling SetFocusedClient: 2045027354
03-06 22:21:53.684  1261  3414 I ClientMgr: ClientMgr::SetFocusedClient: 3369:com.oculus.vrshell type 1
03-06 22:21:53.684  1261  3414 I ClientMgr: SetFocusedPackageName - packageName com.oculus.vrshell processName com.oculus.vrshell clientId 2045027354 clientPid 3369
03-06 22:21:53.684  1261  3414 I ClientMgr: ClientMgr::EnableRendering 3369:com.oculus.vrshell : type 1 comp-id 5: enable
03-06 22:21:53.684  1261  3414 I CompositorClientMgr: Enable client 5
03-06 22:21:53.684  1261  3414 I VrRuntimeServer: EnableCompositorClient client(5): layer placement(2147483647) flags(0) sm(0x7c788ba010)
03-06 22:21:53.684  1261  3414 I CompositorVR: CheckDebuggerConnected: debugger 0
03-06 22:21:53.684  1261  3414 I VrRuntimeServer: SysProp debug mode is disabled on Server side
03-06 22:21:53.684  1261  3414 I UnifiedTelemetryWrapper: Started UT session render:com.oculus.vrshell
03-06 22:21:53.684  3369  3661 I VrApi   : OVR::Stats thread started
03-06 22:21:53.684  3369  3661 I XrRuntimeUtils: XrRuntimeUtils::BeginSession
03-06 22:21:53.684  3369  3661 I XrRuntimeSystem_Client: BeginSession
03-06 22:21:53.684  3369  3661 I OpenXR  : ------------ xrBeginSession [end] -----------
03-06 22:21:53.684  2547  3708 I [CT]    : MIXEDREALITY: MrFeatureStatus: Client status changed from Paused to Started.
03-06 22:21:53.684  2547  3708 I [CT]    : MIXEDREALITY: MrFeatureStatus: Target status Started, CurrentStatus: Started
03-06 22:21:53.684  3369  3661 I [SEO] VrPlatformOpenXr: VrPlatformOpenXr::SetPropInhibitHandleHomeKey inhibit:1
03-06 22:21:53.684  3369  3661 I OpenXR_DeviceSettings: ------------ xrSetDeviceSettingBooleanFB -----------
03-06 22:21:53.684  3369  3661 I ClientInputSettings: SetInhibitHandleHomeKey = true for com.oculus.vrshell
03-06 22:21:53.684  3369  3661 I ClientInputInterface: SetInhibitHandleHomeKey 1 for process com.oculus.vrshell 3369
03-06 22:21:53.684  3369  3661 I [SEO] VrPlatformOpenXr: VrPlatformOpenXr::SetPropInhibitHandleHomeKey result = 0
03-06 22:21:53.684   860   860 D TrackingService: getSharedMemory: com.oculus.shellenv#3593, HeadTracker
03-06 22:21:53.684  3369  3661 I [SEO] Compositor: EnterVrMode with eye buffer: 1440x1584 : 3
03-06 22:21:53.684  3369  3661 I [SEO] AudioMixer: Enabling AudioPlayer.
03-06 22:21:53.684  3369  3661 I [SEO] AudioEngine: virtual void AudioLibrary::AudioEngine::EnablePlayer()
03-06 22:21:53.684  3593  3621 I Distortion: Initializing Mesh Decenter Correction
03-06 22:21:53.685  3369  3661 D         : PlayerBase::PlayerBase()
03-06 22:21:53.685  2547  2609 I [CT]    : MIXEDREALITY: MrServiceView: renderIteration: Nothing to render, hibernating the rendering thread since ID is off and no active PT layers.
03-06 22:21:53.685  2547  2609 I [CT]    : MIXEDREALITY: MrServiceModel: Hibernating caller (most likely rendering thread) due to commandQueue being empty.
03-06 22:21:53.685  3369  3661 D         : TrackPlayerBase::TrackPlayerBase()
03-06 22:21:53.685  3369  3661 I libOpenSLES: Emulating old channel mask behavior (ignoring positional mask 0x3, using default mask 0x3 based on channel count of 2)
03-06 22:21:53.685   854  1005 E CalibrationProvider: loadCalibration(LDISP_SN) failed: Calibration store didn't load any info
03-06 22:21:53.686   854  1005 E CalibrationProvider: loadCalibration(RDISP_SN) failed: Calibration store didn't load any info
03-06 22:21:53.686  3593  3621 I Distortion: SetLensPositions - iad=0.063054, left offset=-0.000233818,-0.00102733, right offset=0.000112984,-0.00104481
03-06 22:21:53.686  3593  3621 I Distortion: Initializing Mesh Decenter Correction
03-06 22:21:53.691   854  1005 E CalibrationProvider: loadCalibration(LDISP_SN) failed: Calibration store didn't load any info
03-06 22:21:53.691   854  1005 E CalibrationProvider: loadCalibration(RDISP_SN) failed: Calibration store didn't load any info
03-06 22:21:53.692  3593  3621 I Distortion: SetLensPositions - iad=0.063054, left offset=-0.000233818,-0.00102733, right offset=0.000112984,-0.00104481
03-06 22:21:53.692  3593  3621 I Distortion: Created custom distortion mesh.
03-06 22:21:53.692   860  1359 W TrackingService: attachClient: found client in attached list
03-06 22:21:53.692   735  3659 I audio_hw_primary: getting vr mode to 0
03-06 22:21:53.692   860  1359 D TrackingService: getSharedMemory: com.oculus.shellenv, Controller
03-06 22:21:53.692   860   860 W TrackingService: attachClient: found client in attached list
03-06 22:21:53.692  3593  3621 I InputDevice_TrackedRemote: REMOTE: Hand=2 IndexAnalog=0.00 GripAnalog=0.00 Buttons=0x00000000
03-06 22:21:53.692  3593  3621 I InputDevice_TrackedRemote: REMOTE: Hand=1 IndexAnalog=0.00 GripAnalog=0.00 Buttons=0x00000000
03-06 22:21:53.692  3593  3621 I InputDeviceManager: HANDTRACKING Pointer filter profile changed to: 0
03-06 22:21:53.692  3593  3621 I InputDeviceManager: HANDTRACKING Pointer filter profile changed to: 0
03-06 22:21:53.692  3593  3621 I InputDeviceManager: HANDTRACKING Root pose filter profile changed for (version, freq) to (2, 1) from (1,2)
03-06 22:21:53.693  3593  3621 I PhaseSync: PhaseSync::PhaseSync PaddingLowerLimit 0.350000 StandardDeviations 2.000000 PaddingUpperLimit 0.750000 on instance 5
03-06 22:21:53.693  3593  3621 I VrRuntimeClient: PhaseSync Instance created
03-06 22:21:53.693  3593  3621 D VrRuntimeClient: pokeGuardianUserServiceForThisClient: com.oculus.shellenv:10014
03-06 22:21:53.694  3593  3621 D VrRuntimeClient: VrRuntimeClient: getClientWindow: activity client
03-06 22:21:53.694  2420  2420 D VrGuardianUserService: onStartCommandIntent { act=FOREGROUND_CLIENT cmp=com.oculus.guardian/com.oculus.vrguardianservice.VrGuardianUserService (has extras) }
03-06 22:21:53.694  2420  2420 D VrGuardianUserService: maybeSubscribeDeviceConfig
03-06 22:21:53.694  3369 11274 D VrApi   : targetSDKVersion 29
03-06 22:21:53.694  1261  3674 I VrRuntimeService: RuntimeServiceSDKServer::EnableRendering: 0x7c66b90d00, 1, com.oculus.shellenv
03-06 22:21:53.694  1261  3674 I ClientMgr: ClientMgr::EnableRendering 3593:com.oculus.shellenv : type 0 comp-id 6: enable
03-06 22:21:53.694  1261  3674 I CompositorVR: CheckDebuggerConnected: debugger 0
03-06 22:21:53.694  1261  3674 I VrRuntimeServer: SysProp debug mode is disabled on Server side
03-06 22:21:53.694  1261  3674 I UnifiedTelemetryWrapper: Started UT session render:com.oculus.shellenv
03-06 22:21:53.694  2420  2420 D VrGuardianUserService: onStartCommand FOREGROUND_CLIENT user = 0
03-06 22:21:53.695   755  4546 I AudioPolicyManagerCustom: VR mode is 0, switch to primary output if request is for fast|raw
03-06 22:21:53.695  2420  2420 D VrGuardianService: setCurrentUser() called with: userId = [0]
03-06 22:21:53.695  2420  2420 I VrGuardianService: nativeSetCurrentUser userid = 0
03-06 22:21:53.695  2420  2420 I GuardianSystem: [GuardianSystem::SetCurrentUser] User ID 0 
03-06 22:21:53.696  3593  3621 I ScreenCaptureHelper: Advertising com.oculus.shellenv as streamable
03-06 22:21:53.696  3593  3621 I VrApi   : OVR::Stats thread started
03-06 22:21:53.696  3593  3621 I XrRuntimeUtils: XrRuntimeUtils::BeginSession
03-06 22:21:53.696  3593  3621 I XrRuntimeSystem_Client: BeginSession
03-06 22:21:53.696  3593  3621 I OpenXR  : ------------ xrBeginSession [end] -----------
03-06 22:21:53.696  3593  3621 I Clay    : Setting CPU/GPU levels= 25/75
03-06 22:21:53.696  3593  3621 I VrRuntimeClient: Client has lost focus.
03-06 22:21:53.696   755  4546 W AudioFlinger: createTrack_l(): mismatch between requested flags (00000104) and output flags (00000006)
03-06 22:21:53.696   755  4546 D AudioFlinger: Client defaulted notificationFrames to 192 for frameCount 384
03-06 22:21:53.697  1915  2441 I OVRMediaService: onStartCommand Received message type: set_package_name, caller package: no_app_identity, app identify: null
03-06 22:21:53.697  1915  2441 I OVRMediaService: Got package name intent (com.oculus.shellenv)
03-06 22:21:53.697  3593 11279 D VrApi   : targetSDKVersion 29
03-06 22:21:53.698  1915  2441 I OVRMediaServiceManager: Sending onAppStart (com.oculus.shellenv) to SocialPlatform (com.oculus.socialplatform)
03-06 22:21:53.699   755  4546 D AF::TrackHandle: OpPlayAudio: track:120 uid:10020 pkg:com.oculus.vrshell usage:1 not muted
03-06 22:21:53.701  3369  3661 I AudioTrack: createTrack_l(0): AUDIO_OUTPUT_FLAG_FAST successful; frameCount 0 -> 384
03-06 22:21:53.702  1915  2406 W OVRLibrary: null cursor received for query content://com.oculus.ocms.library/apps/com.YourCompany.TemplateProject3
03-06 22:21:53.702  1915  2406 I OVRMediaServiceManager: Sending onAppStart (com.oculus.shellenv) to SocialPlatform (com.oculus.socialplatform)
03-06 22:21:53.703  3369 11274 I JniUtils: ovr_GetCurrentPackageSignature 
03-06 22:21:53.704  3369 11274 I Metrics : device name = Oculus Quest 2
03-06 22:21:53.704  1506  1506 D OculusNotificationListenerService: Notification posted: 0|android|0|com.android.server.wm.AlertWindowNotification - com.oculus.vrshell|1000
03-06 22:21:53.705  1915  2308 I OVRMediaService: Received OVERLAY_INPUT_FOCUS_CHANGE. is focused: true
03-06 22:21:53.705  3593 11279 I JniUtils: ovr_GetCurrentPackageSignature 
03-06 22:21:53.706  3593 11279 I Metrics : device name = Oculus Quest 2
03-06 22:21:53.707  1261  2802 I ClientMgr: Non-overlay clients rendering status has changed: prev=59, curr=60, enabled=2
03-06 22:21:53.708  1307  1307 V AvrcpMediaPlayerList: onPlaybackConfigChanged(): Configs list size=11
03-06 22:21:53.710  3593 11281 I FenceChecker: FenceChecker::MainLoop - started
03-06 22:21:53.711  1261  2802 D VrRuntimeService: ForegroundAppInfo = {uid=10014 pid=3593 packageName=com.oculus.shellenv processName=com.oculus.shellenv
03-06 22:21:53.711  1261  2802 I ClientMgr: GetForegroundClientId: Found foreground uid 10014.
03-06 22:21:53.711  1261  2802 I ClientMgr: Primary client determined to be foreground client: com.oculus.shellenv.
03-06 22:21:53.711  1261  2802 I ClientMgr: ClientMgr::SetPrimaryCompositorClient: 3593:com.oculus.shellenv
03-06 22:21:53.711  1261  2802 W ClientMgr: ClientMgr::GetClientPermissionFlagsById: Client missing proper permissions: com.oculus.shellenv, 2
03-06 22:21:53.711  1261  2802 I CompositorClientMgr: Enable client 6
03-06 22:21:53.711  1261  2802 I VrRuntimeServer: EnableCompositorClient client(6): layer placement(0) flags(1) sm(0x7c6b53e010)
03-06 22:21:53.711  1261  2802 I ClientMgr: SetPrimaryPackageName - packageName com.oculus.shellenv processName com.oculus.shellenv clientId 1483825211 clientPid 3593
03-06 22:21:53.711  1261  2802 I ServiceInputManager: ServiceInputManager::SetPrimaryPackageName 'com.oculus.shellenv' 'com.oculus.shellenv'  updated AnytimeUI processname 0
03-06 22:21:53.711  1261  2802 I VrRuntimeService: RuntimeIPC: SendPrimaryPackageChangeEvent: PostClientEvent SUCCESS: com.YourCompany.TemplateProject3:com.YourCompany.TemplateProject3:10454, com.oculus.shellenv, com.oculus.shellenv
03-06 22:21:53.711  1261  2802 I VrRuntimeService: RuntimeIPC: SendPrimaryPackageChangeEvent: PostClientEvent SUCCESS: com.oculus.xrstreamingclient:com.oculus.xrstreamingclient:7348, com.oculus.shellenv, com.oculus.shellenv
03-06 22:21:53.711  1261  2802 I VrRuntimeService: RuntimeIPC: SendPrimaryPackageChangeEvent: PostClientEvent SUCCESS: com.oculus.shellenv:com.oculus.shellenv:3593, com.oculus.shellenv, com.oculus.shellenv
03-06 22:21:53.711  1261  2802 I VrRuntimeService: RuntimeIPC: SendPrimaryPackageChangeEvent: PostClientEvent SUCCESS: com.oculus.vrshell:com.oculus.vrshell:Overlay:3036, com.oculus.shellenv, com.oculus.shellenv
03-06 22:21:53.711  1261  2802 I VrRuntimeService: RuntimeIPC: SendPrimaryPackageChangeEvent: PostClientEvent SUCCESS: com.oculus.vrshell:com.oculus.vrshell:3369, com.oculus.shellenv, com.oculus.shellenv
03-06 22:21:53.711  1261  2802 I VrRuntimeService: RuntimeIPC: SendPrimaryPackageChangeEvent: PostClientEvent SUCCESS: com.oculus.guardian:com.oculus.vrguardianservice:2420, com.oculus.shellenv, com.oculus.shellenv
03-06 22:21:53.711  1261  2802 I VrRuntimeService: RuntimeIPC: SendPrimaryPackageChangeEvent: PostClientEvent SUCCESS: com.oculus.mrservice:com.oculus.mrservice:2547, com.oculus.shellenv, com.oculus.shellenv
03-06 22:21:53.711  1261  2802 D VrRuntimeService: sendPrimaryPackageChangeBroadcast
03-06 22:21:53.713  3369  3369 D [SEO] BaseOverlayService: screenStateReceiver Received broadcast: com.oculus.vrshell.intent.action.PRIMARY_PACKAGE_CHANGED
03-06 22:21:53.713  1261 10600 I CompositorVR: LatchWarpClients: Multiple Primary Clients detected. Skipping frames for 14
03-06 22:21:53.713  3593  3621 I OpenXR  : PostSessionStateChange: XR_SESSION_STATE_READY -> XR_SESSION_STATE_SYNCHRONIZED
03-06 22:21:53.714  1261  2802 I UnifiedTelemetryWrapper: Setting destination as com.oculus.shellenv
03-06 22:21:53.714  1261  2802 I AADT    : SetAADTLutDataX: 0
03-06 22:21:53.714  1261  2802 I AADT    : SetAADTLutDataY: 0
03-06 22:21:53.714  1261  2802 I ServiceInputManager: DEADRECKONING deadReckoning mode on ClientMgr from server is 0
03-06 22:21:53.714  1261  2802 I CompositorClientMgr: Enable client 0
03-06 22:21:53.714  1261 10600 I CompositorVR: SetSchedFifo( tid=3621, pol=3, pri=0 ) succeeded
03-06 22:21:53.714  3593  3621 I Clay    : xrPollEvent: SESSION_STATE_CHANGED: SYNCHRONIZED
03-06 22:21:53.714  1261  2802 I VrRuntimeServer: EnableCompositorClient client(0): layer placement(2147483643) flags(8) sm(0x7c79411160)
03-06 22:21:53.714  1261  1300 I FocusedClientsListener: focus: onTopActivityChanged: com.YourCompany.TemplateProject3
