03-06 22:21:05.640   860  1359 I chatty  : uid=1000(system) Binder:860_3 identical 22 lines
03-06 22:21:05.644   860  1359 W TrackingService: attachClient: found client in attached list
03-06 22:21:05.647   860  1050 W TrackingService: attachClient: found client in attached list
03-06 22:21:05.686   860  1050 W TrackingService: attachClient: found client in attached list
03-06 22:21:05.689   860  1359 W TrackingService: attachClient: found client in attached list
03-06 22:21:06.134   860  1359 I chatty  : uid=1000(system) Binder:860_3 identical 21 lines
03-06 22:21:06.135   860  1359 W TrackingService: attachClient: found client in attached list
03-06 22:21:06.136   860  1050 W TrackingService: attachClient: found client in attached list
03-06 22:21:06.398   860  1050 I chatty  : uid=1000(system) Binder:860_1 identical 12 lines
03-06 22:21:06.437   860  1050 W TrackingService: attachClient: found client in attached list
03-06 22:21:06.439   860  1359 W TrackingService: attachClient: found client in attached list
03-06 22:21:06.857   860  1359 I chatty  : uid=1000(system) Binder:860_3 identical 22 lines
03-06 22:21:06.897   860  1359 W TrackingService: attachClient: found client in attached list
03-06 22:21:06.898   860  1050 W TrackingService: attachClient: found client in attached list
03-06 22:21:07.372   860  1050 I chatty  : uid=1000(system) Binder:860_1 identical 21 lines
03-06 22:21:07.404   860  1050 W TrackingService: attachClient: found client in attached list
03-06 22:21:07.407   860  1359 W TrackingService: attachClient: found client in attached list
03-06 22:21:07.681   860  1359 I chatty  : uid=1000(system) Binder:860_3 identical 14 lines
03-06 22:21:07.703   860  1359 W TrackingService: attachClient: found client in attached list
03-06 22:21:07.704   860  1050 W TrackingService: attachClient: found client in attached list
03-06 22:21:08.461   860  1050 I chatty  : uid=1000(system) Binder:860_1 identical 34 lines
03-06 22:21:08.474   860  1050 W TrackingService: attachClient: found client in attached list
03-06 22:21:08.476   860  1359 W TrackingService: attachClient: found client in attached list
03-06 22:21:09.274   860  1359 I chatty  : uid=1000(system) Binder:860_3 identical 41 lines
03-06 22:21:09.282   860  1359 W TrackingService: attachClient: found client in attached list
03-06 22:21:09.283   860  1050 W TrackingService: attachClient: found client in attached list
03-06 22:21:09.422   860  1050 I chatty  : uid=1000(system) Binder:860_1 identical 6 lines
03-06 22:21:09.449   860  1050 W TrackingService: attachClient: found client in attached list
03-06 22:21:09.450   860  1359 W TrackingService: attachClient: found client in attached list
03-06 22:21:10.394   860  1359 I chatty  : uid=1000(system) Binder:860_3 identical 50 lines
03-06 22:21:10.411   860  1359 W TrackingService: attachClient: found client in attached list
03-06 22:21:10.412   860  1050 W TrackingService: attachClient: found client in attached list
03-06 22:21:11.168   860  1050 I chatty  : uid=1000(system) Binder:860_1 identical 40 lines
03-06 22:21:11.185   860  1050 W TrackingService: attachClient: found client in attached list
03-06 22:21:11.187   860  1359 W TrackingService: attachClient: found client in attached list
03-06 22:21:11.360   860  1359 I chatty  : uid=1000(system) Binder:860_3 identical 7 lines
03-06 22:21:11.361   860  1359 W TrackingService: attachClient: found client in attached list
03-06 22:21:11.363   860  1050 W TrackingService: attachClient: found client in attached list
03-06 22:21:11.721   860  1050 I chatty  : uid=1000(system) Binder:860_1 identical 15 lines
03-06 22:21:11.724   860  1050 W TrackingService: attachClient: found client in attached list
03-06 22:21:11.729   860  1359 W TrackingService: attachClient: found client in attached list
03-06 22:21:12.427   860  1359 I chatty  : uid=1000(system) Binder:860_3 identical 36 lines
03-06 22:21:12.464   860  1359 W TrackingService: attachClient: found client in attached list
03-06 22:21:12.465   860  1050 W TrackingService: attachClient: found client in attached list
03-06 22:21:12.569   860  1050 I chatty  : uid=1000(system) Binder:860_1 identical 6 lines
03-06 22:21:12.601   860  1050 W TrackingService: attachClient: found client in attached list
03-06 22:21:12.607   860  1359 W TrackingService: attachClient: found client in attached list
03-06 22:21:12.915   860  1359 I chatty  : uid=1000(system) Binder:860_3 identical 13 lines
03-06 22:21:12.954   860  1359 W TrackingService: attachClient: found client in attached list
03-06 22:21:12.956   860  1050 W TrackingService: attachClient: found client in attached list
03-06 22:21:14.588   860  1050 I chatty  : uid=1000(system) Binder:860_1 identical 80 lines
03-06 22:21:14.612   860  1050 W TrackingService: attachClient: found client in attached list
03-06 22:21:14.613   860  1359 W TrackingService: attachClient: found client in attached list
03-06 22:21:15.376   860  1359 I chatty  : uid=1000(system) Binder:860_3 identical 40 lines
03-06 22:21:15.390   860  1359 W TrackingService: attachClient: found client in attached list
03-06 22:21:15.391   860  1050 W TrackingService: attachClient: found client in attached list
03-06 22:21:15.714   860  1050 I chatty  : uid=1000(system) Binder:860_1 identical 16 lines
03-06 22:21:15.727   860  1050 W TrackingService: attachClient: found client in attached list
03-06 22:21:15.729   860  1359 W TrackingService: attachClient: found client in attached list
03-06 22:21:16.144   860  1359 I chatty  : uid=1000(system) Binder:860_3 identical 19 lines
03-06 22:21:16.149   860  1359 W TrackingService: attachClient: found client in attached list
03-06 22:21:16.150   860  1050 W TrackingService: attachClient: found client in attached list
03-06 22:21:16.311   860  1050 I chatty  : uid=1000(system) Binder:860_1 identical 10 lines
03-06 22:21:16.315   860  1050 W TrackingService: attachClient: found client in attached list
03-06 22:21:16.317   860  1359 W TrackingService: attachClient: found client in attached list
03-06 22:21:17.140   860  1359 I chatty  : uid=1000(system) Binder:860_3 identical 44 lines
03-06 22:21:17.144   860  1359 W TrackingService: attachClient: found client in attached list
03-06 22:21:17.145   860  1050 W TrackingService: attachClient: found client in attached list
03-06 22:21:17.382   860  1050 I chatty  : uid=1000(system) Binder:860_1 identical 11 lines
03-06 22:21:17.409   860  1050 W TrackingService: attachClient: found client in attached list
03-06 22:21:17.410   860  1359 W TrackingService: attachClient: found client in attached list
03-06 22:21:17.640   860  1359 I chatty  : uid=1000(system) Binder:860_3 identical 12 lines
03-06 22:21:17.649   860  1359 W TrackingService: attachClient: found client in attached list
03-06 22:21:17.652   860  1050 W TrackingService: attachClient: found client in attached list
03-06 22:21:17.804   860  1050 I chatty  : uid=1000(system) Binder:860_1 identical 6 lines
03-06 22:21:17.813   860  1050 W TrackingService: attachClient: found client in attached list
03-06 22:21:17.815   860  1359 W TrackingService: attachClient: found client in attached list
03-06 22:21:18.810   860  1359 I chatty  : uid=1000(system) Binder:860_3 identical 53 lines
03-06 22:21:18.835   860  1359 W TrackingService: attachClient: found client in attached list
03-06 22:21:18.836   860  1050 W TrackingService: attachClient: found client in attached list
03-06 22:21:19.314   860  1050 I chatty  : uid=1000(system) Binder:860_1 identical 27 lines
03-06 22:21:19.351   860  1050 W TrackingService: attachClient: found client in attached list
03-06 22:21:19.353   860  1359 W TrackingService: attachClient: found client in attached list
03-06 22:21:19.874   860  1359 I chatty  : uid=1000(system) Binder:860_3 identical 27 lines
03-06 22:21:19.875   860  1359 W TrackingService: attachClient: found client in attached list
03-06 22:21:19.877   860  1050 W TrackingService: attachClient: found client in attached list
03-06 22:21:20.006   860  1050 I chatty  : uid=1000(system) Binder:860_1 identical 4 lines
03-06 22:21:20.044   860  1050 W TrackingService: attachClient: found client in attached list
03-06 22:21:20.045   860  1359 W TrackingService: attachClient: found client in attached list
03-06 22:21:20.710   860  1359 I chatty  : uid=1000(system) Binder:860_3 identical 36 lines
03-06 22:21:20.735   860  1359 W TrackingService: attachClient: found client in attached list
03-06 22:21:20.742   747 10552 I SyncBossHAL: [info   ] syncboss_hal_input_controller.c(61): 729165a0xxxxxxxx: 1 missed/90001 expected (PER 0.00%)
03-06 22:21:20.746   860  1359 W TrackingService: attachClient: found client in attached list
03-06 22:21:21.276   860  1359 I chatty  : uid=1000(system) Binder:860_3 identical 31 lines
03-06 22:21:21.285   860  1359 W TrackingService: attachClient: found client in attached list
03-06 22:21:21.287   860  1050 W TrackingService: attachClient: found client in attached list
03-06 22:21:21.423   860  1050 I chatty  : uid=1000(system) Binder:860_1 identical 6 lines
03-06 22:21:21.450   860  1050 W TrackingService: attachClient: found client in attached list
03-06 22:21:21.453   860  1359 W TrackingService: attachClient: found client in attached list
03-06 22:21:21.641   860  1359 I chatty  : uid=1000(system) Binder:860_3 identical 9 lines
03-06 22:21:21.668   860  1359 W TrackingService: attachClient: found client in attached list
03-06 22:21:21.668   860  1050 W TrackingService: attachClient: found client in attached list
03-06 22:21:21.870   860  1050 I chatty  : uid=1000(system) Binder:860_1 identical 10 lines
03-06 22:21:21.892   860  1050 W TrackingService: attachClient: found client in attached list
03-06 22:21:21.893   860  1359 W TrackingService: attachClient: found client in attached list
03-06 22:21:22.124   860  1359 I chatty  : uid=1000(system) Binder:860_3 identical 12 lines
03-06 22:21:22.160   860  1359 W TrackingService: attachClient: found client in attached list
03-06 22:21:22.162   860  1050 W TrackingService: attachClient: found client in attached list
03-06 22:21:22.927   860  1050 I chatty  : uid=1000(system) Binder:860_1 identical 37 lines
03-06 22:21:22.973   860  1050 W TrackingService: attachClient: found client in attached list
03-06 22:21:22.975   860  1359 W TrackingService: attachClient: found client in attached list
03-06 22:21:23.311   860  1359 I chatty  : uid=1000(system) Binder:860_3 identical 12 lines
03-06 22:21:23.314   860  1359 W TrackingService: attachClient: found client in attached list
03-06 22:21:23.316   860  1050 W TrackingService: attachClient: found client in attached list
03-06 22:21:24.138   860  1050 I chatty  : uid=1000(system) Binder:860_1 identical 41 lines
03-06 22:21:24.164   860  1050 W TrackingService: attachClient: found client in attached list
03-06 22:21:24.165   860  1359 W TrackingService: attachClient: found client in attached list
03-06 22:21:24.784   860  1359 I chatty  : uid=1000(system) Binder:860_3 identical 33 lines
03-06 22:21:24.812   860  1359 W TrackingService: attachClient: found client in attached list
03-06 22:21:24.814   860  1050 W TrackingService: attachClient: found client in attached list
03-06 22:21:25.400   860  1050 I chatty  : uid=1000(system) Binder:860_1 identical 27 lines
03-06 22:21:25.450   860  1050 W TrackingService: attachClient: found client in attached list
03-06 22:21:25.451   747 10552 I SyncBossHAL: [info   ] syncboss_hal_input_controller.c(61): 86557c33xxxxxxxx: 0 missed/90000 expected (PER 0.00%)
03-06 22:21:25.453   860  1050 W TrackingService: attachClient: found client in attached list
03-06 22:21:25.475   747 10552 E SyncBossHAL: [error  ] syncboss_hal_jedi.c(88): Failed to send telemetry event for module jedi with error -22
03-06 22:21:25.491   860  1050 W TrackingService: attachClient: found client in attached list
03-06 22:21:25.631   860  1050 I chatty  : uid=1000(system) Binder:860_1 identical 7 lines
03-06 22:21:25.676   860  1050 W TrackingService: attachClient: found client in attached list
03-06 22:21:25.691   747 10552 E SyncBossHAL: [error  ] syncboss_hal_jedi.c(88): Failed to send telemetry event for module jedi with error -22
03-06 22:21:25.714   860  1050 W TrackingService: attachClient: found client in attached list
03-06 22:21:26.384   860  1050 I chatty  : uid=1000(system) Binder:860_1 identical 39 lines
03-06 22:21:26.408   860  1050 W TrackingService: attachClient: found client in attached list
03-06 22:21:26.411   860  1359 W TrackingService: attachClient: found client in attached list
03-06 22:21:26.488   860  1359 I chatty  : uid=1000(system) Binder:860_3 identical 4 lines
03-06 22:21:26.514   860  1359 W TrackingService: attachClient: found client in attached list
03-06 22:21:26.518   860  1050 W TrackingService: attachClient: found client in attached list
03-06 22:21:27.192   860  1050 I chatty  : uid=1000(system) Binder:860_1 identical 37 lines
03-06 22:21:27.234   860  1050 W TrackingService: attachClient: found client in attached list
03-06 22:21:27.236   860  1359 W TrackingService: attachClient: found client in attached list
--------- beginning of main
03-06 22:21:27.692   860  1192 I [CT]    : Vega:SubmapPublisher: Tracking parent no change: frame movement above thresh -> Publish
03-06 22:21:27.692   860  1192 I [CT]    : Vega:SubmapPublisher: Start to publish submaps, found candidates:  3
03-06 22:21:27.692   860  1192 E [CT]    : SubmapRecords: findSubmapId found 2 submap records hold the same query krHandle
03-06 22:21:27.806   860 10611 W [CT]    : VEGA:MAP_TRACKING_HM: [Throttled count=3] Bad map tracking: map tracking failed @ Submap id = 2, version = 53761256 with status: 2
03-06 22:21:27.806   860 10611 W [CT]    : VEGA:MAP_TRACKING_HM: [Throttled count=3] Map tracking did not run.
03-06 22:21:28.022 10454 10746 I VrApi   : FPS=72/72,Prd=47ms,Tear=0,Early=0,Stale=0,Stale2/5/10/max=0/0/0/0,VSnc=1,Lat=1,Fov=0,CPU4/GPU=2/3,1171/490MHz,OC=FF,TA=0/70/70,SP=N/F/F,Mem=2092MHz,Free=2014MB,PLS=0,Temp=28.5C/0.0C,TW=1.71ms,App=8.67ms,GD=0.12ms,CPU&GPU=13.48ms,LCnt=2(DR0,LM2),GPU%=0.78,CPU%=0.43(W0.53),DSF=1.00,CFL=19.63/21.55
03-06 22:21:28.059   860  1359 I chatty  : uid=1000(system) Binder:860_3 identical 45 lines
03-06 22:21:28.074   860  1359 W TrackingService: attachClient: found client in attached list
03-06 22:21:28.075   860  1050 W TrackingService: attachClient: found client in attached list
03-06 22:21:28.146  1261  2802 I chatty  : uid=10025(com.oculus.systemdriver) ClientRequest expire 23 lines
03-06 22:21:28.146  1261  2798 I chatty  : uid=10025(com.oculus.systemdriver) OVR::Clocks expire 17 lines
03-06 22:21:28.234   860 10561 I [CT]    : boltlib: DSP utilization: 7.91 % (398 / 5032 ms)
03-06 22:21:28.439  2547  2992 I Telemetry: App memory usage: PSS=45 MiB, PrivateDirty=39 MiB, PrivateClean=1 MiB, GPU=5.7/5.8 MiB (97% allocated)
03-06 22:21:28.444  2420  3128 I Telemetry: App memory usage: PSS=61 MiB, PrivateDirty=51 MiB, PrivateClean=4 MiB, GPU=3.8/4.0 MiB (96% allocated)
03-06 22:21:28.607   860 10611 W [CT]    : VIO_HAS_TRACKING: Bad tracking: large covariance-weighted vision correction : 131.49014282226562 > 90
03-06 22:21:28.607   860 10611 W [CT]    : VEGA:PERCEPTUAL_HM: Bad tracking: tracker health is bad
03-06 22:21:28.607   860 10611 I [CT]    : VEGA:PERCEPTUAL_HM: Perceptual HM: bad tracking while exposing 6DoF. Delaying switch to 3DoF for 0.266666666 seconds.
03-06 22:21:28.607   860 10611 I [CT]    : VegaTracker: VegaTracker::track returned 409 track measurement(s) 186 track-to-landmark association(s) and 6 closed track ID(s) while reporting poor tracking quality. (isTrackerHealthy = false, isMapTrackingHealthy = true)
03-06 22:21:28.633   860 10611 I [CT]    : VIPER: Image mean intensities (per camera): 46.63, 96.31, 122.65, 74.19
03-06 22:21:28.635   860 10611 I [CT]    : VegaTracker: Performing big search to recover from bad map tracking or new reloc.
03-06 22:21:28.713   860 10611 W [CT]    : TIMESTAMPCHECKER: Nominal rate wrong. Estimated data rate: 25, Nominal is 30.000300003000028
03-06 22:21:28.714   860  1050 I chatty  : uid=1000(system) Binder:860_1 identical 32 lines
03-06 22:21:28.756   860  1050 W TrackingService: attachClient: found client in attached list
03-06 22:21:28.757   860  1359 W TrackingService: attachClient: found client in attached list
03-06 22:21:28.894   585   613 I SyncBossFW: 5041215 [info   ] {PERF}: cpu load cur=0.4651 min=0.0515 max=0.5501 avg=0.2563
03-06 22:21:29.022 10454 10746 I VrApi   : FPS=72/72,Prd=47ms,Tear=0,Early=1,Stale=0,Stale2/5/10/max=0/0/0/0,VSnc=1,Lat=1,Fov=0,CPU4/GPU=3/3,1382/525MHz,OC=FF,TA=0/70/70,SP=N/F/F,Mem=2092MHz,Free=2014MB,PLS=0,Temp=28.5C/0.0C,TW=1.73ms,App=10.01ms,GD=0.12ms,CPU&GPU=15.41ms,LCnt=2(DR0,LM2),GPU%=0.86,CPU%=0.63(W0.86),DSF=1.00,CFL=19.57/22.32
03-06 22:21:29.047   860  1359 I chatty  : uid=1000(system) Binder:860_3 identical 14 lines
03-06 22:21:29.056   860  1359 W TrackingService: attachClient: found client in attached list
03-06 22:21:29.057   860  1050 W TrackingService: attachClient: found client in attached list
03-06 22:21:29.185  7348  7404 I chatty  : uid=10033(com.oculus.xrstreamingclient) SlamAnchorMem expire 955 lines
03-06 22:21:29.607   860 10611 W [CT]    : VEGA:MAP_TRACKING_HM: [Throttled count=2] Bad map tracking: map tracking failed @ Submap id = 2, version = 53761256 with status: 2
03-06 22:21:29.607   860 10611 W [CT]    : VEGA:MAP_TRACKING_HM: [Throttled count=2] Map tracking did not run.
03-06 22:21:29.636  2475  2475 D MetaCam (DeviceLifecycleManager): onCapabilitiesChanged(...). Has NET_CAPABILITY_VALIDATED.
03-06 22:21:29.640  2475  2475 D MetaCam (DeviceLifecycleManager): onCapabilitiesChanged(...). Has NET_CAPABILITY_VALIDATED.
03-06 22:21:29.640 10454 10476 V UE4     : [NetworkChangedManager] Network Capabilities changed, has Internet: true
03-06 22:21:29.640  2475  2475 D MetaCam (DeviceLifecycleManager): onCapabilitiesChanged(...). Has NET_CAPABILITY_VALIDATED.
03-06 22:21:29.643 10454 11160 V UE4     : [NetworkChangedManager] Verifying internet connection with host: https://example.com/
03-06 22:21:29.779 10454 11160 V UE4     : [NetworkChangedManager] Connectivity hasn't changed. Current state: CONNECTION_AVAILABLE
03-06 22:21:29.779 10454 11160 V UE4     : [NetworkChangedManager] Full network check complete. State: CONNECTION_AVAILABLE
03-06 22:21:29.801   860  1050 I chatty  : uid=1000(system) Binder:860_1 identical 35 lines
03-06 22:21:29.820   860  1050 W TrackingService: attachClient: found client in attached list
03-06 22:21:29.821   860  1359 W TrackingService: attachClient: found client in attached list
03-06 22:21:30.031 10454 10746 I Telemetry: App memory usage: PSS=553 MiB, PrivateDirty=439 MiB, PrivateClean=100 MiB, GPU=256.9/257.5 MiB (100% allocated)
03-06 22:21:30.038 10454 10746 I VrApi   : FPS=71/72,Prd=47ms,Tear=0,Early=1,Stale=4,Stale2/5/10/max=0/0/0/1,VSnc=1,Lat=1,Fov=0,CPU4/GPU=3/4,1382/525MHz,OC=FF,TA=0/70/70,SP=N/F/F,Mem=2092MHz,Free=2011MB,PLS=0,Temp=28.5C/0.0C,TW=1.60ms,App=9.20ms,GD=0.11ms,CPU&GPU=16.35ms,LCnt=2(DR0,LM2),GPU%=0.82,CPU%=0.45(W0.62),DSF=1.00,CFL=19.67/21.36
03-06 22:21:30.073   860 10611 I [CT]    : VIPER: Environment brightness changed from 2 to 0
03-06 22:21:30.089   860 10611 I [CT]    : VIPER: Mode=SuperVega,Status=6DoF,TRACKING,Inl=22,Mem=80.3,Jit=0.2mm,Issues(Cam/min=0.0,IMU/min=0.0),Exp=(14.0ms,g=15.0,I=47,Ir=225.1)(12.4ms,g=14.0,I=98,Ir=568.4)(12.4ms,g=14.0,I=119,Ir=686.9)(11.8ms,g=14.0,I=75,Ir=453.6)
03-06 22:21:30.089   860 10611 W [CT]    : VIPER: Environment trending to dark, 
03-06 22:21:30.091  2420  2921 I GuardianSystem: [GuardianSystem::CheckEnvironmentStatus] Environment Status changed: 98 to 97
03-06 22:21:30.291   860  1359 I chatty  : uid=1000(system) Binder:860_3 identical 25 lines
03-06 22:21:30.305   860  1359 W TrackingService: attachClient: found client in attached list
03-06 22:21:30.307   860  1050 W TrackingService: attachClient: found client in attached list
03-06 22:21:30.675   860  1050 I chatty  : uid=1000(system) Binder:860_1 identical 19 lines
03-06 22:21:30.715   860  1050 W TrackingService: attachClient: found client in attached list
03-06 22:21:30.716   860  1359 W TrackingService: attachClient: found client in attached list
03-06 22:21:30.753   860 10611 W [CT]    : TIMESTAMPCHECKER: Nominal rate wrong. Estimated data rate: 25, Nominal is 30.000300003000028
03-06 22:21:31.014   860  1359 I chatty  : uid=1000(system) Binder:860_3 identical 15 lines
03-06 22:21:31.022 10454 10746 I VrApi   : FPS=72/72,Prd=47ms,Tear=0,Early=1,Stale=0,Stale2/5/10/max=0/0/0/0,VSnc=1,Lat=1,Fov=0,CPU4/GPU=3/4,1171/525MHz,OC=FF,TA=0/70/70,SP=N/F/F,Mem=2092MHz,Free=2011MB,PLS=0,Temp=28.5C/0.0C,TW=1.62ms,App=8.80ms,GD=0.11ms,CPU&GPU=13.52ms,LCnt=2(DR0,LM2),GPU%=0.78,CPU%=0.44(W0.55),DSF=1.00,CFL=19.61/21.65
03-06 22:21:31.042   860  1359 W TrackingService: attachClient: found client in attached list
03-06 22:21:31.045   860  1050 W TrackingService: attachClient: found client in attached list
03-06 22:21:31.113   860 10611 I [CT]    : VIPER: Environment brightness changed from 0 to 2
03-06 22:21:31.135  2420  2921 I GuardianSystem: [GuardianSystem::CheckEnvironmentStatus] Environment Status changed: 97 to 98
03-06 22:21:31.256  7348  7423 I chatty  : uid=10033(com.oculus.xrstreamingclient) xrsp-rt-read expire 14 lines
03-06 22:21:31.399 10454 10490 D UE4     : [2023.03.06-22.21.31:399][783]LogSlate: Slate User Unregistered.  User Index 8
03-06 22:21:31.399 10454 10490 D UE4     : [2023.03.06-22.21.31:399][783]LogSlate: Slate User Destroyed.  User Index 8, Is Virtual User: 1
03-06 22:21:32.022 10454 10746 I VrApi   : FPS=72/72,Prd=47ms,Tear=0,Early=7,Stale=0,Stale2/5/10/max=0/0/0/0,VSnc=1,Lat=1,Fov=0,CPU4/GPU=2/4,1171/490MHz,OC=FF,TA=0/70/70,SP=N/F/F,Mem=2092MHz,Free=2011MB,PLS=0,Temp=28.5C/0.0C,TW=1.60ms,App=8.23ms,GD=0.11ms,CPU&GPU=13.22ms,LCnt=2(DR0,LM2),GPU%=0.74,CPU%=0.49(W0.62),DSF=1.00,CFL=19.72/21.41
03-06 22:21:32.135  1915  2307 W DeviceConfigUtil: Try to get config param "oculus_shared_social:oculus_messenger_reauth_removal" before Device Config has subscribed to the service.
03-06 22:21:32.260   860  1050 I chatty  : uid=1000(system) Binder:860_1 identical 66 lines
03-06 22:21:32.278   860  1050 W TrackingService: attachClient: found client in attached list
03-06 22:21:32.279   860  1359 W TrackingService: attachClient: found client in attached list
03-06 22:21:32.608   860 10611 W [CT]    : VEGA:MAP_TRACKING_HM: Bad map tracking: map tracking failed @ Submap id = 2, version = 53761256 with status: 2
03-06 22:21:32.608   860 10611 W [CT]    : VEGA:MAP_TRACKING_HM: Map tracking did not run.
03-06 22:21:32.753   860 10611 W [CT]    : TIMESTAMPCHECKER: Nominal rate wrong. Estimated data rate: 25, Nominal is 30.000300003000028
03-06 22:21:32.820   860  1359 I chatty  : uid=1000(system) Binder:860_3 identical 27 lines
03-06 22:21:32.828   860  1359 W TrackingService: attachClient: found client in attached list
03-06 22:21:32.830   860  1050 W TrackingService: attachClient: found client in attached list
03-06 22:21:32.836 10454 10454 D UE4     : [GameActivity] Battery: status = 4, rawlevel = 100, scale = 100
03-06 22:21:32.836 10454 10454 D UE4     : nativeBatteryEvent(stat = 4, lvl = 100  temp = 28.70 C)
03-06 22:21:33.011   860 10618 I [CT]    : CONSTELLATION:VISION_STATUS: 86557c336c360320 (L): BlobDetection:[#BlobsDetected=(22.75, 16.23)]Matching:[MatchSuccess=1.000, MatchCost=(0.00200, 0.00000), #MatchedBlobs=(12.34, 1.58), #MatchedLeds=(7.71, 0.57), RematchM=0.000, SkipRefine=0.000] MatchMethod:[Prox=1.000, ConstBrute=0.000, UnconstBrute=0.000] MatchResets[AnomBlobSize=0.000, SharedMatch=0.000, DenseReacq=0.000] | Fusion:[FusionError=0.000, ImuFromCamMs=(7.932, 0.964), RematchF=0.000] FusionUpdates:[Successful=1.000, Reliable=1.000, TightFusion=1.000, FullPose=0.000, StaticPrior=0.000, StaticForHandTrans=0.048, PoseUpdateMD=(0.0000, 0.0000)] FusionResets[6DoFReset=0.000, ResetSuccess=0.000] FusionStatus[HasPosition=1.000, HasVelocity=1.000] 
03-06 22:21:33.023 10454 10746 I VrApi   : FPS=72/72,Prd=47ms,Tear=0,Early=37,Stale=0,Stale2/5/10/max=0/0/0/0,VSnc=1,Lat=1,Fov=0,CPU4/GPU=2/3,1171/490MHz,OC=FF,TA=0/70/70,SP=N/F/F,Mem=2092MHz,Free=2011MB,PLS=0,Temp=28.5C/0.0C,TW=1.72ms,App=8.92ms,GD=0.12ms,CPU&GPU=13.27ms,LCnt=2(DR0,LM2),GPU%=0.81,CPU%=0.47(W0.55),DSF=1.00,CFL=19.55/21.43
03-06 22:21:33.045   860 10590 I [CT]    : CONSTELLATION:IMU_STATUS: 86557c336c360320 (L): [FusionTracked=1.000, OutputTracked=1.000, OutputValid=1.000] [AccelSat=0.000, GyroSat=0.000] 
03-06 22:21:33.092   860 10618 I [CT]    : CONSTELLATION:VISION_STATUS: 729165a0fe4054d7 (R): BlobDetection:[#BlobsDetected=(22.76, 16.03)]Matching:[MatchSuccess=0.996, MatchCost=(0.00296, 0.00001), #MatchedBlobs=(10.47, 10.71), #MatchedLeds=(6.20, 1.52), RematchM=0.004, SkipRefine=0.000] MatchMethod:[Prox=0.996, ConstBrute=0.000, UnconstBrute=0.000] MatchResets[AnomBlobSize=0.000, SharedMatch=0.000, DenseReacq=0.000] | Fusion:[FusionError=0.000, ImuFromCamMs=(8.355, 1.332), RematchF=0.112] FusionUpdates:[Successful=0.996, Reliable=0.956, TightFusion=0.956, FullPose=0.040, StaticPrior=0.000, StaticForHandTrans=0.000, PoseUpdateMD=(1.5202, 2.7363)] FusionResets[6DoFReset=0.000, ResetSuccess=0.000] FusionStatus[HasPosition=1.000, HasVelocity=1.000] 
03-06 22:21:33.112   860 10590 I [CT]    : CONSTELLATION:IMU_STATUS: 729165a0fe4054d7 (R): [FusionTracked=1.000, OutputTracked=1.000, OutputValid=1.000] [AccelSat=0.000, GyroSat=0.000] 
03-06 22:21:33.118  7348  7444 I chatty  : uid=10033(com.oculus.xrstreamingclient) SlamAnchorMem expire 366 lines
03-06 22:21:33.234   860 10561 I [CT]    : boltlib: DSP utilization: 7.51 % (375 / 5000 ms)
03-06 22:21:33.259   860  1050 I chatty  : uid=1000(system) Binder:860_1 identical 21 lines
03-06 22:21:33.291   860  1050 W TrackingService: attachClient: found client in attached list
03-06 22:21:33.294   860  1359 W TrackingService: attachClient: found client in attached list
03-06 22:21:33.372   860  1192 W [CT]    : VEGA_MAP_BUILDER: Resolved a potential TrackToMapPointAssosiation conflict between tracks 5177590 (index = 79, version = 246) and 16449578 (index = 251, version = 42). Point handle: 2143 0.
03-06 22:21:33.373   860  1192 I [CT]    : Vega:SubmapPublisher: Tracking parent no change: frame movement above thresh -> Publish
03-06 22:21:33.373   860  1192 I [CT]    : Vega:SubmapPublisher: Start to publish submaps, found candidates:  3
03-06 22:21:33.373   860  1192 E [CT]    : SubmapRecords: findSubmapId found 2 submap records hold the same query krHandle
03-06 22:21:33.688   860 10611 I [CT]    : VIPER: Mode=SuperVega,Status=6DoF,TRACKING,Inl=24,Mem=80.3,Jit=1.1mm,Issues(Cam/min=0.0,IMU/min=0.0),Exp=(14.0ms,g=15.0,I=47,Ir=227.5)(13.2ms,g=15.0,I=101,Ir=509.4)(13.2ms,g=15.0,I=117,Ir=589.5)(14.0ms,g=15.0,I=68,Ir=328.4)
03-06 22:21:33.689   860 10611 W [CT]    : VIPER: Images too dark, Environment trending to dark, 
03-06 22:21:34.022 10454 10746 I VrApi   : FPS=72/72,Prd=47ms,Tear=0,Early=0,Stale=0,Stale2/5/10/max=0/0/0/0,VSnc=1,Lat=1,Fov=0,CPU4/GPU=2/3,1171/490MHz,OC=FF,TA=0/70/70,SP=N/F/F,Mem=2092MHz,Free=2011MB,PLS=0,Temp=28.7C/0.0C,TW=1.72ms,App=9.06ms,GD=0.12ms,CPU&GPU=14.76ms,LCnt=2(DR0,LM2),GPU%=0.82,CPU%=0.52(W0.52),DSF=1.00,CFL=19.59/21.66
03-06 22:21:34.306   860  1359 I chatty  : uid=1000(system) Binder:860_3 identical 56 lines
03-06 22:21:34.331   860  1359 W TrackingService: attachClient: found client in attached list
03-06 22:21:34.332   860  1050 W TrackingService: attachClient: found client in attached list
03-06 22:21:34.449   860 10611 W [CT]    : VEGA:MAP_TRACKING_HM: [Throttled count=6] Bad map tracking: map tracking failed @ Submap id = 2, version = 53761256 with status: 2
03-06 22:21:34.449   860 10611 W [CT]    : VEGA:MAP_TRACKING_HM: [Throttled count=6] Map tracking did not run.
03-06 22:21:34.503   860  1050 I chatty  : uid=1000(system) Binder:860_1 identical 9 lines
03-06 22:21:34.509   860  1050 W TrackingService: attachClient: found client in attached list
03-06 22:21:34.510   860  1359 W TrackingService: attachClient: found client in attached list
03-06 22:21:34.550   860  1359 W TrackingService: attachClient: found client in attached list
03-06 22:21:34.552   860  1050 W TrackingService: attachClient: found client in attached list
03-06 22:21:34.753   860 10611 W [CT]    : TIMESTAMPCHECKER: Nominal rate wrong. Estimated data rate: 25, Nominal is 30.000300003000028
03-06 22:21:35.023 10454 10746 I VrApi   : FPS=72/72,Prd=47ms,Tear=0,Early=0,Stale=0,Stale2/5/10/max=0/0/0/0,VSnc=1,Lat=1,Fov=0,CPU4/GPU=2/3,1171/490MHz,OC=FF,TA=0/70/70,SP=N/F/F,Mem=2092MHz,Free=2011MB,PLS=0,Temp=28.7C/0.0C,TW=1.72ms,App=7.83ms,GD=0.12ms,CPU&GPU=13.89ms,LCnt=2(DR0,LM2),GPU%=0.73,CPU%=0.47(W0.57),DSF=1.00,CFL=19.56/22.14
03-06 22:21:35.522   860  1050 I chatty  : uid=1000(system) Binder:860_1 identical 48 lines
03-06 22:21:35.534   860  1050 W TrackingService: attachClient: found client in attached list
03-06 22:21:35.536   860  1359 W TrackingService: attachClient: found client in attached list
03-06 22:21:35.814   860  1359 I chatty  : uid=1000(system) Binder:860_3 identical 15 lines
03-06 22:21:35.834   860  1359 W TrackingService: attachClient: found client in attached list
03-06 22:21:35.836   860  1050 W TrackingService: attachClient: found client in attached list
03-06 22:21:36.022 10454 10746 I VrApi   : FPS=72/72,Prd=47ms,Tear=0,Early=39,Stale=0,Stale2/5/10/max=0/0/0/0,VSnc=1,Lat=1,Fov=0,CPU4/GPU=2/3,1171/490MHz,OC=FF,TA=0/70/70,SP=N/F/F,Mem=2092MHz,Free=2011MB,PLS=0,Temp=28.7C/0.0C,TW=1.72ms,App=8.60ms,GD=0.12ms,CPU&GPU=12.27ms,LCnt=2(DR0,LM2),GPU%=0.76,CPU%=0.44(W0.57),DSF=1.00,CFL=19.66/21.44
03-06 22:21:36.207   860 10611 W [CT]    : VEGA:MAP_TRACKING_HM: [Throttled count=2] Bad map tracking: map tracking failed @ Submap id = 2, version = 53761256 with status: 2
03-06 22:21:36.207   860 10611 W [CT]    : VEGA:MAP_TRACKING_HM: [Throttled count=2] Map tracking did not run.
03-06 22:21:36.423   860 10590 I [CT]    : INPUT_TRACKING:Behavior:NearHeadMoving: [Left] state transition: TorsoInitialized -> InRange
03-06 22:21:36.449   860  1050 I chatty  : uid=1000(system) Binder:860_1 identical 30 lines
03-06 22:21:36.494   860  1050 W TrackingService: attachClient: found client in attached list
03-06 22:21:36.496   860  1359 W TrackingService: attachClient: found client in attached list
03-06 22:21:36.722   860  1359 I chatty  : uid=1000(system) Binder:860_3 identical 10 lines
03-06 22:21:36.746   860  1359 W TrackingService: attachClient: found client in attached list
03-06 22:21:36.748   860  1050 W TrackingService: attachClient: found client in attached list
03-06 22:21:36.753   860 10611 W [CT]    : TIMESTAMPCHECKER: Nominal rate wrong. Estimated data rate: 25, Nominal is 30.000300003000028
03-06 22:21:36.819 10454 10492 D UE4     : [GameActivity] Used memory: 568691 (VmRSS:	  193752 kB)
03-06 22:21:37.022 10454 10746 I VrApi   : FPS=72/72,Prd=47ms,Tear=0,Early=38,Stale=0,Stale2/5/10/max=0/0/0/0,VSnc=1,Lat=1,Fov=0,CPU4/GPU=2/3,1171/490MHz,OC=FF,TA=0/70/70,SP=N/F/F,Mem=2092MHz,Free=2011MB,PLS=0,Temp=28.7C/0.0C,TW=1.73ms,App=8.68ms,GD=0.12ms,CPU&GPU=14.35ms,LCnt=2(DR0,LM2),GPU%=0.79,CPU%=0.47(W0.55),DSF=1.00,CFL=19.65/21.42
03-06 22:21:37.290   860 10611 I [CT]    : VIPER: Mode=SuperVega,Status=6DoF,TRACKING,Inl=24,Mem=80.2,Jit=0.7mm,Issues(Cam/min=0.0,IMU/min=0.0),Exp=(14.0ms,g=15.0,I=47,Ir=225.9)(14.0ms,g=15.0,I=100,Ir=480.1)(14.0ms,g=15.0,I=114,Ir=543.4)(14.0ms,g=15.0,I=73,Ir=351.8)
03-06 22:21:37.290   860 10611 W [CT]    : VIPER: Images too dark, Environment trending to dark, 
03-06 22:21:37.332   860  1050 I chatty  : uid=1000(system) Binder:860_1 identical 28 lines
03-06 22:21:37.344   860  1050 W TrackingService: attachClient: found client in attached list
03-06 22:21:37.345   860  1359 W TrackingService: attachClient: found client in attached list
03-06 22:21:37.429   860  1359 I chatty  : uid=1000(system) Binder:860_3 identical 5 lines
03-06 22:21:37.471   860  1359 W TrackingService: attachClient: found client in attached list
03-06 22:21:37.474   860  1050 W TrackingService: attachClient: found client in attached list
03-06 22:21:37.687   860 10611 W [CT]    : VEGA:MAP_TRACKING_HM: [Throttled count=2] Bad map tracking: map tracking failed @ Submap id = 2, version = 53761256 with status: 2
03-06 22:21:37.687   860 10611 W [CT]    : VEGA:MAP_TRACKING_HM: [Throttled count=2] Map tracking did not run.
03-06 22:21:37.953   860 10611 I [CT]    : BrightnessPredictor: [Throttled count=374] Current irradiance: 424.1905517578125 (samples: 3).
03-06 22:21:37.954   860 10611 W [CT]    : BrightnessPredictor: [Throttled count=374] Started in a dark environment. Current irradiance: 424.1905517578125 (samples: 3).
03-06 22:21:38.023 10454 10746 I VrApi   : FPS=72/72,Prd=47ms,Tear=0,Early=0,Stale=0,Stale2/5/10/max=0/0/0/0,VSnc=1,Lat=1,Fov=0,CPU4/GPU=2/3,1171/490MHz,OC=FF,TA=0/70/70,SP=N/F/F,Mem=2092MHz,Free=2011MB,PLS=0,Temp=28.7C/0.0C,TW=1.73ms,App=8.22ms,GD=0.12ms,CPU&GPU=13.90ms,LCnt=2(DR0,LM2),GPU%=0.74,CPU%=0.49(W0.57),DSF=1.00,CFL=19.63/21.48
03-06 22:21:38.234   860 10561 I [CT]    : boltlib: DSP utilization: 9.00 % (449 / 5000 ms)
03-06 22:21:38.670   860  1050 I chatty  : uid=1000(system) Binder:860_1 identical 53 lines
03-06 22:21:38.684   860  1050 W TrackingService: attachClient: found client in attached list
03-06 22:21:38.687   860  1359 W TrackingService: attachClient: found client in attached list
03-06 22:21:38.793   860 10611 W [CT]    : TIMESTAMPCHECKER: Nominal rate wrong. Estimated data rate: 25, Nominal is 30.000300003000028
03-06 22:21:39.023 10454 10746 I VrApi   : FPS=72/72,Prd=47ms,Tear=0,Early=22,Stale=0,Stale2/5/10/max=0/0/0/0,VSnc=1,Lat=1,Fov=0,CPU4/GPU=2/3,1171/490MHz,OC=FF,TA=0/70/70,SP=N/F/F,Mem=2092MHz,Free=2011MB,PLS=0,Temp=28.7C/0.0C,TW=1.72ms,App=8.71ms,GD=0.12ms,CPU&GPU=13.04ms,LCnt=2(DR0,LM2),GPU%=0.78,CPU%=0.59(W0.65),DSF=1.00,CFL=19.73/21.58
03-06 22:21:39.440   860 10590 I [CT]    : INPUT_TRACKING:Behavior:NearHeadMoving: [Left] state transition: InRange -> Init
03-06 22:21:39.441   860 10590 I [CT]    : INPUT_TRACKING:Behavior:NearHeadMoving: [Left] state transition: Init -> TorsoInitialized
03-06 22:21:39.807   860 10611 W [CT]    : VEGA:MAP_TRACKING_HM: [Throttled count=1] Bad map tracking: map tracking failed @ Submap id = 2, version = 53761256 with status: 2
03-06 22:21:39.807   860 10611 W [CT]    : VEGA:MAP_TRACKING_HM: [Throttled count=1] Map tracking did not run.
03-06 22:21:39.865   860  1359 I chatty  : uid=1000(system) Binder:860_3 identical 62 lines
03-06 22:21:39.880   860  1359 W TrackingService: attachClient: found client in attached list
03-06 22:21:39.881   860  1050 W TrackingService: attachClient: found client in attached list
03-06 22:21:40.022 10454 10746 I VrApi   : FPS=72/72,Prd=47ms,Tear=0,Early=0,Stale=0,Stale2/5/10/max=0/0/0/0,VSnc=1,Lat=1,Fov=0,CPU4/GPU=2/3,1171/490MHz,OC=FF,TA=0/70/70,SP=N/F/F,Mem=2092MHz,Free=2011MB,PLS=0,Temp=28.7C/0.0C,TW=1.72ms,App=9.45ms,GD=0.12ms,CPU&GPU=14.67ms,LCnt=2(DR0,LM2),GPU%=0.83,CPU%=0.55(W0.59),DSF=1.00,CFL=19.68/21.54
03-06 22:21:40.430   860  1050 I chatty  : uid=1000(system) Binder:860_1 identical 30 lines
03-06 22:21:40.451   860  1050 W TrackingService: attachClient: found client in attached list
03-06 22:21:40.452   860  1359 W TrackingService: attachClient: found client in attached list
03-06 22:21:40.644   860  1359 I chatty  : uid=1000(system) Binder:860_3 identical 10 lines
03-06 22:21:40.690   860  1359 W TrackingService: attachClient: found client in attached list
03-06 22:21:40.694   860  1050 W TrackingService: attachClient: found client in attached list
03-06 22:21:40.830   860  1050 I chatty  : uid=1000(system) Binder:860_1 identical 6 lines
03-06 22:21:40.833   860 10611 W [CT]    : TIMESTAMPCHECKER: Nominal rate wrong. Estimated data rate: 25, Nominal is 30.000300003000028
03-06 22:21:40.871   860  1050 W TrackingService: attachClient: found client in attached list
03-06 22:21:40.874   860  1359 W TrackingService: attachClient: found client in attached list
03-06 22:21:40.889   860 10611 I [CT]    : VIPER: Mode=SuperVega,Status=6DoF,TRACKING,Inl=25,Mem=80.2,Jit=0.3mm,Issues(Cam/min=0.0,IMU/min=0.0),Exp=(14.0ms,g=15.0,I=45,Ir=216.7)(13.7ms,g=15.0,I=92,Ir=452.4)(13.7ms,g=15.0,I=115,Ir=561.5)(12.0ms,g=14.0,I=78,Ir=464.4)
03-06 22:21:40.889   860 10611 W [CT]    : VIPER: Images too dark, Environment trending to dark, 
03-06 22:21:40.966  7348  7404 I chatty  : uid=10033(com.oculus.xrstreamingclient) SlamAnchorMem expire 812 lines
03-06 22:21:41.023 10454 10746 I VrApi   : FPS=72/72,Prd=47ms,Tear=0,Early=0,Stale=0,Stale2/5/10/max=0/0/0/0,VSnc=1,Lat=1,Fov=0,CPU4/GPU=2/3,1171/490MHz,OC=FF,TA=0/70/70,SP=N/F/F,Mem=2092MHz,Free=2011MB,PLS=0,Temp=28.7C/0.0C,TW=1.71ms,App=8.15ms,GD=0.12ms,CPU&GPU=14.62ms,LCnt=2(DR0,LM2),GPU%=0.75,CPU%=0.62(W0.68),DSF=1.00,CFL=19.61/21.39
03-06 22:21:41.047   860 10611 W [CT]    : VEGA:MAP_TRACKING_HM: [Throttled count=1] Bad map tracking: map tracking failed @ Submap id = 2, version = 53761256 with status: 2
03-06 22:21:41.047   860 10611 W [CT]    : VEGA:MAP_TRACKING_HM: [Throttled count=1] Map tracking did not run.
03-06 22:21:41.664   860  1359 I chatty  : uid=1000(system) Binder:860_3 identical 42 lines
03-06 22:21:41.704   860  1359 W TrackingService: attachClient: found client in attached list
03-06 22:21:41.705   860  1050 W TrackingService: attachClient: found client in attached list
03-06 22:21:41.776   860  1192 I [CT]    : VIPER: InternalAnchorHealthMonitor: Anchors: 3 | Persistent anchors: 2 | Anchors never observed: 1
03-06 22:21:41.776   860  1192 I [CT]    :   (min/avg/max) Anchor landmarks: (8|12.666666666666666|17) | Covisible keyframes: (7|9.333333333333334|14) | Times since observation: (0|0.5|1.44)
03-06 22:21:41.884   860  1050 I chatty  : uid=1000(system) Binder:860_1 identical 8 lines
03-06 22:21:41.917   860  1050 W TrackingService: attachClient: found client in attached list
03-06 22:21:41.918   860  1359 W TrackingService: attachClient: found client in attached list
03-06 22:21:41.959   860  1359 I chatty  : uid=1000(system) Binder:860_3 identical 2 lines
03-06 22:21:41.972   860  1359 W TrackingService: attachClient: found client in attached list
03-06 22:21:41.973   860  1050 W TrackingService: attachClient: found client in attached list
03-06 22:21:42.014   860  1192 I [CT]    : Vega:SubmapPublisher: Tracking parent no change: frame movement above thresh -> Publish
03-06 22:21:42.014   860  1192 I [CT]    : Vega:SubmapPublisher: Start to publish submaps, found candidates:  3
03-06 22:21:42.014   860  1192 E [CT]    : SubmapRecords: findSubmapId found 2 submap records hold the same query krHandle
03-06 22:21:42.024 10454 10746 I VrApi   : FPS=72/72,Prd=47ms,Tear=0,Early=34,Stale=0,Stale2/5/10/max=0/0/0/0,VSnc=1,Lat=1,Fov=0,CPU4/GPU=2/3,1171/490MHz,OC=FF,TA=0/70/70,SP=N/F/F,Mem=2092MHz,Free=2011MB,PLS=0,Temp=28.7C/0.0C,TW=1.71ms,App=7.34ms,GD=0.12ms,CPU&GPU=12.19ms,LCnt=2(DR0,LM2),GPU%=0.68,CPU%=0.49(W0.55),DSF=1.00,CFL=19.58/22.20
03-06 22:21:42.406 10454 10490 D UE4     : [2023.03.06-22.21.42:406][574]LogSlate: New Slate User Created.  User Index 8, Is Virtual User: 1
03-06 22:21:42.407 10454 10490 D UE4     : [2023.03.06-22.21.42:407][574]LogSlate: Slate User Registered.  User Index 8, Is Virtual User: 1
03-06 22:21:42.540  1915  2307 W DeviceConfigUtil: Try to get config param "oculus_shared_social:oculus_messenger_reauth_removal" before Device Config has subscribed to the service.
03-06 22:21:42.652   860  1050 I chatty  : uid=1000(system) Binder:860_1 identical 36 lines
03-06 22:21:42.688   860  1050 W TrackingService: attachClient: found client in attached list
03-06 22:21:42.689   860  1359 W TrackingService: attachClient: found client in attached list
03-06 22:21:42.833   860 10611 W [CT]    : TIMESTAMPCHECKER: Nominal rate wrong. Estimated data rate: 25, Nominal is 30.000300003000028
03-06 22:21:43.010  1058  1070 I system_server: Background young concurrent copying GC freed 119854(4948KB) AllocSpace objects, 112(2240KB) LOS objects, 31% free, 15MB/22MB, paused 171us total 128.426ms
03-06 22:21:43.012   860 10618 I [CT]    : CONSTELLATION:VISION_STATUS: 86557c336c360320 (L): BlobDetection:[#BlobsDetected=(21.11, 7.08)]Matching:[MatchSuccess=1.000, MatchCost=(0.00307, 0.00000), #MatchedBlobs=(11.32, 1.14), #MatchedLeds=(7.60, 0.58), RematchM=0.000, SkipRefine=0.000] MatchMethod:[Prox=1.000, ConstBrute=0.000, UnconstBrute=0.000] MatchResets[AnomBlobSize=0.000, SharedMatch=0.000, DenseReacq=0.000] | Fusion:[FusionError=0.000, ImuFromCamMs=(7.907, 0.809), RematchF=0.000] FusionUpdates:[Successful=1.000, Reliable=1.000, TightFusion=1.000, FullPose=0.000, StaticPrior=0.000, StaticForHandTrans=0.000, PoseUpdateMD=(0.0000, 0.0000)] FusionResets[6DoFReset=0.000, ResetSuccess=0.000] FusionStatus[HasPosition=1.000, HasVelocity=1.000] 
03-06 22:21:43.023 10454 10746 I VrApi   : FPS=72/72,Prd=47ms,Tear=0,Early=71,Stale=0,Stale2/5/10/max=0/0/0/0,VSnc=1,Lat=1,Fov=0,CPU4/GPU=2/3,1171/490MHz,OC=FF,TA=0/70/70,SP=N/F/F,Mem=2092MHz,Free=2011MB,PLS=0,Temp=28.7C/0.0C,TW=1.70ms,App=7.64ms,GD=0.12ms,CPU&GPU=11.11ms,LCnt=2(DR0,LM2),GPU%=0.71,CPU%=0.39(W0.47),DSF=1.00,CFL=19.65/21.48
03-06 22:21:43.039  1261  2869 I chatty  : uid=10025(com.oculus.systemdriver) Thread-12 expire 9 lines
03-06 22:21:43.039  2420  2921 I GuardianSystem: UpdateGuardianSystemState: Flags changed: 532480, 524288, SYSTEM_GUARDIAN_VISIBLE,SYSTEM_GUARDIAN_VALID to SYSTEM_GUARDIAN_VALID
03-06 22:21:43.046   860 10590 I [CT]    : CONSTELLATION:IMU_STATUS: 86557c336c360320 (L): [FusionTracked=1.000, OutputTracked=1.000, OutputValid=1.000] [AccelSat=0.000, GyroSat=0.000] 
03-06 22:21:43.092   860 10618 I [CT]    : CONSTELLATION:VISION_STATUS: 729165a0fe4054d7 (R): BlobDetection:[#BlobsDetected=(21.14, 6.98)]Matching:[MatchSuccess=1.000, MatchCost=(0.00447, 0.00001), #MatchedBlobs=(9.62, 6.80), #MatchedLeds=(5.80, 1.48), RematchM=0.000, SkipRefine=0.028] MatchMethod:[Prox=1.000, ConstBrute=0.000, UnconstBrute=0.000] MatchResets[AnomBlobSize=0.000, SharedMatch=0.000, DenseReacq=0.000] | Fusion:[FusionError=0.000, ImuFromCamMs=(8.245, 1.276), RematchF=0.076] FusionUpdates:[Successful=1.000, Reliable=0.984, TightFusion=0.992, FullPose=0.008, StaticPrior=0.000, StaticForHandTrans=0.000, PoseUpdateMD=(4.6561, 11.0269)] FusionResets[6DoFReset=0.000, ResetSuccess=0.000] FusionStatus[HasPosition=1.000, HasVelocity=1.000] 
03-06 22:21:43.113   860 10590 I [CT]    : CONSTELLATION:IMU_STATUS: 729165a0fe4054d7 (R): [FusionTracked=1.000, OutputTracked=1.000, OutputValid=1.000] [AccelSat=0.000, GyroSat=0.000] 
03-06 22:21:43.202  1261 10600 I chatty  : uid=10025(com.oculus.systemdriver) OVR::TimeWarp expire 33 lines
03-06 22:21:43.234   860 10561 I [CT]    : boltlib: DSP utilization: 7.31 % (365 / 5000 ms)
03-06 22:21:43.332  2420  2921 I GuardianSystem: UpdateGuardianSystemState: Flags changed: 524288, 532480, SYSTEM_GUARDIAN_VALID to SYSTEM_GUARDIAN_VISIBLE,SYSTEM_GUARDIAN_VALID
03-06 22:21:43.384   860  1359 I chatty  : uid=1000(system) Binder:860_3 identical 31 lines
03-06 22:21:43.394   860  1359 W TrackingService: attachClient: found client in attached list
03-06 22:21:43.396   860  1050 W TrackingService: attachClient: found client in attached list
03-06 22:21:43.471  2420  2921 I GuardianSystem: UpdateGuardianSystemState: Flags changed: 532480, 524288, SYSTEM_GUARDIAN_VISIBLE,SYSTEM_GUARDIAN_VALID to SYSTEM_GUARDIAN_VALID
03-06 22:21:43.492 10454 10490 D UE4     : [2023.03.06-22.21.43:492][652]LogBlueprintUserMessages: [WheelSelectionUI_C_2147482230] Hello
03-06 22:21:43.505 10454 10490 D UE4     : [2023.03.06-22.21.43:505][653]LogNet: Browse: /Game/Maps/IntroLevel
03-06 22:21:43.519 10454 10490 D UE4     : [2023.03.06-22.21.43:519][653]LogHMD: FSplash::DoShow
03-06 22:21:43.519 10454 10490 D UE4     : [2023.03.06-22.21.43:519][653]LogLoad: LoadMap: /Game/Maps/IntroLevel
03-06 22:21:43.519 10454 10490 D UE4     : [2023.03.06-22.21.43:519][653]LogWorld: BeginTearingDown for /Game/Maps/MatrixLevel
03-06 22:21:43.519  1261 10533 I chatty  : uid=10025(com.oculus.systemdriver) com.oculus.vrruntimeservice expire 4 lines
03-06 22:21:43.522 10454 10490 D UE4     : [2023.03.06-22.21.43:522][653]LogWorld: UWorld::CleanupWorld for MatrixLevel, bSessionEnded=true, bCleanupResources=true
03-06 22:21:43.524 10454 10760 I SwapChain_Vulkan_Memory_Export: Imported texture has requirements 3, ends up index 0
03-06 22:21:43.524 10454 10760 I SwapChain_Vulkan_Memory_Export: Imported texture has requirements 3, ends up index 0
03-06 22:21:43.525 10454 10490 D UE4     : [2023.03.06-22.21.43:525][653]LogSlate: InvalidateAllWidgets triggered.  All widgets were invalidated
03-06 22:21:43.556 10454 10490 D UE4     : [2023.03.06-22.21.43:556][653]LogAudio: Display: Audio Device unregistered from world 'None'.
03-06 22:21:43.569 10454 10490 D UE4     : [2023.03.06-22.21.43:569][653]LogSlate: Slate User Unregistered.  User Index 8
03-06 22:21:43.569 10454 10490 D UE4     : [2023.03.06-22.21.43:569][653]LogSlate: Slate User Destroyed.  User Index 8, Is Virtual User: 1
03-06 22:21:43.571 10454 10490 D UE4     : [2023.03.06-22.21.43:571][653]LogUObjectHash: Compacting FUObjectHashTables data took   0.85ms
03-06 22:21:43.573 10454 10490 D UE4     : [2023.03.06-22.21.43:573][653]LogStreaming: Display: FlushAsyncLoading: 1 QueuedPackages, 0 AsyncPackages
03-06 22:21:43.886  2420  2921 I GuardianSystem: UpdateGuardianSystemState: Flags changed: 524288, 532480, SYSTEM_GUARDIAN_VALID to SYSTEM_GUARDIAN_VISIBLE,SYSTEM_GUARDIAN_VALID
03-06 22:21:43.981 10454 10490 D UE4     : [2023.03.06-22.21.43:981][653]LogAudio: Display: Audio Device (ID: 1) registered with world 'IntroLevel'.
03-06 22:21:43.982 10454 10490 D UE4     : [2023.03.06-22.21.43:982][653]LogAIModule: Creating AISystem for world IntroLevel
03-06 22:21:43.983 10454 10490 D UE4     : [2023.03.06-22.21.43:983][653]LogLoad: Game class is 'TutorialGameMode_C'
03-06 22:21:43.990 10454 10490 D UE4     : [2023.03.06-22.21.43:990][653]LogWorld: Bringing World /Game/Maps/IntroLevel.IntroLevel up for play (max tick rate 0) at 2023.03.06-22.21.43
03-06 22:21:43.991 10454 10490 D UE4     : [2023.03.06-22.21.43:991][653]LogWorld: Bringing up level for play took: 0.006719
03-06 22:21:43.998 10454 10490 D UE4     : [2023.03.06-22.21.43:998][653]LogSlate: New Slate User Created.  User Index 8, Is Virtual User: 1
03-06 22:21:43.998 10454 10490 D UE4     : [2023.03.06-22.21.43:998][653]LogSlate: Slate User Registered.  User Index 8, Is Virtual User: 1
03-06 22:21:44.000 10454 10490 D UE4     : [2023.03.06-22.21.43:999][653]LogScript: Warning: Script Msg: Attempted to access index 0 from array 'CallFunc_GetAllActorsOfClass_OutActors' of length 0 in '/Game/RoomAssets/DeskSetup/DesktopBP.DesktopBP_C:ExecuteUbergraph_DesktopBP'!
03-06 22:21:44.000 10454 10490 D UE4     : [2023.03.06-22.21.44:000][653]LogScript: Warning: Script Msg: Attempted to access index 0 from array 'CallFunc_GetAllActorsOfClass_OutActors' of length 0 in '/Game/RoomAssets/Cabinet/CabinetBlueprint.CabinetBlueprint_C:ExecuteUbergraph_CabinetBlueprint'!
03-06 22:21:44.000 10454 10490 D UE4     : [2023.03.06-22.21.44:000][653]LogScript: Warning: Script Msg: Attempted to access index 0 from array 'CallFunc_GetAllActorsOfClass_OutActors' of length 0 in '/Game/RoomAssets/Cabinet/CabinetBlueprint.CabinetBlueprint_C:ExecuteUbergraph_CabinetBlueprint'!
03-06 22:21:44.001 10454 10490 D UE4     : [2023.03.06-22.21.44:001][653]LogScript: Warning: Script Msg: Attempted to access index 0 from array 'CallFunc_GetAllActorsOfClass_OutActors' of length 0 in '/Game/Tutorial/VRTutorialPawn.VRTutorialPawn_C:ExecuteUbergraph_VRTutorialPawn'!
03-06 22:21:44.001 10454 10490 D UE4     : [2023.03.06-22.21.44:001][653]LogScript: Warning: Script Msg: Attempted to access index 0 from array 'CallFunc_GetAllActorsOfClass_OutActors_1' of length 0 in '/Game/Tutorial/VRTutorialPawn.VRTutorialPawn_C:ExecuteUbergraph_VRTutorialPawn'!
03-06 22:21:44.001 10454 10490 D UE4     : [2023.03.06-22.21.44:001][653]LogHMD: FSplash::OnPostLoadMap Hide Auto Splash
03-06 22:21:44.002 10454 10490 D UE4     : [2023.03.06-22.21.44:002][653]LogLoad: Took 0.483297 seconds to LoadMap(/Game/Maps/IntroLevel)
03-06 22:21:44.010 10454 10490 D UE4     : [2023.03.06-22.21.44:010][654]LogHMD: FSplash::DoHide
03-06 22:21:44.023 10454 10746 I VrApi   : FPS=72/72,Prd=48ms,Tear=0,Early=72,Stale=0,Stale2/5/10/max=0/0/0/0,VSnc=1,Lat=1,Fov=0,CPU4/GPU=2/3,1171/490MHz,OC=FF,TA=0/70/70,SP=N/N/N,Mem=2092MHz,Free=2011MB,PLS=0,Temp=28.7C/0.0C,TW=1.60ms,App=8.39ms,GD=0.11ms,CPU&GPU=11.74ms,LCnt=2(DR0,LM2),GPU%=0.76,CPU%=0.40(W0.43),DSF=1.00,CFL=19.58/21.36
03-06 22:21:44.101  1261  2798 I chatty  : uid=10025(com.oculus.systemdriver) OVR::Clocks expire 18 lines
03-06 22:21:44.286   860 10611 W [CT]    : VEGA:MAP_TRACKING_HM: [Throttled count=11] Bad map tracking: map tracking failed @ Submap id = 2, version = 53761256 with status: 2
03-06 22:21:44.286   860 10611 W [CT]    : VEGA:MAP_TRACKING_HM: [Throttled count=11] Map tracking did not run.
03-06 22:21:44.487   860 10611 I [CT]    : VIPER: Mode=SuperVega,Status=6DoF,TRACKING,Inl=19,Mem=80.3,Jit=0.2mm,Issues(Cam/min=0.0,IMU/min=0.0),Exp=(14.0ms,g=15.0,I=42,Ir=202.9)(14.0ms,g=15.0,I=90,Ir=432.8)(14.0ms,g=15.0,I=111,Ir=532.1)(11.0ms,g=13.0,I=75,Ir=524.7)
03-06 22:21:44.487   860 10611 W [CT]    : VIPER: Images too dark, Environment trending to dark, 
03-06 22:21:44.833   860 10611 W [CT]    : TIMESTAMPCHECKER: Nominal rate wrong. Estimated data rate: 25, Nominal is 30.000300003000028
03-06 22:21:44.948   860  1050 I chatty  : uid=1000(system) Binder:860_1 identical 74 lines
03-06 22:21:44.960   860  1050 W TrackingService: attachClient: found client in attached list
03-06 22:21:44.962   860  1359 W TrackingService: attachClient: found client in attached list
