11-04 18:21:50.028  1406 15213 I chatty  : uid=10025(com.oculus.systemdriver) OVR::TimeWarp identical 4 lines
11-04 18:21:50.039  1406 15213 I CompositorVR: WarpToScreen: Skipping frames for 22
11-04 18:21:50.047 15290 15366 E OsSdk   : error getting shared memory region, memory type: HeadTracker, failed with Status(-1, EX_SECURITY): 'requested shared memory region when not registered/focused'
11-04 18:21:50.050  1406 15213 I CompositorVR: WarpToScreen: Skipping frames for 22
11-04 18:21:50.061  1406 15213 I CompositorVR: WarpToScreen: Skipping frames for 22
11-04 18:21:50.065  3150  3254 I OpenXR_Actions: getControllerIdxFromSubActionPath: subactionPath is XR_PATH_NULL
11-04 18:21:50.073  1406 15213 I CompositorVR: WarpToScreen: Skipping frames for 22
11-04 18:21:50.084  1406 15213 I CompositorVR: WarpToScreen: Skipping frames for 22
11-04 18:21:50.090 15290 15366 E OsSdk   : error getting shared memory region, memory type: HeadTracker, failed with Status(-1, EX_SECURITY): 'requested shared memory region when not registered/focused'
11-04 18:21:50.092 15290 15366 E OsSdk   : error getting shared memory region, memory type: AnchorTracker, failed with Status(-1, EX_SECURITY): 'requested shared memory region when not registered/focused'
11-04 18:21:50.095  1406 15213 I CompositorVR: WarpToScreen: Skipping frames for 22
11-04 18:21:50.128  1406 15213 I CompositorVR: WarpToScreen: Skipping frames for 22
11-04 18:21:50.138 15290 15366 E OsSdk   : error getting shared memory region, memory type: HeadTracker, failed with Status(-1, EX_SECURITY): 'requested shared memory region when not registered/focused'
11-04 18:21:50.139  1406 15213 I CompositorVR: WarpToScreen: Skipping frames for 22
11-04 18:21:50.162  1406 15213 I CompositorVR: WarpToScreen: Skipping frames for 22
11-04 18:21:50.164  2125 15996 D CCodec  : allocate(c2.android.vorbis.decoder)
11-04 18:21:50.164   836  1913 V C2Store : in init
11-04 18:21:50.164   836  1913 V C2Store : loading dll
11-04 18:21:50.169  2125 15996 I CCodec  : Created component [c2.android.vorbis.decoder]
11-04 18:21:50.169  2125 15996 D CCodecConfig: read media type: audio/vorbis
11-04 18:21:50.170  2125 15996 D ReflectedParamUpdater: extent() != 1 for single value type: algo.buffers.max-count.values
11-04 18:21:50.170  2125 15996 D ReflectedParamUpdater: extent() != 1 for single value type: output.subscribed-indices.values
11-04 18:21:50.170  2125 15996 D ReflectedParamUpdater: extent() != 1 for single value type: input.buffers.allocator-ids.values
11-04 18:21:50.171  2125 15996 D ReflectedParamUpdater: extent() != 1 for single value type: output.buffers.allocator-ids.values
11-04 18:21:50.171  2125 15996 D ReflectedParamUpdater: extent() != 1 for single value type: algo.buffers.allocator-ids.values
11-04 18:21:50.171  2125 15996 D ReflectedParamUpdater: extent() != 1 for single value type: output.buffers.pool-ids.values
11-04 18:21:50.171  2125 15996 D ReflectedParamUpdater: extent() != 1 for single value type: algo.buffers.pool-ids.values
11-04 18:21:50.171  2125 15996 I CCodecConfig: query failed after returning 7 values (BAD_INDEX)
11-04 18:21:50.171  2125 15996 D CCodecConfig: c2 config diff is Dict {
11-04 18:21:50.171  2125 15996 D CCodecConfig:   c2::u32 coded.bitrate.value = 64000
11-04 18:21:50.171  2125 15996 D CCodecConfig:   c2::u32 input.buffers.max-size.value = 32768
11-04 18:21:50.171  2125 15996 D CCodecConfig:   c2::u32 input.delay.value = 0
11-04 18:21:50.171  2125 15996 D CCodecConfig:   string input.media-type.value = "audio/vorbis"
11-04 18:21:50.171  2125 15996 D CCodecConfig:   string output.media-type.value = "audio/raw"
11-04 18:21:50.171  2125 15996 D CCodecConfig:   c2::u32 raw.channel-count.value = 1
11-04 18:21:50.171  2125 15996 D CCodecConfig:   c2::u32 raw.sample-rate.value = 48000
11-04 18:21:50.171  2125 15996 D CCodecConfig: }
11-04 18:21:50.172  2125 15996 D CCodecConfig: no c2 equivalents for durationUs
11-04 18:21:50.172  2125 15996 D CCodecConfig: no c2 equivalents for csd-1
11-04 18:21:50.172  2125 15996 D CCodecConfig: no c2 equivalents for track-id
11-04 18:21:50.172  2125 15996 D CCodecConfig: no c2 equivalents for channel-mask
11-04 18:21:50.172  2125 15996 D CCodecConfig: c2 config diff is   c2::u32 raw.channel-count.value = 2
11-04 18:21:50.172  2125 15996 D CCodecConfig:   c2::u32 raw.sample-rate.value = 44100
11-04 18:21:50.172  2125 15996 W Codec2Client: query -- param skipped: index = 1107298332.
11-04 18:21:50.172  2125 15996 D CCodec  : setup formats input: AMessage(what = 0x00000000) = {
11-04 18:21:50.172  2125 15996 D CCodec  :   int32_t channel-count = 2
11-04 18:21:50.172  2125 15996 D CCodec  :   int32_t max-input-size = 32768
11-04 18:21:50.172  2125 15996 D CCodec  :   string mime = "audio/vorbis"
11-04 18:21:50.172  2125 15996 D CCodec  :   int32_t sample-rate = 44100
11-04 18:21:50.172  2125 15996 D CCodec  : } and output: AMessage(what = 0x00000000) = {
11-04 18:21:50.172  2125 15996 D CCodec  :   int32_t channel-count = 2
11-04 18:21:50.172  2125 15996 D CCodec  :   string mime = "audio/raw"
11-04 18:21:50.172  2125 15996 D CCodec  :   int32_t sample-rate = 44100
11-04 18:21:50.172  2125 15996 D CCodec  :   int32_t channel-mask = 3
11-04 18:21:50.172  2125 15996 D CCodec  : }
11-04 18:21:50.173  1406 15213 I CompositorVR: WarpToScreen: Skipping frames for 22
11-04 18:21:50.176   836  2111 V C2Store : in ~ComponentModule
11-04 18:21:50.176   836  2111 V C2Store : unloading dll
11-04 18:21:50.184 15290 15366 E OsSdk   : error getting shared memory region, memory type: HeadTracker, failed with Status(-1, EX_SECURITY): 'requested shared memory region when not registered/focused'
11-04 18:21:50.184  1406 15213 I CompositorVR: WarpToScreen: Skipping frames for 22
11-04 18:21:50.195  1406 15213 I CompositorVR: WarpToScreen: Skipping frames for 22
11-04 18:21:50.198  2125 15999 D CCodec  : allocate(c2.android.vorbis.decoder)
11-04 18:21:50.198   836  2111 V C2Store : in init
11-04 18:21:50.198   836  2111 V C2Store : loading dll
11-04 18:21:50.203  2125 15999 I CCodec  : Created component [c2.android.vorbis.decoder]
11-04 18:21:50.203  2125 15999 D CCodecConfig: read media type: audio/vorbis
11-04 18:21:50.204  2125 15999 D ReflectedParamUpdater: extent() != 1 for single value type: algo.buffers.max-count.values
11-04 18:21:50.205  2125 15999 D ReflectedParamUpdater: extent() != 1 for single value type: output.subscribed-indices.values
11-04 18:21:50.205  2125 15999 D ReflectedParamUpdater: extent() != 1 for single value type: input.buffers.allocator-ids.values
11-04 18:21:50.205  2125 15999 D ReflectedParamUpdater: extent() != 1 for single value type: output.buffers.allocator-ids.values
11-04 18:21:50.205  2125 15999 D ReflectedParamUpdater: extent() != 1 for single value type: algo.buffers.allocator-ids.values
11-04 18:21:50.205  2125 15999 D ReflectedParamUpdater: extent() != 1 for single value type: output.buffers.pool-ids.values
11-04 18:21:50.205  2125 15999 D ReflectedParamUpdater: extent() != 1 for single value type: algo.buffers.pool-ids.values
11-04 18:21:50.206  2125 15999 I CCodecConfig: query failed after returning 7 values (BAD_INDEX)
11-04 18:21:50.206  2125 15999 D CCodecConfig: c2 config diff is Dict {
11-04 18:21:50.206  2125 15999 D CCodecConfig:   c2::u32 coded.bitrate.value = 64000
11-04 18:21:50.206  2125 15999 D CCodecConfig:   c2::u32 input.buffers.max-size.value = 32768
11-04 18:21:50.206  2125 15999 D CCodecConfig:   c2::u32 input.delay.value = 0
11-04 18:21:50.206  2125 15999 D CCodecConfig:   string input.media-type.value = "audio/vorbis"
11-04 18:21:50.206  2125 15999 D CCodecConfig:   string output.media-type.value = "audio/raw"
11-04 18:21:50.206  2125 15999 D CCodecConfig:   c2::u32 raw.channel-count.value = 1
11-04 18:21:50.206  2125 15999 D CCodecConfig:   c2::u32 raw.sample-rate.value = 48000
11-04 18:21:50.206  2125 15999 D CCodecConfig: }
11-04 18:21:50.206  2125 15999 D CCodecConfig: no c2 equivalents for durationUs
11-04 18:21:50.206  2125 15999 D CCodecConfig: no c2 equivalents for csd-1
11-04 18:21:50.206  2125 15999 D CCodecConfig: no c2 equivalents for track-id
11-04 18:21:50.206  2125 15999 D CCodecConfig: no c2 equivalents for channel-mask
11-04 18:21:50.206  1406 15213 I CompositorVR: WarpToScreen: Skipping frames for 22
11-04 18:21:50.206  2125 15999 D CCodecConfig: c2 config diff is   c2::u32 raw.channel-count.value = 2
11-04 18:21:50.206  2125 15999 D CCodecConfig:   c2::u32 raw.sample-rate.value = 44100
11-04 18:21:50.207  2125 15999 W Codec2Client: query -- param skipped: index = 1107298332.
11-04 18:21:50.207  2125 15999 D CCodec  : setup formats input: AMessage(what = 0x00000000) = {
11-04 18:21:50.207  2125 15999 D CCodec  :   int32_t channel-count = 2
11-04 18:21:50.207  2125 15999 D CCodec  :   int32_t max-input-size = 32768
11-04 18:21:50.207  2125 15999 D CCodec  :   string mime = "audio/vorbis"
11-04 18:21:50.207  2125 15999 D CCodec  :   int32_t sample-rate = 44100
11-04 18:21:50.207  2125 15999 D CCodec  : } and output: AMessage(what = 0x00000000) = {
11-04 18:21:50.207  2125 15999 D CCodec  :   int32_t channel-count = 2
11-04 18:21:50.207  2125 15999 D CCodec  :   string mime = "audio/raw"
11-04 18:21:50.207  2125 15999 D CCodec  :   int32_t sample-rate = 44100
11-04 18:21:50.207  2125 15999 D CCodec  :   int32_t channel-mask = 3
11-04 18:21:50.207  2125 15999 D CCodec  : }
11-04 18:21:50.210  2125 15999 W Codec2Client: query -- param skipped: index = 1342179345.
11-04 18:21:50.210  2125 15999 W Codec2Client: query -- param skipped: index = 2415921170.
11-04 18:21:50.211  2125 15999 D CCodecBufferChannel: [c2.android.vorbis.decoder#636] Created input block pool with allocatorID 16 => poolID 85 - OK (0)
11-04 18:21:50.214  2125 15999 I CCodecBufferChannel: [c2.android.vorbis.decoder#636] Created output block pool with allocatorID 16 => poolID 144 - OK
11-04 18:21:50.214  2125 15999 D CCodecBufferChannel: [c2.android.vorbis.decoder#636] Configured output block pool ids 144 => OK
11-04 18:21:50.217  1406 15213 I CompositorVR: WarpToScreen: Skipping frames for 22
11-04 18:21:50.219   836 16000 D SimpleC2Component: Using output block pool with poolID 144 => got 144 - 0
11-04 18:21:50.220  2125 15999 D CCodecBufferChannel: [c2.android.vorbis.decoder#636] Discard frames from previous generation.
11-04 18:21:50.220  2125 15999 I chatty  : uid=10014(com.oculus.shellenv) identical 1 line
11-04 18:21:50.225  2125 15999 D CCodecBufferChannel: [c2.android.vorbis.decoder#636] Discard frames from previous generation.
11-04 18:21:50.227   836  2111 D BufferPoolAccessor: Destruction - bufferpool2 0x2c63bf3630 cached: 0/0M, 0/0% in use; allocs: 0, 0% recycled; transfers: 0, 0% unfetced
11-04 18:21:50.228   836  2111 V C2Store : in ~ComponentModule
11-04 18:21:50.228   836  2111 V C2Store : unloading dll
11-04 18:21:50.228 15290 15366 E OsSdk   : error getting shared memory region, memory type: HeadTracker, failed with Status(-1, EX_SECURITY): 'requested shared memory region when not registered/focused'
11-04 18:21:50.228  1406 15213 I CompositorVR: WarpToScreen: Skipping frames for 22
11-04 18:21:50.236   851 15201 I [CT]    : NIMBLE:HLOG: NimbleTelemetryAggregator::populateTelemetry
11-04 18:21:50.238   851 15201 I [CT]    : NIMBLE:HLOG: NimbleTelemetryAggregator::populateTelemetry
11-04 18:21:50.240  1406 15213 I CompositorVR: WarpToScreen: Skipping frames for 22
11-04 18:21:50.242   851 15201 I [CT]    : NIMBLE:HLOG: NimbleTelemetryAggregator::populateTelemetry
11-04 18:21:50.248   851 15201 I chatty  : uid=1000(system) TelCollector identical 2 lines
11-04 18:21:50.250   851 15201 I [CT]    : NIMBLE:HLOG: NimbleTelemetryAggregator::populateTelemetry
11-04 18:21:50.251  1406 15213 I CompositorVR: WarpToScreen: Skipping frames for 22
11-04 18:21:50.262  1406 15213 I CompositorVR: WarpToScreen: Skipping frames for 22
11-04 18:21:50.266  3150  3254 I OpenXR_Actions: getControllerIdxFromSubActionPath: subactionPath is XR_PATH_NULL
11-04 18:21:50.270  2125 16002 D CCodec  : allocate(c2.android.vorbis.decoder)
11-04 18:21:50.271   836  2111 V C2Store : in init
11-04 18:21:50.271   836  2111 V C2Store : loading dll
11-04 18:21:50.272 15290 15366 E OsSdk   : error getting shared memory region, memory type: HeadTracker, failed with Status(-1, EX_SECURITY): 'requested shared memory region when not registered/focused'
11-04 18:21:50.273  2125 16002 I CCodec  : Created component [c2.android.vorbis.decoder]
11-04 18:21:50.273  1406 15213 I CompositorVR: WarpToScreen: Skipping frames for 22
11-04 18:21:50.273  2125 16002 D CCodecConfig: read media type: audio/vorbis
11-04 18:21:50.274  2125 16002 D ReflectedParamUpdater: extent() != 1 for single value type: algo.buffers.max-count.values
11-04 18:21:50.274  2125 16002 D ReflectedParamUpdater: extent() != 1 for single value type: output.subscribed-indices.values
11-04 18:21:50.275  2125 16002 D ReflectedParamUpdater: extent() != 1 for single value type: input.buffers.allocator-ids.values
11-04 18:21:50.275  2125 16002 D ReflectedParamUpdater: extent() != 1 for single value type: output.buffers.allocator-ids.values
11-04 18:21:50.275  2125 16002 D ReflectedParamUpdater: extent() != 1 for single value type: algo.buffers.allocator-ids.values
11-04 18:21:50.275  2125 16002 D ReflectedParamUpdater: extent() != 1 for single value type: output.buffers.pool-ids.values
11-04 18:21:50.275  2125 16002 D ReflectedParamUpdater: extent() != 1 for single value type: algo.buffers.pool-ids.values
11-04 18:21:50.275  2125 16002 I CCodecConfig: query failed after returning 7 values (BAD_INDEX)
11-04 18:21:50.275  2125 16002 D CCodecConfig: c2 config diff is Dict {
11-04 18:21:50.275  2125 16002 D CCodecConfig:   c2::u32 coded.bitrate.value = 64000
11-04 18:21:50.275  2125 16002 D CCodecConfig:   c2::u32 input.buffers.max-size.value = 32768
11-04 18:21:50.275  2125 16002 D CCodecConfig:   c2::u32 input.delay.value = 0
11-04 18:21:50.275  2125 16002 D CCodecConfig:   string input.media-type.value = "audio/vorbis"
11-04 18:21:50.275  2125 16002 D CCodecConfig:   string output.media-type.value = "audio/raw"
11-04 18:21:50.275  2125 16002 D CCodecConfig:   c2::u32 raw.channel-count.value = 1
11-04 18:21:50.275  2125 16002 D CCodecConfig:   c2::u32 raw.sample-rate.value = 48000
11-04 18:21:50.275  2125 16002 D CCodecConfig: }
11-04 18:21:50.276  2125 16002 D CCodecConfig: no c2 equivalents for durationUs
11-04 18:21:50.276  2125 16002 D CCodecConfig: no c2 equivalents for csd-1
11-04 18:21:50.276  2125 16002 D CCodecConfig: no c2 equivalents for track-id
11-04 18:21:50.276  2125 16002 D CCodecConfig: no c2 equivalents for channel-mask
11-04 18:21:50.276  2125 16002 D CCodecConfig: c2 config diff is   c2::u32 raw.channel-count.value = 2
11-04 18:21:50.276  2125 16002 D CCodecConfig:   c2::u32 raw.sample-rate.value = 44100
11-04 18:21:50.276  2125 16002 W Codec2Client: query -- param skipped: index = 1107298332.
11-04 18:21:50.276  2125 16002 D CCodec  : setup formats input: AMessage(what = 0x00000000) = {
11-04 18:21:50.276  2125 16002 D CCodec  :   int32_t channel-count = 2
11-04 18:21:50.276  2125 16002 D CCodec  :   int32_t max-input-size = 32768
11-04 18:21:50.276  2125 16002 D CCodec  :   string mime = "audio/vorbis"
11-04 18:21:50.276  2125 16002 D CCodec  :   int32_t sample-rate = 44100
11-04 18:21:50.276  2125 16002 D CCodec  : } and output: AMessage(what = 0x00000000) = {
11-04 18:21:50.276  2125 16002 D CCodec  :   int32_t channel-count = 2
11-04 18:21:50.276  2125 16002 D CCodec  :   string mime = "audio/raw"
11-04 18:21:50.276  2125 16002 D CCodec  :   int32_t sample-rate = 44100
11-04 18:21:50.276  2125 16002 D CCodec  :   int32_t channel-mask = 3
11-04 18:21:50.276  2125 16002 D CCodec  : }
11-04 18:21:50.280   851 15198 I [CT]    : BrightnessPredictor: [Throttled count=374] Current irradiance: 294.1156 (samples: 2).
11-04 18:21:50.280   851 15198 W [CT]    : BrightnessPredictor: [Throttled count=374] Started in a dark environment. Current irradiance: 294.1156 (samples: 2).
11-04 18:21:50.280   836  3868 V C2Store : in ~ComponentModule
11-04 18:21:50.281   836  3868 V C2Store : unloading dll
11-04 18:21:50.284  1406 15213 I CompositorVR: WarpToScreen: Skipping frames for 22
11-04 18:21:50.295  1406 15213 I CompositorVR: WarpToScreen: Skipping frames for 22
11-04 18:21:50.298   851 15206 I [CT]    : CONSTELLATION:VISION_STATUS: 86557c336c360320 (L): BlobDetection:[#BlobsDetected=(25.82, 14.39)]Matching:[MatchSuccess=1.000, MatchCost=(0.00228, 0.00000), #MatchedBlobs=(13.41, 0.95), #MatchedLeds=(7.42, 0.71), RematchM=0.000, SkipRefine=0.000] MatchMethod:[Prox=1.000, ConstBrute=0.000, UnconstBrute=0.000] MatchResets[AnomBlobSize=0.000, SharedMatch=0.000, DenseReacq=0.000] | Fusion:[FusionError=0.000, ImuFromCamMs=(8.021, 0.825), RematchF=0.000] FusionUpdates:[Successful=1.000, Reliable=1.000, TightFusion=1.000, FullPose=0.000, StaticPrior=0.000, StaticForHandTrans=0.000, PoseUpdateMD=(0.0000, 0.0000)] FusionResets[6DoFReset=0.000, ResetSuccess=0.000] FusionStatus[HasPosition=1.000, HasVelocity=1.000] 
11-04 18:21:50.299   851 15206 I [CT]    : CONSTELLATION:VISION_STATUS: 729165a0fe4054d7 (R): BlobDetection:[#BlobsDetected=(25.82, 14.39)]Matching:[MatchSuccess=1.000, MatchCost=(0.00467, 0.00003), #MatchedBlobs=(12.40, 11.10), #MatchedLeds=(6.42, 1.11), RematchM=0.000, SkipRefine=0.004] MatchMethod:[Prox=1.000, ConstBrute=0.000, UnconstBrute=0.000] MatchResets[AnomBlobSize=0.000, SharedMatch=0.000, DenseReacq=0.000] | Fusion:[FusionError=0.000, ImuFromCamMs=(8.581, 1.325), RematchF=0.020] FusionUpdates:[Successful=1.000, Reliable=0.992, TightFusion=0.996, FullPose=0.004, StaticPrior=0.000, StaticForHandTrans=0.000, PoseUpdateMD=(11.1101, 0.0000)] FusionResets[6DoFReset=0.000, ResetSuccess=0.000] FusionStatus[HasPosition=1.000, HasVelocity=1.000] 
11-04 18:21:50.305  2125 16005 D CCodec  : allocate(c2.android.vorbis.decoder)
11-04 18:21:50.305   836  3868 V C2Store : in init
11-04 18:21:50.305   836  3868 V C2Store : loading dll
11-04 18:21:50.306  1406 15213 I CompositorVR: WarpToScreen: Skipping frames for 22
11-04 18:21:50.308  2125 16005 I CCodec  : Created component [c2.android.vorbis.decoder]
11-04 18:21:50.308 15290 15345 D xrstreaming: receive ping: org 0 recv 0 xmt 16546661288200 (received at 8629922028579), offset divergence -229308
11-04 18:21:50.308  2125 16005 D CCodecConfig: read media type: audio/vorbis
11-04 18:21:50.310  2125 16005 D ReflectedParamUpdater: extent() != 1 for single value type: algo.buffers.max-count.values
11-04 18:21:50.310 15290 15366 E OsSdk   : error getting shared memory region, memory type: HeadTracker, failed with Status(-1, EX_SECURITY): 'requested shared memory region when not registered/focused'
11-04 18:21:50.311  2125 16005 D ReflectedParamUpdater: extent() != 1 for single value type: output.subscribed-indices.values
11-04 18:21:50.311  2125 16005 D ReflectedParamUpdater: extent() != 1 for single value type: input.buffers.allocator-ids.values
11-04 18:21:50.311  2125 16005 D ReflectedParamUpdater: extent() != 1 for single value type: output.buffers.allocator-ids.values
11-04 18:21:50.311  2125 16005 D ReflectedParamUpdater: extent() != 1 for single value type: algo.buffers.allocator-ids.values
11-04 18:21:50.311  2125 16005 D ReflectedParamUpdater: extent() != 1 for single value type: output.buffers.pool-ids.values
11-04 18:21:50.311  2125 16005 D ReflectedParamUpdater: extent() != 1 for single value type: algo.buffers.pool-ids.values
11-04 18:21:50.312  2125 16005 I CCodecConfig: query failed after returning 7 values (BAD_INDEX)
11-04 18:21:50.312  2125 16005 D CCodecConfig: c2 config diff is Dict {
11-04 18:21:50.312  2125 16005 D CCodecConfig:   c2::u32 coded.bitrate.value = 64000
11-04 18:21:50.312  2125 16005 D CCodecConfig:   c2::u32 input.buffers.max-size.value = 32768
11-04 18:21:50.312  2125 16005 D CCodecConfig:   c2::u32 input.delay.value = 0
11-04 18:21:50.312  2125 16005 D CCodecConfig:   string input.media-type.value = "audio/vorbis"
11-04 18:21:50.312  2125 16005 D CCodecConfig:   string output.media-type.value = "audio/raw"
11-04 18:21:50.312  2125 16005 D CCodecConfig:   c2::u32 raw.channel-count.value = 1
11-04 18:21:50.312  2125 16005 D CCodecConfig:   c2::u32 raw.sample-rate.value = 48000
11-04 18:21:50.312  2125 16005 D CCodecConfig: }
11-04 18:21:50.312  2125 16005 D CCodecConfig: no c2 equivalents for durationUs
11-04 18:21:50.312  2125 16005 D CCodecConfig: no c2 equivalents for csd-1
11-04 18:21:50.312  2125 16005 D CCodecConfig: no c2 equivalents for track-id
11-04 18:21:50.312  2125 16005 D CCodecConfig: no c2 equivalents for channel-mask
11-04 18:21:50.312  2125 16005 D CCodecConfig: c2 config diff is   c2::u32 raw.channel-count.value = 2
11-04 18:21:50.312  2125 16005 D CCodecConfig:   c2::u32 raw.sample-rate.value = 44100
11-04 18:21:50.313  2125 16005 W Codec2Client: query -- param skipped: index = 1107298332.
11-04 18:21:50.313  2125 16005 D CCodec  : setup formats input: AMessage(what = 0x00000000) = {
11-04 18:21:50.313  2125 16005 D CCodec  :   int32_t channel-count = 2
11-04 18:21:50.313  2125 16005 D CCodec  :   int32_t max-input-size = 32768
11-04 18:21:50.313  2125 16005 D CCodec  :   string mime = "audio/vorbis"
11-04 18:21:50.313  2125 16005 D CCodec  :   int32_t sample-rate = 44100
11-04 18:21:50.313  2125 16005 D CCodec  : } and output: AMessage(what = 0x00000000) = {
11-04 18:21:50.313  2125 16005 D CCodec  :   int32_t channel-count = 2
11-04 18:21:50.313  2125 16005 D CCodec  :   string mime = "audio/raw"
11-04 18:21:50.313  2125 16005 D CCodec  :   int32_t sample-rate = 44100
11-04 18:21:50.313  2125 16005 D CCodec  :   int32_t channel-mask = 3
11-04 18:21:50.313  2125 16005 D CCodec  : }
11-04 18:21:50.315  2125 16005 W Codec2Client: query -- param skipped: index = 1342179345.
11-04 18:21:50.315  2125 16005 W Codec2Client: query -- param skipped: index = 2415921170.
11-04 18:21:50.316  2125 16005 D CCodecBufferChannel: [c2.android.vorbis.decoder#215] Created input block pool with allocatorID 16 => poolID 86 - OK (0)
11-04 18:21:50.316  2125 16005 I CCodecBufferChannel: [c2.android.vorbis.decoder#215] Created output block pool with allocatorID 16 => poolID 145 - OK
11-04 18:21:50.316  2125 16005 D CCodecBufferChannel: [c2.android.vorbis.decoder#215] Configured output block pool ids 145 => OK
11-04 18:21:50.318  1406 15213 I CompositorVR: WarpToScreen: Skipping frames for 22
11-04 18:21:50.319   836 16006 D SimpleC2Component: Using output block pool with poolID 145 => got 145 - 0
11-04 18:21:50.329  1406 15213 I CompositorVR: WarpToScreen: Skipping frames for 22
11-04 18:21:50.340  1406 15213 I CompositorVR: WarpToScreen: Skipping frames for 22
11-04 18:21:50.348 15290 15366 E OsSdk   : error getting shared memory region, memory type: HeadTracker, failed with Status(-1, EX_SECURITY): 'requested shared memory region when not registered/focused'
11-04 18:21:50.349 15290 15366 E OsSdk   : error getting shared memory region, memory type: AnchorTracker, failed with Status(-1, EX_SECURITY): 'requested shared memory region when not registered/focused'
11-04 18:21:50.351  1406 15213 I CompositorVR: WarpToScreen: Skipping frames for 22
11-04 18:21:50.362  1406 15213 I CompositorVR: WarpToScreen: Skipping frames for 22
11-04 18:21:50.367  3523  3548 I chatty  : uid=10026(com.oculus.systemux) FinalizerDaemon expire 16 lines
11-04 18:21:50.369  1508  1508 V AvrcpMediaPlayerList: onPlaybackConfigChanged(): Configs list size=9
11-04 18:21:50.370  1508  1508 V AvrcpMediaPlayerList: onPlaybackConfigChanged(): Configs list size=8
11-04 18:21:50.373  1406 15213 I CompositorVR: WarpToScreen: Skipping frames for 22
11-04 18:21:50.384  1406 15213 I CompositorVR: WarpToScreen: Skipping frames for 22
11-04 18:21:50.395 15290 15366 E OsSdk   : error getting shared memory region, memory type: HeadTracker, failed with Status(-1, EX_SECURITY): 'requested shared memory region when not registered/focused'
11-04 18:21:50.395  1406 15213 I CompositorVR: WarpToScreen: Skipping frames for 22
11-04 18:21:50.406   851 14571 I [CT]    : boltlib: DSP utilization: 7.69 % (384 / 5001 ms)
11-04 18:21:50.407  1406 15213 I CompositorVR: WarpToScreen: Skipping frames for 22
11-04 18:21:50.418  1406 15213 I CompositorVR: WarpToScreen: Skipping frames for 22
11-04 18:21:50.423  3523  3523 I chatty  : uid=10026 com.oculus.systemux:SystemUX expire 149 lines
11-04 18:21:50.424  1044  1469 I DisplayManagerService: Display device added: DisplayDeviceInfo{"com.oculus.android_panel_app.AndroidPanelLayer-tooltip": uniqueId="virtual:com.oculus.systemux,10026,com.oculus.android_panel_app.AndroidPanelLayer-tooltip,0", 1250 x 1250, modeId 241, defaultModeId 241, supportedModes [{id=241, width=1250, height=1250, fps=60.0}], colorMode 0, supportedColorModes [0], HdrCapabilities null, density 200, 200.0 x 200.0 dpi, appVsyncOff 0, presDeadline 16666666, touch NONE, rotation 0, type VIRTUAL, state OFF, owner com.oculus.systemux (uid 10026), FLAG_PRIVATE, FLAG_NEVER_BLANK, FLAG_OWN_CONTENT_ONLY}
11-04 18:21:50.429  1044  1469 I DisplayManagerService: Display device removed: DisplayDeviceInfo{"com.oculus.android_panel_app.AndroidPanelLayer-tooltip": uniqueId="virtual:com.oculus.systemux,10026,com.oculus.android_panel_app.AndroidPanelLayer-tooltip,0", 1250 x 1250, modeId 241, defaultModeId 241, supportedModes [{id=241, width=1250, height=1250, fps=60.0}], colorMode 0, supportedColorModes [0], HdrCapabilities null, density 200, 200.0 x 200.0 dpi, appVsyncOff 0, presDeadline 16666666, touch NONE, rotation 0, type VIRTUAL, state OFF, owner com.oculus.systemux (uid 10026), FLAG_PRIVATE, FLAG_NEVER_BLANK, FLAG_OWN_CONTENT_ONLY}
11-04 18:21:50.429  1406 15213 I CompositorVR: WarpToScreen: Skipping frames for 22
11-04 18:21:50.429  1044  1469 I DisplayManagerService: Display device added: DisplayDeviceInfo{"com.oculus.android_panel_app.AndroidPanelLayer-tooltip": uniqueId="virtual:com.oculus.systemux,10026,com.oculus.android_panel_app.AndroidPanelLayer-tooltip,0", 121 x 65, modeId 242, defaultModeId 242, supportedModes [{id=242, width=121, height=65, fps=60.0}], colorMode 0, supportedColorModes [0], HdrCapabilities null, density 200, 200.0 x 200.0 dpi, appVsyncOff 0, presDeadline 16666666, touch NONE, rotation 0, type VIRTUAL, state OFF, owner com.oculus.systemux (uid 10026), FLAG_PRIVATE, FLAG_NEVER_BLANK, FLAG_OWN_CONTENT_ONLY}
11-04 18:21:50.433  1044  1064 W InputReader: Device has associated, but no associated display id.
11-04 18:21:50.433  3150  3254 I [SEO] PanelAppHost: Setting panel layer visibility of layer "tooltip" to invisible, panel 61 (com.oculus.systemux/com.oculus.panelapp.anytimeui.AnytimeUIAndroidPanelService)
11-04 18:21:50.433  3150  3254 I [SEO] PanelAppHost: Resize layer tooltip to size 121 x 65 shape: 1 stereo: 0, panel 61 (com.oculus.systemux/com.oculus.panelapp.anytimeui.AnytimeUIAndroidPanelService)
11-04 18:21:50.433  3150  3254 I [SEO] PanelRenderLayer: ResetSurface tooltip 121 x 65 - shape:1 stereo:0
11-04 18:21:50.438  1044  1066 W InputReader: Device has associated, but no associated display id.
11-04 18:21:50.438  1044  1066 I ActivityTaskManager: Override config changes=20005df8 {0.0 ?mcc?mnc ?localeList ?layoutDir sw1000dp w1000dp h1000dp 200dpi xlrg port ?uimode ?night -touch qwerty/v/v -nav/h winConfig={ mBounds=Rect(0, 0 - 1250, 1250) mAppBounds=Rect(0, 0 - 1250, 1250) mWindowingMode=fullscreen mDisplayWindowingMode=fullscreen mActivityType=undefined mAlwaysOnTop=undefined mRotation=ROTATION_0}} for displayId=180
11-04 18:21:50.438 15290 15366 E OsSdk   : error getting shared memory region, memory type: HeadTracker, failed with Status(-1, EX_SECURITY): 'requested shared memory region when not registered/focused'
11-04 18:21:50.439  1044  1066 I DisplayManagerService: Display device changed state: "com.oculus.android_panel_app.AndroidPanelLayer-tooltip", ON
11-04 18:21:50.440  1406 15213 I CompositorVR: WarpToScreen: Skipping frames for 22
11-04 18:21:50.451  1406 15213 I CompositorVR: WarpToScreen: Skipping frames for 22
11-04 18:21:50.456  3150  3254 I [SEO] LayerSwapChainResource: LayerSwapChainResource 121,65 : 3
11-04 18:21:50.456  1406  2900 I VrRuntimeService: CreateSwapChain: 427519985
11-04 18:21:50.456  1406  2900 I VrRuntimeService: CreateSwapChain: api:vk 0 0x2b 121 65 7 3 1 4 3
11-04 18:21:50.457  1406  2900 W SwapChain_Vulkan: CreateTextureSwapChainFoveationVulkan: ShouldCreateFragmentDensityMap: false
11-04 18:21:50.457  1406  2900 W SwapChain_Vulkan: ExportTextureResourcesFoveationVulkan: chain->VkInteropFoveation.Device == nullptr
11-04 18:21:50.457  1406  2900 W SwapChain: CreateTextureSwapChainFoveation: export failed
11-04 18:21:50.458  1406  2900 I VrRuntimeServer: CreateTextureSwapChain: result importswapchaingles 1
11-04 18:21:50.458  1044  4357 W InputReader: Device has associated, but no associated display id.
11-04 18:21:50.459  2125  3583 I SwapChain_Vulkan: Imported texture has requirements 3, ends up index 0
11-04 18:21:50.459  2125  3583 I chatty  : uid=10014(com.oculus.shellenv) Thread-32 identical 1 line
11-04 18:21:50.459  2125  3583 I SwapChain_Vulkan: Imported texture has requirements 3, ends up index 0
11-04 18:21:50.459  2125  3583 W VrRuntimeClient: CreateTextureSwapChain: Failed to import foveation swapchain
11-04 18:21:50.461  1406  2900 I VrRuntimeService: UpdateSwapChainSamplerState: 410
11-04 18:21:50.461  1406  2900 I VrRuntimeService: UpdateSwapChainSamplerState: minFilter=1 magFilter=1 wrapModeS=3 warpModeT=3 maxAniso=1.000000 border={0.000000,0.000000,0.000000,0.000000} swizzle={0,1,2,3}
11-04 18:21:50.462  1406 15213 I CompositorVR: WarpToScreen: Skipping frames for 22
11-04 18:21:50.473  1406 15213 I CompositorVR: WarpToScreen: Skipping frames for 22
11-04 18:21:50.474  1044  4357 E WindowManager: App trying to use insecure INPUT_FEATURE_NO_INPUT_CHANNEL flag. Ignoring
11-04 18:21:50.477  1044  1066 W InputReader: Device has associated, but no associated display id.
11-04 18:21:50.477  1044  1066 I ActivityTaskManager: Override config changes=20005df8 {0.0 ?mcc?mnc ?localeList ?layoutDir sw52dp w96dp h52dp 200dpi smll land ?uimode ?night -touch qwerty/v/v -nav/h winConfig={ mBounds=Rect(0, 0 - 121, 65) mAppBounds=Rect(0, 0 - 121, 65) mWindowingMode=fullscreen mDisplayWindowingMode=fullscreen mActivityType=undefined mAlwaysOnTop=undefined mRotation=ROTATION_0}} for displayId=181
11-04 18:21:50.478  1044  1066 I WindowManager: Screen frozen for +18ms due to new-config
11-04 18:21:50.484 15290 15366 E OsSdk   : error getting shared memory region, memory type: HeadTracker, failed with Status(-1, EX_SECURITY): 'requested shared memory region when not registered/focused'
11-04 18:21:50.485  1406 15213 I CompositorVR: WarpToScreen: Skipping frames for 22
11-04 18:21:50.495   851 15198 W [CT]    : SVEGA: getMap is not supported.
11-04 18:21:50.496  1406 15213 I CompositorVR: WarpToScreen: Skipping frames for 22
11-04 18:21:50.507  1406 15213 I CompositorVR: WarpToScreen: Skipping frames for 22
11-04 18:21:50.509  3150  3254 I [SEO] PanelAppHost: Setting panel layer visibility of layer "tooltip" to visible, panel 61 (com.oculus.systemux/com.oculus.panelapp.anytimeui.AnytimeUIAndroidPanelService)
11-04 18:21:50.518  1406 15213 I CompositorVR: WarpToScreen: Skipping frames for 22
11-04 18:21:50.524 15290 15366 E OsSdk   : error getting shared memory region, memory type: HeadTracker, failed with Status(-1, EX_SECURITY): 'requested shared memory region when not registered/focused'
11-04 18:21:50.529  1406 15213 I CompositorVR: WarpToScreen: Skipping frames for 22
11-04 18:21:50.551  1406 15213 I chatty  : uid=10025(com.oculus.systemdriver) OVR::TimeWarp identical 2 lines
11-04 18:21:50.563  1406 15213 I CompositorVR: WarpToScreen: Skipping frames for 22
11-04 18:21:50.566 15290 15353 I xrstreaming: AudioPlayer: NetworkMetrics: [2.721,18.291]9.866
11-04 18:21:50.569   851  1490 I chatty  : uid=1000(system) Binder:851_4 identical 16 lines
11-04 18:21:50.570 15290 15366 E OsSdk   : error getting shared memory region, memory type: HeadTracker, failed with Status(-1, EX_SECURITY): 'requested shared memory region when not registered/focused'
11-04 18:21:50.574  1406 15213 I CompositorVR: WarpToScreen: Skipping frames for 22
11-04 18:21:50.585  1406 15213 I CompositorVR: WarpToScreen: Skipping frames for 22
11-04 18:21:50.588  3150  3254 I OpenXR_Actions: getControllerIdxFromSubActionPath: subactionPath is XR_PATH_NULL
11-04 18:21:50.588  3150  3254 I [SEO] LaunchCommandHandler: Processing launch request as JSON.  Request args: {"componentName":"systemux:\/\/library","timestamp":8630194,"skipDestinationUi":false}, sourcePanelId: 61
11-04 18:21:50.588  3150  3254 I [SEO] LaunchController: System UX, targetComponent = systemux://library, uri = , returnComponent = 
11-04 18:21:50.588  3150  3254 I [SEO] PanelAppLaunchInfo: PanelAppLaunchInfo componentString:com.oculus.systemux/com.oculus.panelapp.library.LibraryPanelService packageName:com.oculus.systemux serviceName:com.oculus.panelapp.library.LibraryPanelService componentName:com.oculus.systemux/com.oculus.panelapp.library.LibraryPanelService
11-04 18:21:50.588  3150  3254 I [SEO] HostPlatform: Retrieving component launch information for package (com.oculus.systemux) and service (com.oculus.panelapp.library.LibraryPanelService)
11-04 18:21:50.591  3150  3254 I [SEO] HostPlatform: Is valid panel service component for package (com.oculus.systemux) and service (com.oculus.panelapp.library.LibraryPanelService) - true
11-04 18:21:50.591  3150  3254 I [SEO] LaunchController: Registering Pending Launch of type ShellApplication with com.oculus.systemux/com.oculus.panelapp.library.LibraryPanelService, overwriting existing launch false, of type None.
11-04 18:21:50.596  1406 15213 I CompositorVR: WarpToScreen: Skipping frames for 22
11-04 18:21:50.598  3150  3254 I [SEO] SystemUXController: ProcessPendingLaunch type ShellApplication, details com.oculus.systemux/com.oculus.panelapp.library.LibraryPanelService
11-04 18:21:50.599  3150  3254 I [SEO] LaunchController: Building launch checks for com.oculus.systemux, activity or service: com.oculus.panelapp.library.LibraryPanelService, primary active package: com.oculus.shellenv
11-04 18:21:50.607  1406 15213 I CompositorVR: WarpToScreen: Skipping frames for 22
11-04 18:21:50.608  3150  3254 W OVRLibrary: null cursor received for query content://com.oculus.ocms.library/apps/com.oculus.systemux
11-04 18:21:50.616   851  1490 W TrackingService: attachClient: found client in attached list
11-04 18:21:50.618  1406 15213 I CompositorVR: WarpToScreen: Skipping frames for 22
11-04 18:21:50.619 15290 15366 E OsSdk   : error getting shared memory region, memory type: HeadTracker, failed with Status(-1, EX_SECURITY): 'requested shared memory region when not registered/focused'
11-04 18:21:50.619   851   851 W TrackingService: attachClient: found client in attached list
11-04 18:21:50.620 15290 15366 E OsSdk   : error getting shared memory region, memory type: AnchorTracker, failed with Status(-1, EX_SECURITY): 'requested shared memory region when not registered/focused'
11-04 18:21:50.620  3150  3254 I [SEO] LaunchController: BuildPauseLaunchCheck: false, false, true
11-04 18:21:50.621  3150  3254 I [SEO] LaunchController: Finished building launch checks
11-04 18:21:50.621  3150  3254 I [SEO] PanelAppLaunchInfo: PanelAppLaunchInfo componentString:com.oculus.systemux/com.oculus.panelapp.library.LibraryPanelService packageName:com.oculus.systemux serviceName:com.oculus.panelapp.library.LibraryPanelService componentName:com.oculus.systemux/com.oculus.panelapp.library.LibraryPanelService
11-04 18:21:50.621  3150  3254 I [SEO] HostPlatform: Retrieving component launch information for package (com.oculus.systemux) and service (com.oculus.panelapp.library.LibraryPanelService)
11-04 18:21:50.623  3150  3254 I [SEO] HostPlatform: Is valid panel service component for package (com.oculus.systemux) and service (com.oculus.panelapp.library.LibraryPanelService) - true
11-04 18:21:50.623  3150  3254 I [SEO] DesktopPanelController: LaunchOrRestore( com.oculus.systemux/com.oculus.panelapp.library.LibraryPanelService ) with launchAsNew=0, sourcePanelId=61, launchTarget=Default, targetMonitor=-1, launchingComponent=com.oculus.systemux/com.oculus.panelapp.anytimeui.AnytimeUIAndroidPanelService
11-04 18:21:50.624  3150  3254 I [SEO] DesktopPanelControllerHelper: Validating activation
11-04 18:21:50.624  3150  3254 I [SEO] DesktopPanelControllerHelper: Resolving launch target
11-04 18:21:50.624  3150  3254 I [SEO] PanelAppsManager: ActivatePanelApp for component com.oculus.systemux/com.oculus.panelapp.library.LibraryPanelService. New instance requested: 0
11-04 18:21:50.624  3150  3254 I [SEO] PanelAppsManager: Found 0 existing instances
11-04 18:21:50.624  3150  3254 I [SEO] PanelAppsManager: launching new instance of com.oculus.systemux/com.oculus.panelapp.library.LibraryPanelService
11-04 18:21:50.624  3150  3254 I [SEO] ShellApp: CreatePanelApp( com.oculus.systemux/com.oculus.panelapp.library.LibraryPanelService )
11-04 18:21:50.624  3150  3254 I [SEO] ShellApp: Environment:
11-04 18:21:50.624  3150  3254 I [SEO] ShellApp: _oc_launch_timestamp = 8630201
11-04 18:21:50.624  3150  3254 I [SEO] PanelAppHost: PanelAppHost constructor, panel 62 (com.oculus.systemux/com.oculus.panelapp.library.LibraryPanelService)
11-04 18:21:50.624  3150  3254 I [SEO] PanelAppHost: Panel app 62 (com.oculus.systemux/com.oculus.panelapp.library.LibraryPanelService) changing state from startup to foreground
11-04 18:21:50.624  1406  2900 I VrRuntimeService: CreateAndroidSurfaceSwapChain: 427519985
11-04 18:21:50.624  1406  2900 I VrRuntimeService: CreateAndroidSurfaceSwapChain: 131072 1 32856 65536 65536 1 1 1 0 3
11-04 18:21:50.624  1406  2506 I SwapChain_Surface: CreateAndroidSurfaceSwapChainGLES: 0x78efa16000: SurfaceTexture 0x2bda Surface 0x2bca
11-04 18:21:50.624  1406  2900 I VrRuntimeServer: CreateAndroidSurfaceSwapChain: result surface 0x78efa16000
11-04 18:21:50.625  1406  2900 I VrRuntimeService: CreateAndroidSurfaceSwapChain: 427519985
11-04 18:21:50.625  1406  2900 I VrRuntimeService: CreateAndroidSurfaceSwapChain: 131072 1 32856 65536 65536 1 1 1 0 3
11-04 18:21:50.626  1406  2506 I SwapChain_Surface: CreateAndroidSurfaceSwapChainGLES: 0x7919570000: SurfaceTexture 0x2b92 Surface 0x2b82
11-04 18:21:50.626  1406  2900 I VrRuntimeServer: CreateAndroidSurfaceSwapChain: result surface 0x7919570000
11-04 18:21:50.627  3150  3254 I [SEO] PanelAppHost: Passing env var _oc_launch_timestamp = 8630201
11-04 18:21:50.627  3150  3254 I [SEO] PanelAppHost: Passing env var _oc_analytics_session_id = 427e8999-b1ec-4b7e-8ac2-001f4bbd8789
11-04 18:21:50.627  3150  3254 I [SEO] PanelAppHost: Passing env var _oc_userid = 106765628877334
11-04 18:21:50.627  3150  3254 I [SEO] PanelAppHost: Passing env var _oc_shell_version_name = 46.0.0.226.0
11-04 18:21:50.627  3150  3254 I [SEO] PanelAppHost: Passing env var _oc_shell_version_code = 406523266
11-04 18:21:50.627  3150  3254 I [SEO] PanelAppHost: Passing env var _oc_shell_automation_enabled = false
11-04 18:21:50.627  3150  3254 I [SEO] PanelAppHost: Passing env var _oc_shell_view_id_debugging_enabled = false
11-04 18:21:50.627  3150  3254 I [SEO] PanelAppHost: Passing env var _oc_shell_pixel_density = 20
11-04 18:21:50.627  3150  3254 I [SEO] PanelAppHost: Passing env var _oc_shell_render_scale = 1.250000
11-04 18:21:50.627  3150  3254 I [SEO] PanelAppHost: Passing env var _oc_shell_ux_policy = {"panelBackgroundLayerOriginDepths":{"far":0.2,"mid":0.1,"near":0.015}}
11-04 18:21:50.627  3150  3254 I [SEO] PanelAppHost: Passing env var _oc_shell_panel_session_id = 427e8999-b1ec-4b7e-8ac2-001f4bbd8789-62
11-04 18:21:50.627  3150  3254 I [SEO] PanelAppHost: Passing env var _oc_shell_back_navigation_enabled = false
11-04 18:21:50.627  3150  3254 I [SEO] PanelAppHost: Passing env var _oc_shell_feature_sets = appmenu-v1,appmenu-v2,cooperativeState-v2,destinationUi-v2,dragDrop-v1,layerClipping-v1,layerClipping-v2,layerOptions-v1,layerTranslate-v1,multiapp-v1,multiapp-v2,multiapp-v3,multitasking-v1,recoverInstances-v1,shellPanelAdaptability-v1,systemActionBackgroundPanels-v1,systemThemeSetting-v1,system-reauth-v1,system-ux-file-picker-v1,vrNotificationsBootLoad-v1,loadingState-v1,controlBar-v1,theaterScreen,copresence-v1,copresenceVersion-v1,vrLibraryAppLock-v1
11-04 18:21:50.627  3150  3254 I [SEO] PanelAppHost: Passing env var _oc_shell_host = vrshell
11-04 18:21:50.627  3150  3254 I [SEO] PanelAppHost: Passing env var _oc_shell_panel_id = 62
11-04 18:21:50.627  3150  3254 I [SEO] PanelAppHost: Calling sendPanelLaunchIntent for panel app 62 (com.oculus.systemux/com.oculus.panelapp.library.LibraryPanelService)
11-04 18:21:50.628  3150  3254 D [SEO] ShellApplication: sendApkPanelLaunchIntent: packageName=com.oculus.systemux, serviceClassName=com.oculus.panelapp.library.LibraryPanelService
11-04 18:21:50.628  3150  3254 D [SEO] PanelServiceConnection: getSystemProcessUidForCurrentUser: 'android' systemUid = 1000
11-04 18:21:50.628  3150  3254 D [SEO] ShellApplication: bindService Intent { cmp=com.oculus.systemux/com.oculus.panelapp.library.LibraryPanelService }
11-04 18:21:50.629  1406 15213 I CompositorVR: WarpToScreen: Skipping frames for 22
11-04 18:21:50.631  3150  3254 D [SEO] ShellApplication: notify OS to set com.oculus.systemux/com.oculus.panelapp.library.LibraryPanelService to FOREGROUND
11-04 18:21:50.632  3150  3254 I [SEO] DesktopPanelControllerHelper: Resolving panel apps for activation
11-04 18:21:50.632  3150  3254 I [SEO] DesktopPanelControllerHelper: Resolved 1 panel apps for Launch activation
11-04 18:21:50.632  3150  3254 I [SEO] DesktopPanelController: Checking whether desktop switch is necessary with current desktop Tablet for activation of app com.oculus.systemux/com.oculus.panelapp.library.LibraryPanelService
11-04 18:21:50.632  3150  3254 I [SEO] DesktopPanelController: Checking whether we need to switch desktops for Launch activation
11-04 18:21:50.632  3150  3254 I [SEO] DesktopPanelController: Initial cooperative state for app com.oculus.systemux/com.oculus.panelapp.library.LibraryPanelService with uri  is cooperative
11-04 18:21:50.632  3150  3254 I [SEO] DesktopPanelController: Selecting desktop Tablet for activation
11-04 18:21:50.632  3150  3254 I [SEO] DesktopPanelController: Resolved target monitor is 4
11-04 18:21:50.632  3150  3254 I [SEO] DesktopPanelApp: Storing location Tablet, monitor 4
11-04 18:21:50.632  3150  3254 I [SEO] DesktopPanelController: Moving panel in background from monitor -1 to monitor 4
11-04 18:21:50.632  3150  3254 I [SEO] VrShellDesktopBase: Found monitor 4 for AddPanelApp
11-04 18:21:50.632  3150  3254 I [SEO] VrShellDesktopBase: Inserting panelapp with id 62 to monitor 4
11-04 18:21:50.632  3150  3254 I [SEO] DesktopPanelApp: Storing location Tablet, monitor 4
11-04 18:21:50.632  3150  3254 I [SEO] AppActivationRecord: AppActivation result is Success with reason  and type:Launch, launchTarget:Default, activationSourceId:61, activationTargetId:4, launchAsNew:0, uri:, launchingComponent:com.oculus.systemux/com.oculus.panelapp.anytimeui.AnytimeUIAndroidPanelService
11-04 18:21:50.632  3150  3254 I [SEO] PanelAppLaunchInfo: PanelAppLaunchInfo componentString:com.oculus.systemux/com.oculus.panelapp.controlbar.ControlBarPanelService packageName:com.oculus.systemux serviceName:com.oculus.panelapp.controlbar.ControlBarPanelService componentName:com.oculus.systemux/com.oculus.panelapp.controlbar.ControlBarPanelService
11-04 18:21:50.632  3150  3254 I [SEO] HostPlatform: Retrieving component launch information for package (com.oculus.systemux) and service (com.oculus.panelapp.controlbar.ControlBarPanelService)
11-04 18:21:50.635  3150  3254 I [SEO] HostPlatform: Is valid panel service component for package (com.oculus.systemux) and service (com.oculus.panelapp.controlbar.ControlBarPanelService) - true
11-04 18:21:50.635  3150  3254 I [SEO] ShellApp: CreatePanelApp( com.oculus.systemux/com.oculus.panelapp.controlbar.ControlBarPanelService )
11-04 18:21:50.635  3150  3254 I [SEO] ShellApp: Environment:
11-04 18:21:50.635  3150  3254 I [SEO] PanelAppHost: PanelAppHost constructor, panel 63 (com.oculus.systemux/com.oculus.panelapp.controlbar.ControlBarPanelService)
11-04 18:21:50.635  3150  3254 I [SEO] PanelAppHost: Panel app 63 (com.oculus.systemux/com.oculus.panelapp.controlbar.ControlBarPanelService) changing state from startup to foreground
11-04 18:21:50.636  3150  3254 I [SEO] PanelAppHost: Passing env var _oc_analytics_session_id = 427e8999-b1ec-4b7e-8ac2-001f4bbd8789
11-04 18:21:50.636  3150  3254 I [SEO] PanelAppHost: Passing env var _oc_userid = 106765628877334
11-04 18:21:50.636  3150  3254 I [SEO] PanelAppHost: Passing env var _oc_shell_version_name = 46.0.0.226.0
11-04 18:21:50.636  3150  3254 I [SEO] PanelAppHost: Passing env var _oc_shell_version_code = 406523266
11-04 18:21:50.636  3150  3254 I [SEO] PanelAppHost: Passing env var _oc_shell_automation_enabled = false
11-04 18:21:50.636  3150  3254 I [SEO] PanelAppHost: Passing env var _oc_shell_view_id_debugging_enabled = false
11-04 18:21:50.636  3150  3254 I [SEO] PanelAppHost: Passing env var _oc_shell_pixel_density = 20
11-04 18:21:50.636  3150  3254 I [SEO] PanelAppHost: Passing env var _oc_shell_render_scale = 1.250000
11-04 18:21:50.636  3150  3254 I [SEO] PanelAppHost: Passing env var _oc_shell_ux_policy = {"panelBackgroundLayerOriginDepths":{"far":0.2,"mid":0.1,"near":0.015}}
11-04 18:21:50.636  3150  3254 I [SEO] PanelAppHost: Passing env var _oc_shell_panel_session_id = 427e8999-b1ec-4b7e-8ac2-001f4bbd8789-63
11-04 18:21:50.636  3150  3254 I [SEO] PanelAppHost: Passing env var _oc_shell_back_navigation_enabled = false
11-04 18:21:50.636  3150  3254 I [SEO] PanelAppHost: Passing env var _oc_shell_feature_sets = appmenu-v1,appmenu-v2,cooperativeState-v2,destinationUi-v2,dragDrop-v1,layerClipping-v1,layerClipping-v2,layerOptions-v1,layerTranslate-v1,multiapp-v1,multiapp-v2,multiapp-v3,multitasking-v1,recoverInstances-v1,shellPanelAdaptability-v1,systemActionBackgroundPanels-v1,systemThemeSetting-v1,system-reauth-v1,system-ux-file-picker-v1,vrNotificationsBootLoad-v1,controlBar-v1,theaterScreen,copresence-v1,copresenceVersion-v1,vrLibraryAppLock-v1
11-04 18:21:50.636  3150  3254 I [SEO] PanelAppHost: Passing env var _oc_launch_timestamp = 8630249
11-04 18:21:50.636  3150  3254 I [SEO] PanelAppHost: Passing env var _oc_shell_host = vrshell
11-04 18:21:50.636  3150  3254 I [SEO] PanelAppHost: Passing env var _oc_shell_panel_id = 63
11-04 18:21:50.636  3150  3254 I [SEO] PanelAppHost: Calling sendPanelLaunchIntent for panel app 63 (com.oculus.systemux/com.oculus.panelapp.controlbar.ControlBarPanelService)
11-04 18:21:50.636  3150  3254 D [SEO] ShellApplication: sendApkPanelLaunchIntent: packageName=com.oculus.systemux, serviceClassName=com.oculus.panelapp.controlbar.ControlBarPanelService
11-04 18:21:50.639  3150  3254 D [SEO] PanelServiceConnection: getSystemProcessUidForCurrentUser: 'android' systemUid = 1000
11-04 18:21:50.639  3150  3254 D [SEO] ShellApplication: bindService Intent { cmp=com.oculus.systemux/com.oculus.panelapp.controlbar.ControlBarPanelService }
11-04 18:21:50.641  1406 15213 I CompositorVR: WarpToScreen: Skipping frames for 22
11-04 18:21:50.648  3150  3254 D [SEO] ShellApplication: notify OS to set com.oculus.systemux/com.oculus.panelapp.controlbar.ControlBarPanelService to FOREGROUND
11-04 18:21:50.650  3150  3254 I [SEO] DesktopAnimationController: Playing launch animation with delay=0 for panel with id 62 and name com.oculus.systemux/com.oculus.panelapp.library.LibraryPanelService
11-04 18:21:50.650  3150  3254 I [SEO] DesktopFocusManager: Notifying panel with id:62, component:com.oculus.systemux/com.oculus.panelapp.library.LibraryPanelService of isFocused:1
11-04 18:21:50.650  3150  3254 I [SEO] DesktopFocusManager: Focused panel changed from 0 to 62
11-04 18:21:50.651  3150  3254 I [SEO] PanelAppAnalytics: First frame latency: 0.027 for id 62 com.oculus.systemux/com.oculus.panelapp.library.LibraryPanelService
11-04 18:21:50.651  3150  3150 D [SEO] PanelServiceConnection: onSeviceConnected - component name (ComponentInfo{com.oculus.systemux/com.oculus.panelapp.library.LibraryPanelService}), panel app id (62)
11-04 18:21:50.651  3150  3150 D [SEO] ShellApplication: notify OS to set com.oculus.systemux/com.oculus.panelapp.library.LibraryPanelService to FOREGROUND
11-04 18:21:50.652  1406 15213 I CompositorVR: WarpToScreen: Skipping frames for 22
11-04 18:21:50.652  3150  3254 I [SEO] PanelAppOSLifecycleNotificationManager: Sending frameState isForeground:1 to OS for app com.oculus.systemux/com.oculus.panelapp.controlbar.ControlBarPanelService
11-04 18:21:50.652  3150  3254 I [SEO] PanelAppOSLifecycleNotificationManager: Sending frameState isForeground:1 to OS for app com.oculus.systemux/com.oculus.panelapp.library.LibraryPanelService
11-04 18:21:50.653  3150  3254 I [SEO] LayerSwapChainResource: LayerSwapChainResource 60,60 : 1
11-04 18:21:50.653  1406  2900 I VrRuntimeService: CreateSwapChain: 427519985
11-04 18:21:50.653  1406  2900 I VrRuntimeService: CreateSwapChain: api:vk 0 0x2b 60 60 6 1 1 4 3
11-04 18:21:50.653  1406  2900 W SwapChain_Vulkan: CreateTextureSwapChainFoveationVulkan: ShouldCreateFragmentDensityMap: false
11-04 18:21:50.653  1406  2900 W SwapChain_Vulkan: ExportTextureResourcesFoveationVulkan: chain->VkInteropFoveation.Device == nullptr
11-04 18:21:50.653  1406  2900 W SwapChain: CreateTextureSwapChainFoveation: export failed
11-04 18:21:50.654  1406  2900 I VrRuntimeServer: CreateTextureSwapChain: result importswapchaingles 1
11-04 18:21:50.654  2125  3583 I SwapChain_Vulkan: Imported texture has requirements 3, ends up index 0
11-04 18:21:50.654  2125  3583 W VrRuntimeClient: CreateTextureSwapChain: Failed to import foveation swapchain
