11-03 22:38:54.628  3593  3593 D [SUI] SettingsAssistantJsonBuilder: Settings JSON: {"settings":[{"id":"about","type":"void","mutable":false,"queryable":false,"route":"systemux:\/\/settings\/about"},{"id":"auto sleep","type":"void","mutable":false,"queryable":false,"route":"systemux:\/\/settings\/power?setting=auto_sleep_time","parent":"power"},{"id":"auto wake","type":"void","mutable":false,"queryable":false,"route":"systemux:\/\/settings\/power?setting=auto_wake","parent":"power"},{"id":"bluetooth pairing","type":"void","mutable":false,"queryable":false,"route":"systemux:\/\/settings\/bluetooth?setting=bluetooth_pairing","parent":"bluetooth"},{"id":"boundary color","type":"void","mutable":false,"queryable":false,"route":"systemux:\/\/settings\/guardian_general?setting=guardian_customization_boundary_color_config","parent":"guardian"},{"id":"bug report","type":"void","mutable":false,"queryable":false,"route":"systemux:\/\/bug_report","parent":"about"},{"id":"controllers","type":"void","mutable":false,"queryable":false,"route":"systemux:\/\/settings\/controllers"},{"id":"display","type":"void","mutable":false,"queryable":false,"route":"systemux:\/\/settings\/display"},{"id":"do not disturb","type":"void","mutable":false,"queryable":false,"route":"systemux:\/\/settings\/do_not_disturb?setting=do_not_disturb","parent":"do not disturb"},{"id":"environment","type":"void","mutable":false,"queryable":false,"route":"systemux:\/\/settings\/environment"},{"id":"experimental","type":"void","mutable":false,"queryable":false,"route":"systemux:\/\/settings\/experiments"},{"id":"floor level","type":"void","mutable":false,"queryable":false,"route":"systemux:\/\/guardian\/guardian-adjust-floor","parent":"guardian"},{"id":"glanceable boundary","type":"void","mutable":false,"queryable":false,"route":"systemux:\/\/settings\/guardian_roomscale?setting=guardian_enable_glanceable_bounds","parent":"guardian"},{"id":"guardian","type":"void","mutable":false,"queryable":false,"route":"systemux:\/\/settings\/guardian_general"},{"id":"guardian history","type":"void","mutable":false,"queryable":false,"route":"systemux:\/\/settings\/guardian_general?setting=guardian_clear_history","parent":"guardian"},{"id":"guardian passthrough","type":"void","mutable":false,"queryable":false,"route":"systemux:\/\/settings\/guardian_general?setting=passthrough_on_demand","parent":"guardian"},{"id":"hand tracking","type":"void","mutable":false,"queryable":false,"route":"systemux:\/\/settings\/hands?setting=hands_hand_tracking","parent":"hands"},{"id":"health and safety","type":"void","mutable":false,"queryable":false,"route":"systemux:\/\/health_and_safety_video","parent":"about"},{"id":"language","type":"void","mutable":false,"queryable":false,"route":"systemux:\/\/settings\/language_and_region?setting=language","parent":"language and region"},{"id":"long press","type":"void","mutable":false,"queryable":false,"route":"systemux:\/\/settings\/controllers?setting=controllers_oculus_button_long_press","parent":"controllers"},{"id":"mac address","type":"void","mutable":false,"queryable":false,"route":"systemux:\/\/settings\/about?setting=about_mac_address","parent":"about"},{"id":"microphone","type":"void","mutable":false,"queryable":false,"route":"systemux:\/\/settings\/sound?setting=microphone","parent":"sound"},{"id":"night shift","type":"void","mutable":false,"queryable":false,"route":"systemux:\/\/settings\/display?setting=night_shift","parent":"display"},{"id":"notifications","type":"void","mutable":false,"queryable":false,"route":"systemux:\/\/settings\/notifications"},{"id":"os version","type":"void","mutable":false,"queryable":false,"route":"systemux:\/\/settings\/software_update?setting=os_version","parent":"about"},{"id":"permissions","type":"void","mutable":false,"queryable":false,"route":"systemux:\/\/settings\/permissions"},{"id":"power","type":"void","mutable":false,"queryable":false,"route":"systemux:\/\/settings\/power"},{"id":"privacy policy","type":"void","mutable":false,"queryable":false,"route":"systemux:\/\/settings\/about?setting=about_privacy_policy",
11-03 22:38:54.630  3593  3593 D [SUI] AnytimeUIAndroidPanelApp: Stored settings in pref store in 2153177 ns
11-03 22:38:54.633  1457 26175 I CompositorVR: WarpToScreen: Skipping frames for 15
11-03 22:38:54.633  2484  2502 I IPCSharedMemory: CreateSharedMemory: Allocated shared memory fd 112 (ipcReadOnlyState)
11-03 22:38:54.633  2484  2502 I RuntimeIPCServerMgr: Event buffer size (server): 8192
11-03 22:38:54.644  2484  2502 I IPCSharedMemory: CreateSharedMemory: Allocated shared memory fd 115 (ipcEventBuffer)
11-03 22:38:54.644  1457 26175 I CompositorVR: WarpToScreen: Skipping frames for 15
11-03 22:38:54.645  3593  3593 I PresenceAPK(ServiceApiManager): Trying to bind to presence service API.
11-03 22:38:54.653  2484  2502 I IPCSharedMemory: CreateSharedMemory: Allocated shared memory fd 116 (ipcEventBuffer_Private)
11-03 22:38:54.655  1457 26175 I CompositorVR: WarpToScreen: Skipping frames for 15
11-03 22:38:54.665  3593 26417 D CCodec  : allocate(c2.android.raw.decoder)
11-03 22:38:54.666   836  1941 V C2Store : in init
11-03 22:38:54.666  1457 26175 I CompositorVR: WarpToScreen: Skipping frames for 15
11-03 22:38:54.666   836  1941 V C2Store : loading dll
11-03 22:38:54.672  3593 26417 I CCodec  : Created component [c2.android.raw.decoder]
11-03 22:38:54.673  3593 26417 D CCodecConfig: read media type: audio/raw
11-03 22:38:54.676  2484  2502 I RuntimeIPCServerMgr: HandleClientConnect SUCCESS: Client: com.oculus.systemux:com.oculus.systemux:SystemUX:3593, Server: com.oculus.presence:com.oculus.presence (PubSubServer)
11-03 22:38:54.677  1457 26175 I CompositorVR: WarpToScreen: Skipping frames for 15
11-03 22:38:54.684  3593 26417 D ReflectedParamUpdater: extent() != 1 for single value type: algo.buffers.max-count.values
11-03 22:38:54.686  2484  3268 I RuntimeIPCServerMgr: GetServerStatesConfig -> {MaxBufferSize=32768, MaxEntries=64}
11-03 22:38:54.686  3593 26412 I RuntimeIPCClient: GetServerStatesConfig returned maxEntries=64, maxBuffSize=32768
11-03 22:38:54.686  3593 26412 I RuntimeIPCClient: Event buffer size (client): 8192
11-03 22:38:54.686  3593 26412 I RuntimeIPCClient: TryToGetIPCResourcesFromServer: RPC_CONNECTOR_CONNECT_TO_SERVER SUCCESS: Client: com.oculus.systemux:com.oculus.systemux:SystemUX:3593, Server: com.oculus.presence:com.oculus.presence (PubSubServer)
11-03 22:38:54.686  3593 26412 I RuntimeIPCClient: EnsureServerConnection: SUCCESS. Client: com.oculus.systemux:com.oculus.systemux:SystemUX:3593, Server: com.oculus.presence:com.oculus.presence (PubSubServer)
11-03 22:38:54.686  3593 26412 I RuntimeIPCClientMgr: ConnectToServer: SUCCESS: Client: com.oculus.systemux:com.oculus.systemux:SystemUX:3593, Server: com.oculus.presence:com.oculus.presence (PubSubServer)
11-03 22:38:54.686  3593 26412 W REFLECT : RuntimeIPC: DeferredConnectEvent not valid: 0, 16777249
11-03 22:38:54.688  1457 26175 I CompositorVR: WarpToScreen: Skipping frames for 15
11-03 22:38:54.689  3593 26417 D ReflectedParamUpdater: extent() != 1 for single value type: output.subscribed-indices.values
11-03 22:38:54.694  3593 26417 D ReflectedParamUpdater: extent() != 1 for single value type: input.buffers.allocator-ids.values
11-03 22:38:54.696  3593 26417 D ReflectedParamUpdater: extent() != 1 for single value type: output.buffers.allocator-ids.values
11-03 22:38:54.696  3593 26417 D ReflectedParamUpdater: extent() != 1 for single value type: algo.buffers.allocator-ids.values
11-03 22:38:54.697  3593 26417 D ReflectedParamUpdater: extent() != 1 for single value type: output.buffers.pool-ids.values
11-03 22:38:54.698  3593 26417 D ReflectedParamUpdater: extent() != 1 for single value type: algo.buffers.pool-ids.values
11-03 22:38:54.699  1457 26175 I CompositorVR: WarpToScreen: Skipping frames for 15
11-03 22:38:54.703  3593 26417 I CCodecConfig: query failed after returning 8 values (BAD_INDEX)
11-03 22:38:54.703  3593 26417 D CCodecConfig: c2 config diff is Dict {
11-03 22:38:54.703  3593 26417 D CCodecConfig:   c2::u32 coded.bitrate.value = 64000
11-03 22:38:54.703  3593 26417 D CCodecConfig:   c2::u32 input.buffers.max-size.value = 65536
11-03 22:38:54.703  3593 26417 D CCodecConfig:   c2::u32 input.delay.value = 0
11-03 22:38:54.703  3593 26417 D CCodecConfig:   string input.media-type.value = "audio/raw"
11-03 22:38:54.703  3593 26417 D CCodecConfig:   string output.media-type.value = "audio/raw"
11-03 22:38:54.703  3593 26417 D CCodecConfig:   c2::u32 raw.channel-count.value = 2
11-03 22:38:54.703  3593 26417 D CCodecConfig:   c2::u32 raw.pcm-encoding.value = 0
11-03 22:38:54.703  3593 26417 D CCodecConfig:   c2::u32 raw.sample-rate.value = 44100
11-03 22:38:54.703  3593 26417 D CCodecConfig: }
11-03 22:38:54.704  3593 26417 D CCodecConfig: no c2 equivalents for durationUs
11-03 22:38:54.704  3593 26417 D CCodecConfig: no c2 equivalents for track-id
11-03 22:38:54.704  3593 26417 D CCodecConfig: no c2 equivalents for bits-per-sample
11-03 22:38:54.704  3593 26417 D CCodecConfig: no c2 equivalents for channel-mask
11-03 22:38:54.705  3593 26417 D CCodecConfig: c2 config diff is   c2::u32 raw.channel-count.value = 1
11-03 22:38:54.705  3593 26417 D CCodecConfig:   c2::u32 raw.sample-rate.value = 48000
11-03 22:38:54.705  3593 26417 W Codec2Client: query -- param skipped: index = 1107298332.
11-03 22:38:54.705  3593 26417 D CCodec  : setup formats input: AMessage(what = 0x00000000) = {
11-03 22:38:54.705  3593 26417 D CCodec  :   int32_t channel-count = 1
11-03 22:38:54.705  3593 26417 D CCodec  :   int32_t max-input-size = 65536
11-03 22:38:54.705  3593 26417 D CCodec  :   string mime = "audio/raw"
11-03 22:38:54.705  3593 26417 D CCodec  :   int32_t pcm-encoding = 2
11-03 22:38:54.705  3593 26417 D CCodec  :   int32_t sample-rate = 48000
11-03 22:38:54.705  3593 26417 D CCodec  : } and output: AMessage(what = 0x00000000) = {
11-03 22:38:54.705  3593 26417 D CCodec  :   int32_t channel-count = 1
11-03 22:38:54.705  3593 26417 D CCodec  :   string mime = "audio/raw"
11-03 22:38:54.705  3593 26417 D CCodec  :   int32_t pcm-encoding = 2
11-03 22:38:54.705  3593 26417 D CCodec  :   int32_t sample-rate = 48000
11-03 22:38:54.705  3593 26417 D CCodec  :   int32_t channel-mask = 0
11-03 22:38:54.705  3593 26417 D CCodec  : }
11-03 22:38:54.706  3593 26412 D HyperspaceClientJni: initHyperspacePresenceServiceClient finished
11-03 22:38:54.706  3593 26412 D HyperspaceClientJni: initInternal - finish
11-03 22:38:54.706  3593 26412 I HyperspaceClient: Service connection changed: true
11-03 22:38:54.706  3593 26412 D HyperspaceClientJni: initHyperspacePresenceServiceClientCallsInfoChangedCallback
11-03 22:38:54.706  3593 26417 W Codec2Client: query -- param skipped: index = 1342179345.
11-03 22:38:54.706  3593 26417 W Codec2Client: query -- param skipped: index = 2415921170.
11-03 22:38:54.707  3593 26417 D CCodecBufferChannel: [c2.android.raw.decoder#309] Created input block pool with allocatorID 16 => poolID 34 - OK (0)
11-03 22:38:54.707  2484  2501 I RuntimeIPCServerMgr: GetServerStatesConfig -> {MaxBufferSize=32768, MaxEntries=64}
11-03 22:38:54.707  3593 26412 I RuntimeIPCClient: GetServerStatesConfig returned maxEntries=64, maxBuffSize=32768
11-03 22:38:54.707  3593 26412 I RuntimeIPCClient: InitServerStateBuffer: SUCCESS. 2, Client: com.oculus.systemux:com.oculus.systemux:SystemUX:3593, Server: com.oculus.presence:com.oculus.presence (PubSubServer)
11-03 22:38:54.708   816  1593 D BufferPoolAccessor: bufferpool2 0xf2b9b710 : 0(0 size) total buffers - 0(0 size) used buffers - 9/20 (recycle/alloc) - 11/30 (fetch/transfer)
11-03 22:38:54.709   816  1593 D BufferPoolAccessor: Destruction - bufferpool2 0xf2b9b710 cached: 0/0M, 0/0% in use; allocs: 20, 45% recycled; transfers: 30, 63% unfetced
11-03 22:38:54.709  3593  3715 D BufferPoolAccessor: bufferpool2 0x7b517cf220 : 0(0 size) total buffers - 0(0 size) used buffers - 0/5 (recycle/alloc) - 4/8 (fetch/transfer)
11-03 22:38:54.709  3593  3715 D BufferPoolAccessor: Destruction - bufferpool2 0x7b517cf220 cached: 0/0M, 0/0% in use; allocs: 5, 0% recycled; transfers: 8, 50% unfetced
11-03 22:38:54.709  3593 26417 I CCodecBufferChannel: [c2.android.raw.decoder#309] Created output block pool with allocatorID 16 => poolID 177 - OK
11-03 22:38:54.709  3593 26417 D CCodecBufferChannel: [c2.android.raw.decoder#309] Configured output block pool ids 177 => OK
11-03 22:38:54.711  1457 26175 I CompositorVR: WarpToScreen: Skipping frames for 15
11-03 22:38:54.716   836 26418 D SimpleC2Component: Using output block pool with poolID 177 => got 177 - 0
11-03 22:38:54.720   815 18477 D MediaBufferGroup: creating MemoryDealer
11-03 22:38:54.722  1457 26175 I CompositorVR: WarpToScreen: Skipping frames for 15
11-03 22:38:54.723  3593 26403 D NotificationsBadgeLiveData: MessageBadgeData, pullAndCheckNotifs, old data source notif count: 1, oc chats count: 0, messenger count: 0
11-03 22:38:54.733  1457 26175 I CompositorVR: WarpToScreen: Skipping frames for 15
11-03 22:38:54.735  1056  1099 W InputReader: Device has associated, but no associated display id.
11-03 22:38:54.744  1457 26175 I CompositorVR: WarpToScreen: Skipping frames for 15
11-03 22:38:54.745  1056  1099 W Looper  : Slow dispatch took 114ms android.ui h=android.hardware.display.DisplayManagerGlobal$DisplayListenerDelegate c=null m=1
11-03 22:38:54.748  1056  1101 W InputReader: Device has associated, but no associated display id.
11-03 22:38:54.748  1056  1101 I ActivityTaskManager: Override config changes=20005df8 {0.0 ?mcc?mnc ?localeList ?layoutDir sw88dp w640dp h88dp 200dpi nrml long land ?uimode ?night -touch qwerty/v/v -nav/h winConfig={ mBounds=Rect(0, 0 - 800, 110) mAppBounds=Rect(0, 0 - 800, 110) mWindowingMode=fullscreen mDisplayWindowingMode=fullscreen mActivityType=undefined mAlwaysOnTop=undefined mRotation=ROTATION_0}} for displayId=127
11-03 22:38:54.752   836  1941 D BufferPoolAccessor: Destruction - bufferpool2 0x2f19b59230 cached: 0/0M, 0/0% in use; allocs: 0, 0% recycled; transfers: 0, 0% unfetced
11-03 22:38:54.753   836  1941 V C2Store : in ~ComponentModule
11-03 22:38:54.753   836  1941 V C2Store : unloading dll
11-03 22:38:54.755  1457 26175 I CompositorVR: WarpToScreen: Skipping frames for 15
11-03 22:38:54.757  1056  1488 W ActivityManager: Unable to start service Intent { act=com.oculus.presence.StablePresenceService cmp=com.oculus.presence/.services.presence.PresenceService } U=0: not found
11-03 22:38:54.761  3593  3593 E PresenceAPK(ServiceApiManager): Enabling backward compatible mode for service directory
11-03 22:38:54.765  3593  3593 D PresenceAPK(PresenceClient): setEventListener id=AnchoredHomeGroup
11-03 22:38:54.766  3593  3593 I PresenceAPK(GroupManager): addListener for id AnchoredHomeGroup
11-03 22:38:54.766  3593  3593 I PanelService: BEGIN: nativeInitializePanelInstance - Configure and set up thread polling.
11-03 22:38:54.766  3593  3593 I PanelService: BEGIN: Call hosted app's Configure method.
11-03 22:38:54.766  3593  3593 I PanelService: END: Call hosted app's Configure method.
11-03 22:38:54.766  3593  3593 I PanelService: END: nativeInitializePanelInstance - Add fd 45 to looper with error code 1
11-03 22:38:54.766  3593  3593 D CppPanelService: END: Initializing panel application via MSG_CREATE_PANEL_APP.
11-03 22:38:54.766  3593  3593 D [SUI] LibraryPanelApp: Foregrounding LibraryPanelApp
11-03 22:38:54.766  3593  3593 V LifecycleAwarePanelApp: PanelApp lifecycle moved from state CREATED to state RESUMED. Moved through events ON_START and ON_RESUMED
11-03 22:38:54.766  1457 26175 I CompositorVR: WarpToScreen: Skipping frames for 15
11-03 22:38:54.767  3593  3593 I [SUI] AnytimeUIAndroidPanelApp: Bar visibility changed to true
11-03 22:38:54.767  3593  3593 I [SUI] AnytimeUIAndroidPanelApp: updateGuardianConfig - 1 - 0.44444448
11-03 22:38:54.767  3593  3593 I [SUI] AnytimeUIAndroidPanelApp: updateGuardianConfig - 2 - 0.21500002
11-03 22:38:54.767  3121  3306 I [SEO] PanelRenderLayer: ResetSurface #main 0 x 0 - shape:0 stereo:0
11-03 22:38:54.767  3593  3593 I [SUI] AnytimeUIAndroidPanelApp: updateGuardianConfig - 5 - 0.05
11-03 22:38:54.767  3593  3593 I [SUI] AnytimeUIAndroidPanelApp: updateGuardianConfig - 6 - 0.49999997
11-03 22:38:54.767  3593  3593 I [SUI] AnytimeUIAndroidPanelApp: updateGuardianConfig - 7 - 0.4
11-03 22:38:54.767  3593  3593 I [SUI] AnytimeUIAndroidPanelApp: updateGuardianConfig - 8 - 0.0
11-03 22:38:54.767  3593  3593 I [SUI] AnytimeUIAndroidPanelApp: updateGuardianConfig - 10 - 0.0
11-03 22:38:54.767  3593  3593 I [SUI] AnytimeUIAndroidPanelApp: updateGuardianConfig - 12 - 0.0
11-03 22:38:54.767  3593  3593 I [SUI] AnytimeUIAndroidPanelApp: updateGuardianConfig - 13 - 0.5
11-03 22:38:54.767  3593  3593 I [SUI] AnytimeUIAndroidPanelApp: updateGuardianConfig - 14 - 0.0
11-03 22:38:54.767  3593  3593 I [SUI] AnytimeUIAndroidPanelApp: updateGuardianConfig - 15 - 0.0
11-03 22:38:54.767  3593  3593 I [SUI] AnytimeUIAndroidPanelApp: updateGuardianConfig - 16 - 0.0
11-03 22:38:54.767  3593  3593 I [SUI] AnytimeUIAndroidPanelApp: updateGuardianConfig - 17 - 0.0
11-03 22:38:54.767  3593  3593 I [SUI] AnytimeUIAndroidPanelApp: updateGuardianConfig - 18 - 0.5
11-03 22:38:54.767  3593  3593 I [SUI] AnytimeUIAndroidPanelApp: updateGuardianConfig - 19 - 0.0
11-03 22:38:54.768  3593  3593 I [SUI] AnytimeUIAndroidPanelApp: updateGuardianConfig - 20 - 0.0
11-03 22:38:54.768  3593  3593 I [SUI] AnytimeUIAndroidPanelApp: updateGuardianConfig - 21 - 0.0
11-03 22:38:54.768  3593  3593 I [SUI] AnytimeUIAndroidPanelApp: updateGuardianConfig - 22 - 0.0
11-03 22:38:54.768  3593  3593 I [SUI] AnytimeUIAndroidPanelApp: updateGuardianConfig - 23 - 2.0
11-03 22:38:54.768  3593  3593 I [SUI] AnytimeUIAndroidPanelApp: updateGuardianConfig - 24 - 0.25
11-03 22:38:54.768  3593  3593 I [SUI] AnytimeUIAndroidPanelApp: updateGuardianConfig - 26 - 0.0
11-03 22:38:54.768  3593  3593 I [SUI] AnytimeUIAndroidPanelApp: updateGuardianConfig - 28 - 1.0
11-03 22:38:54.776  3593  3593 I AndroidPanelApp: Processing pending hide layer for layer #main.
11-03 22:38:54.776  3593  3593 I AndroidPanelApp: Processing pending show layer info for layer #main with width 800 and height 110.
11-03 22:38:54.776  3593  3593 I AndroidPanelApp: layerSupersample no changes
11-03 22:38:54.776  3593  3593 D CppPanelService: PanelService()
11-03 22:38:54.777  3593  3593 I AndroidPanelApp: Processing next frame action "layerShow" for layer "#main"
11-03 22:38:54.777  1457 26175 I CompositorVR: WarpToScreen: Skipping frames for 15
11-03 22:38:54.778  3121  3306 I [SEO] PanelAppHost: Setting panel layer visibility of layer "#main" to invisible, panel 43 (com.oculus.systemux/com.oculus.panelapp.anytimeui.AnytimeUIAndroidPanelService)
11-03 22:38:54.778  3121  3306 I [SEO] PanelAppHost: Resize layer #main to size 800 x 110 shape: 1 stereo: 0, panel 43 (com.oculus.systemux/com.oculus.panelapp.anytimeui.AnytimeUIAndroidPanelService)
11-03 22:38:54.778  3121  3306 I [SEO] PanelRenderLayer: ResetSurface #main 800 x 110 - shape:1 stereo:0
11-03 22:38:54.779  1056  1101 I DisplayManagerService: Display device changed state: "com.oculus.android_panel_app.AndroidPanelLayer-#main", ON
11-03 22:38:54.788  1457 26175 I CompositorVR: WarpToScreen: Skipping frames for 15
11-03 22:38:54.791  3121  3306 I [SEO] PanelAppAnalytics: First frame latency: 0.534 for id 43 com.oculus.systemux/com.oculus.panelapp.anytimeui.AnytimeUIAndroidPanelService
11-03 22:38:54.791  3121  3306 I [SEO] LayerSwapChainResource: LayerSwapChainResource 800,110 : 3
11-03 22:38:54.791  1457  2947 I VrRuntimeService: CreateSwapChain: 1704197069
11-03 22:38:54.791  1457  2947 I VrRuntimeService: CreateSwapChain: api:vk 0 0x2b 800 110 10 3 1 4 3
11-03 22:38:54.791  1457  2947 W SwapChain_Vulkan: CreateTextureSwapChainFoveationVulkan: ShouldCreateFragmentDensityMap: false
11-03 22:38:54.791  1457  2947 W SwapChain_Vulkan: ExportTextureResourcesFoveationVulkan: chain->VkInteropFoveation.Device == nullptr
11-03 22:38:54.791  1457  2947 W SwapChain: CreateTextureSwapChainFoveation: export failed
11-03 22:38:54.792  1457  2947 I VrRuntimeServer: CreateTextureSwapChain: result importswapchaingles 1
11-03 22:38:54.793  2112  3675 I SwapChain_Vulkan: Imported texture has requirements 3, ends up index 0
11-03 22:38:54.793  2112  3675 I chatty  : uid=10014(com.oculus.shellenv) Thread-28 identical 1 line
11-03 22:38:54.793  2112  3675 I SwapChain_Vulkan: Imported texture has requirements 3, ends up index 0
11-03 22:38:54.793  2112  3675 W VrRuntimeClient: CreateTextureSwapChain: Failed to import foveation swapchain
11-03 22:38:54.795  1457  2947 I VrRuntimeService: UpdateSwapChainSamplerState: 428
11-03 22:38:54.795  1457  2947 I VrRuntimeService: UpdateSwapChainSamplerState: minFilter=1 magFilter=1 wrapModeS=3 warpModeT=3 maxAniso=1.000000 border={0.000000,0.000000,0.000000,0.000000} swizzle={0,1,2,3}
11-03 22:38:54.798  1056 26358 E WindowManager: App trying to use insecure INPUT_FEATURE_NO_INPUT_CHANNEL flag. Ignoring
11-03 22:38:54.800  1457 26175 I CompositorVR: WarpToScreen: Skipping frames for 15
11-03 22:38:54.805  3593  3593 D [SUI] AnytimeUIAndroidPanelApp: Received appStatus from VrShell: [{"name":"com.oculus.systemux\/com.oculus.panelapp.library.LibraryPanelService","panels":[{"panelId":39,"state":"Focused"}]}]
11-03 22:38:54.806  3593  3593 D CppPanelService: onBind()
11-03 22:38:54.811  1457 26175 I CompositorVR: WarpToScreen: Skipping frames for 15
11-03 22:38:54.818  3121  3121 D [SEO] PanelServiceConnection: onSeviceConnected - component name (ComponentInfo{com.oculus.systemux/com.oculus.panelapp.controlbar.ControlBarPanelService}), panel app id (44)
11-03 22:38:54.818  3121  3121 D [SEO] ShellApplication: notify OS to set com.oculus.systemux/com.oculus.panelapp.controlbar.ControlBarPanelService to FOREGROUND
11-03 22:38:54.822  1457 26175 I CompositorVR: WarpToScreen: Skipping frames for 15
11-03 22:38:54.828  3121  3121 I [SEO] PanelServiceConnection: verifyFirstPartyUID(Debug Signatures=false, uid=10026) => apkSignatureResult=SigCertInfo(isTrusted=true, packageNames=[com.oculus.systemux], fingerprint sha1=98a1809f3c3e79170e5df8135b500ecfa39df1be, fingerprint sha256=012f8165c191efe8fb0d6d4606aa4abac14d77d1d97d5340860c9f81045aa157, signature=308205cf308203b7a0030201020204097e91c1300d06092a864886f70d01010b0500308197310b3009060355040613025553311330110603550408130a43616c69666f726e6961311330110603550407130a4d656e6c6f205061726b31233021060355040a131a46616365626f6f6b20546563686e6f6c6f676965732c204c4c4331233021060355040b131a46616365626f6f6b20546563686e6f6c6f676965732c204c4c43311430120603550403130b4f63756c75732041707073301e170d3139303730343131333935315a170d3436313131393131333935315a308197310b3009060355040613025553311330110603550408130a43616c69666f726e6961311330110603550407130a4d656e6c6f205061726b31233021060355040a131a46616365626f6f6b20546563686e6f6c6f676965732c204c4c4331233021060355040b131a46616365626f6f6b20546563686e6f6c6f676965732c204c4c43311430120603550403130b4f63756c7573204170707330820222300d06092a864886f70d01010105000382020f003082020a0282020100b815642a5c201c8da044905dafbb06c05fddb75449cc75a716a0434da0493a52a4d60643532c237e76cb41d2c32a5e4474f12b37f632a809b5a5ceb8c6289ecf828e736b4ec452b1c2757bd0b5ed13eff5a7a47ab2ef6cdf60a8d749e9e8603f30d12b5db8f734c57578a2a4ce5ff5737c1f02c629d2dcb4f82726674663a699de94463ff370fa9eb48158831bf0b68bd6ec84293182d52e860bdd81bb9ce9cdd6a77fea0df25004da34d3cce7a31069646aa4628fba9ccb0952163793be9a4edf49a53f83179c2f44d8c87d6c129e8d590af0f3fced26201ee43b31fccd93b497cd198c5cd1f98d64c4f7ad79ca47278c02652d5dc072a99807e22f473f7bae4da2bafcae48cd49ad55a764b8d39f329f6175eac9074307deff48b1c4a6e19b748766617768c31a17feae8478eb7f9ebfb61af2b9f5a692b636342d7ebc53d7146626b51801b5a0a102e281475decdefb8683d0ca2843dc7aaeb6759bcab0dcba38db44f5d7f797a1c9c02dd159c0e3c72b14dc882d31c24ad8abee4ce0f7f0205e05efef551e2551a61e96636ed5dfd7435d3d24f5a130a12f10452cc954aa770d5d95e3e0cb9d7b05c5506a7947f8ff3437b3d82274fdaa156d85bfb7fbcb4fa5557080fedab86520b71d3d533e7bb3e7e3ebe9712b68e755d700b0afbf7595ffa80a6b3d90bfe599769138ee6515df415e32c0abed2b8e4aea1f47351f490203010001a321301f301d0603551d0e04160414a3c939e6b71c43bc9193f773c0351be1aff311f9300d06092a864886f70d01010b050003820201004e4c865231f2a3583c6af9488ecf9aa96b1ee84e2d7bfad00581537dc70c54ecfcf360e563d018efa4cdd77bf6fc4c9f1a20ebd4215cf1538686d4089bdcc8adb6ae4497ead14b0c18efd52ce93357019973e94e16b3326c60885b1bdc5f9cad1098f16732935876d8d19bda3ceeaaa69a83c4e2231710c6735f88abdfffe3dfa2be3f18f894923441b4e4a9c9664ed6294c16d7c073547063bfdbbefad184a001f1dce2feffdc96d10eb16a3bfbcd382cd297ca3b4edb7ebacd1a9931a1368a5157ceaebbca5b39bd5db5461a340db8ec076d38a94bcdd042bfb51388158ba97a49b631c1762fa746c7bb36eaf15cae23fa993cfb052e824f2ae173ea27b50a6cca91eb955f4faf131514757e5a3ecae9df6d23771279b7742f28fb9ce394eb9e03926f550716f1312355a5efdc479d8347b516cff55cb14307c81280142cacf2fd6562a2baacbfc97869272b1c51abf79121de8bab227e001313d4115eb9b33a332ebb34e290f14b5352ef1038f7a5f3740c9d1136b3526de4331deb4fa529c36a17c04c3e64d4f6ebda73d6e6e18281e3948fd11e685eab6611be1bc62839bce5962715e7f6537e6c083bcd3538d17407b26c850cd6b3f5e2149fdef027a6cfb7ed0f93c928aca14927b10c6a3f104ba1b10413af8b1868b84a004e5ddd065fff26a7bb3c818bb5a2d69aedf9441ef9033efae3ef52282a96f66d4b4ff3f2)
11-03 22:38:54.830  3593  3612 I CppPanelService: verifyVrShellUID(Debug Signatures=false, uid=10020) => apkSignatureResult=SigCertInfo(isTrusted=true, packageNames=[com.oculus.vrshell], fingerprint sha1=331660b6dd3bd582f3dfd3cbae4546724668a021, fingerprint sha256=dc2f834e3c1942378b14f076c82cd1ab59ea6566bff4730b2047e98efc9f9daf, signature=3082038d30820275a00302010202041303858a300d06092a864886f70d01010b05003077310b3009060355040613025553310b3009060355040813024341311330110603550407130a4d656e6c6f205061726b31173015060355040a130e4f63756c75732056522c204c4c4331173015060355040b130e4f63756c75732056522c204c4c43311430120603550403130b4f63756c75732041707073301e170d3134313033303231343032315a170d3432303331373231343032315a3077310b3009060355040613025553310b3009060355040813024341311330110603550407130a4d656e6c6f205061726b31173015060355040a130e4f63756c75732056522c204c4c4331173015060355040b130e4f63756c75732056522c204c4c43311430120603550403130b4f63756c7573204170707330820122300d06092a864886f70d01010105000382010f003082010a0282010100a34c7fbd96dea95d811f21a0d760cabca85f2df5dbe19b62aca7a3e3e0b6e48f7e173345f2753c458d639cc2e222eeee4cfb5e89ac1c5060044414056709a43a7f1a6f1e4f2c3d708c48912634be08ad6da1fff92d9c0d4b85e4bc8a8b1c27de84c04eb1e6577c10693500af46beaf7bd2ce72a06a46f4e565859f242cecbef1a431ae8096db712cebe73840bacc64de6b99077ba1ca8c20e5d0b4870bd161f087abbf568dfef58e604068ca6f7cdea183c8681c306bc30cb223e7c5ce3a2fcf00d13e158475b3700ef62dcca46c57baecca4d91052e20b861a1a085d5fc8e99aed8c4a9cfd550d01e54ef5062133befcf7f9ea6a5a1d1575a72cd82279f34030203010001a321301f301d0603551d0e04160414ec7ccdaf8ccdc6dd1b87d4b561582ad8ec397b80300d06092a864886f70d01010b0500038201010014c557ecddc17ba8b979618036e7093b8e7307f624644532c31239f4dc83fd9424267ca7670fa9f78689cbc5bfd8a6312fdc214bd159d614a8753ceec0f2b2d9166217895b13c992e1d10ca625a3153dacfa51dbdb7fde139bd59510f5add29f88be3826b445ce7386dcf06577be72fbdf118fa81179091fad275981409e02d40422d8e86df5827a2c496a4b905b4825c3f1ba0af4cf509bf9b0d4d608cf0b4320ac60d1a8cbcc384de24f11a4c93c0fc5b887cbd6855871af1b1ef729c51a8a123efc6a627b6494e81a264587443b9156ad17772863c2f9685fae9c72a552b333f8ef2822bce5d4d178e45b3a8dd4e321924f6a5ba43f732971a9e74cbf0433), time=1 ms
11-03 22:38:54.831  3593  3593 D [SUI] ActivityManagerUtilsHelper: onFocusedWindowChanged: Instance: com.oculus.panelapp.anytimeui.utils.ActivityManagerUtilsHelper@5182c69, topWindowUid: 10020, focusedApp: com.oculus.vrshell, previousApp: null
11-03 22:38:54.831  3593  3593 D [SUI] AnytimeUIBroadcastReceiver: action: com.oculus.systemactivities.CAPTURE_STATE_UPDATE
11-03 22:38:54.831  3593  3593 I [SUI] AnytimeUIBroadcastReceiver: handleCaptureStateUpdate: captureToDisk false, captureEnabled false, isCapturingAbuseReport false, abuseRecordingUUID null
11-03 22:38:54.831  3593  3593 I Choreographer: Skipped 51 frames!  The application may be doing too much work on its main thread.
11-03 22:38:54.833  1457 26175 I CompositorVR: WarpToScreen: Skipping frames for 15
11-03 22:38:54.855  1457 26175 I chatty  : uid=10025(com.oculus.systemdriver) OVR::TimeWarp identical 2 lines
11-03 22:38:54.866  1457 26175 I CompositorVR: WarpToScreen: Skipping frames for 15
11-03 22:38:54.869  3593  3593 I PresenceAPK(ServiceApiManager): onServiceConnected componentName=ComponentInfo{com.oculus.presence/com.oculus.presence.service.PresenceService}
11-03 22:38:54.871  3593  3593 I PresenceAPK(ServiceApiManager): setting apiStatusListener
11-03 22:38:54.871  3593  3593 D [SUI] AnytimeUIBroadcastReceiver: action: com.oculus.systemactivities.LOCAL_STREAM_STATE_UPDATE
11-03 22:38:54.871  3593  3612 I PresenceAPK(ServiceApiManager): onApiReady
11-03 22:38:54.871  3593  3593 D [SUI] ScreenCaptureUtil: onLocalStreamStateUpdate(isCaptureRunning = false)
11-03 22:38:54.871  3593  3593 I chatty  : uid=10026 com.oculus.systemux:SystemUX identical 6 lines
11-03 22:38:54.871  3593  3593 D [SUI] ScreenCaptureUtil: onLocalStreamStateUpdate(isCaptureRunning = false)
11-03 22:38:54.877  3593  3593 D [SUI] AnytimeUIBroadcastReceiver: action: com.oculus.systemactivities.CAPTURE_STATE_UPDATE
11-03 22:38:54.877  3593  3593 I [SUI] AnytimeUIBroadcastReceiver: handleCaptureStateUpdate: captureToDisk false, captureEnabled false, isCapturingAbuseReport false, abuseRecordingUUID null
11-03 22:38:54.877  3593  3593 D [SUI] AnytimeUIBroadcastReceiver: action: com.oculus.systemactivities.LOCAL_STREAM_STATE_UPDATE
11-03 22:38:54.878  3593  3593 D [SUI] ScreenCaptureUtil: onLocalStreamStateUpdate(isCaptureRunning = false)
11-03 22:38:54.878  3593  3593 I chatty  : uid=10026 com.oculus.systemux:SystemUX identical 6 lines
11-03 22:38:54.878  3593  3593 D [SUI] ScreenCaptureUtil: onLocalStreamStateUpdate(isCaptureRunning = false)
11-03 22:38:54.878  1457 26175 I CompositorVR: WarpToScreen: Skipping frames for 15
11-03 22:38:54.878  3593  3593 D HyperspaceClient: onCallsInfoChanged: []
11-03 22:38:54.878  3593  3593 V [SUI] BarView: Notifs badge count: 1, Messenger badge count 0
11-03 22:38:54.878  3593  3593 I PresenceAPK(ServiceApiManager): onServiceConnected componentName=ComponentInfo{com.oculus.presence/com.oculus.presence.service.PresenceService}
11-03 22:38:54.879  3593  3593 I PresenceAPK(ServiceApiManager): setting apiStatusListener
11-03 22:38:54.880  3593 17285 I PresenceAPK(ServiceApiManager): onApiReady
11-03 22:38:54.880  3593  3593 D CppPanelService: BEGIN: Initializing panel application via MSG_CREATE_PANEL_APP.
11-03 22:38:54.881  3593  3593 I AndroidPanelApp: Created
11-03 22:38:54.881  3593  3593 I [SUI] ControlBarPanelApp: Create control bar panel app.
11-03 22:38:54.881  3593  3593 I PanelService: BEGIN: nativeInitializePanelInstance - Configure and set up thread polling.
11-03 22:38:54.881  3593  3593 I PanelService: BEGIN: Call hosted app's Configure method.
11-03 22:38:54.881  3593  3593 I PanelService: END: Call hosted app's Configure method.
11-03 22:38:54.881  3593  3593 I PanelService: END: nativeInitializePanelInstance - Add fd 40 to looper with error code 1
11-03 22:38:54.881  3593  3593 D CppPanelService: END: Initializing panel application via MSG_CREATE_PANEL_APP.
11-03 22:38:54.881  3593  3593 W [SUI] AsyncQueryHandlerBase: Callback reference is null
11-03 22:38:54.889  1457 26175 I CompositorVR: WarpToScreen: Skipping frames for 15
11-03 22:38:54.889  3121  3306 I [SEO] PanelRenderLayer: ResetSurface #main 0 x 0 - shape:0 stereo:0
11-03 22:38:54.900  3593  3593 D [SUI] ControlBarViewModel: Constructing ViewModel for barId: controlbar2
11-03 22:38:54.900  3593  3593 I AndroidPanelApp: HideLayer(controlbar2, shape: 2, shouldMinimizeLayer: false)
11-03 22:38:54.900  1457 26175 I CompositorVR: WarpToScreen: Skipping frames for 15
11-03 22:38:54.900  3121  3306 I [SEO] PanelAppHost: Setting panel layer visibility of layer "#main" to visible, panel 43 (com.oculus.systemux/com.oculus.panelapp.anytimeui.AnytimeUIAndroidPanelService)
11-03 22:38:54.901  1056 15730 I DisplayManagerService: Display device added: DisplayDeviceInfo{"com.oculus.android_panel_app.AndroidPanelLayer-controlbar2": uniqueId="virtual:com.oculus.systemux,10026,com.oculus.android_panel_app.AndroidPanelLayer-controlbar2,0", 1250 x 50, modeId 189, defaultModeId 189, supportedModes [{id=189, width=1250, height=50, fps=60.0}], colorMode 0, supportedColorModes [0], HdrCapabilities null, density 200, 200.0 x 200.0 dpi, appVsyncOff 0, presDeadline 16666666, touch NONE, rotation 0, type VIRTUAL, state OFF, owner com.oculus.systemux (uid 10026), FLAG_PRIVATE, FLAG_NEVER_BLANK, FLAG_OWN_CONTENT_ONLY}
11-03 22:38:54.911  1457 26175 I CompositorVR: WarpToScreen: Skipping frames for 15
11-03 22:38:54.922  1457 26175 I CompositorVR: WarpToScreen: Skipping frames for 15
11-03 22:38:54.923  3593  3593 I [SUI] ControlBarView: ControlBarView created
11-03 22:38:54.923  3593 26403 W OVRLibrary: null cursor received for query content://com.oculus.ocms.library/apps/library_system_app
11-03 22:38:54.924  3593 17285 I PresenceAPK(ServicePresenceClient): calling onServiceUp
11-03 22:38:54.924  1656 26415 W ContextImpl: Calling a method in the system process without a qualified user: android.app.ContextImpl.sendBroadcast:1057 android.content.ContextWrapper.sendBroadcast:448 X.o0.A00:133 X.nZ.A00:17 X.nZ.handleMessage:91 
11-03 22:38:54.925  3593  3593 I [SUI] ControlBarView: Initializing ControlBarViewcontrolbar2
11-03 22:38:54.931  1056 15730 I DisplayManagerService: Display device removed: DisplayDeviceInfo{"com.oculus.android_panel_app.AndroidPanelLayer-controlbar2": uniqueId="virtual:com.oculus.systemux,10026,com.oculus.android_panel_app.AndroidPanelLayer-controlbar2,0", 1250 x 50, modeId 189, defaultModeId 189, supportedModes [{id=189, width=1250, height=50, fps=60.0}], colorMode 0, supportedColorModes [0], HdrCapabilities null, density 200, 200.0 x 200.0 dpi, appVsyncOff 0, presDeadline 16666666, touch NONE, rotation 0, type VIRTUAL, state OFF, owner com.oculus.systemux (uid 10026), FLAG_PRIVATE, FLAG_NEVER_BLANK, FLAG_OWN_CONTENT_ONLY}
11-03 22:38:54.932  3593  3612 I PresenceAPK(ServicePresenceClient): calling onServiceUp
11-03 22:38:54.933  1457 26175 I CompositorVR: WarpToScreen: Skipping frames for 15
11-03 22:38:54.937  1056  1651 I DisplayManagerService: Display device added: DisplayDeviceInfo{"com.oculus.android_panel_app.AndroidPanelLayer-controlbar2": uniqueId="virtual:com.oculus.systemux,10026,com.oculus.android_panel_app.AndroidPanelLayer-controlbar2,0", 1000 x 50, modeId 190, defaultModeId 190, supportedModes [{id=190, width=1000, height=50, fps=60.0}], colorMode 0, supportedColorModes [0], HdrCapabilities null, density 200, 200.0 x 200.0 dpi, appVsyncOff 0, presDeadline 16666666, touch NONE, rotation 0, type VIRTUAL, state OFF, owner com.oculus.systemux (uid 10026), FLAG_PRIVATE, FLAG_NEVER_BLANK, FLAG_OWN_CONTENT_ONLY}
11-03 22:38:54.942  3593  3593 I AndroidPanelApp: Processing pending hide layer for layer controlbar2.
11-03 22:38:54.942  3593  3593 I AndroidPanelApp: Processing pending show layer info for layer controlbar2 with width 1000 and height 50.
11-03 22:38:54.942  3593  3593 I AndroidPanelApp: layerSupersample no changes
11-03 22:38:54.942  3593 26420 W OVRLibrary: null cursor received for query content://com.oculus.ocms.library/apps/com.oculus.shellenv
11-03 22:38:54.944  1457 26175 I CompositorVR: WarpToScreen: Skipping frames for 15
11-03 22:38:54.946  3121  3306 I [SEO] PanelAppHost: Setting panel layer visibility of layer "controlbar2" to invisible, panel 44 (com.oculus.systemux/com.oculus.panelapp.controlbar.ControlBarPanelService)
11-03 22:38:54.946  3121  3306 I [SEO] PanelAppHost: Resize layer controlbar2 to size 1000 x 50 shape: 2 stereo: 0, panel 44 (com.oculus.systemux/com.oculus.panelapp.controlbar.ControlBarPanelService)
11-03 22:38:54.946  3121  3306 I [SEO] PanelRenderLayer: ResetSurface controlbar2 1000 x 50 - shape:2 stereo:0
11-03 22:38:54.947  3593  3593 I AndroidPanelApp: Processing next frame action "layerShow" for layer "controlbar2"
11-03 22:38:54.956  1457 26175 I CompositorVR: WarpToScreen: Skipping frames for 15
11-03 22:38:54.967  1457 26175 I CompositorVR: WarpToScreen: Skipping frames for 15
11-03 22:38:54.967  1056  1099 W InputReader: Device has associated, but no associated display id.
11-03 22:38:54.978  1457 26175 I CompositorVR: WarpToScreen: Skipping frames for 15
11-03 22:38:54.987  1056  1101 I DisplayManagerService: Display device changed state: "com.oculus.android_panel_app.AndroidPanelLayer-controlbar2", ON
11-03 22:38:54.989  1457 26175 I CompositorVR: WarpToScreen: Skipping frames for 15
11-03 22:38:54.991  3121  3306 I [SEO] LayerSwapChainResource: LayerSwapChainResource 1000,50 : 3
11-03 22:38:54.991  1457  2947 I VrRuntimeService: CreateSwapChain: 1704197069
11-03 22:38:54.991  1457  2947 I VrRuntimeService: CreateSwapChain: api:vk 0 0x2b 1000 50 10 3 1 4 3
11-03 22:38:54.992  1457  2947 W SwapChain_Vulkan: CreateTextureSwapChainFoveationVulkan: ShouldCreateFragmentDensityMap: false
11-03 22:38:54.992  1457  2947 W SwapChain_Vulkan: ExportTextureResourcesFoveationVulkan: chain->VkInteropFoveation.Device == nullptr
11-03 22:38:54.992  1457  2947 W SwapChain: CreateTextureSwapChainFoveation: export failed
11-03 22:38:54.992  1457  2947 I VrRuntimeServer: CreateTextureSwapChain: result importswapchaingles 1
11-03 22:38:54.993  2112  3675 I SwapChain_Vulkan: Imported texture has requirements 3, ends up index 0
11-03 22:38:54.993  2112  3675 I chatty  : uid=10014(com.oculus.shellenv) Thread-28 identical 1 line
11-03 22:38:54.993  2112  3675 I SwapChain_Vulkan: Imported texture has requirements 3, ends up index 0
11-03 22:38:54.994  2112  3675 W VrRuntimeClient: CreateTextureSwapChain: Failed to import foveation swapchain
11-03 22:38:54.996  1457  2947 I VrRuntimeService: UpdateSwapChainSamplerState: 429
11-03 22:38:54.996  1457  2947 I VrRuntimeService: UpdateSwapChainSamplerState: minFilter=1 magFilter=1 wrapModeS=3 warpModeT=3 maxAniso=1.000000 border={0.000000,0.000000,0.000000,0.000000} swizzle={0,1,2,3}
11-03 22:38:55.000  1457 26175 I CompositorVR: WarpToScreen: Skipping frames for 15
11-03 22:38:55.001   865 20341 I [CT]    : CONSTELLATION:IMU_STATUS: 729165a0fe4054d7 (R): [FusionTracked=1.000, OutputTracked=1.000, OutputValid=1.000] [AccelSat=0.000, GyroSat=0.000] 
11-03 22:38:55.004  3121 26394 I Telemetry: App memory usage: PSS=65 MiB, PrivateDirty=44 MiB, PrivateClean=1 MiB, GPU=6.8/7.0 MiB (98% allocated)
11-03 22:38:55.005  2112 26386 I Telemetry: App memory usage: PSS=315 MiB, PrivateDirty=271 MiB, PrivateClean=30 MiB, GPU=66.4/66.8 MiB (100% allocated)
11-03 22:38:55.011  1457 26175 I CompositorVR: WarpToScreen: Skipping frames for 15
11-03 22:38:55.022  1457 26175 I CompositorVR: WarpToScreen: Skipping frames for 15
11-03 22:38:55.024  2112 26386 I VrApi   : FPS=72/90,Prd=0ms,Tear=0,Early=1,Stale=2,VSnc=0,Lat=-1,Fov=0,CPU4/GPU=4/4,2419/525MHz,OC=FF,TA=0/70/0,SP=N/F/N,Mem=2092MHz,Free=3224MB,PLS=0,Temp=30.0C/0.0C,TW=2.41ms,App=5.94ms,GD=0.13ms,CPU&GPU=0.00ms,LCnt=2(DR0,LM0),GPU%=0.57,CPU%=0.35(W0.47),DSF=1.00,CFL=15.05/27.76
11-03 22:38:55.027   865 20341 I [CT]    : CONSTELLATION:IMU_STATUS: 86557c336c360320 (L): [FusionTracked=0.337, OutputTracked=0.337, OutputValid=1.000] [AccelSat=0.000, GyroSat=0.000] 
11-03 22:38:55.027 25954 26271 I VrApi   : FPS=72/72,Prd=60ms,Tear=0,Early=72,Stale=0,VSnc=1,Lat=1,Fov=0,CPU4/GPU=4/4,2419/525MHz,OC=FF,TA=0/F/F,SP=N/N/N,Mem=2092MHz,Free=3260MB,PLS=0,Temp=30.0C/0.0C,TW=2.88ms,App=2.22ms,GD=0.00ms,CPU&GPU=4.61ms,LCnt=1(DR72,LM0),GPU%=0.40,CPU%=0.29(W0.32),DSF=1.00,CFL=19.68/21.63
11-03 22:38:55.030  3593 17285 I PresenceAPK(PresenceClient): onServiceUp
11-03 22:38:55.030  3593 17285 I PresenceAPK(GroupManager): onConnected
11-03 22:38:55.031  3593 20501 I PresenceAPK(GroupManager): initialEnumerationFinished
11-03 22:38:55.031  3593 20501 I PresenceAPK(GroupManager): no reconnect groups
11-03 22:38:55.031  1056  1099 W Looper  : Slow dispatch took 129ms android.ui h=android.hardware.display.DisplayManagerGlobal$DisplayListenerDelegate c=null m=1
11-03 22:38:55.033  1056  4349 W InputReader: Device has associated, but no associated display id.
11-03 22:38:55.034  1457 26175 I CompositorVR: WarpToScreen: Skipping frames for 15
11-03 22:38:55.045  1457 26175 I CompositorVR: WarpToScreen: Skipping frames for 15
11-03 22:38:55.056  1457 26175 I chatty  : uid=10025(com.oculus.systemdriver) OVR::TimeWarp identical 1 line
11-03 22:38:55.065  1056  4349 E WindowManager: App trying to use insecure INPUT_FEATURE_NO_INPUT_CHANNEL flag. Ignoring
11-03 22:38:55.067  1457 26175 I CompositorVR: WarpToScreen: Skipping frames for 15
11-03 22:38:55.067  1656 26411 W ContextImpl: Calling a method in the system process without a qualified user: android.app.ContextImpl.sendBroadcast:1057 android.content.ContextWrapper.sendBroadcast:448 X.o0.A00:133 X.nZ.A00:17 X.nZ.handleMessage:91 
11-03 22:38:55.074  1056  1101 W InputReader: Device has associated, but no associated display id.
11-03 22:38:55.074  1056  1101 I ActivityTaskManager: Override config changes=20005df8 {0.0 ?mcc?mnc ?localeList ?layoutDir sw40dp w800dp h40dp 200dpi nrml long land ?uimode ?night -touch qwerty/v/v -nav/h winConfig={ mBounds=Rect(0, 0 - 1000, 50) mAppBounds=Rect(0, 0 - 1000, 50) mWindowingMode=fullscreen mDisplayWindowingMode=fullscreen mActivityType=undefined mAlwaysOnTop=undefined mRotation=ROTATION_0}} for displayId=129
11-03 22:38:55.074  1056  1101 I WindowManager: Screen frozen for +34ms due to new-config
11-03 22:38:55.078  1457 26175 I CompositorVR: WarpToScreen: Skipping frames for 15
11-03 22:38:55.089  1457 26175 I chatty  : uid=10025(com.oculus.systemdriver) OVR::TimeWarp identical 1 line
11-03 22:38:55.100  1457 26175 I CompositorVR: WarpToScreen: Skipping frames for 15
11-03 22:38:55.107  3593  3612 I PresenceAPK(PresenceClient): onServiceUp
11-03 22:38:55.107  3593  3612 I PresenceAPK(GroupManager): onConnected
11-03 22:38:55.109  3593 20501 I PresenceAPK(GroupManager): initialEnumerationFinished
11-03 22:38:55.109  3593 20501 I PresenceAPK(GroupManager): no reconnect groups
11-03 22:38:55.112  1457 26175 I CompositorVR: WarpToScreen: Skipping frames for 15
11-03 22:38:55.122  3593  3593 D [SUI] SystemUXFunnelLogServerLogger: Impression Event: oculus_impressions_tile_impressioned LogInfo{duration=0, mLogId='com.oculus.explore', mContentType=APP, mPosX=0, mPosy=0, mGlobalPos=0, mSurface=AUI, mSubSurface=null, mClickEventType=null}
11-03 22:38:55.123  3593  3593 D [SUI] SystemUXFunnelLogServerLogger: Impression Event: oculus_impressions_tile_impressioned LogInfo{duration=0, mLogId='com.oculus.store', mContentType=APP, mPosX=1, mPosy=0, mGlobalPos=1, mSurface=AUI, mSubSurface=null, mClickEventType=null}
11-03 22:38:55.123  3593  3593 D [SUI] SystemUXFunnelLogServerLogger: Impression Event: oculus_impressions_tile_impressioned LogInfo{duration=0, mLogId='messenger_system_app', mContentType=APP, mPosX=2, mPosy=0, mGlobalPos=2, mSurface=AUI, mSubSurface=null, mClickEventType=null}
11-03 22:38:55.123  3593  3593 D [SUI] SystemUXFunnelLogServerLogger: Impression Event: oculus_impressions_tile_impressioned LogInfo{duration=0, mLogId='share_system_app', mContentType=APP, mPosX=3, mPosy=0, mGlobalPos=3, mSurface=AUI, mSubSurface=null, mClickEventType=null}
11-03 22:38:55.123  1457 26175 I CompositorVR: WarpToScreen: Skipping frames for 15
11-03 22:38:55.134  1457 26175 I CompositorVR: WarpToScreen: Skipping frames for 15
11-03 22:38:55.135  3121  3306 I [SEO] PanelAppHost: Setting panel layer visibility of layer "controlbar2" to visible, panel 44 (com.oculus.systemux/com.oculus.panelapp.controlbar.ControlBarPanelService)
11-03 22:38:55.145  1457 26175 I CompositorVR: WarpToScreen: Skipping frames for 15
11-03 22:38:55.156  1457 26175 I CompositorVR: WarpToScreen: Skipping frames for 15
11-03 22:38:55.163  3593  3593 D [SUI] SystemUXFunnelLogServerLogger: VPV Event: oculus_impressions_tile_vpved LogInfo{duration=250, mLogId='com.oculus.explore', mContentType=APP, mPosX=0, mPosy=0, mGlobalPos=0, mSurface=AUI, mSubSurface=null, mClickEventType=null}
11-03 22:38:55.163  3593  3593 D [SUI] SystemUXFunnelLogServerLogger: VPV Event: oculus_impressions_tile_vpved LogInfo{duration=250, mLogId='com.oculus.store', mContentType=APP, mPosX=1, mPosy=0, mGlobalPos=1, mSurface=AUI, mSubSurface=null, mClickEventType=null}
11-03 22:38:55.163  3593  3593 D [SUI] SystemUXFunnelLogServerLogger: VPV Event: oculus_impressions_tile_vpved LogInfo{duration=250, mLogId='messenger_system_app', mContentType=APP, mPosX=2, mPosy=0, mGlobalPos=2, mSurface=AUI, mSubSurface=null, mClickEventType=null}
11-03 22:38:55.163  3593  3593 D [SUI] SystemUXFunnelLogServerLogger: VPV Event: oculus_impressions_tile_vpved LogInfo{duration=250, mLogId='share_system_app', mContentType=APP, mPosX=3, mPosy=0, mGlobalPos=3, mSurface=AUI, mSubSurface=null, mClickEventType=null}
11-03 22:38:55.167  1457 26175 I CompositorVR: WarpToScreen: Skipping frames for 15
11-03 22:38:55.223  1457 26175 I chatty  : uid=10025(com.oculus.systemdriver) OVR::TimeWarp identical 5 lines
11-03 22:38:55.234  1457 26175 I CompositorVR: WarpToScreen: Skipping frames for 15
11-03 22:38:55.238  2112 26426 D CCodec  : allocate(c2.android.vorbis.decoder)
11-03 22:38:55.238   836 20472 V C2Store : in init
11-03 22:38:55.238   836 20472 V C2Store : loading dll
11-03 22:38:55.245  1457 26175 I CompositorVR: WarpToScreen: Skipping frames for 15
11-03 22:38:55.254  2112 26426 I CCodec  : Created component [c2.android.vorbis.decoder]
11-03 22:38:55.255  2112 26426 D CCodecConfig: read media type: audio/vorbis
11-03 22:38:55.256  1457 26175 I CompositorVR: WarpToScreen: Skipping frames for 15
11-03 22:38:55.265  2112 26426 D ReflectedParamUpdater: extent() != 1 for single value type: algo.buffers.max-count.values
11-03 22:38:55.266  1656 26424 W ContextImpl: Calling a method in the system process without a qualified user: android.app.ContextImpl.sendBroadcast:1057 android.content.ContextWrapper.sendBroadcast:448 X.o0.A00:133 X.nZ.A00:17 X.nZ.handleMessage:91 
11-03 22:38:55.266  2112 26426 D ReflectedParamUpdater: extent() != 1 for single value type: output.subscribed-indices.values
11-03 22:38:55.266  2112 26426 D ReflectedParamUpdater: extent() != 1 for single value type: input.buffers.allocator-ids.values
11-03 22:38:55.267  1457 26175 I CompositorVR: WarpToScreen: Skipping frames for 15
11-03 22:38:55.269  2112 26426 D ReflectedParamUpdater: extent() != 1 for single value type: output.buffers.allocator-ids.values
11-03 22:38:55.269  2112 26426 D ReflectedParamUpdater: extent() != 1 for single value type: algo.buffers.allocator-ids.values
11-03 22:38:55.270  2112 26426 D ReflectedParamUpdater: extent() != 1 for single value type: output.buffers.pool-ids.values
11-03 22:38:55.270  2112 26426 D ReflectedParamUpdater: extent() != 1 for single value type: algo.buffers.pool-ids.values
11-03 22:38:55.272  2112 26426 I CCodecConfig: query failed after returning 7 values (BAD_INDEX)
11-03 22:38:55.272  2112 26426 D CCodecConfig: c2 config diff is Dict {
11-03 22:38:55.272  2112 26426 D CCodecConfig:   c2::u32 coded.bitrate.value = 64000
11-03 22:38:55.272  2112 26426 D CCodecConfig:   c2::u32 input.buffers.max-size.value = 32768
11-03 22:38:55.272  2112 26426 D CCodecConfig:   c2::u32 input.delay.value = 0
11-03 22:38:55.272  2112 26426 D CCodecConfig:   string input.media-type.value = "audio/vorbis"
11-03 22:38:55.272  2112 26426 D CCodecConfig:   string output.media-type.value = "audio/raw"
11-03 22:38:55.272  2112 26426 D CCodecConfig:   c2::u32 raw.channel-count.value = 1
11-03 22:38:55.272  2112 26426 D CCodecConfig:   c2::u32 raw.sample-rate.value = 48000
11-03 22:38:55.272  2112 26426 D CCodecConfig: }
11-03 22:38:55.272  2112 26426 D CCodecConfig: no c2 equivalents for durationUs
11-03 22:38:55.272  2112 26426 D CCodecConfig: no c2 equivalents for csd-1
11-03 22:38:55.272  2112 26426 D CCodecConfig: no c2 equivalents for track-id
11-03 22:38:55.272  2112 26426 D CCodecConfig: no c2 equivalents for channel-mask
11-03 22:38:55.273  2112 26426 D CCodecConfig: c2 config diff is   c2::u32 raw.channel-count.value = 2
11-03 22:38:55.273  2112 26426 D CCodecConfig:   c2::u32 raw.sample-rate.value = 44100
11-03 22:38:55.274  2112 26426 W Codec2Client: query -- param skipped: index = 1107298332.
11-03 22:38:55.274  2112 26426 D CCodec  : setup formats input: AMessage(what = 0x00000000) = {
11-03 22:38:55.274  2112 26426 D CCodec  :   int32_t channel-count = 2
11-03 22:38:55.274  2112 26426 D CCodec  :   int32_t max-input-size = 32768
11-03 22:38:55.274  2112 26426 D CCodec  :   string mime = "audio/vorbis"
11-03 22:38:55.274  2112 26426 D CCodec  :   int32_t sample-rate = 44100
11-03 22:38:55.274  2112 26426 D CCodec  : } and output: AMessage(what = 0x00000000) = {
11-03 22:38:55.274  2112 26426 D CCodec  :   int32_t channel-count = 2
11-03 22:38:55.274  2112 26426 D CCodec  :   string mime = "audio/raw"
11-03 22:38:55.274  2112 26426 D CCodec  :   int32_t sample-rate = 44100
11-03 22:38:55.274  2112 26426 D CCodec  :   int32_t channel-mask = 3
11-03 22:38:55.274  2112 26426 D CCodec  : }
11-03 22:38:55.279  1457 26175 I CompositorVR: WarpToScreen: Skipping frames for 15
11-03 22:38:55.282 25954 25985 D UE4     : [2022.11.03-22.38.55:282][808]LogCore: Display: AppLifetime: Application will deactivate
11-03 22:38:55.283 25954 26062 D OVRPlugin: Leaving VR mode.
11-03 22:38:55.283 25954 26062 I VrApi   : ---------- vrapi_LeaveVrMode [start] ----------
11-03 22:38:55.287   836 20471 V C2Store : in ~ComponentModule
11-03 22:38:55.287   836 20471 V C2Store : unloading dll
11-03 22:38:55.288 25954 26062 I XrRuntimeUtils: XrRuntimeUtils::EndSession
