11-04 18:21:41.882 15290 15366 E OsSdk   : error getting shared memory region, memory type: HeadTracker, failed with Status(-1, EX_SECURITY): 'requested shared memory region when not registered/focused'
11-04 18:21:41.882   851   851 W TrackingService: attachClient: found client in attached list
11-04 18:21:41.884 15290 15366 E OsSdk   : error getting shared memory region, memory type: AnchorTracker, failed with Status(-1, EX_SECURITY): 'requested shared memory region when not registered/focused'
11-04 18:21:41.894   851 15198 I [CT]    : VIPER: Mode=SuperVega,Status=6DoF,TRACKING,Inl=39,Mem=88.7,Jit=0.6mm,Issues(Cam/min=0.0,IMU/min=0.0),Exp=(12.1ms,g=15.0,I=76,Ir=420.6)(14.0ms,g=15.0,I=90,Ir=430.4)(14.0ms,g=15.0,I=88,Ir=421.3)(14.0ms,g=15.0,I=72,Ir=344.6)
11-04 18:21:41.894   851 15198 W [CT]    : VIPER: Images too dark, Environment trending to dark, 
11-04 18:21:41.926   851  1490 W TrackingService: attachClient: found client in attached list
11-04 18:21:41.927 15290 15366 E OsSdk   : error getting shared memory region, memory type: HeadTracker, failed with Status(-1, EX_SECURITY): 'requested shared memory region when not registered/focused'
11-04 18:21:41.978 15290 15366 E OsSdk   : error getting shared memory region, memory type: HeadTracker, failed with Status(-1, EX_SECURITY): 'requested shared memory region when not registered/focused'
11-04 18:21:42.003 15694 15795 I VrApi   : FPS=72/72,Prd=59ms,Tear=0,Early=71,Stale=0,VSnc=1,Lat=1,Fov=0,CPU4/GPU=2/3,1171/490MHz,OC=FF,TA=0/70/70,SP=N/F/F,Mem=2092MHz,Free=2144MB,PLS=0,Temp=27.2C/0.0C,TW=1.70ms,App=3.85ms,GD=0.12ms,CPU&GPU=5.93ms,LCnt=1(DR68,LM0),GPU%=0.43,CPU%=0.28(W0.33),DSF=1.00,CFL=19.79/21.35
11-04 18:21:42.010  2954  3348 I Telemetry: App memory usage: PSS=34 MiB, PrivateDirty=25 MiB, PrivateClean=3 MiB, GPU=3.8/4.0 MiB (96% allocated)
11-04 18:21:42.020 15290 15366 E OsSdk   : error getting shared memory region, memory type: HeadTracker, failed with Status(-1, EX_SECURITY): 'requested shared memory region when not registered/focused'
11-04 18:21:42.061   851  1490 I chatty  : uid=1000(system) Binder:851_4 identical 3 lines
11-04 18:21:42.108   851  1490 W TrackingService: attachClient: found client in attached list
11-04 18:21:42.143   851   851 W TrackingService: attachClient: found client in attached list
11-04 18:21:42.145 15290 15366 E OsSdk   : error getting shared memory region, memory type: HeadTracker, failed with Status(-1, EX_SECURITY): 'requested shared memory region when not registered/focused'
11-04 18:21:42.147 15290 15366 E OsSdk   : error getting shared memory region, memory type: AnchorTracker, failed with Status(-1, EX_SECURITY): 'requested shared memory region when not registered/focused'
11-04 18:21:42.186   851   851 I chatty  : uid=1000(system) /system/bin/trackingservice identical 2 lines
11-04 18:21:42.187 15290 15366 E OsSdk   : error getting shared memory region, memory type: HeadTracker, failed with Status(-1, EX_SECURITY): 'requested shared memory region when not registered/focused'
11-04 18:21:42.219   851   851 W TrackingService: attachClient: found client in attached list
11-04 18:21:42.256   851  1490 W TrackingService: attachClient: found client in attached list
11-04 18:21:42.257 15290 15366 E OsSdk   : error getting shared memory region, memory type: HeadTracker, failed with Status(-1, EX_SECURITY): 'requested shared memory region when not registered/focused'
11-04 18:21:42.267 15290 15345 D xrstreaming: receive ping: org 0 recv 0 xmt 16538620382800 (received at 8621881141342), offset divergence 5946
11-04 18:21:42.299 15290 15366 E OsSdk   : error getting shared memory region, memory type: HeadTracker, failed with Status(-1, EX_SECURITY): 'requested shared memory region when not registered/focused'
11-04 18:21:42.389 15290 15366 E OsSdk   : error getting shared memory region, memory type: HeadTracker, failed with Status(-1, EX_SECURITY): 'requested shared memory region when not registered/focused'
11-04 18:21:42.389   851  1490 I chatty  : uid=1000(system) Binder:851_4 identical 4 lines
11-04 18:21:42.390 15290 15366 E OsSdk   : error getting shared memory region, memory type: AnchorTracker, failed with Status(-1, EX_SECURITY): 'requested shared memory region when not registered/focused'
11-04 18:21:42.430   851  1490 W TrackingService: attachClient: found client in attached list
11-04 18:21:42.432 15290 15366 E OsSdk   : error getting shared memory region, memory type: HeadTracker, failed with Status(-1, EX_SECURITY): 'requested shared memory region when not registered/focused'
11-04 18:21:42.432   734  1473 I WifiHAL : event received NL80211_CMD_VENDOR, vendor_id = 0x1374, subcmd = 0xa5
11-04 18:21:42.432   837   837 I cnss-daemon: nl80211 response handler invoked
11-04 18:21:42.432   837   837 I cnss-daemon: nl80211_response_handler: cmd 103, vendorID 4980, subcmd 165  received
11-04 18:21:42.433  1472  1472 I wpa_supplicant: wlan0: CTRL-EVENT-CHANNEL-SWITCH freq=5540 ht_enabled=1 ch_offset=1 ch_width=40 MHz cf1=5550 cf2=0
11-04 18:21:42.476   851   851 W TrackingService: attachClient: found client in attached list
11-04 18:21:42.478 15290 15366 E OsSdk   : error getting shared memory region, memory type: HeadTracker, failed with Status(-1, EX_SECURITY): 'requested shared memory region when not registered/focused'
11-04 18:21:42.522   851   851 W TrackingService: attachClient: found client in attached list
11-04 18:21:42.567   851  1490 W TrackingService: attachClient: found client in attached list
11-04 18:21:42.613   851  1490 I chatty  : uid=1000(system) Binder:851_4 identical 1 line
11-04 18:21:42.658   851  1490 W TrackingService: attachClient: found client in attached list
11-04 18:21:42.659 15290 15366 E OsSdk   : error getting shared memory region, memory type: HeadTracker, failed with Status(-1, EX_SECURITY): 'requested shared memory region when not registered/focused'
11-04 18:21:42.660   851   851 W TrackingService: attachClient: found client in attached list
11-04 18:21:42.661 15290 15366 E OsSdk   : error getting shared memory region, memory type: AnchorTracker, failed with Status(-1, EX_SECURITY): 'requested shared memory region when not registered/focused'
11-04 18:21:42.699 15290 15366 E OsSdk   : error getting shared memory region, memory type: HeadTracker, failed with Status(-1, EX_SECURITY): 'requested shared memory region when not registered/focused'
11-04 18:21:42.729   851   851 I chatty  : uid=1000(system) /system/bin/trackingservice identical 3 lines
11-04 18:21:42.773   851   851 W TrackingService: attachClient: found client in attached list
11-04 18:21:42.819   851  1490 W TrackingService: attachClient: found client in attached list
11-04 18:21:42.862   851  1490 W TrackingService: attachClient: found client in attached list
11-04 18:21:42.863 15290 15366 E OsSdk   : error getting shared memory region, memory type: HeadTracker, failed with Status(-1, EX_SECURITY): 'requested shared memory region when not registered/focused'
11-04 18:21:42.863   851   851 W TrackingService: attachClient: found client in attached list
11-04 18:21:42.865 15290 15366 E OsSdk   : error getting shared memory region, memory type: AnchorTracker, failed with Status(-1, EX_SECURITY): 'requested shared memory region when not registered/focused'
11-04 18:21:42.884 15290 15366 E OsSdk   : error getting shared memory region, memory type: HeadTracker, failed with Status(-1, EX_SECURITY): 'requested shared memory region when not registered/focused'
11-04 18:21:42.929   851   851 I chatty  : uid=1000(system) /system/bin/trackingservice identical 2 lines
11-04 18:21:42.973   851   851 W TrackingService: attachClient: found client in attached list
11-04 18:21:42.977 15290 15366 E OsSdk   : error getting shared memory region, memory type: HeadTracker, failed with Status(-1, EX_SECURITY): 'requested shared memory region when not registered/focused'
11-04 18:21:43.003 15694 15795 I VrApi   : FPS=72/72,Prd=58ms,Tear=0,Early=72,Stale=0,VSnc=1,Lat=1,Fov=0,CPU4/GPU=2/3,1171/490MHz,OC=FF,TA=0/70/70,SP=N/F/F,Mem=2092MHz,Free=2144MB,PLS=0,Temp=27.2C/0.0C,TW=1.71ms,App=3.87ms,GD=0.12ms,CPU&GPU=6.18ms,LCnt=2(DR22,LM2),GPU%=0.44,CPU%=0.32(W0.36),DSF=1.00,CFL=19.63/21.43
11-04 18:21:43.012   851  1186 W TrackingService: attachClient: found client in attached list
11-04 18:21:43.014 15290 15366 E OsSdk   : error getting shared memory region, memory type: HeadTracker, failed with Status(-1, EX_SECURITY): 'requested shared memory region when not registered/focused'
11-04 18:21:43.059   851  1186 I chatty  : uid=1000(system) Binder:851_3 identical 1 line
11-04 18:21:43.103   851  1186 W TrackingService: attachClient: found client in attached list
11-04 18:21:43.105 15290 15366 E OsSdk   : error getting shared memory region, memory type: HeadTracker, failed with Status(-1, EX_SECURITY): 'requested shared memory region when not registered/focused'
11-04 18:21:43.106   851   851 W TrackingService: attachClient: found client in attached list
11-04 18:21:43.107 15290 15366 E OsSdk   : error getting shared memory region, memory type: AnchorTracker, failed with Status(-1, EX_SECURITY): 'requested shared memory region when not registered/focused'
11-04 18:21:43.120   851 15198 W [CT]    : TIMESTAMPCHECKER: Nominal rate wrong. Estimated data rate: 25, Nominal is 30.000300003000028
11-04 18:21:43.146   894   894 D wifisighelper: new_si.frequency = 5540,old_si.frequency = 5580
11-04 18:21:43.148 15290 15366 E OsSdk   : error getting shared memory region, memory type: HeadTracker, failed with Status(-1, EX_SECURITY): 'requested shared memory region when not registered/focused'
11-04 18:21:43.270 15290 15366 E OsSdk   : error getting shared memory region, memory type: HeadTracker, failed with Status(-1, EX_SECURITY): 'requested shared memory region when not registered/focused'
11-04 18:21:43.277 15290 15345 D xrstreaming: receive ping: org 0 recv 0 xmt 16539630719600 (received at 8622891461186), offset divergence 5946
11-04 18:21:43.300   851   851 I chatty  : uid=1000(system) /system/bin/trackingservice identical 5 lines
11-04 18:21:43.301 15290 15366 E OsSdk   : error getting shared memory region, memory type: HeadTracker, failed with Status(-1, EX_SECURITY): 'requested shared memory region when not registered/focused'
11-04 18:21:43.337   851   851 W TrackingService: attachClient: found client in attached list
11-04 18:21:43.339 15290 15366 E OsSdk   : error getting shared memory region, memory type: HeadTracker, failed with Status(-1, EX_SECURITY): 'requested shared memory region when not registered/focused'
11-04 18:21:43.339   851  1186 W TrackingService: attachClient: found client in attached list
11-04 18:21:43.342 15290 15366 E OsSdk   : error getting shared memory region, memory type: AnchorTracker, failed with Status(-1, EX_SECURITY): 'requested shared memory region when not registered/focused'
11-04 18:21:43.383   851   851 W TrackingService: attachClient: found client in attached list
11-04 18:21:43.384 15290 15366 E OsSdk   : error getting shared memory region, memory type: HeadTracker, failed with Status(-1, EX_SECURITY): 'requested shared memory region when not registered/focused'
11-04 18:21:43.584 15290 15366 E OsSdk   : error getting shared memory region, memory type: HeadTracker, failed with Status(-1, EX_SECURITY): 'requested shared memory region when not registered/focused'
11-04 18:21:43.585 15290 15366 E OsSdk   : error getting shared memory region, memory type: AnchorTracker, failed with Status(-1, EX_SECURITY): 'requested shared memory region when not registered/focused'
11-04 18:21:43.632 15290 15366 E OsSdk   : error getting shared memory region, memory type: HeadTracker, failed with Status(-1, EX_SECURITY): 'requested shared memory region when not registered/focused'
11-04 18:21:43.776   851   851 I chatty  : uid=1000(system) /system/bin/trackingservice identical 11 lines
11-04 18:21:43.826   851   851 W TrackingService: attachClient: found client in attached list
11-04 18:21:43.828 15290 15366 E OsSdk   : error getting shared memory region, memory type: HeadTracker, failed with Status(-1, EX_SECURITY): 'requested shared memory region when not registered/focused'
11-04 18:21:43.828   851  1186 W TrackingService: attachClient: found client in attached list
11-04 18:21:43.830 15290 15366 E OsSdk   : error getting shared memory region, memory type: AnchorTracker, failed with Status(-1, EX_SECURITY): 'requested shared memory region when not registered/focused'
11-04 18:21:43.872 15290 15366 E OsSdk   : error getting shared memory region, memory type: HeadTracker, failed with Status(-1, EX_SECURITY): 'requested shared memory region when not registered/focused'
11-04 18:21:43.957 15290 15366 E OsSdk   : error getting shared memory region, memory type: HeadTracker, failed with Status(-1, EX_SECURITY): 'requested shared memory region when not registered/focused'
11-04 18:21:44.003 15694 15795 I VrApi   : FPS=72/72,Prd=59ms,Tear=0,Early=72,Stale=0,VSnc=1,Lat=1,Fov=0,CPU4/GPU=2/3,1171/490MHz,OC=FF,TA=0/70/70,SP=N/F/F,Mem=2092MHz,Free=2144MB,PLS=0,Temp=27.2C/0.0C,TW=1.70ms,App=3.84ms,GD=0.12ms,CPU&GPU=6.18ms,LCnt=2(DR0,LM2),GPU%=0.43,CPU%=0.29(W0.32),DSF=1.00,CFL=19.62/21.62
11-04 18:21:44.003 15290 15366 E OsSdk   : error getting shared memory region, memory type: HeadTracker, failed with Status(-1, EX_SECURITY): 'requested shared memory region when not registered/focused'
11-04 18:21:44.008  1824  3399 I Telemetry: App memory usage: PSS=39 MiB, PrivateDirty=34 MiB, PrivateClean=1 MiB, GPU=3.9/4.1 MiB (96% allocated)
11-04 18:21:44.050 15290 15366 E OsSdk   : error getting shared memory region, memory type: HeadTracker, failed with Status(-1, EX_SECURITY): 'requested shared memory region when not registered/focused'
11-04 18:21:44.097 15290 15366 E OsSdk   : error getting shared memory region, memory type: HeadTracker, failed with Status(-1, EX_SECURITY): 'requested shared memory region when not registered/focused'
11-04 18:21:44.099 15290 15366 E OsSdk   : error getting shared memory region, memory type: AnchorTracker, failed with Status(-1, EX_SECURITY): 'requested shared memory region when not registered/focused'
11-04 18:21:44.142 15290 15366 E OsSdk   : error getting shared memory region, memory type: HeadTracker, failed with Status(-1, EX_SECURITY): 'requested shared memory region when not registered/focused'
11-04 18:21:44.268 15290 15366 E OsSdk   : error getting shared memory region, memory type: HeadTracker, failed with Status(-1, EX_SECURITY): 'requested shared memory region when not registered/focused'
11-04 18:21:44.287 15290 15345 D xrstreaming: receive ping: org 0 recv 0 xmt 16540640361100 (received at 8623901137487), offset divergence 5946
11-04 18:21:44.311 15290 15366 E OsSdk   : error getting shared memory region, memory type: HeadTracker, failed with Status(-1, EX_SECURITY): 'requested shared memory region when not registered/focused'
11-04 18:21:44.336 15290 15366 E OsSdk   : error getting shared memory region, memory type: HeadTracker, failed with Status(-1, EX_SECURITY): 'requested shared memory region when not registered/focused'
11-04 18:21:44.338 15290 15366 E OsSdk   : error getting shared memory region, memory type: AnchorTracker, failed with Status(-1, EX_SECURITY): 'requested shared memory region when not registered/focused'
11-04 18:21:44.385 15290 15366 E OsSdk   : error getting shared memory region, memory type: HeadTracker, failed with Status(-1, EX_SECURITY): 'requested shared memory region when not registered/focused'
11-04 18:21:44.554 15290 15366 E OsSdk   : error getting shared memory region, memory type: HeadTracker, failed with Status(-1, EX_SECURITY): 'requested shared memory region when not registered/focused'
11-04 18:21:44.556 15290 15366 E OsSdk   : error getting shared memory region, memory type: AnchorTracker, failed with Status(-1, EX_SECURITY): 'requested shared memory region when not registered/focused'
11-04 18:21:44.598 15290 15366 E OsSdk   : error getting shared memory region, memory type: HeadTracker, failed with Status(-1, EX_SECURITY): 'requested shared memory region when not registered/focused'
11-04 18:21:44.792 15290 15366 E OsSdk   : error getting shared memory region, memory type: HeadTracker, failed with Status(-1, EX_SECURITY): 'requested shared memory region when not registered/focused'
11-04 18:21:44.794 15290 15366 E OsSdk   : error getting shared memory region, memory type: AnchorTracker, failed with Status(-1, EX_SECURITY): 'requested shared memory region when not registered/focused'
11-04 18:21:44.826 15290 15366 E OsSdk   : error getting shared memory region, memory type: HeadTracker, failed with Status(-1, EX_SECURITY): 'requested shared memory region when not registered/focused'
11-04 18:21:44.969 15290 15366 E OsSdk   : error getting shared memory region, memory type: HeadTracker, failed with Status(-1, EX_SECURITY): 'requested shared memory region when not registered/focused'
11-04 18:21:45.003 15694 15795 I VrApi   : FPS=72/72,Prd=59ms,Tear=0,Early=72,Stale=0,VSnc=1,Lat=1,Fov=0,CPU4/GPU=2/3,1171/490MHz,OC=FF,TA=0/70/70,SP=N/F/F,Mem=2092MHz,Free=2144MB,PLS=0,Temp=27.2C/0.0C,TW=1.69ms,App=3.91ms,GD=0.12ms,CPU&GPU=6.17ms,LCnt=2(DR0,LM2),GPU%=0.44,CPU%=0.29(W0.33),DSF=1.00,CFL=19.53/21.33
11-04 18:21:45.013 15290 15366 E OsSdk   : error getting shared memory region, memory type: HeadTracker, failed with Status(-1, EX_SECURITY): 'requested shared memory region when not registered/focused'
11-04 18:21:45.015 15290 15366 E OsSdk   : error getting shared memory region, memory type: AnchorTracker, failed with Status(-1, EX_SECURITY): 'requested shared memory region when not registered/focused'
11-04 18:21:45.058 15290 15366 E OsSdk   : error getting shared memory region, memory type: HeadTracker, failed with Status(-1, EX_SECURITY): 'requested shared memory region when not registered/focused'
11-04 18:21:45.129 15290 15366 E OsSdk   : error getting shared memory region, memory type: HeadTracker, failed with Status(-1, EX_SECURITY): 'requested shared memory region when not registered/focused'
11-04 18:21:45.160   851 15198 W [CT]    : TIMESTAMPCHECKER: Nominal rate wrong. Estimated data rate: 25, Nominal is 30.000300003000028
11-04 18:21:45.180 15290 15366 E OsSdk   : error getting shared memory region, memory type: HeadTracker, failed with Status(-1, EX_SECURITY): 'requested shared memory region when not registered/focused'
11-04 18:21:45.219   851  1186 I chatty  : uid=1000(system) Binder:851_3 identical 40 lines
11-04 18:21:45.261   851  1186 W TrackingService: attachClient: found client in attached list
11-04 18:21:45.262 15290 15366 E OsSdk   : error getting shared memory region, memory type: HeadTracker, failed with Status(-1, EX_SECURITY): 'requested shared memory region when not registered/focused'
11-04 18:21:45.263   851  1490 W TrackingService: attachClient: found client in attached list
11-04 18:21:45.265 15290 15366 E OsSdk   : error getting shared memory region, memory type: AnchorTracker, failed with Status(-1, EX_SECURITY): 'requested shared memory region when not registered/focused'
11-04 18:21:45.287 15290 15345 D xrstreaming: receive ping: org 0 recv 0 xmt 16541640730900 (received at 8624901511445), offset divergence 5946
11-04 18:21:45.312 15290 15366 E OsSdk   : error getting shared memory region, memory type: HeadTracker, failed with Status(-1, EX_SECURITY): 'requested shared memory region when not registered/focused'
11-04 18:21:45.329 15290 15366 I chatty  : uid=10033(com.oculus.xrstreamingclient) SlamAnchorMem identical 36 lines
11-04 18:21:45.405   851 14571 I [CT]    : boltlib: DSP utilization: 9.41 % (470 / 5003 ms)
11-04 18:21:45.412   851  1490 I chatty  : uid=1000(system) Binder:851_4 identical 5 lines
11-04 18:21:45.456   851  1490 W TrackingService: attachClient: found client in attached list
11-04 18:21:45.458   851   851 W TrackingService: attachClient: found client in attached list
11-04 18:21:45.495   851 15198 I [CT]    : VIPER: Mode=SuperVega,Status=6DoF,TRACKING,Inl=38,Mem=88.7,Jit=0.2mm,Issues(Cam/min=0.0,IMU/min=0.0),Exp=(14.0ms,g=15.0,I=72,Ir=347.4)(14.0ms,g=15.0,I=86,Ir=411.1)(14.0ms,g=15.0,I=85,Ir=409.3)(14.0ms,g=15.0,I=63,Ir=300.5)
11-04 18:21:45.495   851 15198 W [CT]    : VIPER: Images too dark, Environment trending to dark, 
11-04 18:21:45.497   851  1186 W TrackingService: attachClient: found client in attached list
11-04 18:21:45.569 15290 15353 I chatty  : uid=10033(com.oculus.xrstreamingclient) XRS_AudioData expire 1 line
11-04 18:21:45.736   851 14624 I [CT]    : INPUT_TRACKING:Behavior:NearHeadMoving: [Right] state transition: TorsoInitialized -> InRange
11-04 18:21:45.862  2954  3032 I GuardianSystem: UpdateGuardianSystemState: Flags changed: 532480, 524288, SYSTEM_GUARDIAN_VISIBLE,SYSTEM_GUARDIAN_VALID to SYSTEM_GUARDIAN_VALID
11-04 18:21:45.974   851 14624 I [CT]    : CONSTELLATION:IMU_STATUS: 86557c336c360320 (L): [FusionTracked=1.000, OutputTracked=1.000, OutputValid=1.000] [AccelSat=0.000, GyroSat=0.000] 
11-04 18:21:46.004 15694 15795 I VrApi   : FPS=72/72,Prd=59ms,Tear=0,Early=72,Stale=0,VSnc=1,Lat=1,Fov=0,CPU4/GPU=2/3,1171/490MHz,OC=FF,TA=0/70/70,SP=N/F/F,Mem=2092MHz,Free=2144MB,PLS=0,Temp=27.2C/0.0C,TW=1.70ms,App=3.90ms,GD=0.12ms,CPU&GPU=6.18ms,LCnt=2(DR0,LM2),GPU%=0.44,CPU%=0.35(W0.40),DSF=1.00,CFL=19.72/21.67
11-04 18:21:46.025  1406 15213 I chatty  : uid=10025(com.oculus.systemdriver) OVR::TimeWarp expire 3 lines
11-04 18:21:46.202   851 14624 I [CT]    : INPUT_TRACKING:Behavior:NearHeadMoving: [Right] state transition: InRange -> Init
11-04 18:21:46.204   851 14624 I [CT]    : INPUT_TRACKING:Behavior:NearHeadMoving: [Right] state transition: Init -> TorsoInitialized
11-04 18:21:46.260   851  1196 I [CT]    : Vega:SubmapPublisher: Tracking parent no change: frame movement above thresh -> Publish
11-04 18:21:46.260   851  1196 I [CT]    : Vega:SubmapPublisher: Start to publish submaps, found candidates:  3
11-04 18:21:46.260   851  1196 E [CT]    : SubmapRecords: findSubmapId found 2 submap records hold the same query krHandle
11-04 18:21:46.264   851  1196 W [CT]    : Vega:SubmapPublisher: [Throttled count=24] Force publishing an ill-conditioned point.
11-04 18:21:46.282   851 15198 I [CT]    : VegaTrackTracker: Starting map tracking on map. SubmapId Submap id = 2, version = 1955737240 Active contexts: 2
11-04 18:21:46.287 15290 15345 I chatty  : uid=10033(com.oculus.xrstreamingclient) xrsp-rt-read expire 1 line
11-04 18:21:46.298   851 15198 W [CT]    : VEGA:MAP_TRACKING_HM: [Throttled count=2] Bad map tracking: map tracking failed @ Submap id = 2, version = 1955737240 with status: 2
11-04 18:21:46.335   851 15198 W [CT]    : VEGA:MAP_TRACKING_HM: Validation failed after 0.04 seconds of bad frames. Switching from Validating to NoTracking
11-04 18:21:46.357 15290 15366 I chatty  : uid=10033(com.oculus.xrstreamingclient) SlamAnchorMem expire 21 lines
11-04 18:21:46.362   851 15198 I [CT]    : TrackedMapContext: Stop tracking map with ID Submap id = 2, version = 1955737240 at index: 2 in contexts: 3
11-04 18:21:46.497  2954  3032 W OsSdk   : Requested historical tracking state too far in the past; oldest: 8625.827417s, requested: 8625.552878s
11-04 18:21:46.498   851  1196 W [CT]    : VEGA_MAP_BUILDER: Resolved a potential TrackToMapPointAssosiation conflict between tracks 13959200 (index = 213, version = 32) and 3407953 (index = 52, version = 81)
11-04 18:21:46.784  1406  2649 I chatty  : uid=10025(com.oculus.systemdriver) ClientRequest expire 17 lines
11-04 18:21:47.003 15694 15795 I VrApi   : FPS=72/72,Prd=59ms,Tear=0,Early=72,Stale=0,VSnc=1,Lat=1,Fov=0,CPU4/GPU=2/3,1171/490MHz,OC=FF,TA=0/70/70,SP=N/F/F,Mem=2092MHz,Free=2144MB,PLS=0,Temp=27.2C/0.0C,TW=0.86ms,App=4.08ms,GD=0.00ms,CPU&GPU=6.17ms,LCnt=2(DR0,LM2),GPU%=0.37,CPU%=0.38(W0.43),DSF=1.00,CFL=19.80/21.72
11-04 18:21:47.055   851 14624 I [CT]    : CONSTELLATION:IMU_STATUS: 729165a0fe4054d7 (R): [FusionTracked=1.000, OutputTracked=1.000, OutputValid=1.000] [AccelSat=0.000, GyroSat=0.000] 
11-04 18:21:47.112   851  1186 I chatty  : uid=1000(system) Binder:851_3 identical 46 lines
11-04 18:21:47.157   851  1186 W TrackingService: attachClient: found client in attached list
11-04 18:21:47.158   851   851 W TrackingService: attachClient: found client in attached list
11-04 18:21:47.199   851 15198 W [CT]    : TIMESTAMPCHECKER: Nominal rate wrong. Estimated data rate: 25, Nominal is 30.000300003000028
11-04 18:21:47.206   851   851 I chatty  : uid=1000(system) /system/bin/trackingservice identical 1 line
11-04 18:21:47.249  3150  3150 I chatty  : uid=10020(com.oculus.vrshell) ShellMain expire 13 lines
11-04 18:21:47.253   851   851 W TrackingService: attachClient: found client in attached list
11-04 18:21:47.263  2354  2354 I chatty  : uid=10020(com.oculus.vrshell) ShellOverlayMai expire 16 lines
11-04 18:21:47.263  2354  2852 I chatty  : uid=10020(com.oculus.vrshell) ShellOverlayVR expire 145 lines
11-04 18:21:47.273  1044  8324 E WindowManager: App trying to use insecure INPUT_FEATURE_NO_INPUT_CHANNEL flag. Ignoring
11-04 18:21:47.275  1406  1406 I chatty  : uid=10025(com.oculus.systemdriver) com.oculus.vrruntimeservice expire 13 lines
11-04 18:21:47.275  3523  3523 D [SUI] ActivityManagerUtilsHelper: onFocusedWindowChanged: Instance: com.oculus.panelapp.anytimeui.utils.ActivityManagerUtilsHelper@9fed38c, topWindowUid: 10020, focusedApp: com.oculus.vrshell, previousApp: com.YourCompany.TemplateProject2
11-04 18:21:47.276  3523  3523 D [SUI] ActivityManagerUtilsHelper: onFocusedWindowChanged: Instance: com.oculus.panelapp.anytimeui.utils.ActivityManagerUtilsHelper@9ae96c, topWindowUid: 10020, focusedApp: com.oculus.vrshell, previousApp: com.YourCompany.TemplateProject2
11-04 18:21:47.276  3523  3523 D [SUI] ActivityManagerUtilsHelper: onFocusedWindowChanged: Instance: com.oculus.panelapp.anytimeui.utils.ActivityManagerUtilsHelper@35224d0, topWindowUid: 10020, focusedApp: com.oculus.vrshell, previousApp: com.YourCompany.TemplateProject2
11-04 18:21:47.276  3523  3523 D [SUI] ActivityManagerUtilsHelper: onFocusedWindowChanged: Instance: com.oculus.panelapp.anytimeui.utils.ActivityManagerUtilsHelper@8468e3e, topWindowUid: 10020, focusedApp: com.oculus.vrshell, previousApp: com.YourCompany.TemplateProject2
11-04 18:21:47.280  3523  3523 D [SUI] ActivityManagerUtilsHelper: onFocusedWindowChanged: Instance: com.oculus.panelapp.anytimeui.utils.ActivityManagerUtilsHelper@a7f76e4, topWindowUid: 10020, focusedApp: com.oculus.vrshell, previousApp: com.YourCompany.TemplateProject2
11-04 18:21:47.283   851  1186 W TrackingService: attachClient: found client in attached list
11-04 18:21:47.284   851   851 W TrackingService: attachClient: found client in attached list
11-04 18:21:47.284 15694 15792 E OsSdk   : error getting shared memory region, memory type: Controller, failed with Status(-1, EX_SECURITY): 'requested shared memory region when not registered/focused'
11-04 18:21:47.284   851  1186 D TrackingService: getSharedMemory: com.oculus.guardian, Controller
11-04 18:21:47.285   851  1186 W TrackingService: attachClient: found client in attached list
11-04 18:21:47.285 15290 15345 I chatty  : uid=10033(com.oculus.xrstreamingclient) xrsp-rt-read expire 3 lines
11-04 18:21:47.286   851  1186 D TrackingService: getSharedMemory: com.oculus.systemdriver, Controller
11-04 18:21:47.286  1406  2649 I chatty  : uid=10025(com.oculus.systemdriver) ClientRequest expire 1 line
11-04 18:21:47.286  1406  2644 I chatty  : uid=10025(com.oculus.systemdriver) OVR::Clocks expire 6 lines
11-04 18:21:47.290  3523  3523 D [SUI] ActivityManagerUtilsHelper: onFocusedWindowChanged: Instance: com.oculus.panelapp.anytimeui.utils.ActivityManagerUtilsHelper@e29e6bb, topWindowUid: 10020, focusedApp: com.oculus.vrshell, previousApp: com.YourCompany.TemplateProject2
11-04 18:21:47.290  3523  3523 D [SUI] ActivityManagerUtilsHelper: onFocusedWindowChanged: Instance: com.oculus.panelapp.anytimeui.utils.ActivityManagerUtilsHelper@51f4623, topWindowUid: 10020, focusedApp: com.oculus.vrshell, previousApp: com.YourCompany.TemplateProject2
11-04 18:21:47.291  3523  3523 D [SUI] ActivityManagerUtilsHelper: onFocusedWindowChanged: Instance: com.oculus.panelapp.anytimeui.utils.ActivityManagerUtilsHelper@64ecc20, topWindowUid: 10020, focusedApp: com.oculus.vrshell, previousApp: com.YourCompany.TemplateProject2
11-04 18:21:47.291  3523  3523 D [SUI] ActivityManagerUtilsHelper: onFocusedWindowChanged: Instance: com.oculus.panelapp.anytimeui.utils.ActivityManagerUtilsHelper@38a2a8f, topWindowUid: 10020, focusedApp: com.oculus.vrshell, previousApp: com.YourCompany.TemplateProject2
11-04 18:21:47.295  2208  2208 W OVRLibrary: null cursor received for query content://com.oculus.ocms.library/apps/com.YourCompany.TemplateProject2
11-04 18:21:47.295  2208  2208 I OVRMediaServiceManager: Sending onAppStart (com.YourCompany.TemplateProject2) to SocialPlatform (com.oculus.socialplatform)
11-04 18:21:47.298   851  1186 W TrackingService: attachClient: found client in attached list
11-04 18:21:47.299 15290 15366 I chatty  : uid=10033(com.oculus.xrstreamingclient) SlamAnchorMem expire 35 lines
11-04 18:21:47.306 15694 15778 I VrRuntimeClient: Client has lost focus.
11-04 18:21:47.307 15694 15726 E OsSdk   : error getting shared memory region, memory type: Controller, failed with Status(-1, EX_SECURITY): 'requested shared memory region when not registered/focused'
11-04 18:21:47.308   851  1186 I chatty  : uid=1000(system) Binder:851_3 identical 2 lines
11-04 18:21:47.311 15694 15822 E OsSdk   : error getting shared memory region, memory type: Controller, failed with Status(-1, EX_SECURITY): 'requested shared memory region when not registered/focused'
11-04 18:21:47.312 15694 15727 D UE4     : [2022.11.04-18.21.47:312][988]LogAndroid: Case APP_CMD_LOST_FOCUS
11-04 18:21:47.312 15694 15727 D UE4     : LogAndroidEvents::EnqueueAppEvent : 10, [width=-1, height=-1], tid = 15727, APP_EVENT_STATE_WINDOW_LOST_FOCUS
11-04 18:21:47.316   851  1186 W TrackingService: attachClient: found client in attached list
11-04 18:21:47.317   851  1186 D TrackingService: getSharedMemory: com.oculus.vrshell#2354, HeadTracker
11-04 18:21:47.318   851  1186 W TrackingService: attachClient: found client in attached list
11-04 18:21:47.320   851  1186 D TrackingService: getSharedMemory: com.oculus.vrshell, Controller
11-04 18:21:47.321  2354 15915 I chatty  : uid=10020(com.oculus.vrshell) ShellOverlayMai expire 5 lines
11-04 18:21:47.321 15694 15726 D UE4     : [2022.11.04-18.21.47:321][988]LogAndroidEvents: Display: LogAndroidEvents::DequeueAppEvent : 10, [width=-1, height=-1], APP_EVENT_STATE_WINDOW_LOST_FOCUS
11-04 18:21:47.321 15694 15726 D UE4     : FAppEventManager::Tick processing, 10
11-04 18:21:47.330   838  1194 E CalibrationProvider: loadCalibration(LDISP_SN) failed: Calibration store didn't load any info
11-04 18:21:47.332   838  1194 E CalibrationProvider: loadCalibration(RDISP_SN) failed: Calibration store didn't load any info
11-04 18:21:47.339  2208  2208 E OVRMediaServiceManager: LivestreamingManager Not initialized
11-04 18:21:47.342   838  1194 E CalibrationProvider: loadCalibration(LDISP_SN) failed: Calibration store didn't load any info
11-04 18:21:47.344   851  1186 W TrackingService: attachClient: found client in attached list
11-04 18:21:47.344  2208  2208 I OVRMediaService: onStartCommand Received message type: overlay_input_focus_change, caller package: com.oculus.vrshell, app identify: AppIdentity{uid=10020, packageNames=[com.oculus.vrshell], sha1=MxZgtt071YLz39PLrkVGckZooCE, sha2=3C-DTjwZQjeLFPB2yCzRq1nqZWa_9HMLIEfpjvyfna8, version=null, domain=null}
11-04 18:21:47.345   838  1194 E CalibrationProvider: loadCalibration(RDISP_SN) failed: Calibration store didn't load any info
11-04 18:21:47.350  2208  2317 W OVRLibrary: null cursor received for query content://com.oculus.ocms.library/apps/com.oculus.vrshell
11-04 18:21:47.351  1406  2712 I chatty  : uid=10025(com.oculus.systemdriver) Thread-9 expire 10 lines
11-04 18:21:47.351  2208  2208 I OVRMediaService: Received OVERLAY_INPUT_FOCUS_CHANGE. is focused: true
11-04 18:21:47.351  1406  2712 I VrRuntimeServer: SysProp debug mode is disabled on Server side
11-04 18:21:47.351  1729  1729 D OculusNotificationListenerService: Notification posted: 0|android|0|com.android.server.wm.AlertWindowNotification - com.oculus.vrshell|1000
11-04 18:21:47.352  3523 15714 W OVRLibrary: null cursor received for query content://com.oculus.ocms.library/apps/com.YourCompany.TemplateProject2
11-04 18:21:47.353  1406  2712 I UnifiedTelemetryWrapper: Started UT session render:com.oculus.vrshell:Overlay
11-04 18:21:47.356  1824  3556 I [CT]    : MIXEDREALITY: MrFeatureStatus: Client status changed from Paused to Started.
11-04 18:21:47.356  1824  3556 I [CT]    : MIXEDREALITY: MrFeatureStatus: Target status Started, CurrentStatus: Paused
11-04 18:21:47.356  1824  3556 I [CT]    : MIXEDREALITY: MrFeatureStatus: Operation chain: Start
11-04 18:21:47.356  1824  3556 I [CT]    : MIXEDREALITY: MrFeatureStatus: Global status changed from Paused to Started.
11-04 18:21:47.356  1824  3556 I [CT]    : MIXEDREALITY: MrServiceController: Queuing command linked to operation Start for feature 0
11-04 18:21:47.356  3523  3523 D [SUI] NotificationBroadcastReceiver: action: com.oculus.intent.action.NOTIF_CHANGE
11-04 18:21:47.356  3523  3523 E BackgroundThreadExecutor: Refusing to execute task because BackgroundThreadExecutor instance is destroyed: com.oculus.panelapp.anytimeui.tablet.notifications.core.-$$Lambda$NotificationManagerSourceHandler$HybXWBXsqdbvph6F5RgmzU3_G5A@93753ad
11-04 18:21:47.356  1824  3311 I [CT]    : MIXEDREALITY: MrServiceView: renderIteration: (every 10 seconds), screen is: ON, PT is: OFF, ID is: OFF
11-04 18:21:47.356  1824  3311 I [CT]    : MIXEDREALITY: MrServiceController: Executing passthroughStart on model
11-04 18:21:47.356  1824  3311 I [CT]    : MIXEDREALITY: MrServiceModel: passthroughStart()
11-04 18:21:47.356  1824  3311 I [CT]    : MIXEDREALITY: MrServiceModel: passthroughStart: Started Passthrough
11-04 18:21:47.357  1824  3311 I [CT]    : MIXEDREALITY: VrApiSupport: renderIteration: Display refresh rate changed, new value: 72.
11-04 18:21:47.357  1824  3311 I [CT]    : MIXEDREALITY: MrRuntimeImpl: onDisplayRefreshRateChanged: Display rate changed from 90 to 72.
11-04 18:21:47.357  1824  3311 I [CT]    : MIXEDREALITY: MrRuntimeImpl: Force telemetry to be sent now.
11-04 18:21:47.357  1824  3311 I [CT]    : MIXEDREALITY: MrRuntimeImpl: Reset telemetry such to start collecting data using the new refresh rate.
11-04 18:21:47.357  1824  3311 I [CT]    : MIXEDREALITY: MrRuntimeImpl: setSessionInitTime: Capability 0: timer set to 8626.970748944 ns, duration reset after 116.948543653 s.
11-04 18:21:47.357  1824  3311 I [CT]    : MIXEDREALITY: MrRuntimeImpl: setSessionInitTime: Capability 2: timer set to 8626.970771497 ns, duration reset after 116.948548549 s.
11-04 18:21:47.357  1824  3311 I [CT]    : MIXEDREALITY: MrServiceModel: commitLayerState: PassthroughMode: none.
11-04 18:21:47.362  1824  3311 I [CT]    : MIXEDREALITY: MrServiceView: renderIteration: Nothing to render, hibernating the rendering thread since ID is off and no active PT layers.
11-04 18:21:47.362  1824  3311 I [CT]    : MIXEDREALITY: MrServiceModel: Hibernating caller (most likely rendering thread) due to commandQueue being empty.
11-04 18:21:47.362  2354 15918 I chatty  : uid=10020(com.oculus.vrshell) ShellOverlayMai expire 3 lines
11-04 18:21:47.368  1406  2649 I ServiceInputManager: InhibitHandleHomeKey has changed on the service. New value: 1
11-04 18:21:47.385  3523 15714 D NotificationsBadgeLiveData: MessageBadgeData, pullAndCheckNotifs, old data source notif count: 0, oc chats count: 0, messenger count: 0
11-04 18:21:47.386   721  4619 I audio_hw_primary: getting vr mode to 0
11-04 18:21:47.386   749   965 I AudioPolicyManagerCustom: VR mode is 0, switch to primary output if request is for fast|raw
11-04 18:21:47.388   749   965 W AudioFlinger: createTrack_l(): mismatch between requested flags (00000104) and output flags (00000006)
11-04 18:21:47.388   749   965 D AudioFlinger: Client defaulted notificationFrames to 192 for frameCount 384
11-04 18:21:47.389   749   965 D AF::TrackHandle: OpPlayAudio: track:148 uid:10020 pkg:com.oculus.vrshell usage:1 not muted
11-04 18:21:47.394  1508  1508 V AvrcpMediaPlayerList: onPlaybackConfigChanged(): Configs list size=9
11-04 18:21:47.419   721  4619 D msm8974_platform: platform_split_snd_device: snd_device(22) num devices(1) new_snd_devices(0)
11-04 18:21:47.419   721  4619 D ACDB-LOADER: ACDB -> send_audvoltable
11-04 18:21:47.419   721  4619 D ACDB-LOADER: ACDB -> ACDB_CMD_GET_AUDPROC_INSTANCE_GAIN_DEP_STEP_TABLE_SIZE
11-04 18:21:47.419   721  4619 D         : Failed to fetch the lookup information of the device 0000000F 
11-04 18:21:47.419   721  4619 D ACDB-LOADER: Error: ACDB_CMD_GET_AUDPROC_INSTANCE_GAIN_DEP_STEP_TABLE_SIZE Returned = -19
11-04 18:21:47.419   721  4619 D ACDB-LOADER: ACDB -> ACDB_CMD_GET_AUDPROC_INSTANCE_GAIN_DEP_STEP_TABLE, vol index 8
11-04 18:21:47.419   721  4619 D         : Failed to fetch the lookup information of the device 0000000F 
11-04 18:21:47.419   721  4619 D ACDB-LOADER: Error: ACDB AudProc vol returned = -19
11-04 18:21:47.419   721  4619 D ACDB-LOADER: ACDB -> AUDIO_SET_VOL_CAL cal type = 40
11-04 18:21:47.424  2354  2380 I chatty  : uid=10020(com.oculus.vrshell) FinalizerDaemon expire 8 lines
11-04 18:21:47.432   851  1186 I chatty  : uid=1000(system) Binder:851_3 identical 2 lines
11-04 18:21:47.433   851  1186 W TrackingService: attachClient: found client in attached list
11-04 18:21:47.458  1406  2712 I VrRuntimeService: CreateAndroidSurfaceSwapChain: 972689551
11-04 18:21:47.458  1406  2712 I VrRuntimeService: CreateAndroidSurfaceSwapChain: 65536 1 32856 1 1 1 1 1 0 0
11-04 18:21:47.459  1406  2506 I SwapChain_Surface: CreateAndroidSurfaceSwapChainGLES: 0x7919520000: SurfaceTexture 0x2c62 Surface 0x2c5a
11-04 18:21:47.459  1406  2712 I VrRuntimeServer: CreateAndroidSurfaceSwapChain: result surface 0x7919520000
11-04 18:21:47.460   851  1196 I [CT]    : Vega:SubmapPublisher: Tracking parent no change: frame movement above thresh -> Publish
11-04 18:21:47.460   851  1196 I [CT]    : Vega:SubmapPublisher: Start to publish submaps, found candidates:  3
11-04 18:21:47.461   851  1196 E [CT]    : SubmapRecords: findSubmapId found 2 submap records hold the same query krHandle
11-04 18:21:47.468  3523  3523 D CppPanelService: PanelService()
11-04 18:21:47.468  3523  3523 D CppPanelService: onBind()
11-04 18:21:47.471  2354  2462 I chatty  : uid=10020(com.oculus.vrshell) ShellAppBackgro expire 2 lines
11-04 18:21:47.477   851   851 W TrackingService: attachClient: found client in attached list
11-04 18:21:47.478  3523  3558 I CppPanelService: verifyVrShellUID(Debug Signatures=false, uid=10020) => apkSignatureResult=SigCertInfo(isTrusted=true, packageNames=[com.oculus.vrshell], fingerprint sha1=331660b6dd3bd582f3dfd3cbae4546724668a021, fingerprint sha256=dc2f834e3c1942378b14f076c82cd1ab59ea6566bff4730b2047e98efc9f9daf, signature=3082038d30820275a00302010202041303858a300d06092a864886f70d01010b05003077310b3009060355040613025553310b3009060355040813024341311330110603550407130a4d656e6c6f205061726b31173015060355040a130e4f63756c75732056522c204c4c4331173015060355040b130e4f63756c75732056522c204c4c43311430120603550403130b4f63756c75732041707073301e170d3134313033303231343032315a170d3432303331373231343032315a3077310b3009060355040613025553310b3009060355040813024341311330110603550407130a4d656e6c6f205061726b31173015060355040a130e4f63756c75732056522c204c4c4331173015060355040b130e4f63756c75732056522c204c4c43311430120603550403130b4f63756c7573204170707330820122300d06092a864886f70d01010105000382010f003082010a0282010100a34c7fbd96dea95d811f21a0d760cabca85f2df5dbe19b62aca7a3e3e0b6e48f7e173345f2753c458d639cc2e222eeee4cfb5e89ac1c5060044414056709a43a7f1a6f1e4f2c3d708c48912634be08ad6da1fff92d9c0d4b85e4bc8a8b1c27de84c04eb1e6577c10693500af46beaf7bd2ce72a06a46f4e565859f242cecbef1a431ae8096db712cebe73840bacc64de6b99077ba1ca8c20e5d0b4870bd161f087abbf568dfef58e604068ca6f7cdea183c8681c306bc30cb223e7c5ce3a2fcf00d13e158475b3700ef62dcca46c57baecca4d91052e20b861a1a085d5fc8e99aed8c4a9cfd550d01e54ef5062133befcf7f9ea6a5a1d1575a72cd82279f34030203010001a321301f301d0603551d0e04160414ec7ccdaf8ccdc6dd1b87d4b561582ad8ec397b80300d06092a864886f70d01010b0500038201010014c557ecddc17ba8b979618036e7093b8e7307f624644532c31239f4dc83fd9424267ca7670fa9f78689cbc5bfd8a6312fdc214bd159d614a8753ceec0f2b2d9166217895b13c992e1d10ca625a3153dacfa51dbdb7fde139bd59510f5add29f88be3826b445ce7386dcf06577be72fbdf118fa81179091fad275981409e02d40422d8e86df5827a2c496a4b905b4825c3f1ba0af4cf509bf9b0d4d608cf0b4320ac60d1a8cbcc384de24f11a4c93c0fc5b887cbd6855871af1b1ef729c51a8a123efc6a627b6494e81a264587443b9156ad17772863c2f9685fae9c72a552b333f8ef2822bce5d4d178e45b3a8dd4e321924f6a5ba43f732971a9e74cbf0433), time=0 ms
11-04 18:21:47.478  3523  3523 D CppPanelService: BEGIN: Initializing panel application via MSG_CREATE_PANEL_APP.
11-04 18:21:47.478  3523  3523 I AndroidPanelApp: Created
11-04 18:21:47.478  3523  3523 V LifecycleAwareViewModelStore: LifecycleAwareViewModelStore created
11-04 18:21:47.478  3523  3523 V LifecycleAwarePanelApp: PanelApp initial lifecycle started and moved from state INITIALIZED to state RESUMED
11-04 18:21:47.481  3523  3523 I [SUI] ConsumerConfiguration: Setting SystemUX Configuration and Policy Settings.
11-04 18:21:47.481  3523  3523 D [SUI] AnytimeUIBroadcastReceiver: requestCaptureState being sent
11-04 18:21:47.482  2354  2852 I chatty  : uid=10020(com.oculus.vrshell) ShellOverlayVR expire 68 lines
11-04 18:21:47.483  3523  3523 D [SUI] DestinationUiPanelApp: Creating DestinationUiPanelApp
11-04 18:21:47.483  2208  2208 I OVRMediaService: onStartCommand Received message type: com.oculus.horizon.GET_CAPTURE_STATE_ACTION, caller package: no_app_identity, app identify: null
11-04 18:21:47.483  3523  3523 I AndroidPanelApp: HideLayer(#main, shape: 1, shouldMinimizeLayer: false)
11-04 18:21:47.485  1044  1338 I DisplayManagerService: Display device added: DisplayDeviceInfo{"com.oculus.android_panel_app.AndroidPanelLayer-#main": uniqueId="virtual:com.oculus.systemux,10026,com.oculus.android_panel_app.AndroidPanelLayer-#main,1", 1000 x 625, modeId 238, defaultModeId 238, supportedModes [{id=238, width=1000, height=625, fps=60.0}], colorMode 0, supportedColorModes [0], HdrCapabilities null, density 200, 200.0 x 200.0 dpi, appVsyncOff 0, presDeadline 16666666, touch NONE, rotation 0, type VIRTUAL, state OFF, owner com.oculus.systemux (uid 10026), FLAG_PRIVATE, FLAG_NEVER_BLANK, FLAG_OWN_CONTENT_ONLY}
11-04 18:21:47.505  1044  1064 W InputReader: Device has associated, but no associated display id.
11-04 18:21:47.509  1044  1066 W InputReader: Device has associated, but no associated display id.
11-04 18:21:47.509  1044  1066 I ActivityTaskManager: Override config changes=20005df8 {0.0 ?mcc?mnc ?localeList ?layoutDir sw500dp w800dp h500dp 200dpi lrg land ?uimode ?night -touch qwerty/v/v -nav/h winConfig={ mBounds=Rect(0, 0 - 1000, 625) mAppBounds=Rect(0, 0 - 1000, 625) mWindowingMode=fullscreen mDisplayWindowingMode=fullscreen mActivityType=undefined mAlwaysOnTop=undefined mRotation=ROTATION_0}} for displayId=177
11-04 18:21:47.511  2354  2354 I chatty  : uid=10020(com.oculus.vrshell) ShellOverlayMai expire 3 lines
11-04 18:21:47.512  3523  3523 D [SUI] ActivityManagerUtilsHelper: Enabling the activity listener capability with initial foreground package com.YourCompany.TemplateProject2
11-04 18:21:47.514  3523  3523 D [SUI] DestinationUIViewBase: Showing DestinationUIView uri: 
11-04 18:21:47.522   851 15198 I [CT]    : VegaTrackTracker: Starting map tracking on map. SubmapId Submap id = 2, version = 1139853556 Active contexts: 2
11-04 18:21:47.531  3523  3523 I PresenceAPK(ServiceApiManager): Trying to bind to presence service API.
11-04 18:21:47.531  1044  9984 W ActivityManager: Unable to start service Intent { act=com.oculus.presence.StablePresenceService cmp=com.oculus.presence/.services.presence.PresenceService } U=0: not found
11-04 18:21:47.531  3523  3523 E PresenceAPK(ServiceApiManager): Enabling backward compatible mode for service directory
11-04 18:21:47.535  3523  3523 D [SUI] PauseDestinationViewModel: Constructing PauseDestinationViewModel
11-04 18:21:47.536  3523  3548 W System  : A resource failed to call release. 
11-04 18:21:47.537  3523  3548 I chatty  : uid=10026(com.oculus.systemux) FinalizerDaemon identical 5 lines
11-04 18:21:47.539   851 15198 W [CT]    : VEGA:MAP_TRACKING_HM: [Throttled count=1] Bad map tracking: map tracking failed @ Submap id = 2, version = 1139853556 with status: 2
11-04 18:21:47.541  3523  3523 I chatty  : uid=10026 com.oculus.systemux:SystemUX expire 83 lines
11-04 18:21:47.541  3523  4504 I chatty  : uid=10026(com.oculus.systemux) pool-12-thread- expire 6 lines
11-04 18:21:47.542  3523  4299 I chatty  : uid=10026(com.oculus.systemux) pool-12-thread- expire 3 lines
11-04 18:21:47.547  2354 15926 I chatty  : uid=10020(com.oculus.vrshell) ShellOverlayMai expire 1 line
11-04 18:21:47.549  2208  2208 I FileCapture: broadcast capture state to AUI running = false, with mode -1
11-04 18:21:47.550  3150  3150 I chatty  : uid=10020(com.oculus.vrshell) ShellMain expire 3 lines
11-04 18:21:47.555  3523  3558 I chatty  : uid=10026(com.oculus.systemux) Binder:3523_2 expire 4 lines
11-04 18:21:47.560  2208  2208 I OVRMediaServiceManager: Metacam is not enabled.
11-04 18:21:47.561  2954  3498 I VrGuardianService: GuardianSDKServer::SetGuardianHitDialog2 1
11-04 18:21:47.572  1406  2712 I VrRuntimeService: CreateSwapChain: 972689551
11-04 18:21:47.572  1406  2712 I VrRuntimeService: CreateSwapChain: api:gles 0 0x8c43 60 60 6 1 1 0 3
11-04 18:21:47.573  1406  2712 I VrRuntimeServer: CreateTextureSwapChain: result importswapchaingles 1
11-04 18:21:47.574   851 15198 W [CT]    : VEGA:MAP_TRACKING_HM: Validation failed after 0.04 seconds of bad frames. Switching from Validating to NoTracking
11-04 18:21:47.579  1406  2712 I VrRuntimeService: UpdateSwapChainSamplerState: 406
11-04 18:21:47.579  1406  2712 I VrRuntimeService: UpdateSwapChainSamplerState: minFilter=1 magFilter=1 wrapModeS=3 warpModeT=3 maxAniso=1.000000 border={0.000000,0.000000,0.000000,0.000000} swizzle={0,1,2,3}
11-04 18:21:47.583  3523 15925 I chatty  : uid=10026 com.oculus.systemux:SystemUX expire 2 lines
11-04 18:21:47.589  1406  2712 I VrRuntimeService: UpdateSwapChainSamplerState: 405
11-04 18:21:47.589  1406  2712 I VrRuntimeService: UpdateSwapChainSamplerState: minFilter=1 magFilter=1 wrapModeS=3 warpModeT=3 maxAniso=1.000000 border={0.000000,0.000000,0.000000,0.000000} swizzle={0,1,2,3}
11-04 18:21:47.591  1406  2712 I VrRuntimeService: UpdateAndroidSurfaceSwapChainDimensions: 405: 1000x625
11-04 18:21:47.594  1044  1066 I DisplayManagerService: Display device changed state: "com.oculus.android_panel_app.AndroidPanelLayer-#main", ON
11-04 18:21:47.602   851 15198 I [CT]    : TrackedMapContext: Stop tracking map with ID Submap id = 2, version = 1139853556 at index: 2 in contexts: 3
11-04 18:21:47.606  1044  1469 E WindowManager: App trying to use insecure INPUT_FEATURE_NO_INPUT_CHANNEL flag. Ignoring
11-04 18:21:47.646   851   851 I chatty  : uid=1000(system) /system/bin/trackingservice identical 4 lines
11-04 18:21:47.657  3523 15714 I chatty  : uid=10026 com.oculus.systemux:SystemUX expire 1 line
11-04 18:21:47.667  3523  4575 I chatty  : uid=10026(com.oculus.systemux) Binder:3523_6 expire 2 lines
11-04 18:21:47.689   851   851 W TrackingService: attachClient: found client in attached list
11-04 18:21:47.694   851  1186 W TrackingService: attachClient: found client in attached list
11-04 18:21:47.694  1406  2712 I VrRuntimeService: DestroySwapChain: swapchain=406
11-04 18:21:47.719  1406 15213 I SwapChain_Surface: AttachSurfaceSwapChainGLES: 0x7919520000 with SurfaceTexture 0x2c62 attached on init
11-04 18:21:48.005 15694 15795 I VrApi   : FPS=72/72,Prd=60ms,Tear=0,Early=72,Stale=0,VSnc=1,Lat=1,Fov=0,CPU4/GPU=4/4,2419/525MHz,OC=FF,TA=0/70/70,SP=N/F/F,Mem=2092MHz,Free=2144MB,PLS=0,Temp=27.2C/0.0C,TW=0.83ms,App=4.44ms,GD=0.00ms,CPU&GPU=6.34ms,LCnt=1(DR54,LM0),GPU%=0.33,CPU%=0.32(W0.36),DSF=1.00,CFL=19.76/21.49
11-04 18:21:48.109  1406 15213 I CompositorProgs: loaded binary layerProgram 1:0x100000048001:0x0 in 0.7 ms
11-04 18:21:48.157   851  1186 I chatty  : uid=1000(system) Binder:851_3 identical 12 lines
11-04 18:21:48.200   851  1186 W TrackingService: attachClient: found client in attached list
11-04 18:21:48.201   851   851 W TrackingService: attachClient: found client in attached list
11-04 18:21:48.297 15290 15345 I chatty  : uid=10033(com.oculus.xrstreamingclient) xrsp-rt-read expire 1 line
11-04 18:21:48.378 15290 15366 I chatty  : uid=10033(com.oculus.xrstreamingclient) SlamAnchorMem expire 19 lines
11-04 18:21:48.384  2208  2566 W DeviceConfigUtil: Try to get config param "oculus_shared_social:oculus_messenger_reauth_removal" before Device Config has subscribed to the service.
11-04 18:21:48.692   851   851 I chatty  : uid=1000(system) /system/bin/trackingservice identical 12 lines
11-04 18:21:48.736   851   851 W TrackingService: attachClient: found client in attached list
11-04 18:21:48.739   851  1186 W TrackingService: attachClient: found client in attached list
11-04 18:21:48.756  1635 15932 W ContextImpl: Calling a method in the system process without a qualified user: android.app.ContextImpl.sendBroadcast:1057 android.content.ContextWrapper.sendBroadcast:448 X.o0.A00:133 X.nZ.A00:17 X.nZ.handleMessage:91 
11-04 18:21:48.953   851  1186 I chatty  : uid=1000(system) Binder:851_3 identical 5 lines
11-04 18:21:48.998   851  1186 W TrackingService: attachClient: found client in attached list
