--------- beginning of system
11-03 22:38:19.499  1056  7519 I ActivityTaskManager: START u0 {flg=0x10000000 cmp=com.YourCompany.TemplateProject2/com.epicgames.ue4.GameActivity} from uid 2000
11-03 22:38:19.522  1056  1108 I ActivityManager: Start proc 25954:com.YourCompany.TemplateProject2/u0a127 for activity {com.YourCompany.TemplateProject2/com.epicgames.ue4.GameActivity}
11-03 22:38:19.532  1056  3757 W ActivityManager: Package for pid 841: no process record found
11-03 22:38:20.075  1056  1101 W ActivityTaskManager: Activity top resumed state loss timeout for ActivityRecord{235bf83 u0 com.YourCompany.TemplateProject2/com.epicgames.ue4.GameActivity t169}
11-03 22:38:20.075  1056  1101 W ActivityTaskManager: Activity pause timeout for ActivityRecord{235bf83 u0 com.YourCompany.TemplateProject2/com.epicgames.ue4.GameActivity t169}
11-03 22:38:21.297  1056  7519 E WindowManager: App trying to use insecure INPUT_FEATURE_NO_INPUT_CHANNEL flag. Ignoring
11-03 22:38:22.560  1056  7519 W ActivityManager: Permission Denial: Accessing service com.oculus.vrshell/.ShellOverlayService from pid=25954, uid=10127 requires com.oculus.vrshell.OVERLAY_HOST
11-03 22:38:23.068  1056  1636 E TaskPersister: File error accessing recents directory (directory doesn't exist?).
--------- beginning of tracking
11-03 22:38:23.347   748   947 I SyncBossHAL: [info   ] syncboss_hal_powerstate.c(50): Reporting powerstate event: PROX_ON
11-03 22:38:23.348  1056  1418 I PowerManagerService: Waking up from Asleep (uid=1000, reason=WAKE_REASON_UNKNOWN, details=VrPwMng:leave-standby)...
11-03 22:38:23.349  1056  1056 W UsageStatsService: Event reported without a package name, eventType:15
11-03 22:38:23.357  1056  1116 I DisplayPowerController: Blocking screen on until initial contents have been drawn.
11-03 22:38:23.357  1056  1116 D ActivityTaskManager: Top Process State changed to PROCESS_STATE_TOP
11-03 22:38:23.367   865  1042 D SensorClientUtils: Cancelling delayed transition to SLEEP
11-03 22:38:23.367  1715 16332 D SensorClientUtils: Cancelling delayed transition to SLEEP
11-03 22:38:23.369   841  1431 D SensorClientUtils: Cancelling delayed transition to SLEEP
11-03 22:38:23.373  1056 19236 W ContextImpl: Calling a method in the system process without a qualified user: android.app.ContextImpl.sendBroadcast:1057 com.android.server.audio.AudioService.setMicrophoneMuteNoCallerCheck:2893 com.android.server.audio.AudioService.setMicrophoneMute:2879 android.media.IAudioService$Stub.onTransact:1112 android.os.Binder.execTransactInternal:1021 
11-03 22:38:23.397  1715 16332 D SensorClientUtils: Received transition request from SLEEP to RUNNING
11-03 22:38:23.398  1715 16332 D SensorClientUtils: Executing transition from STANDBY to RUNNING
11-03 22:38:23.398  1715 16332 D OVRRemoteService: [controller] STANDBY -> RUNNING
11-03 22:38:23.398   841  1431 D SensorClientUtils: Received transition request from SLEEP to RUNNING
11-03 22:38:23.399   865  1042 D SensorClientUtils: Received transition request from SLEEP to RUNNING
11-03 22:38:23.399   865  1042 D SensorClientUtils: Executing transition from STANDBY to RUNNING
11-03 22:38:23.399   865  1044 I TrackingService: [ vision_manager] STANDBY -> RUNNING transition time: 0 ms
11-03 22:38:23.399   865  1044 I TrackingService: [            iad] STANDBY -> RUNNING transition time: 0 ms
11-03 22:38:23.400   865  1044 I TrackingService: [           bolt] STANDBY -> RUNNING transition time: 0 ms
11-03 22:38:23.404   748   748 I FrameSetDispatcher: [HEADSET] Client thread started
11-03 22:38:23.404   748   748 I CameraClientManager: [HEADSET] Added client - started clients: 1
11-03 22:38:23.424  1056  7519 E AppOps  : startOperation
11-03 22:38:23.424  1056  7519 E AppOps  : java.lang.SecurityException: Specified package MrSystemService under uid 1000 but it is really -1
11-03 22:38:23.424  1056  7519 E AppOps  : 	at com.android.server.appop.AppOpsService.verifyAndGetIsPrivileged(AppOpsService.java:2654)
11-03 22:38:23.424  1056  7519 E AppOps  : 	at com.android.server.appop.AppOpsService.startOperation(AppOpsService.java:2235)
11-03 22:38:23.424  1056  7519 E AppOps  : 	at android.app.AppOpsManager.startOpNoThrow(AppOpsManager.java:5469)
11-03 22:38:23.424  1056  7519 E AppOps  : 	at android.app.AppOpsManager.startOpNoThrow(AppOpsManager.java:5450)
11-03 22:38:23.424  1056  7519 E AppOps  : 	at com.android.server.power.Notifier.onWakeLockAcquired(Notifier.java:224)
11-03 22:38:23.424  1056  7519 E AppOps  : 	at com.android.server.power.PowerManagerService.notifyWakeLockAcquiredLocked(PowerManagerService.java:1277)
11-03 22:38:23.424  1056  7519 E AppOps  : 	at com.android.server.power.PowerManagerService.acquireWakeLockInternal(PowerManagerService.java:1112)
11-03 22:38:23.424  1056  7519 E AppOps  : 	at com.android.server.power.PowerManagerService.access$3900(PowerManagerService.java:118)
11-03 22:38:23.424  1056  7519 E AppOps  : 	at com.android.server.power.PowerManagerService$BinderService.acquireWakeLock(PowerManagerService.java:4346)
11-03 22:38:23.424  1056  7519 E AppOps  : 	at android.os.IPowerManager$Stub.onTransact(IPowerManager.java:349)
11-03 22:38:23.424  1056  7519 E AppOps  : 	at android.os.Binder.execTransactInternal(Binder.java:1021)
11-03 22:38:23.424  1056  7519 E AppOps  : 	at android.os.Binder.execTransact(Binder.java:994)
11-03 22:38:23.424   841  1431 D SensorClientUtils: Executing transition from SLEEP to STANDBY
11-03 22:38:23.424   841  1431 D SensorClientUtils: Executing transition from STANDBY to RUNNING
11-03 22:38:23.427  1056  1101 I DisplayManagerService: Display device changed state: "Built-in Screen", ON
11-03 22:38:23.459  1056  1116 I DisplayPowerController: Unblocked screen on after 102 ms
--------- beginning of main
11-03 22:38:23.491  2189 26089 I libjingle: [17661:420] [26089] (RenderFrameCapturerImpl.cpp:351): InitializeAndroid
11-03 22:38:23.491  2189 26089 D JVM     : JVM::Initialize@[tid=26089]
11-03 22:38:23.491  2189 26088 W ProfileContentProvider: [doQuery] isLoggedIn: true, isFirstPartyOrSystem: true
11-03 22:38:23.491  2189 26089 D JVM     : JVM::JVM@[tid=26089]
11-03 22:38:23.491  2189 26088 W ProfileContentProvider: [doQuery] app: null
11-03 22:38:23.492  2189 26089 I org.webrtc.Logging: MediaCodecVideoEncoder: Found target encoder for mime video/x-vnd.on2.vp8 : OMX.qcom.video.encoder.vp8. Color: 0x15
11-03 22:38:23.492  2189 26089 I MediaCodecVideoEncoder: [17661:421] [26089] MediaCodecVideoEncoder: VP8 HW Encoder supported.
11-03 22:38:23.492  2189 26089 I org.webrtc.Logging: MediaCodecVideoEncoder: Found target encoder for mime video/avc : OMX.qcom.video.encoder.avc. Color: 0x15
11-03 22:38:23.492  2189 26089 I MediaCodecVideoEncoder: [17661:421] [26089] MediaCodecVideoEncoder: H.264 HW Encoder supported.
11-03 22:38:23.492  2189 26088 W ProfileContentProvider: [doQuery] accessFeatureKeys: all features
11-03 22:38:23.493  2189 26088 W ProfileContentProvider: [doQuery] callingAppHasSystemPlatformSDKPermission: false
11-03 22:38:23.493  2189 26088 W ProfileContentProvider: [doQuery] verifyProductionFirstPartyApplication: true
11-03 22:38:23.494  2189 26088 W ProfileContentProvider: [doQuery] verifyDebugFirstPartyApplication: false
11-03 22:38:23.495   736  1156 I audio_hw_utils: audio_extn_utils_update_stream_output_app_type_cfg Allowing 24 and above bits playback on speaker ONLY at default sampling rate
11-03 22:38:23.495  2189 26088 W ProfileContentProvider: [doQuery] isTrustedUser: false, verifyDebugFirstPartyApplication w/ isTrustedUser: false
11-03 22:38:23.495   736  1156 D audio_hw_utils: audio_extn_utils_send_app_type_cfg: usecase->out_snd_device speaker
11-03 22:38:23.495  2189 26088 W ProfileContentProvider: [doQuery] isDebugOS: false
11-03 22:38:23.495   736  1156 D msm8974_platform: platform_split_snd_device: snd_device(2) num devices(0) new_snd_devices(0)
11-03 22:38:23.495  2189 26088 W ProfileContentProvider: [doQuery] accessFeatureKeys contains USER_ID
11-03 22:38:23.495  2189 26088 W ProfileContentProvider: [doQuery] sWhitelistedAppPackageNameToId has com.oculus.horizon: true
11-03 22:38:23.495   736  1156 D audio_hw_utils: audio_extn_btsco_get_sample_rate:Not a BT SCO device, need not update sampling rate
11-03 22:38:23.495   736  1156 I audio_hw_utils: send_app_type_cfg_for_device PLAYBACK app_type 69943, acdb_dev_id 15, sample_rate 48000, snd_device_be_idx 43
11-03 22:38:23.495  2189 26088 W ProfileContentProvider: [doQuery] userId lookup succeeded: true
11-03 22:38:23.495   736  1156 D msm8974_platform: platform_split_snd_device: snd_device(2) num devices(1) new_snd_devices(0)
11-03 22:38:23.495   736  1156 D audio_hw_utils: audio_extn_btsco_get_sample_rate:Not a BT SCO device, need not update sampling rate
11-03 22:38:23.495   736  1156 D ACDB-LOADER: ACDB -> send_audio_cal, acdb_id = 15, path = 0, app id = 0x11137, sample rate = 48000, afe_sample_rate = 48000
11-03 22:38:23.495   736  1156 D ACDB-LOADER: ACDB -> send_asm_topology
11-03 22:38:23.495   736  1156 D ACDB-LOADER: ACDB -> ACDB_CMD_GET_AUDPROC_STREAM_TOPOLOGY_ID
11-03 22:38:23.495   736  1156 D ACDB-LOADER: ACDB -> send_adm_topology
11-03 22:38:23.495   736  1156 D ACDB-LOADER: ACDB -> ACDB_CMD_GET_AUDPROC_COMMON_TOPOLOGY_ID
11-03 22:38:23.495   736  1156 D ACDB-LOADER: ACDB -> send_audtable
11-03 22:38:23.495   736  1156 D ACDB-LOADER: ACDB -> ACDB_CMD_GET_AUDPROC_INSTANCE_COMMON_TABLE_SIZE
11-03 22:38:23.495   736  1156 D ACDB-LOADER: ACDB -> ACDB_CMD_GET_AUDPROC_INSTANCE_COMMON_TABLE
11-03 22:38:23.495   736  1156 D ACDB-LOADER: ACDB -> AUDIO_SET_AUDPROC_CAL cal_type[11] acdb_id[15] app_type[69943]
11-03 22:38:23.495   736  1156 D ACDB-LOADER: ACDB -> ACDB_CMD_GET_PERSISTENT_AUDPROC_INSTANCE_COMMON_TABLE_SIZE
11-03 22:38:23.495   736  1156 D         : [Data Manager]-> No data found
11-03 22:38:23.495   736  1156 D ACDB-LOADER: Error: ACDB_CMD_GET_PERSISTENT_AUDPROC_INSTANCE_COMMON_TABLE_SIZE returned -18
11-03 22:38:23.495   736  1156 D ACDB-LOADER: ACDB -> send_audproc_persist_table -18 
11-03 22:38:23.495   736  1156 D ACDB-LOADER: Error: Invalid Audproc persist size = -18
11-03 22:38:23.495   736  1156 D ACDB-LOADER: ACDB -> send_audvoltable
11-03 22:38:23.495   736  1156 D ACDB-LOADER: ACDB -> ACDB_CMD_GET_AUDPROC_INSTANCE_GAIN_DEP_STEP_TABLE_SIZE
11-03 22:38:23.495   736  1156 D         : Failed to fetch the lookup information of the device 0000000F 
11-03 22:38:23.495   736  1156 D ACDB-LOADER: Error: ACDB_CMD_GET_AUDPROC_INSTANCE_GAIN_DEP_STEP_TABLE_SIZE Returned = -19
11-03 22:38:23.495   736  1156 D ACDB-LOADER: ACDB -> ACDB_CMD_GET_AUDPROC_INSTANCE_GAIN_DEP_STEP_TABLE, vol index 0
11-03 22:38:23.495   736  1156 D         : Failed to fetch the lookup information of the device 0000000F 
11-03 22:38:23.495   736  1156 D ACDB-LOADER: Error: ACDB AudProc vol returned = -19
11-03 22:38:23.495   736  1156 D ACDB-LOADER: ACDB -> AUDIO_SET_VOL_CAL cal type = 12
11-03 22:38:23.495   736  1156 D ACDB-LOADER: ACDB -> ACDB_CMD_GET_AUDPROC_INSTANCE_STREAM_TABLE_SIZE
11-03 22:38:23.495   736  1156 D ACDB-LOADER: ACDB -> send_audstrmtable
11-03 22:38:23.495   736  1156 D ACDB-LOADER: ACDB -> ACDB_CMD_GET_AUDPROC_INSTANCE_STREAM_TABLE
11-03 22:38:23.495   736  1156 D ACDB-LOADER: ACDB -> audstrm_cal->cal_type.cal_data.cal_size = 20
11-03 22:38:23.495   736  1156 D ACDB-LOADER: ACDB -> send_afe_topology
11-03 22:38:23.495   736  1156 D ACDB-LOADER: ACDB -> ACDB_CMD_GET_AFE_TOPOLOGY_ID
11-03 22:38:23.495   736  1156 D ACDB-LOADER: ACDB -> GET_AFE_TOPOLOGY_ID for adcd_id 15, Topology Id 112fc
11-03 22:38:23.495   736  1156 D ACDB-LOADER: ACDB -> send_afe_cal
11-03 22:38:23.495   736  1156 D ACDB-LOADER: ACDB -> ACDB_CMD_GET_AFE_INSTANCE_COMMON_TABLE_SIZE
11-03 22:38:23.496   736  1156 D         : Failed to fetch the lookup information of the device 0000000F 
11-03 22:38:23.496   736  1156 D ACDB-LOADER: Error: ACDB_CMD_GET_AFE_INSTANCE_COMMON_TABLE_SIZE Returned = -19
11-03 22:38:23.496   736  1156 D ACDB-LOADER: ACDB -> ACDB_CMD_GET_AFE_INSTANCE_COMMON_TABLE
11-03 22:38:23.496   736  1156 D         : Failed to fetch the lookup information of the device 0000000F 
11-03 22:38:23.496   736  1156 D ACDB-LOADER: Error: ACDB AFE returned = -19
11-03 22:38:23.496   736  1156 D ACDB-LOADER: ACDB -> AUDIO_SET_AFE_CAL cal_type[16] acdb_id[15]
11-03 22:38:23.496   736  1156 D ACDB-LOADER: ACDB -> send_hw_delay : acdb_id = 15 path = 0
11-03 22:38:23.496   736  1156 D ACDB-LOADER: ACDB -> ACDB_AVSYNC_INFO: ACDB_CMD_GET_DEVICE_PROPERTY
11-03 22:38:23.496   736  1156 D msm8974_platform: platform_split_snd_device: snd_device(2) num devices(0) new_snd_devices(0)
11-03 22:38:23.496   736  1156 I msm8974_platform: platform_get_custom_mtmx_params: no matching param with id 0 ip_ch 2 op_ch 2 uc_id 1 snd_dev 2
11-03 22:38:23.496   736  1156 I audio_hw_primary: enable_audio_route: apply mixer and update path: low-latency-playback
11-03 22:38:23.496   736  1156 D audio_route: Apply path: low-latency-playback
11-03 22:38:23.496   736  1156 D audio_hw_primary: select_devices: done
11-03 22:38:23.499  2189 26089 I MediaCodecVideoEncoder: [17661:428] [26089] MediaCodecVideoEncoder: MediaCodecVideoEncoderFactory::SetEGLContext
11-03 22:38:23.499  2189 26089 I MediaCodecVideoDecoder: [17661:428] [26089] MediaCodecVideoDecoder: MediaCodecVideoDecoderFactory ctor
11-03 22:38:23.499  2189 26089 I org.webrtc.Logging: MediaCodecVideoDecoder: Trying to find HW decoder for mime video/x-vnd.on2.vp8
11-03 22:38:23.499   816 26073 D CCodecBufferChannel: [c2.android.vorbis.decoder#390] buffers after EOS ignored (0 us)
11-03 22:38:23.499  2189 26089 I org.webrtc.Logging: MediaCodecVideoDecoder: Found candidate decoder OMX.qcom.video.decoder.vp8
11-03 22:38:23.499   816 26073 D CCodecBufferChannel: [c2.android.vorbis.decoder#390] buffers after EOS ignored (0 us)
11-03 22:38:23.500   816 26073 D CCodecBufferChannel: [c2.android.vorbis.decoder#390] buffers after EOS ignored (0 us)
11-03 22:38:23.500  2189 26089 I org.webrtc.Logging: MediaCodecVideoDecoder: Found target decoder OMX.qcom.video.decoder.vp8. Color: 0x13
11-03 22:38:23.500  2189 26089 I MediaCodecVideoDecoder: [17661:429] [26089] MediaCodecVideoDecoder: VP8 HW Decoder supported.
11-03 22:38:23.500  2189 26089 I org.webrtc.Logging: MediaCodecVideoDecoder: Trying to find HW decoder for mime video/x-vnd.on2.vp9
11-03 22:38:23.500   748   748 I CameraHalOculus: CameraHalLog:  vendor/oculus/camera/fastpath/src/MonoCameraOculus.cpp:EnableCamera:79 Enabling MonoCamera 3
11-03 22:38:23.500  2189 26089 I org.webrtc.Logging: MediaCodecVideoDecoder: Found candidate decoder OMX.qcom.video.decoder.vp9
11-03 22:38:23.500  2189 26089 I org.webrtc.Logging: MediaCodecVideoDecoder: Found target decoder OMX.qcom.video.decoder.vp9. Color: 0x13
11-03 22:38:23.500  2189 26089 I MediaCodecVideoDecoder: [17661:429] [26089] MediaCodecVideoDecoder: VP9 HW Decoder supported.
11-03 22:38:23.500  2189 26089 I org.webrtc.Logging: MediaCodecVideoDecoder: Trying to find HW decoder for mime video/avc
11-03 22:38:23.500  2189 26089 I org.webrtc.Logging: MediaCodecVideoDecoder: Found candidate decoder OMX.qcom.video.decoder.avc
11-03 22:38:23.500  2189 26089 I org.webrtc.Logging: MediaCodecVideoDecoder: Found target decoder OMX.qcom.video.decoder.avc. Color: 0x13
11-03 22:38:23.500  2189 26089 I MediaCodecVideoDecoder: [17661:429] [26089] MediaCodecVideoDecoder: H264 HW Decoder supported.
11-03 22:38:23.502  2189 26088 W ProfileContentProvider: [doQuery] normal return
11-03 22:38:23.502   816 26071 D AudioTrack: stop(228): called with 11233 frames delivered
11-03 22:38:23.503  2968  3122 I StateMachine: StateMachine::Update GuardianInitializationStateMachine: mountEvent -> MountedTransition_Black
11-03 22:38:23.503  2189  2189 I OVRPlatform: [RequestStopwatch] AndroidPlatformIntegration-Constructor took 22.5070 milliseconds
11-03 22:38:23.506  2189  2189 I OVRPlatform: [AndroidPlatformIntegration] OS supports Oculus mic sharing, using native APIs for ovr_Microphone
11-03 22:38:23.506  2189  2189 I OboeAudio: openStream() INPUT -------- OboeVersion1.5.1 --------
11-03 22:38:23.506  2189  2189 I AAudio  : AAudioStreamBuilder_openStream() called ----------------------------------------
11-03 22:38:23.506  2189  2189 I AudioStreamBuilder: rate   =  48000, channels  = 1, format   = 1, sharing = SH, dir = INPUT
11-03 22:38:23.506  2189  2189 I AudioStreamBuilder: device =      0, sessionId = -1, perfMode = 10, callback: OFF with frames = 0
11-03 22:38:23.506  2189  2189 I AudioStreamBuilder: usage  =      1, contentType = 2, inputPreset = 1, allowedCapturePolicy = 0
11-03 22:38:23.506  2189  2189 D AudioStreamBuilder: build() MMAP not available because AAUDIO_PERFORMANCE_MODE_LOW_LATENCY not used.
11-03 22:38:23.506  2189  2189 D         : PlayerBase::PlayerBase()
11-03 22:38:23.519   736  1156 D msm8974_platform: platform_set_channel_map mixer_ctl_name:Playback Channel Map9
11-03 22:38:23.519   736  1156 D msm8974_platform: platform_set_channel_map: set mapping(1 2 0 0 0 0 0 0) for channel:2
11-03 22:38:23.520   736  1156 D audio_hw_primary: start_output_stream: exit
11-03 22:38:23.520   736  1156 D audio_hw_primary: out_write: retry previous failed cal level set
11-03 22:38:23.520   736  1156 D msm8974_platform: platform_split_snd_device: snd_device(2) num devices(1) new_snd_devices(0)
11-03 22:38:23.520   736  4466 I audio_hw_primary: adev_open_input_stream: enter: sample_rate(48000) channel_mask(0x10) devices(0x80000004)        stream_handle(0xe980d000) io_handle(182) source(1) format 5
11-03 22:38:23.520   736  4466 I audio_hw_primary: adev_open_input_stream: enter: sample_rate(48000) channel_mask(0x10) devices(0x80000004)        stream_handle(0xe980d000) io_handle(182) source(1) format 1
11-03 22:38:23.520   736  4466 I audio_hw_primary: adev_open_input_stream: exit
11-03 22:38:23.522   756 26093 I AudioFlinger: AudioFlinger's thread 0x78af057640 tid=26093 ready to run
11-03 22:38:23.522   736  4466 D audio_hw_primary: in_standby: enter: stream (0xe980d000) usecase(22: audio-record)
11-03 22:38:23.523   736  4466 D audio_hw_primary: in_standby: enter: stream (0xe980d000) usecase(22: audio-record)
11-03 22:38:23.524   736  4466 W EffectHAL: Effect 0xe99ee830 command SET_CONFIG returned status: Invalid argument
11-03 22:38:23.525   736  4466 W EffectHAL: Effect 0xe99ee830 command SET_CONFIG returned status: Invalid argument
11-03 22:38:23.525   736  4466 W EffectHAL: Effect 0xe99ee940 command SET_CONFIG returned status: Invalid argument
11-03 22:38:23.526   756  4643 D AF::RecordHandle: OpRecordAudio: track:211 uid:10032 pkg:com.oculus.horizon usage:0 not muted
11-03 22:38:23.528  2189  2189 I AAudio  : AAudioStreamBuilder_openStream() returns 0 = AAUDIO_OK for s#41 ----------------
11-03 22:38:23.529  2189  2189 I libjingle: [17661:458] [2189] (WebRtcPeerConnectionFactory.cpp:119): WebRtcPeerConnectionFactory::WebRtcPeerConnectionFactory
11-03 22:38:23.530  2189 26096 I libjingle: [17661:459] [26096] (WebRtcPeerConnectionFactory.cpp:100): SetThreadCPUAffinity thread 0, cpu mask 127
11-03 22:38:23.530  2189 26097 I libjingle: [17661:460] [26097] (WebRtcPeerConnectionFactory.cpp:100): SetThreadCPUAffinity thread 0, cpu mask 127
11-03 22:38:23.531  2189  2189 I libjingle: [17661:460] [2189] (WebRtcPeerConnectionFactory.cpp:164): WebRtcPeerConnectionFactory::WebRtcPeerConnectionFactory enc 0x79f439eec0 dec 0x79f439fa90
11-03 22:38:23.531  2189 26097 D JVM     : AttachCurrentThreadIfNeeded::ctor@[tid=26097]
11-03 22:38:23.531  2189 26097 D JVM     : Attaching thread to JVM
11-03 22:38:23.531  2189 26097 D JVM     : JVM::environment@[tid=26097]
11-03 22:38:23.531  2189 26097 D JVM     : JNIEnvironment::ctor@[tid=26097]
11-03 22:38:23.531  2189 26097 D AudioManager: ctor@[tid=26097]
11-03 22:38:23.531  2189 26097 D JVM     : JNIEnvironment::RegisterNatives(org/webrtc/voiceengine/WebRtcAudioManager)
11-03 22:38:23.531  2189 26097 D JVM     : NativeRegistration::ctor@[tid=26097]
11-03 22:38:23.531  2189 26097 D JVM     : NativeRegistration::NewObject@[tid=26097]
11-03 22:38:23.531  2189 26097 I org.webrtc.Logging: WebRtcAudioManager: ctor@[name=Thread-267, id=1973]
11-03 22:38:23.532  2189 26097 I org.webrtc.Logging: WebRtcAudioManager: Sample rate is set to 48000 Hz
11-03 22:38:23.532  2189 26097 D AudioManager: OnCacheAudioParameters@[tid=26097]
11-03 22:38:23.533  2189 26097 D AudioManager: hardware_aec: 1
11-03 22:38:23.533  2189 26097 D AudioManager: hardware_agc: 0
11-03 22:38:23.533  2189 26097 D AudioManager: hardware_ns: 1
11-03 22:38:23.533  2189 26097 D AudioManager: low_latency_output: 1
11-03 22:38:23.533  2189 26097 D AudioManager: sample_rate: 48000
11-03 22:38:23.533  2189 26097 D AudioManager: channels: 1
11-03 22:38:23.533  2189 26097 D AudioManager: output_buffer_size: 192
11-03 22:38:23.533  2189 26097 D AudioManager: input_buffer_size: 1920
11-03 22:38:23.533  2189 26097 D JVM     : GlobalRef::ctor@[tid=26097]
11-03 22:38:23.533  2189 26097 D AudioManager: JavaAudioManager::ctor@[tid=26097]
11-03 22:38:23.533  2189 26097 D JVM     : AttachCurrentThreadIfNeeded::ctor@[tid=26097]
11-03 22:38:23.533  2189 26097 D JVM     : JVM::environment@[tid=26097]
11-03 22:38:23.533  2189 26097 D JVM     : JNIEnvironment::ctor@[tid=26097]
11-03 22:38:23.533  2189 26097 D AudioTrackJni: ctor@[tid=26097]
11-03 22:38:23.533  2189 26097 D JVM     : JNIEnvironment::RegisterNatives(org/webrtc/voiceengine/WebRtcAudioTrack)
11-03 22:38:23.533  2189 26097 D JVM     : NativeRegistration::ctor@[tid=26097]
11-03 22:38:23.533  2189 26097 D JVM     : NativeRegistration::NewObject@[tid=26097]
11-03 22:38:23.533  2189 26097 I org.webrtc.Logging: WebRtcAudioTrack: ctor@[name=Thread-267, id=1973]
11-03 22:38:23.533  2189 26097 D JVM     : GlobalRef::ctor@[tid=26097]
11-03 22:38:23.533  2189 26097 D AudioManager: SetActiveAudioLayer(5)@[tid=26097]
11-03 22:38:23.533  2189 26097 D AudioManager: delay_estimate_in_milliseconds: 150
11-03 22:38:23.533  2189 26097 D AudioTrackJni: AttachAudioBuffer@[tid=26097]
11-03 22:38:23.533  2189 26097 D AudioTrackJni: SetPlayoutSampleRate(48000)
11-03 22:38:23.533  2189 26097 D AudioTrackJni: SetPlayoutChannels(1)
11-03 22:38:23.533  2189 26097 I libjingle: [17661:462] [26097] (AudioRecordWrapper.cpp:53): Attached an audio buffer to AudioRecordWrapper
11-03 22:38:23.535  2189 26097 I libjingle: [17661:464] [26097] (webrtcvoiceengine.cc:246): WebRtc VoiceEngine codecs:
11-03 22:38:23.535  2189 26097 I libjingle: [17661:464] [26097] (webrtcvoiceengine.cc:273): ISAC/16000/1 (103)
11-03 22:38:23.535  2189 26097 I libjingle: [17661:464] [26097] (webrtcvoiceengine.cc:273): ISAC/32000/1 (104)
11-03 22:38:23.535  2189 26097 I libjingle: [17661:464] [26097] (webrtcvoiceengine.cc:273): PCMU/8000/1 (0)
11-03 22:38:23.535  2189 26097 I libjingle: [17661:464] [26097] (webrtcvoiceengine.cc:273): PCMA/8000/1 (8)
11-03 22:38:23.535  2189 26097 W libjingle: [17661:464] [26097] (webrtcvoiceengine.cc:297): Unexpected codec: PCMU/8000/2 (110)
11-03 22:38:23.535  2189 26097 W libjingle: [17661:464] [26097] (webrtcvoiceengine.cc:297): Unexpected codec: PCMA/8000/2 (118)
11-03 22:38:23.535  2189 26097 I libjingle: [17661:464] [26097] (webrtcvoiceengine.cc:273): ILBC/8000/1 (102)
11-03 22:38:23.535  2189 26097 I libjingle: [17661:464] [26097] (webrtcvoiceengine.cc:273): G722/8000/1 (9)
11-03 22:38:23.535  2189 26097 W libjingle: [17661:464] [26097] (webrtcvoiceengine.cc:297): Unexpected codec: G722/8000/2 (119)
11-03 22:38:23.535  2189 26097 I libjingle: [17661:464] [26097] (webrtcvoiceengine.cc:273): opus/48000/2 (111)
11-03 22:38:23.535  2189 26097 I libjingle: [17661:464] [26097] (webrtcvoiceengine.cc:273): CN/8000/1 (13)
11-03 22:38:23.535  2189 26097 I libjingle: [17661:464] [26097] (webrtcvoiceengine.cc:273): CN/16000/1 (105)
11-03 22:38:23.535  2189 26097 I libjingle: [17661:464] [26097] (webrtcvoiceengine.cc:273): CN/32000/1 (106)
11-03 22:38:23.535  2189 26097 I libjingle: [17661:464] [26097] (webrtcvoiceengine.cc:273): telephone-event/8000/1 (126)
11-03 22:38:23.535  2189 26097 I libjingle: [17661:464] [26097] (webrtcvoiceengine.cc:273): red/8000/1 (127)
11-03 22:38:23.535  2189 26097 I libjingle: [17661:464] [26097] (webrtcvideoengine2.cc:497): WebRtcVideoEngine2::WebRtcVideoEngine2()
11-03 22:38:23.536  2189 26097 I libjingle: [17661:465] [26097] (webrtcvoiceengine.cc:551): WebRtcVoiceEngine::Init
11-03 22:38:23.536  2189 26097 I libjingle: [17661:465] [26097] (webrtcvoiceengine.cc:575): VoiceEngine 4.1.0
11-03 22:38:23.536  2189 26097 I libjingle: [17661:465] [26097] (voe_base_impl.cc:244): Init: An external ADM implementation will be used in VoiceEngine
11-03 22:38:23.536  2189 26097 D AudioManager: Init@[tid=26097]
11-03 22:38:23.536  2189 26097 I org.webrtc.Logging: WebRtcAudioManager: init@[name=Thread-267, id=1973]
11-03 22:38:23.537  2189 26097 I org.webrtc.Logging: WebRtcAudioManager: audio mode is: MODE_NORMAL
11-03 22:38:23.537  2189 26097 D AudioTrackJni: Init@[tid=26097]
11-03 22:38:23.537  2189 26097 I libjingle: [17661:466] [26097] (webrtcvoiceengine.cc:1066): webrtc: output: available=0
11-03 22:38:23.537  2189 26097 E libjingle: [17661:466] [26097] (webrtcvoiceengine.cc:1066): webrtc: stereo playout is not supported
11-03 22:38:23.537  2189 26097 W libjingle: [17661:466] [26097] (webrtcvoiceengine.cc:1066): webrtc: Init() failed to set mono/stereo playout mode (error=8090)
11-03 22:38:23.537  2189 26097 I libjingle: [17661:466] [26097] (webrtcvoiceengine.cc:1066): webrtc: output: available=0
11-03 22:38:23.537  2189 26097 E libjingle: [17661:466] [26097] (webrtcvoiceengine.cc:1066): webrtc: recording in stereo is not supported
11-03 22:38:23.537  2189 26097 W libjingle: [17661:466] [26097] (webrtcvoiceengine.cc:1066): webrtc: Init() failed to set mono/stereo recording mode (error=8090)
11-03 22:38:23.537  2189 26097 I libjingle: [17661:466] [26097] (webrtcvoiceengine.cc:1066): webrtc: TransmitMixer::SetAudioProcessingModule(audioProcessingModule=0xf4394180)
11-03 22:38:23.537  2189 26097 I libjingle: [17661:466] [26097] (webrtcvoiceengine.cc:1066): webrtc: OutputMixer::SetAudioProcessingModule(audioProcessingModule=0xf4394180)
11-03 22:38:23.537  2189 26097 E libjingle: [17661:466] [26097] (voe_base_impl.cc:371): Init: Failed to set agc to enabled: 0
11-03 22:38:23.537  2189 26097 I libjingle: [17661:466] [26097] (webrtcvoiceengine.cc:648): ApplyOptions: AudioOptions {aec: true, agc: true, ns: true, hf: true, swap: false, audio_jitter_buffer_max_packets: 50, audio_jitter_buffer_fast_accelerate: false, typing: true, agc_delta: 0, experimental_agc: false, extended_filter_aec: false, delay_agnostic_aec: false, experimental_ns: false, }
11-03 22:38:23.537  2189 26097 I OVRPlatform: [SharedMicrophoneAudioRecord] EnableBuiltInEffect(): called to enable effect 0
11-03 22:38:23.537  2189 26097 I libjingle: [17661:467] [26097] (webrtcvoiceengine.cc:722): Disabling EC since built-in EC will be used instead
11-03 22:38:23.537  2189 26097 I libjingle: [17661:467] [26097] (webrtcvoiceengine.cc:729): Echo control set to 0 with mode 4
11-03 22:38:23.537  2189 26097 I libjingle: [17661:467] [26097] (webrtcvoiceengine.cc:764): Auto gain set to 0 with mode 4
11-03 22:38:23.538  2189 26097 I OVRPlatform: [SharedMicrophoneAudioRecord] EnableBuiltInEffect(): called to enable effect 2
11-03 22:38:23.538  2189 26097 I libjingle: [17661:467] [26097] (webrtcvoiceengine.cc:804): Disabling NS since built-in NS will be used instead
11-03 22:38:23.538  2189 26097 I libjingle: [17661:467] [26097] (webrtcvoiceengine.cc:811): Noise suppression set to 0 with mode 5
11-03 22:38:23.538  2189 26097 I libjingle: [17661:467] [26097] (webrtcvoiceengine.cc:817): High pass filter enabled? 0
11-03 22:38:23.538  2189 26097 I libjingle: [17661:467] [26097] (webrtcvoiceengine.cc:825): Stereo swapping enabled? 0
11-03 22:38:23.538  2189 26097 I libjingle: [17661:467] [26097] (webrtcvoiceengine.cc:834): NetEq capacity is 50
11-03 22:38:23.538  2189 26097 I libjingle: [17661:467] [26097] (webrtcvoiceengine.cc:842): NetEq fast mode? 0
11-03 22:38:23.538  2189 26097 I libjingle: [17661:467] [26097] (webrtcvoiceengine.cc:850): Typing detection is enabled? 0
11-03 22:38:23.538  2189 26097 E libjingle: [17661:467] [26097] (voe_audio_processing_impl.cc:955): SetTypingDetectionStatus: not supported
11-03 22:38:23.538  2189 26097 W libjingle: [17661:467] [26097] (webrtcvoiceengine.cc:854): SetTypingDetectionStatus(0) failed, err=8003
11-03 22:38:23.538  2189 26097 I libjingle: [17661:467] [26097] (webrtcvoiceengine.cc:859): Adjust agc delta is 0
11-03 22:38:23.538  2189 26097 I libjingle: [17661:467] [26097] (webrtcvoiceengine.cc:1091): Adjusting AGC level from default -3dB to -3dB
11-03 22:38:23.538  2189 26097 I libjingle: [17661:467] [26097] (webrtcvoiceengine.cc:870): Delay agnostic aec is enabled? 0
11-03 22:38:23.538  2189 26097 I libjingle: [17661:467] [26097] (webrtcvoiceengine.cc:879): Extended filter aec is enabled? 0
11-03 22:38:23.538  2189 26097 I libjingle: [17661:467] [26097] (webrtcvoiceengine.cc:888): Experimental ns is enabled? 0
11-03 22:38:23.538  2189 26097 I libjingle: [17661:467] [26097] (webrtcvoiceengine.cc:611): WebRtc VoiceEngine codecs:
11-03 22:38:23.538  2189 26097 I libjingle: [17661:467] [26097] (webrtcvoiceengine.cc:613): opus/48000/2 (111)
11-03 22:38:23.538  2189 26097 I libjingle: [17661:467] [26097] (webrtcvoiceengine.cc:613): ISAC/16000/1 (103)
11-03 22:38:23.538  2189 26097 I libjingle: [17661:467] [26097] (webrtcvoiceengine.cc:613): ISAC/32000/1 (104)
11-03 22:38:23.538  2189 26097 I libjingle: [17661:467] [26097] (webrtcvoiceengine.cc:613): G722/8000/1 (9)
11-03 22:38:23.538  2189 26097 I libjingle: [17661:468] [26097] (webrtcvoiceengine.cc:613): ILBC/8000/1 (102)
11-03 22:38:23.538  2189 26097 I libjingle: [17661:468] [26097] (webrtcvoiceengine.cc:613): PCMU/8000/1 (0)
11-03 22:38:23.538  2189 26097 I libjingle: [17661:468] [26097] (webrtcvoiceengine.cc:613): PCMA/8000/1 (8)
11-03 22:38:23.538  2189 26097 I libjingle: [17661:468] [26097] (webrtcvoiceengine.cc:613): CN/32000/1 (106)
11-03 22:38:23.539  2189 26097 I libjingle: [17661:468] [26097] (webrtcvoiceengine.cc:613): CN/16000/1 (105)
11-03 22:38:23.539  2189 26097 I libjingle: [17661:468] [26097] (webrtcvoiceengine.cc:613): CN/8000/1 (13)
11-03 22:38:23.539  2189 26097 I libjingle: [17661:468] [26097] (webrtcvoiceengine.cc:613): red/8000/1 (127)
11-03 22:38:23.539  2189 26097 I libjingle: [17661:468] [26097] (webrtcvoiceengine.cc:613): telephone-event/8000/1 (126)
11-03 22:38:23.539  2189 26097 I libjingle: [17661:468] [26097] (webrtcvoiceengine.cc:961): Setting microphone to (id=0) and speaker to (id=0)
11-03 22:38:23.539  2189 26097 W libjingle: [17661:468] [26097] (webrtcvoiceengine.cc:1066): webrtc: SetRecordingChannel() unable to set the recording channel (error=10028)
11-03 22:38:23.539  2189 26097 E libjingle: [17661:468] [26097] (webrtcvoiceengine.cc:1066): webrtc: recording in stereo is not supported
11-03 22:38:23.539  2189 26097 W libjingle: [17661:468] [26097] (webrtcvoiceengine.cc:1066): webrtc: SetRecordingDevice() failed to set mono recording mode (error=8090)
11-03 22:38:23.539  2189 26097 E libjingle: [17661:468] [26097] (webrtcvoiceengine.cc:1066): webrtc: stereo playout is not supported
11-03 22:38:23.539  2189 26097 W libjingle: [17661:468] [26097] (webrtcvoiceengine.cc:1066): webrtc: SetPlayoutDevice() failed to set stereo playout mode (error=8090)
11-03 22:38:23.539  2189 26097 I libjingle: [17661:468] [26097] (webrtcvoiceengine.cc:981): Set microphone to (id=0) and speaker to (id=0)
11-03 22:38:23.539  2189 26097 I libjingle: [17661:468] [26097] (webrtcvoiceengine.cc:554): WebRtcVoiceEngine::Init Done!
11-03 22:38:23.539  2189 26097 I libjingle: [17661:468] [26097] (webrtcvideoengine2.cc:506): WebRtcVideoEngine2::Init
11-03 22:38:23.539  2189 26097 I libjingle: [17661:469] [26097] (dtlsidentitystore.cc:53): Generating identity, using keytype 0
11-03 22:38:23.539  2189 26097 I libjingle: [17661:469] [26097] (opensslidentity.cc:41): Making key pair
11-03 22:38:23.574   586   611 I SyncBossFW: 17678094 [info   ] {BCAM}: OV7251 sensors found - 0xf
11-03 22:38:23.604   586   611 I SyncBossFW: 17678124 [info   ] {APPI}: Camera probe, found: 0xf
11-03 22:38:23.608  2189 26097 I libjingle: [17661:537] [26097] (opensslidentity.cc:82): Returning key pair
11-03 22:38:23.608  2189 26097 I libjingle: [17661:537] [26097] (opensslidentity.cc:89): Making certificate for WebRTC
11-03 22:38:23.611  2189 26097 I libjingle: [17661:540] [26097] (opensslidentity.cc:137): Returning certificate
11-03 22:38:23.614  2189  2189 I OVRPlatform: [P2PNetworkTransport] oculus_parties_enable_aui_mic_switcher_controls gk is OFF, mic_switcher_controls is disabled
11-03 22:38:23.615  2189  2189 I OVRPlatform: [RequestStopwatch] AndroidFinishInitialization took 134.5420 milliseconds
11-03 22:38:23.615  2189  2189 I OVRPlatform: [RequestStopwatch] AndroidSynchronousInitialize took 136.3150 milliseconds
11-03 22:38:23.615  2189  2189 I PlatformPlugin: [PlatformPluginManager] Successfully initialized Platform
11-03 22:38:23.615  2189  2189 D PlatformPlugin: [PlatformPluginManager] Releasing lock: nativeInit
11-03 22:38:23.617  2189  2189 I PlatformPluginManager: onHeadphonesStateChange: false
11-03 22:38:23.617  2189  2189 I OVRPlatform: [AudioManager] SetHeadphoneStatus: DISCONNECTED
11-03 22:38:23.617  2189  2189 I OVRPlatform: [AudioManager] Current headsetMounted_ true
11-03 22:38:23.617  2189  2189 I OVRPlatform: [AudioManager] Current headphoneStatus_: DISCONNECTED
11-03 22:38:23.617  2189  2189 I PlatformPluginManager: Starting up connection reaper
11-03 22:38:23.618  2189  2189 I PlatformPluginManager: Adding client com.oculus.horizon.service_media.OVRMediaServiceManager@21619fe
11-03 22:38:23.618  2189  2189 I OVRPlatform: [AudioManager] SetHeadsetMounted: true
11-03 22:38:23.618  2189  2189 I OVRPlatform: [AudioManager] Current headsetMounted_ true
11-03 22:38:23.618  2189  2189 I OVRPlatform: [AudioManager] Current headphoneStatus_: DISCONNECTED
11-03 22:38:23.618   748   748 I HollywoodCameraProvider: [HollywoodCameraProvider] Set cameras to 10 bpp (format 0x00000007)
11-03 22:38:23.620   736  4466 D audio_hw_primary: adev_set_parameters: enter: screen_state=on
11-03 22:38:23.622   748   748 I CameraHalOculus: CameraHalLog:  vendor/oculus/camera/fastpath/src/MonoCameraOculus.cpp:StartCamera:136 Starting MonoCamera 0
11-03 22:38:23.622   748   940 I SyncBossHAL: [info   ] pulsar_manager.c(810): Setting controller LED config to period: 40000us, on-time: 34us, delay: -9us
11-03 22:38:23.630   820  1118 I PerfStream: BatteryStatsStates::activeStartEvent()
11-03 22:38:23.631  3000  3000 D MVanServiceReceiver: MVanServiceReceiver Action: com.oculus.intent.action.MOUNT_STATE_CHANGED
11-03 22:38:23.632   748   748 I CameraHalOculus: CameraHalLog:  vendor/oculus/camera/fastpath/src/MonoCameraOculus.cpp:StartCamera:136 Starting MonoCamera 1
11-03 22:38:23.636  1056  1418 D VrPowerManagerService: processing message: system wakeup
11-03 22:38:23.638  1056  1418 I AutomationTest: ResumeFromSuspendTimeTests: system wakeup
11-03 22:38:23.644   748   748 I CameraHalOculus: CameraHalLog:  vendor/oculus/camera/fastpath/src/MonoCameraOculus.cpp:StartCamera:136 Starting MonoCamera 2
11-03 22:38:23.648  2155 26111 I OSUpdateService: Intent with action system_interactive_changed
11-03 22:38:23.656  2155 26111 W SystemUpdatePolicyMonitor: requestAllowedByPolicy: mLastReportedPolicyStatus=true
11-03 22:38:23.656   748   748 I CameraHalOculus: CameraHalLog:  vendor/oculus/camera/fastpath/src/MonoCameraOculus.cpp:StartCamera:136 Starting MonoCamera 3
11-03 22:38:23.661  2189  2592 W DeviceConfigUtil: Try to get config param "oculus_shared_social:oculus_messenger_reauth_removal" before Device Config has subscribed to the service.
11-03 22:38:23.661  2155 26111 I IdleMonitor: getIdleState duration=120, idleState=SCREEN_ON
11-03 22:38:23.661  2155 26111 I IdleUpdateManager: areIdleConditionsMet: false, conditions: UpdatePhase=WaitingToCheckForUpdates CheckPeriodElapsed=false Wifi=true Idle=false Battery=true DeviceOn=true DevicePolicyManager=true
11-03 22:38:23.663   748   748 W sensors@1.0-ser: type=1400 audit(0.0:18917): avc: denied " {" getattr" } for " path="/proc/865" dev="proc" ino=17723 scontext=u:r:hal_oculus_sensors:s0 tcontext=u:r:trackingserver:s0 tclass=dir permissive=0
11-03 22:38:23.669   865  1044 I [CT]    : InsideOutTrackingCapabilityTranslation: onResume
11-03 22:38:23.669   865  1044 I [CT]    : TELEMETRY_COLLECTOR: Starting periodic telemetry polling...
11-03 22:38:23.673   748   748 W sensors@1.0-ser: type=1400 audit(0.0:18918): avc: denied " {" getattr" } for " path="/proc/865" dev="proc" ino=17723 scontext=u:r:hal_oculus_sensors:s0 tcontext=u:r:trackingserver:s0 tclass=dir permissive=0
11-03 22:38:23.673   865   865 W ObjectTrackingT: type=1400 audit(0.0:18919): avc: denied " {" getattr" } for " path="/dev/cpuset/object_tracking/tasks" dev="cgroup" ino=169 scontext=u:r:trackingserver:s0 tcontext=u:object_r:cgroup:s0 tclass=file permissive=0
11-03 22:38:23.675   586   611 I SyncBossFW: 17678194 [info   ] {APPI}: Starting camera streaming
11-03 22:38:23.675   586   611 I SyncBossFW: 17678195 [info   ] {BCAM}: Camera streaming started
11-03 22:38:23.676 17831 17831 D MetaCam (DeviceLifecycleManager): onCapabilitiesChanged(...). Has NET_CAPABILITY_VALIDATED.
11-03 22:38:23.677 25954 26120 I chatty  : uid=10127(com.YourCompany.TemplateProject2) expire 3 lines
11-03 22:38:23.681   865  1044 I [CT]    : VisionInterface: Resuming IOT Engine
11-03 22:38:23.681   865  1044 I [CT]    : VEGA_MAPPER:ANCHOR_MANAGER: Clearing state of vega anchor manager.
11-03 22:38:23.681   865  1044 I [CT]    : InternalAnchorApiServerCapabilityImpl: onResume
11-03 22:38:23.681   865  1044 I [CT]    : SpatialPersistenceCapabilityImpl: onResume
11-03 22:38:23.681   865  1044 I TrackingService: [            iot] STANDBY -> RUNNING transition time: 281 ms
11-03 22:38:23.682   748   748 E libosutils: failed to get real path of file /proc/865/cmdline, err: Permission denied
11-03 22:38:23.683   748   748 W HwBinder:748_1: type=1400 audit(0.0:18920): avc: denied " {" getattr" } for " path="/proc/865" dev="proc" ino=17723 scontext=u:r:hal_oculus_sensors:s0 tcontext=u:r:trackingserver:s0 tclass=dir permissive=0
11-03 22:38:23.685   748   748 I FrameSetDispatcher: [CONTROLLER] Client thread started
11-03 22:38:23.686   748   748 I CameraClientManager: [CONTROLLER] Added client - started clients: 1
11-03 22:38:23.686   865  1044 I [CT]    : ConstellationTrackingCapabilityTranslation: onResume
11-03 22:38:23.686   865  1044 I TrackingService: ConstellationTrackingGlue: setEnableExtendedDeadreckoning to false
11-03 22:38:23.686   865  1044 I TrackingService: [  constellation] STANDBY -> RUNNING transition time: 5 ms
11-03 22:38:23.686   865  1044 I [CT]    : SelftrackedHeadsetSide: onResume
11-03 22:38:23.686   865  1044 I TrackingService: [selftracked_client] STANDBY -> RUNNING transition time: 0 ms
11-03 22:38:23.687   865  1044 I TrackingService: [           hand] STANDBY -> RUNNING transition time: 0 ms
11-03 22:38:23.687   748   748 E libosutils: failed to get real path of file /proc/865/cmdline, err: Permission denied
11-03 22:38:23.688   748   748 I FrameSetDispatcher: [HEADSET] Client thread started
11-03 22:38:23.688   748   748 I CameraClientManager: [HEADSET] Added client - started clients: 2
11-03 22:38:23.689   865  1044 I [CT]    : ObjectTrackingCapabilityTranslation: onResume
11-03 22:38:23.689   865  1044 I TrackingService: [         object] STANDBY -> RUNNING transition time: 2 ms
11-03 22:38:23.689   865  1044 I TrackingService: [     controller] STANDBY -> RUNNING transition time: 0 ms
11-03 22:38:23.697   865  1044 I TrackingService: Setting initial exposure: 0.005000, initial gain: 3.000000
11-03 22:38:23.697   748  1017 E libosutils: failed to get real path of file /proc/865/cmdline, err: Permission denied
11-03 22:38:23.699   748  1017 I FrameSetDispatcher: [HEADSET] Client thread started
11-03 22:38:23.699   748  1017 I CameraClientManager: [HEADSET] Added client - started clients: 3
11-03 22:38:23.699   865  1044 I [CT]    : ExposureControlCapabilityImpl: onResume
11-03 22:38:23.699   865  1044 I TrackingService: [ExposureControl] STANDBY -> RUNNING transition time: 10 ms
11-03 22:38:23.699   865  1042 D TrackingService: setPowerState: RUNNING
11-03 22:38:23.721  2968  3723 I RuntimeIPCServerMgr: GetServerStatesConfig -> {MaxBufferSize=32768, MaxEntries=64}
11-03 22:38:23.730   865  1042 D TrackingService: getSharedMemory: com.YourCompany.TemplateProject2#25954, HeadTracker
11-03 22:38:23.731   838  6611 E CalibrationProvider: loadCalibration(LDISP_SN) failed: Calibration store didn't load any info
11-03 22:38:23.731   838  6611 E CalibrationProvider: loadCalibration(RDISP_SN) failed: Calibration store didn't load any info
11-03 22:38:23.732   838  6611 E CalibrationProvider: loadCalibration(LDISP_SN) failed: Calibration store didn't load any info
11-03 22:38:23.732   838  6611 E CalibrationProvider: loadCalibration(RDISP_SN) failed: Calibration store didn't load any info
11-03 22:38:23.736  2968  2968 D VrGuardianUserService: onStartCommandIntent { act=FOREGROUND_CLIENT cmp=com.oculus.guardian/com.oculus.vrguardianservice.VrGuardianUserService (has extras) }
11-03 22:38:23.736  2968  2968 D VrGuardianUserService: maybeSubscribeDeviceConfig
11-03 22:38:23.736  2968  2968 D VrGuardianUserService: onStartCommand FOREGROUND_CLIENT user = 0
11-03 22:38:23.737  2968  2968 D VrGuardianService: setCurrentUser() called with: userId = [0]
11-03 22:38:23.737  2968  2968 I VrGuardianService: nativeSetCurrentUser userid = 0
11-03 22:38:23.737  2968  2968 I GuardianSystem: GuardianSystem::SetCurrentUser: 0 
11-03 22:38:23.737  1056  1418 V MediaPlayer: resetDrmState:  mDrmInfo=null mDrmProvisioningThread=null mPrepareDrmInProgress=false mActiveDrmScheme=false
11-03 22:38:23.737  1056  1418 V MediaPlayer: cleanDrmObj: mDrmObj=null mDrmSessionId=null
11-03 22:38:23.737  1513  1513 V AvrcpMediaPlayerList: onPlaybackConfigChanged(): Configs list size=5
11-03 22:38:23.737   816  2151 D NuPlayerDriver: reset(0xf2b2e5a0) at state 6
11-03 22:38:23.737  1513  1513 V AvrcpMediaPlayerList: onPlaybackConfigChanged(): Configs list size=4
11-03 22:38:23.740   836 13920 V C2Store : in ~ComponentModule
11-03 22:38:23.740   836 13920 V C2Store : unloading dll
11-03 22:38:23.741   816 26066 D NuPlayerDriver: notifyResetComplete(0xf2b2e5a0)
11-03 22:38:23.741   816  2151 W AMessage: failed to post message as target looper for handler 0 is gone.
11-03 22:38:23.749   748 26109 W libsensorscommon: frameset capture timestamp out of spec by -17678219.53 ms. FrameType=HEADSET, observed=17678259532000 expected=40000000. FrameSyncPeriod is: 40.00 ms
11-03 22:38:23.755   760   760 D SurfaceFlinger: setCacPowerMode: mode=2
11-03 22:38:23.755   760   760 I HWC2    : Creating virtual display
11-03 22:38:23.758   750  1267 I SDM     : HWCVirtualDisplayFactory::Create: Created DPU based virtual display
11-03 22:38:23.759   750  1267 W SDM     : HWDeviceDRM::PopulateDisplayAttributes: Driver doesn't report panel physical width and height - defaulting to 320dpi
11-03 22:38:23.760   750  1267 I chatty  : uid=1000(system) HwBinder:750_3 identical 34 lines
11-03 22:38:23.760   750  1267 W SDM     : HWDeviceDRM::PopulateDisplayAttributes: Driver doesn't report panel physical width and height - defaulting to 320dpi
11-03 22:38:23.760   750  1267 I SDM     : HWDeviceDRM::UpdateMixerAttributes: Mixer WxH 4096x2160-1 for Virtual
11-03 22:38:23.760   750  1267 I SDM     : HWCDisplay::UpdateConfigs: num_configs = 1
11-03 22:38:23.762   750  1267 I SDM     : HWCDisplay::Init: Display created with id: 1, game_supported_: 0
11-03 22:38:23.762   750  1267 I SDM     : HWDeviceDRM::UpdateMixerAttributes: Mixer WxH 1920x3664-1 for Virtual
11-03 22:38:23.762   750  1267 I SDM     : HWVirtualDRM::SetDisplayAttributes: New WB Resolution: 1920x3664 cur_mode_index 2
11-03 22:38:23.763   750  1267 I SDM     : InitHDRinterface():127 HDR init done
11-03 22:38:23.763   750  1267 I SDM     : HDRIntfClient::GetParameter: Version info is: 2.0
11-03 22:38:23.764   750  1267 I SDM     : StrategyImpl::InitializeHdrInfo: HDRLib version = 2.0
11-03 22:38:23.764   750  1267 I SDM     : Deinit():195 HDR De-init done
11-03 22:38:23.764   750  1267 I SDM     : ResourceImpl::RegisterDisplay: Registering display 47-2 with hw_block 47-4
11-03 22:38:23.764   750  1267 I SDM     : InitHDRinterface():127 HDR init done
11-03 22:38:23.765   750  1267 I SDM     : HDRIntfClient::GetParameter: Version info is: 2.0
11-03 22:38:23.765   750  1267 I SDM     : panel_HDMI_sink_load():30 panel's peak brightness isn't unreasonably, should be in unit of nits. Default val is used!
11-03 22:38:23.766   750  1267 I SDM     : ColorIntfClient::Init: Init successful
11-03 22:38:23.766   750  1267 I SDM     : DisplayVirtual::SetActiveConfig: Virtual display resolution changed to[1920x3664]
11-03 22:38:23.766   750  1267 I SDM     : DisplayBase::SetDisplayState: Set state = 1, display 47-2, teardown = 0
11-03 22:38:23.766   750  1267 I SDM     : DisplayBase::SetFrameBufferConfig: New framebuffer resolution (1920x3664)
11-03 22:38:23.766   750  1267 I SDM     : HWCDisplay::SetFrameBufferConfig: New framebuffer resolution (1920x3664)
11-03 22:38:23.766   750  1267 I SDM     : HWCVirtualDisplayFactory::Create: Creating virtual display: w: 1920 h:3664 format:0x1
11-03 22:38:23.766   750  1267 I SDM     : HWCSession::CreateVirtualDisplayObj: Created virtual display id:1 with res: 1920x3664
11-03 22:38:23.766   750  1267 I SDM     : HWCSession::CreateVirtualDisplay: Created virtual display id:1, res: 1920x3664
11-03 22:38:23.766   760   760 I HWC2    : Created virtual display
11-03 22:38:23.767   865 26134 I chatty  : uid=1000(system) CtrllrCam expire 36 lines
11-03 22:38:23.767   760   760 D SurfaceFlinger: Finished setting power mode 2 on display 19260772666111105
11-03 22:38:23.768   875  3515 D VrApiService: refresh-rate changed to 72Hz
11-03 22:38:23.769   750   953 I SDM     : HWCDisplayBuiltIn::Validate: Validate +++ enable cac = 0
11-03 22:38:23.771  1056  1370 D SurfaceControl: Excessive delay in setPowerMode()
11-03 22:38:23.772  1056  1116 W PowerManagerService: Screen on took 424 ms
11-03 22:38:23.772  1457 26175 I chatty  : uid=10025(com.oculus.systemdriver) OVR::TimeWarp expire 206 lines
11-03 22:38:23.779   750   954 I SDM     : HWCDisplayBuiltIn::Validate: Validate +++ enable cac = 0
11-03 22:38:23.789   748 26116 E libsensorscommon: FrameType HEADSET: Releasing incomplete frame set: Received frame from next frame set
11-03 22:38:23.789   865 26118 I chatty  : uid=1000(system) IOTcam expire 95 lines
11-03 22:38:23.789   865 26170 I chatty  : uid=1000(system) ExposureControl expire 1 line
11-03 22:38:23.791   865 20293 I chatty  : uid=1000(system) BoltWorkerThrea expire 1 line
11-03 22:38:23.821   838  6611 E CalibrationProvider: loadCalibration(LDISP_SN) failed: Calibration store didn't load any info
11-03 22:38:23.822   838  1036 E CalibrationProvider: loadCalibration(RDISP_SN) failed: Calibration store didn't load any info
11-03 22:38:23.823   838  6611 E CalibrationProvider: loadCalibration(LDISP_SN) failed: Calibration store didn't load any info
11-03 22:38:23.823   838  6611 E CalibrationProvider: loadCalibration(RDISP_SN) failed: Calibration store didn't load any info
11-03 22:38:23.831   838  1036 E CalibrationProvider: loadCalibration(LDISP_SN) failed: Calibration store didn't load any info
11-03 22:38:23.832   838  6611 E CalibrationProvider: loadCalibration(RDISP_SN) failed: Calibration store didn't load any info
11-03 22:38:23.833   750   954 I SDM     : HWCDisplayBuiltIn::Validate: Validate +++ enable cac = 0
11-03 22:38:23.835   838  1036 E CalibrationProvider: loadCalibration(LDISP_SN) failed: Calibration store didn't load any info
11-03 22:38:23.835   838   838 E CalibrationProvider: loadCalibration(RDISP_SN) failed: Calibration store didn't load any info
11-03 22:38:23.844   838  1036 E CalibrationProvider: loadCalibration(LDISP_SN) failed: Calibration store didn't load any info
11-03 22:38:23.844   838  1036 E CalibrationProvider: loadCalibration(RDISP_SN) failed: Calibration store didn't load any info
11-03 22:38:23.864   838  1036 E CalibrationProvider: loadCalibration(LDISP_SN) failed: Calibration store didn't load any info
11-03 22:38:23.865   838  1036 E CalibrationProvider: loadCalibration(RDISP_SN) failed: Calibration store didn't load any info
11-03 22:38:23.888 25954 26187 I chatty  : uid=10127(com.YourCompany.TemplateProject2) expire 6 lines
11-03 22:38:23.889   760   760 D SurfaceFlinger: CAC state changed to 5
11-03 22:38:23.889   760   760 E SurfaceFlinger: Source layer is null
11-03 22:38:23.891   750   954 I SDM     : HWCDisplayBuiltIn::Validate: Validate +++ enable cac = 0
11-03 22:38:23.892   750   954 I SDM     : HWDeviceDRM::UpdateMixerAttributes: Mixer WxH 1920x1832-1 for Virtual
11-03 22:38:23.892   750   954 I SDM     : HWVirtualDRM::SetDisplayAttributes: New WB Resolution: 1920x1832 cur_mode_index 5
11-03 22:38:23.892   750   954 I SDM     : DisplayVirtual::SetActiveConfig: Virtual display resolution changed to[1920x1832]
11-03 22:38:23.892   750   954 I SDM     : DisplayBase::SetFrameBufferConfig: New framebuffer resolution (1920x1832)
11-03 22:38:23.892   750   954 I SDM     : HWCDisplay::SetFrameBufferConfig: New framebuffer resolution (1920x1832)
11-03 22:38:23.895  2484  2907 W PresenceAPKNative(hyperspace_controller_module): is_screen_on: 1
11-03 22:38:23.895  1457  2762 I chatty  : uid=10025(com.oculus.systemdriver) ClientRequest expire 32 lines
11-03 22:38:23.898  2189  2189 I OVRMediaServiceManager: setupMediaService
11-03 22:38:23.898 25954 26063 I chatty  : uid=10127(com.YourCompany.TemplateProject2) expire 2 lines
