11-04 18:21:33.292   851 14624 I [CT]    : CONSTELLATION: R: Detected static IMU, no button event and has tracked position => Applying constant controller pose.
11-04 18:21:33.321   851 15198 I [CT]    : TrackedMapContext: Stop tracking map with ID Submap id = 2, version = 622116794 at index: 2 in contexts: 3
11-04 18:21:33.339   851  1196 I [CT]    : VegaBAOptimize: resRemoved = 18, pntRemoved = 0
11-04 18:21:33.454   851  1196 I [CT]    : Vega:MapBuilderBase: Created keyRig with frameID 4379 and uid 40720c36
11-04 18:21:33.459   851  1196 I [CT]    : KEYPOINT_CACHE: New keyrig added has 54 corners and 56 tracks to immature points that will be used to extract descriptors and insert into the index.
11-04 18:21:33.463   851  1196 I [CT]    : MapCullingTask: Culled 0 L1 nodes, 1 individual keyrigs, and 0 individual points
11-04 18:21:33.466   851  1196 I [CT]    : VegaBAOptimize: Num points adjusted: 448 fixed: 0 Num residuals in-in: 4546 in-out: 141 out-in: 0 fixed (out-out): 0 outside ROI: 0 total: 4687
11-04 18:21:33.469   851  1196 I [CT]    : VegaBAOptimize: Total: neighbor 3 L1s, adjust 2 L1s. KRs 58  Points 448  Cameras 232  OutsideFixedKR 16  AdjustKR 42  Imus 9
11-04 18:21:33.538   851  1196 I [CT]    : VegaBAOptimize: resRemoved = 7, pntRemoved = 0
11-04 18:21:33.545   851  1196 I [CT]    : VEGA_LOCALIZER: New descriptors added - Regular: 90, Immature: 0, Resampled by OrphanDescriptors: 0
11-04 18:21:33.550 15694 15726 D UE4     : [2022.11.04-18.21.33:550][  1]LogSlate: Took 0.000384 seconds to synchronously load lazily loaded font '../../../Engine/Content/Slate/Fonts/Roboto-Regular.ttf' (155K)
11-04 18:21:33.644   841 15693 I [CT]    : BOLTDEPTH: BoltDepthSystem: onPause: starting asynchronous core deactivation
11-04 18:21:33.645   841 15824 I [CT]    : BOLTDEPTH: CvpDisparityPipeline: deactivate: CVP pipeline successfully deactivated.
11-04 18:21:33.698   851 15206 I [CT]    : CONSTELLATION: L: Successfully reinitialized 6DoF filter. Keep Cov and Calib States = Y. Keep velocity state and covariance = N
11-04 18:21:33.698   851 14624 I [CT]    : CONSTELLATION: L: Detected static IMU, no button event and has tracked position => Applying constant controller pose.
11-04 18:21:33.698   851 14624 I [CT]    : INPUT_TRACKING:Behavior:OutOfFoVRotation: [Left] state transition: Active -> Transition
11-04 18:21:33.699   851  1196 I [CT]    : Vega:SubmapPublisher: Tracking parent no change: frame movement above thresh -> Publish
11-04 18:21:33.699   851  1196 I [CT]    : Vega:SubmapPublisher: Start to publish submaps, found candidates:  3
11-04 18:21:33.699   851  1196 E [CT]    : SubmapRecords: findSubmapId found 2 submap records hold the same query krHandle
11-04 18:21:33.722   851 15198 I [CT]    : VegaTrackTracker: Starting map tracking on map. SubmapId Submap id = 2, version = 1442049750 Active contexts: 2
11-04 18:21:33.773   851 15198 W [CT]    : VEGA:MAP_TRACKING_HM: [Throttled count=9] Bad map tracking: map tracking failed @ Submap id = 2, version = 1442049750 with status: 2
11-04 18:21:33.774   851 15198 W [CT]    : VEGA:MAP_TRACKING_HM: Validation failed after 0.04 seconds of bad frames. Switching from Validating to NoTracking
11-04 18:21:33.796   851   851 I chatty  : uid=1000(system) /system/bin/trackingservice identical 32 lines
11-04 18:21:33.801   851 15198 I [CT]    : TrackedMapContext: Stop tracking map with ID Submap id = 2, version = 1442049750 at index: 2 in contexts: 3
11-04 18:21:33.842   851   851 W TrackingService: attachClient: found client in attached list
11-04 18:21:33.843   851  1490 W TrackingService: attachClient: found client in attached list
11-04 18:21:33.927   851 15198 W [CT]    : FrameToFrameTrackerHelper: Low ratio of valid tracks for available capacity (149/300=0.50<0.50). Verify corner detection and track creation!
11-04 18:21:34.002 15694 15795 I VrApi   : FPS=4/72,Prd=17ms,Tear=0,Early=0,Stale=69,VSnc=1,Lat=1,Fov=0,CPU4/GPU=3/3,1382/490MHz,OC=FF,TA=0/70/70,SP=N/F/F,Mem=1804MHz,Free=2144MB,PLS=0,Temp=27.2C/0.0C,TW=1.18ms,App=0.74ms,GD=0.00ms,CPU&GPU=0.89ms,LCnt=3(DR0,LM2),GPU%=0.17,CPU%=0.05(W0.05),DSF=1.00,CFL=19.68/21.44
11-04 18:21:34.004   851  1490 I chatty  : uid=1000(system) Binder:851_4 identical 4 lines
11-04 18:21:34.014   851 14624 I [CT]    : INPUT_TRACKING:Behavior:OutOfFoVRotation: [Left] state transition: Transition -> Init
11-04 18:21:34.014   851 14624 I [CT]    : INPUT_TRACKING:Behavior:OutOfFoVRotation: [Left] deactivated
11-04 18:21:34.014   851 14624 I [CT]    : INPUT_TRACKING:ControllerMotionModel: [Left] t = 8611.165s, behavior transition: OutOfFoVRotation -> None
11-04 18:21:34.016   851 14624 I [CT]    : INPUT_TRACKING:Behavior:OutOfFoVRotation: [Left] state transition: Init -> TorsoInitialized
11-04 18:21:34.052   851  1490 W TrackingService: attachClient: found client in attached list
11-04 18:21:34.075   736   909 I SyncBossHAL: [info   ] syncboss_hal_powerstate.c(50): Reporting powerstate event: PROX_ON
11-04 18:21:34.076  1044  1340 D VrPowerManagerService: processing message: sensor changed
11-04 18:21:34.077  1044  1340 I VrPowerManagerService: transition from HEADSET_UNMOUNTED to HEADSET_MOUNTED
11-04 18:21:34.077   841  1353 D SensorClientUtils: Received transition request from STANDBY to RUNNING
11-04 18:21:34.077   851  1490 D SensorClientUtils: Received transition request from STANDBY to RUNNING
11-04 18:21:34.078  1729 11148 D VrPowerManagerClient: Headset state: 1
11-04 18:21:34.078  1729 11148 V ControllerNotifications: Headset was mounted, requesting that notifications are enabled
11-04 18:21:34.078  1729 11148 V ControllerNotifications: Queueing enable of notifications in 5000ms
11-04 18:21:34.078  1707  1775 D SensorClientUtils: Received transition request from STANDBY to RUNNING
11-04 18:21:34.081   721  4619 W DeviceHAL: Error from HAL Device in function get_mic_mute: Function not implemented
11-04 18:21:34.081   721  4619 W DeviceHAL: Error from HAL Device in function get_mic_mute: Function not implemented
11-04 18:21:34.082   721  4619 D audio_hw_primary: adev_set_mic_mute state 0
11-04 18:21:34.082   721  4619 W DeviceHAL: Error from HAL Device in function set_mic_mute: Function not implemented
11-04 18:21:34.082   721  4619 W DeviceHAL: Error from HAL Device in function set_mic_mute: Function not implemented
11-04 18:21:34.082  1044  8324 E AudioSystem-JNI: Command failed for android_media_AudioSystem_muteMicrophone: -38
11-04 18:21:34.085  1406  1406 I chatty  : uid=10025(com.oculus.systemdriver) com.oculus.vrruntimeservice expire 4 lines
11-04 18:21:34.085  2354  2354 I chatty  : uid=10020(com.oculus.vrshell) ShellOverlayMai expire 6 lines
11-04 18:21:34.086  2354  2852 I chatty  : uid=10020(com.oculus.vrshell) ShellOverlayVR expire 8 lines
11-04 18:21:34.086  2467  2931 W PresenceAPKNative(hyperspace_controller_module): is_mounted: 1
11-04 18:21:34.089  1406  2649 I chatty  : uid=10025(com.oculus.systemdriver) ClientRequest expire 2 lines
11-04 18:21:34.089  1824  1824 I [CT]    : MIXEDREALITY: MrService: MountStateChanged: true
11-04 18:21:34.090  3150  3150 I chatty  : uid=10020(com.oculus.vrshell) ShellMain expire 1 line
11-04 18:21:34.091  3523  3523 D [SUI] AnytimeUIBroadcastReceiver: action: com.oculus.intent.action.MOUNT_STATE_CHANGED
11-04 18:21:34.091 10864 10864 D MetaCamNative (device_lifecycle_observer): OnDeviceMountedStateChange(is_mounted = 1)
11-04 18:21:34.093 15694 15778 I VrRuntimeClient: UpdateEvents: HMT was mounted
11-04 18:21:34.095 15694 15726 D OVRPlugin: User present: 1
11-04 18:21:34.097  2208  2208 W VRLifecycleManager: onHeadsetMounted
11-04 18:21:34.101   851  1490 W TrackingService: attachClient: found client in attached list
11-04 18:21:34.102  2208  2208 I PlatformPluginManager: setHeadsetMountState: true
11-04 18:21:34.103  2208  2208 I OVRPlatform: [AudioManager] SetHeadsetMounted: true
11-04 18:21:34.103  2208  2208 I OVRPlatform: [AudioManager] Current headsetMounted_ true
11-04 18:21:34.103  2208  2208 I OVRPlatform: [AudioManager] Current headphoneStatus_: DISCONNECTED
11-04 18:21:34.103  2208  2208 I PlatformPluginManager: on headset mounted
11-04 18:21:34.104  2662  2662 W VRLifecycleManager: onHeadsetMounted
11-04 18:21:34.111  2662  2662 W VRLifecycleManager: onHeadsetMounted
11-04 18:21:34.118  2662  2662 I chatty  : uid=10046(com.oculus.socialplatform) identical 7 lines
11-04 18:21:34.122  2662  2662 W VRLifecycleManager: onHeadsetMounted
11-04 18:21:34.122  2954  3032 I StateMachine: StateMachine::Update GuardianInitializationStateMachine: mountEvent -> MountedTransition_Black
11-04 18:21:34.141 15694 15694 D UE4     : [GameActivity] Battery: status = 4, rawlevel = 100, scale = 100
11-04 18:21:34.141 15694 15694 D UE4     : nativeBatteryEvent(stat = 4, lvl = 100  temp = 27.20 °C)
11-04 18:21:34.149  3523 15714 E memtrack: Couldn't load memtrack module
11-04 18:21:34.149  3523 15714 W android.os.Debug: failed to get memory consumption info: -1
11-04 18:21:34.165  2862  2862 D MVanServiceReceiver: MVanServiceReceiver Action: com.oculus.intent.action.MOUNT_STATE_CHANGED
11-04 18:21:34.180   851  1196 I [CT]    : Vega:SubmapPublisher: Tracking parent no change: frame movement above thresh -> Publish
11-04 18:21:34.180   851  1196 I [CT]    : Vega:SubmapPublisher: Start to publish submaps, found candidates:  3
11-04 18:21:34.181   851  1196 E [CT]    : SubmapRecords: findSubmapId found 2 submap records hold the same query krHandle
11-04 18:21:34.202   851 15198 I [CT]    : VegaTrackTracker: Starting map tracking on map. SubmapId Submap id = 2, version = 2006688659 Active contexts: 2
11-04 18:21:34.207 15290 15345 I chatty  : uid=10033(com.oculus.xrstreamingclient) xrsp-rt-read expire 5 lines
11-04 18:21:34.227 15694 15726 D UE4     : EngineMemoryWarningHandler: Mem Used 270.88 MB, Texture Memory 9.96 MB, Render Target memory 189.95 MB, OS Free 2071.25 MB
11-04 18:21:34.238 15290 15366 I chatty  : uid=10033(com.oculus.xrstreamingclient) SlamAnchorMem expire 180 lines
11-04 18:21:34.253   851 15198 W [CT]    : VEGA:MAP_TRACKING_HM: Validation failed after 0.04 seconds of bad frames. Switching from Validating to NoTracking
11-04 18:21:34.281   851 15198 I [CT]    : TrackedMapContext: Stop tracking map with ID Submap id = 2, version = 2006688659 at index: 2 in contexts: 3
11-04 18:21:34.329   851  1490 I chatty  : uid=1000(system) Binder:851_4 identical 6 lines
11-04 18:21:34.370   851  1490 W TrackingService: attachClient: found client in attached list
11-04 18:21:34.377   851   851 W TrackingService: attachClient: found client in attached list
11-04 18:21:34.567   851   851 I chatty  : uid=1000(system) /system/bin/trackingservice identical 5 lines
11-04 18:21:34.614   851   851 W TrackingService: attachClient: found client in attached list
11-04 18:21:34.616   851  1490 W TrackingService: attachClient: found client in attached list
11-04 18:21:34.694  2354  2852 I chatty  : uid=10020(com.oculus.vrshell) ShellOverlayVR expire 5 lines
11-04 18:21:34.696   851 15198 I [CT]    : VIPER: Mode=SuperVega,Status=6DoF,TRACKING,Inl=34,Mem=87.9,Jit=1.8mm,Issues(Cam/min=0.0,IMU/min=0.0),Exp=(14.0ms,g=15.0,I=54,Ir=259.3)(14.0ms,g=15.0,I=85,Ir=406.9)(14.0ms,g=15.0,I=78,Ir=372.1)(14.0ms,g=15.0,I=37,Ir=179.2)
11-04 18:21:34.696   851 15198 W [CT]    : VIPER: Images too dark, Environment trending to dark, 
11-04 18:21:34.906   851  1490 I chatty  : uid=1000(system) Binder:851_4 identical 11 lines
11-04 18:21:34.953   851  1490 W TrackingService: attachClient: found client in attached list
11-04 18:21:34.974   851 14624 D TrackingService: [HANDTRACKING] Controller 86557c336c360320 in hand: N, valid: Y
11-04 18:21:34.999   851 15198 W [CT]    : TIMESTAMPCHECKER: Nominal rate wrong. Estimated data rate: 25, Nominal is 30.000300003000028
11-04 18:21:34.999   851  1490 W TrackingService: attachClient: found client in attached list
11-04 18:21:35.002   851   851 W TrackingService: attachClient: found client in attached list
11-04 18:21:35.002 15694 15795 I VrApi   : FPS=48/72,Prd=57ms,Tear=0,Early=2,Stale=71,VSnc=1,Lat=1,Fov=0,CPU4/GPU=3/3,1382/490MHz,OC=FF,TA=0/70/70,SP=N/F/F,Mem=2092MHz,Free=2144MB,PLS=0,Temp=27.2C/0.0C,TW=2.32ms,App=5.50ms,GD=0.00ms,CPU&GPU=8.54ms,LCnt=2(DR0,LM0),GPU%=0.58,CPU%=0.22(W0.25),DSF=1.00,CFL=19.76/21.90
11-04 18:21:35.187 15694 15835 D UE4     : [2022.11.04-18.21.35:187][121]LogTcpMessaging: Started Connection to '127.0.0.1:37997'
11-04 18:21:35.187 15694 15836 D UE4     : [2022.11.04-18.21.35:187][121]LogTcpMessaging: Started Connection to '127.0.0.1:43813'
11-04 18:21:35.187 15694 15836 D UE4     : [2022.11.04-18.21.35:187][121]LogTcpMessaging: Discovered node '20952E7D4642C9850A81AEB33988E96F' on connection '127.0.0.1:43813'...
11-04 18:21:35.187 15694 15835 D UE4     : [2022.11.04-18.21.35:187][121]LogTcpMessaging: Discovered node 'D30F483F4B45A9A5FEA5C8BED3056575' on connection '127.0.0.1:37997'...
11-04 18:21:35.279   851 15198 I [CT]    : BrightnessPredictor: [Throttled count=374] Current irradiance: 349.88235 (samples: 1).
11-04 18:21:35.279   851 15198 W [CT]    : BrightnessPredictor: [Throttled count=374] Started in a dark environment. Current irradiance: 349.88235 (samples: 1).
11-04 18:21:35.401   851 14571 I [CT]    : boltlib: DSP utilization: 9.70 % (488 / 5033 ms)
11-04 18:21:35.521  2954  3032 W OsSdk   : Requested historical tracking state too far in the past; oldest: 8614.852781s, requested: 8556.910293s
11-04 18:21:35.569 15290 15353 I chatty  : uid=10033(com.oculus.xrstreamingclient) XRS_AudioData expire 1 line
11-04 18:21:35.640  2954  3032 I StateMachine: StateMachine::Update GuardianInitializationStateMachine: finishedSettlingBlackEvent -> Valid_NoBlack
11-04 18:21:35.680  2954  3032 I GuardianSystem: ForceShowGuardian: false, 3.00
11-04 18:21:35.681  2954  3032 I StateMachine: StateMachine::Update ForceShow: forceShowForTime -> ForceShowOnForTime
11-04 18:21:35.681  1406  3031 I chatty  : uid=10025(com.oculus.systemdriver) Thread-14 expire 1 line
11-04 18:21:35.682  2954  3032 I GuardianSystem: UpdateGuardianSystemState: Flags2 changed: 33, 1, SYSTEM_2_DIRECTIONAL_PASSTHROUGH_ENABLED,SYSTEM_2_SHOULD_PUSH_BLACK to SYSTEM_2_DIRECTIONAL_PASSTHROUGH_ENABLED
11-04 18:21:35.687  1406  2649 I chatty  : uid=10025(com.oculus.systemdriver) ClientRequest expire 2 lines
11-04 18:21:35.690  1406 15213 I chatty  : uid=10025(com.oculus.systemdriver) OVR::TimeWarp expire 3 lines
11-04 18:21:35.722  1406  3031 I chatty  : uid=10025(com.oculus.systemdriver) Thread-14 expire 1 line
11-04 18:21:35.722  2954  3032 I GuardianSystem: UpdateGuardianSystemState: Flags changed: 524288, 532480, SYSTEM_GUARDIAN_VALID to SYSTEM_GUARDIAN_VISIBLE,SYSTEM_GUARDIAN_VALID
11-04 18:21:35.730  2954  3032 W GuardianOpenXrMgr: @@@ wait frame retry=10 dtWait=0.000001 dtFrame=58.469476 submittedFrameIndex=47447
11-04 18:21:35.750   851 14624 I [CT]    : CONSTELLATION: R: Detected IMU motion => Leaving static state.
11-04 18:21:35.751  1406 15213 I chatty  : uid=10025(com.oculus.systemdriver) OVR::TimeWarp expire 2 lines
11-04 18:21:35.812  1406  2649 I chatty  : uid=10025(com.oculus.systemdriver) ClientRequest expire 1 line
11-04 18:21:35.812  1406  2644 I chatty  : uid=10025(com.oculus.systemdriver) OVR::Clocks expire 6 lines
11-04 18:21:35.817   851   851 I chatty  : uid=1000(system) /system/bin/trackingservice identical 25 lines
11-04 18:21:35.865   851   851 W TrackingService: attachClient: found client in attached list
11-04 18:21:35.898   851  1490 W TrackingService: attachClient: found client in attached list
11-04 18:21:35.898   851 15206 W [CT]    : CONSTELLATION: R: LED Mahalanobis distance p50 = 5.25 too high. Fallback to full pose update.
11-04 18:21:35.900   851  1490 I chatty  : uid=1000(system) Binder:851_4 identical 1 line
11-04 18:21:35.946   851  1490 W TrackingService: attachClient: found client in attached list
11-04 18:21:35.956   851  1490 D TrackingService: haptic socket already exists
11-04 18:21:35.956   851  1490 D TrackingService: getSocket: com.YourCompany.TemplateProject2
11-04 18:21:35.974   851 14624 I [CT]    : CONSTELLATION:IMU_STATUS: 86557c336c360320 (L): [FusionTracked=0.228, OutputTracked=0.196, OutputValid=1.000] [AccelSat=0.000, GyroSat=0.000] 
11-04 18:21:35.977   851 15206 W [CT]    : CONSTELLATION: R: LED Mahalanobis distance p50 = 4.89 too high. Fallback to full pose update.
11-04 18:21:35.986   851  1490 W TrackingService: attachClient: found client in attached list
11-04 18:21:36.005 15694 15795 I VrApi   : FPS=73/72,Prd=60ms,Tear=0,Early=72,Stale=0,VSnc=1,Lat=1,Fov=0,CPU4/GPU=3/3,1171/490MHz,OC=FF,TA=0/70/70,SP=N/F/F,Mem=2092MHz,Free=2144MB,PLS=0,Temp=27.2C/0.0C,TW=2.32ms,App=5.26ms,GD=0.00ms,CPU&GPU=7.82ms,LCnt=2(DR0,LM0),GPU%=0.56,CPU%=0.26(W0.32),DSF=1.00,CFL=19.75/21.62
11-04 18:21:36.098   851 15206 W [CT]    : CONSTELLATION: R: LED Mahalanobis distance p50 = 2.07 too high. Fallback to full pose update.
11-04 18:21:36.160   851  1490 I chatty  : uid=1000(system) Binder:851_4 identical 5 lines
11-04 18:21:36.205   851  1490 W TrackingService: attachClient: found client in attached list
11-04 18:21:36.246   851   851 W TrackingService: attachClient: found client in attached list
11-04 18:21:36.377   851 15206 W [CT]    : CONSTELLATION: R: LED Mahalanobis distance p50 = 2.17 too high. Fallback to full pose update.
11-04 18:21:36.417   851 15206 W [CT]    : CONSTELLATION: R: LED Mahalanobis distance p50 = 3.52 too high. Fallback to full pose update.
11-04 18:21:36.458   851 15206 W [CT]    : CONSTELLATION: R: LED Mahalanobis distance p50 = 4.10 too high. Fallback to full pose update.
11-04 18:21:36.497   851 15206 W [CT]    : CONSTELLATION: R: LED Mahalanobis distance p50 = 3.04 too high. Fallback to full pose update.
11-04 18:21:36.570   851 14624 I [CT]    : INPUT_TRACKING:Behavior:NearHeadMoving: [Right] state transition: TorsoInitialized -> InRange
11-04 18:21:36.575   851  1196 I [CT]    : Vega:MapBuilderBase: Created keyRig with frameID 4457 and uid 28018d00
11-04 18:21:36.579   851  1196 W [CT]    : VEGA_MAP_BUILDER: Resolved a potential TrackToMapPointAssosiation conflict between tracks 4653136 (index = 71, version = 80) and 11599936 (index = 177, version = 64)
11-04 18:21:36.581   851  1196 I [CT]    : KEYPOINT_CACHE: New keyrig added has 182 corners and 28 tracks to immature points that will be used to extract descriptors and insert into the index.
11-04 18:21:36.584   851  1198 I [CT]    : VIPER:DEEP_DESCRIPTOR: Computing Deep Descriptors using IC orientation.
11-04 18:21:36.587   851  1196 I [CT]    : MapCullingTask: Culled 0 L1 nodes, 1 individual keyrigs, and 0 individual points
11-04 18:21:36.587   851  1196 I [CT]    : Vega:SubmapPublisher: Tracking parent no change: frame movement above thresh -> Publish
11-04 18:21:36.587   851  1196 I [CT]    : Vega:SubmapPublisher: Start to publish submaps, found candidates:  3
11-04 18:21:36.587   851  1196 E [CT]    : SubmapRecords: findSubmapId found 2 submap records hold the same query krHandle
11-04 18:21:36.602   851 15198 I [CT]    : VegaTrackTracker: Starting map tracking on map. SubmapId Submap id = 2, version = 159844013 Active contexts: 2
11-04 18:21:36.605   851  1196 I [CT]    : VegaBAOptimize: Num points adjusted: 449 fixed: 0 Num residuals in-in: 4674 in-out: 141 out-in: 0 fixed (out-out): 0 outside ROI: 0 total: 4815
11-04 18:21:36.607   851  1196 I [CT]    : VegaBAOptimize: Total: neighbor 3 L1s, adjust 2 L1s. KRs 58  Points 449  Cameras 232  OutsideFixedKR 16  AdjustKR 42  Imus 9
11-04 18:21:36.644   851   851 I chatty  : uid=1000(system) /system/bin/trackingservice identical 10 lines
11-04 18:21:36.654   851 15198 W [CT]    : VEGA:MAP_TRACKING_HM: Validation failed after 0.04 seconds of bad frames. Switching from Validating to NoTracking
11-04 18:21:36.671   851  1196 I [CT]    : VegaBAOptimize: resRemoved = 30, pntRemoved = 0
11-04 18:21:36.681   851 15198 I [CT]    : TrackedMapContext: Stop tracking map with ID Submap id = 2, version = 159844013 at index: 2 in contexts: 3
11-04 18:21:36.683   851  1196 I [CT]    : VEGA_LOCALIZER: New descriptors added - Regular: 259, Immature: 0, Resampled by OrphanDescriptors: 0
11-04 18:21:36.683   851  1196 W [CT]    : VegaMapVerifier: VERIFICATION WARNING: Primary child of L1 cluster with 0 points. This likely means something went wrong in cluster splitting.
11-04 18:21:36.686   851   851 W TrackingService: attachClient: found client in attached list
11-04 18:21:36.687   851  1490 W TrackingService: attachClient: found client in attached list
11-04 18:21:36.734   851  1490 W TrackingService: attachClient: found client in attached list
11-04 18:21:36.779   851 15206 W [CT]    : CONSTELLATION: R: LED Mahalanobis distance p50 = 2.92 too high. Fallback to full pose update.
11-04 18:21:36.786   851   851 W TrackingService: attachClient: found client in attached list
11-04 18:21:36.946   851 14624 I [CT]    : INPUT_TRACKING:Behavior:NearHeadMoving: [Right] state transition: InRange -> Init
11-04 18:21:36.948   851 14624 I [CT]    : INPUT_TRACKING:Behavior:NearHeadMoving: [Right] state transition: Init -> TorsoInitialized
11-04 18:21:37.002 15694 15795 I VrApi   : FPS=71/72,Prd=60ms,Tear=0,Early=72,Stale=0,VSnc=1,Lat=1,Fov=0,CPU4/GPU=2/3,1171/490MHz,OC=FF,TA=0/70/70,SP=N/F/F,Mem=2092MHz,Free=2144MB,PLS=0,Temp=27.2C/0.0C,TW=1.70ms,App=5.21ms,GD=0.13ms,CPU&GPU=7.62ms,LCnt=2(DR0,LM0),GPU%=0.53,CPU%=0.26(W0.33),DSF=1.00,CFL=19.62/21.74
11-04 18:21:37.039   851 15198 W [CT]    : TIMESTAMPCHECKER: Nominal rate wrong. Estimated data rate: 25, Nominal is 30.000300003000028
11-04 18:21:37.054   851 14624 I [CT]    : CONSTELLATION:IMU_STATUS: 729165a0fe4054d7 (R): [FusionTracked=0.395, OutputTracked=0.381, OutputValid=0.988] [AccelSat=0.000, GyroSat=0.000] 
11-04 18:21:37.143  2208  2602 I AuthLogger: Action succeeded: SYNC_ACCOUNTS, callingPackage: com.oculus.horizon, accountType: null, tokenType: null, extras: {}, duration: 2983ms
11-04 18:21:37.387   851   851 I chatty  : uid=1000(system) /system/bin/trackingservice identical 16 lines
11-04 18:21:37.394   851   851 W TrackingService: attachClient: found client in attached list
11-04 18:21:37.424  2208  2566 W DeviceConfigUtil: Try to get config param "oculus_shared_social:oculus_messenger_reauth_removal" before Device Config has subscribed to the service.
11-04 18:21:37.438   851  1490 W TrackingService: attachClient: found client in attached list
11-04 18:21:37.442   851   851 W TrackingService: attachClient: found client in attached list
11-04 18:21:37.666   851   851 I chatty  : uid=1000(system) /system/bin/trackingservice identical 5 lines
11-04 18:21:37.711   851   851 W TrackingService: attachClient: found client in attached list
11-04 18:21:37.713   851  1490 W TrackingService: attachClient: found client in attached list
11-04 18:21:37.779   851  1196 I [CT]    : VIPER: InternalAnchorHealthMonitor: Anchors: 2 | Persistent anchors: 1 | Anchors never observed: 0
11-04 18:21:37.779   851  1196 I [CT]    :   (min/avg/max) Anchor landmarks: (4|12.5|21) | Covisible keyframes: (9|16|23) | Times since observation: (0|0|0.24)
11-04 18:21:38.004 15694 15795 I VrApi   : FPS=72/72,Prd=60ms,Tear=0,Early=72,Stale=1,VSnc=1,Lat=1,Fov=0,CPU4/GPU=2/3,1171/490MHz,OC=FF,TA=0/70/70,SP=N/F/F,Mem=2092MHz,Free=2144MB,PLS=0,Temp=27.2C/0.0C,TW=1.72ms,App=5.33ms,GD=0.13ms,CPU&GPU=7.51ms,LCnt=2(DR4,LM2),GPU%=0.54,CPU%=0.53(W0.82),DSF=1.00,CFL=19.64/21.71
11-04 18:21:38.112   851  1490 I chatty  : uid=1000(system) Binder:851_4 identical 11 lines
11-04 18:21:38.152   851 14624 I [CT]    : CONSTELLATION: L: Detected IMU motion => Leaving static state.
11-04 18:21:38.157   851  1490 W TrackingService: attachClient: found client in attached list
11-04 18:21:38.174   851 14624 D TrackingService: [HANDTRACKING] Controller 86557c336c360320 in hand: Y, valid: Y
11-04 18:21:38.201   851  1490 W TrackingService: attachClient: found client in attached list
11-04 18:21:38.288 15290 15366 E OsSdk   : error getting shared memory region, memory type: HeadTracker, failed with Status(-1, EX_SECURITY): 'requested shared memory region when not registered/focused'
11-04 18:21:38.295   851 15198 I [CT]    : VIPER: Mode=SuperVega,Status=6DoF,TRACKING,Inl=35,Mem=88.0,Jit=0.4mm,Issues(Cam/min=0.0,IMU/min=0.0),Exp=(14.0ms,g=15.0,I=54,Ir=257.5)(14.0ms,g=15.0,I=73,Ir=349.7)(14.0ms,g=15.0,I=77,Ir=366.8)(14.0ms,g=15.0,I=68,Ir=327.1)
11-04 18:21:38.296   851 15198 W [CT]    : VIPER: Images too dark, Environment trending to dark, 
11-04 18:21:38.335 15290 15366 E OsSdk   : error getting shared memory region, memory type: HeadTracker, failed with Status(-1, EX_SECURITY): 'requested shared memory region when not registered/focused'
11-04 18:21:38.459 15290 15366 E OsSdk   : error getting shared memory region, memory type: HeadTracker, failed with Status(-1, EX_SECURITY): 'requested shared memory region when not registered/focused'
11-04 18:21:38.460 15290 15366 E OsSdk   : error getting shared memory region, memory type: AnchorTracker, failed with Status(-1, EX_SECURITY): 'requested shared memory region when not registered/focused'
11-04 18:21:38.498 15290 15366 E OsSdk   : error getting shared memory region, memory type: HeadTracker, failed with Status(-1, EX_SECURITY): 'requested shared memory region when not registered/focused'
11-04 18:21:38.544 15290 15366 E OsSdk   : error getting shared memory region, memory type: HeadTracker, failed with Status(-1, EX_SECURITY): 'requested shared memory region when not registered/focused'
11-04 18:21:38.558 15290 15356 V xrstreaming: batteryPercent = 100
11-04 18:21:38.582 15290 15366 E OsSdk   : error getting shared memory region, memory type: HeadTracker, failed with Status(-1, EX_SECURITY): 'requested shared memory region when not registered/focused'
11-04 18:21:38.673   851  1490 I chatty  : uid=1000(system) Binder:851_4 identical 13 lines
11-04 18:21:38.718   851  1490 W TrackingService: attachClient: found client in attached list
11-04 18:21:38.720 15290 15366 E OsSdk   : error getting shared memory region, memory type: HeadTracker, failed with Status(-1, EX_SECURITY): 'requested shared memory region when not registered/focused'
11-04 18:21:38.720   851   851 W TrackingService: attachClient: found client in attached list
11-04 18:21:38.721 15290 15366 E OsSdk   : error getting shared memory region, memory type: AnchorTracker, failed with Status(-1, EX_SECURITY): 'requested shared memory region when not registered/focused'
11-04 18:21:38.738   851  1196 I [CT]    : Vega:SubmapPublisher: Tracking parent no change: frame movement above thresh -> Publish
11-04 18:21:38.738   851  1196 I [CT]    : Vega:SubmapPublisher: Start to publish submaps, found candidates:  3
11-04 18:21:38.738   851  1196 E [CT]    : SubmapRecords: findSubmapId found 2 submap records hold the same query krHandle
11-04 18:21:38.762   851 15198 I [CT]    : VegaTrackTracker: Starting map tracking on map. SubmapId Submap id = 2, version = 1656903164 Active contexts: 2
11-04 18:21:38.763 15290 15366 E OsSdk   : error getting shared memory region, memory type: HeadTracker, failed with Status(-1, EX_SECURITY): 'requested shared memory region when not registered/focused'
11-04 18:21:38.806 15290 15366 E OsSdk   : error getting shared memory region, memory type: HeadTracker, failed with Status(-1, EX_SECURITY): 'requested shared memory region when not registered/focused'
11-04 18:21:38.814   851 15198 W [CT]    : VEGA:MAP_TRACKING_HM: Validation failed after 0.04 seconds of bad frames. Switching from Validating to NoTracking
11-04 18:21:38.842   851 15198 I [CT]    : TrackedMapContext: Stop tracking map with ID Submap id = 2, version = 1656903164 at index: 2 in contexts: 3
11-04 18:21:38.848 15290 15366 E OsSdk   : error getting shared memory region, memory type: HeadTracker, failed with Status(-1, EX_SECURITY): 'requested shared memory region when not registered/focused'
11-04 18:21:38.949 15290 15366 E OsSdk   : error getting shared memory region, memory type: HeadTracker, failed with Status(-1, EX_SECURITY): 'requested shared memory region when not registered/focused'
11-04 18:21:38.950 15290 15366 E OsSdk   : error getting shared memory region, memory type: AnchorTracker, failed with Status(-1, EX_SECURITY): 'requested shared memory region when not registered/focused'
11-04 18:21:38.992 15290 15366 E OsSdk   : error getting shared memory region, memory type: HeadTracker, failed with Status(-1, EX_SECURITY): 'requested shared memory region when not registered/focused'
11-04 18:21:39.002 15694 15795 I VrApi   : FPS=72/72,Prd=60ms,Tear=0,Early=72,Stale=0,VSnc=1,Lat=1,Fov=0,CPU4/GPU=2/3,1171/490MHz,OC=FF,TA=0/70/70,SP=N/F/F,Mem=2092MHz,Free=2144MB,PLS=0,Temp=27.2C/0.0C,TW=1.72ms,App=5.40ms,GD=0.13ms,CPU&GPU=7.83ms,LCnt=2(DR0,LM2),GPU%=0.55,CPU%=0.21(W0.25),DSF=1.00,CFL=19.61/21.76
11-04 18:21:39.039 15290 15366 E OsSdk   : error getting shared memory region, memory type: HeadTracker, failed with Status(-1, EX_SECURITY): 'requested shared memory region when not registered/focused'
11-04 18:21:39.039   851 15198 W [CT]    : TIMESTAMPCHECKER: Nominal rate wrong. Estimated data rate: 25, Nominal is 30.000300003000028
11-04 18:21:39.082  1729  1729 D ControllerNotifications: Enabling notifications
11-04 18:21:39.082 15290 15366 E OsSdk   : error getting shared memory region, memory type: HeadTracker, failed with Status(-1, EX_SECURITY): 'requested shared memory region when not registered/focused'
11-04 18:21:39.082  1729  1729 I ControllerNotifications: Updating input notifications based on state ConnectedBatteryNormal
11-04 18:21:39.120 15290 15366 E OsSdk   : error getting shared memory region, memory type: HeadTracker, failed with Status(-1, EX_SECURITY): 'requested shared memory region when not registered/focused'
11-04 18:21:39.187 15290 15366 E OsSdk   : error getting shared memory region, memory type: HeadTracker, failed with Status(-1, EX_SECURITY): 'requested shared memory region when not registered/focused'
11-04 18:21:39.188 15290 15366 E OsSdk   : error getting shared memory region, memory type: AnchorTracker, failed with Status(-1, EX_SECURITY): 'requested shared memory region when not registered/focused'
11-04 18:21:39.221 15290 15366 E OsSdk   : error getting shared memory region, memory type: HeadTracker, failed with Status(-1, EX_SECURITY): 'requested shared memory region when not registered/focused'
11-04 18:21:39.247 15290 15345 D xrstreaming: receive ping: org 0 recv 0 xmt 16535600308200 (received at 8618861062958), offset divergence 5946
11-04 18:21:39.266 15290 15366 E OsSdk   : error getting shared memory region, memory type: HeadTracker, failed with Status(-1, EX_SECURITY): 'requested shared memory region when not registered/focused'
11-04 18:21:39.269 15694 15726 D UE4     : EngineMemoryWarningHandler: Mem Used 194.18 MB, Texture Memory 9.96 MB, Render Target memory 189.95 MB, OS Free 2070.08 MB
11-04 18:21:39.307 15290 15366 E OsSdk   : error getting shared memory region, memory type: HeadTracker, failed with Status(-1, EX_SECURITY): 'requested shared memory region when not registered/focused'
11-04 18:21:39.387 15290 15366 E OsSdk   : error getting shared memory region, memory type: HeadTracker, failed with Status(-1, EX_SECURITY): 'requested shared memory region when not registered/focused'
11-04 18:21:39.393 15694 15728 D UE4     : [GameActivity] Used memory: 445467 (VmRSS:	  198836 kB)
11-04 18:21:39.433 15290 15366 E OsSdk   : error getting shared memory region, memory type: HeadTracker, failed with Status(-1, EX_SECURITY): 'requested shared memory region when not registered/focused'
11-04 18:21:39.434 15290 15366 E OsSdk   : error getting shared memory region, memory type: AnchorTracker, failed with Status(-1, EX_SECURITY): 'requested shared memory region when not registered/focused'
11-04 18:21:39.445 15290 15366 E OsSdk   : error getting shared memory region, memory type: HeadTracker, failed with Status(-1, EX_SECURITY): 'requested shared memory region when not registered/focused'
11-04 18:21:39.620 15290 15366 E OsSdk   : error getting shared memory region, memory type: HeadTracker, failed with Status(-1, EX_SECURITY): 'requested shared memory region when not registered/focused'
11-04 18:21:39.651  2954  3032 I StateMachine: StateMachine::Update ForceShow: stopForceShow -> ForceShowOff
11-04 18:21:39.652  1406  3031 I chatty  : uid=10025(com.oculus.systemdriver) Thread-14 expire 1 line
11-04 18:21:39.652  2954  3032 I GuardianSystem: UpdateGuardianSystemState: Flags changed: 532480, 524288, SYSTEM_GUARDIAN_VISIBLE,SYSTEM_GUARDIAN_VALID to SYSTEM_GUARDIAN_VALID
11-04 18:21:39.653 15290 15366 E OsSdk   : error getting shared memory region, memory type: HeadTracker, failed with Status(-1, EX_SECURITY): 'requested shared memory region when not registered/focused'
11-04 18:21:39.654 15290 15366 E OsSdk   : error getting shared memory region, memory type: AnchorTracker, failed with Status(-1, EX_SECURITY): 'requested shared memory region when not registered/focused'
11-04 18:21:39.697   851  1196 I [CT]    : Vega:SubmapPublisher: Tracking parent no change: frame movement above thresh -> Publish
11-04 18:21:39.698   851  1196 I [CT]    : Vega:SubmapPublisher: Start to publish submaps, found candidates:  3
11-04 18:21:39.698   851  1196 E [CT]    : SubmapRecords: findSubmapId found 2 submap records hold the same query krHandle
11-04 18:21:39.698 15290 15366 E OsSdk   : error getting shared memory region, memory type: HeadTracker, failed with Status(-1, EX_SECURITY): 'requested shared memory region when not registered/focused'
11-04 18:21:39.722   851 15198 I [CT]    : VegaTrackTracker: Starting map tracking on map. SubmapId Submap id = 2, version = 1843354467 Active contexts: 2
11-04 18:21:39.737 15290 15366 E OsSdk   : error getting shared memory region, memory type: HeadTracker, failed with Status(-1, EX_SECURITY): 'requested shared memory region when not registered/focused'
11-04 18:21:39.773   851 15198 W [CT]    : VEGA:MAP_TRACKING_HM: Validation failed after 0.04 seconds of bad frames. Switching from Validating to NoTracking
11-04 18:21:39.777 15290 15366 E OsSdk   : error getting shared memory region, memory type: HeadTracker, failed with Status(-1, EX_SECURITY): 'requested shared memory region when not registered/focused'
11-04 18:21:39.802   851 15198 I [CT]    : TrackedMapContext: Stop tracking map with ID Submap id = 2, version = 1843354467 at index: 2 in contexts: 3
11-04 18:21:39.815  1406 15213 I chatty  : uid=10025(com.oculus.systemdriver) OVR::TimeWarp expire 6 lines
11-04 18:21:39.820 15290 15366 E OsSdk   : error getting shared memory region, memory type: HeadTracker, failed with Status(-1, EX_SECURITY): 'requested shared memory region when not registered/focused'
11-04 18:21:39.900 15290 15366 E OsSdk   : error getting shared memory region, memory type: HeadTracker, failed with Status(-1, EX_SECURITY): 'requested shared memory region when not registered/focused'
11-04 18:21:39.901 15290 15366 E OsSdk   : error getting shared memory region, memory type: AnchorTracker, failed with Status(-1, EX_SECURITY): 'requested shared memory region when not registered/focused'
11-04 18:21:39.947 15290 15366 E OsSdk   : error getting shared memory region, memory type: HeadTracker, failed with Status(-1, EX_SECURITY): 'requested shared memory region when not registered/focused'
11-04 18:21:39.993 15290 15366 E OsSdk   : error getting shared memory region, memory type: HeadTracker, failed with Status(-1, EX_SECURITY): 'requested shared memory region when not registered/focused'
11-04 18:21:40.002 15694 15795 I VrApi   : FPS=72/72,Prd=60ms,Tear=0,Early=72,Stale=0,VSnc=1,Lat=1,Fov=0,CPU4/GPU=2/3,1171/490MHz,OC=FF,TA=0/70/70,SP=N/F/F,Mem=2092MHz,Free=2144MB,PLS=0,Temp=27.2C/0.0C,TW=1.70ms,App=4.75ms,GD=0.13ms,CPU&GPU=7.35ms,LCnt=2(DR0,LM2),GPU%=0.46,CPU%=0.28(W0.30),DSF=1.00,CFL=19.65/21.53
11-04 18:21:40.037 15290 15366 E OsSdk   : error getting shared memory region, memory type: HeadTracker, failed with Status(-1, EX_SECURITY): 'requested shared memory region when not registered/focused'
11-04 18:21:40.052   851 15198 W [CT]    : VIO_HAS_TRACKING: Bad tracking: large covariance-weighted vision correction : 361.47638 > 90
11-04 18:21:40.052   851 15198 W [CT]    : VEGA:PERCEPTUAL_HM: Bad tracking: tracker health is bad
11-04 18:21:40.052   851 15198 I [CT]    : VEGA:PERCEPTUAL_HM: Perceptual HM: bad tracking while exposing 6DoF. Delaying switch to 3DoF for 0.266666666 seconds.
11-04 18:21:40.054   851 15198 I [CT]    : VegaTracker: VegaTracker::track returned 308 track measurement(s) 169 track-to-landmark association(s) and 1 closed track ID(s) while reporting poor tracking quality. (isTrackerHealthy = false, isMapTrackingHealthy = true)
11-04 18:21:40.080   851 15198 I [CT]    : VIPER: Image mean intensities (per camera): 60.35, 83.45, 82.39, 68.17
11-04 18:21:40.082 15290 15366 E OsSdk   : error getting shared memory region, memory type: HeadTracker, failed with Status(-1, EX_SECURITY): 'requested shared memory region when not registered/focused'
11-04 18:21:40.082   851 15198 I [CT]    : VegaTracker: Performing big search to recover from bad map tracking or new reloc.
11-04 18:21:40.124 15290 15366 E OsSdk   : error getting shared memory region, memory type: HeadTracker, failed with Status(-1, EX_SECURITY): 'requested shared memory region when not registered/focused'
11-04 18:21:40.165 15290 15366 E OsSdk   : error getting shared memory region, memory type: HeadTracker, failed with Status(-1, EX_SECURITY): 'requested shared memory region when not registered/focused'
11-04 18:21:40.167 15290 15366 E OsSdk   : error getting shared memory region, memory type: AnchorTracker, failed with Status(-1, EX_SECURITY): 'requested shared memory region when not registered/focused'
11-04 18:21:40.209 15290 15366 E OsSdk   : error getting shared memory region, memory type: HeadTracker, failed with Status(-1, EX_SECURITY): 'requested shared memory region when not registered/focused'
11-04 18:21:40.251 15290 15366 E OsSdk   : error getting shared memory region, memory type: HeadTracker, failed with Status(-1, EX_SECURITY): 'requested shared memory region when not registered/focused'
11-04 18:21:40.258 15290 15345 D xrstreaming: receive ping: org 0 recv 0 xmt 16536611351100 (received at 8619872151187), offset divergence 5946
11-04 18:21:40.298 15290 15366 E OsSdk   : error getting shared memory region, memory type: HeadTracker, failed with Status(-1, EX_SECURITY): 'requested shared memory region when not registered/focused'
11-04 18:21:40.298   851 15206 I [CT]    : CONSTELLATION:VISION_STATUS: 86557c336c360320 (L): BlobDetection:[#BlobsDetected=(12.11, 75.29)]Matching:[MatchSuccess=0.644, MatchCost=(0.00211, 0.00000), #MatchedBlobs=(5.67, 24.16), #MatchedLeds=(4.02, 9.15), RematchM=0.008, SkipRefine=0.020] MatchMethod:[Prox=0.632, ConstBrute=0.048, UnconstBrute=0.000] MatchResets[AnomBlobSize=0.036, SharedMatch=0.000, DenseReacq=0.000] | Fusion:[FusionError=0.000, ImuFromCamMs=(7.648, 2.485), RematchF=0.016] FusionUpdates:[Successful=0.220, Reliable=0.208, TightFusion=0.212, FullPose=0.004, StaticPrior=0.444, StaticForHandTrans=0.756, PoseUpdateMD=(0.0000, 0.0000)] FusionResets[6DoFReset=0.340, ResetSuccess=0.004] FusionStatus[HasPosition=0.664, HasVelocity=0.660] 
11-04 18:21:40.299   851 15206 I [CT]    : CONSTELLATION:VISION_STATUS: 729165a0fe4054d7 (R): BlobDetection:[#BlobsDetected=(12.11, 75.29)]Matching:[MatchSuccess=0.708, MatchCost=(0.00465, 0.00005), #MatchedBlobs=(5.75, 18.97), #MatchedLeds=(4.15, 7.79), RematchM=0.016, SkipRefine=0.000] MatchMethod:[Prox=0.692, ConstBrute=0.028, UnconstBrute=0.000] MatchResets[AnomBlobSize=0.012, SharedMatch=0.000, DenseReacq=0.000] | Fusion:[FusionError=0.000, ImuFromCamMs=(7.835, 2.941), RematchF=0.060] FusionUpdates:[Successful=0.468, Reliable=0.436, TightFusion=0.404, FullPose=0.056, StaticPrior=0.248, StaticForHandTrans=0.520, PoseUpdateMD=(42.6398, 333.0458)] FusionResets[6DoFReset=0.268, ResetSuccess=0.008] FusionStatus[HasPosition=0.740, HasVelocity=0.728] 
11-04 18:21:40.336 15290 15366 E OsSdk   : error getting shared memory region, memory type: HeadTracker, failed with Status(-1, EX_SECURITY): 'requested shared memory region when not registered/focused'
11-04 18:21:40.381 15290 15366 E OsSdk   : error getting shared memory region, memory type: HeadTracker, failed with Status(-1, EX_SECURITY): 'requested shared memory region when not registered/focused'
11-04 18:21:40.401   851 14571 I [CT]    : boltlib: DSP utilization: 10.11 % (505 / 5000 ms)
11-04 18:21:40.418 15290 15366 E OsSdk   : error getting shared memory region, memory type: HeadTracker, failed with Status(-1, EX_SECURITY): 'requested shared memory region when not registered/focused'
11-04 18:21:40.419 15290 15366 E OsSdk   : error getting shared memory region, memory type: AnchorTracker, failed with Status(-1, EX_SECURITY): 'requested shared memory region when not registered/focused'
11-04 18:21:40.455   851 15198 W [CT]    : SVEGA: getMap is not supported.
11-04 18:21:40.459 15290 15366 E OsSdk   : error getting shared memory region, memory type: HeadTracker, failed with Status(-1, EX_SECURITY): 'requested shared memory region when not registered/focused'
11-04 18:21:40.507 15290 15366 E OsSdk   : error getting shared memory region, memory type: HeadTracker, failed with Status(-1, EX_SECURITY): 'requested shared memory region when not registered/focused'
11-04 18:21:40.539  2954  3032 W OsSdk   : Requested historical tracking state too far in the past; oldest: 8619.864895s, requested: 8619.343022s
11-04 18:21:40.547 15290 15366 E OsSdk   : error getting shared memory region, memory type: HeadTracker, failed with Status(-1, EX_SECURITY): 'requested shared memory region when not registered/focused'
11-04 18:21:40.573 15290 15353 I xrstreaming: AudioPlayer: NetworkMetrics: [5.241,15.964]9.886
11-04 18:21:40.589 15290 15366 E OsSdk   : error getting shared memory region, memory type: HeadTracker, failed with Status(-1, EX_SECURITY): 'requested shared memory region when not registered/focused'
11-04 18:21:40.631 15290 15366 E OsSdk   : error getting shared memory region, memory type: HeadTracker, failed with Status(-1, EX_SECURITY): 'requested shared memory region when not registered/focused'
11-04 18:21:40.633 15290 15366 E OsSdk   : error getting shared memory region, memory type: AnchorTracker, failed with Status(-1, EX_SECURITY): 'requested shared memory region when not registered/focused'
11-04 18:21:40.676 15290 15366 E OsSdk   : error getting shared memory region, memory type: HeadTracker, failed with Status(-1, EX_SECURITY): 'requested shared memory region when not registered/focused'
11-04 18:21:40.722 15290 15366 E OsSdk   : error getting shared memory region, memory type: HeadTracker, failed with Status(-1, EX_SECURITY): 'requested shared memory region when not registered/focused'
11-04 18:21:40.737   851  1196 I [CT]    : Vega:MapBuilderBase: Created keyRig with frameID 4561 and uid de01b502
11-04 18:21:40.742   851  1196 I [CT]    : KEYPOINT_CACHE: New keyrig added has 193 corners and 38 tracks to immature points that will be used to extract descriptors and insert into the index.
11-04 18:21:40.744   851  1198 I [CT]    : VIPER:DEEP_DESCRIPTOR: Computing Deep Descriptors using IC orientation.
11-04 18:21:40.746   851  1196 I [CT]    : MapCullingTask: Culled 0 L1 nodes, 1 individual keyrigs, and 0 individual points
11-04 18:21:40.750   851  1196 I [CT]    : VegaBAOptimize: Num points adjusted: 451 fixed: 0 Num residuals in-in: 4685 in-out: 141 out-in: 0 fixed (out-out): 0 outside ROI: 0 total: 4826
11-04 18:21:40.752   851  1196 I [CT]    : VegaBAOptimize: Total: neighbor 3 L1s, adjust 2 L1s. KRs 58  Points 451  Cameras 232  OutsideFixedKR 16  AdjustKR 42  Imus 9
11-04 18:21:40.764 15290 15366 E OsSdk   : error getting shared memory region, memory type: HeadTracker, failed with Status(-1, EX_SECURITY): 'requested shared memory region when not registered/focused'
11-04 18:21:40.809 15290 15366 E OsSdk   : error getting shared memory region, memory type: HeadTracker, failed with Status(-1, EX_SECURITY): 'requested shared memory region when not registered/focused'
11-04 18:21:40.833   851  1196 I [CT]    : VegaBAOptimize: resRemoved = 34, pntRemoved = 0
11-04 18:21:40.843   851  1196 I [CT]    : VEGA_LOCALIZER: New descriptors added - Regular: 262, Immature: 0, Resampled by OrphanDescriptors: 0
11-04 18:21:40.850   851   851 I chatty  : uid=1000(system) /system/bin/trackingservice identical 61 lines
11-04 18:21:40.851 15290 15366 E OsSdk   : error getting shared memory region, memory type: HeadTracker, failed with Status(-1, EX_SECURITY): 'requested shared memory region when not registered/focused'
11-04 18:21:40.878   851   851 W TrackingService: attachClient: found client in attached list
11-04 18:21:40.879 15290 15366 E OsSdk   : error getting shared memory region, memory type: HeadTracker, failed with Status(-1, EX_SECURITY): 'requested shared memory region when not registered/focused'
11-04 18:21:40.879   851  1490 W TrackingService: attachClient: found client in attached list
11-04 18:21:40.881 15290 15366 E OsSdk   : error getting shared memory region, memory type: AnchorTracker, failed with Status(-1, EX_SECURITY): 'requested shared memory region when not registered/focused'
11-04 18:21:40.900  1406  3031 I chatty  : uid=10025(com.oculus.systemdriver) Thread-14 expire 2 lines
11-04 18:21:40.900  2954  3032 I GuardianSystem: UpdateGuardianSystemState: Flags changed: 524288, 532480, SYSTEM_GUARDIAN_VALID to SYSTEM_GUARDIAN_VISIBLE,SYSTEM_GUARDIAN_VALID
11-04 18:21:40.908  2954  3032 W GuardianOpenXrMgr: @@@ wait frame retry=10 dtWait=0.000001 dtFrame=1.214650 submittedFrameIndex=47733
11-04 18:21:40.929 15290 15366 E OsSdk   : error getting shared memory region, memory type: HeadTracker, failed with Status(-1, EX_SECURITY): 'requested shared memory region when not registered/focused'
11-04 18:21:40.978 15290 15366 E OsSdk   : error getting shared memory region, memory type: HeadTracker, failed with Status(-1, EX_SECURITY): 'requested shared memory region when not registered/focused'
11-04 18:21:41.004 15694 15795 I VrApi   : FPS=72/72,Prd=59ms,Tear=0,Early=72,Stale=0,VSnc=1,Lat=1,Fov=0,CPU4/GPU=2/3,1171/490MHz,OC=FF,TA=0/70/70,SP=N/F/F,Mem=2092MHz,Free=2144MB,PLS=0,Temp=27.2C/0.0C,TW=0.84ms,App=3.85ms,GD=0.00ms,CPU&GPU=6.02ms,LCnt=2(DR0,LM2),GPU%=0.36,CPU%=0.27(W0.36),DSF=1.00,CFL=19.56/21.32
11-04 18:21:41.024 15290 15366 E OsSdk   : error getting shared memory region, memory type: HeadTracker, failed with Status(-1, EX_SECURITY): 'requested shared memory region when not registered/focused'
11-04 18:21:41.072 15290 15366 E OsSdk   : error getting shared memory region, memory type: HeadTracker, failed with Status(-1, EX_SECURITY): 'requested shared memory region when not registered/focused'
11-04 18:21:41.079   851 15198 W [CT]    : TIMESTAMPCHECKER: Nominal rate wrong. Estimated data rate: 25, Nominal is 30.000300003000028
11-04 18:21:41.115 15290 15366 E OsSdk   : error getting shared memory region, memory type: HeadTracker, failed with Status(-1, EX_SECURITY): 'requested shared memory region when not registered/focused'
11-04 18:21:41.154 15290 15366 E OsSdk   : error getting shared memory region, memory type: HeadTracker, failed with Status(-1, EX_SECURITY): 'requested shared memory region when not registered/focused'
11-04 18:21:41.155 15290 15366 E OsSdk   : error getting shared memory region, memory type: AnchorTracker, failed with Status(-1, EX_SECURITY): 'requested shared memory region when not registered/focused'
11-04 18:21:41.199 15290 15366 E OsSdk   : error getting shared memory region, memory type: HeadTracker, failed with Status(-1, EX_SECURITY): 'requested shared memory region when not registered/focused'
11-04 18:21:41.242 15290 15366 E OsSdk   : error getting shared memory region, memory type: HeadTracker, failed with Status(-1, EX_SECURITY): 'requested shared memory region when not registered/focused'
11-04 18:21:41.266 15290 15345 D xrstreaming: receive ping: org 0 recv 0 xmt 16537619594300 (received at 8620880334468), offset divergence 5946
11-04 18:21:41.286 15290 15366 E OsSdk   : error getting shared memory region, memory type: HeadTracker, failed with Status(-1, EX_SECURITY): 'requested shared memory region when not registered/focused'
11-04 18:21:41.380 15290 15366 E OsSdk   : error getting shared memory region, memory type: HeadTracker, failed with Status(-1, EX_SECURITY): 'requested shared memory region when not registered/focused'
11-04 18:21:41.381 15290 15366 E OsSdk   : error getting shared memory region, memory type: AnchorTracker, failed with Status(-1, EX_SECURITY): 'requested shared memory region when not registered/focused'
11-04 18:21:41.421 15290 15366 E OsSdk   : error getting shared memory region, memory type: HeadTracker, failed with Status(-1, EX_SECURITY): 'requested shared memory region when not registered/focused'
11-04 18:21:41.629 15290 15366 E OsSdk   : error getting shared memory region, memory type: HeadTracker, failed with Status(-1, EX_SECURITY): 'requested shared memory region when not registered/focused'
11-04 18:21:41.630 15290 15366 E OsSdk   : error getting shared memory region, memory type: AnchorTracker, failed with Status(-1, EX_SECURITY): 'requested shared memory region when not registered/focused'
11-04 18:21:41.632  1406  2649 I chatty  : uid=10025(com.oculus.systemdriver) ClientRequest expire 1 line
11-04 18:21:41.671 15290 15366 E OsSdk   : error getting shared memory region, memory type: HeadTracker, failed with Status(-1, EX_SECURITY): 'requested shared memory region when not registered/focused'
11-04 18:21:41.838   851  1490 I chatty  : uid=1000(system) Binder:851_4 identical 26 lines
11-04 18:21:41.882   851  1490 W TrackingService: attachClient: found client in attached list
