11-03 22:38:26.329  2968  3122 I StateMachine: StateMachine::Update ForceShow: forceShowForTime -> ForceShowOnForTime
11-03 22:38:26.330  2968  3122 I GuardianSystem: UpdateGuardianSystemState: Flags changed: 524288, 532480, SYSTEM_GUARDIAN_VALID to SYSTEM_GUARDIAN_VISIBLE,SYSTEM_GUARDIAN_VALID
11-03 22:38:26.338  2968  3122 W GuardianOpenXrMgr: @@@ wait frame retry=10 dtWait=0.000000 dtFrame=173.129206 submittedFrameIndex=-1
11-03 22:38:26.340  2968  3122 I GuardianSystem: ForceShowGuardian: false, 3.00
11-03 22:38:26.341  2968  3329 I VrRuntimeClient: UpdateEvents: HMT was mounted
11-03 22:38:26.342  1817  3287 I [CT]    : MIXEDREALITY: MrServiceModel: Hibernating caller (most likely rendering thread) due to commandQueue being empty.
11-03 22:38:26.342  2968  3122 I GuardianSystem: UpdateGuardianSystemState: Flags2 changed: 49, 1, SYSTEM_2_DIRECTIONAL_PASSTHROUGH_ENABLED,SYSTEM_2_LOADING_DOTS,SYSTEM_2_SHOULD_PUSH_BLACK to SYSTEM_2_DIRECTIONAL_PASSTHROUGH_ENABLED
11-03 22:38:26.343  1457  2762 I chatty  : uid=10025(com.oculus.systemdriver) ClientRequest expire 7 lines
11-03 22:38:26.968  1056  5854 D WificondControl: Scan result ready event
11-03 22:38:27.036 25954 26187 I chatty  : uid=10127(com.YourCompany.TemplateProject2) expire 2 lines
11-03 22:38:27.644  2968  3385 I Telemetry: App memory usage: PSS=36 MiB, PrivateDirty=25 MiB, PrivateClean=5 MiB, GPU=3.8/4.0 MiB (96% allocated)
11-03 22:38:27.894 25954 25985 I chatty  : uid=10127(com.YourCompany.TemplateProject2) expire 30 lines
11-03 22:38:27.895 25954 26062 I chatty  : uid=10127(com.YourCompany.TemplateProject2) expire 68 lines
11-03 22:38:27.907   865  1039 I TrackingService: Unregistering client by ITrackingService.unregisterClient
11-03 22:38:27.907   865  1039 I TrackingService: Failed to unregister client because client not found in registered list
11-03 22:38:27.907   865  1039 I chatty  : uid=1000(system) Binder:865_1 identical 7 lines
11-03 22:38:27.907   865  1039 I TrackingService: Failed to unregister client because client not found in registered list
11-03 22:38:27.907   865  1039 D TrackingService: unregister: com.YourCompany.TemplateProject2
11-03 22:38:27.917  1457 26046 I chatty  : uid=10025(com.oculus.systemdriver) com.oculus.vrruntimeservice expire 6 lines
11-03 22:38:27.939 25954 26214 I chatty  : uid=10127(com.YourCompany.TemplateProject2) expire 1 line
11-03 22:38:27.942  1513  1513 V AvrcpMediaPlayerList: onPlaybackConfigChanged(): Configs list size=6
11-03 22:38:27.943 25954 25986 I chatty  : uid=10127(com.YourCompany.TemplateProject2) expire 25 lines
11-03 22:38:27.957   736  4466 D msm8974_platform: platform_split_snd_device: snd_device(2) num devices(1) new_snd_devices(0)
11-03 22:38:27.957   736  4466 D ACDB-LOADER: ACDB -> send_audvoltable
11-03 22:38:27.957   736  4466 D ACDB-LOADER: ACDB -> ACDB_CMD_GET_AUDPROC_INSTANCE_GAIN_DEP_STEP_TABLE_SIZE
11-03 22:38:27.957   736  4466 D         : Failed to fetch the lookup information of the device 0000000F 
11-03 22:38:27.957   736  4466 D ACDB-LOADER: Error: ACDB_CMD_GET_AUDPROC_INSTANCE_GAIN_DEP_STEP_TABLE_SIZE Returned = -19
11-03 22:38:27.957   736  4466 D ACDB-LOADER: ACDB -> ACDB_CMD_GET_AUDPROC_INSTANCE_GAIN_DEP_STEP_TABLE, vol index 1
11-03 22:38:27.957   736  4466 D         : Failed to fetch the lookup information of the device 0000000F 
11-03 22:38:27.957   736  4466 D ACDB-LOADER: Error: ACDB AudProc vol returned = -19
11-03 22:38:27.957   736  4466 D ACDB-LOADER: ACDB -> AUDIO_SET_VOL_CAL cal type = 40
11-03 22:38:27.961  1056  4349 D WindowManager: relayoutVisibleWindow: Window{b33a4ea u0 com.YourCompany.TemplateProject2/com.epicgames.ue4.GameActivity EXITING} mAnimatingExit=true, mRemoveOnExit=false, mDestroying=false
11-03 22:38:27.962  1457  1457 I chatty  : uid=10025(com.oculus.systemdriver) com.oculus.vrruntimeservice expire 3 lines
11-03 22:38:27.974  1056  5854 I ActivityTaskManager: Activity reported stop, but no longer stopping: ActivityRecord{235bf83 u0 com.YourCompany.TemplateProject2/com.epicgames.ue4.GameActivity t169}
11-03 22:38:27.977  2189  2294 W OVRLibrary: null cursor received for query content://com.oculus.ocms.library/apps/com.YourCompany.TemplateProject2
11-03 22:38:27.979  2189  2189 W OVRLibrary: null cursor received for query content://com.oculus.ocms.library/apps/com.YourCompany.TemplateProject2
11-03 22:38:27.979  2189  2189 I OVRMediaServiceManager: Sending onAppStart (com.YourCompany.TemplateProject2) to SocialPlatform (com.oculus.socialplatform)
11-03 22:38:27.991 25954 25985 D UE4     : FAppEventManager::Tick processing, 7
11-03 22:38:27.991 25954 25985 D UE4     : [2022.11.03-22.38.27:991][  1]LogAndroidEvents: Display: LogAndroidEvents::DequeueAppEvent : 10, [width=-1, height=-1], APP_EVENT_STATE_WINDOW_LOST_FOCUS
11-03 22:38:27.991 25954 25985 D UE4     : FAppEventManager::Tick processing, 10
11-03 22:38:27.991 25954 25985 D UE4     : [2022.11.03-22.38.27:991][  1]LogAndroidEvents: Display: LogAndroidEvents::DequeueAppEvent : 0, [width=3664, height=1920], APP_EVENT_STATE_WINDOW_CREATED
11-03 22:38:27.991 25954 25985 D UE4     : FAppEventManager::Tick processing, 0
11-03 22:38:27.991 25954 25985 D UE4     : [2022.11.03-22.38.27:991][  1]LogAndroidEvents: Display: LogAndroidEvents::DequeueAppEvent : 11, [width=-1, height=-1], APP_EVENT_STATE_WINDOW_GAINED_FOCUS
11-03 22:38:27.991 25954 25985 D UE4     : FAppEventManager::Tick processing, 11
11-03 22:38:27.991 25954 25985 D UE4     : [2022.11.03-22.38.27:991][  1]LogAndroidEvents: Display: ExecWindowCreated
11-03 22:38:27.991 25954 25985 D UE4     : AndroidEGL::ReInitWindow()
11-03 22:38:27.991 25954 25985 D UE4     : [2022.11.03-22.38.27:991][  1]LogAndroid: AndroidEGL::RefreshWindowSize updating window size = 3664, 1920, cached size : 3664, 1920 tid : 25985
11-03 22:38:27.991 25954 25985 D UE4     : [2022.11.03-22.38.27:991][  1]LogAndroid: AndroidEGL::ResizeSharedContextSurface, PImplData->Window=0xc5c5d008, PImplData->eglWidth=8, PImplData->eglHeight=8!, CachedWidth=3664, CachedHeight=1920, tid: 25985
11-03 22:38:27.991 25954 25985 D UE4     : AndroidEGL::UnBindShared()
11-03 22:38:27.991 25954 25985 D UE4     : AndroidEGL::ResetDisplay()
11-03 22:38:27.991 25954 25985 D UE4     : AndroidEGL::DestroySharedSurface()
11-03 22:38:27.991 25954 25985 D UE4     : AndroidEGL::InitSharedSurface 0
11-03 22:38:27.992 25954 25985 D UE4     : AndroidEGL::InitSharedSurface, Using CachedWindowRect, width: 3664, height 1920 
11-03 22:38:27.992 25954 25985 D UE4     : AndroidEGL::InitSharedSurface, Using width: 3664, height 1920 
11-03 22:38:27.992 25954 25985 D UE4     : AndroidEGL::InitSharedSurface, width: 3664, height 1920 
11-03 22:38:27.992 25954 25985 D UE4     : AndroidEGL::CreateEGLSharedSurface(), auxSurface = eglCreatePbufferSurface(), 8x8
11-03 22:38:27.992 25954 25985 D UE4     : ExecWindowCreated, 0, 1, 1
11-03 22:38:27.992 25954 25985 D UE4     : [2022.11.03-22.38.27:992][  1]LogAndroidEvents: Display: LogAndroidEvents::DequeueAppEvent : 14, [width=-1, height=-1], APP_EVENT_STATE_APP_ACTIVATED
11-03 22:38:27.992 25954 25985 D UE4     : FAppEventManager::Tick processing, 14
11-03 22:38:27.992 25954 25985 D UE4     : Execution will be resumed!
11-03 22:38:27.992 25954 25985 D UE4     : [2022.11.03-22.38.27:992][  1]LogAndroidEvents: Display: LogAndroidEvents::DequeueAppEvent : 15, [width=-1, height=-1], APP_EVENT_RUN_CALLBACK
11-03 22:38:27.992 25954 25985 D UE4     : FAppEventManager::Tick processing, 15
11-03 22:38:27.992 25954 25985 D UE4     : [2022.11.03-22.38.27:992][  1]LogAndroidEvents: Display: Event thread callback running.
11-03 22:38:27.992 25954 25985 D UE4     : [2022.11.03-22.38.27:992][  1]LogAndroid: performing app foregrounding callback.
11-03 22:38:27.992 25954 25985 D UE4     : [2022.11.03-22.38.27:992][  1]LogHMD: Initializing OVRPlugin session
11-03 22:38:27.992 25954 25985 D UE4     : [2022.11.03-22.38.27:992][  1]LogHMD: OculusHMD plugin supports multiview!
11-03 22:38:27.992 25954 25985 D OVRPlugin: GL_EXTENSIONS:
11-03 22:38:27.992 25954 25985 D OVRPlugin: GL_OES_EGL_image
11-03 22:38:27.992 25954 25985 D OVRPlugin: GL_OES_EGL_image_external
11-03 22:38:27.992 25954 25985 D OVRPlugin: GL_OES_EGL_sync
11-03 22:38:27.992 25954 25985 D OVRPlugin: GL_OES_vertex_half_float
11-03 22:38:27.992 25954 25985 D OVRPlugin: GL_OES_framebuffer_object
11-03 22:38:27.992 25954 25985 D OVRPlugin: GL_OES_rgb8_rgba8
11-03 22:38:27.992 25954 25985 D OVRPlugin: GL_OES_compressed_ETC1_RGB8_texture
11-03 22:38:27.992 25954 25985 D OVRPlugin: GL_AMD_compressed_ATC_texture
11-03 22:38:27.992 25954 25985 D OVRPlugin: GL_KHR_texture_compression_astc_ldr
11-03 22:38:27.992 25954 25985 D OVRPlugin: GL_KHR_texture_compression_astc_hdr
11-03 22:38:27.992 25954 25985 D OVRPlugin: GL_OES_texture_compression_astc
11-03 22:38:27.992 25954 25985 D OVRPlugin: GL_EXT_texture_compression_s3tc
11-03 22:38:27.992 25954 25985 D OVRPlugin: GL_EXT_texture_compression_s3tc_srgb
11-03 22:38:27.992 25954 25985 D OVRPlugin: GL_EXT_texture_compression_rgtc
11-03 22:38:27.992 25954 25985 D OVRPlugin: GL_EXT_texture_compression_bptc
11-03 22:38:27.992 25954 25985 D OVRPlugin: GL_OES_texture_npot
11-03 22:38:27.992 25954 25985 D OVRPlugin: GL_EXT_texture_filter_anisotropic
11-03 22:38:27.992 25954 25985 D OVRPlugin: GL_EXT_texture_format_BGRA8888
11-03 22:38:27.992 25954 25985 D OVRPlugin: GL_EXT_read_format_bgra
11-03 22:38:27.992 25954 25985 D OVRPlugin: GL_OES_texture_3D
11-03 22:38:27.992 25954 25985 D OVRPlugin: GL_EXT_color_buffer_float
11-03 22:38:27.992 25954 25985 D OVRPlugin: GL_EXT_color_buffer_half_float
11-03 22:38:27.992 25954 25985 D OVRPlugin: GL_EXT_float_blend
11-03 22:38:27.992 25954 25985 D OVRPlugin: GL_QCOM_alpha_test
11-03 22:38:27.992 25954 25985 D OVRPlugin: GL_OES_depth24
11-03 22:38:27.992 25954 25985 D OVRPlugin: GL_OES_packed_depth_stencil
11-03 22:38:27.992 25954 25985 D OVRPlugin: GL_OES_depth_texture
11-03 22:38:27.992 25954 25985 D OVRPlugin: GL_OES_depth_texture_cube_map
11-03 22:38:27.992 25954 25985 D OVRPlugin: GL_EXT_sRGB
11-03 22:38:27.992 25954 25985 D OVRPlugin: GL_OES_texture_float
11-03 22:38:27.992 25954 25985 D OVRPlugin: GL_OES_texture_float_linear
11-03 22:38:27.992 25954 25985 D OVRPlugin: GL_OES_texture_half_float
11-03 22:38:27.992 25954 25985 D OVRPlugin: GL_OES_texture_half_float_linear
11-03 22:38:27.992 25954 25985 D OVRPlugin: GL_EXT_texture_type_2_10_10_10_REV
11-03 22:38:27.992 25954 25985 D OVRPlugin: GL_EXT_texture_sRGB_decode
11-03 22:38:27.992 25954 25985 D OVRPlugin: GL_EXT_texture_compression_astc_decode_mode
11-03 22:38:27.992 25954 25985 D OVRPlugin: GL_EXT_texture_mirror_clamp_to_edge
11-03 22:38:27.992 25954 25985 D OVRPlugin: GL_EXT_texture_format_sRGB_override
11-03 22:38:27.992 25954 25985 D OVRPlugin: GL_OES_element_index_uint
11-03 22:38:27.992 25954 25985 D OVRPlugin: GL_EXT_copy_image
11-03 22:38:27.992 25954 25985 D OVRPlugin: GL_EXT_geometry_shader
11-03 22:38:27.992 25954 25985 D OVRPlugin: GL_EXT_tessellation_shader
11-03 22:38:27.992 25954 25985 D OVRPlugin: GL_OES_texture_stencil8
11-03 22:38:27.992 25954 25985 D OVRPlugin: GL_EXT_shader_io_blocks
11-03 22:38:27.992 25954 25985 D OVRPlugin: GL_OES_shader_image_atomic
11-03 22:38:27.992 25954 25985 D OVRPlugin: GL_OES_sample_variables
11-03 22:38:27.992 25954 25985 D OVRPlugin: GL_EXT_texture_border_clamp
11-03 22:38:27.992 25954 25985 D OVRPlugin: GL_EXT_EGL_image_external_wrap_modes
11-03 22:38:27.992 25954 25985 D OVRPlugin: GL_EXT_multisampled_render_to_texture
11-03 22:38:27.992 25954 25985 D OVRPlugin: GL_EXT_multisampled_render_to_texture2
11-03 22:38:27.992 25954 25985 D OVRPlugin: GL_OES_shader_multisample_interpolation
11-03 22:38:27.992 25954 25985 D OVRPlugin: GL_EXT_texture_cube_map_array
11-03 22:38:27.992 25954 25985 D OVRPlugin: GL_EXT_draw_buffers_indexed
11-03 22:38:27.992 25954 25985 D OVRPlugin: GL_EXT_gpu_shader5
11-03 22:38:27.992 25954 25985 D OVRPlugin: GL_EXT_robustness
11-03 22:38:27.992 25954 25985 D OVRPlugin: GL_EXT_texture_buffer
11-03 22:38:27.992 25954 25985 D OVRPlugin: GL_EXT_shader_framebuffer_fetch
11-03 22:38:27.992 25954 25985 D OVRPlugin: GL_ARM_shader_framebuffer_fetch_depth_stencil
11-03 22:38:27.992 25954 25985 D OVRPlugin: GL_OES_texture_storage_multisample_2d_array
11-03 22:38:27.992 25954 25985 D OVRPlugin: GL_OES_sample_shading
11-03 22:38:27.992 25954 25985 D OVRPlugin: GL_OES_get_program_binary
11-03 22:38:27.992 25954 25985 D OVRPlugin: GL_EXT_debug_label
11-03 22:38:27.992 25954 25985 D OVRPlugin: GL_KHR_blend_equation_advanced
11-03 22:38:27.992 25954 25985 D OVRPlugin: GL_KHR_blend_equation_advanced_coherent
11-03 22:38:27.992 25954 25985 D OVRPlugin: GL_QCOM_tiled_rendering
11-03 22:38:27.992 25954 25985 D OVRPlugin: GL_ANDROID_extension_pack_es31a
11-03 22:38:27.992 25954 25985 D OVRPlugin: GL_EXT_primitive_bounding_box
11-03 22:38:27.992 25954 25985 D OVRPlugin: GL_OES_standard_derivatives
11-03 22:38:27.992 25954 25985 D OVRPlugin: GL_OES_vertex_array_object
11-03 22:38:27.992 25954 25985 D OVRPlugin: GL_EXT_disjoint_timer_query
11-03 22:38:27.993 25954 25985 D OVRPlugin: GL_KHR_debug
11-03 22:38:27.993 25954 25985 D OVRPlugin: GL_EXT_YUV_target
11-03 22:38:27.993 25954 25985 D OVRPlugin: GL_EXT_sRGB_write_control
11-03 22:38:27.993 25954 25985 D OVRPlugin: GL_EXT_texture_norm16
11-03 22:38:27.993 25954 25985 D OVRPlugin: GL_EXT_discard_framebuffer
11-03 22:38:27.993 25954 25985 D OVRPlugin: GL_OES_surfaceless_context
11-03 22:38:27.993 25954 25985 D OVRPlugin: GL_OVR_multiview
11-03 22:38:27.993 25954 25985 D OVRPlugin: GL_OVR_multiview2
11-03 22:38:27.993 25954 25985 D OVRPlugin: GL_EXT_texture_sRGB_R8
11-03 22:38:27.993 25954 25985 D OVRPlugin: GL_KHR_no_error
11-03 22:38:27.993 25954 25985 D OVRPlugin: GL_EXT_debug_marker
11-03 22:38:27.993 25954 25985 D OVRPlugin: GL_OES_EGL_image_external_essl3
11-03 22:38:27.993 25954 25985 D OVRPlugin: GL_OVR_multiview_multisampled_render_to_texture
11-03 22:38:27.993 25954 25985 D OVRPlugin: GL_EXT_buffer_storage
11-03 22:38:27.993 25954 25985 D OVRPlugin: GL_EXT_external_buffer
11-03 22:38:27.993 25954 25985 D OVRPlugin: GL_EXT_blit_framebuffer_params
11-03 22:38:27.993 25954 25985 D OVRPlugin: GL_EXT_clip_cull_distance
11-03 22:38:27.993 25954 25985 D OVRPlugin: GL_EXT_protected_textures
11-03 22:38:27.993 25954 25985 D OVRPlugin: GL_EXT_shader_non_constant_global_initializers
11-03 22:38:27.993 25954 25985 D OVRPlugin: GL_QCOM_texture_foveated
11-03 22:38:27.993 25954 25985 D OVRPlugin: GL_QCOM_texture_foveated2
11-03 22:38:27.993 25954 25985 D OVRPlugin: GL_QCOM_texture_foveated_subsampled_layout
11-03 22:38:27.993 25954 25985 D OVRPlugin: GL_QCOM_shader_framebuffer_fetch_noncoherent
11-03 22:38:27.993 25954 25985 D OVRPlugin: GL_QCOM_shader_framebuffer_fetch_rate
11-03 22:38:27.993 25954 25985 D OVRPlugin: GL_EXT_memory_object
11-03 22:38:27.993 25954 25985 D OVRPlugin: GL_EXT_memory_object_fd
11-03 22:38:27.993 25954 25985 D OVRPlugin: GL_EXT_EGL_image_array
11-03 22:38:27.993 25954 25985 D OVRPlugin: GL_NV_shader_noperspective_interpolation
11-03 22:38:27.993 25954 25985 D OVRPlugin: GL_KHR_robust_buffer_access_behavior
11-03 22:38:27.993 25954 25985 D OVRPlugin: GL_EXT_EGL_image_storage
11-03 22:38:27.993 25954 25985 D OVRPlugin: GL_EXT_blend_func_extended
11-03 22:38:27.993 25954 25985 D OVRPlugin: GL_EXT_clip_control
11-03 22:38:27.993 25954 25985 D OVRPlugin: GL_OES_texture_view
11-03 22:38:27.993 25954 25985 D OVRPlugin: GL_EXT_fragment_invocation_density
11-03 22:38:27.993 25954 25985 D OVRPlugin: GL_QCOM_motion_estimation
11-03 22:38:27.993 25954 25985 D OVRPlugin: GL_QCOM_validate_shader_binary
11-03 22:38:27.993 25954 25985 D OVRPlugin: GL_QCOM_YUV_texture_gather
11-03 22:38:27.993 25954 25985 D OVRPlugin: GL_QCOM_shading_rate
11-03 22:38:27.993 25954 25985 D OVRPlugin: GL_IMG_texture_filter_cubic
11-03 22:38:27.993 25954 25985 D OVRPlugin: GL_EXT_polygon_offset_clamp
11-03 22:38:27.993 25954 25985 D OVRPlugin: es3 = TRUE
11-03 22:38:27.993 25954 25985 D OVRPlugin: Found: GL_EXT_discard_framebuffer
11-03 22:38:27.993 25954 25985 D OVRPlugin: Found: GL_EXT_multisampled_render_to_texture
11-03 22:38:27.993 25954 25985 D OVRPlugin: Found: GL_OES_vertex_array_object
11-03 22:38:27.993 25954 25985 D OVRPlugin: Found: GL_QCOM_tiled_rendering
11-03 22:38:27.993 25954 25985 D OVRPlugin: Found: GL_EXT_disjoint_timer_query
11-03 22:38:27.994 25954 25985 D OVRPlugin: Found: GL_EXT_texture_sRGB_decode
11-03 22:38:27.994 25954 25985 D OVRPlugin: Found: GL_EXT_texture_filter_anisotropic
11-03 22:38:27.994 25954 25985 D OVRPlugin: GL_MAX_TEXTURE_SIZE = 16384
11-03 22:38:27.994 25954 25985 D OVRPlugin: GL_MAX_VERTEX_UNIFORM_VECTORS = 256
11-03 22:38:27.994 25954 25985 D OVRPlugin: GL_MAX_FRAGMENT_UNIFORM_VECTORS = 256
11-03 22:38:27.995 25954 25985 D OVRPlugin: Found: GL_EXT_texture_border_clamp
11-03 22:38:27.995 25954 25985 D OVRPlugin: Finished setting up render thread.
11-03 22:38:27.995 25954 25985 D OVRPlugin: Entering VR mode.
11-03 22:38:27.995 25954 25985 I VrApi   : ---------- vrapi_EnterVrMode [start] ----------
11-03 22:38:27.995 25954 25985 I VrRuntimeClient: Tracing is disabled
11-03 22:38:27.995 25954 25985 I VrRuntimeClient: SysProp debug mode is disabled on Client side
11-03 22:38:27.997 25954 25985 D VrApi   : targetSDKVersion 29
11-03 22:38:27.999 25954 25985 I VrRuntimeClient: DEVICE MODEL NUMBER = Quest
11-03 22:38:27.999 25954 25985 I VrRuntimeClient: DEVICE BUILD NAME = user-47421700667400000
11-03 22:38:27.999 25954 25985 I VrRuntimeClient: DEVICE BUILD TYPE = user
11-03 22:38:27.999 25954 25985 I VrRuntimeClient: DEVICE OS VERSION = 10
11-03 22:38:27.999 25954 25985 I VrRuntimeClient: API LOADER VERSION = 1.44.0
11-03 22:38:27.999 25954 25985 I VrRuntimeClient: RUNTIME API VERSION = 1.63.0
11-03 22:38:27.999 25954 25985 I VrRuntimeClient: RUNTIME VERSION = 46.0.0.226.0 Sep  6 2022 02:18:30 RELEASE
11-03 22:38:27.999 25954 25985 I VrRuntimeClient: APP NAME = TemplateProject2
11-03 22:38:27.999 25954 25985 I VrRuntimeClient: APP VERSION = 1.0 versionCode 1 internalVersionName <none>
11-03 22:38:27.999 25954 25985 I VrRuntimeClient: APP VR TYPE = <none>
11-03 22:38:27.999 25954 25985 I VrRuntimeClient: APP MODE TYPE = VR
11-03 22:38:27.999 25954 25985 I VrRuntimeClient: APP PACKAGE NAME = com.YourCompany.TemplateProject2
11-03 22:38:27.999 25954 25985 I VrRuntimeClient: APP ACTIVITY CLASS = com.epicgames.ue4.GameActivity
11-03 22:38:27.999 25954 25985 I Sensor  : OSSDKTRACKING Initializing head tracking
11-03 22:38:27.999 25954 25985 D OsSdk   : TrackingServiceConnection ctor
11-03 22:38:27.999 25954 25985 I Sensor  : OSSDKTRACKING Head tracker != nullpointer 0xc5c5f588, 1
11-03 22:38:27.999 25954 25985 I Sensor  : OSSDKTRACKING Initializing controller tracking
11-03 22:38:27.999 25954 25985 I Sensor  : OSSDKTRACKING Controller tracker != nullpointer 0xc5c5f590, 1
11-03 22:38:27.999 25954 25985 D BatteryReceiver: Registering battery receiver
11-03 22:38:28.000 25954 25985 D HeadsetReceiver: getCurrentHeadsetState: false
11-03 22:38:28.000 25954 25985 I DeviceStatus: nativeHeadsetEvent(0)
11-03 22:38:28.001 25954 25985 I VrRuntimeClient: SetCompositorClientFeatureFlag ClientFeatureFlag 0 
11-03 22:38:28.001 25954 25985 I LogTimer: CPUTIME: VrRuntimeClient_BeginSession took 5.2797 ms
11-03 22:38:28.001 25954 25985 I ClientInputInterface: DEADRECKONING SetControllerTrackingExtendedDeadreckoning 0
11-03 22:38:28.001 25954 25985 I ClientInputSettings: HANDTRACKING package name is com.YourCompany.TemplateProject2
11-03 22:38:28.002 25954 25985 I ClientInputSettings: HANDTRACKING: feature flag set to 0
11-03 22:38:28.002 25954 25985 I ClientInputInterface: HANDTRACKING sethandmanifest 0
11-03 22:38:28.003 25954 25985 I InputHooks_Internal: Enabling Native Input Hooks
11-03 22:38:28.003 25954 25985 I InputDeviceManager: ovrInputDeviceManager::Initialize
11-03 22:38:28.003 25954 25985 D OsSdk   : TrackingServiceConnection registered
11-03 22:38:28.009   865  1039 D TrackingService: getSharedMemory: com.YourCompany.TemplateProject2, HeadTracker
11-03 22:38:28.009 25954 25985 I Distortion: Initializing Mesh Decenter Correction
11-03 22:38:28.014   838  1036 E CalibrationProvider: loadCalibration(LDISP_SN) failed: Calibration store didn't load any info
11-03 22:38:28.014   838  1036 E CalibrationProvider: loadCalibration(RDISP_SN) failed: Calibration store didn't load any info
11-03 22:38:28.014 25954 25985 I Distortion: SetLensPositions - iad=0.0629711, left offset=-0.00027528,-0.00102733, right offset=0.000154447,-0.00104481
11-03 22:38:28.014 25954 25985 I Distortion: Initializing Mesh Decenter Correction
11-03 22:38:28.015   838  1036 E CalibrationProvider: loadCalibration(LDISP_SN) failed: Calibration store didn't load any info
11-03 22:38:28.015   838  1036 E CalibrationProvider: loadCalibration(RDISP_SN) failed: Calibration store didn't load any info
11-03 22:38:28.015 25954 25985 I Distortion: SetLensPositions - iad=0.0629711, left offset=-0.00027528,-0.00102733, right offset=0.000154447,-0.00104481
11-03 22:38:28.016   865  1039 D TrackingService: getSharedMemory: com.YourCompany.TemplateProject2, Controller
11-03 22:38:28.016 25954 25985 I Distortion: Created custom distortion mesh.
11-03 22:38:28.016 25954 25985 I VrApi   : ovrModeParms::VRAPI_MODE_FLAG_RESET_WINDOW_FULLSCREEN = 1
11-03 22:38:28.016 25954 26268 I InputDevice_TrackedRemote: REMOTE: Hand=1 IndexAnalog=0.00 GripAnalog=0.00 Buttons=0x00000000
11-03 22:38:28.016 25954 25985 I VrApi   : ovrModeParms::VRAPI_MODE_FLAG_NATIVE_WINDOW = 1
11-03 22:38:28.016 25954 25985 I VrApi   : ovrModeParms::VRAPI_MODE_FLAG_FRONT_BUFFER_SRGB = 1
11-03 22:38:28.016 25954 25985 I VrApi   : ovrModeParms::VRAPI_MODE_FLAG_PHASE_SYNC = 0
11-03 22:38:28.016 25954 25985 I VrApi   : ovrModeParms::VRAPI_MODE_FLAG_APP_SPACE_WARP = 0
11-03 22:38:28.016 25954 25985 I VrRuntimeClient: SetPhaseSyncMode 0
11-03 22:38:28.016 25954 26268 I InputDevice_TrackedRemote: REMOTE: Hand=2 IndexAnalog=0.00 GripAnalog=0.00 Buttons=0x00000000
11-03 22:38:28.016 25954 25985 I VrApi   : PhaseSync disabled
11-03 22:38:28.016 25954 26268 I InputDeviceManager: HANDTRACKING Pointer filter profile changed to: 0
11-03 22:38:28.016 25954 25985 I VrApi   : HMD sensor attached.
11-03 22:38:28.016 25954 26268 I InputDeviceManager: HANDTRACKING Pointer filter profile changed to: 0
11-03 22:38:28.016 25954 26268 I InputDeviceManager: HANDTRACKING Root pose filter profile changed for (version, freq) to (1, 1) from (1,2)
11-03 22:38:28.016 25954 25985 D VrRuntimeClient: pokeGuardianUserServiceForThisClient: com.YourCompany.TemplateProject2:10127
11-03 22:38:28.016  2189  2189 E OVRMediaServiceManager: LivestreamingManager Not initialized
11-03 22:38:28.017 25954 25985 D VrRuntimeClient: VrRuntimeClient: getClientWindow: activity client
11-03 22:38:28.017  2968  2968 D VrGuardianUserService: onStartCommandIntent { act=FOREGROUND_CLIENT cmp=com.oculus.guardian/com.oculus.vrguardianservice.VrGuardianUserService (has extras) }
11-03 22:38:28.017  2968  2968 D VrGuardianUserService: maybeSubscribeDeviceConfig
11-03 22:38:28.017  2968  2968 D VrGuardianUserService: onStartCommand FOREGROUND_CLIENT user = 0
11-03 22:38:28.017  1457 26046 I chatty  : uid=10025(com.oculus.systemdriver) com.oculus.vrruntimeservice expire 10 lines
11-03 22:38:28.018  2968  2968 D VrGuardianService: setCurrentUser() called with: userId = [0]
11-03 22:38:28.018  2968  2968 I VrGuardianService: nativeSetCurrentUser userid = 0
11-03 22:38:28.018  2968  2968 I GuardianSystem: GuardianSystem::SetCurrentUser: 0 
11-03 22:38:28.021 25954 25985 I ScreenCaptureHelper: Advertising com.YourCompany.TemplateProject2 as streamable
11-03 22:38:28.022 25954 25985 I VrApi   : Creating Default swapchain
11-03 22:38:28.022 25954 25985 I VrApi   : Creating Loading Icon swapchain
11-03 22:38:28.022 25954 25985 I VrApi   : OVR::Stats thread started
11-03 22:38:28.022 25954 25985 I XrRuntimeUtils: XrRuntimeUtils::CreateSession
11-03 22:38:28.022 25954 25985 I VrApi   : Initial BaseVsync 330 
11-03 22:38:28.022 25954 25985 I XrRuntimeUtils: XrRuntimeUtils::BeginSession
11-03 22:38:28.022 25954 25985 I XrRuntimeSystem_Client: BeginSession
11-03 22:38:28.022 25954 25985 I VrApi   : ---------- vrapi_EnterVrMode [end] ----------
11-03 22:38:28.022 25954 25985 I ClientInputSettings: EatNativeGamepadEvents = false
11-03 22:38:28.022 25954 25985 D OVRPlugin: Registering utility receivers.
11-03 22:38:28.022 25954 25985 D UE4     : [GameActivity] Registering volume receiver
11-03 22:38:28.022  2189  2189 I OVRMediaService: onStartCommand Received message type: set_package_name, caller package: no_app_identity, app identify: null
11-03 22:38:28.022  2189  2189 I OVRMediaService: Got package name intent (com.YourCompany.TemplateProject2)
11-03 22:38:28.023 25954 25985 D UE4     : [GameActivity] startVolumeReceiver: 8
11-03 22:38:28.023 25954 25985 D UE4     : nativeVolumeEvent(8)
11-03 22:38:28.023 25954 25985 D UE4     : [GameActivity] Registering battery receiver
11-03 22:38:28.024 25954 25985 D UE4     : [GameActivity] Registering headset receiver
11-03 22:38:28.024 25954 25985 D UE4     : [GameActivity] startHeadsetReceiver: 0
11-03 22:38:28.024 25954 25985 D UE4     : nativeHeadsetEvent(0)
11-03 22:38:28.024 25954 25985 D UE4     : [2022.11.03-22.38.28:024][  1]LogCore: Display: AppLifetime: Application has entered foreground
11-03 22:38:28.025 25954 25985 D UE4     : [2022.11.03-22.38.28:024][  1]LogTcpMessaging: Initializing TcpMessaging bridge, listening on 127.0.0.1:6666
11-03 22:38:28.025 25954 25985 D UE4     : [2022.11.03-22.38.28:025][  1]LogUdpMessaging: Initializing bridge on interface 0.0.0.0:0 to multicast group 230.0.0.1:6666.
11-03 22:38:28.025 25954 26271 D VrApi   : targetSDKVersion 29
11-03 22:38:28.026 25954 25985 D UE4     : [2022.11.03-22.38.28:026][  1]LogCore: Display: AppLifetime: Application has reactivated
11-03 22:38:28.026 25954 25985 D UE4     : [2022.11.03-22.38.28:026][  1]LogTemp: Android resume audio
11-03 22:38:28.026 25954 25985 D UE4     : [2022.11.03-22.38.28:026][  1]LogAudioMixerAndroid: Display: Resuming android audio renderer
11-03 22:38:28.027   736  4466 D msm8974_platform: platform_split_snd_device: snd_device(2) num devices(1) new_snd_devices(0)
11-03 22:38:28.027   736  4466 D ACDB-LOADER: ACDB -> send_audvoltable
11-03 22:38:28.027   736  4466 D ACDB-LOADER: ACDB -> ACDB_CMD_GET_AUDPROC_INSTANCE_GAIN_DEP_STEP_TABLE_SIZE
11-03 22:38:28.027   736  4466 D         : Failed to fetch the lookup information of the device 0000000F 
11-03 22:38:28.027   736  4466 D ACDB-LOADER: Error: ACDB_CMD_GET_AUDPROC_INSTANCE_GAIN_DEP_STEP_TABLE_SIZE Returned = -19
11-03 22:38:28.027   736  4466 D ACDB-LOADER: ACDB -> ACDB_CMD_GET_AUDPROC_INSTANCE_GAIN_DEP_STEP_TABLE, vol index 7
11-03 22:38:28.027   736  4466 D         : Failed to fetch the lookup information of the device 0000000F 
11-03 22:38:28.027   736  4466 D ACDB-LOADER: Error: ACDB AudProc vol returned = -19
11-03 22:38:28.027   736  4466 D ACDB-LOADER: ACDB -> AUDIO_SET_VOL_CAL cal type = 40
11-03 22:38:28.027 25954 25985 I OVRPlugin: HandleVrapiEvents: Unknown Event.
11-03 22:38:28.027 25954 25985 I OVRPlugin: HandleVrapiEvents: Unknown Event.
11-03 22:38:28.027  1513  1513 V AvrcpMediaPlayerList: onPlaybackConfigChanged(): Configs list size=6
11-03 22:38:28.027 25954 26062 D UE4     : [2022.11.03-22.38.28:027][  1]LogAndroid: AndroidEGL::ResizeRenderContextSurface, PImplData->Window=0xc5c5d008, PImplData->eglWidth=8, PImplData->eglHeight=8!, CachedWidth=3664, CachedHeight=1920, tid: 26062
11-03 22:38:28.027 25954 26062 D UE4     : AndroidEGL::UnBindRender()
11-03 22:38:28.027 25954 26062 D UE4     : AndroidEGL::ResetDisplay()
11-03 22:38:28.027 25954 26062 D UE4     : AndroidEGL::DestroyRenderSurface()
11-03 22:38:28.027 25954 26062 D UE4     : AndroidEGL::InitRenderSurface 0, 0
11-03 22:38:28.027 25954 26062 D UE4     : AndroidEGL::InitRenderSurface, Using CachedWindowRect, width: 3664, height 1920 
11-03 22:38:28.027  1457  2762 I ClientMgr: Non-overlay clients rendering status has changed: prev=114, curr=115, enabled=1
11-03 22:38:28.027 25954 26062 D UE4     : AndroidEGL::InitRenderSurface, Using width: 3664, height 1920 
11-03 22:38:28.028  1457  2762 I ClientMgr: Primary Client is not valid.
11-03 22:38:28.028  1457  2762 I ClientMgr: Primary client determined to be the current enabled client -325908882
11-03 22:38:28.028  1457  2762 I ClientMgr: ClientMgr::SetPrimaryCompositorClient: 25954:com.YourCompany.TemplateProject2
11-03 22:38:28.028 25954 26062 D UE4     : AndroidEGL::InitRenderSurface, wnd: 0xc5c5d008, width: 3664, height 1920 
11-03 22:38:28.028 25954 26062 D UE4     : AndroidEGL::CreateEGLRenderSurface(0), eglSurface = eglCreatePbufferSurface(), 8x8
11-03 22:38:28.028  1457  2762 W ClientMgr: ClientMgr::GetClientPermissionFlagsById: Client missing proper permissions: com.YourCompany.TemplateProject2, 2
11-03 22:38:28.028  1457  2762 I CompositorClientMgr: Enable client 15
11-03 22:38:28.028  1457  2762 I VrRuntimeServer: EnableCompositorClient client(15): layer placement(0) flags(1) sm(0x7baac15010)
11-03 22:38:28.028  1457  2762 I ClientMgr: SetPrimaryPackageName - packageName com.YourCompany.TemplateProject2 processName com.YourCompany.TemplateProject2 clientId 3969058414 clientPid 25954
11-03 22:38:28.028  1457  2762 I ServiceInputManager: ServiceInputManager::SetPrimaryPackageName 'com.YourCompany.TemplateProject2' 'com.YourCompany.TemplateProject2'  updated AnytimeUI processname 1
11-03 22:38:28.028  1457  2762 D VrRuntimeService: sendPrimaryPackageChangeBroadcast
11-03 22:38:28.028 25954 26271 I JniUtils: ovr_GetCurrentPackageSignature 
11-03 22:38:28.029  2189  2189 W OVRLibrary: null cursor received for query content://com.oculus.ocms.library/apps/com.YourCompany.TemplateProject2
11-03 22:38:28.029  2189  2189 I OVRMediaServiceManager: Sending onAppStart (com.YourCompany.TemplateProject2) to SocialPlatform (com.oculus.socialplatform)
11-03 22:38:28.030 25954 26271 I Metrics : device name = Oculus Quest
11-03 22:38:28.030  3121  3121 I chatty  : uid=10020(com.oculus.vrshell) ShellMain expire 14 lines
11-03 22:38:28.030  1457  2762 I AADT    : SetAADTLutDataX: 0
11-03 22:38:28.030  1457  2762 I AADT    : SetAADTLutDataY: 0
11-03 22:38:28.030  2326  2869 I chatty  : uid=10020(com.oculus.vrshell) ShellOverlayVR expire 74 lines
11-03 22:38:28.030  1457  2762 I ServiceInputManager: DEADRECKONING deadReckoning mode on ClientMgr from server is 0
11-03 22:38:28.035  1457 26175 I CompositorVR: SetSchedFifo( tid=25985, pol=2, pri=0 ) succeeded
11-03 22:38:28.035  1457 26175 I CompositorVR: SetSchedFifo( tid=26062, pol=2, pri=0 ) succeeded
11-03 22:38:28.035   875  1203 E VrApiService: Error set scheduler for process 1457 thread 26214 to 2 : No such process (3)
11-03 22:38:28.035  1457 26175 I CompositorVR: SetSchedFifo( tid=26214, pol=2, pri=0 ) succeeded
11-03 22:38:28.035  1457 26175 I AADT    : SetAADTLutDataX. Thread. SizeX: 0
11-03 22:38:28.035  1457 26175 I AADT    : SetAADTLutDataY. Thread. SizeY: 0
11-03 22:38:28.037 25954 26062 D UE4     : AndroidEGL::  ReleaseContextOwnership,  thread releasing rendering context tid: 26062
11-03 22:38:28.037 25954 26062 D UE4     : AndroidEGL::ResetDisplay()
11-03 22:38:28.039  2968  3122 I GuardianSystem: runtimeServiceSDKClient_.ForceShowGuardianEvent
11-03 22:38:28.039  2968  3122 I GuardianSystem: ForceShowGuardian: false, 0.00
11-03 22:38:28.040 25954 25985 D UE4     : [2022.11.03-22.38.28:040][  1]LogSlate: Took 0.000445 seconds to synchronously load lazily loaded font '../../../Engine/Content/Slate/Fonts/Roboto-Regular.ttf' (155K)
11-03 22:38:28.042 25954 26062 D UE4     : [2022.11.03-22.38.28:042][  2]LogHMD: Error: FOculusHMDModule::GetPluginWrapper().BeginFrame4 0 failed (-1003)
11-03 22:38:28.046 25954 26062 D UE4     : [2022.11.03-22.38.28:046][  3]LogHMD: Error: FOculusHMDModule::GetPluginWrapper().BeginFrame4 1 failed (-1003)
11-03 22:38:28.050 25954 26062 D UE4     : [2022.11.03-22.38.28:050][  3]LogHMD: Error: FOculusHMDModule::GetPluginWrapper().BeginFrame4 2 failed (-1003)
11-03 22:38:28.052  2968  3122 I StateMachine: StateMachine::Update ForceShow: stopForceShow -> ForceShowOff
11-03 22:38:28.052  1457  3120 I VrRuntimeService: RuntimeServiceSDKServer::SetGuardianSystemState: 2301990189
11-03 22:38:28.052  2968  3122 I GuardianSystem: UpdateGuardianSystemState: Flags changed: 532480, 524288, SYSTEM_GUARDIAN_VISIBLE,SYSTEM_GUARDIAN_VALID to SYSTEM_GUARDIAN_VALID
11-03 22:38:28.057 25954 26062 D UE4     : [2022.11.03-22.38.28:057][  4]LogHMD: Error: FOculusHMDModule::GetPluginWrapper().BeginFrame4 3 failed (-1003)
11-03 22:38:28.058  2189  2189 E OVRMediaServiceManager: LivestreamingManager Not initialized
11-03 22:38:28.061 25954 26062 D UE4     : [2022.11.03-22.38.28:061][  5]LogHMD: Error: FOculusHMDModule::GetPluginWrapper().BeginFrame4 4 failed (-1003)
11-03 22:38:28.070 25954 26062 I VrRuntimeClient: SetTextureSwapChainSamplerState: No change in sampler state.
11-03 22:38:28.070   865  1039 D TrackingService: haptic socket already exists
11-03 22:38:28.070   865  1039 D TrackingService: getSocket: com.YourCompany.TemplateProject2
11-03 22:38:28.071 25954 26282 I FenceChecker: FenceChecker::MainLoop - started
11-03 22:38:28.076  1457 26175 I CompositorVR: SetSchedFifo( tid=25985, pol=3, pri=0 ) succeeded
11-03 22:38:28.077  1457 26175 I CompositorVR: SetSchedFifo( tid=26062, pol=3, pri=0 ) succeeded
11-03 22:38:28.077  1457 26175 I CompositorVR: SetSchedFifo( tid=26282, pol=3, pri=0 ) succeeded
11-03 22:38:28.087  1457 26175 I CompositorProgs: loaded binary layerProgram 0:0x48002:0x0 in 1.3 ms
11-03 22:38:28.097  1457  2762 I VrRuntimeServer: DisableCompositorClient: 0
11-03 22:38:28.097  1457  2762 I CompositorClientMgr: Disable client 0
11-03 22:38:28.097  1457  2762 I CompositorClientMgr: DisableClient: frame flush required: 1
11-03 22:38:28.105  1457 26175 I CompositorProgs: [0x7c46d41ef8] Built layerProgram 0:0x100000048082:0x0 in 5.8 ms
11-03 22:38:28.108  2968  3122 I GuardianSystem: runtimeServiceSDKClient_.ForceShowGuardianEvent
11-03 22:38:28.108  2968  3122 I GuardianSystem: ForceShowGuardian: false, 0.00
11-03 22:38:28.188  1056  1636 E TaskPersister: File error accessing recents directory (directory doesn't exist?).
11-03 22:38:28.215  1457 26175 I CompositorVR: SetSchedFifo( tid=3122, pol=2, pri=0 ) succeeded
11-03 22:38:28.216  1457 26175 I CompositorVR: SetSchedFifo( tid=3329, pol=2, pri=0 ) succeeded
11-03 22:38:28.216  1457 26175 I CompositorVR: SetSchedFifo( tid=3388, pol=2, pri=0 ) succeeded
11-03 22:38:28.281  1457 26175 I CompositorProgs: loaded binary layerProgram 0:0x300000048002:0x0 in 1.3 ms
11-03 22:38:28.373  1745  1745 D ControllerNotifications: Enabling notifications
11-03 22:38:28.373  1745  1745 I ControllerNotifications: Updating input notifications based on state ConnectedBatteryNormal
11-03 22:38:28.453  2968  3122 W OsSdk   : Requested historical tracking state too far in the past; oldest: 17685.451047s, requested: 17685.415996s
11-03 22:38:28.795   865 20293 I chatty  : uid=1000(system) BoltWorkerThrea expire 4 lines
11-03 22:38:28.958 25954 25985 D UE4     : EngineMemoryWarningHandler: Mem Used 277.62 MB, Texture Memory 9.33 MB, Render Target memory 146.32 MB, OS Free 3208.46 MB
11-03 22:38:29.025 25954 26290 D UE4     : [2022.11.03-22.38.29:025][ 77]LogTcpMessaging: Started Connection to '127.0.0.1:41355'
11-03 22:38:29.025 25954 26290 D UE4     : [2022.11.03-22.38.29:025][ 77]LogTcpMessaging: Discovered node 'D05975B14C8AB89093507697323815B5' on connection '127.0.0.1:41355'...
11-03 22:38:29.655  1817  3374 I Telemetry: App memory usage: PSS=28 MiB, PrivateDirty=22 MiB, PrivateClean=1 MiB, GPU=4.4/4.6 MiB (96% allocated)
11-03 22:38:29.771   841 26250 W [CT]    : BOLTDEPTH: BoltDepthSystem: onPause: The depth system had been paused already
11-03 22:38:30.006 25954 26271 I Telemetry: App memory usage: PSS=384 MiB, PrivateDirty=234 MiB, PrivateClean=136 MiB, GPU=100.6/100.7 MiB (100% allocated)
11-03 22:38:30.008 25954 26271 I VrApi   : FPS=61/72,Prd=58ms,Tear=0,Early=61,Stale=6,VSnc=1,Lat=1,Fov=0,CPU4/GPU=2/3,1171/490MHz,OC=FF,TA=0/70/70,SP=N/F/F,Mem=1804MHz,Free=3206MB,PLS=0,Temp=30.0C/0.0C,TW=0.83ms,App=2.65ms,GD=0.00ms,CPU&GPU=5.04ms,LCnt=1(DR47,LM0),GPU%=0.27,CPU%=0.37(W0.42),DSF=1.00,CFL=19.69/21.44
11-03 22:38:30.169  2968  3122 I GuardianControllerCollisionTracker: Guardian Controller Collision: Magnitude: 79.017, Duration: 0.004 sec, TimeStamp: 17687.449219 sec
11-03 22:38:30.334  1656 26294 W ContextImpl: Calling a method in the system process without a qualified user: android.app.ContextImpl.sendBroadcast:1057 android.content.ContextWrapper.sendBroadcast:448 X.o0.A00:133 X.nZ.A00:17 X.nZ.handleMessage:91 
11-03 22:38:31.002 25954 26271 I VrApi   : FPS=70/72,Prd=59ms,Tear=0,Early=69,Stale=3,VSnc=1,Lat=1,Fov=0,CPU4/GPU=2/3,1171/490MHz,OC=FF,TA=0/70/70,SP=N/F/F,Mem=1804MHz,Free=3206MB,PLS=0,Temp=30.0C/0.0C,TW=0.83ms,App=2.70ms,GD=0.00ms,CPU&GPU=5.69ms,LCnt=1(DR72,LM0),GPU%=0.27,CPU%=0.33(W0.40),DSF=1.00,CFL=19.61/21.46
11-03 22:38:31.306 25954 25985 I VrRuntimeClient: SyncInternalGuardianState: GetGuardianPolygon: 0
11-03 22:38:31.328  1457  2762 E TREX    : Interface version 1 was not found. Check debug build for more information.
11-03 22:38:31.432  1457 26175 I CompositorVR: SetSchedFifo( tid=25985, pol=2, pri=0 ) succeeded
11-03 22:38:31.432  1457 26175 I CompositorVR: SetSchedFifo( tid=26062, pol=2, pri=0 ) succeeded
11-03 22:38:31.432  1457 26175 I CompositorVR: SetSchedFifo( tid=26282, pol=2, pri=0 ) succeeded
11-03 22:38:31.710  1457 26175 I CompositorVR: SetSchedFifo( tid=25985, pol=3, pri=0 ) succeeded
11-03 22:38:31.710  1457 26175 I CompositorVR: SetSchedFifo( tid=26062, pol=3, pri=0 ) succeeded
11-03 22:38:31.710  1457 26175 I CompositorVR: SetSchedFifo( tid=26282, pol=3, pri=0 ) succeeded
11-03 22:38:32.002 25954 26271 I VrApi   : FPS=72/72,Prd=60ms,Tear=0,Early=72,Stale=0,VSnc=1,Lat=1,Fov=0,CPU4/GPU=2/3,1171/490MHz,OC=FF,TA=0/70/70,SP=N/F/F,Mem=2092MHz,Free=3206MB,PLS=0,Temp=30.0C/0.0C,TW=0.83ms,App=2.65ms,GD=0.00ms,CPU&GPU=5.08ms,LCnt=1(DR72,LM0),GPU%=0.07,CPU%=0.39(W0.96),DSF=1.00,CFL=19.70/21.36
11-03 22:38:33.008 25954 26271 I VrApi   : FPS=46/72,Prd=60ms,Tear=0,Early=45,Stale=27,VSnc=1,Lat=1,Fov=0,CPU4/GPU=2/3,1171/490MHz,OC=FF,TA=0/70/70,SP=N/F/F,Mem=2092MHz,Free=3206MB,PLS=0,Temp=30.0C/0.0C,TW=0.82ms,App=2.87ms,GD=0.00ms,CPU&GPU=11.31ms,LCnt=1(DR72,LM0),GPU%=0.28,CPU%=0.30(W0.36),DSF=1.00,CFL=19.65/21.57
11-03 22:38:33.559  2968  3122 W OsSdk   : Requested historical tracking state too far in the past; oldest: 17690.561944s, requested: 17685.415996s
11-03 22:38:33.879  2968  3122 I GuardianControllerCollisionTracker: Guardian Controller Collision: Magnitude: 56.456, Duration: 0.002 sec, TimeStamp: 17691.138672 sec
11-03 22:38:33.978 25954 25985 D UE4     : EngineMemoryWarningHandler: Mem Used 198.23 MB, Texture Memory 11.67 MB, Render Target memory 146.32 MB, OS Free 3215.00 MB
11-03 22:38:34.004 25954 26271 I VrApi   : FPS=72/72,Prd=60ms,Tear=0,Early=72,Stale=0,VSnc=1,Lat=1,Fov=0,CPU4/GPU=2/3,1171/490MHz,OC=FF,TA=0/70/70,SP=N/F/F,Mem=2092MHz,Free=3206MB,PLS=0,Temp=30.0C/0.0C,TW=0.79ms,App=2.68ms,GD=0.00ms,CPU&GPU=5.48ms,LCnt=1(DR72,LM0),GPU%=0.27,CPU%=0.25(W0.29),DSF=1.00,CFL=19.61/21.53
11-03 22:38:34.279 25954 25987 D UE4     : [GameActivity] Used memory: 396978 (VmRSS:	  205932 kB)
11-03 22:38:34.677  2189  2592 W DeviceConfigUtil: Try to get config param "oculus_shared_social:oculus_messenger_reauth_removal" before Device Config has subscribed to the service.
11-03 22:38:35.002 25954 26271 I VrApi   : FPS=72/72,Prd=60ms,Tear=0,Early=72,Stale=0,VSnc=1,Lat=1,Fov=0,CPU4/GPU=2/3,1171/490MHz,OC=FF,TA=0/70/70,SP=N/F/F,Mem=2092MHz,Free=3206MB,PLS=0,Temp=30.0C/0.0C,TW=0.78ms,App=2.53ms,GD=0.00ms,CPU&GPU=5.21ms,LCnt=1(DR72,LM0),GPU%=0.26,CPU%=0.26(W0.33),DSF=1.00,CFL=19.72/21.84
11-03 22:38:35.419  2968  3122 I GuardianControllerCollisionTracker: Guardian Controller Collision: Magnitude: 6.146, Duration: -1.000 sec, TimeStamp: 17692.671875 sec
11-03 22:38:35.659  1457  3120 I VrRuntimeService: RuntimeServiceSDKServer::SetGuardianSystemState: 2301990189
11-03 22:38:35.659  2968  3122 I GuardianSystem: UpdateGuardianSystemState: Flags changed: 524288, 532480, SYSTEM_GUARDIAN_VALID to SYSTEM_GUARDIAN_VISIBLE,SYSTEM_GUARDIAN_VALID
11-03 22:38:35.668  2968  3122 W GuardianOpenXrMgr: @@@ wait frame retry=10 dtWait=0.000001 dtFrame=7.573558 submittedFrameIndex=56916
11-03 22:38:35.679  1457 26175 I CompositorProgs: [0x7c46d41ef8] Built layerProgram 0:0x100000048002:0x0 in 5.8 ms
11-03 22:38:35.680  1457 26175 I CompositorVR: SetSchedFifo( tid=3122, pol=5, pri=1 ) succeeded
11-03 22:38:35.681  1457 26175 I CompositorVR: SetSchedFifo( tid=3329, pol=5, pri=1 ) succeeded
11-03 22:38:35.681  1457 26175 I CompositorVR: SetSchedFifo( tid=3388, pol=5, pri=1 ) succeeded
11-03 22:38:36.004 25954 26271 I VrApi   : FPS=72/72,Prd=59ms,Tear=0,Early=72,Stale=0,VSnc=1,Lat=1,Fov=0,CPU4/GPU=2/3,1171/490MHz,OC=FF,TA=0/70/70,SP=N/F/F,Mem=2092MHz,Free=3206MB,PLS=0,Temp=30.0C/0.0C,TW=0.76ms,App=2.59ms,GD=0.00ms,CPU&GPU=5.45ms,LCnt=1(DR72,LM0),GPU%=0.24,CPU%=0.28(W0.30),DSF=1.00,CFL=19.75/22.10
11-03 22:38:37.006 25954 26271 I VrApi   : FPS=69/72,Prd=60ms,Tear=0,Early=68,Stale=3,VSnc=1,Lat=1,Fov=0,CPU4/GPU=2/3,1171/490MHz,OC=FF,TA=0/70/70,SP=N/F/F,Mem=2092MHz,Free=3206MB,PLS=0,Temp=30.0C/0.0C,TW=1.66ms,App=2.69ms,GD=0.12ms,CPU&GPU=4.73ms,LCnt=2(DR52,LM2),GPU%=0.35,CPU%=0.34(W0.36),DSF=1.00,CFL=19.85/22.11
11-03 22:38:37.227  1457  3120 I VrRuntimeService: RuntimeServiceSDKServer::SetGuardianSystemState: 2301990189
11-03 22:38:37.227  2968  3122 I GuardianSystem: UpdateGuardianSystemState: Flags changed: 532480, 524288, SYSTEM_GUARDIAN_VISIBLE,SYSTEM_GUARDIAN_VALID to SYSTEM_GUARDIAN_VALID
11-03 22:38:37.391  1457 26175 I CompositorVR: SetSchedFifo( tid=3122, pol=2, pri=0 ) succeeded
11-03 22:38:37.391  1457 26175 I CompositorVR: SetSchedFifo( tid=3329, pol=2, pri=0 ) succeeded
11-03 22:38:37.391  1457 26175 I CompositorVR: SetSchedFifo( tid=3388, pol=2, pri=0 ) succeeded
11-03 22:38:37.915   865 26118 I chatty  : uid=1000(system) IOTcam expire 18 lines
11-03 22:38:38.004 25954 26271 I VrApi   : FPS=72/72,Prd=59ms,Tear=0,Early=72,Stale=0,VSnc=1,Lat=1,Fov=0,CPU4/GPU=2/3,1171/490MHz,OC=FF,TA=0/70/70,SP=N/F/F,Mem=2092MHz,Free=3206MB,PLS=0,Temp=30.0C/0.0C,TW=0.77ms,App=2.55ms,GD=0.00ms,CPU&GPU=5.38ms,LCnt=2(DR0,LM2),GPU%=0.26,CPU%=0.18(W0.20),DSF=1.00,CFL=19.71/21.57
11-03 22:38:38.738   865  1200 I chatty  : uid=1000(system) Mapper expire 10 lines
11-03 22:38:38.843  2968  3122 W OsSdk   : Requested historical tracking state too far in the past; oldest: 17695.843226s, requested: 17694.591547s
11-03 22:38:39.003 25954 26271 I VrApi   : FPS=72/72,Prd=60ms,Tear=0,Early=72,Stale=0,VSnc=1,Lat=1,Fov=0,CPU4/GPU=2/3,1171/490MHz,OC=FF,TA=0/70/70,SP=N/F/F,Mem=2092MHz,Free=3206MB,PLS=0,Temp=30.0C/0.0C,TW=0.77ms,App=2.59ms,GD=0.00ms,CPU&GPU=5.05ms,LCnt=1(DR51,LM0),GPU%=0.26,CPU%=0.31(W0.38),DSF=1.00,CFL=19.62/21.63
11-03 22:38:40.003 25954 26271 I VrApi   : FPS=72/72,Prd=60ms,Tear=0,Early=72,Stale=0,VSnc=1,Lat=1,Fov=0,CPU4/GPU=2/3,1171/490MHz,OC=FF,TA=0/70/70,SP=N/F/F,Mem=2092MHz,Free=3206MB,PLS=0,Temp=30.0C/0.0C,TW=0.78ms,App=2.77ms,GD=0.00ms,CPU&GPU=5.01ms,LCnt=1(DR72,LM0),GPU%=0.28,CPU%=0.36(W0.40),DSF=1.00,CFL=19.72/21.34
11-03 22:38:41.003 25954 26271 I VrApi   : FPS=72/72,Prd=59ms,Tear=0,Early=72,Stale=0,VSnc=1,Lat=1,Fov=0,CPU4/GPU=2/3,1171/490MHz,OC=FF,TA=0/70/70,SP=N/F/F,Mem=2092MHz,Free=3206MB,PLS=0,Temp=30.0C/0.0C,TW=0.79ms,App=2.71ms,GD=0.00ms,CPU&GPU=5.04ms,LCnt=1(DR72,LM0),GPU%=0.27,CPU%=0.38(W0.42),DSF=1.00,CFL=19.78/21.92
11-03 22:38:41.338  1457  2762 E TREX    : Interface version 1 was not found. Check debug build for more information.
11-03 22:38:41.728  1776  2047 D DeviceCertLibrary: verifyKeyForCurrentSecureState for device_registration_key returned status: 0
11-03 22:38:41.732  1776  2047 D DeviceCertLibrary: containsAlias for device_registration_key received status: 0
11-03 22:38:42.004 25954 26271 I VrApi   : FPS=72/72,Prd=59ms,Tear=0,Early=72,Stale=0,VSnc=1,Lat=1,Fov=0,CPU4/GPU=2/3,1171/490MHz,OC=FF,TA=0/70/70,SP=N/F/F,Mem=2092MHz,Free=3206MB,PLS=0,Temp=30.0C/0.0C,TW=0.78ms,App=2.70ms,GD=0.00ms,CPU&GPU=4.99ms,LCnt=1(DR72,LM0),GPU%=0.27,CPU%=0.38(W0.45),DSF=1.00,CFL=19.75/21.65
11-03 22:38:43.005 25954 26271 I VrApi   : FPS=72/72,Prd=59ms,Tear=0,Early=72,Stale=0,VSnc=1,Lat=1,Fov=0,CPU4/GPU=2/3,1171/490MHz,OC=FF,TA=0/70/70,SP=N/F/F,Mem=2092MHz,Free=3206MB,PLS=0,Temp=30.0C/0.0C,TW=0.79ms,App=2.76ms,GD=0.00ms,CPU&GPU=4.94ms,LCnt=1(DR72,LM0),GPU%=0.28,CPU%=0.30(W0.32),DSF=1.00,CFL=19.86/21.95
11-03 22:38:43.778   865 26134 I chatty  : uid=1000(system) CtrllrCam expire 2 lines
11-03 22:38:43.978  2968  3122 W OsSdk   : Requested historical tracking state too far in the past; oldest: 17700.981068s, requested: 17694.591547s
11-03 22:38:44.004 25954 26271 I VrApi   : FPS=72/72,Prd=59ms,Tear=0,Early=72,Stale=0,VSnc=1,Lat=1,Fov=0,CPU4/GPU=2/3,1171/490MHz,OC=FF,TA=0/70/70,SP=N/F/F,Mem=2092MHz,Free=3206MB,PLS=0,Temp=30.0C/0.0C,TW=0.78ms,App=2.72ms,GD=0.00ms,CPU&GPU=5.08ms,LCnt=1(DR72,LM0),GPU%=0.27,CPU%=0.26(W0.36),DSF=1.00,CFL=19.64/21.93
11-03 22:38:44.494  2622 26332 W OVRLibrary: null cursor received for query content://com.oculus.ocms.library/apps/com.YourCompany.TemplateProject2
11-03 22:38:44.591 25954 25987 D UE4     : [GameActivity] Used memory: 399559 (VmRSS:	  203548 kB)
11-03 22:38:45.001   865 20341 I chatty  : uid=1000(system) CtrlTracking expire 5 lines
11-03 22:38:45.004 25954 26271 I VrApi   : FPS=72/72,Prd=59ms,Tear=0,Early=72,Stale=0,VSnc=1,Lat=1,Fov=0,CPU4/GPU=2/3,1171/490MHz,OC=FF,TA=0/70/70,SP=N/F/F,Mem=2092MHz,Free=3206MB,PLS=0,Temp=30.0C/0.0C,TW=0.78ms,App=2.62ms,GD=0.00ms,CPU&GPU=4.95ms,LCnt=1(DR72,LM0),GPU%=0.27,CPU%=0.21(W0.26),DSF=1.00,CFL=19.79/22.48
11-03 22:38:46.004 25954 26271 I VrApi   : FPS=72/72,Prd=60ms,Tear=0,Early=72,Stale=0,VSnc=1,Lat=1,Fov=0,CPU4/GPU=2/3,1171/490MHz,OC=FF,TA=0/70/70,SP=N/F/F,Mem=2092MHz,Free=3206MB,PLS=0,Temp=30.0C/0.0C,TW=0.78ms,App=2.59ms,GD=0.00ms,CPU&GPU=5.06ms,LCnt=1(DR72,LM0),GPU%=0.26,CPU%=0.21(W0.29),DSF=1.00,CFL=19.97/21.60
11-03 22:38:46.107  2189  2592 W DeviceConfigUtil: Try to get config param "oculus_shared_social:oculus_messenger_reauth_removal" before Device Config has subscribed to the service.
11-03 22:38:46.773  1056  2863 D WificondControl: Scan result ready event
11-03 22:38:46.793  1056  1255 D WificondScannerImpl: Filtering out 23 scan results.
11-03 22:38:46.901  2968  3122 I GuardianControllerCollisionTracker: Guardian Controller Collision: Magnitude: 48.239, Duration: 0.002 sec, TimeStamp: 17704.166016 sec
11-03 22:38:47.004 25954 26271 I VrApi   : FPS=72/72,Prd=60ms,Tear=0,Early=72,Stale=0,VSnc=1,Lat=1,Fov=0,CPU4/GPU=2/3,1171/490MHz,OC=FF,TA=0/70/70,SP=N/F/F,Mem=2092MHz,Free=3206MB,PLS=0,Temp=30.0C/0.0C,TW=0.79ms,App=2.63ms,GD=0.00ms,CPU&GPU=4.94ms,LCnt=1(DR72,LM0),GPU%=0.27,CPU%=0.20(W0.32),DSF=1.00,CFL=19.80/21.59
11-03 22:38:47.178   586   611 I SyncBossFW: 17701697 [info   ] {PERF}: cpu load cur=0.4552 min=0.0511 max=0.4835 avg=0.2383
11-03 22:38:47.178  2968  3122 I GuardianControllerCollisionTracker: Guardian Controller Collision: Magnitude: 31.263, Duration: -1.000 sec, TimeStamp: 17704.419922 sec
11-03 22:38:47.539  2968  3122 I GuardianControllerCollisionTracker: Guardian Controller Collision: Magnitude: 8.022, Duration: -1.000 sec, TimeStamp: 17704.769531 sec
11-03 22:38:47.658  2968  3385 I Telemetry: App memory usage: PSS=36 MiB, PrivateDirty=25 MiB, PrivateClean=5 MiB, GPU=3.8/4.0 MiB (96% allocated)
11-03 22:38:48.004 25954 26271 I VrApi   : FPS=71/72,Prd=60ms,Tear=0,Early=70,Stale=1,VSnc=1,Lat=1,Fov=0,CPU4/GPU=2/3,1171/490MHz,OC=FF,TA=0/70/70,SP=N/F/F,Mem=2092MHz,Free=3206MB,PLS=0,Temp=30.0C/0.0C,TW=0.79ms,App=2.62ms,GD=0.00ms,CPU&GPU=5.01ms,LCnt=1(DR72,LM0),GPU%=0.26,CPU%=0.24(W0.36),DSF=1.00,CFL=19.60/21.75
11-03 22:38:48.035   865 26118 I chatty  : uid=1000(system) IOTcam expire 1 line
11-03 22:38:48.397   865 20341 I [CT]    : INPUT_TRACKING:Behavior:NearHeadMoving: [Left] activated
11-03 22:38:48.397   865 20341 I [CT]    : INPUT_TRACKING:Behavior:NearHeadMoving: [Left] using reliablePoseInWorld
11-03 22:38:48.397   865 20341 I [CT]    : INPUT_TRACKING:ControllerMotionModel: [Left] t = 17702.915s, behavior transition: None -> NearHeadMoving
11-03 22:38:48.415   865 26134 I [CT]    : CONSTELLATION: L: Not reinitializing 6DoF filter yet (no valid pose from matching).
11-03 22:38:48.535   865 26118 W [CT]    : VEGA:MAP_TRACKING_HM: [Throttled count=23] Bad map tracking: map tracking failed @ Submap id = 2, version = 1208920230 with status: 2
11-03 22:38:48.806   865 20293 I [CT]    : boltlib: DSP utilization: 7.75 % (387 / 5002 ms)
11-03 22:38:49.004 25954 26271 I VrApi   : FPS=72/72,Prd=60ms,Tear=0,Early=72,Stale=0,VSnc=1,Lat=1,Fov=0,CPU4/GPU=2/3,1171/490MHz,OC=FF,TA=0/70/70,SP=N/F/F,Mem=2092MHz,Free=3206MB,PLS=0,Temp=30.0C/0.0C,TW=0.76ms,App=2.52ms,GD=0.00ms,CPU&GPU=4.92ms,LCnt=1(DR72,LM0),GPU%=0.26,CPU%=0.28(W0.30),DSF=1.00,CFL=19.70/21.68
11-03 22:38:49.099  2968  3122 W OsSdk   : Requested historical tracking state too far in the past; oldest: 17706.100999s, requested: 17694.591547s
11-03 22:38:49.536   865 26118 W [CT]    : VEGA:MAP_TRACKING_HM: [Throttled count=20] Bad map tracking: map tracking failed @ Submap id = 2, version = 1208920230 with status: 1
11-03 22:38:49.665  1817  3374 I Telemetry: App memory usage: PSS=28 MiB, PrivateDirty=22 MiB, PrivateClean=1 MiB, GPU=4.4/4.6 MiB (96% allocated)
11-03 22:38:49.689   865 20341 D TrackingService: [HANDTRACKING] Controller 729165a0fe4054d7 in hand: N, valid: Y
11-03 22:38:50.008 25954 26271 I Telemetry: App memory usage: PSS=390 MiB, PrivateDirty=239 MiB, PrivateClean=136 MiB, GPU=101.9/102.0 MiB (100% allocated)
