11-03 22:38:50.012 25954 26271 I VrApi   : FPS=72/72,Prd=60ms,Tear=0,Early=72,Stale=0,VSnc=1,Lat=1,Fov=0,CPU4/GPU=2/3,1171/490MHz,OC=FF,TA=0/70/70,SP=N/F/F,Mem=2092MHz,Free=3260MB,PLS=0,Temp=30.0C/0.0C,TW=0.76ms,App=2.61ms,GD=0.00ms,CPU&GPU=4.88ms,LCnt=1(DR72,LM0),GPU%=0.26,CPU%=0.37(W0.50),DSF=1.00,CFL=19.72/21.46
11-03 22:38:50.035   865 26118 W [CT]    : TIMESTAMPCHECKER: Nominal rate wrong. Estimated data rate: 25, Nominal is 30.000300003000028
11-03 22:38:50.235   865 20341 I [CT]    : CONSTELLATION: R: Detected IMU motion => Leaving static state.
11-03 22:38:50.249   865 20341 D TrackingService: [HANDTRACKING] Controller 729165a0fe4054d7 in hand: Y, valid: Y
11-03 22:38:50.416   865 26134 I [CT]    : CONSTELLATION: L: Not reinitializing 6DoF filter yet (no valid pose from matching).
11-03 22:38:50.525   865 20341 I [CT]    : CONSTELLATION: R: Detected static IMU, no button event and has tracked position => Applying constant controller pose.
11-03 22:38:50.538   865 26118 W [CT]    : VEGA:MAP_TRACKING_HM: [Throttled count=24] Bad map tracking: map tracking failed @ Submap id = 2, version = 1208920230 with status: 1
11-03 22:38:50.549   865 20341 I [CT]    : CONSTELLATION: R: Detected IMU motion => Leaving static state.
11-03 22:38:50.697   865 26118 I [CT]    : VIPER: Mode=SuperVega,Status=6DoF,TRACKING,Inl=31,Mem=79.6,Jit=0.4mm,Issues(Cam/min=0.0,IMU/min=0.0),Exp=(14.0ms,g=15.0,I=63,Ir=300.0)(14.0ms,g=15.0,I=55,Ir=264.7)(14.0ms,g=15.0,I=55,Ir=262.3)(14.0ms,g=15.0,I=62,Ir=296.1)
11-03 22:38:50.698   865 26118 W [CT]    : VIPER: Images too dark, 
11-03 22:38:50.737   865  1200 I [CT]    : VEGA_MAPPER:SubmapTrackingValidator: Pausing map building until validation is complete. 5.039999999999999 seconds remaining
11-03 22:38:51.004 25954 26271 I VrApi   : FPS=72/72,Prd=60ms,Tear=0,Early=72,Stale=0,VSnc=1,Lat=1,Fov=0,CPU4/GPU=2/3,1171/490MHz,OC=FF,TA=0/70/70,SP=N/F/F,Mem=2092MHz,Free=3260MB,PLS=0,Temp=30.0C/0.0C,TW=0.77ms,App=2.60ms,GD=0.00ms,CPU&GPU=4.97ms,LCnt=1(DR72,LM0),GPU%=0.26,CPU%=0.33(W0.50),DSF=1.00,CFL=19.78/21.53
11-03 22:38:51.029  1457  2762 I ServiceInputManager: system button SetHomeButtonDownState 17708.3
11-03 22:38:51.029  1457  2762 I ServiceInputManager: system button down, should reset recenter timer
11-03 22:38:51.029  1457  2762 I ServiceInputManager: HOME BUTTON shared state changed:  hardware ID 8255491334081631447  UpdateCount: 1 
11-03 22:38:51.029  1457  2762 I RecenterTimer: UpdateTimerData(17708.82 17709.32)
11-03 22:38:51.182  1457  2762 I ServiceInputManager: system button SetHomeButtonUpState 17708.5
11-03 22:38:51.182  1457  2762 I ServiceInputManager: HOME BUTTON shared state changed:  hardware ID 8255491334081631447  UpdateCount: 2 
11-03 22:38:51.182  1457  2762 I RecenterTimer: UpdateTimerData(-1.00 -1.00)
11-03 22:38:51.349  1457  2762 E TREX    : Interface version 1 was not found. Check debug build for more information.
11-03 22:38:51.433  1457  2762 I ServiceInputManager: short system button press 17708.719480
11-03 22:38:51.433  1457  2762 I ServiceInputManager: system event from short press 17708.719480
11-03 22:38:51.433  1457  2762 I ServiceInputManager: ServiceInputManager::FireSystemButtonEvent queueing launch intent from service
11-03 22:38:51.433  1457  2762 I ServiceInputManager: ServiceInputManager::FireSystemButtonEvent 'com.YourCompany.TemplateProject2' Transition Type: 1
11-03 22:38:51.433  1457  2762 I RecenterTimer: UpdateTimerData(-1.00 -1.00)
11-03 22:38:51.447  1457  2762 I ServiceInputManager: ServiceInputManager::ProcessSystemButtonEvent launching intent from service 'com.YourCompany.TemplateProject2' 1
11-03 22:38:51.447  1457  2762 I ServiceInputManager: ServiceInputManager::ProcessSystemButtonEvent transitioning with a memory of the app name
11-03 22:38:51.447  1457  2762 I SystemUtils_Internal: ovrSystemUtils::StartAnytimeUI: confirmQuit
11-03 22:38:51.447  1457  2762 D SystemUtils: sendBroadcastIntent - action: 'com.oculus.vrshell.intent.action.LAUNCH' data: 'systemux://dialog/exit'intent_pkg: com.YourCompany.TemplateProject2
11-03 22:38:51.450  1457  2762 D SystemUtils: VR Shell isn't running.
11-03 22:38:51.477  2326  2326 I chatty  : uid=10020(com.oculus.vrshell) ShellOverlayMai expire 20 lines
11-03 22:38:51.512  1056  2863 E WindowManager: App trying to use insecure INPUT_FEATURE_NO_INPUT_CHANNEL flag. Ignoring
11-03 22:38:51.515  1457  1457 I ClientMgr: FocusedWindowChanged: found matching overlay client: 920729198
11-03 22:38:51.515  1457  1457 I ClientMgr: FocusedClient changed.
11-03 22:38:51.515  1457  1457 I ClientMgr: ClientMgr::SetFocusedClient: 2326:com.oculus.vrshell type 1
11-03 22:38:51.515  1457  1457 I ClientMgr: SetFocusedPackageName - packageName com.oculus.vrshell processName com.oculus.vrshell:Overlay clientId 920729198 clientPid 2326
11-03 22:38:51.515  1457  1457 I VrRuntimeService: RuntimeIPC: SendFocusChangeEventToAllClients: PostClientEvent SUCCESS: com.YourCompany.TemplateProject2:com.YourCompany.TemplateProject2:25954, com.oculus.vrshell, com.oculus.vrshell:Overlay
11-03 22:38:51.515  1457  1457 I VrRuntimeService: RuntimeIPC: SendFocusChangeEventToAllClients: PostClientEvent SUCCESS: com.oculus.shellenv:com.oculus.shellenv:2112, com.oculus.vrshell, com.oculus.vrshell:Overlay
11-03 22:38:51.515  1457  1457 I VrRuntimeService: RuntimeIPC: SendFocusChangeEventToAllClients: PostClientEvent SUCCESS: com.oculus.vrshell:com.oculus.vrshell:3121, com.oculus.vrshell, com.oculus.vrshell:Overlay
11-03 22:38:51.515  1457  1457 I VrRuntimeService: RuntimeIPC: SendFocusChangeEventToAllClients: PostClientEvent SUCCESS: com.oculus.mrservice:com.oculus.mrservice:1817, com.oculus.vrshell, com.oculus.vrshell:Overlay
11-03 22:38:51.515  1457  1457 I VrRuntimeService: RuntimeIPC: SendFocusChangeEventToAllClients: PostClientEvent SUCCESS: com.oculus.guardian:com.oculus.vrguardianservice:2968, com.oculus.vrshell, com.oculus.vrshell:Overlay
11-03 22:38:51.515  1457  1457 I VrRuntimeService: RuntimeIPC: SendFocusChangeEventToAllClients: PostClientEvent SUCCESS: com.oculus.vrshell:com.oculus.vrshell:Overlay:2326, com.oculus.vrshell, com.oculus.vrshell:Overlay
11-03 22:38:51.517  1457  2762 I PerformanceManager_V0: SetClockLevels: Apply pending clock request change: 2,3 -> 4,4
11-03 22:38:51.517  1457  2755 I Clocks  : ReleaseClocks - start
11-03 22:38:51.519  1457  2755 I Clocks  : ReleaseClocks - end (1.7 ms)
11-03 22:38:51.519  1457  2755 I Clocks  : LockClocks( cpu=4, gpu=4 ) - start
11-03 22:38:51.520  1457  2755 I Clocks  : CPU levels [0, 4]
11-03 22:38:51.520  1457  2755 I Clocks  : GPU levels [0, 5]
11-03 22:38:51.521 25954 26062 I VrRuntimeClient: Client has lost focus.
11-03 22:38:51.521  1457  2755 I Clocks  : LockClocks( cpu=4, gpu=4 ) - end (2.3 ms)
11-03 22:38:51.521  3593  3593 I chatty  : uid=10026 com.oculus.systemux:SystemUX expire 7 lines
11-03 22:38:51.524   865  1039 W TrackingService: attachClient: found client in attached list
11-03 22:38:51.525 25954 26279 E OsSdk   : error getting shared memory region, memory type: Controller, failed with Status(-1, EX_SECURITY): 'requested shared memory region when not registered/focused'
11-03 22:38:51.531   865  1039 W TrackingService: attachClient: found client in attached list
11-03 22:38:51.531   865  1039 D TrackingService: getSharedMemory: com.oculus.systemdriver, Controller
11-03 22:38:51.540   865 26118 W [CT]    : VEGA:MAP_TRACKING_HM: [Throttled count=24] Bad map tracking: map tracking failed @ Submap id = 2, version = 1208920230 with status: 2
11-03 22:38:51.542   865  1039 W TrackingService: attachClient: found client in attached list
11-03 22:38:51.543   865  1039 D TrackingService: getSharedMemory: com.oculus.guardian, Controller
11-03 22:38:51.549  2326  2869 I chatty  : uid=10020(com.oculus.vrshell) ShellOverlayVR expire 76 lines
11-03 22:38:51.553  2189  2642 W OVRLibrary: null cursor received for query content://com.oculus.ocms.library/apps/com.oculus.vrshell
11-03 22:38:51.555   838   838 E CalibrationProvider: loadCalibration(LDISP_SN) failed: Calibration store didn't load any info
11-03 22:38:51.558   865  1039 W TrackingService: attachClient: found client in attached list
11-03 22:38:51.560   865  1039 D TrackingService: getSharedMemory: com.oculus.vrshell, Controller
11-03 22:38:51.561  2326 26346 I chatty  : uid=10020(com.oculus.vrshell) ShellOverlayMai expire 5 lines
11-03 22:38:51.563   838   838 E CalibrationProvider: loadCalibration(RDISP_SN) failed: Calibration store didn't load any info
11-03 22:38:51.576  2189  2189 W OVRLibrary: null cursor received for query content://com.oculus.ocms.library/apps/com.YourCompany.TemplateProject2
11-03 22:38:51.576  2189  2189 I OVRMediaServiceManager: Sending onAppStart (com.YourCompany.TemplateProject2) to SocialPlatform (com.oculus.socialplatform)
11-03 22:38:51.585   838   838 E CalibrationProvider: loadCalibration(LDISP_SN) failed: Calibration store didn't load any info
11-03 22:38:51.586   838   838 E CalibrationProvider: loadCalibration(RDISP_SN) failed: Calibration store didn't load any info
11-03 22:38:51.588 25954 25986 D UE4     : [2022.11.03-22.38.51:588][665]LogAndroid: Case APP_CMD_LOST_FOCUS
11-03 22:38:51.588 25954 25986 D UE4     : LogAndroidEvents::EnqueueAppEvent : 10, [width=-1, height=-1], tid = 25986, APP_EVENT_STATE_WINDOW_LOST_FOCUS
11-03 22:38:51.590 25954 25985 D UE4     : [2022.11.03-22.38.51:590][665]LogAndroidEvents: Display: LogAndroidEvents::DequeueAppEvent : 10, [width=-1, height=-1], APP_EVENT_STATE_WINDOW_LOST_FOCUS
11-03 22:38:51.590 25954 25985 D UE4     : FAppEventManager::Tick processing, 10
11-03 22:38:51.615  1457  2786 I VrRuntimeService: RuntimeServiceSDKServer::EnableRendering: 0x0, 0, com.oculus.vrshell:Overlay
11-03 22:38:51.615  1457  2786 I ClientMgr: EnableRendering2: invalid clientWindow, testing uid/pid
11-03 22:38:51.615  1457  2786 I ClientMgr: EnableRendering2: matched uid: 10020 and pid: 2326 
11-03 22:38:51.615  1457  2786 I ClientMgr: EnableRendering2: Calling SetFocusedClient: 920729198
11-03 22:38:51.615  1457  2786 I ClientMgr: ClientMgr::SetFocusedClient: 2326:com.oculus.vrshell type 1
11-03 22:38:51.615  1457  2786 I ClientMgr: SetFocusedPackageName - packageName com.oculus.vrshell processName com.oculus.vrshell:Overlay clientId 920729198 clientPid 2326
11-03 22:38:51.615  1457  2786 I ClientMgr: ClientMgr::EnableRendering 2326:com.oculus.vrshell : type 1 comp-id 2: enable
11-03 22:38:51.615  1457  2786 I CompositorClientMgr: Enable client 2
11-03 22:38:51.615  1457  2786 I VrRuntimeServer: EnableCompositorClient client(2): layer placement(2147483647) flags(0) sm(0x7bb0504010)
11-03 22:38:51.615  1457  2786 I CompositorVR: CheckDebuggerConnected: debugger 0
11-03 22:38:51.615  1457  2786 I VrRuntimeServer: SysProp debug mode is disabled on Server side
11-03 22:38:51.626  1457  2786 I UnifiedTelemetryWrapper: Started UT session render:com.oculus.vrshell:Overlay
11-03 22:38:51.627  1817  3311 I [CT]    : MIXEDREALITY: MrFeatureStatus: Client status changed from Paused to Started.
11-03 22:38:51.627  1817  3311 I [CT]    : MIXEDREALITY: MrFeatureStatus: Target status Started, CurrentStatus: Paused
11-03 22:38:51.627  1817  3311 I [CT]    : MIXEDREALITY: MrFeatureStatus: Operation chain: Start
11-03 22:38:51.628  1817  3311 I [CT]    : MIXEDREALITY: MrFeatureStatus: Global status changed from Paused to Started.
11-03 22:38:51.628  1817  3311 I [CT]    : MIXEDREALITY: MrServiceController: Queuing command linked to operation Start for feature 0
11-03 22:38:51.628  1817  3287 I [CT]    : MIXEDREALITY: MrServiceView: renderIteration: (every 10 seconds), screen is: ON, PT is: OFF, ID is: OFF
11-03 22:38:51.628  1817  3287 I [CT]    : MIXEDREALITY: MrServiceController: Executing passthroughStart on model
11-03 22:38:51.628  1817  3287 I [CT]    : MIXEDREALITY: MrServiceModel: passthroughStart()
11-03 22:38:51.628  1817  3287 I [CT]    : MIXEDREALITY: MrServiceModel: passthroughStart: Started Passthrough
11-03 22:38:51.628  1817  3287 I [CT]    : MIXEDREALITY: MrServiceModel: commitLayerState: PassthroughMode: none.
11-03 22:38:51.631  1817  3287 I [CT]    : MIXEDREALITY: MrServiceView: renderIteration: Nothing to render, hibernating the rendering thread since ID is off and no active PT layers.
11-03 22:38:51.631  1817  3287 I [CT]    : MIXEDREALITY: MrServiceModel: Hibernating caller (most likely rendering thread) due to commandQueue being empty.
11-03 22:38:51.641  3593 26201 I chatty  : uid=10026 com.oculus.systemux:SystemUX expire 5 lines
11-03 22:38:51.642  1457  2762 I ServiceInputManager: InhibitHandleHomeKey has changed on the service. New value: 1
11-03 22:38:51.646   736  4466 I audio_hw_primary: getting vr mode to 0
11-03 22:38:51.651   756  1004 I AudioPolicyManagerCustom: VR mode is 0, switch to primary output if request is for fast|raw
11-03 22:38:51.655   756  1004 W AudioFlinger: createTrack_l(): mismatch between requested flags (00000104) and output flags (00000006)
11-03 22:38:51.655   756  1004 D AudioFlinger: Client defaulted notificationFrames to 192 for frameCount 384
11-03 22:38:51.656   756  1004 D AF::TrackHandle: OpPlayAudio: track:214 uid:10020 pkg:com.oculus.vrshell usage:1 not muted
11-03 22:38:51.665  1513  1513 V AvrcpMediaPlayerList: onPlaybackConfigChanged(): Configs list size=7
11-03 22:38:51.666  1745  1745 D OculusNotificationListenerService: Notification posted: 0|android|0|com.android.server.wm.AlertWindowNotification - com.oculus.vrshell|1000
11-03 22:38:51.674  2326 26349 I chatty  : uid=10020(com.oculus.vrshell) ShellOverlayMai expire 3 lines
11-03 22:38:51.683  2326 26351 I chatty  : uid=10020(com.oculus.vrshell) ShellOverlayMai expire 2 lines
11-03 22:38:51.684  1513  1513 V AvrcpMediaPlayerList: onPlaybackConfigChanged(): Configs list size=7
11-03 22:38:51.685  1513  1513 V AvrcpMediaPlayerList: onPlaybackConfigChanged(): Configs list size=7
11-03 22:38:51.690   736  4466 D msm8974_platform: platform_split_snd_device: snd_device(2) num devices(1) new_snd_devices(0)
11-03 22:38:51.690   736  4466 D ACDB-LOADER: ACDB -> send_audvoltable
11-03 22:38:51.690   736  4466 D ACDB-LOADER: ACDB -> ACDB_CMD_GET_AUDPROC_INSTANCE_GAIN_DEP_STEP_TABLE_SIZE
11-03 22:38:51.690   736  4466 D         : Failed to fetch the lookup information of the device 0000000F 
11-03 22:38:51.690   736  4466 D ACDB-LOADER: Error: ACDB_CMD_GET_AUDPROC_INSTANCE_GAIN_DEP_STEP_TABLE_SIZE Returned = -19
11-03 22:38:51.690   736  4466 D ACDB-LOADER: ACDB -> ACDB_CMD_GET_AUDPROC_INSTANCE_GAIN_DEP_STEP_TABLE, vol index 8
11-03 22:38:51.692   736  4466 D         : Failed to fetch the lookup information of the device 0000000F 
11-03 22:38:51.692   736  4466 D ACDB-LOADER: Error: ACDB AudProc vol returned = -19
11-03 22:38:51.692   736  4466 D ACDB-LOADER: ACDB -> AUDIO_SET_VOL_CAL cal type = 40
11-03 22:38:51.702  3593  3593 I chatty  : uid=10026 com.oculus.systemux:SystemUX expire 87 lines
11-03 22:38:51.707  2326  2359 I chatty  : uid=10020(com.oculus.vrshell) HeapTaskDaemon expire 1 line
11-03 22:38:51.718  2189  2189 E OVRMediaServiceManager: LivestreamingManager Not initialized
11-03 22:38:51.739  2189  2189 I OVRMediaService: onStartCommand Received message type: overlay_input_focus_change, caller package: com.oculus.vrshell, app identify: AppIdentity{uid=10020, packageNames=[com.oculus.vrshell], sha1=MxZgtt071YLz39PLrkVGckZooCE, sha2=3C-DTjwZQjeLFPB2yCzRq1nqZWa_9HMLIEfpjvyfna8, version=null, domain=null}
11-03 22:38:51.752  2189  2189 I OVRMediaService: Received OVERLAY_INPUT_FOCUS_CHANGE. is focused: true
11-03 22:38:51.769  1745  1745 D OculusNotificationListenerService: Notification removed: 0|android|0|com.android.server.wm.AlertWindowNotification - com.oculus.vrshell|1000
11-03 22:38:51.770  1457  1457 I ClientMgr: FocusedWindowChanged: top window's client already enabled
11-03 22:38:51.770  1457  1457 I ClientMgr: FocusedClient changed.
11-03 22:38:51.771  1457  1457 I ClientMgr: ClientMgr::SetFocusedClient: 25954:com.YourCompany.TemplateProject2 type 0
11-03 22:38:51.771  1457  1457 I ClientMgr: SetFocusedPackageName - packageName com.YourCompany.TemplateProject2 processName com.YourCompany.TemplateProject2 clientId 3969058414 clientPid 25954
11-03 22:38:51.771  1457  1457 I VrRuntimeService: RuntimeIPC: SendFocusChangeEventToAllClients: PostClientEvent SUCCESS: com.YourCompany.TemplateProject2:com.YourCompany.TemplateProject2:25954, com.YourCompany.TemplateProject2, com.YourCompany.TemplateProject2
11-03 22:38:51.771  1457  1457 I VrRuntimeService: RuntimeIPC: SendFocusChangeEventToAllClients: PostClientEvent SUCCESS: com.oculus.shellenv:com.oculus.shellenv:2112, com.YourCompany.TemplateProject2, com.YourCompany.TemplateProject2
11-03 22:38:51.771  1457  1457 I VrRuntimeService: RuntimeIPC: SendFocusChangeEventToAllClients: PostClientEvent SUCCESS: com.oculus.vrshell:com.oculus.vrshell:3121, com.YourCompany.TemplateProject2, com.YourCompany.TemplateProject2
11-03 22:38:51.771  1457  1457 I VrRuntimeService: RuntimeIPC: SendFocusChangeEventToAllClients: PostClientEvent SUCCESS: com.oculus.mrservice:com.oculus.mrservice:1817, com.YourCompany.TemplateProject2, com.YourCompany.TemplateProject2
11-03 22:38:51.771  1457  1457 I VrRuntimeService: RuntimeIPC: SendFocusChangeEventToAllClients: PostClientEvent SUCCESS: com.oculus.guardian:com.oculus.vrguardianservice:2968, com.YourCompany.TemplateProject2, com.YourCompany.TemplateProject2
11-03 22:38:51.771  1457  1457 I VrRuntimeService: RuntimeIPC: SendFocusChangeEventToAllClients: PostClientEvent SUCCESS: com.oculus.vrshell:com.oculus.vrshell:Overlay:2326, com.YourCompany.TemplateProject2, com.YourCompany.TemplateProject2
11-03 22:38:51.771 25954 26062 I VrRuntimeClient: Client has gained focus.
11-03 22:38:51.772 25954 25986 D UE4     : [2022.11.03-22.38.51:772][678]LogAndroid: Case APP_CMD_GAINED_FOCUS
11-03 22:38:51.772 25954 25986 D UE4     : LogAndroidEvents::EnqueueAppEvent : 11, [width=-1, height=-1], tid = 25986, APP_EVENT_STATE_WINDOW_GAINED_FOCUS
11-03 22:38:51.781  1457  2762 I ServiceInputManager: InhibitHandleHomeKey has changed on the service. New value: 0
11-03 22:38:51.781  1457  2762 I PerformanceManager_V0: SetClockLevels: Apply pending clock request change: 4,4 -> 4,3
11-03 22:38:51.781  1457  2755 I Clocks  : ReleaseClocks - start
11-03 22:38:51.783  1457  2755 I Clocks  : ReleaseClocks - end (1.0 ms)
11-03 22:38:51.783  1457  2755 I Clocks  : LockClocks( cpu=4, gpu=3 ) - start
11-03 22:38:51.784  1457  2755 I Clocks  : CPU levels [0, 4]
11-03 22:38:51.785  1457  2755 I Clocks  : GPU levels [0, 5]
11-03 22:38:51.785 25954 25985 D UE4     : [2022.11.03-22.38.51:785][679]LogAndroidEvents: Display: LogAndroidEvents::DequeueAppEvent : 11, [width=-1, height=-1], APP_EVENT_STATE_WINDOW_GAINED_FOCUS
11-03 22:38:51.785 25954 25985 D UE4     : FAppEventManager::Tick processing, 11
11-03 22:38:51.787  1457  2755 I Clocks  : LockClocks( cpu=4, gpu=3 ) - end (4.2 ms)
11-03 22:38:51.791   865  1039 W TrackingService: attachClient: found client in attached list
11-03 22:38:51.792   865  1039 D TrackingService: getSharedMemory: com.YourCompany.TemplateProject2, Controller
11-03 22:38:51.793 25954 26268 I InputDevice_TrackedRemote: REMOTE: Hand=1 IndexAnalog=0.00 GripAnalog=0.00 Buttons=0x00000000
11-03 22:38:51.793 25954 26268 I InputDevice_TrackedRemote: REMOTE: Hand=2 IndexAnalog=0.00 GripAnalog=0.00 Buttons=0x00000000
11-03 22:38:51.799  2189  2189 W OVRLibrary: null cursor received for query content://com.oculus.ocms.library/apps/com.YourCompany.TemplateProject2
11-03 22:38:51.802  2189  2189 I OVRMediaServiceManager: Sending onAppStart (com.YourCompany.TemplateProject2) to SocialPlatform (com.oculus.socialplatform)
11-03 22:38:51.806  1056 19675 E WindowManager: App trying to use insecure INPUT_FEATURE_NO_INPUT_CHANNEL flag. Ignoring
11-03 22:38:51.810  1457  1457 I ClientMgr: FocusedWindowChanged: found matching overlay client: 920729198
11-03 22:38:51.810  1457  1457 I ClientMgr: FocusedClient changed.
11-03 22:38:51.810  1457  1457 I ClientMgr: ClientMgr::SetFocusedClient: 2326:com.oculus.vrshell type 1
11-03 22:38:51.810  1457  1457 I ClientMgr: SetFocusedPackageName - packageName com.oculus.vrshell processName com.oculus.vrshell:Overlay clientId 920729198 clientPid 2326
11-03 22:38:51.810  1457  1457 I VrRuntimeService: RuntimeIPC: SendFocusChangeEventToAllClients: PostClientEvent SUCCESS: com.YourCompany.TemplateProject2:com.YourCompany.TemplateProject2:25954, com.oculus.vrshell, com.oculus.vrshell:Overlay
11-03 22:38:51.810  1457  1457 I VrRuntimeService: RuntimeIPC: SendFocusChangeEventToAllClients: PostClientEvent SUCCESS: com.oculus.shellenv:com.oculus.shellenv:2112, com.oculus.vrshell, com.oculus.vrshell:Overlay
11-03 22:38:51.810  1457  1457 I VrRuntimeService: RuntimeIPC: SendFocusChangeEventToAllClients: PostClientEvent SUCCESS: com.oculus.vrshell:com.oculus.vrshell:3121, com.oculus.vrshell, com.oculus.vrshell:Overlay
11-03 22:38:51.810  1457  1457 I VrRuntimeService: RuntimeIPC: SendFocusChangeEventToAllClients: PostClientEvent SUCCESS: com.oculus.mrservice:com.oculus.mrservice:1817, com.oculus.vrshell, com.oculus.vrshell:Overlay
11-03 22:38:51.810  1457  1457 I VrRuntimeService: RuntimeIPC: SendFocusChangeEventToAllClients: PostClientEvent SUCCESS: com.oculus.guardian:com.oculus.vrguardianservice:2968, com.oculus.vrshell, com.oculus.vrshell:Overlay
11-03 22:38:51.810  1457  1457 I VrRuntimeService: RuntimeIPC: SendFocusChangeEventToAllClients: PostClientEvent SUCCESS: com.oculus.vrshell:com.oculus.vrshell:Overlay:2326, com.oculus.vrshell, com.oculus.vrshell:Overlay
11-03 22:38:51.812 25954 26062 I VrRuntimeClient: Client has lost focus.
11-03 22:38:51.823  1457  2762 I ServiceInputManager: InhibitHandleHomeKey has changed on the service. New value: 1
11-03 22:38:51.823   865  1039 W TrackingService: attachClient: found client in attached list
11-03 22:38:51.823   865  1039 D TrackingService: getSharedMemory: com.oculus.systemdriver, Controller
11-03 22:38:51.824   865  1194 W TrackingService: attachClient: found client in attached list
11-03 22:38:51.824  1457  2762 I PerformanceManager_V0: SetClockLevels: Apply pending clock request change: 4,3 -> 4,4
11-03 22:38:51.824  1457  2755 I Clocks  : ReleaseClocks - start
11-03 22:38:51.824   865  1194 D TrackingService: getSharedMemory: com.oculus.guardian, Controller
11-03 22:38:51.825  1457  2755 I Clocks  : ReleaseClocks - end (0.9 ms)
11-03 22:38:51.825  1457  2755 I Clocks  : LockClocks( cpu=4, gpu=4 ) - start
11-03 22:38:51.826  1457  2755 I Clocks  : CPU levels [0, 4]
11-03 22:38:51.826  1457  2755 I Clocks  : GPU levels [0, 5]
11-03 22:38:51.826  1457  2755 I Clocks  : LockClocks( cpu=4, gpu=4 ) - end (1.3 ms)
11-03 22:38:51.827   865  1194 W TrackingService: attachClient: found client in attached list
11-03 22:38:51.828 25954 25985 E OsSdk   : error getting shared memory region, memory type: Controller, failed with Status(-1, EX_SECURITY): 'requested shared memory region when not registered/focused'
11-03 22:38:51.828   865  1194 W TrackingService: attachClient: found client in attached list
11-03 22:38:51.829   865  1039 W TrackingService: attachClient: found client in attached list
11-03 22:38:51.829 25954 25985 E OsSdk   : error getting shared memory region, memory type: Controller, failed with Status(-1, EX_SECURITY): 'requested shared memory region when not registered/focused'
11-03 22:38:51.829   865  1194 W TrackingService: attachClient: found client in attached list
11-03 22:38:51.829   865  1039 D TrackingService: getSharedMemory: com.oculus.vrshell, Controller
11-03 22:38:51.830 25954 26279 E OsSdk   : error getting shared memory region, memory type: Controller, failed with Status(-1, EX_SECURITY): 'requested shared memory region when not registered/focused'
11-03 22:38:51.830   865  1039 W TrackingService: attachClient: found client in attached list
11-03 22:38:51.831 25954 26279 E OsSdk   : error getting shared memory region, memory type: Controller, failed with Status(-1, EX_SECURITY): 'requested shared memory region when not registered/focused'
11-03 22:38:51.877  2189  2189 E OVRMediaServiceManager: LivestreamingManager Not initialized
11-03 22:38:51.885   865 20341 W [CT]    : CONSTELLATION: L: Lost velocity tracking, waiting for 6DoF reset. [#VisionUp=537, #RelUp=0, VelNorm=0.010, CurTimeDur=4.00s, DurThresh=4.0s]
11-03 22:38:51.927 25954 25986 D UE4     : [2022.11.03-22.38.51:927][689]LogAndroid: Case APP_CMD_LOST_FOCUS
11-03 22:38:51.927 25954 25986 D UE4     : LogAndroidEvents::EnqueueAppEvent : 10, [width=-1, height=-1], tid = 25986, APP_EVENT_STATE_WINDOW_LOST_FOCUS
11-03 22:38:51.935  3593 26240 I chatty  : uid=10026 com.oculus.systemux:SystemUX expire 1 line
11-03 22:38:51.935  2189  2189 I OVRMediaService: onStartCommand Received message type: overlay_input_focus_change, caller package: com.oculus.vrshell, app identify: AppIdentity{uid=10020, packageNames=[com.oculus.vrshell], sha1=MxZgtt071YLz39PLrkVGckZooCE, sha2=3C-DTjwZQjeLFPB2yCzRq1nqZWa_9HMLIEfpjvyfna8, version=null, domain=null}
11-03 22:38:51.936   865 26134 W [CT]    : CONSTELLATION: L: Skipping approximation and doing full covariance propagation for 2 samples!
11-03 22:38:51.938 25954 25985 D UE4     : [2022.11.03-22.38.51:938][690]LogAndroidEvents: Display: LogAndroidEvents::DequeueAppEvent : 10, [width=-1, height=-1], APP_EVENT_STATE_WINDOW_LOST_FOCUS
11-03 22:38:51.938 25954 25985 D UE4     : FAppEventManager::Tick processing, 10
11-03 22:38:51.945  2189  2189 I OVRMediaService: Received OVERLAY_INPUT_FOCUS_CHANGE. is focused: false
11-03 22:38:51.950  1457  2786 I VrRuntimeService: CreateAndroidSurfaceSwapChain: 920729198
11-03 22:38:51.950  1457  2786 I VrRuntimeService: CreateAndroidSurfaceSwapChain: 65536 1 32856 1 1 1 1 1 0 0
11-03 22:38:51.951  1457  2553 I SwapChain_Surface: CreateAndroidSurfaceSwapChainGLES: 0x7b562e3000: SurfaceTexture 0x2df6 Surface 0x2e06
11-03 22:38:51.951  1457  2786 I VrRuntimeServer: CreateAndroidSurfaceSwapChain: result surface 0x7b562e3000
11-03 22:38:51.963  2326  2869 I chatty  : uid=10020(com.oculus.vrshell) ShellOverlayVR expire 73 lines
11-03 22:38:51.965  1745  1745 D OculusNotificationListenerService: Notification posted: 0|android|0|com.android.server.wm.AlertWindowNotification - com.oculus.vrshell|1000
11-03 22:38:51.986  2326  2480 I chatty  : uid=10020(com.oculus.vrshell) ShellAppBackgro expire 2 lines
11-03 22:38:51.986  2326  2326 I chatty  : uid=10020(com.oculus.vrshell) ShellOverlayMai expire 11 lines
11-03 22:38:51.988  2189  2789 W OVRLibrary: null cursor received for query content://com.oculus.ocms.library/apps/com.YourCompany.TemplateProject2
11-03 22:38:51.988  3593 26241 I chatty  : uid=10026 com.oculus.systemux:SystemUX expire 3 lines
11-03 22:38:52.014  2189  2189 W OVRLibrary: null cursor received for query content://com.oculus.ocms.library/apps/com.YourCompany.TemplateProject2
11-03 22:38:52.014  2189  2189 I OVRMediaServiceManager: Sending onAppStart (com.YourCompany.TemplateProject2) to SocialPlatform (com.oculus.socialplatform)
11-03 22:38:52.019  3593 17285 I chatty  : uid=10026(com.oculus.systemux) Binder:3593_8 expire 5 lines
11-03 22:38:52.031  1056  2863 I DisplayManagerService: Display device added: DisplayDeviceInfo{"com.oculus.android_panel_app.AndroidPanelLayer-#main": uniqueId="virtual:com.oculus.systemux,10026,com.oculus.android_panel_app.AndroidPanelLayer-#main,3", 1000 x 625, modeId 186, defaultModeId 186, supportedModes [{id=186, width=1000, height=625, fps=60.0}], colorMode 0, supportedColorModes [0], HdrCapabilities null, density 200, 200.0 x 200.0 dpi, appVsyncOff 0, presDeadline 16666666, touch NONE, rotation 0, type VIRTUAL, state OFF, owner com.oculus.systemux (uid 10026), FLAG_PRIVATE, FLAG_NEVER_BLANK, FLAG_OWN_CONTENT_ONLY}
11-03 22:38:52.033 25954 26271 I VrApi   : FPS=72/72,Prd=60ms,Tear=0,Early=72,Stale=0,VSnc=1,Lat=1,Fov=0,CPU4/GPU=4/4,2419/525MHz,OC=FF,TA=0/70/70,SP=N/F/F,Mem=2092MHz,Free=3260MB,PLS=0,Temp=30.0C/0.0C,TW=0.76ms,App=2.56ms,GD=0.00ms,CPU&GPU=4.88ms,LCnt=1(DR72,LM0),GPU%=0.25,CPU%=0.34(W0.43),DSF=1.00,CFL=19.72/21.77
11-03 22:38:52.035   865 26118 W [CT]    : TIMESTAMPCHECKER: Nominal rate wrong. Estimated data rate: 25, Nominal is 30.000300003000028
11-03 22:38:52.060  2968  3144 I VrGuardianService: GuardianSDKServer::SetActiveHand
11-03 22:38:52.060  2968  3144 I VrGuardianService: GuardianSDKServer::SetSecondaryControllerActive 1
11-03 22:38:52.068  2326 26357 I chatty  : uid=10020(com.oculus.vrshell) ShellOverlayMai expire 1 line
11-03 22:38:52.071  1056  1099 W InputReader: Device has associated, but no associated display id.
11-03 22:38:52.075  1056  1101 W InputReader: Device has associated, but no associated display id.
11-03 22:38:52.075  1056  1101 I ActivityTaskManager: Override config changes=20005df8 {0.0 ?mcc?mnc ?localeList ?layoutDir sw500dp w800dp h500dp 200dpi lrg land ?uimode ?night -touch qwerty/v/v -nav/h winConfig={ mBounds=Rect(0, 0 - 1000, 625) mAppBounds=Rect(0, 0 - 1000, 625) mWindowingMode=fullscreen mDisplayWindowingMode=fullscreen mActivityType=undefined mAlwaysOnTop=undefined mRotation=ROTATION_0}} for displayId=125
11-03 22:38:52.076  1457 26175 I CompositorProgs: loaded binary layerProgram 0:0x100100048083:0x0 in 0.8 ms
11-03 22:38:52.111  1056  5013 W ActivityManager: Unable to start service Intent { act=com.oculus.presence.StablePresenceService cmp=com.oculus.presence/.services.presence.PresenceService } U=0: not found
11-03 22:38:52.124  3593 15623 I chatty  : uid=10026(com.oculus.systemux) pool-13-thread- expire 6 lines
11-03 22:38:52.141  3593 15622 I chatty  : uid=10026(com.oculus.systemux) pool-13-thread- expire 3 lines
11-03 22:38:52.145  2189  2189 E OVRMediaServiceManager: LivestreamingManager Not initialized
11-03 22:38:52.167  1457  2786 I VrRuntimeService: UpdateSwapChainSamplerState: 424
11-03 22:38:52.167  1457  2786 I VrRuntimeService: UpdateSwapChainSamplerState: minFilter=1 magFilter=1 wrapModeS=3 warpModeT=3 maxAniso=1.000000 border={0.000000,0.000000,0.000000,0.000000} swizzle={0,1,2,3}
11-03 22:38:52.183  2189  2189 I OVRMediaService: onStartCommand Received message type: overlay_input_focus_change, caller package: com.oculus.vrshell, app identify: AppIdentity{uid=10020, packageNames=[com.oculus.vrshell], sha1=MxZgtt071YLz39PLrkVGckZooCE, sha2=3C-DTjwZQjeLFPB2yCzRq1nqZWa_9HMLIEfpjvyfna8, version=null, domain=null}
11-03 22:38:52.184  2189  2593 W OVRLibrary: null cursor received for query content://com.oculus.ocms.library/apps/com.oculus.vrshell
11-03 22:38:52.191  1457  2786 I VrRuntimeService: UpdateAndroidSurfaceSwapChainDimensions: 424: 1000x625
11-03 22:38:52.219  2189  2189 I OVRMediaService: Received OVERLAY_INPUT_FOCUS_CHANGE. is focused: true
11-03 22:38:52.220  1056  1101 I DisplayManagerService: Display device changed state: "com.oculus.android_panel_app.AndroidPanelLayer-#main", ON
11-03 22:38:52.220  2189  2189 I OVRMediaService: onStartCommand Received message type: com.oculus.horizon.GET_CAPTURE_STATE_ACTION, caller package: no_app_identity, app identify: null
11-03 22:38:52.232  1056  1204 E WindowManager: App trying to use insecure INPUT_FEATURE_NO_INPUT_CHANNEL flag. Ignoring
11-03 22:38:52.278  3593 26359 I chatty  : uid=10026 com.oculus.systemux:SystemUX expire 2 lines
11-03 22:38:52.327  2189  2189 I FileCapture: broadcast capture state to AUI running = false, with mode -1
11-03 22:38:52.339  3121  3121 I chatty  : uid=10020(com.oculus.vrshell) ShellMain expire 3 lines
11-03 22:38:52.352  2189  2189 I OVRMediaServiceManager: Metacam is not enabled.
11-03 22:38:52.364  1457  2786 I VrRuntimeService: CreateSwapChain: 920729198
11-03 22:38:52.364  1457  2786 I VrRuntimeService: CreateSwapChain: api:gles 0 0x8c43 60 60 6 1 1 0 3
11-03 22:38:52.364  1457  2786 I VrRuntimeServer: CreateTextureSwapChain: result importswapchaingles 1
11-03 22:38:52.385  1457  2786 I VrRuntimeService: UpdateSwapChainSamplerState: 425
11-03 22:38:52.385  1457  2786 I VrRuntimeService: UpdateSwapChainSamplerState: minFilter=1 magFilter=1 wrapModeS=3 warpModeT=3 maxAniso=1.000000 border={0.000000,0.000000,0.000000,0.000000} swizzle={0,1,2,3}
11-03 22:38:52.388  2652  2671 I .socialplatfor: Background young concurrent copying GC freed 4657(656KB) AllocSpace objects, 5(100KB) LOS objects, 10% free, 3332KB/3744KB, paused 88us total 190.725ms
11-03 22:38:52.418   865 26134 I [CT]    : CONSTELLATION: L: Not reinitializing 6DoF filter yet (no valid pose from matching).
11-03 22:38:52.428  2968  3144 I VrGuardianService: GuardianSDKServer::SetGuardianHitDialog2 1
11-03 22:38:52.452  1457 26175 I CompositorProgs: loaded binary layerProgram 0:0x100000048003:0x0 in 0.8 ms
11-03 22:38:52.461  3593 15926 I chatty  : uid=10026(com.oculus.systemux) Binder:3593_7 expire 2 lines
11-03 22:38:52.465  1656 26354 W ContextImpl: Calling a method in the system process without a qualified user: android.app.ContextImpl.sendBroadcast:1057 android.content.ContextWrapper.sendBroadcast:448 X.o0.A00:133 X.nZ.A00:17 X.nZ.handleMessage:91 
11-03 22:38:52.470  3593  3607 I chatty  : uid=10026(com.oculus.systemux) FinalizerDaemon expire 8 lines
11-03 22:38:52.477  1513  1513 V AvrcpMediaPlayerList: onPlaybackConfigChanged(): Configs list size=6
11-03 22:38:52.503  2622  2643 I com.oculus.ocm: Background young concurrent copying GC freed 5847(758KB) AllocSpace objects, 4(80KB) LOS objects, 15% free, 3558KB/4207KB, paused 81us total 246.659ms
11-03 22:38:52.510  1457  2786 I VrRuntimeService: DestroySwapChain: swapchain=425
11-03 22:38:52.513  1656 26362 W ContextImpl: Calling a method in the system process without a qualified user: android.app.ContextImpl.sendBroadcast:1057 android.content.ContextWrapper.sendBroadcast:448 X.o0.A00:133 X.nZ.A00:17 X.nZ.handleMessage:91 
11-03 22:38:52.526  2380  2395 I lus.userserver: CollectorTransition concurrent copying GC freed 327(47KB) AllocSpace objects, 0(0B) LOS objects, 49% free, 1947KB/3895KB, paused 42us total 415.434ms
11-03 22:38:52.535  1457 26175 I SwapChain_Surface: AttachSurfaceSwapChainGLES: 0x7b562e3000 with SurfaceTexture 0x2df6 attached on init
11-03 22:38:52.536  1457 26175 I CompositorProgs: loaded binary layerProgram 1:0x100000048003:0x0 in 0.7 ms
11-03 22:38:52.541   865 26118 W [CT]    : VEGA:MAP_TRACKING_HM: [Throttled count=24] Bad map tracking: map tracking failed @ Submap id = 2, version = 1208920230 with status: 2
11-03 22:38:52.596  3593 26364 I chatty  : uid=10026(com.oculus.systemux) OkHttp Dispatch expire 2 lines
11-03 22:38:52.619  3593 26366 I chatty  : uid=10026(com.oculus.systemux) OkHttp Dispatch expire 2 lines
11-03 22:38:52.641  3593 26367 I chatty  : uid=10026(com.oculus.systemux) OkHttp Dispatch expire 2 lines
11-03 22:38:52.672  2968  3144 I VrGuardianService: GuardianSDKServer::SetGuardianHitDialog2 0
11-03 22:38:52.708  2968  3144 I VrGuardianService: GuardianSDKServer::SetGuardianHitDialog2 1
11-03 22:38:52.719  2326  2359 I chatty  : uid=10020(com.oculus.vrshell) HeapTaskDaemon expire 1 line
11-03 22:38:52.725  2326  2361 I chatty  : uid=10020(com.oculus.vrshell) FinalizerDaemon expire 15 lines
11-03 22:38:52.762  2326  2869 I chatty  : uid=10020(com.oculus.vrshell) ShellOverlayVR expire 3 lines
11-03 22:38:52.839  2441 18433 W MtpStorageManager: Id 2851 doesn't exist
11-03 22:38:52.840  2441 18433 W MtpServer: [MTP] got response 0x2009 in command MTP_OPERATION_GET_OBJECT_PROP_LIST (9805)
11-03 22:38:52.863  2441 18433 W MtpStorageManager: Id 2851 doesn't exist
11-03 22:38:52.863  2441 18433 W MtpServer: [MTP] got response 0x2009 in command MTP_OPERATION_GET_OBJECT_PROP_LIST (9805)
11-03 22:38:52.910  1656 26373 W ContextImpl: Calling a method in the system process without a qualified user: android.app.ContextImpl.sendBroadcast:1057 android.content.ContextWrapper.sendBroadcast:448 X.o0.A00:133 X.nZ.A00:17 X.nZ.handleMessage:91 
11-03 22:38:52.955  2441 18433 W MtpStorageManager: Id 2851 doesn't exist
11-03 22:38:52.957  2441 18433 W MtpServer: [MTP] got response 0x2009 in command MTP_OPERATION_GET_OBJECT_PROP_LIST (9805)
11-03 22:38:53.004 25954 26271 I VrApi   : FPS=72/72,Prd=60ms,Tear=0,Early=72,Stale=0,VSnc=1,Lat=1,Fov=0,CPU4/GPU=4/4,2419/525MHz,OC=FF,TA=0/70/70,SP=N/F/F,Mem=2092MHz,Free=3260MB,PLS=0,Temp=30.0C/0.0C,TW=2.88ms,App=2.22ms,GD=0.00ms,CPU&GPU=4.61ms,LCnt=1(DR72,LM0),GPU%=0.40,CPU%=0.29(W0.32),DSF=1.00,CFL=19.68/21.63
11-03 22:38:53.024  2326 26349 I chatty  : uid=10020(com.oculus.vrshell) ShellOverlayMai expire 1 line
11-03 22:38:53.072  1656 26375 W ContextImpl: Calling a method in the system process without a qualified user: android.app.ContextImpl.sendBroadcast:1057 android.content.ContextWrapper.sendBroadcast:448 X.o0.A00:133 X.nZ.A00:17 X.nZ.handleMessage:91 
11-03 22:38:53.141   865  1200 I [CT]    : VEGA_MAPPER:SubmapTrackingValidator: Pausing map building until validation is complete. 2.6400000000000006 seconds remaining
11-03 22:38:53.520  3593  3593 I chatty  : uid=10026 com.oculus.systemux:SystemUX expire 44 lines
11-03 22:38:53.546  2326  2869 I chatty  : uid=10020(com.oculus.vrshell) ShellOverlayVR expire 40 lines
11-03 22:38:53.551  1056 15730 I ActivityTaskManager: START u0 {act=android.intent.action.MAIN cat=[android.intent.category.LAUNCHER] flg=0x10010000 pkg=com.oculus.vrshell cmp=com.oculus.vrshell/.MainActivity (has extras)} from uid 10020
11-03 22:38:53.578 25954 25954 D UE4     : [GameActivity] onPause: stop memory reporter runnable
11-03 22:38:53.578 25954 25986 D UE4     : Case APP_CMD_PAUSE
11-03 22:38:53.578 25954 25954 D UE4     : [GameActivity] ==============> GameActive.onPause complete!
11-03 22:38:53.578 25954 25986 D UE4     : [2022.11.03-22.38.53:578][808]LogAndroid: Case APP_CMD_PAUSE
11-03 22:38:53.578 25954 25986 D UE4     : LogAndroidEvents::EnqueueAppEvent : 6, [width=-1, height=-1], tid = 25986, APP_EVENT_STATE_ON_PAUSE
11-03 22:38:53.578 25954 25986 D UE4     : [2022.11.03-22.38.53:578][808]LogAndroid: event thread, suspending app, acquiring HW window lock.
11-03 22:38:53.578 25954 25986 D UE4     : LogAndroidEvents::EnqueueAppEvent : 15, [width=-1, height=-1], tid = 25986, APP_EVENT_RUN_CALLBACK
11-03 22:38:53.578 25954 25986 D UE4     : [2022.11.03-22.38.53:578][808]LogAndroid: AndroidEGL::  SuspendApp_EventThread, waiting for event manager to process. tid: 25986
11-03 22:38:53.578   865 26118 W [CT]    : VEGA:MAP_TRACKING_HM: [Throttled count=25] Bad map tracking: map tracking failed @ Submap id = 2, version = 1208920230 with status: 2
11-03 22:38:53.580  1056  3757 W InputReader: Device has associated, but no associated display id.
11-03 22:38:53.581 25954 25985 D UE4     : [2022.11.03-22.38.53:581][808]LogAndroidEvents: Display: LogAndroidEvents::DequeueAppEvent : 6, [width=-1, height=-1], APP_EVENT_STATE_ON_PAUSE
11-03 22:38:53.581 25954 25985 D UE4     : FAppEventManager::Tick processing, 6
11-03 22:38:53.581 25954 25985 D UE4     : [2022.11.03-22.38.53:581][808]LogAndroidEvents: Display: LogAndroidEvents::DequeueAppEvent : 15, [width=-1, height=-1], APP_EVENT_RUN_CALLBACK
11-03 22:38:53.581 25954 25985 D UE4     : FAppEventManager::Tick processing, 15
11-03 22:38:53.581 25954 25985 D UE4     : [2022.11.03-22.38.53:581][808]LogAndroidEvents: Display: Event thread callback running.
11-03 22:38:53.581 25954 25985 D UE4     : [2022.11.03-22.38.53:581][808]LogAndroid: performing app backgrounding callback. 0xab160500
11-03 22:38:53.581  3121  3121 I chatty  : uid=10020(com.oculus.vrshell) ShellMain expire 15 lines
11-03 22:38:53.591   756  4643 D AF::TrackHandle: OpPlayAudio: track:57 uid:10014 pkg:com.oculus.shellenv usage:1 muted
11-03 22:38:53.592   756  1004 D AF::RecordHandle: OpRecordAudio: track:56 uid:10014 pkg:com.oculus.shellenv usage:0 muted
11-03 22:38:53.593   756  1004 D AF::RecordHandle: OpRecordAudio: track:56 uid:10014 pkg:com.oculus.shellenv usage:0 muted
11-03 22:38:53.593   756 20364 D AF::TrackHandle: OpPlayAudio: track:212 uid:10127 pkg:com.YourCompany.TemplateProject2 usage:1 muted
11-03 22:38:53.593   756  4642 D AF::RecordHandle: OpRecordAudio: track:211 uid:10032 pkg:com.oculus.horizon usage:0 not muted
11-03 22:38:53.593 25954 25954 D SystemActivitiesReceiver: SystemActivityReceiver.onReceive intent:Intent { act=com.oculus.system_activity flg=0x10 pkg=com.YourCompany.TemplateProject2 (has extras) }
11-03 22:38:53.593  2968  3144 I VrGuardianService: GuardianSDKServer::GuardianCmd: 14
11-03 22:38:53.593  2968  3144 I GuardianSystem: GuardianSystem::GuardianCmd CMD_CLEAR_RETURN_PACKAGE
11-03 22:38:53.594 25954 25954 D SystemActivitiesReceiver: fromPackageName: 'com.oculus.vrshell'
11-03 22:38:53.594 25954 25954 D SystemActivitiesReceiver: command: '{"Command":"exitToHome","PlatformUIVersion":4,"ToPackage":"com.YourCompany.TemplateProject2"}'
11-03 22:38:53.594 25954 25954 D SystemActivitiesReceiver: uri: ''
11-03 22:38:53.596   736  4466 D msm8974_platform: platform_split_snd_device: snd_device(2) num devices(1) new_snd_devices(0)
11-03 22:38:53.596   756  1006 D AF::TrackHandle: OpPlayAudio: track:214 uid:10020 pkg:com.oculus.vrshell usage:1 not muted
11-03 22:38:53.597   736  4466 D ACDB-LOADER: ACDB -> send_audvoltable
11-03 22:38:53.597   736  4466 D ACDB-LOADER: ACDB -> ACDB_CMD_GET_AUDPROC_INSTANCE_GAIN_DEP_STEP_TABLE_SIZE
11-03 22:38:53.597   736  4466 D         : Failed to fetch the lookup information of the device 0000000F 
11-03 22:38:53.597   736  4466 D ACDB-LOADER: Error: ACDB_CMD_GET_AUDPROC_INSTANCE_GAIN_DEP_STEP_TABLE_SIZE Returned = -19
11-03 22:38:53.597   736  4466 D ACDB-LOADER: ACDB -> ACDB_CMD_GET_AUDPROC_INSTANCE_GAIN_DEP_STEP_TABLE, vol index 7
11-03 22:38:53.597   736  4466 D         : Failed to fetch the lookup information of the device 0000000F 
11-03 22:38:53.597   736  4466 D ACDB-LOADER: Error: ACDB AudProc vol returned = -19
11-03 22:38:53.597   736  4466 D ACDB-LOADER: ACDB -> AUDIO_SET_VOL_CAL cal type = 40
11-03 22:38:53.601  1457  1457 D VrRuntimeService: onForegroundActivitiesChanged: pid=3121, uid=10020, hasForegroundActivities=true
11-03 22:38:53.601 25954 25954 D TrustedSignatureVerifier: Checking app signature for com.oculus.vrshell
11-03 22:38:53.602 25954 25954 D TrustedSignatureVerifier: Package com.oculus.vrshell trusted due to RELEASE signature.
11-03 22:38:53.602 25954 25954 D SystemActivitiesReceiver: App is trusted
11-03 22:38:53.602 25954 25954 I SystemActivitiesEvents: nativeSystemActivityIntent in 'com.YourCompany.TemplateProject2': 'com.oculus.vrshell' '{"Command":"exitToHome","PlatformUIVersion":4,"ToPackage":"com.YourCompany.TemplateProject2"}' ''
11-03 22:38:53.602 25954 25954 I SystemActivitiesEvents: SYSTEM_ACTIVITY_EVENT_EXIT_TO_HOME: finish() - exit to Home
11-03 22:38:53.602 25954 25954 W emplateProject: Attempt to remove non-JNI local reference, dumping thread
11-03 22:38:53.602 25954 25954 I chatty  : uid=10127(com.YourCompany.TemplateProject2) identical 1 line
11-03 22:38:53.602 25954 25954 W emplateProject: Attempt to remove non-JNI local reference, dumping thread
11-03 22:38:53.602 25954 25954 D ContextHelper: shouldSkipFinish: activity=com.epicgames.ue4.GameActivity@bb2ded
11-03 22:38:53.602 25954 25954 W emplateProject: Accessing hidden method Landroid/app/Activity;->isResumed()Z (greylist, reflection, allowed)
11-03 22:38:53.603 25954 25954 D ContextHelper: activity=com.epicgames.ue4.GameActivity@bb2ded, resumed=false
11-03 22:38:53.603 25954 25954 D ContextHelper: Calling finish() on com.epicgames.ue4.GameActivity@bb2ded
11-03 22:38:53.603   756  4642 D AF::RecordHandle: OpRecordAudio: track:211 uid:10032 pkg:com.oculus.horizon usage:0 not muted
11-03 22:38:53.630  1056  1683 I ActivityTaskManager: START u0 {act=android.intent.action.MAIN cat=[android.intent.category.LAUNCHER] flg=0x14000000 pkg=com.oculus.shellenv cmp=com.oculus.shellenv/.ShellEnvActivity (has extras)} from uid 10020
11-03 22:38:53.657  1056 15730 W InputReader: Device has associated, but no associated display id.
11-03 22:38:53.663  1457  2786 I VrRuntimeService: DestroySwapChain: swapchain=424
11-03 22:38:53.665  1457  1457 D VrRuntimeService: onForegroundActivitiesChanged: pid=2112, uid=10014, hasForegroundActivities=true
11-03 22:38:53.667  2968  3144 I VrGuardianService: GuardianSDKServer::SetGuardianHitDialog2 0
11-03 22:38:53.671   756  1004 D AF::TrackHandle: OpPlayAudio: track:57 uid:10014 pkg:com.oculus.shellenv usage:1 not muted
11-03 22:38:53.672   756  4642 D AF::TrackHandle: OpPlayAudio: track:212 uid:10127 pkg:com.YourCompany.TemplateProject2 usage:1 muted
11-03 22:38:53.672   756  1004 D AF::TrackHandle: OpPlayAudio: track:214 uid:10020 pkg:com.oculus.vrshell usage:1 not muted
11-03 22:38:53.673   756  4642 D AF::RecordHandle: OpRecordAudio: track:211 uid:10032 pkg:com.oculus.horizon usage:0 not muted
11-03 22:38:53.673   756 20364 D AF::RecordHandle: OpRecordAudio: track:56 uid:10014 pkg:com.oculus.shellenv usage:0 not muted
11-03 22:38:53.674   756  4642 D AF::RecordHandle: OpRecordAudio: track:211 uid:10032 pkg:com.oculus.horizon usage:0 not muted
11-03 22:38:53.675   756 20364 D AF::RecordHandle: OpRecordAudio: track:56 uid:10014 pkg:com.oculus.shellenv usage:0 not muted
11-03 22:38:53.703  1056  1488 I DisplayManagerService: Display device removed: DisplayDeviceInfo{"com.oculus.android_panel_app.AndroidPanelLayer-#main": uniqueId="virtual:com.oculus.systemux,10026,com.oculus.android_panel_app.AndroidPanelLayer-#main,3", 1000 x 625, modeId 186, defaultModeId 186, supportedModes [{id=186, width=1000, height=625, fps=60.0}], colorMode 0, supportedColorModes [0], HdrCapabilities null, density 200, 200.0 x 200.0 dpi, appVsyncOff 0, presDeadline 16666666, touch NONE, rotation 0, type VIRTUAL, state ON, owner com.oculus.systemux (uid 10026), FLAG_PRIVATE, FLAG_NEVER_BLANK, FLAG_OWN_CONTENT_ONLY}
11-03 22:38:53.709  1457 26175 I CompositorVR: SetSchedFifo( tid=25985, pol=2, pri=0 ) succeeded
11-03 22:38:53.709  3121  3306 I chatty  : uid=10020(com.oculus.vrshell) ShellMainVR expire 53 lines
11-03 22:38:53.709  1457 26175 I CompositorVR: SetSchedFifo( tid=26062, pol=2, pri=0 ) succeeded
11-03 22:38:53.709  1457 26175 I CompositorVR: SetSchedFifo( tid=26282, pol=2, pri=0 ) succeeded
11-03 22:38:53.729  2112  2196 I Clay    : BaseApp: Hibernate transition Unhibernate
11-03 22:38:53.729  2112  2196 I Clay    : SoundSystem: setPaused(false), m_paused=true
11-03 22:38:53.732  2112  2112 D ActivityLifecycleListener: onActivityResumed
11-03 22:38:53.732  2112 15653 D ActivityLifecycleListener: activity=com.oculus.shellenv.ShellEnvActivity@b88f01f, resumed=true
11-03 22:38:53.732  2112 15653 D ActivityLifecycleListener: Activity ready after 0ms
11-03 22:38:53.732  2112 15653 I OpenXR  : nativeOnActivityReady
11-03 22:38:53.739  1513  1513 V AvrcpMediaPlayerList: onPlaybackConfigChanged(): Configs list size=6
11-03 22:38:53.742   756  1004 D AF::RecordHandle: OpRecordAudio: track:211 uid:10032 pkg:com.oculus.horizon usage:0 not muted
11-03 22:38:53.743   756 20364 D AF::RecordHandle: OpRecordAudio: track:56 uid:10014 pkg:com.oculus.shellenv usage:0 not muted
11-03 22:38:53.767  2112  2196 I Clay    : EnvironmentSystem: computed visibility changed from Unload to Hidden (reason: LayerRendering)
11-03 22:38:53.768  2112  2196 I OpenXR  : PostSessionStateChange: XR_SESSION_STATE_IDLE -> XR_SESSION_STATE_READY
11-03 22:38:53.775  2112  2196 I Clay    : xrPollEvent: REFERENCE_SPACE_CHANGE_PENDING
11-03 22:38:53.775  2112  2196 I Clay    : xrPollEvent: DISPLAY_REFRESH_RATE_CHANGED_FB: 90.000000 -> 72.000000
11-03 22:38:53.775  2112  2196 I Clay    : xrPollEvent: SESSION_STATE_CHANGED: READY
11-03 22:38:53.775  2112  2196 I Clay    : Entering VR mode: cpu=-1, gpu=-1, perf threads: main=2196, gpu=unset
11-03 22:38:53.775  2112  2196 I OpenXR  : ------------ xrBeginSession [start] -----------
11-03 22:38:53.775  2112  2196 I VrRuntimeClient: Tracing is disabled
11-03 22:38:53.775  2112  2196 I VrRuntimeClient: SysProp debug mode is disabled on Client side
11-03 22:38:53.775   865 26134 I [CT]    : CONSTELLATION:VISION_STATUS: 729165a0fe4054d7 (R): BlobDetection:[#BlobsDetected=(11.50, 10.43)]Matching:[MatchSuccess=1.000, MatchCost=(0.00348, 0.00000), #MatchedBlobs=(10.03, 6.53), #MatchedLeds=(6.32, 0.58), RematchM=0.000, SkipRefine=0.000] MatchMethod:[Prox=1.000, ConstBrute=0.000, UnconstBrute=0.000] MatchResets[AnomBlobSize=0.000, SharedMatch=0.000, DenseReacq=0.000] | Fusion:[FusionError=0.000, ImuFromCamMs=(11.382, 1.579), RematchF=0.040] FusionUpdates:[Successful=0.748, Reliable=0.748, TightFusion=0.748, FullPose=0.000, StaticPrior=0.252, StaticForHandTrans=0.264, PoseUpdateMD=(0.0000, 0.0000)] FusionResets[6DoFReset=0.000, ResetSuccess=0.000] FusionStatus[HasPosition=1.000, HasVelocity=1.000] 
11-03 22:38:53.776   865 26134 I [CT]    : CONSTELLATION:VISION_STATUS: 86557c336c360320 (L): BlobDetection:[#BlobsDetected=(11.50, 10.43)]Matching:[MatchSuccess=0.412, MatchCost=(0.00452, 0.00002), #MatchedBlobs=(1.23, 2.16), #MatchedLeds=(1.23, 2.16), RematchM=0.000, SkipRefine=0.000] MatchMethod:[Prox=0.412, ConstBrute=0.000, UnconstBrute=0.000] MatchResets[AnomBlobSize=0.000, SharedMatch=0.000, DenseReacq=0.000] | Fusion:[FusionError=0.000, ImuFromCamMs=(12.168, 1.851), RematchF=0.420] FusionUpdates:[Successful=0.412, Reliable=0.412, TightFusion=0.000, FullPose=0.412, StaticPrior=0.000, StaticForHandTrans=0.188, PoseUpdateMD=(0.1096, 0.2542)] FusionResets[6DoFReset=0.540, ResetSuccess=0.000] FusionStatus[HasPosition=0.460, HasVelocity=0.808] 
11-03 22:38:53.781  2112  2196 D VrApi   : targetSDKVersion 29
11-03 22:38:53.781   736  4466 D msm8974_platform: platform_split_snd_device: snd_device(2) num devices(1) new_snd_devices(0)
11-03 22:38:53.781   736  4466 D ACDB-LOADER: ACDB -> send_audvoltable
11-03 22:38:53.781   736  4466 D ACDB-LOADER: ACDB -> ACDB_CMD_GET_AUDPROC_INSTANCE_GAIN_DEP_STEP_TABLE_SIZE
11-03 22:38:53.781   736  4466 D         : Failed to fetch the lookup information of the device 0000000F 
