11-04 18:21:48.999   851   851 W TrackingService: attachClient: found client in attached list
11-04 18:21:49.003 15694 15795 I VrApi   : FPS=69/72,Prd=60ms,Tear=0,Early=68,Stale=4,VSnc=1,Lat=1,Fov=0,CPU4/GPU=4/4,2419/525MHz,OC=FF,TA=0/70/70,SP=N/F/F,Mem=2092MHz,Free=2144MB,PLS=0,Temp=27.2C/0.0C,TW=3.58ms,App=3.52ms,GD=0.00ms,CPU&GPU=7.68ms,LCnt=3(DR66,LM0),GPU%=0.63,CPU%=0.15(W0.16),DSF=1.00,CFL=19.69/21.49
11-04 18:21:49.022  2354 15918 I chatty  : uid=10020(com.oculus.vrshell) ShellOverlayMai expire 1 line
11-04 18:21:49.094   851 15198 I [CT]    : VIPER: Mode=SuperVega,Status=6DoF,TRACKING,Inl=26,Mem=88.7,Jit=0.3mm,Issues(Cam/min=0.0,IMU/min=0.0),Exp=(14.0ms,g=15.0,I=53,Ir=252.9)(14.0ms,g=15.0,I=96,Ir=461.1)(14.0ms,g=15.0,I=100,Ir=479.4)(14.0ms,g=15.0,I=71,Ir=339.5)
11-04 18:21:49.094   851 15198 W [CT]    : VIPER: Images too dark, Environment trending to dark, 
11-04 18:21:49.125  2354  2852 I chatty  : uid=10020(com.oculus.vrshell) ShellOverlayVR expire 32 lines
11-04 18:21:49.132  1044  1663 I ActivityTaskManager: START u0 {act=android.intent.action.MAIN cat=[android.intent.category.LAUNCHER] flg=0x10010000 pkg=com.oculus.vrshell cmp=com.oculus.vrshell/.MainActivity (has extras)} from uid 10020
11-04 18:21:49.143 15694 15694 D UE4     : [GameActivity] onPause: stop memory reporter runnable
11-04 18:21:49.143 15694 15727 D UE4     : Case APP_CMD_PAUSE
11-04 18:21:49.143 15694 15694 D UE4     : [GameActivity] ==============> GameActive.onPause complete!
11-04 18:21:49.143 15694 15727 D UE4     : [2022.11.04-18.21.49:143][120]LogAndroid: Case APP_CMD_PAUSE
11-04 18:21:49.143 15694 15727 D UE4     : LogAndroidEvents::EnqueueAppEvent : 6, [width=-1, height=-1], tid = 15727, APP_EVENT_STATE_ON_PAUSE
11-04 18:21:49.143 15694 15727 D UE4     : [2022.11.04-18.21.49:143][120]LogAndroid: event thread, suspending app, acquiring HW window lock.
11-04 18:21:49.143 15694 15727 D UE4     : LogAndroidEvents::EnqueueAppEvent : 15, [width=-1, height=-1], tid = 15727, APP_EVENT_RUN_CALLBACK
11-04 18:21:49.143 15694 15727 D UE4     : [2022.11.04-18.21.49:143][120]LogAndroid: AndroidEGL::  SuspendApp_EventThread, waiting for event manager to process. tid: 15727
11-04 18:21:49.144  1044 12435 W InputReader: Device has associated, but no associated display id.
11-04 18:21:49.145  3150  3150 I chatty  : uid=10020(com.oculus.vrshell) ShellMain expire 16 lines
11-04 18:21:49.145  2954  3498 I VrGuardianService: GuardianSDKServer::GuardianCmd: 14
11-04 18:21:49.146  2954  3498 I GuardianSystem: GuardianSystem::GuardianCmd CMD_CLEAR_RETURN_PACKAGE
11-04 18:21:49.149 15694 15694 D SystemActivitiesReceiver: SystemActivityReceiver.onReceive intent:Intent { act=com.oculus.system_activity flg=0x10 pkg=com.YourCompany.TemplateProject2 (has extras) }
11-04 18:21:49.149 15694 15694 D SystemActivitiesReceiver: fromPackageName: 'com.oculus.vrshell'
11-04 18:21:49.149 15694 15694 D SystemActivitiesReceiver: command: '{"Command":"exitToHome","PlatformUIVersion":4,"ToPackage":"com.YourCompany.TemplateProject2"}'
11-04 18:21:49.149 15694 15694 D SystemActivitiesReceiver: uri: ''
11-04 18:21:49.150 15694 15694 D TrustedSignatureVerifier: Checking app signature for com.oculus.vrshell
11-04 18:21:49.150 15694 15694 D TrustedSignatureVerifier: Package com.oculus.vrshell trusted due to RELEASE signature.
11-04 18:21:49.150 15694 15694 D SystemActivitiesReceiver: App is trusted
11-04 18:21:49.150 15694 15694 I SystemActivitiesEvents: nativeSystemActivityIntent in 'com.YourCompany.TemplateProject2': 'com.oculus.vrshell' '{"Command":"exitToHome","PlatformUIVersion":4,"ToPackage":"com.YourCompany.TemplateProject2"}' ''
11-04 18:21:49.150 15694 15694 I SystemActivitiesEvents: SYSTEM_ACTIVITY_EVENT_EXIT_TO_HOME: finish() - exit to Home
11-04 18:21:49.150 15694 15694 W emplateProject: Attempt to remove non-JNI local reference, dumping thread
11-04 18:21:49.150 15694 15694 I chatty  : uid=10132(com.YourCompany.TemplateProject2) identical 1 line
11-04 18:21:49.150 15694 15694 W emplateProject: Attempt to remove non-JNI local reference, dumping thread
11-04 18:21:49.151 15694 15694 D ContextHelper: shouldSkipFinish: activity=com.epicgames.ue4.GameActivity@8a3e716
11-04 18:21:49.151 15694 15694 W emplateProject: Accessing hidden method Landroid/app/Activity;->isResumed()Z (greylist, reflection, allowed)
11-04 18:21:49.151 15694 15694 D ContextHelper: activity=com.epicgames.ue4.GameActivity@8a3e716, resumed=false
11-04 18:21:49.151 15694 15694 D ContextHelper: Calling finish() on com.epicgames.ue4.GameActivity@8a3e716
11-04 18:21:49.153   749  4531 D AF::RecordHandle: OpRecordAudio: track:146 uid:10033 pkg:com.oculus.xrstreamingclient usage:0 muted
11-04 18:21:49.154   749  1919 D AF::TrackHandle: OpPlayAudio: track:57 uid:10014 pkg:com.oculus.shellenv usage:1 muted
11-04 18:21:49.154   749  6887 D AF::TrackHandle: OpPlayAudio: track:148 uid:10020 pkg:com.oculus.vrshell usage:1 not muted
11-04 18:21:49.154   749   965 D AF::TrackHandle: OpPlayAudio: track:145 uid:10033 pkg:com.oculus.xrstreamingclient usage:1 muted
11-04 18:21:49.154   749  4622 D AF::RecordHandle: OpRecordAudio: track:56 uid:10014 pkg:com.oculus.shellenv usage:0 muted
11-04 18:21:49.154   749  4622 D AF::RecordHandle: OpRecordAudio: track:56 uid:10014 pkg:com.oculus.shellenv usage:0 muted
11-04 18:21:49.155 15694 15726 D UE4     : [2022.11.04-18.21.49:155][120]LogAndroidEvents: Display: LogAndroidEvents::DequeueAppEvent : 6, [width=-1, height=-1], APP_EVENT_STATE_ON_PAUSE
11-04 18:21:49.155 15694 15726 D UE4     : FAppEventManager::Tick processing, 6
11-04 18:21:49.155 15694 15726 D UE4     : [2022.11.04-18.21.49:155][120]LogAndroidEvents: Display: LogAndroidEvents::DequeueAppEvent : 15, [width=-1, height=-1], APP_EVENT_RUN_CALLBACK
11-04 18:21:49.155 15694 15726 D UE4     : FAppEventManager::Tick processing, 15
11-04 18:21:49.155 15694 15726 D UE4     : [2022.11.04-18.21.49:155][120]LogAndroidEvents: Display: Event thread callback running.
11-04 18:21:49.155 15694 15726 D UE4     : [2022.11.04-18.21.49:155][120]LogAndroid: performing app backgrounding callback. 0xa6bb4040
11-04 18:21:49.155   749  4531 D AF::RecordHandle: OpRecordAudio: track:146 uid:10033 pkg:com.oculus.xrstreamingclient usage:0 muted
11-04 18:21:49.156   749  1190 D AF::TrackHandle: OpPlayAudio: track:147 uid:10132 pkg:com.YourCompany.TemplateProject2 usage:1 muted
11-04 18:21:49.156   749 11216 D AF::RecordHandle: OpRecordAudio: track:143 uid:10032 pkg:com.oculus.horizon usage:0 not muted
11-04 18:21:49.156  1406  1406 D VrRuntimeService: onForegroundActivitiesChanged: pid=3150, uid=10020, hasForegroundActivities=true
11-04 18:21:49.157   721  4619 D msm8974_platform: platform_split_snd_device: snd_device(22) num devices(1) new_snd_devices(0)
11-04 18:21:49.157   721  4619 D ACDB-LOADER: ACDB -> send_audvoltable
11-04 18:21:49.157   721  4619 D ACDB-LOADER: ACDB -> ACDB_CMD_GET_AUDPROC_INSTANCE_GAIN_DEP_STEP_TABLE_SIZE
11-04 18:21:49.157   721  4619 D         : Failed to fetch the lookup information of the device 0000000F 
11-04 18:21:49.157   721  4619 D ACDB-LOADER: Error: ACDB_CMD_GET_AUDPROC_INSTANCE_GAIN_DEP_STEP_TABLE_SIZE Returned = -19
11-04 18:21:49.157   721  4619 D ACDB-LOADER: ACDB -> ACDB_CMD_GET_AUDPROC_INSTANCE_GAIN_DEP_STEP_TABLE, vol index 7
11-04 18:21:49.157   721  4619 D         : Failed to fetch the lookup information of the device 0000000F 
11-04 18:21:49.157   721  4619 D ACDB-LOADER: Error: ACDB AudProc vol returned = -19
11-04 18:21:49.157   721  4619 D ACDB-LOADER: ACDB -> AUDIO_SET_VOL_CAL cal type = 40
11-04 18:21:49.164  1044  1469 I ActivityTaskManager: START u0 {act=android.intent.action.MAIN cat=[android.intent.category.LAUNCHER] flg=0x14000000 pkg=com.oculus.shellenv cmp=com.oculus.shellenv/.ShellEnvActivity (has extras)} from uid 10020
11-04 18:21:49.165   749 11216 D AF::RecordHandle: OpRecordAudio: track:143 uid:10032 pkg:com.oculus.horizon usage:0 not muted
11-04 18:21:49.180   749 11216 D AF::RecordHandle: OpRecordAudio: track:143 uid:10032 pkg:com.oculus.horizon usage:0 not muted
11-04 18:21:49.184   749  1190 D AF::RecordHandle: OpRecordAudio: track:146 uid:10033 pkg:com.oculus.xrstreamingclient usage:0 muted
11-04 18:21:49.184   749  4531 D AF::RecordHandle: OpRecordAudio: track:56 uid:10014 pkg:com.oculus.shellenv usage:0 muted
11-04 18:21:49.186  1044  1469 W InputReader: Device has associated, but no associated display id.
11-04 18:21:49.190   749   965 D AF::RecordHandle: OpRecordAudio: track:143 uid:10032 pkg:com.oculus.horizon usage:0 not muted
11-04 18:21:49.190   749 11216 D AF::TrackHandle: OpPlayAudio: track:147 uid:10132 pkg:com.YourCompany.TemplateProject2 usage:1 muted
11-04 18:21:49.190   749  6887 D AF::RecordHandle: OpRecordAudio: track:56 uid:10014 pkg:com.oculus.shellenv usage:0 not muted
11-04 18:21:49.190   749  4622 D AF::TrackHandle: OpPlayAudio: track:57 uid:10014 pkg:com.oculus.shellenv usage:1 not muted
11-04 18:21:49.190   749  4531 D AF::TrackHandle: OpPlayAudio: track:148 uid:10020 pkg:com.oculus.vrshell usage:1 not muted
11-04 18:21:49.190   749  1190 D AF::TrackHandle: OpPlayAudio: track:145 uid:10033 pkg:com.oculus.xrstreamingclient usage:1 muted
11-04 18:21:49.195  1406  1406 D VrRuntimeService: onForegroundActivitiesChanged: pid=2125, uid=10014, hasForegroundActivities=true
11-04 18:21:49.196   749  4531 D AF::RecordHandle: OpRecordAudio: track:146 uid:10033 pkg:com.oculus.xrstreamingclient usage:0 muted
11-04 18:21:49.200   851 15198 W [CT]    : TIMESTAMPCHECKER: Nominal rate wrong. Estimated data rate: 25, Nominal is 30.000300003000028
11-04 18:21:49.209  1406  2712 I VrRuntimeService: DestroySwapChain: swapchain=405
11-04 18:21:49.215  2954  3498 I VrGuardianService: GuardianSDKServer::SetGuardianHitDialog2 0
11-04 18:21:49.219   851   851 I chatty  : uid=1000(system) /system/bin/trackingservice identical 5 lines
11-04 18:21:49.223  1044  4357 I DisplayManagerService: Display device removed: DisplayDeviceInfo{"com.oculus.android_panel_app.AndroidPanelLayer-#main": uniqueId="virtual:com.oculus.systemux,10026,com.oculus.android_panel_app.AndroidPanelLayer-#main,1", 1000 x 625, modeId 238, defaultModeId 238, supportedModes [{id=238, width=1000, height=625, fps=60.0}], colorMode 0, supportedColorModes [0], HdrCapabilities null, density 200, 200.0 x 200.0 dpi, appVsyncOff 0, presDeadline 16666666, touch NONE, rotation 0, type VIRTUAL, state ON, owner com.oculus.systemux (uid 10026), FLAG_PRIVATE, FLAG_NEVER_BLANK, FLAG_OWN_CONTENT_ONLY}
11-04 18:21:49.237  3523  3523 I chatty  : uid=10026 com.oculus.systemux:SystemUX expire 34 lines
11-04 18:21:49.241  3150  3254 I chatty  : uid=10020(com.oculus.vrshell) ShellMainVR expire 42 lines
11-04 18:21:49.244  3523 15714 I chatty  : uid=10026 com.oculus.systemux:SystemUX expire 1 line
11-04 18:21:49.249  2125  2125 D ActivityLifecycleListener: onActivityResumed
11-04 18:21:49.249  2125  4532 D ActivityLifecycleListener: activity=com.oculus.shellenv.ShellEnvActivity@5ae2b4c, resumed=true
11-04 18:21:49.249  2125  4532 D ActivityLifecycleListener: Activity ready after 0ms
11-04 18:21:49.249  2125  4532 I OpenXR  : nativeOnActivityReady
11-04 18:21:49.264  3523 15715 I chatty  : uid=10026 com.oculus.systemux:SystemUX expire 1 line
11-04 18:21:49.266   851   851 W TrackingService: attachClient: found client in attached list
11-04 18:21:49.267   851  1186 W TrackingService: attachClient: found client in attached list
11-04 18:21:49.271  2125  2207 I Clay    : BaseApp: Hibernate transition Unhibernate
11-04 18:21:49.271  2125  2207 I Clay    : copresence: microphone state transition, unpaused
11-04 18:21:49.271  2125  2207 I Clay    : SoundSystem: setPaused(false), m_paused=true
11-04 18:21:49.272  1508  1508 V AvrcpMediaPlayerList: onPlaybackConfigChanged(): Configs list size=9
11-04 18:21:49.276  2125  2207 I Clay    : EnvironmentSystem: computed visibility changed from Unload to Visible (reason: <none>)
11-04 18:21:49.276  2125  2207 I OpenXR  : PostSessionStateChange: XR_SESSION_STATE_IDLE -> XR_SESSION_STATE_READY
11-04 18:21:49.277  2125  2207 I Clay    : xrPollEvent: DISPLAY_REFRESH_RATE_CHANGED_FB: 90.000000 -> 72.000000
11-04 18:21:49.277  2125  2207 I Clay    : xrPollEvent: SESSION_STATE_CHANGED: READY
11-04 18:21:49.277  2125  2207 I Clay    : Entering VR mode: cpu=-1, gpu=-1, perf threads: main=2207, gpu=unset
11-04 18:21:49.277  2125  2207 I OpenXR  : ------------ xrBeginSession [start] -----------
11-04 18:21:49.277  2125  2207 I VrRuntimeClient: Tracing is disabled
11-04 18:21:49.277  2125  2207 I VrRuntimeClient: SysProp debug mode is disabled on Client side
11-04 18:21:49.278   721 14679 D msm8974_platform: platform_split_snd_device: snd_device(22) num devices(1) new_snd_devices(0)
11-04 18:21:49.278   721 14679 D ACDB-LOADER: ACDB -> send_audvoltable
11-04 18:21:49.278   721 14679 D ACDB-LOADER: ACDB -> ACDB_CMD_GET_AUDPROC_INSTANCE_GAIN_DEP_STEP_TABLE_SIZE
11-04 18:21:49.278   721 14679 D         : Failed to fetch the lookup information of the device 0000000F 
11-04 18:21:49.278   721 14679 D ACDB-LOADER: Error: ACDB_CMD_GET_AUDPROC_INSTANCE_GAIN_DEP_STEP_TABLE_SIZE Returned = -19
11-04 18:21:49.278   721 14679 D ACDB-LOADER: ACDB -> ACDB_CMD_GET_AUDPROC_INSTANCE_GAIN_DEP_STEP_TABLE, vol index 8
11-04 18:21:49.278   721 14679 D         : Failed to fetch the lookup information of the device 0000000F 
11-04 18:21:49.278   721 14679 D ACDB-LOADER: Error: ACDB AudProc vol returned = -19
11-04 18:21:49.278   721 14679 D ACDB-LOADER: ACDB -> AUDIO_SET_VOL_CAL cal type = 40
11-04 18:21:49.279  2125  2207 D VrApi   : targetSDKVersion 29
11-04 18:21:49.282  2125  2207 I VrRuntimeClient: DEVICE MODEL NUMBER = Quest 2
11-04 18:21:49.282  2125  2207 I VrRuntimeClient: DEVICE BUILD NAME = user-47421700667400000
11-04 18:21:49.282  2125  2207 I VrRuntimeClient: DEVICE BUILD TYPE = user
11-04 18:21:49.282  2125  2207 I VrRuntimeClient: DEVICE OS VERSION = 10
11-04 18:21:49.282  2125  2207 I VrRuntimeClient: API LOADER VERSION = 1.0.22
11-04 18:21:49.282  2125  2207 I VrRuntimeClient: RUNTIME API VERSION = 1.0.24
11-04 18:21:49.282  2125  2207 I VrRuntimeClient: RUNTIME VERSION = 46.0.0.226.0 Sep  6 2022 02:18:10 RELEASE
11-04 18:21:49.282  2125  2207 I VrRuntimeClient: APP NAME = ShellEnv
11-04 18:21:49.282  2125  2207 I VrRuntimeClient: APP VERSION = 46.0.0.225.0 versionCode 406480835 internalVersionName 46.0.0.225.0.1de6c5943672 2022_10_06_16_42
11-04 18:21:49.282  2125  2207 I VrRuntimeClient: APP VR TYPE = vr_only
11-04 18:21:49.282  2125  2207 I VrRuntimeClient: APP MODE TYPE = VR
11-04 18:21:49.282  2125  2207 I VrRuntimeClient: APP PACKAGE NAME = com.oculus.shellenv
11-04 18:21:49.282  2125  2207 I VrRuntimeClient: APP ACTIVITY CLASS = com.oculus.shellenv.ShellEnvActivity
11-04 18:21:49.282  2125  2207 I Sensor  : OSSDKTRACKING Initializing head tracking
11-04 18:21:49.282  2125  2207 I Sensor  : OSSDKTRACKING Head tracker != nullpointer 0x791b01fcf8, 1
11-04 18:21:49.282  2125  2207 I Sensor  : OSSDKTRACKING Initializing controller tracking
11-04 18:21:49.282  2125  2207 I Sensor  : OSSDKTRACKING Controller tracker != nullpointer 0x78e1a1b850, 1
11-04 18:21:49.282  2125  2207 D BatteryReceiver: Registering battery receiver
11-04 18:21:49.283  1406 15213 I CompositorVR: SetSchedFifo( tid=15726, pol=2, pri=0 ) succeeded
11-04 18:21:49.283  1406 15213 I CompositorVR: SetSchedFifo( tid=15778, pol=2, pri=0 ) succeeded
11-04 18:21:49.283  1406 15213 I CompositorVR: SetSchedFifo( tid=15804, pol=2, pri=0 ) succeeded
11-04 18:21:49.284  2125  2207 D HeadsetReceiver: getCurrentHeadsetState: false
11-04 18:21:49.284  2125  2207 I DeviceStatus: nativeHeadsetEvent(0)
11-04 18:21:49.285  2125  2207 I VrRuntimeClient: SetCompositorClientFeatureFlag ClientFeatureFlag 0 
11-04 18:21:49.285  2125  2207 I LogTimer: CPUTIME: VrRuntimeClient_BeginSession took 7.9510 ms
11-04 18:21:49.285  2125  2207 I ClientInputInterface: DEADRECKONING SetControllerTrackingExtendedDeadreckoning 0
11-04 18:21:49.285  2125  2207 I ClientInputSettings: HANDTRACKING package name is com.oculus.shellenv
11-04 18:21:49.286  2125  2207 I ClientInputSettings: HANDTRACKING: Manifest Permission request for com.oculus.shellenv
11-04 18:21:49.286  2125  2207 I ClientInputSettings: HANDTRACKING:  'com.oculus.shellenv' Is hands or controller.
11-04 18:21:49.286  2125  2207 I ClientInputSettings: HANDTRACKING: feature flag set to 2
11-04 18:21:49.286  2125  2207 I ClientInputInterface: HANDTRACKING sethandmanifest 2
11-04 18:21:49.286  2125  2207 I InputHooks_Internal: Enabling Native Input Hooks
11-04 18:21:49.287  2125  2207 I InputDeviceManager: ovrInputDeviceManager::Initialize
11-04 18:21:49.287   851  1186 W TrackingService: attachClient: found client in attached list
11-04 18:21:49.287   851  1186 D TrackingService: getSharedMemory: com.oculus.shellenv#2125, HeadTracker
11-04 18:21:49.288  2125  2207 I Distortion: Initializing Mesh Decenter Correction
11-04 18:21:49.288   851  1186 W TrackingService: attachClient: found client in attached list
11-04 18:21:49.288   838  1194 E CalibrationProvider: loadCalibration(LDISP_SN) failed: Calibration store didn't load any info
11-04 18:21:49.288   851  1186 D TrackingService: getSharedMemory: com.oculus.shellenv, Controller
11-04 18:21:49.288   838  1194 E CalibrationProvider: loadCalibration(RDISP_SN) failed: Calibration store didn't load any info
11-04 18:21:49.288  2125 15946 I InputDevice_TrackedRemote: REMOTE: Hand=1 IndexAnalog=0.00 GripAnalog=0.00 Buttons=0x00000000
11-04 18:21:49.288  2125 15946 I InputDevice_TrackedRemote: REMOTE: Hand=2 IndexAnalog=0.00 GripAnalog=0.00 Buttons=0x00000000
11-04 18:21:49.288  2125 15946 I InputDeviceManager: HANDTRACKING Pointer filter profile changed to: 0
11-04 18:21:49.288  2125 15946 I InputDeviceManager: HANDTRACKING Pointer filter profile changed to: 0
11-04 18:21:49.288  2125 15946 I InputDeviceManager: HANDTRACKING Root pose filter profile changed for (version, freq) to (2, 1) from (1,2)
11-04 18:21:49.289  2125  2207 I Distortion: SetLensPositions - iad=0.0629942, left offset=-0.000263762,-0.00102733, right offset=0.000142928,-0.00104481
11-04 18:21:49.289  2125  2207 I Distortion: Initializing Mesh Decenter Correction
11-04 18:21:49.289   838  1194 E CalibrationProvider: loadCalibration(LDISP_SN) failed: Calibration store didn't load any info
11-04 18:21:49.289   838  1194 E CalibrationProvider: loadCalibration(RDISP_SN) failed: Calibration store didn't load any info
11-04 18:21:49.289  2125  2207 I Distortion: SetLensPositions - iad=0.0629942, left offset=-0.000263762,-0.00102733, right offset=0.000142928,-0.00104481
11-04 18:21:49.289  2125  2207 I Distortion: Created custom distortion mesh.
11-04 18:21:49.289  2125  2207 I PhaseSync: PhaseSync::PhaseSync PaddingLowerLimit 0.350000 StandardDeviations 2.000000 PaddingUpperLimit 0.750000 on instance 15
11-04 18:21:49.289  2125  2207 I VrRuntimeClient: PhaseSync Instance created
11-04 18:21:49.289  2125  2207 D VrRuntimeClient: pokeGuardianUserServiceForThisClient: com.oculus.shellenv:10014
11-04 18:21:49.290  2125  2207 D VrRuntimeClient: VrRuntimeClient: getClientWindow: activity client
11-04 18:21:49.290  2954  2954 D VrGuardianUserService: onStartCommandIntent { act=FOREGROUND_CLIENT cmp=com.oculus.guardian/com.oculus.vrguardianservice.VrGuardianUserService (has extras) }
11-04 18:21:49.290  2954  2954 D VrGuardianUserService: maybeSubscribeDeviceConfig
11-04 18:21:49.291  1406  2900 I VrRuntimeService: RuntimeServiceSDKServer::EnableRendering: 0x7912480f80, 1, com.oculus.shellenv
11-04 18:21:49.291  1406  2900 I ClientMgr: ClientMgr::EnableRendering 2125:com.oculus.shellenv : type 0 comp-id 1: enable
11-04 18:21:49.291  1406  2900 I CompositorVR: CheckDebuggerConnected: debugger 0
11-04 18:21:49.291  1406  2900 I VrRuntimeServer: SysProp debug mode is disabled on Server side
11-04 18:21:49.291  2954  2954 D VrGuardianUserService: onStartCommand FOREGROUND_CLIENT user = 0
11-04 18:21:49.291  2954  2954 D VrGuardianService: setCurrentUser() called with: userId = [0]
11-04 18:21:49.291  2954  2954 I VrGuardianService: nativeSetCurrentUser userid = 0
11-04 18:21:49.291  2954  2954 I GuardianSystem: GuardianSystem::SetCurrentUser: 0 
11-04 18:21:49.294  1406  2900 I UnifiedTelemetryWrapper: Started UT session render:com.oculus.shellenv
11-04 18:21:49.295  2125  2207 I ScreenCaptureHelper: Advertising com.oculus.shellenv as streamable
11-04 18:21:49.295  2125  2207 I VrApi   : OVR::Stats thread started
11-04 18:21:49.295  2125  2207 I XrRuntimeUtils: XrRuntimeUtils::BeginSession
11-04 18:21:49.295  2125  2207 I XrRuntimeSystem_Client: BeginSession
11-04 18:21:49.296  2125  2207 I OpenXR  : ------------ xrBeginSession [end] -----------
11-04 18:21:49.296  2125  2207 I Clay    : Setting CPU/GPU levels= 25/75
11-04 18:21:49.296  2125  2207 I VrRuntimeClient: Client has lost focus.
11-04 18:21:49.297  2125 15949 D VrApi   : targetSDKVersion 29
11-04 18:21:49.297 15290 15345 I chatty  : uid=10033(com.oculus.xrstreamingclient) xrsp-rt-read expire 3 lines
11-04 18:21:49.298  2208  2208 I OVRMediaService: onStartCommand Received message type: set_package_name, caller package: no_app_identity, app identify: null
11-04 18:21:49.299  2125 15949 I JniUtils: ovr_GetCurrentPackageSignature 
11-04 18:21:49.300  2125 15949 I Metrics : device name = Oculus Quest 2
11-04 18:21:49.300  2208  2208 I OVRMediaService: Got package name intent (com.oculus.shellenv)
11-04 18:21:49.304  1406  2649 I ClientMgr: Non-overlay clients rendering status has changed: prev=79, curr=80, enabled=2
11-04 18:21:49.305  2208  2208 I OVRMediaServiceManager: Sending onAppStart (com.oculus.shellenv) to SocialPlatform (com.oculus.socialplatform)
11-04 18:21:49.305  1406  2649 D VrRuntimeService: ForegroundAppInfo = {uid=10014 pid=2125 packageName=com.oculus.shellenv processName=com.oculus.shellenv
11-04 18:21:49.305  1406  2649 I ClientMgr: GetForegroundClientId: Found foreground uid 10014.
11-04 18:21:49.305  1406  2649 I ClientMgr: Primary client determined to be foreground client: com.oculus.shellenv.
11-04 18:21:49.305  1406  2649 I ClientMgr: ClientMgr::SetPrimaryCompositorClient: 2125:com.oculus.shellenv
11-04 18:21:49.305  1406  2649 W ClientMgr: ClientMgr::GetClientPermissionFlagsById: Client missing proper permissions: com.oculus.shellenv, 2
11-04 18:21:49.305  1406  2649 I CompositorClientMgr: Enable client 1
11-04 18:21:49.305  1406  2649 I VrRuntimeServer: EnableCompositorClient client(1): layer placement(0) flags(1) sm(0x79766ed010)
11-04 18:21:49.305  1406  2649 I ClientMgr: SetPrimaryPackageName - packageName com.oculus.shellenv processName com.oculus.shellenv clientId 427519985 clientPid 2125
11-04 18:21:49.306  1406  2649 I ServiceInputManager: ServiceInputManager::SetPrimaryPackageName 'com.oculus.shellenv' 'com.oculus.shellenv'  updated AnytimeUI processname 0
11-04 18:21:49.306  1406  2649 I VrRuntimeService: RuntimeIPC: SendPrimaryPackageChangeEvent: PostClientEvent SUCCESS: com.YourCompany.TemplateProject2:com.YourCompany.TemplateProject2:15694, com.oculus.shellenv, com.oculus.shellenv
11-04 18:21:49.306  1406  2649 W REFLECT : RuntimeIPC: ipc_PostClientEvent FAILED: PackageChangeEvent
11-04 18:21:49.306  1406  2649 W VrRuntimeService: RuntimeIPC: SendPrimaryPackageChangeEvent: PostClientEvent FAILED: com.oculus.mrservice:com.oculus.mrservice:1824, com.oculus.shellenv, com.oculus.shellenv
11-04 18:21:49.306  1406  2649 I VrRuntimeService: RuntimeIPC: SendPrimaryPackageChangeEvent: PostClientEvent SUCCESS: com.oculus.vrshell:com.oculus.vrshell:3150, com.oculus.shellenv, com.oculus.shellenv
11-04 18:21:49.306  1406  2649 I VrRuntimeService: RuntimeIPC: SendPrimaryPackageChangeEvent: PostClientEvent SUCCESS: com.oculus.guardian:com.oculus.vrguardianservice:2954, com.oculus.shellenv, com.oculus.shellenv
11-04 18:21:49.306  1406  2649 W REFLECT : RuntimeIPC: ipc_PostClientEvent FAILED: PackageChangeEvent
11-04 18:21:49.306  1406  2649 W VrRuntimeService: RuntimeIPC: SendPrimaryPackageChangeEvent: PostClientEvent FAILED: com.oculus.shellenv:com.oculus.shellenv:2125, com.oculus.shellenv, com.oculus.shellenv
11-04 18:21:49.306  1406  2649 I VrRuntimeService: RuntimeIPC: SendPrimaryPackageChangeEvent: PostClientEvent SUCCESS: com.oculus.xrstreamingclient:com.oculus.xrstreamingclient:15290, com.oculus.shellenv, com.oculus.shellenv
11-04 18:21:49.306  1406  2649 I VrRuntimeService: RuntimeIPC: SendPrimaryPackageChangeEvent: PostClientEvent SUCCESS: com.oculus.vrshell:com.oculus.vrshell:Overlay:2354, com.oculus.shellenv, com.oculus.shellenv
11-04 18:21:49.306  1406  2649 D VrRuntimeService: sendPrimaryPackageChangeBroadcast
11-04 18:21:49.306  1406 15213 I CompositorVR: LatchWarpClients: Multiple Primary Clients detected. Skipping frames for 22
11-04 18:21:49.306  1406 15213 I CompositorVR: WarpToScreen: Skipping frames for 22
11-04 18:21:49.306  2125 15951 I FenceChecker: FenceChecker::MainLoop - started
11-04 18:21:49.307  1406  2649 I AADT    : SetAADTLutDataX: 0
11-04 18:21:49.307  1406  2649 I AADT    : SetAADTLutDataY: 0
11-04 18:21:49.307  1406  2649 I ServiceInputManager: DEADRECKONING deadReckoning mode on ClientMgr from server is 0
11-04 18:21:49.307  1406  2649 I PerformanceManager_V0: SetClockLevels: Apply pending clock request change: 4,4 -> 4,3
11-04 18:21:49.307  1406  2649 I CompositorClientMgr: Enable client 0
11-04 18:21:49.307  1406  2649 I VrRuntimeServer: EnableCompositorClient client(0): layer placement(2147483643) flags(8) sm(0x7922e58160)
11-04 18:21:49.307  1406  2644 I Clocks  : ReleaseClocks - start
11-04 18:21:49.307  2354  2354 I chatty  : uid=10020(com.oculus.vrshell) ShellOverlayMai expire 5 lines
11-04 18:21:49.308  1406  2644 I Clocks  : ReleaseClocks - end (0.7 ms)
11-04 18:21:49.308  1406  2644 I Clocks  : LockClocks( cpu=4, gpu=3 ) - start
11-04 18:21:49.309  1406  2644 I Clocks  : CPU levels [0, 4]
11-04 18:21:49.309  1406  2644 I Clocks  : GPU levels [0, 5]
11-04 18:21:49.309  1406  2644 I Clocks  : LockClocks( cpu=4, gpu=3 ) - end (1.2 ms)
11-04 18:21:49.309  2125  2207 I OpenXR  : PostSessionStateChange: XR_SESSION_STATE_READY -> XR_SESSION_STATE_SYNCHRONIZED
11-04 18:21:49.309  2125  2207 I Clay    : xrPollEvent: SESSION_STATE_CHANGED: SYNCHRONIZED
11-04 18:21:49.310  1406 15213 I CompositorVR: LatchWarpClients: Multiple Primary Clients detected. Skipping frames for 22
11-04 18:21:49.311  1406 15213 I CompositorVR: SetSchedFifo( tid=2207, pol=3, pri=0 ) succeeded
11-04 18:21:49.311  1406 15213 I CompositorVR: SetSchedFifo( tid=15951, pol=3, pri=0 ) succeeded
11-04 18:21:49.311  1406 15213 I AADT    : SetAADTLutDataX. Thread. SizeX: 0
11-04 18:21:49.311  1406 15213 I AADT    : SetAADTLutDataY. Thread. SizeY: 0
11-04 18:21:49.313  1044  5737 W AppOps  : Noting op not finished: uid 10020 pkg com.oculus.vrshell code 24 time=1667586109156 duration=-1
11-04 18:21:49.313   851  1186 W TrackingService: attachClient: found client in attached list
11-04 18:21:49.315  1044  5737 E WindowManager: App trying to use insecure INPUT_FEATURE_NO_INPUT_CHANNEL flag. Ignoring
11-04 18:21:49.315 15290 15366 I chatty  : uid=10033(com.oculus.xrstreamingclient) SlamAnchorMem expire 4 lines
11-04 18:21:49.315  1044  1071 E system_server: Dex checksum does not match for dex: /system/priv-app/ShellEnv/ShellEnv.apk.Expected: 73932191, actual: 3617447080
11-04 18:21:49.318  1406  2649 I Vsync   : Adjusting vsync display refresh rate 72.000000 -> 90.000000
11-04 18:21:49.319  1406  1406 I ClientMgr: FocusedWindowChanged: falling back to client with same uid: 10020, and pid: 3150
11-04 18:21:49.320  1406 15213 I CompositorVR: WarpToScreen: Skipping frames for 22
11-04 18:21:49.324  1406 15213 I SwapChain: DestroyAndroidSurfaceSwapChain: 0x7919520000: Destroying SurfaceTexture 0x2c62 Surface 0x2c5a
11-04 18:21:49.334  1406 15213 I CompositorVR: WarpToScreen: Skipping frames for 22
11-04 18:21:49.335   877  4537 D VrApiService: refresh-rate changed to 90Hz
11-04 18:21:49.335  1406  2649 I VrRuntimeServer: DisableCompositorClient: 0
11-04 18:21:49.335  1406  2649 I CompositorClientMgr: Disable client 0
11-04 18:21:49.335  1406  2649 I CompositorClientMgr: DisableClient: frame flush required: 1
11-04 18:21:49.335  1406  1406 I ClientMgr: FocusedClient changed.
11-04 18:21:49.335  1406  1406 I ClientMgr: ClientMgr::SetFocusedClient: 3150:com.oculus.vrshell type 1
11-04 18:21:49.335  1406  1406 I ClientMgr: SetFocusedPackageName - packageName com.oculus.vrshell processName com.oculus.vrshell clientId 2168593006 clientPid 3150
11-04 18:21:49.335  1406  1406 I VrRuntimeService: RuntimeIPC: SendFocusChangeEventToAllClients: PostClientEvent SUCCESS: com.YourCompany.TemplateProject2:com.YourCompany.TemplateProject2:15694, com.oculus.vrshell, com.oculus.vrshell
11-04 18:21:49.335  1406  1406 W REFLECT : RuntimeIPC: ipc_PostClientEvent FAILED: FocusChangeEvent
11-04 18:21:49.335  1406  1406 W VrRuntimeService: RuntimeIPC: SendFocusChangeEventToAllClients: PostClientEvent FAILED: com.oculus.mrservice:com.oculus.mrservice:1824, com.oculus.vrshell, com.oculus.vrshell
11-04 18:21:49.335  1406  1406 I VrRuntimeService: RuntimeIPC: SendFocusChangeEventToAllClients: PostClientEvent SUCCESS: com.oculus.vrshell:com.oculus.vrshell:3150, com.oculus.vrshell, com.oculus.vrshell
11-04 18:21:49.335  1406  1406 I VrRuntimeService: RuntimeIPC: SendFocusChangeEventToAllClients: PostClientEvent SUCCESS: com.oculus.guardian:com.oculus.vrguardianservice:2954, com.oculus.vrshell, com.oculus.vrshell
11-04 18:21:49.335  1406  1406 W REFLECT : RuntimeIPC: ipc_PostClientEvent FAILED: FocusChangeEvent
11-04 18:21:49.335  1406  1406 W VrRuntimeService: RuntimeIPC: SendFocusChangeEventToAllClients: PostClientEvent FAILED: com.oculus.shellenv:com.oculus.shellenv:2125, com.oculus.vrshell, com.oculus.vrshell
11-04 18:21:49.336  1406  1406 I VrRuntimeService: RuntimeIPC: SendFocusChangeEventToAllClients: PostClientEvent SUCCESS: com.oculus.xrstreamingclient:com.oculus.xrstreamingclient:15290, com.oculus.vrshell, com.oculus.vrshell
11-04 18:21:49.336  1406  1406 I VrRuntimeService: RuntimeIPC: SendFocusChangeEventToAllClients: PostClientEvent SUCCESS: com.oculus.vrshell:com.oculus.vrshell:Overlay:2354, com.oculus.vrshell, com.oculus.vrshell
11-04 18:21:49.336  1406  1406 D VrRuntimeService: onForegroundActivitiesChanged: pid=3150, uid=10020, hasForegroundActivities=false
11-04 18:21:49.337  2954  3032 I GuardianSystem: runtimeServiceSDKClient_.ForceShowGuardianEvent
11-04 18:21:49.337  2954  3032 I GuardianSystem: ForceShowGuardian: false, 0.00
11-04 18:21:49.337  2954  3032 I GuardianSystem: runtimeServiceSDKClient_.PackageChangeEvent: package=[com.oculus.shellenv], process=[com.oculus.shellenv]
11-04 18:21:49.337  2954  3032 I GuardianSystem: SetCurrentProcessName: com.oculus.shellenv, previous ProcessName: com.YourCompany.TemplateProject2
11-04 18:21:49.338  1406 15213 I CompositorVR: LatchWarpClients: Multiple Primary Clients detected. Skipping frames for 22
11-04 18:21:49.339  1044  1071 I ActivityTaskManager: Displayed com.oculus.shellenv/.ShellEnvActivity: +179ms
11-04 18:21:49.341   741   996 I SDM     : HWCDisplayBuiltIn::Validate: Validate +++ enable cac = 0
11-04 18:21:49.342  2354  2852 I chatty  : uid=10020(com.oculus.vrshell) ShellOverlayVR expire 71 lines
11-04 18:21:49.345  3150  3254 I chatty  : uid=10020(com.oculus.vrshell) ShellMainVR expire 95 lines
11-04 18:21:49.347   851   851 W TrackingService: attachClient: found client in attached list
11-04 18:21:49.348  1406 15213 I CompositorVR: WarpToScreen: Skipping frames for 22
11-04 18:21:49.348   851   851 D TrackingService: getSharedMemory: com.oculus.vrshell#3150, HeadTracker
11-04 18:21:49.348   851   851 W TrackingService: attachClient: found client in attached list
11-04 18:21:49.349   838  1194 E CalibrationProvider: loadCalibration(LDISP_SN) failed: Calibration store didn't load any info
11-04 18:21:49.349   838 11808 E CalibrationProvider: loadCalibration(RDISP_SN) failed: Calibration store didn't load any info
11-04 18:21:49.352   838 11808 E CalibrationProvider: loadCalibration(LDISP_SN) failed: Calibration store didn't load any info
11-04 18:21:49.352   838  1194 E CalibrationProvider: loadCalibration(RDISP_SN) failed: Calibration store didn't load any info
11-04 18:21:49.352   851   851 D TrackingService: getSharedMemory: com.oculus.vrshell, Controller
11-04 18:21:49.353  3150 15954 I chatty  : uid=10020(com.oculus.vrshell) OVRInput expire 5 lines
11-04 18:21:49.353  1406  3253 I VrRuntimeService: RuntimeServiceSDKServer::EnableRendering: 0x0, 0, com.oculus.vrshell
11-04 18:21:49.353  1406  3253 I ClientMgr: EnableRendering2: invalid clientWindow, testing uid/pid
11-04 18:21:49.353  1406  3253 I ClientMgr: EnableRendering2: matched uid: 10020 and pid: 3150 
11-04 18:21:49.353  1406  3253 I ClientMgr: EnableRendering2: Calling SetFocusedClient: 2168593006
11-04 18:21:49.353  1406  3253 I ClientMgr: ClientMgr::SetFocusedClient: 3150:com.oculus.vrshell type 1
11-04 18:21:49.353  1406  3253 I ClientMgr: SetFocusedPackageName - packageName com.oculus.vrshell processName com.oculus.vrshell clientId 2168593006 clientPid 3150
11-04 18:21:49.353  1406  3253 I ClientMgr: ClientMgr::EnableRendering 3150:com.oculus.vrshell : type 1 comp-id 5: enable
11-04 18:21:49.353  1406  3253 I CompositorClientMgr: Enable client 5
11-04 18:21:49.353  1406  3253 I VrRuntimeServer: EnableCompositorClient client(5): layer placement(2147483647) flags(0) sm(0x79734b8010)
11-04 18:21:49.353  1406  3253 I CompositorVR: CheckDebuggerConnected: debugger 0
11-04 18:21:49.353  1406  3253 I VrRuntimeServer: SysProp debug mode is disabled on Server side
11-04 18:21:49.361   851   851 W TrackingService: attachClient: found client in attached list
11-04 18:21:49.361  1406 15213 I CompositorVR: LatchWarpClients: Multiple Primary Clients detected. Skipping frames for 22
11-04 18:21:49.362  1406 15213 I CompositorVR: WarpToScreen: Skipping frames for 22
11-04 18:21:49.366  1406  3253 I UnifiedTelemetryWrapper: Started UT session render:com.oculus.vrshell
11-04 18:21:49.366  1824  3580 I [CT]    : MIXEDREALITY: MrFeatureStatus: Client status changed from Paused to Started.
11-04 18:21:49.366  1824  3580 I [CT]    : MIXEDREALITY: MrFeatureStatus: Target status Started, CurrentStatus: Started
11-04 18:21:49.366  1824  3311 I [CT]    : MIXEDREALITY: MrServiceView: renderIteration: Nothing to render, hibernating the rendering thread since ID is off and no active PT layers.
11-04 18:21:49.366  1824  3311 I [CT]    : MIXEDREALITY: MrServiceModel: Hibernating caller (most likely rendering thread) due to commandQueue being empty.
11-04 18:21:49.367  1406 15213 I Vsync   : Vsync 8785:  1 x 11.14 ms (71.82 Hz, at 8628.981)
11-04 18:21:49.373  1406 15213 I CompositorVR: WarpToScreen: Skipping frames for 22
11-04 18:21:49.374  1406  2712 I VrRuntimeService: DestroySwapChain: swapchain=398
11-04 18:21:49.374  1406  2506 I SwapChain: DestroyAndroidSurfaceSwapChain: 0x79194dd000: Destroying SurfaceTexture 0x2caa Surface 0x2c86
11-04 18:21:49.374  1406  2712 I VrRuntimeServer: DestroyTextureSwapChain: result destroyswapchain 1
11-04 18:21:49.375  1406  2712 I VrRuntimeService: DestroySwapChain: swapchain=397
11-04 18:21:49.375  1406  2506 I SwapChain: DestroyAndroidSurfaceSwapChain: 0x7919488000: Destroying SurfaceTexture 0x2d06 Surface 0x2cf2
11-04 18:21:49.375  1406  2712 I VrRuntimeServer: DestroyTextureSwapChain: result destroyswapchain 1
11-04 18:21:49.379  3150 15957 I chatty  : uid=10020(com.oculus.vrshell) OVR::Stats expire 3 lines
11-04 18:21:49.380  1799 11153 I RuntimeIPCServerMgr: HandleClientDisconnect: Client: com.oculus.vrshell:com.oculus.vrshell:Overlay:2354, Server: com.oculus.os.dialoghost:com.oculus.os.dialoghost (DialogHostService)
11-04 18:21:49.381   721  4619 I audio_hw_primary: getting vr mode to 0
11-04 18:21:49.382  1406 15213 I CompositorVR: WarpToScreen: Skipping frames for 22
11-04 18:21:49.382   749  1190 I AudioPolicyManagerCustom: VR mode is 0, switch to primary output if request is for fast|raw
11-04 18:21:49.382  2125  2207 I Clay    : xrPollEvent: DISPLAY_REFRESH_RATE_CHANGED_FB: 72.000000 -> 90.000000
11-04 18:21:49.383   749  1190 W AudioFlinger: createTrack_l(): mismatch between requested flags (00000104) and output flags (00000006)
11-04 18:21:49.383   749  1190 D AudioFlinger: Client defaulted notificationFrames to 192 for frameCount 384
11-04 18:21:49.384   749  1190 D AF::TrackHandle: OpPlayAudio: track:149 uid:10020 pkg:com.oculus.vrshell usage:1 not muted
11-04 18:21:49.390  1508  1508 V AvrcpMediaPlayerList: onPlaybackConfigChanged(): Configs list size=10
11-04 18:21:49.393  1406 15213 I CompositorVR: WarpToScreen: Skipping frames for 22
11-04 18:21:49.394  1044  3551 I MediaFocusControl: requestAudioFocus() from uid/pid 10020/3150 clientId=android.media.AudioManager@5e3698dcom.oculus.vrshell.ShellAudioFocusHandler@c0b1742 callingPack=com.oculus.vrshell req=1 flags=0x0 sdk=29
11-04 18:21:49.397  2208  2208 E OVRMediaServiceManager: LivestreamingManager Not initialized
11-04 18:21:49.401  2208  2208 I OVRMediaServiceManager: Sending onAppStart (com.oculus.shellenv) to SocialPlatform (com.oculus.socialplatform)
11-04 18:21:49.402  1729  1729 D OculusNotificationListenerService: Notification posted: 0|android|0|com.android.server.wm.AlertWindowNotification - com.oculus.vrshell|1000
11-04 18:21:49.402  1406  2712 I VrRuntimeService: DestroySwapChain: swapchain=399
11-04 18:21:49.404  1406 15213 I CompositorVR: WarpToScreen: Skipping frames for 22
11-04 18:21:49.415  2354  2354 I chatty  : uid=10020(com.oculus.vrshell) ShellOverlayMai expire 8 lines
11-04 18:21:49.415  1406 15213 I CompositorVR: WarpToScreen: Skipping frames for 22
11-04 18:21:49.420  1824  3556 I [CT]    : MIXEDREALITY: MrFeatureStatus: Client status changed from Started to Paused.
11-04 18:21:49.420  1824  3556 I [CT]    : MIXEDREALITY: MrFeatureStatus: Target status Started, CurrentStatus: Started
11-04 18:21:49.421  1824  3311 I [CT]    : MIXEDREALITY: VrApiSupport: renderIteration: Display refresh rate changed, new value: 90.
11-04 18:21:49.421  1824  3311 I [CT]    : MIXEDREALITY: MrRuntimeImpl: onDisplayRefreshRateChanged: Display rate changed from 72 to 90.
11-04 18:21:49.421  1824  3311 I [CT]    : MIXEDREALITY: MrRuntimeImpl: Force telemetry to be sent now.
11-04 18:21:49.421  1824  3311 I [CT]    : MIXEDREALITY: MrRuntimeImpl: Reset telemetry such to start collecting data using the new refresh rate.
11-04 18:21:49.421  1824  3311 I [CT]    : MIXEDREALITY: MrRuntimeImpl: setSessionInitTime: Capability 0: timer set to 8629.034868006 ns, duration reset after 2.064103698 s.
11-04 18:21:49.421  1799 11153 D RuntimeIPCServerMgr: RegisterClient: Client: com.oculus.vrshell:com.oculus.vrshell:3150, Server: com.oculus.os.dialoghost:com.oculus.os.dialoghost (DialogHostService)
11-04 18:21:49.421  1799 11153 I IPCSharedMemory: CreateSharedMemory: Allocated shared memory fd 42 (ipcStateReadWrite)
11-04 18:21:49.422  1824  3311 I [CT]    : MIXEDREALITY: MrRuntimeImpl: setSessionInitTime: Capability 2: timer set to 8629.035658996 ns, duration reset after 2.06487651 s.
11-04 18:21:49.422  1799 11153 I IPCSharedMemory: CreateSharedMemory: Allocated shared memory fd 43 (ipcReadOnlyState)
11-04 18:21:49.422  1799 11153 I RuntimeIPCServerMgr: Event buffer size (server): 8192
11-04 18:21:49.422  1824  3311 I [CT]    : MIXEDREALITY: MrServiceView: renderIteration: Nothing to render, hibernating the rendering thread since ID is off and no active PT layers.
11-04 18:21:49.422  1824  3311 I [CT]    : MIXEDREALITY: MrServiceModel: Hibernating caller (most likely rendering thread) due to commandQueue being empty.
11-04 18:21:49.422  1799 11153 I IPCSharedMemory: CreateSharedMemory: Allocated shared memory fd 44 (ipcEventBuffer)
11-04 18:21:49.422  1799 11153 I IPCSharedMemory: CreateSharedMemory: Allocated shared memory fd 45 (ipcEventBuffer_Private)
11-04 18:21:49.423  1799 11153 I RuntimeIPCServerMgr: HandleClientConnect SUCCESS: Client: com.oculus.vrshell:com.oculus.vrshell:3150, Server: com.oculus.os.dialoghost:com.oculus.os.dialoghost (DialogHostService)
11-04 18:21:49.426  1406 15213 I CompositorVR: WarpToScreen: Skipping frames for 22
11-04 18:21:49.428  1799 11153 I RuntimeIPCServerMgr: GetServerStatesConfig -> {MaxBufferSize=32768, MaxEntries=64}
11-04 18:21:49.429  1729  1729 D OculusNotificationListenerService: Notification removed: 0|android|0|com.android.server.wm.AlertWindowNotification - com.oculus.vrshell|1000
11-04 18:21:49.435  1406  3253 I VrRuntimeService: RuntimeServiceSDKServer::RecenterLocalSpace
11-04 18:21:49.435  1406  3253 I VrRuntimeService: RuntimeServiceSDKServer::RecenterLocalSpaceInternal
11-04 18:21:49.435  1406  3253 I VrRuntimeServer: UpdateLocalSpace: Src: 2, Version: 58, VersionUser: 0, RawFloorHeightOld: -1.479450, RawFloorHeightNew: -1.479450
11-04 18:21:49.438  1406 15213 I CompositorVR: WarpToScreen: Skipping frames for 22
11-04 18:21:49.442  1406  2900 I VrRuntimeService: CreateAndroidSurfaceSwapChain: 427519985
11-04 18:21:49.442  1406  2900 I VrRuntimeService: CreateAndroidSurfaceSwapChain: 131072 1 32856 65536 65536 1 1 1 0 3
11-04 18:21:49.442  1406  2506 I SwapChain_Surface: CreateAndroidSurfaceSwapChainGLES: 0x79194dd000: SurfaceTexture 0x2ca2 Surface 0x2c8a
11-04 18:21:49.442  1406  2900 I VrRuntimeServer: CreateAndroidSurfaceSwapChain: result surface 0x79194dd000
11-04 18:21:49.444  1406  2900 I VrRuntimeService: CreateAndroidSurfaceSwapChain: 427519985
11-04 18:21:49.444  1406  2900 I VrRuntimeService: CreateAndroidSurfaceSwapChain: 131072 1 32856 65536 65536 1 1 1 0 3
11-04 18:21:49.444  1406  2506 I SwapChain_Surface: CreateAndroidSurfaceSwapChainGLES: 0x7919520000: SurfaceTexture 0x2c4a Surface 0x2c02
11-04 18:21:49.444  1406  2900 I VrRuntimeServer: CreateAndroidSurfaceSwapChain: result surface 0x7919520000
11-04 18:21:49.445  2125  2207 I Clay    : xrPollEvent: REFERENCE_SPACE_CHANGE_PENDING
11-04 18:21:49.447  2208  2208 E OVRMediaServiceManager: LivestreamingManager Not initialized
11-04 18:21:49.449  1406 15213 I CompositorVR: WarpToScreen: Skipping frames for 22
11-04 18:21:49.460  1406 15213 I CompositorVR: WarpToScreen: Skipping frames for 22
11-04 18:21:49.461  2954  3032 I GuardianSystem: UpdateSystem: Responding to local space version number change.
11-04 18:21:49.461  2954  3032 I GuardianSurfaceMgr: ForceShowSurfaceBounds: Soft fade out: currentTime 8629.08, ForceShowTime 8630.08, ForceShowFadeTime 8631.08
11-04 18:21:49.461  2954  3032 I GuardianSystem: ForceShowGuardian: false, 1.00
11-04 18:21:49.465  2354  2354 I chatty  : uid=10020(com.oculus.vrshell) ShellOverlayMai expire 1 line
11-04 18:21:49.465  3150  3254 I chatty  : uid=10020(com.oculus.vrshell) ShellMainVR expire 2 lines
11-04 18:21:49.465  2954  3575 I VrGuardianService: GuardianSDKServer::SetGuardianHitDialog2 0
11-04 18:21:49.466  1799  7244 I RuntimeIPCServerMgr: GetServerStatesConfig -> {MaxBufferSize=32768, MaxEntries=64}
11-04 18:21:49.466  3150  3254 I RuntimeIPCClient: InitServerStateBuffer: SUCCESS. 1, Client: com.oculus.vrshell:com.oculus.vrshell:3150, Server: com.oculus.os.dialoghost:com.oculus.os.dialoghost (DialogHostService)
11-04 18:21:49.466  3150  3254 I [SEO] PanelAppOSLifecycleNotificationManager: Sending frameState isForeground:0 to OS for app com.oculus.systemux/com.oculus.panelapp.quicksettings.QuickSettingsPanelService
11-04 18:21:49.466  3150  3254 I [SEO] PanelAppOSLifecycleNotificationManager: Sending frameState isForeground:0 to OS for app com.oculus.systemux/com.oculus.panelapp.controlbar.ControlBarPanelService
11-04 18:21:49.466  2354  2852 I VrApi   : OVR::Stats thread stopped
11-04 18:21:49.466  2354  2852 I InputDeviceManager: ovrInputDeviceManager::~ovrInputDeviceManager
11-04 18:21:49.466  2354  2852 I InputDevice_TrackedRemote: OSSDKTRACKING shutting down Haptics
11-04 18:21:49.466  2354  2852 I chatty  : uid=10020(com.oculus.vrshell) ShellOverlayVR identical 2 lines
11-04 18:21:49.466  2354  2852 I InputDevice_TrackedRemote: OSSDKTRACKING shutting down Haptics
11-04 18:21:49.466  2354  2852 I OSHandDataQuerier: OSSDKTRACKING shutting down HandsTracker
11-04 18:21:49.466  2354  2852 I OSHandDataQuerier: OSSDKTRACKING shutting down HandsTracker
11-04 18:21:49.467  3150  3254 I [SEO] ShellEnvHomeController: copresence: received setCollisionShapes
11-04 18:21:49.467  2125  2207 I Clay    : EnvironmentSystem: setCurrentEnvironment from '' to 'apk://com.environment.matrixloadingvoid/assets/scene.zip'. Computed visibility: Visible (reason: <none>)
11-04 18:21:49.468  3150 15963 I FenceChecker: FenceChecker::MainLoop - started
11-04 18:21:49.469  2208  2855 W OVRLibrary: null cursor received for query content://com.oculus.ocms.library/apps/com.oculus.vrshell
11-04 18:21:49.470  3150  3254 I OpenXR  : PostSessionStateChange: XR_SESSION_STATE_READY -> XR_SESSION_STATE_SYNCHRONIZED
11-04 18:21:49.470  3150  3254 I [SEO] VrPlatformOpenXr: xrPollEvent: received XR_TYPE_EVENT_DATA_REFERENCE_SPACE_CHANGE_PENDING event
11-04 18:21:49.470  3150  3254 I OpenXR  : PostSessionStateChange: XR_SESSION_STATE_SYNCHRONIZED -> XR_SESSION_STATE_VISIBLE
11-04 18:21:49.470  3150  3254 I OpenXR  : PostSessionStateChange: XR_SESSION_STATE_VISIBLE -> XR_SESSION_STATE_FOCUSED
11-04 18:21:49.470  3150  3254 I [SEO] VrPlatformOpenXr: xrPollEvent: received XR_TYPE_EVENT_DATA_DISPLAY_REFRESH_RATE_CHANGED_FB event: fromRate 72.000000 -> toRate 90.000000
11-04 18:21:49.470  3150  3254 I [SEO] VrPlatformOpenXr: xrPollEvent: received XR_TYPE_EVENT_DATA_SESSION_STATE_CHANGED: 3 for session 0x3 at time 8629.084172
11-04 18:21:49.470  3150  3254 I [SEO] VrPlatformOpenXr: Session state changed XR_SESSION_STATE_SYNCHRONIZED
11-04 18:21:49.470  3150  3254 I [SEO] VrPlatformOpenXr: xrPollEvent: received XR_TYPE_EVENT_DATA_SESSION_STATE_CHANGED: 4 for session 0x3 at time 8629.084199
11-04 18:21:49.470  3150  3254 I [SEO] VrPlatformOpenXr: Session state changed XR_SESSION_STATE_VISIBLE
11-04 18:21:49.470  3150  3254 I [SEO] VrPlatformOpenXr: xrPollEvent: received XR_TYPE_EVENT_DATA_SESSION_STATE_CHANGED: 5 for session 0x3 at time 8629.084205
11-04 18:21:49.470  3150  3254 I [SEO] VrPlatformOpenXr: Session state changed XR_SESSION_STATE_FOCUSED
11-04 18:21:49.471  2208  2208 I OVRMediaService: onStartCommand Received message type: overlay_input_focus_change, caller package: com.oculus.vrshell, app identify: AppIdentity{uid=10020, packageNames=[com.oculus.vrshell], sha1=MxZgtt071YLz39PLrkVGckZooCE, sha2=3C-DTjwZQjeLFPB2yCzRq1nqZWa_9HMLIEfpjvyfna8, version=null, domain=null}
11-04 18:21:49.471  1406 15213 I CompositorVR: WarpToScreen: Skipping frames for 22
11-04 18:21:49.473  2208  2208 I OVRMediaService: Received OVERLAY_INPUT_FOCUS_CHANGE. is focused: true
11-04 18:21:49.475   749  4622 D AF::RecordHandle: OpRecordAudio: track:143 uid:10032 pkg:com.oculus.horizon usage:0 not muted
11-04 18:21:49.475   749  4531 D AF::RecordHandle: OpRecordAudio: track:146 uid:10033 pkg:com.oculus.xrstreamingclient usage:0 muted
11-04 18:21:49.475  2354 15915 I ClientInputThread_Internal: InputThreadRun ShutdownRequest received
11-04 18:21:49.475   749  1190 D AF::RecordHandle: OpRecordAudio: track:56 uid:10014 pkg:com.oculus.shellenv usage:0 not muted
11-04 18:21:49.476  2354  2852 D InputHooksJava: Disabling Java Input Hooks
11-04 18:21:49.476  2354  2852 I ClientInputTrackedKeyboardManager: TRACKEDKEYBOARD ClearTrackedObjectManager called on client
11-04 18:21:49.476  2354  2852 I RuntimeIPCClientMgr: RuntimeIPCClientMgr::DisconnectFromServer: Remaining refs: 3, Client: com.oculus.vrshell:com.oculus.vrshell:Overlay:2354, Server: com.oculus.vrshell:com.oculus.vrshell:Overlay (ptkserviceserver)
11-04 18:21:49.476  2354  2852 I RuntimeIPCApi: ipc_Shutdown
11-04 18:21:49.476  2354  2852 I RuntimeIPCServiceClient: Shutdown: Refs still outstanding: 17, com.oculus.vrshell:Overlay
11-04 18:21:49.476  1406  2712 I VrRuntimeService: RuntimeServiceSDKServer::EnableRendering: 0x0, 0, com.oculus.vrshell:Overlay
11-04 18:21:49.476  1406  2712 I ClientMgr: ClientMgr::EnableRendering 2354:com.oculus.vrshell : type 1 comp-id 4: disable
11-04 18:21:49.476  1406  2712 I VrRuntimeServer: DisableCompositorClient: 4
11-04 18:21:49.476  1406  2712 I CompositorClientMgr: Disable client 4
11-04 18:21:49.476  1406  2712 I CompositorClientMgr: DisableClient: frame flush required: 1
11-04 18:21:49.478  3150  3254 I [SEO] ShellEnvHomeController: copresence: processing currentCollisionShapes
11-04 18:21:49.478  3150  3254 I [SEO] ShellEnvHomeController: Theaterscreen transform node set for the env size x: 4.660000, y: 2.621250
11-04 18:21:49.478  3150  3254 I [SEO] LocalSpace: New Space: quat(-0.148836, 0.000296, 0.001965, 0.988860), translation(0.000000, 1.447868, 0.000000) - Prior Space: quat(-0.148836, 0.000296, 0.001965, 0.988860), translation(0.000000, 1.447868, 0.000000)
11-04 18:21:49.478  3150  3254 I [SEO] LocalSpace: Local space version from 50 to 51, local space user version from 0 to 0.
11-04 18:21:49.480  3150  3254 I [SEO] SystemUXController: OnReorient(reason: 3)
11-04 18:21:49.482  1406 15213 I CompositorVR: WarpToScreen: Skipping frames for 22
11-04 18:21:49.484  3150  3254 I [SEO] TelemetryProvider: aui_reorient system 0 0 0 com.oculus.shellenv
11-04 18:21:49.488  2125  2207 I Clay    : EnvironmentSystem: Loading 'apk://com.environment.matrixloadingvoid/assets/scene.zip' as asset package
11-04 18:21:49.493  1406 15213 I CompositorVR: LatchWarpClients: Multiple Primary Clients detected. Skipping frames for 22
11-04 18:21:49.493  1406 15213 I CompositorVR: WarpToScreen: Skipping frames for 22
11-04 18:21:49.497   851   851 I chatty  : uid=1000(system) /system/bin/trackingservice identical 3 lines
11-04 18:21:49.497  3523 15430 I chatty  : uid=10026 com.oculus.systemux:SystemUX expire 8 lines
