10-23 16:49:14.728  4485  4581 E OsSdk   : error getting shared memory region, memory type: AnchorTracker, failed with Status(-1, EX_SECURITY): 'requested shared memory region when not registered/focused'
10-23 16:49:14.732  1952 13728 I CompositorVR: WarpToScreen: Skipping frames for 11
10-23 16:49:14.754  1952 13728 I chatty  : uid=10025(com.oculus.systemdriver) OVR::TimeWarp identical 2 lines
10-23 16:49:14.765  1952 13728 I CompositorVR: WarpToScreen: Skipping frames for 11
10-23 16:49:14.771  4485  4581 E OsSdk   : error getting shared memory region, memory type: HeadTracker, failed with Status(-1, EX_SECURITY): 'requested shared memory region when not registered/focused'
10-23 16:49:14.776  1952 13728 I CompositorVR: WarpToScreen: Skipping frames for 11
10-23 16:49:14.788  1952 13728 I CompositorVR: WarpToScreen: Skipping frames for 11
10-23 16:49:14.794 13524 13801 D UE4     : [2022.10.23-15.49.14:794][608]LogTcpMessaging: Lost node '27A75EEF4A56C0F5E4EEBFACA97A8295' on connection '127.0.0.1:36733'...
10-23 16:49:14.799  1952 13728 I CompositorVR: WarpToScreen: Skipping frames for 11
10-23 16:49:14.810  1952 13728 I CompositorVR: WarpToScreen: Skipping frames for 11
10-23 16:49:14.816  4485  4581 E OsSdk   : error getting shared memory region, memory type: HeadTracker, failed with Status(-1, EX_SECURITY): 'requested shared memory region when not registered/focused'
10-23 16:49:14.821  1952 13728 I CompositorVR: WarpToScreen: Skipping frames for 11
10-23 16:49:14.843  1952 13728 I chatty  : uid=10025(com.oculus.systemdriver) OVR::TimeWarp identical 2 lines
10-23 16:49:14.854  1952 13728 I CompositorVR: WarpToScreen: Skipping frames for 11
10-23 16:49:14.861  4485  4581 E OsSdk   : error getting shared memory region, memory type: HeadTracker, failed with Status(-1, EX_SECURITY): 'requested shared memory region when not registered/focused'
10-23 16:49:14.865  1952 13728 I CompositorVR: WarpToScreen: Skipping frames for 11
10-23 16:49:14.888  1952 13728 I chatty  : uid=10025(com.oculus.systemdriver) OVR::TimeWarp identical 2 lines
10-23 16:49:14.899  1952 13728 I CompositorVR: WarpToScreen: Skipping frames for 11
10-23 16:49:14.905   852  1722 I chatty  : uid=1000(system) Binder:852_3 identical 9 lines
10-23 16:49:14.906  4485  4581 E OsSdk   : error getting shared memory region, memory type: HeadTracker, failed with Status(-1, EX_SECURITY): 'requested shared memory region when not registered/focused'
10-23 16:49:14.910  1952 13728 I CompositorVR: WarpToScreen: Skipping frames for 11
10-23 16:49:14.921  1952 13728 I chatty  : uid=10025(com.oculus.systemdriver) OVR::TimeWarp identical 1 line
10-23 16:49:14.932  1952 13728 I CompositorVR: WarpToScreen: Skipping frames for 11
10-23 16:49:14.934 13524 13554 D UE4     : [2022.10.23-15.49.14:934][608]LogCore: Display: AppLifetime: Application will deactivate
10-23 16:49:14.934 13524 13613 D OVRPlugin: Leaving VR mode.
10-23 16:49:14.934 13524 13613 I VrApi   : ---------- vrapi_LeaveVrMode [start] ----------
10-23 16:49:14.937 13524 13613 I XrRuntimeUtils: XrRuntimeUtils::EndSession
10-23 16:49:14.940 13524 13613 D VrApi   : targetSDKVersion 29
10-23 16:49:14.942 13524 13613 I VrRuntimeClient: DEVICE MODEL NUMBER = Quest
10-23 16:49:14.942 13524 13613 I VrRuntimeClient: DEVICE BUILD NAME = user-47421700667400000
10-23 16:49:14.942 13524 13613 I VrRuntimeClient: DEVICE BUILD TYPE = user
10-23 16:49:14.942 13524 13613 I VrRuntimeClient: DEVICE OS VERSION = 10
10-23 16:49:14.942 13524 13613 I VrRuntimeClient: API LOADER VERSION = 1.44.0
10-23 16:49:14.942 13524 13613 I VrRuntimeClient: RUNTIME API VERSION = 1.63.0
10-23 16:49:14.942 13524 13613 I VrRuntimeClient: RUNTIME VERSION = 46.0.0.226.0 Sep  6 2022 02:18:30 RELEASE
10-23 16:49:14.942 13524 13613 I VrRuntimeClient: APP NAME = TemplateProject
10-23 16:49:14.942 13524 13613 I VrRuntimeClient: APP VERSION = 1.0 versionCode 1 internalVersionName <none>
10-23 16:49:14.942 13524 13613 I VrRuntimeClient: APP VR TYPE = <none>
10-23 16:49:14.942 13524 13613 I VrRuntimeClient: APP MODE TYPE = VR
10-23 16:49:14.942 13524 13613 I VrRuntimeClient: APP PACKAGE NAME = com.YourCompany.TemplateProject
10-23 16:49:14.942 13524 13613 I VrRuntimeClient: APP ACTIVITY CLASS = com.epicgames.ue4.GameActivity
10-23 16:49:14.943 13524 13613 D BatteryReceiver: Unregistering battery receiver
10-23 16:49:14.943 13524 13613 I Sensor  : OSSDKTRACKING Shutdown tracking
10-23 16:49:14.943 13524 13613 I LogTimer: CPUTIME: VrRuntimeClient_EndSession took 5.8643 ms
10-23 16:49:14.943  1952 13728 I CompositorVR: WarpToScreen: Skipping frames for 11
10-23 16:49:14.947   852  1722 W TrackingService: attachClient: found client in attached list
10-23 16:49:14.948  4485  4581 E OsSdk   : error getting shared memory region, memory type: HeadTracker, failed with Status(-1, EX_SECURITY): 'requested shared memory region when not registered/focused'
10-23 16:49:14.950 13524 13777 I VrApi   : FPS=72/72,Prd=60ms,Tear=0,Early=72,Stale=0,VSnc=1,Lat=1,Fov=0,CPU4/GPU=4/4,2419/490MHz,OC=FF,TA=0/F/F,SP=N/N/N,Mem=2092MHz,Free=2162MB,PLS=0,Temp=30.5C/0.0C,TW=3.58ms,App=3.33ms,GD=0.00ms,CPU&GPU=7.59ms,LCnt=4(DR30,LM0),GPU%=0.59,CPU%=0.19(W0.23),DSF=1.00,CFL=19.65/21.57
10-23 16:49:14.952 13524 13613 I VrApi   : OVR::Stats thread stopped
10-23 16:49:14.952 13524 13613 I InputDeviceManager: ovrInputDeviceManager::~ovrInputDeviceManager
10-23 16:49:14.952 13524 13613 I InputDevice_TrackedRemote: OSSDKTRACKING shutting down Haptics
10-23 16:49:14.952 13524 13613 I chatty  : uid=10119(com.YourCompany.TemplateProject) identical 2 lines
10-23 16:49:14.952 13524 13613 I InputDevice_TrackedRemote: OSSDKTRACKING shutting down Haptics
10-23 16:49:14.952 13524 13613 I OSHandDataQuerier: OSSDKTRACKING shutting down HandsTracker
10-23 16:49:14.952 13524 13613 I OSHandDataQuerier: OSSDKTRACKING shutting down HandsTracker
10-23 16:49:14.952 13524 13613 D OsSdk   : TrackingServiceConnection dtor
10-23 16:49:14.953   852  1722 I TrackingService: Unregistering client by ITrackingService.unregisterClient
10-23 16:49:14.953   852  1722 I TrackingService: Failed to unregister client because client not found in registered list
10-23 16:49:14.953   852  1722 I chatty  : uid=1000(system) Binder:852_3 identical 7 lines
10-23 16:49:14.953   852  1722 I TrackingService: Failed to unregister client because client not found in registered list
10-23 16:49:14.953   852  1722 D TrackingService: unregister: com.YourCompany.TemplateProject
10-23 16:49:14.953 13524 13613 D OsSdk   : TrackingServiceConnection unregistered
10-23 16:49:14.954  1952 13728 I CompositorVR: WarpToScreen: Skipping frames for 11
10-23 16:49:14.966  1952 13728 I CompositorVR: WarpToScreen: Skipping frames for 11
10-23 16:49:14.974 13524 13774 I ClientInputThread_Internal: InputThreadRun ShutdownRequest received
10-23 16:49:14.974 13524 13613 I InputHooks_Internal: Disabling Native Input Hooks
10-23 16:49:14.975 13524 13613 I ClientInputTrackedKeyboardManager: TRACKEDKEYBOARD ClearTrackedObjectManager called on client
10-23 16:49:14.975  1952 13597 I VrRuntimeService: RuntimeServiceSDKServer::EnableRendering: 0x0, 0, com.YourCompany.TemplateProject
10-23 16:49:14.975  1952 13597 I ClientMgr: ClientMgr::EnableRendering 13524:com.YourCompany.TemplateProject : type 0 comp-id 11: disable
10-23 16:49:14.975  1952 13597 I VrRuntimeServer: DisableCompositorClient: 11
10-23 16:49:14.975  1952 13597 I CompositorClientMgr: Disable client 11
10-23 16:49:14.975  1952 13597 I CompositorClientMgr: DisableClient: frame flush required: 1
10-23 16:49:14.977  1952 13728 I CompositorVR: WarpToScreen: Skipping frames for 11
10-23 16:49:14.986  1952  2744 I ClientMgr: Non-overlay clients rendering status has changed: prev=48, curr=49, enabled=1
10-23 16:49:14.986  1952  2744 I ClientMgr: Primary client determined to be the current enabled client 1970350996
10-23 16:49:14.988  1952 13597 I UnifiedTelemetryWrapper: Stopped UT session render:com.YourCompany.TemplateProject
10-23 16:49:14.988 13524 13787 I FenceChecker: FenceChecker::MainLoop - ended
10-23 16:49:14.989 13524 13613 I XrRuntimeUtils: XrRuntimeUtils::DestroySession
10-23 16:49:14.989 13524 13613 I VrApi   : ---------- vrapi_LeaveVrMode [end] ----------
10-23 16:49:14.989 13524 13613 D OVRPlugin: Reset m_session to nullptr
10-23 16:49:14.990 13524 13554 D UE4     : [GameActivity] Unregistering volume receiver
10-23 16:49:14.990 13524 13554 D UE4     : [GameActivity] Unregistering battery receiver
10-23 16:49:14.991 13524 13554 D UE4     : [GameActivity] Unregistering headset receiver
10-23 16:49:14.992   852  1722 W TrackingService: attachClient: found client in attached list
10-23 16:49:14.992 13524 13554 D UE4     : [2022.10.23-15.49.14:992][608]LogCore: Display: AppLifetime: Application will enter background
10-23 16:49:14.992 13524 13554 D UE4     : [2022.10.23-15.49.14:992][608]LogTemp: Android pause audio
10-23 16:49:14.993 13524 13554 D UE4     : [2022.10.23-15.49.14:993][608]LogAudioMixerAndroid: Display: Suspending android audio renderer
10-23 16:49:14.993  4485  4581 E OsSdk   : error getting shared memory region, memory type: HeadTracker, failed with Status(-1, EX_SECURITY): 'requested shared memory region when not registered/focused'
10-23 16:49:14.993 13524 13554 D         : PlayerBase::pause() from IPlayer
10-23 16:49:14.993 13524 13555 D UE4     : [2022.10.23-15.49.14:993][608]LogAndroid: Blocking renderer on invalid window.
10-23 16:49:14.993 13524 13555 D UE4     : [2022.10.23-15.49.14:993][608]LogAndroid: Waiting for renderer to encounter blocking command.
10-23 16:49:14.993   852 13051 I [CT]    : CONSTELLATION:IMU_STATUS: 86557c336c360320 (L): [FusionTracked=1.000, OutputTracked=1.000, OutputValid=1.000] [AccelSat=0.000, GyroSat=0.000] 
10-23 16:49:14.993 13524 13785 D UE4     : [2022.10.23-15.49.14:993][608]LogAndroid: Blocking renderer
10-23 16:49:14.994 13524 13555 D UE4     : LogAndroidEvents::EnqueueAppEvent : 13, [width=-1, height=-1], tid = 13555, APP_EVENT_STATE_APP_SUSPENDED
10-23 16:49:14.994  4485  4581 E OsSdk   : error getting shared memory region, memory type: AnchorTracker, failed with Status(-1, EX_SECURITY): 'requested shared memory region when not registered/focused'
10-23 16:49:14.994 13524 13555 D UE4     : Case APP_CMD_TERM_WINDOW, tid = 13555
10-23 16:49:14.994 13524 13555 D UE4     : [2022.10.23-15.49.14:994][608]LogAndroid: Case APP_CMD_TERM_WINDOW
10-23 16:49:14.994 13524 13555 D UE4     : LogAndroidEvents::EnqueueAppEvent : 3, [width=-1, height=-1], tid = 13555, APP_EVENT_STATE_WINDOW_DESTROYED
10-23 16:49:14.994  1343  1343 V AvrcpMediaPlayerList: onPlaybackConfigChanged(): Configs list size=10
10-23 16:49:14.995 13524 13554 D UE4     : [2022.10.23-15.49.14:995][608]LogHMD: Error: FOculusHMDModule::GetPluginWrapper().WaitToBeginFrame 1606 failed (-1003)
10-23 16:49:15.003  2900 13893 I Telemetry: App memory usage: PSS=91 MiB, PrivateDirty=71 MiB, PrivateClean=1 MiB, GPU=16.3/16.5 MiB (99% allocated)
10-23 16:49:15.007  2092 13885 I Telemetry: App memory usage: PSS=365 MiB, PrivateDirty=320 MiB, PrivateClean=30 MiB, GPU=66.6/67.1 MiB (100% allocated)
10-23 16:49:15.008  2092 13885 I VrApi   : FPS=20/90,Prd=28ms,Tear=0,Early=0,Stale=2,VSnc=0,Lat=-1,Fov=0,CPU4/GPU=4/3,2419/490MHz,OC=FF,TA=0/70/0,SP=N/F/N,Mem=2092MHz,Free=2113MB,PLS=0,Temp=30.5C/0.0C,TW=1.80ms,App=2.86ms,GD=0.15ms,CPU&GPU=0.00ms,LCnt=0(DR0,LM0),GPU%=0.65,CPU%=0.29(W0.40),DSF=1.00,CFL=14.90/27.80
10-23 16:49:15.012 13524 13554 D UE4     : [2022.10.23-15.49.15:012][609]LogAndroidEvents: Display: LogAndroidEvents::DequeueAppEvent : 13, [width=-1, height=-1], APP_EVENT_STATE_APP_SUSPENDED
10-23 16:49:15.012 13524 13554 D UE4     : FAppEventManager::Tick processing, 13
10-23 16:49:15.012 13524 13554 D UE4     : Execution will be paused...
10-23 16:49:15.012 13524 13554 D UE4     : [2022.10.23-15.49.15:012][609]LogAndroidEvents: Display: LogAndroidEvents::DequeueAppEvent : 3, [width=-1, height=-1], APP_EVENT_STATE_WINDOW_DESTROYED
10-23 16:49:15.012 13524 13554 D UE4     : FAppEventManager::Tick processing, 3
10-23 16:49:15.012 13524 13554 D UE4     : APP_EVENT_STATE_WINDOW_DESTROYED, 0, 0, 0
10-23 16:49:15.012 13524 13554 D UE4     : FAppEventManager::Tick EventHandlerEvent Wait 
10-23 16:49:15.012 13524 13554 D UE4     : FAppEventManager::Tick EventHandlerEvent DONE Wait 
10-23 16:49:15.027 13524 13524 V UE4     : [GameApp] App in background
10-23 16:49:15.027 13524 13555 D UE4     : [2022.10.23-15.49.15:027][609]LogAndroid: Case APP_CMD_STOP
10-23 16:49:15.027 13524 13555 D UE4     : LogAndroidEvents::EnqueueAppEvent : 8, [width=-1, height=-1], tid = 13555, APP_EVENT_STATE_ON_STOP
10-23 16:49:15.028 13524 13524 D UE4     : [GameActivity] ==============> GameActive.onStop complete!
10-23 16:49:15.029 13524 13524 D UE4     : [GameActivity] onDestroy: destroy memoryHandlerThread
10-23 16:49:15.030 13524 13555 D UE4     : [2022.10.23-15.49.15:030][609]LogAndroid: Case APP_CMD_INPUT_CHANGED
10-23 16:49:15.030 13524 13555 D UE4     : [2022.10.23-15.49.15:030][609]LogAndroid: Case APP_CMD_DESTROY
10-23 16:49:15.030 13524 13555 D UE4     : LogAndroidEvents::EnqueueAppEvent : 15, [width=-1, height=-1], tid = 13555, APP_EVENT_RUN_CALLBACK
10-23 16:49:15.030 13524 13555 D UE4     : LogAndroidEvents::EnqueueAppEvent : 5, [width=-1, height=-1], tid = 13555, APP_EVENT_STATE_ON_DESTROY
10-23 16:49:15.032 13524 13555 I TemplateProjec: System.exit called, status: 0
10-23 16:49:15.032 13524 13555 I AndroidRuntime: VM exiting with result code 0, cleanup skipped.
10-23 16:49:15.038  4485  4581 E OsSdk   : error getting shared memory region, memory type: HeadTracker, failed with Status(-1, EX_SECURITY): 'requested shared memory region when not registered/focused'
10-23 16:49:15.083  4485  4581 E OsSdk   : error getting shared memory region, memory type: HeadTracker, failed with Status(-1, EX_SECURITY): 'requested shared memory region when not registered/focused'
10-23 16:49:15.086   726   726 D msm8974_platform: platform_split_snd_device: snd_device(22) num devices(1) new_snd_devices(0)
10-23 16:49:15.124  1952 13607 W RuntimeIPCServerMgr: RPCClientHandler::MainLoop: Error reading pipe: Client: com.YourCompany.TemplateProject:com.YourCompany.TemplateProject:13524, Server: com.oculus.systemdriver:com.oculus.vrruntimeservice (HapticsServer)
10-23 16:49:15.124  2874 13603 W RuntimeIPCServerMgr: RPCClientHandler::MainLoop: Error reading pipe: Client: com.YourCompany.TemplateProject:com.YourCompany.TemplateProject:13524, Server: com.oculus.guardian:com.oculus.vrguardianservice (guardianserver)
10-23 16:49:15.127  4485  4581 E OsSdk   : error getting shared memory region, memory type: HeadTracker, failed with Status(-1, EX_SECURITY): 'requested shared memory region when not registered/focused'
10-23 16:49:15.129  2325 13602 W RuntimeIPCServerMgr: RPCClientHandler::MainLoop: Error reading pipe: Client: com.YourCompany.TemplateProject:com.YourCompany.TemplateProject:13524, Server: com.oculus.vrshell:com.oculus.vrshell:Overlay (ptkserviceserver)
10-23 16:49:15.130  1952 13597 W RuntimeIPCServerMgr: RPCClientHandler::MainLoop: Error reading pipe: Client: com.YourCompany.TemplateProject:com.YourCompany.TemplateProject:13524, Server: com.oculus.systemdriver:com.oculus.vrruntimeservice (RuntimeServiceServer)
10-23 16:49:15.130  1952 13597 I VrRuntimeService: RuntimeIPC: IPC_SYSTEM_EVENT_CLIENT_DISCONNECTED_EXT: com.YourCompany.TemplateProject
10-23 16:49:15.130  1952 13597 I ClientMgr: ClientMgr::DestroyClient: 13524:com.YourCompany.TemplateProject
10-23 16:49:15.130  1952 13597 I ClientMgr: ClientMgr::DestroyClient Destroying 3 swapchain(s) for 13524:com.YourCompany.TemplateProject.
10-23 16:49:15.130  1952 13597 I ClientMgr: ClientMgr::DestroyClient: non-deferred ShutdownResources: 1605 == 1605 
10-23 16:49:15.130  1952 13597 I VrRuntimeServer: UnRegisterCompositorClient client(11)
10-23 16:49:15.130  1952 13597 I ClientMgr: RemoveClient: com.YourCompany.TemplateProject:com.YourCompany.TemplateProject:13524
10-23 16:49:15.130  1952 13596 W RuntimeIPCServerMgr: RPCClientHandler::MainLoop: Error reading pipe: Client: com.YourCompany.TemplateProject:com.YourCompany.TemplateProject:13524, Server: com.oculus.systemdriver:com.oculus.vrruntimeservice (gkcache)
10-23 16:49:15.130   852 13710 I [CT]    : VIPER: Mode=SuperVega,Status=6DoF,TRACKING,Inl=32,Mem=88.2,Jit=0.1mm,Issues(Cam/min=0.0,IMU/min=0.0),Exp=(6.6ms,g=6.0,I=76,Ir=1920.6)(10.9ms,g=14.0,I=116,Ir=764.8)(10.9ms,g=14.0,I=117,Ir=772.3)(8.3ms,g=11.0,I=74,Ir=822.5)
10-23 16:49:15.132  1503  4374 W SessionController: Failed to stop session (com.oculus.systemdriver:render_process_unknown) because the sessionName does not exist.
10-23 16:49:15.132  1952 13597 I UnifiedTelemetryWrapper: Stopped UT session render_process_unknown
10-23 16:49:15.135  1952 13597 I UnifiedTelemetryWrapper: Stopped UT session lifetime:com.YourCompany.TemplateProject
10-23 16:49:15.138  2874  3122 I GuardianSystem: runtimeServiceSDKClient_.ActiveClientDestroyedEventData: package=[com.YourCompany.TemplateProject], process=[com.YourCompany.TemplateProject]
10-23 16:49:15.138  2874  3122 I GuardianSystem: OnDestroyActiveClient: com.YourCompany.TemplateProject
10-23 16:49:15.151  1050  1155 W InputDispatcher: channel '51a4301 com.YourCompany.TemplateProject/com.epicgames.ue4.GameActivity (server)' ~ Consumer closed input channel or an error occurred.  events=0x9
10-23 16:49:15.151  1050  1155 E InputDispatcher: channel '51a4301 com.YourCompany.TemplateProject/com.epicgames.ue4.GameActivity (server)' ~ Channel is unrecoverably broken and will be disposed!
10-23 16:49:15.152   795   795 W IPCDataChannelAndroidBinder: binder_test2: RuntimeIPC: ConnectionDiedInfo: onBinderDied: 0, com.YourCompany.TemplateProject:com.YourCompany.TemplateProject:13524
10-23 16:49:15.152  2325  2351 W IPCDataChannelAndroidBinder: binder_test2: RuntimeIPC: ConnectionDiedInfo: onBinderDied: 1, com.YourCompany.TemplateProject:com.YourCompany.TemplateProject:13524
10-23 16:49:15.152   795   795 I RuntimeIPCService: DestroyBrokerConnection: com.YourCompany.TemplateProject:com.YourCompany.TemplateProject:13524
10-23 16:49:15.152   795   795 E IPCThreadState: attemptIncStrongHandle(63): Not supported
10-23 16:49:15.152  2325  2351 W IPCDataChannelServer: datachannel_test: Disconnected: 750335072, com.YourCompany.TemplateProject:com.YourCompany.TemplateProject:13524
10-23 16:49:15.152  1952  1974 W IPCDataChannelAndroidBinder: binder_test2: RuntimeIPC: ConnectionDiedInfo: onBinderDied: 1, com.YourCompany.TemplateProject:com.YourCompany.TemplateProject:13524
10-23 16:49:15.152  2325  2351 E IPCThreadState: attemptIncStrongHandle(69): Not supported
10-23 16:49:15.152  1952  1974 W IPCDataChannelServer: datachannel_test: Disconnected: 750335072, com.YourCompany.TemplateProject:com.YourCompany.TemplateProject:13524
10-23 16:49:15.152  1952  1974 E IPCThreadState: attemptIncStrongHandle(75): Not supported
10-23 16:49:15.152  2874  2894 W IPCDataChannelAndroidBinder: binder_test2: RuntimeIPC: ConnectionDiedInfo: onBinderDied: 1, com.YourCompany.TemplateProject:com.YourCompany.TemplateProject:13524
10-23 16:49:15.152  2874  2894 W IPCDataChannelServer: datachannel_test: Disconnected: 750335072, com.YourCompany.TemplateProject:com.YourCompany.TemplateProject:13524
10-23 16:49:15.152  2874  2894 E IPCThreadState: attemptIncStrongHandle(72): Not supported
10-23 16:49:15.153  1050  5411 I ActivityManager: Process com.YourCompany.TemplateProject (pid 13524) has died: cch CRE 
10-23 16:49:15.154  1050 11419 D ConnectivityService: ConnectivityService NetworkRequestInfo binderDied(NetworkRequest [ LISTEN id=31, [ Transports: CELLULAR|WIFI|BLUETOOTH|ETHERNET|VPN Capabilities: INTERNET&NOT_RESTRICTED&TRUSTED&NOT_VPN&VALIDATED&FOREGROUND Uid: 10119] ], android.os.BinderProxy@1735a0f)
10-23 16:49:15.154  1343  1343 V AvrcpMediaPlayerList: onPlaybackConfigChanged(): Configs list size=9
10-23 16:49:15.155  1343  1343 V AvrcpMediaPlayerList: onPlaybackConfigChanged(): Configs list size=8
10-23 16:49:15.155  1050  1530 I WindowManager: WIN DEATH: Window{51a4301 u0 com.YourCompany.TemplateProject/com.epicgames.ue4.GameActivity}
10-23 16:49:15.156  1050  1530 W InputDispatcher: Attempted to unregister already unregistered input channel '51a4301 com.YourCompany.TemplateProject/com.epicgames.ue4.GameActivity (server)'
10-23 16:49:15.164  2182  2182 I Zygote  : Process 13524 exited cleanly (0)
10-23 16:49:15.174  1050  1085 W ActivityManager: setHasOverlayUi called on unknown pid: 13524
10-23 16:49:15.175  4485  4581 E OsSdk   : error getting shared memory region, memory type: HeadTracker, failed with Status(-1, EX_SECURITY): 'requested shared memory region when not registered/focused'
10-23 16:49:15.186  4485  4581 E OsSdk   : error getting shared memory region, memory type: HeadTracker, failed with Status(-1, EX_SECURITY): 'requested shared memory region when not registered/focused'
10-23 16:49:15.200  1050  1093 I libprocessgroup: Successfully killed process cgroup uid 10119 pid 13524 in 46ms
10-23 16:49:15.224  4485  4581 E OsSdk   : error getting shared memory region, memory type: HeadTracker, failed with Status(-1, EX_SECURITY): 'requested shared memory region when not registered/focused'
10-23 16:49:15.225  4485  4581 E OsSdk   : error getting shared memory region, memory type: AnchorTracker, failed with Status(-1, EX_SECURITY): 'requested shared memory region when not registered/focused'
10-23 16:49:15.270  4485  4581 E OsSdk   : error getting shared memory region, memory type: HeadTracker, failed with Status(-1, EX_SECURITY): 'requested shared memory region when not registered/focused'
10-23 16:49:15.313  4485  4581 I chatty  : uid=10033(com.oculus.xrstreamingclient) SlamAnchorMem identical 1 line
10-23 16:49:15.349  4485  4581 E OsSdk   : error getting shared memory region, memory type: HeadTracker, failed with Status(-1, EX_SECURITY): 'requested shared memory region when not registered/focused'
10-23 16:49:15.387  1952  2744 I PerformanceManager_V0: SetClockLevels: Apply pending clock request change: 4,3 -> 3,3
10-23 16:49:15.387  1952  2740 I Clocks  : ReleaseClocks - start
10-23 16:49:15.388  1952  2740 I Clocks  : ReleaseClocks - end (0.4 ms)
10-23 16:49:15.388  1952  2740 I Clocks  : LockClocks( cpu=3, gpu=3 ) - start
10-23 16:49:15.388  4485  4581 E OsSdk   : error getting shared memory region, memory type: HeadTracker, failed with Status(-1, EX_SECURITY): 'requested shared memory region when not registered/focused'
10-23 16:49:15.388  1952  2740 I Clocks  : CPU levels [0, 4]
10-23 16:49:15.388  1952  2740 I Clocks  : GPU levels [0, 5]
10-23 16:49:15.388  1952  2740 I Clocks  : LockClocks( cpu=3, gpu=3 ) - end (0.6 ms)
10-23 16:49:15.427   852  1722 I chatty  : uid=1000(system) Binder:852_3 identical 13 lines
10-23 16:49:15.428  4485  4581 E OsSdk   : error getting shared memory region, memory type: HeadTracker, failed with Status(-1, EX_SECURITY): 'requested shared memory region when not registered/focused'
10-23 16:49:15.473   852  1722 W TrackingService: attachClient: found client in attached list
10-23 16:49:15.474  4485  4581 E OsSdk   : error getting shared memory region, memory type: HeadTracker, failed with Status(-1, EX_SECURITY): 'requested shared memory region when not registered/focused'
10-23 16:49:15.474   852   852 W TrackingService: attachClient: found client in attached list
10-23 16:49:15.474  4485  4581 E OsSdk   : error getting shared memory region, memory type: AnchorTracker, failed with Status(-1, EX_SECURITY): 'requested shared memory region when not registered/focused'
10-23 16:49:15.519  4485  4581 E OsSdk   : error getting shared memory region, memory type: HeadTracker, failed with Status(-1, EX_SECURITY): 'requested shared memory region when not registered/focused'
10-23 16:49:15.606  4485  4581 I chatty  : uid=10033(com.oculus.xrstreamingclient) SlamAnchorMem identical 2 lines
10-23 16:49:15.645  4485  4581 E OsSdk   : error getting shared memory region, memory type: HeadTracker, failed with Status(-1, EX_SECURITY): 'requested shared memory region when not registered/focused'
10-23 16:49:15.671  2874  3122 I StateMachine: StateMachine::Update ForceShow: stopForceShow -> ForceShowOff
10-23 16:49:15.672  1952  3121 I VrRuntimeService: RuntimeServiceSDKServer::SetGuardianSystemState: 3969299593
10-23 16:49:15.672  2874  3122 I GuardianSystem: UpdateGuardianSystemState: Flags changed: 532480, 524288, SYSTEM_GUARDIAN_VISIBLE,SYSTEM_GUARDIAN_VALID to SYSTEM_GUARDIAN_VALID
10-23 16:49:15.684   852   852 I chatty  : uid=1000(system) /system/bin/trackingservice identical 5 lines
10-23 16:49:15.684  4485  4581 E OsSdk   : error getting shared memory region, memory type: HeadTracker, failed with Status(-1, EX_SECURITY): 'requested shared memory region when not registered/focused'
10-23 16:49:15.729   852   852 W TrackingService: attachClient: found client in attached list
10-23 16:49:15.730  4485  4581 E OsSdk   : error getting shared memory region, memory type: HeadTracker, failed with Status(-1, EX_SECURITY): 'requested shared memory region when not registered/focused'
10-23 16:49:15.730   852  1722 W TrackingService: attachClient: found client in attached list
10-23 16:49:15.730  4485  4581 E OsSdk   : error getting shared memory region, memory type: AnchorTracker, failed with Status(-1, EX_SECURITY): 'requested shared memory region when not registered/focused'
10-23 16:49:15.767  4485  4581 E OsSdk   : error getting shared memory region, memory type: HeadTracker, failed with Status(-1, EX_SECURITY): 'requested shared memory region when not registered/focused'
10-23 16:49:15.813  4485  4581 E OsSdk   : error getting shared memory region, memory type: HeadTracker, failed with Status(-1, EX_SECURITY): 'requested shared memory region when not registered/focused'
10-23 16:49:15.817  1952 13728 I CompositorVR: SetSchedFifo( tid=3122, pol=2, pri=0 ) succeeded
10-23 16:49:15.817  1952 13728 I CompositorVR: SetSchedFifo( tid=3355, pol=2, pri=0 ) succeeded
10-23 16:49:15.817  1952 13728 I CompositorVR: SetSchedFifo( tid=3382, pol=2, pri=0 ) succeeded
10-23 16:49:15.830  2325  2779 I [OAO] ShellOverlayApp: Sleep timeout exceeded. Timeout:6702.576967, Now:6702.596111. Sleeping... 
10-23 16:49:15.830  2325  2779 I [OAO] ShellOverlayApp: WaitForWake: VrThread entering waiting state
10-23 16:49:15.858  4485  4581 E OsSdk   : error getting shared memory region, memory type: HeadTracker, failed with Status(-1, EX_SECURITY): 'requested shared memory region when not registered/focused'
10-23 16:49:15.904  4485  4581 E OsSdk   : error getting shared memory region, memory type: HeadTracker, failed with Status(-1, EX_SECURITY): 'requested shared memory region when not registered/focused'
10-23 16:49:15.910   852 13051 I [CT]    : CONSTELLATION: L: Detected static IMU, no button event and has tracked position => Applying constant controller pose.
10-23 16:49:15.947   852  1722 I chatty  : uid=1000(system) Binder:852_3 identical 5 lines
10-23 16:49:15.948  4485  4581 E OsSdk   : error getting shared memory region, memory type: HeadTracker, failed with Status(-1, EX_SECURITY): 'requested shared memory region when not registered/focused'
10-23 16:49:15.992   852  1722 W TrackingService: attachClient: found client in attached list
10-23 16:49:15.993  4485  4581 E OsSdk   : error getting shared memory region, memory type: HeadTracker, failed with Status(-1, EX_SECURITY): 'requested shared memory region when not registered/focused'
10-23 16:49:15.993   852   852 W TrackingService: attachClient: found client in attached list
10-23 16:49:15.994  4485  4581 E OsSdk   : error getting shared memory region, memory type: AnchorTracker, failed with Status(-1, EX_SECURITY): 'requested shared memory region when not registered/focused'
10-23 16:49:15.997   742   929 I SyncBossHAL: [info   ] syncboss_hal_powerstate.c(50): Reporting powerstate event: PROX_OFF
10-23 16:49:15.998  1050  1300 D VrPowerManagerService: processing message: sensor changed
10-23 16:49:15.998  1050  1300 I VrPowerManagerService: transition from HEADSET_MOUNTED to HEADSET_UNMOUNTED
10-23 16:49:15.999   849  1306 D SensorClientUtils: Received transition request from RUNNING to STANDBY
10-23 16:49:16.000   849  1306 D SensorClientUtils: Skipping no-op transition from RUNNING to STANDBY
10-23 16:49:16.000  1952  1952 D VrRuntimeService: Received broadcast: com.oculus.intent.action.MOUNT_STATE_CHANGED
10-23 16:49:16.000  1952  1952 D VrRuntimeService: mounted state: false
10-23 16:49:16.000  2900  2900 D [SEO] BaseOverlayService: screenStateReceiver Received broadcast: com.oculus.intent.action.MOUNT_STATE_CHANGED
10-23 16:49:16.000  2092  2173 I VrRuntimeClient: UpdateEvents: HMT was UNmounted
10-23 16:49:16.000  2441  2682 W PresenceAPKNative(hyperspace_controller_module): is_mounted: 0
10-23 16:49:16.000  3551  3551 D [SUI] AnytimeUIBroadcastReceiver: action: com.oculus.intent.action.MOUNT_STATE_CHANGED
10-23 16:49:16.000  1814  1814 I [CT]    : MIXEDREALITY: MrService: MountStateChanged: false
10-23 16:49:16.001   852   852 D SensorClientUtils: Received transition request from RUNNING to STANDBY
10-23 16:49:16.001   852   852 D SensorClientUtils: Skipping no-op transition from RUNNING to STANDBY
10-23 16:49:16.001  2325  2325 D [OAO] BaseOverlayService: screenStateReceiver Received broadcast: com.oculus.intent.action.MOUNT_STATE_CHANGED
10-23 16:49:16.001  2594  2594 W VRLifecycleSessionManager: No apps were active so skipping session.
10-23 16:49:16.001  2325  2325 D [OAO] ShellOverlayService: onMountStateChanged: false
10-23 16:49:16.001  2594  2594 W VRLifecycleManager: onHeadsetUnmounted
10-23 16:49:16.001  2325  2325 I [OAO] ShellOverlayServiceJNI: NativeSendOverlayCommand
10-23 16:49:16.001  2325  2325 I [OAO] ShellOverlayServiceJNI: NativeWake
10-23 16:49:16.001  2325  2325 I [OAO] ShellOverlayMain: WakeVrThread
10-23 16:49:16.001  2325  2325 I [OAO] ShellOverlayMain: WakeVrThread - notifying vr thread
10-23 16:49:16.002  1741  1771 D VrPowerManagerClient: Headset state: 2
10-23 16:49:16.002  1952  2744 I UnifiedTelemetryWrapper: Stopped UT session don
10-23 16:49:16.002  1741  1771 V ControllerNotifications: Handling unmount notification
10-23 16:49:16.003  2594  2594 W VRLifecycleManager: onHeadsetUnmounted
10-23 16:49:16.003  2594  2594 W VRLifecycleManager: onHeadsetUnmounted
10-23 16:49:16.003  2325  2779 I [OAO] ShellOverlayApp: VrThread woke up
10-23 16:49:16.003  2325  2779 I [OAO] ShellOverlayApp: 0xc22e1c20 msg: overlayCommand:
10-23 16:49:16.003  2325  2779 I [OAO] ShellOverlayApp: command = mountStateChanged
10-23 16:49:16.003  2325  2779 I [OAO] ShellOverlayApp: state = 0
10-23 16:49:16.003  2325  2779 I [OAO] ShellOverlayApp: Process_OverlayCommand command : mountStateChanged
10-23 16:49:16.003  2325  2779 I [OAO] ShellOverlayApp: mountStateChanged message received
10-23 16:49:16.003  2325  2779 I [OAO] ShellOverlayApp: ResolveDeviceState: change from Awake to WaitingForSleep
10-23 16:49:16.003  2325  2779 I [OAO] ShellOverlayApp: ResolveDeviceState: isWakingOrUnlockingIntoWake : 0
10-23 16:49:16.003  2325  2779 I [OAO] ShellOverlayApp: ResolveDeviceState: interactionState : None
10-23 16:49:16.003  2325  2779 I [OAO] ShellOverlayApp: Start sleep timeout. Now:6702.769597, Timeout:6704.769597
10-23 16:49:16.004  1726  8868 D SensorClientUtils: Received transition request from RUNNING to STANDBY
10-23 16:49:16.004  1726  8868 D SensorClientUtils: Skipping no-op transition from RUNNING to STANDBY
10-23 16:49:16.005  2594  2594 W VRLifecycleManager: onHeadsetUnmounted
10-23 16:49:16.005  2594  2594 I chatty  : uid=10046(com.oculus.socialplatform) identical 1 line
10-23 16:49:16.005  2594  2594 W VRLifecycleManager: onHeadsetUnmounted
10-23 16:49:16.006  2900  3145 I VrRuntimeClient: UpdateEvents: HMT was UNmounted
10-23 16:49:16.006  2900  3145 I [SEO] VrPlatformOpenXr: xrPollEvent: received XR_TYPE_EVENT_DATA_MOUNT_STATE_CHANGED_FB event: isMounted 0
10-23 16:49:16.006  2092  2173 I Clay    : xrPollEvent: MOUNT_STATE_CHANGED_FB: isMounted 0
10-23 16:49:16.010  2175  2175 W VRLifecycleSessionManager: No apps were active so skipping session.
10-23 16:49:16.010  2175  2175 W VRLifecycleManager: onHeadsetUnmounted
10-23 16:49:16.010   726   863 W DeviceHAL: Error from HAL Device in function get_mic_mute: Function not implemented
10-23 16:49:16.010   726   863 W DeviceHAL: Error from HAL Device in function get_mic_mute: Function not implemented
10-23 16:49:16.013   726   863 D audio_hw_primary: adev_set_mic_mute state 0
10-23 16:49:16.014   726   863 W DeviceHAL: Error from HAL Device in function set_mic_mute: Function not implemented
10-23 16:49:16.014   726   863 W DeviceHAL: Error from HAL Device in function set_mic_mute: Function not implemented
10-23 16:49:16.014  1050  1570 E AudioSystem-JNI: Command failed for android_media_AudioSystem_muteMicrophone: -38
10-23 16:49:16.015  2092 13885 I VrApi   : FPS=90/90,Prd=18ms,Tear=0,Early=0,Stale=3,VSnc=0,Lat=-1,Fov=0,CPU4/GPU=4/3,2419/490MHz,OC=FF,TA=0/70/0,SP=N/F/N,Mem=2092MHz,Free=2113MB,PLS=0,Temp=30.5C/0.0C,TW=1.83ms,App=5.42ms,GD=0.16ms,CPU&GPU=8.64ms,LCnt=3(DR21,LM2),GPU%=0.68,CPU%=0.17(W0.19),DSF=1.00,CFL=14.61/19.85
10-23 16:49:16.015  2900  3145 I [SEO] ShellApp: HMD Mount State Changed - unmounted - duration in prior state 303.298152s
10-23 16:49:16.016  2900  3145 I [SEO] DragDropController: OnBackground
10-23 16:49:16.016  2900  3145 I [SEO] ShellFrameAnalytics: Shell Heartbeat focusedPanelTimeSpent: {"0":2449,"59":89} visibleTimeSpent: {"58":89,"59":89,"62":2104} inputTimeSpent: {"controller":2538} inputClickCount: {"controller":1} mouseMoveTimeSpent: 0 mouseScrollTimeSpent: 0 physicalKeyboardConnectedTimeSpent: 0 physicalKeyboardTrackedTimeSpent: 0 quickActionsMenuActivations: 0 quickActionsMenuTimeSpent: 0 quickActionsMenuSessionLengths: [] quickActionsMenuSelections: {} handTrackingOptIn: 0 handTrackingAutoTransition: 1
10-23 16:49:16.016  2092  2173 I Clay    : EnvironmentSystem: computed visibility changed from Visible to Hidden (reason: LayerRendering)
10-23 16:49:16.016  2092  2173 I Clay    : EnvironmentSystem: environment path not valid, resetting to default scene: isValid=false  packageFilename=
10-23 16:49:16.016  2092  2173 I Clay    : copresence: microphone state transition, paused
10-23 16:49:16.021  2874  3122 I StateMachine: StateMachine::Update GuardianInitializationStateMachine: unmountEvent -> Unmounted_Black
10-23 16:49:16.026   852   852 W TrackingService: attachClient: found client in attached list
10-23 16:49:16.026  4485  4581 E OsSdk   : error getting shared memory region, memory type: HeadTracker, failed with Status(-1, EX_SECURITY): 'requested shared memory region when not registered/focused'
10-23 16:49:16.027  3551  3551 D [SUI] AnytimeUIBroadcastReceiver: action: com.oculus.systemactivities.CAPTURE_STATE_UPDATE
10-23 16:49:16.027  3551  3551 I [SUI] AnytimeUIBroadcastReceiver: handleCaptureStateUpdate: captureToDisk false, captureEnabled false, isCapturingAbuseReport false, abuseRecordingUUID null
10-23 16:49:16.027  2175  2175 I FileCapture: broadcast capture state to AUI running = false, with mode -1
10-23 16:49:16.027  2175  2175 I PlatformPluginManager: setHeadsetMountState: false
10-23 16:49:16.027  2175  2175 I OVRPlatform: [AudioManager] SetHeadsetMounted: false
10-23 16:49:16.027  2175  2175 I OVRPlatform: [AudioManager] Current headsetMounted_ false
10-23 16:49:16.027  2175  2175 I OVRPlatform: [AudioManager] Current headphoneStatus_: DISCONNECTED
10-23 16:49:16.031  3058  3058 D MVanServiceReceiver: MVanServiceReceiver Action: com.oculus.intent.action.MOUNT_STATE_CHANGED
10-23 16:49:16.032  2900  2900 D [SEO] ShellControlBroadcastReceiver: onReceive with MainActivity native pointer 3578249488, action com.oculus.systemactivities.CAPTURE_STATE_UPDATE
10-23 16:49:16.032  2900  2900 D [SEO] ShellControlBroadcastReceiver: isLaunchAction = false, isTrustedAppLaunch = false
10-23 16:49:16.032  2900  2900 D [SEO] ShellControlBroadcastReceiver: IsCaptureStateUpdateAction
10-23 16:49:16.035  2325  2325 D DeviceHelper: isScreenOn = true
10-23 16:49:16.035  2325  2325 D [OAO] ShellOverlayBroadcastReceiver: onReceive with ShellOverlayService native pointer 3769791040, action com.oculus.systemactivities.CAPTURE_STATE_UPDATE
10-23 16:49:16.061  1952  3121 I VrRuntimeService: RuntimeServiceSDKServer::SetGuardianSystemState: 3969299593
10-23 16:49:16.061  2874  3122 I GuardianSystem: UpdateGuardianSystemState: Flags2 changed: 1, 33, SYSTEM_2_DIRECTIONAL_PASSTHROUGH_ENABLED to SYSTEM_2_DIRECTIONAL_PASSTHROUGH_ENABLED,SYSTEM_2_SHOULD_PUSH_BLACK
10-23 16:49:16.066  1952  2744 I CompositorClientMgr: Enable client 0
10-23 16:49:16.066  1952  2744 I VrRuntimeServer: EnableCompositorClient client(0): layer placement(2147483643) flags(8) sm(0x72ba104160)
10-23 16:49:16.071  4485  4581 E OsSdk   : error getting shared memory region, memory type: HeadTracker, failed with Status(-1, EX_SECURITY): 'requested shared memory region when not registered/focused'
10-23 16:49:16.072   852 13051 I [CT]    : CONSTELLATION:IMU_STATUS: 729165a0fe4054d7 (R): [FusionTracked=1.000, OutputTracked=1.000, OutputValid=1.000] [AccelSat=0.000, GyroSat=0.000] 
10-23 16:49:16.090   852 13051 I [CT]    : CONSTELLATION: L: Detected IMU motion => Leaving static state.
10-23 16:49:16.117  4485  4581 E OsSdk   : error getting shared memory region, memory type: HeadTracker, failed with Status(-1, EX_SECURITY): 'requested shared memory region when not registered/focused'
10-23 16:49:16.162  4485  4581 E OsSdk   : error getting shared memory region, memory type: HeadTracker, failed with Status(-1, EX_SECURITY): 'requested shared memory region when not registered/focused'
10-23 16:49:16.178  2874  3122 W OsSdk   : Requested historical tracking state too far in the past; oldest: 6702.662152s, requested: 6702.504214s
10-23 16:49:16.204   852   852 I chatty  : uid=1000(system) /system/bin/trackingservice identical 4 lines
10-23 16:49:16.205  4485  4581 E OsSdk   : error getting shared memory region, memory type: HeadTracker, failed with Status(-1, EX_SECURITY): 'requested shared memory region when not registered/focused'
10-23 16:49:16.236   852 13051 I [CT]    : CONSTELLATION: L: Detected static IMU, no button event and has tracked position => Applying constant controller pose.
10-23 16:49:16.246   852   852 W TrackingService: attachClient: found client in attached list
10-23 16:49:16.246  4485  4581 E OsSdk   : error getting shared memory region, memory type: HeadTracker, failed with Status(-1, EX_SECURITY): 'requested shared memory region when not registered/focused'
10-23 16:49:16.246   852  1722 W TrackingService: attachClient: found client in attached list
10-23 16:49:16.247  4485  4581 E OsSdk   : error getting shared memory region, memory type: AnchorTracker, failed with Status(-1, EX_SECURITY): 'requested shared memory region when not registered/focused'
10-23 16:49:16.286   852 13051 I [CT]    : CONSTELLATION: L: Detected IMU motion => Leaving static state.
10-23 16:49:16.293  4485  4581 E OsSdk   : error getting shared memory region, memory type: HeadTracker, failed with Status(-1, EX_SECURITY): 'requested shared memory region when not registered/focused'
10-23 16:49:16.329   852  1722 I chatty  : uid=1000(system) Binder:852_3 identical 2 lines
10-23 16:49:16.330  4485  4581 E OsSdk   : error getting shared memory region, memory type: HeadTracker, failed with Status(-1, EX_SECURITY): 'requested shared memory region when not registered/focused'
10-23 16:49:16.333   852  1227 I [CT]    : Vega:SubmapPublisher: Tracking parent no change: frame movement above thresh -> Publish
10-23 16:49:16.333   852  1227 I [CT]    : Vega:SubmapPublisher: Start to publish submaps, found candidates:  3
10-23 16:49:16.333   852  1227 E [CT]    : SubmapRecords: findSubmapId found 2 submap records hold the same query krHandle
10-23 16:49:16.333   852  1227 W [CT]    : Vega:SubmapPublisherBase: Reference cannot be found when constructing relative submap transformation, this means not candidate submap is in VIO states, are you moving very fast or sending too few submaps to VIO?
10-23 16:49:16.333   852  1227 W [CT]    : Vega:SubmapPublisherBase: Reference cannot be found when constructing relative submap transformation, this means not candidate submap is in VIO states, are you moving very fast or sending too few submaps to VIO?
10-23 16:49:16.334   852  1227 W [CT]    : Vega:SubmapPublisher: [Throttled count=366] Force publishing an ill-conditioned point.
10-23 16:49:16.359   852 13710 I [CT]    : VegaTrackTracker: Starting map tracking on map. SubmapId Submap id = 1, version = 1651355 Active contexts: 1
10-23 16:49:16.359   852 13710 I [CT]    : VegaTrackTracker: Starting map tracking on map. SubmapId Submap id = 2, version = 986220316 Active contexts: 2
10-23 16:49:16.374   852  1722 W TrackingService: attachClient: found client in attached list
10-23 16:49:16.376  4485  4581 E OsSdk   : error getting shared memory region, memory type: HeadTracker, failed with Status(-1, EX_SECURITY): 'requested shared memory region when not registered/focused'
10-23 16:49:16.408   852 13710 W [CT]    : VEGA:MAP_TRACKING_HM: Validation failed after 0.04 seconds of bad frames. Switching from Validating to NoTracking
10-23 16:49:16.408   852 13710 W [CT]    : VEGA:MAP_TRACKING_HM: Validation failed after 0.04 seconds of bad frames. Switching from Validating to NoTracking
10-23 16:49:16.414   852 13051 D TrackingService: [HANDTRACKING] Controller 729165a0fe4054d7 in hand: N, valid: Y
10-23 16:49:16.421   852  1722 W TrackingService: attachClient: found client in attached list
10-23 16:49:16.421  4485  4581 E OsSdk   : error getting shared memory region, memory type: HeadTracker, failed with Status(-1, EX_SECURITY): 'requested shared memory region when not registered/focused'
10-23 16:49:16.428   852 13051 I [CT]    : CONSTELLATION: L: Detected static IMU, no button event and has tracked position => Applying constant controller pose.
10-23 16:49:16.439   852 13710 I [CT]    : TrackedMapContext: Stop tracking map with ID Submap id = 2, version = 986220316 at index: 2 in contexts: 3
10-23 16:49:16.439   852 13710 I [CT]    : TrackedMapContext: Stop tracking map with ID Submap id = 1, version = 1651355 at index: 1 in contexts: 2
10-23 16:49:16.457   852 13051 I [CT]    : INPUT_TRACKING:Behavior:OutOfFoVRotation: [Left] state transition: TorsoInitialized -> InRange
10-23 16:49:16.467   852  1722 I chatty  : uid=1000(system) Binder:852_3 identical 1 line
10-23 16:49:16.467  4485  4581 E OsSdk   : error getting shared memory region, memory type: HeadTracker, failed with Status(-1, EX_SECURITY): 'requested shared memory region when not registered/focused'
10-23 16:49:16.467   852 13051 I [CT]    : INPUT_TRACKING:Behavior:OutOfFoVRotation: [Right] state transition: TorsoInitialized -> InRange
10-23 16:49:16.510   852  1722 W TrackingService: attachClient: found client in attached list
10-23 16:49:16.511  4485  4581 E OsSdk   : error getting shared memory region, memory type: HeadTracker, failed with Status(-1, EX_SECURITY): 'requested shared memory region when not registered/focused'
10-23 16:49:16.511   852   852 W TrackingService: attachClient: found client in attached list
10-23 16:49:16.511  4485  4581 E OsSdk   : error getting shared memory region, memory type: AnchorTracker, failed with Status(-1, EX_SECURITY): 'requested shared memory region when not registered/focused'
10-23 16:49:16.538   852 13051 I [CT]    : CONSTELLATION: L: Detected IMU motion => Leaving static state.
10-23 16:49:16.558  4485  4581 E OsSdk   : error getting shared memory region, memory type: HeadTracker, failed with Status(-1, EX_SECURITY): 'requested shared memory region when not registered/focused'
10-23 16:49:16.569   852  1227 I [CT]    : Vega:SubmapPublisher: Tracking parent no change: frame movement above thresh -> Publish
10-23 16:49:16.570   852  1227 I [CT]    : Vega:SubmapPublisher: Start to publish submaps, found candidates:  3
10-23 16:49:16.570   852  1227 E [CT]    : SubmapRecords: findSubmapId found 2 submap records hold the same query krHandle
10-23 16:49:16.570   852  1227 W [CT]    : Vega:SubmapPublisherBase: Reference cannot be found when constructing relative submap transformation, this means not candidate submap is in VIO states, are you moving very fast or sending too few submaps to VIO?
10-23 16:49:16.570   852  1227 W [CT]    : Vega:SubmapPublisherBase: Reference cannot be found when constructing relative submap transformation, this means not candidate submap is in VIO states, are you moving very fast or sending too few submaps to VIO?
10-23 16:49:16.599   852 13710 I [CT]    : VegaTrackTracker: Starting map tracking on map. SubmapId Submap id = 1, version = 1475098768 Active contexts: 1
10-23 16:49:16.599   852 13710 I [CT]    : VegaTrackTracker: Starting map tracking on map. SubmapId Submap id = 2, version = 2108967582 Active contexts: 2
10-23 16:49:16.603  4485  4581 E OsSdk   : error getting shared memory region, memory type: HeadTracker, failed with Status(-1, EX_SECURITY): 'requested shared memory region when not registered/focused'
10-23 16:49:16.605   852 13051 I [CT]    : CONSTELLATION: L: Detected static IMU, no button event and has tracked position => Applying constant controller pose.
10-23 16:49:16.645  4485  4581 E OsSdk   : error getting shared memory region, memory type: HeadTracker, failed with Status(-1, EX_SECURITY): 'requested shared memory region when not registered/focused'
10-23 16:49:16.648  2874  3380 I Telemetry: App memory usage: PSS=51 MiB, PrivateDirty=42 MiB, PrivateClean=3 MiB, GPU=4.0/4.2 MiB (96% allocated)
10-23 16:49:16.648   852 13710 W [CT]    : VEGA:MAP_TRACKING_HM: Validation failed after 0.04 seconds of bad frames. Switching from Validating to NoTracking
10-23 16:49:16.649   852 13710 W [CT]    : VEGA:MAP_TRACKING_HM: Validation failed after 0.04 seconds of bad frames. Switching from Validating to NoTracking
10-23 16:49:16.654  1814  3400 I Telemetry: App memory usage: PSS=35 MiB, PrivateDirty=29 MiB, PrivateClean=1 MiB, GPU=3.7/3.9 MiB (96% allocated)
10-23 16:49:16.679   852 13710 I [CT]    : TrackedMapContext: Stop tracking map with ID Submap id = 2, version = 2108967582 at index: 2 in contexts: 3
10-23 16:49:16.679   852 13710 I [CT]    : TrackedMapContext: Stop tracking map with ID Submap id = 1, version = 1475098768 at index: 1 in contexts: 2
10-23 16:49:16.680  4485  4581 E OsSdk   : error getting shared memory region, memory type: HeadTracker, failed with Status(-1, EX_SECURITY): 'requested shared memory region when not registered/focused'
10-23 16:49:16.717   852 13710 W [CT]    : TIMESTAMPCHECKER: Nominal rate wrong. Estimated data rate: 25, Nominal is 30.000300003000028
10-23 16:49:16.726  4485  4581 E OsSdk   : error getting shared memory region, memory type: HeadTracker, failed with Status(-1, EX_SECURITY): 'requested shared memory region when not registered/focused'
10-23 16:49:16.765  4485  4581 E OsSdk   : error getting shared memory region, memory type: HeadTracker, failed with Status(-1, EX_SECURITY): 'requested shared memory region when not registered/focused'
10-23 16:49:16.766  4485  4581 E OsSdk   : error getting shared memory region, memory type: AnchorTracker, failed with Status(-1, EX_SECURITY): 'requested shared memory region when not registered/focused'
10-23 16:49:16.797   902   902 E adbd    : failed to connect to socket 'tcp:6666': Connection refused
10-23 16:49:16.809  4485  4581 E OsSdk   : error getting shared memory region, memory type: HeadTracker, failed with Status(-1, EX_SECURITY): 'requested shared memory region when not registered/focused'
