10-23 16:49:05.291   852  1227 I [CT]    : VIPER: InternalAnchorHealthMonitor: Anchors: 2 | Persistent anchors: 1 | Anchors never observed: 1
10-23 16:49:05.291   852  1227 I [CT]    :   (min/avg/max) Anchor landmarks: (0|0.5|1) | Covisible keyframes: (0|0|0) | Times since observation: (0|0|0)
10-23 16:49:05.888   852   852 I chatty  : uid=1000(system) /system/bin/trackingservice identical 54 lines
10-23 16:49:05.931   852   852 W TrackingService: attachClient: found client in attached list
10-23 16:49:05.933   852  1870 W TrackingService: attachClient: found client in attached list
10-23 16:49:06.003 13524 13777 I VrApi   : FPS=72/72,Prd=59ms,Tear=0,Early=72,Stale=0,VSnc=1,Lat=1,Fov=0,CPU4/GPU=2/3,1171/490MHz,OC=FF,TA=0/70/70,SP=N/F/F,Mem=2092MHz,Free=2165MB,PLS=0,Temp=30.5C/0.0C,TW=1.70ms,App=4.15ms,GD=0.13ms,CPU&GPU=6.90ms,LCnt=2(DR0,LM2),GPU%=0.46,CPU%=0.29(W0.32),DSF=1.00,CFL=19.64/21.47
10-23 16:49:06.070   852 13051 I [CT]    : CONSTELLATION:IMU_STATUS: 729165a0fe4054d7 (R): [FusionTracked=1.000, OutputTracked=1.000, OutputValid=1.000] [AccelSat=0.000, GyroSat=0.000] 
10-23 16:49:06.440 13524 13546 V UE4     : [NetworkChangedManager] Network Capabilities changed, has Internet: true
10-23 16:49:06.442 13524 13832 V UE4     : [NetworkChangedManager] Verifying internet connection with host: https://example.com/
10-23 16:49:06.492   852  1870 I chatty  : uid=1000(system) Binder:852_4 identical 16 lines
10-23 16:49:06.533   852  1870 W TrackingService: attachClient: found client in attached list
10-23 16:49:06.576   852   852 W TrackingService: attachClient: found client in attached list
10-23 16:49:06.597   852 13710 W [CT]    : TIMESTAMPCHECKER: Nominal rate wrong. Estimated data rate: 25, Nominal is 30.000300003000028
10-23 16:49:06.682 13524 13832 V UE4     : [NetworkChangedManager] Connectivity hasn't changed. Current state: CONNECTION_AVAILABLE
10-23 16:49:06.682 13524 13832 V UE4     : [NetworkChangedManager] Full network check complete. State: CONNECTION_AVAILABLE
10-23 16:49:07.003 13524 13777 I VrApi   : FPS=72/72,Prd=60ms,Tear=0,Early=72,Stale=0,VSnc=1,Lat=1,Fov=0,CPU4/GPU=2/3,1171/490MHz,OC=FF,TA=0/70/70,SP=N/F/F,Mem=2092MHz,Free=2165MB,PLS=0,Temp=30.5C/0.0C,TW=1.70ms,App=4.13ms,GD=0.13ms,CPU&GPU=6.40ms,LCnt=2(DR0,LM2),GPU%=0.46,CPU%=0.30(W0.39),DSF=1.00,CFL=19.65/21.47
10-23 16:49:07.449   852  1227 I [CT]    : VEGA_MAPPER:SubmapTrackingValidator: Pausing map building until validation is complete. 12.239999999999998 seconds remaining
10-23 16:49:07.627   852   852 I chatty  : uid=1000(system) /system/bin/trackingservice identical 29 lines
10-23 16:49:07.672   852   852 W TrackingService: attachClient: found client in attached list
10-23 16:49:07.673   852  1870 W TrackingService: attachClient: found client in attached list
10-23 16:49:07.674  4485  4581 E OsSdk   : error getting shared memory region, memory type: AnchorTracker, failed with Status(-1, EX_SECURITY): 'requested shared memory region when not registered/focused'
10-23 16:49:07.716   852   852 W TrackingService: attachClient: found client in attached list
10-23 16:49:07.718  4485  4581 E OsSdk   : error getting shared memory region, memory type: HeadTracker, failed with Status(-1, EX_SECURITY): 'requested shared memory region when not registered/focused'
10-23 16:49:07.921  4485  4581 E OsSdk   : error getting shared memory region, memory type: HeadTracker, failed with Status(-1, EX_SECURITY): 'requested shared memory region when not registered/focused'
10-23 16:49:07.923  4485  4581 E OsSdk   : error getting shared memory region, memory type: AnchorTracker, failed with Status(-1, EX_SECURITY): 'requested shared memory region when not registered/focused'
10-23 16:49:07.932   852 13710 I [CT]    : VIPER: Mode=SuperVega,Status=6DoF,TRACKING,Inl=30,Mem=88.2,Jit=0.1mm,Issues(Cam/min=0.0,IMU/min=0.0),Exp=(6.0ms,g=7.0,I=74,Ir=1787.7)(12.0ms,g=14.0,I=109,Ir=652.5)(12.0ms,g=14.0,I=122,Ir=728.2)(8.2ms,g=11.0,I=75,Ir=835.1)
10-23 16:49:07.969  4485  4581 E OsSdk   : error getting shared memory region, memory type: HeadTracker, failed with Status(-1, EX_SECURITY): 'requested shared memory region when not registered/focused'
10-23 16:49:08.002 13524 13777 I VrApi   : FPS=72/72,Prd=59ms,Tear=0,Early=72,Stale=0,VSnc=1,Lat=1,Fov=0,CPU4/GPU=2/3,1171/490MHz,OC=FF,TA=0/70/70,SP=N/F/F,Mem=2092MHz,Free=2165MB,PLS=0,Temp=30.5C/0.0C,TW=1.70ms,App=4.16ms,GD=0.13ms,CPU&GPU=6.38ms,LCnt=2(DR0,LM2),GPU%=0.45,CPU%=0.25(W0.33),DSF=1.00,CFL=19.71/21.47
10-23 16:49:08.016  4485  4581 E OsSdk   : error getting shared memory region, memory type: HeadTracker, failed with Status(-1, EX_SECURITY): 'requested shared memory region when not registered/focused'
10-23 16:49:08.134   852   852 I chatty  : uid=1000(system) /system/bin/trackingservice identical 11 lines
10-23 16:49:08.172   852   852 W TrackingService: attachClient: found client in attached list
10-23 16:49:08.173  4485  4581 E OsSdk   : error getting shared memory region, memory type: HeadTracker, failed with Status(-1, EX_SECURITY): 'requested shared memory region when not registered/focused'
10-23 16:49:08.173   852  1870 W TrackingService: attachClient: found client in attached list
10-23 16:49:08.176  4485  4581 E OsSdk   : error getting shared memory region, memory type: AnchorTracker, failed with Status(-1, EX_SECURITY): 'requested shared memory region when not registered/focused'
10-23 16:49:08.223  4485  4581 E OsSdk   : error getting shared memory region, memory type: HeadTracker, failed with Status(-1, EX_SECURITY): 'requested shared memory region when not registered/focused'
10-23 16:49:08.361  4485  4581 E OsSdk   : error getting shared memory region, memory type: HeadTracker, failed with Status(-1, EX_SECURITY): 'requested shared memory region when not registered/focused'
10-23 16:49:08.401   852 13014 I [CT]    : boltlib: DSP utilization: 7.31 % (365 / 5002 ms)
10-23 16:49:08.403  4485  4581 E OsSdk   : error getting shared memory region, memory type: HeadTracker, failed with Status(-1, EX_SECURITY): 'requested shared memory region when not registered/focused'
10-23 16:49:08.413  4485  4581 E OsSdk   : error getting shared memory region, memory type: HeadTracker, failed with Status(-1, EX_SECURITY): 'requested shared memory region when not registered/focused'
10-23 16:49:08.415  4485  4581 E OsSdk   : error getting shared memory region, memory type: AnchorTracker, failed with Status(-1, EX_SECURITY): 'requested shared memory region when not registered/focused'
10-23 16:49:08.416   852 13719 I [CT]    : CONSTELLATION:VISION_STATUS: 86557c336c360320 (L): BlobDetection:[#BlobsDetected=(12.04, 2.57)]Matching:[MatchSuccess=1.000, MatchCost=(0.00137, 0.00000), #MatchedBlobs=(5.86, 1.72), #MatchedLeds=(5.42, 0.40), RematchM=0.000, SkipRefine=0.000] MatchMethod:[Prox=1.000, ConstBrute=0.000, UnconstBrute=0.000] MatchResets[AnomBlobSize=0.000, SharedMatch=0.000, DenseReacq=0.000] | Fusion:[FusionError=0.000, ImuFromCamMs=(7.838, 1.263), RematchF=0.596] FusionUpdates:[Successful=1.000, Reliable=0.888, TightFusion=0.956, FullPose=0.044, StaticPrior=0.000, StaticForHandTrans=0.012, PoseUpdateMD=(0.6530, 0.0248)] FusionResets[6DoFReset=0.000, ResetSuccess=0.000] FusionStatus[HasPosition=1.000, HasVelocity=1.000] 
10-23 16:49:08.417   852 13719 I [CT]    : CONSTELLATION:VISION_STATUS: 729165a0fe4054d7 (R): BlobDetection:[#BlobsDetected=(12.04, 2.57)]Matching:[MatchSuccess=1.000, MatchCost=(0.00152, 0.00000), #MatchedBlobs=(6.02, 2.10), #MatchedLeds=(5.66, 0.84), RematchM=0.004, SkipRefine=0.000] MatchMethod:[Prox=1.000, ConstBrute=0.000, UnconstBrute=0.000] MatchResets[AnomBlobSize=0.000, SharedMatch=0.000, DenseReacq=0.000] | Fusion:[FusionError=0.000, ImuFromCamMs=(8.471, 0.568), RematchF=0.000] FusionUpdates:[Successful=0.000, Reliable=0.000, TightFusion=0.000, FullPose=0.000, StaticPrior=1.000, StaticForHandTrans=1.000, PoseUpdateMD=(0.0000, 0.0000)] FusionResets[6DoFReset=0.000, ResetSuccess=0.000] FusionStatus[HasPosition=1.000, HasVelocity=1.000] 
10-23 16:49:08.452   852 13710 W [CT]    : SVEGA: getMap is not supported.
10-23 16:49:08.458  4485  4581 E OsSdk   : error getting shared memory region, memory type: HeadTracker, failed with Status(-1, EX_SECURITY): 'requested shared memory region when not registered/focused'
10-23 16:49:08.635  4485  4581 E OsSdk   : error getting shared memory region, memory type: HeadTracker, failed with Status(-1, EX_SECURITY): 'requested shared memory region when not registered/focused'
10-23 16:49:08.636   852 13710 W [CT]    : TIMESTAMPCHECKER: Nominal rate wrong. Estimated data rate: 25, Nominal is 30.000300003000028
10-23 16:49:08.637  4485  4581 E OsSdk   : error getting shared memory region, memory type: AnchorTracker, failed with Status(-1, EX_SECURITY): 'requested shared memory region when not registered/focused'
10-23 16:49:08.676  4485  4581 E OsSdk   : error getting shared memory region, memory type: HeadTracker, failed with Status(-1, EX_SECURITY): 'requested shared memory region when not registered/focused'
10-23 16:49:08.873  4485  4581 E OsSdk   : error getting shared memory region, memory type: HeadTracker, failed with Status(-1, EX_SECURITY): 'requested shared memory region when not registered/focused'
10-23 16:49:08.875  4485  4581 E OsSdk   : error getting shared memory region, memory type: AnchorTracker, failed with Status(-1, EX_SECURITY): 'requested shared memory region when not registered/focused'
10-23 16:49:08.915  4485  4581 E OsSdk   : error getting shared memory region, memory type: HeadTracker, failed with Status(-1, EX_SECURITY): 'requested shared memory region when not registered/focused'
10-23 16:49:08.915  1952  2744 E TREX    : Interface version 1 was not found. Check debug build for more information.
10-23 16:49:08.954  4485  4581 E OsSdk   : error getting shared memory region, memory type: HeadTracker, failed with Status(-1, EX_SECURITY): 'requested shared memory region when not registered/focused'
10-23 16:49:08.995  4485  4581 E OsSdk   : error getting shared memory region, memory type: HeadTracker, failed with Status(-1, EX_SECURITY): 'requested shared memory region when not registered/focused'
10-23 16:49:09.004 13524 13777 I VrApi   : FPS=72/72,Prd=60ms,Tear=0,Early=72,Stale=0,VSnc=1,Lat=1,Fov=0,CPU4/GPU=2/3,1171/490MHz,OC=FF,TA=0/70/70,SP=N/F/F,Mem=2092MHz,Free=2165MB,PLS=0,Temp=30.5C/0.0C,TW=1.70ms,App=3.99ms,GD=0.13ms,CPU&GPU=6.36ms,LCnt=2(DR0,LM2),GPU%=0.45,CPU%=0.26(W0.32),DSF=1.00,CFL=19.72/21.33
10-23 16:49:09.040  4485  4581 E OsSdk   : error getting shared memory region, memory type: HeadTracker, failed with Status(-1, EX_SECURITY): 'requested shared memory region when not registered/focused'
10-23 16:49:09.085   852  1870 I chatty  : uid=1000(system) Binder:852_4 identical 26 lines
10-23 16:49:09.087  4485  4581 E OsSdk   : error getting shared memory region, memory type: HeadTracker, failed with Status(-1, EX_SECURITY): 'requested shared memory region when not registered/focused'
10-23 16:49:09.107  1952  3121 I VrRuntimeService: RuntimeServiceSDKServer::SetGuardianSystemState: 3969299593
10-23 16:49:09.107  2874  3122 I GuardianSystem: UpdateGuardianSystemState: Flags changed: 532480, 524288, SYSTEM_GUARDIAN_VISIBLE,SYSTEM_GUARDIAN_VALID to SYSTEM_GUARDIAN_VALID
10-23 16:49:09.132   852  1870 W TrackingService: attachClient: found client in attached list
10-23 16:49:09.133  4485  4581 E OsSdk   : error getting shared memory region, memory type: HeadTracker, failed with Status(-1, EX_SECURITY): 'requested shared memory region when not registered/focused'
10-23 16:49:09.133   852   852 W TrackingService: attachClient: found client in attached list
10-23 16:49:09.136  4485  4581 E OsSdk   : error getting shared memory region, memory type: AnchorTracker, failed with Status(-1, EX_SECURITY): 'requested shared memory region when not registered/focused'
10-23 16:49:09.149   852 13051 I [CT]    : CONSTELLATION: R: Detected IMU motion => Leaving static state.
10-23 16:49:09.182  4485  4581 E OsSdk   : error getting shared memory region, memory type: HeadTracker, failed with Status(-1, EX_SECURITY): 'requested shared memory region when not registered/focused'
10-23 16:49:09.193  2874  3122 I GuardianControllerCollisionTracker: Guardian Controller Collision: Magnitude: 11.127, Duration: -1.000 sec, TimeStamp: 6695.909668 sec
10-23 16:49:09.195  4485  4581 E OsSdk   : error getting shared memory region, memory type: HeadTracker, failed with Status(-1, EX_SECURITY): 'requested shared memory region when not registered/focused'
10-23 16:49:09.234  4485  4581 E OsSdk   : error getting shared memory region, memory type: HeadTracker, failed with Status(-1, EX_SECURITY): 'requested shared memory region when not registered/focused'
10-23 16:49:09.270  1952 13728 I CompositorVR: SetSchedFifo( tid=3122, pol=2, pri=0 ) succeeded
10-23 16:49:09.270  1952 13728 I CompositorVR: SetSchedFifo( tid=3355, pol=2, pri=0 ) succeeded
10-23 16:49:09.270  1952 13728 I CompositorVR: SetSchedFifo( tid=3382, pol=2, pri=0 ) succeeded
10-23 16:49:09.271  2874  3122 I GuardianControllerCollisionTracker: Guardian Controller Collision: Magnitude: 11.930, Duration: -1.000 sec, TimeStamp: 6695.982910 sec
10-23 16:49:09.275   852   852 I chatty  : uid=1000(system) /system/bin/trackingservice identical 4 lines
10-23 16:49:09.277  4485  4581 E OsSdk   : error getting shared memory region, memory type: HeadTracker, failed with Status(-1, EX_SECURITY): 'requested shared memory region when not registered/focused'
10-23 16:49:09.315  2175  2557 W DeviceConfigUtil: Try to get config param "oculus_shared_social:oculus_messenger_reauth_removal" before Device Config has subscribed to the service.
10-23 16:49:09.321   852   852 W TrackingService: attachClient: found client in attached list
10-23 16:49:09.322  4485  4581 E OsSdk   : error getting shared memory region, memory type: HeadTracker, failed with Status(-1, EX_SECURITY): 'requested shared memory region when not registered/focused'
10-23 16:49:09.334   852 13051 D TrackingService: [HANDTRACKING] Controller 729165a0fe4054d7 in hand: Y, valid: Y
10-23 16:49:09.352  2874  3122 I GuardianControllerCollisionTracker: Guardian Controller Collision: Magnitude: 64.855, Duration: 0.002 sec, TimeStamp: 6696.076172 sec
10-23 16:49:09.367   852   852 W TrackingService: attachClient: found client in attached list
10-23 16:49:09.368  4485  4581 E OsSdk   : error getting shared memory region, memory type: HeadTracker, failed with Status(-1, EX_SECURITY): 'requested shared memory region when not registered/focused'
10-23 16:49:09.369  4485  4581 E OsSdk   : error getting shared memory region, memory type: AnchorTracker, failed with Status(-1, EX_SECURITY): 'requested shared memory region when not registered/focused'
10-23 16:49:09.391  4485  4581 E OsSdk   : error getting shared memory region, memory type: HeadTracker, failed with Status(-1, EX_SECURITY): 'requested shared memory region when not registered/focused'
10-23 16:49:09.595  4485  4581 E OsSdk   : error getting shared memory region, memory type: HeadTracker, failed with Status(-1, EX_SECURITY): 'requested shared memory region when not registered/focused'
10-23 16:49:09.596  4485  4581 E OsSdk   : error getting shared memory region, memory type: AnchorTracker, failed with Status(-1, EX_SECURITY): 'requested shared memory region when not registered/focused'
10-23 16:49:09.641  4485  4581 E OsSdk   : error getting shared memory region, memory type: HeadTracker, failed with Status(-1, EX_SECURITY): 'requested shared memory region when not registered/focused'
10-23 16:49:09.686  4485  4581 E OsSdk   : error getting shared memory region, memory type: HeadTracker, failed with Status(-1, EX_SECURITY): 'requested shared memory region when not registered/focused'
10-23 16:49:09.704  2874  3122 W OsSdk   : Requested historical tracking state too far in the past; oldest: 6696.188228s, requested: 6695.950290s
10-23 16:49:09.707  4485  4581 E OsSdk   : error getting shared memory region, memory type: HeadTracker, failed with Status(-1, EX_SECURITY): 'requested shared memory region when not registered/focused'
10-23 16:49:09.834  4485  4581 E OsSdk   : error getting shared memory region, memory type: HeadTracker, failed with Status(-1, EX_SECURITY): 'requested shared memory region when not registered/focused'
10-23 16:49:09.835  4485  4581 E OsSdk   : error getting shared memory region, memory type: AnchorTracker, failed with Status(-1, EX_SECURITY): 'requested shared memory region when not registered/focused'
10-23 16:49:09.849   852  1227 I [CT]    : VEGA_MAPPER:SubmapTrackingValidator: Pausing map building until validation is complete. 9.84 seconds remaining
10-23 16:49:09.880  4485  4581 E OsSdk   : error getting shared memory region, memory type: HeadTracker, failed with Status(-1, EX_SECURITY): 'requested shared memory region when not registered/focused'
10-23 16:49:09.991  4485  4581 E OsSdk   : error getting shared memory region, memory type: HeadTracker, failed with Status(-1, EX_SECURITY): 'requested shared memory region when not registered/focused'
10-23 16:49:10.003 13524 13777 I VrApi   : FPS=72/72,Prd=60ms,Tear=0,Early=72,Stale=0,VSnc=1,Lat=1,Fov=0,CPU4/GPU=2/3,1171/490MHz,OC=FF,TA=0/70/70,SP=N/F/F,Mem=2092MHz,Free=2165MB,PLS=0,Temp=30.5C/0.0C,TW=1.42ms,App=3.83ms,GD=0.09ms,CPU&GPU=6.08ms,LCnt=2(DR0,LM2),GPU%=0.43,CPU%=0.39(W0.45),DSF=1.00,CFL=19.53/21.62
10-23 16:49:10.023  4485  4581 E OsSdk   : error getting shared memory region, memory type: HeadTracker, failed with Status(-1, EX_SECURITY): 'requested shared memory region when not registered/focused'
10-23 16:49:10.065  4485  4581 E OsSdk   : error getting shared memory region, memory type: HeadTracker, failed with Status(-1, EX_SECURITY): 'requested shared memory region when not registered/focused'
10-23 16:49:10.066  4485  4581 E OsSdk   : error getting shared memory region, memory type: AnchorTracker, failed with Status(-1, EX_SECURITY): 'requested shared memory region when not registered/focused'
10-23 16:49:10.093  4485  4581 E OsSdk   : error getting shared memory region, memory type: HeadTracker, failed with Status(-1, EX_SECURITY): 'requested shared memory region when not registered/focused'
10-23 16:49:10.268   852   852 I chatty  : uid=1000(system) /system/bin/trackingservice identical 27 lines
10-23 16:49:10.270  4485  4581 E OsSdk   : error getting shared memory region, memory type: HeadTracker, failed with Status(-1, EX_SECURITY): 'requested shared memory region when not registered/focused'
10-23 16:49:10.274   740   740 E WifiHAL : wifi_get_link_stats: requestResponse Error:-7
10-23 16:49:10.287   852   852 W TrackingService: attachClient: found client in attached list
10-23 16:49:10.289  4485  4581 E OsSdk   : error getting shared memory region, memory type: HeadTracker, failed with Status(-1, EX_SECURITY): 'requested shared memory region when not registered/focused'
10-23 16:49:10.289   852  1870 W TrackingService: attachClient: found client in attached list
10-23 16:49:10.290  4485  4581 E OsSdk   : error getting shared memory region, memory type: AnchorTracker, failed with Status(-1, EX_SECURITY): 'requested shared memory region when not registered/focused'
10-23 16:49:10.333  1050  1184 E WifiVendorHal: getWifiLinkLayerStats_1_3_Internal(l.926) failed {.code = ERROR_UNKNOWN, .description = , timed out}
10-23 16:49:10.339  4485  4581 E OsSdk   : error getting shared memory region, memory type: HeadTracker, failed with Status(-1, EX_SECURITY): 'requested shared memory region when not registered/focused'
10-23 16:49:10.345 13524 13546 V UE4     : [NetworkChangedManager] Network Capabilities changed, has Internet: true
10-23 16:49:10.346 13524 13842 V UE4     : [NetworkChangedManager] Verifying internet connection with host: https://example.com/
10-23 16:49:10.385  4485  4581 E OsSdk   : error getting shared memory region, memory type: HeadTracker, failed with Status(-1, EX_SECURITY): 'requested shared memory region when not registered/focused'
10-23 16:49:10.414   852 13051 I [CT]    : CONSTELLATION: R: Detected static IMU, no button event and has tracked position => Applying constant controller pose.
10-23 16:49:10.426  4485  4581 E OsSdk   : error getting shared memory region, memory type: HeadTracker, failed with Status(-1, EX_SECURITY): 'requested shared memory region when not registered/focused'
10-23 16:49:10.466   852 13051 I [CT]    : CONSTELLATION: R: Detected IMU motion => Leaving static state.
10-23 16:49:10.472  4485  4581 E OsSdk   : error getting shared memory region, memory type: HeadTracker, failed with Status(-1, EX_SECURITY): 'requested shared memory region when not registered/focused'
10-23 16:49:10.556  4485  4581 E OsSdk   : error getting shared memory region, memory type: HeadTracker, failed with Status(-1, EX_SECURITY): 'requested shared memory region when not registered/focused'
10-23 16:49:10.558  4485  4581 E OsSdk   : error getting shared memory region, memory type: AnchorTracker, failed with Status(-1, EX_SECURITY): 'requested shared memory region when not registered/focused'
10-23 16:49:10.579 13524 13842 V UE4     : [NetworkChangedManager] Connectivity hasn't changed. Current state: CONNECTION_AVAILABLE
10-23 16:49:10.579 13524 13842 V UE4     : [NetworkChangedManager] Full network check complete. State: CONNECTION_AVAILABLE
10-23 16:49:10.602  4485  4581 E OsSdk   : error getting shared memory region, memory type: HeadTracker, failed with Status(-1, EX_SECURITY): 'requested shared memory region when not registered/focused'
10-23 16:49:10.649  4485  4581 E OsSdk   : error getting shared memory region, memory type: HeadTracker, failed with Status(-1, EX_SECURITY): 'requested shared memory region when not registered/focused'
10-23 16:49:10.676   852 13710 W [CT]    : TIMESTAMPCHECKER: Nominal rate wrong. Estimated data rate: 25, Nominal is 30.000300003000028
10-23 16:49:10.694  4485  4581 E OsSdk   : error getting shared memory region, memory type: HeadTracker, failed with Status(-1, EX_SECURITY): 'requested shared memory region when not registered/focused'
10-23 16:49:10.824  4485  4581 E OsSdk   : error getting shared memory region, memory type: HeadTracker, failed with Status(-1, EX_SECURITY): 'requested shared memory region when not registered/focused'
10-23 16:49:10.826  4485  4581 E OsSdk   : error getting shared memory region, memory type: AnchorTracker, failed with Status(-1, EX_SECURITY): 'requested shared memory region when not registered/focused'
10-23 16:49:10.869   852  1870 I chatty  : uid=1000(system) Binder:852_4 identical 15 lines
10-23 16:49:10.871  4485  4581 E OsSdk   : error getting shared memory region, memory type: HeadTracker, failed with Status(-1, EX_SECURITY): 'requested shared memory region when not registered/focused'
10-23 16:49:10.916   852  1870 W TrackingService: attachClient: found client in attached list
10-23 16:49:10.964   852   852 W TrackingService: attachClient: found client in attached list
10-23 16:49:10.968  4485  4581 E OsSdk   : error getting shared memory region, memory type: HeadTracker, failed with Status(-1, EX_SECURITY): 'requested shared memory region when not registered/focused'
10-23 16:49:11.003 13524 13777 I VrApi   : FPS=72/72,Prd=59ms,Tear=0,Early=71,Stale=0,VSnc=1,Lat=1,Fov=0,CPU4/GPU=2/3,1171/490MHz,OC=FF,TA=0/70/70,SP=N/F/F,Mem=2092MHz,Free=2165MB,PLS=0,Temp=30.5C/0.0C,TW=0.79ms,App=3.95ms,GD=0.00ms,CPU&GPU=5.75ms,LCnt=1(DR30,LM0),GPU%=0.36,CPU%=0.35(W0.35),DSF=1.00,CFL=19.75/21.51
10-23 16:49:11.014  4485  4581 E OsSdk   : error getting shared memory region, memory type: HeadTracker, failed with Status(-1, EX_SECURITY): 'requested shared memory region when not registered/focused'
10-23 16:49:11.086  4485  4581 E OsSdk   : error getting shared memory region, memory type: HeadTracker, failed with Status(-1, EX_SECURITY): 'requested shared memory region when not registered/focused'
10-23 16:49:11.086  4485  4581 E OsSdk   : error getting shared memory region, memory type: AnchorTracker, failed with Status(-1, EX_SECURITY): 'requested shared memory region when not registered/focused'
10-23 16:49:11.129  4485  4581 E OsSdk   : error getting shared memory region, memory type: HeadTracker, failed with Status(-1, EX_SECURITY): 'requested shared memory region when not registered/focused'
10-23 16:49:11.170  1952  2744 I ServiceInputManager: system button SetHomeButtonDownState 6697.94
10-23 16:49:11.171  1952  2744 I ServiceInputManager: system button down, should reset recenter timer
10-23 16:49:11.171  1952  2744 I ServiceInputManager: HOME BUTTON shared state changed:  hardware ID 8255491334081631447  UpdateCount: 3 
10-23 16:49:11.171  1952  2744 I RecenterTimer: UpdateTimerData(6698.44 6698.94)
10-23 16:49:11.176  4485  4581 E OsSdk   : error getting shared memory region, memory type: HeadTracker, failed with Status(-1, EX_SECURITY): 'requested shared memory region when not registered/focused'
10-23 16:49:11.344  4485  4581 E OsSdk   : error getting shared memory region, memory type: HeadTracker, failed with Status(-1, EX_SECURITY): 'requested shared memory region when not registered/focused'
10-23 16:49:11.346  4485  4581 E OsSdk   : error getting shared memory region, memory type: AnchorTracker, failed with Status(-1, EX_SECURITY): 'requested shared memory region when not registered/focused'
10-23 16:49:11.351  1952  2744 I ServiceInputManager: system button SetHomeButtonUpState 6698.12
10-23 16:49:11.351  1952  2744 I ServiceInputManager: HOME BUTTON shared state changed:  hardware ID 8255491334081631447  UpdateCount: 4 
10-23 16:49:11.352  1952  2744 I RecenterTimer: UpdateTimerData(-1.00 -1.00)
10-23 16:49:11.389  4485  4581 E OsSdk   : error getting shared memory region, memory type: HeadTracker, failed with Status(-1, EX_SECURITY): 'requested shared memory region when not registered/focused'
10-23 16:49:11.413  1050  6944 D WificondControl: Scan result ready event
10-23 16:49:11.424  4485  4581 E OsSdk   : error getting shared memory region, memory type: HeadTracker, failed with Status(-1, EX_SECURITY): 'requested shared memory region when not registered/focused'
10-23 16:49:11.426  1050  1194 D WificondScannerImpl: Filtering out 9 scan results.
10-23 16:49:11.468  4485  4581 E OsSdk   : error getting shared memory region, memory type: HeadTracker, failed with Status(-1, EX_SECURITY): 'requested shared memory region when not registered/focused'
10-23 16:49:11.508  4485  4581 E OsSdk   : error getting shared memory region, memory type: HeadTracker, failed with Status(-1, EX_SECURITY): 'requested shared memory region when not registered/focused'
10-23 16:49:11.529   852 13710 I [CT]    : VIPER: Mode=SuperVega,Status=6DoF,TRACKING,Inl=30,Mem=88.2,Jit=0.1mm,Issues(Cam/min=0.0,IMU/min=0.0),Exp=(6.1ms,g=7.0,I=75,Ir=1776.1)(10.5ms,g=14.0,I=116,Ir=793.5)(10.5ms,g=14.0,I=115,Ir=785.9)(8.6ms,g=10.0,I=74,Ir=869.8)
10-23 16:49:11.551  4485  4581 E OsSdk   : error getting shared memory region, memory type: HeadTracker, failed with Status(-1, EX_SECURITY): 'requested shared memory region when not registered/focused'
10-23 16:49:11.599  4485  4581 E OsSdk   : error getting shared memory region, memory type: HeadTracker, failed with Status(-1, EX_SECURITY): 'requested shared memory region when not registered/focused'
10-23 16:49:11.599   852   852 I chatty  : uid=1000(system) /system/bin/trackingservice identical 18 lines
10-23 16:49:11.600  4485  4581 E OsSdk   : error getting shared memory region, memory type: AnchorTracker, failed with Status(-1, EX_SECURITY): 'requested shared memory region when not registered/focused'
10-23 16:49:11.602  1952  2744 I ServiceInputManager: short system button press 6698.368412
10-23 16:49:11.602  1952  2744 I ServiceInputManager: system event from short press 6698.368412
10-23 16:49:11.602  1952  2744 I ServiceInputManager: ServiceInputManager::FireSystemButtonEvent queueing launch intent from service
10-23 16:49:11.602  1952  2744 I ServiceInputManager: ServiceInputManager::FireSystemButtonEvent 'com.YourCompany.TemplateProject' Transition Type: 1
10-23 16:49:11.602  1952  2744 I RecenterTimer: UpdateTimerData(-1.00 -1.00)
10-23 16:49:11.616  1952  2744 I ServiceInputManager: ServiceInputManager::ProcessSystemButtonEvent launching intent from service 'com.YourCompany.TemplateProject' 1
10-23 16:49:11.616  1952  2744 I ServiceInputManager: ServiceInputManager::ProcessSystemButtonEvent transitioning with a memory of the app name
10-23 16:49:11.616  1952  2744 I SystemUtils_Internal: ovrSystemUtils::StartAnytimeUI: confirmQuit
10-23 16:49:11.616  1952  2744 D SystemUtils: sendBroadcastIntent - action: 'com.oculus.vrshell.intent.action.LAUNCH' data: 'systemux://dialog/exit'intent_pkg: com.YourCompany.TemplateProject
10-23 16:49:11.617  1952  2744 D SystemUtils: VR Shell isn't running.
10-23 16:49:11.621  2900  2900 I chatty  : uid=10020(com.oculus.vrshell) ShellMain expire 13 lines
10-23 16:49:11.628  2325  2325 I chatty  : uid=10020(com.oculus.vrshell) ShellOverlayMai expire 4 lines
10-23 16:49:11.629  2325  2779 I chatty  : uid=10020(com.oculus.vrshell) ShellOverlayVR expire 43 lines
10-23 16:49:11.635  2325  2325 I chatty  : uid=10020(com.oculus.vrshell) ShellOverlayMai expire 1 line
10-23 16:49:11.635  2325  2779 I chatty  : uid=10020(com.oculus.vrshell) ShellOverlayVR expire 35 lines
10-23 16:49:11.645  1050 12343 E WindowManager: App trying to use insecure INPUT_FEATURE_NO_INPUT_CHANNEL flag. Ignoring
10-23 16:49:11.645   852   852 W TrackingService: attachClient: found client in attached list
10-23 16:49:11.646  4485  4581 E OsSdk   : error getting shared memory region, memory type: HeadTracker, failed with Status(-1, EX_SECURITY): 'requested shared memory region when not registered/focused'
10-23 16:49:11.648  1952  1952 I ClientMgr: FocusedWindowChanged: found matching overlay client: 2115699885
10-23 16:49:11.648  1952  1952 I ClientMgr: FocusedClient changed.
10-23 16:49:11.648  1952  1952 I ClientMgr: ClientMgr::SetFocusedClient: 2325:com.oculus.vrshell type 1
10-23 16:49:11.648  1952  1952 I ClientMgr: SetFocusedPackageName - packageName com.oculus.vrshell processName com.oculus.vrshell:Overlay clientId 2115699885 clientPid 2325
10-23 16:49:11.648  1952  1952 I VrRuntimeService: RuntimeIPC: SendFocusChangeEventToAllClients: PostClientEvent SUCCESS: com.YourCompany.TemplateProject:com.YourCompany.TemplateProject:13524, com.oculus.vrshell, com.oculus.vrshell:Overlay
10-23 16:49:11.648  1952  1952 I VrRuntimeService: RuntimeIPC: SendFocusChangeEventToAllClients: PostClientEvent SUCCESS: com.oculus.xrstreamingclient:com.oculus.xrstreamingclient:4485, com.oculus.vrshell, com.oculus.vrshell:Overlay
10-23 16:49:11.648  1952  1952 I VrRuntimeService: RuntimeIPC: SendFocusChangeEventToAllClients: PostClientEvent SUCCESS: com.oculus.mrservice:com.oculus.mrservice:1814, com.oculus.vrshell, com.oculus.vrshell:Overlay
10-23 16:49:11.648  1952  1952 I VrRuntimeService: RuntimeIPC: SendFocusChangeEventToAllClients: PostClientEvent SUCCESS: com.oculus.vrshell:com.oculus.vrshell:2900, com.oculus.vrshell, com.oculus.vrshell:Overlay
10-23 16:49:11.648  1952  1952 I VrRuntimeService: RuntimeIPC: SendFocusChangeEventToAllClients: PostClientEvent SUCCESS: com.oculus.guardian:com.oculus.vrguardianservice:2874, com.oculus.vrshell, com.oculus.vrshell:Overlay
10-23 16:49:11.648  1952  1952 I VrRuntimeService: RuntimeIPC: SendFocusChangeEventToAllClients: PostClientEvent SUCCESS: com.oculus.shellenv:com.oculus.shellenv:2092, com.oculus.vrshell, com.oculus.vrshell:Overlay
10-23 16:49:11.648  1952  1952 I VrRuntimeService: RuntimeIPC: SendFocusChangeEventToAllClients: PostClientEvent SUCCESS: com.oculus.vrshell:com.oculus.vrshell:Overlay:2325, com.oculus.vrshell, com.oculus.vrshell:Overlay
10-23 16:49:11.648 13524 13613 I VrRuntimeClient: Client has lost focus.
10-23 16:49:11.649  3551  3551 D [SUI] ActivityManagerUtilsHelper: onFocusedWindowChanged: Instance: com.oculus.panelapp.anytimeui.utils.ActivityManagerUtilsHelper@b8a9bc6, topWindowUid: 10020, focusedApp: com.oculus.vrshell, previousApp: com.YourCompany.TemplateProject
10-23 16:49:11.649  3551  3551 D [SUI] ActivityManagerUtilsHelper: onFocusedWindowChanged: Instance: com.oculus.panelapp.anytimeui.utils.ActivityManagerUtilsHelper@7475cad, topWindowUid: 10020, focusedApp: com.oculus.vrshell, previousApp: com.YourCompany.TemplateProject
10-23 16:49:11.658  1952  2744 I PerformanceManager_V0: SetClockLevels: Apply pending clock request change: 2,3 -> 4,4
10-23 16:49:11.658  1952  2740 I Clocks  : ReleaseClocks - start
10-23 16:49:11.659  1952  2740 I Clocks  : ReleaseClocks - end (0.3 ms)
10-23 16:49:11.659  1952  2740 I Clocks  : LockClocks( cpu=4, gpu=4 ) - start
10-23 16:49:11.659  1952  2740 I Clocks  : CPU levels [0, 4]
10-23 16:49:11.659  1952  2740 I Clocks  : GPU levels [0, 5]
10-23 16:49:11.659  1952  2740 I Clocks  : LockClocks( cpu=4, gpu=4 ) - end (0.7 ms)
10-23 16:49:11.661  2175  2175 W OVRLibrary: null cursor received for query content://com.oculus.ocms.library/apps/com.YourCompany.TemplateProject
10-23 16:49:11.662  2175  2175 I OVRMediaServiceManager: Sending onAppStart (com.YourCompany.TemplateProject) to SocialPlatform (com.oculus.socialplatform)
10-23 16:49:11.662   852  1870 W TrackingService: attachClient: found client in attached list
10-23 16:49:11.662   852   852 W TrackingService: attachClient: found client in attached list
10-23 16:49:11.663 13524 13554 E OsSdk   : error getting shared memory region, memory type: Controller, failed with Status(-1, EX_SECURITY): 'requested shared memory region when not registered/focused'
10-23 16:49:11.663   852   852 W TrackingService: attachClient: found client in attached list
10-23 16:49:11.663   852  1870 D TrackingService: getSharedMemory: com.oculus.guardian, Controller
10-23 16:49:11.664 13524 13554 E OsSdk   : error getting shared memory region, memory type: Controller, failed with Status(-1, EX_SECURITY): 'requested shared memory region when not registered/focused'
10-23 16:49:11.664   852   852 W TrackingService: attachClient: found client in attached list
10-23 16:49:11.665   852  1870 W TrackingService: attachClient: found client in attached list
10-23 16:49:11.665 13524 13785 E OsSdk   : error getting shared memory region, memory type: Controller, failed with Status(-1, EX_SECURITY): 'requested shared memory region when not registered/focused'
10-23 16:49:11.665   852   852 W TrackingService: attachClient: found client in attached list
10-23 16:49:11.667 13524 13785 E OsSdk   : error getting shared memory region, memory type: Controller, failed with Status(-1, EX_SECURITY): 'requested shared memory region when not registered/focused'
10-23 16:49:11.668   852  1870 D TrackingService: getSharedMemory: com.oculus.vrshell, Controller
10-23 16:49:11.669  2325  2325 I chatty  : uid=10020(com.oculus.vrshell) ShellOverlayMai expire 3 lines
10-23 16:49:11.669  2325 13845 I chatty  : uid=10020(com.oculus.vrshell) ShellOverlayMai expire 5 lines
10-23 16:49:11.672   852  1870 W TrackingService: attachClient: found client in attached list
10-23 16:49:11.672   852  1870 D TrackingService: getSharedMemory: com.oculus.systemdriver, Controller
10-23 16:49:11.675   846  1028 E CalibrationProvider: loadCalibration(LDISP_SN) failed: Calibration store didn't load any info
10-23 16:49:11.676   846  1028 E CalibrationProvider: loadCalibration(RDISP_SN) failed: Calibration store didn't load any info
10-23 16:49:11.686  2325  2779 I chatty  : uid=10020(com.oculus.vrshell) ShellOverlayVR expire 3 lines
10-23 16:49:11.690   852  1870 W TrackingService: attachClient: found client in attached list
10-23 16:49:11.690   846  1028 E CalibrationProvider: loadCalibration(LDISP_SN) failed: Calibration store didn't load any info
10-23 16:49:11.692  4485  4581 E OsSdk   : error getting shared memory region, memory type: HeadTracker, failed with Status(-1, EX_SECURITY): 'requested shared memory region when not registered/focused'
10-23 16:49:11.693  2325  2325 I chatty  : uid=10020(com.oculus.vrshell) ShellOverlayMai expire 1 line
10-23 16:49:11.693 13524 13555 D UE4     : [2022.10.23-15.49.11:693][499]LogAndroid: Case APP_CMD_LOST_FOCUS
10-23 16:49:11.693 13524 13555 D UE4     : LogAndroidEvents::EnqueueAppEvent : 10, [width=-1, height=-1], tid = 13555, APP_EVENT_STATE_WINDOW_LOST_FOCUS
10-23 16:49:11.694   846  1028 E CalibrationProvider: loadCalibration(RDISP_SN) failed: Calibration store didn't load any info
10-23 16:49:11.698  2325  2779 I chatty  : uid=10020(com.oculus.vrshell) ShellOverlayVR expire 9 lines
10-23 16:49:11.699  1952  2757 I VrRuntimeService: RuntimeServiceSDKServer::EnableRendering: 0x0, 0, com.oculus.vrshell:Overlay
10-23 16:49:11.699  1952  2757 I ClientMgr: EnableRendering2: invalid clientWindow, testing uid/pid
10-23 16:49:11.699  1952  2757 I ClientMgr: EnableRendering2: matched uid: 10020 and pid: 2325 
10-23 16:49:11.699  1952  2757 I ClientMgr: EnableRendering2: Calling SetFocusedClient: 2115699885
10-23 16:49:11.699  1952  2757 I ClientMgr: ClientMgr::SetFocusedClient: 2325:com.oculus.vrshell type 1
10-23 16:49:11.699  1952  2757 I ClientMgr: SetFocusedPackageName - packageName com.oculus.vrshell processName com.oculus.vrshell:Overlay clientId 2115699885 clientPid 2325
10-23 16:49:11.699  1952  2757 I ClientMgr: ClientMgr::EnableRendering 2325:com.oculus.vrshell : type 1 comp-id 2: enable
10-23 16:49:11.699  1952  2757 I CompositorClientMgr: Enable client 2
10-23 16:49:11.699  1952  2757 I VrRuntimeServer: EnableCompositorClient client(2): layer placement(2147483647) flags(0) sm(0x730eb13010)
10-23 16:49:11.699  1952  2757 I CompositorVR: CheckDebuggerConnected: debugger 0
10-23 16:49:11.699  1952  2757 I VrRuntimeServer: SysProp debug mode is disabled on Server side
10-23 16:49:11.704 13524 13554 D UE4     : [2022.10.23-15.49.11:704][499]LogAndroidEvents: Display: LogAndroidEvents::DequeueAppEvent : 10, [width=-1, height=-1], APP_EVENT_STATE_WINDOW_LOST_FOCUS
10-23 16:49:11.704 13524 13554 D UE4     : FAppEventManager::Tick processing, 10
10-23 16:49:11.704  1952  2757 I UnifiedTelemetryWrapper: Started UT session render:com.oculus.vrshell:Overlay
10-23 16:49:11.706  1814  3313 I [CT]    : MIXEDREALITY: MrFeatureStatus: Client status changed from Paused to Started.
10-23 16:49:11.706  1814  3313 I [CT]    : MIXEDREALITY: MrFeatureStatus: Target status Started, CurrentStatus: Paused
10-23 16:49:11.706  1814  3313 I [CT]    : MIXEDREALITY: MrFeatureStatus: Operation chain: Start
10-23 16:49:11.706  1814  3313 I [CT]    : MIXEDREALITY: MrFeatureStatus: Global status changed from Paused to Started.
10-23 16:49:11.706  1814  3313 I [CT]    : MIXEDREALITY: MrServiceController: Queuing command linked to operation Start for feature 0
10-23 16:49:11.707  1814  3300 I [CT]    : MIXEDREALITY: MrServiceView: renderIteration: (every 10 seconds), screen is: ON, PT is: OFF, ID is: OFF
10-23 16:49:11.707  1814  3300 I [CT]    : MIXEDREALITY: MrServiceController: Executing passthroughStart on model
10-23 16:49:11.707  1814  3300 I [CT]    : MIXEDREALITY: MrServiceModel: passthroughStart()
10-23 16:49:11.707  1814  3300 I [CT]    : MIXEDREALITY: MrServiceModel: passthroughStart: Started Passthrough
10-23 16:49:11.708  1814  3300 I [CT]    : MIXEDREALITY: MrServiceModel: commitLayerState: PassthroughMode: none.
10-23 16:49:11.708  2325 13848 I chatty  : uid=10020(com.oculus.vrshell) ShellOverlayMai expire 1 line
10-23 16:49:11.708  2175  2175 E OVRMediaServiceManager: LivestreamingManager Not initialized
10-23 16:49:11.710  2325  2779 I chatty  : uid=10020(com.oculus.vrshell) ShellOverlayVR expire 7 lines
10-23 16:49:11.711  2325 13848 I chatty  : uid=10020(com.oculus.vrshell) ShellOverlayMai expire 2 lines
10-23 16:49:11.713  1952  2744 I ServiceInputManager: InhibitHandleHomeKey has changed on the service. New value: 1
10-23 16:49:11.717  1814  3300 I [CT]    : MIXEDREALITY: MrServiceView: renderIteration: Nothing to render, hibernating the rendering thread since ID is off and no active PT layers.
10-23 16:49:11.718  1814  3300 I [CT]    : MIXEDREALITY: MrServiceModel: Hibernating caller (most likely rendering thread) due to commandQueue being empty.
10-23 16:49:11.720  2175  2690 W OVRLibrary: null cursor received for query content://com.oculus.ocms.library/apps/com.oculus.vrshell
10-23 16:49:11.723  2175  2175 I OVRMediaService: onStartCommand Received message type: overlay_input_focus_change, caller package: com.oculus.vrshell, app identify: AppIdentity{uid=10020, packageNames=[com.oculus.vrshell], sha1=MxZgtt071YLz39PLrkVGckZooCE, sha2=3C-DTjwZQjeLFPB2yCzRq1nqZWa_9HMLIEfpjvyfna8, version=null, domain=null}
10-23 16:49:11.725  1741  1741 D OculusNotificationListenerService: Notification posted: 0|android|0|com.android.server.wm.AlertWindowNotification - com.oculus.vrshell|1000
10-23 16:49:11.726  3551 13770 W OVRLibrary: null cursor received for query content://com.oculus.ocms.library/apps/com.YourCompany.TemplateProject
10-23 16:49:11.727  2325  2779 I chatty  : uid=10020(com.oculus.vrshell) ShellOverlayVR expire 3 lines
10-23 16:49:11.730   726   863 I audio_hw_primary: getting vr mode to 0
10-23 16:49:11.732  3551  3551 D [SUI] NotificationBroadcastReceiver: action: com.oculus.intent.action.NOTIF_CHANGE
10-23 16:49:11.732  3551  3551 E BackgroundThreadExecutor: Refusing to execute task because BackgroundThreadExecutor instance is destroyed: com.oculus.panelapp.anytimeui.tablet.notifications.core.-$$Lambda$NotificationManagerSourceHandler$HybXWBXsqdbvph6F5RgmzU3_G5A@393d81f
10-23 16:49:11.733   750  1897 I AudioPolicyManagerCustom: VR mode is 0, switch to primary output if request is for fast|raw
10-23 16:49:11.737  4485  4581 E OsSdk   : error getting shared memory region, memory type: HeadTracker, failed with Status(-1, EX_SECURITY): 'requested shared memory region when not registered/focused'
10-23 16:49:11.737  2325  2325 I chatty  : uid=10020(com.oculus.vrshell) ShellOverlayMai expire 4 lines
10-23 16:49:11.739   750  1897 W AudioFlinger: createTrack_l(): mismatch between requested flags (00000104) and output flags (00000006)
10-23 16:49:11.739   750  1897 D AudioFlinger: Client defaulted notificationFrames to 192 for frameCount 384
10-23 16:49:11.740   750  1897 D AF::TrackHandle: OpPlayAudio: track:130 uid:10020 pkg:com.oculus.vrshell usage:1 not muted
10-23 16:49:11.744  2175  2175 I OVRMediaService: Received OVERLAY_INPUT_FOCUS_CHANGE. is focused: true
10-23 16:49:11.745  2325  2779 I chatty  : uid=10020(com.oculus.vrshell) ShellOverlayVR expire 9 lines
10-23 16:49:11.747  1343  1343 V AvrcpMediaPlayerList: onPlaybackConfigChanged(): Configs list size=9
10-23 16:49:11.751  3551 13770 D NotificationsBadgeLiveData: MessageBadgeData, pullAndCheckNotifs, old data source notif count: 0, oc chats count: 0, messenger count: 0
10-23 16:49:11.764   726   726 D msm8974_platform: platform_split_snd_device: snd_device(22) num devices(1) new_snd_devices(0)
10-23 16:49:11.764   726   726 D ACDB-LOADER: ACDB -> send_audvoltable
10-23 16:49:11.764   726   726 D ACDB-LOADER: ACDB -> ACDB_CMD_GET_AUDPROC_INSTANCE_GAIN_DEP_STEP_TABLE_SIZE
10-23 16:49:11.764   726   726 D         : Failed to fetch the lookup information of the device 0000000F 
10-23 16:49:11.764   726   726 D ACDB-LOADER: Error: ACDB_CMD_GET_AUDPROC_INSTANCE_GAIN_DEP_STEP_TABLE_SIZE Returned = -19
10-23 16:49:11.764   726   726 D ACDB-LOADER: ACDB -> ACDB_CMD_GET_AUDPROC_INSTANCE_GAIN_DEP_STEP_TABLE, vol index 10
10-23 16:49:11.764   726   726 D         : Failed to fetch the lookup information of the device 0000000F 
10-23 16:49:11.764   726   726 D ACDB-LOADER: Error: ACDB AudProc vol returned = -19
10-23 16:49:11.764   726   726 D ACDB-LOADER: ACDB -> AUDIO_SET_VOL_CAL cal type = 40
10-23 16:49:11.767  2325  2346 I chatty  : uid=10020(com.oculus.vrshell) HeapTaskDaemon expire 1 line
10-23 16:49:11.767  2325  2779 I chatty  : uid=10020(com.oculus.vrshell) ShellOverlayVR expire 4 lines
10-23 16:49:11.768  2325  2325 I chatty  : uid=10020(com.oculus.vrshell) ShellOverlayMai expire 1 line
10-23 16:49:11.768  2325  2779 I chatty  : uid=10020(com.oculus.vrshell) ShellOverlayVR expire 3 lines
10-23 16:49:11.774  1741  1741 D OculusNotificationListenerService: Notification removed: 0|android|0|com.android.server.wm.AlertWindowNotification - com.oculus.vrshell|1000
10-23 16:49:11.780  1952  1952 I ClientMgr: FocusedWindowChanged: top window's client already enabled
10-23 16:49:11.780  1952  1952 I ClientMgr: FocusedClient changed.
10-23 16:49:11.780  1952  1952 I ClientMgr: ClientMgr::SetFocusedClient: 13524:com.YourCompany.TemplateProject type 0
10-23 16:49:11.780  1952  1952 I ClientMgr: SetFocusedPackageName - packageName com.YourCompany.TemplateProject processName com.YourCompany.TemplateProject clientId 750335072 clientPid 13524
10-23 16:49:11.780  1952  1952 I VrRuntimeService: RuntimeIPC: SendFocusChangeEventToAllClients: PostClientEvent SUCCESS: com.YourCompany.TemplateProject:com.YourCompany.TemplateProject:13524, com.YourCompany.TemplateProject, com.YourCompany.TemplateProject
10-23 16:49:11.780  1952  1952 I VrRuntimeService: RuntimeIPC: SendFocusChangeEventToAllClients: PostClientEvent SUCCESS: com.oculus.xrstreamingclient:com.oculus.xrstreamingclient:4485, com.YourCompany.TemplateProject, com.YourCompany.TemplateProject
10-23 16:49:11.780  1952  1952 I VrRuntimeService: RuntimeIPC: SendFocusChangeEventToAllClients: PostClientEvent SUCCESS: com.oculus.mrservice:com.oculus.mrservice:1814, com.YourCompany.TemplateProject, com.YourCompany.TemplateProject
10-23 16:49:11.780  1952  1952 I VrRuntimeService: RuntimeIPC: SendFocusChangeEventToAllClients: PostClientEvent SUCCESS: com.oculus.vrshell:com.oculus.vrshell:2900, com.YourCompany.TemplateProject, com.YourCompany.TemplateProject
10-23 16:49:11.780  1952  1952 I VrRuntimeService: RuntimeIPC: SendFocusChangeEventToAllClients: PostClientEvent SUCCESS: com.oculus.guardian:com.oculus.vrguardianservice:2874, com.YourCompany.TemplateProject, com.YourCompany.TemplateProject
10-23 16:49:11.780 13524 13555 D UE4     : [2022.10.23-15.49.11:780][505]LogAndroid: Case APP_CMD_GAINED_FOCUS
10-23 16:49:11.780  1952  1952 I VrRuntimeService: RuntimeIPC: SendFocusChangeEventToAllClients: PostClientEvent SUCCESS: com.oculus.shellenv:com.oculus.shellenv:2092, com.YourCompany.TemplateProject, com.YourCompany.TemplateProject
10-23 16:49:11.780  1952  1952 I VrRuntimeService: RuntimeIPC: SendFocusChangeEventToAllClients: PostClientEvent SUCCESS: com.oculus.vrshell:com.oculus.vrshell:Overlay:2325, com.YourCompany.TemplateProject, com.YourCompany.TemplateProject
10-23 16:49:11.780 13524 13555 D UE4     : LogAndroidEvents::EnqueueAppEvent : 11, [width=-1, height=-1], tid = 13555, APP_EVENT_STATE_WINDOW_GAINED_FOCUS
10-23 16:49:11.780  3551  3551 D [SUI] ActivityManagerUtilsHelper: onFocusedWindowChanged: Instance: com.oculus.panelapp.anytimeui.utils.ActivityManagerUtilsHelper@b8a9bc6, topWindowUid: 10119, focusedApp: com.YourCompany.TemplateProject, previousApp: com.oculus.vrshell
10-23 16:49:11.781  3551  3551 D [SUI] ActivityManagerUtilsHelper: onFocusedWindowChanged: Instance: com.oculus.panelapp.anytimeui.utils.ActivityManagerUtilsHelper@7475cad, topWindowUid: 10119, focusedApp: com.YourCompany.TemplateProject, previousApp: com.oculus.vrshell
10-23 16:49:11.783   852  1870 I chatty  : uid=1000(system) Binder:852_4 identical 2 lines
10-23 16:49:11.783  1952  2744 I ServiceInputManager: InhibitHandleHomeKey has changed on the service. New value: 0
10-23 16:49:11.784  1952  2744 I PerformanceManager_V0: SetClockLevels: Apply pending clock request change: 4,4 -> 4,3
10-23 16:49:11.784  4485  4581 E OsSdk   : error getting shared memory region, memory type: HeadTracker, failed with Status(-1, EX_SECURITY): 'requested shared memory region when not registered/focused'
10-23 16:49:11.784  1952  2740 I Clocks  : ReleaseClocks - start
10-23 16:49:11.784  1952  2740 I Clocks  : ReleaseClocks - end (0.4 ms)
10-23 16:49:11.784  1952  2740 I Clocks  : LockClocks( cpu=4, gpu=3 ) - start
10-23 16:49:11.784  1952  2740 I Clocks  : CPU levels [0, 4]
10-23 16:49:11.784  1952  2740 I Clocks  : GPU levels [0, 5]
10-23 16:49:11.785  1952  2740 I Clocks  : LockClocks( cpu=4, gpu=3 ) - end (0.5 ms)
10-23 16:49:11.786  2325  2325 I chatty  : uid=10020(com.oculus.vrshell) ShellOverlayMai expire 2 lines
10-23 16:49:11.787  2175  2280 W OVRLibrary: null cursor received for query content://com.oculus.ocms.library/apps/com.YourCompany.TemplateProject
10-23 16:49:11.787  2175  2175 W OVRLibrary: null cursor received for query content://com.oculus.ocms.library/apps/com.YourCompany.TemplateProject
10-23 16:49:11.787  2175  2175 I OVRMediaServiceManager: Sending onAppStart (com.YourCompany.TemplateProject) to SocialPlatform (com.oculus.socialplatform)
10-23 16:49:11.787 13524 13613 I VrRuntimeClient: Client has gained focus.
10-23 16:49:11.787 13524 13554 D UE4     : [2022.10.23-15.49.11:787][505]LogAndroidEvents: Display: LogAndroidEvents::DequeueAppEvent : 11, [width=-1, height=-1], APP_EVENT_STATE_WINDOW_GAINED_FOCUS
10-23 16:49:11.787 13524 13554 D UE4     : FAppEventManager::Tick processing, 11
10-23 16:49:11.789  2325  2779 I chatty  : uid=10020(com.oculus.vrshell) ShellOverlayVR expire 2 lines
10-23 16:49:11.793   852  1870 W TrackingService: attachClient: found client in attached list
10-23 16:49:11.794   852  1870 D TrackingService: getSharedMemory: com.YourCompany.TemplateProject, Controller
10-23 16:49:11.795 13524 13774 I InputDevice_TrackedRemote: REMOTE: Hand=2 IndexAnalog=0.00 GripAnalog=0.00 Buttons=0x00000000
10-23 16:49:11.795 13524 13774 I InputDevice_TrackedRemote: REMOTE: Hand=1 IndexAnalog=0.00 GripAnalog=0.00 Buttons=0x00000000
10-23 16:49:11.803  2175  2208 I .oculus.horizo: Background young concurrent copying GC freed 33395(2836KB) AllocSpace objects, 28(700KB) LOS objects, 30% free, 7810KB/11MB, paused 6.383ms total 87.371ms
