10-23 16:49:11.812  2175  2175 E OVRMediaServiceManager: LivestreamingManager Not initialized
10-23 16:49:11.817  1050  5411 E WindowManager: App trying to use insecure INPUT_FEATURE_NO_INPUT_CHANNEL flag. Ignoring
10-23 16:49:11.821  1952  1952 I ClientMgr: FocusedWindowChanged: found matching overlay client: 2115699885
10-23 16:49:11.821  1952  1952 I ClientMgr: FocusedClient changed.
10-23 16:49:11.821  1952  1952 I ClientMgr: ClientMgr::SetFocusedClient: 2325:com.oculus.vrshell type 1
10-23 16:49:11.821  1952  1952 I ClientMgr: SetFocusedPackageName - packageName com.oculus.vrshell processName com.oculus.vrshell:Overlay clientId 2115699885 clientPid 2325
10-23 16:49:11.821  1952  1952 I VrRuntimeService: RuntimeIPC: SendFocusChangeEventToAllClients: PostClientEvent SUCCESS: com.YourCompany.TemplateProject:com.YourCompany.TemplateProject:13524, com.oculus.vrshell, com.oculus.vrshell:Overlay
10-23 16:49:11.821  1952  1952 I VrRuntimeService: RuntimeIPC: SendFocusChangeEventToAllClients: PostClientEvent SUCCESS: com.oculus.xrstreamingclient:com.oculus.xrstreamingclient:4485, com.oculus.vrshell, com.oculus.vrshell:Overlay
10-23 16:49:11.821  1952  1952 I VrRuntimeService: RuntimeIPC: SendFocusChangeEventToAllClients: PostClientEvent SUCCESS: com.oculus.mrservice:com.oculus.mrservice:1814, com.oculus.vrshell, com.oculus.vrshell:Overlay
10-23 16:49:11.821  1952  1952 I VrRuntimeService: RuntimeIPC: SendFocusChangeEventToAllClients: PostClientEvent SUCCESS: com.oculus.vrshell:com.oculus.vrshell:2900, com.oculus.vrshell, com.oculus.vrshell:Overlay
10-23 16:49:11.821  1952  1952 I VrRuntimeService: RuntimeIPC: SendFocusChangeEventToAllClients: PostClientEvent SUCCESS: com.oculus.guardian:com.oculus.vrguardianservice:2874, com.oculus.vrshell, com.oculus.vrshell:Overlay
10-23 16:49:11.821  1952  1952 I VrRuntimeService: RuntimeIPC: SendFocusChangeEventToAllClients: PostClientEvent SUCCESS: com.oculus.shellenv:com.oculus.shellenv:2092, com.oculus.vrshell, com.oculus.vrshell:Overlay
10-23 16:49:11.821  1952  1952 I VrRuntimeService: RuntimeIPC: SendFocusChangeEventToAllClients: PostClientEvent SUCCESS: com.oculus.vrshell:com.oculus.vrshell:Overlay:2325, com.oculus.vrshell, com.oculus.vrshell:Overlay
10-23 16:49:11.822  3551  3551 D [SUI] ActivityManagerUtilsHelper: onFocusedWindowChanged: Instance: com.oculus.panelapp.anytimeui.utils.ActivityManagerUtilsHelper@b8a9bc6, topWindowUid: 10020, focusedApp: com.oculus.vrshell, previousApp: com.YourCompany.TemplateProject
10-23 16:49:11.822  3551  3551 D [SUI] ActivityManagerUtilsHelper: onFocusedWindowChanged: Instance: com.oculus.panelapp.anytimeui.utils.ActivityManagerUtilsHelper@7475cad, topWindowUid: 10020, focusedApp: com.oculus.vrshell, previousApp: com.YourCompany.TemplateProject
10-23 16:49:11.823  2325  2325 I chatty  : uid=10020(com.oculus.vrshell) ShellOverlayMai expire 4 lines
10-23 16:49:11.823  2175  2175 I OVRMediaService: onStartCommand Received message type: overlay_input_focus_change, caller package: com.oculus.vrshell, app identify: AppIdentity{uid=10020, packageNames=[com.oculus.vrshell], sha1=MxZgtt071YLz39PLrkVGckZooCE, sha2=3C-DTjwZQjeLFPB2yCzRq1nqZWa_9HMLIEfpjvyfna8, version=null, domain=null}
10-23 16:49:11.825  1952  2744 I ServiceInputManager: InhibitHandleHomeKey has changed on the service. New value: 1
10-23 16:49:11.825   852   852 W TrackingService: attachClient: found client in attached list
10-23 16:49:11.826   852   852 D TrackingService: getSharedMemory: com.oculus.systemdriver, Controller
10-23 16:49:11.826  3551  3551 D [SUI] NotificationBroadcastReceiver: action: com.oculus.intent.action.NOTIF_CHANGE
10-23 16:49:11.826  1952  2744 I PerformanceManager_V0: SetClockLevels: Apply pending clock request change: 4,3 -> 4,4
10-23 16:49:11.826  3551  3551 E BackgroundThreadExecutor: Refusing to execute task because BackgroundThreadExecutor instance is destroyed: com.oculus.panelapp.anytimeui.tablet.notifications.core.-$$Lambda$NotificationManagerSourceHandler$HybXWBXsqdbvph6F5RgmzU3_G5A@865b9ca
10-23 16:49:11.826  1952  2740 I Clocks  : ReleaseClocks - start
10-23 16:49:11.827  1952  2740 I Clocks  : ReleaseClocks - end (1.2 ms)
10-23 16:49:11.827  1952  2740 I Clocks  : LockClocks( cpu=4, gpu=4 ) - start
10-23 16:49:11.828  1952  2740 I Clocks  : CPU levels [0, 4]
10-23 16:49:11.828  1952  2740 I Clocks  : GPU levels [0, 5]
10-23 16:49:11.828   852  1870 W TrackingService: attachClient: found client in attached list
10-23 16:49:11.828   852   852 W TrackingService: attachClient: found client in attached list
10-23 16:49:11.829  1952  2740 I Clocks  : LockClocks( cpu=4, gpu=4 ) - end (1.2 ms)
10-23 16:49:11.829 13524 13613 I VrRuntimeClient: Client has lost focus.
10-23 16:49:11.829   852  1035 W TrackingService: attachClient: found client in attached list
10-23 16:49:11.830 13524 13554 E OsSdk   : error getting shared memory region, memory type: Controller, failed with Status(-1, EX_SECURITY): 'requested shared memory region when not registered/focused'
10-23 16:49:11.830   852  1035 W TrackingService: attachClient: found client in attached list
10-23 16:49:11.831  3551 13770 W OVRLibrary: null cursor received for query content://com.oculus.ocms.library/apps/com.YourCompany.TemplateProject
10-23 16:49:11.831  4485  4581 E OsSdk   : error getting shared memory region, memory type: HeadTracker, failed with Status(-1, EX_SECURITY): 'requested shared memory region when not registered/focused'
10-23 16:49:11.831 13524 13554 E OsSdk   : error getting shared memory region, memory type: Controller, failed with Status(-1, EX_SECURITY): 'requested shared memory region when not registered/focused'
10-23 16:49:11.831   852  1870 D TrackingService: getSharedMemory: com.oculus.vrshell, Controller
10-23 16:49:11.831   852  1035 W TrackingService: attachClient: found client in attached list
10-23 16:49:11.832 13524 13785 E OsSdk   : error getting shared memory region, memory type: Controller, failed with Status(-1, EX_SECURITY): 'requested shared memory region when not registered/focused'
10-23 16:49:11.832   852  1035 I chatty  : uid=1000(system) Binder:852_1 identical 1 line
10-23 16:49:11.833 13524 13785 E OsSdk   : error getting shared memory region, memory type: Controller, failed with Status(-1, EX_SECURITY): 'requested shared memory region when not registered/focused'
10-23 16:49:11.835   852  1035 W TrackingService: attachClient: found client in attached list
10-23 16:49:11.835   852  1035 D TrackingService: getSharedMemory: com.oculus.guardian, Controller
10-23 16:49:11.838  2325  2779 I chatty  : uid=10020(com.oculus.vrshell) ShellOverlayVR expire 51 lines
10-23 16:49:11.842  2325  2438 I chatty  : uid=10020(com.oculus.vrshell) ShellAppBackgro expire 2 lines
10-23 16:49:11.844  3551 13852 D NotificationsBadgeLiveData: MessageBadgeData, pullAndCheckNotifs, old data source notif count: 0, oc chats count: 0, messenger count: 0
10-23 16:49:11.847  1952  2757 I VrRuntimeService: CreateAndroidSurfaceSwapChain: 2115699885
10-23 16:49:11.847  1952  2757 I VrRuntimeService: CreateAndroidSurfaceSwapChain: 65536 1 32856 1 1 1 1 1 0 0
10-23 16:49:11.847  1952  2694 I SwapChain_Surface: CreateAndroidSurfaceSwapChainGLES: 0x72a97fb000: SurfaceTexture 0x2d46 Surface 0x2d36
10-23 16:49:11.847  1952  2757 I VrRuntimeServer: CreateAndroidSurfaceSwapChain: result surface 0x72a97fb000
10-23 16:49:11.850  2175  2175 I OVRMediaService: Received OVERLAY_INPUT_FOCUS_CHANGE. is focused: false
10-23 16:49:11.855 13524 13555 D UE4     : [2022.10.23-15.49.11:855][510]LogAndroid: Case APP_CMD_LOST_FOCUS
10-23 16:49:11.855 13524 13555 D UE4     : LogAndroidEvents::EnqueueAppEvent : 10, [width=-1, height=-1], tid = 13555, APP_EVENT_STATE_WINDOW_LOST_FOCUS
10-23 16:49:11.857 13524 13554 D UE4     : [2022.10.23-15.49.11:857][510]LogAndroidEvents: Display: LogAndroidEvents::DequeueAppEvent : 10, [width=-1, height=-1], APP_EVENT_STATE_WINDOW_LOST_FOCUS
10-23 16:49:11.857 13524 13554 D UE4     : FAppEventManager::Tick processing, 10
10-23 16:49:11.864  2175  2571 W OVRLibrary: null cursor received for query content://com.oculus.ocms.library/apps/com.oculus.vrshell
10-23 16:49:11.864  3551  3551 D CppPanelService: PanelService()
10-23 16:49:11.865  3551  3551 D CppPanelService: onBind()
10-23 16:49:11.865  2175  2175 W OVRLibrary: null cursor received for query content://com.oculus.ocms.library/apps/com.YourCompany.TemplateProject
10-23 16:49:11.865  2175  2175 I OVRMediaServiceManager: Sending onAppStart (com.YourCompany.TemplateProject) to SocialPlatform (com.oculus.socialplatform)
10-23 16:49:11.868  2325  2325 I chatty  : uid=10020(com.oculus.vrshell) ShellOverlayMai expire 3 lines
10-23 16:49:11.873  3551 13453 W OVRLibrary: null cursor received for query content://com.oculus.ocms.library/apps/com.YourCompany.TemplateProject
10-23 16:49:11.874   852  1035 W TrackingService: attachClient: found client in attached list
10-23 16:49:11.874  4485  4581 E OsSdk   : error getting shared memory region, memory type: HeadTracker, failed with Status(-1, EX_SECURITY): 'requested shared memory region when not registered/focused'
10-23 16:49:11.875   852   852 W TrackingService: attachClient: found client in attached list
10-23 16:49:11.878  1741  1741 D OculusNotificationListenerService: Notification posted: 0|android|0|com.android.server.wm.AlertWindowNotification - com.oculus.vrshell|1000
10-23 16:49:11.880  4485  4581 E OsSdk   : error getting shared memory region, memory type: AnchorTracker, failed with Status(-1, EX_SECURITY): 'requested shared memory region when not registered/focused'
10-23 16:49:11.881  2325  2779 I chatty  : uid=10020(com.oculus.vrshell) ShellOverlayVR expire 5 lines
10-23 16:49:11.882  3551  5307 I CppPanelService: verifyVrShellUID(Debug Signatures=false, uid=10020) => apkSignatureResult=SigCertInfo(isTrusted=true, packageNames=[com.oculus.vrshell], fingerprint sha1=331660b6dd3bd582f3dfd3cbae4546724668a021, fingerprint sha256=dc2f834e3c1942378b14f076c82cd1ab59ea6566bff4730b2047e98efc9f9daf, signature=3082038d30820275a00302010202041303858a300d06092a864886f70d01010b05003077310b3009060355040613025553310b3009060355040813024341311330110603550407130a4d656e6c6f205061726b31173015060355040a130e4f63756c75732056522c204c4c4331173015060355040b130e4f63756c75732056522c204c4c43311430120603550403130b4f63756c75732041707073301e170d3134313033303231343032315a170d3432303331373231343032315a3077310b3009060355040613025553310b3009060355040813024341311330110603550407130a4d656e6c6f205061726b31173015060355040a130e4f63756c75732056522c204c4c4331173015060355040b130e4f63756c75732056522c204c4c43311430120603550403130b4f63756c7573204170707330820122300d06092a864886f70d01010105000382010f003082010a0282010100a34c7fbd96dea95d811f21a0d760cabca85f2df5dbe19b62aca7a3e3e0b6e48f7e173345f2753c458d639cc2e222eeee4cfb5e89ac1c5060044414056709a43a7f1a6f1e4f2c3d708c48912634be08ad6da1fff92d9c0d4b85e4bc8a8b1c27de84c04eb1e6577c10693500af46beaf7bd2ce72a06a46f4e565859f242cecbef1a431ae8096db712cebe73840bacc64de6b99077ba1ca8c20e5d0b4870bd161f087abbf568dfef58e604068ca6f7cdea183c8681c306bc30cb223e7c5ce3a2fcf00d13e158475b3700ef62dcca46c57baecca4d91052e20b861a1a085d5fc8e99aed8c4a9cfd550d01e54ef5062133befcf7f9ea6a5a1d1575a72cd82279f34030203010001a321301f301d0603551d0e04160414ec7ccdaf8ccdc6dd1b87d4b561582ad8ec397b80300d06092a864886f70d01010b0500038201010014c557ecddc17ba8b979618036e7093b8e7307f624644532c31239f4dc83fd9424267ca7670fa9f78689cbc5bfd8a6312fdc214bd159d614a8753ceec0f2b2d9166217895b13c992e1d10ca625a3153dacfa51dbdb7fde139bd59510f5add29f88be3826b445ce7386dcf06577be72fbdf118fa81179091fad275981409e02d40422d8e86df5827a2c496a4b905b4825c3f1ba0af4cf509bf9b0d4d608cf0b4320ac60d1a8cbcc384de24f11a4c93c0fc5b887cbd6855871af1b1ef729c51a8a123efc6a627b6494e81a264587443b9156ad17772863c2f9685fae9c72a552b333f8ef2822bce5d4d178e45b3a8dd4e321924f6a5ba43f732971a9e74cbf0433), time=0 ms
10-23 16:49:11.882  3551  3551 D CppPanelService: BEGIN: Initializing panel application via MSG_CREATE_PANEL_APP.
10-23 16:49:11.883  3551  3551 I AndroidPanelApp: Created
10-23 16:49:11.883  3551  3551 V LifecycleAwareViewModelStore: LifecycleAwareViewModelStore created
10-23 16:49:11.883  3551  3551 V LifecycleAwarePanelApp: PanelApp initial lifecycle started and moved from state INITIALIZED to state RESUMED
10-23 16:49:11.884  2325  2325 I chatty  : uid=10020(com.oculus.vrshell) ShellOverlayMai expire 1 line
10-23 16:49:11.888  3551  3551 I [SUI] ConsumerConfiguration: Setting SystemUX Configuration and Policy Settings.
10-23 16:49:11.888  3551  3551 D [SUI] AnytimeUIBroadcastReceiver: requestCaptureState being sent
10-23 16:49:11.892  3551  3551 D [SUI] DestinationUiPanelApp: Creating DestinationUiPanelApp
10-23 16:49:11.893  3551  3551 I AndroidPanelApp: HideLayer(#main, shape: 1, shouldMinimizeLayer: false)
10-23 16:49:11.894  1050 10671 I DisplayManagerService: Display device added: DisplayDeviceInfo{"com.oculus.android_panel_app.AndroidPanelLayer-#main": uniqueId="virtual:com.oculus.systemux,10026,com.oculus.android_panel_app.AndroidPanelLayer-#main,1", 1000 x 625, modeId 183, defaultModeId 183, supportedModes [{id=183, width=1000, height=625, fps=60.0}], colorMode 0, supportedColorModes [0], HdrCapabilities null, density 200, 200.0 x 200.0 dpi, appVsyncOff 0, presDeadline 16666666, touch NONE, rotation 0, type VIRTUAL, state OFF, owner com.oculus.systemux (uid 10026), FLAG_PRIVATE, FLAG_NEVER_BLANK, FLAG_OWN_CONTENT_ONLY}
10-23 16:49:11.900  2325  2779 I chatty  : uid=10020(com.oculus.vrshell) ShellOverlayVR expire 13 lines
10-23 16:49:11.901  2325  2325 I chatty  : uid=10020(com.oculus.vrshell) ShellOverlayMai expire 1 line
10-23 16:49:11.910  2325  2779 I chatty  : uid=10020(com.oculus.vrshell) ShellOverlayVR expire 7 lines
10-23 16:49:11.912  1050  1083 W InputReader: Device has associated, but no associated display id.
10-23 16:49:11.914  2874  3141 I VrGuardianService: GuardianSDKServer::SetActiveHand
10-23 16:49:11.914  2874  3141 I VrGuardianService: GuardianSDKServer::SetSecondaryControllerActive 1
10-23 16:49:11.917  1050  1085 W InputReader: Device has associated, but no associated display id.
10-23 16:49:11.918  1050  1085 I ActivityTaskManager: Override config changes=20005df8 {0.0 ?mcc?mnc ?localeList ?layoutDir sw500dp w800dp h500dp 200dpi lrg land ?uimode ?night -touch qwerty/v/v -nav/h winConfig={ mBounds=Rect(0, 0 - 1000, 625) mAppBounds=Rect(0, 0 - 1000, 625) mWindowingMode=fullscreen mDisplayWindowingMode=fullscreen mActivityType=undefined mAlwaysOnTop=undefined mRotation=ROTATION_0}} for displayId=122
10-23 16:49:11.923  4485  4581 E OsSdk   : error getting shared memory region, memory type: HeadTracker, failed with Status(-1, EX_SECURITY): 'requested shared memory region when not registered/focused'
10-23 16:49:11.932  3551  3551 D [SUI] ActivityManagerUtilsHelper: Enabling the activity listener capability with initial foreground package com.YourCompany.TemplateProject
10-23 16:49:11.938  3551  3551 D [SUI] DestinationUIViewBase: Showing DestinationUIView uri: 
10-23 16:49:11.938  2175  2175 E OVRMediaServiceManager: LivestreamingManager Not initialized
10-23 16:49:11.943  2325  2325 I chatty  : uid=10020(com.oculus.vrshell) ShellOverlayMai expire 11 lines
10-23 16:49:11.949  2175  2175 I OVRMediaService: onStartCommand Received message type: overlay_input_focus_change, caller package: com.oculus.vrshell, app identify: AppIdentity{uid=10020, packageNames=[com.oculus.vrshell], sha1=MxZgtt071YLz39PLrkVGckZooCE, sha2=3C-DTjwZQjeLFPB2yCzRq1nqZWa_9HMLIEfpjvyfna8, version=null, domain=null}
10-23 16:49:11.950  3551  3551 I PresenceAPK(ServiceApiManager): Trying to bind to presence service API.
10-23 16:49:11.950  2325 13855 I chatty  : uid=10020(com.oculus.vrshell) ShellOverlayMai expire 1 line
10-23 16:49:11.950  1050  5411 W ActivityManager: Unable to start service Intent { act=com.oculus.presence.StablePresenceService cmp=com.oculus.presence/.services.presence.PresenceService } U=0: not found
10-23 16:49:11.950  3551  3551 E PresenceAPK(ServiceApiManager): Enabling backward compatible mode for service directory
10-23 16:49:11.954  3551  3551 D [SUI] PauseDestinationViewModel: Constructing PauseDestinationViewModel
10-23 16:49:11.956  2325  2779 I chatty  : uid=10020(com.oculus.vrshell) ShellOverlayVR expire 66 lines
10-23 16:49:11.956  2874  3141 I VrGuardianService: GuardianSDKServer::SetGuardianHitDialog2 1
10-23 16:49:11.961  3551  3551 D UserAppScopedAuthHelper: Logging user in.
10-23 16:49:11.961  3551  7975 D UserAppScopedAuthHelper: fetchUserInfo - start
10-23 16:49:11.961  3551  7975 I [SUI] OVRAuthHelper: fetchAuthToken - start
10-23 16:49:11.961  3551  3551 D PresenceAPK(PresenceClient): setEventListener id=AnchoredHomeGroup
10-23 16:49:11.961  3551  3551 I PresenceAPK(GroupManager): addListener for id AnchoredHomeGroup
10-23 16:49:11.962  3551  3551 D UserAppScopedAuthHelper: Logging user in.
10-23 16:49:11.962  3551 10683 D UserAppScopedAuthHelper: fetchUserInfo - start
10-23 16:49:11.962  3551 10683 I [SUI] OVRAuthHelper: fetchAuthToken - start
10-23 16:49:11.963  3551  3551 D UserAppScopedAuthHelper: Logging user in.
10-23 16:49:11.963  3551  3551 D [SUI] SharingViewModel: Constructing ViewModel
10-23 16:49:11.964  2175  2175 I OVRMediaService: Received OVERLAY_INPUT_FOCUS_CHANGE. is focused: true
10-23 16:49:11.964  2175  2175 I OVRMediaService: onStartCommand Received message type: com.oculus.horizon.GET_CAPTURE_STATE_ACTION, caller package: no_app_identity, app identify: null
10-23 16:49:11.966  3551  7975 D UserAppScopedAuthHelper: Successfully logged in.
10-23 16:49:11.966  3551  7975 D UserAppScopedAuthHelper: fetchUserInfo - start
10-23 16:49:11.966  3551  7975 I [SUI] OVRAuthHelper: fetchAuthToken - start
10-23 16:49:11.967  1952 13728 I CompositorProgs: loaded binary layerProgram 0:0x100100048081:0x0 in 0.8 ms
10-23 16:49:11.968  3551  7975 D UserAppScopedAuthHelper: Successfully logged in.
10-23 16:49:11.970  3551  3551 D [SUI] SharingViewModel: clearAbuseReportRecordingTimer
10-23 16:49:11.970  3551  3551 D [SUI] AnytimeUIPanelAppBase: Acquiring viewModel SharingViewModel refCount: 1
10-23 16:49:11.970  4485  4581 E OsSdk   : error getting shared memory region, memory type: HeadTracker, failed with Status(-1, EX_SECURITY): 'requested shared memory region when not registered/focused'
10-23 16:49:11.970  3551  3551 D [SUI] ScreenCaptureButtonUtil: Initializing screen recording button
10-23 16:49:11.973  3551  3551 D [SUI] ScreenCaptureButtonUtil: Initializing screenshot button
10-23 16:49:11.973  3551  3551 D [SUI] ScreenCaptureButtonUtil: Initialized screenshot button
10-23 16:49:11.973  3551  3551 D [SUI] ScreenCaptureButtonUtil: Initializing casting button
10-23 16:49:11.973  3551  3551 D [SUI] ScreenCaptureButtonUtil: Initialized casting button
10-23 16:49:11.973  3551  3551 D [SUI] SharingViewModel: clearAbuseReportRecordingTimer
10-23 16:49:11.975  1952  2757 I VrRuntimeService: CreateSwapChain: 2115699885
10-23 16:49:11.975  1952  2757 I VrRuntimeService: CreateSwapChain: api:gles 0 0x8c43 60 60 6 1 1 0 3
10-23 16:49:11.975  1952  2757 I VrRuntimeServer: CreateTextureSwapChain: result importswapchaingles 1
10-23 16:49:11.976  1952  2757 I VrRuntimeService: UpdateSwapChainSamplerState: 326
10-23 16:49:11.977  1952  2757 I VrRuntimeService: UpdateSwapChainSamplerState: minFilter=1 magFilter=1 wrapModeS=3 warpModeT=3 maxAniso=1.000000 border={0.000000,0.000000,0.000000,0.000000} swizzle={0,1,2,3}
10-23 16:49:11.977  3551  3569 W System  : A resource failed to call release. 
10-23 16:49:11.978  3551  3551 D [SUI] PauseDestinationView: Showing PauseDestinationView
10-23 16:49:11.979  3551 10683 D UserAppScopedAuthHelper: Successfully logged in.
10-23 16:49:11.980  3551  3551 I PanelService: BEGIN: nativeInitializePanelInstance - Configure and set up thread polling.
10-23 16:49:11.980  3551  3551 I PanelService: BEGIN: Call hosted app's Configure method.
10-23 16:49:11.980  3551  3551 I PanelService: END: Call hosted app's Configure method.
10-23 16:49:11.980  3551  3551 I PanelService: END: nativeInitializePanelInstance - Add fd 61 to looper with error code 1
10-23 16:49:11.980  3551  3551 D CppPanelService: END: Initializing panel application via MSG_CREATE_PANEL_APP.
10-23 16:49:11.981  3551  3551 I [SUI] AnytimeUIAndroidPanelApp: Bar visibility changed to true
10-23 16:49:11.981  3551  3551 I AndroidPanelApp: Processing pending hide layer for layer #main.
10-23 16:49:11.981  3551  3551 I AndroidPanelApp: Processing pending show layer info for layer #main with width 1000 and height 625.
10-23 16:49:11.981  3551  3551 I AndroidPanelApp: layerSupersample no changes
10-23 16:49:11.983  3551  3551 D [SUI] ActivityManagerUtilsHelper: onFocusedWindowChanged: Instance: com.oculus.panelapp.anytimeui.utils.ActivityManagerUtilsHelper@ca48da9, topWindowUid: 10020, focusedApp: com.oculus.vrshell, previousApp: null
10-23 16:49:11.983  3551  3551 D [SUI] NotificationBroadcastReceiver: action: com.oculus.intent.action.NOTIF_CHANGE
10-23 16:49:11.983  3551  3551 E BackgroundThreadExecutor: Refusing to execute task because BackgroundThreadExecutor instance is destroyed: com.oculus.panelapp.anytimeui.tablet.notifications.core.-$$Lambda$NotificationManagerSourceHandler$HybXWBXsqdbvph6F5RgmzU3_G5A@eefff2e
10-23 16:49:11.983  3551  3551 I PresenceAPK(ServiceApiManager): onServiceConnected componentName=ComponentInfo{com.oculus.presence/com.oculus.presence.service.PresenceService}
10-23 16:49:11.983  3551  3551 I PresenceAPK(ServiceApiManager): setting apiStatusListener
10-23 16:49:11.985  3551  3551 D [SUI] AnytimeUIBroadcastReceiver: action: com.oculus.systemactivities.CAPTURE_STATE_UPDATE
10-23 16:49:11.985  3551  5307 I PresenceAPK(ServiceApiManager): onApiReady
10-23 16:49:11.985  3551  3551 I [SUI] AnytimeUIBroadcastReceiver: handleCaptureStateUpdate: captureToDisk false, captureEnabled false, isCapturingAbuseReport false, abuseRecordingUUID null
10-23 16:49:11.985  2175  2175 I FileCapture: broadcast capture state to AUI running = false, with mode -1
10-23 16:49:11.988  2900  2900 I chatty  : uid=10020(com.oculus.vrshell) ShellMain expire 19 lines
10-23 16:49:11.990  1952  2757 I VrRuntimeService: UpdateSwapChainSamplerState: 325
10-23 16:49:11.990  1952  2757 I VrRuntimeService: UpdateSwapChainSamplerState: minFilter=1 magFilter=1 wrapModeS=3 warpModeT=3 maxAniso=1.000000 border={0.000000,0.000000,0.000000,0.000000} swizzle={0,1,2,3}
10-23 16:49:11.990  1952  2757 I VrRuntimeService: UpdateAndroidSurfaceSwapChainDimensions: 325: 1000x625
10-23 16:49:11.992  3551  3551 I AndroidPanelApp: Processing next frame action "layerShow" for layer "#main"
10-23 16:49:11.993  1050  1085 I DisplayManagerService: Display device changed state: "com.oculus.android_panel_app.AndroidPanelLayer-#main", ON
10-23 16:49:12.000  1050  1683 E WindowManager: App trying to use insecure INPUT_FEATURE_NO_INPUT_CHANNEL flag. Ignoring
10-23 16:49:12.002  3551  3551 D [SUI] AnytimeUIAndroidPanelApp: Received appStatus from VrShell: [{"name":"com.oculus.systemux\/com.oculus.panelapp.destinationui.DestinationUiPanelService","panels":[{"panelId":8,"state":"Focused"}]}]
10-23 16:49:12.007 13524 13777 I Telemetry: App memory usage: PSS=423 MiB, PrivateDirty=282 MiB, PrivateClean=127 MiB, GPU=126.6/126.8 MiB (100% allocated)
10-23 16:49:12.017  4485  4581 E OsSdk   : error getting shared memory region, memory type: HeadTracker, failed with Status(-1, EX_SECURITY): 'requested shared memory region when not registered/focused'
10-23 16:49:12.020  2175  2175 I OVRMediaServiceManager: Metacam is not enabled.
10-23 16:49:12.020  3551  5307 I PresenceAPK(ServicePresenceClient): calling onServiceUp
10-23 16:49:12.020  3551 13453 D NotificationsBadgeLiveData: MessageBadgeData, pullAndCheckNotifs, old data source notif count: 0, oc chats count: 0, messenger count: 0
10-23 16:49:12.021 13524 13777 I VrApi   : FPS=72/72,Prd=59ms,Tear=0,Early=72,Stale=0,VSnc=1,Lat=1,Fov=0,CPU4/GPU=2/3,2419/525MHz,OC=FF,TA=0/70/70,SP=N/F/F,Mem=2092MHz,Free=2162MB,PLS=0,Temp=30.5C/0.0C,TW=0.79ms,App=4.02ms,GD=0.00ms,CPU&GPU=5.93ms,LCnt=1(DR72,LM0),GPU%=0.37,CPU%=0.35(W0.36),DSF=1.00,CFL=19.73/21.37
10-23 16:49:12.021  2874  3141 I VrGuardianService: GuardianSDKServer::SetGuardianHitDialog2 0
10-23 16:49:12.023  1952 13728 I CompositorProgs: loaded binary layerProgram 0:0x100000048003:0x0 in 0.7 ms
10-23 16:49:12.032  3551  3551 D [SUI] AnytimeUIBroadcastReceiver: action: com.oculus.systemactivities.LOCAL_STREAM_STATE_UPDATE
10-23 16:49:12.032  3551  3551 D [SUI] ScreenCaptureUtil: onLocalStreamStateUpdate(isCaptureRunning = false)
10-23 16:49:12.032  3551  3551 I chatty  : uid=10026 com.oculus.systemux:SystemUX identical 38 lines
10-23 16:49:12.059  4485  4581 E OsSdk   : error getting shared memory region, memory type: HeadTracker, failed with Status(-1, EX_SECURITY): 'requested shared memory region when not registered/focused'
10-23 16:49:12.061  3551 13856 I chatty  : uid=10026 com.oculus.systemux:SystemUX expire 2 lines
10-23 16:49:12.087  3551 13852 I chatty  : uid=10026 com.oculus.systemux:SystemUX expire 1 line
10-23 16:49:12.092  1952  2757 I VrRuntimeService: DestroySwapChain: swapchain=326
10-23 16:49:12.104  3551  5307 I chatty  : uid=10026(com.oculus.systemux) Binder:3551_8 expire 2 lines
10-23 16:49:12.104  3551  3612 I chatty  : uid=10026(com.oculus.systemux) Binder:3551_3 expire 2 lines
10-23 16:49:12.105  4485  4581 E OsSdk   : error getting shared memory region, memory type: HeadTracker, failed with Status(-1, EX_SECURITY): 'requested shared memory region when not registered/focused'
10-23 16:49:12.105  1952 13728 I SwapChain_Surface: AttachSurfaceSwapChainGLES: 0x72a97fb000 with SurfaceTexture 0x2d46 attached on init
10-23 16:49:12.106  1952 13728 I CompositorProgs: loaded binary layerProgram 1:0x100000048003:0x0 in 0.7 ms
10-23 16:49:12.130  2441  2454 W oculus.presenc: Reducing the number of considered missed Gc histogram windows from 164 to 100
10-23 16:49:12.150  4485  4581 E OsSdk   : error getting shared memory region, memory type: HeadTracker, failed with Status(-1, EX_SECURITY): 'requested shared memory region when not registered/focused'
10-23 16:49:12.151  4485  4581 E OsSdk   : error getting shared memory region, memory type: AnchorTracker, failed with Status(-1, EX_SECURITY): 'requested shared memory region when not registered/focused'
10-23 16:49:12.195  4485  4581 E OsSdk   : error getting shared memory region, memory type: HeadTracker, failed with Status(-1, EX_SECURITY): 'requested shared memory region when not registered/focused'
10-23 16:49:12.241  4485  4581 E OsSdk   : error getting shared memory region, memory type: HeadTracker, failed with Status(-1, EX_SECURITY): 'requested shared memory region when not registered/focused'
10-23 16:49:12.251   852  1227 I [CT]    : VEGA_MAPPER:SubmapTrackingValidator: Pausing map building until validation is complete. 7.440000000000001 seconds remaining
10-23 16:49:12.259  1952 13728 I CompositorProgs: loaded binary layerProgram 0:0x100000048001:0x0 in 0.7 ms
10-23 16:49:12.262  2874  3141 I VrGuardianService: GuardianSDKServer::SetGuardianHitDialog2 1
10-23 16:49:12.270  3551 13865 I chatty  : uid=10026(com.oculus.systemux) OkHttp Dispatch expire 2 lines
10-23 16:49:12.272 13524 13556 D UE4     : [GameActivity] Used memory: 433360 (VmRSS:	  190980 kB)
10-23 16:49:12.279  3551 13861 I chatty  : uid=10026(com.oculus.systemux) OkHttp Dispatch expire 2 lines
10-23 16:49:12.279  3551 13862 I chatty  : uid=10026(com.oculus.systemux) OkHttp Dispatch expire 2 lines
10-23 16:49:12.288  4485  4581 E OsSdk   : error getting shared memory region, memory type: HeadTracker, failed with Status(-1, EX_SECURITY): 'requested shared memory region when not registered/focused'
10-23 16:49:12.304  1503 13859 W ContextImpl: Calling a method in the system process without a qualified user: android.app.ContextImpl.sendBroadcast:1057 android.content.ContextWrapper.sendBroadcast:448 X.o0.A00:133 X.nZ.A00:17 X.nZ.handleMessage:91 
10-23 16:49:12.378   852   852 I chatty  : uid=1000(system) /system/bin/trackingservice identical 12 lines
10-23 16:49:12.379  4485  4581 I chatty  : uid=10033(com.oculus.xrstreamingclient) SlamAnchorMem identical 9 lines
10-23 16:49:12.421   852   852 W TrackingService: attachClient: found client in attached list
10-23 16:49:12.421  4485  4581 E OsSdk   : error getting shared memory region, memory type: HeadTracker, failed with Status(-1, EX_SECURITY): 'requested shared memory region when not registered/focused'
10-23 16:49:12.422   852  1035 W TrackingService: attachClient: found client in attached list
10-23 16:49:12.423  4485  4581 E OsSdk   : error getting shared memory region, memory type: AnchorTracker, failed with Status(-1, EX_SECURITY): 'requested shared memory region when not registered/focused'
10-23 16:49:12.440  1952 13728 I CompositorProgs: loaded binary layerProgram 1:0x100000048001:0x0 in 0.7 ms
10-23 16:49:12.464  1503 13854 W ContextImpl: Calling a method in the system process without a qualified user: android.app.ContextImpl.sendBroadcast:1057 android.content.ContextWrapper.sendBroadcast:448 X.o0.A00:133 X.nZ.A00:17 X.nZ.handleMessage:91 
10-23 16:49:12.469  4485  4581 E OsSdk   : error getting shared memory region, memory type: HeadTracker, failed with Status(-1, EX_SECURITY): 'requested shared memory region when not registered/focused'
10-23 16:49:12.646  4485  4581 E OsSdk   : error getting shared memory region, memory type: HeadTracker, failed with Status(-1, EX_SECURITY): 'requested shared memory region when not registered/focused'
10-23 16:49:12.677   852 13710 W [CT]    : TIMESTAMPCHECKER: Nominal rate wrong. Estimated data rate: 25, Nominal is 30.000300003000028
10-23 16:49:12.697  4485  4581 E OsSdk   : error getting shared memory region, memory type: HeadTracker, failed with Status(-1, EX_SECURITY): 'requested shared memory region when not registered/focused'
10-23 16:49:12.698  4485  4581 E OsSdk   : error getting shared memory region, memory type: AnchorTracker, failed with Status(-1, EX_SECURITY): 'requested shared memory region when not registered/focused'
10-23 16:49:12.737  4485  4581 E OsSdk   : error getting shared memory region, memory type: HeadTracker, failed with Status(-1, EX_SECURITY): 'requested shared memory region when not registered/focused'
10-23 16:49:12.820  4485  4581 E OsSdk   : error getting shared memory region, memory type: HeadTracker, failed with Status(-1, EX_SECURITY): 'requested shared memory region when not registered/focused'
10-23 16:49:12.858  4485  4581 E OsSdk   : error getting shared memory region, memory type: HeadTracker, failed with Status(-1, EX_SECURITY): 'requested shared memory region when not registered/focused'
10-23 16:49:12.949  4485  4581 E OsSdk   : error getting shared memory region, memory type: HeadTracker, failed with Status(-1, EX_SECURITY): 'requested shared memory region when not registered/focused'
10-23 16:49:12.950  4485  4581 E OsSdk   : error getting shared memory region, memory type: AnchorTracker, failed with Status(-1, EX_SECURITY): 'requested shared memory region when not registered/focused'
10-23 16:49:12.995  4485  4581 E OsSdk   : error getting shared memory region, memory type: HeadTracker, failed with Status(-1, EX_SECURITY): 'requested shared memory region when not registered/focused'
10-23 16:49:13.004 13524 13777 I VrApi   : FPS=72/72,Prd=60ms,Tear=0,Early=72,Stale=0,VSnc=1,Lat=1,Fov=0,CPU4/GPU=4/4,2419/525MHz,OC=FF,TA=0/70/70,SP=N/F/F,Mem=2092MHz,Free=2162MB,PLS=0,Temp=30.5C/0.0C,TW=2.29ms,App=3.72ms,GD=0.00ms,CPU&GPU=5.81ms,LCnt=1(DR72,LM0),GPU%=0.56,CPU%=0.27(W0.38),DSF=1.00,CFL=19.71/21.56
10-23 16:49:13.011  2325 13848 I chatty  : uid=10020(com.oculus.vrshell) ShellOverlayMai expire 1 line
10-23 16:49:13.029  4485  4581 E OsSdk   : error getting shared memory region, memory type: HeadTracker, failed with Status(-1, EX_SECURITY): 'requested shared memory region when not registered/focused'
10-23 16:49:13.094  1503 13877 W ContextImpl: Calling a method in the system process without a qualified user: android.app.ContextImpl.sendBroadcast:1057 android.content.ContextWrapper.sendBroadcast:448 X.o0.A00:133 X.nZ.A00:17 X.nZ.handleMessage:91 
10-23 16:49:13.163   852  1035 I chatty  : uid=1000(system) Binder:852_1 identical 19 lines
10-23 16:49:13.163  4485  4581 E OsSdk   : error getting shared memory region, memory type: HeadTracker, failed with Status(-1, EX_SECURITY): 'requested shared memory region when not registered/focused'
10-23 16:49:13.208   852  1035 W TrackingService: attachClient: found client in attached list
10-23 16:49:13.208  4485  4581 E OsSdk   : error getting shared memory region, memory type: HeadTracker, failed with Status(-1, EX_SECURITY): 'requested shared memory region when not registered/focused'
10-23 16:49:13.208   852   852 W TrackingService: attachClient: found client in attached list
10-23 16:49:13.209  4485  4581 E OsSdk   : error getting shared memory region, memory type: AnchorTracker, failed with Status(-1, EX_SECURITY): 'requested shared memory region when not registered/focused'
10-23 16:49:13.213  1050  4000 I ActivityTaskManager: START u0 {act=android.intent.action.MAIN cat=[android.intent.category.LAUNCHER] flg=0x10010000 pkg=com.oculus.vrshell cmp=com.oculus.vrshell/.MainActivity (has extras)} from uid 10020
10-23 16:49:13.220 13524 13524 D UE4     : [GameActivity] onPause: stop memory reporter runnable
10-23 16:49:13.220 13524 13555 D UE4     : Case APP_CMD_PAUSE
10-23 16:49:13.220 13524 13524 D UE4     : [GameActivity] ==============> GameActive.onPause complete!
10-23 16:49:13.220 13524 13555 D UE4     : [2022.10.23-15.49.13:220][608]LogAndroid: Case APP_CMD_PAUSE
10-23 16:49:13.220 13524 13555 D UE4     : LogAndroidEvents::EnqueueAppEvent : 6, [width=-1, height=-1], tid = 13555, APP_EVENT_STATE_ON_PAUSE
10-23 16:49:13.220 13524 13555 D UE4     : [2022.10.23-15.49.13:220][608]LogAndroid: event thread, suspending app, acquiring HW window lock.
10-23 16:49:13.221 13524 13554 D UE4     : [2022.10.23-15.49.13:221][608]LogAndroidEvents: Display: LogAndroidEvents::DequeueAppEvent : 6, [width=-1, height=-1], APP_EVENT_STATE_ON_PAUSE
10-23 16:49:13.221 13524 13554 D UE4     : FAppEventManager::Tick processing, 6
10-23 16:49:13.221 13524 13554 D UE4     : [2022.10.23-15.49.13:221][608]LogAndroidEvents: Display: LogAndroidEvents::DequeueAppEvent : 15, [width=-1, height=-1], APP_EVENT_RUN_CALLBACK
10-23 16:49:13.221 13524 13554 D UE4     : FAppEventManager::Tick processing, 15
10-23 16:49:13.221 13524 13555 D UE4     : LogAndroidEvents::EnqueueAppEvent : 15, [width=-1, height=-1], tid = 13555, APP_EVENT_RUN_CALLBACK
10-23 16:49:13.221 13524 13554 D UE4     : [2022.10.23-15.49.13:221][608]LogAndroidEvents: Display: Event thread callback running.
10-23 16:49:13.221  1050  4000 W InputReader: Device has associated, but no associated display id.
10-23 16:49:13.221 13524 13554 D UE4     : [2022.10.23-15.49.13:221][608]LogAndroid: performing app backgrounding callback. 0xa9210af0
10-23 16:49:13.221 13524 13555 D UE4     : [2022.10.23-15.49.13:221][608]LogAndroid: AndroidEGL::  SuspendApp_EventThread, waiting for event manager to process. tid: 13555
10-23 16:49:13.223  2874  3141 I VrGuardianService: GuardianSDKServer::GuardianCmd: 14
10-23 16:49:13.223  2874  3141 I GuardianSystem: GuardianSystem::GuardianCmd CMD_CLEAR_RETURN_PACKAGE
10-23 16:49:13.226 13524 13524 D SystemActivitiesReceiver: SystemActivityReceiver.onReceive intent:Intent { act=com.oculus.system_activity flg=0x10 pkg=com.YourCompany.TemplateProject (has extras) }
10-23 16:49:13.226 13524 13524 D SystemActivitiesReceiver: fromPackageName: 'com.oculus.vrshell'
10-23 16:49:13.226 13524 13524 D SystemActivitiesReceiver: command: '{"Command":"exitToHome","PlatformUIVersion":4,"ToPackage":"com.YourCompany.TemplateProject"}'
10-23 16:49:13.226 13524 13524 D SystemActivitiesReceiver: uri: ''
10-23 16:49:13.227 13524 13524 D TrustedSignatureVerifier: Checking app signature for com.oculus.vrshell
10-23 16:49:13.227 13524 13524 D TrustedSignatureVerifier: Package com.oculus.vrshell trusted due to RELEASE signature.
10-23 16:49:13.227 13524 13524 D SystemActivitiesReceiver: App is trusted
10-23 16:49:13.227 13524 13524 I SystemActivitiesEvents: nativeSystemActivityIntent in 'com.YourCompany.TemplateProject': 'com.oculus.vrshell' '{"Command":"exitToHome","PlatformUIVersion":4,"ToPackage":"com.YourCompany.TemplateProject"}' ''
10-23 16:49:13.227 13524 13524 I SystemActivitiesEvents: SYSTEM_ACTIVITY_EVENT_EXIT_TO_HOME: finish() - exit to Home
10-23 16:49:13.227 13524 13524 W TemplateProjec: Attempt to remove non-JNI local reference, dumping thread
10-23 16:49:13.228 13524 13524 I chatty  : uid=10119(com.YourCompany.TemplateProject) identical 1 line
10-23 16:49:13.228 13524 13524 W TemplateProjec: Attempt to remove non-JNI local reference, dumping thread
10-23 16:49:13.228 13524 13524 D ContextHelper: shouldSkipFinish: activity=com.epicgames.ue4.GameActivity@f939964
10-23 16:49:13.228   750  1206 D AF::RecordHandle: OpRecordAudio: track:128 uid:10032 pkg:com.oculus.horizon usage:0 not muted
10-23 16:49:13.228 13524 13524 W TemplateProjec: Accessing hidden method Landroid/app/Activity;->isResumed()Z (greylist, reflection, allowed)
10-23 16:49:13.228 13524 13524 D ContextHelper: activity=com.epicgames.ue4.GameActivity@f939964, resumed=false
10-23 16:49:13.228 13524 13524 D ContextHelper: Calling finish() on com.epicgames.ue4.GameActivity@f939964
10-23 16:49:13.230   750 10612 D AF::TrackHandle: OpPlayAudio: track:130 uid:10020 pkg:com.oculus.vrshell usage:1 not muted
10-23 16:49:13.230   750  1013 D AF::TrackHandle: OpPlayAudio: track:57 uid:10014 pkg:com.oculus.shellenv usage:1 muted
10-23 16:49:13.231   750  5811 D AF::RecordHandle: OpRecordAudio: track:128 uid:10032 pkg:com.oculus.horizon usage:0 not muted
10-23 16:49:13.231   750  4650 D AF::TrackHandle: OpPlayAudio: track:126 uid:10119 pkg:com.YourCompany.TemplateProject usage:1 muted
10-23 16:49:13.231   750  6165 D AF::TrackHandle: OpPlayAudio: track:63 uid:10033 pkg:com.oculus.xrstreamingclient usage:1 muted
10-23 16:49:13.231   750  1897 D AF::RecordHandle: OpRecordAudio: track:121 uid:10033 pkg:com.oculus.xrstreamingclient usage:0 muted
10-23 16:49:13.231   750  1206 D AF::RecordHandle: OpRecordAudio: track:56 uid:10014 pkg:com.oculus.shellenv usage:0 muted
10-23 16:49:13.232  1952  1952 D VrRuntimeService: onForegroundActivitiesChanged: pid=2900, uid=10020, hasForegroundActivities=true
10-23 16:49:13.232   750  1897 D AF::RecordHandle: OpRecordAudio: track:121 uid:10033 pkg:com.oculus.xrstreamingclient usage:0 muted
10-23 16:49:13.233   750  1206 D AF::RecordHandle: OpRecordAudio: track:56 uid:10014 pkg:com.oculus.shellenv usage:0 muted
10-23 16:49:13.242   726   863 D msm8974_platform: platform_split_snd_device: snd_device(22) num devices(1) new_snd_devices(0)
10-23 16:49:13.242   726   863 D ACDB-LOADER: ACDB -> send_audvoltable
10-23 16:49:13.242   726   863 D ACDB-LOADER: ACDB -> ACDB_CMD_GET_AUDPROC_INSTANCE_GAIN_DEP_STEP_TABLE_SIZE
10-23 16:49:13.242   726   863 D         : Failed to fetch the lookup information of the device 0000000F 
10-23 16:49:13.242   726   863 D ACDB-LOADER: Error: ACDB_CMD_GET_AUDPROC_INSTANCE_GAIN_DEP_STEP_TABLE_SIZE Returned = -19
10-23 16:49:13.242   726   863 D ACDB-LOADER: ACDB -> ACDB_CMD_GET_AUDPROC_INSTANCE_GAIN_DEP_STEP_TABLE, vol index 8
10-23 16:49:13.242   726   863 D         : Failed to fetch the lookup information of the device 0000000F 
10-23 16:49:13.242   726   863 D ACDB-LOADER: Error: ACDB AudProc vol returned = -19
10-23 16:49:13.242   726   863 D ACDB-LOADER: ACDB -> AUDIO_SET_VOL_CAL cal type = 40
10-23 16:49:13.255  4485  4581 E OsSdk   : error getting shared memory region, memory type: HeadTracker, failed with Status(-1, EX_SECURITY): 'requested shared memory region when not registered/focused'
10-23 16:49:13.259  1050  1679 I ActivityTaskManager: START u0 {act=android.intent.action.MAIN cat=[android.intent.category.LAUNCHER] flg=0x14000000 pkg=com.oculus.shellenv cmp=com.oculus.shellenv/.ShellEnvActivity (has extras)} from uid 10020
10-23 16:49:13.271   750  4650 D AF::TrackHandle: OpPlayAudio: track:130 uid:10020 pkg:com.oculus.vrshell usage:1 not muted
10-23 16:49:13.272   750  6165 D AF::TrackHandle: OpPlayAudio: track:57 uid:10014 pkg:com.oculus.shellenv usage:1 not muted
10-23 16:49:13.272   750  1013 D AF::RecordHandle: OpRecordAudio: track:128 uid:10032 pkg:com.oculus.horizon usage:0 not muted
10-23 16:49:13.272   750 10612 D AF::RecordHandle: OpRecordAudio: track:121 uid:10033 pkg:com.oculus.xrstreamingclient usage:0 muted
10-23 16:49:13.272   750  1206 D AF::TrackHandle: OpPlayAudio: track:126 uid:10119 pkg:com.YourCompany.TemplateProject usage:1 muted
10-23 16:49:13.272   750  1897 D AF::RecordHandle: OpRecordAudio: track:56 uid:10014 pkg:com.oculus.shellenv usage:0 not muted
10-23 16:49:13.273  1050  4000 W InputReader: Device has associated, but no associated display id.
10-23 16:49:13.273   750  5811 D AF::TrackHandle: OpPlayAudio: track:63 uid:10033 pkg:com.oculus.xrstreamingclient usage:1 muted
10-23 16:49:13.275   750  4650 D AF::RecordHandle: OpRecordAudio: track:56 uid:10014 pkg:com.oculus.shellenv usage:0 not muted
10-23 16:49:13.276   750  1897 D AF::RecordHandle: OpRecordAudio: track:121 uid:10033 pkg:com.oculus.xrstreamingclient usage:0 muted
10-23 16:49:13.276   750  5811 D AF::RecordHandle: OpRecordAudio: track:128 uid:10032 pkg:com.oculus.horizon usage:0 not muted
10-23 16:49:13.278  1952  1952 D VrRuntimeService: onForegroundActivitiesChanged: pid=2092, uid=10014, hasForegroundActivities=true
10-23 16:49:13.285  1050  1570 I DisplayManagerService: Display device removed: DisplayDeviceInfo{"com.oculus.android_panel_app.AndroidPanelLayer-#main": uniqueId="virtual:com.oculus.systemux,10026,com.oculus.android_panel_app.AndroidPanelLayer-#main,1", 1000 x 625, modeId 183, defaultModeId 183, supportedModes [{id=183, width=1000, height=625, fps=60.0}], colorMode 0, supportedColorModes [0], HdrCapabilities null, density 200, 200.0 x 200.0 dpi, appVsyncOff 0, presDeadline 16666666, touch NONE, rotation 0, type VIRTUAL, state ON, owner com.oculus.systemux (uid 10026), FLAG_PRIVATE, FLAG_NEVER_BLANK, FLAG_OWN_CONTENT_ONLY}
10-23 16:49:13.298  1952  2757 I VrRuntimeService: DestroySwapChain: swapchain=325
10-23 16:49:13.300  4485  4581 E OsSdk   : error getting shared memory region, memory type: HeadTracker, failed with Status(-1, EX_SECURITY): 'requested shared memory region when not registered/focused'
10-23 16:49:13.305  3551 13852 I chatty  : uid=10026 com.oculus.systemux:SystemUX expire 1 line
10-23 16:49:13.305  2874  3141 I VrGuardianService: GuardianSDKServer::SetGuardianHitDialog2 0
10-23 16:49:13.308  2900  3145 I chatty  : uid=10020(com.oculus.vrshell) ShellMainVR expire 53 lines
10-23 16:49:13.311  2092  2092 D ActivityLifecycleListener: onActivityResumed
10-23 16:49:13.311  2092  4266 D ActivityLifecycleListener: activity=com.oculus.shellenv.ShellEnvActivity@abd0956, resumed=true
10-23 16:49:13.311  2092  4266 D ActivityLifecycleListener: Activity ready after 0ms
10-23 16:49:13.311  2092  4266 I OpenXR  : nativeOnActivityReady
10-23 16:49:13.315  3551  3551 I chatty  : uid=10026 com.oculus.systemux:SystemUX expire 6 lines
10-23 16:49:13.339  2092  2173 I Clay    : BaseApp: Hibernate transition Unhibernate
10-23 16:49:13.339  2092  2173 I Clay    : copresence: microphone state transition, unpaused
10-23 16:49:13.339  2092  2173 I Clay    : SoundSystem: setPaused(false), m_paused=true
10-23 16:49:13.341  1343  1343 V AvrcpMediaPlayerList: onPlaybackConfigChanged(): Configs list size=9
10-23 16:49:13.342  3551 13852 I chatty  : uid=10026 com.oculus.systemux:SystemUX expire 1 line
10-23 16:49:13.344   852   852 I chatty  : uid=1000(system) /system/bin/trackingservice identical 3 lines
10-23 16:49:13.345  4485  4581 E OsSdk   : error getting shared memory region, memory type: HeadTracker, failed with Status(-1, EX_SECURITY): 'requested shared memory region when not registered/focused'
10-23 16:49:13.349  1952 13728 I CompositorVR: SetSchedFifo( tid=13554, pol=2, pri=0 ) succeeded
10-23 16:49:13.349  1952 13728 I CompositorVR: SetSchedFifo( tid=13613, pol=2, pri=0 ) succeeded
10-23 16:49:13.349  1952 13728 I CompositorVR: SetSchedFifo( tid=13787, pol=2, pri=0 ) succeeded
10-23 16:49:13.350  2092  2173 I Clay    : EnvironmentSystem: computed visibility changed from Unload to Visible (reason: <none>)
10-23 16:49:13.351  2092  2173 I Clay    : Local user with id 106765628877334 does have a custom avatar
10-23 16:49:13.351  2092  2173 I OpenXR  : PostSessionStateChange: XR_SESSION_STATE_IDLE -> XR_SESSION_STATE_READY
10-23 16:49:13.351  2092  2173 I Clay    : xrPollEvent: REFERENCE_SPACE_CHANGE_PENDING
10-23 16:49:13.351  2092  2173 I Clay    : xrPollEvent: SESSION_STATE_CHANGED: READY
10-23 16:49:13.351  2092  2173 I Clay    : Entering VR mode: cpu=-1, gpu=-1, perf threads: main=2173, gpu=unset
10-23 16:49:13.351  2092  2173 I OpenXR  : ------------ xrBeginSession [start] -----------
10-23 16:49:13.351  2092  2173 I VrRuntimeClient: Tracing is disabled
10-23 16:49:13.351  2092  2173 I VrRuntimeClient: SysProp debug mode is disabled on Client side
10-23 16:49:13.352  2092  2173 D VrApi   : targetSDKVersion 29
10-23 16:49:13.356  2092  2173 I VrRuntimeClient: DEVICE MODEL NUMBER = Quest 2
10-23 16:49:13.356  2092  2173 I VrRuntimeClient: DEVICE BUILD NAME = user-47421700667400000
10-23 16:49:13.356  2092  2173 I VrRuntimeClient: DEVICE BUILD TYPE = user
10-23 16:49:13.356  2092  2173 I VrRuntimeClient: DEVICE OS VERSION = 10
10-23 16:49:13.356  2092  2173 I VrRuntimeClient: API LOADER VERSION = 1.0.22
10-23 16:49:13.356  2092  2173 I VrRuntimeClient: RUNTIME API VERSION = 1.0.24
10-23 16:49:13.356  2092  2173 I VrRuntimeClient: RUNTIME VERSION = 46.0.0.226.0 Sep  6 2022 02:18:10 RELEASE
10-23 16:49:13.356  2092  2173 I VrRuntimeClient: APP NAME = ShellEnv
10-23 16:49:13.356  2092  2173 I VrRuntimeClient: APP VERSION = 46.0.0.225.0 versionCode 406480835 internalVersionName 46.0.0.225.0.1de6c5943672 2022_10_06_16_42
10-23 16:49:13.356  2092  2173 I VrRuntimeClient: APP VR TYPE = vr_only
10-23 16:49:13.356  2092  2173 I VrRuntimeClient: APP MODE TYPE = VR
10-23 16:49:13.356  2092  2173 I VrRuntimeClient: APP PACKAGE NAME = com.oculus.shellenv
10-23 16:49:13.356  2092  2173 I VrRuntimeClient: APP ACTIVITY CLASS = com.oculus.shellenv.ShellEnvActivity
10-23 16:49:13.356  2092  2173 I Sensor  : OSSDKTRACKING Initializing head tracking
10-23 16:49:13.356  2092  2173 I Sensor  : OSSDKTRACKING Head tracker != nullpointer 0x7279cb0c78, 1
10-23 16:49:13.356  2092  2173 I Sensor  : OSSDKTRACKING Initializing controller tracking
10-23 16:49:13.356  2092  2173 I Sensor  : OSSDKTRACKING Controller tracker != nullpointer 0x7279f1eb70, 1
10-23 16:49:13.356  2092  2173 D BatteryReceiver: Registering battery receiver
10-23 16:49:13.359  2092  2173 D HeadsetReceiver: getCurrentHeadsetState: false
10-23 16:49:13.359  2092  2173 I DeviceStatus: nativeHeadsetEvent(0)
10-23 16:49:13.360  2092  2173 I VrRuntimeClient: SetCompositorClientFeatureFlag ClientFeatureFlag 0 
10-23 16:49:13.360  2092  2173 I LogTimer: CPUTIME: VrRuntimeClient_BeginSession took 8.1322 ms
10-23 16:49:13.360  2092  2173 I ClientInputInterface: DEADRECKONING SetControllerTrackingExtendedDeadreckoning 0
10-23 16:49:13.360  2092  2173 I ClientInputSettings: HANDTRACKING package name is com.oculus.shellenv
10-23 16:49:13.361  2092  2173 I ClientInputSettings: HANDTRACKING: Manifest Permission request for com.oculus.shellenv
10-23 16:49:13.362  2092  2173 I ClientInputSettings: HANDTRACKING:  'com.oculus.shellenv' Is hands or controller.
10-23 16:49:13.362  2092  2173 I ClientInputSettings: HANDTRACKING: feature flag set to 2
10-23 16:49:13.362  2092  2173 I ClientInputInterface: HANDTRACKING sethandmanifest 2
10-23 16:49:13.362  2092  2173 I InputHooks_Internal: Enabling Native Input Hooks
10-23 16:49:13.362  2092  2173 I InputDeviceManager: ovrInputDeviceManager::Initialize
10-23 16:49:13.363   852   852 W TrackingService: attachClient: found client in attached list
10-23 16:49:13.365   852   852 D TrackingService: getSharedMemory: com.oculus.shellenv#2092, HeadTracker
10-23 16:49:13.367  2092  2173 I Distortion: Initializing Mesh Decenter Correction
10-23 16:49:13.367   852   852 W TrackingService: attachClient: found client in attached list
10-23 16:49:13.367   846  1028 E CalibrationProvider: loadCalibration(LDISP_SN) failed: Calibration store didn't load any info
10-23 16:49:13.368   846  1028 E CalibrationProvider: loadCalibration(RDISP_SN) failed: Calibration store didn't load any info
10-23 16:49:13.368  2092  2173 I Distortion: SetLensPositions - iad=0.0630264, left offset=-0.000247639,-0.00102733, right offset=0.000126805,-0.00104481
10-23 16:49:13.368  2092  2173 I Distortion: Initializing Mesh Decenter Correction
10-23 16:49:13.368   852   852 D TrackingService: getSharedMemory: com.oculus.shellenv, Controller
10-23 16:49:13.368  2092 13882 I InputDevice_TrackedRemote: REMOTE: Hand=2 IndexAnalog=0.00 GripAnalog=0.00 Buttons=0x00000000
10-23 16:49:13.368  2092 13882 I InputDevice_TrackedRemote: REMOTE: Hand=1 IndexAnalog=0.00 GripAnalog=0.00 Buttons=0x00000000
10-23 16:49:13.368  2092 13882 I InputDeviceManager: HANDTRACKING Pointer filter profile changed to: 0
10-23 16:49:13.368  2092 13882 I InputDeviceManager: HANDTRACKING Pointer filter profile changed to: 0
10-23 16:49:13.368  2092 13882 I InputDeviceManager: HANDTRACKING Root pose filter profile changed for (version, freq) to (2, 1) from (1,2)
10-23 16:49:13.368   846  1028 E CalibrationProvider: loadCalibration(LDISP_SN) failed: Calibration store didn't load any info
10-23 16:49:13.369   846  1028 E CalibrationProvider: loadCalibration(RDISP_SN) failed: Calibration store didn't load any info
