10-23 16:48:50.888 13524 13554 I VrRuntimeClient: Tracing is disabled
10-23 16:48:50.888 13524 13554 I VrRuntimeClient: SysProp debug mode is disabled on Client side
10-23 16:48:50.890 13524 13554 D VrApi   : targetSDKVersion 29
10-23 16:48:50.894 13524 13554 I VrRuntimeClient: DEVICE MODEL NUMBER = Quest
10-23 16:48:50.894 13524 13554 I VrRuntimeClient: DEVICE BUILD NAME = user-47421700667400000
10-23 16:48:50.894 13524 13554 I VrRuntimeClient: DEVICE BUILD TYPE = user
10-23 16:48:50.894 13524 13554 I VrRuntimeClient: DEVICE OS VERSION = 10
10-23 16:48:50.894 13524 13554 I VrRuntimeClient: API LOADER VERSION = 1.44.0
10-23 16:48:50.894 13524 13554 I VrRuntimeClient: RUNTIME API VERSION = 1.63.0
10-23 16:48:50.894 13524 13554 I VrRuntimeClient: RUNTIME VERSION = 46.0.0.226.0 Sep  6 2022 02:18:30 RELEASE
10-23 16:48:50.894 13524 13554 I VrRuntimeClient: APP NAME = TemplateProject
10-23 16:48:50.894 13524 13554 I VrRuntimeClient: APP VERSION = 1.0 versionCode 1 internalVersionName <none>
10-23 16:48:50.894 13524 13554 I VrRuntimeClient: APP VR TYPE = <none>
10-23 16:48:50.894 13524 13554 I VrRuntimeClient: APP MODE TYPE = VR
10-23 16:48:50.894 13524 13554 I VrRuntimeClient: APP PACKAGE NAME = com.YourCompany.TemplateProject
10-23 16:48:50.894 13524 13554 I VrRuntimeClient: APP ACTIVITY CLASS = com.epicgames.ue4.GameActivity
10-23 16:48:50.894 13524 13554 I Sensor  : OSSDKTRACKING Initializing head tracking
10-23 16:48:50.894 13524 13554 D OsSdk   : TrackingServiceConnection ctor
10-23 16:48:50.894 13524 13554 I Sensor  : OSSDKTRACKING Head tracker != nullpointer 0xc272cc08, 1
10-23 16:48:50.894 13524 13554 I Sensor  : OSSDKTRACKING Initializing controller tracking
10-23 16:48:50.894 13524 13554 I Sensor  : OSSDKTRACKING Controller tracker != nullpointer 0xc272cc10, 1
10-23 16:48:50.894 13524 13554 D BatteryReceiver: Registering battery receiver
10-23 16:48:50.896 13524 13554 D HeadsetReceiver: getCurrentHeadsetState: false
10-23 16:48:50.896 13524 13554 I DeviceStatus: nativeHeadsetEvent(0)
10-23 16:48:50.896 13524 13554 I VrRuntimeClient: SetCompositorClientFeatureFlag ClientFeatureFlag 0 
10-23 16:48:50.896 13524 13554 I LogTimer: CPUTIME: VrRuntimeClient_BeginSession took 8.4804 ms
10-23 16:48:50.897 13524 13554 I ClientInputInterface: DEADRECKONING SetControllerTrackingExtendedDeadreckoning 0
10-23 16:48:50.897 13524 13554 I ClientInputSettings: HANDTRACKING package name is com.YourCompany.TemplateProject
10-23 16:48:50.897   852  1870 W TrackingService: attachClient: found client in attached list
10-23 16:48:50.898 13524 13554 I ClientInputSettings: HANDTRACKING: feature flag set to 0
10-23 16:48:50.898 13524 13554 I ClientInputInterface: HANDTRACKING sethandmanifest 0
10-23 16:48:50.898 13524 13554 I InputHooks_Internal: Enabling Native Input Hooks
10-23 16:48:50.898 13524 13554 I InputDeviceManager: ovrInputDeviceManager::Initialize
10-23 16:48:50.899 13524 13554 D OsSdk   : TrackingServiceConnection registered
10-23 16:48:50.900   852  1870 D TrackingService: getSharedMemory: com.YourCompany.TemplateProject, HeadTracker
10-23 16:48:50.900 13524 13554 I Distortion: Initializing Mesh Decenter Correction
10-23 16:48:50.901   846  1028 E CalibrationProvider: loadCalibration(LDISP_SN) failed: Calibration store didn't load any info
10-23 16:48:50.901   846  1028 E CalibrationProvider: loadCalibration(RDISP_SN) failed: Calibration store didn't load any info
10-23 16:48:50.901 13524 13554 I Distortion: SetLensPositions - iad=0.0630264, left offset=-0.000247639,-0.00102733, right offset=0.000126805,-0.00104481
10-23 16:48:50.901 13524 13554 I Distortion: Initializing Mesh Decenter Correction
10-23 16:48:50.902   846  1028 E CalibrationProvider: loadCalibration(LDISP_SN) failed: Calibration store didn't load any info
10-23 16:48:50.902   846  1028 E CalibrationProvider: loadCalibration(RDISP_SN) failed: Calibration store didn't load any info
10-23 16:48:50.902 13524 13554 I Distortion: SetLensPositions - iad=0.0630264, left offset=-0.000247639,-0.00102733, right offset=0.000126805,-0.00104481
10-23 16:48:50.903 13524 13554 I Distortion: Created custom distortion mesh.
10-23 16:48:50.903 13524 13554 I VrApi   : ovrModeParms::VRAPI_MODE_FLAG_RESET_WINDOW_FULLSCREEN = 1
10-23 16:48:50.903 13524 13554 I VrApi   : ovrModeParms::VRAPI_MODE_FLAG_NATIVE_WINDOW = 1
10-23 16:48:50.903 13524 13554 I VrApi   : ovrModeParms::VRAPI_MODE_FLAG_FRONT_BUFFER_SRGB = 1
10-23 16:48:50.903 13524 13554 I VrApi   : ovrModeParms::VRAPI_MODE_FLAG_PHASE_SYNC = 0
10-23 16:48:50.903 13524 13554 I VrApi   : ovrModeParms::VRAPI_MODE_FLAG_APP_SPACE_WARP = 0
10-23 16:48:50.903 13524 13554 I VrRuntimeClient: SetPhaseSyncMode 0
10-23 16:48:50.903 13524 13554 I VrApi   : PhaseSync disabled
10-23 16:48:50.903 13524 13554 I VrApi   : HMD sensor attached.
10-23 16:48:50.903 13524 13554 D VrRuntimeClient: pokeGuardianUserServiceForThisClient: com.YourCompany.TemplateProject:10119
10-23 16:48:50.903   852  1870 D TrackingService: getSharedMemory: com.YourCompany.TemplateProject, Controller
10-23 16:48:50.903 13524 13774 I InputDevice_TrackedRemote: REMOTE: Hand=2 IndexAnalog=0.00 GripAnalog=0.00 Buttons=0x00000000
10-23 16:48:50.903 13524 13774 I InputDevice_TrackedRemote: REMOTE: Hand=1 IndexAnalog=0.00 GripAnalog=0.00 Buttons=0x00000000
10-23 16:48:50.903 13524 13774 I InputDeviceManager: HANDTRACKING Pointer filter profile changed to: 0
10-23 16:48:50.903 13524 13774 I InputDeviceManager: HANDTRACKING Pointer filter profile changed to: 0
10-23 16:48:50.903 13524 13774 I InputDeviceManager: HANDTRACKING Root pose filter profile changed for (version, freq) to (1, 1) from (1,2)
10-23 16:48:50.904 13524 13554 D VrRuntimeClient: VrRuntimeClient: getClientWindow: activity client
10-23 16:48:50.904  2874  2874 D VrGuardianUserService: onStartCommandIntent { act=FOREGROUND_CLIENT cmp=com.oculus.guardian/com.oculus.vrguardianservice.VrGuardianUserService (has extras) }
10-23 16:48:50.904  2874  2874 D VrGuardianUserService: maybeSubscribeDeviceConfig
10-23 16:48:50.905  2874  2874 D VrGuardianUserService: onStartCommand FOREGROUND_CLIENT user = 0
10-23 16:48:50.905  1952 13597 I chatty  : uid=10025(com.oculus.systemdriver) com.oculus.vrruntimeservice expire 10 lines
10-23 16:48:50.905  2874  2874 D VrGuardianService: setCurrentUser() called with: userId = [0]
10-23 16:48:50.905  2874  2874 I VrGuardianService: nativeSetCurrentUser userid = 0
10-23 16:48:50.905  2874  2874 I GuardianSystem: GuardianSystem::SetCurrentUser: 0 
10-23 16:48:50.908 13524 13554 I ScreenCaptureHelper: Advertising com.YourCompany.TemplateProject as streamable
10-23 16:48:50.908 13524 13554 I VrApi   : Creating Default swapchain
10-23 16:48:50.908 13524 13554 I VrApi   : Creating Loading Icon swapchain
10-23 16:48:50.908  2175  2175 I OVRMediaService: onStartCommand Received message type: set_package_name, caller package: no_app_identity, app identify: null
10-23 16:48:50.908 13524 13554 I VrApi   : OVR::Stats thread started
10-23 16:48:50.908 13524 13554 I XrRuntimeUtils: XrRuntimeUtils::CreateSession
10-23 16:48:50.908 13524 13554 I VrApi   : Initial BaseVsync 201 
10-23 16:48:50.908 13524 13554 I XrRuntimeUtils: XrRuntimeUtils::BeginSession
10-23 16:48:50.908 13524 13554 I XrRuntimeSystem_Client: BeginSession
10-23 16:48:50.908  2175  2175 I OVRMediaService: Got package name intent (com.YourCompany.TemplateProject)
10-23 16:48:50.908 13524 13554 I VrApi   : ---------- vrapi_EnterVrMode [end] ----------
10-23 16:48:50.908 13524 13554 I ClientInputSettings: EatNativeGamepadEvents = false
10-23 16:48:50.908 13524 13554 D OVRPlugin: Registering utility receivers.
10-23 16:48:50.909 13524 13554 D UE4     : [GameActivity] Registering volume receiver
10-23 16:48:50.910 13524 13554 D UE4     : [GameActivity] startVolumeReceiver: 10
10-23 16:48:50.910 13524 13554 D UE4     : nativeVolumeEvent(10)
10-23 16:48:50.910 13524 13554 D UE4     : [GameActivity] Registering battery receiver
10-23 16:48:50.911 13524 13554 D UE4     : [GameActivity] Registering headset receiver
10-23 16:48:50.911 13524 13777 D VrApi   : targetSDKVersion 29
10-23 16:48:50.911 13524 13554 D UE4     : [GameActivity] startHeadsetReceiver: 0
10-23 16:48:50.911 13524 13554 D UE4     : nativeHeadsetEvent(0)
10-23 16:48:50.911 13524 13554 D UE4     : [2022.10.23-15.48.50:911][  2]LogCore: Display: AppLifetime: Application has entered foreground
10-23 16:48:50.911 13524 13554 D UE4     : [2022.10.23-15.48.50:911][  2]LogUdpMessaging: Initializing bridge on interface 0.0.0.0:0 to multicast group 230.0.0.1:6666.
10-23 16:48:50.912 13524 13554 D UE4     : [2022.10.23-15.48.50:912][  2]LogTcpMessaging: Initializing TcpMessaging bridge, listening on 127.0.0.1:6666
10-23 16:48:50.913 13524 13554 D UE4     : [2022.10.23-15.48.50:913][  2]LogCore: Display: AppLifetime: Application has reactivated
10-23 16:48:50.913 13524 13554 D UE4     : [2022.10.23-15.48.50:913][  2]LogTemp: Android resume audio
10-23 16:48:50.913 13524 13554 D UE4     : [2022.10.23-15.48.50:913][  2]LogAudioMixerAndroid: Display: Resuming android audio renderer
10-23 16:48:50.913 13524 13777 I JniUtils: ovr_GetCurrentPackageSignature 
10-23 16:48:50.913  1952  2744 I chatty  : uid=10025(com.oculus.systemdriver) ClientRequest expire 13 lines
10-23 16:48:50.914  2175  2175 W OVRLibrary: null cursor received for query content://com.oculus.ocms.library/apps/com.YourCompany.TemplateProject
10-23 16:48:50.914  1343  1343 V AvrcpMediaPlayerList: onPlaybackConfigChanged(): Configs list size=8
10-23 16:48:50.914  2175  2175 I OVRMediaServiceManager: Sending onAppStart (com.YourCompany.TemplateProject) to SocialPlatform (com.oculus.socialplatform)
10-23 16:48:50.915 13524 13777 I Metrics : device name = Oculus Quest
10-23 16:48:50.915  2900  2900 I chatty  : uid=10020(com.oculus.vrshell) ShellMain expire 1 line
10-23 16:48:50.916  2325  2325 I chatty  : uid=10020(com.oculus.vrshell) ShellOverlayMai expire 5 lines
10-23 16:48:50.918  2874  3122 I GuardianSystem: runtimeServiceSDKClient_.ForceShowGuardianEvent
10-23 16:48:50.918  2874  3122 I GuardianSystem: ForceShowGuardian: false, 0.00
10-23 16:48:50.920  1952 13728 I chatty  : uid=10025(com.oculus.systemdriver) OVR::TimeWarp expire 2 lines
10-23 16:48:50.924  2325  2779 I chatty  : uid=10020(com.oculus.vrshell) ShellOverlayVR expire 6 lines
10-23 16:48:50.927 13524 13554 I OVRPlugin: HandleVrapiEvents: Unknown Event.
10-23 16:48:50.927 13524 13554 I OVRPlugin: HandleVrapiEvents: Unknown Event.
10-23 16:48:50.928 13524 13613 D UE4     : [2022.10.23-15.48.50:928][  2]LogAndroid: AndroidEGL::ResizeRenderContextSurface, PImplData->Window=0xc4226008, PImplData->eglWidth=8, PImplData->eglHeight=8!, CachedWidth=3664, CachedHeight=1920, tid: 13613
10-23 16:48:50.928 13524 13613 D UE4     : AndroidEGL::UnBindRender()
10-23 16:48:50.928 13524 13613 D UE4     : AndroidEGL::ResetDisplay()
10-23 16:48:50.928   726   863 D msm8974_platform: platform_split_snd_device: snd_device(22) num devices(1) new_snd_devices(0)
10-23 16:48:50.928   726   863 D ACDB-LOADER: ACDB -> send_audvoltable
10-23 16:48:50.928   726   863 D ACDB-LOADER: ACDB -> ACDB_CMD_GET_AUDPROC_INSTANCE_GAIN_DEP_STEP_TABLE_SIZE
10-23 16:48:50.928 13524 13613 D UE4     : AndroidEGL::DestroyRenderSurface()
10-23 16:48:50.928   726   863 D         : Failed to fetch the lookup information of the device 0000000F 
10-23 16:48:50.928   726   863 D ACDB-LOADER: Error: ACDB_CMD_GET_AUDPROC_INSTANCE_GAIN_DEP_STEP_TABLE_SIZE Returned = -19
10-23 16:48:50.928   726   863 D ACDB-LOADER: ACDB -> ACDB_CMD_GET_AUDPROC_INSTANCE_GAIN_DEP_STEP_TABLE, vol index 1
10-23 16:48:50.928   726   863 D         : Failed to fetch the lookup information of the device 0000000F 
10-23 16:48:50.928   726   863 D ACDB-LOADER: Error: ACDB AudProc vol returned = -19
10-23 16:48:50.928   726   863 D ACDB-LOADER: ACDB -> AUDIO_SET_VOL_CAL cal type = 40
10-23 16:48:50.928 13524 13613 D UE4     : AndroidEGL::InitRenderSurface 0, 0
10-23 16:48:50.928 13524 13613 D UE4     : AndroidEGL::InitRenderSurface, Using CachedWindowRect, width: 3664, height 1920 
10-23 16:48:50.928 13524 13613 D UE4     : AndroidEGL::InitRenderSurface, Using width: 3664, height 1920 
10-23 16:48:50.928 13524 13613 D UE4     : AndroidEGL::InitRenderSurface, wnd: 0xc4226008, width: 3664, height 1920 
10-23 16:48:50.928 13524 13613 D UE4     : AndroidEGL::CreateEGLRenderSurface(0), eglSurface = eglCreatePbufferSurface(), 8x8
10-23 16:48:50.931  2874  3122 I StateMachine: StateMachine::Update ForceShow: stopForceShow -> ForceShowOff
10-23 16:48:50.931  1952  3121 I chatty  : uid=10025(com.oculus.systemdriver) Thread-19 expire 1 line
10-23 16:48:50.931  2874  3122 I GuardianSystem: UpdateGuardianSystemState: Flags changed: 794624, 524288, SYSTEM_GUARDIAN_VISIBLE,SYSTEM_SYSTEM_PT_VISIBLE,SYSTEM_GUARDIAN_VALID to SYSTEM_GUARDIAN_VALID
10-23 16:48:50.934 13524 13613 D UE4     : AndroidEGL::  ReleaseContextOwnership,  thread releasing rendering context tid: 13613
10-23 16:48:50.934 13524 13613 D UE4     : AndroidEGL::ResetDisplay()
10-23 16:48:50.934 13524 13740 D UE4     : *** JavaEnvDestructor: 13740
10-23 16:48:50.936 13524 13613 D UE4     : [2022.10.23-15.48.50:936][  2]LogHMD: Error: FOculusHMDModule::GetPluginWrapper().BeginFrame4 0 failed (-1003)
10-23 16:48:50.939 13524 13613 D UE4     : [2022.10.23-15.48.50:939][  3]LogHMD: Error: FOculusHMDModule::GetPluginWrapper().BeginFrame4 1 failed (-1003)
10-23 16:48:50.942  1952  2744 I chatty  : uid=10025(com.oculus.systemdriver) ClientRequest expire 2 lines
10-23 16:48:50.943   726   863 D msm8974_platform: platform_split_snd_device: snd_device(22) num devices(1) new_snd_devices(0)
10-23 16:48:50.943   726   863 D ACDB-LOADER: ACDB -> send_audvoltable
10-23 16:48:50.943   726   863 D ACDB-LOADER: ACDB -> ACDB_CMD_GET_AUDPROC_INSTANCE_GAIN_DEP_STEP_TABLE_SIZE
10-23 16:48:50.943   726   863 D         : Failed to fetch the lookup information of the device 0000000F 
10-23 16:48:50.943   726   863 D ACDB-LOADER: Error: ACDB_CMD_GET_AUDPROC_INSTANCE_GAIN_DEP_STEP_TABLE_SIZE Returned = -19
10-23 16:48:50.943   726   863 D ACDB-LOADER: ACDB -> ACDB_CMD_GET_AUDPROC_INSTANCE_GAIN_DEP_STEP_TABLE, vol index 8
10-23 16:48:50.943   726   863 D         : Failed to fetch the lookup information of the device 0000000F 
10-23 16:48:50.943   726   863 D ACDB-LOADER: Error: ACDB AudProc vol returned = -19
10-23 16:48:50.943   726   863 D ACDB-LOADER: ACDB -> AUDIO_SET_VOL_CAL cal type = 40
10-23 16:48:50.943 13524 13613 D UE4     : [2022.10.23-15.48.50:943][  4]LogHMD: Error: FOculusHMDModule::GetPluginWrapper().BeginFrame4 2 failed (-1003)
10-23 16:48:50.945   852  1870 W TrackingService: attachClient: found client in attached list
10-23 16:48:50.947 13524 13613 D UE4     : [2022.10.23-15.48.50:947][  5]LogHMD: Error: FOculusHMDModule::GetPluginWrapper().BeginFrame4 3 failed (-1003)
10-23 16:48:50.950  1952 13728 I chatty  : uid=10025(com.oculus.systemdriver) OVR::TimeWarp expire 6 lines
10-23 16:48:50.951 13524 13613 D UE4     : [2022.10.23-15.48.50:951][  6]LogHMD: Error: FOculusHMDModule::GetPluginWrapper().BeginFrame4 4 failed (-1003)
10-23 16:48:50.954  2175  2175 E OVRMediaServiceManager: LivestreamingManager Not initialized
10-23 16:48:50.961   852  1870 D TrackingService: haptic socket already exists
10-23 16:48:50.961   852  1870 D TrackingService: getSocket: com.YourCompany.TemplateProject
10-23 16:48:50.962 13524 13787 I FenceChecker: FenceChecker::MainLoop - started
10-23 16:48:50.983  1952  2744 I chatty  : uid=10025(com.oculus.systemdriver) ClientRequest expire 3 lines
10-23 16:48:50.991  1952 13728 I chatty  : uid=10025(com.oculus.systemdriver) OVR::TimeWarp expire 1 line
10-23 16:48:50.991   852  1870 W TrackingService: attachClient: found client in attached list
10-23 16:48:51.048  1952  3121 I chatty  : uid=10025(com.oculus.systemdriver) Thread-19 expire 1 line
10-23 16:48:51.048  2874  3122 I GuardianSystem: UpdateGuardianSystemState: Flags changed: 524288, 794624, SYSTEM_GUARDIAN_VALID to SYSTEM_GUARDIAN_VISIBLE,SYSTEM_SYSTEM_PT_VISIBLE,SYSTEM_GUARDIAN_VALID
10-23 16:48:51.053  1952  2744 I chatty  : uid=10025(com.oculus.systemdriver) ClientRequest expire 1 line
10-23 16:48:51.053  1952  2740 I chatty  : uid=10025(com.oculus.systemdriver) OVR::Clocks expire 6 lines
10-23 16:48:51.056  2874  3122 W GuardianOpenXrMgr: @@@ wait frame retry=10 dtWait=0.000001 dtFrame=0.087773 submittedFrameIndex=20814
10-23 16:48:51.111  2874  3122 W GuardianOpenXrMgr: @@@ wait frame retry=10 dtWait=0.000000 dtFrame=0.040744 submittedFrameIndex=20817
10-23 16:48:51.127  1952  3121 I chatty  : uid=10025(com.oculus.systemdriver) Thread-19 expire 1 line
10-23 16:48:51.127  2874  3122 I GuardianSystem: UpdateGuardianSystemState: Flags changed: 794624, 524288, SYSTEM_GUARDIAN_VISIBLE,SYSTEM_SYSTEM_PT_VISIBLE,SYSTEM_GUARDIAN_VALID to SYSTEM_GUARDIAN_VALID
10-23 16:48:51.180  1952 13728 I chatty  : uid=10025(com.oculus.systemdriver) OVR::TimeWarp expire 1 line
10-23 16:48:51.278  1952  3121 I VrRuntimeService: RuntimeServiceSDKServer::SetGuardianSystemState: 3969299593
10-23 16:48:51.278  2874  3122 I GuardianSystem: UpdateGuardianSystemState: Flags changed: 524288, 794624, SYSTEM_GUARDIAN_VALID to SYSTEM_GUARDIAN_VISIBLE,SYSTEM_SYSTEM_PT_VISIBLE,SYSTEM_GUARDIAN_VALID
10-23 16:48:51.282  1952 13728 I CompositorVR: SetSchedFifo( tid=3122, pol=2, pri=0 ) succeeded
10-23 16:48:51.283  1952 13728 I CompositorVR: SetSchedFifo( tid=3355, pol=2, pri=0 ) succeeded
10-23 16:48:51.283  1952 13728 I CompositorVR: SetSchedFifo( tid=3382, pol=2, pri=0 ) succeeded
10-23 16:48:51.286  2874  3122 W GuardianOpenXrMgr: @@@ wait frame retry=10 dtWait=0.000001 dtFrame=0.125067 submittedFrameIndex=20823
10-23 16:48:51.296  1952 13728 I CompositorVR: SetSchedFifo( tid=3122, pol=5, pri=1 ) succeeded
10-23 16:48:51.296  1952 13728 I CompositorVR: SetSchedFifo( tid=3355, pol=5, pri=1 ) succeeded
10-23 16:48:51.297  1952 13728 I CompositorVR: SetSchedFifo( tid=3382, pol=5, pri=1 ) succeeded
10-23 16:48:51.306  1503 13788 W ContextImpl: Calling a method in the system process without a qualified user: android.app.ContextImpl.sendBroadcast:1057 android.content.ContextWrapper.sendBroadcast:448 X.o0.A00:133 X.nZ.A00:17 X.nZ.handleMessage:91 
10-23 16:48:51.334  2874  3122 W GuardianOpenXrMgr: @@@ wait frame retry=10 dtWait=0.000000 dtFrame=0.038965 submittedFrameIndex=20826
10-23 16:48:51.358   852  1870 I chatty  : uid=1000(system) Binder:852_4 identical 10 lines
10-23 16:48:51.401   852  1870 W TrackingService: attachClient: found client in attached list
10-23 16:48:51.405  1952  3121 I VrRuntimeService: RuntimeServiceSDKServer::SetGuardianSystemState: 3969299593
10-23 16:48:51.405  2874  3122 I GuardianSystem: UpdateGuardianSystemState: Flags changed: 794624, 532480, SYSTEM_GUARDIAN_VISIBLE,SYSTEM_SYSTEM_PT_VISIBLE,SYSTEM_GUARDIAN_VALID to SYSTEM_GUARDIAN_VISIBLE,SYSTEM_GUARDIAN_VALID
10-23 16:48:51.418  1814  3351 I [CT]    : MIXEDREALITY: MrFeatureStatus: Client status changed from Started to Paused.
10-23 16:48:51.418  1814  3351 I [CT]    : MIXEDREALITY: MrFeatureStatus: Target status Paused, CurrentStatus: Started
10-23 16:48:51.418  1814  3351 I [CT]    : MIXEDREALITY: MrFeatureStatus: Operation chain: Pause
10-23 16:48:51.418  1814  3351 I [CT]    : MIXEDREALITY: MrFeatureStatus: Global status changed from Started to Paused.
10-23 16:48:51.418  1814  3351 I [CT]    : MIXEDREALITY: MrServiceController: Queuing command linked to operation Pause for feature 0
10-23 16:48:51.419  2874  3353 I GuardianRender: Successfully changed mrSessionActiveMrRenderType_ from Passthrough to None
10-23 16:48:51.431  1814  3300 I [CT]    : MIXEDREALITY: MrSvc: PassthroughPresentationLayerImpl: Deallocating framebuffers for layer -1.
10-23 16:48:51.431  1952  3354 I VrRuntimeService: DestroySwapChain: swapchain=323
10-23 16:48:51.432  1952  3354 I VrRuntimeService: DestroySwapChain: swapchain=324
10-23 16:48:51.432   849  3292 I [CT]    : MIXEDREALITY: PassthroughComputeCapability: MrChangePassthroughStatus
10-23 16:48:51.432  1814  3300 I [CT]    : MIXEDREALITY: MrRuntimeImpl: onPause: Capability 0 on device 2.
10-23 16:48:51.432   849  3292 I [CT]    : MIXEDREALITY: PassthroughComputeCapability: changeMode: ImagesAndMesh -> None.
10-23 16:48:51.432   849  3292 I [CT]    : MIXEDREALITY: MrSystemServiceIPCServer: ChangeMrCapabilityStatus: client 1097105875, capability 0, command 0.
10-23 16:48:51.432   849  3292 I [CT]    : MIXEDREALITY: ServiceLogic: Stopping: Passthrough
10-23 16:48:51.432   849  3292 I [CT]    : MIXEDREALITY: MrRuntimeCompute: onStop: Passthrough.
10-23 16:48:51.432   849  3292 I [CT]    : MR:Capability: Passthrough capability: no clients left, stopping
10-23 16:48:51.432   849  3292 I [CT]    : MIXEDREALITY: PassthroughComputeCapability: onStop: Deleting Passthrough.
10-23 16:48:51.432   849  3292 I [CT]    : MIXEDREALITY: PassthroughMesh: ~PassthroughMesh: Exiting.
10-23 16:48:51.433   849  3292 I [CT]    : BOLTDEPTH: BoltDepthSystem: deactivateClient: depth client 0 is deactivated.
10-23 16:48:51.433   849  3292 I [CT]    : MIXEDREALITY: MrRuntimeCompute: onStop: All capabilities are off, pausing stereo pipeline.
10-23 16:48:51.433   849  3292 I [CT]    : MIXEDREALITY: ServiceLogic: sendMrEngine: Pause
10-23 16:48:51.433   742 13766 I FrameSetDispatcher: [HEADSET] Client thread stopping
10-23 16:48:51.434   742   742 I FrameSetDispatcher: [HEADSET] Client thread joined
10-23 16:48:51.434   742   742 I CameraClientManager: [HEADSET] Removed client - started clients: 3
10-23 16:48:51.434   849  3292 I [CT]    : MIXEDREALITY: ServiceLogic: Thread mrsyssvc:camera has tid -1
10-23 16:48:51.434  1814  3300 I [CT]    : MIXEDREALITY: MrServiceView: renderIteration: Nothing to render, hibernating the rendering thread since ID is off and no active PT layers.
10-23 16:48:51.434  1814  3300 I [CT]    : MIXEDREALITY: MrServiceController: Executing passthroughPause on model
10-23 16:48:51.434  1814  3300 I [CT]    : MIXEDREALITY: MrServiceModel: passthroughPause()
10-23 16:48:51.434  1814  3300 I [CT]    : MIXEDREALITY: MrServiceModel: passthroughPause: Paused Passthrough
10-23 16:48:51.434  1814  3300 I [CT]    : MIXEDREALITY: MrRuntimeImpl: onPause: Capability 0 on device 2.
10-23 16:48:51.434   849  3292 I [CT]    : MIXEDREALITY: MrSystemServiceIPCServer: ChangeMrCapabilityStatus: client 1097105875, capability 0, command 0.
10-23 16:48:51.435   849  3292 I [CT]    : MIXEDREALITY: ServiceLogic: Stopping: Passthrough
10-23 16:48:51.435   849  3292 I [CT]    : MIXEDREALITY: MrRuntimeCompute: onStop: Passthrough.
10-23 16:48:51.435   849  3292 I [CT]    : MIXEDREALITY: MrRuntimeCompute: onStop: All capabilities are off, pausing stereo pipeline.
10-23 16:48:51.435   849  3292 I [CT]    : MIXEDREALITY: ServiceLogic: sendMrEngine: Pause
10-23 16:48:51.435   849  3292 I [CT]    : MIXEDREALITY: ServiceLogic: Thread mrsyssvc:camera has tid -1
10-23 16:48:51.435  1814  3300 I [CT]    : MIXEDREALITY: MrRuntimeImpl: onPause: Capability 1 on device 2.
10-23 16:48:51.435   849  3292 I [CT]    : MIXEDREALITY: MrSystemServiceIPCServer: ChangeMrCapabilityStatus: client 1097105875, capability 1, command 0.
10-23 16:48:51.435   849  3292 I [CT]    : MIXEDREALITY: ServiceLogic: Stopping: Playspace
10-23 16:48:51.435   849  3292 I [CT]    : MIXEDREALITY: MrRuntimeCompute: onStop: Playspace.
10-23 16:48:51.435   849  3292 I [CT]    : MIXEDREALITY: MrRuntimeCompute: onStop: All capabilities are off, pausing stereo pipeline.
10-23 16:48:51.436   849  3292 I [CT]    : MIXEDREALITY: ServiceLogic: sendMrEngine: Pause
10-23 16:48:51.436   849  3292 I [CT]    : MIXEDREALITY: ServiceLogic: Thread mrsyssvc:camera has tid -1
10-23 16:48:51.436  1814  3300 W Telemetry: [OpenXR] xrEndFrame: Invalid frame call; 2
10-23 16:48:51.436  1814  3300 W Telemetry: [OpenXR] xrEndFrame: Invalid frame call; 2
10-23 16:48:51.436  1814  3300 I [CT]    : MIXEDREALITY: MrServiceModel: Hibernating caller (most likely rendering thread) due to commandQueue being empty.
10-23 16:48:51.448   852  1870 W TrackingService: attachClient: found client in attached list
10-23 16:48:51.491  1050  3999 D WificondControl: Scan result ready event
10-23 16:48:51.500  1050  1194 D WificondScannerImpl: Filtering out 1 scan results.
10-23 16:48:51.547  1952 13728 I CompositorVR: SetSchedFifo( tid=3300, pol=2, pri=0 ) succeeded
10-23 16:48:51.754   852  1870 I chatty  : uid=1000(system) Binder:852_4 identical 9 lines
10-23 16:48:51.789 13524 13554 D UE4     : EngineMemoryWarningHandler: Mem Used 253.68 MB, Texture Memory 8.18 MB, Render Target memory 188.38 MB, OS Free 2165.33 MB
10-23 16:48:51.796   852  1870 W TrackingService: attachClient: found client in attached list
10-23 16:48:51.799   852   852 W TrackingService: attachClient: found client in attached list
10-23 16:48:51.918 13524 13556 D UE4     : [GameActivity] Used memory: 432908 (VmRSS:	  255224 kB)
10-23 16:48:52.004 13524 13777 I Telemetry: App memory usage: PSS=422 MiB, PrivateDirty=281 MiB, PrivateClean=127 MiB, GPU=126.3/126.5 MiB (100% allocated)
10-23 16:48:52.008 13524 13777 I VrApi   : FPS=1/72,Prd=15ms,Tear=4,Early=0,Stale=68,VSnc=1,Lat=1,Fov=0,CPU4/GPU=4/4,1478/525MHz,OC=FF,TA=0/70/70,SP=N/F/F,Mem=2092MHz,Free=2165MB,PLS=0,Temp=30.5C/0.0C,TW=1.78ms,App=4.54ms,GD=0.10ms,CPU&GPU=13.91ms,LCnt=4(DR0,LM4),GPU%=0.55,CPU%=0.38(W0.43),DSF=1.00,CFL=19.80/21.26
10-23 16:48:52.065   852   852 I chatty  : uid=1000(system) /system/bin/trackingservice identical 7 lines
10-23 16:48:52.092   852   852 W TrackingService: attachClient: found client in attached list
10-23 16:48:52.137   852  1870 W TrackingService: attachClient: found client in attached list
10-23 16:48:52.245   852  1870 I chatty  : uid=1000(system) Binder:852_4 identical 3 lines
10-23 16:48:52.286   852  1870 W TrackingService: attachClient: found client in attached list
10-23 16:48:52.287   852   852 W TrackingService: attachClient: found client in attached list
10-23 16:48:52.481   852   852 I chatty  : uid=1000(system) /system/bin/trackingservice identical 5 lines
10-23 16:48:52.524   852   852 W TrackingService: attachClient: found client in attached list
10-23 16:48:52.525   852  1870 W TrackingService: attachClient: found client in attached list
10-23 16:48:52.605   852  1870 I chatty  : uid=1000(system) Binder:852_4 identical 2 lines
10-23 16:48:52.651   852  1870 W TrackingService: attachClient: found client in attached list
10-23 16:48:52.665   852 13051 D TrackingService: [HANDTRACKING] Controller 729165a0fe4054d7 in hand: N, valid: Y
10-23 16:48:52.689   852  1870 W TrackingService: attachClient: found client in attached list
10-23 16:48:52.774   852  1870 I chatty  : uid=1000(system) Binder:852_4 identical 2 lines
10-23 16:48:52.775   852  1870 W TrackingService: attachClient: found client in attached list
10-23 16:48:52.814   852   852 W TrackingService: attachClient: found client in attached list
10-23 16:48:52.913 13524 13801 D UE4     : [2022.10.23-15.48.52:913][150]LogTcpMessaging: Started Connection to '127.0.0.1:36733'
10-23 16:48:52.913 13524 13801 D UE4     : [2022.10.23-15.48.52:913][150]LogTcpMessaging: Discovered node '27A75EEF4A56C0F5E4EEBFACA97A8295' on connection '127.0.0.1:36733'...
10-23 16:48:52.918  1952  2744 I PerformanceManager_V0: SetClockLevels: Apply pending clock request change: 4,4 -> 3,3
10-23 16:48:52.919  1952  2740 I Clocks  : ReleaseClocks - start
10-23 16:48:52.919  1952  2740 I Clocks  : ReleaseClocks - end (0.4 ms)
10-23 16:48:52.919  1952  2740 I Clocks  : LockClocks( cpu=3, gpu=3 ) - start
10-23 16:48:52.919  1952  2740 I Clocks  : CPU levels [0, 4]
10-23 16:48:52.919  1952  2740 I Clocks  : GPU levels [0, 5]
10-23 16:48:52.920  1952  2740 I Clocks  : LockClocks( cpu=3, gpu=3 ) - end (0.6 ms)
10-23 16:48:52.998  1741  1741 D ControllerNotifications: Enabling notifications
10-23 16:48:52.999  1741  1741 I ControllerNotifications: Updating input notifications based on state ConnectedBatteryNormal
10-23 16:48:53.001 13524 13777 I VrApi   : FPS=73/72,Prd=59ms,Tear=1,Early=37,Stale=6,VSnc=1,Lat=1,Fov=0,CPU4/GPU=4/4,1382/490MHz,OC=FF,TA=0/70/70,SP=N/F/F,Mem=2092MHz,Free=2165MB,PLS=0,Temp=30.5C/0.0C,TW=1.60ms,App=4.24ms,GD=0.12ms,CPU&GPU=6.53ms,LCnt=2(DR10,LM2),GPU%=0.45,CPU%=0.24(W0.38),DSF=1.00,CFL=19.77/21.44
10-23 16:48:53.130  1050  1497 E TaskPersister: File error accessing recents directory (directory doesn't exist?).
10-23 16:48:53.717  1952  3121 I VrRuntimeService: RuntimeServiceSDKServer::SetGuardianSystemState: 3969299593
10-23 16:48:53.717  2874  3122 I GuardianSystem: UpdateGuardianSystemState: Flags changed: 532480, 524288, SYSTEM_GUARDIAN_VISIBLE,SYSTEM_GUARDIAN_VALID to SYSTEM_GUARDIAN_VALID
10-23 16:48:53.743  1952 13728 I CompositorProgs: loaded binary layerProgram 0:0x300000048002:0x0 in 1.3 ms
10-23 16:48:53.886  1952 13728 I CompositorVR: SetSchedFifo( tid=3122, pol=2, pri=0 ) succeeded
10-23 16:48:53.886  1952 13728 I CompositorVR: SetSchedFifo( tid=3355, pol=2, pri=0 ) succeeded
10-23 16:48:53.886  1952 13728 I CompositorVR: SetSchedFifo( tid=3382, pol=2, pri=0 ) succeeded
10-23 16:48:54.002 13524 13777 I VrApi   : FPS=72/72,Prd=60ms,Tear=0,Early=72,Stale=0,VSnc=1,Lat=1,Fov=0,CPU4/GPU=3/3,1382/490MHz,OC=FF,TA=0/70/70,SP=N/F/F,Mem=2092MHz,Free=2165MB,PLS=0,Temp=30.5C/0.0C,TW=1.69ms,App=4.36ms,GD=0.13ms,CPU&GPU=6.30ms,LCnt=2(DR0,LM2),GPU%=0.47,CPU%=0.21(W0.29),DSF=1.00,CFL=19.69/21.61
10-23 16:48:54.479  4485  4581 I chatty  : uid=10033(com.oculus.xrstreamingclient) SlamAnchorMem expire 275 lines
10-23 16:48:54.923  1952  2744 I PerformanceManager_V0: SetClockLevels: Apply pending clock request change: 3,3 -> 2,3
10-23 16:48:54.923  1952  2740 I Clocks  : ReleaseClocks - start
10-23 16:48:54.924  1952  2740 I Clocks  : ReleaseClocks - end (0.3 ms)
10-23 16:48:54.924  1952  2740 I Clocks  : LockClocks( cpu=2, gpu=3 ) - start
10-23 16:48:54.924  1952  2740 I Clocks  : CPU levels [0, 4]
10-23 16:48:54.924  1952  2740 I Clocks  : GPU levels [0, 5]
10-23 16:48:54.924  1952  2740 I Clocks  : LockClocks( cpu=2, gpu=3 ) - end (0.4 ms)
10-23 16:48:55.002 13524 13777 I VrApi   : FPS=72/72,Prd=60ms,Tear=0,Early=72,Stale=0,VSnc=1,Lat=1,Fov=0,CPU4/GPU=3/3,1171/490MHz,OC=FF,TA=0/70/70,SP=N/F/F,Mem=2092MHz,Free=2165MB,PLS=0,Temp=30.5C/0.0C,TW=0.81ms,App=4.40ms,GD=0.00ms,CPU&GPU=6.53ms,LCnt=2(DR0,LM2),GPU%=0.40,CPU%=0.26(W0.29),DSF=1.00,CFL=19.74/21.42
10-23 16:48:55.049   852 13710 I chatty  : uid=1000(system) IOTcam expire 10 lines
10-23 16:48:55.071   852   852 I chatty  : uid=1000(system) /system/bin/trackingservice identical 67 lines
10-23 16:48:55.116 12091 12103 W s.clearactivit: Reducing the number of considered missed Gc histogram windows from 166 to 100
10-23 16:48:55.117   852   852 W TrackingService: attachClient: found client in attached list
10-23 16:48:55.118   852  1870 W TrackingService: attachClient: found client in attached list
10-23 16:48:55.137  2874  3122 W OsSdk   : Requested historical tracking state too far in the past; oldest: 6681.617560s, requested: 6680.566140s
10-23 16:48:55.452   852  1227 I chatty  : uid=1000(system) Mapper expire 6 lines
10-23 16:48:55.969   852 13051 I chatty  : uid=1000(system) CtrlTracking expire 4 lines
10-23 16:48:55.976   852 13719 I chatty  : uid=1000(system) CtrllrCam expire 2 lines
10-23 16:48:56.005 13524 13777 I VrApi   : FPS=72/72,Prd=60ms,Tear=0,Early=72,Stale=0,VSnc=1,Lat=1,Fov=0,CPU4/GPU=2/3,1171/490MHz,OC=FF,TA=0/70/70,SP=N/F/F,Mem=2092MHz,Free=2165MB,PLS=0,Temp=30.5C/0.0C,TW=0.79ms,App=4.09ms,GD=0.00ms,CPU&GPU=5.82ms,LCnt=1(DR55,LM0),GPU%=0.37,CPU%=0.28(W0.35),DSF=1.00,CFL=19.70/21.34
10-23 16:48:56.093  2874  3122 I GuardianSystem: world updating because worldfromanchor threshold passed
10-23 16:48:56.436   849 13798 I [CT]    : BOLTDEPTH: BoltDepthSystem: onPause: starting asynchronous core deactivation
10-23 16:48:56.436   849 13809 I [CT]    : BOLTDEPTH: CvpDisparityPipeline: deactivate: CVP pipeline successfully deactivated.
10-23 16:48:56.658  1814  3400 I Telemetry: App memory usage: PSS=35 MiB, PrivateDirty=29 MiB, PrivateClean=1 MiB, GPU=3.7/3.9 MiB (96% allocated)
10-23 16:48:56.660  2874  3380 I Telemetry: App memory usage: PSS=51 MiB, PrivateDirty=42 MiB, PrivateClean=3 MiB, GPU=4.0/4.2 MiB (96% allocated)
10-23 16:48:56.948 13524 13554 D UE4     : EngineMemoryWarningHandler: Mem Used 185.64 MB, Texture Memory 8.18 MB, Render Target memory 188.38 MB, OS Free 2164.80 MB
10-23 16:48:57.005 13524 13777 I VrApi   : FPS=72/72,Prd=60ms,Tear=0,Early=72,Stale=0,VSnc=1,Lat=1,Fov=0,CPU4/GPU=2/3,1171/490MHz,OC=FF,TA=0/70/70,SP=N/F/F,Mem=2092MHz,Free=2165MB,PLS=0,Temp=30.5C/0.0C,TW=0.83ms,App=5.13ms,GD=0.00ms,CPU&GPU=6.31ms,LCnt=1(DR72,LM0),GPU%=0.44,CPU%=0.27(W0.32),DSF=1.00,CFL=19.58/21.29
10-23 16:48:57.130  1952  3121 I VrRuntimeService: RuntimeServiceSDKServer::SetGuardianSystemState: 3969299593
10-23 16:48:57.130  2874  3122 I GuardianSystem: UpdateGuardianSystemState: Flags changed: 524288, 532480, SYSTEM_GUARDIAN_VALID to SYSTEM_GUARDIAN_VISIBLE,SYSTEM_GUARDIAN_VALID
10-23 16:48:57.131   852 13710 I [CT]    : VIPER: Mode=SuperVega,Status=6DoF,TRACKING,Inl=41,Mem=87.5,Jit=0.2mm,Issues(Cam/min=0.0,IMU/min=0.0),Exp=(7.5ms,g=10.0,I=78,Ir=1050.4)(14.0ms,g=15.0,I=76,Ir=363.9)(14.0ms,g=15.0,I=140,Ir=666.5)(8.0ms,g=9.0,I=72,Ir=1002.8)
10-23 16:48:57.138   852 13719 I [CT]    : CONSTELLATION: L: Successfully reinitialized 6DoF filter. Keep Cov and Calib States = Y. Keep velocity state and covariance = Y
10-23 16:48:57.138  2874  3122 W GuardianOpenXrMgr: @@@ wait frame retry=10 dtWait=0.000001 dtFrame=3.379255 submittedFrameIndex=21001
10-23 16:48:57.139   852 13051 I [CT]    : INPUT_TRACKING:Behavior:HandOverHand: [Left] deactivated
10-23 16:48:57.140   852 13051 I [CT]    : INPUT_TRACKING:ControllerMotionModel: [Left] t = 6681.534s, behavior transition: HandOverHand -> None
10-23 16:48:57.144  1814  3300 I [CT]    : MIXEDREALITY: MrServiceModel: Hibernating caller (most likely rendering thread) due to commandQueue being empty.
10-23 16:48:57.157  1952 13728 I CompositorVR: SetSchedFifo( tid=3300, pol=5, pri=1 ) succeeded
10-23 16:48:57.158  1952 13728 I CompositorVR: SetSchedFifo( tid=3122, pol=5, pri=1 ) succeeded
10-23 16:48:57.158  1952 13728 I CompositorVR: SetSchedFifo( tid=3355, pol=5, pri=1 ) succeeded
10-23 16:48:57.158  1952 13728 I CompositorVR: SetSchedFifo( tid=3382, pol=5, pri=1 ) succeeded
10-23 16:48:57.177   852 13719 W [CT]    : CONSTELLATION:MATCHING: [Throttled count=9] Anomalous blob size detected => Resetting matches for controller 86557c336c360320 (L).
10-23 16:48:57.255  1952 13728 I CompositorVR: SetSchedFifo( tid=3300, pol=2, pri=0 ) succeeded
10-23 16:48:57.371   852  1227 I [CT]    : Vega:SubmapPublisher: Tracking parent no change: frame movement above thresh -> Publish
10-23 16:48:57.371   852  1227 I [CT]    : Vega:SubmapPublisher: Start to publish submaps, found candidates:  3
10-23 16:48:57.371   852  1227 E [CT]    : SubmapRecords: findSubmapId found 2 submap records hold the same query krHandle
10-23 16:48:57.372   852  1227 W [CT]    : Vega:SubmapPublisherBase: Reference cannot be found when constructing relative submap transformation, this means not candidate submap is in VIO states, are you moving very fast or sending too few submaps to VIO?
10-23 16:48:57.372   852  1227 W [CT]    : Vega:SubmapPublisherBase: Reference cannot be found when constructing relative submap transformation, this means not candidate submap is in VIO states, are you moving very fast or sending too few submaps to VIO?
10-23 16:48:57.377 13524 13546 V UE4     : [NetworkChangedManager] Network Capabilities changed, has Internet: true
10-23 16:48:57.379 13524 13812 V UE4     : [NetworkChangedManager] Verifying internet connection with host: https://example.com/
10-23 16:48:57.399   852 13710 I [CT]    : VegaTrackTracker: Starting map tracking on map. SubmapId Submap id = 1, version = 2066682635 Active contexts: 1
10-23 16:48:57.399   852 13710 I [CT]    : VegaTrackTracker: Starting map tracking on map. SubmapId Submap id = 2, version = 2120618960 Active contexts: 2
10-23 16:48:57.448   852 13710 W [CT]    : VEGA:MAP_TRACKING_HM: Validation failed after 0.04 seconds of bad frames. Switching from Validating to NoTracking
10-23 16:48:57.449   852 13710 W [CT]    : VEGA:MAP_TRACKING_HM: Validation failed after 0.04 seconds of bad frames. Switching from Validating to NoTracking
10-23 16:48:57.479   852 13710 I [CT]    : TrackedMapContext: Stop tracking map with ID Submap id = 2, version = 2120618960 at index: 2 in contexts: 3
10-23 16:48:57.479   852 13710 I [CT]    : TrackedMapContext: Stop tracking map with ID Submap id = 1, version = 2066682635 at index: 1 in contexts: 2
10-23 16:48:57.577 13524 13812 V UE4     : [NetworkChangedManager] Connectivity hasn't changed. Current state: CONNECTION_AVAILABLE
10-23 16:48:57.577 13524 13812 V UE4     : [NetworkChangedManager] Full network check complete. State: CONNECTION_AVAILABLE
10-23 16:48:57.698   852  1870 I chatty  : uid=1000(system) Binder:852_4 identical 77 lines
10-23 16:48:57.740   852  1870 W TrackingService: attachClient: found client in attached list
10-23 16:48:57.782   852   852 W TrackingService: attachClient: found client in attached list
10-23 16:48:57.851   852  1227 I [CT]    : VEGA_MAPPER:SubmapTrackingValidator: Pausing map building until validation is complete. 21.84 seconds remaining
10-23 16:48:58.002 13524 13777 I VrApi   : FPS=72/72,Prd=59ms,Tear=0,Early=72,Stale=0,VSnc=1,Lat=1,Fov=0,CPU4/GPU=2/3,1171/490MHz,OC=FF,TA=0/70/70,SP=N/F/F,Mem=2092MHz,Free=2165MB,PLS=0,Temp=30.5C/0.0C,TW=0.79ms,App=4.13ms,GD=0.00ms,CPU&GPU=6.65ms,LCnt=1(DR72,LM0),GPU%=0.38,CPU%=0.26(W0.32),DSF=1.00,CFL=19.65/21.64
10-23 16:48:58.175   852   852 I chatty  : uid=1000(system) /system/bin/trackingservice identical 10 lines
10-23 16:48:58.215   852   852 W TrackingService: attachClient: found client in attached list
10-23 16:48:58.218   852  1870 W TrackingService: attachClient: found client in attached list
10-23 16:48:58.332   852  1227 I [CT]    : Vega:SubmapPublisher: Tracking parent no change: frame movement above thresh -> Publish
10-23 16:48:58.332   852  1227 I [CT]    : Vega:SubmapPublisher: Start to publish submaps, found candidates:  3
10-23 16:48:58.332   852  1227 E [CT]    : SubmapRecords: findSubmapId found 2 submap records hold the same query krHandle
10-23 16:48:58.332   852  1227 W [CT]    : Vega:SubmapPublisherBase: Reference cannot be found when constructing relative submap transformation, this means not candidate submap is in VIO states, are you moving very fast or sending too few submaps to VIO?
10-23 16:48:58.332   852  1227 W [CT]    : Vega:SubmapPublisherBase: Reference cannot be found when constructing relative submap transformation, this means not candidate submap is in VIO states, are you moving very fast or sending too few submaps to VIO?
10-23 16:48:58.359   852 13710 I [CT]    : VegaTrackTracker: Starting map tracking on map. SubmapId Submap id = 1, version = 244113574 Active contexts: 1
10-23 16:48:58.359   852 13710 I [CT]    : VegaTrackTracker: Starting map tracking on map. SubmapId Submap id = 2, version = 444414222 Active contexts: 2
10-23 16:48:58.398   852 13014 I [CT]    : boltlib: DSP utilization: 8.96 % (448 / 5000 ms)
10-23 16:48:58.409   852 13710 W [CT]    : VEGA:MAP_TRACKING_HM: Validation failed after 0.04 seconds of bad frames. Switching from Validating to NoTracking
10-23 16:48:58.409   852 13710 W [CT]    : VEGA:MAP_TRACKING_HM: Validation failed after 0.04 seconds of bad frames. Switching from Validating to NoTracking
10-23 16:48:58.410   852 13710 W [CT]    : SVEGA: getMap is not supported.
10-23 16:48:58.416   852 13719 I [CT]    : CONSTELLATION:VISION_STATUS: 86557c336c360320 (L): BlobDetection:[#BlobsDetected=(11.86, 9.56)]Matching:[MatchSuccess=0.680, MatchCost=(0.00095, 0.00000), #MatchedBlobs=(3.79, 6.46), #MatchedLeds=(3.72, 6.04), RematchM=0.016, SkipRefine=0.000] MatchMethod:[Prox=0.644, ConstBrute=0.080, UnconstBrute=0.000] MatchResets[AnomBlobSize=0.044, SharedMatch=0.000, DenseReacq=0.000] | Fusion:[FusionError=0.000, ImuFromCamMs=(9.348, 10.937), RematchF=0.364] FusionUpdates:[Successful=0.652, Reliable=0.508, TightFusion=0.552, FullPose=0.088, StaticPrior=0.028, StaticForHandTrans=0.120, PoseUpdateMD=(3.1780, 95.8432)] FusionResets[6DoFReset=0.312, ResetSuccess=0.012] FusionStatus[HasPosition=0.700, HasVelocity=0.808] 
10-23 16:48:58.417   852 13719 I [CT]    : CONSTELLATION:VISION_STATUS: 729165a0fe4054d7 (R): BlobDetection:[#BlobsDetected=(11.86, 9.56)]Matching:[MatchSuccess=0.800, MatchCost=(0.00151, 0.00000), #MatchedBlobs=(4.91, 8.02), #MatchedLeds=(4.32, 5.01), RematchM=0.016, SkipRefine=0.000] MatchMethod:[Prox=0.780, ConstBrute=0.020, UnconstBrute=0.000] MatchResets[AnomBlobSize=0.000, SharedMatch=0.000, DenseReacq=0.000] | Fusion:[FusionError=0.000, ImuFromCamMs=(9.783, 9.257), RematchF=0.004] FusionUpdates:[Successful=0.004, Reliable=0.000, TightFusion=0.000, FullPose=0.000, StaticPrior=0.832, StaticForHandTrans=1.000, PoseUpdateMD=(0.0000, 0.0000)] FusionResets[6DoFReset=0.164, ResetSuccess=0.004] FusionStatus[HasPosition=0.840, HasVelocity=0.836] 
10-23 16:48:58.439   852 13710 I [CT]    : TrackedMapContext: Stop tracking map with ID Submap id = 2, version = 444414222 at index: 2 in contexts: 3
10-23 16:48:58.440   852 13710 I [CT]    : TrackedMapContext: Stop tracking map with ID Submap id = 1, version = 244113574 at index: 1 in contexts: 2
10-23 16:48:58.443   852  1870 I chatty  : uid=1000(system) Binder:852_4 identical 5 lines
10-23 16:48:58.484   852  1870 W TrackingService: attachClient: found client in attached list
10-23 16:48:58.486   852   852 W TrackingService: attachClient: found client in attached list
10-23 16:48:58.517   852 13710 W [CT]    : TIMESTAMPCHECKER: Nominal rate wrong. Estimated data rate: 25, Nominal is 30.000300003000028
10-23 16:48:58.550  2874  3122 I GuardianSystem: world updating because worldfromanchor threshold passed
10-23 16:48:58.563  1814  3300 I [CT]    : MIXEDREALITY: MrServiceView: renderIteration: (every 10 seconds), screen is: ON, PT is: OFF, ID is: OFF
10-23 16:48:58.564  1814  3300 I [CT]    : MIXEDREALITY: MrServiceModel: commitLayerState: PassthroughMode: none.
10-23 16:48:58.565  1814  3300 I [CT]    : MIXEDREALITY: MrServiceModel: Hibernating caller (most likely rendering thread) due to commandQueue being empty.
10-23 16:48:58.577  1952 13728 I CompositorVR: SetSchedFifo( tid=3300, pol=5, pri=1 ) succeeded
10-23 16:48:58.675  1952 13728 I CompositorVR: SetSchedFifo( tid=3300, pol=2, pri=0 ) succeeded
10-23 16:48:58.859  2175  2557 W DeviceConfigUtil: Try to get config param "oculus_shared_social:oculus_messenger_reauth_removal" before Device Config has subscribed to the service.
10-23 16:48:58.905  1952  2744 E TREX    : Interface version 1 was not found. Check debug build for more information.
10-23 16:48:58.932   852   852 I chatty  : uid=1000(system) /system/bin/trackingservice identical 12 lines
10-23 16:48:58.972   852   852 W TrackingService: attachClient: found client in attached list
10-23 16:48:58.973   852  1870 W TrackingService: attachClient: found client in attached list
10-23 16:48:59.002 13524 13777 I VrApi   : FPS=72/72,Prd=60ms,Tear=0,Early=72,Stale=0,VSnc=1,Lat=1,Fov=0,CPU4/GPU=2/3,1171/490MHz,OC=FF,TA=0/70/70,SP=N/F/F,Mem=2092MHz,Free=2165MB,PLS=0,Temp=30.5C/0.0C,TW=1.70ms,App=4.40ms,GD=0.22ms,CPU&GPU=6.56ms,LCnt=2(DR46,LM2),GPU%=0.49,CPU%=0.26(W0.29),DSF=1.00,CFL=19.66/21.36
10-23 16:48:59.139   852  1870 I chatty  : uid=1000(system) Binder:852_4 identical 4 lines
10-23 16:48:59.182   852  1870 W TrackingService: attachClient: found client in attached list
10-23 16:48:59.223   852   852 W TrackingService: attachClient: found client in attached list
10-23 16:48:59.265   852   852 I chatty  : uid=1000(system) /system/bin/trackingservice identical 2 lines
10-23 16:48:59.307   852   852 W TrackingService: attachClient: found client in attached list
10-23 16:48:59.352   852  1870 W TrackingService: attachClient: found client in attached list
10-23 16:48:59.444   852  1870 I chatty  : uid=1000(system) Binder:852_4 identical 2 lines
10-23 16:48:59.485   852  1870 W TrackingService: attachClient: found client in attached list
10-23 16:48:59.487   852   852 W TrackingService: attachClient: found client in attached list
10-23 16:49:00.006 13524 13777 I VrApi   : FPS=72/72,Prd=59ms,Tear=0,Early=72,Stale=0,VSnc=1,Lat=1,Fov=0,CPU4/GPU=2/3,1171/490MHz,OC=FF,TA=0/70/70,SP=N/F/F,Mem=2092MHz,Free=2165MB,PLS=0,Temp=30.5C/0.0C,TW=1.71ms,App=4.68ms,GD=0.13ms,CPU&GPU=7.26ms,LCnt=2(DR0,LM2),GPU%=0.49,CPU%=0.42(W0.48),DSF=1.00,CFL=19.56/21.56
10-23 16:49:00.250   852  1227 I [CT]    : VEGA_MAPPER:SubmapTrackingValidator: Pausing map building until validation is complete. 19.439999999999998 seconds remaining
10-23 16:49:00.400 13524 13546 V UE4     : [NetworkChangedManager] Network Capabilities changed, has Internet: true
10-23 16:49:00.401 13524 13820 V UE4     : [NetworkChangedManager] Verifying internet connection with host: https://example.com/
10-23 16:49:00.557   852 13710 W [CT]    : TIMESTAMPCHECKER: Nominal rate wrong. Estimated data rate: 25, Nominal is 30.000300003000028
10-23 16:49:00.642 13524 13820 V UE4     : [NetworkChangedManager] Connectivity hasn't changed. Current state: CONNECTION_AVAILABLE
10-23 16:49:00.642 13524 13820 V UE4     : [NetworkChangedManager] Full network check complete. State: CONNECTION_AVAILABLE
10-23 16:49:00.730   852 13710 I [CT]    : VIPER: Mode=SuperVega,Status=6DoF,TRACKING,Inl=31,Mem=88.2,Jit=0.8mm,Issues(Cam/min=0.0,IMU/min=0.0),Exp=(6.2ms,g=7.0,I=75,Ir=1739.3)(12.3ms,g=14.0,I=115,Ir=670.1)(12.3ms,g=14.0,I=117,Ir=678.7)(8.7ms,g=11.0,I=75,Ir=787.4)
10-23 16:49:01.003 13524 13777 I VrApi   : FPS=72/72,Prd=59ms,Tear=0,Early=72,Stale=0,VSnc=1,Lat=1,Fov=0,CPU4/GPU=2/3,1171/490MHz,OC=FF,TA=0/70/70,SP=N/F/F,Mem=2092MHz,Free=2165MB,PLS=0,Temp=30.5C/0.0C,TW=1.71ms,App=4.82ms,GD=0.13ms,CPU&GPU=7.40ms,LCnt=2(DR0,LM2),GPU%=0.51,CPU%=0.38(W0.40),DSF=1.00,CFL=19.65/21.39
10-23 16:49:01.799   852   852 I chatty  : uid=1000(system) /system/bin/trackingservice identical 68 lines
10-23 16:49:01.842   852   852 W TrackingService: attachClient: found client in attached list
10-23 16:49:01.843   852  1870 W TrackingService: attachClient: found client in attached list
10-23 16:49:01.934   852  1870 I chatty  : uid=1000(system) Binder:852_4 identical 2 lines
10-23 16:49:01.976   852  1870 W TrackingService: attachClient: found client in attached list
10-23 16:49:02.002 13524 13777 I VrApi   : FPS=72/72,Prd=59ms,Tear=0,Early=72,Stale=0,VSnc=1,Lat=1,Fov=0,CPU4/GPU=2/3,1171/490MHz,OC=FF,TA=0/70/70,SP=N/F/F,Mem=2092MHz,Free=2165MB,PLS=0,Temp=30.5C/0.0C,TW=1.71ms,App=4.74ms,GD=0.13ms,CPU&GPU=7.07ms,LCnt=2(DR0,LM2),GPU%=0.49,CPU%=0.32(W0.35),DSF=1.00,CFL=19.72/21.46
10-23 16:49:02.024   852   852 W TrackingService: attachClient: found client in attached list
10-23 16:49:02.073 13524 13556 D UE4     : [GameActivity] Used memory: 432573 (VmRSS:	  190460 kB)
10-23 16:49:02.597   852 13710 W [CT]    : TIMESTAMPCHECKER: Nominal rate wrong. Estimated data rate: 25, Nominal is 30.000300003000028
10-23 16:49:02.652   852  1227 I [CT]    : VEGA_MAPPER:SubmapTrackingValidator: Pausing map building until validation is complete. 17.04 seconds remaining
10-23 16:49:03.004 13524 13777 I VrApi   : FPS=72/72,Prd=59ms,Tear=0,Early=72,Stale=0,VSnc=1,Lat=1,Fov=0,CPU4/GPU=2/3,1171/490MHz,OC=FF,TA=0/70/70,SP=N/F/F,Mem=2092MHz,Free=2165MB,PLS=0,Temp=30.5C/0.0C,TW=1.70ms,App=4.98ms,GD=0.13ms,CPU&GPU=7.47ms,LCnt=2(DR0,LM2),GPU%=0.51,CPU%=0.21(W0.24),DSF=1.00,CFL=19.64/21.40
10-23 16:49:03.121  4485  4571 I chatty  : uid=10033(com.oculus.xrstreamingclient) XRS_Battery expire 1 line
10-23 16:49:03.256  4485  4581 I chatty  : uid=10033(com.oculus.xrstreamingclient) SlamAnchorMem expire 145 lines
10-23 16:49:03.399   852 13014 I [CT]    : boltlib: DSP utilization: 8.13 % (406 / 5000 ms)
10-23 16:49:03.591   852   852 I chatty  : uid=1000(system) /system/bin/trackingservice identical 47 lines
10-23 16:49:03.634   852   852 W TrackingService: attachClient: found client in attached list
10-23 16:49:03.678   852  1870 W TrackingService: attachClient: found client in attached list
10-23 16:49:03.992   852  1870 I chatty  : uid=1000(system) Binder:852_4 identical 8 lines
10-23 16:49:04.002 13524 13777 I VrApi   : FPS=72/72,Prd=59ms,Tear=0,Early=72,Stale=0,VSnc=1,Lat=1,Fov=0,CPU4/GPU=2/3,1171/490MHz,OC=FF,TA=0/70/70,SP=N/F/F,Mem=2092MHz,Free=2165MB,PLS=0,Temp=30.5C/0.0C,TW=1.70ms,App=4.12ms,GD=0.13ms,CPU&GPU=6.72ms,LCnt=2(DR0,LM2),GPU%=0.45,CPU%=0.28(W0.29),DSF=1.00,CFL=19.73/21.44
10-23 16:49:04.026   852  1870 W TrackingService: attachClient: found client in attached list
10-23 16:49:04.027   852   852 W TrackingService: attachClient: found client in attached list
10-23 16:49:04.332   852 13710 I [CT]    : VIPER: Mode=SuperVega,Status=6DoF,TRACKING,Inl=33,Mem=88.2,Jit=0.1mm,Issues(Cam/min=0.0,IMU/min=0.0),Exp=(6.0ms,g=7.0,I=74,Ir=1777.0)(12.1ms,g=14.0,I=111,Ir=653.9)(12.1ms,g=14.0,I=121,Ir=715.4)(8.3ms,g=11.0,I=75,Ir=829.3)
10-23 16:49:04.597   852 13710 W [CT]    : TIMESTAMPCHECKER: Nominal rate wrong. Estimated data rate: 25, Nominal is 30.000300003000028
10-23 16:49:04.991   852 13051 I [CT]    : CONSTELLATION:IMU_STATUS: 86557c336c360320 (L): [FusionTracked=0.883, OutputTracked=0.883, OutputValid=0.995] [AccelSat=0.000, GyroSat=0.000] 
10-23 16:49:05.008 13524 13777 I VrApi   : FPS=72/72,Prd=59ms,Tear=0,Early=72,Stale=0,VSnc=1,Lat=1,Fov=0,CPU4/GPU=2/3,1171/490MHz,OC=FF,TA=0/70/70,SP=N/F/F,Mem=2092MHz,Free=2165MB,PLS=0,Temp=30.5C/0.0C,TW=1.70ms,App=4.92ms,GD=0.13ms,CPU&GPU=6.88ms,LCnt=2(DR0,LM2),GPU%=0.51,CPU%=0.31(W0.36),DSF=1.00,CFL=19.68/21.41
10-23 16:49:05.050   852  1227 I [CT]    : VEGA_MAPPER:SubmapTrackingValidator: Pausing map building until validation is complete. 14.64 seconds remaining
