11-05 21:32:10.312  4056  4163 E OsSdk   : error getting shared memory region, memory type: HeadTracker, failed with Status(-1, EX_SECURITY): 'requested shared memory region when not registered/focused'
11-05 21:32:10.319  1987  6737 I SwapChain_Surface: AttachSurfaceSwapChainGLES: 0x7350293000 with SurfaceTexture 0x2936 attached on init
11-05 21:32:10.358  4056  4163 E OsSdk   : error getting shared memory region, memory type: HeadTracker, failed with Status(-1, EX_SECURITY): 'requested shared memory region when not registered/focused'
11-05 21:32:10.382  1987  6737 I CompositorProgs: loaded binary layerProgram 1:0x100800008001:0x0 in 2.1 ms
11-05 21:32:10.405  4056  4163 E OsSdk   : error getting shared memory region, memory type: HeadTracker, failed with Status(-1, EX_SECURITY): 'requested shared memory region when not registered/focused'
11-05 21:32:10.447  4056  4163 I chatty  : uid=10033(com.oculus.xrstreamingclient) SlamAnchorMem identical 20 lines
11-05 21:32:10.490   849  3698 I chatty  : uid=1000(system) Binder:849_3 identical 13 lines
11-05 21:32:10.492  4056  4123 I chatty  : uid=10033(com.oculus.xrstreamingclient) xrsp-rt-read expire 1 line
11-05 21:32:10.497  1642  7561 W ContextImpl: Calling a method in the system process without a qualified user: android.app.ContextImpl.sendBroadcast:1057 android.content.ContextWrapper.sendBroadcast:448 X.o0.A00:133 X.nZ.A00:17 X.nZ.handleMessage:91 
11-05 21:32:10.499  3565  7560 I chatty  : uid=10026(com.oculus.systemux) OkHttp Dispatch expire 2 lines
11-05 21:32:10.504  3565  7557 I chatty  : uid=10026(com.oculus.systemux) OkHttp Dispatch expire 2 lines
11-05 21:32:10.509  3565  7559 I chatty  : uid=10026(com.oculus.systemux) OkHttp Dispatch expire 2 lines
11-05 21:32:10.537   849  3698 W TrackingService: attachClient: found client in attached list
11-05 21:32:10.537  4056  4163 I chatty  : uid=10033(com.oculus.xrstreamingclient) SlamAnchorMem expire 23 lines
11-05 21:32:10.538   849  1037 W TrackingService: attachClient: found client in attached list
11-05 21:32:10.635   849  1037 I chatty  : uid=1000(system) Binder:849_1 identical 2 lines
11-05 21:32:10.664  1642  7565 W ContextImpl: Calling a method in the system process without a qualified user: android.app.ContextImpl.sendBroadcast:1057 android.content.ContextWrapper.sendBroadcast:448 X.o0.A00:133 X.nZ.A00:17 X.nZ.handleMessage:91 
11-05 21:32:10.678   849  1037 W TrackingService: attachClient: found client in attached list
11-05 21:32:10.723   849  1040 W TrackingService: attachClient: found client in attached list
11-05 21:32:10.880  2195  7343 D BufferPoolAccessor: bufferpool2 0x734aefb220 : 5(2048000 size) total buffers - 4(1638400 size) used buffers - 0/5 (recycle/alloc) - 4/889 (fetch/transfer)
11-05 21:32:10.881   838  7352 D BufferPoolAccessor: bufferpool2 0x2eeb4d4c30 : 11(67584 size) total buffers - 4(24576 size) used buffers - 2281/2292 (recycle/alloc) - 31/2292 (fetch/transfer)
11-05 21:32:11.017  6928  7025 I VrApi   : FPS=72/72,Prd=47ms,Tear=0,Early=72,Stale=0,VSnc=1,Lat=1,Fov=0,CPU4/GPU=4/4,2419/525MHz,OC=FF,TA=0/70/70,SP=N/F/F,Mem=2092MHz,Free=2283MB,PLS=0,Temp=26.2C/0.0C,TW=3.35ms,App=2.47ms,GD=0.12ms,CPU&GPU=6.04ms,LCnt=3(DR0,LM3),GPU%=0.47,CPU%=0.32(W0.41),DSF=1.00,CFL=19.55/21.46
11-05 21:32:11.032   849  1040 I chatty  : uid=1000(system) Binder:849_2 identical 8 lines
11-05 21:32:11.077   849  1040 W TrackingService: attachClient: found client in attached list
11-05 21:32:11.078   849  1037 W TrackingService: attachClient: found client in attached list
11-05 21:32:11.155   830  7345 I OMX-VENC: venc_dev: stats: avg. fps 24.00, bitrate 1841946
11-05 21:32:11.181  1870  3464 I Telemetry: App memory usage: PSS=21 MiB, PrivateDirty=15 MiB, PrivateClean=1 MiB, GPU=3.3/3.5 MiB (95% allocated)
11-05 21:32:11.186  3140  3460 I Telemetry: App memory usage: PSS=37 MiB, PrivateDirty=29 MiB, PrivateClean=3 MiB, GPU=3.8/4.0 MiB (96% allocated)
11-05 21:32:11.243  1050  1067 I DisplayManagerService: Display device added: DisplayDeviceInfo{"com.oculus.android_panel_app.AndroidPanelLayer-tooltip": uniqueId="virtual:com.oculus.systemux,10026,com.oculus.android_panel_app.AndroidPanelLayer-tooltip,0", 1250 x 1250, modeId 84, defaultModeId 84, supportedModes [{id=84, width=1250, height=1250, fps=60.0}], colorMode 0, supportedColorModes [0], HdrCapabilities null, density 200, 200.0 x 200.0 dpi, appVsyncOff 0, presDeadline 16666666, touch NONE, rotation 0, type VIRTUAL, state OFF, owner com.oculus.systemux (uid 10026), FLAG_PRIVATE, FLAG_NEVER_BLANK, FLAG_OWN_CONTENT_ONLY}
11-05 21:32:11.262  1050  1697 I DisplayManagerService: Display device removed: DisplayDeviceInfo{"com.oculus.android_panel_app.AndroidPanelLayer-tooltip": uniqueId="virtual:com.oculus.systemux,10026,com.oculus.android_panel_app.AndroidPanelLayer-tooltip,0", 1250 x 1250, modeId 84, defaultModeId 84, supportedModes [{id=84, width=1250, height=1250, fps=60.0}], colorMode 0, supportedColorModes [0], HdrCapabilities null, density 200, 200.0 x 200.0 dpi, appVsyncOff 0, presDeadline 16666666, touch NONE, rotation 0, type VIRTUAL, state OFF, owner com.oculus.systemux (uid 10026), FLAG_PRIVATE, FLAG_NEVER_BLANK, FLAG_OWN_CONTENT_ONLY}
11-05 21:32:11.265  1050  4856 I DisplayManagerService: Display device added: DisplayDeviceInfo{"com.oculus.android_panel_app.AndroidPanelLayer-tooltip": uniqueId="virtual:com.oculus.systemux,10026,com.oculus.android_panel_app.AndroidPanelLayer-tooltip,0", 110 x 65, modeId 85, defaultModeId 85, supportedModes [{id=85, width=110, height=65, fps=60.0}], colorMode 0, supportedColorModes [0], HdrCapabilities null, density 200, 200.0 x 200.0 dpi, appVsyncOff 0, presDeadline 16666666, touch NONE, rotation 0, type VIRTUAL, state OFF, owner com.oculus.systemux (uid 10026), FLAG_PRIVATE, FLAG_NEVER_BLANK, FLAG_OWN_CONTENT_ONLY}
11-05 21:32:11.269  2195  2195 I OVRMediaService: onStartCommand Received message type: com.oculus.horizon.STOP_CAPTURE_TO_DISK, caller package: com.oculus.systemux, app identify: AppIdentity{uid=10026, packageNames=[com.oculus.systemux], sha1=mKGAnzw-eRcOXfgTW1AOz6Od8b4, sha2=AS-BZcGR7-j7DW1GBqpKusFNd9HZfVNAhgyfgQRaoVc, version=null, domain=ScreenCaptureUtil:stopVideoCapture()}
11-05 21:32:11.279  1050  1071 W InputReader: Device has associated, but no associated display id.
11-05 21:32:11.315  1050  1071 W InputReader: Device has associated, but no associated display id.
11-05 21:32:11.319  1050  1360 E WindowManager: App trying to use insecure INPUT_FEATURE_NO_INPUT_CHANNEL flag. Ignoring
11-05 21:32:11.320  1050  1073 I DisplayManagerService: Display device changed state: "com.oculus.android_panel_app.AndroidPanelLayer-tooltip", ON
11-05 21:32:11.326  1050  1073 W InputReader: Device has associated, but no associated display id.
11-05 21:32:11.326  1050  1073 I ActivityTaskManager: Override config changes=20005df8 {0.0 ?mcc?mnc ?localeList ?layoutDir sw52dp w88dp h52dp 200dpi smll land ?uimode ?night -touch qwerty/v/v -nav/h winConfig={ mBounds=Rect(0, 0 - 110, 65) mAppBounds=Rect(0, 0 - 110, 65) mWindowingMode=fullscreen mDisplayWindowingMode=fullscreen mActivityType=undefined mAlwaysOnTop=undefined mRotation=ROTATION_0}} for displayId=24
11-05 21:32:11.362  1987  2937 I VrRuntimeService: CreateSwapChain: 193362544
11-05 21:32:11.362  1987  2937 I VrRuntimeService: CreateSwapChain: api:gles 0 0x8c43 110 65 7 2 1 0 3
11-05 21:32:11.363  1987  2937 I VrRuntimeServer: CreateTextureSwapChain: result importswapchaingles 1
11-05 21:32:11.369  1050  1748 E ActivityManager: Sending non-protected broadcast com.oculus.systemactivities.BEGIN_VIDEO_CAPTURE_WITH_SURFACE from system 1830:com.oculus.companion.server/1000 pkg com.oculus.companion.server
11-05 21:32:11.369  1050  1748 E ActivityManager: java.lang.Throwable
11-05 21:32:11.369  1050  1748 E ActivityManager: 	at com.android.server.am.ActivityManagerService.checkBroadcastFromSystem(ActivityManagerService.java:15147)
11-05 21:32:11.369  1050  1748 E ActivityManager: 	at com.android.server.am.ActivityManagerService.broadcastIntentLocked(ActivityManagerService.java:15704)
11-05 21:32:11.369  1050  1748 E ActivityManager: 	at com.android.server.am.ActivityManagerService.broadcastIntentLocked(ActivityManagerService.java:15164)
11-05 21:32:11.369  1050  1748 E ActivityManager: 	at com.android.server.am.ActivityManagerService.broadcastIntent(ActivityManagerService.java:15940)
11-05 21:32:11.369  1050  1748 E ActivityManager: 	at android.app.IActivityManager$Stub.onTransact(IActivityManager.java:1972)
11-05 21:32:11.369  1050  1748 E ActivityManager: 	at com.android.server.am.ActivityManagerService.onTransact(ActivityManagerService.java:2784)
11-05 21:32:11.369  1050  1748 E ActivityManager: 	at android.os.Binder.execTransactInternal(Binder.java:1021)
11-05 21:32:11.369  1050  1748 E ActivityManager: 	at android.os.Binder.execTransact(Binder.java:994)
11-05 21:32:11.369  1987  2937 I VrRuntimeService: UpdateSwapChainSamplerState: 176
11-05 21:32:11.369  1987  2937 I VrRuntimeService: UpdateSwapChainSamplerState: minFilter=1 magFilter=1 wrapModeS=3 warpModeT=3 maxAniso=1.000000 border={0.000000,0.000000,0.000000,0.000000} swizzle={0,1,2,3}
11-05 21:32:11.374  1050  1748 I DropBoxManagerService: add tag=system_server_wtf isTagEnabled=true flags=0x2
11-05 21:32:11.381  1987  1987 D ScreenCaptureReceiver: onReceive com.oculus.systemactivities.BEGIN_VIDEO_CAPTURE_WITH_SURFACE package=com.oculus.systemdriver
11-05 21:32:11.381  1987  1987 D ScreenCaptureReceiver: onReceive: callerPackageName = 'com.oculus.horizon'
11-05 21:32:11.382  1987  1987 D TrustedSignatureVerifier: Checking app signature for com.oculus.horizon
11-05 21:32:11.382  1987  1987 D TrustedSignatureVerifier: Package com.oculus.horizon trusted due to RELEASE signature.
11-05 21:32:11.383  1987  1987 D ScreenCaptureReceiver: App is trusted
11-05 21:32:11.383  1987  1987 D ScreenCaptureReceiver: Null surface. Stopping streaming
11-05 21:32:11.383  1987  1987 I ScreenCaptureBase: Screen Capture Command:2
11-05 21:32:11.383  1987  1987 D ScreenCaptureReceiver: Inhibit restored
11-05 21:32:11.396  1987  6737 I ScreenCaptureVideo: Stop Video Capture
11-05 21:32:11.397   830  7347 W GraphicBufferSource: released unpopulated slots: [2, 3, 4, 5, 6, 7, 8, 9, 10, 11, 12, 13, 14, 15, 16, 17, 18, 19, 20, 21, 22, 23, 24, 25, 26, 27, 28, 29, 30, 31, 32, 33, 34, 35, 36, 37, 38, 39, 40, 41, 42, 43, 44, 45, 46, 47, 48, 49, 50, 51, 52, 53, 54, 55, 56, 57, 58, 59, 60, 61, 62, 63]
11-05 21:32:11.400  3140  3401 I AudioCapture: AudioCapture::PauseAudioCapture
11-05 21:32:11.400  3140  3401 D AudioService: Disconnected from Horizon OVRMediaService
11-05 21:32:11.402  4056  4150 I chatty  : uid=10033(com.oculus.xrstreamingclient) XRS_AudioData expire 1 line
11-05 21:32:11.409  6928  7070 I AudioCapture: AudioCapture::PauseAudioCapture
11-05 21:32:11.420   830  7345 E OMX-VENC: venc_dev: async_venc_message_thread interrupted to be exited
11-05 21:32:11.422   830   830 I OMX-VENC: Component Deinit
11-05 21:32:11.431  2195  2195 I PlatformPlugin: [PlatformPluginManager] AudioCapture: nativeCapturedAudioRenderer_1Delete: id = 495972126976
11-05 21:32:11.445  2195  2195 I FileCapture: broadcast capture state to AUI running = false, with mode -1
11-05 21:32:11.447  2195  2195 I ThreadPool: Quitting thread VideoRecordingThread
11-05 21:32:11.447  2195  2195 I ThreadPool: Thread VideoRecordingThread killing, waiting for join
11-05 21:32:11.447  6928  7070 D AudioService: Disconnected from Horizon OVRMediaService
11-05 21:32:11.448  2195  2195 I ThreadPool: Thread VideoRecordingThread killed.
11-05 21:32:11.448  2195  2195 I ThreadPool: Number of threads in pool: 3
11-05 21:32:11.449  3056  3056 I chatty  : uid=10020(com.oculus.vrshell) ShellMain expire 11 lines
11-05 21:32:11.480  2195  2195 I ThreadPool: Quitting thread AudioRecordingThread
11-05 21:32:11.481  2195  2195 I ThreadPool: Thread AudioRecordingThread killing, waiting for join
11-05 21:32:11.481   838  4042 V C2Store : in ~ComponentModule
11-05 21:32:11.481   838  4042 V C2Store : unloading dll
11-05 21:32:11.484  2195  2195 I ThreadPool: Thread AudioRecordingThread killed.
11-05 21:32:11.484  2195  2195 I ThreadPool: Number of threads in pool: 2
11-05 21:32:11.485  2195  7334 D MPEG4Writer: Audio track stopping. Stop source
11-05 21:32:11.485  2195  7334 D MPEG4Writer: Audio track source stopping
11-05 21:32:11.485  2195  7334 D MPEG4Writer: Audio track source stopped
11-05 21:32:11.485  2195  7363 I MPEG4Writer: Received total/0-length (2303/0) buffers and encoded 2303 frames. - Audio
11-05 21:32:11.485  2195  7363 I MPEG4Writer: Audio track drift time: 0 us
11-05 21:32:11.485  2195  7364 I MPEG4Writer: Received total/0-length (1184/0) buffers and encoded 1184 frames. - Video
11-05 21:32:11.487  2195  7334 D MPEG4Writer: Audio track stopped. Stop source
11-05 21:32:11.487  2195  7334 D MPEG4Writer: Video track stopping. Stop source
11-05 21:32:11.487  2195  7334 D MPEG4Writer: Video track source stopping
11-05 21:32:11.487  2195  7334 D MPEG4Writer: Video track source stopped
11-05 21:32:11.487  2195  7334 D MPEG4Writer: Video track stopped. Stop source
11-05 21:32:11.487  2195  7334 D MPEG4Writer: Duration from tracks range is [49123423, 49456132] us
11-05 21:32:11.487  2195  7334 D MPEG4Writer: Stopping writer thread
11-05 21:32:11.487  2195  7362 D MPEG4Writer: 0 chunks are written in the last batch
11-05 21:32:11.487  2195  7334 D MPEG4Writer: Writer thread stopped
11-05 21:32:11.487  2195  7334 I MPEG4Writer: Ajust the moov start time from 0 us -> 0 us
11-05 21:32:11.489  2195  7334 I MPEG4Writer: The mp4 file will not be streamable.
11-05 21:32:11.489  2195  7334 D MPEG4Writer: Audio track stopping. Stop source
11-05 21:32:11.489  2195  7334 D MPEG4Writer: Video track stopping. Stop source
11-05 21:32:11.490   849  6721 W [CT]    : TIMESTAMPCHECKER: Nominal rate wrong. Estimated data rate: 25, Nominal is 30.000300003000028
11-05 21:32:11.496  4056  4123 I chatty  : uid=10033(com.oculus.xrstreamingclient) xrsp-rt-read expire 1 line
11-05 21:32:11.496  4056  4163 I chatty  : uid=10033(com.oculus.xrstreamingclient) SlamAnchorMem expire 14 lines
11-05 21:32:11.516  2195  7335 I ThreadPool: Quitting thread RecordingControllerMessageThread
11-05 21:32:11.517  2195  7335 I ThreadPool: Thread RecordingControllerMessageThread killed.
11-05 21:32:11.517  2195  7335 I ThreadPool: Number of threads in pool: 1
11-05 21:32:11.517  2195  7335 I ThreadPool: Quitting thread RecordingThread
11-05 21:32:11.517  2195  7335 I ThreadPool: Thread RecordingThread killed.
11-05 21:32:11.517  2195  7335 I ThreadPool: Number of threads in pool: 0
11-05 21:32:11.536   849  1037 I chatty  : uid=1000(system) Binder:849_1 identical 11 lines
11-05 21:32:11.577   849  6308 I [CT]    : boltlib: DSP utilization: 7.81 % (390 / 5001 ms)
11-05 21:32:11.582   849  1037 W TrackingService: attachClient: found client in attached list
11-05 21:32:11.607  1642  7570 W ContextImpl: Calling a method in the system process without a qualified user: android.app.ContextImpl.sendBroadcast:1057 android.content.ContextWrapper.sendBroadcast:448 X.o0.A00:133 X.nZ.A00:17 X.nZ.handleMessage:91 
11-05 21:32:11.621  2507  7572 W IsoInterface: Invalid box at 8203633 of length 1751411826. End of parent 8203739
11-05 21:32:11.626   849  3698 W TrackingService: attachClient: found client in attached list
11-05 21:32:11.629   849  1037 W TrackingService: attachClient: found client in attached list
11-05 21:32:11.674  2507  7572 D MediaProvider: Scanned /storage/emulated/0/Oculus/VideoShots/com.YourCompany.TemplateProject3-20221105-213121.mp4 as /storage/emulated/0/Oculus/VideoShots/com.YourCompany.TemplateProject3-20221105-213121.mp4 for content://media/external_primary/video/media/13860
11-05 21:32:11.680  1050  1697 I DisplayManagerService: Display device removed: DisplayDeviceInfo{"com.oculus.android_panel_app.AndroidPanelLayer-tooltip": uniqueId="virtual:com.oculus.systemux,10026,com.oculus.android_panel_app.AndroidPanelLayer-tooltip,0", 110 x 65, modeId 85, defaultModeId 85, supportedModes [{id=85, width=110, height=65, fps=60.0}], colorMode 0, supportedColorModes [0], HdrCapabilities null, density 200, 200.0 x 200.0 dpi, appVsyncOff 0, presDeadline 16666666, touch NONE, rotation 0, type VIRTUAL, state ON, owner com.oculus.systemux (uid 10026), FLAG_PRIVATE, FLAG_NEVER_BLANK, FLAG_OWN_CONTENT_ONLY}
11-05 21:32:11.698  1987  2937 I VrRuntimeService: UpdateSwapChainSamplerState: 176
11-05 21:32:11.698  1987  2937 I VrRuntimeService: UpdateSwapChainSamplerState: minFilter=5 magFilter=1 wrapModeS=3 warpModeT=3 maxAniso=1.000000 border={0.000000,0.000000,0.000000,0.000000} swizzle={0,1,2,3}
11-05 21:32:11.705  1987  2937 I VrRuntimeService: CreateSwapChain: 193362544
11-05 21:32:11.705  1987  2937 I VrRuntimeService: CreateSwapChain: api:gles 0 0x8c43 1 1 1 2 1 0 3
11-05 21:32:11.705  1987  2937 I VrRuntimeServer: CreateTextureSwapChain: result importswapchaingles 1
11-05 21:32:11.713  1987  2937 I VrRuntimeService: DestroySwapChain: swapchain=176
11-05 21:32:11.713  1987  2937 I VrRuntimeServer: DestroyTextureSwapChain: result destroyswapchain 1
11-05 21:32:11.753  3140  3237 I VrGuardianService: GuardianSDKServer::SetGuardianHitDialog2 0
11-05 21:32:11.757   814  2273 E MetadataRetrieverClient: failed to extract an album art
11-05 21:32:11.758  2507  3786 E MediaMetadataRetrieverJNI: getEmbeddedPicture: Call to getEmbeddedPicture failed.
11-05 21:32:11.764   814  7577 I OMXClient: IOmx service obtained
11-05 21:32:11.765   830   830 I OMXMaster: makeComponentInstance(OMX.qcom.video.decoder.avc) in android.hardwar process
11-05 21:32:11.765   830   830 D PlatformConfig: getInstance: Enter
11-05 21:32:11.766   538   538 I hwservicemanager: getTransport: Cannot find entry vendor.qti.hardware.capabilityconfigstore@1.0::ICapabilityConfigStore/default in either framework or device manifest.
11-05 21:32:11.766   830   830 D PlatformConfig: getConfigStoreBool: unable to get configstore service
11-05 21:32:11.773   830   830 D PlatformConfig: getInstance: Enter
11-05 21:32:11.773   830   830 D PlatformConfig: getInt32 Config name: vidc_dec_log_in value: 0
11-05 21:32:11.773   830   830 D PlatformConfig: getInstance: Enter
11-05 21:32:11.773   830   830 D PlatformConfig: getInt32 Config name: vidc_dec_log_out value: 0
11-05 21:32:11.773   830   830 D PlatformConfig: getInstance: Enter
11-05 21:32:11.773   830   830 D PlatformConfig: getInt32 Config name: vidc_dec_sec_prefetch_size_internal value: 209715200
11-05 21:32:11.773   830   830 D PlatformConfig: getInstance: Enter
11-05 21:32:11.773   830   830 D PlatformConfig: getInt32 Config name: vidc_dec_sec_prefetch_size_output value: 13434880
11-05 21:32:11.773   830   830 D PlatformConfig: getInstance: Enter
11-05 21:32:11.773   830   830 D PlatformConfig: getInt32 Config name: vidc_perf_control_enable value: 0
11-05 21:32:11.773   830   830 D PlatformConfig: getInstance: Enter
11-05 21:32:11.773   830   830 D PlatformConfig: getInt32 Config name: vidc_dec_thumbnail_yuv_output value: 0
11-05 21:32:11.773   830   830 D PlatformConfig: getInstance: Enter
11-05 21:32:11.773   830   830 D PlatformConfig: getInt32: Returning default
11-05 21:32:11.773   830   830 D PlatformConfig: getInstance: Enter
11-05 21:32:11.773   830   830 D PlatformConfig: getInt32 Config name: vidc_dec_output_rate value: 120
11-05 21:32:11.774   830   830 I OMX-VDEC-1080P: component_init: OMX.qcom.video.decoder.avc : fd=8
11-05 21:32:11.774   830   830 E OMX-VDEC-1080P: Unsupported output color format for c2d (2141391876)
11-05 21:32:11.774   830   830 E OMX-VDEC-1080P: Setting color format failed
11-05 21:32:11.775   830   830 D PlatformConfig: getInstance: Enter
11-05 21:32:11.777   830   830 D PlatformConfig: getInt32: Returning default
11-05 21:32:11.777   830   830 D PlatformConfig: getInstance: Enter
11-05 21:32:11.777   830   830 D PlatformConfig: getInt32: Returning default
11-05 21:32:11.777  1642  7575 W ContextImpl: Calling a method in the system process without a qualified user: android.app.ContextImpl.sendBroadcast:1057 android.content.ContextWrapper.sendBroadcast:448 X.o0.A00:133 X.nZ.A00:17 X.nZ.handleMessage:91 
11-05 21:32:11.777   830   830 I OMX-VDEC-1080P: omx_vdec::component_init() success : fd=8
11-05 21:32:11.781   830  1668 E OMX-VDEC-1080P: Extension: OMX.google.android.index.storeANWBufferInMetadata not implemented
11-05 21:32:11.781   830  1668 E OMX-VDEC-1080P: Extension: OMX.google.android.index.configureVideoTunnelMode not implemented
11-05 21:32:11.781   830  1668 E OMX-VDEC-1080P: Extension: OMX.google.android.index.useAndroidNativeBuffer is supported
11-05 21:32:11.783   830   830 E OMXNodeInstance: getParameter(0xf6181f04:qcom.decoder.avc, ??(0x7f000044)) ERROR: UnsupportedSetting(0x80001019)
11-05 21:32:11.788   830  1668 E OMXNodeInstance: getParameter(0xf6181f04:qcom.decoder.avc, ??(0x7f000044)) ERROR: UnsupportedSetting(0x80001019)
11-05 21:32:11.789   814  7577 D ACodec  : Setting [OMX.qcom.video.decoder.avc] input port buffer number: 1
11-05 21:32:11.790   830   830 E OMX-VDEC-1080P: ERROR: IP Requirements(#6: 7077888) Requested(#1: 7077888)
11-05 21:32:11.791   830   830 E OMX-VDEC-1080P: set_parameter: Error: 0x80001005, setting param 0x2000001
11-05 21:32:11.791   830   830 E OMXNodeInstance: setParameter(0xf6181f04:qcom.decoder.avc, ParamPortDefinition(0x2000001)) ERROR: BadParameter(0x80001005)
11-05 21:32:11.791   814  7577 W ACodec  : Fail to set [OMX.qcom.video.decoder.avc] input port buffer number: 1
11-05 21:32:11.791   814  7577 D ACodec  : Setting [OMX.qcom.video.decoder.avc] output port buffer number: 1
11-05 21:32:11.791   830  7347 I OMX-VDEC-1080P: C2D: Set Resolution, Interlace(false) Conversion(0XB -> 0X4) src(320X240) dest(320X240)
11-05 21:32:11.792   830  7347 I C2DColorConvert: getDummySurfaceDef: half stride for Cb Cr planes 
11-05 21:32:11.792   830   830 E OMX-VDEC-1080P: OP Requirements: Client count(1) insufficient v/s requested(14)
11-05 21:32:11.792   830   830 E OMX-VDEC-1080P: ERROR: OP Requirements(#14: 118784) Requested(#1: 118784)
11-05 21:32:11.792   830   830 E OMX-VDEC-1080P: set_parameter: Error: 0x80001005, setting param 0x2000001
11-05 21:32:11.792   830   830 E OMXNodeInstance: setParameter(0xf6181f04:qcom.decoder.avc, ParamPortDefinition(0x2000001)) ERROR: BadParameter(0x80001005)
11-05 21:32:11.793   814  7577 W ACodec  : Fail to set [OMX.qcom.video.decoder.avc] output port buffer number: 1
11-05 21:32:11.793   830   830 I OMX-VDEC-1080P: C2D: Set Resolution, Interlace(false) Conversion(0XB -> 0X4) src(1024X1024) dest(1024X1024)
11-05 21:32:11.795   830   830 I C2DColorConvert: getDummySurfaceDef: half stride for Cb Cr planes 
11-05 21:32:11.800   830   830 E OMXNodeInstance: getParameter(0xf6181f04:qcom.decoder.avc, ??(0x7f000044)) ERROR: UnsupportedSetting(0x80001019)
11-05 21:32:11.838   849  1037 I chatty  : uid=1000(system) Binder:849_1 identical 5 lines
11-05 21:32:11.872   813  3794 D MediaBufferGroup: creating MemoryDealer
11-05 21:32:11.885   849  1037 W TrackingService: attachClient: found client in attached list
11-05 21:32:11.886   849  3698 W TrackingService: attachClient: found client in attached list
11-05 21:32:11.891   830  7579 I OMX-VDEC-1080P: C2D: Start color convertion
11-05 21:32:11.896   830  7579 W C2DColorConvert: calcLumaAlign: unknown format (4) passed for luma alignment number.
11-05 21:32:11.896   830  7347 E OMXNodeInstance: getParameter(0xf6181f04:qcom.decoder.avc, ??(0x7f000044)) ERROR: UnsupportedSetting(0x80001019)
11-05 21:32:11.926   849  3698 W TrackingService: attachClient: found client in attached list
11-05 21:32:11.955   830  7347 I OMX-VDEC-1080P: omx_vdec::component_deinit() complete
11-05 21:32:11.956   830  7347 I OMX-VDEC-1080P: Exit OMX vdec Destructor: fd=8
11-05 21:32:11.957  1642  7582 W ContextImpl: Calling a method in the system process without a qualified user: android.app.ContextImpl.sendBroadcast:1057 android.content.ContextWrapper.sendBroadcast:448 X.o0.A00:133 X.nZ.A00:17 X.nZ.handleMessage:91 
11-05 21:32:11.972   849  1037 W TrackingService: attachClient: found client in attached list
11-05 21:32:12.016  6928  7025 I VrApi   : FPS=72/72,Prd=47ms,Tear=0,Early=72,Stale=0,VSnc=1,Lat=1,Fov=0,CPU4/GPU=4/4,2419/525MHz,OC=FF,TA=0/70/70,SP=N/F/F,Mem=2092MHz,Free=2283MB,PLS=0,Temp=26.2C/0.0C,TW=3.86ms,App=2.41ms,GD=0.12ms,CPU&GPU=6.15ms,LCnt=6(DR0,LM3),GPU%=0.56,CPU%=0.30(W0.36),DSF=1.00,CFL=19.66/21.58
11-05 21:32:12.020  4056  4163 E OsSdk   : error getting shared memory region, memory type: HeadTracker, failed with Status(-1, EX_SECURITY): 'requested shared memory region when not registered/focused'
11-05 21:32:12.110   849  1037 I chatty  : uid=1000(system) Binder:849_1 identical 3 lines
11-05 21:32:12.155   849  1037 W TrackingService: attachClient: found client in attached list
11-05 21:32:12.155  4056  4163 E OsSdk   : error getting shared memory region, memory type: HeadTracker, failed with Status(-1, EX_SECURITY): 'requested shared memory region when not registered/focused'
11-05 21:32:12.155   849  3698 W TrackingService: attachClient: found client in attached list
11-05 21:32:12.156  4056  4163 E OsSdk   : error getting shared memory region, memory type: AnchorTracker, failed with Status(-1, EX_SECURITY): 'requested shared memory region when not registered/focused'
11-05 21:32:12.200  4056  4163 E OsSdk   : error getting shared memory region, memory type: HeadTracker, failed with Status(-1, EX_SECURITY): 'requested shared memory region when not registered/focused'
11-05 21:32:12.241  3353  3353 E AssistantUserEdService: The user ed service will not process the intent due to GK not passing
11-05 21:32:12.246  4056  4163 E OsSdk   : error getting shared memory region, memory type: HeadTracker, failed with Status(-1, EX_SECURITY): 'requested shared memory region when not registered/focused'
11-05 21:32:12.294  4056  4163 E OsSdk   : error getting shared memory region, memory type: HeadTracker, failed with Status(-1, EX_SECURITY): 'requested shared memory region when not registered/focused'
11-05 21:32:12.296  1808  1808 D OculusNotificationListenerService: Notification posted: 0|com.oculus.horizon|10001|cameraroll|10032
11-05 21:32:12.316  3140  3237 I VrGuardianService: GuardianSDKServer::SetGuardianHitDialog2 1
11-05 21:32:12.336  4056  4163 E OsSdk   : error getting shared memory region, memory type: HeadTracker, failed with Status(-1, EX_SECURITY): 'requested shared memory region when not registered/focused'
11-05 21:32:12.359  1050  7310 I DisplayManagerService: Display device added: DisplayDeviceInfo{"com.oculus.android_panel_app.AndroidPanelLayer-toast": uniqueId="virtual:com.oculus.systemux,10026,com.oculus.android_panel_app.AndroidPanelLayer-toast,0", 525 x 1250, modeId 86, defaultModeId 86, supportedModes [{id=86, width=525, height=1250, fps=60.0}], colorMode 0, supportedColorModes [0], HdrCapabilities null, density 200, 200.0 x 200.0 dpi, appVsyncOff 0, presDeadline 16666666, touch NONE, rotation 0, type VIRTUAL, state OFF, owner com.oculus.systemux (uid 10026), FLAG_PRIVATE, FLAG_NEVER_BLANK, FLAG_OWN_CONTENT_ONLY}
11-05 21:32:12.368  1050  1697 I DisplayManagerService: Display device removed: DisplayDeviceInfo{"com.oculus.android_panel_app.AndroidPanelLayer-toast": uniqueId="virtual:com.oculus.systemux,10026,com.oculus.android_panel_app.AndroidPanelLayer-toast,0", 525 x 1250, modeId 86, defaultModeId 86, supportedModes [{id=86, width=525, height=1250, fps=60.0}], colorMode 0, supportedColorModes [0], HdrCapabilities null, density 200, 200.0 x 200.0 dpi, appVsyncOff 0, presDeadline 16666666, touch NONE, rotation 0, type VIRTUAL, state OFF, owner com.oculus.systemux (uid 10026), FLAG_PRIVATE, FLAG_NEVER_BLANK, FLAG_OWN_CONTENT_ONLY}
11-05 21:32:12.370  1050  1697 I DisplayManagerService: Display device added: DisplayDeviceInfo{"com.oculus.android_panel_app.AndroidPanelLayer-toast": uniqueId="virtual:com.oculus.systemux,10026,com.oculus.android_panel_app.AndroidPanelLayer-toast,0", 525 x 1, modeId 87, defaultModeId 87, supportedModes [{id=87, width=525, height=1, fps=60.0}], colorMode 0, supportedColorModes [0], HdrCapabilities null, density 200, 200.0 x 200.0 dpi, appVsyncOff 0, presDeadline 16666666, touch NONE, rotation 0, type VIRTUAL, state OFF, owner com.oculus.systemux (uid 10026), FLAG_PRIVATE, FLAG_NEVER_BLANK, FLAG_OWN_CONTENT_ONLY}
11-05 21:32:12.374  3565  7585 I chatty  : uid=10026(com.oculus.systemux) pool-1-thread-3 expire 4 lines
11-05 21:32:12.382  4056  4163 E OsSdk   : error getting shared memory region, memory type: HeadTracker, failed with Status(-1, EX_SECURITY): 'requested shared memory region when not registered/focused'
11-05 21:32:12.394  1050  1071 W InputReader: Device has associated, but no associated display id.
11-05 21:32:12.419  1050  7310 W InputReader: Device has associated, but no associated display id.
11-05 21:32:12.420  1987  2937 I VrRuntimeService: CreateSwapChain: 193362544
11-05 21:32:12.420  1987  2937 I VrRuntimeService: CreateSwapChain: api:gles 0 0x8c43 525 1 10 2 1 0 3
11-05 21:32:12.420  1987  2937 I VrRuntimeServer: CreateTextureSwapChain: result importswapchaingles 1
11-05 21:32:12.422  1050  7310 E WindowManager: App trying to use insecure INPUT_FEATURE_NO_INPUT_CHANNEL flag. Ignoring
11-05 21:32:12.426  1050  1073 W InputReader: Device has associated, but no associated display id.
11-05 21:32:12.426  1050  1073 I ActivityTaskManager: Override config changes=20005df8 {0.0 ?mcc?mnc ?localeList ?layoutDir sw420dp w420dp h1000dp 200dpi nrml long port ?uimode ?night -touch qwerty/v/v -nav/h winConfig={ mBounds=Rect(0, 0 - 525, 1250) mAppBounds=Rect(0, 0 - 525, 1250) mWindowingMode=fullscreen mDisplayWindowingMode=fullscreen mActivityType=undefined mAlwaysOnTop=undefined mRotation=ROTATION_0}} for displayId=25
11-05 21:32:12.428  1050  1073 I DisplayManagerService: Display device changed state: "com.oculus.android_panel_app.AndroidPanelLayer-toast", ON
11-05 21:32:12.430  1050  1073 W InputReader: Device has associated, but no associated display id.
11-05 21:32:12.431  1050  1073 I ActivityTaskManager: Override config changes=200055f8 {0.0 ?mcc?mnc ?localeList ?layoutDir ?swdp w420dp ?hdp 200dpi smll land ?uimode ?night -touch qwerty/v/v -nav/h winConfig={ mBounds=Rect(0, 0 - 525, 1) mAppBounds=Rect(0, 0 - 525, 1) mWindowingMode=fullscreen mDisplayWindowingMode=fullscreen mActivityType=undefined mAlwaysOnTop=undefined mRotation=ROTATION_0}} for displayId=26
11-05 21:32:12.435  4056  4163 E OsSdk   : error getting shared memory region, memory type: HeadTracker, failed with Status(-1, EX_SECURITY): 'requested shared memory region when not registered/focused'
11-05 21:32:12.437  4056  4163 E OsSdk   : error getting shared memory region, memory type: AnchorTracker, failed with Status(-1, EX_SECURITY): 'requested shared memory region when not registered/focused'
11-05 21:32:12.446  1987  2937 I VrRuntimeService: UpdateSwapChainSamplerState: 178
11-05 21:32:12.446  1987  2937 I VrRuntimeService: UpdateSwapChainSamplerState: minFilter=1 magFilter=1 wrapModeS=3 warpModeT=3 maxAniso=1.000000 border={0.000000,0.000000,0.000000,0.000000} swizzle={0,1,2,3}
11-05 21:32:12.462   728  6772 I audio_hw_primary: getting vr mode to 0
11-05 21:32:12.470   748  4772 I AudioPolicyManagerCustom: VR mode is 0, switch to primary output if request is for fast|raw
11-05 21:32:12.475   748  4772 D AF::TrackHandle: OpPlayAudio: track:83 uid:10026 pkg:com.oculus.systemux usage:10 not muted
11-05 21:32:12.479  4056  4163 E OsSdk   : error getting shared memory region, memory type: HeadTracker, failed with Status(-1, EX_SECURITY): 'requested shared memory region when not registered/focused'
11-05 21:32:12.493  4056  4123 D xrstreaming: receive ping: org 0 recv 0 xmt 20262485706600 (received at 1543087803524), offset divergence -31410
11-05 21:32:12.501  1050  6588 I DisplayManagerService: Display device removed: DisplayDeviceInfo{"com.oculus.android_panel_app.AndroidPanelLayer-toast": uniqueId="virtual:com.oculus.systemux,10026,com.oculus.android_panel_app.AndroidPanelLayer-toast,0", 525 x 1, modeId 87, defaultModeId 87, supportedModes [{id=87, width=525, height=1, fps=60.0}], colorMode 0, supportedColorModes [0], HdrCapabilities null, density 200, 200.0 x 200.0 dpi, appVsyncOff 0, presDeadline 16666666, touch NONE, rotation 0, type VIRTUAL, state ON, owner com.oculus.systemux (uid 10026), FLAG_PRIVATE, FLAG_NEVER_BLANK, FLAG_OWN_CONTENT_ONLY}
11-05 21:32:12.512  1050  1066 I DisplayManagerService: Display device added: DisplayDeviceInfo{"com.oculus.android_panel_app.AndroidPanelLayer-toast": uniqueId="virtual:com.oculus.systemux,10026,com.oculus.android_panel_app.AndroidPanelLayer-toast,0", 525 x 80, modeId 88, defaultModeId 88, supportedModes [{id=88, width=525, height=80, fps=60.0}], colorMode 0, supportedColorModes [0], HdrCapabilities null, density 200, 200.0 x 200.0 dpi, appVsyncOff 0, presDeadline 16666666, touch NONE, rotation 0, type VIRTUAL, state OFF, owner com.oculus.systemux (uid 10026), FLAG_PRIVATE, FLAG_NEVER_BLANK, FLAG_OWN_CONTENT_ONLY}
11-05 21:32:12.515  1050  1697 E InputDispatcher: Window handle Window{ccd9618 u0 com.oculus.systemux} has no registered input channel
11-05 21:32:12.524  4056  4163 E OsSdk   : error getting shared memory region, memory type: HeadTracker, failed with Status(-1, EX_SECURITY): 'requested shared memory region when not registered/focused'
11-05 21:32:12.528  1050  6588 W WindowManager: Failed looking up window callers=com.android.server.wm.WindowManagerService.windowForClientLocked:5330 com.android.server.wm.WindowManagerService.finishDrawingWindow:2432 com.android.server.wm.Session.finishDrawing:231 
11-05 21:32:12.532  3140  3237 I VrGuardianService: GuardianSDKServer::SetGuardianHitDialog2 0
11-05 21:32:12.552  1050  1071 W InputReader: Device has associated, but no associated display id.
11-05 21:32:12.555  1050  6588 W WindowManager: Failed looking up window callers=com.android.server.wm.WindowManagerService.windowForClientLocked:5330 com.android.server.wm.WindowManagerService.removeWindow:1788 com.android.server.wm.Session.remove:176 
11-05 21:32:12.557  1987  2937 I VrRuntimeService: UpdateSwapChainSamplerState: 178
11-05 21:32:12.557  1987  2937 I VrRuntimeService: UpdateSwapChainSamplerState: minFilter=5 magFilter=1 wrapModeS=3 warpModeT=3 maxAniso=1.000000 border={0.000000,0.000000,0.000000,0.000000} swizzle={0,1,2,3}
11-05 21:32:12.558  1050  1073 W InputReader: Device has associated, but no associated display id.
11-05 21:32:12.558  1050  1073 I ActivityTaskManager: Override config changes=20005df8 {0.0 ?mcc?mnc ?localeList ?layoutDir sw64dp w420dp h64dp 200dpi smll land ?uimode ?night -touch qwerty/v/v -nav/h winConfig={ mBounds=Rect(0, 0 - 525, 80) mAppBounds=Rect(0, 0 - 525, 80) mWindowingMode=fullscreen mDisplayWindowingMode=fullscreen mActivityType=undefined mAlwaysOnTop=undefined mRotation=ROTATION_0}} for displayId=27
11-05 21:32:12.566  1050  1073 I DisplayManagerService: Display device changed state: "com.oculus.android_panel_app.AndroidPanelLayer-toast", ON
11-05 21:32:12.571  4056  4163 E OsSdk   : error getting shared memory region, memory type: HeadTracker, failed with Status(-1, EX_SECURITY): 'requested shared memory region when not registered/focused'
11-05 21:32:12.576  1050  6588 E WindowManager: App trying to use insecure INPUT_FEATURE_NO_INPUT_CHANNEL flag. Ignoring
11-05 21:32:12.593  1987  2937 I VrRuntimeService: CreateSwapChain: 193362544
11-05 21:32:12.594  1987  2937 I VrRuntimeService: CreateSwapChain: api:gles 0 0x8c43 525 80 10 2 1 0 3
11-05 21:32:12.594  1987  2937 I VrRuntimeServer: CreateTextureSwapChain: result importswapchaingles 1
11-05 21:32:12.600  1987  2937 I VrRuntimeService: UpdateSwapChainSamplerState: 179
11-05 21:32:12.600  1987  2937 I VrRuntimeService: UpdateSwapChainSamplerState: minFilter=1 magFilter=1 wrapModeS=3 warpModeT=3 maxAniso=1.000000 border={0.000000,0.000000,0.000000,0.000000} swizzle={0,1,2,3}
11-05 21:32:12.601  1987  2937 I VrRuntimeService: DestroySwapChain: swapchain=178
11-05 21:32:12.601  1987  2937 I VrRuntimeServer: DestroyTextureSwapChain: result destroyswapchain 1
11-05 21:32:12.607  1987  6737 I ScreenCaptureBase: GlobalInhibitState changed to 1
11-05 21:32:12.607  1987  6737 I CompositorVR: SetClientSurfaceSecureFlag: secure=1
11-05 21:32:12.618  4056  4163 E OsSdk   : error getting shared memory region, memory type: HeadTracker, failed with Status(-1, EX_SECURITY): 'requested shared memory region when not registered/focused'
11-05 21:32:12.630  3140  3237 I VrGuardianService: GuardianSDKServer::SetGuardianHitDialog2 1
11-05 21:32:12.646  1642  7587 W ContextImpl: Calling a method in the system process without a qualified user: android.app.ContextImpl.sendBroadcast:1057 android.content.ContextWrapper.sendBroadcast:448 X.o0.A00:133 X.nZ.A00:17 X.nZ.handleMessage:91 
11-05 21:32:12.662  4056  4163 E OsSdk   : error getting shared memory region, memory type: HeadTracker, failed with Status(-1, EX_SECURITY): 'requested shared memory region when not registered/focused'
11-05 21:32:12.712  4056  4163 E OsSdk   : error getting shared memory region, memory type: HeadTracker, failed with Status(-1, EX_SECURITY): 'requested shared memory region when not registered/focused'
11-05 21:32:12.714  4056  4163 E OsSdk   : error getting shared memory region, memory type: AnchorTracker, failed with Status(-1, EX_SECURITY): 'requested shared memory region when not registered/focused'
11-05 21:32:12.755   849  3698 I chatty  : uid=1000(system) Binder:849_3 identical 15 lines
11-05 21:32:12.756  4056  4163 E OsSdk   : error getting shared memory region, memory type: HeadTracker, failed with Status(-1, EX_SECURITY): 'requested shared memory region when not registered/focused'
11-05 21:32:12.798   849  3698 W TrackingService: attachClient: found client in attached list
11-05 21:32:12.830  1642  7590 W ContextImpl: Calling a method in the system process without a qualified user: android.app.ContextImpl.sendBroadcast:1057 android.content.ContextWrapper.sendBroadcast:448 X.o0.A00:133 X.nZ.A00:17 X.nZ.handleMessage:91 
11-05 21:32:12.836   849  6789 W TrackingService: attachClient: found client in attached list
11-05 21:32:12.837  4056  4163 E OsSdk   : error getting shared memory region, memory type: HeadTracker, failed with Status(-1, EX_SECURITY): 'requested shared memory region when not registered/focused'
11-05 21:32:12.865   849  6721 I [CT]    : VIPER: Mode=SuperVega,Status=6DoF,TRACKING,Inl=19,Mem=93.7,Jit=0.2mm,Issues(Cam/min=0.0,IMU/min=0.0),Exp=(14.0ms,g=15.0,I=54,Ir=260.9)(14.0ms,g=15.0,I=84,Ir=402.8)(14.0ms,g=15.0,I=87,Ir=417.4)(13.1ms,g=15.0,I=76,Ir=388.1)
11-05 21:32:12.865   849  6721 W [CT]    : VIPER: Images too dark, Environment trending to dark, 
11-05 21:32:12.882   849  6789 I chatty  : uid=1000(system) Binder:849_4 identical 1 line
11-05 21:32:12.883  4056  4163 E OsSdk   : error getting shared memory region, memory type: HeadTracker, failed with Status(-1, EX_SECURITY): 'requested shared memory region when not registered/focused'
11-05 21:32:12.928   849  6789 W TrackingService: attachClient: found client in attached list
11-05 21:32:12.976   849  3698 W TrackingService: attachClient: found client in attached list
11-05 21:32:12.976  4056  4163 E OsSdk   : error getting shared memory region, memory type: HeadTracker, failed with Status(-1, EX_SECURITY): 'requested shared memory region when not registered/focused'
11-05 21:32:12.976   849  6789 W TrackingService: attachClient: found client in attached list
11-05 21:32:12.977  4056  4163 E OsSdk   : error getting shared memory region, memory type: AnchorTracker, failed with Status(-1, EX_SECURITY): 'requested shared memory region when not registered/focused'
11-05 21:32:13.018  6928  7025 I VrApi   : FPS=70/72,Prd=48ms,Tear=0,Early=69,Stale=3,VSnc=1,Lat=1,Fov=0,CPU4/GPU=4/4,2419/525MHz,OC=FF,TA=0/70/70,SP=N/F/F,Mem=2092MHz,Free=2283MB,PLS=0,Temp=26.2C/0.0C,TW=3.65ms,App=2.00ms,GD=0.11ms,CPU&GPU=7.10ms,LCnt=5(DR0,LM2),GPU%=0.51,CPU%=0.20(W0.23),DSF=1.00,CFL=19.69/21.39
11-05 21:32:13.019  4056  4163 E OsSdk   : error getting shared memory region, memory type: HeadTracker, failed with Status(-1, EX_SECURITY): 'requested shared memory region when not registered/focused'
11-05 21:32:13.180   849  6789 I chatty  : uid=1000(system) Binder:849_4 identical 5 lines
11-05 21:32:13.182  4056  4163 E OsSdk   : error getting shared memory region, memory type: HeadTracker, failed with Status(-1, EX_SECURITY): 'requested shared memory region when not registered/focused'
11-05 21:32:13.200  2195  2534 W DeviceConfigUtil: Try to get config param "oculus_shared_social:oculus_messenger_reauth_removal" before Device Config has subscribed to the service.
11-05 21:32:13.226   849  6789 W TrackingService: attachClient: found client in attached list
11-05 21:32:13.227  4056  4163 E OsSdk   : error getting shared memory region, memory type: HeadTracker, failed with Status(-1, EX_SECURITY): 'requested shared memory region when not registered/focused'
11-05 21:32:13.228   849  3698 W TrackingService: attachClient: found client in attached list
11-05 21:32:13.229  4056  4163 E OsSdk   : error getting shared memory region, memory type: AnchorTracker, failed with Status(-1, EX_SECURITY): 'requested shared memory region when not registered/focused'
11-05 21:32:13.275  4056  4163 E OsSdk   : error getting shared memory region, memory type: HeadTracker, failed with Status(-1, EX_SECURITY): 'requested shared memory region when not registered/focused'
11-05 21:32:13.296   849  3698 I chatty  : uid=1000(system) Binder:849_3 identical 2 lines
11-05 21:32:13.341   849  3698 W TrackingService: attachClient: found client in attached list
11-05 21:32:13.378   849  1040 W TrackingService: attachClient: found client in attached list
11-05 21:32:13.472  4056  4163 E OsSdk   : error getting shared memory region, memory type: HeadTracker, failed with Status(-1, EX_SECURITY): 'requested shared memory region when not registered/focused'
11-05 21:32:13.473  4056  4163 E OsSdk   : error getting shared memory region, memory type: AnchorTracker, failed with Status(-1, EX_SECURITY): 'requested shared memory region when not registered/focused'
11-05 21:32:13.493  4056  4123 D xrstreaming: receive ping: org 0 recv 0 xmt 20263485930700 (received at 1544087508680), offset divergence -31410
11-05 21:32:13.516  4056  4163 E OsSdk   : error getting shared memory region, memory type: HeadTracker, failed with Status(-1, EX_SECURITY): 'requested shared memory region when not registered/focused'
11-05 21:32:13.530   849  6721 W [CT]    : TIMESTAMPCHECKER: Nominal rate wrong. Estimated data rate: 25, Nominal is 30.000300003000028
11-05 21:32:13.561  4056  4163 E OsSdk   : error getting shared memory region, memory type: HeadTracker, failed with Status(-1, EX_SECURITY): 'requested shared memory region when not registered/focused'
11-05 21:32:13.603  4056  4163 E OsSdk   : error getting shared memory region, memory type: HeadTracker, failed with Status(-1, EX_SECURITY): 'requested shared memory region when not registered/focused'
11-05 21:32:13.646  4056  4163 E OsSdk   : error getting shared memory region, memory type: HeadTracker, failed with Status(-1, EX_SECURITY): 'requested shared memory region when not registered/focused'
11-05 21:32:13.689   849  1040 I chatty  : uid=1000(system) Binder:849_2 identical 8 lines
11-05 21:32:13.724   849  1040 W TrackingService: attachClient: found client in attached list
11-05 21:32:13.724  4056  4163 E OsSdk   : error getting shared memory region, memory type: HeadTracker, failed with Status(-1, EX_SECURITY): 'requested shared memory region when not registered/focused'
11-05 21:32:13.725   849  6789 W TrackingService: attachClient: found client in attached list
11-05 21:32:13.725  4056  4163 E OsSdk   : error getting shared memory region, memory type: AnchorTracker, failed with Status(-1, EX_SECURITY): 'requested shared memory region when not registered/focused'
11-05 21:32:13.771   849  6789 I chatty  : uid=1000(system) Binder:849_4 identical 1 line
11-05 21:32:13.772  4056  4163 E OsSdk   : error getting shared memory region, memory type: HeadTracker, failed with Status(-1, EX_SECURITY): 'requested shared memory region when not registered/focused'
11-05 21:32:13.801   849  6789 W TrackingService: attachClient: found client in attached list
11-05 21:32:13.843   849  1040 W TrackingService: attachClient: found client in attached list
11-05 21:32:13.933  4056  4163 E OsSdk   : error getting shared memory region, memory type: HeadTracker, failed with Status(-1, EX_SECURITY): 'requested shared memory region when not registered/focused'
11-05 21:32:13.973   849  6355 I [CT]    : CONSTELLATION:IMU_STATUS: 86557c336c360320 (L): [FusionTracked=1.000, OutputTracked=1.000, OutputValid=1.000] [AccelSat=0.000, GyroSat=0.000] 
11-05 21:32:13.977  4056  4163 E OsSdk   : error getting shared memory region, memory type: HeadTracker, failed with Status(-1, EX_SECURITY): 'requested shared memory region when not registered/focused'
11-05 21:32:13.978  4056  4163 E OsSdk   : error getting shared memory region, memory type: AnchorTracker, failed with Status(-1, EX_SECURITY): 'requested shared memory region when not registered/focused'
11-05 21:32:14.013  6928  7025 I VrApi   : FPS=72/72,Prd=48ms,Tear=0,Early=72,Stale=0,VSnc=1,Lat=1,Fov=0,CPU4/GPU=4/4,2419/525MHz,OC=FF,TA=0/70/70,SP=N/F/F,Mem=2092MHz,Free=2283MB,PLS=0,Temp=26.2C/0.0C,TW=3.69ms,App=1.97ms,GD=0.12ms,CPU&GPU=6.47ms,LCnt=6(DR0,LM2),GPU%=0.51,CPU%=0.14(W0.23),DSF=1.00,CFL=19.65/21.43
11-05 21:32:14.021  4056  4163 E OsSdk   : error getting shared memory region, memory type: HeadTracker, failed with Status(-1, EX_SECURITY): 'requested shared memory region when not registered/focused'
11-05 21:32:14.113  4056  4163 E OsSdk   : error getting shared memory region, memory type: HeadTracker, failed with Status(-1, EX_SECURITY): 'requested shared memory region when not registered/focused'
11-05 21:32:14.155   849  1040 I chatty  : uid=1000(system) Binder:849_2 identical 8 lines
11-05 21:32:14.156  4056  4163 E OsSdk   : error getting shared memory region, memory type: HeadTracker, failed with Status(-1, EX_SECURITY): 'requested shared memory region when not registered/focused'
11-05 21:32:14.160  1642  7595 W ContextImpl: Calling a method in the system process without a qualified user: android.app.ContextImpl.sendBroadcast:1057 android.content.ContextWrapper.sendBroadcast:448 X.o0.A00:133 X.nZ.A00:17 X.nZ.handleMessage:91 
11-05 21:32:14.169  1050  3653 I ActivityTaskManager: START u0 {act=android.intent.action.MAIN cat=[android.intent.category.LAUNCHER] flg=0x10010000 pkg=com.oculus.vrshell cmp=com.oculus.vrshell/.MainActivity (has extras)} from uid 10020
11-05 21:32:14.189  6928  6928 D UE4     : [GameActivity] onPause: stop memory reporter runnable
11-05 21:32:14.190  6928  6961 D UE4     : Case APP_CMD_PAUSE
11-05 21:32:14.190  6928  6928 D UE4     : [GameActivity] ==============> GameActive.onPause complete!
11-05 21:32:14.190  6928  6961 D UE4     : [2022.11.05-21.32.14:190][353]LogAndroid: Case APP_CMD_PAUSE
11-05 21:32:14.190  6928  6961 D UE4     : LogAndroidEvents::EnqueueAppEvent : 6, [width=-1, height=-1], tid = 6961, APP_EVENT_STATE_ON_PAUSE
11-05 21:32:14.190  6928  6961 D UE4     : [2022.11.05-21.32.14:190][353]LogAndroid: event thread, suspending app, acquiring HW window lock.
11-05 21:32:14.190  6928  6961 D UE4     : LogAndroidEvents::EnqueueAppEvent : 15, [width=-1, height=-1], tid = 6961, APP_EVENT_RUN_CALLBACK
11-05 21:32:14.190  6928  6961 D UE4     : [2022.11.05-21.32.14:190][353]LogAndroid: AndroidEGL::  SuspendApp_EventThread, waiting for event manager to process. tid: 6961
11-05 21:32:14.191  6928  6960 D UE4     : [2022.11.05-21.32.14:191][353]LogAndroidEvents: Display: LogAndroidEvents::DequeueAppEvent : 6, [width=-1, height=-1], APP_EVENT_STATE_ON_PAUSE
11-05 21:32:14.191  6928  6960 D UE4     : FAppEventManager::Tick processing, 6
11-05 21:32:14.191  6928  6960 D UE4     : [2022.11.05-21.32.14:191][353]LogVulkanRHI: FVulkanPipelineStateCacheManager: skipped saving because we only save if the PSOFC based one failed to load.
11-05 21:32:14.191  6928  6960 D UE4     : [2022.11.05-21.32.14:191][353]LogAndroidEvents: Display: LogAndroidEvents::DequeueAppEvent : 15, [width=-1, height=-1], APP_EVENT_RUN_CALLBACK
11-05 21:32:14.191  6928  6960 D UE4     : FAppEventManager::Tick processing, 15
11-05 21:32:14.191  6928  6960 D UE4     : [2022.11.05-21.32.14:191][353]LogAndroidEvents: Display: Event thread callback running.
11-05 21:32:14.191  6928  6960 D UE4     : [2022.11.05-21.32.14:191][353]LogAndroid: performing app backgrounding callback. 0xa9f8fab0
11-05 21:32:14.192   748  1948 D AF::TrackHandle: OpPlayAudio: track:57 uid:10014 pkg:com.oculus.shellenv usage:1 muted
11-05 21:32:14.192   748  4772 D AF::TrackHandle: OpPlayAudio: track:80 uid:10137 pkg:com.YourCompany.TemplateProject3 usage:1 muted
11-05 21:32:14.192   748  1011 D AF::TrackHandle: OpPlayAudio: track:60 uid:10033 pkg:com.oculus.xrstreamingclient usage:1 muted
11-05 21:32:14.192   748  1012 D AF::TrackHandle: OpPlayAudio: track:82 uid:10020 pkg:com.oculus.vrshell usage:1 not muted
11-05 21:32:14.192   748  4501 D AF::RecordHandle: OpRecordAudio: track:78 uid:10032 pkg:com.oculus.horizon usage:0 not muted
11-05 21:32:14.193   728   933 D msm8974_platform: platform_split_snd_device: snd_device(2) num devices(1) new_snd_devices(0)
11-05 21:32:14.193   728   933 D ACDB-LOADER: ACDB -> send_audvoltable
11-05 21:32:14.193   728   933 D ACDB-LOADER: ACDB -> ACDB_CMD_GET_AUDPROC_INSTANCE_GAIN_DEP_STEP_TABLE_SIZE
11-05 21:32:14.193   728   933 D         : Failed to fetch the lookup information of the device 0000000F 
