11-04 21:44:20.493  3623  3846 I chatty  : uid=10020(com.oculus.vrshell) ShellMainVR expire 4 lines
11-04 21:44:20.493  3623  3623 I chatty  : uid=10020(com.oculus.vrshell) ShellMain expire 5 lines
11-04 21:44:20.496  3623  3846 I chatty  : uid=10020(com.oculus.vrshell) ShellMainVR expire 6 lines
11-04 21:44:20.497  1043  1284 I DisplayManagerService: Display device removed: DisplayDeviceInfo{"com.oculus.android_panel_app.AndroidPanelLayer-#main": uniqueId="virtual:com.oculus.systemux,10026,com.oculus.android_panel_app.AndroidPanelLayer-#main,4", 1000 x 625, modeId 230, defaultModeId 230, supportedModes [{id=230, width=1000, height=625, fps=60.0}], colorMode 0, supportedColorModes [0], HdrCapabilities null, density 200, 200.0 x 200.0 dpi, appVsyncOff 0, presDeadline 16666666, touch NONE, rotation 0, type VIRTUAL, state ON, owner com.oculus.systemux (uid 10026), FLAG_PRIVATE, FLAG_NEVER_BLANK, FLAG_OWN_CONTENT_ONLY}
11-04 21:44:20.504   575   608 I SyncBossFW: 2881136 [info   ] {PERF}: cpu load cur=0.4566 min=0.0509 max=0.5281 avg=0.3323
11-04 21:44:20.504  3411  3411 D [SUI] ActivityManagerUtilsHelper: onForegroundActivitiesChanged: Instance: com.oculus.panelapp.anytimeui.utils.ActivityManagerUtilsHelper@e59567d, Pid: 3623, Tid: 10020, foregroundActivities: true, foreground app: com.oculus.shellenv, previous app: com.YourCompany.TemplateProject3
11-04 21:44:20.506  3411  3411 D [SUI] ActivityManagerUtilsHelper: onForegroundActivitiesChanged: Instance: com.oculus.panelapp.anytimeui.utils.ActivityManagerUtilsHelper@8b3cf75, Pid: 3623, Tid: 10020, foregroundActivities: true, foreground app: com.oculus.shellenv, previous app: com.YourCompany.TemplateProject3
11-04 21:44:20.506  3411  3411 D [SUI] AnytimeUIAndroidPanelApp: Received appStatus from VrShell: []
11-04 21:44:20.506  3411  3411 D [SUI] ActivityManagerUtilsHelper: onForegroundActivitiesChanged: Instance: com.oculus.panelapp.anytimeui.utils.ActivityManagerUtilsHelper@7f178e6, Pid: 3623, Tid: 10020, foregroundActivities: true, foreground app: com.oculus.shellenv, previous app: com.YourCompany.TemplateProject3
11-04 21:44:20.507  3411  3411 D [SUI] ActivityManagerUtilsHelper: onForegroundActivitiesChanged: Instance: com.oculus.panelapp.anytimeui.utils.ActivityManagerUtilsHelper@a2a0d0c, Pid: 3623, Tid: 10020, foregroundActivities: true, foreground app: com.oculus.shellenv, previous app: com.YourCompany.TemplateProject3
11-04 21:44:20.507  3411  3411 D [SUI] ActivityManagerUtilsHelper: onForegroundActivitiesChanged: Instance: com.oculus.panelapp.anytimeui.utils.ActivityManagerUtilsHelper@f31c9a0, Pid: 3623, Tid: 10020, foregroundActivities: true, foreground app: com.oculus.shellenv, previous app: com.YourCompany.TemplateProject3
11-04 21:44:20.508  3411  3411 D [SUI] ActivityManagerUtilsHelper: onForegroundActivitiesChanged: Instance: com.oculus.panelapp.anytimeui.utils.ActivityManagerUtilsHelper@a64012c, Pid: 3623, Tid: 10020, foregroundActivities: true, foreground app: com.oculus.shellenv, previous app: com.YourCompany.TemplateProject3
11-04 21:44:20.508  3411  3411 D [SUI] ActivityManagerUtilsHelper: onForegroundActivitiesChanged: Instance: com.oculus.panelapp.anytimeui.utils.ActivityManagerUtilsHelper@283bad6, Pid: 3623, Tid: 10020, foregroundActivities: true, foreground app: com.oculus.shellenv, previous app: com.YourCompany.TemplateProject3
11-04 21:44:20.508  3411  3411 D CppPanelService: onDestroy()
11-04 21:44:20.509  3411  3411 D [SUI] ActivityManagerUtilsHelper: onForegroundActivitiesChanged: Instance: com.oculus.panelapp.anytimeui.utils.ActivityManagerUtilsHelper@83eb9c4, Pid: 3575, Tid: 10014, foregroundActivities: true, foreground app: com.oculus.shellenv, previous app: com.oculus.vrshell
11-04 21:44:20.509  3411  3411 D [SUI] ActivityManagerUtilsHelper: onForegroundActivitiesChanged: Instance: com.oculus.panelapp.anytimeui.utils.ActivityManagerUtilsHelper@6ff7a86, Pid: 3575, Tid: 10014, foregroundActivities: true, foreground app: com.oculus.shellenv, previous app: com.oculus.vrshell
11-04 21:44:20.516  1949 14673 I SwapChain: DestroyAndroidSurfaceSwapChain: 0x703254a000: Destroying SurfaceTexture 0x2a3a Surface 0x2a2a
11-04 21:44:20.524  3411  3411 W OVRLibrary: null cursor received for query content://com.oculus.ocms.library/apps/com.oculus.shellenv
11-04 21:44:20.526  3575  3621 I Clay    : BaseApp: Hibernate transition Unhibernate
11-04 21:44:20.526  3575  3621 I Clay    : SoundSystem: setPaused(false), m_paused=true
11-04 21:44:20.527  1474  1474 V AvrcpMediaPlayerList: onPlaybackConfigChanged(): Configs list size=6
11-04 21:44:20.540  3575  3621 I Clay    : EnvironmentSystem: computed visibility changed from Unload to Hidden (reason: LayerRendering)
11-04 21:44:20.540  3575  3621 I OpenXR  : PostSessionStateChange: XR_SESSION_STATE_IDLE -> XR_SESSION_STATE_READY
11-04 21:44:20.540  3575  3621 I Clay    : xrPollEvent: REFERENCE_SPACE_CHANGE_PENDING
11-04 21:44:20.540  3575  3621 I Clay    : xrPollEvent: DISPLAY_REFRESH_RATE_CHANGED_FB: 90.000000 -> 72.000000
11-04 21:44:20.540  3575  3621 I Clay    : xrPollEvent: SESSION_STATE_CHANGED: READY
11-04 21:44:20.541  3575  3621 I Clay    : Entering VR mode: cpu=-1, gpu=-1, perf threads: main=3621, gpu=unset
11-04 21:44:20.541  3575  3621 I OpenXR  : ------------ xrBeginSession [start] -----------
11-04 21:44:20.541  3575  3621 I VrRuntimeClient: Tracing is disabled
11-04 21:44:20.541  3575  3621 I VrRuntimeClient: SysProp debug mode is disabled on Client side
11-04 21:44:20.541  3575  3621 D VrApi   : targetSDKVersion 29
11-04 21:44:20.543  3575  3621 I VrRuntimeClient: DEVICE MODEL NUMBER = Quest 2
11-04 21:44:20.543  3575  3621 I VrRuntimeClient: DEVICE BUILD NAME = user-47421700667400000
11-04 21:44:20.543  3575  3621 I VrRuntimeClient: DEVICE BUILD TYPE = user
11-04 21:44:20.543  3575  3621 I VrRuntimeClient: DEVICE OS VERSION = 10
11-04 21:44:20.543  3575  3621 I VrRuntimeClient: API LOADER VERSION = 1.0.22
11-04 21:44:20.543  3575  3621 I VrRuntimeClient: RUNTIME API VERSION = 1.0.24
11-04 21:44:20.543  3575  3621 I VrRuntimeClient: RUNTIME VERSION = 46.0.0.226.0 Sep  6 2022 02:18:10 RELEASE
11-04 21:44:20.543  3575  3621 I VrRuntimeClient: APP NAME = ShellEnv
11-04 21:44:20.543  3575  3621 I VrRuntimeClient: APP VERSION = 46.0.0.225.0 versionCode 406480835 internalVersionName 46.0.0.225.0.1de6c5943672 2022_10_06_16_42
11-04 21:44:20.543  3575  3621 I VrRuntimeClient: APP VR TYPE = vr_only
11-04 21:44:20.543  3575  3621 I VrRuntimeClient: APP MODE TYPE = VR
11-04 21:44:20.543  3575  3621 I VrRuntimeClient: APP PACKAGE NAME = com.oculus.shellenv
11-04 21:44:20.543  3575  3621 I VrRuntimeClient: APP ACTIVITY CLASS = com.oculus.shellenv.ShellEnvActivity
11-04 21:44:20.543  3575  3621 I Sensor  : OSSDKTRACKING Initializing head tracking
11-04 21:44:20.543  3575  3621 I Sensor  : OSSDKTRACKING Head tracker != nullpointer 0x6fd62d94f8, 1
11-04 21:44:20.543  3575  3621 I Sensor  : OSSDKTRACKING Initializing controller tracking
11-04 21:44:20.543  3575  3621 I Sensor  : OSSDKTRACKING Controller tracker != nullpointer 0x6f9b127510, 1
11-04 21:44:20.543  3575  3621 D BatteryReceiver: Registering battery receiver
11-04 21:44:20.543  3623  3623 I chatty  : uid=10020(com.oculus.vrshell) ShellMain expire 1 line
11-04 21:44:20.543  3623  3846 I chatty  : uid=10020(com.oculus.vrshell) ShellMainVR expire 29 lines
11-04 21:44:20.544  1949 14673 I CompositorVR: SetSchedFifo( tid=14548, pol=2, pri=0 ) succeeded
11-04 21:44:20.545  1949 14673 I CompositorVR: SetSchedFifo( tid=14612, pol=2, pri=0 ) succeeded
11-04 21:44:20.545  1949 14673 I CompositorVR: SetSchedFifo( tid=14797, pol=2, pri=0 ) succeeded
11-04 21:44:20.546  1043  1284 W AppOps  : Noting op not finished: uid 10020 pkg com.oculus.vrshell code 24 time=1667598260417 duration=-1
11-04 21:44:20.547  1043  1284 E WindowManager: App trying to use insecure INPUT_FEATURE_NO_INPUT_CHANNEL flag. Ignoring
11-04 21:44:20.547  3575  3621 D HeadsetReceiver: getCurrentHeadsetState: false
11-04 21:44:20.547  3575  3621 I DeviceStatus: nativeHeadsetEvent(0)
11-04 21:44:20.549  3575  3621 I VrRuntimeClient: SetCompositorClientFeatureFlag ClientFeatureFlag 0 
11-04 21:44:20.550  3575  3621 I LogTimer: CPUTIME: VrRuntimeClient_BeginSession took 8.9974 ms
11-04 21:44:20.550  1949  1949 I ClientMgr: FocusedWindowChanged: falling back to client with same uid: 10020, and pid: 3623
11-04 21:44:20.550  1949  1949 I ClientMgr: FocusedClient changed.
11-04 21:44:20.550  1949  1949 I ClientMgr: ClientMgr::SetFocusedClient: 3623:com.oculus.vrshell type 1
11-04 21:44:20.550  1949  1949 I ClientMgr: SetFocusedPackageName - packageName com.oculus.vrshell processName com.oculus.vrshell clientId 628808467 clientPid 3623
11-04 21:44:20.550  1949  1949 I VrRuntimeService: RuntimeIPC: SendFocusChangeEventToAllClients: PostClientEvent SUCCESS: com.YourCompany.TemplateProject3:com.YourCompany.TemplateProject3:14519, com.oculus.vrshell, com.oculus.vrshell
11-04 21:44:20.550  1949  1949 I VrRuntimeService: RuntimeIPC: SendFocusChangeEventToAllClients: PostClientEvent SUCCESS: com.oculus.vrshell:com.oculus.vrshell:3623, com.oculus.vrshell, com.oculus.vrshell
11-04 21:44:20.550  1949  1949 I VrRuntimeService: RuntimeIPC: SendFocusChangeEventToAllClients: PostClientEvent SUCCESS: com.oculus.shellenv:com.oculus.shellenv:3575, com.oculus.vrshell, com.oculus.vrshell
11-04 21:44:20.550  1949  1949 I VrRuntimeService: RuntimeIPC: SendFocusChangeEventToAllClients: PostClientEvent SUCCESS: com.oculus.mrservice:com.oculus.mrservice:1796, com.oculus.vrshell, com.oculus.vrshell
11-04 21:44:20.550  1949  1949 I VrRuntimeService: RuntimeIPC: SendFocusChangeEventToAllClients: PostClientEvent SUCCESS: com.oculus.guardian:com.oculus.vrguardianservice:3160, com.oculus.vrshell, com.oculus.vrshell
11-04 21:44:20.550  1949  1949 I VrRuntimeService: RuntimeIPC: SendFocusChangeEventToAllClients: PostClientEvent SUCCESS: com.oculus.vrshell:com.oculus.vrshell:Overlay:2310, com.oculus.vrshell, com.oculus.vrshell
11-04 21:44:20.550  3575  3621 I ClientInputInterface: DEADRECKONING SetControllerTrackingExtendedDeadreckoning 0
11-04 21:44:20.550  3575  3621 I ClientInputSettings: HANDTRACKING package name is com.oculus.shellenv
11-04 21:44:20.551  3575  3621 I ClientInputSettings: HANDTRACKING: Manifest Permission request for com.oculus.shellenv
11-04 21:44:20.552  3575  3621 I ClientInputSettings: HANDTRACKING:  'com.oculus.shellenv' Is hands or controller.
11-04 21:44:20.552  3575  3621 I ClientInputSettings: HANDTRACKING: feature flag set to 2
11-04 21:44:20.552  3575  3621 I ClientInputInterface: HANDTRACKING sethandmanifest 2
11-04 21:44:20.552  3575  3621 I InputHooks_Internal: Enabling Native Input Hooks
11-04 21:44:20.552  3575  3621 I InputDeviceManager: ovrInputDeviceManager::Initialize
11-04 21:44:20.552  3623  3623 I chatty  : uid=10020(com.oculus.vrshell) ShellMain expire 1 line
11-04 21:44:20.552  3575  3621 I Distortion: Initializing Mesh Decenter Correction
11-04 21:44:20.553  3411 14741 W OVRLibrary: null cursor received for query content://com.oculus.ocms.library/apps/com.oculus.shellenv
11-04 21:44:20.553  3623  3846 I chatty  : uid=10020(com.oculus.vrshell) ShellMainVR expire 10 lines
11-04 21:44:20.554   839  3185 E CalibrationProvider: loadCalibration(LDISP_SN) failed: Calibration store didn't load any info
11-04 21:44:20.554   839  3185 E CalibrationProvider: loadCalibration(RDISP_SN) failed: Calibration store didn't load any info
11-04 21:44:20.554  3575  3621 I Distortion: SetLensPositions - iad=0.0630218, left offset=-0.000249941,-0.00102733, right offset=0.000129107,-0.00104481
11-04 21:44:20.554  3575  3621 I Distortion: Initializing Mesh Decenter Correction
11-04 21:44:20.554   847  1030 W TrackingService: attachClient: found client in attached list
11-04 21:44:20.555   839  3185 E CalibrationProvider: loadCalibration(LDISP_SN) failed: Calibration store didn't load any info
11-04 21:44:20.555   839  3185 E CalibrationProvider: loadCalibration(RDISP_SN) failed: Calibration store didn't load any info
11-04 21:44:20.555  3575  3621 I Distortion: SetLensPositions - iad=0.0630218, left offset=-0.000249941,-0.00102733, right offset=0.000129107,-0.00104481
11-04 21:44:20.555  3575  3621 I Distortion: Created custom distortion mesh.
11-04 21:44:20.556   847  1030 D TrackingService: getSharedMemory: com.oculus.shellenv#3575, Controller
11-04 21:44:20.556  3575 14882 I InputDevice_TrackedRemote: REMOTE: Hand=1 IndexAnalog=0.00 GripAnalog=0.00 Buttons=0x00000000
11-04 21:44:20.556  3575 14882 I InputDevice_TrackedRemote: REMOTE: Hand=2 IndexAnalog=0.00 GripAnalog=0.00 Buttons=0x00000000
11-04 21:44:20.556  3575 14882 I InputDeviceManager: HANDTRACKING Pointer filter profile changed to: 0
11-04 21:44:20.556  3575 14882 I InputDeviceManager: HANDTRACKING Pointer filter profile changed to: 0
11-04 21:44:20.556  3575 14882 I InputDeviceManager: HANDTRACKING Root pose filter profile changed for (version, freq) to (2, 1) from (1,2)
11-04 21:44:20.556  3575  3621 I PhaseSync: PhaseSync::PhaseSync PaddingLowerLimit 0.350000 StandardDeviations 2.000000 PaddingUpperLimit 0.750000 on instance 10
11-04 21:44:20.556  3575  3621 I VrRuntimeClient: PhaseSync Instance created
11-04 21:44:20.556  3575  3621 D VrRuntimeClient: pokeGuardianUserServiceForThisClient: com.oculus.shellenv:10014
11-04 21:44:20.556   847  1030 W TrackingService: attachClient: found client in attached list
11-04 21:44:20.556   839  3185 E CalibrationProvider: loadCalibration(LDISP_SN) failed: Calibration store didn't load any info
11-04 21:44:20.556   839  3185 E CalibrationProvider: loadCalibration(RDISP_SN) failed: Calibration store didn't load any info
11-04 21:44:20.556   847  1030 D TrackingService: getSharedMemory: com.oculus.vrshell#3623, Controller
11-04 21:44:20.556  3623 14885 I chatty  : uid=10020(com.oculus.vrshell) OVRInput expire 5 lines
11-04 21:44:20.557  3623  3846 I chatty  : uid=10020(com.oculus.vrshell) ShellMainVR expire 2 lines
11-04 21:44:20.557  2162  2264 W OVRLibrary: null cursor received for query content://com.oculus.ocms.library/apps/com.oculus.vrshell
11-04 21:44:20.557  3575  3621 D VrRuntimeClient: VrRuntimeClient: getClientWindow: activity client
11-04 21:44:20.557  1611 14878 W ContextImpl: Calling a method in the system process without a qualified user: android.app.ContextImpl.sendBroadcast:1057 android.content.ContextWrapper.sendBroadcast:448 X.o0.A00:133 X.nZ.A00:17 X.nZ.handleMessage:91 
11-04 21:44:20.557  1949  3709 I VrRuntimeService: RuntimeServiceSDKServer::EnableRendering: 0x702d45ffc0, 1, com.oculus.shellenv
11-04 21:44:20.557  1949  3709 I ClientMgr: ClientMgr::EnableRendering 3575:com.oculus.shellenv : type 0 comp-id 6: enable
11-04 21:44:20.557  1949  3709 I CompositorVR: CheckDebuggerConnected: debugger 0
11-04 21:44:20.557  1949  3709 I VrRuntimeServer: SysProp debug mode is disabled on Server side
11-04 21:44:20.562   723   723 D msm8974_platform: platform_split_snd_device: snd_device(2) num devices(1) new_snd_devices(0)
11-04 21:44:20.562   723   723 D ACDB-LOADER: ACDB -> send_audvoltable
11-04 21:44:20.562   723   723 D ACDB-LOADER: ACDB -> ACDB_CMD_GET_AUDPROC_INSTANCE_GAIN_DEP_STEP_TABLE_SIZE
11-04 21:44:20.562   723   723 D         : Failed to fetch the lookup information of the device 0000000F 
11-04 21:44:20.562   723   723 D ACDB-LOADER: Error: ACDB_CMD_GET_AUDPROC_INSTANCE_GAIN_DEP_STEP_TABLE_SIZE Returned = -19
11-04 21:44:20.562   723   723 D ACDB-LOADER: ACDB -> ACDB_CMD_GET_AUDPROC_INSTANCE_GAIN_DEP_STEP_TABLE, vol index 8
11-04 21:44:20.562   723   723 D         : Failed to fetch the lookup information of the device 0000000F 
11-04 21:44:20.562   723   723 D ACDB-LOADER: Error: ACDB AudProc vol returned = -19
11-04 21:44:20.562   723   723 D ACDB-LOADER: ACDB -> AUDIO_SET_VOL_CAL cal type = 40
11-04 21:44:20.562  1949  3709 I UnifiedTelemetryWrapper: Started UT session render:com.oculus.shellenv
11-04 21:44:20.563  3160  3160 D VrGuardianUserService: onStartCommandIntent { act=FOREGROUND_CLIENT cmp=com.oculus.guardian/com.oculus.vrguardianservice.VrGuardianUserService (has extras) }
11-04 21:44:20.563  3160  3160 D VrGuardianUserService: maybeSubscribeDeviceConfig
11-04 21:44:20.563  2310  3131 I chatty  : uid=10020(com.oculus.vrshell) ShellOverlayVR expire 4 lines
11-04 21:44:20.563  3160  3160 D VrGuardianUserService: onStartCommand FOREGROUND_CLIENT user = 0
11-04 21:44:20.564  3160  3160 D VrGuardianService: setCurrentUser() called with: userId = [0]
11-04 21:44:20.564  3160  3160 I VrGuardianService: nativeSetCurrentUser userid = 0
11-04 21:44:20.564  3160  3160 I GuardianSystem: GuardianSystem::SetCurrentUser: 0 
11-04 21:44:20.564   839  3185 E CalibrationProvider: loadCalibration(LDISP_SN) failed: Calibration store didn't load any info
11-04 21:44:20.564   839  3185 E CalibrationProvider: loadCalibration(RDISP_SN) failed: Calibration store didn't load any info
11-04 21:44:20.565  3623  3846 I chatty  : uid=10020(com.oculus.vrshell) ShellMainVR expire 28 lines
11-04 21:44:20.565  1949  3844 I VrRuntimeService: RuntimeServiceSDKServer::EnableRendering: 0x0, 0, com.oculus.vrshell
11-04 21:44:20.565  1949  3844 I ClientMgr: EnableRendering2: invalid clientWindow, testing uid/pid
11-04 21:44:20.565  1949  3844 I ClientMgr: EnableRendering2: matched uid: 10020 and pid: 3623 
11-04 21:44:20.565  1949  3844 I ClientMgr: EnableRendering2: Calling SetFocusedClient: 628808467
11-04 21:44:20.565  1949  3844 I ClientMgr: ClientMgr::SetFocusedClient: 3623:com.oculus.vrshell type 1
11-04 21:44:20.565  1949  3844 I ClientMgr: SetFocusedPackageName - packageName com.oculus.vrshell processName com.oculus.vrshell clientId 628808467 clientPid 3623
11-04 21:44:20.565  1949  3844 I ClientMgr: ClientMgr::EnableRendering 3623:com.oculus.vrshell : type 1 comp-id 7: enable
11-04 21:44:20.565  1949  3844 I CompositorClientMgr: Enable client 7
11-04 21:44:20.565  1949  3844 I VrRuntimeServer: EnableCompositorClient client(7): layer placement(2147483647) flags(0) sm(0x702c8f6010)
11-04 21:44:20.565  1949  3844 I CompositorVR: CheckDebuggerConnected: debugger 0
11-04 21:44:20.565  1949  3844 I VrRuntimeServer: SysProp debug mode is disabled on Server side
11-04 21:44:20.565  2162  2162 W OVRLibrary: null cursor received for query content://com.oculus.ocms.library/apps/com.YourCompany.TemplateProject3
11-04 21:44:20.565  1949  3099 I ClientMgr: Non-overlay clients rendering status has changed: prev=45, curr=46, enabled=2
11-04 21:44:20.566  2162  2162 I OVRMediaServiceManager: Sending onAppStart (com.YourCompany.TemplateProject3) to SocialPlatform (com.oculus.socialplatform)
11-04 21:44:20.568  1949  3099 D VrRuntimeService: ForegroundAppInfo = {uid=10014 pid=3575 packageName=com.oculus.shellenv processName=com.oculus.shellenv
11-04 21:44:20.568  1949  3099 I ClientMgr: GetForegroundClientId: Found foreground uid 10014.
11-04 21:44:20.568  1949  3099 I ClientMgr: Primary client determined to be foreground client: com.oculus.shellenv.
11-04 21:44:20.568  1949  3099 I ClientMgr: ClientMgr::SetPrimaryCompositorClient: 3575:com.oculus.shellenv
11-04 21:44:20.569  1949  3099 W ClientMgr: ClientMgr::GetClientPermissionFlagsById: Client missing proper permissions: com.oculus.shellenv, 2
11-04 21:44:20.569  1949  3099 I CompositorClientMgr: Enable client 6
11-04 21:44:20.569  1949  3099 I VrRuntimeServer: EnableCompositorClient client(6): layer placement(0) flags(1) sm(0x7031251010)
11-04 21:44:20.569  1949  3099 I ClientMgr: SetPrimaryPackageName - packageName com.oculus.shellenv processName com.oculus.shellenv clientId 2321817595 clientPid 3575
11-04 21:44:20.569  1949  3099 I ServiceInputManager: ServiceInputManager::SetPrimaryPackageName 'com.oculus.shellenv' 'com.oculus.shellenv'  updated AnytimeUI processname 0
11-04 21:44:20.569  1949  3099 I VrRuntimeService: RuntimeIPC: SendPrimaryPackageChangeEvent: PostClientEvent SUCCESS: com.YourCompany.TemplateProject3:com.YourCompany.TemplateProject3:14519, com.oculus.shellenv, com.oculus.shellenv
11-04 21:44:20.569  1949  3099 I VrRuntimeService: RuntimeIPC: SendPrimaryPackageChangeEvent: PostClientEvent SUCCESS: com.oculus.vrshell:com.oculus.vrshell:3623, com.oculus.shellenv, com.oculus.shellenv
11-04 21:44:20.569  1949  3099 I VrRuntimeService: RuntimeIPC: SendPrimaryPackageChangeEvent: PostClientEvent SUCCESS: com.oculus.shellenv:com.oculus.shellenv:3575, com.oculus.shellenv, com.oculus.shellenv
11-04 21:44:20.569  1949  3099 I VrRuntimeService: RuntimeIPC: SendPrimaryPackageChangeEvent: PostClientEvent SUCCESS: com.oculus.mrservice:com.oculus.mrservice:1796, com.oculus.shellenv, com.oculus.shellenv
11-04 21:44:20.569  1949  3099 I VrRuntimeService: RuntimeIPC: SendPrimaryPackageChangeEvent: PostClientEvent SUCCESS: com.oculus.guardian:com.oculus.vrguardianservice:3160, com.oculus.shellenv, com.oculus.shellenv
11-04 21:44:20.569  1949  3099 I VrRuntimeService: RuntimeIPC: SendPrimaryPackageChangeEvent: PostClientEvent SUCCESS: com.oculus.vrshell:com.oculus.vrshell:Overlay:2310, com.oculus.shellenv, com.oculus.shellenv
11-04 21:44:20.569  1949  3099 D VrRuntimeService: sendPrimaryPackageChangeBroadcast
11-04 21:44:20.570  3575  3621 I ScreenCaptureHelper: Advertising com.oculus.shellenv as streamable
11-04 21:44:20.570  3575  3621 I VrApi   : OVR::Stats thread started
11-04 21:44:20.570  3575  3621 I XrRuntimeUtils: XrRuntimeUtils::BeginSession
11-04 21:44:20.570  3575  3621 I XrRuntimeSystem_Client: BeginSession
11-04 21:44:20.570  3575  3621 I OpenXR  : ------------ xrBeginSession [end] -----------
11-04 21:44:20.570  3575  3621 I Clay    : Setting CPU/GPU levels= 25/75
11-04 21:44:20.570  3575  3621 I VrRuntimeClient: UpdateEvents: HMT was mounted
11-04 21:44:20.570  3575  3621 I VrRuntimeClient: Client has lost focus.
11-04 21:44:20.570  3575  3621 I Clay    : xrPollEvent: MOUNT_STATE_CHANGED_FB: isMounted 1
11-04 21:44:20.570  1949  3099 I AADT    : SetAADTLutDataX: 0
11-04 21:44:20.570  1949  3099 I AADT    : SetAADTLutDataY: 0
11-04 21:44:20.570  1949  3099 I ServiceInputManager: DEADRECKONING deadReckoning mode on ClientMgr from server is 0
11-04 21:44:20.570  1949  3099 I PerformanceManager_V0: SetClockLevels: Apply pending clock request change: 4,4 -> 4,3
11-04 21:44:20.570  1949  3099 I CompositorClientMgr: Enable client 0
11-04 21:44:20.570  1949  3099 I VrRuntimeServer: EnableCompositorClient client(0): layer placement(2147483643) flags(8) sm(0x6fdd2a4160)
11-04 21:44:20.570  1949  3087 I Clocks  : ReleaseClocks - start
11-04 21:44:20.571  3575 14890 D VrApi   : targetSDKVersion 29
11-04 21:44:20.571  1949  3087 I Clocks  : ReleaseClocks - end (0.4 ms)
11-04 21:44:20.571  1949  3087 I Clocks  : LockClocks( cpu=4, gpu=3 ) - start
11-04 21:44:20.572  1949 14673 I CompositorVR: LatchWarpClients: Multiple Primary Clients detected. Skipping frames for 17
11-04 21:44:20.572  1949 14673 I AADT    : SetAADTLutDataX. Thread. SizeX: 0
11-04 21:44:20.572  1949 14673 I AADT    : SetAADTLutDataY. Thread. SizeY: 0
11-04 21:44:20.572  3160  3216 I GuardianSystem: runtimeServiceSDKClient_.ForceShowGuardianEvent
11-04 21:44:20.572  3160  3216 I GuardianSystem: ForceShowGuardian: false, 0.00
11-04 21:44:20.572  3160  3216 I GuardianSystem: runtimeServiceSDKClient_.PackageChangeEvent: package=[com.oculus.shellenv], process=[com.oculus.shellenv]
11-04 21:44:20.572  3160  3216 I GuardianSystem: SetCurrentProcessName: com.oculus.shellenv, previous ProcessName: com.YourCompany.TemplateProject3
11-04 21:44:20.573  1949  3087 I Clocks  : CPU levels [0, 4]
11-04 21:44:20.573  1949  3087 I Clocks  : GPU levels [0, 5]
11-04 21:44:20.573  1949  3087 I Clocks  : LockClocks( cpu=4, gpu=3 ) - end (2.5 ms)
11-04 21:44:20.575  3623  3623 I chatty  : uid=10020(com.oculus.vrshell) ShellMain expire 1 line
11-04 21:44:20.578  2310  2310 I chatty  : uid=10020(com.oculus.vrshell) ShellOverlayMai expire 8 lines
11-04 21:44:20.579  1949  3099 I Vsync   : Adjusting vsync display refresh rate 72.000000 -> 90.000000
11-04 21:44:20.580  1949  3844 I UnifiedTelemetryWrapper: Started UT session render:com.oculus.vrshell
11-04 21:44:20.580  1796  3883 I [CT]    : MIXEDREALITY: MrFeatureStatus: Client status changed from Paused to Started.
11-04 21:44:20.580  1796  3883 I [CT]    : MIXEDREALITY: MrFeatureStatus: Target status Started, CurrentStatus: Started
11-04 21:44:20.581  1796  3298 I [CT]    : MIXEDREALITY: MrServiceView: renderIteration: Nothing to render, hibernating the rendering thread since ID is off and no active PT layers.
11-04 21:44:20.581  1796  3298 I [CT]    : MIXEDREALITY: MrServiceModel: Hibernating caller (most likely rendering thread) due to commandQueue being empty.
11-04 21:44:20.581  1949 14673 I CompositorVR: WarpToScreen: Skipping frames for 17
11-04 21:44:20.582  3575 14895 I FenceChecker: FenceChecker::MainLoop - started
11-04 21:44:20.582  3623 14892 I chatty  : uid=10020(com.oculus.vrshell) OVR::Stats expire 3 lines
11-04 21:44:20.583   723   723 I audio_hw_primary: getting vr mode to 0
11-04 21:44:20.583  1702  1702 D OculusNotificationListenerService: Notification posted: 0|android|0|com.android.server.wm.AlertWindowNotification - com.oculus.vrshell|1000
11-04 21:44:20.584   745  3564 I AudioPolicyManagerCustom: VR mode is 0, switch to primary output if request is for fast|raw
11-04 21:44:20.584   745  3564 W AudioFlinger: createTrack_l(): mismatch between requested flags (00000104) and output flags (00000006)
11-04 21:44:20.584   745  3564 D AudioFlinger: Client defaulted notificationFrames to 192 for frameCount 384
11-04 21:44:20.584  3575  3621 I Clay    : copresence: microphone state transition, unpaused
11-04 21:44:20.585  3575  3621 I OpenXR  : PostSessionStateChange: XR_SESSION_STATE_READY -> XR_SESSION_STATE_SYNCHRONIZED
11-04 21:44:20.585  3575  3621 I Clay    : xrPollEvent: SESSION_STATE_CHANGED: SYNCHRONIZED
11-04 21:44:20.586  1949 14673 I CompositorVR: SetSchedFifo( tid=3621, pol=3, pri=0 ) succeeded
11-04 21:44:20.586  1949 14673 I CompositorVR: SetSchedFifo( tid=14895, pol=3, pri=0 ) succeeded
11-04 21:44:20.588   745  3564 D AF::TrackHandle: OpPlayAudio: track:135 uid:10020 pkg:com.oculus.vrshell usage:1 not muted
11-04 21:44:20.589  3575 14890 I JniUtils: ovr_GetCurrentPackageSignature 
11-04 21:44:20.593  2310  3131 I chatty  : uid=10020(com.oculus.vrshell) ShellOverlayVR expire 40 lines
11-04 21:44:20.595  1949 14673 I CompositorVR: WarpToScreen: Skipping frames for 17
11-04 21:44:20.597  1949  1949 D VrRuntimeService: onForegroundActivitiesChanged: pid=3623, uid=10020, hasForegroundActivities=false
11-04 21:44:20.598   851  1216 D VrApiService: refresh-rate changed to 90Hz
11-04 21:44:20.599  1474  1474 V AvrcpMediaPlayerList: onPlaybackConfigChanged(): Configs list size=7
11-04 21:44:20.599  1949  3099 I VrRuntimeServer: DisableCompositorClient: 0
11-04 21:44:20.599  1949  3099 I CompositorClientMgr: Disable client 0
11-04 21:44:20.599  1949  3099 I CompositorClientMgr: DisableClient: frame flush required: 1
11-04 21:44:20.599  1949  3099 I PerformanceManager_V0: SetClockLevels: Apply pending clock request change: 4,3 -> 4,4
11-04 21:44:20.599  1949  3087 I Clocks  : ReleaseClocks - start
11-04 21:44:20.600  1949 14673 I CompositorVR: LatchWarpClients: Multiple Primary Clients detected. Skipping frames for 17
11-04 21:44:20.602  1949  3087 I Clocks  : ReleaseClocks - end (2.9 ms)
11-04 21:44:20.602  1949  3087 I Clocks  : LockClocks( cpu=4, gpu=4 ) - start
11-04 21:44:20.604  1949  3087 I Clocks  : CPU levels [0, 4]
11-04 21:44:20.604  1949  3087 I Clocks  : GPU levels [0, 5]
11-04 21:44:20.604   739   954 I SDM     : HWCDisplayBuiltIn::Validate: Validate +++ enable cac = 0
11-04 21:44:20.606  1949  3087 I Clocks  : LockClocks( cpu=4, gpu=4 ) - end (4.1 ms)
11-04 21:44:20.609  3411  3411 I PanelService: VR Shell socket closed(ECONNRESET); shutting down fd: 43
11-04 21:44:20.609  3411  3411 I PanelService: Quitting application via hardExit flag. Shutting down fd 43.
11-04 21:44:20.609  1949 14673 I CompositorVR: WarpToScreen: Skipping frames for 17
11-04 21:44:20.610  3411  3411 V LifecycleAwareViewModelStore: LifecycleAwareViewModelStore destroyed
11-04 21:44:20.610  3411  3411 V LifecycleAwarePanelApp: PanelApp lifecycle moved to final state: DESTROYED
11-04 21:44:20.610  3411  3411 I AndroidPanelApp: Destroyed
11-04 21:44:20.610  1949  3115 I VrRuntimeService: DestroySwapChain: swapchain=407
11-04 21:44:20.610  1949  2927 I SwapChain: DestroyAndroidSurfaceSwapChain: 0x6fa2ba9000: Destroying SurfaceTexture 0x2a7a Surface 0x2a6a
11-04 21:44:20.610  1949  3115 I VrRuntimeServer: DestroyTextureSwapChain: result destroyswapchain 1
11-04 21:44:20.612  3575 14890 I Metrics : device name = Oculus Quest 2
11-04 21:44:20.613  1949  3115 I VrRuntimeService: DestroySwapChain: swapchain=406
11-04 21:44:20.613  1949  2927 I SwapChain: DestroyAndroidSurfaceSwapChain: 0x6fa2ba7000: Destroying SurfaceTexture 0x2ac2 Surface 0x2aba
11-04 21:44:20.613  1949  3115 I VrRuntimeServer: DestroyTextureSwapChain: result destroyswapchain 1
11-04 21:44:20.613  1043  6765 I MediaFocusControl: requestAudioFocus() from uid/pid 10020/3623 clientId=android.media.AudioManager@4bffd9acom.oculus.vrshell.ShellAudioFocusHandler@42016cb callingPack=com.oculus.vrshell req=1 flags=0x0 sdk=29
11-04 21:44:20.623  3411  3411 D [SUI] AnytimeUIPanelAppBase: Releasing viewModel DynamicAppsViewModel refCount: 1
11-04 21:44:20.623  3411  3411 D [SUI] AnytimeUIPanelAppBase: Releasing viewModel SharingViewModel refCount: 0
11-04 21:44:20.623  3411  3411 D [SUI] SharingViewModel: Destroying ViewModel
11-04 21:44:20.623  1949 14673 I CompositorVR: WarpToScreen: Skipping frames for 17
11-04 21:44:20.624  3411  3411 D [SUI] SharingViewModel: clearAbuseReportRecordingTimer
11-04 21:44:20.624  3411  3411 D [SUI] BarView: Destroying BarView
11-04 21:44:20.624  3411  3411 D [SUI] SocialViewModel: removeObserver(): -$$Lambda$SystemStatusView$hvdttGlyfUmlGZJVTLPJRt2c5Fk
11-04 21:44:20.624  3411  3411 D [SUI] AnytimeUIPanelAppBase: Releasing viewModel SocialViewModel refCount: 1
11-04 21:44:20.624  3411  3411 D [SUI] AnytimeUIPanelAppBase: Releasing viewModel SystemStatusViewModel refCount: 0
11-04 21:44:20.624  3411  3411 D [SUI] AnytimeUIPanelAppBase: Releasing viewModel BarViewModel refCount: 1
11-04 21:44:20.624  1765  6280 I RuntimeIPCServerMgr: HandleClientDisconnect: Client: com.oculus.vrshell:com.oculus.vrshell:Overlay:2310, Server: com.oculus.os.dialoghost:com.oculus.os.dialoghost (DialogHostService)
11-04 21:44:20.624  3411  3411 D [SUI] StatusViewModel: Destroying ViewModel
11-04 21:44:20.626  3411  3411 D [SUI] AnytimeUIPanelAppBase: Releasing viewModel ActiveCallBarViewModel refCount: 0
11-04 21:44:20.626  3411  3411 D [SUI] AnytimeUIPanelAppBase: Releasing viewModel SocialViewModel refCount: 0
11-04 21:44:20.626  2310  2310 I chatty  : uid=10020(com.oculus.vrshell) ShellOverlayMai expire 1 line
11-04 21:44:20.626  3411  3411 D [SUI] SocialViewModel: Destroying ViewModel
11-04 21:44:20.626  3411  3411 I PresenceAPK(ServicePresenceClient): ServicePresenceClient close
11-04 21:44:20.626  3411  3411 I PresenceAPK(GroupManager): removeListener with id SystemCallGroup
11-04 21:44:20.626  3411  3411 I PresenceAPK(ServiceApiManager): onApiNotReady
11-04 21:44:20.626  2310  3131 I chatty  : uid=10020(com.oculus.vrshell) ShellOverlayVR expire 4 lines
11-04 21:44:20.626  3411  3411 D PresenceAPK(ServicePresenceClient): Calling onServiceDown
11-04 21:44:20.626  3411  3411 I PresenceAPK(GroupManager): disconnected
11-04 21:44:20.627  3623  3846 I chatty  : uid=10020(com.oculus.vrshell) ShellMainVR expire 4 lines
11-04 21:44:20.627  1765  6280 D RuntimeIPCServerMgr: RegisterClient: Client: com.oculus.vrshell:com.oculus.vrshell:3623, Server: com.oculus.os.dialoghost:com.oculus.os.dialoghost (DialogHostService)
11-04 21:44:20.628  1765  6280 I IPCSharedMemory: CreateSharedMemory: Allocated shared memory fd 40 (ipcStateReadWrite)
11-04 21:44:20.628  1765  6280 I IPCSharedMemory: CreateSharedMemory: Allocated shared memory fd 41 (ipcReadOnlyState)
11-04 21:44:20.628  1765  6280 I RuntimeIPCServerMgr: Event buffer size (server): 8192
11-04 21:44:20.628  1765  6280 I IPCSharedMemory: CreateSharedMemory: Allocated shared memory fd 42 (ipcEventBuffer)
11-04 21:44:20.629  1949 14673 I Vsync   : Vsync 1354:  1 x 11.14 ms (71.82 Hz, at 8571.513)
11-04 21:44:20.629  1949  3115 I VrRuntimeService: DestroySwapChain: swapchain=408
11-04 21:44:20.629  3411  3411 D [SUI] MessengerCallViewModel: removeObserver
11-04 21:44:20.629  3411  3411 D [SUI] AnytimeUIPanelAppBase: Releasing viewModel MessengerCallViewModel refCount: 0
11-04 21:44:20.629  3411  3411 D HyperspaceClient: destroy - start
11-04 21:44:20.629  2310  3131 I chatty  : uid=10020(com.oculus.vrshell) ShellOverlayVR expire 3 lines
11-04 21:44:20.630  1765  6280 I IPCSharedMemory: CreateSharedMemory: Allocated shared memory fd 43 (ipcEventBuffer_Private)
11-04 21:44:20.630  1765  6280 I RuntimeIPCServerMgr: HandleClientConnect SUCCESS: Client: com.oculus.vrshell:com.oculus.vrshell:3623, Server: com.oculus.os.dialoghost:com.oculus.os.dialoghost (DialogHostService)
11-04 21:44:20.632  1765  6280 I RuntimeIPCServerMgr: GetServerStatesConfig -> {MaxBufferSize=32768, MaxEntries=64}
11-04 21:44:20.632  3623  3846 I chatty  : uid=10020(com.oculus.vrshell) ShellMainVR expire 4 lines
11-04 21:44:20.632  2310  3131 I chatty  : uid=10020(com.oculus.vrshell) ShellOverlayVR expire 4 lines
11-04 21:44:20.633  3623  3846 I chatty  : uid=10020(com.oculus.vrshell) ShellMainVR expire 3 lines
11-04 21:44:20.633  2310  3131 I chatty  : uid=10020(com.oculus.vrshell) ShellOverlayVR expire 5 lines
11-04 21:44:20.633  3623  3846 I chatty  : uid=10020(com.oculus.vrshell) ShellMainVR expire 1 line
11-04 21:44:20.633  2310  3131 I chatty  : uid=10020(com.oculus.vrshell) ShellOverlayVR expire 4 lines
11-04 21:44:20.633  2310  2310 I chatty  : uid=10020(com.oculus.vrshell) ShellOverlayMai expire 1 line
11-04 21:44:20.634  1796  3642 I [CT]    : MIXEDREALITY: MrFeatureStatus: Client status changed from Started to Paused.
11-04 21:44:20.634  1796  3642 I [CT]    : MIXEDREALITY: MrFeatureStatus: Target status Started, CurrentStatus: Started
11-04 21:44:20.634  1949 14673 I CompositorVR: WarpToScreen: Skipping frames for 17
11-04 21:44:20.634  2310  3131 I chatty  : uid=10020(com.oculus.vrshell) ShellOverlayVR expire 3 lines
11-04 21:44:20.635  1796  3298 I [CT]    : MIXEDREALITY: MrServiceView: renderIteration: Nothing to render, hibernating the rendering thread since ID is off and no active PT layers.
11-04 21:44:20.635  1796  3298 I [CT]    : MIXEDREALITY: MrServiceModel: Hibernating caller (most likely rendering thread) due to commandQueue being empty.
11-04 21:44:20.635  3623  3846 I chatty  : uid=10020(com.oculus.vrshell) ShellMainVR expire 5 lines
11-04 21:44:20.638  2310  3131 I chatty  : uid=10020(com.oculus.vrshell) ShellOverlayVR expire 17 lines
11-04 21:44:20.639  1949  3844 I VrRuntimeService: RuntimeServiceSDKServer::RecenterLocalSpace
11-04 21:44:20.639  1949  3844 I VrRuntimeService: RuntimeServiceSDKServer::RecenterLocalSpaceInternal
11-04 21:44:20.639  1949  3844 I VrRuntimeServer: UpdateLocalSpace: Src: 2, Version: 46, VersionUser: 0, RawFloorHeightOld: -1.479450, RawFloorHeightNew: -1.479450
11-04 21:44:20.639  3160  3216 I GuardianSystem: UpdateSystem: Responding to local space version number change.
11-04 21:44:20.640  3160  3216 I GuardianSurfaceMgr: ForceShowSurfaceBounds: Soft fade out: currentTime 8571.52, ForceShowTime 8572.52, ForceShowFadeTime 8573.52
11-04 21:44:20.640  3160  3216 I GuardianSystem: ForceShowGuardian: false, 1.00
11-04 21:44:20.644  1949 14673 I CompositorVR: WarpToScreen: Skipping frames for 17
11-04 21:44:20.644  3575  3621 I Clay    : xrPollEvent: REFERENCE_SPACE_CHANGE_PENDING
11-04 21:44:20.645  3575  3621 I Clay    : xrPollEvent: DISPLAY_REFRESH_RATE_CHANGED_FB: 72.000000 -> 90.000000
11-04 21:44:20.646  1702  1702 D OculusNotificationListenerService: Notification removed: 0|android|0|com.android.server.wm.AlertWindowNotification - com.oculus.vrshell|1000
11-04 21:44:20.648  3623  3846 I chatty  : uid=10020(com.oculus.vrshell) ShellMainVR expire 51 lines
11-04 21:44:20.649  2569  2589 I com.oculus.ocm: Background concurrent copying GC freed 8020(832KB) AllocSpace objects, 5(100KB) LOS objects, 49% free, 3664KB/7328KB, paused 32us total 171.089ms
11-04 21:44:20.649  1949 14673 I CompositorProgs: [0x70c421cef8] Built layerProgram 0:0x100000048002:0x0 in 5.7 ms
11-04 21:44:20.650  3623 14898 I chatty  : uid=10020(com.oculus.vrshell) FenceChecker expire 1 line
11-04 21:44:20.653  3160  3216 I StateMachine: StateMachine::Update ForceShow: forceShowForTime -> ForceShowOnForTime
11-04 21:44:20.655  1949 14673 I CompositorVR: WarpToScreen: Skipping frames for 17
11-04 21:44:20.659  1043  1069 E system_server: Dex checksum does not match for dex: /system/priv-app/ShellEnv/ShellEnv.apk.Expected: 73932191, actual: 3617447080
11-04 21:44:20.664  1949  3709 I VrRuntimeService: CreateAndroidSurfaceSwapChain: 2321817595
11-04 21:44:20.664  1949  3709 I VrRuntimeService: CreateAndroidSurfaceSwapChain: 131072 1 32856 65536 65536 1 1 1 0 3
11-04 21:44:20.664  1949  2927 I SwapChain_Surface: CreateAndroidSurfaceSwapChainGLES: 0x6fa5186000: SurfaceTexture 0x2a72 Surface 0x2a62
11-04 21:44:20.664  1949  3709 I VrRuntimeServer: CreateAndroidSurfaceSwapChain: result surface 0x6fa5186000
11-04 21:44:20.666  1949 14673 I CompositorVR: WarpToScreen: Skipping frames for 17
11-04 21:44:20.667  1949  3709 I VrRuntimeService: CreateAndroidSurfaceSwapChain: 2321817595
11-04 21:44:20.667  1949  3709 I VrRuntimeService: CreateAndroidSurfaceSwapChain: 131072 1 32856 65536 65536 1 1 1 0 3
11-04 21:44:20.667  1949  2927 I SwapChain_Surface: CreateAndroidSurfaceSwapChainGLES: 0x6fa518b000: SurfaceTexture 0x2a16 Surface 0x2a02
11-04 21:44:20.667  1949  3709 I VrRuntimeServer: CreateAndroidSurfaceSwapChain: result surface 0x6fa518b000
11-04 21:44:20.667  2162  2162 E OVRMediaServiceManager: LivestreamingManager Not initialized
11-04 21:44:20.667  3411 14749 I RuntimeIPCClientMgr: RuntimeIPCClientMgr::DisconnectFromServer: 0, Client: com.oculus.systemux:com.oculus.systemux:SystemUX:3411, Server: com.oculus.presence:com.oculus.presence (PubSubServer)
11-04 21:44:20.668  2441  3563 I RuntimeIPCServerMgr: HandleClientDisconnect: Client: com.oculus.systemux:com.oculus.systemux:SystemUX:3411, Server: com.oculus.presence:com.oculus.presence (PubSubServer)
11-04 21:44:20.668  3411 14749 I RuntimeIPCClient: RuntimeIPCClient: Shutdown: Client: com.oculus.systemux:com.oculus.systemux:SystemUX:3411, Server: com.oculus.presence:com.oculus.presence (PubSubServer)
11-04 21:44:20.668  3411 14749 I RuntimeIPCApi: ipc_Shutdown
11-04 21:44:20.668  3411 14749 I RuntimeIPCServiceClient: Shutdown: Refs still outstanding: 3, com.oculus.systemux:SystemUX
11-04 21:44:20.668  3411 14749 I RuntimeIPCClientMgr: RuntimeIPCClientMgr::DisconnectFromServer: 0, Client: com.oculus.systemux:com.oculus.systemux:SystemUX:3411, Server: com.oculus.presence:com.oculus.presence (PresenceServer)
11-04 21:44:20.669  2441  3563 I RuntimeIPCServerMgr: HandleClientDisconnect: Client: com.oculus.systemux:com.oculus.systemux:SystemUX:3411, Server: com.oculus.presence:com.oculus.presence (PresenceServer)
11-04 21:44:20.669  3411 14749 I RuntimeIPCClient: RuntimeIPCClient: Shutdown: Client: com.oculus.systemux:com.oculus.systemux:SystemUX:3411, Server: com.oculus.presence:com.oculus.presence (PresenceServer)
11-04 21:44:20.669  3411 14749 I RuntimeIPCApi: ipc_Shutdown
11-04 21:44:20.669  3411 14749 I RuntimeIPCServiceClient: Shutdown: Refs still outstanding: 2, com.oculus.systemux:SystemUX
11-04 21:44:20.669  3411  3411 D HyperspaceClient: destroy - end
11-04 21:44:20.669  3411  3411 D HyperspaceClient: release instance, refcount: 0
11-04 21:44:20.669  3411  3411 D [SUI] MessengerCallViewModel: released hyperspace client
11-04 21:44:20.669  3411  3411 D [SUI] MessengerCallViewModel: destroyed MessengerCallViewModel
11-04 21:44:20.669  3411  3411 D [SUI] MessengerCallBarViewModel: destroyed MessengerCallBarViewModel
11-04 21:44:20.669  3411  3411 D [SUI] DynamicAppsView: Destroying DynamicAppsView on AUI bar
11-04 21:44:20.670  3411  3411 D [SUI] MessengerCallViewModel: removeObserver
11-04 21:44:20.670  3411  3411 D [SUI] AnytimeUIPanelAppBase: Releasing viewModel DynamicAppsViewModel refCount: 0
11-04 21:44:20.670  3411  3411 E [SUI] AnytimeUIPanelAppBase: Social view model already destroyed
11-04 21:44:20.670  3411  3411 D [SUI] DynamicAppsViewModel: Destroying DynamicAppsViewModel
11-04 21:44:20.670  3411  3411 E [SUI] AnytimeUIPanelAppBase: Release ViewModel called on already destroyed ViewModelnull
11-04 21:44:20.670  3411  3411 D [SUI] AnytimeUIPanelAppBase: Releasing viewModel BarViewModel refCount: 0
11-04 21:44:20.670  3411  3411 D [SUI] BarViewModel: Destroying BarViewModel
11-04 21:44:20.670  3411  3411 D [SUI] AnytimeUIPanelAppBase: Releasing viewModel SettingsViewModel refCount: 0
11-04 21:44:20.670  3411  3411 D [SUI] SettingsViewModel: Destroying ViewModel
11-04 21:44:20.671  2310  2310 I chatty  : uid=10020(com.oculus.vrshell) ShellOverlayMai expire 3 lines
11-04 21:44:20.671  1043  1069 I ActivityTaskManager: Displayed com.oculus.shellenv/.ShellEnvActivity: +192ms
11-04 21:44:20.672  3411  3411 D [SUI] AnytimeUIPanelAppBase: Releasing viewModel StatusViewModel refCount: 2
11-04 21:44:20.677  3623  3846 I chatty  : uid=10020(com.oculus.vrshell) ShellMainVR expire 11 lines
11-04 21:44:20.677  3411  3411 E [SUI] AnytimeUIPanelAppBase: Social view model already destroyed
11-04 21:44:20.677  3411  3411 D [SUI] AnytimeUIPanelAppBase: Releasing viewModel StatusViewModel refCount: 1
11-04 21:44:20.677  3411  3411 I [SUI] AnytimeUIAndroidPanelApp: Destroyed AUI PanelApp, isInOverlay: true, instanceCount: 0
11-04 21:44:20.677  3411  3411 D [SUI] AirlinkUtils: Destroying AirlinkUtils...
11-04 21:44:20.677  1949 14673 I CompositorVR: WarpToScreen: Skipping frames for 17
11-04 21:44:20.679  2162  2162 I OVRMediaService: onStartCommand Received message type: overlay_input_focus_change, caller package: com.oculus.vrshell, app identify: AppIdentity{uid=10020, packageNames=[com.oculus.vrshell], sha1=MxZgtt071YLz39PLrkVGckZooCE, sha2=3C-DTjwZQjeLFPB2yCzRq1nqZWa_9HMLIEfpjvyfna8, version=null, domain=null}
11-04 21:44:20.679  3411  3411 D [SUI] AnytimeUIPanelAppBase: Releasing viewModel StatusViewModel refCount: 0
11-04 21:44:20.679  3411  3411 D [SUI] StatusViewModel: Destroying ViewModel
11-04 21:44:20.681  3411  3411 I PresenceAPK(ServicePresenceClient): ServicePresenceClient close
11-04 21:44:20.681  3411  3411 I PresenceAPK(GroupManager): removeListener with id AnchoredHomeGroup
11-04 21:44:20.681  3411  3411 I PresenceAPK(ServiceApiManager): onApiNotReady
11-04 21:44:20.681  3411  3411 D PresenceAPK(ServicePresenceClient): Calling onServiceDown
11-04 21:44:20.681  3411  3411 I PresenceAPK(GroupManager): disconnected
11-04 21:44:20.686  2310  2310 I chatty  : uid=10020(com.oculus.vrshell) ShellOverlayMai expire 1 line
11-04 21:44:20.688  1949 14673 I CompositorVR: WarpToScreen: Skipping frames for 17
11-04 21:44:20.689  2310 14844 I chatty  : uid=10020(com.oculus.vrshell) ShellOverlayMai expire 1 line
11-04 21:44:20.699  1765  6280 I RuntimeIPCServerMgr: GetServerStatesConfig -> {MaxBufferSize=32768, MaxEntries=64}
11-04 21:44:20.699  3623  3846 I chatty  : uid=10020(com.oculus.vrshell) ShellMainVR expire 7 lines
11-04 21:44:20.699  1043  7401 I DisplayManagerService: Display device removed: DisplayDeviceInfo{"com.oculus.android_panel_app.AndroidPanelLayer-#main": uniqueId="virtual:com.oculus.systemux,10026,com.oculus.android_panel_app.AndroidPanelLayer-#main,3", 800 x 110, modeId 229, defaultModeId 229, supportedModes [{id=229, width=800, height=110, fps=60.0}], colorMode 0, supportedColorModes [0], HdrCapabilities null, density 200, 200.0 x 200.0 dpi, appVsyncOff 0, presDeadline 16666666, touch NONE, rotation 0, type VIRTUAL, state ON, owner com.oculus.systemux (uid 10026), FLAG_PRIVATE, FLAG_NEVER_BLANK, FLAG_OWN_CONTENT_ONLY}
11-04 21:44:20.699  1949 14673 I CompositorVR: WarpToScreen: Skipping frames for 17
11-04 21:44:20.700  3575  3621 I Clay    : EnvironmentSystem: setCurrentEnvironment from '' to 'apk://com.environment.matrixloadingvoid/assets/scene.zip'. Computed visibility: Hidden (reason: LayerRendering)
11-04 21:44:20.700  3575  3621 I Clay    : OpenXR: set refresh-rate: 90.000000Hz
11-04 21:44:20.700  5562  5562 W VRLifecycleManager: onHeadsetMounted
11-04 21:44:20.700  1949  3844 I VrRuntimeService: RuntimeServiceSDKServer::RecenterLocalSpace
11-04 21:44:20.700  1949  3844 I VrRuntimeService: RuntimeServiceSDKServer::RecenterLocalSpaceInternal
11-04 21:44:20.700  1949  3844 I VrRuntimeServer: UpdateLocalSpace: Src: 2, Version: 47, VersionUser: 0, RawFloorHeightOld: -1.479450, RawFloorHeightNew: -1.479450
11-04 21:44:20.703  3160  3216 I GuardianSystem: UpdateSystem: Responding to local space version number change.
11-04 21:44:20.703  3160  3216 I GuardianSurfaceMgr: ForceShowSurfaceBounds: Soft fade out: currentTime 8571.59, ForceShowTime 8572.59, ForceShowFadeTime 8573.59
11-04 21:44:20.703  3160  3216 I GuardianSystem: ForceShowGuardian: false, 1.00
11-04 21:44:20.705  3575  3621 I Clay    : EnvironmentSystem: computed visibility changed from Hidden to Visible (reason: <none>)
11-04 21:44:20.705  3575  3621 I Clay    : EnvironmentSystem: Loading 'apk://com.environment.matrixloadingvoid/assets/scene.zip' as asset package
11-04 21:44:20.705  3575  3621 I Clay    : xrPollEvent: REFERENCE_SPACE_CHANGE_PENDING
11-04 21:44:20.707  3411  3411 D CppPanelService: onDestroy()
11-04 21:44:20.707  3411  3411 D [SUI] NotificationBroadcastReceiver: action: com.oculus.intent.action.NOTIF_CHANGE
11-04 21:44:20.707  3411  3411 E BackgroundThreadExecutor: Refusing to execute task because BackgroundThreadExecutor instance is destroyed: com.oculus.panelapp.anytimeui.tablet.notifications.core.-$$Lambda$NotificationManagerSourceHandler$HybXWBXsqdbvph6F5RgmzU3_G5A@d5bef48
11-04 21:44:20.707  3411  3411 D CppPanelService: PanelService()
11-04 21:44:20.707  3411  3411 D CppPanelService: onBind()
11-04 21:44:20.708  3411  3411 D [SUI] NotificationBroadcastReceiver: action: com.oculus.intent.action.NOTIF_CHANGE
11-04 21:44:20.708  3411  3411 E BackgroundThreadExecutor: Refusing to execute task because BackgroundThreadExecutor instance is destroyed: com.oculus.panelapp.anytimeui.tablet.notifications.core.-$$Lambda$NotificationManagerSourceHandler$HybXWBXsqdbvph6F5RgmzU3_G5A@8128b06
11-04 21:44:20.708  3623  3623 I chatty  : uid=10020(com.oculus.vrshell) ShellMain expire 3 lines
11-04 21:44:20.708  2162  2162 I OVRMediaService: Received OVERLAY_INPUT_FOCUS_CHANGE. is focused: true
11-04 21:44:20.710  2162  2162 I OVRMediaService: onStartCommand Received message type: set_package_name, caller package: no_app_identity, app identify: null
11-04 21:44:20.710  2162  2162 I OVRMediaService: Got package name intent (com.oculus.shellenv)
11-04 21:44:20.711  1949 14673 I CompositorVR: WarpToScreen: Skipping frames for 17
11-04 21:44:20.712  3411  4462 I CppPanelService: verifyVrShellUID(Debug Signatures=false, uid=10020) => apkSignatureResult=SigCertInfo(isTrusted=true, packageNames=[com.oculus.vrshell], fingerprint sha1=331660b6dd3bd582f3dfd3cbae4546724668a021, fingerprint sha256=dc2f834e3c1942378b14f076c82cd1ab59ea6566bff4730b2047e98efc9f9daf, signature=3082038d30820275a00302010202041303858a300d06092a864886f70d01010b05003077310b3009060355040613025553310b3009060355040813024341311330110603550407130a4d656e6c6f205061726b31173015060355040a130e4f63756c75732056522c204c4c4331173015060355040b130e4f63756c75732056522c204c4c43311430120603550403130b4f63756c75732041707073301e170d3134313033303231343032315a170d3432303331373231343032315a3077310b3009060355040613025553310b3009060355040813024341311330110603550407130a4d656e6c6f205061726b31173015060355040a130e4f63756c75732056522c204c4c4331173015060355040b130e4f63756c75732056522c204c4c43311430120603550403130b4f63756c7573204170707330820122300d06092a864886f70d01010105000382010f003082010a0282010100a34c7fbd96dea95d811f21a0d760cabca85f2df5dbe19b62aca7a3e3e0b6e48f7e173345f2753c458d639cc2e222eeee4cfb5e89ac1c5060044414056709a43a7f1a6f1e4f2c3d708c48912634be08ad6da1fff92d9c0d4b85e4bc8a8b1c27de84c04eb1e6577c10693500af46beaf7bd2ce72a06a46f4e565859f242cecbef1a431ae8096db712cebe73840bacc64de6b99077ba1ca8c20e5d0b4870bd161f087abbf568dfef58e604068ca6f7cdea183c8681c306bc30cb223e7c5ce3a2fcf00d13e158475b3700ef62dcca46c57baecca4d91052e20b861a1a085d5fc8e99aed8c4a9cfd550d01e54ef5062133befcf7f9ea6a5a1d1575a72cd82279f34030203010001a321301f301d0603551d0e04160414ec7ccdaf8ccdc6dd1b87d4b561582ad8ec397b80300d06092a864886f70d01010b0500038201010014c557ecddc17ba8b979618036e7093b8e7307f624644532c31239f4dc83fd9424267ca7670fa9f78689cbc5bfd8a6312fdc214bd159d614a8753ceec0f2b2d9166217895b13c992e1d10ca625a3153dacfa51dbdb7fde139bd59510f5add29f88be3826b445ce7386dcf06577be72fbdf118fa81179091fad275981409e02d40422d8e86df5827a2c496a4b905b4825c3f1ba0af4cf509bf9b0d4d608cf0b4320ac60d1a8cbcc384de24f11a4c93c0fc5b887cbd6855871af1b1ef729c51a8a123efc6a627b6494e81a264587443b9156ad17772863c2f9685fae9c72a552b333f8ef2822bce5d4d178e45b3a8dd4e321924f6a5ba43f732971a9e74cbf0433), time=2 ms
11-04 21:44:20.712  3411  3411 D CppPanelService: BEGIN: Initializing panel application via MSG_CREATE_PANEL_APP.
11-04 21:44:20.713  3411  3411 I AndroidPanelApp: Created
11-04 21:44:20.713  3411  3411 V LifecycleAwareViewModelStore: LifecycleAwareViewModelStore created
11-04 21:44:20.713  3411  3411 V LifecycleAwarePanelApp: PanelApp initial lifecycle started and moved from state INITIALIZED to state RESUMED
11-04 21:44:20.716  3411  3411 I [SUI] ConsumerConfiguration: Setting SystemUX Configuration and Policy Settings.
