11-04 17:49:53.905   851 13695 I [CT]    : TrackedMapContext: Stop tracking map with ID Submap id = 2, version = 1104784282 at index: 2 in contexts: 3
11-04 17:49:53.947 13469 13783 I VrApi   : FPS=72/72,Prd=60ms,Tear=0,Early=72,Stale=0,VSnc=1,Lat=1,Fov=0,CPU4/GPU=2/3,1171/490MHz,OC=FF,TA=0/70/70,SP=N/F/F,Mem=2092MHz,Free=3313MB,PLS=0,Temp=28.0C/0.0C,TW=1.69ms,App=2.48ms,GD=0.12ms,CPU&GPU=4.67ms,LCnt=2(DR0,LM2),GPU%=0.33,CPU%=0.17(W0.25),DSF=1.00,CFL=19.56/21.41
11-04 17:49:54.476   851 13695 I [CT]    : VIPER: Mode=SuperVega,Status=6DoF,TRACKING,Inl=30,Mem=87.4,Jit=0.2mm,Issues(Cam/min=0.0,IMU/min=0.0),Exp=(14.0ms,g=15.0,I=56,Ir=268.0)(14.0ms,g=15.0,I=94,Ir=448.5)(14.0ms,g=15.0,I=101,Ir=481.9)(12.3ms,g=14.0,I=73,Ir=426.8)
11-04 17:49:54.476   851 13695 W [CT]    : VIPER: Images too dark, 
11-04 17:49:54.519   851  1196 W [CT]    : VEGA_MAP_BUILDER: Resolved a potential TrackToMapPointAssosiation conflict between tracks 3997736 (index = 61, version = 40) and 7012412 (index = 107, version = 60)
11-04 17:49:54.896  1406  2649 E TREX    : Interface version 1 was not found. Check debug build for more information.
11-04 17:49:54.904   851 13627 I [CT]    : boltlib: DSP utilization: 9.65 % (485 / 5031 ms)
11-04 17:49:54.946 13469 13783 I VrApi   : FPS=72/72,Prd=60ms,Tear=0,Early=72,Stale=0,VSnc=1,Lat=1,Fov=0,CPU4/GPU=2/3,1171/490MHz,OC=FF,TA=0/70/70,SP=N/F/F,Mem=2092MHz,Free=3313MB,PLS=0,Temp=28.0C/0.0C,TW=1.68ms,App=2.60ms,GD=0.11ms,CPU&GPU=4.90ms,LCnt=2(DR0,LM2),GPU%=0.34,CPU%=0.20(W0.27),DSF=1.00,CFL=19.52/21.61
11-04 17:49:54.956   851 13695 W [CT]    : SVEGA: getMap is not supported.
11-04 17:49:55.237   851  1196 I [CT]    : Vega:MapBuilderBase: Created keyRig with frameID 1009 and uid 32de4b22
11-04 17:49:55.245   851  1196 I [CT]    : KEYPOINT_CACHE: New keyrig added has 247 corners and 42 tracks to immature points that will be used to extract descriptors and insert into the index.
11-04 17:49:55.247   851  1198 I [CT]    : VIPER:DEEP_DESCRIPTOR: Computing Deep Descriptors using IC orientation.
11-04 17:49:55.249   851  1196 I [CT]    : MapCullingTask: Culled 0 L1 nodes, 1 individual keyrigs, and 0 individual points
11-04 17:49:55.253   851  1196 I [CT]    : VegaBAOptimize: Num points adjusted: 437 fixed: 0 Num residuals in-in: 4905 in-out: 141 out-in: 0 fixed (out-out): 0 outside ROI: 0 total: 5046
11-04 17:49:55.255   851  1196 I [CT]    : VegaBAOptimize: Total: neighbor 3 L1s, adjust 2 L1s. KRs 58  Points 437  Cameras 232  OutsideFixedKR 16  AdjustKR 42  Imus 9
11-04 17:49:55.319   851  1196 I [CT]    : VegaBAOptimize: resRemoved = 18, pntRemoved = 0
11-04 17:49:55.331   851  1196 I [CT]    : VEGA_LOCALIZER: New descriptors added - Regular: 390, Immature: 1, Resampled by OrphanDescriptors: 0
11-04 17:49:55.480   851  1196 I [CT]    : Vega:SubmapPublisher: Tracking parent no change: frame movement above thresh -> Publish
11-04 17:49:55.480   851  1196 I [CT]    : Vega:SubmapPublisher: Start to publish submaps, found candidates:  3
11-04 17:49:55.480   851  1196 E [CT]    : SubmapRecords: findSubmapId found 2 submap records hold the same query krHandle
11-04 17:49:55.505   851 13695 I [CT]    : VegaTrackTracker: Starting map tracking on map. SubmapId Submap id = 2, version = 309468708 Active contexts: 2
11-04 17:49:55.554   851 13695 W [CT]    : VEGA:MAP_TRACKING_HM: [Throttled count=1] Bad map tracking: map tracking failed @ Submap id = 2, version = 309468708 with status: 2
11-04 17:49:55.554   851 13695 W [CT]    : VEGA:MAP_TRACKING_HM: Validation failed after 0.04 seconds of bad frames. Switching from Validating to NoTracking
11-04 17:49:55.585   851 13695 I [CT]    : TrackedMapContext: Stop tracking map with ID Submap id = 2, version = 309468708 at index: 2 in contexts: 3
11-04 17:49:55.731  1406  2649 I ServiceInputManager: system button SetHomeButtonDownState 6715.2
11-04 17:49:55.731  1406  2649 I ServiceInputManager: system button down, should reset recenter timer
11-04 17:49:55.731  1406  2649 I ServiceInputManager: HOME BUTTON shared state changed:  hardware ID 8255491334081631447  UpdateCount: 1 
11-04 17:49:55.732  1406  2649 I RecenterTimer: UpdateTimerData(6715.70 6716.20)
11-04 17:49:55.743   851 13695 W [CT]    : TIMESTAMPCHECKER: Nominal rate wrong. Estimated data rate: 25, Nominal is 30.000300003000028
11-04 17:49:55.940  1406  2649 I ServiceInputManager: system button SetHomeButtonUpState 6715.41
11-04 17:49:55.940  1406  2649 I ServiceInputManager: HOME BUTTON shared state changed:  hardware ID 8255491334081631447  UpdateCount: 2 
11-04 17:49:55.940  1406  2649 I RecenterTimer: UpdateTimerData(-1.00 -1.00)
11-04 17:49:55.946 13469 13783 I VrApi   : FPS=72/72,Prd=59ms,Tear=0,Early=72,Stale=0,VSnc=1,Lat=1,Fov=0,CPU4/GPU=2/3,1171/490MHz,OC=FF,TA=0/70/70,SP=N/F/F,Mem=2092MHz,Free=3313MB,PLS=0,Temp=28.0C/0.0C,TW=1.69ms,App=2.51ms,GD=0.12ms,CPU&GPU=4.83ms,LCnt=2(DR0,LM2),GPU%=0.33,CPU%=0.26(W0.33),DSF=1.00,CFL=19.56/21.48
11-04 17:49:56.191  1406  2649 I ServiceInputManager: short system button press 6715.657877
11-04 17:49:56.191  1406  2649 I ServiceInputManager: system event from short press 6715.657877
11-04 17:49:56.191  1406  2649 I ServiceInputManager: ServiceInputManager::FireSystemButtonEvent queueing launch intent from service
11-04 17:49:56.191  1406  2649 I ServiceInputManager: ServiceInputManager::FireSystemButtonEvent 'com.YourCompany.TemplateProject3' Transition Type: 1
11-04 17:49:56.191  1406  2649 I RecenterTimer: UpdateTimerData(-1.00 -1.00)
11-04 17:49:56.205  1406  2649 I ServiceInputManager: ServiceInputManager::ProcessSystemButtonEvent launching intent from service 'com.YourCompany.TemplateProject3' 1
11-04 17:49:56.205  1406  2649 I ServiceInputManager: ServiceInputManager::ProcessSystemButtonEvent transitioning with a memory of the app name
11-04 17:49:56.205  1406  2649 I SystemUtils_Internal: ovrSystemUtils::StartAnytimeUI: confirmQuit
11-04 17:49:56.205  1406  2649 D SystemUtils: sendBroadcastIntent - action: 'com.oculus.vrshell.intent.action.LAUNCH' data: 'systemux://dialog/exit'intent_pkg: com.YourCompany.TemplateProject3
11-04 17:49:56.206  1406  2649 D SystemUtils: VR Shell isn't running.
11-04 17:49:56.214  2354  2354 I chatty  : uid=10020(com.oculus.vrshell) ShellOverlayMai expire 33 lines
11-04 17:49:56.215  2354  2852 I chatty  : uid=10020(com.oculus.vrshell) ShellOverlayVR expire 315 lines
11-04 17:49:56.227  1044  1666 E WindowManager: App trying to use insecure INPUT_FEATURE_NO_INPUT_CHANNEL flag. Ignoring
11-04 17:49:56.229  1406  1406 I ClientMgr: FocusedWindowChanged: found matching overlay client: 972689551
11-04 17:49:56.229  1406  1406 I ClientMgr: FocusedClient changed.
11-04 17:49:56.229  1406  1406 I ClientMgr: ClientMgr::SetFocusedClient: 2354:com.oculus.vrshell type 1
11-04 17:49:56.229  1406  1406 I ClientMgr: SetFocusedPackageName - packageName com.oculus.vrshell processName com.oculus.vrshell:Overlay clientId 972689551 clientPid 2354
11-04 17:49:56.229  1406  1406 I VrRuntimeService: RuntimeIPC: SendFocusChangeEventToAllClients: PostClientEvent SUCCESS: com.YourCompany.TemplateProject3:com.YourCompany.TemplateProject3:13469, com.oculus.vrshell, com.oculus.vrshell:Overlay
11-04 17:49:56.229  1406  1406 I VrRuntimeService: RuntimeIPC: SendFocusChangeEventToAllClients: PostClientEvent SUCCESS: com.oculus.mrservice:com.oculus.mrservice:1824, com.oculus.vrshell, com.oculus.vrshell:Overlay
11-04 17:49:56.229  1406  1406 I VrRuntimeService: RuntimeIPC: SendFocusChangeEventToAllClients: PostClientEvent SUCCESS: com.oculus.vrshell:com.oculus.vrshell:3150, com.oculus.vrshell, com.oculus.vrshell:Overlay
11-04 17:49:56.229  1406  1406 I VrRuntimeService: RuntimeIPC: SendFocusChangeEventToAllClients: PostClientEvent SUCCESS: com.oculus.guardian:com.oculus.vrguardianservice:2954, com.oculus.vrshell, com.oculus.vrshell:Overlay
11-04 17:49:56.229  1406  1406 I VrRuntimeService: RuntimeIPC: SendFocusChangeEventToAllClients: PostClientEvent SUCCESS: com.oculus.shellenv:com.oculus.shellenv:2125, com.oculus.vrshell, com.oculus.vrshell:Overlay
11-04 17:49:56.229  1406  1406 I VrRuntimeService: RuntimeIPC: SendFocusChangeEventToAllClients: PostClientEvent SUCCESS: com.oculus.vrshell:com.oculus.vrshell:Overlay:2354, com.oculus.vrshell, com.oculus.vrshell:Overlay
11-04 17:49:56.230  3523  3523 I chatty  : uid=10026 com.oculus.systemux:SystemUX expire 65 lines
11-04 17:49:56.233  1406  2649 I PerformanceManager_V0: SetClockLevels: Apply pending clock request change: 2,3 -> 4,4
11-04 17:49:56.233  1406  2644 I Clocks  : ReleaseClocks - start
11-04 17:49:56.234  1406  2644 I Clocks  : ReleaseClocks - end (0.6 ms)
11-04 17:49:56.234  1406  2644 I Clocks  : LockClocks( cpu=4, gpu=4 ) - start
11-04 17:49:56.234  1406  2644 I Clocks  : CPU levels [0, 4]
11-04 17:49:56.234  1406  2644 I Clocks  : GPU levels [0, 5]
11-04 17:49:56.234  1406  2644 I Clocks  : LockClocks( cpu=4, gpu=4 ) - end (0.4 ms)
11-04 17:49:56.236 13469 13558 I VrRuntimeClient: Client has lost focus.
11-04 17:49:56.244   851  1186 W TrackingService: attachClient: found client in attached list
11-04 17:49:56.244   851  1186 D TrackingService: getSharedMemory: com.oculus.guardian#2954, Controller
11-04 17:49:56.247   851  1186 W TrackingService: attachClient: found client in attached list
11-04 17:49:56.247   851  1186 D TrackingService: getSharedMemory: com.oculus.systemdriver#1406, Controller
11-04 17:49:56.248   851  1186 W TrackingService: attachClient: found client in attached list
11-04 17:49:56.249   851  1186 D TrackingService: getSharedMemory: com.oculus.vrshell, Controller
11-04 17:49:56.250  2208  2208 W OVRLibrary: null cursor received for query content://com.oculus.ocms.library/apps/com.YourCompany.TemplateProject3
11-04 17:49:56.250  2354 13900 I chatty  : uid=10020(com.oculus.vrshell) ShellOverlayMai expire 5 lines
11-04 17:49:56.250  2208  2208 I OVRMediaServiceManager: Sending onAppStart (com.YourCompany.TemplateProject3) to SocialPlatform (com.oculus.socialplatform)
11-04 17:49:56.251  2208  2602 W OVRLibrary: null cursor received for query content://com.oculus.ocms.library/apps/com.oculus.vrshell
11-04 17:49:56.253   838 11808 E CalibrationProvider: loadCalibration(LDISP_SN) failed: Calibration store didn't load any info
11-04 17:49:56.253   838 11808 E CalibrationProvider: loadCalibration(RDISP_SN) failed: Calibration store didn't load any info
11-04 17:49:56.256   838 11808 E CalibrationProvider: loadCalibration(LDISP_SN) failed: Calibration store didn't load any info
11-04 17:49:56.256 13469 13500 D UE4     : [2022.11.04-17.49.56:256][786]LogAndroid: Case APP_CMD_LOST_FOCUS
11-04 17:49:56.256 13469 13500 D UE4     : LogAndroidEvents::EnqueueAppEvent : 10, [width=-1, height=-1], tid = 13500, APP_EVENT_STATE_WINDOW_LOST_FOCUS
11-04 17:49:56.258   838 11808 E CalibrationProvider: loadCalibration(RDISP_SN) failed: Calibration store didn't load any info
11-04 17:49:56.260  1406  2712 I VrRuntimeService: RuntimeServiceSDKServer::EnableRendering: 0x0, 0, com.oculus.vrshell:Overlay
11-04 17:49:56.261  1406  2712 I ClientMgr: EnableRendering2: invalid clientWindow, testing uid/pid
11-04 17:49:56.261  1406  2712 I ClientMgr: EnableRendering2: matched uid: 10020 and pid: 2354 
11-04 17:49:56.261  1406  2712 I ClientMgr: EnableRendering2: Calling SetFocusedClient: 972689551
11-04 17:49:56.261  1406  2712 I ClientMgr: ClientMgr::SetFocusedClient: 2354:com.oculus.vrshell type 1
11-04 17:49:56.261  1406  2712 I ClientMgr: SetFocusedPackageName - packageName com.oculus.vrshell processName com.oculus.vrshell:Overlay clientId 972689551 clientPid 2354
11-04 17:49:56.261  1406  2712 I ClientMgr: ClientMgr::EnableRendering 2354:com.oculus.vrshell : type 1 comp-id 4: enable
11-04 17:49:56.261  1406  2712 I CompositorClientMgr: Enable client 4
11-04 17:49:56.261  1406  2712 I VrRuntimeServer: EnableCompositorClient client(4): layer placement(2147483647) flags(0) sm(0x79735fd010)
11-04 17:49:56.261  1406  2712 I CompositorVR: CheckDebuggerConnected: debugger 0
11-04 17:49:56.261  1406  2712 I VrRuntimeServer: SysProp debug mode is disabled on Server side
11-04 17:49:56.264 13469 13499 D UE4     : [2022.11.04-17.49.56:264][786]LogAndroidEvents: Display: LogAndroidEvents::DequeueAppEvent : 10, [width=-1, height=-1], APP_EVENT_STATE_WINDOW_LOST_FOCUS
11-04 17:49:56.264 13469 13499 D UE4     : FAppEventManager::Tick processing, 10
11-04 17:49:56.266  1406  2712 I UnifiedTelemetryWrapper: Started UT session render:com.oculus.vrshell:Overlay
11-04 17:49:56.267  1824  3556 I [CT]    : MIXEDREALITY: MrFeatureStatus: Client status changed from Paused to Started.
11-04 17:49:56.267  1824  3556 I [CT]    : MIXEDREALITY: MrFeatureStatus: Target status Started, CurrentStatus: Paused
11-04 17:49:56.267  1824  3556 I [CT]    : MIXEDREALITY: MrFeatureStatus: Operation chain: Start
11-04 17:49:56.267  1824  3556 I [CT]    : MIXEDREALITY: MrFeatureStatus: Global status changed from Paused to Started.
11-04 17:49:56.267  1824  3556 I [CT]    : MIXEDREALITY: MrServiceController: Queuing command linked to operation Start for feature 0
11-04 17:49:56.267  1824  3311 I [CT]    : MIXEDREALITY: MrServiceView: renderIteration: (every 10 seconds), screen is: ON, PT is: OFF, ID is: OFF
11-04 17:49:56.267  1824  3311 I [CT]    : MIXEDREALITY: MrServiceController: Executing passthroughStart on model
11-04 17:49:56.267  1824  3311 I [CT]    : MIXEDREALITY: MrServiceModel: passthroughStart()
11-04 17:49:56.267  1824  3311 I [CT]    : MIXEDREALITY: MrServiceModel: passthroughStart: Started Passthrough
11-04 17:49:56.268  1824  3311 I [CT]    : MIXEDREALITY: MrServiceModel: commitLayerState: PassthroughMode: none.
11-04 17:49:56.273   721   886 I audio_hw_primary: getting vr mode to 0
11-04 17:49:56.274   749   965 I AudioPolicyManagerCustom: VR mode is 0, switch to primary output if request is for fast|raw
11-04 17:49:56.274  1406  2649 I ServiceInputManager: InhibitHandleHomeKey has changed on the service. New value: 1
11-04 17:49:56.275   749   965 W AudioFlinger: createTrack_l(): mismatch between requested flags (00000104) and output flags (00000006)
11-04 17:49:56.275   749   965 D AudioFlinger: Client defaulted notificationFrames to 192 for frameCount 384
11-04 17:49:56.275  1824  3311 I [CT]    : MIXEDREALITY: MrServiceView: renderIteration: Nothing to render, hibernating the rendering thread since ID is off and no active PT layers.
11-04 17:49:56.275  1824  3311 I [CT]    : MIXEDREALITY: MrServiceModel: Hibernating caller (most likely rendering thread) due to commandQueue being empty.
11-04 17:49:56.276   749   965 D AF::TrackHandle: OpPlayAudio: track:132 uid:10020 pkg:com.oculus.vrshell usage:1 not muted
11-04 17:49:56.279  1729  1729 D OculusNotificationListenerService: Notification posted: 0|android|0|com.android.server.wm.AlertWindowNotification - com.oculus.vrshell|1000
11-04 17:49:56.279  2354 13903 I chatty  : uid=10020(com.oculus.vrshell) ShellOverlayMai expire 3 lines
11-04 17:49:56.284  1508  1508 V AvrcpMediaPlayerList: onPlaybackConfigChanged(): Configs list size=7
11-04 17:49:56.289  3523 13578 I chatty  : uid=10026(com.oculus.systemux) pool-58-thread- expire 35 lines
11-04 17:49:56.301   721   721 D msm8974_platform: platform_split_snd_device: snd_device(2) num devices(1) new_snd_devices(0)
11-04 17:49:56.301   721   721 D ACDB-LOADER: ACDB -> send_audvoltable
11-04 17:49:56.301   721   721 D ACDB-LOADER: ACDB -> ACDB_CMD_GET_AUDPROC_INSTANCE_GAIN_DEP_STEP_TABLE_SIZE
11-04 17:49:56.301   721   721 D         : Failed to fetch the lookup information of the device 0000000F 
11-04 17:49:56.301   721   721 D ACDB-LOADER: Error: ACDB_CMD_GET_AUDPROC_INSTANCE_GAIN_DEP_STEP_TABLE_SIZE Returned = -19
11-04 17:49:56.301   721   721 D ACDB-LOADER: ACDB -> ACDB_CMD_GET_AUDPROC_INSTANCE_GAIN_DEP_STEP_TABLE, vol index 8
11-04 17:49:56.301   721   721 D         : Failed to fetch the lookup information of the device 0000000F 
11-04 17:49:56.301   721   721 D ACDB-LOADER: Error: ACDB AudProc vol returned = -19
11-04 17:49:56.301   721   721 D ACDB-LOADER: ACDB -> AUDIO_SET_VOL_CAL cal type = 40
11-04 17:49:56.304  2208  2208 E OVRMediaServiceManager: LivestreamingManager Not initialized
11-04 17:49:56.311  1729  1729 D OculusNotificationListenerService: Notification removed: 0|android|0|com.android.server.wm.AlertWindowNotification - com.oculus.vrshell|1000
11-04 17:49:56.318  1406  1406 I ClientMgr: FocusedWindowChanged: top window's client already enabled
11-04 17:49:56.318  1406  1406 I ClientMgr: FocusedClient changed.
11-04 17:49:56.318  1406  1406 I ClientMgr: ClientMgr::SetFocusedClient: 13469:com.YourCompany.TemplateProject3 type 0
11-04 17:49:56.318  1406  1406 I ClientMgr: SetFocusedPackageName - packageName com.YourCompany.TemplateProject3 processName com.YourCompany.TemplateProject3 clientId 3254703022 clientPid 13469
11-04 17:49:56.318 13469 13500 D UE4     : [2022.11.04-17.49.56:318][790]LogAndroid: Case APP_CMD_GAINED_FOCUS
11-04 17:49:56.318  1406  1406 I VrRuntimeService: RuntimeIPC: SendFocusChangeEventToAllClients: PostClientEvent SUCCESS: com.YourCompany.TemplateProject3:com.YourCompany.TemplateProject3:13469, com.YourCompany.TemplateProject3, com.YourCompany.TemplateProject3
11-04 17:49:56.318  1406  1406 I VrRuntimeService: RuntimeIPC: SendFocusChangeEventToAllClients: PostClientEvent SUCCESS: com.oculus.mrservice:com.oculus.mrservice:1824, com.YourCompany.TemplateProject3, com.YourCompany.TemplateProject3
11-04 17:49:56.318  1406  1406 I VrRuntimeService: RuntimeIPC: SendFocusChangeEventToAllClients: PostClientEvent SUCCESS: com.oculus.vrshell:com.oculus.vrshell:3150, com.YourCompany.TemplateProject3, com.YourCompany.TemplateProject3
11-04 17:49:56.318  1406  1406 I VrRuntimeService: RuntimeIPC: SendFocusChangeEventToAllClients: PostClientEvent SUCCESS: com.oculus.guardian:com.oculus.vrguardianservice:2954, com.YourCompany.TemplateProject3, com.YourCompany.TemplateProject3
11-04 17:49:56.318  1406  1406 I VrRuntimeService: RuntimeIPC: SendFocusChangeEventToAllClients: PostClientEvent SUCCESS: com.oculus.shellenv:com.oculus.shellenv:2125, com.YourCompany.TemplateProject3, com.YourCompany.TemplateProject3
11-04 17:49:56.318 13469 13500 D UE4     : LogAndroidEvents::EnqueueAppEvent : 11, [width=-1, height=-1], tid = 13500, APP_EVENT_STATE_WINDOW_GAINED_FOCUS
11-04 17:49:56.318  1406  1406 I VrRuntimeService: RuntimeIPC: SendFocusChangeEventToAllClients: PostClientEvent SUCCESS: com.oculus.vrshell:com.oculus.vrshell:Overlay:2354, com.YourCompany.TemplateProject3, com.YourCompany.TemplateProject3
11-04 17:49:56.320 13469 13558 I VrRuntimeClient: Client has gained focus.
11-04 17:49:56.320 13469 13499 D UE4     : [2022.11.04-17.49.56:320][790]LogAndroidEvents: Display: LogAndroidEvents::DequeueAppEvent : 11, [width=-1, height=-1], APP_EVENT_STATE_WINDOW_GAINED_FOCUS
11-04 17:49:56.320 13469 13499 D UE4     : FAppEventManager::Tick processing, 11
11-04 17:49:56.322  2208  2208 I OVRMediaService: onStartCommand Received message type: overlay_input_focus_change, caller package: com.oculus.vrshell, app identify: AppIdentity{uid=10020, packageNames=[com.oculus.vrshell], sha1=MxZgtt071YLz39PLrkVGckZooCE, sha2=3C-DTjwZQjeLFPB2yCzRq1nqZWa_9HMLIEfpjvyfna8, version=null, domain=null}
11-04 17:49:56.330  1406  2649 I ServiceInputManager: InhibitHandleHomeKey has changed on the service. New value: 0
11-04 17:49:56.330  2208  2208 I OVRMediaService: Received OVERLAY_INPUT_FOCUS_CHANGE. is focused: true
11-04 17:49:56.331  1044  5898 E WindowManager: App trying to use insecure INPUT_FEATURE_NO_INPUT_CHANNEL flag. Ignoring
11-04 17:49:56.334   851  1186 W TrackingService: attachClient: found client in attached list
11-04 17:49:56.337  1406  1406 I ClientMgr: FocusedWindowChanged: found matching overlay client: 972689551
11-04 17:49:56.337  1406  1406 I ClientMgr: FocusedClient changed.
11-04 17:49:56.337  1406  1406 I ClientMgr: ClientMgr::SetFocusedClient: 2354:com.oculus.vrshell type 1
11-04 17:49:56.337  1406  1406 I ClientMgr: SetFocusedPackageName - packageName com.oculus.vrshell processName com.oculus.vrshell:Overlay clientId 972689551 clientPid 2354
11-04 17:49:56.337  1406  1406 I VrRuntimeService: RuntimeIPC: SendFocusChangeEventToAllClients: PostClientEvent SUCCESS: com.YourCompany.TemplateProject3:com.YourCompany.TemplateProject3:13469, com.oculus.vrshell, com.oculus.vrshell:Overlay
11-04 17:49:56.337  1406  1406 I VrRuntimeService: RuntimeIPC: SendFocusChangeEventToAllClients: PostClientEvent SUCCESS: com.oculus.mrservice:com.oculus.mrservice:1824, com.oculus.vrshell, com.oculus.vrshell:Overlay
11-04 17:49:56.337  1406  1406 I VrRuntimeService: RuntimeIPC: SendFocusChangeEventToAllClients: PostClientEvent SUCCESS: com.oculus.vrshell:com.oculus.vrshell:3150, com.oculus.vrshell, com.oculus.vrshell:Overlay
11-04 17:49:56.337  1406  1406 I VrRuntimeService: RuntimeIPC: SendFocusChangeEventToAllClients: PostClientEvent SUCCESS: com.oculus.guardian:com.oculus.vrguardianservice:2954, com.oculus.vrshell, com.oculus.vrshell:Overlay
11-04 17:49:56.337  1406  1406 I VrRuntimeService: RuntimeIPC: SendFocusChangeEventToAllClients: PostClientEvent SUCCESS: com.oculus.shellenv:com.oculus.shellenv:2125, com.oculus.vrshell, com.oculus.vrshell:Overlay
11-04 17:49:56.337  1406  1406 I VrRuntimeService: RuntimeIPC: SendFocusChangeEventToAllClients: PostClientEvent SUCCESS: com.oculus.vrshell:com.oculus.vrshell:Overlay:2354, com.oculus.vrshell, com.oculus.vrshell:Overlay
11-04 17:49:56.337 13469 13780 E OsSdk   : error getting shared memory region, memory type: Controller, failed with Status(-1, EX_SECURITY): 'requested shared memory region when not registered/focused'
11-04 17:49:56.337 13469 13780 I InputDevice_TrackedRemote: REMOTE: Hand=1 IndexAnalog=0.00 GripAnalog=0.00 Buttons=0x00000000
11-04 17:49:56.338   851  1186 I chatty  : uid=1000(system) Binder:851_3 identical 1 line
11-04 17:49:56.338 13469 13780 E OsSdk   : error getting shared memory region, memory type: Controller, failed with Status(-1, EX_SECURITY): 'requested shared memory region when not registered/focused'
11-04 17:49:56.338 13469 13780 I InputDevice_TrackedRemote: REMOTE: Hand=2 IndexAnalog=0.00 GripAnalog=0.00 Buttons=0x00000000
11-04 17:49:56.338 13469 13558 I VrRuntimeClient: Client has lost focus.
11-04 17:49:56.338   851  1186 W TrackingService: attachClient: found client in attached list
11-04 17:49:56.339  2208  2208 W OVRLibrary: null cursor received for query content://com.oculus.ocms.library/apps/com.YourCompany.TemplateProject3
11-04 17:49:56.339  2208  2208 I OVRMediaServiceManager: Sending onAppStart (com.YourCompany.TemplateProject3) to SocialPlatform (com.oculus.socialplatform)
11-04 17:49:56.339 13469 13499 E OsSdk   : error getting shared memory region, memory type: Controller, failed with Status(-1, EX_SECURITY): 'requested shared memory region when not registered/focused'
11-04 17:49:56.339   851   851 W TrackingService: attachClient: found client in attached list
11-04 17:49:56.340 13469 13499 E OsSdk   : error getting shared memory region, memory type: Controller, failed with Status(-1, EX_SECURITY): 'requested shared memory region when not registered/focused'
11-04 17:49:56.341   851  1186 W TrackingService: attachClient: found client in attached list
11-04 17:49:56.341   851  1186 D TrackingService: getSharedMemory: com.oculus.guardian, Controller
11-04 17:49:56.342   851   851 W TrackingService: attachClient: found client in attached list
11-04 17:49:56.344  1406  2649 I ServiceInputManager: InhibitHandleHomeKey has changed on the service. New value: 1
11-04 17:49:56.344  3523 13720 I chatty  : uid=10026 com.oculus.systemux:SystemUX expire 3 lines
11-04 17:49:56.344   851  1186 W TrackingService: attachClient: found client in attached list
11-04 17:49:56.345   851  1186 D TrackingService: getSharedMemory: com.oculus.systemdriver, Controller
11-04 17:49:56.345 13469 13792 E OsSdk   : error getting shared memory region, memory type: Controller, failed with Status(-1, EX_SECURITY): 'requested shared memory region when not registered/focused'
11-04 17:49:56.346   851  1186 W TrackingService: attachClient: found client in attached list
11-04 17:49:56.348 13469 13792 E OsSdk   : error getting shared memory region, memory type: Controller, failed with Status(-1, EX_SECURITY): 'requested shared memory region when not registered/focused'
11-04 17:49:56.348  1406  1418 W rruntimeservic: Reducing the number of considered missed Gc histogram windows from 671 to 100
11-04 17:49:56.351   851  1186 W TrackingService: attachClient: found client in attached list
11-04 17:49:56.351   851   851 W TrackingService: attachClient: found client in attached list
11-04 17:49:56.352 13469 13499 E OsSdk   : error getting shared memory region, memory type: Controller, failed with Status(-1, EX_SECURITY): 'requested shared memory region when not registered/focused'
11-04 17:49:56.352   851  1490 W TrackingService: attachClient: found client in attached list
11-04 17:49:56.353 13469 13499 E OsSdk   : error getting shared memory region, memory type: Controller, failed with Status(-1, EX_SECURITY): 'requested shared memory region when not registered/focused'
11-04 17:49:56.356   851  1186 D TrackingService: getSharedMemory: com.oculus.vrshell, Controller
11-04 17:49:56.370  2354  2462 I chatty  : uid=10020(com.oculus.vrshell) ShellAppBackgro expire 2 lines
11-04 17:49:56.379  1406  2712 I VrRuntimeService: CreateAndroidSurfaceSwapChain: 972689551
11-04 17:49:56.379  1406  2712 I VrRuntimeService: CreateAndroidSurfaceSwapChain: 65536 1 32856 1 1 1 1 1 0 0
11-04 17:49:56.379  1406  2506 I SwapChain_Surface: CreateAndroidSurfaceSwapChainGLES: 0x7919487000: SurfaceTexture 0x2e6a Surface 0x2e5a
11-04 17:49:56.379  1406  2712 I VrRuntimeServer: CreateAndroidSurfaceSwapChain: result surface 0x7919487000
11-04 17:49:56.383 13469 13500 D UE4     : [2022.11.04-17.49.56:382][795]LogAndroid: Case APP_CMD_LOST_FOCUS
11-04 17:49:56.383 13469 13500 D UE4     : LogAndroidEvents::EnqueueAppEvent : 10, [width=-1, height=-1], tid = 13500, APP_EVENT_STATE_WINDOW_LOST_FOCUS
11-04 17:49:56.386  2208  2208 E OVRMediaServiceManager: LivestreamingManager Not initialized
11-04 17:49:56.390 13469 13499 D UE4     : [2022.11.04-17.49.56:390][795]LogAndroidEvents: Display: LogAndroidEvents::DequeueAppEvent : 10, [width=-1, height=-1], APP_EVENT_STATE_WINDOW_LOST_FOCUS
11-04 17:49:56.390 13469 13499 D UE4     : FAppEventManager::Tick processing, 10
11-04 17:49:56.392  2208  2317 W OVRLibrary: null cursor received for query content://com.oculus.ocms.library/apps/com.YourCompany.TemplateProject3
11-04 17:49:56.401  2208  2208 I OVRMediaService: onStartCommand Received message type: overlay_input_focus_change, caller package: com.oculus.vrshell, app identify: AppIdentity{uid=10020, packageNames=[com.oculus.vrshell], sha1=MxZgtt071YLz39PLrkVGckZooCE, sha2=3C-DTjwZQjeLFPB2yCzRq1nqZWa_9HMLIEfpjvyfna8, version=null, domain=null}
11-04 17:49:56.402  1729  1729 D OculusNotificationListenerService: Notification posted: 0|android|0|com.android.server.wm.AlertWindowNotification - com.oculus.vrshell|1000
11-04 17:49:56.413  2208  2208 I OVRMediaService: Received OVERLAY_INPUT_FOCUS_CHANGE. is focused: false
11-04 17:49:56.417  2208  2855 W OVRLibrary: null cursor received for query content://com.oculus.ocms.library/apps/com.oculus.vrshell
11-04 17:49:56.418  2208  2208 W OVRLibrary: null cursor received for query content://com.oculus.ocms.library/apps/com.YourCompany.TemplateProject3
11-04 17:49:56.418  2208  2208 I OVRMediaServiceManager: Sending onAppStart (com.YourCompany.TemplateProject3) to SocialPlatform (com.oculus.socialplatform)
11-04 17:49:56.443  3523  6553 I chatty  : uid=10026(com.oculus.systemux) Binder:3523_C expire 1 line
11-04 17:49:56.448  1044  1338 I DisplayManagerService: Display device added: DisplayDeviceInfo{"com.oculus.android_panel_app.AndroidPanelLayer-#main": uniqueId="virtual:com.oculus.systemux,10026,com.oculus.android_panel_app.AndroidPanelLayer-#main,5", 1000 x 625, modeId 207, defaultModeId 207, supportedModes [{id=207, width=1000, height=625, fps=60.0}], colorMode 0, supportedColorModes [0], HdrCapabilities null, density 200, 200.0 x 200.0 dpi, appVsyncOff 0, presDeadline 16666666, touch NONE, rotation 0, type VIRTUAL, state OFF, owner com.oculus.systemux (uid 10026), FLAG_PRIVATE, FLAG_NEVER_BLANK, FLAG_OWN_CONTENT_ONLY}
11-04 17:49:56.456  2354  2378 I chatty  : uid=10020(com.oculus.vrshell) HeapTaskDaemon expire 1 line
11-04 17:49:56.464  1044  1064 W InputReader: Device has associated, but no associated display id.
11-04 17:49:56.469  1044  1066 W InputReader: Device has associated, but no associated display id.
11-04 17:49:56.469  1044  1066 I ActivityTaskManager: Override config changes=20005df8 {0.0 ?mcc?mnc ?localeList ?layoutDir sw500dp w800dp h500dp 200dpi lrg land ?uimode ?night -touch qwerty/v/v -nav/h winConfig={ mBounds=Rect(0, 0 - 1000, 625) mAppBounds=Rect(0, 0 - 1000, 625) mWindowingMode=fullscreen mDisplayWindowingMode=fullscreen mActivityType=undefined mAlwaysOnTop=undefined mRotation=ROTATION_0}} for displayId=146
11-04 17:49:56.477  2208  2208 E OVRMediaServiceManager: LivestreamingManager Not initialized
11-04 17:49:56.487  2208  2208 I OVRMediaService: onStartCommand Received message type: overlay_input_focus_change, caller package: com.oculus.vrshell, app identify: AppIdentity{uid=10020, packageNames=[com.oculus.vrshell], sha1=MxZgtt071YLz39PLrkVGckZooCE, sha2=3C-DTjwZQjeLFPB2yCzRq1nqZWa_9HMLIEfpjvyfna8, version=null, domain=null}
11-04 17:49:56.495  1044  1338 W ActivityManager: Unable to start service Intent { act=com.oculus.presence.StablePresenceService cmp=com.oculus.presence/.services.presence.PresenceService } U=0: not found
11-04 17:49:56.495  2208  2208 I OVRMediaService: Received OVERLAY_INPUT_FOCUS_CHANGE. is focused: true
11-04 17:49:56.496  2208  2208 I OVRMediaService: onStartCommand Received message type: com.oculus.horizon.GET_CAPTURE_STATE_ACTION, caller package: no_app_identity, app identify: null
11-04 17:49:56.498  3523  4504 I chatty  : uid=10026(com.oculus.systemux) pool-12-thread- expire 6 lines
11-04 17:49:56.500  3523  4299 I chatty  : uid=10026(com.oculus.systemux) pool-12-thread- expire 3 lines
11-04 17:49:56.511  2208  2208 I FileCapture: broadcast capture state to AUI running = false, with mode -1
11-04 17:49:56.514  1044  1072 W ActivityManager: Stopping service due to app idle: u0a71 -1m10s39ms com.oculus.appsafety/.AppSafetyService
11-04 17:49:56.514  3218  3218 D AppSafetyService: Service stopping
11-04 17:49:56.523  3523  3523 I chatty  : uid=10026 com.oculus.systemux:SystemUX expire 2 lines
11-04 17:49:56.523  3523  6553 I chatty  : uid=10026(com.oculus.systemux) Binder:3523_C expire 1 line
11-04 17:49:56.524  3150  3150 I chatty  : uid=10020(com.oculus.vrshell) ShellMain expire 16 lines
11-04 17:49:56.526  3523  3548 I chatty  : uid=10026(com.oculus.systemux) FinalizerDaemon expire 8 lines
11-04 17:49:56.527  1508  1508 V AvrcpMediaPlayerList: onPlaybackConfigChanged(): Configs list size=6
11-04 17:49:56.531  3523  3523 I chatty  : uid=10026 com.oculus.systemux:SystemUX expire 14 lines
11-04 17:49:56.531  2208  2208 I OVRMediaServiceManager: Metacam is not enabled.
11-04 17:49:56.554  3523 13910 I chatty  : uid=10026 com.oculus.systemux:SystemUX expire 1 line
11-04 17:49:56.557  3523  3523 I chatty  : uid=10026 com.oculus.systemux:SystemUX expire 5 lines
11-04 17:49:56.566  3523  6553 I chatty  : uid=10026(com.oculus.systemux) Binder:3523_C expire 2 lines
11-04 17:49:56.581  3523 13910 I chatty  : uid=10026 com.oculus.systemux:SystemUX expire 1 line
11-04 17:49:56.593  3523  6553 I chatty  : uid=10026(com.oculus.systemux) Binder:3523_C expire 1 line
11-04 17:49:56.593  3523  6119 I chatty  : uid=10026(com.oculus.systemux) Binder:3523_A expire 2 lines
11-04 17:49:56.913  1635 13908 W ContextImpl: Calling a method in the system process without a qualified user: android.app.ContextImpl.sendBroadcast:1057 android.content.ContextWrapper.sendBroadcast:448 X.o0.A00:133 X.nZ.A00:17 X.nZ.handleMessage:91 
11-04 17:49:56.946 13469 13783 I VrApi   : FPS=72/72,Prd=60ms,Tear=0,Early=72,Stale=0,VSnc=1,Lat=1,Fov=0,CPU4/GPU=4/4,2419/525MHz,OC=FF,TA=0/70/70,SP=N/F/F,Mem=2092MHz,Free=3313MB,PLS=0,Temp=28.0C/0.0C,TW=1.58ms,App=2.38ms,GD=0.11ms,CPU&GPU=4.35ms,LCnt=2(DR0,LM2),GPU%=0.31,CPU%=0.40(W0.45),DSF=1.00,CFL=19.68/21.86
11-04 17:49:56.954  3523 13914 I chatty  : uid=10026(com.oculus.systemux) OkHttp Dispatch expire 2 lines
11-04 17:49:56.954  3523 13916 I chatty  : uid=10026(com.oculus.systemux) OkHttp Dispatch expire 2 lines
11-04 17:49:56.961   851 13702 I [CT]    : CONSTELLATION:VISION_STATUS: 86557c336c360320 (L): BlobDetection:[#BlobsDetected=(19.08, 15.27)]Matching:[MatchSuccess=1.000, MatchCost=(0.00393, 0.00001), #MatchedBlobs=(9.86, 6.91), #MatchedLeds=(5.75, 1.56), RematchM=0.000, SkipRefine=0.000] MatchMethod:[Prox=1.000, ConstBrute=0.000, UnconstBrute=0.000] MatchResets[AnomBlobSize=0.000, SharedMatch=0.000, DenseReacq=0.000] | Fusion:[FusionError=0.000, ImuFromCamMs=(8.064, 0.588), RematchF=0.028] FusionUpdates:[Successful=1.000, Reliable=0.996, TightFusion=0.980, FullPose=0.020, StaticPrior=0.000, StaticForHandTrans=0.136, PoseUpdateMD=(0.0250, 0.0006)] FusionResets[6DoFReset=0.000, ResetSuccess=0.000] FusionStatus[HasPosition=1.000, HasVelocity=1.000] 
11-04 17:49:56.987  3523  3523 I chatty  : uid=10026 com.oculus.systemux:SystemUX expire 46 lines
11-04 17:49:56.992   851 13670 I [CT]    : CONSTELLATION:IMU_STATUS: 86557c336c360320 (L): [FusionTracked=1.000, OutputTracked=1.000, OutputValid=1.000] [AccelSat=0.000, GyroSat=0.000] 
11-04 17:49:56.993  2354 13924 I chatty  : uid=10020(com.oculus.vrshell) ShellOverlayMai expire 1 line
11-04 17:49:57.001  1406 13707 I CompositorProgs: loaded binary layerProgram 0:0x100100048081:0x0 in 0.7 ms
11-04 17:49:57.004  1406 13707 I CompositorProgs: [0x7a0afdcef8] Built layerProgram 0:0x100000048002:0x0 in 2.4 ms
11-04 17:49:57.006  1406  2712 I VrRuntimeService: CreateSwapChain: 972689551
11-04 17:49:57.006  1406  2712 I VrRuntimeService: CreateSwapChain: api:gles 0 0x8c43 60 60 6 1 1 0 3
11-04 17:49:57.006  1406  2712 I VrRuntimeServer: CreateTextureSwapChain: result importswapchaingles 1
11-04 17:49:57.008  1406  2712 I VrRuntimeService: UpdateSwapChainSamplerState: 357
11-04 17:49:57.008  1406  2712 I VrRuntimeService: UpdateSwapChainSamplerState: minFilter=1 magFilter=1 wrapModeS=3 warpModeT=3 maxAniso=1.000000 border={0.000000,0.000000,0.000000,0.000000} swizzle={0,1,2,3}
11-04 17:49:57.010  3523 13720 I chatty  : uid=10026 com.oculus.systemux:SystemUX expire 5 lines
11-04 17:49:57.025  1406  2712 I VrRuntimeService: UpdateSwapChainSamplerState: 356
11-04 17:49:57.025  1406  2712 I VrRuntimeService: UpdateSwapChainSamplerState: minFilter=1 magFilter=1 wrapModeS=3 warpModeT=3 maxAniso=1.000000 border={0.000000,0.000000,0.000000,0.000000} swizzle={0,1,2,3}
11-04 17:49:57.025  1406  2712 I VrRuntimeService: UpdateAndroidSurfaceSwapChainDimensions: 356: 1000x625
11-04 17:49:57.035  2954  3498 I VrGuardianService: GuardianSDKServer::SetActiveHand
11-04 17:49:57.035  2954  3498 I VrGuardianService: GuardianSDKServer::SetSecondaryControllerActive 1
11-04 17:49:57.038  1044  1066 I DisplayManagerService: Display device changed state: "com.oculus.android_panel_app.AndroidPanelLayer-#main", ON
11-04 17:49:57.043  1406 13707 I CompositorProgs: loaded binary layerProgram 0:0x100000048001:0x0 in 0.8 ms
11-04 17:49:57.044  1044  5737 E WindowManager: App trying to use insecure INPUT_FEATURE_NO_INPUT_CHANNEL flag. Ignoring
11-04 17:49:57.103  1406  2712 I VrRuntimeService: DestroySwapChain: swapchain=357
11-04 17:49:57.112  1406 13707 I SwapChain_Surface: AttachSurfaceSwapChainGLES: 0x7919487000 with SurfaceTexture 0x2e6a attached on init
11-04 17:49:57.113  1406 13707 I CompositorProgs: loaded binary layerProgram 1:0x100000048001:0x0 in 0.7 ms
11-04 17:49:57.117  3523 13917 I chatty  : uid=10026(com.oculus.systemux) OkHttp Dispatch expire 2 lines
11-04 17:49:57.161  1635 13926 W ContextImpl: Calling a method in the system process without a qualified user: android.app.ContextImpl.sendBroadcast:1057 android.content.ContextWrapper.sendBroadcast:448 X.o0.A00:133 X.nZ.A00:17 X.nZ.handleMessage:91 
11-04 17:49:57.183  1635 13925 W ContextImpl: Calling a method in the system process without a qualified user: android.app.ContextImpl.sendBroadcast:1057 android.content.ContextWrapper.sendBroadcast:448 X.o0.A00:133 X.nZ.A00:17 X.nZ.handleMessage:91 
11-04 17:49:57.316  1635 13927 W ContextImpl: Calling a method in the system process without a qualified user: android.app.ContextImpl.sendBroadcast:1057 android.content.ContextWrapper.sendBroadcast:448 X.o0.A00:133 X.nZ.A00:17 X.nZ.handleMessage:91 
11-04 17:49:57.783   851 13695 W [CT]    : TIMESTAMPCHECKER: Nominal rate wrong. Estimated data rate: 25, Nominal is 30.000300003000028
11-04 17:49:57.945 13469 13783 I VrApi   : FPS=72/72,Prd=61ms,Tear=0,Early=72,Stale=0,VSnc=1,Lat=1,Fov=0,CPU4/GPU=4/4,2419/525MHz,OC=FF,TA=0/70/70,SP=N/F/F,Mem=2092MHz,Free=3313MB,PLS=0,Temp=28.0C/0.0C,TW=2.99ms,App=2.32ms,GD=0.11ms,CPU&GPU=3.75ms,LCnt=4(DR0,LM2),GPU%=0.46,CPU%=0.19(W0.27),DSF=1.00,CFL=19.69/22.49
11-04 17:49:58.009  2354 13903 I chatty  : uid=10020(com.oculus.vrshell) ShellOverlayMai expire 1 line
11-04 17:49:58.077   851 13695 I [CT]    : VIPER: Mode=SuperVega,Status=6DoF,TRACKING,Inl=30,Mem=87.4,Jit=0.1mm,Issues(Cam/min=0.0,IMU/min=0.0),Exp=(14.0ms,g=15.0,I=62,Ir=297.5)(14.0ms,g=15.0,I=101,Ir=485.4)(14.0ms,g=15.0,I=110,Ir=527.5)(11.2ms,g=14.0,I=75,Ir=478.4)
11-04 17:49:58.077   851 13695 W [CT]    : VIPER: Images too dark, 
11-04 17:49:58.112  2208  2566 W DeviceConfigUtil: Try to get config param "oculus_shared_social:oculus_messenger_reauth_removal" before Device Config has subscribed to the service.
11-04 17:49:58.162   851 13702 I [CT]    : CONSTELLATION:VISION_STATUS: 729165a0fe4054d7 (R): BlobDetection:[#BlobsDetected=(19.73, 11.31)]Matching:[MatchSuccess=1.000, MatchCost=(0.00285, 0.00001), #MatchedBlobs=(9.54, 5.37), #MatchedLeds=(5.42, 0.67), RematchM=0.000, SkipRefine=0.000] MatchMethod:[Prox=1.000, ConstBrute=0.000, UnconstBrute=0.000] MatchResets[AnomBlobSize=0.000, SharedMatch=0.000, DenseReacq=0.000] | Fusion:[FusionError=0.000, ImuFromCamMs=(8.277, 1.018), RematchF=0.044] FusionUpdates:[Successful=1.000, Reliable=0.984, TightFusion=0.992, FullPose=0.008, StaticPrior=0.000, StaticForHandTrans=0.000, PoseUpdateMD=(3.4418, 8.1367)] FusionResets[6DoFReset=0.000, ResetSuccess=0.000] FusionStatus[HasPosition=1.000, HasVelocity=1.000] 
11-04 17:49:58.188   851 13670 I [CT]    : CONSTELLATION:IMU_STATUS: 729165a0fe4054d7 (R): [FusionTracked=1.000, OutputTracked=1.000, OutputValid=1.000] [AccelSat=0.000, GyroSat=0.000] 
11-04 17:49:58.914 13469 13501 D UE4     : [GameActivity] Used memory: 390488 (VmRSS:	  204720 kB)
11-04 17:49:58.948 13469 13783 I Telemetry: App memory usage: PSS=382 MiB, PrivateDirty=232 MiB, PrivateClean=136 MiB, GPU=98.9/99.0 MiB (100% allocated)
11-04 17:49:58.949 13469 13783 I VrApi   : FPS=72/72,Prd=61ms,Tear=0,Early=72,Stale=0,VSnc=1,Lat=1,Fov=0,CPU4/GPU=4/4,2419/525MHz,OC=FF,TA=0/70/70,SP=N/F/F,Mem=2092MHz,Free=3322MB,PLS=0,Temp=28.0C/0.0C,TW=2.99ms,App=2.32ms,GD=0.11ms,CPU&GPU=4.03ms,LCnt=5(DR0,LM2),GPU%=0.46,CPU%=0.18(W0.19),DSF=1.00,CFL=19.56/21.47
11-04 17:49:59.320   851  1196 I [CT]    : Vega:SubmapPublisher: Tracking parent no change: frame movement above thresh -> Publish
11-04 17:49:59.320   851  1196 I [CT]    : Vega:SubmapPublisher: Start to publish submaps, found candidates:  3
11-04 17:49:59.320   851  1196 E [CT]    : SubmapRecords: findSubmapId found 2 submap records hold the same query krHandle
11-04 17:49:59.346   851 13695 I [CT]    : VegaTrackTracker: Starting map tracking on map. SubmapId Submap id = 2, version = 838996618 Active contexts: 2
11-04 17:49:59.360   851 13695 W [CT]    : VEGA:MAP_TRACKING_HM: Bad map tracking: map tracking failed @ Submap id = 2, version = 838996618 with status: 2
11-04 17:49:59.382  1406 13707 I CompositorProgs: loaded binary layerProgram 1:0x100000048003:0x0 in 0.8 ms
11-04 17:49:59.397   851 13695 W [CT]    : VEGA:MAP_TRACKING_HM: Validation failed after 0.04 seconds of bad frames. Switching from Validating to NoTracking
11-04 17:49:59.427   851 13695 I [CT]    : TrackedMapContext: Stop tracking map with ID Submap id = 2, version = 838996618 at index: 2 in contexts: 3
11-04 17:49:59.470   851 13670 I [CT]    : INPUT_TRACKING:Behavior:NearHeadMoving: [Right] state transition: TorsoInitialized -> InRange
11-04 17:49:59.734   851 13670 I [CT]    : INPUT_TRACKING:Behavior:NearHeadMoving: [Right] state transition: InRange -> Init
11-04 17:49:59.735   851 13670 I [CT]    : INPUT_TRACKING:Behavior:NearHeadMoving: [Right] state transition: Init -> TorsoInitialized
11-04 17:49:59.749  2954  3498 I VrGuardianService: GuardianSDKServer::SetGuardianHitDialog2 1
11-04 17:49:59.783   851 13695 W [CT]    : TIMESTAMPCHECKER: Nominal rate wrong. Estimated data rate: 25, Nominal is 30.000300003000028
11-04 17:49:59.904   851 13627 I [CT]    : boltlib: DSP utilization: 9.93 % (496 / 5000 ms)
11-04 17:49:59.948 13469 13783 I VrApi   : FPS=72/72,Prd=61ms,Tear=0,Early=72,Stale=0,VSnc=1,Lat=1,Fov=0,CPU4/GPU=4/4,2419/525MHz,OC=FF,TA=0/70/70,SP=N/F/F,Mem=2092MHz,Free=3322MB,PLS=0,Temp=28.0C/0.0C,TW=3.66ms,App=1.10ms,GD=0.11ms,CPU&GPU=4.35ms,LCnt=5(DR0,LM2),GPU%=0.49,CPU%=0.18(W0.26),DSF=1.00,CFL=19.72/21.64
11-04 17:49:59.970 13469 13491 V UE4     : [NetworkChangedManager] Network Capabilities changed, has Internet: true
11-04 17:49:59.970 10864 10864 D MetaCam (DeviceLifecycleManager): onCapabilitiesChanged(...). Has NET_CAPABILITY_VALIDATED.
11-04 17:49:59.971 13469 13937 V UE4     : [NetworkChangedManager] Verifying internet connection with host: https://example.com/
11-04 17:50:00.040  2954  3498 I VrGuardianService: GuardianSDKServer::SetGuardianHitDialog2 0
11-04 17:50:00.125 13469 13937 V UE4     : [NetworkChangedManager] Connectivity hasn't changed. Current state: CONNECTION_AVAILABLE
11-04 17:50:00.125 13469 13937 V UE4     : [NetworkChangedManager] Full network check complete. State: CONNECTION_AVAILABLE
11-04 17:50:00.136  2954  3498 I VrGuardianService: GuardianSDKServer::SetGuardianHitDialog2 1
11-04 17:50:00.946 13469 13783 I VrApi   : FPS=72/72,Prd=61ms,Tear=0,Early=72,Stale=0,VSnc=1,Lat=1,Fov=0,CPU4/GPU=4/4,2419/525MHz,OC=FF,TA=0/70/70,SP=N/F/F,Mem=2092MHz,Free=3322MB,PLS=0,Temp=28.0C/0.0C,TW=3.66ms,App=1.61ms,GD=0.12ms,CPU&GPU=6.21ms,LCnt=5(DR0,LM2),GPU%=0.52,CPU%=0.13(W0.15),DSF=1.00,CFL=19.59/21.44
11-04 17:50:00.972  1044  1666 I ActivityTaskManager: START u0 {act=android.intent.action.MAIN cat=[android.intent.category.LAUNCHER] flg=0x10010000 pkg=com.oculus.vrshell cmp=com.oculus.vrshell/.MainActivity (has extras)} from uid 10020
11-04 17:50:00.981 13469 13469 D UE4     : [GameActivity] onPause: stop memory reporter runnable
11-04 17:50:00.981 13469 13500 D UE4     : Case APP_CMD_PAUSE
11-04 17:50:00.981 13469 13469 D UE4     : [GameActivity] ==============> GameActive.onPause complete!
11-04 17:50:00.981 13469 13500 D UE4     : [2022.11.04-17.50.00:981][125]LogAndroid: Case APP_CMD_PAUSE
11-04 17:50:00.981 13469 13500 D UE4     : LogAndroidEvents::EnqueueAppEvent : 6, [width=-1, height=-1], tid = 13500, APP_EVENT_STATE_ON_PAUSE
11-04 17:50:00.981 13469 13500 D UE4     : [2022.11.04-17.50.00:981][125]LogAndroid: event thread, suspending app, acquiring HW window lock.
11-04 17:50:00.981 13469 13500 D UE4     : LogAndroidEvents::EnqueueAppEvent : 15, [width=-1, height=-1], tid = 13500, APP_EVENT_RUN_CALLBACK
11-04 17:50:00.981 13469 13500 D UE4     : [2022.11.04-17.50.00:981][125]LogAndroid: AndroidEGL::  SuspendApp_EventThread, waiting for event manager to process. tid: 13500
11-04 17:50:00.982  1044  1666 W InputReader: Device has associated, but no associated display id.
11-04 17:50:00.984  2954  3498 I VrGuardianService: GuardianSDKServer::GuardianCmd: 14
11-04 17:50:00.984  2954  3498 I GuardianSystem: GuardianSystem::GuardianCmd CMD_CLEAR_RETURN_PACKAGE
11-04 17:50:00.984 13469 13499 D UE4     : [2022.11.04-17.50.00:984][125]LogAndroidEvents: Display: LogAndroidEvents::DequeueAppEvent : 6, [width=-1, height=-1], APP_EVENT_STATE_ON_PAUSE
11-04 17:50:00.984 13469 13499 D UE4     : FAppEventManager::Tick processing, 6
11-04 17:50:00.984 13469 13499 D UE4     : [2022.11.04-17.50.00:984][125]LogAndroidEvents: Display: LogAndroidEvents::DequeueAppEvent : 15, [width=-1, height=-1], APP_EVENT_RUN_CALLBACK
11-04 17:50:00.984 13469 13499 D UE4     : FAppEventManager::Tick processing, 15
11-04 17:50:00.984 13469 13499 D UE4     : [2022.11.04-17.50.00:984][125]LogAndroidEvents: Display: Event thread callback running.
11-04 17:50:00.984 13469 13499 D UE4     : [2022.11.04-17.50.00:984][125]LogAndroid: performing app backgrounding callback. 0xa7709ef0
11-04 17:50:00.987 13469 13469 D SystemActivitiesReceiver: SystemActivityReceiver.onReceive intent:Intent { act=com.oculus.system_activity flg=0x10 pkg=com.YourCompany.TemplateProject3 (has extras) }
11-04 17:50:00.987 13469 13469 D SystemActivitiesReceiver: fromPackageName: 'com.oculus.vrshell'
11-04 17:50:00.987 13469 13469 D SystemActivitiesReceiver: command: '{"Command":"exitToHome","PlatformUIVersion":4,"ToPackage":"com.YourCompany.TemplateProject3"}'
11-04 17:50:00.987 13469 13469 D SystemActivitiesReceiver: uri: ''
11-04 17:50:00.988 13469 13469 D TrustedSignatureVerifier: Checking app signature for com.oculus.vrshell
11-04 17:50:00.988 13469 13469 D TrustedSignatureVerifier: Package com.oculus.vrshell trusted due to RELEASE signature.
11-04 17:50:00.988 13469 13469 D SystemActivitiesReceiver: App is trusted
11-04 17:50:00.988 13469 13469 I SystemActivitiesEvents: nativeSystemActivityIntent in 'com.YourCompany.TemplateProject3': 'com.oculus.vrshell' '{"Command":"exitToHome","PlatformUIVersion":4,"ToPackage":"com.YourCompany.TemplateProject3"}' ''
11-04 17:50:00.988 13469 13469 I SystemActivitiesEvents: SYSTEM_ACTIVITY_EVENT_EXIT_TO_HOME: finish() - exit to Home
11-04 17:50:00.988 13469 13469 W emplateProject: Attempt to remove non-JNI local reference, dumping thread
11-04 17:50:00.988 13469 13469 I chatty  : uid=10131(com.YourCompany.TemplateProject3) identical 1 line
11-04 17:50:00.988 13469 13469 W emplateProject: Attempt to remove non-JNI local reference, dumping thread
11-04 17:50:00.989 13469 13469 D ContextHelper: shouldSkipFinish: activity=com.epicgames.ue4.GameActivity@5f86f11
11-04 17:50:00.989 13469 13469 W emplateProject: Accessing hidden method Landroid/app/Activity;->isResumed()Z (greylist, reflection, allowed)
11-04 17:50:00.989 13469 13469 D ContextHelper: activity=com.epicgames.ue4.GameActivity@5f86f11, resumed=false
11-04 17:50:00.989 13469 13469 D ContextHelper: Calling finish() on com.epicgames.ue4.GameActivity@5f86f11
11-04 17:50:00.993   749   965 D AF::RecordHandle: OpRecordAudio: track:130 uid:10032 pkg:com.oculus.horizon usage:0 not muted
11-04 17:50:00.994   749  6331 D AF::RecordHandle: OpRecordAudio: track:56 uid:10014 pkg:com.oculus.shellenv usage:0 muted
11-04 17:50:01.000   749  4531 D AF::RecordHandle: OpRecordAudio: track:56 uid:10014 pkg:com.oculus.shellenv usage:0 muted
11-04 17:50:01.000   749   965 D AF::TrackHandle: OpPlayAudio: track:128 uid:10131 pkg:com.YourCompany.TemplateProject3 usage:1 muted
11-04 17:50:01.000  1406  1406 D VrRuntimeService: onForegroundActivitiesChanged: pid=3150, uid=10020, hasForegroundActivities=true
11-04 17:50:01.000   749  1919 D AF::TrackHandle: OpPlayAudio: track:57 uid:10014 pkg:com.oculus.shellenv usage:1 muted
11-04 17:50:01.001   749  6331 D AF::TrackHandle: OpPlayAudio: track:132 uid:10020 pkg:com.oculus.vrshell usage:1 not muted
11-04 17:50:01.004   749  4622 D AF::RecordHandle: OpRecordAudio: track:130 uid:10032 pkg:com.oculus.horizon usage:0 not muted
11-04 17:50:01.007  1044  4563 I ActivityTaskManager: START u0 {act=android.intent.action.MAIN cat=[android.intent.category.LAUNCHER] flg=0x14000000 pkg=com.oculus.shellenv cmp=com.oculus.shellenv/.ShellEnvActivity (has extras)} from uid 10020
11-04 17:50:01.014   749  6331 D AF::RecordHandle: OpRecordAudio: track:56 uid:10014 pkg:com.oculus.shellenv usage:0 muted
11-04 17:50:01.014   749  4622 D AF::RecordHandle: OpRecordAudio: track:130 uid:10032 pkg:com.oculus.horizon usage:0 not muted
11-04 17:50:01.016   749  6331 D AF::TrackHandle: OpPlayAudio: track:128 uid:10131 pkg:com.YourCompany.TemplateProject3 usage:1 muted
11-04 17:50:01.018   749  4622 D AF::TrackHandle: OpPlayAudio: track:132 uid:10020 pkg:com.oculus.vrshell usage:1 not muted
11-04 17:50:01.018   749   965 D AF::RecordHandle: OpRecordAudio: track:130 uid:10032 pkg:com.oculus.horizon usage:0 not muted
11-04 17:50:01.019   749  1919 D AF::TrackHandle: OpPlayAudio: track:57 uid:10014 pkg:com.oculus.shellenv usage:1 not muted
11-04 17:50:01.019   749  4531 D AF::RecordHandle: OpRecordAudio: track:56 uid:10014 pkg:com.oculus.shellenv usage:0 not muted
11-04 17:50:01.019   721   721 D msm8974_platform: platform_split_snd_device: snd_device(2) num devices(1) new_snd_devices(0)
11-04 17:50:01.019   721   721 D ACDB-LOADER: ACDB -> send_audvoltable
11-04 17:50:01.019   721   721 D ACDB-LOADER: ACDB -> ACDB_CMD_GET_AUDPROC_INSTANCE_GAIN_DEP_STEP_TABLE_SIZE
11-04 17:50:01.020   721   721 D         : Failed to fetch the lookup information of the device 0000000F 
11-04 17:50:01.020   721   721 D ACDB-LOADER: Error: ACDB_CMD_GET_AUDPROC_INSTANCE_GAIN_DEP_STEP_TABLE_SIZE Returned = -19
11-04 17:50:01.020   721   721 D ACDB-LOADER: ACDB -> ACDB_CMD_GET_AUDPROC_INSTANCE_GAIN_DEP_STEP_TABLE, vol index 7
11-04 17:50:01.020   721   721 D         : Failed to fetch the lookup information of the device 0000000F 
11-04 17:50:01.020   721   721 D ACDB-LOADER: Error: ACDB AudProc vol returned = -19
11-04 17:50:01.020   721   721 D ACDB-LOADER: ACDB -> AUDIO_SET_VOL_CAL cal type = 40
