12-23 19:11:16.111  1408  3075 I VrRuntimeService: RuntimeServiceSDKServer::RecenterLocalSpaceInternal
12-23 19:11:16.111  1408  3075 I VrRuntimeServer: UpdateLocalSpace: Src: 2, Version: 25, VersionUser: 0, RawFloorHeightOld: -1.457830, RawFloorHeightNew: -1.457830
12-23 19:11:16.111  3008  3143 I StateMachine: StateMachine::Update ForceShow: forceShowForTime -> ForceShowOnForTime
12-23 19:11:16.112  6246  6344 E OsSdk   : error getting shared memory region, memory type: HeadTracker, failed with Status(-1, EX_SECURITY): 'requested shared memory region when not registered/focused'
12-23 19:11:16.115  3008  3143 I GuardianSystem: UpdateSystem: Responding to local space version number change.
12-23 19:11:16.115  3008  3143 I GuardianSurfaceMgr: ForceShowSurfaceBounds: Soft fade out: currentTime 1664.70, ForceShowTime 1665.70, ForceShowFadeTime 1666.70
12-23 19:11:16.115  3008  3143 I GuardianSystem: ForceShowGuardian: false, 1.00
12-23 19:11:16.116  2111  2193 I Clay    : EnvironmentSystem: computed visibility changed from Hidden to Visible (reason: <none>)
12-23 19:11:16.116  2111  2193 I Clay    : EnvironmentSystem: Loading 'apk://com.environment.matrixloadingvoid/assets/scene.zip' as asset package
12-23 19:11:16.117  2111  2193 I Clay    : xrPollEvent: REFERENCE_SPACE_CHANGE_PENDING
12-23 19:11:16.117  2735  3089 I [SEO] VrPlatformOpenXr: xrPollEvent: received XR_TYPE_EVENT_DATA_REFERENCE_SPACE_CHANGE_PENDING event
12-23 19:11:16.119  1408  9020 I CompositorVR: WarpToScreen: Skipping frames for 13
12-23 19:11:16.127  2735  3089 I [SEO] LocalSpace: New Space: quat(-0.162108, 0.008208, 0.049899, 0.985476), translation(0.000000, 1.412214, 0.000000) - Prior Space: quat(-0.162108, 0.008208, 0.049899, 0.985476), translation(0.000000, 1.412214, 0.000000)
12-23 19:11:16.127  2735  3089 I [SEO] LocalSpace: Local space version from 16 to 17, local space user version from 0 to 0.
12-23 19:11:16.128  2735  3089 I [SEO] SystemUXController: OnReorient(reason: 3)
12-23 19:11:16.130  2735  3089 I [SEO] TelemetryProvider: aui_reorient system 0 0 0 com.oculus.shellenv
12-23 19:11:16.130  1408  9020 I CompositorVR: WarpToScreen: Skipping frames for 13
12-23 19:11:16.138  3566  3566 W OVRLibrary: null cursor received for query content://com.oculus.ocms.library/apps/com.YourCompany.TemplateProject3
12-23 19:11:16.138  1049  1079 I ActivityTaskManager: Displayed com.oculus.shellenv/.ShellEnvActivity: +197ms
12-23 19:11:16.141  1408  9020 I CompositorVR: WarpToScreen: Skipping frames for 13
12-23 19:11:16.145  8828  8936 I VrApi   : FPS=72/72,Prd=47ms,Tear=0,Early=72,Stale=0,VSnc=1,Lat=1,Fov=0,CPU4/GPU=4/4,2419/490MHz,OC=FF,TA=0/F/F,SP=N/N/N,Mem=2092MHz,Free=2373MB,PLS=0,Temp=25.2C/0.0C,TW=3.61ms,App=1.99ms,GD=0.00ms,CPU&GPU=5.27ms,LCnt=1(DR72,LM0),GPU%=0.49,CPU%=0.19(W0.23),DSF=1.00,CFL=19.73/21.76
12-23 19:11:16.152  1408  9020 I CompositorVR: WarpToScreen: Skipping frames for 13
12-23 19:11:16.154  6246  6344 E OsSdk   : error getting shared memory region, memory type: HeadTracker, failed with Status(-1, EX_SECURITY): 'requested shared memory region when not registered/focused'
12-23 19:11:16.157  1408  3142 I VrRuntimeService: RuntimeServiceSDKServer::SetGuardianSystemState: 1016942783
12-23 19:11:16.157  3008  3143 I GuardianSystem: UpdateGuardianSystemState: Flags changed: 524288, 532480, SYSTEM_GUARDIAN_VALID to SYSTEM_GUARDIAN_VISIBLE,SYSTEM_GUARDIAN_VALID
12-23 19:11:16.157  2779  2813 I .socialplatfor: Background concurrent copying GC freed 7775(1050KB) AllocSpace objects, 8(160KB) LOS objects, 49% free, 2940KB/5881KB, paused 329us total 266.926ms
12-23 19:11:16.161  1613  1631 I nifiedtelemetr: Background young concurrent copying GC freed 31311(2246KB) AllocSpace objects, 2(104KB) LOS objects, 0% free, 6027KB/6027KB, paused 14.042ms total 380.827ms
12-23 19:11:16.161  3566  3566 W OVRLibrary: null cursor received for query content://com.oculus.ocms.library/apps/com.oculus.xrstreamingclient
12-23 19:11:16.164  1408  9020 I CompositorVR: WarpToScreen: Skipping frames for 13
12-23 19:11:16.165  3008  3143 W GuardianOpenXrMgr: @@@ wait frame retry=10 dtWait=0.000001 dtFrame=28.209187 submittedFrameIndex=16930
12-23 19:11:16.166  1613  9209 W ContextImpl: Calling a method in the system process without a qualified user: android.app.ContextImpl.sendBroadcast:1057 android.content.ContextWrapper.sendBroadcast:448 X.nz.A00:133 X.nY.A00:17 X.nY.handleMessage:91 
12-23 19:11:16.175  1408  9020 I CompositorVR: WarpToScreen: Skipping frames for 13
12-23 19:11:16.176  8828  8860 D UE4     : [GameActivity] Used memory: 478781 (VmRSS:	  219636 kB)
12-23 19:11:16.179  1408  9020 I CompositorVR: SetSchedFifo( tid=3143, pol=5, pri=1 ) succeeded
12-23 19:11:16.179  1408  9020 I CompositorVR: SetSchedFifo( tid=3361, pol=5, pri=1 ) succeeded
12-23 19:11:16.180  1408  9020 I CompositorVR: SetSchedFifo( tid=3384, pol=5, pri=1 ) succeeded
12-23 19:11:16.186  1408  9020 I CompositorVR: WarpToScreen: Skipping frames for 13
12-23 19:11:16.188  1408  9020 I CompositorProgs: [0x75392d1ef8] Built layerProgram 0:0x100000048002:0x0 in 2.5 ms
12-23 19:11:16.193  3566  3566 W OVRLibrary: null cursor received for query content://com.oculus.ocms.library/apps/quick_settings_app
12-23 19:11:16.194   869  1173 I chatty  : uid=1000(system) Binder:869_3 identical 3 lines
12-23 19:11:16.195  6246  6344 E OsSdk   : error getting shared memory region, memory type: HeadTracker, failed with Status(-1, EX_SECURITY): 'requested shared memory region when not registered/focused'
12-23 19:11:16.197  1408  9020 I CompositorVR: WarpToScreen: Skipping frames for 13
12-23 19:11:16.199  2346  9190 I [OAO] AudioMixer: Forcing fade of mono effect
12-23 19:11:16.206  1408  2331 I PerformanceManager_V0: SetClockLevels: Apply pending clock request change: 4,3 -> 4,4
12-23 19:11:16.206  1408  2327 I Clocks  : ReleaseClocks - start
12-23 19:11:16.207  1408  2327 I Clocks  : ReleaseClocks - end (0.5 ms)
12-23 19:11:16.207  1408  2327 I Clocks  : LockClocks( cpu=4, gpu=4 ) - start
12-23 19:11:16.208  1408  2327 I Clocks  : CPU levels [0, 4]
12-23 19:11:16.208  1408  2327 I Clocks  : GPU levels [0, 5]
12-23 19:11:16.208  1408  2327 I Clocks  : LockClocks( cpu=4, gpu=4 ) - end (0.7 ms)
12-23 19:11:16.208  1408  9020 I CompositorVR: WarpToScreen: Skipping frames for 13
12-23 19:11:16.219  2346  9190 I [OAO] AudioMixer: Notifying VrThread to shutdown.
12-23 19:11:16.219  1408  9020 I CompositorVR: WarpToScreen: Skipping frames for 13
12-23 19:11:16.219  2346  2897 I [OAO] AudioMixer: Successful shutdown.
12-23 19:11:16.219  2346  2897 I [OAO] AudioEngine: virtual void AudioLibrary::AudioEngine::DisablePlayer()
12-23 19:11:16.219  2346  2897 I [OAO] AudioEngine: Setting ShuttingDown.
12-23 19:11:16.230  1408  9020 I CompositorVR: WarpToScreen: Skipping frames for 13
12-23 19:11:16.239  2346  9190 I [OAO] AudioMixer: Notifying VrThread to shutdown.
12-23 19:11:16.239  2346  9190 I [OAO] AudioEngine: Fading final buffer
12-23 19:11:16.239   869  1173 W TrackingService: attachClient: found client in attached list
12-23 19:11:16.239  3566  3566 W OVRLibrary: null cursor received for query content://com.oculus.ocms.library/apps/notifications_system_app
12-23 19:11:16.240  6246  6344 E OsSdk   : error getting shared memory region, memory type: HeadTracker, failed with Status(-1, EX_SECURITY): 'requested shared memory region when not registered/focused'
12-23 19:11:16.241  1408  9020 I CompositorVR: WarpToScreen: Skipping frames for 13
12-23 19:11:16.243  2111  2193 I Clay    : EnvironmentSystem::update: setting scene background audio for scene zip 'apk://com.environment.matrixloadingvoid/assets/scene.zip'
12-23 19:11:16.243  2111  2193 I Clay    : EnvironmentAudioSystem::setSceneBackgroundLoop: set scene audio: apk://com.environment.matrixloadingvoid/assets/scene.zip
12-23 19:11:16.244  2111  2193 I Clay    : EnvironmentSystem: Scene loaded
12-23 19:11:16.244  2111  2193 I Clay    : SharedHomeSystem::_onEnvironmentActivated
12-23 19:11:16.253  1408  9020 I CompositorVR: WarpToScreen: Skipping frames for 13
12-23 19:11:16.254  2735  3089 I [SEO] ShellEnvHomeController: copresence: received setCollisionShapes
12-23 19:11:16.259  2346  9190 I [OAO] AudioEngine: Notifying VrThread to shutdown.
12-23 19:11:16.259  2346  9190 D         : PlayerBase::stop() from IPlayer
12-23 19:11:16.259  2346  9190 D AudioTrack: stop(56): called with 81600 frames delivered
12-23 19:11:16.259  2346  2897 I [OAO] AudioEngine: Stopping player
12-23 19:11:16.260  2346  2897 D         : PlayerBase::stop() from IPlayer
12-23 19:11:16.261  1461  1461 V AvrcpMediaPlayerList: onPlaybackConfigChanged(): Configs list size=9
12-23 19:11:16.262  2346  2897 D [OAO] ShellApplication: setOverlayInputFocus: inputFocus=false shouldSupportIME=false
12-23 19:11:16.262  2346  2897 D [OAO] BaseOverlayService: setOverlayInputFocus : entrypoint - inputFocus=false shouldSupportIME=false
12-23 19:11:16.262  2346  2897 I [OAO] SystemAssistant: OnModeChanged from FullShell to ImmersiveAppFocused
12-23 19:11:16.262  2346  2346 D [OAO] BaseOverlayService: detachServiceWindowView
12-23 19:11:16.262  2346  2346 D [OAO] BaseOverlayService: setOverlayInputFocus : completed - inputFocus=false shouldSupportIME=false actionTaken:false
12-23 19:11:16.263  2346  2897 I [OAO] ShellOverlayApp: Start sleep timeout. Now:1664.850319, Timeout:1666.850319
12-23 19:11:16.263  1461  1461 V AvrcpMediaPlayerList: onPlaybackConfigChanged(): Configs list size=8
12-23 19:11:16.264  1408  9020 I CompositorVR: WarpToScreen: Skipping frames for 13
12-23 19:11:16.265  2735  3089 I [SEO] ShellEnvHomeController: copresence: processing currentCollisionShapes
12-23 19:11:16.265  2735  3089 I [SEO] ShellEnvHomeController: Theaterscreen transform node set for the env size x: 4.660000, y: 2.621250
12-23 19:11:16.273  3566  3566 W OVRLibrary: null cursor received for query content://com.oculus.ocms.library/apps/com.android.settings
12-23 19:11:16.273  3566  3566 W SendContextImpl: write returned -1 != 4: Broken pipe
12-23 19:11:16.273  3566  3566 W PanelService: Unable to flush command channel. Quitting application via hardExit flag.
12-23 19:11:16.273  3566  3566 I PanelService: Quitting application via hardExit flag. Shutting down fd 35.
12-23 19:11:16.273  3566  3566 V LifecycleAwareViewModelStore: LifecycleAwareViewModelStore destroyed
12-23 19:11:16.274  3566  3566 V LifecycleAwarePanelApp: PanelApp lifecycle moved to final state: DESTROYED
12-23 19:11:16.274  3566  3566 I AndroidPanelApp: Destroyed
12-23 19:11:16.275  1408  9020 I CompositorVR: WarpToScreen: Skipping frames for 13
12-23 19:11:16.275  3566  3566 D [SUI] AnytimeUIPanelAppBase: Releasing viewModel DynamicAppsViewModel refCount: 1
12-23 19:11:16.275  3566  3566 D [SUI] AnytimeUIPanelAppBase: Releasing viewModel SharingViewModel refCount: 0
12-23 19:11:16.275  3566  3566 D [SUI] SharingViewModel: Destroying ViewModel
12-23 19:11:16.276  3566  3566 D [SUI] SharingViewModel: clearAbuseReportRecordingTimer
12-23 19:11:16.276  3566  3566 D [SUI] BarView: Destroying BarView
12-23 19:11:16.276  3566  3566 D [SUI] SocialViewModel: removeObserver(): -$$Lambda$SystemStatusView$hvdttGlyfUmlGZJVTLPJRt2c5Fk
12-23 19:11:16.276  3566  3566 D [SUI] AnytimeUIPanelAppBase: Releasing viewModel SocialViewModel refCount: 1
12-23 19:11:16.276  3566  3566 D [SUI] AnytimeUIPanelAppBase: Releasing viewModel SystemStatusViewModel refCount: 0
12-23 19:11:16.276  3566  3566 D [SUI] AnytimeUIPanelAppBase: Releasing viewModel BarViewModel refCount: 1
12-23 19:11:16.276  3566  3566 D [SUI] StatusViewModel: Destroying ViewModel
12-23 19:11:16.277  3566  3566 D [SUI] AnytimeUIPanelAppBase: Releasing viewModel ActiveCallBarViewModel refCount: 0
12-23 19:11:16.277  3566  3566 D [SUI] AnytimeUIPanelAppBase: Releasing viewModel SocialViewModel refCount: 0
12-23 19:11:16.277  3566  3566 D [SUI] SocialViewModel: Destroying ViewModel
12-23 19:11:16.278  3566  3566 I PresenceAPK(ServicePresenceClient): ServicePresenceClient close
12-23 19:11:16.278  3566  3566 I PresenceAPK(GroupManager): removeListener with id SystemCallGroup
12-23 19:11:16.278  3566  3566 I PresenceAPK(ServiceApiManager): onApiNotReady
12-23 19:11:16.278  3566  3566 D PresenceAPK(ServicePresenceClient): Calling onServiceDown
12-23 19:11:16.278  3566  3566 I PresenceAPK(GroupManager): disconnected
12-23 19:11:16.280  3566  3566 D [SUI] MessengerCallViewModel: removeObserver
12-23 19:11:16.280  3566  3566 D [SUI] AnytimeUIPanelAppBase: Releasing viewModel MessengerCallViewModel refCount: 0
12-23 19:11:16.280  3566  3566 D HyperspaceClient: destroy - start
12-23 19:11:16.283   869  1760 W TrackingService: attachClient: found client in attached list
12-23 19:11:16.284  6246  6344 E OsSdk   : error getting shared memory region, memory type: HeadTracker, failed with Status(-1, EX_SECURITY): 'requested shared memory region when not registered/focused'
12-23 19:11:16.286  1408  9020 I CompositorVR: WarpToScreen: Skipping frames for 13
12-23 19:11:16.297  1408  9020 I CompositorVR: WarpToScreen: Skipping frames for 13
12-23 19:11:16.300  3566  9106 I RuntimeIPCClientMgr: RuntimeIPCClientMgr::DisconnectFromServer: 0, Client: com.oculus.systemux:com.oculus.systemux:SystemUX:3566, Server: com.oculus.presence:com.oculus.presence (PubSubServer)
12-23 19:11:16.301  2551  3693 I RuntimeIPCServerMgr: HandleClientDisconnect: Client: com.oculus.systemux:com.oculus.systemux:SystemUX:3566, Server: com.oculus.presence:com.oculus.presence (PubSubServer)
12-23 19:11:16.301  3566  9106 I RuntimeIPCClient: RuntimeIPCClient: Shutdown: Client: com.oculus.systemux:com.oculus.systemux:SystemUX:3566, Server: com.oculus.presence:com.oculus.presence (PubSubServer)
12-23 19:11:16.301  3566  9106 I RuntimeIPCApi: ipc_Shutdown
12-23 19:11:16.301  3566  9106 I RuntimeIPCServiceClient: Shutdown: Refs still outstanding: 3, com.oculus.systemux:SystemUX
12-23 19:11:16.301  3566  9106 I RuntimeIPCClientMgr: RuntimeIPCClientMgr::DisconnectFromServer: 0, Client: com.oculus.systemux:com.oculus.systemux:SystemUX:3566, Server: com.oculus.presence:com.oculus.presence (PresenceServer)
12-23 19:11:16.301  2551  2579 I RuntimeIPCServerMgr: HandleClientDisconnect: Client: com.oculus.systemux:com.oculus.systemux:SystemUX:3566, Server: com.oculus.presence:com.oculus.presence (PresenceServer)
12-23 19:11:16.302  3566  9106 I RuntimeIPCClient: RuntimeIPCClient: Shutdown: Client: com.oculus.systemux:com.oculus.systemux:SystemUX:3566, Server: com.oculus.presence:com.oculus.presence (PresenceServer)
12-23 19:11:16.302  3566  9106 I RuntimeIPCApi: ipc_Shutdown
12-23 19:11:16.302  3566  9106 I RuntimeIPCServiceClient: Shutdown: Refs still outstanding: 2, com.oculus.systemux:SystemUX
12-23 19:11:16.302  3566  3566 D HyperspaceClient: destroy - end
12-23 19:11:16.302  3566  3566 D HyperspaceClient: release instance, refcount: 0
12-23 19:11:16.302  3566  3566 D [SUI] MessengerCallViewModel: released hyperspace client
12-23 19:11:16.302  3566  3566 D [SUI] MessengerCallViewModel: destroyed MessengerCallViewModel
12-23 19:11:16.302  3566  3566 D [SUI] MessengerCallBarViewModel: destroyed MessengerCallBarViewModel
12-23 19:11:16.302  3566  3566 D [SUI] DynamicAppsView: Destroying DynamicAppsView on AUI bar
12-23 19:11:16.302  3566  3566 D [SUI] MessengerCallViewModel: removeObserver
12-23 19:11:16.303  3566  3566 D [SUI] AnytimeUIPanelAppBase: Releasing viewModel DynamicAppsViewModel refCount: 0
12-23 19:11:16.303  3566  3566 E [SUI] AnytimeUIPanelAppBase: Social view model already destroyed
12-23 19:11:16.303  3566  3566 D [SUI] DynamicAppsViewModel: Destroying DynamicAppsViewModel
12-23 19:11:16.303  3566  3566 E [SUI] AnytimeUIPanelAppBase: Release ViewModel called on already destroyed ViewModelnull
12-23 19:11:16.303  3566  3566 D [SUI] AnytimeUIPanelAppBase: Releasing viewModel BarViewModel refCount: 0
12-23 19:11:16.303  3566  3566 D [SUI] BarViewModel: Destroying BarViewModel
12-23 19:11:16.303  3566  3566 D [SUI] AnytimeUIPanelAppBase: Releasing viewModel SettingsViewModel refCount: 0
12-23 19:11:16.303  3566  3566 D [SUI] SettingsViewModel: Destroying ViewModel
12-23 19:11:16.304  3566  3566 D [SUI] AnytimeUIPanelAppBase: Releasing viewModel StatusViewModel refCount: 2
12-23 19:11:16.308  1408  9020 I CompositorVR: WarpToScreen: Skipping frames for 13
12-23 19:11:16.309   869  9042 W [CT]    : VEGA:MAP_TRACKING_HM: [Throttled count=2] Bad map tracking: map tracking failed @ Submap id = 1, version = 230221416 with status: 2
12-23 19:11:16.310   721   835 D msm8974_platform: platform_split_snd_device: snd_device(2) num devices(1) new_snd_devices(0)
12-23 19:11:16.310   721   835 D ACDB-LOADER: ACDB -> send_audvoltable
12-23 19:11:16.310   721   835 D ACDB-LOADER: ACDB -> ACDB_CMD_GET_AUDPROC_INSTANCE_GAIN_DEP_STEP_TABLE_SIZE
12-23 19:11:16.310   721   835 D         : Failed to fetch the lookup information of the device 0000000F 
12-23 19:11:16.310   721   835 D ACDB-LOADER: Error: ACDB_CMD_GET_AUDPROC_INSTANCE_GAIN_DEP_STEP_TABLE_SIZE Returned = -19
12-23 19:11:16.310   721   835 D ACDB-LOADER: ACDB -> ACDB_CMD_GET_AUDPROC_INSTANCE_GAIN_DEP_STEP_TABLE, vol index 5
12-23 19:11:16.310   721   835 D         : Failed to fetch the lookup information of the device 0000000F 
12-23 19:11:16.310   721   835 D ACDB-LOADER: Error: ACDB AudProc vol returned = -19
12-23 19:11:16.310   721   835 D ACDB-LOADER: ACDB -> AUDIO_SET_VOL_CAL cal type = 40
12-23 19:11:16.313  3566  3566 E [SUI] AnytimeUIPanelAppBase: Social view model already destroyed
12-23 19:11:16.313  3566  3566 D [SUI] AnytimeUIPanelAppBase: Releasing viewModel StatusViewModel refCount: 1
12-23 19:11:16.313  3566  3566 I [SUI] AnytimeUIAndroidPanelApp: Destroyed AUI PanelApp, isInOverlay: true, instanceCount: 0
12-23 19:11:16.313  3566  3566 D [SUI] AirlinkUtils: Destroying AirlinkUtils...
12-23 19:11:16.315  3566  3566 D [SUI] AnytimeUIPanelAppBase: Releasing viewModel StatusViewModel refCount: 0
12-23 19:11:16.315  3566  3566 D [SUI] StatusViewModel: Destroying ViewModel
12-23 19:11:16.315  2346  2897 I [OAO] VrPlatformOpenXr: xrPollEvent: received XR_TYPE_EVENT_DATA_REFERENCE_SPACE_CHANGE_PENDING event
12-23 19:11:16.316  3566  3566 I PresenceAPK(ServicePresenceClient): ServicePresenceClient close
12-23 19:11:16.316  3566  3566 I PresenceAPK(GroupManager): removeListener with id AnchoredHomeGroup
12-23 19:11:16.317  3566  3566 I PresenceAPK(ServiceApiManager): onApiNotReady
12-23 19:11:16.317  3566  3566 D PresenceAPK(ServicePresenceClient): Calling onServiceDown
12-23 19:11:16.317  3566  3566 I PresenceAPK(GroupManager): disconnected
12-23 19:11:16.319  1408  9020 I CompositorVR: WarpToScreen: Skipping frames for 13
12-23 19:11:16.326  6246  6312 D xrstreaming: receive ping: org 0 recv 0 xmt 25107921388300 (received at 1664913583321), offset divergence -249798
12-23 19:11:16.327   869  1760 W TrackingService: attachClient: found client in attached list
12-23 19:11:16.328  6246  6344 E OsSdk   : error getting shared memory region, memory type: HeadTracker, failed with Status(-1, EX_SECURITY): 'requested shared memory region when not registered/focused'
12-23 19:11:16.328   869  1173 W TrackingService: attachClient: found client in attached list
12-23 19:11:16.328  1613  1631 I nifiedtelemetr: Background concurrent copying GC freed 38700(2599KB) AllocSpace objects, 22(700KB) LOS objects, 49% free, 3087KB/6175KB, paused 52us total 166.394ms
12-23 19:11:16.328  1049  1163 I DisplayManagerService: Display device removed: DisplayDeviceInfo{"com.oculus.android_panel_app.AndroidPanelLayer-#main": uniqueId="virtual:com.oculus.systemux,10026,com.oculus.android_panel_app.AndroidPanelLayer-#main,0", 800 x 110, modeId 124, defaultModeId 124, supportedModes [{id=124, width=800, height=110, fps=60.0}], colorMode 0, supportedColorModes [0], HdrCapabilities null, density 200, 200.0 x 200.0 dpi, appVsyncOff 0, presDeadline 16666666, touch NONE, rotation 0, type VIRTUAL, state ON, owner com.oculus.systemux (uid 10026), FLAG_PRIVATE, FLAG_NEVER_BLANK, FLAG_OWN_CONTENT_ONLY}
12-23 19:11:16.330  1408  9020 I CompositorVR: WarpToScreen: Skipping frames for 13
12-23 19:11:16.333  3566  3566 D CppPanelService: onDestroy()
12-23 19:11:16.333  6246  6344 E OsSdk   : error getting shared memory region, memory type: AnchorTracker, failed with Status(-1, EX_SECURITY): 'requested shared memory region when not registered/focused'
12-23 19:11:16.342  1408  9020 I CompositorVR: WarpToScreen: Skipping frames for 13
12-23 19:11:16.343  3566  3566 D [SUI] NotificationBroadcastReceiver: action: com.oculus.intent.action.NOTIF_CHANGE
12-23 19:11:16.343  3566  3566 E BackgroundThreadExecutor: Refusing to execute task because BackgroundThreadExecutor instance is destroyed: com.oculus.panelapp.anytimeui.tablet.notifications.core.-$$Lambda$NotificationManagerSourceHandler$HybXWBXsqdbvph6F5RgmzU3_G5A@eda684
12-23 19:11:16.343  3566  3566 D [SUI] NotificationBroadcastReceiver: action: com.oculus.intent.action.NOTIF_CHANGE
12-23 19:11:16.343  3566  3566 E BackgroundThreadExecutor: Refusing to execute task because BackgroundThreadExecutor instance is destroyed: com.oculus.panelapp.anytimeui.tablet.notifications.core.-$$Lambda$NotificationManagerSourceHandler$HybXWBXsqdbvph6F5RgmzU3_G5A@c044e6d
12-23 19:11:16.343  3566  3566 I Choreographer: Skipped 31 frames!  The application may be doing too much work on its main thread.
12-23 19:11:16.343  3566  3566 D CppPanelService: PanelService()
12-23 19:11:16.344  3566  3566 D CppPanelService: onBind()
12-23 19:11:16.344  2735  2735 D [SEO] PanelServiceConnection: onSeviceConnected - component name (ComponentInfo{com.oculus.systemux/com.oculus.panelapp.anytimeui.AnytimeUIAndroidPanelService}), panel app id (31)
12-23 19:11:16.344  2735  2735 D [SEO] ShellApplication: notify OS to set com.oculus.systemux/com.oculus.panelapp.anytimeui.AnytimeUIAndroidPanelService to FOREGROUND
12-23 19:11:16.348  2735  2735 I [SEO] PanelServiceConnection: verifyFirstPartyUID(Debug Signatures=false, uid=10026) => apkSignatureResult=SigCertInfo(isTrusted=true, packageNames=[com.oculus.systemux], fingerprint sha1=98a1809f3c3e79170e5df8135b500ecfa39df1be, fingerprint sha256=012f8165c191efe8fb0d6d4606aa4abac14d77d1d97d5340860c9f81045aa157, signature=308205cf308203b7a0030201020204097e91c1300d06092a864886f70d01010b0500308197310b3009060355040613025553311330110603550408130a43616c69666f726e6961311330110603550407130a4d656e6c6f205061726b31233021060355040a131a46616365626f6f6b20546563686e6f6c6f676965732c204c4c4331233021060355040b131a46616365626f6f6b20546563686e6f6c6f676965732c204c4c43311430120603550403130b4f63756c75732041707073301e170d3139303730343131333935315a170d3436313131393131333935315a308197310b3009060355040613025553311330110603550408130a43616c69666f726e6961311330110603550407130a4d656e6c6f205061726b31233021060355040a131a46616365626f6f6b20546563686e6f6c6f676965732c204c4c4331233021060355040b131a46616365626f6f6b20546563686e6f6c6f676965732c204c4c43311430120603550403130b4f63756c7573204170707330820222300d06092a864886f70d01010105000382020f003082020a0282020100b815642a5c201c8da044905dafbb06c05fddb75449cc75a716a0434da0493a52a4d60643532c237e76cb41d2c32a5e4474f12b37f632a809b5a5ceb8c6289ecf828e736b4ec452b1c2757bd0b5ed13eff5a7a47ab2ef6cdf60a8d749e9e8603f30d12b5db8f734c57578a2a4ce5ff5737c1f02c629d2dcb4f82726674663a699de94463ff370fa9eb48158831bf0b68bd6ec84293182d52e860bdd81bb9ce9cdd6a77fea0df25004da34d3cce7a31069646aa4628fba9ccb0952163793be9a4edf49a53f83179c2f44d8c87d6c129e8d590af0f3fced26201ee43b31fccd93b497cd198c5cd1f98d64c4f7ad79ca47278c02652d5dc072a99807e22f473f7bae4da2bafcae48cd49ad55a764b8d39f329f6175eac9074307deff48b1c4a6e19b748766617768c31a17feae8478eb7f9ebfb61af2b9f5a692b636342d7ebc53d7146626b51801b5a0a102e281475decdefb8683d0ca2843dc7aaeb6759bcab0dcba38db44f5d7f797a1c9c02dd159c0e3c72b14dc882d31c24ad8abee4ce0f7f0205e05efef551e2551a61e96636ed5dfd7435d3d24f5a130a12f10452cc954aa770d5d95e3e0cb9d7b05c5506a7947f8ff3437b3d82274fdaa156d85bfb7fbcb4fa5557080fedab86520b71d3d533e7bb3e7e3ebe9712b68e755d700b0afbf7595ffa80a6b3d90bfe599769138ee6515df415e32c0abed2b8e4aea1f47351f490203010001a321301f301d0603551d0e04160414a3c939e6b71c43bc9193f773c0351be1aff311f9300d06092a864886f70d01010b050003820201004e4c865231f2a3583c6af9488ecf9aa96b1ee84e2d7bfad00581537dc70c54ecfcf360e563d018efa4cdd77bf6fc4c9f1a20ebd4215cf1538686d4089bdcc8adb6ae4497ead14b0c18efd52ce93357019973e94e16b3326c60885b1bdc5f9cad1098f16732935876d8d19bda3ceeaaa69a83c4e2231710c6735f88abdfffe3dfa2be3f18f894923441b4e4a9c9664ed6294c16d7c073547063bfdbbefad184a001f1dce2feffdc96d10eb16a3bfbcd382cd297ca3b4edb7ebacd1a9931a1368a5157ceaebbca5b39bd5db5461a340db8ec076d38a94bcdd042bfb51388158ba97a49b631c1762fa746c7bb36eaf15cae23fa993cfb052e824f2ae173ea27b50a6cca91eb955f4faf131514757e5a3ecae9df6d23771279b7742f28fb9ce394eb9e03926f550716f1312355a5efdc479d8347b516cff55cb14307c81280142cacf2fd6562a2baacbfc97869272b1c51abf79121de8bab227e001313d4115eb9b33a332ebb34e290f14b5352ef1038f7a5f3740c9d1136b3526de4331deb4fa529c36a17c04c3e64d4f6ebda73d6e6e18281e3948fd11e685eab6611be1bc62839bce5962715e7f6537e6c083bcd3538d17407b26c850cd6b3f5e2149fdef027a6cfb7ed0f93c928aca14927b10c6a3f104ba1b10413af8b1868b84a004e5ddd065fff26a7bb3c818bb5a2d69aedf9441ef9033efae3ef52282a96f66d4b4ff3f2)
12-23 19:11:16.353  1408  9020 I CompositorVR: WarpToScreen: Skipping frames for 13
12-23 19:11:16.358  3566  6232 I CppPanelService: verifyVrShellUID(Debug Signatures=false, uid=10020) => apkSignatureResult=SigCertInfo(isTrusted=true, packageNames=[com.oculus.vrshell], fingerprint sha1=331660b6dd3bd582f3dfd3cbae4546724668a021, fingerprint sha256=dc2f834e3c1942378b14f076c82cd1ab59ea6566bff4730b2047e98efc9f9daf, signature=3082038d30820275a00302010202041303858a300d06092a864886f70d01010b05003077310b3009060355040613025553310b3009060355040813024341311330110603550407130a4d656e6c6f205061726b31173015060355040a130e4f63756c75732056522c204c4c4331173015060355040b130e4f63756c75732056522c204c4c43311430120603550403130b4f63756c75732041707073301e170d3134313033303231343032315a170d3432303331373231343032315a3077310b3009060355040613025553310b3009060355040813024341311330110603550407130a4d656e6c6f205061726b31173015060355040a130e4f63756c75732056522c204c4c4331173015060355040b130e4f63756c75732056522c204c4c43311430120603550403130b4f63756c7573204170707330820122300d06092a864886f70d01010105000382010f003082010a0282010100a34c7fbd96dea95d811f21a0d760cabca85f2df5dbe19b62aca7a3e3e0b6e48f7e173345f2753c458d639cc2e222eeee4cfb5e89ac1c5060044414056709a43a7f1a6f1e4f2c3d708c48912634be08ad6da1fff92d9c0d4b85e4bc8a8b1c27de84c04eb1e6577c10693500af46beaf7bd2ce72a06a46f4e565859f242cecbef1a431ae8096db712cebe73840bacc64de6b99077ba1ca8c20e5d0b4870bd161f087abbf568dfef58e604068ca6f7cdea183c8681c306bc30cb223e7c5ce3a2fcf00d13e158475b3700ef62dcca46c57baecca4d91052e20b861a1a085d5fc8e99aed8c4a9cfd550d01e54ef5062133befcf7f9ea6a5a1d1575a72cd82279f34030203010001a321301f301d0603551d0e04160414ec7ccdaf8ccdc6dd1b87d4b561582ad8ec397b80300d06092a864886f70d01010b0500038201010014c557ecddc17ba8b979618036e7093b8e7307f624644532c31239f4dc83fd9424267ca7670fa9f78689cbc5bfd8a6312fdc214bd159d614a8753ceec0f2b2d9166217895b13c992e1d10ca625a3153dacfa51dbdb7fde139bd59510f5add29f88be3826b445ce7386dcf06577be72fbdf118fa81179091fad275981409e02d40422d8e86df5827a2c496a4b905b4825c3f1ba0af4cf509bf9b0d4d608cf0b4320ac60d1a8cbcc384de24f11a4c93c0fc5b887cbd6855871af1b1ef729c51a8a123efc6a627b6494e81a264587443b9156ad17772863c2f9685fae9c72a552b333f8ef2822bce5d4d178e45b3a8dd4e321924f6a5ba43f732971a9e74cbf0433), time=9 ms
12-23 19:11:16.358  3566  3566 D CppPanelService: BEGIN: Initializing panel application via MSG_CREATE_PANEL_APP.
12-23 19:11:16.358  3566  3566 I AndroidPanelApp: Created
12-23 19:11:16.359  3566  3566 V LifecycleAwareViewModelStore: LifecycleAwareViewModelStore created
12-23 19:11:16.359  3566  3566 V LifecycleAwarePanelApp: PanelApp initial lifecycle started and moved from state INITIALIZED to state RESUMED
12-23 19:11:16.361  3566  3566 I [SUI] ConsumerConfiguration: Setting SystemUX Configuration and Policy Settings.
12-23 19:11:16.361  3566  3566 D [SUI] AnytimeUIBroadcastReceiver: requestCaptureState being sent
12-23 19:11:16.362  3566  9237 D QuickPromotionController: Initialized and enabled.
12-23 19:11:16.362  3566  9237 D QuickPromotionController: Fetching Quick Promotions for all surfaces.
12-23 19:11:16.362  3566  9237 D QuickPromotionController: Initialized and enabled.
12-23 19:11:16.362  3566  9237 D QuickPromotionController: Set access token.
12-23 19:11:16.362  3566  3566 D [SUI] StatusViewModel: Constructing ViewModel
12-23 19:11:16.363  3566  9237 D QuickPromotionController: Fetched Quick Promotions for all surfaces.
12-23 19:11:16.364  1408  9020 I CompositorVR: WarpToScreen: Skipping frames for 13
12-23 19:11:16.365  2194  2194 I OVRMediaService: onStartCommand Received message type: com.oculus.horizon.GET_CAPTURE_STATE_ACTION, caller package: no_app_identity, app identify: null
12-23 19:11:16.365  3566  3566 I android_os_HwBinder: HwBinder: Starting thread pool for getting: vendor.oculus.hardware.battery@1.0::IBattery/default
12-23 19:11:16.370  3566  3566 D [SUI] StatusViewModel: Initializing wifi status BroadcastReceiver
12-23 19:11:16.371  3566  3566 D [SUI] StatusViewModel: Initialized wifi status BroadcastReceiver
12-23 19:11:16.375  1408  9020 I CompositorVR: WarpToScreen: Skipping frames for 13
12-23 19:11:16.375  3566  3566 D [SUI] AnytimeUIPanelAppBase: Acquiring viewModel StatusViewModel refCount: 1
12-23 19:11:16.375  3566  3566 D [SUI] AirlinkUtils: Initializing AirlinkUtils...
12-23 19:11:16.376  3566  3566 D [SUI] AirlinkUtils: Initializing wifi status BroadcastReceiver
12-23 19:11:16.379   869  1760 W TrackingService: attachClient: found client in attached list
12-23 19:11:16.382  6246  6344 E OsSdk   : error getting shared memory region, memory type: HeadTracker, failed with Status(-1, EX_SECURITY): 'requested shared memory region when not registered/focused'
12-23 19:11:16.382  3566  3566 D OsSdk   : XrspBroker: setALEnabled 0
12-23 19:11:16.383  3566  3566 I [SUI] XrspBrokerHelper: Set AirLink Enabled Secured: 0
12-23 19:11:16.383   906   922 D xrspd   : setALEnabled 0
12-23 19:11:16.383   906   922 D xrspd   : setAlinkEnabledCallback disabled, already using usb, ignoring
12-23 19:11:16.383  3566  3566 I [SUI] AnytimeUIAndroidPanelApp: Creating AUI PanelApp, isInOverlay: false, instanceCount: 1
12-23 19:11:16.386  1408  9020 I CompositorVR: WarpToScreen: Skipping frames for 13
12-23 19:11:16.394  3566  3566 D [SUI] ActivityManagerUtilsHelper: Enabling the activity listener capability with initial foreground package com.oculus.shellenv
12-23 19:11:16.397  1408  9020 I CompositorVR: WarpToScreen: Skipping frames for 13
12-23 19:11:16.397  3566  3566 D [SUI] AnytimeUIBroadcastReceiver: requestCaptureState being sent
12-23 19:11:16.399  3566  3566 D [SUI] SocialViewModel: Constructing ViewModel
12-23 19:11:16.399  3566  3566 D [SUI] AnytimeUIPanelAppBase: Acquiring viewModel SocialViewModel refCount: 1
12-23 19:11:16.399  3566  3566 D [SUI] DynamicAppsViewModel: Initializing pinned apps
12-23 19:11:16.400  3566  3566 D [SUI] AppStateUtil: Notifying observers com.oculus.explore is pinned=true
12-23 19:11:16.400  3566  3566 D [SUI] AppStateUtil: Notifying observers com.oculus.store is pinned=true
12-23 19:11:16.400  3566  3566 D [SUI] AppStateUtil: Notifying observers messenger_system_app is pinned=true
12-23 19:11:16.400  3566  3566 D [SUI] AppStateUtil: Notifying observers share_system_app is pinned=true
12-23 19:11:16.409  1408  9020 I CompositorVR: WarpToScreen: Skipping frames for 13
12-23 19:11:16.409  2194  2194 I FileCapture: broadcast capture state to AUI running = false, with mode -1
12-23 19:11:16.410  2735  2735 D [SEO] ShellControlBroadcastReceiver: onReceive with MainActivity native pointer 3558691136, action com.oculus.systemactivities.CAPTURE_STATE_UPDATE
12-23 19:11:16.410  2735  2735 D [SEO] ShellControlBroadcastReceiver: isLaunchAction = false, isTrustedAppLaunch = false
12-23 19:11:16.410  2735  2735 D [SEO] ShellControlBroadcastReceiver: IsCaptureStateUpdateAction
12-23 19:11:16.413  3008  3143 I GuardianControllerCollisionTracker: Guardian Controller Collision: Magnitude: 31.807, Duration: -1.000 sec, TimeStamp: 1664.975098 sec
12-23 19:11:16.415   869  9042 W [CT]    : TIMESTAMPCHECKER: Nominal rate wrong. Estimated data rate: 25, Nominal is 30.000300003000028
12-23 19:11:16.418  2346  2346 D DeviceHelper: isScreenOn = true
12-23 19:11:16.418  2346  2346 D [OAO] ShellOverlayBroadcastReceiver: onReceive with ShellOverlayService native pointer 3752688320, action com.oculus.systemactivities.CAPTURE_STATE_UPDATE
12-23 19:11:16.420  1408  9020 I CompositorVR: WarpToScreen: Skipping frames for 13
12-23 19:11:16.421  2194  2194 I OVRMediaServiceManager: Metacam is not enabled.
12-23 19:11:16.425  3566  3566 W OVRLibrary: null cursor received for query content://com.oculus.ocms.library/apps/paused_app
12-23 19:11:16.428   869  1760 W TrackingService: attachClient: found client in attached list
12-23 19:11:16.429  6246  6344 E OsSdk   : error getting shared memory region, memory type: HeadTracker, failed with Status(-1, EX_SECURITY): 'requested shared memory region when not registered/focused'
12-23 19:11:16.430  2194  2194 I OVRMediaService: onStartCommand Received message type: com.oculus.horizon.GET_CAPTURE_STATE_ACTION, caller package: no_app_identity, app identify: null
12-23 19:11:16.431  1408  9020 I CompositorVR: WarpToScreen: Skipping frames for 13
12-23 19:11:16.442  2194  2194 I FileCapture: broadcast capture state to AUI running = false, with mode -1
12-23 19:11:16.442  1408  9020 I CompositorVR: WarpToScreen: Skipping frames for 13
12-23 19:11:16.443  2735  2735 D [SEO] ShellControlBroadcastReceiver: onReceive with MainActivity native pointer 3558691136, action com.oculus.systemactivities.CAPTURE_STATE_UPDATE
12-23 19:11:16.443  2735  2735 D [SEO] ShellControlBroadcastReceiver: isLaunchAction = false, isTrustedAppLaunch = false
12-23 19:11:16.443  2735  2735 D [SEO] ShellControlBroadcastReceiver: IsCaptureStateUpdateAction
12-23 19:11:16.444  2346  2346 D DeviceHelper: isScreenOn = true
12-23 19:11:16.445  2346  2346 D [OAO] ShellOverlayBroadcastReceiver: onReceive with ShellOverlayService native pointer 3752688320, action com.oculus.systemactivities.CAPTURE_STATE_UPDATE
12-23 19:11:16.446  3008  3143 I GuardianControllerCollisionTracker: Guardian Controller Collision: Magnitude: 18.576, Duration: -1.000 sec, TimeStamp: 1665.008057 sec
12-23 19:11:16.447  3566  3566 W OVRLibrary: null cursor received for query content://com.oculus.ocms.library/apps/com.YourCompany.TemplateProject3
12-23 19:11:16.448  1049  1061 I system_server: Background concurrent copying GC freed 197429(8205KB) AllocSpace objects, 51(1404KB) LOS objects, 42% free, 13MB/23MB, paused 68us total 811.276ms
12-23 19:11:16.453  1408  9020 I CompositorVR: WarpToScreen: Skipping frames for 13
12-23 19:11:16.454  1408  1408 D VrRuntimeService: onForegroundActivitiesChanged: pid=8828, uid=10140, hasForegroundActivities=false
12-23 19:11:16.455  2194  2194 I OVRMediaServiceManager: Metacam is not enabled.
12-23 19:11:16.457   869  1173 W TrackingService: attachClient: found client in attached list
12-23 19:11:16.457   869  1173 D TrackingService: getSharedMemory: com.oculus.guardian, HeadTracker
12-23 19:11:16.457   869  1760 W TrackingService: attachClient: found client in attached list
12-23 19:11:16.457   869  1032 W TrackingService: attachClient: found client in attached list
12-23 19:11:16.458   869  1760 D TrackingService: getSharedMemory: com.oculus.systemdriver, HeadTracker
12-23 19:11:16.458   869  1032 D TrackingService: getSharedMemory: com.oculus.vrshell, HeadTracker
12-23 19:11:16.464   869  1760 W TrackingService: attachClient: found client in attached list
12-23 19:11:16.464  1408  9020 I CompositorVR: WarpToScreen: Skipping frames for 13
12-23 19:11:16.465   869  1760 D TrackingService: getSharedMemory: com.oculus.shellenv, HeadTracker
12-23 19:11:16.471  3566  9245 D CCodec  : allocate(c2.android.raw.decoder)
12-23 19:11:16.472   837  3754 V C2Store : in init
12-23 19:11:16.472   837  3754 V C2Store : loading dll
12-23 19:11:16.473   869  1760 W TrackingService: attachClient: found client in attached list
12-23 19:11:16.475  6246  6344 E OsSdk   : error getting shared memory region, memory type: HeadTracker, failed with Status(-1, EX_SECURITY): 'requested shared memory region when not registered/focused'
12-23 19:11:16.475  1408  9020 I CompositorVR: WarpToScreen: Skipping frames for 13
12-23 19:11:16.476  3566  9245 I CCodec  : Created component [c2.android.raw.decoder]
12-23 19:11:16.476  3566  9245 D CCodecConfig: read media type: audio/raw
12-23 19:11:16.478  3566  9245 D ReflectedParamUpdater: extent() != 1 for single value type: algo.buffers.max-count.values
12-23 19:11:16.479  3566  9245 D ReflectedParamUpdater: extent() != 1 for single value type: output.subscribed-indices.values
12-23 19:11:16.479  3566  9245 D ReflectedParamUpdater: extent() != 1 for single value type: input.buffers.allocator-ids.values
12-23 19:11:16.480  3566  9245 D ReflectedParamUpdater: extent() != 1 for single value type: output.buffers.allocator-ids.values
12-23 19:11:16.480  3566  9245 D ReflectedParamUpdater: extent() != 1 for single value type: algo.buffers.allocator-ids.values
12-23 19:11:16.480  3566  9245 D ReflectedParamUpdater: extent() != 1 for single value type: output.buffers.pool-ids.values
12-23 19:11:16.484  3566  9245 D ReflectedParamUpdater: extent() != 1 for single value type: algo.buffers.pool-ids.values
12-23 19:11:16.485  3566  3566 W OVRLibrary: null cursor received for query content://com.oculus.ocms.library/apps/com.oculus.xrstreamingclient
12-23 19:11:16.486  3566  9245 I CCodecConfig: query failed after returning 8 values (BAD_INDEX)
12-23 19:11:16.486  3566  9245 D CCodecConfig: c2 config diff is Dict {
12-23 19:11:16.486  3566  9245 D CCodecConfig:   c2::u32 coded.bitrate.value = 64000
12-23 19:11:16.486  3566  9245 D CCodecConfig:   c2::u32 input.buffers.max-size.value = 65536
12-23 19:11:16.486  3566  9245 D CCodecConfig:   c2::u32 input.delay.value = 0
12-23 19:11:16.486  3566  9245 D CCodecConfig:   string input.media-type.value = "audio/raw"
12-23 19:11:16.486  3566  9245 D CCodecConfig:   string output.media-type.value = "audio/raw"
12-23 19:11:16.486  3566  9245 D CCodecConfig:   c2::u32 raw.channel-count.value = 2
12-23 19:11:16.486  3566  9245 D CCodecConfig:   c2::u32 raw.pcm-encoding.value = 0
12-23 19:11:16.486  3566  9245 D CCodecConfig:   c2::u32 raw.sample-rate.value = 44100
12-23 19:11:16.486  3566  9245 D CCodecConfig: }
12-23 19:11:16.486  1408  9020 I CompositorVR: WarpToScreen: Skipping frames for 13
12-23 19:11:16.487  3566  9245 D CCodecConfig: no c2 equivalents for durationUs
12-23 19:11:16.487  3566  9245 D CCodecConfig: no c2 equivalents for track-id
12-23 19:11:16.487  3566  9245 D CCodecConfig: no c2 equivalents for bits-per-sample
12-23 19:11:16.487  3566  9245 D CCodecConfig: no c2 equivalents for channel-mask
12-23 19:11:16.487  3566  9245 D CCodecConfig: c2 config diff is   c2::u32 raw.channel-count.value = 1
12-23 19:11:16.487  3566  9245 D CCodecConfig:   c2::u32 raw.sample-rate.value = 48000
12-23 19:11:16.487  3566  9245 W Codec2Client: query -- param skipped: index = 1107298332.
12-23 19:11:16.487  3566  9245 D CCodec  : setup formats input: AMessage(what = 0x00000000) = {
12-23 19:11:16.487  3566  9245 D CCodec  :   int32_t channel-count = 1
12-23 19:11:16.487  3566  9245 D CCodec  :   int32_t max-input-size = 65536
12-23 19:11:16.487  3566  9245 D CCodec  :   string mime = "audio/raw"
12-23 19:11:16.487  3566  9245 D CCodec  :   int32_t pcm-encoding = 2
12-23 19:11:16.487  3566  9245 D CCodec  :   int32_t sample-rate = 48000
12-23 19:11:16.487  3566  9245 D CCodec  : } and output: AMessage(what = 0x00000000) = {
12-23 19:11:16.487  3566  9245 D CCodec  :   int32_t channel-count = 1
12-23 19:11:16.487  3566  9245 D CCodec  :   string mime = "audio/raw"
12-23 19:11:16.487  3566  9245 D CCodec  :   int32_t pcm-encoding = 2
12-23 19:11:16.487  3566  9245 D CCodec  :   int32_t sample-rate = 48000
12-23 19:11:16.487  3566  9245 D CCodec  :   int32_t channel-mask = 0
12-23 19:11:16.487  3566  9245 D CCodec  : }
12-23 19:11:16.488  3566  9245 W Codec2Client: query -- param skipped: index = 1342179345.
12-23 19:11:16.488  3566  9245 W Codec2Client: query -- param skipped: index = 2415921170.
12-23 19:11:16.489  3566  9245 D CCodecBufferChannel: [c2.android.raw.decoder#443] Created input block pool with allocatorID 16 => poolID 25 - OK (0)
12-23 19:11:16.489  3566  3623 D BufferPoolAccessor: bufferpool2 0x74a24c4620 : 0(0 size) total buffers - 0(0 size) used buffers - 0/5 (recycle/alloc) - 4/8 (fetch/transfer)
12-23 19:11:16.489  3566  3623 D BufferPoolAccessor: Destruction - bufferpool2 0x74a24c4620 cached: 0/0M, 0/0% in use; allocs: 5, 0% recycled; transfers: 8, 50% unfetced
12-23 19:11:16.489  3566  9245 I CCodecBufferChannel: [c2.android.raw.decoder#443] Created output block pool with allocatorID 16 => poolID 65 - OK
12-23 19:11:16.491  3566  9245 D CCodecBufferChannel: [c2.android.raw.decoder#443] Configured output block pool ids 65 => OK
12-23 19:11:16.492   808  1503 D BufferPoolAccessor: bufferpool2 0xf6691910 : 0(0 size) total buffers - 0(0 size) used buffers - 8/19 (recycle/alloc) - 10/30 (fetch/transfer)
12-23 19:11:16.492   808  1503 D BufferPoolAccessor: Destruction - bufferpool2 0xf6691910 cached: 0/0M, 0/0% in use; allocs: 19, 42% recycled; transfers: 30, 67% unfetced
12-23 19:11:16.496   837  9246 D SimpleC2Component: Using output block pool with poolID 65 => got 65 - 0
12-23 19:11:16.498  1408  9020 I CompositorVR: WarpToScreen: Skipping frames for 13
12-23 19:11:16.499   807  3630 D MediaBufferGroup: creating MemoryDealer
12-23 19:11:16.501  3566  3566 W OVRLibrary: null cursor received for query content://com.oculus.ocms.library/apps/quick_settings_app
12-23 19:11:16.509  1408  9020 I CompositorVR: WarpToScreen: Skipping frames for 13
12-23 19:11:16.516   837  5916 D BufferPoolAccessor: Destruction - bufferpool2 0x2b3acd8e30 cached: 0/0M, 0/0% in use; allocs: 0, 0% recycled; transfers: 0, 0% unfetced
12-23 19:11:16.516   837  5916 V C2Store : in ~ComponentModule
12-23 19:11:16.516   837  5916 V C2Store : unloading dll
12-23 19:11:16.519  6246  6344 E OsSdk   : error getting shared memory region, memory type: HeadTracker, failed with Status(-1, EX_SECURITY): 'requested shared memory region when not registered/focused'
12-23 19:11:16.520  1408  9020 I CompositorVR: WarpToScreen: Skipping frames for 13
12-23 19:11:16.523  2111  9249 D CCodec  : allocate(c2.android.vorbis.decoder)
12-23 19:11:16.523  3566  3566 W OVRLibrary: null cursor received for query content://com.oculus.ocms.library/apps/notifications_system_app
12-23 19:11:16.523   837  9247 V C2Store : in init
12-23 19:11:16.523   837  9247 V C2Store : loading dll
12-23 19:11:16.527  2111  9249 I CCodec  : Created component [c2.android.vorbis.decoder]
12-23 19:11:16.527  2111  9249 D CCodecConfig: read media type: audio/vorbis
12-23 19:11:16.529  2111  9249 D ReflectedParamUpdater: extent() != 1 for single value type: algo.buffers.max-count.values
12-23 19:11:16.529  2111  9249 D ReflectedParamUpdater: extent() != 1 for single value type: output.subscribed-indices.values
12-23 19:11:16.529  2111  9249 D ReflectedParamUpdater: extent() != 1 for single value type: input.buffers.allocator-ids.values
12-23 19:11:16.529  2111  9249 D ReflectedParamUpdater: extent() != 1 for single value type: output.buffers.allocator-ids.values
12-23 19:11:16.530  2111  9249 D ReflectedParamUpdater: extent() != 1 for single value type: algo.buffers.allocator-ids.values
12-23 19:11:16.530  2111  9249 D ReflectedParamUpdater: extent() != 1 for single value type: output.buffers.pool-ids.values
12-23 19:11:16.530  2111  9249 D ReflectedParamUpdater: extent() != 1 for single value type: algo.buffers.pool-ids.values
12-23 19:11:16.531  2111  9249 I CCodecConfig: query failed after returning 7 values (BAD_INDEX)
12-23 19:11:16.531  1408  9020 I CompositorVR: WarpToScreen: Skipping frames for 13
12-23 19:11:16.531  2111  9249 D CCodecConfig: c2 config diff is Dict {
12-23 19:11:16.531  2111  9249 D CCodecConfig:   c2::u32 coded.bitrate.value = 64000
12-23 19:11:16.531  2111  9249 D CCodecConfig:   c2::u32 input.buffers.max-size.value = 32768
12-23 19:11:16.531  2111  9249 D CCodecConfig:   c2::u32 input.delay.value = 0
12-23 19:11:16.531  2111  9249 D CCodecConfig:   string input.media-type.value = "audio/vorbis"
12-23 19:11:16.531  2111  9249 D CCodecConfig:   string output.media-type.value = "audio/raw"
12-23 19:11:16.531  2111  9249 D CCodecConfig:   c2::u32 raw.channel-count.value = 1
12-23 19:11:16.531  2111  9249 D CCodecConfig:   c2::u32 raw.sample-rate.value = 48000
12-23 19:11:16.531  2111  9249 D CCodecConfig: }
12-23 19:11:16.531  2111  9249 D CCodecConfig: no c2 equivalents for durationUs
12-23 19:11:16.531  2111  9249 D CCodecConfig: no c2 equivalents for csd-1
12-23 19:11:16.531  2111  9249 D CCodecConfig: no c2 equivalents for track-id
12-23 19:11:16.531  2111  9249 D CCodecConfig: no c2 equivalents for channel-mask
12-23 19:11:16.532  2111  9249 D CCodecConfig: c2 config diff is   c2::u32 raw.channel-count.value = 2
12-23 19:11:16.532  2111  9249 D CCodecConfig:   c2::u32 raw.sample-rate.value = 44100
12-23 19:11:16.532  2111  9249 W Codec2Client: query -- param skipped: index = 1107298332.
12-23 19:11:16.532  2111  9249 D CCodec  : setup formats input: AMessage(what = 0x00000000) = {
12-23 19:11:16.532  2111  9249 D CCodec  :   int32_t channel-count = 2
12-23 19:11:16.532  2111  9249 D CCodec  :   int32_t max-input-size = 32768
12-23 19:11:16.532  2111  9249 D CCodec  :   string mime = "audio/vorbis"
12-23 19:11:16.532  2111  9249 D CCodec  :   int32_t sample-rate = 44100
12-23 19:11:16.532  2111  9249 D CCodec  : } and output: AMessage(what = 0x00000000) = {
12-23 19:11:16.532  2111  9249 D CCodec  :   int32_t channel-count = 2
12-23 19:11:16.532  2111  9249 D CCodec  :   string mime = "audio/raw"
12-23 19:11:16.532  2111  9249 D CCodec  :   int32_t sample-rate = 44100
12-23 19:11:16.532  2111  9249 D CCodec  :   int32_t channel-mask = 3
12-23 19:11:16.532  2111  9249 D CCodec  : }
12-23 19:11:16.541   837  5916 V C2Store : in ~ComponentModule
12-23 19:11:16.541   837  5916 V C2Store : unloading dll
12-23 19:11:16.542  1408  9020 I CompositorVR: WarpToScreen: Skipping frames for 13
12-23 19:11:16.547  3566  3566 W OVRLibrary: null cursor received for query content://com.oculus.ocms.library/apps/com.android.settings
12-23 19:11:16.547  3566  3566 D [SUI] AnytimeUIPanelAppBase: Acquiring viewModel DynamicAppsViewModel refCount: 1
12-23 19:11:16.547  3566  3566 D [SUI] SharingViewModel: Constructing ViewModel
12-23 19:11:16.548  3566  3566 D [SUI] SharingViewModel: clearAbuseReportRecordingTimer
12-23 19:11:16.548  3566  3566 D [SUI] AnytimeUIPanelAppBase: Acquiring viewModel SharingViewModel refCount: 1
12-23 19:11:16.549  3566  3566 I AndroidPanelApp: HideLayer(#main, shape: 1, shouldMinimizeLayer: false)
12-23 19:11:16.549  1049  2661 I DisplayManagerService: Display device added: DisplayDeviceInfo{"com.oculus.android_panel_app.AndroidPanelLayer-#main": uniqueId="virtual:com.oculus.systemux,10026,com.oculus.android_panel_app.AndroidPanelLayer-#main,0", 800 x 1250, modeId 126, defaultModeId 126, supportedModes [{id=126, width=800, height=1250, fps=60.0}], colorMode 0, supportedColorModes [0], HdrCapabilities null, density 200, 200.0 x 200.0 dpi, appVsyncOff 0, presDeadline 16666666, touch NONE, rotation 0, type VIRTUAL, state OFF, owner com.oculus.systemux (uid 10026), FLAG_PRIVATE, FLAG_NEVER_BLANK, FLAG_OWN_CONTENT_ONLY}
12-23 19:11:16.553  1408  9020 I CompositorVR: WarpToScreen: Skipping frames for 13
12-23 19:11:16.562  3566  3566 D [SUI] BarViewModel: Constructing BarViewModel
12-23 19:11:16.562  3566  3566 D [SUI] AnytimeUIPanelAppBase: Acquiring viewModel BarViewModel refCount: 1
12-23 19:11:16.562  3566  3566 D [SUI] SettingsViewModel: Constructing ViewModel
12-23 19:11:16.563  3566  3566 D [SUI] AnytimeUIPanelAppBase: Acquiring viewModel StatusViewModel refCount: 2
12-23 19:11:16.563   869  1760 I chatty  : uid=1000(system) Binder:869_4 identical 2 lines
12-23 19:11:16.564  6246  6344 E OsSdk   : error getting shared memory region, memory type: HeadTracker, failed with Status(-1, EX_SECURITY): 'requested shared memory region when not registered/focused'
12-23 19:11:16.564  1408  9020 I CompositorVR: WarpToScreen: Skipping frames for 13
12-23 19:11:16.568  3566  3566 D [SUI] AnytimeUIPanelAppBase: Acquiring viewModel SettingsViewModel refCount: 1
12-23 19:11:16.568  3566  3566 D [SUI] AnytimeUIPanelAppBase: Acquiring viewModel StatusViewModel refCount: 3
12-23 19:11:16.568  3566  3566 D [SUI] ActiveCallBarViewModel: Constructing ActiveCallBarViewModel
12-23 19:11:16.568  3566  3566 I [SUI] PartiesCallBarViewModel: new ServicePresenceClient
12-23 19:11:16.569  3566  3566 I PresenceAPK(ServiceApiManager): Trying to bind to presence service API.
12-23 19:11:16.569  1049  1184 W ActivityManager: Unable to start service Intent { act=com.oculus.presence.StablePresenceService cmp=com.oculus.presence/.services.presence.PresenceService } U=0: not found
12-23 19:11:16.569  3566  3566 E PresenceAPK(ServiceApiManager): Enabling backward compatible mode for service directory
12-23 19:11:16.571  1049  1068 W InputReader: Device has associated, but no associated display id.
12-23 19:11:16.575  1049  1070 W InputReader: Device has associated, but no associated display id.
