02-27 23:21:36.821 10095 10193 W REFLECT [RUNTIMEIPC]: UpdateServerStateValue name:'RigidBodyStates' buffer == nullptr
02-27 23:21:36.823  1753 10694 W CompositorClient: FrameTiming: firstDisplayVsync for client 21 (isPrimary=1) FrameIndex = 6234 is outrageously early 13098, base 597, flushing
02-27 23:21:36.823  1753 10694 W CompositorClient: FrameTiming: firstDisplayVsync for client 21 (isPrimary=1) FrameIndex = 6235 is outrageously early 13098, base 597, flushing
02-27 23:21:36.826 10095 10193 W REFLECT [RUNTIMEIPC]: UpdateServerStateValue name:'RigidBodyStates' buffer == nullptr
02-27 23:21:36.830  1753 10694 W CompositorClient: FrameTiming: firstDisplayVsync for client 21 (isPrimary=1) FrameIndex = 6235 is outrageously early 13098, base 598, flushing
02-27 23:21:36.831 10095 10193 W REFLECT [RUNTIMEIPC]: UpdateServerStateValue name:'RigidBodyStates' buffer == nullptr
02-27 23:21:36.836 10095 10193 W REFLECT [RUNTIMEIPC]: UpdateServerStateValue name:'RigidBodyStates' buffer == nullptr
02-27 23:21:36.837  1753 10694 W CompositorClient: FrameTiming: firstDisplayVsync for client 21 (isPrimary=1) FrameIndex = 6235 is outrageously early 13098, base 598, flushing
02-27 23:21:36.837  1753 10694 W CompositorClient: FrameTiming: firstDisplayVsync for client 21 (isPrimary=1) FrameIndex = 6236 is outrageously early 13098, base 598, flushing
02-27 23:21:36.839   875 10704 W [CT]    : VEGA:MAP_TRACKING_HM: [Throttled count=24] Map tracking did not run.
02-27 23:21:36.841 10095 10193 W REFLECT [RUNTIMEIPC]: UpdateServerStateValue name:'RigidBodyStates' buffer == nullptr
02-27 23:21:36.841 10095 10193 W REFLECT [RUNTIMEIPC]: UpdateServerStateValue name:'AnchorStates' buffer == nullptr
02-27 23:21:36.844  1753 10694 W CompositorClient: FrameTiming: firstDisplayVsync for client 21 (isPrimary=1) FrameIndex = 6236 is outrageously early 13098, base 599, flushing
02-27 23:21:36.846 10095 10193 W REFLECT [RUNTIMEIPC]: UpdateServerStateValue name:'RigidBodyStates' buffer == nullptr
02-27 23:21:36.850  1753 10694 W CompositorClient: FrameTiming: firstDisplayVsync for client 21 (isPrimary=1) FrameIndex = 6236 is outrageously early 13098, base 599, flushing
02-27 23:21:36.851  9722  9843 W REFLECT [RUNTIMEIPC]: !IsClientValid: MarkerEnd
02-27 23:21:36.851  9722  9843 E QplClient: (com.oculus.socialplatform) MarkerEnd failed!
02-27 23:21:36.851  9722  9843 W REFLECT [RUNTIMEIPC]: !IsClientValid: MarkerPoint
02-27 23:21:36.851  9722  9843 E QplClient: (com.oculus.socialplatform) MarkerPoint failed!
02-27 23:21:36.851  1753 10694 W CompositorClient: FrameTiming: firstDisplayVsync for client 21 (isPrimary=1) FrameIndex = 6237 is outrageously early 13098, base 599, flushing
02-27 23:21:36.851 10095 10193 W REFLECT [RUNTIMEIPC]: UpdateServerStateValue name:'RigidBodyStates' buffer == nullptr
02-27 23:21:36.856  9722 10770 E DeviceConfigVersionMapBuilder: Something went wrong when building version map.
02-27 23:21:36.857 10095 10193 W REFLECT [RUNTIMEIPC]: UpdateServerStateValue name:'RigidBodyStates' buffer == nullptr
02-27 23:21:36.857  9722 10770 E DeviceConfigVersionMapBuilder: Something went wrong when building version map.
02-27 23:21:36.857  1753 10694 W CompositorClient: FrameTiming: firstDisplayVsync for client 21 (isPrimary=1) FrameIndex = 6237 is outrageously early 13098, base 600, flushing
02-27 23:21:36.862 10095 10193 W REFLECT [RUNTIMEIPC]: UpdateServerStateValue name:'RigidBodyStates' buffer == nullptr
02-27 23:21:36.862  9722 10770 E DeviceConfigVersionMapBuilder: Something went wrong when building version map.
02-27 23:21:36.863  9722 10770 I chatty  : uid=10046(com.oculus.socialplatform) OkHttp Dispatch identical 1 line
02-27 23:21:36.864  9722 10770 E DeviceConfigVersionMapBuilder: Something went wrong when building version map.
02-27 23:21:36.864  1753 10694 W CompositorClient: FrameTiming: firstDisplayVsync for client 21 (isPrimary=1) FrameIndex = 6237 is outrageously early 13098, base 600, flushing
02-27 23:21:36.865  9722 10770 E DeviceConfigVersionMapBuilder: Something went wrong when building version map.
02-27 23:21:36.865  1753 10694 W CompositorClient: FrameTiming: firstDisplayVsync for client 21 (isPrimary=1) FrameIndex = 6238 is outrageously early 13098, base 600, flushing
02-27 23:21:36.867 10095 10193 W REFLECT [RUNTIMEIPC]: UpdateServerStateValue name:'RigidBodyStates' buffer == nullptr
02-27 23:21:36.871  9722 10770 E DeviceConfigVersionMapBuilder: Something went wrong when building version map.
02-27 23:21:36.871  1753 10694 W CompositorClient: FrameTiming: firstDisplayVsync for client 21 (isPrimary=1) FrameIndex = 6238 is outrageously early 13098, base 601, flushing
02-27 23:21:36.872  9722 10770 E DeviceConfigVersionMapBuilder: Something went wrong when building version map.
02-27 23:21:36.872 10095 10193 W REFLECT [RUNTIMEIPC]: UpdateServerStateValue name:'RigidBodyStates' buffer == nullptr
02-27 23:21:36.872  9722 10770 E DeviceConfigVersionMapBuilder: Something went wrong when building version map.
02-27 23:21:36.877  9722 10770 I chatty  : uid=10046(com.oculus.socialplatform) OkHttp Dispatch identical 4 lines
02-27 23:21:36.877  9722 10770 E DeviceConfigVersionMapBuilder: Something went wrong when building version map.
02-27 23:21:36.877 10095 10193 W REFLECT [RUNTIMEIPC]: UpdateServerStateValue name:'RigidBodyStates' buffer == nullptr
02-27 23:21:36.877  9722 10770 E DeviceConfigVersionMapBuilder: Something went wrong when building version map.
02-27 23:21:36.878  9722 10770 E DeviceConfigVersionMapBuilder: Something went wrong when building version map.
02-27 23:21:36.878  1753 10694 W CompositorClient: FrameTiming: firstDisplayVsync for client 21 (isPrimary=1) FrameIndex = 6238 is outrageously early 13098, base 601, flushing
02-27 23:21:36.879  1753 10694 W CompositorClient: FrameTiming: firstDisplayVsync for client 21 (isPrimary=1) FrameIndex = 6239 is outrageously early 13098, base 601, flushing
02-27 23:21:36.881  9722 10770 E DeviceConfigVersionMapBuilder: Something went wrong when building version map.
02-27 23:21:36.882 10095 10193 W REFLECT [RUNTIMEIPC]: UpdateServerStateValue name:'RigidBodyStates' buffer == nullptr
02-27 23:21:36.883  9722 10770 E DeviceConfigVersionMapBuilder: Something went wrong when building version map.
02-27 23:21:36.885  9722 10770 I chatty  : uid=10046(com.oculus.socialplatform) OkHttp Dispatch identical 3 lines
02-27 23:21:36.885  9722 10770 E DeviceConfigVersionMapBuilder: Something went wrong when building version map.
02-27 23:21:36.885  1753 10694 W CompositorClient: FrameTiming: firstDisplayVsync for client 21 (isPrimary=1) FrameIndex = 6239 is outrageously early 13098, base 602, flushing
02-27 23:21:36.887 10095 10193 W REFLECT [RUNTIMEIPC]: UpdateServerStateValue name:'RigidBodyStates' buffer == nullptr
02-27 23:21:36.887  9722 10770 E DeviceConfigVersionMapBuilder: Something went wrong when building version map.
02-27 23:21:36.889  9722 10770 I chatty  : uid=10046(com.oculus.socialplatform) OkHttp Dispatch identical 2 lines
02-27 23:21:36.889  9722 10770 E DeviceConfigVersionMapBuilder: Something went wrong when building version map.
02-27 23:21:36.892  1753 10694 W CompositorClient: FrameTiming: firstDisplayVsync for client 21 (isPrimary=1) FrameIndex = 6239 is outrageously early 13098, base 602, flushing
02-27 23:21:36.892 10095 10193 W REFLECT [RUNTIMEIPC]: UpdateServerStateValue name:'RigidBodyStates' buffer == nullptr
02-27 23:21:36.893  1753 10694 W CompositorClient: FrameTiming: firstDisplayVsync for client 21 (isPrimary=1) FrameIndex = 6240 is outrageously early 13098, base 602, flushing
02-27 23:21:36.898 10095 10193 W REFLECT [RUNTIMEIPC]: UpdateServerStateValue name:'RigidBodyStates' buffer == nullptr
02-27 23:21:36.899  1753 10694 W CompositorClient: FrameTiming: firstDisplayVsync for client 21 (isPrimary=1) FrameIndex = 6240 is outrageously early 13098, base 603, flushing
02-27 23:21:36.903 10095 10193 W REFLECT [RUNTIMEIPC]: UpdateServerStateValue name:'RigidBodyStates' buffer == nullptr
02-27 23:21:36.903 10095 10193 W REFLECT [RUNTIMEIPC]: UpdateServerStateValue name:'AnchorStates' buffer == nullptr
02-27 23:21:36.906  1753 10694 W CompositorClient: FrameTiming: firstDisplayVsync for client 21 (isPrimary=1) FrameIndex = 6240 is outrageously early 13098, base 603, flushing
02-27 23:21:36.907  1753 10694 W CompositorClient: FrameTiming: firstDisplayVsync for client 21 (isPrimary=1) FrameIndex = 6241 is outrageously early 13098, base 603, flushing
02-27 23:21:36.908 10095 10193 W REFLECT [RUNTIMEIPC]: UpdateServerStateValue name:'RigidBodyStates' buffer == nullptr
02-27 23:21:36.913 10095 10193 W REFLECT [RUNTIMEIPC]: UpdateServerStateValue name:'RigidBodyStates' buffer == nullptr
02-27 23:21:36.914  1753 10694 W CompositorClient: FrameTiming: firstDisplayVsync for client 21 (isPrimary=1) FrameIndex = 6241 is outrageously early 13098, base 604, flushing
02-27 23:21:36.918 10095 10193 W REFLECT [RUNTIMEIPC]: UpdateServerStateValue name:'RigidBodyStates' buffer == nullptr
02-27 23:21:36.920  1753 10694 W CompositorClient: FrameTiming: firstDisplayVsync for client 21 (isPrimary=1) FrameIndex = 6241 is outrageously early 13098, base 604, flushing
02-27 23:21:36.921  1753 10694 W CompositorClient: FrameTiming: firstDisplayVsync for client 21 (isPrimary=1) FrameIndex = 6242 is outrageously early 13098, base 604, flushing
02-27 23:21:36.923 10095 10193 W REFLECT [RUNTIMEIPC]: UpdateServerStateValue name:'RigidBodyStates' buffer == nullptr
02-27 23:21:36.927  1753 10694 W CompositorClient: FrameTiming: firstDisplayVsync for client 21 (isPrimary=1) FrameIndex = 6242 is outrageously early 13098, base 605, flushing
02-27 23:21:36.929 10095 10193 W REFLECT [RUNTIMEIPC]: UpdateServerStateValue name:'RigidBodyStates' buffer == nullptr
02-27 23:21:36.934 10095 10193 W REFLECT [RUNTIMEIPC]: UpdateServerStateValue name:'RigidBodyStates' buffer == nullptr
02-27 23:21:36.934 10095 10193 W REFLECT [RUNTIMEIPC]: UpdateServerStateValue name:'AnchorStates' buffer == nullptr
02-27 23:21:36.934  1753 10694 W CompositorClient: FrameTiming: firstDisplayVsync for client 21 (isPrimary=1) FrameIndex = 6242 is outrageously early 13098, base 605, flushing
02-27 23:21:36.935  1753 10694 W CompositorClient: FrameTiming: firstDisplayVsync for client 21 (isPrimary=1) FrameIndex = 6243 is outrageously early 13098, base 605, flushing
02-27 23:21:36.939 10095 10193 W REFLECT [RUNTIMEIPC]: UpdateServerStateValue name:'RigidBodyStates' buffer == nullptr
02-27 23:21:36.941  1753 10694 W CompositorClient: FrameTiming: firstDisplayVsync for client 21 (isPrimary=1) FrameIndex = 6243 is outrageously early 13098, base 606, flushing
02-27 23:21:36.944 10095 10193 W REFLECT [RUNTIMEIPC]: UpdateServerStateValue name:'RigidBodyStates' buffer == nullptr
02-27 23:21:36.948  1753 10694 W CompositorClient: FrameTiming: firstDisplayVsync for client 21 (isPrimary=1) FrameIndex = 6243 is outrageously early 13098, base 606, flushing
02-27 23:21:36.949  1753 10694 W CompositorClient: FrameTiming: firstDisplayVsync for client 21 (isPrimary=1) FrameIndex = 6244 is outrageously early 13098, base 606, flushing
02-27 23:21:36.949 10095 10193 W REFLECT [RUNTIMEIPC]: UpdateServerStateValue name:'RigidBodyStates' buffer == nullptr
02-27 23:21:36.954 10095 10193 W REFLECT [RUNTIMEIPC]: UpdateServerStateValue name:'RigidBodyStates' buffer == nullptr
02-27 23:21:36.955  1753 10694 W CompositorClient: FrameTiming: firstDisplayVsync for client 21 (isPrimary=1) FrameIndex = 6244 is outrageously early 13098, base 607, flushing
02-27 23:21:36.959 10095 10193 W REFLECT [RUNTIMEIPC]: UpdateServerStateValue name:'RigidBodyStates' buffer == nullptr
02-27 23:21:36.962  1753 10694 W CompositorClient: FrameTiming: firstDisplayVsync for client 21 (isPrimary=1) FrameIndex = 6244 is outrageously early 13098, base 607, flushing
02-27 23:21:36.963  1753 10694 W CompositorClient: FrameTiming: firstDisplayVsync for client 21 (isPrimary=1) FrameIndex = 6245 is outrageously early 13098, base 607, flushing
02-27 23:21:36.964 10095 10193 W REFLECT [RUNTIMEIPC]: UpdateServerStateValue name:'RigidBodyStates' buffer == nullptr
02-27 23:21:36.964 10095 10193 W REFLECT [RUNTIMEIPC]: UpdateServerStateValue name:'AnchorStates' buffer == nullptr
02-27 23:21:36.969  1753 10694 W CompositorClient: FrameTiming: firstDisplayVsync for client 21 (isPrimary=1) FrameIndex = 6245 is outrageously early 13098, base 608, flushing
02-27 23:21:36.970 10095 10193 W REFLECT [RUNTIMEIPC]: UpdateServerStateValue name:'RigidBodyStates' buffer == nullptr
02-27 23:21:36.975 10095 10193 W REFLECT [RUNTIMEIPC]: UpdateServerStateValue name:'RigidBodyStates' buffer == nullptr
02-27 23:21:36.976  1753 10694 W CompositorClient: FrameTiming: firstDisplayVsync for client 21 (isPrimary=1) FrameIndex = 6245 is outrageously early 13098, base 608, flushing
02-27 23:21:36.976  1753 10694 W CompositorClient: FrameTiming: firstDisplayVsync for client 21 (isPrimary=1) FrameIndex = 6246 is outrageously early 13098, base 608, flushing
02-27 23:21:36.980 10095 10193 W REFLECT [RUNTIMEIPC]: UpdateServerStateValue name:'RigidBodyStates' buffer == nullptr
02-27 23:21:36.983  1753 10694 W CompositorClient: FrameTiming: firstDisplayVsync for client 21 (isPrimary=1) FrameIndex = 6246 is outrageously early 13098, base 609, flushing
02-27 23:21:36.985 10095 10193 W REFLECT [RUNTIMEIPC]: UpdateServerStateValue name:'RigidBodyStates' buffer == nullptr
02-27 23:21:36.990  9722  9843 W REFLECT [RUNTIMEIPC]: !IsClientValid: MarkerEnd
02-27 23:21:36.990  1753 10694 W CompositorClient: FrameTiming: firstDisplayVsync for client 21 (isPrimary=1) FrameIndex = 6246 is outrageously early 13098, base 609, flushing
02-27 23:21:36.990  9722  9843 E QplClient: (com.oculus.socialplatform) MarkerEnd failed!
02-27 23:21:36.990 10095 10193 W REFLECT [RUNTIMEIPC]: UpdateServerStateValue name:'RigidBodyStates' buffer == nullptr
02-27 23:21:36.990  9722  9843 W REFLECT [RUNTIMEIPC]: !IsClientValid: MarkerPoint
02-27 23:21:36.990  9722  9843 E QplClient: (com.oculus.socialplatform) MarkerPoint failed!
02-27 23:21:36.990  1753 10694 W CompositorClient: FrameTiming: firstDisplayVsync for client 21 (isPrimary=1) FrameIndex = 6247 is outrageously early 13098, base 609, flushing
02-27 23:21:36.991  9722 10770 E PartyNativeModuleManager: Calling getCurrentPartyId but native code wasn't initialized. Noop.
02-27 23:21:36.991  9722  9843 W REFLECT [RUNTIMEIPC]: !IsClientValid: MarkerAnnotation
02-27 23:21:36.991  9722  9843 E QplClient: (com.oculus.socialplatform) MarkerAnnotation failed!
02-27 23:21:36.991  9722  9843 W REFLECT [RUNTIMEIPC]: !IsClientValid: MarkerEnd
02-27 23:21:36.991  9722  9843 E QplClient: (com.oculus.socialplatform) MarkerEnd failed!
02-27 23:21:36.991  9722  9843 W REFLECT [RUNTIMEIPC]: !IsClientValid: MarkerAnnotation
02-27 23:21:36.991  9722  9843 E QplClient: (com.oculus.socialplatform) MarkerAnnotation failed!
02-27 23:21:36.991  9722  9843 W REFLECT [RUNTIMEIPC]: !IsClientValid: MarkerEnd
02-27 23:21:36.991  9722  9843 E QplClient: (com.oculus.socialplatform) MarkerEnd failed!
02-27 23:21:36.991  9722  9843 W REFLECT [RUNTIMEIPC]: !IsClientValid: MarkerEnd
02-27 23:21:36.991  9722  9843 E QplClient: (com.oculus.socialplatform) MarkerEnd failed!
02-27 23:21:36.991  9722  9843 W REFLECT [RUNTIMEIPC]: !IsClientValid: MarkerStart
02-27 23:21:36.991  9722  9843 E QplClient: (com.oculus.socialplatform) MarkerStart failed!
02-27 23:21:36.991  9722  9843 W REFLECT [RUNTIMEIPC]: !IsClientValid: MarkerAnnotation
02-27 23:21:36.991  9722  9843 E QplClient: (com.oculus.socialplatform) MarkerAnnotation failed!
02-27 23:21:36.991  9722  9843 W REFLECT [RUNTIMEIPC]: !IsClientValid: MarkerAnnotation
02-27 23:21:36.991  9722  9843 E QplClient: (com.oculus.socialplatform) MarkerAnnotation failed!
02-27 23:21:36.991  9722  9843 W REFLECT [RUNTIMEIPC]: !IsClientValid: MarkerAnnotation
02-27 23:21:36.991  9722  9843 E QplClient: (com.oculus.socialplatform) MarkerAnnotation failed!
02-27 23:21:36.991  9722  9843 W REFLECT [RUNTIMEIPC]: !IsClientValid: MarkerAnnotation
02-27 23:21:36.991  9722  9843 E QplClient: (com.oculus.socialplatform) MarkerAnnotation failed!
02-27 23:21:36.991  9722  9843 W REFLECT [RUNTIMEIPC]: !IsClientValid: MarkerPoint
02-27 23:21:36.991  9722  9843 E QplClient: (com.oculus.socialplatform) MarkerPoint failed!
02-27 23:21:36.992  9722 10770 W PartyNativeModuleManager: Calling nativeTearDown but native code wasn't initialized. Noop.
02-27 23:21:36.993  9722  9843 W REFLECT [RUNTIMEIPC]: !IsClientValid: MarkerAnnotation
02-27 23:21:36.993  9722  9843 E QplClient: (com.oculus.socialplatform) MarkerAnnotation failed!
02-27 23:21:36.993  9722  9843 W REFLECT [RUNTIMEIPC]: !IsClientValid: MarkerAnnotation
02-27 23:21:36.993  9722  9843 E QplClient: (com.oculus.socialplatform) MarkerAnnotation failed!
02-27 23:21:36.995 10095 10193 W REFLECT [RUNTIMEIPC]: UpdateServerStateValue name:'RigidBodyStates' buffer == nullptr
02-27 23:21:36.997  1753 10694 W CompositorClient: FrameTiming: firstDisplayVsync for client 21 (isPrimary=1) FrameIndex = 6247 is outrageously early 13098, base 610, flushing
02-27 23:21:37.000 10095 10193 W REFLECT [RUNTIMEIPC]: UpdateServerStateValue name:'RigidBodyStates' buffer == nullptr
02-27 23:21:37.004  1753 10694 W CompositorClient: FrameTiming: firstDisplayVsync for client 21 (isPrimary=1) FrameIndex = 6247 is outrageously early 13098, base 610, flushing
02-27 23:21:37.004  1753 10694 W CompositorClient: FrameTiming: firstDisplayVsync for client 21 (isPrimary=1) FrameIndex = 6248 is outrageously early 13098, base 610, flushing
02-27 23:21:37.005 10095 10193 W REFLECT [RUNTIMEIPC]: UpdateServerStateValue name:'RigidBodyStates' buffer == nullptr
02-27 23:21:37.011  1753 10694 W CompositorClient: FrameTiming: firstDisplayVsync for client 21 (isPrimary=1) FrameIndex = 6248 is outrageously early 13098, base 611, flushing
02-27 23:21:37.011 10095 10193 W REFLECT [RUNTIMEIPC]: UpdateServerStateValue name:'RigidBodyStates' buffer == nullptr
02-27 23:21:37.016 10095 10193 W REFLECT [RUNTIMEIPC]: UpdateServerStateValue name:'RigidBodyStates' buffer == nullptr
02-27 23:21:37.017  1753 10694 W CompositorClient: FrameTiming: firstDisplayVsync for client 21 (isPrimary=1) FrameIndex = 6248 is outrageously early 13098, base 611, flushing
02-27 23:21:37.018  1753 10694 W CompositorClient: FrameTiming: firstDisplayVsync for client 21 (isPrimary=1) FrameIndex = 6249 is outrageously early 13098, base 611, flushing
02-27 23:21:37.021 10095 10193 W REFLECT [RUNTIMEIPC]: UpdateServerStateValue name:'RigidBodyStates' buffer == nullptr
02-27 23:21:37.025  1753 10694 W CompositorClient: FrameTiming: firstDisplayVsync for client 21 (isPrimary=1) FrameIndex = 6249 is outrageously early 13098, base 612, flushing
02-27 23:21:37.026 10095 10193 W REFLECT [RUNTIMEIPC]: UpdateServerStateValue name:'RigidBodyStates' buffer == nullptr
02-27 23:21:37.026 10095 10193 W REFLECT [RUNTIMEIPC]: UpdateServerStateValue name:'AnchorStates' buffer == nullptr
02-27 23:21:37.031  1753 10694 W CompositorClient: FrameTiming: firstDisplayVsync for client 21 (isPrimary=1) FrameIndex = 6249 is outrageously early 13098, base 612, flushing
02-27 23:21:37.031 10095 10193 W REFLECT [RUNTIMEIPC]: UpdateServerStateValue name:'RigidBodyStates' buffer == nullptr
02-27 23:21:37.032  1753 10694 W CompositorClient: FrameTiming: firstDisplayVsync for client 21 (isPrimary=1) FrameIndex = 6250 is outrageously early 13098, base 612, flushing
02-27 23:21:37.037 10095 10193 W REFLECT [RUNTIMEIPC]: UpdateServerStateValue name:'RigidBodyStates' buffer == nullptr
02-27 23:21:37.039  1753 10694 W CompositorClient: FrameTiming: firstDisplayVsync for client 21 (isPrimary=1) FrameIndex = 6250 is outrageously early 13098, base 613, flushing
02-27 23:21:37.042 10095 10193 W REFLECT [RUNTIMEIPC]: UpdateServerStateValue name:'RigidBodyStates' buffer == nullptr
02-27 23:21:37.045  1753 10694 W CompositorClient: FrameTiming: firstDisplayVsync for client 21 (isPrimary=1) FrameIndex = 6250 is outrageously early 13098, base 613, flushing
02-27 23:21:37.046  1753 10694 W CompositorClient: FrameTiming: firstDisplayVsync for client 21 (isPrimary=1) FrameIndex = 6251 is outrageously early 13098, base 613, flushing
02-27 23:21:37.047 10095 10193 W REFLECT [RUNTIMEIPC]: UpdateServerStateValue name:'RigidBodyStates' buffer == nullptr
