02-08 21:41:22.080  4614 20923 I CCodec  : Created component [c2.android.vorbis.decoder]
02-08 21:41:22.080  4614 20923 D CCodecConfig: read media type: audio/vorbis
02-08 21:41:22.084  4614 20923 D ReflectedParamUpdater: extent() != 1 for single value type: algo.buffers.max-count.values
02-08 21:41:22.084  4614 20923 D ReflectedParamUpdater: extent() != 1 for single value type: output.subscribed-indices.values
02-08 21:41:22.084  4614 20923 D ReflectedParamUpdater: extent() != 1 for single value type: input.buffers.allocator-ids.values
02-08 21:41:22.085  4614 20923 D ReflectedParamUpdater: extent() != 1 for single value type: output.buffers.allocator-ids.values
02-08 21:41:22.085  4614 20923 D ReflectedParamUpdater: extent() != 1 for single value type: algo.buffers.allocator-ids.values
02-08 21:41:22.085  4614 20923 D ReflectedParamUpdater: extent() != 1 for single value type: output.buffers.pool-ids.values
02-08 21:41:22.085  4614 20923 D ReflectedParamUpdater: extent() != 1 for single value type: algo.buffers.pool-ids.values
02-08 21:41:22.085  4614 20923 I CCodecConfig: query failed after returning 7 values (BAD_INDEX)
02-08 21:41:22.085  4614 20923 D CCodecConfig: c2 config diff is Dict {
02-08 21:41:22.085  4614 20923 D CCodecConfig:   c2::u32 coded.bitrate.value = 64000
02-08 21:41:22.085  4614 20923 D CCodecConfig:   c2::u32 input.buffers.max-size.value = 32768
02-08 21:41:22.085  4614 20923 D CCodecConfig:   c2::u32 input.delay.value = 0
02-08 21:41:22.085  4614 20923 D CCodecConfig:   string input.media-type.value = "audio/vorbis"
02-08 21:41:22.085  4614 20923 D CCodecConfig:   string output.media-type.value = "audio/raw"
02-08 21:41:22.085  4614 20923 D CCodecConfig:   c2::u32 raw.channel-count.value = 1
02-08 21:41:22.085  4614 20923 D CCodecConfig:   c2::u32 raw.sample-rate.value = 48000
02-08 21:41:22.085  4614 20923 D CCodecConfig: }
02-08 21:41:22.086  4614 20923 D CCodecConfig: no c2 equivalents for durationUs
02-08 21:41:22.086  4614 20923 D CCodecConfig: no c2 equivalents for csd-1
02-08 21:41:22.086  4614 20923 D CCodecConfig: no c2 equivalents for track-id
02-08 21:41:22.086  4614 20923 D CCodecConfig: no c2 equivalents for channel-mask
02-08 21:41:22.086  4614 20923 D CCodecConfig: c2 config diff is   c2::u32 raw.channel-count.value = 2
02-08 21:41:22.086  4614 20923 D CCodecConfig:   c2::u32 raw.sample-rate.value = 44100
02-08 21:41:22.086  4614 20923 W Codec2Client: query -- param skipped: index = 1107298332.
02-08 21:41:22.086  4614 20923 D CCodec  : setup formats input: AMessage(what = 0x00000000) = {
02-08 21:41:22.086  4614 20923 D CCodec  :   int32_t channel-count = 2
02-08 21:41:22.086  4614 20923 D CCodec  :   int32_t max-input-size = 32768
02-08 21:41:22.086  4614 20923 D CCodec  :   string mime = "audio/vorbis"
02-08 21:41:22.086  4614 20923 D CCodec  :   int32_t sample-rate = 44100
02-08 21:41:22.086  4614 20923 D CCodec  : } and output: AMessage(what = 0x00000000) = {
02-08 21:41:22.086  4614 20923 D CCodec  :   int32_t channel-count = 2
02-08 21:41:22.086  4614 20923 D CCodec  :   string mime = "audio/raw"
02-08 21:41:22.086  4614 20923 D CCodec  :   int32_t sample-rate = 44100
02-08 21:41:22.086  4614 20923 D CCodec  :   int32_t channel-mask = 3
02-08 21:41:22.086  4614 20923 D CCodec  : }
02-08 21:41:22.099  2149  2657 I FileCapture: broadcast capture state to AUI running = false, with mode -1
02-08 21:41:22.099  3797  3797 D [SEO] ShellControlBroadcastReceiver: onReceive with MainActivity native pointer 3865081056, action com.oculus.systemactivities.CAPTURE_STATE_UPDATE
02-08 21:41:22.099  3797  3797 D [SEO] ShellControlBroadcastReceiver: isLaunchAction = false, isTrustedAppLaunch = false
02-08 21:41:22.099  3797  3797 D [SEO] ShellControlBroadcastReceiver: IsCaptureStateUpdateAction
02-08 21:41:22.100 18403 20925 I chatty  : uid=10026 com.oculus.systemux:SystemUX expire 24 lines
02-08 21:41:22.101   860  1834 V C2Store : in init
02-08 21:41:22.101   860  1834 V C2Store : loading dll
02-08 21:41:22.106  3835  3835 D DeviceHelper: isScreenOn = true
02-08 21:41:22.106  3835  3835 D [OAO] ShellOverlayBroadcastReceiver: onReceive with ShellOverlayService native pointer 3674110656, action com.oculus.systemactivities.CAPTURE_STATE_UPDATE
02-08 21:41:22.109  2149  2657 I OVRMediaServiceManager: Metacam is enabled.
02-08 21:41:22.113  4614 20923 W Codec2Client: query -- param skipped: index = 1342179345.
02-08 21:41:22.113  4614 20923 W Codec2Client: query -- param skipped: index = 2415921170.
02-08 21:41:22.114  4614 20923 D CCodecBufferChannel: [c2.android.vorbis.decoder#300] Created input block pool with allocatorID 16 => poolID 76 - OK (0)
02-08 21:41:22.114   860 20926 D SimpleC2Component: Using output block pool with poolID 176 => got 176 - 0
02-08 21:41:22.115  4614 20923 I CCodecBufferChannel: [c2.android.vorbis.decoder#300] Created output block pool with allocatorID 16 => poolID 177 - OK
02-08 21:41:22.115  4614 20923 D CCodecBufferChannel: [c2.android.vorbis.decoder#300] Configured output block pool ids 177 => OK
02-08 21:41:22.117   839  1945 D MediaBufferGroup: creating MemoryDealer
02-08 21:41:22.121   860 20924 D SimpleC2Component: Using output block pool with poolID 177 => got 177 - 0
02-08 21:41:22.134   860   860 D BufferPoolAccessor: Destruction - bufferpool2 0x2bdd514630 cached: 0/0M, 0/0% in use; allocs: 0, 0% recycled; transfers: 0, 0% unfetced
02-08 21:41:22.135   860   860 V C2Store : in ~ComponentModule
02-08 21:41:22.135   860   860 V C2Store : unloading dll
02-08 21:41:22.140  2024  2024 I chatty  : uid=10025(com.oculus.systemdriver) com.oculus.vrruntimeservice expire 1 line
02-08 21:41:22.141  2024  3485 I chatty  : uid=10025(com.oculus.systemdriver) Binder:2024_6 expire 1 line
02-08 21:41:22.141   883  5113 W TrackingService: attachClient: found client in attached list
02-08 21:41:22.142   883  5113 D TrackingService: getSharedMemory: com.oculus.systemdriver, HeadTracker
02-08 21:41:22.143   883  1355 W TrackingService: attachClient: found client in attached list
02-08 21:41:22.144   883  1355 D TrackingService: getSharedMemory: com.oculus.shellenv, HeadTracker
02-08 21:41:22.145   883  5113 W TrackingService: attachClient: found client in attached list
02-08 21:41:22.145   883  5113 D TrackingService: getSharedMemory: com.oculus.vrshell, HeadTracker
02-08 21:41:22.146   883  1355 W TrackingService: attachClient: found client in attached list
02-08 21:41:22.146   883  1355 D TrackingService: getSharedMemory: com.oculus.guardian, HeadTracker
02-08 21:41:22.171   860  5273 V C2Store : in ~ComponentModule
02-08 21:41:22.171   860  5273 V C2Store : unloading dll
02-08 21:41:22.258  1029  9685 I DisplayManagerService: Display device added: DisplayDeviceInfo{"com.oculus.android_panel_app.AndroidPanelLayer-#main": uniqueId="virtual:com.oculus.systemux,10026,com.oculus.android_panel_app.AndroidPanelLayer-#main,0", 840 x 1250, modeId 185, defaultModeId 185, supportedModes [{id=185, width=840, height=1250, fps=60.0}], colorMode 0, supportedColorModes [0], HdrCapabilities null, density 200, 200.0 x 200.0 dpi, appVsyncOff 0, presDeadline 16666666, touch NONE, rotation 0, type VIRTUAL, state OFF, owner com.oculus.systemux (uid 10026), FLAG_PRIVATE, FLAG_NEVER_BLANK, FLAG_OWN_CONTENT_ONLY}
02-08 21:41:22.267  1029  1051 W InputReader: Device has associated, but no associated display id.
02-08 21:41:22.271  1029  1053 W InputReader: Device has associated, but no associated display id.
02-08 21:41:22.271  1029  1053 I ActivityTaskManager: Override config changes=20005df8 {0.0 ?mcc?mnc ?localeList ?layoutDir sw672dp w672dp h1000dp 200dpi lrg port ?uimode ?night -touch qwerty/v/v -nav/h winConfig={ mBounds=Rect(0, 0 - 840, 1250) mAppBounds=Rect(0, 0 - 840, 1250) mWindowingMode=fullscreen mDisplayWindowingMode=fullscreen mActivityType=undefined mAlwaysOnTop=undefined mRotation=ROTATION_0}} for displayId=124
02-08 21:41:22.274 18403 20931 I chatty  : uid=10026(com.oculus.systemux) HyperspaceClien expire 25 lines
02-08 21:41:22.275  1029  3179 W ActivityManager: Unable to start service Intent { cmp=com.oculus.presence/.service.PresenceService } U=0: not found
02-08 21:41:22.282  3166 18317 D RPCServer [RUNTIMEIPC]: ConnectClient: Client: com.oculus.systemux:com.oculus.systemux:SystemUX:18403, Server: com.oculus.presence:com.oculus.presence (PresenceServer)
02-08 21:41:22.282  3166 18317 I IPCSharedMemory_Internal [RUNTIMEIPC]: CreateSharedMemory: Allocated shared memory fd 98 (ipcStateReadWrite)
02-08 21:41:22.286  3166 18317 I IPCSharedMemory_Internal [RUNTIMEIPC]: CreateSharedMemory: Allocated shared memory fd 99 (ipcReadOnlyState)
02-08 21:41:22.286  3166 18317 I RPCClientHandler [RUNTIMEIPC]: Event buffer size (server): 8192
02-08 21:41:22.287  3166 18317 I IPCSharedMemory_Internal [RUNTIMEIPC]: CreateSharedMemory: Allocated shared memory fd 100 (ipcEventBuffer)
02-08 21:41:22.287  3166 18317 I IPCSharedMemory_Internal [RUNTIMEIPC]: CreateSharedMemory: Allocated shared memory fd 101 (ipcEventBuffer_Private)
02-08 21:41:22.287  3166 18317 W RPCServer [RUNTIMEIPC]: HandleClientConnect: Failed to register client event subscription: Client: com.oculus.systemux:com.oculus.systemux:SystemUX:18403, Server: com.oculus.presence:com.oculus.presence (PresenceServer)
02-08 21:41:22.290  3166 18317 I RuntimeIPCServerMgr [RUNTIMEIPC]: HandleClientConnect SUCCESS: Client: com.oculus.systemux:com.oculus.systemux:SystemUX:18403, Server: com.oculus.presence:com.oculus.presence (PresenceServer)
02-08 21:41:22.295  1029  9685 I DisplayManagerService: Display device removed: DisplayDeviceInfo{"com.oculus.android_panel_app.AndroidPanelLayer-#main": uniqueId="virtual:com.oculus.systemux,10026,com.oculus.android_panel_app.AndroidPanelLayer-#main,0", 840 x 1250, modeId 185, defaultModeId 185, supportedModes [{id=185, width=840, height=1250, fps=60.0}], colorMode 0, supportedColorModes [0], HdrCapabilities null, density 200, 200.0 x 200.0 dpi, appVsyncOff 0, presDeadline 16666666, touch NONE, rotation 0, type VIRTUAL, state OFF, owner com.oculus.systemux (uid 10026), FLAG_PRIVATE, FLAG_NEVER_BLANK, FLAG_OWN_CONTENT_ONLY}
02-08 21:41:22.296  1029  9685 I DisplayManagerService: Display device added: DisplayDeviceInfo{"com.oculus.android_panel_app.AndroidPanelLayer-#main": uniqueId="virtual:com.oculus.systemux,10026,com.oculus.android_panel_app.AndroidPanelLayer-#main,0", 840 x 110, modeId 186, defaultModeId 186, supportedModes [{id=186, width=840, height=110, fps=60.0}], colorMode 0, supportedColorModes [0], HdrCapabilities null, density 200, 200.0 x 200.0 dpi, appVsyncOff 0, presDeadline 16666666, touch NONE, rotation 0, type VIRTUAL, state OFF, owner com.oculus.systemux (uid 10026), FLAG_PRIVATE, FLAG_NEVER_BLANK, FLAG_OWN_CONTENT_ONLY}
02-08 21:41:22.297  3166  3195 I RPCServer [RUNTIMEIPC]: GetServerStatesConfig -> {MaxBufferSize=32768, MaxEntries=64}
02-08 21:41:22.303  1804  1804 D OculusNotificationListenerService: Notification posted: 0|com.oculus.presence|50001|null|10070
02-08 21:41:22.305  1029  1798 W ActivityManager: Unable to start service Intent { cmp=com.oculus.presence/.service.PresenceService } U=0: not found
02-08 21:41:22.311  1029  1051 W InputReader: Device has associated, but no associated display id.
02-08 21:41:22.311 18403 20934 I chatty  : uid=10026(com.oculus.systemux) pool-24-thread- expire 4 lines
02-08 21:41:22.315  3166  3195 D RPCServer [RUNTIMEIPC]: ConnectClient: Client: com.oculus.systemux:com.oculus.systemux:SystemUX:18403, Server: com.oculus.presence:com.oculus.presence (PubSubServer)
02-08 21:41:22.318  1029  1053 W InputReader: Device has associated, but no associated display id.
02-08 21:41:22.318  1029  1053 I ActivityTaskManager: Override config changes=20005df8 {0.0 ?mcc?mnc ?localeList ?layoutDir sw88dp w672dp h88dp 200dpi nrml long land ?uimode ?night -touch qwerty/v/v -nav/h winConfig={ mBounds=Rect(0, 0 - 840, 110) mAppBounds=Rect(0, 0 - 840, 110) mWindowingMode=fullscreen mDisplayWindowingMode=fullscreen mActivityType=undefined mAlwaysOnTop=undefined mRotation=ROTATION_0}} for displayId=125
02-08 21:41:22.320  3166  3195 I IPCSharedMemory_Internal [RUNTIMEIPC]: CreateSharedMemory: Allocated shared memory fd 103 (ipcStateReadWrite)
02-08 21:41:22.321  3166  3195 I IPCSharedMemory_Internal [RUNTIMEIPC]: CreateSharedMemory: Allocated shared memory fd 104 (ipcReadOnlyState)
02-08 21:41:22.321  3166  3195 I RPCClientHandler [RUNTIMEIPC]: Event buffer size (server): 8192
02-08 21:41:22.321  3166  3195 I IPCSharedMemory_Internal [RUNTIMEIPC]: CreateSharedMemory: Allocated shared memory fd 107 (ipcEventBuffer)
02-08 21:41:22.321  3166  3195 I IPCSharedMemory_Internal [RUNTIMEIPC]: CreateSharedMemory: Allocated shared memory fd 108 (ipcEventBuffer_Private)
02-08 21:41:22.321  3166  3195 W RPCServer [RUNTIMEIPC]: HandleClientConnect: Failed to register client event subscription: Client: com.oculus.systemux:com.oculus.systemux:SystemUX:18403, Server: com.oculus.presence:com.oculus.presence (PubSubServer)
02-08 21:41:22.321  3166  3195 I RuntimeIPCServerMgr [RUNTIMEIPC]: HandleClientConnect SUCCESS: Client: com.oculus.systemux:com.oculus.systemux:SystemUX:18403, Server: com.oculus.presence:com.oculus.presence (PubSubServer)
02-08 21:41:22.322  3166 18317 I RPCServer [RUNTIMEIPC]: GetServerStatesConfig -> {MaxBufferSize=32768, MaxEntries=64}
02-08 21:41:22.322  3835  3835 D VrNotificationAnalytics: logNotificationPosted: key(0|com.oculus.presence|50001|null|10070), type(first_party_unspecified), isToast(false)
02-08 21:41:22.326  3835  3835 I [OAO] VrNotificationListenerService: onNotificationPosted() - key = 0|com.oculus.presence|50001|null|10070, type = first_party_unspecified, isToast = false, isBlocked with reason = true Blocked by does not contain all markers for a toast notification
02-08 21:41:22.328   917  4866 D xrspd   : setALEnabled 0
02-08 21:41:22.328   917  4866 D xrspd   : setAlinkEnabledCallback disabled, already using usb, ignoring
02-08 21:41:22.335  3797  4689 I [SEO] PanelRenderLayer: ResetSurface #main 0 x 0 - shape:0 stereo:0
02-08 21:41:22.344  1804  1804 D OculusNotificationListenerService: Notification posted: 0|com.oculus.presence|50001|null|10070
02-08 21:41:22.346  3835  3835 D VrNotificationAnalytics: logNotificationPosted: key(0|com.oculus.presence|50001|null|10070), type(first_party_unspecified), isToast(false)
02-08 21:41:22.347  3835  3835 I [OAO] VrNotificationListenerService: onNotificationPosted() - key = 0|com.oculus.presence|50001|null|10070, type = first_party_unspecified, isToast = false, isBlocked with reason = true Blocked by does not contain all markers for a toast notification
02-08 21:41:22.367  1029  1053 I DisplayManagerService: Display device changed state: "com.oculus.android_panel_app.AndroidPanelLayer-#main", ON
02-08 21:41:22.369  3797  4689 I [SEO] PanelAppHost: Setting panel layer visibility of layer "#main" to invisible, panel 40 (com.oculus.systemux/com.oculus.panelapp.anytimeui.AnytimeUIAndroidPanelService)
02-08 21:41:22.369  3797  4689 I [SEO] PanelAppHost: Resize layer #main to size 840 x 110 shape: 1 stereo: 0, panel 40 (com.oculus.systemux/com.oculus.panelapp.anytimeui.AnytimeUIAndroidPanelService)
02-08 21:41:22.369  3797  4689 I [SEO] PanelRenderLayer: ResetSurface #main 840 x 110 - shape:1 stereo:0
02-08 21:41:22.369  3797  3817 W REFLECT [RUNTIMEIPC]: !IsClientValid: MarkerEnd
02-08 21:41:22.369  3797  3817 E QplClient: (com.oculus.vrshell) MarkerEnd failed!
02-08 21:41:22.374  1029  3179 E WindowManager: App trying to use insecure INPUT_FEATURE_NO_INPUT_CHANNEL flag. Ignoring
02-08 21:41:22.381  3797  4689 I [SEO] PanelAppAnalytics: First frame latency: 0.684 for id 40 com.oculus.systemux/com.oculus.panelapp.anytimeui.AnytimeUIAndroidPanelService
02-08 21:41:22.381  3797  4689 I [SEO] LayerSwapChainResource: LayerSwapChainResource 840,110 : 3
02-08 21:41:22.382  2024  4686 W SwapChain_Vulkan_Foveated: ExportTextureResourcesFoveationVulkan: chain->VkInteropFoveation.Device == nullptr
02-08 21:41:22.382  2024  4686 W SwapChain: CreateTextureSwapChainFoveation: export failed
02-08 21:41:22.382  2024  4686 I VrRuntimeServer: CreateTextureSwapChain: result importswapchaingles 1
02-08 21:41:22.383  4614  4770 I SwapChain_Vulkan_Memory_Export: Imported texture has requirements 3, ends up index 0
02-08 21:41:22.383  4614  4770 I chatty  : uid=10014(com.oculus.shellenv) Thread-25 identical 1 line
02-08 21:41:22.383  4614  4770 I SwapChain_Vulkan_Memory_Export: Imported texture has requirements 3, ends up index 0
02-08 21:41:22.383  4614  4770 W VrRuntimeClient: CreateTextureSwapChain: Failed to import foveation swapchain
02-08 21:41:22.385  2024  4686 I VrRuntimeService: UpdateSwapChainSamplerState: 497
02-08 21:41:22.385  2024  4686 I VrRuntimeService: UpdateSwapChainSamplerState: minFilter=1 magFilter=1 wrapModeS=3 warpModeT=3 maxAniso=1.000000 border={0.000000,0.000000,0.000000,0.000000} swizzle={0,1,2,3}
02-08 21:41:22.388  2024 20102 I CompositorVR: WarpToScreen: Skipping frames for 25
02-08 21:41:22.398   544   544 I hwservicemanager: getTransport: Cannot find entry vendor.oculus.hardware.backlight@1.0::IBacklight/default in either framework or device manifest.
02-08 21:41:22.399   544   544 I hwservicemanager: getTransport: Cannot find entry vendor.oculus.hardware.backlight@1.0::IBacklight/default in either framework or device manifest.
02-08 21:41:22.399  2024 20102 I CompositorVR: WarpToScreen: Skipping frames for 25
02-08 21:41:22.410  2024 20102 I CompositorVR: WarpToScreen: Skipping frames for 25
02-08 21:41:22.421  2024 20102 I CompositorVR: WarpToScreen: Skipping frames for 25
02-08 21:41:22.427  3166 10219 I RPCServer [RUNTIMEIPC]: GetServerStatesConfig -> {MaxBufferSize=32768, MaxEntries=64}
02-08 21:41:22.429  4614 20938 D CCodec  : allocate(c2.android.vorbis.decoder)
02-08 21:41:22.429   860  5273 V C2Store : in init
02-08 21:41:22.429   860  5273 V C2Store : loading dll
02-08 21:41:22.433  2024 20102 I CompositorVR: WarpToScreen: Skipping frames for 25
02-08 21:41:22.435  4614 20938 I CCodec  : Created component [c2.android.vorbis.decoder]
02-08 21:41:22.437  4614 20938 D CCodecConfig: read media type: audio/vorbis
02-08 21:41:22.439  4614 20938 D ReflectedParamUpdater: extent() != 1 for single value type: algo.buffers.max-count.values
02-08 21:41:22.439  4614 20938 D ReflectedParamUpdater: extent() != 1 for single value type: output.subscribed-indices.values
02-08 21:41:22.439  4614 20938 D ReflectedParamUpdater: extent() != 1 for single value type: input.buffers.allocator-ids.values
02-08 21:41:22.439  4614 20938 D ReflectedParamUpdater: extent() != 1 for single value type: output.buffers.allocator-ids.values
02-08 21:41:22.440  4614 20938 D ReflectedParamUpdater: extent() != 1 for single value type: algo.buffers.allocator-ids.values
02-08 21:41:22.440  4614 20938 D ReflectedParamUpdater: extent() != 1 for single value type: output.buffers.pool-ids.values
02-08 21:41:22.440  4614 20938 D ReflectedParamUpdater: extent() != 1 for single value type: algo.buffers.pool-ids.values
02-08 21:41:22.442  4614 20938 I CCodecConfig: query failed after returning 7 values (BAD_INDEX)
02-08 21:41:22.442  4614 20938 D CCodecConfig: c2 config diff is Dict {
02-08 21:41:22.442  4614 20938 D CCodecConfig:   c2::u32 coded.bitrate.value = 64000
02-08 21:41:22.442  4614 20938 D CCodecConfig:   c2::u32 input.buffers.max-size.value = 32768
02-08 21:41:22.442  4614 20938 D CCodecConfig:   c2::u32 input.delay.value = 0
02-08 21:41:22.442  4614 20938 D CCodecConfig:   string input.media-type.value = "audio/vorbis"
02-08 21:41:22.442  4614 20938 D CCodecConfig:   string output.media-type.value = "audio/raw"
02-08 21:41:22.442  4614 20938 D CCodecConfig:   c2::u32 raw.channel-count.value = 1
02-08 21:41:22.442  4614 20938 D CCodecConfig:   c2::u32 raw.sample-rate.value = 48000
02-08 21:41:22.442  4614 20938 D CCodecConfig: }
02-08 21:41:22.442  4614 20938 D CCodecConfig: no c2 equivalents for durationUs
02-08 21:41:22.442  4614 20938 D CCodecConfig: no c2 equivalents for csd-1
02-08 21:41:22.442  4614 20938 D CCodecConfig: no c2 equivalents for track-id
02-08 21:41:22.442  4614 20938 D CCodecConfig: no c2 equivalents for channel-mask
02-08 21:41:22.443  4614 20938 D CCodecConfig: c2 config diff is   c2::u32 raw.channel-count.value = 2
02-08 21:41:22.443  4614 20938 D CCodecConfig:   c2::u32 raw.sample-rate.value = 44100
02-08 21:41:22.443  4614 20938 W Codec2Client: query -- param skipped: index = 1107298332.
02-08 21:41:22.443  4614 20938 D CCodec  : setup formats input: AMessage(what = 0x00000000) = {
02-08 21:41:22.443  4614 20938 D CCodec  :   int32_t channel-count = 2
02-08 21:41:22.443  4614 20938 D CCodec  :   int32_t max-input-size = 32768
02-08 21:41:22.443  4614 20938 D CCodec  :   string mime = "audio/vorbis"
02-08 21:41:22.443  4614 20938 D CCodec  :   int32_t sample-rate = 44100
02-08 21:41:22.443  4614 20938 D CCodec  : } and output: AMessage(what = 0x00000000) = {
02-08 21:41:22.443  4614 20938 D CCodec  :   int32_t channel-count = 2
02-08 21:41:22.443  4614 20938 D CCodec  :   string mime = "audio/raw"
02-08 21:41:22.443  4614 20938 D CCodec  :   int32_t sample-rate = 44100
02-08 21:41:22.443  4614 20938 D CCodec  :   int32_t channel-mask = 3
02-08 21:41:22.443  4614 20938 D CCodec  : }
02-08 21:41:22.444  2024 20102 I CompositorVR: WarpToScreen: Skipping frames for 25
02-08 21:41:22.455  2024 20102 I CompositorVR: WarpToScreen: Skipping frames for 25
02-08 21:41:22.457  3797  4689 I [SEO] PanelAppHost: Setting panel layer visibility of layer "#main" to visible, panel 40 (com.oculus.systemux/com.oculus.panelapp.anytimeui.AnytimeUIAndroidPanelService)
02-08 21:41:22.458   860   995 V C2Store : in ~ComponentModule
02-08 21:41:22.458   860   995 V C2Store : unloading dll
02-08 21:41:22.466  2024 20102 I CompositorVR: WarpToScreen: Skipping frames for 25
02-08 21:41:22.477 18403 18403 I chatty  : uid=10026 com.oculus.systemux:SystemUX expire 8 lines
02-08 21:41:22.477 18403 18403 V [SUI] RawSettingsItem: valueFetcher is empty for id: select_remote_keyboard
02-08 21:41:22.477 18403 18403 V [SUI] RawSettingsItem: valueFetcher is empty for id: pin_reauth_apps_lock
02-08 21:41:22.477 18403 18403 V [SUI] RawSettingsItem: visibilityFetcher is empty for id: about_health_and_safety_video
02-08 21:41:22.477 18403 18403 V [SUI] RawSettingsItem: valueFetcher is empty for id: about_health_and_safety_video
02-08 21:41:22.477  2024 20102 I CompositorVR: WarpToScreen: Skipping frames for 25
02-08 21:41:22.478 18403 18403 I [SUI] ConsumerConfiguration: Setting SystemUX Configuration and Policy Settings.
02-08 21:41:22.478 18403 18403 V [SUI] RawSettingsItem: valueFetcher is empty for id: video_capture_reset_experimental_to_default
02-08 21:41:22.478 18403 18403 V [SUI] RawSettingsItem: visibilityFetcher is empty for id: devices_mouse_section
02-08 21:41:22.478  4614 20941 D CCodec  : allocate(c2.android.vorbis.decoder)
02-08 21:41:22.478 18403 18403 V [SUI] RawSettingsItem: valueFetcher is empty for id: devices_mouse_section
02-08 21:41:22.479 18403 18403 V [SUI] RawSettingsItem: valueFetcher is empty for id: controllers_controller_calibration_forward_direction
02-08 21:41:22.479 18403 18403 V [SUI] RawSettingsItem: valueFetcher is empty for id: guardian_double_tap_config
02-08 21:41:22.479 18403 18403 V [SUI] RawSettingsItem: valueFetcher is empty for id: idle_shutdown_time
02-08 21:41:22.479 18403 18403 V [SUI] RawSettingsItem: visibilityFetcher is empty for id: phone_notifications_enabled_all_apps
02-08 21:41:22.479 18403 18403 V [SUI] RawSettingsItem: valueFetcher is empty for id: phone_notifications_enabled_all_apps
02-08 21:41:22.479 18403 18403 V [SUI] RawSettingsItem: visibilityFetcher is empty for id: headset_distance_sensitivity
02-08 21:41:22.479 18403 18403 V [SUI] RawSettingsItem: valueFetcher is empty for id: headset_distance_sensitivity
02-08 21:41:22.479 18403 18403 V [SUI] RawSettingsItem: visibilityFetcher is empty for id: sys_utils_redesign_menu_guardian_adjust_guardian
02-08 21:41:22.479 18403 18403 V [SUI] RawSettingsItem: valueFetcher is empty for id: sys_utils_redesign_menu_guardian_adjust_guardian
02-08 21:41:22.479   860   995 V C2Store : in init
02-08 21:41:22.479   860   995 V C2Store : loading dll
02-08 21:41:22.479 18403 18403 V [SUI] RawSettingsItem: visibilityFetcher is empty for id: software_update
02-08 21:41:22.479 18403 18403 V [SUI] RawSettingsItem: valueFetcher is empty for id: software_update
02-08 21:41:22.479 18403 18403 V [SUI] RawSettingsItem: visibilityFetcher is empty for id: auto_wake
02-08 21:41:22.479 18403 18403 V [SUI] RawSettingsItem: valueFetcher is empty for id: auto_wake
02-08 21:41:22.479 18403 18403 V [SUI] RawSettingsItem: visibilityFetcher is empty for id: accessibility_font_size
02-08 21:41:22.479 18403 18403 V [SUI] RawSettingsItem: valueFetcher is empty for id: accessibility_font_size
02-08 21:41:22.481 18403 18403 I [SUI] ConsumerConfiguration: Setting SystemUX Configuration and Policy Settings.
02-08 21:41:22.481 18403 18403 D [SUI] SettingsSectionUtil: Should Show Voice Commands Section SystemUXConfig is Voice Command UI Enabled: false
02-08 21:41:22.481 18403 18403 V [SUI] RawSettingsItem: valueFetcher is empty for id: bounds_pulse_toggle
02-08 21:41:22.481 18403 18403 V [SUI] RawSettingsItem: valueFetcher is empty for id: intrusion_detection_boundary_sensitivity
02-08 21:41:22.481 18403 18403 V [SUI] RawSettingsItem: visibilityFetcher is empty for id: privacy_share_spatial_data
02-08 21:41:22.481 18403 18403 V [SUI] RawSettingsItem: visibilityFetcher is empty for id: devices_keyboard_section
02-08 21:41:22.481 18403 18403 V [SUI] RawSettingsItem: valueFetcher is empty for id: devices_keyboard_section
02-08 21:41:22.482  4614 20941 I CCodec  : Created component [c2.android.vorbis.decoder]
02-08 21:41:22.482 18403 18403 I [SUI] ConsumerConfiguration: Setting SystemUX Configuration and Policy Settings.
02-08 21:41:22.482 18403 18403 D [SUI] SettingsSectionUtil: Should Show Voice Commands Section SystemUXConfig is Voice Command UI Enabled: false
02-08 21:41:22.482 18403 18403 V [SUI] RawSettingsItem: visibilityFetcher is empty for id: mobility_input_haptics_amplitude
02-08 21:41:22.482 18403 18403 V [SUI] RawSettingsItem: valueFetcher is empty for id: mobility_input_haptics_amplitude
02-08 21:41:22.482 18403 18403 V [SUI] RawSettingsItem: valueFetcher is empty for id: window_color
02-08 21:41:22.482 18403 18403 V [SUI] RawSettingsItem: valueFetcher is empty for id: caption_text_background_color
02-08 21:41:22.482 18403 18403 V [SUI] RawSettingsItem: visibilityFetcher is empty for id: system_about_section
02-08 21:41:22.482 18403 18403 V [SUI] RawSettingsItem: valueFetcher is empty for id: system_about_section
02-08 21:41:22.482  4614 20941 D CCodecConfig: read media type: audio/vorbis
02-08 21:41:22.483 18403 18403 I [SUI] ConsumerConfiguration: Setting SystemUX Configuration and Policy Settings.
02-08 21:41:22.483 18403 18403 D [SUI] SettingsSectionUtil: Should Show Voice Commands Section SystemUXConfig is Voice Command UI Enabled: false
02-08 21:41:22.483 18403 18403 V [SUI] RawSettingsItem: valueFetcher is empty for id: mtp_dialog_toggle
02-08 21:41:22.483 18403 18403 V [SUI] RawSettingsItem: valueFetcher is empty for id: environment_location_selector
02-08 21:41:22.483 18403 18403 V [SUI] RawSettingsItem: visibilityFetcher is empty for id: installed_apps
02-08 21:41:22.483 18403 18403 V [SUI] RawSettingsItem: valueFetcher is empty for id: installed_apps
02-08 21:41:22.483 18403 18403 V [SUI] RawSettingsItem: visibilityFetcher is empty for id: sound_do_not_disturb
02-08 21:41:22.483 18403 18403 V [SUI] RawSettingsItem: valueFetcher is empty for id: voice_transcripts_storage
02-08 21:41:22.483 18403 18403 V [SUI] RawSettingsItem: valueFetcher is empty for id: vrs_rewind_toggle
02-08 21:41:22.483 18403 18403 V [SUI] RawSettingsItem: valueFetcher is empty for id: caption_text_size
02-08 21:41:22.483 18403 18403 V [SUI] RawSettingsItem: visibilityFetcher is empty for id: exp_mouse_swap_primary_btn
02-08 21:41:22.483 18403 18403 V [SUI] RawSettingsItem: valueFetcher is empty for id: exp_mouse_swap_primary_btn
02-08 21:41:22.483 18403 18403 V [SUI] RawSettingsItem: visibilityFetcher is empty for id: quest_link
02-08 21:41:22.483 18403 18403 V [SUI] RawSettingsItem: valueFetcher is empty for id: quest_link
02-08 21:41:22.483 18403 18403 V [SUI] RawSettingsItem: valueFetcher is empty for id: environment_furniture_selector
02-08 21:41:22.483 18403 18403 V [SUI] RawSettingsItem: visibilityFetcher is empty for id: controllers_swap_thumbsticks
02-08 21:41:22.483 18403 18403 V [SUI] RawSettingsItem: valueFetcher is empty for id: controllers_swap_thumbsticks
02-08 21:41:22.483 18403 18403 V [SUI] RawSettingsItem: valueFetcher is empty for id: hands_hand_controller_emulation_user_preference
02-08 21:41:22.483 18403 18403 V [SUI] RawSettingsItem: valueFetcher is empty for id: keyboard_autocorrect
02-08 21:41:22.488  4614 20941 D ReflectedParamUpdater: extent() != 1 for single value type: algo.buffers.max-count.values
02-08 21:41:22.488  2024 20102 I CompositorVR: WarpToScreen: Skipping frames for 25
02-08 21:41:22.488  4614 20941 D ReflectedParamUpdater: extent() != 1 for single value type: output.subscribed-indices.values
02-08 21:41:22.489  4614 20941 D ReflectedParamUpdater: extent() != 1 for single value type: input.buffers.allocator-ids.values
02-08 21:41:22.489  4614 20941 D ReflectedParamUpdater: extent() != 1 for single value type: output.buffers.allocator-ids.values
02-08 21:41:22.489  4614 20941 D ReflectedParamUpdater: extent() != 1 for single value type: algo.buffers.allocator-ids.values
02-08 21:41:22.491  4614 20941 D ReflectedParamUpdater: extent() != 1 for single value type: output.buffers.pool-ids.values
02-08 21:41:22.491  4614 20941 D ReflectedParamUpdater: extent() != 1 for single value type: algo.buffers.pool-ids.values
02-08 21:41:22.491  4614 20941 I CCodecConfig: query failed after returning 7 values (BAD_INDEX)
02-08 21:41:22.492  4614 20941 D CCodecConfig: c2 config diff is Dict {
02-08 21:41:22.492  4614 20941 D CCodecConfig:   c2::u32 coded.bitrate.value = 64000
02-08 21:41:22.492  4614 20941 D CCodecConfig:   c2::u32 input.buffers.max-size.value = 32768
02-08 21:41:22.492  4614 20941 D CCodecConfig:   c2::u32 input.delay.value = 0
02-08 21:41:22.492  4614 20941 D CCodecConfig:   string input.media-type.value = "audio/vorbis"
02-08 21:41:22.492  4614 20941 D CCodecConfig:   string output.media-type.value = "audio/raw"
02-08 21:41:22.492  4614 20941 D CCodecConfig:   c2::u32 raw.channel-count.value = 1
02-08 21:41:22.492  4614 20941 D CCodecConfig:   c2::u32 raw.sample-rate.value = 48000
02-08 21:41:22.492  4614 20941 D CCodecConfig: }
02-08 21:41:22.492  4614 20941 D CCodecConfig: no c2 equivalents for durationUs
02-08 21:41:22.492  4614 20941 D CCodecConfig: no c2 equivalents for csd-1
02-08 21:41:22.492  4614 20941 D CCodecConfig: no c2 equivalents for track-id
02-08 21:41:22.492  4614 20941 D CCodecConfig: no c2 equivalents for channel-mask
02-08 21:41:22.492  4614 20941 D CCodecConfig: c2 config diff is   c2::u32 raw.channel-count.value = 2
02-08 21:41:22.492  4614 20941 D CCodecConfig:   c2::u32 raw.sample-rate.value = 44100
02-08 21:41:22.493  4614 20941 W Codec2Client: query -- param skipped: index = 1107298332.
02-08 21:41:22.493  4614 20941 D CCodec  : setup formats input: AMessage(what = 0x00000000) = {
02-08 21:41:22.493  4614 20941 D CCodec  :   int32_t channel-count = 2
02-08 21:41:22.493  4614 20941 D CCodec  :   int32_t max-input-size = 32768
02-08 21:41:22.493  4614 20941 D CCodec  :   string mime = "audio/vorbis"
02-08 21:41:22.493  4614 20941 D CCodec  :   int32_t sample-rate = 44100
02-08 21:41:22.493  4614 20941 D CCodec  : } and output: AMessage(what = 0x00000000) = {
02-08 21:41:22.493  4614 20941 D CCodec  :   int32_t channel-count = 2
02-08 21:41:22.493  4614 20941 D CCodec  :   string mime = "audio/raw"
02-08 21:41:22.493  4614 20941 D CCodec  :   int32_t sample-rate = 44100
02-08 21:41:22.493  4614 20941 D CCodec  :   int32_t channel-mask = 3
02-08 21:41:22.493  4614 20941 D CCodec  : }
02-08 21:41:22.493 18403 18403 V [SUI] RawSettingsItem: valueFetcher is empty for id: privacy_browser_analytics
02-08 21:41:22.493 18403 18403 V [SUI] RawSettingsItem: visibilityFetcher is empty for id: os_version
02-08 21:41:22.493 18403 18403 V [SUI] RawSettingsItem: valueFetcher is empty for id: os_version
02-08 21:41:22.493 18403 18403 V [SUI] RawSettingsItem: visibilityFetcher is empty for id: tracking_frequency
02-08 21:41:22.493 18403 18403 V [SUI] RawSettingsItem: valueFetcher is empty for id: tracking_frequency
02-08 21:41:22.493 18403 18403 V [SUI] RawSettingsItem: valueFetcher is empty for id: accessibility_text_to_speech_enabled
02-08 21:41:22.493 18403 18403 V [SUI] RawSettingsItem: visibilityFetcher is empty for id: system_display_section
02-08 21:41:22.493 18403 18403 V [SUI] RawSettingsItem: valueFetcher is empty for id: system_display_section
02-08 21:41:22.493 18403 18403 V [SUI] RawSettingsItem: visibilityFetcher is empty for id: pairing_code
02-08 21:41:22.493 18403 18403 V [SUI] RawSettingsItem: valueFetcher is empty for id: pairing_code
02-08 21:41:22.493 18403 18403 V [SUI] RawSettingsItem: visibilityFetcher is empty for id: do_not_disturb
02-08 21:41:22.493 18403 18403 V [SUI] RawSettingsItem: valueFetcher is empty for id: do_not_disturb
02-08 21:41:22.493 18403 18403 V [SUI] RawSettingsItem: visibilityFetcher is empty for id: color_correction
02-08 21:41:22.493 18403 18403 V [SUI] RawSettingsItem: valueFetcher is empty for id: color_correction
02-08 21:41:22.494 18403 18403 I [SUI] ConsumerConfiguration: Setting SystemUX Configuration and Policy Settings.
02-08 21:41:22.494 18403 18403 V [SUI] RawSettingsItem: valueFetcher is empty for id: voice_recordings_storage
02-08 21:41:22.495 18403 18403 I [SUI] ConsumerConfiguration: Setting SystemUX Configuration and Policy Settings.
02-08 21:41:22.495 18403 18403 D OculusUserManager: isMultiUserEnabled? UserManager: true
02-08 21:41:22.495 18403 18403 D [SUI] MultiUserManagerHelper: Is Multiuser Enabled SystemUXConfig is MultiUser Enabled: true, OculusManager is MultiUser Enabled: true
02-08 21:41:22.495 18403 18403 D OculusUserManager: isMultiUserEnabled? UserManager: true
02-08 21:41:22.495 18403 18403 V [SUI] RawSettingsItem: visibilityFetcher is empty for id: user_account
02-08 21:41:22.495 18403 18403 V [SUI] RawSettingsItem: valueFetcher is empty for id: user_account
02-08 21:41:22.495 18403 18403 V [SUI] RawSettingsItem: visibilityFetcher is empty for id: about_mac_address
02-08 21:41:22.495 18403 18403 V [SUI] RawSettingsItem: valueFetcher is empty for id: about_mac_address
02-08 21:41:22.495 18403 18403 V [SUI] RawSettingsItem: valueFetcher is empty for id: controllers_oculus_button_fast_movement
02-08 21:41:22.495 18403 18403 V [SUI] RawSettingsItem: visibilityFetcher is empty for id: select_local_keyboard
02-08 21:41:22.495 18403 18403 V [SUI] RawSettingsItem: valueFetcher is empty for id: select_local_keyboard
02-08 21:41:22.496 18403 18403 V [SUI] RawSettingsItem: valueFetcher is empty for id: security_pin_device_lock_enabled
02-08 21:41:22.496 18403 18403 V [SUI] RawSettingsItem: valueFetcher is empty for id: keyboard_federated_learning_enabled_new
02-08 21:41:22.496 18403 18403 V [SUI] RawSettingsItem: visibilityFetcher is empty for id: hand_tracking_frequency_override
02-08 21:41:22.496 18403 18403 V [SUI] RawSettingsItem: valueFetcher is empty for id: hand_tracking_frequency_override
02-08 21:41:22.496 18403 18403 V [SUI] RawSettingsItem: valueFetcher is empty for id: settings_physical_keyboard
02-08 21:41:22.496 18403 18403 V [SUI] RawSettingsItem: valueFetcher is empty for id: sys_utils_redesign_menu_guardian_room_capture
02-08 21:41:22.497  4614 20941 W Codec2Client: query -- param skipped: index = 1342179345.
02-08 21:41:22.497  4614 20941 W Codec2Client: query -- param skipped: index = 2415921170.
02-08 21:41:22.497 18403 18403 I [SUI] ConsumerConfiguration: Setting SystemUX Configuration and Policy Settings.
02-08 21:41:22.497  4614 20941 D CCodecBufferChannel: [c2.android.vorbis.decoder#226] Created input block pool with allocatorID 16 => poolID 77 - OK (0)
02-08 21:41:22.497 18403 18403 V [SUI] RawSettingsItem: valueFetcher is empty for id: video_capture_bitrate
02-08 21:41:22.497 18403 18403 V [SUI] RawSettingsItem: visibilityFetcher is empty for id: hands_hand_tracking
02-08 21:41:22.497 18403 18403 V [SUI] RawSettingsItem: valueFetcher is empty for id: hands_hand_tracking
02-08 21:41:22.498 18403 18403 I [SUI] ConsumerConfiguration: Setting SystemUX Configuration and Policy Settings.
02-08 21:41:22.498 18403 18403 D [SUI] SettingsSectionUtil: Should Show Voice Commands Section SystemUXConfig is Voice Command UI Enabled: false
02-08 21:41:22.498 18403 18403 V [SUI] RawSettingsItem: valueFetcher is empty for id: couch_creation
02-08 21:41:22.498 18403 18403 V [SUI] RawSettingsItem: visibilityFetcher is empty for id: devices_bluetooth_section
02-08 21:41:22.498 18403 18403 V [SUI] RawSettingsItem: valueFetcher is empty for id: devices_bluetooth_section
02-08 21:41:22.498 18403 18403 V [SUI] RawSettingsItem: visibilityFetcher is empty for id: virtual_workspace_desk_section
02-08 21:41:22.498 18403 18403 V [SUI] RawSettingsItem: valueFetcher is empty for id: virtual_workspace_desk_section
02-08 21:41:22.498  4614 20941 I CCodecBufferChannel: [c2.android.vorbis.decoder#226] Created output block pool with allocatorID 16 => poolID 178 - OK
02-08 21:41:22.498  4614 20941 D CCodecBufferChannel: [c2.android.vorbis.decoder#226] Configured output block pool ids 178 => OK
02-08 21:41:22.499 18403 18403 I [SUI] ConsumerConfiguration: Setting SystemUX Configuration and Policy Settings.
02-08 21:41:22.499 18403 18403 D [SUI] SettingsSectionUtil: Should Show Voice Commands Section SystemUXConfig is Voice Command UI Enabled: false
02-08 21:41:22.499 18403 18403 V [SUI] RawSettingsItem: visibilityFetcher is empty for id: system_tips_and_support_section
02-08 21:41:22.499 18403 18403 V [SUI] RawSettingsItem: valueFetcher is empty for id: system_tips_and_support_section
02-08 21:41:22.499  2024 20102 I CompositorVR: WarpToScreen: Skipping frames for 25
02-08 21:41:22.500 18403 18403 I [SUI] ConsumerConfiguration: Setting SystemUX Configuration and Policy Settings.
02-08 21:41:22.500 18403 18403 D OculusUserManager: isMultiUserEnabled? UserManager: true
02-08 21:41:22.500 18403 18403 D [SUI] MultiUserManagerHelper: Is Multiuser Enabled SystemUXConfig is MultiUser Enabled: true, OculusManager is MultiUser Enabled: true
02-08 21:41:22.500 18403 18403 D OculusUserManager: isMultiUserEnabled? UserManager: true
02-08 21:41:22.500 18403 18403 V [SUI] RawSettingsItem: visibilityFetcher is empty for id: device_account_section
02-08 21:41:22.500 18403 18403 V [SUI] RawSettingsItem: valueFetcher is empty for id: device_account_section
02-08 21:41:22.500 18403 18403 V [SUI] RawSettingsItem: visibilityFetcher is empty for id: night_shift
02-08 21:41:22.501 18403 18403 V [SUI] RawSettingsItem: visibilityFetcher is empty for id: accessibility_grid_tile
02-08 21:41:22.501 18403 18403 V [SUI] RawSettingsItem: valueFetcher is empty for id: accessibility_grid_tile
02-08 21:41:22.501 18403 18403 V [SUI] RawSettingsItem: visibilityFetcher is empty for id: font_size
02-08 21:41:22.501 18403 18403 V [SUI] RawSettingsItem: valueFetcher is empty for id: font_size
02-08 21:41:22.501   860 20942 D SimpleC2Component: Using output block pool with poolID 178 => got 178 - 0
02-08 21:41:22.501 18403 18403 I [SUI] ConsumerConfiguration: Setting SystemUX Configuration and Policy Settings.
02-08 21:41:22.502 18403 18403 V [SUI] RawSettingsItem: valueFetcher is empty for id: video_capture_resolution
02-08 21:41:22.502 18403 18403 I [SUI] ConsumerConfiguration: Setting SystemUX Configuration and Policy Settings.
02-08 21:41:22.502 18403 18403 D OculusUserManager: isMultiUserEnabled? UserManager: true
02-08 21:41:22.502 18403 18403 D [SUI] MultiUserManagerHelper: Is Multiuser Enabled SystemUXConfig is MultiUser Enabled: true, OculusManager is MultiUser Enabled: true
02-08 21:41:22.503 18403 18403 D OculusUserManager: isMultiUserEnabled? UserManager: true
02-08 21:41:22.503 18403 18403 V [SUI] RawSettingsItem: valueFetcher is empty for id: library_sharing
02-08 21:41:22.503 18403 18403 V [SUI] RawSettingsItem: valueFetcher is empty for id: accessibility_text_to_speech
02-08 21:41:22.503 18403 18403 V [SUI] RawSettingsItem: visibilityFetcher is empty for id: controller_section
02-08 21:41:22.503 18403 18403 V [SUI] RawSettingsItem: valueFetcher is empty for id: controller_section
02-08 21:41:22.503 18403 18403 V [SUI] RawSettingsItem: visibilityFetcher is empty for id: virtual_workspace_hands_section
02-08 21:41:22.503 18403 18403 V [SUI] RawSettingsItem: valueFetcher is empty for id: virtual_workspace_hands_section
02-08 21:41:22.503 18403 18403 V [SUI] RawSettingsItem: visibilityFetcher is empty for id: personalization_grid_tile
02-08 21:41:22.503 18403 18403 V [SUI] RawSettingsItem: valueFetcher is empty for id: personalization_grid_tile
02-08 21:41:22.503 18403 18403 V [SUI] RawSettingsItem: valueFetcher is empty for id: color+correction_filter
02-08 21:41:22.504  4614 20941 D CCodecBufferChannel: [c2.android.vorbis.decoder#226] Discard frames from previous generation.
02-08 21:41:22.504 18403 18403 I [SUI] ConsumerConfiguration: Setting SystemUX Configuration and Policy Settings.
02-08 21:41:22.504 18403 18403 D [SUI] SettingsSectionUtil: Should Show Voice Commands Section SystemUXConfig is Voice Command UI Enabled: false
02-08 21:41:22.505 18403 18403 V [SUI] RawSettingsItem: visibilityFetcher is empty for id: bug_report
02-08 21:41:22.505 18403 18403 V [SUI] RawSettingsItem: valueFetcher is empty for id: bug_report
02-08 21:41:22.505 18403 18403 V [SUI] RawSettingsItem: valueFetcher is empty for id: hand_tracking_version_override
02-08 21:41:22.505 18403 18403 I [SUI] ConsumerConfiguration: Setting SystemUX Configuration and Policy Settings.
02-08 21:41:22.505 18403 18403 V [SUI] RawSettingsItem: visibilityFetcher is empty for id: system_capture_section
02-08 21:41:22.505 18403 18403 V [SUI] RawSettingsItem: valueFetcher is empty for id: system_capture_section
02-08 21:41:22.505 18403 18403 V [SUI] RawSettingsItem: visibilityFetcher is empty for id: notifications_grid_tile
02-08 21:41:22.505 18403 18403 V [SUI] RawSettingsItem: valueFetcher is empty for id: notifications_grid_tile
02-08 21:41:22.505 18403 18403 V [SUI] RawSettingsItem: valueFetcher is empty for id: passthrough_on_demand
02-08 21:41:22.505 18403 18403 V [SUI] RawSettingsItem: visibilityFetcher is empty for id: virtual_workspace_keyboard_section
02-08 21:41:22.505 18403 18403 V [SUI] RawSettingsItem: valueFetcher is empty for id: virtual_workspace_keyboard_section
02-08 21:41:22.505 18403 18403 V [SUI] RawSettingsItem: visibilityFetcher is empty for id: personalization_text_section
02-08 21:41:22.505 18403 18403 V [SUI] RawSettingsItem: valueFetcher is empty for id: personalization_text_section
02-08 21:41:22.505 18403 18403 V [SUI] RawSettingsItem: visibilityFetcher is empty for id: guardian_toggle
02-08 21:41:22.505 18403 18403 V [SUI] RawSettingsItem: valueFetcher is empty for id: guardian_toggle
02-08 21:41:22.505 18403 18403 V [SUI] RawSettingsItem: visibilityFetcher is empty for id: apps_permissions_grid_tile
02-08 21:41:22.505 18403 18403 V [SUI] RawSettingsItem: valueFetcher is empty for id: apps_permissions_grid_tile
02-08 21:41:22.505 18403 18403 V [SUI] RawSettingsItem: visibilityFetcher is empty for id: controllers_swap_system_button_handedness
02-08 21:41:22.505 18403 18403 V [SUI] RawSettingsItem: valueFetcher is empty for id: controllers_swap_system_button_handedness
02-08 21:41:22.506 18403 18403 D [SUI] SettingsAssistantJsonBuilder: Registering setting APPS_LOCK with route systemux://settings/security?setting=pattern_reauth_apps_lock
02-08 21:41:22.506 18403 18403 D [SUI] SettingsAssistantJsonBuilder: Skipped existing setting: GLANCEABLE_BOUNDARY
02-08 21:41:22.506 18403 18403 D [SUI] SettingsAssistantJsonBuilder: Registering setting DEVELOPER with route systemux://settings/developer?setting=system_developer_section
02-08 21:41:22.506 18403 18403 D [SUI] SettingsAssistantJsonBuilder: Skipped NULL setting: NULL
02-08 21:41:22.506 18403 18403 D [SUI] SettingsAssistantJsonBuilder: Skipped existing setting: HAND_TRACKING
02-08 21:41:22.506 18403 18403 D [SUI] SettingsAssistantJsonBuilder: Skipped existing setting: VIBRATION_INTENSITY
02-08 21:41:22.506 18403 18403 D [SUI] SettingsAssistantJsonBuilder: Registering setting MOUSE_TRACKING_SPEED with route systemux://settings/bluetooth_mouse?setting=exp_mouse_sensitivity_slider_item
02-08 21:41:22.506 18403 18403 D [SUI] SettingsAssistantJsonBuilder: Skipped existing setting: GUARDIAN
02-08 21:41:22.506 18403 18403 D [SUI] SettingsAssistantJsonBuilder: Registering setting MOBILITY with route systemux://settings/mobility?setting=mobility_section
02-08 21:41:22.506 18403 18403 D [SUI] SettingsAssistantJsonBuilder: Registering setting SOUND with route systemux://settings/sound?setting=system_sound_section
02-08 21:41:22.506 18403 18403 D [SUI] SettingsAssistantJsonBuilder: Skipped NULL setting: NULL
02-08 21:41:22.506 18403 18403 D [SUI] SettingsAssistantJsonBuilder: Registering setting KEYBOARD with route systemux://settings/keyboard?setting=system_keyboard_section
02-08 21:41:22.506 18403 18403 D [SUI] SettingsAssistantJsonBuilder: Skipped existing setting: AUTO_SLEEP
02-08 21:41:22.506 18403 18403 D [SUI] SettingsAssistantJsonBuilder: Skipped existing setting: FLOOR_LEVEL
02-08 21:41:22.506 18403 18403 D [SUI] SettingsAssistantJsonBuilder: Registering setting SECURITY_DEVICE_LOCK with route systemux://settings/security?setting=security_grid_tile
02-08 21:41:22.506 18403 18403 D [SUI] SettingsAssistantJsonBuilder: Registering setting DISPLAY_THEME_SUBSECTION with route systemux://settings/display_theme?setting=personalization_display_theme_section
02-08 21:41:22.506 18403 18403 D [SUI] SettingsAssistantJsonBuilder: Skipped existing setting: GUARDIAN_HISTORY
02-08 21:41:22.506 18403 18403 D [SUI] SettingsAssistantJsonBuilder: Registering setting GUARDIAN_MIXED_REALITY with route systemux://settings/guardian_mixed_reality?setting=guardian_mixed_reality
02-08 21:41:22.506 18403 18403 D [SUI] SettingsAssistantJsonBuilder: Registering setting HEADSET_SPEED with route systemux://settings/guardian_roomscale?setting=headset_speed_sensitivity
02-08 21:41:22.506 18403 18403 D [SUI] SettingsAssistantJsonBuilder: Registering setting HEARING with route systemux://settings?setting=accessibility_hearing_section
02-08 21:41:22.506 18403 18403 D [SUI] SettingsAssistantJsonBuilder: Registering setting GUARDIAN_INTRUSION_DETECTION with route systemux://settings/guardian_roomscale?setting=guardian_enable_intrusion_detection
02-08 21:41:22.506 18403 18403 D [SUI] SettingsAssistantJsonBuilder: Registering setting CONTROLLER_DISTANCE with route systemux://settings/guardian_roomscale?setting=controller_distance_sensitivity
02-08 21:41:22.506 18403 18403 D [SUI] SettingsAssistantJsonBuilder: Registering setting VIRTUAL_ENVIRONMENT with route systemux://settings/environment?setting=personalization_virtual_environment_section
02-08 21:41:22.506 18403 18403 D [SUI] SettingsAssistantJsonBuilder: Registering setting LIBRARY with route systemux://settings/library_personalization?setting=personalization_library_section
02-08 21:41:22.506 18403 18403 D [SUI] SettingsAssistantJsonBuilder: Skipped existing setting: TERMS_OF_SERVICE
02-08 21:41:22.506 18403 18403 D [SUI] SettingsAssistantJsonBuilder: Registering setting DISPLAY_CONTRAST with route systemux://settings/vision?setting=accessibility_display_contrast
02-08 21:41:22.506 18403 18403 D [SUI] SettingsAssistantJsonBuilder: Registering setting GUARDIAN_SENSITIVITY with route systemux://settings/guardian_roomscale?setting=simple_guardian_sensitivity
02-08 21:41:22.506 18403 18403 D [SUI] SettingsAssistantJsonBuilder: Registering setting DESK_CREATION with route systemux://settings/guardian_mixed_reality?setting=desk_creation
02-08 21:41:22.506 18403 18403 D [SUI] SettingsAssistantJsonBuilder: Registering setting VIDEO_CAPTURE_INDICATOR with route systemux://settings/capture?setting=video_capture_indicator
02-08 21:41:22.506 18403 18403 D [SUI] SettingsAssistantJsonBuilder: Registering setting DEVICE_LOCK with route systemux://settings/security?setting=security_pattern_device_lock_enabled
02-08 21:41:22.506 18403 18403 D [SUI] SettingsAssistantJsonBuilder: Registering setting PHONE_NOTIFICATION with route systemux://settings/phone_notifications?setting=iphone-pairing
02-08 21:41:22.506 18403 18403 D [SUI] SettingsAssistantJsonBuilder: Skipped existing setting: LONG_PRESS
02-08 21:41:22.506 18403 18403 D [SUI] SettingsAssistantJsonBuilder: Skipped existing setting: SYSTEM_UX_VERSION
02-08 21:41:22.506 18403 18403 D [SUI] SettingsAssistantJsonBuilder: Skipped NULL setting: NULL
02-08 21:41:22.506 18403 18403 D [SUI] SettingsAssistantJsonBuilder: Skipped existing setting: STORAGE
02-08 21:41:22.506 18403 18403 D [SUI] SettingsAssistantJsonBuilder: Registering setting HANDS_AND_CONTROLLERS with route systemux://settings/hands?setting=hand_control_grid_tile
02-08 21:41:22.506 18403 18403 D [SUI] SettingsAssistantJsonBuilder: Registering setting CLOUD_BACKUP with route systemux://settings/backup?setting=cloud_backup
02-08 21:41:22.506 18403 18403 D [SUI] SettingsAssistantJsonBuilder: Skipped existing setting: POWER
02-08 21:41:22.506 18403 18403 D [SUI] SettingsAssistantJsonBuilder: Skipped existing setting: SWITCH_BUTTONS
02-08 21:41:22.506 18403 18403 D [SUI] SettingsAssistantJsonBuilder: Skipped existing setting: PRIVACY_POLICY
