--------- beginning of system
11-04 17:48:58.458  1044  5898 I ActivityTaskManager: START u0 {flg=0x10000000 cmp=com.YourCompany.TemplateProject3/com.epicgames.ue4.GameActivity} from uid 2000
11-04 17:48:58.483  1044  1073 I ActivityManager: Start proc 13469:com.YourCompany.TemplateProject3/u0a131 for activity {com.YourCompany.TemplateProject3/com.epicgames.ue4.GameActivity}
11-04 17:48:58.494  1044  1469 W ActivityManager: Package for pid 841: no process record found
11-04 17:48:59.039  1044  1066 W ActivityTaskManager: Activity top resumed state loss timeout for ActivityRecord{4310914 u0 com.YourCompany.TemplateProject3/com.epicgames.ue4.GameActivity t191}
11-04 17:48:59.039  1044  1066 W ActivityTaskManager: Activity pause timeout for ActivityRecord{4310914 u0 com.YourCompany.TemplateProject3/com.epicgames.ue4.GameActivity t191}
11-04 17:49:00.189  1044  1469 E WindowManager: App trying to use insecure INPUT_FEATURE_NO_INPUT_CHANNEL flag. Ignoring
11-04 17:49:01.705  1044  5898 W ActivityManager: Permission Denial: Accessing service com.oculus.vrshell/.ShellOverlayService from pid=13469, uid=10131 requires com.oculus.vrshell.OVERLAY_HOST
11-04 17:49:02.017  1044  1616 E TaskPersister: File error accessing recents directory (directory doesn't exist?).
--------- beginning of tracking
11-04 17:49:03.647   851  1186 D TrackingService: getSharedMemory: com.YourCompany.TemplateProject3#13469, HeadTracker
11-04 17:49:14.473   736   909 I SyncBossHAL: [info   ] syncboss_hal_powerstate.c(50): Reporting powerstate event: PROX_ON
11-04 17:49:14.475  1044  1340 I PowerManagerService: Waking up from Asleep (uid=1000, reason=WAKE_REASON_UNKNOWN, details=VrPwMng:leave-standby)...
11-04 17:49:14.476  1044  1044 W UsageStatsService: Event reported without a package name, eventType:15
11-04 17:49:14.478  1044  1081 I DisplayPowerController: Blocking screen on until initial contents have been drawn.
11-04 17:49:14.478  1044  1081 D ActivityTaskManager: Top Process State changed to PROCESS_STATE_TOP
11-04 17:49:14.479   841  1353 D SensorClientUtils: Cancelling delayed transition to SLEEP
11-04 17:49:14.479   841  1353 D SensorClientUtils: Received transition request from SLEEP to RUNNING
11-04 17:49:14.481   851  1186 D SensorClientUtils: Cancelling delayed transition to SLEEP
11-04 17:49:14.481   851  1186 D SensorClientUtils: Received transition request from SLEEP to RUNNING
11-04 17:49:14.483  1707  1768 D SensorClientUtils: Cancelling delayed transition to SLEEP
11-04 17:49:14.483  1707  1768 D SensorClientUtils: Received transition request from SLEEP to RUNNING
11-04 17:49:14.502  1044  1666 E AppOps  : startOperation
11-04 17:49:14.502  1044  1666 E AppOps  : java.lang.SecurityException: Specified package MrSystemService under uid 1000 but it is really -1
11-04 17:49:14.502  1044  1666 E AppOps  : 	at com.android.server.appop.AppOpsService.verifyAndGetIsPrivileged(AppOpsService.java:2654)
11-04 17:49:14.502  1044  1666 E AppOps  : 	at com.android.server.appop.AppOpsService.startOperation(AppOpsService.java:2235)
11-04 17:49:14.502  1044  1666 E AppOps  : 	at android.app.AppOpsManager.startOpNoThrow(AppOpsManager.java:5469)
11-04 17:49:14.502  1044  1666 E AppOps  : 	at android.app.AppOpsManager.startOpNoThrow(AppOpsManager.java:5450)
11-04 17:49:14.502  1044  1666 E AppOps  : 	at com.android.server.power.Notifier.onWakeLockAcquired(Notifier.java:224)
11-04 17:49:14.502  1044  1666 E AppOps  : 	at com.android.server.power.PowerManagerService.notifyWakeLockAcquiredLocked(PowerManagerService.java:1277)
11-04 17:49:14.502  1044  1666 E AppOps  : 	at com.android.server.power.PowerManagerService.acquireWakeLockInternal(PowerManagerService.java:1112)
11-04 17:49:14.502  1044  1666 E AppOps  : 	at com.android.server.power.PowerManagerService.access$3900(PowerManagerService.java:118)
11-04 17:49:14.502  1044  1666 E AppOps  : 	at com.android.server.power.PowerManagerService$BinderService.acquireWakeLock(PowerManagerService.java:4346)
11-04 17:49:14.502  1044  1666 E AppOps  : 	at android.os.IPowerManager$Stub.onTransact(IPowerManager.java:349)
11-04 17:49:14.502  1044  1666 E AppOps  : 	at android.os.Binder.execTransactInternal(Binder.java:1021)
11-04 17:49:14.502  1044  1666 E AppOps  : 	at android.os.Binder.execTransact(Binder.java:994)
11-04 17:49:14.502   841  1353 D SensorClientUtils: Executing transition from SLEEP to STANDBY
11-04 17:49:14.502   841  1353 D SensorClientUtils: Executing transition from STANDBY to RUNNING
11-04 17:49:14.502   851  1186 D SensorClientUtils: Executing transition from SLEEP to STANDBY
11-04 17:49:14.504  1707  1768 D SensorClientUtils: Executing transition from SLEEP to STANDBY
11-04 17:49:14.504  1707  1768 D OVRRemoteService: ControllerGlue: setting expected mode to Streaming
11-04 17:49:14.504  1707  1768 D OVRRemoteService: ControllerGlue: Setting current mode to Streaming
11-04 17:49:14.504  1707  1768 D OVRRemoteService: ControllerGlue: leave mode Disabled
11-04 17:49:14.504  1707  1768 D OVRRemoteService: ControllerGlue: Setting mode to Streaming
11-04 17:49:14.504  1707  1768 D OVRRemoteService: ControllerGlue: enter mode Streaming
11-04 17:49:14.505   736  6196 D SensorService: ControllerProvider: acquiring StreamingSession
11-04 17:49:14.506   736  6196 D SensorService: SyncbossEventHandler: starting all streams
11-04 17:49:14.506   736 13625 D SensorService: SyncbossEventHandler::producerThreadFunc() start
11-04 17:49:14.506   736 13625 W SensorService: Data for sensor type HMD_IMU dropped because of failure to update clock drift from vsync. 1 drops in the last 0s.
11-04 17:49:14.506   851  1036 I TrackingService: [ vision_manager] SLEEP -> STANDBY transition time: 3 ms
11-04 17:49:14.506   851  1036 I TrackingService: [            iad] SLEEP -> STANDBY transition time: 0 ms
11-04 17:49:14.510   736  6196 I SyncBossHAL: [info   ] syncboss_hal_impl_input.c(277): No pulsar frequency blocklist set
11-04 17:49:14.510   736  6196 I SyncBossHAL: [info   ] syncboss_hal_impl_input.c(304): No AFH behavior specified, enabled by default
11-04 17:49:14.510   736  6196 I SyncBossHAL: [info   ] syncboss_hal_impl_input.c(344): Input device auto-whitelisting disabled
11-04 17:49:14.513   851  1036 I TrackingService: [           bolt] SLEEP -> STANDBY transition time: 6 ms
11-04 17:49:14.514   736  6196 D SensorService: ControllerProvider: acquiring StreamingClient impl; approx # alive: 1
11-04 17:49:14.514   736  6196 D libsensorscommon: ControllerProvider: acquiring StreamingClient hidl
11-04 17:49:14.515  1707  1768 D OVRRemoteService: [controller] SLEEP -> STANDBY
11-04 17:49:14.515  1707 13637 D OVRRemoteService: processStateChange([PairedControllerInfo JEDI 729165a0fe4054d7 disconnected mcnt=0])
11-04 17:49:14.515  1707 13637 D OVRRemoteService: processStateChange([PairedControllerInfo JEDI 86557c336c360320 disconnected mcnt=0])
11-04 17:49:14.515  1707  1768 D SensorClientUtils: Executing transition from STANDBY to RUNNING
11-04 17:49:14.515  1707  1768 D OVRRemoteService: [controller] STANDBY -> RUNNING
11-04 17:49:14.519   736 13624 D SensorService: stateChangeNotifierFunc(): Reporting controller info. Change token: 35, paired=2 connected=0
11-04 17:49:14.519  1044  1469 W ContextImpl: Calling a method in the system process without a qualified user: android.app.ContextImpl.sendBroadcast:1057 com.android.server.audio.AudioService.setMicrophoneMuteNoCallerCheck:2893 com.android.server.audio.AudioService.setMicrophoneMute:2879 android.media.IAudioService$Stub.onTransact:1112 android.os.Binder.execTransactInternal:1021 
11-04 17:49:14.519  1707 13637 D OVRRemoteService: processStateChange([PairedControllerInfo JEDI 86557c336c360320 disconnected update-required mcnt=0])
11-04 17:49:14.519  1707 13637 D OVRRemoteService: processStateChange([PairedControllerInfo JEDI 729165a0fe4054d7 disconnected update-required mcnt=0])
11-04 17:49:14.540  1044  1066 I DisplayManagerService: Display device changed state: "Built-in Screen", ON
11-04 17:49:14.547  1044  1081 I DisplayPowerController: Unblocked screen on after 69 ms
11-04 17:49:14.583   851  1036 I TrackingService: [            iot] SLEEP -> STANDBY transition time: 69 ms
11-04 17:49:14.583   851 13662 D TrackingService: starting IOT motion thread, imu batch dispatch enabled=false
11-04 17:49:14.586   851  1036 I TrackingService: ConstellationTrackingGlue: setEnableExtendedDeadreckoning to false
11-04 17:49:14.586   851  1036 I TrackingService: [  constellation] SLEEP -> STANDBY transition time: 3 ms
11-04 17:49:14.587   851  1036 I TrackingService: [selftracked_client] SLEEP -> STANDBY transition time: 0 ms
11-04 17:49:14.587   851  1036 I TrackingService: [           hand] SLEEP -> STANDBY transition time: 0 ms
11-04 17:49:14.588   851  1036 I TrackingService: [         object] SLEEP -> STANDBY transition time: 1 ms
11-04 17:49:14.588   851  1036 I TrackingService: [     controller] SLEEP -> STANDBY transition time: 0 ms
11-04 17:49:14.588   736  6196 D SensorService: ControllerProvider: acquiring StreamingClient impl; approx # alive: 2
11-04 17:49:14.588   851  1036 I TrackingService: [ExposureControl] SLEEP -> STANDBY transition time: 0 ms
11-04 17:49:14.588   736  6196 D libsensorscommon: ControllerProvider: acquiring StreamingClient hidl
11-04 17:49:14.588  1707 13637 D OVRRemoteService: processStateChange([PairedControllerInfo JEDI 86557c336c360320 disconnected update-required mcnt=0])
11-04 17:49:14.588   851  1186 D TrackingService: setPowerState: STANDBY
11-04 17:49:14.588  1707 13637 D OVRRemoteService: processStateChange([PairedControllerInfo JEDI 729165a0fe4054d7 disconnected update-required mcnt=0])
11-04 17:49:14.588   851  1186 D SensorClientUtils: Executing transition from STANDBY to RUNNING
11-04 17:49:14.588   851  1036 I TrackingService: [ vision_manager] STANDBY -> RUNNING transition time: 0 ms
11-04 17:49:14.588  1707  1768 D RemoteService: RemoteService - Registering status callback
--------- beginning of main
11-04 17:49:14.589  2208 13666 D AudioManager: input_buffer_size: 1920
11-04 17:49:14.589  2208 13666 D JVM     : GlobalRef::ctor@[tid=13666]
11-04 17:49:14.589  2208 13666 D AudioManager: JavaAudioManager::ctor@[tid=13666]
11-04 17:49:14.589  2208 13666 D JVM     : AttachCurrentThreadIfNeeded::ctor@[tid=13666]
11-04 17:49:14.589  2208 13666 D JVM     : JVM::environment@[tid=13666]
11-04 17:49:14.589  2208 13666 D JVM     : JNIEnvironment::ctor@[tid=13666]
11-04 17:49:14.589  2208 13666 D AudioTrackJni: ctor@[tid=13666]
11-04 17:49:14.589  2208 13666 D JVM     : JNIEnvironment::RegisterNatives(org/webrtc/voiceengine/WebRtcAudioTrack)
11-04 17:49:14.589  2208 13666 D JVM     : NativeRegistration::ctor@[tid=13666]
11-04 17:49:14.589  2208 13666 D JVM     : NativeRegistration::NewObject@[tid=13666]
11-04 17:49:14.589  2208 13666 I org.webrtc.Logging: WebRtcAudioTrack: ctor@[name=Thread-89, id=1010]
11-04 17:49:14.589  2208 13666 D JVM     : GlobalRef::ctor@[tid=13666]
11-04 17:49:14.589  2208 13666 D AudioManager: SetActiveAudioLayer(5)@[tid=13666]
11-04 17:49:14.589  2208 13666 D AudioManager: delay_estimate_in_milliseconds: 150
11-04 17:49:14.589  2208 13666 D AudioTrackJni: AttachAudioBuffer@[tid=13666]
11-04 17:49:14.589  2208 13666 D AudioTrackJni: SetPlayoutSampleRate(48000)
11-04 17:49:14.589   851  1036 I TrackingService: [            iad] STANDBY -> RUNNING transition time: 0 ms
11-04 17:49:14.589  2208 13666 D AudioTrackJni: SetPlayoutChannels(1)
11-04 17:49:14.589   851  1036 I TrackingService: [           bolt] STANDBY -> RUNNING transition time: 0 ms
11-04 17:49:14.589  2208 13666 I libjingle: [6655:635] [13666] (AudioRecordWrapper.cpp:53): Attached an audio buffer to AudioRecordWrapper
11-04 17:49:14.590   736  6196 E libosutils: failed to get real path of file /proc/851/cmdline, err: Permission denied
11-04 17:49:14.590  2208 13666 I libjingle: [6655:636] [13666] (webrtcvoiceengine.cc:246): WebRtc VoiceEngine codecs:
11-04 17:49:14.590  2208 13666 I libjingle: [6655:636] [13666] (webrtcvoiceengine.cc:273): ISAC/16000/1 (103)
11-04 17:49:14.590  2208 13666 I libjingle: [6655:636] [13666] (webrtcvoiceengine.cc:273): ISAC/32000/1 (104)
11-04 17:49:14.590  2208 13666 I libjingle: [6655:636] [13666] (webrtcvoiceengine.cc:273): PCMU/8000/1 (0)
11-04 17:49:14.590  2208 13666 I libjingle: [6655:637] [13666] (webrtcvoiceengine.cc:273): PCMA/8000/1 (8)
11-04 17:49:14.590  2208 13666 W libjingle: [6655:637] [13666] (webrtcvoiceengine.cc:297): Unexpected codec: PCMU/8000/2 (110)
11-04 17:49:14.590  2208 13666 W libjingle: [6655:637] [13666] (webrtcvoiceengine.cc:297): Unexpected codec: PCMA/8000/2 (118)
11-04 17:49:14.590  2208 13666 I libjingle: [6655:637] [13666] (webrtcvoiceengine.cc:273): ILBC/8000/1 (102)
11-04 17:49:14.591  2208 13666 I libjingle: [6655:637] [13666] (webrtcvoiceengine.cc:273): G722/8000/1 (9)
11-04 17:49:14.591  2208 13666 W libjingle: [6655:637] [13666] (webrtcvoiceengine.cc:297): Unexpected codec: G722/8000/2 (119)
11-04 17:49:14.591  2208 13666 I libjingle: [6655:637] [13666] (webrtcvoiceengine.cc:273): opus/48000/2 (111)
11-04 17:49:14.591  2208 13666 I libjingle: [6655:637] [13666] (webrtcvoiceengine.cc:273): CN/8000/1 (13)
11-04 17:49:14.591  2208 13666 I libjingle: [6655:637] [13666] (webrtcvoiceengine.cc:273): CN/16000/1 (105)
11-04 17:49:14.591  2208 13666 I libjingle: [6655:637] [13666] (webrtcvoiceengine.cc:273): CN/32000/1 (106)
11-04 17:49:14.591  2208 13666 I libjingle: [6655:637] [13666] (webrtcvoiceengine.cc:273): telephone-event/8000/1 (126)
11-04 17:49:14.591  2208 13666 I libjingle: [6655:637] [13666] (webrtcvoiceengine.cc:273): red/8000/1 (127)
11-04 17:49:14.591  2208 13666 I libjingle: [6655:637] [13666] (webrtcvideoengine2.cc:497): WebRtcVideoEngine2::WebRtcVideoEngine2()
11-04 17:49:14.591   736  6196 I FrameSetDispatcher: [HEADSET] Client thread started
11-04 17:49:14.591   736  6196 I CameraClientManager: [HEADSET] Added client - started clients: 1
11-04 17:49:14.591   736  6196 I CameraHalOculus: CameraHalLog:  vendor/oculus/camera/fastpath/src/MonoCameraOculus.cpp:EnableCamera:79 Enabling MonoCamera 0
11-04 17:49:14.592  2208 13666 I libjingle: [6655:638] [13666] (webrtcvoiceengine.cc:551): WebRtcVoiceEngine::Init
11-04 17:49:14.592  2208 13666 I libjingle: [6655:638] [13666] (webrtcvoiceengine.cc:575): VoiceEngine 4.1.0
11-04 17:49:14.592  2208 13666 I libjingle: [6655:638] [13666] (voe_base_impl.cc:244): Init: An external ADM implementation will be used in VoiceEngine
11-04 17:49:14.592  2208 13666 D AudioManager: Init@[tid=13666]
11-04 17:49:14.592  2208 13666 I org.webrtc.Logging: WebRtcAudioManager: init@[name=Thread-89, id=1010]
11-04 17:49:14.592  2208 13666 I org.webrtc.Logging: WebRtcAudioManager: audio mode is: MODE_NORMAL
11-04 17:49:14.592  2208 13666 D AudioTrackJni: Init@[tid=13666]
11-04 17:49:14.592  2208 13666 I libjingle: [6655:638] [13666] (webrtcvoiceengine.cc:1066): webrtc: output: available=0
11-04 17:49:14.592  2208 13666 E libjingle: [6655:638] [13666] (webrtcvoiceengine.cc:1066): webrtc: stereo playout is not supported
11-04 17:49:14.592  2208 13666 W libjingle: [6655:638] [13666] (webrtcvoiceengine.cc:1066): webrtc: Init() failed to set mono/stereo playout mode (error=8090)
11-04 17:49:14.592  2208 13666 I libjingle: [6655:638] [13666] (webrtcvoiceengine.cc:1066): webrtc: output: available=0
11-04 17:49:14.592  2208 13666 E libjingle: [6655:638] [13666] (webrtcvoiceengine.cc:1066): webrtc: recording in stereo is not supported
11-04 17:49:14.592  2208 13666 W libjingle: [6655:639] [13666] (webrtcvoiceengine.cc:1066): webrtc: Init() failed to set mono/stereo recording mode (error=8090)
11-04 17:49:14.593  2208 13666 I libjingle: [6655:639] [13666] (webrtcvoiceengine.cc:1066): webrtc: TransmitMixer::SetAudioProcessingModule(audioProcessingModule=0x13657300)
11-04 17:49:14.593  2208 13666 I libjingle: [6655:639] [13666] (webrtcvoiceengine.cc:1066): webrtc: OutputMixer::SetAudioProcessingModule(audioProcessingModule=0x13657300)
11-04 17:49:14.593  2208 13666 E libjingle: [6655:639] [13666] (voe_base_impl.cc:371): Init: Failed to set agc to enabled: 0
11-04 17:49:14.593  2208 13666 I libjingle: [6655:639] [13666] (webrtcvoiceengine.cc:648): ApplyOptions: AudioOptions {aec: true, agc: true, ns: true, hf: true, swap: false, audio_jitter_buffer_max_packets: 50, audio_jitter_buffer_fast_accelerate: false, typing: true, agc_delta: 0, experimental_agc: false, extended_filter_aec: false, delay_agnostic_aec: false, experimental_ns: false, }
11-04 17:49:14.593  2208 13666 I OVRPlatform: [SharedMicrophoneAudioRecord] EnableBuiltInEffect(): called to enable effect 0
11-04 17:49:14.593  2208 13666 I libjingle: [6655:639] [13666] (webrtcvoiceengine.cc:722): Disabling EC since built-in EC will be used instead
11-04 17:49:14.593  2208 13666 I libjingle: [6655:639] [13666] (webrtcvoiceengine.cc:729): Echo control set to 0 with mode 4
11-04 17:49:14.593  2208 13666 I libjingle: [6655:639] [13666] (webrtcvoiceengine.cc:764): Auto gain set to 0 with mode 4
11-04 17:49:14.593  2208 13666 I OVRPlatform: [SharedMicrophoneAudioRecord] EnableBuiltInEffect(): called to enable effect 2
11-04 17:49:14.593  2208 13666 I libjingle: [6655:639] [13666] (webrtcvoiceengine.cc:804): Disabling NS since built-in NS will be used instead
11-04 17:49:14.593  2208 13666 I libjingle: [6655:639] [13666] (webrtcvoiceengine.cc:811): Noise suppression set to 0 with mode 5
11-04 17:49:14.593  2208 13666 I libjingle: [6655:639] [13666] (webrtcvoiceengine.cc:817): High pass filter enabled? 0
11-04 17:49:14.593  2208 13666 I libjingle: [6655:639] [13666] (webrtcvoiceengine.cc:825): Stereo swapping enabled? 0
11-04 17:49:14.593  2208 13666 I libjingle: [6655:639] [13666] (webrtcvoiceengine.cc:834): NetEq capacity is 50
11-04 17:49:14.593  2208 13666 I libjingle: [6655:639] [13666] (webrtcvoiceengine.cc:842): NetEq fast mode? 0
11-04 17:49:14.593  2208 13666 I libjingle: [6655:639] [13666] (webrtcvoiceengine.cc:850): Typing detection is enabled? 0
11-04 17:49:14.593  2208 13666 E libjingle: [6655:639] [13666] (voe_audio_processing_impl.cc:955): SetTypingDetectionStatus: not supported
11-04 17:49:14.593  2208 13666 W libjingle: [6655:639] [13666] (webrtcvoiceengine.cc:854): SetTypingDetectionStatus(0) failed, err=8003
11-04 17:49:14.593  2208 13666 I libjingle: [6655:639] [13666] (webrtcvoiceengine.cc:859): Adjust agc delta is 0
11-04 17:49:14.593  2208 13666 I libjingle: [6655:639] [13666] (webrtcvoiceengine.cc:1091): Adjusting AGC level from default -3dB to -3dB
11-04 17:49:14.593  2208 13666 I libjingle: [6655:639] [13666] (webrtcvoiceengine.cc:870): Delay agnostic aec is enabled? 0
11-04 17:49:14.593  2208 13666 I libjingle: [6655:639] [13666] (webrtcvoiceengine.cc:879): Extended filter aec is enabled? 0
11-04 17:49:14.593  2208 13666 I libjingle: [6655:639] [13666] (webrtcvoiceengine.cc:888): Experimental ns is enabled? 0
11-04 17:49:14.593  2208 13666 I libjingle: [6655:639] [13666] (webrtcvoiceengine.cc:611): WebRtc VoiceEngine codecs:
11-04 17:49:14.593  2208 13666 I libjingle: [6655:639] [13666] (webrtcvoiceengine.cc:613): opus/48000/2 (111)
11-04 17:49:14.593  2208 13666 I libjingle: [6655:639] [13666] (webrtcvoiceengine.cc:613): ISAC/16000/1 (103)
11-04 17:49:14.593  2208 13666 I libjingle: [6655:640] [13666] (webrtcvoiceengine.cc:613): ISAC/32000/1 (104)
11-04 17:49:14.593  2208 13666 I libjingle: [6655:640] [13666] (webrtcvoiceengine.cc:613): G722/8000/1 (9)
11-04 17:49:14.593  2208 13666 I libjingle: [6655:640] [13666] (webrtcvoiceengine.cc:613): ILBC/8000/1 (102)
11-04 17:49:14.593  2208 13666 I libjingle: [6655:640] [13666] (webrtcvoiceengine.cc:613): PCMU/8000/1 (0)
11-04 17:49:14.593  2208 13666 I libjingle: [6655:640] [13666] (webrtcvoiceengine.cc:613): PCMA/8000/1 (8)
11-04 17:49:14.594  2208 13666 I libjingle: [6655:640] [13666] (webrtcvoiceengine.cc:613): CN/32000/1 (106)
11-04 17:49:14.594  2208 13666 I libjingle: [6655:640] [13666] (webrtcvoiceengine.cc:613): CN/16000/1 (105)
11-04 17:49:14.594  2208 13666 I libjingle: [6655:640] [13666] (webrtcvoiceengine.cc:613): CN/8000/1 (13)
11-04 17:49:14.594  2208 13666 I libjingle: [6655:640] [13666] (webrtcvoiceengine.cc:613): red/8000/1 (127)
11-04 17:49:14.594  2208 13666 I libjingle: [6655:640] [13666] (webrtcvoiceengine.cc:613): telephone-event/8000/1 (126)
11-04 17:49:14.594  2208 13666 I libjingle: [6655:640] [13666] (webrtcvoiceengine.cc:961): Setting microphone to (id=0) and speaker to (id=0)
11-04 17:49:14.594  2208 13666 W libjingle: [6655:640] [13666] (webrtcvoiceengine.cc:1066): webrtc: SetRecordingChannel() unable to set the recording channel (error=10028)
11-04 17:49:14.594  2208 13666 E libjingle: [6655:640] [13666] (webrtcvoiceengine.cc:1066): webrtc: recording in stereo is not supported
11-04 17:49:14.594  2208 13666 W libjingle: [6655:640] [13666] (webrtcvoiceengine.cc:1066): webrtc: SetRecordingDevice() failed to set mono recording mode (error=8090)
11-04 17:49:14.594  2208 13666 E libjingle: [6655:640] [13666] (webrtcvoiceengine.cc:1066): webrtc: stereo playout is not supported
11-04 17:49:14.594  2208 13666 W libjingle: [6655:640] [13666] (webrtcvoiceengine.cc:1066): webrtc: SetPlayoutDevice() failed to set stereo playout mode (error=8090)
11-04 17:49:14.594  2208 13666 I libjingle: [6655:640] [13666] (webrtcvoiceengine.cc:981): Set microphone to (id=0) and speaker to (id=0)
11-04 17:49:14.594  2208 13666 I libjingle: [6655:640] [13666] (webrtcvoiceengine.cc:554): WebRtcVoiceEngine::Init Done!
11-04 17:49:14.594  2208 13666 I libjingle: [6655:640] [13666] (webrtcvideoengine2.cc:506): WebRtcVideoEngine2::Init
11-04 17:49:14.594  2208 13666 I libjingle: [6655:640] [13666] (dtlsidentitystore.cc:53): Generating identity, using keytype 0
11-04 17:49:14.594  2208 13666 I libjingle: [6655:640] [13666] (opensslidentity.cc:41): Making key pair
11-04 17:49:14.618   736  6196 I CameraHalOculus: CameraHalLog:  vendor/oculus/camera/fastpath/src/MonoCameraOculus.cpp:EnableCamera:79 Enabling MonoCamera 1
11-04 17:49:14.622   582   610 W SyncBossFW: 6671614 [warning] {SPTH}: [rate_lim=1000] Big IMU diff (262336283us)
11-04 17:49:14.629   736 13625 W SensorService: Data for sensor type HMD_MAG dropped because of failure to update clock drift from vsync. 1 drops in the last 0s.
11-04 17:49:14.643   736  6196 I CameraHalOculus: CameraHalLog:  vendor/oculus/camera/fastpath/src/MonoCameraOculus.cpp:EnableCamera:79 Enabling MonoCamera 2
11-04 17:49:14.662  2208 13666 I libjingle: [6655:709] [13666] (opensslidentity.cc:82): Returning key pair
11-04 17:49:14.662  2208 13666 I libjingle: [6655:709] [13666] (opensslidentity.cc:89): Making certificate for WebRTC
11-04 17:49:14.665  2208 13666 I libjingle: [6655:711] [13666] (opensslidentity.cc:137): Returning certificate
11-04 17:49:14.667  2208  2208 I OVRPlatform: [P2PNetworkTransport] oculus_parties_enable_aui_mic_switcher_controls gk is OFF, mic_switcher_controls is disabled
11-04 17:49:14.668  2208  2208 I OVRPlatform: [RequestStopwatch] AndroidFinishInitialization took 118.2680 milliseconds
11-04 17:49:14.668  2208  2208 I OVRPlatform: [RequestStopwatch] AndroidSynchronousInitialize took 120.5650 milliseconds
11-04 17:49:14.668   736  6196 I CameraHalOculus: CameraHalLog:  vendor/oculus/camera/fastpath/src/MonoCameraOculus.cpp:EnableCamera:79 Enabling MonoCamera 3
11-04 17:49:14.668  2208  2208 I PlatformPlugin: [PlatformPluginManager] Successfully initialized Platform
11-04 17:49:14.669  2208  2208 D PlatformPlugin: [PlatformPluginManager] Releasing lock: nativeInit
11-04 17:49:14.670  2208  2208 I PlatformPluginManager: onHeadphonesStateChange: false
11-04 17:49:14.670  2208  2208 I OVRPlatform: [AudioManager] SetHeadphoneStatus: DISCONNECTED
11-04 17:49:14.670  2208  2208 I OVRPlatform: [AudioManager] Current headsetMounted_ true
11-04 17:49:14.670  2208  2208 I OVRPlatform: [AudioManager] Current headphoneStatus_: DISCONNECTED
11-04 17:49:14.670  2208  2208 I PlatformPluginManager: Starting up connection reaper
11-04 17:49:14.670  2208  2208 I PlatformPluginManager: Adding client com.oculus.horizon.service_media.OVRMediaServiceManager@8837f5d
11-04 17:49:14.670  2208  2208 I OVRPlatform: [AudioManager] SetHeadsetMounted: true
11-04 17:49:14.670  2208  2208 I OVRPlatform: [AudioManager] Current headsetMounted_ true
11-04 17:49:14.670  2208  2208 I OVRPlatform: [AudioManager] Current headphoneStatus_: DISCONNECTED
11-04 17:49:14.677   721   886 D audio_hw_primary: adev_set_parameters: enter: screen_state=on
11-04 17:49:14.681  2862  2862 D MVanServiceReceiver: MVanServiceReceiver Action: com.oculus.intent.action.MOUNT_STATE_CHANGED
11-04 17:49:14.685   811  1084 I PerfStream: BatteryStatsStates::activeStartEvent()
11-04 17:49:14.686  1044  1340 D VrPowerManagerService: processing message: system wakeup
11-04 17:49:14.686  1044  1340 I AutomationTest: ResumeFromSuspendTimeTests: system wakeup
11-04 17:49:14.693  2141 13686 I OSUpdateService: Intent with action system_interactive_changed
11-04 17:49:14.694  2354  2354 I chatty  : uid=10020(com.oculus.vrshell) ShellOverlayMai expire 57 lines
11-04 17:49:14.699  2954  3032 I StateMachine: StateMachine::Update GuardianInitializationStateMachine: mountEvent -> MountedTransition_Black
11-04 17:49:14.702  2208  2566 W DeviceConfigUtil: Try to get config param "oculus_shared_social:oculus_messenger_reauth_removal" before Device Config has subscribed to the service.
11-04 17:49:14.711 10864 10864 D MetaCam (DeviceLifecycleManager): onCapabilitiesChanged(...). Has NET_CAPABILITY_VALIDATED.
11-04 17:49:14.713 13469 13690 I chatty  : uid=10131(com.YourCompany.TemplateProject3) expire 3 lines
11-04 17:49:14.732   582   610 I SyncBossFW: 6671724 [info   ] {BCAM}: OV7251 sensors found - 0xf
11-04 17:49:14.756   582   610 I SyncBossFW: 6671750 [info   ] {APPI}: Camera probe, found: 0xf
11-04 17:49:14.768   736  6196 I HollywoodCameraProvider: [HollywoodCameraProvider] Set cameras to 10 bpp (format 0x00000007)
11-04 17:49:14.772   736  6196 I CameraHalOculus: CameraHalLog:  vendor/oculus/camera/fastpath/src/MonoCameraOculus.cpp:StartCamera:136 Starting MonoCamera 0
11-04 17:49:14.772   736   901 I SyncBossHAL: [info   ] pulsar_manager.c(801): No IRLED tracked controllers connected/ready
11-04 17:49:14.782   736  6196 I CameraHalOculus: CameraHalLog:  vendor/oculus/camera/fastpath/src/MonoCameraOculus.cpp:StartCamera:136 Starting MonoCamera 1
11-04 17:49:14.790   736  6196 I CameraHalOculus: CameraHalLog:  vendor/oculus/camera/fastpath/src/MonoCameraOculus.cpp:StartCamera:136 Starting MonoCamera 2
11-04 17:49:14.799   736  6196 I CameraHalOculus: CameraHalLog:  vendor/oculus/camera/fastpath/src/MonoCameraOculus.cpp:StartCamera:136 Starting MonoCamera 3
11-04 17:49:14.805   736   736 W HwBinder:736_3: type=1400 audit(0.0:23196): avc: denied " {" getattr" } for " path="/proc/851" dev="proc" ino=16569 scontext=u:r:hal_oculus_sensors:s0 tcontext=u:r:trackingserver:s0 tclass=dir permissive=0
11-04 17:49:14.813  1044  1340 V MediaPlayer: resetDrmState:  mDrmInfo=null mDrmProvisioningThread=null mPrepareDrmInProgress=false mActiveDrmScheme=false
11-04 17:49:14.814  1044  1340 V MediaPlayer: cleanDrmObj: mDrmObj=null mDrmSessionId=null
11-04 17:49:14.814  1508  1508 V AvrcpMediaPlayerList: onPlaybackConfigChanged(): Configs list size=6
11-04 17:49:14.814  1508  1508 V AvrcpMediaPlayerList: onPlaybackConfigChanged(): Configs list size=5
11-04 17:49:14.814   807  1923 D NuPlayerDriver: reset(0xea42e5a0) at state 6
11-04 17:49:14.815   736   736 W HwBinder:736_3: type=1400 audit(0.0:23197): avc: denied " {" getattr" } for " path="/proc/851" dev="proc" ino=16569 scontext=u:r:hal_oculus_sensors:s0 tcontext=u:r:trackingserver:s0 tclass=dir permissive=0
11-04 17:49:14.815   851   851 I chatty  : uid=1000(system) /system/bin/trackingservice expire 1 line
11-04 17:49:14.817   582   610 I SyncBossFW: 6671808 [info   ] {APPI}: Starting camera streaming
11-04 17:49:14.817   582   610 I SyncBossFW: 6671809 [info   ] {BCAM}: Camera streaming started
11-04 17:49:14.817   807 13622 D NuPlayerDriver: notifyResetComplete(0xea42e5a0)
11-04 17:49:14.817   807  1923 W AMessage: failed to post message as target looper for handler 0 is gone.
11-04 17:49:14.818   836  1920 V C2Store : in ~ComponentModule
11-04 17:49:14.818   836  1920 V C2Store : unloading dll
11-04 17:49:14.820   851  1036 I TrackingService: [            iot] STANDBY -> RUNNING transition time: 231 ms
11-04 17:49:14.820   736  6196 E libosutils: failed to get real path of file /proc/851/cmdline, err: Permission denied
11-04 17:49:14.822   736  6196 I FrameSetDispatcher: [CONTROLLER] Client thread started
11-04 17:49:14.822   736  6196 I CameraClientManager: [CONTROLLER] Added client - started clients: 1
11-04 17:49:14.823   851  1036 I TrackingService: ConstellationTrackingGlue: setEnableExtendedDeadreckoning to false
11-04 17:49:14.823   851  1036 I TrackingService: [  constellation] STANDBY -> RUNNING transition time: 2 ms
11-04 17:49:14.823   851  1036 I TrackingService: [selftracked_client] STANDBY -> RUNNING transition time: 0 ms
11-04 17:49:14.823   851  1036 I TrackingService: [           hand] STANDBY -> RUNNING transition time: 0 ms
11-04 17:49:14.823   736  6196 E libosutils: failed to get real path of file /proc/851/cmdline, err: Permission denied
11-04 17:49:14.824   736  6196 I FrameSetDispatcher: [HEADSET] Client thread started
11-04 17:49:14.824   736  6196 I CameraClientManager: [HEADSET] Added client - started clients: 2
11-04 17:49:14.824   851  1036 I TrackingService: [         object] STANDBY -> RUNNING transition time: 1 ms
11-04 17:49:14.824   851  1036 I TrackingService: [     controller] STANDBY -> RUNNING transition time: 0 ms
11-04 17:49:14.825   736   736 W sensors@1.0-ser: type=1400 audit(0.0:23199): avc: denied " {" getattr" } for " path="/proc/851" dev="proc" ino=16569 scontext=u:r:hal_oculus_sensors:s0 tcontext=u:r:trackingserver:s0 tclass=dir permissive=0
11-04 17:49:14.832   851  1036 I TrackingService: Setting initial exposure: 0.005000, initial gain: 3.000000
11-04 17:49:14.833   736   736 E libosutils: failed to get real path of file /proc/851/cmdline, err: Permission denied
11-04 17:49:14.833   754   754 D SurfaceFlinger: setCacPowerMode: mode=2
11-04 17:49:14.833   754   754 I HWC2    : Creating virtual display
11-04 17:49:14.834   736   736 I FrameSetDispatcher: [HEADSET] Client thread started
11-04 17:49:14.834   736   736 I CameraClientManager: [HEADSET] Added client - started clients: 3
11-04 17:49:14.834   851  1036 I TrackingService: [ExposureControl] STANDBY -> RUNNING transition time: 10 ms
11-04 17:49:14.835   851  1186 D TrackingService: setPowerState: RUNNING
11-04 17:49:14.836   741  2545 I SDM     : HWCVirtualDisplayFactory::Create: Created DPU based virtual display
11-04 17:49:14.837   741  2545 W SDM     : HWDeviceDRM::PopulateDisplayAttributes: Driver doesn't report panel physical width and height - defaulting to 320dpi
11-04 17:49:14.838   741  2545 I chatty  : uid=1000(system) HwBinder:741_3 identical 34 lines
11-04 17:49:14.838   741  2545 W SDM     : HWDeviceDRM::PopulateDisplayAttributes: Driver doesn't report panel physical width and height - defaulting to 320dpi
11-04 17:49:14.838   741  2545 I SDM     : HWDeviceDRM::UpdateMixerAttributes: Mixer WxH 4096x2160-1 for Virtual
11-04 17:49:14.838   741  2545 I SDM     : HWCDisplay::UpdateConfigs: num_configs = 1
11-04 17:49:14.840   741  2545 I SDM     : HWCDisplay::Init: Display created with id: 1, game_supported_: 0
11-04 17:49:14.840   741  2545 I SDM     : HWDeviceDRM::UpdateMixerAttributes: Mixer WxH 1920x3664-1 for Virtual
11-04 17:49:14.840   741  2545 I SDM     : HWVirtualDRM::SetDisplayAttributes: New WB Resolution: 1920x3664 cur_mode_index 2
11-04 17:49:14.841   741  2545 I SDM     : InitHDRinterface():127 HDR init done
11-04 17:49:14.841   741  2545 I SDM     : HDRIntfClient::GetParameter: Version info is: 2.0
11-04 17:49:14.841   741  2545 I SDM     : StrategyImpl::InitializeHdrInfo: HDRLib version = 2.0
11-04 17:49:14.841   741  2545 I SDM     : Deinit():195 HDR De-init done
11-04 17:49:14.842   741  2545 I SDM     : ResourceImpl::RegisterDisplay: Registering display 47-2 with hw_block 47-4
11-04 17:49:14.842   741  2545 I SDM     : InitHDRinterface():127 HDR init done
11-04 17:49:14.842   741  2545 I SDM     : HDRIntfClient::GetParameter: Version info is: 2.0
11-04 17:49:14.842   741  2545 I SDM     : panel_HDMI_sink_load():30 panel's peak brightness isn't unreasonably, should be in unit of nits. Default val is used!
11-04 17:49:14.843   851 13662 I chatty  : uid=1000(system) IOTmotion expire 9 lines
11-04 17:49:14.843   877   877 D VrApiService: refresh-rate changed to 72Hz
11-04 17:49:14.843   741  2545 I SDM     : ColorIntfClient::Init: Init successful
11-04 17:49:14.843   741  2545 I SDM     : DisplayVirtual::SetActiveConfig: Virtual display resolution changed to[1920x3664]
11-04 17:49:14.843   741  2545 I SDM     : DisplayBase::SetDisplayState: Set state = 1, display 47-2, teardown = 0
11-04 17:49:14.843   741  2545 I SDM     : DisplayBase::SetFrameBufferConfig: New framebuffer resolution (1920x3664)
11-04 17:49:14.843   741  2545 I SDM     : HWCDisplay::SetFrameBufferConfig: New framebuffer resolution (1920x3664)
11-04 17:49:14.843   741  2545 I SDM     : HWCVirtualDisplayFactory::Create: Creating virtual display: w: 1920 h:3664 format:0x1
11-04 17:49:14.843   741  2545 I SDM     : HWCSession::CreateVirtualDisplayObj: Created virtual display id:1 with res: 1920x3664
11-04 17:49:14.843   741  2545 I SDM     : HWCSession::CreateVirtualDisplay: Created virtual display id:1, res: 1920x3664
11-04 17:49:14.843   754   754 I HWC2    : Created virtual display
11-04 17:49:14.844   754   754 D SurfaceFlinger: Finished setting power mode 2 on display 19260772666111105
11-04 17:49:14.844  1044  1305 D SurfaceControl: Excessive delay in setPowerMode()
11-04 17:49:14.845   741   996 I SDM     : HWCDisplayBuiltIn::Validate: Validate +++ enable cac = 0
11-04 17:49:14.845  1044  1081 W PowerManagerService: Screen on took 370 ms
11-04 17:49:14.846  1406 13707 I chatty  : uid=10025(com.oculus.systemdriver) OVR::TimeWarp expire 265 lines
11-04 17:49:14.847   741   996 I SDM     : HWCDisplayBuiltIn::Validate: Validate +++ enable cac = 0
11-04 17:49:14.873   838  1194 E CalibrationProvider: loadCalibration(LDISP_SN) failed: Calibration store didn't load any info
11-04 17:49:14.873   838  1194 E CalibrationProvider: loadCalibration(RDISP_SN) failed: Calibration store didn't load any info
11-04 17:49:14.875   838  1194 E CalibrationProvider: loadCalibration(LDISP_SN) failed: Calibration store didn't load any info
11-04 17:49:14.875   838  1194 E CalibrationProvider: loadCalibration(RDISP_SN) failed: Calibration store didn't load any info
11-04 17:49:14.880   838  1194 E CalibrationProvider: loadCalibration(LDISP_SN) failed: Calibration store didn't load any info
11-04 17:49:14.880   838  1194 E CalibrationProvider: loadCalibration(RDISP_SN) failed: Calibration store didn't load any info
11-04 17:49:14.882   741  2545 I SDM     : HWCDisplayBuiltIn::Validate: Validate +++ enable cac = 0
11-04 17:49:14.883   838  1194 E CalibrationProvider: loadCalibration(LDISP_SN) failed: Calibration store didn't load any info
11-04 17:49:14.884   838  1194 E CalibrationProvider: loadCalibration(RDISP_SN) failed: Calibration store didn't load any info
11-04 17:49:14.891   838  1194 E CalibrationProvider: loadCalibration(LDISP_SN) failed: Calibration store didn't load any info
11-04 17:49:14.891   838  1194 E CalibrationProvider: loadCalibration(RDISP_SN) failed: Calibration store didn't load any info
11-04 17:49:14.911   838  1194 E CalibrationProvider: loadCalibration(LDISP_SN) failed: Calibration store didn't load any info
11-04 17:49:14.911   838 11808 E CalibrationProvider: loadCalibration(RDISP_SN) failed: Calibration store didn't load any info
11-04 17:49:14.916   736 13692 W libsensorscommon: frameset capture timestamp out of spec by -6671859.53 ms. FrameType=HEADSET, observed=6671899532000 expected=40000000. FrameSyncPeriod is: 40.00 ms
11-04 17:49:14.917   851 13706 I chatty  : uid=1000(system) ExposureControl expire 1 line
11-04 17:49:14.917   851 13695 I chatty  : uid=1000(system) IOTcam expire 86 lines
11-04 17:49:14.918   851 13627 I chatty  : uid=1000(system) BoltWorkerThrea expire 1 line
11-04 17:49:14.922   754   754 D SurfaceFlinger: CAC state changed to 5
11-04 17:49:14.922   754   754 E SurfaceFlinger: Source layer is null
11-04 17:49:14.923   741  2545 I SDM     : HWCDisplayBuiltIn::Validate: Validate +++ enable cac = 0
11-04 17:49:14.924   741  2545 I SDM     : HWDeviceDRM::UpdateMixerAttributes: Mixer WxH 1920x1832-1 for Virtual
11-04 17:49:14.924   741  2545 I SDM     : HWVirtualDRM::SetDisplayAttributes: New WB Resolution: 1920x1832 cur_mode_index 5
11-04 17:49:14.924   741  2545 I SDM     : DisplayVirtual::SetActiveConfig: Virtual display resolution changed to[1920x1832]
11-04 17:49:14.924   741  2545 I SDM     : DisplayBase::SetFrameBufferConfig: New framebuffer resolution (1920x1832)
11-04 17:49:14.925   741  2545 I SDM     : HWCDisplay::SetFrameBufferConfig: New framebuffer resolution (1920x1832)
11-04 17:49:14.926  2467  2931 W PresenceAPKNative(hyperspace_controller_module): is_screen_on: 1
11-04 17:49:14.935   851 13702 I chatty  : uid=1000(system) CtrllrCam expire 27 lines
11-04 17:49:14.935   741  2545 I SDM     : HWCDisplayBuiltIn::Validate: Validate +++ enable cac = 0
11-04 17:49:14.936  2662  2662 W VRLifecycleManager: onVRSessionStarted
11-04 17:49:14.939   749   965 D AF::RecordHandle: OpRecordAudio: track:130 uid:10032 pkg:com.oculus.horizon usage:0 not muted
11-04 17:49:14.939   749  4531 D AF::RecordHandle: OpRecordAudio: track:56 uid:10014 pkg:com.oculus.shellenv usage:0 muted
11-04 17:49:14.942  1406  2649 I chatty  : uid=10025(com.oculus.systemdriver) ClientRequest expire 40 lines
11-04 17:49:14.943  1824  1824 I [CT]    : MIXEDREALITY: MrService: ScreenStateChanged: true
11-04 17:49:14.943  1824  1824 I [CT]    : MIXEDREALITY: MrService: onWakeup
11-04 17:49:14.943  1824  3311 I [CT]    : MIXEDREALITY: MrServiceView: renderIteration: (every 10 seconds), screen is: ON, PT is: OFF, ID is: OFF
11-04 17:49:14.943  1824  3311 I [CT]    : MIXEDREALITY: VrApiSupport: renderIteration: Display refresh rate changed, new value: 72.
11-04 17:49:14.943  1824  3311 I [CT]    : MIXEDREALITY: MrRuntimeImpl: onDisplayRefreshRateChanged: Display rate changed from 90 to 72.
11-04 17:49:14.943  1824  3311 I [CT]    : MIXEDREALITY: MrRuntimeImpl: Force telemetry to be sent now.
11-04 17:49:14.943  1824  3311 I [CT]    : MIXEDREALITY: MrRuntimeImpl: Reset telemetry such to start collecting data using the new refresh rate.
11-04 17:49:14.943  1824  3311 I [CT]    : MIXEDREALITY: MrRuntimeImpl: setSessionInitTime: Capability 0: timer set to 6674.351138388 ns, duration reset after 459.179824148 s.
11-04 17:49:14.944  1824  3311 I [CT]    : MIXEDREALITY: MrRuntimeImpl: setSessionInitTime: Capability 2: timer set to 6674.351160784 ns, duration reset after 459.176277429 s.
11-04 17:49:14.944  1824  3311 I [CT]    : MIXEDREALITY: MrServiceModel: commitLayerState: PassthroughMode: none.
11-04 17:49:14.944   841  3308 I [CT]    : MIXEDREALITY: MrSystemServiceIPCServer: NotifyScreenStatus
11-04 17:49:14.944  1824  3311 I VrRuntimeClient: UpdateEvents: HMT was mounted
11-04 17:49:14.944   841  3308 I [CT]    : MIXEDREALITY: ServiceLogic: notifyScreenStatus: ON, not active capabilities.
11-04 17:49:14.944   749   965 D AF::RecordHandle: OpRecordAudio: track:56 uid:10014 pkg:com.oculus.shellenv usage:0 muted
11-04 17:49:14.945   749  4531 D AF::RecordHandle: OpRecordAudio: track:130 uid:10032 pkg:com.oculus.horizon usage:0 not muted
11-04 17:49:14.946  1824  3311 I [CT]    : MIXEDREALITY: MrServiceModel: Hibernating caller (most likely rendering thread) due to commandQueue being empty.
11-04 17:49:14.948  1635  1635 E FuelGaugeCollector: could not read battery_cycle_count
11-04 17:49:14.948  1635  1635 E FuelGaugeCollector: java.io.IOException: Get battery metric file failed for fake_aggregate_cycle_count
11-04 17:49:14.948  1635  1635 E FuelGaugeCollector: 	at com.oculus.unifiedtelemetry.collectors.FuelGaugeCollector.A34(:185)
11-04 17:49:14.948  1635  1635 E FuelGaugeCollector: 	at com.oculus.unifiedtelemetry.collectors.CollectorsControl.A31(:90)
11-04 17:49:14.948  1635  1635 E FuelGaugeCollector: 	at X.oj.onReceive(:168)
11-04 17:49:14.948  1635  1635 E FuelGaugeCollector: 	at android.app.LoadedApk$ReceiverDispatcher$Args.lambda$getRunnable$0$LoadedApk$ReceiverDispatcher$Args(LoadedApk.java:1556)
11-04 17:49:14.948  1635  1635 E FuelGaugeCollector: 	at android.app.-$$Lambda$LoadedApk$ReceiverDispatcher$Args$_BumDX2UKsnxLVrE6UJsJZkotuA.run(Unknown Source:2)
11-04 17:49:14.948  1635  1635 E FuelGaugeCollector: 	at android.os.Handler.handleCallback(Handler.java:886)
11-04 17:49:14.948  1635  1635 E FuelGaugeCollector: 	at android.os.Handler.dispatchMessage(Handler.java:102)
11-04 17:49:14.948  1635  1635 E FuelGaugeCollector: 	at android.os.Looper.loop(Looper.java:227)
11-04 17:49:14.948  1635  1635 E FuelGaugeCollector: 	at android.app.ActivityThread.main(ActivityThread.java:7420)
11-04 17:49:14.948  1635  1635 E FuelGaugeCollector: 	at java.lang.reflect.Method.invoke(Native Method)
11-04 17:49:14.948  1635  1635 E FuelGaugeCollector: 	at com.android.internal.os.RuntimeInit$MethodAndArgsCaller.run(RuntimeInit.java:492)
11-04 17:49:14.948  1635  1635 E FuelGaugeCollector: 	at com.android.internal.os.ZygoteInit.main(ZygoteInit.java:936)
11-04 17:49:14.954  2662  2662 W VRLifecycleManager: onVRSessionStarted
11-04 17:49:14.956  2662  2662 W VRLifecycleManager: onVRSessionStarted
11-04 17:49:14.956 13469 13573 I chatty  : uid=10131(com.YourCompany.TemplateProject3) expire 5 lines
11-04 17:49:14.959  2208  2208 I VRLifecycleManager: onReceive screen on
11-04 17:49:14.959  2208  2208 W VRLifecycleManager: onVRSessionStarted
11-04 17:49:14.959  2208  2208 I PlatformPluginManager: Setting headsetIsDocked: true
11-04 17:49:14.960  2662  2662 W VRLifecycleManager: onVRSessionStarted
11-04 17:49:14.960   877  4537 D VrApiService: refresh-rate changed to 90Hz
11-04 17:49:14.961  1406  2644 I chatty  : uid=10025(com.oculus.systemdriver) OVR::Clocks expire 16 lines
11-04 17:49:14.963 10864 10864 D MetaCamNative (device_lifecycle_observer): OnScreenStateChange(is_screen_on = 1)
11-04 17:49:14.964   741  2545 I SDM     : HWCDisplayBuiltIn::Validate: Validate +++ enable cac = 0
11-04 17:49:14.965  2662  2662 W VRLifecycleManager: onVRSessionStarted
11-04 17:49:14.967  2662  2662 W VRLifecycleManager: onVRSessionStarted
11-04 17:49:14.968  2662  2662 W VRLifecycleManager: onVRSessionStarted
11-04 17:49:14.977   877   877 D VrApiService: refresh-rate changed to 72Hz
11-04 17:49:14.978   741  2545 I SDM     : HWCDisplayBuiltIn::Validate: Validate +++ enable cac = 0
11-04 17:49:14.989  1799 11153 D RuntimeIPCServerMgr: RegisterClient: Client: com.oculus.vrshell:com.oculus.vrshell:Overlay:2354, Server: com.oculus.os.dialoghost:com.oculus.os.dialoghost (DialogHostService)
11-04 17:49:14.990  1799 11153 I IPCSharedMemory: CreateSharedMemory: Allocated shared memory fd 42 (ipcStateReadWrite)
11-04 17:49:14.990  1799 11153 I IPCSharedMemory: CreateSharedMemory: Allocated shared memory fd 43 (ipcReadOnlyState)
11-04 17:49:14.990  1799 11153 I RuntimeIPCServerMgr: Event buffer size (server): 8192
11-04 17:49:14.990  1799 11153 I IPCSharedMemory: CreateSharedMemory: Allocated shared memory fd 44 (ipcEventBuffer)
11-04 17:49:14.991  1799 11153 I IPCSharedMemory: CreateSharedMemory: Allocated shared memory fd 45 (ipcEventBuffer_Private)
11-04 17:49:14.991  1799 11153 I RuntimeIPCServerMgr: HandleClientConnect SUCCESS: Client: com.oculus.vrshell:com.oculus.vrshell:Overlay:2354, Server: com.oculus.os.dialoghost:com.oculus.os.dialoghost (DialogHostService)
11-04 17:49:14.991  1799 11153 I RuntimeIPCServerMgr: GetServerStatesConfig -> {MaxBufferSize=32768, MaxEntries=64}
11-04 17:49:15.084 13469 13499 I chatty  : uid=10131(com.YourCompany.TemplateProject3) expire 68 lines
11-04 17:49:15.089  1635 13688 W ContextImpl: Calling a method in the system process without a qualified user: android.app.ContextImpl.sendBroadcast:1057 android.content.ContextWrapper.sendBroadcast:448 X.o0.A00:133 X.nZ.A00:17 X.nZ.handleMessage:91 
11-04 17:49:15.093  1799 11153 I RuntimeIPCServerMgr: GetServerStatesConfig -> {MaxBufferSize=32768, MaxEntries=64}
11-04 17:49:15.098  1406  2712 I chatty  : uid=10025(com.oculus.systemdriver) Thread-9 expire 29 lines
11-04 17:49:15.098  1406  2506 I chatty  : uid=10025(com.oculus.systemdriver) RscCreation expire 2 lines
11-04 17:49:15.105   749   965 D AF::RecordHandle: OpRecordAudio: track:56 uid:10014 pkg:com.oculus.shellenv usage:0 muted
11-04 17:49:15.105   749  4531 D AF::RecordHandle: OpRecordAudio: track:130 uid:10032 pkg:com.oculus.horizon usage:0 not muted
11-04 17:49:15.116  2954  3032 I GuardianSystem: runtimeServiceSDKClient_.SuspendResumeEvent: 0
11-04 17:49:15.116  2954  3032 I GuardianPassthroughOnDemand: GuardianPassthroughOnDemand: Initialize DoubleTap callback after resume
11-04 17:49:15.116  2954  3032 I GuardianTelemetry: GuardianTelemetry: Start Guardian Telemetry
11-04 17:49:15.116  2954  3032 I GuardianTelemetry: OVR::Telemetry Guardian Stats thread started
11-04 17:49:15.116  2954  3032 I GuardianSystem: GuardianSystem: RESUMING operation. Seconds elapsed: 383.01
11-04 17:49:15.116  2954  3032 I GuardianSystem: 3dof_log: UpdateActiveTrackingMode: 0, 0
11-04 17:49:15.116  2954  3032 I GuardianSystem: runtimeServiceSDKClient_.ForceShowGuardianEvent
11-04 17:49:15.116  2954  3032 I GuardianSystem: ForceShowGuardian: false, 0.00
11-04 17:49:15.116  2954  3032 I GuardianSystem: runtimeServiceSDKClient_.PackageChangeEvent: package=[com.YourCompany.TemplateProject3], process=[com.YourCompany.TemplateProject3]
11-04 17:49:15.116  2954  3032 I GuardianSystem: runtimeServiceSDKClient_.ForceShowGuardianEvent
11-04 17:49:15.116  2954  3032 I GuardianSystem: ForceShowGuardian: false, 0.00
11-04 17:49:15.125  3523  4612 I chatty  : uid=10026(com.oculus.systemux) Binder:3523_7 expire 5 lines
11-04 17:49:15.134  3523 13720 I chatty  : uid=10026 com.oculus.systemux:SystemUX expire 11 lines
11-04 17:49:15.136  2208  2208 I OVRMediaService: onStartCommand Received message type: com.oculus.horizon.GET_CAPTURE_STATE_ACTION, caller package: no_app_identity, app identify: null
11-04 17:49:15.148  2208  2208 I FileCapture: broadcast capture state to AUI running = false, with mode -1
11-04 17:49:15.154   736 13674 E FrameSetDispatcher: [HEADSET] Client pid=851 (851): Failed to read from receive FMQ for 1 packets in 5000ms.
11-04 17:49:15.154   736 13674 E FrameSetDispatcher: This probably means this client is taking more than 33 ms to process the frame.
11-04 17:49:15.154   736 13674 E FrameSetDispatcher: Retrying.
11-04 17:49:15.155  2954  3032 I GuardianSystem: Ending pause
11-04 17:49:15.155  2954  3032 I GuardianRender: Resume: GuardianRender resuming.
11-04 17:49:15.155  1824  3321 I [CT]    : MIXEDREALITY: MrClientModelStates: setLayerPaused false layer -1 for client 3219182184.
11-04 17:49:15.156  1824  3321 I [CT]    : MIXEDREALITY: MrSvc: PassthroughLayer: setPaused: Layer -1 is being paused false
11-04 17:49:15.156  2954  3032 I GuardianRender: Resume: Passthrough layer resumed
11-04 17:49:15.156  2954  3032 I GuardianRender: Resume: GuardianRender updating thread states.
11-04 17:49:15.156  2954  3032 I GuardianRender: Resume: GuardianRender resume complete.
11-04 17:49:15.156  2954  3032 I OpenXR_Space: xrCreateReferenceSpace: Spaces info
11-04 17:49:15.156  2954  3032 I OpenXR_Space: xrCreateReferenceSpace: Local version=45
11-04 17:49:15.156  2954  3032 I OpenXR_Space: xrCreateReferenceSpace: RawFromLocal       = (0.000, 0.133, 0.000, 0.991), (-0.05, -0.11, 0.07)
11-04 17:49:15.156  2954  3032 I OpenXR_Space: xrCreateReferenceSpace: RawFromLocalTilted = (-0.234, 0.124, 0.008, 0.964), (-0.05, -0.11, 0.07)
11-04 17:49:15.156  2954  3032 I OpenXR_Space: xrCreateReferenceSpace: Stage IsValid=false
11-04 17:49:15.156  2954  3032 I OpenXR_Space: xrCreateReferenceSpace: Stage HasActiveGuardian=true
11-04 17:49:15.156  2954  3032 I OpenXR_Space: xrCreateReferenceSpace: Stage Width=1.200000, Depth=1.200000
11-04 17:49:15.156  2954  3032 I OpenXR_Space: xrCreateReferenceSpace: RawFromStage       = (0.000, 0.133, 0.000, 0.991), (-0.05, -1.48, 0.07)
11-04 17:49:15.156  2954  3032 I GuardianInput: GuardianInput::Resume ... intializing session bound objects.
11-04 17:49:15.156  2954  3032 I OpenXR_Actions: ------------ xrCreateActionSpace -----------
11-04 17:49:15.156  2954  3032 I OpenXR_Actions: ------------ xrCreateActionSpace -----------
11-04 17:49:15.156  2954  3032 I OpenXR_Hands: ------------ xrCreateHandTrackerEXT -----------
11-04 17:49:15.156  2954  3032 I OpenXR_Hands: ------------ xrCreateHandTrackerEXT -----------
11-04 17:49:15.156  1824  3311 I [CT]    : MIXEDREALITY: MrSvc: PassthroughPresentationLayerImpl: Deallocating framebuffers for layer -1.
11-04 17:49:15.156  1824  3311 I [CT]    : MIXEDREALITY: MrRuntimeImpl: onPause: Capability 0 on device 2.
11-04 17:49:15.156   841  3308 I [CT]    : MIXEDREALITY: PassthroughComputeCapability: MrChangePassthroughStatus
11-04 17:49:15.156   841  3308 I [CT]    : MIXEDREALITY: MrSystemServiceIPCServer: ChangeMrCapabilityStatus: client 1185751860, capability 0, command 0.
11-04 17:49:15.156   841  3308 I [CT]    : MIXEDREALITY: ServiceLogic: Stopping: Passthrough
11-04 17:49:15.156   841  3308 I [CT]    : MIXEDREALITY: MrRuntimeCompute: onStop: Passthrough.
11-04 17:49:15.156   841  3308 I [CT]    : MIXEDREALITY: MrRuntimeCompute: onStop: All capabilities are off, pausing stereo pipeline.
11-04 17:49:15.157   841  3308 I [CT]    : MIXEDREALITY: ServiceLogic: sendMrEngine: Pause
