11-05 21:53:38.363  1987 10527 I CompositorVR: WarpToScreen: Skipping frames for 16
11-05 21:53:38.363  3056  3183 I [SEO] PanelAppAnalytics: First frame latency: 0.634 for id 24 com.oculus.systemux/com.oculus.panelapp.anytimeui.AnytimeUIAndroidPanelService
11-05 21:53:38.363  3056  3183 I [SEO] LayerSwapChainResource: LayerSwapChainResource 800,110 : 3
11-05 21:53:38.363  1987  3099 I VrRuntimeService: CreateSwapChain: 1704197069
11-05 21:53:38.363  1987  3099 I VrRuntimeService: CreateSwapChain: api:vk 0 0x2b 800 110 10 3 1 4 3
11-05 21:53:38.364  1987  3099 W SwapChain_Vulkan: CreateTextureSwapChainFoveationVulkan: ShouldCreateFragmentDensityMap: false
11-05 21:53:38.364  1987  3099 W SwapChain_Vulkan: ExportTextureResourcesFoveationVulkan: chain->VkInteropFoveation.Device == nullptr
11-05 21:53:38.364  1987  3099 W SwapChain: CreateTextureSwapChainFoveation: export failed
11-05 21:53:38.364  1987  3099 I VrRuntimeServer: CreateTextureSwapChain: result importswapchaingles 1
11-05 21:53:38.365  2112  3498 I SwapChain_Vulkan: Imported texture has requirements 3, ends up index 0
11-05 21:53:38.365  2112  3498 I chatty  : uid=10014(com.oculus.shellenv) Thread-32 identical 1 line
11-05 21:53:38.365  2112  3498 I SwapChain_Vulkan: Imported texture has requirements 3, ends up index 0
11-05 21:53:38.365  2112  3498 W VrRuntimeClient: CreateTextureSwapChain: Failed to import foveation swapchain
11-05 21:53:38.367  1987  3099 I VrRuntimeService: UpdateSwapChainSamplerState: 259
11-05 21:53:38.367  1987  3099 I VrRuntimeService: UpdateSwapChainSamplerState: minFilter=1 magFilter=1 wrapModeS=3 warpModeT=3 maxAniso=1.000000 border={0.000000,0.000000,0.000000,0.000000} swizzle={0,1,2,3}
11-05 21:53:38.374  1987 10527 I CompositorVR: WarpToScreen: Skipping frames for 16
11-05 21:53:38.385  1987 10527 I CompositorVR: WarpToScreen: Skipping frames for 16
11-05 21:53:38.386   849  1037 W TrackingService: attachClient: found client in attached list
11-05 21:53:38.387 10151 10260 E OsSdk   : error getting shared memory region, memory type: HeadTracker, failed with Status(-1, EX_SECURITY): 'requested shared memory region when not registered/focused'
11-05 21:53:38.387  2195  2195 I OVRMediaServiceManager: Metacam is not enabled.
11-05 21:53:38.387  1050  5051 E WindowManager: App trying to use insecure INPUT_FEATURE_NO_INPUT_CHANNEL flag. Ignoring
11-05 21:53:38.394  3565  3565 D [SUI] ActivityManagerUtilsHelper: onFocusedWindowChanged: Instance: com.oculus.panelapp.anytimeui.utils.ActivityManagerUtilsHelper@82b52d3, topWindowUid: 10020, focusedApp: com.oculus.vrshell, previousApp: null
11-05 21:53:38.394  3565  3565 I Choreographer: Skipped 56 frames!  The application may be doing too much work on its main thread.
11-05 21:53:38.396  1987 10527 I CompositorVR: WarpToScreen: Skipping frames for 16
11-05 21:53:38.406  2326  2341 W eviceauthserve: Reducing the number of considered missed Gc histogram windows from 280 to 100
11-05 21:53:38.407  1987 10527 I CompositorVR: WarpToScreen: Skipping frames for 16
11-05 21:53:38.418  1987 10527 I CompositorVR: WarpToScreen: Skipping frames for 16
11-05 21:53:38.426   849  1040 W TrackingService: attachClient: found client in attached list
11-05 21:53:38.426 10151 10260 E OsSdk   : error getting shared memory region, memory type: HeadTracker, failed with Status(-1, EX_SECURITY): 'requested shared memory region when not registered/focused'
11-05 21:53:38.426  2195  2195 I OVRMediaService: onStartCommand Received message type: com.oculus.horizon.GET_CAPTURE_STATE_ACTION, caller package: no_app_identity, app identify: null
11-05 21:53:38.428 10151 10260 E OsSdk   : error getting shared memory region, memory type: AnchorTracker, failed with Status(-1, EX_SECURITY): 'requested shared memory region when not registered/focused'
11-05 21:53:38.429  1987 10527 I CompositorVR: WarpToScreen: Skipping frames for 16
11-05 21:53:38.438  2364  2380 W System  : A resource failed to call release. 
11-05 21:53:38.438  2364  2380 I chatty  : uid=10020(com.oculus.vrshell) FinalizerDaemon identical 5 lines
11-05 21:53:38.439  2364  2380 W System  : A resource failed to call release. 
11-05 21:53:38.441  1987 10527 I CompositorVR: WarpToScreen: Skipping frames for 16
11-05 21:53:38.445  2364  2380 W System  : A resource failed to call release. 
11-05 21:53:38.452  1987 10527 I CompositorVR: WarpToScreen: Skipping frames for 16
11-05 21:53:38.463  1987 10527 I CompositorVR: WarpToScreen: Skipping frames for 16
11-05 21:53:38.467 10151 10260 E OsSdk   : error getting shared memory region, memory type: HeadTracker, failed with Status(-1, EX_SECURITY): 'requested shared memory region when not registered/focused'
11-05 21:53:38.472  3565  3565 I PresenceAPK(ServiceApiManager): onServiceConnected componentName=ComponentInfo{com.oculus.presence/com.oculus.presence.service.PresenceService}
11-05 21:53:38.473  3565  3565 I PresenceAPK(ServiceApiManager): setting apiStatusListener
11-05 21:53:38.474  1987 10527 I CompositorVR: WarpToScreen: Skipping frames for 16
11-05 21:53:38.474  3565  4306 I PresenceAPK(ServiceApiManager): onApiReady
11-05 21:53:38.485  1987 10527 I CompositorVR: WarpToScreen: Skipping frames for 16
11-05 21:53:38.491  3565  3565 D [SUI] NotificationBroadcastReceiver: action: com.oculus.intent.action.NOTIF_CHANGE
11-05 21:53:38.492  3565  3565 I PresenceAPK(ServiceApiManager): onServiceConnected componentName=ComponentInfo{com.oculus.presence/com.oculus.presence.service.PresenceService}
11-05 21:53:38.496  1987 10527 I CompositorVR: WarpToScreen: Skipping frames for 16
11-05 21:53:38.497  3565  3565 I PresenceAPK(ServiceApiManager): setting apiStatusListener
11-05 21:53:38.498  2195  2195 I FileCapture: broadcast capture state to AUI running = false, with mode -1
11-05 21:53:38.504  3565  8958 I PresenceAPK(ServiceApiManager): onApiReady
11-05 21:53:38.505  3565  3565 D [SUI] AnytimeUIBroadcastReceiver: action: com.oculus.systemactivities.CAPTURE_STATE_UPDATE
11-05 21:53:38.505  3565  3565 I [SUI] AnytimeUIBroadcastReceiver: handleCaptureStateUpdate: captureToDisk false, captureEnabled false, isCapturingAbuseReport false, abuseRecordingUUID null
11-05 21:53:38.505  3565  3565 V [SUI] BarView: Notifs badge count: 2, Messenger badge count 0
11-05 21:53:38.507  1987 10527 I CompositorVR: WarpToScreen: Skipping frames for 16
11-05 21:53:38.510  3565  3565 D [SUI] AnytimeUIBroadcastReceiver: action: com.oculus.systemactivities.LOCAL_STREAM_STATE_UPDATE
11-05 21:53:38.511  3565  3565 D [SUI] ScreenCaptureUtil: onLocalStreamStateUpdate(isCaptureRunning = false)
11-05 21:53:38.511  3565  3565 I chatty  : uid=10026 com.oculus.systemux:SystemUX identical 3 lines
11-05 21:53:38.511  3565  3565 D [SUI] ScreenCaptureUtil: onLocalStreamStateUpdate(isCaptureRunning = false)
11-05 21:53:38.511 10151 10260 E OsSdk   : error getting shared memory region, memory type: HeadTracker, failed with Status(-1, EX_SECURITY): 'requested shared memory region when not registered/focused'
11-05 21:53:38.518  1987 10527 I CompositorVR: WarpToScreen: Skipping frames for 16
11-05 21:53:38.529  3565  3565 D [SUI] AnytimeUIBroadcastReceiver: action: com.oculus.systemactivities.CAPTURE_STATE_UPDATE
11-05 21:53:38.529  3565  3565 I [SUI] AnytimeUIBroadcastReceiver: handleCaptureStateUpdate: captureToDisk false, captureEnabled false, isCapturingAbuseReport false, abuseRecordingUUID null
11-05 21:53:38.529  3565  3565 D [SUI] AnytimeUIBroadcastReceiver: action: com.oculus.systemactivities.LOCAL_STREAM_STATE_UPDATE
11-05 21:53:38.530  3565  3565 D [SUI] ScreenCaptureUtil: onLocalStreamStateUpdate(isCaptureRunning = false)
11-05 21:53:38.530  3565  3565 I chatty  : uid=10026 com.oculus.systemux:SystemUX identical 3 lines
11-05 21:53:38.530  3565  3565 D [SUI] ScreenCaptureUtil: onLocalStreamStateUpdate(isCaptureRunning = false)
11-05 21:53:38.530  1987 10527 I CompositorVR: WarpToScreen: Skipping frames for 16
11-05 21:53:38.530  2195  2195 I OVRMediaServiceManager: Metacam is not enabled.
11-05 21:53:38.540  3056  3183 I [SEO] PanelAppHost: Setting panel layer visibility of layer "#main" to visible, panel 24 (com.oculus.systemux/com.oculus.panelapp.anytimeui.AnytimeUIAndroidPanelService)
11-05 21:53:38.541  1987 10527 I CompositorVR: WarpToScreen: Skipping frames for 16
11-05 21:53:38.552  1987 10527 I CompositorVR: WarpToScreen: Skipping frames for 16
11-05 21:53:38.557 10151 10260 E OsSdk   : error getting shared memory region, memory type: HeadTracker, failed with Status(-1, EX_SECURITY): 'requested shared memory region when not registered/focused'
11-05 21:53:38.563  1987 10527 I CompositorVR: WarpToScreen: Skipping frames for 16
11-05 21:53:38.565  2195  2195 I OVRMediaService: onStartCommand Received message type: overlay_input_focus_change, caller package: com.oculus.vrshell, app identify: AppIdentity{uid=10020, packageNames=[com.oculus.vrshell], sha1=MxZgtt071YLz39PLrkVGckZooCE, sha2=3C-DTjwZQjeLFPB2yCzRq1nqZWa_9HMLIEfpjvyfna8, version=null, domain=null}
11-05 21:53:38.568  3565 10811 D NotificationsBadgeLiveData: MessageBadgeData, pullAndCheckNotifs, old data source notif count: 2, oc chats count: 0, messenger count: 0
11-05 21:53:38.569  3565  3565 V [SUI] BarView: Notifs badge count: 2, Messenger badge count 0
11-05 21:53:38.574  1987 10527 I CompositorVR: WarpToScreen: Skipping frames for 16
11-05 21:53:38.577  3565  3565 D [SUI] SystemUXFunnelLogServerLogger: Impression Event: oculus_impressions_tile_impressioned LogInfo{duration=0, mLogId='com.oculus.explore', mContentType=APP, mPosX=0, mPosy=0, mGlobalPos=0, mSurface=AUI, mSubSurface=null, mClickEventType=null}
11-05 21:53:38.577  3565  3565 D [SUI] SystemUXFunnelLogServerLogger: Impression Event: oculus_impressions_tile_impressioned LogInfo{duration=0, mLogId='com.oculus.store', mContentType=APP, mPosX=1, mPosy=0, mGlobalPos=1, mSurface=AUI, mSubSurface=null, mClickEventType=null}
11-05 21:53:38.577  3565  3565 D [SUI] SystemUXFunnelLogServerLogger: Impression Event: oculus_impressions_tile_impressioned LogInfo{duration=0, mLogId='messenger_system_app', mContentType=APP, mPosX=2, mPosy=0, mGlobalPos=2, mSurface=AUI, mSubSurface=null, mClickEventType=null}
11-05 21:53:38.577  3565  3565 D [SUI] SystemUXFunnelLogServerLogger: Impression Event: oculus_impressions_tile_impressioned LogInfo{duration=0, mLogId='share_system_app', mContentType=APP, mPosX=3, mPosy=0, mGlobalPos=3, mSurface=AUI, mSubSurface=null, mClickEventType=null}
11-05 21:53:38.584  3565  4306 I PresenceAPK(ServicePresenceClient): calling onServiceUp
11-05 21:53:38.585  1987 10527 I CompositorVR: WarpToScreen: Skipping frames for 16
11-05 21:53:38.594  2195  2195 I OVRMediaService: Received OVERLAY_INPUT_FOCUS_CHANGE. is focused: false
11-05 21:53:38.596  1987 10527 I CompositorVR: WarpToScreen: Skipping frames for 16
11-05 21:53:38.601 10151 10260 E OsSdk   : error getting shared memory region, memory type: HeadTracker, failed with Status(-1, EX_SECURITY): 'requested shared memory region when not registered/focused'
11-05 21:53:38.603  2195  2195 I FbnsConnectionManager: send/keepalive
11-05 21:53:38.608  1987 10527 I CompositorVR: WarpToScreen: Skipping frames for 16
11-05 21:53:38.619  1987 10527 I CompositorVR: WarpToScreen: Skipping frames for 16
11-05 21:53:38.628  3056  3056 D [SEO] ShellControlBroadcastReceiver: onReceive with MainActivity native pointer 3510481072, action com.oculus.systemactivities.CAPTURE_STATE_UPDATE
11-05 21:53:38.628  3056  3056 D [SEO] ShellControlBroadcastReceiver: isLaunchAction = false, isTrustedAppLaunch = false
11-05 21:53:38.628  3056  3056 D [SEO] ShellControlBroadcastReceiver: IsCaptureStateUpdateAction
11-05 21:53:38.630  1987 10527 I CompositorVR: WarpToScreen: Skipping frames for 16
11-05 21:53:38.633  2364  2364 D DeviceHelper: isScreenOn = true
11-05 21:53:38.633  2364  2364 D [OAO] ShellOverlayBroadcastReceiver: onReceive with ShellOverlayService native pointer 3702286208, action com.oculus.systemactivities.CAPTURE_STATE_UPDATE
11-05 21:53:38.641   849  9353 I [CT]    : boltlib: DSP utilization: 8.68 % (434 / 5000 ms)
11-05 21:53:38.641  1987 10527 I CompositorVR: WarpToScreen: Skipping frames for 16
11-05 21:53:38.647   849  1040 I chatty  : uid=1000(system) Binder:849_2 identical 6 lines
11-05 21:53:38.648 10151 10260 E OsSdk   : error getting shared memory region, memory type: HeadTracker, failed with Status(-1, EX_SECURITY): 'requested shared memory region when not registered/focused'
11-05 21:53:38.652  1987 10527 I CompositorVR: WarpToScreen: Skipping frames for 16
11-05 21:53:38.662   849 10522 I [CT]    : CONSTELLATION:VISION_STATUS: 86557c336c360320 (L): BlobDetection:[#BlobsDetected=(12.87, 7.99)]Matching:[MatchSuccess=1.000, MatchCost=(0.00118, 0.00000), #MatchedBlobs=(6.50, 4.03), #MatchedLeds=(5.19, 0.16), RematchM=0.000, SkipRefine=0.000] MatchMethod:[Prox=1.000, ConstBrute=0.000, UnconstBrute=0.000] MatchResets[AnomBlobSize=0.000, SharedMatch=0.000, DenseReacq=0.000] | Fusion:[FusionError=0.000, ImuFromCamMs=(10.380, 2.490), RematchF=0.032] FusionUpdates:[Successful=0.032, Reliable=0.028, TightFusion=0.032, FullPose=0.000, StaticPrior=0.968, StaticForHandTrans=1.000, PoseUpdateMD=(0.0000, 0.0000)] FusionResets[6DoFReset=0.000, ResetSuccess=0.000] FusionStatus[HasPosition=1.000, HasVelocity=1.000] 
11-05 21:53:38.663  1987 10527 I CompositorVR: WarpToScreen: Skipping frames for 16
11-05 21:53:38.664   849 10522 I [CT]    : CONSTELLATION:VISION_STATUS: 729165a0fe4054d7 (R): BlobDetection:[#BlobsDetected=(12.87, 7.99)]Matching:[MatchSuccess=1.000, MatchCost=(0.00088, 0.00000), #MatchedBlobs=(6.34, 3.83), #MatchedLeds=(5.87, 0.87), RematchM=0.000, SkipRefine=0.004] MatchMethod:[Prox=1.000, ConstBrute=0.000, UnconstBrute=0.000] MatchResets[AnomBlobSize=0.000, SharedMatch=0.000, DenseReacq=0.000] | Fusion:[FusionError=0.000, ImuFromCamMs=(10.796, 2.397), RematchF=0.372] FusionUpdates:[Successful=0.980, Reliable=0.940, TightFusion=0.972, FullPose=0.008, StaticPrior=0.020, StaticForHandTrans=0.024, PoseUpdateMD=(3.7144, 1.3539)] FusionResets[6DoFReset=0.000, ResetSuccess=0.000] FusionStatus[HasPosition=1.000, HasVelocity=1.000] 
11-05 21:53:38.666   849 10516 W [CT]    : SVEGA: getMap is not supported.
11-05 21:53:38.672  3565 10797 W OVRLibrary: null cursor received for query content://com.oculus.ocms.library/apps/com.oculus.shellenv
11-05 21:53:38.674  1987 10527 I CompositorVR: WarpToScreen: Skipping frames for 16
11-05 21:53:38.677 10151 10247 I xrstreaming: AudioPlayer: NetworkMetrics: [0.022,28.218]9.876
11-05 21:53:38.677  3565  8958 I PresenceAPK(ServicePresenceClient): calling onServiceUp
11-05 21:53:38.683  1987  2919 E TREX    : Interface version 1 was not found. Check debug build for more information.
11-05 21:53:38.686  1987 10527 I CompositorVR: WarpToScreen: Skipping frames for 16
11-05 21:53:38.695   849  1040 W TrackingService: attachClient: found client in attached list
11-05 21:53:38.696 10151 10260 E OsSdk   : error getting shared memory region, memory type: HeadTracker, failed with Status(-1, EX_SECURITY): 'requested shared memory region when not registered/focused'
11-05 21:53:38.697  1987 10527 I CompositorVR: WarpToScreen: Skipping frames for 16
11-05 21:53:38.697   849  6789 W TrackingService: attachClient: found client in attached list
11-05 21:53:38.700 10151 10260 E OsSdk   : error getting shared memory region, memory type: AnchorTracker, failed with Status(-1, EX_SECURITY): 'requested shared memory region when not registered/focused'
11-05 21:53:38.708  1987 10527 I CompositorVR: WarpToScreen: Skipping frames for 16
11-05 21:53:38.714  1050  1611 D SntpClient: round trip: 46ms, clock offset: -23ms
11-05 21:53:38.719  1987 10527 I CompositorVR: WarpToScreen: Skipping frames for 16
11-05 21:53:38.720  2574  2589 I .socialplatfor: Background concurrent copying GC freed 8368(1037KB) AllocSpace objects, 8(160KB) LOS objects, 49% free, 2978KB/5957KB, paused 88us total 1.093s
11-05 21:53:38.730  1987 10527 I CompositorVR: WarpToScreen: Skipping frames for 16
11-05 21:53:38.741  1987 10527 I CompositorVR: WarpToScreen: Skipping frames for 16
11-05 21:53:38.746 10151 10260 E OsSdk   : error getting shared memory region, memory type: HeadTracker, failed with Status(-1, EX_SECURITY): 'requested shared memory region when not registered/focused'
11-05 21:53:38.752  1987 10527 I CompositorVR: WarpToScreen: Skipping frames for 16
11-05 21:53:38.763  3565  4306 I PresenceAPK(PresenceClient): onServiceUp
11-05 21:53:38.763  3565  4306 I PresenceAPK(GroupManager): onConnected
11-05 21:53:38.763  1987 10527 I CompositorVR: WarpToScreen: Skipping frames for 16
11-05 21:53:38.768  3565  3582 I PresenceAPK(GroupManager): initialEnumerationFinished
11-05 21:53:38.768  3565  3582 I PresenceAPK(GroupManager): no reconnect groups
11-05 21:53:38.772  3565  8958 I PresenceAPK(PresenceClient): onServiceUp
11-05 21:53:38.772  3565  8958 I PresenceAPK(GroupManager): onConnected
11-05 21:53:38.775  1987 10527 I CompositorVR: WarpToScreen: Skipping frames for 16
11-05 21:53:38.776  3565  3582 I PresenceAPK(GroupManager): initialEnumerationFinished
11-05 21:53:38.776  3565  3565 D [SUI] SystemUXFunnelLogServerLogger: VPV Event: oculus_impressions_tile_vpved LogInfo{duration=250, mLogId='com.oculus.explore', mContentType=APP, mPosX=0, mPosy=0, mGlobalPos=0, mSurface=AUI, mSubSurface=null, mClickEventType=null}
11-05 21:53:38.776  3565  3565 D [SUI] SystemUXFunnelLogServerLogger: VPV Event: oculus_impressions_tile_vpved LogInfo{duration=250, mLogId='com.oculus.store', mContentType=APP, mPosX=1, mPosy=0, mGlobalPos=1, mSurface=AUI, mSubSurface=null, mClickEventType=null}
11-05 21:53:38.776  3565  3565 D [SUI] SystemUXFunnelLogServerLogger: VPV Event: oculus_impressions_tile_vpved LogInfo{duration=250, mLogId='messenger_system_app', mContentType=APP, mPosX=2, mPosy=0, mGlobalPos=2, mSurface=AUI, mSubSurface=null, mClickEventType=null}
11-05 21:53:38.777  3565  3565 D [SUI] SystemUXFunnelLogServerLogger: VPV Event: oculus_impressions_tile_vpved LogInfo{duration=250, mLogId='share_system_app', mContentType=APP, mPosX=3, mPosy=0, mGlobalPos=3, mSurface=AUI, mSubSurface=null, mClickEventType=null}
11-05 21:53:38.777  3565  3582 I PresenceAPK(GroupManager): no reconnect groups
11-05 21:53:38.786  1987 10527 I CompositorVR: WarpToScreen: Skipping frames for 16
11-05 21:53:38.789   849  6789 I chatty  : uid=1000(system) Binder:849_4 identical 2 lines
11-05 21:53:38.790 10151 10260 E OsSdk   : error getting shared memory region, memory type: HeadTracker, failed with Status(-1, EX_SECURITY): 'requested shared memory region when not registered/focused'
11-05 21:53:38.797  1987 10527 I CompositorVR: WarpToScreen: Skipping frames for 16
11-05 21:53:38.807  1642  1655 I nifiedtelemetr: Background young concurrent copying GC freed 167883(10MB) AllocSpace objects, 81(2584KB) LOS objects, 52% free, 11MB/24MB, paused 140us total 688.833ms
11-05 21:53:38.808  1987 10527 I CompositorVR: WarpToScreen: Skipping frames for 16
11-05 21:53:38.819  1987 10527 I chatty  : uid=10025(com.oculus.systemdriver) OVR::TimeWarp identical 1 line
11-05 21:53:38.830   849  6789 W TrackingService: attachClient: found client in attached list
11-05 21:53:38.830  1987 10527 I CompositorVR: WarpToScreen: Skipping frames for 16
11-05 21:53:38.832 10151 10260 E OsSdk   : error getting shared memory region, memory type: HeadTracker, failed with Status(-1, EX_SECURITY): 'requested shared memory region when not registered/focused'
11-05 21:53:38.836   740   932 I SyncBossHAL: [info   ] syncboss_hal_powerstate.c(50): Reporting powerstate event: PROX_OFF
11-05 21:53:38.836  2539  2557 I com.oculus.ocm: Background concurrent copying GC freed 6813(705KB) AllocSpace objects, 4(80KB) LOS objects, 49% free, 3163KB/6327KB, paused 99us total 321.630ms
11-05 21:53:38.838  1050  1476 D VrPowerManagerService: processing message: sensor changed
11-05 21:53:38.838  1050  1476 I VrPowerManagerService: transition from HEADSET_MOUNTED to HEADSET_UNMOUNTED
11-05 21:53:38.839  2112  2194 I VrRuntimeClient: UpdateEvents: HMT was UNmounted
11-05 21:53:38.840  3056  3183 I VrRuntimeClient: UpdateEvents: HMT was UNmounted
11-05 21:53:38.840   849 10516 W [CT]    : TIMESTAMPCHECKER: Nominal rate wrong. Estimated data rate: 25, Nominal is 30.000300003000028
11-05 21:53:38.840  3056  3183 I [SEO] VrPlatformOpenXr: xrPollEvent: received XR_TYPE_EVENT_DATA_MOUNT_STATE_CHANGED_FB event: isMounted 0
11-05 21:53:38.840  2112  2194 I Clay    : xrPollEvent: MOUNT_STATE_CHANGED_FB: isMounted 0
11-05 21:53:38.840  3056  3183 I [SEO] ShellApp: HMD Mount State Changed - unmounted - duration in prior state 139.683627s
11-05 21:53:38.840  3056  3183 I [SEO] DragDropController: OnBackground
11-05 21:53:38.840  3056  3183 I [SEO] ShellFrameAnalytics: Shell Heartbeat focusedPanelTimeSpent: {"0":1224,"21":22} visibleTimeSpent: {"21":22,"24":523} inputTimeSpent: {"controller":1247} inputClickCount: {} mouseMoveTimeSpent: 0 mouseScrollTimeSpent: 0 physicalKeyboardConnectedTimeSpent: 0 physicalKeyboardTrackedTimeSpent: 0 quickActionsMenuActivations: 0 quickActionsMenuTimeSpent: 0 quickActionsMenuSessionLengths: [] quickActionsMenuSelections: {} handTrackingOptIn: 0 handTrackingAutoTransition: 1
11-05 21:53:38.841  1987 10527 I CompositorVR: WarpToScreen: Skipping frames for 16
11-05 21:53:38.844  3140  3199 I StateMachine: StateMachine::Update GuardianInitializationStateMachine: unmountEvent -> Unmounted_Black
11-05 21:53:38.845  3140  3401 I VrRuntimeClient: UpdateEvents: HMT was UNmounted
11-05 21:53:38.845  1987  2919 I UnifiedTelemetryWrapper: Stopped UT session don
11-05 21:53:38.851  2112  2194 I Clay    : EnvironmentSystem: computed visibility changed from Visible to Hidden (reason: LayerRendering)
11-05 21:53:38.851  2112  2194 I Clay    : EnvironmentSystem: environment path not valid, resetting to default scene: isValid=false  packageFilename=
11-05 21:53:38.851  2112  2194 I Clay    : copresence: microphone state transition, paused
11-05 21:53:38.853  1987 10527 I CompositorVR: WarpToScreen: Skipping frames for 16
11-05 21:53:38.857  1987  3198 I VrRuntimeService: RuntimeServiceSDKServer::SetGuardianSystemState: 4262935324
11-05 21:53:38.857  3140  3199 I GuardianSystem: UpdateGuardianSystemState: Flags changed: 532480, 524288, SYSTEM_GUARDIAN_VISIBLE,SYSTEM_GUARDIAN_VALID to SYSTEM_GUARDIAN_VALID
11-05 21:53:38.857  3140  3199 I GuardianSystem: UpdateGuardianSystemState: Flags2 changed: 1, 33, SYSTEM_2_DIRECTIONAL_PASSTHROUGH_ENABLED to SYSTEM_2_DIRECTIONAL_PASSTHROUGH_ENABLED,SYSTEM_2_SHOULD_PUSH_BLACK
11-05 21:53:38.862  1987  2919 I CompositorClientMgr: Enable client 0
11-05 21:53:38.862  1987  2919 I VrRuntimeServer: EnableCompositorClient client(0): layer placement(2147483643) flags(8) sm(0x7381f21160)
11-05 21:53:38.864  1987 10527 I CompositorVR: LatchWarpClients: Multiple Primary Clients detected. Skipping frames for 16
11-05 21:53:38.864  1987 10527 I CompositorVR: WarpToScreen: Skipping frames for 16
11-05 21:53:38.869   847  1478 D SensorClientUtils: Received transition request from RUNNING to STANDBY
11-05 21:53:38.870   847  1478 D SensorClientUtils: Skipping no-op transition from RUNNING to STANDBY
11-05 21:53:38.870  1987  1987 D VrRuntimeService: Received broadcast: com.oculus.intent.action.MOUNT_STATE_CHANGED
11-05 21:53:38.870  1987  1987 D VrRuntimeService: mounted state: false
11-05 21:53:38.871  1791  1807 D SensorClientUtils: Received transition request from RUNNING to STANDBY
11-05 21:53:38.871  1808  1829 D VrPowerManagerClient: Headset state: 2
11-05 21:53:38.871  1791  1807 D SensorClientUtils: Skipping no-op transition from RUNNING to STANDBY
11-05 21:53:38.871  1808  1829 V ControllerNotifications: Handling unmount notification
11-05 21:53:38.871  3056  3056 D [SEO] BaseOverlayService: screenStateReceiver Received broadcast: com.oculus.intent.action.MOUNT_STATE_CHANGED
11-05 21:53:38.871  3565  3565 D [SUI] AnytimeUIBroadcastReceiver: action: com.oculus.intent.action.MOUNT_STATE_CHANGED
11-05 21:53:38.872  2364  2364 D [OAO] BaseOverlayService: screenStateReceiver Received broadcast: com.oculus.intent.action.MOUNT_STATE_CHANGED
11-05 21:53:38.872   849  6789 D SensorClientUtils: Received transition request from RUNNING to STANDBY
11-05 21:53:38.872   849  6789 D SensorClientUtils: Skipping no-op transition from RUNNING to STANDBY
11-05 21:53:38.872  2364  2364 D [OAO] ShellOverlayService: onMountStateChanged: false
11-05 21:53:38.872  2364  2364 I [OAO] ShellOverlayServiceJNI: NativeSendOverlayCommand
11-05 21:53:38.872  2364  2364 I [OAO] ShellOverlayServiceJNI: NativeWake
11-05 21:53:38.872  2364  2364 I [OAO] ShellOverlayMain: WakeVrThread
11-05 21:53:38.872  2470  2735 W PresenceAPKNative(hyperspace_controller_module): is_mounted: 0
11-05 21:53:38.872  2364  2364 I [OAO] ShellOverlayMain: WakeVrThread - notifying vr thread
11-05 21:53:38.872  1870  1870 I [CT]    : MIXEDREALITY: MrService: MountStateChanged: false
11-05 21:53:38.872  2574  2574 W VRLifecycleSessionManager: No apps were active so skipping session.
11-05 21:53:38.872  2574  2574 W VRLifecycleManager: onHeadsetUnmounted
11-05 21:53:38.875  1987 10527 I CompositorVR: WarpToScreen: Skipping frames for 16
11-05 21:53:38.875   728  4096 W DeviceHAL: Error from HAL Device in function get_mic_mute: Function not implemented
11-05 21:53:38.876   849  6789 W TrackingService: attachClient: found client in attached list
11-05 21:53:38.877 10151 10260 E OsSdk   : error getting shared memory region, memory type: HeadTracker, failed with Status(-1, EX_SECURITY): 'requested shared memory region when not registered/focused'
11-05 21:53:38.878   728  4096 W DeviceHAL: Error from HAL Device in function get_mic_mute: Function not implemented
11-05 21:53:38.878  2574  2574 W VRLifecycleManager: onHeadsetUnmounted
11-05 21:53:38.882  7315  7315 D MetaCamNative (device_lifecycle_observer): OnDeviceMountedStateChange(is_mounted = 0)
11-05 21:53:38.884   728  4096 D audio_hw_primary: adev_set_mic_mute state 0
11-05 21:53:38.885  2112 10816 D CCodec  : allocate(c2.android.vorbis.decoder)
11-05 21:53:38.885   838  6820 V C2Store : in init
11-05 21:53:38.885   838  6820 V C2Store : loading dll
11-05 21:53:38.886   728  4096 W DeviceHAL: Error from HAL Device in function set_mic_mute: Function not implemented
11-05 21:53:38.886  1987 10527 I CompositorVR: WarpToScreen: Skipping frames for 16
11-05 21:53:38.887   728  4096 W DeviceHAL: Error from HAL Device in function set_mic_mute: Function not implemented
11-05 21:53:38.888  1050  1674 E AudioSystem-JNI: Command failed for android_media_AudioSystem_muteMicrophone: -38
11-05 21:53:38.888  2364  3003 I [OAO] ShellOverlayApp: 0xbeae0c20 msg: overlayCommand:
11-05 21:53:38.888  2364  3003 I [OAO] ShellOverlayApp: command = mountStateChanged
11-05 21:53:38.888  2364  3003 I [OAO] ShellOverlayApp: state = 0
11-05 21:53:38.889  2364  3003 I [OAO] ShellOverlayApp: Process_OverlayCommand command : mountStateChanged
11-05 21:53:38.889  2364  3003 I [OAO] ShellOverlayApp: mountStateChanged message received
11-05 21:53:38.889  2364  3003 I [OAO] ShellOverlayApp: ResolveDeviceState: change from Awake to WaitingForSleep
11-05 21:53:38.889  2364  3003 I [OAO] ShellOverlayApp: ResolveDeviceState: isWakingOrUnlockingIntoWake : 0
11-05 21:53:38.889  2364  3003 I [OAO] ShellOverlayApp: ResolveDeviceState: interactionState : None
11-05 21:53:38.891  2112 10816 I CCodec  : Created component [c2.android.vorbis.decoder]
11-05 21:53:38.892  2112 10816 D CCodecConfig: read media type: audio/vorbis
11-05 21:53:38.893  2195  2195 I VRLifecycleSessionManager: Stored session info.
11-05 21:53:38.897  1987 10527 I CompositorVR: WarpToScreen: Skipping frames for 16
11-05 21:53:38.899   849  9400 I [CT]    : INPUT_TRACKING:Behavior:NearHeadMoving: [Right] state transition: TorsoInitialized -> InRange
11-05 21:53:38.907  2112 10816 D ReflectedParamUpdater: extent() != 1 for single value type: algo.buffers.max-count.values
11-05 21:53:38.907  2112 10816 D ReflectedParamUpdater: extent() != 1 for single value type: output.subscribed-indices.values
11-05 21:53:38.907  2112 10816 D ReflectedParamUpdater: extent() != 1 for single value type: input.buffers.allocator-ids.values
11-05 21:53:38.908  2112 10816 D ReflectedParamUpdater: extent() != 1 for single value type: output.buffers.allocator-ids.values
11-05 21:53:38.908  2112 10816 D ReflectedParamUpdater: extent() != 1 for single value type: algo.buffers.allocator-ids.values
11-05 21:53:38.908  2112 10816 D ReflectedParamUpdater: extent() != 1 for single value type: output.buffers.pool-ids.values
11-05 21:53:38.908  2112 10816 D ReflectedParamUpdater: extent() != 1 for single value type: algo.buffers.pool-ids.values
11-05 21:53:38.908  1987 10527 I CompositorVR: WarpToScreen: Skipping frames for 16
11-05 21:53:38.910  2112 10816 I CCodecConfig: query failed after returning 7 values (BAD_INDEX)
11-05 21:53:38.910  2112 10816 D CCodecConfig: c2 config diff is Dict {
11-05 21:53:38.910  2112 10816 D CCodecConfig:   c2::u32 coded.bitrate.value = 64000
11-05 21:53:38.910  2112 10816 D CCodecConfig:   c2::u32 input.buffers.max-size.value = 32768
11-05 21:53:38.910  2112 10816 D CCodecConfig:   c2::u32 input.delay.value = 0
11-05 21:53:38.910  2112 10816 D CCodecConfig:   string input.media-type.value = "audio/vorbis"
11-05 21:53:38.910  2112 10816 D CCodecConfig:   string output.media-type.value = "audio/raw"
11-05 21:53:38.910  2112 10816 D CCodecConfig:   c2::u32 raw.channel-count.value = 1
11-05 21:53:38.910  2112 10816 D CCodecConfig:   c2::u32 raw.sample-rate.value = 48000
11-05 21:53:38.910  2112 10816 D CCodecConfig: }
11-05 21:53:38.910  2112 10816 D CCodecConfig: no c2 equivalents for durationUs
11-05 21:53:38.910  2112 10816 D CCodecConfig: no c2 equivalents for csd-1
11-05 21:53:38.910  2112 10816 D CCodecConfig: no c2 equivalents for track-id
11-05 21:53:38.910  2112 10816 D CCodecConfig: no c2 equivalents for channel-mask
11-05 21:53:38.910  2112 10816 D CCodecConfig: c2 config diff is   c2::u32 raw.channel-count.value = 2
11-05 21:53:38.910  2112 10816 D CCodecConfig:   c2::u32 raw.sample-rate.value = 44100
11-05 21:53:38.911  2112 10816 W Codec2Client: query -- param skipped: index = 1107298332.
11-05 21:53:38.911  2112 10816 D CCodec  : setup formats input: AMessage(what = 0x00000000) = {
11-05 21:53:38.911  2112 10816 D CCodec  :   int32_t channel-count = 2
11-05 21:53:38.911  2112 10816 D CCodec  :   int32_t max-input-size = 32768
11-05 21:53:38.911  2112 10816 D CCodec  :   string mime = "audio/vorbis"
11-05 21:53:38.911  2112 10816 D CCodec  :   int32_t sample-rate = 44100
11-05 21:53:38.911  2112 10816 D CCodec  : } and output: AMessage(what = 0x00000000) = {
11-05 21:53:38.911  2112 10816 D CCodec  :   int32_t channel-count = 2
11-05 21:53:38.911  2112 10816 D CCodec  :   string mime = "audio/raw"
11-05 21:53:38.911  2112 10816 D CCodec  :   int32_t sample-rate = 44100
11-05 21:53:38.911  2112 10816 D CCodec  :   int32_t channel-mask = 3
11-05 21:53:38.911  2112 10816 D CCodec  : }
11-05 21:53:38.916   838  6805 V C2Store : in ~ComponentModule
11-05 21:53:38.916 10151 10260 E OsSdk   : error getting shared memory region, memory type: HeadTracker, failed with Status(-1, EX_SECURITY): 'requested shared memory region when not registered/focused'
11-05 21:53:38.916   838  6805 V C2Store : unloading dll
11-05 21:53:38.919  1987 10527 I CompositorVR: WarpToScreen: Skipping frames for 16
11-05 21:53:38.924 10151 10205 D xrstreaming: receive ping: org 0 recv 0 xmt 21548899808700 (received at 2829518858867), offset divergence 23114
11-05 21:53:38.929  2195  2195 W VRLifecycleManager: onHeadsetUnmounted
11-05 21:53:38.931  1987 10527 I CompositorVR: WarpToScreen: Skipping frames for 16
11-05 21:53:38.942  1987 10527 I CompositorVR: WarpToScreen: Skipping frames for 16
11-05 21:53:38.950  3565  3565 D [SUI] AnytimeUIBroadcastReceiver: action: com.oculus.systemactivities.CAPTURE_STATE_UPDATE
11-05 21:53:38.950  3565  3565 I [SUI] AnytimeUIBroadcastReceiver: handleCaptureStateUpdate: captureToDisk false, captureEnabled false, isCapturingAbuseReport false, abuseRecordingUUID null
11-05 21:53:38.951  2195  2195 I FileCapture: broadcast capture state to AUI running = false, with mode -1
11-05 21:53:38.951  2195  2195 I PlatformPluginManager: setHeadsetMountState: false
11-05 21:53:38.951  2195  2195 I OVRPlatform: [AudioManager] SetHeadsetMounted: false
11-05 21:53:38.951  2195  2195 I OVRPlatform: [AudioManager] Current headsetMounted_ false
11-05 21:53:38.951  2195  2195 I OVRPlatform: [AudioManager] Current headphoneStatus_: DISCONNECTED
11-05 21:53:38.953  1987 10527 I CompositorVR: WarpToScreen: Skipping frames for 16
11-05 21:53:38.962 10151 10260 E OsSdk   : error getting shared memory region, memory type: HeadTracker, failed with Status(-1, EX_SECURITY): 'requested shared memory region when not registered/focused'
11-05 21:53:38.962  2862  2862 D MVanServiceReceiver: MVanServiceReceiver Action: com.oculus.intent.action.MOUNT_STATE_CHANGED
11-05 21:53:38.964  1987 10527 I CompositorVR: WarpToScreen: Skipping frames for 16
11-05 21:53:38.964  3056  3056 D [SEO] ShellControlBroadcastReceiver: onReceive with MainActivity native pointer 3510481072, action com.oculus.systemactivities.CAPTURE_STATE_UPDATE
11-05 21:53:38.964  3056  3056 D [SEO] ShellControlBroadcastReceiver: isLaunchAction = false, isTrustedAppLaunch = false
11-05 21:53:38.964  3056  3056 D [SEO] ShellControlBroadcastReceiver: IsCaptureStateUpdateAction
11-05 21:53:38.965 10151 10260 E OsSdk   : error getting shared memory region, memory type: AnchorTracker, failed with Status(-1, EX_SECURITY): 'requested shared memory region when not registered/focused'
11-05 21:53:38.972  2364  2364 D DeviceHelper: isScreenOn = true
11-05 21:53:38.972  2364  2364 D [OAO] ShellOverlayBroadcastReceiver: onReceive with ShellOverlayService native pointer 3702286208, action com.oculus.systemactivities.CAPTURE_STATE_UPDATE
11-05 21:53:38.975  1987 10527 I CompositorVR: WarpToScreen: Skipping frames for 16
11-05 21:53:38.983   849  9400 I [CT]    : INPUT_TRACKING:Behavior:NearHeadMoving: [Right] state transition: InRange -> Init
11-05 21:53:38.984  2112 10819 D CCodec  : allocate(c2.android.vorbis.decoder)
11-05 21:53:38.984   838  6805 V C2Store : in init
11-05 21:53:38.984   838  6805 V C2Store : loading dll
11-05 21:53:38.986   849  9400 I [CT]    : INPUT_TRACKING:Behavior:NearHeadMoving: [Right] state transition: Init -> TorsoInitialized
11-05 21:53:38.986  1987 10527 I CompositorVR: WarpToScreen: Skipping frames for 16
11-05 21:53:38.988  2112 10819 I CCodec  : Created component [c2.android.vorbis.decoder]
11-05 21:53:38.988  2112 10819 D CCodecConfig: read media type: audio/vorbis
11-05 21:53:38.990  2112 10819 D ReflectedParamUpdater: extent() != 1 for single value type: algo.buffers.max-count.values
11-05 21:53:38.990  2112 10819 D ReflectedParamUpdater: extent() != 1 for single value type: output.subscribed-indices.values
11-05 21:53:38.990  2112 10819 D ReflectedParamUpdater: extent() != 1 for single value type: input.buffers.allocator-ids.values
11-05 21:53:38.990  2112 10819 D ReflectedParamUpdater: extent() != 1 for single value type: output.buffers.allocator-ids.values
11-05 21:53:38.990  2112 10819 D ReflectedParamUpdater: extent() != 1 for single value type: algo.buffers.allocator-ids.values
11-05 21:53:38.990  2112 10819 D ReflectedParamUpdater: extent() != 1 for single value type: output.buffers.pool-ids.values
11-05 21:53:38.990  2112 10819 D ReflectedParamUpdater: extent() != 1 for single value type: algo.buffers.pool-ids.values
11-05 21:53:38.991  2112 10819 I CCodecConfig: query failed after returning 7 values (BAD_INDEX)
11-05 21:53:38.991  2112 10819 D CCodecConfig: c2 config diff is Dict {
11-05 21:53:38.991  2112 10819 D CCodecConfig:   c2::u32 coded.bitrate.value = 64000
11-05 21:53:38.991  2112 10819 D CCodecConfig:   c2::u32 input.buffers.max-size.value = 32768
11-05 21:53:38.991  2112 10819 D CCodecConfig:   c2::u32 input.delay.value = 0
11-05 21:53:38.991  2112 10819 D CCodecConfig:   string input.media-type.value = "audio/vorbis"
11-05 21:53:38.991  2112 10819 D CCodecConfig:   string output.media-type.value = "audio/raw"
11-05 21:53:38.991  2112 10819 D CCodecConfig:   c2::u32 raw.channel-count.value = 1
11-05 21:53:38.991  2112 10819 D CCodecConfig:   c2::u32 raw.sample-rate.value = 48000
11-05 21:53:38.991  2112 10819 D CCodecConfig: }
11-05 21:53:38.991  2112 10819 D CCodecConfig: no c2 equivalents for durationUs
11-05 21:53:38.991  2112 10819 D CCodecConfig: no c2 equivalents for csd-1
11-05 21:53:38.991  2112 10819 D CCodecConfig: no c2 equivalents for track-id
11-05 21:53:38.991  2112 10819 D CCodecConfig: no c2 equivalents for channel-mask
11-05 21:53:38.992  2112 10819 D CCodecConfig: c2 config diff is   c2::u32 raw.channel-count.value = 2
11-05 21:53:38.992  2112 10819 D CCodecConfig:   c2::u32 raw.sample-rate.value = 44100
11-05 21:53:38.992  2112 10819 W Codec2Client: query -- param skipped: index = 1107298332.
11-05 21:53:38.992  2112 10819 D CCodec  : setup formats input: AMessage(what = 0x00000000) = {
11-05 21:53:38.992  2112 10819 D CCodec  :   int32_t channel-count = 2
11-05 21:53:38.992  2112 10819 D CCodec  :   int32_t max-input-size = 32768
11-05 21:53:38.992  2112 10819 D CCodec  :   string mime = "audio/vorbis"
11-05 21:53:38.992  2112 10819 D CCodec  :   int32_t sample-rate = 44100
11-05 21:53:38.992  2112 10819 D CCodec  : } and output: AMessage(what = 0x00000000) = {
11-05 21:53:38.992  2112 10819 D CCodec  :   int32_t channel-count = 2
11-05 21:53:38.992  2112 10819 D CCodec  :   string mime = "audio/raw"
11-05 21:53:38.992  2112 10819 D CCodec  :   int32_t sample-rate = 44100
11-05 21:53:38.992  2112 10819 D CCodec  :   int32_t channel-mask = 3
11-05 21:53:38.992  2112 10819 D CCodec  : }
11-05 21:53:38.995  2112 10819 W Codec2Client: query -- param skipped: index = 1342179345.
11-05 21:53:38.995  2112 10819 W Codec2Client: query -- param skipped: index = 2415921170.
11-05 21:53:38.996  2112 10819 D CCodecBufferChannel: [c2.android.vorbis.decoder#360] Created input block pool with allocatorID 16 => poolID 53 - OK (0)
11-05 21:53:38.996   838  6805 D BufferPoolAccessor: bufferpool2 0x2eeb4d2e30 : 0(0 size) total buffers - 0(0 size) used buffers - 382/386 (recycle/alloc) - 4/384 (fetch/transfer)
11-05 21:53:38.997   838  6805 D BufferPoolAccessor: Destruction - bufferpool2 0x2eeb4d2e30 cached: 0/0M, 0/0% in use; allocs: 386, 99% recycled; transfers: 384, 99% unfetced
11-05 21:53:38.997  2112 10819 I CCodecBufferChannel: [c2.android.vorbis.decoder#360] Created output block pool with allocatorID 16 => poolID 88 - OK
11-05 21:53:38.997  1987 10527 I CompositorVR: WarpToScreen: Skipping frames for 16
11-05 21:53:38.997  2112 10819 D CCodecBufferChannel: [c2.android.vorbis.decoder#360] Configured output block pool ids 88 => OK
11-05 21:53:39.000   838 10820 D SimpleC2Component: Using output block pool with poolID 88 => got 88 - 0
11-05 21:53:39.002  1987 10527 I CompositorVR: SetSchedFifo( tid=3199, pol=2, pri=0 ) succeeded
11-05 21:53:39.002  1987 10527 I CompositorVR: SetSchedFifo( tid=3401, pol=2, pri=0 ) succeeded
11-05 21:53:39.003  1987 10527 I CompositorVR: SetSchedFifo( tid=3462, pol=2, pri=0 ) succeeded
11-05 21:53:39.003  3056 10787 I Telemetry: App memory usage: PSS=58 MiB, PrivateDirty=37 MiB, PrivateClean=1 MiB, GPU=6.7/6.9 MiB (98% allocated)
11-05 21:53:39.005  2112 10760 I Telemetry: App memory usage: PSS=288 MiB, PrivateDirty=244 MiB, PrivateClean=30 MiB, GPU=66.1/66.6 MiB (100% allocated)
11-05 21:53:39.008  1987 10527 I CompositorVR: WarpToScreen: Skipping frames for 16
11-05 21:53:39.009  2112 10760 I VrApi   : FPS=82/90,Prd=15ms,Tear=0,Early=1,Stale=5,VSnc=0,Lat=-1,Fov=0,CPU4/GPU=4/4,2419/525MHz,OC=FF,TA=0/70/0,SP=N/F/N,Mem=2092MHz,Free=2218MB,PLS=0,Temp=28.7C/0.0C,TW=0.89ms,App=5.13ms,GD=0.15ms,CPU&GPU=7.35ms,LCnt=2(DR0,LM0),GPU%=0.57,CPU%=0.24(W0.30),DSF=1.00,CFL=14.67/28.65
11-05 21:53:39.011 10151 10260 E OsSdk   : error getting shared memory region, memory type: HeadTracker, failed with Status(-1, EX_SECURITY): 'requested shared memory region when not registered/focused'
11-05 21:53:39.015  2112 10819 D CCodecBufferChannel: [c2.android.vorbis.decoder#360] Discard frames from previous generation.
11-05 21:53:39.020  1987 10527 I CompositorVR: WarpToScreen: Skipping frames for 16
11-05 21:53:39.026  2112 10819 D CCodecBufferChannel: [c2.android.vorbis.decoder#360] Discard frames from previous generation.
11-05 21:53:39.028   838  1756 D BufferPoolAccessor: Destruction - bufferpool2 0x2eeb4c9a30 cached: 0/0M, 0/0% in use; allocs: 0, 0% recycled; transfers: 0, 0% unfetced
11-05 21:53:39.028   838  1756 V C2Store : in ~ComponentModule
11-05 21:53:39.028   838  1756 V C2Store : unloading dll
11-05 21:53:39.031  1987 10527 I CompositorVR: WarpToScreen: Skipping frames for 16
11-05 21:53:39.038 10581 10674 I VrApi   : FPS=72/72,Prd=48ms,Tear=0,Early=72,Stale=0,VSnc=1,Lat=1,Fov=0,CPU4/GPU=4/4,2419/525MHz,OC=FF,TA=0/F/F,SP=N/N/N,Mem=2092MHz,Free=2186MB,PLS=0,Temp=28.7C/0.0C,TW=2.96ms,App=2.40ms,GD=0.00ms,CPU&GPU=5.38ms,LCnt=1(DR72,LM0),GPU%=0.47,CPU%=0.19(W0.24),DSF=1.00,CFL=19.63/21.84
11-05 21:53:39.042  1987 10527 I CompositorVR: WarpToScreen: Skipping frames for 16
11-05 21:53:39.053  1987 10527 I CompositorVR: WarpToScreen: Skipping frames for 16
11-05 21:53:39.059 10151 10260 E OsSdk   : error getting shared memory region, memory type: HeadTracker, failed with Status(-1, EX_SECURITY): 'requested shared memory region when not registered/focused'
11-05 21:53:39.064  1987 10527 I CompositorVR: WarpToScreen: Skipping frames for 16
11-05 21:53:39.068  2112 10822 D CCodec  : allocate(c2.android.vorbis.decoder)
11-05 21:53:39.068   838  1756 V C2Store : in init
11-05 21:53:39.068   838  1756 V C2Store : loading dll
11-05 21:53:39.071  2112 10822 I CCodec  : Created component [c2.android.vorbis.decoder]
11-05 21:53:39.071  2112 10822 D CCodecConfig: read media type: audio/vorbis
11-05 21:53:39.073  2112 10822 D ReflectedParamUpdater: extent() != 1 for single value type: algo.buffers.max-count.values
11-05 21:53:39.073  2112 10822 D ReflectedParamUpdater: extent() != 1 for single value type: output.subscribed-indices.values
11-05 21:53:39.073  2112 10822 D ReflectedParamUpdater: extent() != 1 for single value type: input.buffers.allocator-ids.values
11-05 21:53:39.073  2112 10822 D ReflectedParamUpdater: extent() != 1 for single value type: output.buffers.allocator-ids.values
11-05 21:53:39.074  2112 10822 D ReflectedParamUpdater: extent() != 1 for single value type: algo.buffers.allocator-ids.values
11-05 21:53:39.074  2112 10822 D ReflectedParamUpdater: extent() != 1 for single value type: output.buffers.pool-ids.values
11-05 21:53:39.074  2112 10822 D ReflectedParamUpdater: extent() != 1 for single value type: algo.buffers.pool-ids.values
11-05 21:53:39.074  2112 10822 I CCodecConfig: query failed after returning 7 values (BAD_INDEX)
11-05 21:53:39.074  2112 10822 D CCodecConfig: c2 config diff is Dict {
11-05 21:53:39.074  2112 10822 D CCodecConfig:   c2::u32 coded.bitrate.value = 64000
11-05 21:53:39.074  2112 10822 D CCodecConfig:   c2::u32 input.buffers.max-size.value = 32768
11-05 21:53:39.074  2112 10822 D CCodecConfig:   c2::u32 input.delay.value = 0
11-05 21:53:39.074  2112 10822 D CCodecConfig:   string input.media-type.value = "audio/vorbis"
11-05 21:53:39.074  2112 10822 D CCodecConfig:   string output.media-type.value = "audio/raw"
11-05 21:53:39.074  2112 10822 D CCodecConfig:   c2::u32 raw.channel-count.value = 1
11-05 21:53:39.074  2112 10822 D CCodecConfig:   c2::u32 raw.sample-rate.value = 48000
11-05 21:53:39.074  2112 10822 D CCodecConfig: }
11-05 21:53:39.075  2112 10822 D CCodecConfig: no c2 equivalents for durationUs
11-05 21:53:39.075  2112 10822 D CCodecConfig: no c2 equivalents for csd-1
11-05 21:53:39.075  2112 10822 D CCodecConfig: no c2 equivalents for track-id
11-05 21:53:39.075  2112 10822 D CCodecConfig: no c2 equivalents for channel-mask
11-05 21:53:39.075  2112 10822 D CCodecConfig: c2 config diff is   c2::u32 raw.channel-count.value = 2
11-05 21:53:39.075  2112 10822 D CCodecConfig:   c2::u32 raw.sample-rate.value = 44100
11-05 21:53:39.075  2112 10822 W Codec2Client: query -- param skipped: index = 1107298332.
11-05 21:53:39.075  2112 10822 D CCodec  : setup formats input: AMessage(what = 0x00000000) = {
11-05 21:53:39.075  2112 10822 D CCodec  :   int32_t channel-count = 2
11-05 21:53:39.075  2112 10822 D CCodec  :   int32_t max-input-size = 32768
11-05 21:53:39.075  2112 10822 D CCodec  :   string mime = "audio/vorbis"
11-05 21:53:39.075  2112 10822 D CCodec  :   int32_t sample-rate = 44100
11-05 21:53:39.075  2112 10822 D CCodec  : } and output: AMessage(what = 0x00000000) = {
11-05 21:53:39.075  2112 10822 D CCodec  :   int32_t channel-count = 2
11-05 21:53:39.075  2112 10822 D CCodec  :   string mime = "audio/raw"
11-05 21:53:39.075  2112 10822 D CCodec  :   int32_t sample-rate = 44100
11-05 21:53:39.075  2112 10822 D CCodec  :   int32_t channel-mask = 3
11-05 21:53:39.075  2112 10822 D CCodec  : }
11-05 21:53:39.075  1987 10527 I CompositorVR: WarpToScreen: Skipping frames for 16
11-05 21:53:39.077   838  6805 V C2Store : in ~ComponentModule
11-05 21:53:39.077   838  6805 V C2Store : unloading dll
11-05 21:53:39.086  1987 10527 I CompositorVR: WarpToScreen: Skipping frames for 16
11-05 21:53:39.088 10581 10704 D UE4     : [2022.11.05-21.53.39:088][731]LogTcpMessaging: Lost node 'D2930CBE42A728BF134DF692E40B9D5F' on connection '127.0.0.1:44111'...
11-05 21:53:39.098  1987 10527 I CompositorVR: WarpToScreen: Skipping frames for 16
11-05 21:53:39.102 10151 10260 E OsSdk   : error getting shared memory region, memory type: HeadTracker, failed with Status(-1, EX_SECURITY): 'requested shared memory region when not registered/focused'
11-05 21:53:39.109  1987 10527 I CompositorVR: WarpToScreen: Skipping frames for 16
11-05 21:53:39.116  2112 10825 D CCodec  : allocate(c2.android.vorbis.decoder)
11-05 21:53:39.117   838  6805 V C2Store : in init
11-05 21:53:39.117   838  6805 V C2Store : loading dll
11-05 21:53:39.118  1987  2919 I PerformanceManager_V0: SetClockLevels: Apply pending clock request change: 4,4 -> 4,3
11-05 21:53:39.118  1987  2914 I Clocks  : ReleaseClocks - start
11-05 21:53:39.118  1987  2914 I Clocks  : ReleaseClocks - end (0.5 ms)
11-05 21:53:39.118  1987  2914 I Clocks  : LockClocks( cpu=4, gpu=3 ) - start
11-05 21:53:39.120  1987 10527 I CompositorVR: WarpToScreen: Skipping frames for 16
11-05 21:53:39.121  1987  2914 I Clocks  : CPU levels [0, 4]
11-05 21:53:39.121  1987  2914 I Clocks  : GPU levels [0, 5]
11-05 21:53:39.121  1987  2914 I Clocks  : LockClocks( cpu=4, gpu=3 ) - end (2.6 ms)
11-05 21:53:39.123  2112 10825 I CCodec  : Created component [c2.android.vorbis.decoder]
11-05 21:53:39.124  2112 10825 D CCodecConfig: read media type: audio/vorbis
11-05 21:53:39.127  2112 10825 D ReflectedParamUpdater: extent() != 1 for single value type: algo.buffers.max-count.values
11-05 21:53:39.127  2112 10825 D ReflectedParamUpdater: extent() != 1 for single value type: output.subscribed-indices.values
11-05 21:53:39.127  2112 10825 D ReflectedParamUpdater: extent() != 1 for single value type: input.buffers.allocator-ids.values
11-05 21:53:39.127  2112 10825 D ReflectedParamUpdater: extent() != 1 for single value type: output.buffers.allocator-ids.values
11-05 21:53:39.127  2112 10825 D ReflectedParamUpdater: extent() != 1 for single value type: algo.buffers.allocator-ids.values
11-05 21:53:39.128  2112 10825 D ReflectedParamUpdater: extent() != 1 for single value type: output.buffers.pool-ids.values
11-05 21:53:39.129  2112 10825 D ReflectedParamUpdater: extent() != 1 for single value type: algo.buffers.pool-ids.values
11-05 21:53:39.131  2112 10825 I CCodecConfig: query failed after returning 7 values (BAD_INDEX)
11-05 21:53:39.131  2112 10825 D CCodecConfig: c2 config diff is Dict {
11-05 21:53:39.131  2112 10825 D CCodecConfig:   c2::u32 coded.bitrate.value = 64000
11-05 21:53:39.131  2112 10825 D CCodecConfig:   c2::u32 input.buffers.max-size.value = 32768
11-05 21:53:39.131  2112 10825 D CCodecConfig:   c2::u32 input.delay.value = 0
11-05 21:53:39.131  2112 10825 D CCodecConfig:   string input.media-type.value = "audio/vorbis"
11-05 21:53:39.131  2112 10825 D CCodecConfig:   string output.media-type.value = "audio/raw"
11-05 21:53:39.131  2112 10825 D CCodecConfig:   c2::u32 raw.channel-count.value = 1
11-05 21:53:39.131  2112 10825 D CCodecConfig:   c2::u32 raw.sample-rate.value = 48000
11-05 21:53:39.131  2112 10825 D CCodecConfig: }
11-05 21:53:39.131  1987 10527 I CompositorVR: WarpToScreen: Skipping frames for 16
11-05 21:53:39.131  2112 10825 D CCodecConfig: no c2 equivalents for durationUs
11-05 21:53:39.131  2112 10825 D CCodecConfig: no c2 equivalents for csd-1
11-05 21:53:39.131  2112 10825 D CCodecConfig: no c2 equivalents for track-id
11-05 21:53:39.131  2112 10825 D CCodecConfig: no c2 equivalents for channel-mask
11-05 21:53:39.132  2112 10825 D CCodecConfig: c2 config diff is   c2::u32 raw.channel-count.value = 2
11-05 21:53:39.132  2112 10825 D CCodecConfig:   c2::u32 raw.sample-rate.value = 44100
11-05 21:53:39.132  2112 10825 W Codec2Client: query -- param skipped: index = 1107298332.
11-05 21:53:39.132  2112 10825 D CCodec  : setup formats input: AMessage(what = 0x00000000) = {
11-05 21:53:39.132  2112 10825 D CCodec  :   int32_t channel-count = 2
11-05 21:53:39.132  2112 10825 D CCodec  :   int32_t max-input-size = 32768
11-05 21:53:39.132  2112 10825 D CCodec  :   string mime = "audio/vorbis"
11-05 21:53:39.132  2112 10825 D CCodec  :   int32_t sample-rate = 44100
11-05 21:53:39.132  2112 10825 D CCodec  : } and output: AMessage(what = 0x00000000) = {
11-05 21:53:39.132  2112 10825 D CCodec  :   int32_t channel-count = 2
