02-20 20:06:16.365  1754 14425 W CompositorClient: FrameTiming: firstDisplayVsync for client 27 (isPrimary=1) FrameIndex = 19513 is outrageously early 13705, base 7607, flushing
02-20 20:06:16.366 22207 22306 W REFLECT [RUNTIMEIPC]: UpdateServerStateValue name:'RigidBodyStates' buffer == nullptr
02-20 20:06:16.371  1754 14425 W CompositorClient: FrameTiming: firstDisplayVsync for client 27 (isPrimary=1) FrameIndex = 19513 is outrageously early 13705, base 7607, flushing
02-20 20:06:16.371 22207 22306 W REFLECT [RUNTIMEIPC]: UpdateServerStateValue name:'RigidBodyStates' buffer == nullptr
02-20 20:06:16.372  1754 14425 W CompositorClient: FrameTiming: firstDisplayVsync for client 27 (isPrimary=1) FrameIndex = 19514 is outrageously early 13705, base 7607, flushing
02-20 20:06:16.376 22207 22306 W REFLECT [RUNTIMEIPC]: UpdateServerStateValue name:'RigidBodyStates' buffer == nullptr
02-20 20:06:16.379  1754 14425 W CompositorClient: FrameTiming: firstDisplayVsync for client 27 (isPrimary=1) FrameIndex = 19514 is outrageously early 13705, base 7608, flushing
02-20 20:06:16.381 22207 22306 W REFLECT [RUNTIMEIPC]: UpdateServerStateValue name:'RigidBodyStates' buffer == nullptr
02-20 20:06:16.385  1754 14425 W CompositorClient: FrameTiming: firstDisplayVsync for client 27 (isPrimary=1) FrameIndex = 19514 is outrageously early 13705, base 7608, flushing
02-20 20:06:16.386  1754 14425 W CompositorClient: FrameTiming: firstDisplayVsync for client 27 (isPrimary=1) FrameIndex = 19515 is outrageously early 13705, base 7608, flushing
02-20 20:06:16.387 22207 22306 W REFLECT [RUNTIMEIPC]: UpdateServerStateValue name:'RigidBodyStates' buffer == nullptr
02-20 20:06:16.392 22207 22306 W REFLECT [RUNTIMEIPC]: UpdateServerStateValue name:'RigidBodyStates' buffer == nullptr
02-20 20:06:16.393  1754 14425 W CompositorClient: FrameTiming: firstDisplayVsync for client 27 (isPrimary=1) FrameIndex = 19515 is outrageously early 13705, base 7609, flushing
02-20 20:06:16.397 22207 22306 W REFLECT [RUNTIMEIPC]: UpdateServerStateValue name:'RigidBodyStates' buffer == nullptr
02-20 20:06:16.399 25993 14937 E DeviceConfigVersionMapBuilder: Something went wrong when building version map.
02-20 20:06:16.399  1754 14425 W CompositorClient: FrameTiming: firstDisplayVsync for client 27 (isPrimary=1) FrameIndex = 19515 is outrageously early 13705, base 7609, flushing
02-20 20:06:16.400 25993 14937 E DeviceConfigVersionMapBuilder: Something went wrong when building version map.
02-20 20:06:16.400  1754 14425 W CompositorClient: FrameTiming: firstDisplayVsync for client 27 (isPrimary=1) FrameIndex = 19516 is outrageously early 13705, base 7609, flushing
02-20 20:06:16.402 22207 22306 W REFLECT [RUNTIMEIPC]: UpdateServerStateValue name:'RigidBodyStates' buffer == nullptr
02-20 20:06:16.402 25993 14937 E DeviceConfigVersionMapBuilder: Something went wrong when building version map.
02-20 20:06:16.406 25993 14937 I chatty  : uid=10046(com.oculus.socialplatform) OkHttp Dispatch identical 5 lines
02-20 20:06:16.406 25993 14937 E DeviceConfigVersionMapBuilder: Something went wrong when building version map.
02-20 20:06:16.407  1754 14425 W CompositorClient: FrameTiming: firstDisplayVsync for client 27 (isPrimary=1) FrameIndex = 19516 is outrageously early 13705, base 7610, flushing
02-20 20:06:16.407 22207 22306 W REFLECT [RUNTIMEIPC]: UpdateServerStateValue name:'RigidBodyStates' buffer == nullptr
02-20 20:06:16.407 25993 14937 E DeviceConfigVersionMapBuilder: Something went wrong when building version map.
02-20 20:06:16.412 22207 22306 W REFLECT [RUNTIMEIPC]: UpdateServerStateValue name:'RigidBodyStates' buffer == nullptr
02-20 20:06:16.412 22207 22306 W REFLECT [RUNTIMEIPC]: UpdateServerStateValue name:'AnchorStates' buffer == nullptr
02-20 20:06:16.412 25993 14937 E DeviceConfigVersionMapBuilder: Something went wrong when building version map.
02-20 20:06:16.413 25993 14937 I chatty  : uid=10046(com.oculus.socialplatform) OkHttp Dispatch identical 1 line
02-20 20:06:16.413 25993 14937 E DeviceConfigVersionMapBuilder: Something went wrong when building version map.
02-20 20:06:16.413  1754 14425 W CompositorClient: FrameTiming: firstDisplayVsync for client 27 (isPrimary=1) FrameIndex = 19516 is outrageously early 13705, base 7610, flushing
02-20 20:06:16.413 25993 14937 E DeviceConfigVersionMapBuilder: Something went wrong when building version map.
02-20 20:06:16.414 25993 14937 E DeviceConfigVersionMapBuilder: Something went wrong when building version map.
02-20 20:06:16.414  1754 14425 W CompositorClient: FrameTiming: firstDisplayVsync for client 27 (isPrimary=1) FrameIndex = 19517 is outrageously early 13705, base 7610, flushing
02-20 20:06:16.414 25993 14937 E DeviceConfigVersionMapBuilder: Something went wrong when building version map.
02-20 20:06:16.417 25993 14937 I chatty  : uid=10046(com.oculus.socialplatform) OkHttp Dispatch identical 5 lines
02-20 20:06:16.417 25993 14937 E DeviceConfigVersionMapBuilder: Something went wrong when building version map.
02-20 20:06:16.417 22207 22306 W REFLECT [RUNTIMEIPC]: UpdateServerStateValue name:'RigidBodyStates' buffer == nullptr
02-20 20:06:16.418 25993 14937 E DeviceConfigVersionMapBuilder: Something went wrong when building version map.
02-20 20:06:16.418 25993 14937 I chatty  : uid=10046(com.oculus.socialplatform) OkHttp Dispatch identical 2 lines
02-20 20:06:16.419 25993 14937 E DeviceConfigVersionMapBuilder: Something went wrong when building version map.
02-20 20:06:16.421  1754 14425 W CompositorClient: FrameTiming: firstDisplayVsync for client 27 (isPrimary=1) FrameIndex = 19517 is outrageously early 13705, base 7611, flushing
02-20 20:06:16.422 22207 22306 W REFLECT [RUNTIMEIPC]: UpdateServerStateValue name:'RigidBodyStates' buffer == nullptr
02-20 20:06:16.427  1754 14425 W CompositorClient: FrameTiming: firstDisplayVsync for client 27 (isPrimary=1) FrameIndex = 19517 is outrageously early 13705, base 7611, flushing
02-20 20:06:16.427 22207 22306 W REFLECT [RUNTIMEIPC]: UpdateServerStateValue name:'RigidBodyStates' buffer == nullptr
02-20 20:06:16.428  1754 14425 W CompositorClient: FrameTiming: firstDisplayVsync for client 27 (isPrimary=1) FrameIndex = 19518 is outrageously early 13705, base 7611, flushing
02-20 20:06:16.433 22207 22306 W REFLECT [RUNTIMEIPC]: UpdateServerStateValue name:'RigidBodyStates' buffer == nullptr
02-20 20:06:16.434  1754 14425 W CompositorClient: FrameTiming: firstDisplayVsync for client 27 (isPrimary=1) FrameIndex = 19518 is outrageously early 13705, base 7612, flushing
02-20 20:06:16.438 22207 22306 W REFLECT [RUNTIMEIPC]: UpdateServerStateValue name:'RigidBodyStates' buffer == nullptr
02-20 20:06:16.441  1754 14425 W CompositorClient: FrameTiming: firstDisplayVsync for client 27 (isPrimary=1) FrameIndex = 19518 is outrageously early 13705, base 7612, flushing
02-20 20:06:16.442  1754 14425 W CompositorClient: FrameTiming: firstDisplayVsync for client 27 (isPrimary=1) FrameIndex = 19519 is outrageously early 13705, base 7612, flushing
02-20 20:06:16.443 22207 22306 W REFLECT [RUNTIMEIPC]: UpdateServerStateValue name:'RigidBodyStates' buffer == nullptr
02-20 20:06:16.443 22207 22306 W REFLECT [RUNTIMEIPC]: UpdateServerStateValue name:'AnchorStates' buffer == nullptr
02-20 20:06:16.448 22207 22306 W REFLECT [RUNTIMEIPC]: UpdateServerStateValue name:'RigidBodyStates' buffer == nullptr
02-20 20:06:16.449  1754 14425 W CompositorClient: FrameTiming: firstDisplayVsync for client 27 (isPrimary=1) FrameIndex = 19519 is outrageously early 13705, base 7613, flushing
02-20 20:06:16.453 22207 22306 W REFLECT [RUNTIMEIPC]: UpdateServerStateValue name:'RigidBodyStates' buffer == nullptr
02-20 20:06:16.455  1754 14425 W CompositorClient: FrameTiming: firstDisplayVsync for client 27 (isPrimary=1) FrameIndex = 19519 is outrageously early 13705, base 7613, flushing
02-20 20:06:16.456  1754 14425 W CompositorClient: FrameTiming: firstDisplayVsync for client 27 (isPrimary=1) FrameIndex = 19520 is outrageously early 13705, base 7613, flushing
02-20 20:06:16.458 22207 22306 W REFLECT [RUNTIMEIPC]: UpdateServerStateValue name:'RigidBodyStates' buffer == nullptr
02-20 20:06:16.462  1754 14425 W CompositorClient: FrameTiming: firstDisplayVsync for client 27 (isPrimary=1) FrameIndex = 19520 is outrageously early 13705, base 7614, flushing
02-20 20:06:16.463 22207 22306 W REFLECT [RUNTIMEIPC]: UpdateServerStateValue name:'RigidBodyStates' buffer == nullptr
02-20 20:06:16.469 22207 22306 W REFLECT [RUNTIMEIPC]: UpdateServerStateValue name:'RigidBodyStates' buffer == nullptr
02-20 20:06:16.469  1754 14425 W CompositorClient: FrameTiming: firstDisplayVsync for client 27 (isPrimary=1) FrameIndex = 19520 is outrageously early 13705, base 7614, flushing
02-20 20:06:16.469  1754 14425 W CompositorClient: FrameTiming: firstDisplayVsync for client 27 (isPrimary=1) FrameIndex = 19521 is outrageously early 13705, base 7614, flushing
02-20 20:06:16.474 22207 22306 W REFLECT [RUNTIMEIPC]: UpdateServerStateValue name:'RigidBodyStates' buffer == nullptr
02-20 20:06:16.474 22207 22306 W REFLECT [RUNTIMEIPC]: UpdateServerStateValue name:'AnchorStates' buffer == nullptr
02-20 20:06:16.476  1754 14425 W CompositorClient: FrameTiming: firstDisplayVsync for client 27 (isPrimary=1) FrameIndex = 19521 is outrageously early 13705, base 7615, flushing
02-20 20:06:16.479 22207 22306 W REFLECT [RUNTIMEIPC]: UpdateServerStateValue name:'RigidBodyStates' buffer == nullptr
02-20 20:06:16.483  1754 14425 W CompositorClient: FrameTiming: firstDisplayVsync for client 27 (isPrimary=1) FrameIndex = 19521 is outrageously early 13705, base 7615, flushing
02-20 20:06:16.483  1754 14425 W CompositorClient: FrameTiming: firstDisplayVsync for client 27 (isPrimary=1) FrameIndex = 19522 is outrageously early 13705, base 7615, flushing
02-20 20:06:16.484 22207 22306 W REFLECT [RUNTIMEIPC]: UpdateServerStateValue name:'RigidBodyStates' buffer == nullptr
02-20 20:06:16.489 22207 22306 W REFLECT [RUNTIMEIPC]: UpdateServerStateValue name:'RigidBodyStates' buffer == nullptr
02-20 20:06:16.490  1754 14425 W CompositorClient: FrameTiming: firstDisplayVsync for client 27 (isPrimary=1) FrameIndex = 19522 is outrageously early 13705, base 7616, flushing
02-20 20:06:16.494 22207 22306 W REFLECT [RUNTIMEIPC]: UpdateServerStateValue name:'RigidBodyStates' buffer == nullptr
02-20 20:06:16.497  1754 14425 W CompositorClient: FrameTiming: firstDisplayVsync for client 27 (isPrimary=1) FrameIndex = 19522 is outrageously early 13705, base 7616, flushing
02-20 20:06:16.497  1754 14425 W CompositorClient: FrameTiming: firstDisplayVsync for client 27 (isPrimary=1) FrameIndex = 19523 is outrageously early 13705, base 7616, flushing
02-20 20:06:16.499 22207 22306 W REFLECT [RUNTIMEIPC]: UpdateServerStateValue name:'RigidBodyStates' buffer == nullptr
02-20 20:06:16.504  1754 14425 W CompositorClient: FrameTiming: firstDisplayVsync for client 27 (isPrimary=1) FrameIndex = 19523 is outrageously early 13705, base 7617, flushing
02-20 20:06:16.504 22207 22306 W REFLECT [RUNTIMEIPC]: UpdateServerStateValue name:'RigidBodyStates' buffer == nullptr
02-20 20:06:16.510 22207 22306 W REFLECT [RUNTIMEIPC]: UpdateServerStateValue name:'RigidBodyStates' buffer == nullptr
02-20 20:06:16.510  1754 14425 W CompositorClient: FrameTiming: firstDisplayVsync for client 27 (isPrimary=1) FrameIndex = 19523 is outrageously early 13705, base 7617, flushing
02-20 20:06:16.511  1754 14425 W CompositorClient: FrameTiming: firstDisplayVsync for client 27 (isPrimary=1) FrameIndex = 19524 is outrageously early 13705, base 7617, flushing
02-20 20:06:16.515 22207 22306 W REFLECT [RUNTIMEIPC]: UpdateServerStateValue name:'RigidBodyStates' buffer == nullptr
02-20 20:06:16.518  1754 14425 W CompositorClient: FrameTiming: firstDisplayVsync for client 27 (isPrimary=1) FrameIndex = 19524 is outrageously early 13705, base 7618, flushing
02-20 20:06:16.520 22207 22306 W REFLECT [RUNTIMEIPC]: UpdateServerStateValue name:'RigidBodyStates' buffer == nullptr
02-20 20:06:16.524  1754 14425 W CompositorClient: FrameTiming: firstDisplayVsync for client 27 (isPrimary=1) FrameIndex = 19524 is outrageously early 13705, base 7618, flushing
02-20 20:06:16.525 22207 22306 W REFLECT [RUNTIMEIPC]: UpdateServerStateValue name:'RigidBodyStates' buffer == nullptr
02-20 20:06:16.525  1754 14425 W CompositorClient: FrameTiming: firstDisplayVsync for client 27 (isPrimary=1) FrameIndex = 19525 is outrageously early 13705, base 7618, flushing
02-20 20:06:16.530 22207 22306 W REFLECT [RUNTIMEIPC]: UpdateServerStateValue name:'RigidBodyStates' buffer == nullptr
02-20 20:06:16.532  1754 14425 W CompositorClient: FrameTiming: firstDisplayVsync for client 27 (isPrimary=1) FrameIndex = 19525 is outrageously early 13705, base 7619, flushing
02-20 20:06:16.535 22207 22306 W REFLECT [RUNTIMEIPC]: UpdateServerStateValue name:'RigidBodyStates' buffer == nullptr
02-20 20:06:16.535 22207 22306 W REFLECT [RUNTIMEIPC]: UpdateServerStateValue name:'AnchorStates' buffer == nullptr
02-20 20:06:16.538  1754 14425 W CompositorClient: FrameTiming: firstDisplayVsync for client 27 (isPrimary=1) FrameIndex = 19525 is outrageously early 13705, base 7619, flushing
02-20 20:06:16.539   870 14398 W [CT]    : TorsoModel: [Throttled count=30] Not able to update controller's X-yaw (X is almost vertical)
02-20 20:06:16.539  1754 14425 W CompositorClient: FrameTiming: firstDisplayVsync for client 27 (isPrimary=1) FrameIndex = 19526 is outrageously early 13705, base 7619, flushing
02-20 20:06:16.540 22207 22306 W REFLECT [RUNTIMEIPC]: UpdateServerStateValue name:'RigidBodyStates' buffer == nullptr
02-20 20:06:16.545 22207 22306 W REFLECT [RUNTIMEIPC]: UpdateServerStateValue name:'RigidBodyStates' buffer == nullptr
02-20 20:06:16.546  1754 14425 W CompositorClient: FrameTiming: firstDisplayVsync for client 27 (isPrimary=1) FrameIndex = 19526 is outrageously early 13705, base 7620, flushing
02-20 20:06:16.551 22207 22306 W REFLECT [RUNTIMEIPC]: UpdateServerStateValue name:'RigidBodyStates' buffer == nullptr
02-20 20:06:16.552  1754 14425 W CompositorClient: FrameTiming: firstDisplayVsync for client 27 (isPrimary=1) FrameIndex = 19526 is outrageously early 13705, base 7620, flushing
02-20 20:06:16.553  1754 14425 W CompositorClient: FrameTiming: firstDisplayVsync for client 27 (isPrimary=1) FrameIndex = 19527 is outrageously early 13705, base 7620, flushing
02-20 20:06:16.556 22207 22306 W REFLECT [RUNTIMEIPC]: UpdateServerStateValue name:'RigidBodyStates' buffer == nullptr
02-20 20:06:16.560  1754 14425 W CompositorClient: FrameTiming: firstDisplayVsync for client 27 (isPrimary=1) FrameIndex = 19527 is outrageously early 13705, base 7621, flushing
02-20 20:06:16.561 22207 22306 W REFLECT [RUNTIMEIPC]: UpdateServerStateValue name:'RigidBodyStates' buffer == nullptr
02-20 20:06:16.566 22207 22306 W REFLECT [RUNTIMEIPC]: UpdateServerStateValue name:'RigidBodyStates' buffer == nullptr
02-20 20:06:16.566 22207 22306 W REFLECT [RUNTIMEIPC]: UpdateServerStateValue name:'AnchorStates' buffer == nullptr
02-20 20:06:16.566  1754 14425 W CompositorClient: FrameTiming: firstDisplayVsync for client 27 (isPrimary=1) FrameIndex = 19527 is outrageously early 13705, base 7621, flushing
02-20 20:06:16.567  1754 14425 W CompositorClient: FrameTiming: firstDisplayVsync for client 27 (isPrimary=1) FrameIndex = 19528 is outrageously early 13705, base 7621, flushing
02-20 20:06:16.571 22207 22306 W REFLECT [RUNTIMEIPC]: UpdateServerStateValue name:'RigidBodyStates' buffer == nullptr
02-20 20:06:16.574  1754 14425 W CompositorClient: FrameTiming: firstDisplayVsync for client 27 (isPrimary=1) FrameIndex = 19528 is outrageously early 13705, base 7622, flushing
02-20 20:06:16.576 22207 22306 W REFLECT [RUNTIMEIPC]: UpdateServerStateValue name:'RigidBodyStates' buffer == nullptr
02-20 20:06:16.580  1754 14425 W CompositorClient: FrameTiming: firstDisplayVsync for client 27 (isPrimary=1) FrameIndex = 19528 is outrageously early 13705, base 7622, flushing
02-20 20:06:16.581  1754 14425 W CompositorClient: FrameTiming: firstDisplayVsync for client 27 (isPrimary=1) FrameIndex = 19529 is outrageously early 13705, base 7622, flushing
02-20 20:06:16.581 22207 22306 W REFLECT [RUNTIMEIPC]: UpdateServerStateValue name:'RigidBodyStates' buffer == nullptr
02-20 20:06:16.586 22207 22306 W REFLECT [RUNTIMEIPC]: UpdateServerStateValue name:'RigidBodyStates' buffer == nullptr
02-20 20:06:16.588  1754 14425 W CompositorClient: FrameTiming: firstDisplayVsync for client 27 (isPrimary=1) FrameIndex = 19529 is outrageously early 13705, base 7623, flushing
02-20 20:06:16.592 22207 22306 W REFLECT [RUNTIMEIPC]: UpdateServerStateValue name:'RigidBodyStates' buffer == nullptr
02-20 20:06:16.594  1754 14425 W CompositorClient: FrameTiming: firstDisplayVsync for client 27 (isPrimary=1) FrameIndex = 19529 is outrageously early 13705, base 7623, flushing
02-20 20:06:16.595  1754 14425 W CompositorClient: FrameTiming: firstDisplayVsync for client 27 (isPrimary=1) FrameIndex = 19530 is outrageously early 13705, base 7623, flushing
02-20 20:06:16.597 22207 22306 W REFLECT [RUNTIMEIPC]: UpdateServerStateValue name:'RigidBodyStates' buffer == nullptr
02-20 20:06:16.597 22207 22306 W REFLECT [RUNTIMEIPC]: UpdateServerStateValue name:'AnchorStates' buffer == nullptr
02-20 20:06:16.602  1754 14425 W CompositorClient: FrameTiming: firstDisplayVsync for client 27 (isPrimary=1) FrameIndex = 19530 is outrageously early 13705, base 7624, flushing
02-20 20:06:16.602 22207 22306 W REFLECT [RUNTIMEIPC]: UpdateServerStateValue name:'RigidBodyStates' buffer == nullptr
02-20 20:06:16.607 22207 22306 W REFLECT [RUNTIMEIPC]: UpdateServerStateValue name:'RigidBodyStates' buffer == nullptr
02-20 20:06:16.608  1754 14425 W CompositorClient: FrameTiming: firstDisplayVsync for client 27 (isPrimary=1) FrameIndex = 19530 is outrageously early 13705, base 7624, flushing
02-20 20:06:16.609  1754 14425 W CompositorClient: FrameTiming: firstDisplayVsync for client 27 (isPrimary=1) FrameIndex = 19531 is outrageously early 13705, base 7624, flushing
02-20 20:06:16.612 22207 22306 W REFLECT [RUNTIMEIPC]: UpdateServerStateValue name:'RigidBodyStates' buffer == nullptr
02-20 20:06:16.616  1754 14425 W CompositorClient: FrameTiming: firstDisplayVsync for client 27 (isPrimary=1) FrameIndex = 19531 is outrageously early 13705, base 7625, flushing
02-20 20:06:16.617 22207 22306 W REFLECT [RUNTIMEIPC]: UpdateServerStateValue name:'RigidBodyStates' buffer == nullptr
02-20 20:06:16.622  1754 14425 W CompositorClient: FrameTiming: firstDisplayVsync for client 27 (isPrimary=1) FrameIndex = 19531 is outrageously early 13705, base 7625, flushing
02-20 20:06:16.622 22207 22306 W REFLECT [RUNTIMEIPC]: UpdateServerStateValue name:'RigidBodyStates' buffer == nullptr
02-20 20:06:16.623  1754 14425 W CompositorClient: FrameTiming: firstDisplayVsync for client 27 (isPrimary=1) FrameIndex = 19532 is outrageously early 13705, base 7625, flushing
02-20 20:06:16.627 22207 22306 W REFLECT [RUNTIMEIPC]: UpdateServerStateValue name:'RigidBodyStates' buffer == nullptr
02-20 20:06:16.627 22207 22306 W REFLECT [RUNTIMEIPC]: UpdateServerStateValue name:'AnchorStates' buffer == nullptr
02-20 20:06:16.630  1754 14425 W CompositorClient: FrameTiming: firstDisplayVsync for client 27 (isPrimary=1) FrameIndex = 19532 is outrageously early 13705, base 7626, flushing
02-20 20:06:16.633 22207 22306 W REFLECT [RUNTIMEIPC]: UpdateServerStateValue name:'RigidBodyStates' buffer == nullptr
02-20 20:06:16.636  1754 14425 W CompositorClient: FrameTiming: firstDisplayVsync for client 27 (isPrimary=1) FrameIndex = 19532 is outrageously early 13705, base 7626, flushing
02-20 20:06:16.637  1754 14425 W CompositorClient: FrameTiming: firstDisplayVsync for client 27 (isPrimary=1) FrameIndex = 19533 is outrageously early 13705, base 7626, flushing
02-20 20:06:16.638 22207 22306 W REFLECT [RUNTIMEIPC]: UpdateServerStateValue name:'RigidBodyStates' buffer == nullptr
02-20 20:06:16.643 22207 22306 W REFLECT [RUNTIMEIPC]: UpdateServerStateValue name:'RigidBodyStates' buffer == nullptr
02-20 20:06:16.643  1754 14425 W CompositorClient: FrameTiming: firstDisplayVsync for client 27 (isPrimary=1) FrameIndex = 19533 is outrageously early 13705, base 7627, flushing
02-20 20:06:16.648 22207 22306 W REFLECT [RUNTIMEIPC]: UpdateServerStateValue name:'RigidBodyStates' buffer == nullptr
02-20 20:06:16.650  1754 14425 W CompositorClient: FrameTiming: firstDisplayVsync for client 27 (isPrimary=1) FrameIndex = 19533 is outrageously early 13705, base 7627, flushing
02-20 20:06:16.650  1754 14425 W CompositorClient: FrameTiming: firstDisplayVsync for client 27 (isPrimary=1) FrameIndex = 19534 is outrageously early 13705, base 7627, flushing
02-20 20:06:16.653 22207 22306 W REFLECT [RUNTIMEIPC]: UpdateServerStateValue name:'RigidBodyStates' buffer == nullptr
02-20 20:06:16.657  1754 14425 W CompositorClient: FrameTiming: firstDisplayVsync for client 27 (isPrimary=1) FrameIndex = 19534 is outrageously early 13705, base 7628, flushing
02-20 20:06:16.658 22207 22306 W REFLECT [RUNTIMEIPC]: UpdateServerStateValue name:'RigidBodyStates' buffer == nullptr
02-20 20:06:16.663 22207 22306 W REFLECT [RUNTIMEIPC]: UpdateServerStateValue name:'RigidBodyStates' buffer == nullptr
02-20 20:06:16.664  1754 14425 W CompositorClient: FrameTiming: firstDisplayVsync for client 27 (isPrimary=1) FrameIndex = 19534 is outrageously early 13705, base 7628, flushing
02-20 20:06:16.664  1754 14425 W CompositorClient: FrameTiming: firstDisplayVsync for client 27 (isPrimary=1) FrameIndex = 19535 is outrageously early 13705, base 7628, flushing
02-20 20:06:16.668 22207 22306 W REFLECT [RUNTIMEIPC]: UpdateServerStateValue name:'RigidBodyStates' buffer == nullptr
02-20 20:06:16.671  1754 14425 W CompositorClient: FrameTiming: firstDisplayVsync for client 27 (isPrimary=1) FrameIndex = 19535 is outrageously early 13705, base 7629, flushing
02-20 20:06:16.674 22207 22306 W REFLECT [RUNTIMEIPC]: UpdateServerStateValue name:'RigidBodyStates' buffer == nullptr
02-20 20:06:16.678  1754 14425 W CompositorClient: FrameTiming: firstDisplayVsync for client 27 (isPrimary=1) FrameIndex = 19535 is outrageously early 13705, base 7629, flushing
02-20 20:06:16.678  1754 14425 W CompositorClient: FrameTiming: firstDisplayVsync for client 27 (isPrimary=1) FrameIndex = 19536 is outrageously early 13705, base 7629, flushing
02-20 20:06:16.679 22207 22306 W REFLECT [RUNTIMEIPC]: UpdateServerStateValue name:'RigidBodyStates' buffer == nullptr
02-20 20:06:16.684 22207 22306 W REFLECT [RUNTIMEIPC]: UpdateServerStateValue name:'RigidBodyStates' buffer == nullptr
02-20 20:06:16.685  1754 14425 W CompositorClient: FrameTiming: firstDisplayVsync for client 27 (isPrimary=1) FrameIndex = 19536 is outrageously early 13705, base 7630, flushing
02-20 20:06:16.686  2980  3046 I GuardianCollisionTracker: Guardian Controller Collision: Magnitude: 11.954, Duration: -1.000 sec, TimeStamp: 15523.995117 sec
02-20 20:06:16.689 22207 22306 W REFLECT [RUNTIMEIPC]: UpdateServerStateValue name:'RigidBodyStates' buffer == nullptr
02-20 20:06:16.689 22207 22306 W REFLECT [RUNTIMEIPC]: UpdateServerStateValue name:'AnchorStates' buffer == nullptr
02-20 20:06:16.691  1754 14425 W CompositorClient: FrameTiming: firstDisplayVsync for client 27 (isPrimary=1) FrameIndex = 19536 is outrageously early 13705, base 7630, flushing
02-20 20:06:16.692  1754 14425 W CompositorClient: FrameTiming: firstDisplayVsync for client 27 (isPrimary=1) FrameIndex = 19537 is outrageously early 13705, base 7630, flushing
02-20 20:06:16.694 22207 22306 W REFLECT [RUNTIMEIPC]: UpdateServerStateValue name:'RigidBodyStates' buffer == nullptr
02-20 20:06:16.699  1754 14425 W CompositorClient: FrameTiming: firstDisplayVsync for client 27 (isPrimary=1) FrameIndex = 19537 is outrageously early 13705, base 7631, flushing
02-20 20:06:16.699 22207 22306 W REFLECT [RUNTIMEIPC]: UpdateServerStateValue name:'RigidBodyStates' buffer == nullptr
02-20 20:06:16.704 22207 22306 W REFLECT [RUNTIMEIPC]: UpdateServerStateValue name:'RigidBodyStates' buffer == nullptr
02-20 20:06:16.705  1754 14425 W CompositorClient: FrameTiming: firstDisplayVsync for client 27 (isPrimary=1) FrameIndex = 19537 is outrageously early 13705, base 7631, flushing
02-20 20:06:16.706  1754 14425 W CompositorClient: FrameTiming: firstDisplayVsync for client 27 (isPrimary=1) FrameIndex = 19538 is outrageously early 13705, base 7631, flushing
02-20 20:06:16.709 22207 22306 W REFLECT [RUNTIMEIPC]: UpdateServerStateValue name:'RigidBodyStates' buffer == nullptr
02-20 20:06:16.713  1754 14425 W CompositorClient: FrameTiming: firstDisplayVsync for client 27 (isPrimary=1) FrameIndex = 19538 is outrageously early 13705, base 7632, flushing
02-20 20:06:16.715 22207 22306 W REFLECT [RUNTIMEIPC]: UpdateServerStateValue name:'RigidBodyStates' buffer == nullptr
02-20 20:06:16.719  1754 14425 W CompositorClient: FrameTiming: firstDisplayVsync for client 27 (isPrimary=1) FrameIndex = 19538 is outrageously early 13705, base 7632, flushing
02-20 20:06:16.720 22207 22306 W REFLECT [RUNTIMEIPC]: UpdateServerStateValue name:'RigidBodyStates' buffer == nullptr
02-20 20:06:16.720 22207 22306 W REFLECT [RUNTIMEIPC]: UpdateServerStateValue name:'AnchorStates' buffer == nullptr
02-20 20:06:16.720  1754 14425 W CompositorClient: FrameTiming: firstDisplayVsync for client 27 (isPrimary=1) FrameIndex = 19539 is outrageously early 13705, base 7632, flushing
02-20 20:06:16.725 22207 22306 W REFLECT [RUNTIMEIPC]: UpdateServerStateValue name:'RigidBodyStates' buffer == nullptr
02-20 20:06:16.727  1754 14425 W CompositorClient: FrameTiming: firstDisplayVsync for client 27 (isPrimary=1) FrameIndex = 19539 is outrageously early 13705, base 7633, flushing
02-20 20:06:16.730 22207 22306 W REFLECT [RUNTIMEIPC]: UpdateServerStateValue name:'RigidBodyStates' buffer == nullptr
02-20 20:06:16.733  1754 14425 W CompositorClient: FrameTiming: firstDisplayVsync for client 27 (isPrimary=1) FrameIndex = 19539 is outrageously early 13705, base 7633, flushing
02-20 20:06:16.734  1754 14425 W CompositorClient: FrameTiming: firstDisplayVsync for client 27 (isPrimary=1) FrameIndex = 19540 is outrageously early 13705, base 7633, flushing
02-20 20:06:16.735 22207 22306 W REFLECT [RUNTIMEIPC]: UpdateServerStateValue name:'RigidBodyStates' buffer == nullptr
02-20 20:06:16.740 22207 22306 W REFLECT [RUNTIMEIPC]: UpdateServerStateValue name:'RigidBodyStates' buffer == nullptr
02-20 20:06:16.741  1754 14425 W CompositorClient: FrameTiming: firstDisplayVsync for client 27 (isPrimary=1) FrameIndex = 19540 is outrageously early 13705, base 7634, flushing
02-20 20:06:16.745 22207 22306 W REFLECT [RUNTIMEIPC]: UpdateServerStateValue name:'RigidBodyStates' buffer == nullptr
02-20 20:06:16.747  1754 14425 W CompositorClient: FrameTiming: firstDisplayVsync for client 27 (isPrimary=1) FrameIndex = 19540 is outrageously early 13705, base 7634, flushing
02-20 20:06:16.748  1754 14425 W CompositorClient: FrameTiming: firstDisplayVsync for client 27 (isPrimary=1) FrameIndex = 19541 is outrageously early 13705, base 7634, flushing
02-20 20:06:16.749 25993 14937 E PartyNativeModuleManager: Calling getCurrentPartyId but native code wasn't initialized. Noop.
02-20 20:06:16.750 22207 22306 W REFLECT [RUNTIMEIPC]: UpdateServerStateValue name:'RigidBodyStates' buffer == nullptr
02-20 20:06:16.750 22207 22306 W REFLECT [RUNTIMEIPC]: UpdateServerStateValue name:'AnchorStates' buffer == nullptr
02-20 20:06:16.751 25993 14937 W PartyNativeModuleManager: Calling nativeTearDown but native code wasn't initialized. Noop.
02-20 20:06:16.755  1754 14425 W CompositorClient: FrameTiming: firstDisplayVsync for client 27 (isPrimary=1) FrameIndex = 19541 is outrageously early 13705, base 7635, flushing
02-20 20:06:16.756 22207 22306 W REFLECT [RUNTIMEIPC]: UpdateServerStateValue name:'RigidBodyStates' buffer == nullptr
02-20 20:06:16.756  2980  3046 I GuardianCollisionTracker: Guardian Controller Collision: Magnitude: 7.863, Duration: -1.000 sec, TimeStamp: 15524.068359 sec
02-20 20:06:16.761 22207 22306 W REFLECT [RUNTIMEIPC]: UpdateServerStateValue name:'RigidBodyStates' buffer == nullptr
02-20 20:06:16.761  1754 14425 W CompositorClient: FrameTiming: firstDisplayVsync for client 27 (isPrimary=1) FrameIndex = 19541 is outrageously early 13705, base 7635, flushing
02-20 20:06:16.762  1754 14425 W CompositorClient: FrameTiming: firstDisplayVsync for client 27 (isPrimary=1) FrameIndex = 19542 is outrageously early 13705, base 7635, flushing
02-20 20:06:16.766 22207 22306 W REFLECT [RUNTIMEIPC]: UpdateServerStateValue name:'RigidBodyStates' buffer == nullptr
02-20 20:06:16.769  1754 14425 W CompositorClient: FrameTiming: firstDisplayVsync for client 27 (isPrimary=1) FrameIndex = 19542 is outrageously early 13705, base 7636, flushing
02-20 20:06:16.771 22207 22306 W REFLECT [RUNTIMEIPC]: UpdateServerStateValue name:'RigidBodyStates' buffer == nullptr
02-20 20:06:16.775  1754 14425 W CompositorClient: FrameTiming: firstDisplayVsync for client 27 (isPrimary=1) FrameIndex = 19542 is outrageously early 13705, base 7636, flushing
02-20 20:06:16.776  1754 14425 W CompositorClient: FrameTiming: firstDisplayVsync for client 27 (isPrimary=1) FrameIndex = 19543 is outrageously early 13705, base 7636, flushing
02-20 20:06:16.776   901   901 E adbd    : failed to connect to socket 'tcp:6666': Connection refused
02-20 20:06:16.776 22207 22306 W REFLECT [RUNTIMEIPC]: UpdateServerStateValue name:'RigidBodyStates' buffer == nullptr
