11-04 16:36:01.558   582   610 I SyncBossFW: 2278545 [info   ] {APPI}: Found 1 connected pulsar devices
11-04 16:36:01.558   736  6883 D SensorService: Syncboss input 86557c336c360320 hardware type 4, subtype 1, revision 0x09
11-04 16:36:01.558   736  6883 I SensorService: preparePairedControllerInfo is adding device with valid 1
11-04 16:36:01.558   736  6883 D SensorService: Syncboss input 729165a0fe4054d7 hardware type 4, subtype 2, revision 
11-04 16:36:01.558   736  6883 I SensorService: preparePairedControllerInfo is adding device with valid 1
11-04 16:36:01.558   736  6883 D SensorService: stateChangeNotifierFunc(): Reporting controller info. Change token: 11, paired=2 connected=1
11-04 16:36:01.558  1707  6889 D OVRRemoteService: processStateChange([PairedControllerInfo JEDI 86557c336c360320 connected mcnt=0])
11-04 16:36:01.559   736  1007 D SensorService: ControllerProvider: Succesfully set tx power to -4, filter to -4
11-04 16:36:01.559  1707  6889 D OVRRemoteService: processStateChange([PairedControllerInfo JEDI 729165a0fe4054d7 disconnected update-required mcnt=0])
11-04 16:36:01.559   736   901 I SyncBossHAL: [info   ] pulsar_manager.c(866): Setting transmit power for all connected controllers to -4 dBm
11-04 16:36:01.561   851  1031 W TrackingService: attachClient: found client in attached list
11-04 16:36:01.566   736   901 I SyncBossHAL: [info   ] pulsar_manager.c(866): Setting filter transmit power for all connected controllers to -4 dBm
11-04 16:36:01.569   736  1007 D SensorService: Found paired controllers: 2
11-04 16:36:01.569   736  1007 D SensorService: Syncboss input 86557c336c360320 hardware type 4, subtype 1, revision 0x09
11-04 16:36:01.569   736  1007 I SensorService: preparePairedControllerInfo is adding device with valid 1
11-04 16:36:01.569   736  1007 D SensorService: Syncboss input 729165a0fe4054d7 hardware type 4, subtype 2, revision 
11-04 16:36:01.569   736  1007 I SensorService: preparePairedControllerInfo is adding device with valid 1
11-04 16:36:01.570   851  6939 D TrackingService: Creating RemoteConstellationTrackedDevice
11-04 16:36:01.571   851  6939 I TrackingService: Registering primary controller 86557c336c360320 in slot 0
11-04 16:36:01.572   851  6939 D TrackingService: TrackingDataPostProcessor: Hand autotransition v2 GK enabled: 1
11-04 16:36:01.572   851  6939 D TrackingService: registerRemote: 86557c336c360320
11-04 16:36:01.572   851  6939 I chatty  : uid=1000(system) CtrlTracking expire 121 lines
11-04 16:36:01.587   851  6939 W TrackingService: Attempted to control leds, but gatekeeper is disabled. Skipping operation.
11-04 16:36:01.588  2954  3345 I InputDevice_TrackedRemote: REMOTE: Hand=1 IndexAnalog=0.00 GripAnalog=0.00 Buttons=0x00000000
11-04 16:36:01.591  1044  1154 W EventHub: Unable to disable kernel key repeat for /dev/input/event3: Function not implemented
11-04 16:36:01.591  1044  1154 I EventHub: wakeMechanism=EPOLLWAKEUP, usingClockIoctl=true
11-04 16:36:01.591  1044  1154 I EventHub: New device: id=8, fd=211, path='/dev/input/event3', name='Device 0x86557C336C360320', classes=0x2001, configuration='/system/usr/idc/Vendor_2833_Product_0160.idc', keyLayout='/system/usr/keylayout/oculus-device.kl', keyCharacterMap='/system/usr/keychars/oculus-device.kcm', builtinKeyboard=false, 
11-04 16:36:01.591  1044  1154 I InputReader: Device added: id=8, name='Device 0x86557C336C360320', sources=0x65432102
11-04 16:36:01.591  1044  1153 W InputReader: Device has associated, but no associated display id.
11-04 16:36:01.594   851  1031 D TrackingService: getSharedMemory: com.YourCompany.TemplateProject2, Controller
11-04 16:36:01.594  6712  7045 I InputDevice_TrackedRemote: REMOTE: Hand=1 IndexAnalog=0.00 GripAnalog=0.00 Buttons=0x00000000
11-04 16:36:01.603   851  1031 W TrackingService: attachClient: found client in attached list
11-04 16:36:01.633   736  6884 I SyncBossInput: [info   ] [jedi ( left) 86557c33xxxxxxxx]: 1764854 [info   ] {THDG}: active_seek -> inactive_seek
11-04 16:36:01.638   851  1031 W TrackingService: attachClient: found client in attached list
11-04 16:36:01.641   851  6939 D TrackingService: [HANDTRACKING] Controller 86557c336c360320 in hand: Y, valid: Y
11-04 16:36:01.660   736  6884 I SyncBossInput: [info   ] [jedi ( left) 86557c33xxxxxxxx]: 2314842 [info   ] {APP }: Connected
11-04 16:36:01.685   851  1031 W TrackingService: attachClient: found client in attached list
11-04 16:36:01.708   736  6884 I SyncBossInput: [info   ] [jedi ( left) 86557c33xxxxxxxx]: 2314843 [info   ] {THDG}: inactive_seek -> active_connected
11-04 16:36:01.733   851  1031 W TrackingService: attachClient: found client in attached list
11-04 16:36:01.774   851  1031 I chatty  : uid=1000(system) Binder:851_1 identical 2 lines
11-04 16:36:01.821   851  1031 W TrackingService: attachClient: found client in attached list
11-04 16:36:01.863   736  6884 I SyncBossHAL: [info   ] syncboss_hal_input_controller.c(195): Controller 86557c33xxxxxxxx battery level changed: 0% -> 80%
11-04 16:36:01.864  6064  6121 I chatty  : uid=10033(com.oculus.xrstreamingclient) xrsp-rt-read expire 12 lines
11-04 16:36:01.867   851  1031 W TrackingService: attachClient: found client in attached list
11-04 16:36:01.867   736  6883 D SensorService: Syncboss input 86557c336c360320 hardware type 4, subtype 1, revision 0x09
11-04 16:36:01.867   736  6883 I SensorService: preparePairedControllerInfo is adding device with valid 1
11-04 16:36:01.867   736  6883 D SensorService: Syncboss input 729165a0fe4054d7 hardware type 4, subtype 2, revision 
11-04 16:36:01.867   736  6883 I SensorService: preparePairedControllerInfo is adding device with valid 1
11-04 16:36:01.867   736  6883 D SensorService: stateChangeNotifierFunc(): Reporting controller info. Change token: 12, paired=2 connected=1
11-04 16:36:01.867  1707  6889 D OVRRemoteService: processStateChange([PairedControllerInfo JEDI 86557c336c360320 connected mcnt=0])
11-04 16:36:01.867  1707  6889 D OVRRemoteService: processStateChange([PairedControllerInfo JEDI 729165a0fe4054d7 disconnected update-required mcnt=0])
11-04 16:36:01.902  2954  3032 W OsSdk   : Requested historical tracking state too far in the past; oldest: 2280.918112s, requested: 2280.648472s
11-04 16:36:01.914   851  1031 W TrackingService: attachClient: found client in attached list
11-04 16:36:02.082   851  1031 I chatty  : uid=1000(system) Binder:851_1 identical 5 lines
11-04 16:36:02.107   851  1031 W TrackingService: attachClient: found client in attached list
11-04 16:36:02.121  6712  6745 D UE4     : EngineMemoryWarningHandler: Mem Used 280.71 MB, Texture Memory 11.67 MB, Render Target memory 146.32 MB, OS Free 2396.93 MB
11-04 16:36:02.145   736  6884 I SyncBossInput: [info   ] [jedi ( left) 86557c33xxxxxxxx]: 2315461 [info   ] {HPTH}: Set haptics frequency to 0x2125
11-04 16:36:02.153   851  1031 W TrackingService: attachClient: found client in attached list
11-04 16:36:02.210  6712  7045 I InputDevice_TrackedRemote: Using old float conversion.
11-04 16:36:02.241  6712  6747 D UE4     : [GameActivity] Used memory: 390785 (VmRSS:	  285040 kB)
11-04 16:36:02.243   851  1031 I chatty  : uid=1000(system) Binder:851_1 identical 3 lines
11-04 16:36:02.253  6712  7067 D UE4     : [2022.11.04-16.36.02:252][ 86]LogTcpMessaging: Started Connection to '127.0.0.1:36057'
11-04 16:36:02.253  6712  7067 D UE4     : [2022.11.04-16.36.02:253][ 86]LogTcpMessaging: Discovered node 'F850D32D4838FB72E3DFF1A176F1D452' on connection '127.0.0.1:36057'...
11-04 16:36:02.289   851  1031 W TrackingService: attachClient: found client in attached list
11-04 16:36:02.307   851  1031 D TrackingService: haptic socket already exists
11-04 16:36:02.307   851  1031 D TrackingService: getSocket: com.YourCompany.TemplateProject2
11-04 16:36:02.335   851  1031 W TrackingService: attachClient: found client in attached list
11-04 16:36:02.386  1824  3399 I Telemetry: App memory usage: PSS=23 MiB, PrivateDirty=17 MiB, PrivateClean=1 MiB, GPU=3.3/3.5 MiB (95% allocated)
11-04 16:36:02.612   851  1031 I chatty  : uid=1000(system) Binder:851_1 identical 9 lines
11-04 16:36:02.651   851  1031 W TrackingService: attachClient: found client in attached list
11-04 16:36:02.683   736   893 I SyncBossHAL: [info   ] syncboss_hal_impl_input.c(1060): Pulsar connected devices state change: 6
11-04 16:36:02.685   582   610 I SyncBossFW: 2279671 [info   ] {WIHO}: Pulsar device connected 729165a0fe4054d7 (type: 9011401, connection id: 0x6)
11-04 16:36:02.688   851  1031 W TrackingService: attachClient: found client in attached list
11-04 16:36:02.688   582   610 I SyncBossFW: 2279675 [info   ] {APPI}: Found 2 connected pulsar devices
11-04 16:36:02.689   851  1490 W TrackingService: attachClient: found client in attached list
11-04 16:36:02.729   851  1490 W TrackingService: attachClient: found client in attached list
11-04 16:36:02.755   736   901 I SyncBossHAL: [info   ] pulsar_manager.c(396): 729165a0xxxxxxxx: Configuring IR LED to ontime = 34, period = 40000, delay = -9
11-04 16:36:02.761  1044  1616 E TaskPersister: File error accessing recents directory (directory doesn't exist?).
11-04 16:36:02.761   736   901 I SyncBossHAL: [info   ] pulsar_manager.c(343): Finished getting cache data for controller
11-04 16:36:02.761   736   901 I SyncBossHAL:     id            : 729165a0xxxxxxxx
11-04 16:36:02.761   736   901 I SyncBossHAL:     pulsar_type   : 0x09011401
11-04 16:36:02.761   736   901 I SyncBossHAL:     connection id : 0x6
11-04 16:36:02.761   736   901 I SyncBossHAL:     fw ver        : 1.9.0
11-04 16:36:02.761   736   901 I SyncBossHAL:     spl ver       : 1.5.1
11-04 16:36:02.761   736   901 I SyncBossHAL:     serial        : 1WMHCR70112121
11-04 16:36:02.761   736   901 I SyncBossHAL:     handedness    : right
11-04 16:36:02.761   736   901 I SyncBossHAL:     battery state : 80%
11-04 16:36:02.761   736   901 I SyncBossHAL: [info   ] pulsar_manager.c(360): Jedi-specific cache data:
11-04 16:36:02.761   736   901 I SyncBossHAL:     captouch ver  : 1.9.0
11-04 16:36:02.766   736  6883 D SensorService: Syncboss input 729165a0fe4054d7 hardware type 4, subtype 2, revision 0x09
11-04 16:36:02.766   736  6883 I SensorService: preparePairedControllerInfo is adding device with valid 1
11-04 16:36:02.766   736  6883 D SensorService: Syncboss input 86557c336c360320 hardware type 4, subtype 1, revision 0x09
11-04 16:36:02.766   736  6883 I SensorService: preparePairedControllerInfo is adding device with valid 1
11-04 16:36:02.766   736  6883 D SensorService: stateChangeNotifierFunc(): Reporting controller info. Change token: 13, paired=2 connected=2
11-04 16:36:02.766  1707  6889 D OVRRemoteService: processStateChange([PairedControllerInfo JEDI 729165a0fe4054d7 connected mcnt=0])
11-04 16:36:02.766   736  1007 D SensorService: ControllerProvider: Succesfully set tx power to -4, filter to -4
11-04 16:36:02.767  1707  6889 D OVRRemoteService: processStateChange([PairedControllerInfo JEDI 86557c336c360320 connected mcnt=0])
11-04 16:36:02.767   736   901 I SyncBossHAL: [info   ] pulsar_manager.c(866): Setting transmit power for all connected controllers to -4 dBm
11-04 16:36:02.771   851  1490 W TrackingService: attachClient: found client in attached list
11-04 16:36:02.774   736  1007 D SensorService: Found paired controllers: 2
11-04 16:36:02.774   736  1007 D SensorService: Syncboss input 729165a0fe4054d7 hardware type 4, subtype 2, revision 0x09
11-04 16:36:02.774   736  1007 I SensorService: preparePairedControllerInfo is adding device with valid 1
11-04 16:36:02.774   736  1007 D SensorService: Syncboss input 86557c336c360320 hardware type 4, subtype 1, revision 0x09
11-04 16:36:02.774   736  1007 I SensorService: preparePairedControllerInfo is adding device with valid 1
11-04 16:36:02.774   851  6939 D TrackingService: Creating RemoteConstellationTrackedDevice
11-04 16:36:02.775   851  6939 I TrackingService: Registering primary controller 729165a0fe4054d7 in slot 1
11-04 16:36:02.777   851  6939 D TrackingService: TrackingDataPostProcessor: Hand autotransition v2 GK enabled: 1
11-04 16:36:02.777   851  6939 D TrackingService: registerRemote: 729165a0fe4054d7
11-04 16:36:02.782  1044  1154 W EventHub: Unable to disable kernel key repeat for /dev/input/event4: Function not implemented
11-04 16:36:02.782  1044  1154 I EventHub: wakeMechanism=EPOLLWAKEUP, usingClockIoctl=true
11-04 16:36:02.782  1044  1154 I EventHub: New device: id=9, fd=224, path='/dev/input/event4', name='Device 0x729165A0FE4054D7', classes=0x2001, configuration='/system/usr/idc/Vendor_2833_Product_0160.idc', keyLayout='/system/usr/keylayout/oculus-device.kl', keyCharacterMap='/system/usr/keychars/oculus-device.kcm', builtinKeyboard=false, 
11-04 16:36:02.782   736   901 I SyncBossHAL: [info   ] pulsar_manager.c(866): Setting filter transmit power for all connected controllers to -4 dBm
11-04 16:36:02.782  1044  1154 I InputReader: Device added: id=9, name='Device 0x729165A0FE4054D7', sources=0x65432102
11-04 16:36:02.784  6712  7045 I InputDevice_TrackedRemote: REMOTE: Hand=2 IndexAnalog=0.00 GripAnalog=0.00 Buttons=0x00000000
11-04 16:36:02.784  1044  1153 W InputReader: Device has associated, but no associated display id.
11-04 16:36:02.787  2954  3345 I InputDevice_TrackedRemote: REMOTE: Hand=2 IndexAnalog=0.00 GripAnalog=0.00 Buttons=0x00000000
11-04 16:36:02.790   851  6939 W TrackingService: Attempted to control leds, but gatekeeper is disabled. Skipping operation.
11-04 16:36:02.794   851  1490 W TrackingService: attachClient: found client in attached list
11-04 16:36:02.824   851  1490 W TrackingService: attachClient: found client in attached list
11-04 16:36:02.831   736  6884 I SyncBossInput: [info   ] [jedi (right) 729165a0xxxxxxxx]: 1775047 [info   ] {THDG}: active_seek -> inactive_seek
11-04 16:36:02.839  6712  6745 I VrRuntimeClient: SyncInternalGuardianState: GetGuardianPolygon: 0
11-04 16:36:02.839   851  6939 D TrackingService: [HANDTRACKING] Controller 729165a0fe4054d7 in hand: Y, valid: Y
11-04 16:36:02.859   736  6884 I SyncBossInput: [info   ] [jedi (right) 729165a0xxxxxxxx]: 2326242 [info   ] {APP }: Connected
11-04 16:36:02.870   851  1490 W TrackingService: attachClient: found client in attached list
11-04 16:36:02.898   851  1490 W TrackingService: attachClient: found client in attached list
11-04 16:36:02.899   851  1031 W TrackingService: attachClient: found client in attached list
11-04 16:36:02.909   736  6884 I SyncBossInput: [info   ] [jedi (right) 729165a0xxxxxxxx]: 2326243 [info   ] {THDG}: inactive_seek -> active_connected
11-04 16:36:02.942   851  1031 W TrackingService: attachClient: found client in attached list
11-04 16:36:03.005  6712  7048 I Telemetry: App memory usage: PSS=390 MiB, PrivateDirty=241 MiB, PrivateClean=135 MiB, GPU=100.9/101.0 MiB (100% allocated)
11-04 16:36:03.008  6712  7048 I VrApi   : FPS=71/72,Prd=59ms,Tear=0,Early=69,Stale=3,VSnc=1,Lat=1,Fov=0,CPU4/GPU=2/3,1171/490MHz,OC=FF,TA=0/70/70,SP=N/N/N,Mem=2092MHz,Free=2390MB,PLS=0,Temp=26.2C/0.0C,TW=0.81ms,App=2.69ms,GD=0.00ms,CPU&GPU=5.66ms,LCnt=1(DR66,LM0),GPU%=0.27,CPU%=0.31(W0.33),DSF=1.00,CFL=19.57/21.63
11-04 16:36:03.046  1729  1729 D ControllerNotifications: Enabling notifications
11-04 16:36:03.048  1729  1729 I ControllerNotifications: Updating input notifications based on state ConnectedBatteryNormal
11-04 16:36:03.049   749  1104 D AF::Track: interceptBuffer: took 822us to intercept 0 tracks
11-04 16:36:03.289   851  1031 I chatty  : uid=1000(system) Binder:851_1 identical 9 lines
11-04 16:36:03.329   851  1031 W TrackingService: attachClient: found client in attached list
11-04 16:36:03.345   736  6884 I SyncBossInput: [info   ] [jedi (right) 729165a0xxxxxxxx]: 2326858 [info   ] {HPTH}: Set haptics frequency to 0x2159
11-04 16:36:03.375   851  1031 W TrackingService: attachClient: found client in attached list
11-04 16:36:03.711   851  1031 I chatty  : uid=1000(system) Binder:851_1 identical 10 lines
11-04 16:36:03.755   851  1031 W TrackingService: attachClient: found client in attached list
11-04 16:36:03.797   736  6884 I SyncBossHAL: [info   ] syncboss_hal_input_controller.c(195): Controller 729165a0xxxxxxxx battery level changed: 0% -> 80%
11-04 16:36:03.800   851  1031 W TrackingService: attachClient: found client in attached list
11-04 16:36:03.802   736  6883 D SensorService: Syncboss input 729165a0fe4054d7 hardware type 4, subtype 2, revision 0x09
11-04 16:36:03.802   736  6883 I SensorService: preparePairedControllerInfo is adding device with valid 1
11-04 16:36:03.802   736  6883 D SensorService: Syncboss input 86557c336c360320 hardware type 4, subtype 1, revision 0x09
11-04 16:36:03.802   736  6883 I SensorService: preparePairedControllerInfo is adding device with valid 1
11-04 16:36:03.803   736  6883 D SensorService: stateChangeNotifierFunc(): Reporting controller info. Change token: 14, paired=2 connected=2
11-04 16:36:03.803  1707  6889 D OVRRemoteService: processStateChange([PairedControllerInfo JEDI 729165a0fe4054d7 connected mcnt=0])
11-04 16:36:03.803  1707  6889 D OVRRemoteService: processStateChange([PairedControllerInfo JEDI 86557c336c360320 connected mcnt=0])
11-04 16:36:03.843   851  1031 W TrackingService: attachClient: found client in attached list
11-04 16:36:04.002  6712  7048 I VrApi   : FPS=55/72,Prd=60ms,Tear=0,Early=54,Stale=18,VSnc=1,Lat=1,Fov=0,CPU4/GPU=2/3,1171/490MHz,OC=FF,TA=0/70/70,SP=N/F/F,Mem=2092MHz,Free=2390MB,PLS=0,Temp=26.2C/0.0C,TW=0.85ms,App=2.75ms,GD=0.00ms,CPU&GPU=9.13ms,LCnt=1(DR72,LM0),GPU%=0.28,CPU%=0.34(W0.43),DSF=1.00,CFL=19.63/21.55
11-04 16:36:04.109   582   610 I SyncBossFW: 2281095 [info   ] {PERF}: cpu load cur=0.4557 min=0.0511 max=0.4735 avg=0.1960
11-04 16:36:04.381   851  1196 I chatty  : uid=1000(system) Mapper expire 56 lines
11-04 16:36:04.524   841  7029 W [CT]    : BOLTDEPTH: BoltDepthSystem: onPause: The depth system had been paused already
11-04 16:36:04.856   851  1031 I chatty  : uid=1000(system) Binder:851_1 identical 29 lines
11-04 16:36:04.902   851  1031 W TrackingService: attachClient: found client in attached list
11-04 16:36:04.903   851  1490 W TrackingService: attachClient: found client in attached list
11-04 16:36:05.001  6712  7048 I VrApi   : FPS=64/72,Prd=60ms,Tear=0,Early=63,Stale=9,VSnc=1,Lat=1,Fov=0,CPU4/GPU=2/3,1171/490MHz,OC=FF,TA=0/70/70,SP=N/F/F,Mem=2092MHz,Free=2390MB,PLS=0,Temp=26.2C/0.0C,TW=0.81ms,App=2.73ms,GD=0.00ms,CPU&GPU=7.07ms,LCnt=1(DR72,LM0),GPU%=0.27,CPU%=0.18(W0.21),DSF=1.00,CFL=19.81/21.30
11-04 16:36:06.002  6712  7048 I VrApi   : FPS=72/72,Prd=60ms,Tear=0,Early=72,Stale=0,VSnc=1,Lat=1,Fov=0,CPU4/GPU=2/3,1171/490MHz,OC=FF,TA=0/70/70,SP=N/F/F,Mem=2092MHz,Free=2390MB,PLS=0,Temp=26.2C/0.0C,TW=0.83ms,App=2.77ms,GD=0.00ms,CPU&GPU=4.98ms,LCnt=1(DR72,LM0),GPU%=0.28,CPU%=0.31(W0.35),DSF=1.00,CFL=19.64/21.56
11-04 16:36:06.375   851  1490 I chatty  : uid=1000(system) Binder:851_4 identical 40 lines
11-04 16:36:06.419   851  1490 W TrackingService: attachClient: found client in attached list
11-04 16:36:06.422   851  1031 W TrackingService: attachClient: found client in attached list
11-04 16:36:06.849  6064  6132 I chatty  : uid=10033(com.oculus.xrstreamingclient) XRS_Battery expire 2 lines
11-04 16:36:07.002  6712  7048 I VrApi   : FPS=72/72,Prd=60ms,Tear=0,Early=72,Stale=0,VSnc=1,Lat=1,Fov=0,CPU4/GPU=2/3,1171/490MHz,OC=FF,TA=0/70/70,SP=N/F/F,Mem=2092MHz,Free=2390MB,PLS=0,Temp=26.2C/0.0C,TW=0.83ms,App=2.75ms,GD=0.00ms,CPU&GPU=5.49ms,LCnt=1(DR72,LM0),GPU%=0.27,CPU%=0.32(W0.39),DSF=1.00,CFL=19.64/21.37
11-04 16:36:07.022  2954  3032 W OsSdk   : Requested historical tracking state too far in the past; oldest: 2286.037000s, requested: 2280.648472s
11-04 16:36:07.180  6064  6142 I chatty  : uid=10033(com.oculus.xrstreamingclient) SlamAnchorMem expire 407 lines
11-04 16:36:07.187  2954  3032 I GuardianControllerCollisionTracker: Guardian Controller Collision: Magnitude: 5.882, Duration: -1.000 sec, TimeStamp: 2286.455322 sec
11-04 16:36:07.268  6712  6745 D UE4     : EngineMemoryWarningHandler: Mem Used 195.40 MB, Texture Memory 11.67 MB, Render Target memory 146.32 MB, OS Free 2394.11 MB
11-04 16:36:07.876   851  1031 I chatty  : uid=1000(system) Binder:851_1 identical 40 lines
11-04 16:36:07.916   851  1031 W TrackingService: attachClient: found client in attached list
11-04 16:36:07.917   851  1490 W TrackingService: attachClient: found client in attached list
11-04 16:36:08.003  6712  7048 I VrApi   : FPS=72/72,Prd=60ms,Tear=0,Early=72,Stale=0,VSnc=1,Lat=1,Fov=0,CPU4/GPU=2/3,1171/490MHz,OC=FF,TA=0/70/70,SP=N/F/F,Mem=2092MHz,Free=2390MB,PLS=0,Temp=26.2C/0.0C,TW=0.82ms,App=2.77ms,GD=0.00ms,CPU&GPU=5.11ms,LCnt=1(DR72,LM0),GPU%=0.28,CPU%=0.29(W0.35),DSF=1.00,CFL=19.84/21.40
11-04 16:36:08.131   851  1490 I chatty  : uid=1000(system) Binder:851_4 identical 5 lines
11-04 16:36:08.159   851  1490 W TrackingService: attachClient: found client in attached list
11-04 16:36:08.160   851  1031 W TrackingService: attachClient: found client in attached list
11-04 16:36:08.651   851  1031 I chatty  : uid=1000(system) Binder:851_1 identical 12 lines
11-04 16:36:08.698   851  1031 W TrackingService: attachClient: found client in attached list
11-04 16:36:08.702   851  1490 W TrackingService: attachClient: found client in attached list
11-04 16:36:09.002  6712  7048 I VrApi   : FPS=72/72,Prd=60ms,Tear=0,Early=72,Stale=0,VSnc=1,Lat=1,Fov=0,CPU4/GPU=2/3,1171/490MHz,OC=FF,TA=0/70/70,SP=N/F/F,Mem=1555MHz,Free=2390MB,PLS=0,Temp=26.2C/0.0C,TW=0.80ms,App=2.52ms,GD=0.00ms,CPU&GPU=4.86ms,LCnt=1(DR72,LM0),GPU%=0.25,CPU%=0.23(W0.29),DSF=1.00,CFL=19.63/21.56
11-04 16:36:09.174  2208  2566 W DeviceConfigUtil: Try to get config param "oculus_shared_social:oculus_messenger_reauth_removal" before Device Config has subscribed to the service.
11-04 16:36:09.714   851  1490 I chatty  : uid=1000(system) Binder:851_4 identical 26 lines
11-04 16:36:09.757   851  1490 W TrackingService: attachClient: found client in attached list
11-04 16:36:09.758   851  1031 W TrackingService: attachClient: found client in attached list
11-04 16:36:10.002  6712  7048 I VrApi   : FPS=72/72,Prd=60ms,Tear=0,Early=71,Stale=0,VSnc=1,Lat=1,Fov=0,CPU4/GPU=2/3,1171/490MHz,OC=FF,TA=0/70/70,SP=N/F/F,Mem=1804MHz,Free=2390MB,PLS=0,Temp=26.2C/0.0C,TW=0.85ms,App=2.49ms,GD=0.00ms,CPU&GPU=4.68ms,LCnt=1(DR72,LM0),GPU%=0.26,CPU%=0.31(W0.40),DSF=1.00,CFL=19.64/21.40
11-04 16:36:10.266  2954  3032 I GuardianControllerCollisionTracker: Guardian Controller Collision: Magnitude: 5.217, Duration: -1.000 sec, TimeStamp: 2289.541260 sec
11-04 16:36:10.367   851  1031 I chatty  : uid=1000(system) Binder:851_1 identical 19 lines
11-04 16:36:10.407   851  1031 W TrackingService: attachClient: found client in attached list
11-04 16:36:10.409   851  1490 W TrackingService: attachClient: found client in attached list
11-04 16:36:11.002  6712  7048 I VrApi   : FPS=71/72,Prd=59ms,Tear=0,Early=69,Stale=1,VSnc=1,Lat=1,Fov=0,CPU4/GPU=2/3,1171/490MHz,OC=FF,TA=0/70/70,SP=N/F/F,Mem=1804MHz,Free=2390MB,PLS=0,Temp=26.2C/0.0C,TW=0.82ms,App=2.62ms,GD=0.00ms,CPU&GPU=5.11ms,LCnt=1(DR72,LM0),GPU%=0.27,CPU%=0.31(W0.35),DSF=1.00,CFL=19.79/21.60
11-04 16:36:11.100  2954  3032 I GuardianControllerCollisionTracker: Guardian Controller Collision: Magnitude: 35.876, Duration: 0.004 sec, TimeStamp: 2290.364746 sec
11-04 16:36:11.100  2954  3032 I GuardianSystem: Environment Status changed: 34 to 33
11-04 16:36:12.002  6712  7048 I VrApi   : FPS=72/72,Prd=59ms,Tear=0,Early=72,Stale=0,VSnc=1,Lat=1,Fov=0,CPU4/GPU=2/3,1171/490MHz,OC=FF,TA=0/70/70,SP=N/F/F,Mem=1804MHz,Free=2390MB,PLS=0,Temp=26.2C/0.0C,TW=0.85ms,App=2.43ms,GD=0.00ms,CPU&GPU=4.77ms,LCnt=1(DR72,LM0),GPU%=0.25,CPU%=0.29(W0.33),DSF=1.00,CFL=19.65/21.50
11-04 16:36:12.012   851  1490 I chatty  : uid=1000(system) Binder:851_4 identical 47 lines
11-04 16:36:12.050   851  1490 W TrackingService: attachClient: found client in attached list
11-04 16:36:12.051   851  1031 W TrackingService: attachClient: found client in attached list
11-04 16:36:12.102  2954  3032 W OsSdk   : Requested historical tracking state too far in the past; oldest: 2291.120053s, requested: 2280.648472s
11-04 16:36:12.143  2954  3032 I GuardianSystem: Environment Status changed: 33 to 34
11-04 16:36:12.258   851  1031 I chatty  : uid=1000(system) Binder:851_1 identical 5 lines
11-04 16:36:12.288   851  1031 W TrackingService: attachClient: found client in attached list
11-04 16:36:12.289   851  1490 W TrackingService: attachClient: found client in attached list
11-04 16:36:12.411  6712  6747 D UE4     : [GameActivity] Used memory: 393285 (VmRSS:	  200324 kB)
11-04 16:36:13.002  6712  7048 I VrApi   : FPS=72/72,Prd=60ms,Tear=0,Early=72,Stale=0,VSnc=1,Lat=1,Fov=0,CPU4/GPU=2/3,1171/490MHz,OC=FF,TA=0/70/70,SP=N/F/F,Mem=2092MHz,Free=2390MB,PLS=0,Temp=26.2C/0.0C,TW=0.83ms,App=2.61ms,GD=0.00ms,CPU&GPU=4.66ms,LCnt=1(DR72,LM0),GPU%=0.26,CPU%=0.34(W0.38),DSF=1.00,CFL=19.70/21.30
11-04 16:36:13.915  6064  6121 I chatty  : uid=10033(com.oculus.xrstreamingclient) xrsp-rt-read expire 25 lines
11-04 16:36:14.004  6712  7048 I VrApi   : FPS=72/72,Prd=60ms,Tear=0,Early=72,Stale=0,VSnc=1,Lat=1,Fov=0,CPU4/GPU=2/3,1171/490MHz,OC=FF,TA=0/70/70,SP=N/F/F,Mem=2092MHz,Free=2390MB,PLS=0,Temp=26.2C/0.0C,TW=0.77ms,App=2.52ms,GD=0.00ms,CPU&GPU=4.72ms,LCnt=1(DR72,LM0),GPU%=0.25,CPU%=0.30(W0.36),DSF=1.00,CFL=19.53/21.52
11-04 16:36:14.650   851  1490 I chatty  : uid=1000(system) Binder:851_4 identical 68 lines
11-04 16:36:14.664   851  1490 W TrackingService: attachClient: found client in attached list
11-04 16:36:14.665   851  1031 W TrackingService: attachClient: found client in attached list
11-04 16:36:15.002  6712  7048 I VrApi   : FPS=72/72,Prd=59ms,Tear=0,Early=72,Stale=0,VSnc=1,Lat=1,Fov=0,CPU4/GPU=2/3,1171/490MHz,OC=FF,TA=0/70/70,SP=N/F/F,Mem=2092MHz,Free=2390MB,PLS=0,Temp=26.2C/0.0C,TW=0.78ms,App=2.66ms,GD=0.00ms,CPU&GPU=4.77ms,LCnt=1(DR72,LM0),GPU%=0.27,CPU%=0.26(W0.38),DSF=1.00,CFL=19.59/21.51
11-04 16:36:16.003  6712  7048 I VrApi   : FPS=72/72,Prd=59ms,Tear=0,Early=72,Stale=0,VSnc=1,Lat=1,Fov=0,CPU4/GPU=2/3,1171/490MHz,OC=FF,TA=0/70/70,SP=N/F/F,Mem=2092MHz,Free=2390MB,PLS=0,Temp=26.2C/0.0C,TW=0.73ms,App=2.65ms,GD=0.00ms,CPU&GPU=4.77ms,LCnt=1(DR72,LM0),GPU%=0.26,CPU%=0.27(W0.33),DSF=1.00,CFL=19.76/21.42
11-04 16:36:16.545   851  6973 I chatty  : uid=1000(system) CtrllrCam expire 9 lines
11-04 16:36:17.002  6712  7048 I VrApi   : FPS=72/72,Prd=60ms,Tear=0,Early=72,Stale=0,VSnc=1,Lat=1,Fov=0,CPU4/GPU=2/3,1171/490MHz,OC=FF,TA=0/70/70,SP=N/F/F,Mem=2092MHz,Free=2390MB,PLS=0,Temp=26.2C/0.0C,TW=0.74ms,App=2.49ms,GD=0.00ms,CPU&GPU=4.37ms,LCnt=1(DR72,LM0),GPU%=0.25,CPU%=0.26(W0.29),DSF=1.00,CFL=19.62/21.54
11-04 16:36:17.073  2208  3059 E DeviceConfigVersionMapBuilder: Could not get version for com.oculus.vrdriver
11-04 16:36:17.073  2208  3059 E DeviceConfigVersionMapBuilder: Could not get version for com.oculus.reactvrdeviceconfigtest
11-04 16:36:17.076  2208  3059 E DeviceConfigVersionMapBuilder: Could not get version for com.oculus.calendar
11-04 16:36:17.078  2208  3059 E DeviceConfigVersionMapBuilder: Could not get version for com.oculus.realtimeinfra
11-04 16:36:17.078  2208  3059 E DeviceConfigVersionMapBuilder: Could not get version for com.readyatdawn.r15
11-04 16:36:17.079  2208  3059 E DeviceConfigVersionMapBuilder: Could not get version for com.oculus.accountscenter
11-04 16:36:17.079  2208  3059 E DeviceConfigVersionMapBuilder: Could not get version for com.meta.ar.felios.playground
11-04 16:36:17.080  2208  3059 E DeviceConfigVersionMapBuilder: Could not get version for com.meta.ar.arplayground
11-04 16:36:17.080  2208  3059 E DeviceConfigVersionMapBuilder: Could not get version for com.meta.ar.Gallery
11-04 16:36:17.080  2208  3059 E DeviceConfigVersionMapBuilder: Could not get version for com.meta.ar.arshellux
11-04 16:36:17.081  2208  3059 E DeviceConfigVersionMapBuilder: Could not get version for com.meta.ar.arcalling
11-04 16:36:17.082  2208  3059 E DeviceConfigVersionMapBuilder: Could not get version for com.oculus.timer
11-04 16:36:17.082  2208  3059 E DeviceConfigVersionMapBuilder: Could not get version for com.facebook.wearable.system.location.service
11-04 16:36:17.170  2954  3032 W OsSdk   : Requested historical tracking state too far in the past; oldest: 2296.185210s, requested: 2280.648472s
11-04 16:36:18.003  6712  7048 I VrApi   : FPS=72/72,Prd=60ms,Tear=0,Early=72,Stale=0,VSnc=1,Lat=1,Fov=0,CPU4/GPU=2/3,1171/490MHz,OC=FF,TA=0/70/70,SP=N/F/F,Mem=2092MHz,Free=2390MB,PLS=0,Temp=26.2C/0.0C,TW=0.82ms,App=2.70ms,GD=0.00ms,CPU&GPU=5.14ms,LCnt=1(DR72,LM0),GPU%=0.27,CPU%=0.27(W0.37),DSF=1.00,CFL=19.65/21.92
11-04 16:36:18.959   851  1031 I chatty  : uid=1000(system) Binder:851_1 identical 124 lines
11-04 16:36:18.966   851  1031 W TrackingService: attachClient: found client in attached list
11-04 16:36:18.967   851  1490 W TrackingService: attachClient: found client in attached list
11-04 16:36:19.003  6712  7048 I VrApi   : FPS=72/72,Prd=60ms,Tear=0,Early=72,Stale=0,VSnc=1,Lat=1,Fov=0,CPU4/GPU=2/3,1171/490MHz,OC=FF,TA=0/70/70,SP=N/F/F,Mem=2092MHz,Free=2390MB,PLS=0,Temp=26.2C/0.0C,TW=0.78ms,App=2.48ms,GD=0.00ms,CPU&GPU=4.69ms,LCnt=1(DR72,LM0),GPU%=0.25,CPU%=0.32(W0.41),DSF=1.00,CFL=19.68/21.41
11-04 16:36:19.639   851  1490 I chatty  : uid=1000(system) Binder:851_4 identical 19 lines
11-04 16:36:19.682  2208  2566 W DeviceConfigUtil: Try to get config param "oculus_shared_social:oculus_messenger_reauth_removal" before Device Config has subscribed to the service.
11-04 16:36:19.686   851  1490 W TrackingService: attachClient: found client in attached list
11-04 16:36:19.687   851  1031 W TrackingService: attachClient: found client in attached list
11-04 16:36:20.004  6712  7048 I VrApi   : FPS=72/72,Prd=60ms,Tear=0,Early=72,Stale=0,VSnc=1,Lat=1,Fov=0,CPU4/GPU=2/3,1171/490MHz,OC=FF,TA=0/70/70,SP=N/F/F,Mem=2092MHz,Free=2390MB,PLS=0,Temp=26.2C/0.0C,TW=0.81ms,App=2.79ms,GD=0.00ms,CPU&GPU=4.33ms,LCnt=1(DR72,LM0),GPU%=0.28,CPU%=0.38(W0.50),DSF=1.00,CFL=19.82/21.53
11-04 16:36:20.223  2954  3032 I GuardianSystem: UpdateGuardianSystemState: Flags changed: 524288, 532480, SYSTEM_GUARDIAN_VALID to SYSTEM_GUARDIAN_VISIBLE,SYSTEM_GUARDIAN_VALID
11-04 16:36:20.231  2954  3032 W GuardianOpenXrMgr: @@@ wait frame retry=10 dtWait=0.000001 dtFrame=18.920296 submittedFrameIndex=30588
11-04 16:36:20.242  1406  6957 I chatty  : uid=10025(com.oculus.systemdriver) OVR::TimeWarp expire 12 lines
11-04 16:36:20.362   851  1031 I chatty  : uid=1000(system) Binder:851_1 identical 19 lines
11-04 16:36:20.407   851  1031 W TrackingService: attachClient: found client in attached list
11-04 16:36:20.411   851  1490 W TrackingService: attachClient: found client in attached list
11-04 16:36:20.589   851  1490 I chatty  : uid=1000(system) Binder:851_4 identical 5 lines
11-04 16:36:20.634   851  1490 W TrackingService: attachClient: found client in attached list
11-04 16:36:20.635   851  1031 W TrackingService: attachClient: found client in attached list
11-04 16:36:20.667   851  1031 W TrackingService: attachClient: found client in attached list
11-04 16:36:20.708   851  1490 W TrackingService: attachClient: found client in attached list
11-04 16:36:20.799   851  1490 I chatty  : uid=1000(system) Binder:851_4 identical 3 lines
11-04 16:36:20.842   851  1490 W TrackingService: attachClient: found client in attached list
11-04 16:36:20.843   851  1031 W TrackingService: attachClient: found client in attached list
11-04 16:36:20.933  6064  6142 I chatty  : uid=10033(com.oculus.xrstreamingclient) SlamAnchorMem expire 496 lines
11-04 16:36:21.003  6712  7048 I VrApi   : FPS=72/72,Prd=60ms,Tear=0,Early=72,Stale=0,VSnc=1,Lat=1,Fov=0,CPU4/GPU=2/3,1171/490MHz,OC=FF,TA=0/70/70,SP=N/F/F,Mem=2092MHz,Free=2390MB,PLS=0,Temp=26.2C/0.0C,TW=1.69ms,App=2.47ms,GD=0.13ms,CPU&GPU=4.53ms,LCnt=2(DR47,LM2),GPU%=0.33,CPU%=0.34(W0.40),DSF=1.00,CFL=19.61/21.65
11-04 16:36:21.110  1044  2323 D WificondControl: Scan result ready event
11-04 16:36:21.121  1044  1173 D WificondScannerImpl: Filtering out 11 scan results.
11-04 16:36:21.184   851  1031 I chatty  : uid=1000(system) Binder:851_1 identical 9 lines
11-04 16:36:21.215   851  1031 W TrackingService: attachClient: found client in attached list
11-04 16:36:21.262   851  1490 W TrackingService: attachClient: found client in attached list
11-04 16:36:21.404  2954  3348 I Telemetry: App memory usage: PSS=34 MiB, PrivateDirty=25 MiB, PrivateClean=3 MiB, GPU=3.8/4.0 MiB (96% allocated)
11-04 16:36:21.582  2954  3032 I GuardianControllerCollisionTracker: Guardian Controller Collision: Magnitude: 58.369, Duration: 0.002 sec, TimeStamp: 2300.866943 sec
11-04 16:36:21.729   851  1490 I chatty  : uid=1000(system) Binder:851_4 identical 15 lines
11-04 16:36:21.767   851  1490 W TrackingService: attachClient: found client in attached list
11-04 16:36:21.768   851  1031 W TrackingService: attachClient: found client in attached list
11-04 16:36:21.888  2954  3032 I GuardianSystem: UpdateGuardianSystemState: Flags changed: 532480, 524288, SYSTEM_GUARDIAN_VISIBLE,SYSTEM_GUARDIAN_VALID to SYSTEM_GUARDIAN_VALID
11-04 16:36:21.975   851  1031 I chatty  : uid=1000(system) Binder:851_1 identical 5 lines
11-04 16:36:22.003  6712  7048 I VrApi   : FPS=72/72,Prd=60ms,Tear=0,Early=72,Stale=0,VSnc=1,Lat=1,Fov=0,CPU4/GPU=2/3,1171/490MHz,OC=FF,TA=0/70/70,SP=N/F/F,Mem=2092MHz,Free=2390MB,PLS=0,Temp=26.2C/0.0C,TW=1.68ms,App=2.61ms,GD=0.12ms,CPU&GPU=4.97ms,LCnt=2(DR0,LM2),GPU%=0.34,CPU%=0.33(W0.36),DSF=1.00,CFL=19.70/21.36
11-04 16:36:22.014   851  1031 W TrackingService: attachClient: found client in attached list
11-04 16:36:22.023   851  1490 W TrackingService: attachClient: found client in attached list
11-04 16:36:22.385  1824  3399 I Telemetry: App memory usage: PSS=23 MiB, PrivateDirty=17 MiB, PrivateClean=1 MiB, GPU=3.3/3.5 MiB (95% allocated)
11-04 16:36:22.534  2954  3032 W OsSdk   : Requested historical tracking state too far in the past; oldest: 2301.546247s, requested: 2301.267413s
11-04 16:36:22.542   851  6965 I chatty  : uid=1000(system) IOTcam expire 26 lines
11-04 16:36:22.577  6712  6747 D UE4     : [GameActivity] Used memory: 393605 (VmRSS:	  200952 kB)
11-04 16:36:23.007  6712  7048 I Telemetry: App memory usage: PSS=384 MiB, PrivateDirty=235 MiB, PrivateClean=135 MiB, GPU=100.6/100.8 MiB (100% allocated)
11-04 16:36:23.010  6712  7048 I VrApi   : FPS=72/72,Prd=59ms,Tear=0,Early=72,Stale=0,VSnc=1,Lat=1,Fov=0,CPU4/GPU=2/3,1171/490MHz,OC=FF,TA=0/70/70,SP=N/F/F,Mem=2092MHz,Free=2399MB,PLS=0,Temp=26.2C/0.0C,TW=0.76ms,App=2.61ms,GD=0.00ms,CPU&GPU=5.01ms,LCnt=1(DR49,LM0),GPU%=0.26,CPU%=0.24(W0.30),DSF=1.00,CFL=19.95/21.62
11-04 16:36:23.223   851  1196 I chatty  : uid=1000(system) Mapper expire 19 lines
11-04 16:36:24.003  6712  7048 I VrApi   : FPS=72/72,Prd=59ms,Tear=0,Early=72,Stale=0,VSnc=1,Lat=1,Fov=0,CPU4/GPU=2/3,1171/490MHz,OC=FF,TA=0/70/70,SP=N/F/F,Mem=2092MHz,Free=2399MB,PLS=0,Temp=26.2C/0.0C,TW=0.76ms,App=2.63ms,GD=0.00ms,CPU&GPU=4.81ms,LCnt=1(DR72,LM0),GPU%=0.26,CPU%=0.25(W0.30),DSF=1.00,CFL=19.74/21.47
11-04 16:36:24.340   851  1490 I chatty  : uid=1000(system) Binder:851_4 identical 68 lines
11-04 16:36:24.379   851  1490 W TrackingService: attachClient: found client in attached list
11-04 16:36:24.381   851  1031 W TrackingService: attachClient: found client in attached list
11-04 16:36:24.624  2954  3032 I GuardianSystem: UpdateGuardianSystemState: Flags changed: 524288, 532480, SYSTEM_GUARDIAN_VALID to SYSTEM_GUARDIAN_VISIBLE,SYSTEM_GUARDIAN_VALID
11-04 16:36:24.632  2954  3032 W GuardianOpenXrMgr: @@@ wait frame retry=10 dtWait=0.000001 dtFrame=2.701889 submittedFrameIndex=30712
11-04 16:36:24.884   851  1031 I chatty  : uid=1000(system) Binder:851_1 identical 13 lines
11-04 16:36:24.886   851  1031 W TrackingService: attachClient: found client in attached list
11-04 16:36:24.895  2954  3032 I GuardianSystem: UpdateGuardianSystemState: Flags changed: 532480, 524288, SYSTEM_GUARDIAN_VISIBLE,SYSTEM_GUARDIAN_VALID to SYSTEM_GUARDIAN_VALID
11-04 16:36:24.914   851  1490 W TrackingService: attachClient: found client in attached list
11-04 16:36:25.003  6712  7048 I VrApi   : FPS=72/72,Prd=60ms,Tear=0,Early=72,Stale=0,VSnc=1,Lat=1,Fov=0,CPU4/GPU=2/3,1171/490MHz,OC=FF,TA=0/70/70,SP=N/F/F,Mem=2092MHz,Free=2399MB,PLS=0,Temp=26.2C/0.0C,TW=0.77ms,App=2.36ms,GD=0.00ms,CPU&GPU=4.56ms,LCnt=1(DR72,LM0),GPU%=0.24,CPU%=0.17(W0.25),DSF=1.00,CFL=19.64/21.52
11-04 16:36:25.791   851  1490 I chatty  : uid=1000(system) Binder:851_4 identical 25 lines
11-04 16:36:25.837   851  1490 W TrackingService: attachClient: found client in attached list
11-04 16:36:25.838   851  1031 W TrackingService: attachClient: found client in attached list
11-04 16:36:26.005  6712  7048 I VrApi   : FPS=72/72,Prd=60ms,Tear=0,Early=72,Stale=0,VSnc=1,Lat=1,Fov=0,CPU4/GPU=2/3,1171/490MHz,OC=FF,TA=0/70/70,SP=N/F/F,Mem=2092MHz,Free=2399MB,PLS=0,Temp=26.2C/0.0C,TW=0.78ms,App=2.35ms,GD=0.00ms,CPU&GPU=4.24ms,LCnt=1(DR53,LM0),GPU%=0.24,CPU%=0.27(W0.29),DSF=1.00,CFL=19.73/21.65
11-04 16:36:26.806   851  1031 I chatty  : uid=1000(system) Binder:851_1 identical 26 lines
11-04 16:36:26.849   851  1031 W TrackingService: attachClient: found client in attached list
11-04 16:36:26.850   851  1490 W TrackingService: attachClient: found client in attached list
11-04 16:36:27.003  6712  7048 I VrApi   : FPS=72/72,Prd=60ms,Tear=0,Early=72,Stale=0,VSnc=1,Lat=1,Fov=0,CPU4/GPU=2/3,1171/490MHz,OC=FF,TA=0/70/70,SP=N/F/F,Mem=2092MHz,Free=2399MB,PLS=0,Temp=26.2C/0.0C,TW=0.78ms,App=2.34ms,GD=0.00ms,CPU&GPU=4.11ms,LCnt=1(DR72,LM0),GPU%=0.24,CPU%=0.25(W0.29),DSF=1.00,CFL=19.60/21.53
11-04 16:36:27.349   851  1490 I chatty  : uid=1000(system) Binder:851_4 identical 14 lines
11-04 16:36:27.374   851  1490 W TrackingService: attachClient: found client in attached list
11-04 16:36:27.419   851  1031 W TrackingService: attachClient: found client in attached list
11-04 16:36:27.652   851  1031 I chatty  : uid=1000(system) Binder:851_1 identical 7 lines
11-04 16:36:27.689   851  1031 W TrackingService: attachClient: found client in attached list
11-04 16:36:27.690  2954  3032 W OsSdk   : Requested historical tracking state too far in the past; oldest: 2306.701126s, requested: 2304.274631s
11-04 16:36:27.729   851  1490 W TrackingService: attachClient: found client in attached list
11-04 16:36:28.003   851  1490 I chatty  : uid=1000(system) Binder:851_4 identical 8 lines
11-04 16:36:28.003  6712  7048 I VrApi   : FPS=72/72,Prd=60ms,Tear=0,Early=72,Stale=0,VSnc=1,Lat=1,Fov=0,CPU4/GPU=2/3,1171/490MHz,OC=FF,TA=0/70/70,SP=N/F/F,Mem=2092MHz,Free=2399MB,PLS=0,Temp=26.2C/0.0C,TW=0.79ms,App=2.34ms,GD=0.00ms,CPU&GPU=4.12ms,LCnt=1(DR72,LM0),GPU%=0.24,CPU%=0.25(W0.30),DSF=1.00,CFL=19.61/21.35
11-04 16:36:28.046   851  1490 W TrackingService: attachClient: found client in attached list
11-04 16:36:28.047   851  1031 W TrackingService: attachClient: found client in attached list
11-04 16:36:28.519  1406  2649 I chatty  : uid=10025(com.oculus.systemdriver) ClientRequest expire 7 lines
11-04 16:36:29.003  6712  7048 I VrApi   : FPS=72/72,Prd=60ms,Tear=0,Early=72,Stale=0,VSnc=1,Lat=1,Fov=0,CPU4/GPU=2/3,1171/490MHz,OC=FF,TA=0/70/70,SP=N/F/F,Mem=2092MHz,Free=2399MB,PLS=0,Temp=26.2C/0.0C,TW=0.79ms,App=2.33ms,GD=0.00ms,CPU&GPU=4.11ms,LCnt=1(DR72,LM0),GPU%=0.24,CPU%=0.34(W0.35),DSF=1.00,CFL=19.72/21.47
11-04 16:36:29.509  1635  7123 W ContextImpl: Calling a method in the system process without a qualified user: android.app.ContextImpl.sendBroadcast:1057 android.content.ContextWrapper.sendBroadcast:448 X.o0.A00:133 X.nZ.A00:17 X.nZ.handleMessage:91 
11-04 16:36:29.700  2954  3032 I GuardianControllerCollisionTracker: Guardian Controller Collision: Magnitude: 73.562, Duration: 0.015 sec, TimeStamp: 2308.968018 sec
11-04 16:36:29.959  1635  7126 W ContextImpl: Calling a method in the system process without a qualified user: android.app.ContextImpl.sendBroadcast:1057 android.content.ContextWrapper.sendBroadcast:448 X.o0.A00:133 X.nZ.A00:17 X.nZ.handleMessage:91 
11-04 16:36:30.003  6712  7048 I VrApi   : FPS=72/72,Prd=60ms,Tear=0,Early=72,Stale=0,VSnc=1,Lat=1,Fov=0,CPU4/GPU=2/3,1171/490MHz,OC=FF,TA=0/70/70,SP=N/F/F,Mem=2092MHz,Free=2399MB,PLS=0,Temp=26.2C/0.0C,TW=0.78ms,App=2.56ms,GD=0.00ms,CPU&GPU=4.28ms,LCnt=1(DR72,LM0),GPU%=0.26,CPU%=0.34(W0.36),DSF=1.00,CFL=19.59/21.80
11-04 16:36:30.352  2208  2566 W DeviceConfigUtil: Try to get config param "oculus_shared_social:oculus_messenger_reauth_removal" before Device Config has subscribed to the service.
11-04 16:36:30.510   851  1031 I chatty  : uid=1000(system) Binder:851_1 identical 68 lines
11-04 16:36:30.556   851  1031 W TrackingService: attachClient: found client in attached list
11-04 16:36:30.558   851  1490 W TrackingService: attachClient: found client in attached list
11-04 16:36:30.991   851  1490 I chatty  : uid=1000(system) Binder:851_4 identical 12 lines
11-04 16:36:31.004  6712  7048 I VrApi   : FPS=72/72,Prd=60ms,Tear=0,Early=72,Stale=0,VSnc=1,Lat=1,Fov=0,CPU4/GPU=2/3,1171/490MHz,OC=FF,TA=0/70/70,SP=N/F/F,Mem=2092MHz,Free=2399MB,PLS=0,Temp=26.2C/0.0C,TW=0.78ms,App=2.54ms,GD=0.00ms,CPU&GPU=4.63ms,LCnt=1(DR72,LM0),GPU%=0.25,CPU%=0.31(W0.33),DSF=1.00,CFL=19.70/21.64
11-04 16:36:31.032   851  1490 W TrackingService: attachClient: found client in attached list
11-04 16:36:31.034   851  1031 W TrackingService: attachClient: found client in attached list
11-04 16:36:31.443   851  1031 I chatty  : uid=1000(system) Binder:851_1 identical 12 lines
11-04 16:36:31.488   851  1031 W TrackingService: attachClient: found client in attached list
11-04 16:36:31.490   851  1490 W TrackingService: attachClient: found client in attached list
11-04 16:36:32.005  6712  7048 I VrApi   : FPS=72/72,Prd=60ms,Tear=0,Early=72,Stale=0,VSnc=1,Lat=1,Fov=0,CPU4/GPU=2/3,1171/490MHz,OC=FF,TA=0/70/70,SP=N/F/F,Mem=2092MHz,Free=2399MB,PLS=0,Temp=26.2C/0.0C,TW=0.78ms,App=2.52ms,GD=0.00ms,CPU&GPU=4.49ms,LCnt=1(DR72,LM0),GPU%=0.25,CPU%=0.24(W0.32),DSF=1.00,CFL=19.71/21.42
11-04 16:36:32.151   851  1490 I chatty  : uid=1000(system) Binder:851_4 identical 19 lines
11-04 16:36:32.166   851  1490 W TrackingService: attachClient: found client in attached list
11-04 16:36:32.168   851  1031 W TrackingService: attachClient: found client in attached list
11-04 16:36:32.350   851  1031 I chatty  : uid=1000(system) Binder:851_1 identical 5 lines
11-04 16:36:32.396   851  1031 W TrackingService: attachClient: found client in attached list
11-04 16:36:32.398   851  1490 W TrackingService: attachClient: found client in attached list
11-04 16:36:32.572   851  1490 I chatty  : uid=1000(system) Binder:851_4 identical 5 lines
11-04 16:36:32.620   851  1490 W TrackingService: attachClient: found client in attached list
11-04 16:36:32.624   851  1031 W TrackingService: attachClient: found client in attached list
11-04 16:36:32.743  2954  3032 W OsSdk   : Requested historical tracking state too far in the past; oldest: 2311.757427s, requested: 2304.274631s
11-04 16:36:32.757  6712  6747 D UE4     : [GameActivity] Used memory: 393516 (VmRSS:	  201140 kB)
11-04 16:36:33.004  6712  7048 I VrApi   : FPS=72/72,Prd=60ms,Tear=0,Early=72,Stale=0,VSnc=1,Lat=1,Fov=0,CPU4/GPU=2/3,1171/490MHz,OC=FF,TA=0/70/70,SP=N/F/F,Mem=2092MHz,Free=2399MB,PLS=0,Temp=26.2C/0.0C,TW=0.78ms,App=2.53ms,GD=0.00ms,CPU&GPU=4.46ms,LCnt=1(DR72,LM0),GPU%=0.25,CPU%=0.27(W0.29),DSF=1.00,CFL=19.64/21.38
11-04 16:36:33.360   851  1031 I chatty  : uid=1000(system) Binder:851_1 identical 19 lines
11-04 16:36:33.368   851  6965 I chatty  : uid=1000(system) IOTcam expire 19 lines
11-04 16:36:33.407   851  1031 W TrackingService: attachClient: found client in attached list
11-04 16:36:33.409   851  1490 W TrackingService: attachClient: found client in attached list
11-04 16:36:34.004  6712  7048 I VrApi   : FPS=72/72,Prd=60ms,Tear=0,Early=72,Stale=0,VSnc=1,Lat=1,Fov=0,CPU4/GPU=2/3,1171/490MHz,OC=FF,TA=0/70/70,SP=N/F/F,Mem=2092MHz,Free=2399MB,PLS=0,Temp=26.2C/0.0C,TW=0.78ms,App=2.51ms,GD=0.00ms,CPU&GPU=4.62ms,LCnt=1(DR72,LM0),GPU%=0.25,CPU%=0.23(W0.29),DSF=1.00,CFL=19.68/21.34
11-04 16:36:34.362   851  1490 I chatty  : uid=1000(system) Binder:851_4 identical 26 lines
11-04 16:36:34.406   851  1490 W TrackingService: attachClient: found client in attached list
11-04 16:36:34.408   851  1031 W TrackingService: attachClient: found client in attached list
11-04 16:36:35.004  6712  7048 I VrApi   : FPS=72/72,Prd=60ms,Tear=0,Early=72,Stale=0,VSnc=1,Lat=1,Fov=0,CPU4/GPU=2/3,1171/490MHz,OC=FF,TA=0/70/70,SP=N/F/F,Mem=2092MHz,Free=2399MB,PLS=0,Temp=26.2C/0.0C,TW=0.78ms,App=2.45ms,GD=0.00ms,CPU&GPU=4.34ms,LCnt=1(DR72,LM0),GPU%=0.25,CPU%=0.27(W0.32),DSF=1.00,CFL=19.68/21.60
11-04 16:36:35.856   851  1031 I chatty  : uid=1000(system) Binder:851_1 identical 40 lines
11-04 16:36:35.899   851  1031 W TrackingService: attachClient: found client in attached list
11-04 16:36:35.902   851  1490 W TrackingService: attachClient: found client in attached list
11-04 16:36:35.949   851  1031 W TrackingService: attachClient: found client in attached list
11-04 16:36:36.004  6712  7048 I VrApi   : FPS=72/72,Prd=60ms,Tear=0,Early=72,Stale=0,VSnc=1,Lat=1,Fov=0,CPU4/GPU=2/3,1171/490MHz,OC=FF,TA=0/70/70,SP=N/F/F,Mem=2092MHz,Free=2399MB,PLS=0,Temp=26.2C/0.0C,TW=0.76ms,App=2.48ms,GD=0.00ms,CPU&GPU=4.34ms,LCnt=1(DR72,LM0),GPU%=0.25,CPU%=0.23(W0.29),DSF=1.00,CFL=19.60/21.53
11-04 16:36:36.584  2954  3032 I GuardianControllerCollisionTracker: Guardian Controller Collision: Magnitude: 57.783, Duration: 0.004 sec, TimeStamp: 2315.847168 sec
11-04 16:36:37.005  6712  7048 I VrApi   : FPS=72/72,Prd=60ms,Tear=0,Early=72,Stale=0,VSnc=1,Lat=1,Fov=0,CPU4/GPU=2/3,1171/490MHz,OC=FF,TA=0/70/70,SP=N/F/F,Mem=2092MHz,Free=2399MB,PLS=0,Temp=26.2C/0.0C,TW=0.75ms,App=2.49ms,GD=0.00ms,CPU&GPU=4.54ms,LCnt=1(DR72,LM0),GPU%=0.25,CPU%=0.27(W0.32),DSF=1.00,CFL=19.61/21.87
11-04 16:36:37.669   851  1031 I chatty  : uid=1000(system) Binder:851_1 identical 53 lines
11-04 16:36:37.712   851  1031 W TrackingService: attachClient: found client in attached list
11-04 16:36:37.713   851  1490 W TrackingService: attachClient: found client in attached list
11-04 16:36:37.822  2954  3032 W OsSdk   : Requested historical tracking state too far in the past; oldest: 2316.840655s, requested: 2304.274631s
11-04 16:36:38.005  6712  7048 I VrApi   : FPS=72/72,Prd=59ms,Tear=0,Early=72,Stale=0,VSnc=1,Lat=1,Fov=0,CPU4/GPU=2/3,1171/490MHz,OC=FF,TA=0/70/70,SP=N/F/F,Mem=2092MHz,Free=2399MB,PLS=0,Temp=26.2C/0.0C,TW=0.74ms,App=2.57ms,GD=0.00ms,CPU&GPU=4.70ms,LCnt=1(DR72,LM0),GPU%=0.26,CPU%=0.28(W0.30),DSF=1.00,CFL=19.62/21.32
11-04 16:36:38.199  6064  6142 I chatty  : uid=10033(com.oculus.xrstreamingclient) SlamAnchorMem expire 197 lines
11-04 16:36:38.370   851  1490 I chatty  : uid=1000(system) Binder:851_4 identical 19 lines
11-04 16:36:38.417   851  1490 W TrackingService: attachClient: found client in attached list
11-04 16:36:38.419   851  1031 W TrackingService: attachClient: found client in attached list
11-04 16:36:38.493  1044  1072 W ActivityManager: Stopping service due to app idle: u0a71 -1m10s4ms com.oculus.appsafety/.AppSafetyService
11-04 16:36:38.496  3218  3218 D AppSafetyService: Service stopping
11-04 16:36:38.497  1044  2323 I ActivityManager: Killing 5123:com.oculus.fitnesstracker/u0a86 (adj 999): empty for 1873s
11-04 16:36:38.519   690   690 I Zygote  : Process 5123 exited due to signal 9 (Killed)
11-04 16:36:38.543  1044  1074 I libprocessgroup: Successfully killed process cgroup uid 10086 pid 5123 in 44ms
11-04 16:36:39.004  6712  7048 I VrApi   : FPS=72/72,Prd=59ms,Tear=0,Early=72,Stale=0,VSnc=1,Lat=1,Fov=0,CPU4/GPU=2/3,1171/490MHz,OC=FF,TA=0/70/70,SP=N/F/F,Mem=2092MHz,Free=2399MB,PLS=0,Temp=26.2C/0.0C,TW=0.75ms,App=2.56ms,GD=0.00ms,CPU&GPU=4.70ms,LCnt=1(DR72,LM0),GPU%=0.26,CPU%=0.30(W0.33),DSF=1.00,CFL=19.89/21.53
11-04 16:36:39.033  6064  6121 I chatty  : uid=10033(com.oculus.xrstreamingclient) xrsp-rt-read expire 10 lines
11-04 16:36:39.871   851  1031 I chatty  : uid=1000(system) Binder:851_1 identical 40 lines
11-04 16:36:39.909   851  1031 W TrackingService: attachClient: found client in attached list
11-04 16:36:39.910   851  1490 W TrackingService: attachClient: found client in attached list
11-04 16:36:40.004  6712  7048 I VrApi   : FPS=72/72,Prd=59ms,Tear=0,Early=72,Stale=0,VSnc=1,Lat=1,Fov=0,CPU4/GPU=2/3,1171/490MHz,OC=FF,TA=0/70/70,SP=N/F/F,Mem=2092MHz,Free=2399MB,PLS=0,Temp=26.2C/0.0C,TW=0.75ms,App=2.47ms,GD=0.00ms,CPU&GPU=4.73ms,LCnt=1(DR72,LM0),GPU%=0.25,CPU%=0.26(W0.35),DSF=1.00,CFL=19.68/21.55
11-04 16:36:40.540  6712  6745 I VrRuntimeClient: SyncInternalGuardianState: GetGuardianPolygon: 0
11-04 16:36:40.883  2208  2566 W DeviceConfigUtil: Try to get config param "oculus_shared_social:oculus_messenger_reauth_removal" before Device Config has subscribed to the service.
11-04 16:36:41.004  6712  7048 I VrApi   : FPS=72/72,Prd=60ms,Tear=0,Early=72,Stale=0,VSnc=1,Lat=1,Fov=0,CPU4/GPU=2/3,1171/490MHz,OC=FF,TA=0/70/70,SP=N/F/F,Mem=2092MHz,Free=2399MB,PLS=0,Temp=26.2C/0.0C,TW=0.77ms,App=2.48ms,GD=0.00ms,CPU&GPU=4.36ms,LCnt=1(DR72,LM0),GPU%=0.25,CPU%=0.22(W0.25),DSF=1.00,CFL=19.54/21.39
11-04 16:36:41.405  2954  3348 I Telemetry: App memory usage: PSS=34 MiB, PrivateDirty=25 MiB, PrivateClean=3 MiB, GPU=3.8/4.0 MiB (96% allocated)
11-04 16:36:42.004  6712  7048 I VrApi   : FPS=72/72,Prd=60ms,Tear=0,Early=72,Stale=0,VSnc=1,Lat=1,Fov=0,CPU4/GPU=2/3,1171/490MHz,OC=FF,TA=0/70/70,SP=N/F/F,Mem=2092MHz,Free=2399MB,PLS=0,Temp=26.2C/0.0C,TW=0.80ms,App=2.55ms,GD=0.00ms,CPU&GPU=5.72ms,LCnt=1(DR72,LM0),GPU%=0.26,CPU%=0.26(W0.32),DSF=1.00,CFL=19.74/21.45
11-04 16:36:42.378  2954  3032 I GuardianSystem: UpdateGuardianSystemState: Flags changed: 524288, 532480, SYSTEM_GUARDIAN_VALID to SYSTEM_GUARDIAN_VISIBLE,SYSTEM_GUARDIAN_VALID
11-04 16:36:42.386  2954  3032 W GuardianOpenXrMgr: @@@ wait frame retry=10 dtWait=0.000001 dtFrame=17.449321 submittedFrameIndex=30735
