02-08 21:41:21.610  3371  3418 I [CT]    : MIXEDREALITY: MrServiceView: renderIteration: Nothing to render, hibernating the rendering thread since ID is off and no active PT layers.
02-08 21:41:21.610  3371  3418 I [CT]    : MIXEDREALITY: MrServiceModel: Hibernating caller (most likely rendering thread) due to commandQueue being empty.
02-08 21:41:21.610  3835  3880 I [OAO] VrPlatformOpenXr: EndSession MrServiceClient EndSession passed
02-08 21:41:21.610  3835  3880 I [OAO] VrPlatformOpenXr: EndSession calling xrEndSession
02-08 21:41:21.610  3835  3880 I OpenXR  : ------------ xrEndSession [start] -----------
02-08 21:41:21.610  3835  3880 I XrRuntimeUtils: XrRuntimeUtils::EndSession
02-08 21:41:21.617   765   979 W AudioFlinger: createTrack_l(): mismatch between requested flags (00000104) and output flags (00000006)
02-08 21:41:21.617   765   979 D AudioFlinger: Client defaulted notificationFrames to 192 for frameCount 384
02-08 21:41:21.617  3835  3835 I [OAO] VrNotificationListenerService: onNotificationPosted() - key = 0|android|0|com.android.server.wm.AlertWindowNotification - com.oculus.vrshell|1000, type = third_party, isToast = false, isBlocked with reason = true Blocked by does not contain all markers for a toast notification
02-08 21:41:21.617  3835  3835 D [OAO] BaseOverlayService: detachServiceWindowView
02-08 21:41:21.618   765   979 D AF::TrackHandle: OpPlayAudio: track:244 uid:10020 pkg:com.oculus.vrshell usage:1 not muted
02-08 21:41:21.618  2149  3206 E OVRMediaServiceManager: LivestreamingManager Not initialized
02-08 21:41:21.620  2024 20102 I CompositorVR: WarpToScreen: Skipping frames for 25
02-08 21:41:21.621  3797  4689 I AudioTrack: createTrack_l(1): AUDIO_OUTPUT_FLAG_FAST successful; frameCount 0 -> 384
02-08 21:41:21.624  1535  1535 V AvrcpMediaPlayerList: onPlaybackConfigChanged(): Configs list size=15
02-08 21:41:21.628  1804  1804 D OculusNotificationListenerService: Notification removed: 0|android|0|com.android.server.wm.AlertWindowNotification - com.oculus.vrshell|1000
02-08 21:41:21.631  2024 20102 I CompositorVR: WarpToScreen: Skipping frames for 25
02-08 21:41:21.633  3835  3880 D VrApi   : targetSDKVersion 29
02-08 21:41:21.642  2024 20102 I CompositorVR: WarpToScreen: Skipping frames for 25
02-08 21:41:21.642  3835  3835 D [OAO] BaseOverlayService: setOverlayInputFocus : completed - inputFocus=false shouldSupportIME=false actionTaken:true
02-08 21:41:21.642  3835  3835 I [OAO] VrNotificationListenerService: onNotificationRemoved() - key = 0|android|0|com.android.server.wm.AlertWindowNotification - com.oculus.vrshell|1000, type = third_party
02-08 21:41:21.642  3835  3835 D VrNotificationAnalytics: logNotificationRemoved(third_party)
02-08 21:41:21.651  3835  3880 I VrRuntimeClient: DEVICE MODEL NUMBER = Quest 2
02-08 21:41:21.651  3835  3880 I VrRuntimeClient: DEVICE BUILD NAME = user-49882890192000150
02-08 21:41:21.651  3835  3880 I VrRuntimeClient: DEVICE BUILD TYPE = user
02-08 21:41:21.651  3835  3880 I VrRuntimeClient: DEVICE OS VERSION = 10
02-08 21:41:21.651  3835  3880 I VrRuntimeClient: API LOADER VERSION = 1.0.25
02-08 21:41:21.651  3835  3880 I VrRuntimeClient: RUNTIME API VERSION = 1.0.25
02-08 21:41:21.651  3835  3880 I VrRuntimeClient: RUNTIME VERSION = 49.0.0.186.357 Jan 21 2023 14:22:25 RELEASE
02-08 21:41:21.651  3835  3880 I VrRuntimeClient: APP NAME = Oculus App Runtime
02-08 21:41:21.651  3835  3880 I VrRuntimeClient: APP VERSION = 49.0.0.186.358 versionCode 440026826 internalVersionName 49.0.0.186.358.8b032e9b092a 2023_01_21_14_22
02-08 21:41:21.651  3835  3880 I VrRuntimeClient: APP VR TYPE = vr_only
02-08 21:41:21.651  3835  3880 I VrRuntimeClient: APP MODE TYPE = VR
02-08 21:41:21.651  3835  3880 I VrRuntimeClient: APP PACKAGE NAME = com.oculus.vrshell
02-08 21:41:21.651  3835  3880 I VrRuntimeClient: APP ACTIVITY CLASS = com.oculus.vrshell.ShellOverlayService
02-08 21:41:21.653  2024 20102 I CompositorVR: WarpToScreen: Skipping frames for 25
02-08 21:41:21.654  3835  3880 D BatteryReceiver: Unregistering battery receiver
02-08 21:41:21.654  3835  3880 I Sensor  : OSSDKTRACKING Shutdown tracking
02-08 21:41:21.654  3835  3880 I LogTimer: CPUTIME: VrRuntimeClient_EndSession took 43.2917 ms
02-08 21:41:21.654  2149  2532 I OVRMediaService: onStartCommand Received message type: overlay_input_focus_change, caller package: com.oculus.vrshell, app identify: AppIdentity{uid=10020, packageNames=[com.oculus.vrshell], sha1=MxZgtt071YLz39PLrkVGckZooCE, sha2=3C-DTjwZQjeLFPB2yCzRq1nqZWa_9HMLIEfpjvyfna8, version=null, domain=null}
02-08 21:41:21.657  3797  4689 D [SEO] ShellApplication: requestAudioFocus, transientFocus=false
02-08 21:41:21.658  3797  4689 W AudioManager: Use of stream types is deprecated for operations other than volume control
02-08 21:41:21.658  3797  4689 W AudioManager: See the documentation of requestAudioFocus() for what to use instead with android.media.AudioAttributes to qualify your playback use case
02-08 21:41:21.658  1029  5317 I MediaFocusControl: requestAudioFocus() from uid/pid 10020/3797 clientId=android.media.AudioManager@e4f576dcom.oculus.vrshell.ShellAudioFocusHandler@fb99fa2 callingPack=com.oculus.vrshell req=1 flags=0x0 sdk=29
02-08 21:41:21.659  1029  5317 D PreferencesStoreManager: xros_audio_enable_background_audio_playback value retrieved from preference store: false
02-08 21:41:21.659  3797  4689 I [SEO] AudioSystem: Got audio focus : 1
02-08 21:41:21.659  2149  2532 I OVRMediaService: Received OVERLAY_INPUT_FOCUS_CHANGE. is focused: false
02-08 21:41:21.662  3797  4689 I [SEO] EnvironmentManagerUtilities: Skipping entitlement check for sideloaded environment apk://com.environment.matrixloadingvoid/assets/scene.zip.
02-08 21:41:21.662  3797  4689 I [SEO] LocalSpace: ResetNextFrame
02-08 21:41:21.662  3797  4689 I [SEO] SystemAssistant: OnModeChanged from ImmersiveAppFocused to FullShell
02-08 21:41:21.662  3089  4728 I VrGuardianService: GuardianSDKServer::OnShellVrModeChangeReq: enterVrMode: 1, isShell: 1
02-08 21:41:21.662  3797  4689 I [SEO] LocalSpace: EnterVrMode: Setting local pose state.
02-08 21:41:21.662  3797  4689 I OpenXR_Hands: ------------ xrGetHandMeshFB -----------
02-08 21:41:21.662  3797  4689 I OpenXR_Hands: ------------ xrGetHandMeshFB -----------
02-08 21:41:21.662  3797  4689 D VrRuntimeClient: loadDriverResource - resourceName: 'hand_left' 
02-08 21:41:21.664  2024 20102 I CompositorVR: WarpToScreen: Skipping frames for 25
02-08 21:41:21.665  3797  4689 I OpenXR_Hands: ------------ xrGetHandMeshFB -----------
02-08 21:41:21.665  3797  4689 I OpenXR_Hands: ------------ xrGetHandMeshFB -----------
02-08 21:41:21.665  3797  4689 D VrRuntimeClient: loadDriverResource - resourceName: 'hand_left' 
02-08 21:41:21.666  3835  3880 I VrApi   : OVR::Stats thread stopped
02-08 21:41:21.666  3835  3880 I InputDeviceManager: ovrInputDeviceManager::~ovrInputDeviceManager
02-08 21:41:21.666  3835  3880 I InputDevice_TrackedRemote: OSSDKTRACKING shutting down Haptics
02-08 21:41:21.666  3835  3880 I InputDevice_TrackedRemote: OSSDKTRACKING shutting down Haptics
02-08 21:41:21.666  3835  3880 I OSHandDataQuerier: OSSDKTRACKING shutting down HandsTracker
02-08 21:41:21.666  3835  3880 I OSHandDataQuerier: OSSDKTRACKING shutting down HandsTracker
02-08 21:41:21.668  3797  4689 I [SEO] ShellTransitionState: Logging ShellTransitionState to dumpsys: {"state":"Resuming frame loop","timeMillis":"17597032"}
02-08 21:41:21.668  3797  4689 I [SEO] LocalSpace: Reset - initialRawFromLocalPose: quat(-0.106954, -0.082085, -0.018948, 0.990688), translation(-0.070670, -0.054441, 0.075847)
02-08 21:41:21.668  3797  4689 I [SEO] LocalSpace: Applying VRAPI Reorient, the reorient reason is 3
02-08 21:41:21.668  2024  3830 I VrRuntimeService: RuntimeServiceSDKServer::RecenterLocalSpace
02-08 21:41:21.668  2024  3830 I VrRuntimeService: RuntimeServiceSDKServer::RecenterLocalSpaceInternal
02-08 21:41:21.668  2024  3830 I VrRuntimeServer: UpdateLocalSpace: Src: 2, Version: 75, VersionUser: 0, RawFloorHeightOld: -1.417369, RawFloorHeightNew: -1.417369
02-08 21:41:21.672  4614  4643 I Clay    : xrPollEvent: REFERENCE_SPACE_CHANGE_PENDING
02-08 21:41:21.675  3797  4689 I [SEO] PanelAppOSLifecycleNotificationManager: Sending frameState isForeground:0 to OS for app com.oculus.systemux/com.oculus.panelapp.anytimeui.AnytimeUIAndroidPanelService
02-08 21:41:21.675  2024 20102 I CompositorVR: WarpToScreen: Skipping frames for 25
02-08 21:41:21.677  3835 20843 I ClientInputThread_Internal: InputThreadRun ShutdownRequest received
02-08 21:41:21.678  3835  3880 D InputHooksJava: Disabling Java Input Hooks
02-08 21:41:21.678  3835  3880 I ClientInputTrackedKeyboardManager: TRACKEDKEYBOARD ClearTrackedObjectManager called on client
02-08 21:41:21.678  3835  3880 I RuntimeIPCClient [RUNTIMEIPC]: Shutdown: 4, Client: com.oculus.vrshell:com.oculus.vrshell:Overlay:3835, Server: com.oculus.vrshell:com.oculus.vrshell:Overlay (ptkserviceserver)
02-08 21:41:21.678  3835  3880 I RuntimeIPCClient [RUNTIMEIPC]: ReleaseRef: Remaining refs: 3, Client: com.oculus.vrshell:com.oculus.vrshell:Overlay:3835, Server: com.oculus.vrshell:com.oculus.vrshell:Overlay (ptkserviceserver)
02-08 21:41:21.678  3835  3880 I RuntimeIPCApi [RUNTIMEIPC]: ipc_Shutdown
02-08 21:41:21.678  3835  3880 I RuntimeIPCServiceClient [RUNTIMEIPC]: Shutdown: Refs still outstanding: 16, com.oculus.vrshell:Overlay
02-08 21:41:21.678  2024  3869 I VrRuntimeService: RuntimeServiceSDKServer::EnableRendering: 0x0, 0, com.oculus.vrshell:Overlay
02-08 21:41:21.678  2024  3869 I ClientMgr: ClientMgr::EnableRendering 3835:com.oculus.vrshell : type 1 comp-id 5: disable
02-08 21:41:21.678  2024  3869 I VrRuntimeServer: DisableCompositorClient: 5
02-08 21:41:21.678  2024  3869 I CompositorClientMgr: Disable client 5
02-08 21:41:21.678  2024  3869 I CompositorClientMgr: DisableClient: frame flush required: 1
02-08 21:41:21.682  3797  4689 I [SEO] ShellEnvHomeController: copresence: received setCollisionShapes
02-08 21:41:21.682  3797  4689 I [SEO] ShellEnvHomeController: ShellEnvHomeController: received setAnchors
02-08 21:41:21.682  3797  4689 I VrRuntimeClient: UpdateEvents: HMT was mounted
02-08 21:41:21.682  3797 20909 I FenceChecker: FenceChecker::MainLoop - started
02-08 21:41:21.683  2024  3869 I UnifiedTelemetryWrapper: Stopped UT session render:com.oculus.vrshell:Overlay
02-08 21:41:21.683  3835 20855 I FenceChecker: FenceChecker::MainLoop - ended
02-08 21:41:21.684  3835  3880 I VrRuntimeClient: PhaseSync Instance deleted
02-08 21:41:21.684  3089  3150 I GuardianSystem: [GuardianSystem::UpdateSystem] Responding to local space version number change.
02-08 21:41:21.685  3835  3880 I OpenXR  : PostSessionStateChange: XR_SESSION_STATE_STOPPING -> XR_SESSION_STATE_IDLE
02-08 21:41:21.685  3835  3880 I OpenXR  : ------------ xrEndSession [end] -----------
02-08 21:41:21.685  3835  3880 I [OAO] VrPlatformOpenXr: EndSession xrEndSession passed
02-08 21:41:21.685  3835  3880 I [OAO] VrPlatformOpenXr: xrPollEvent: received XR_TYPE_EVENT_DATA_SESSION_STATE_CHANGED: 1 for session 0x2 at time 17597.049241
02-08 21:41:21.685  3835  3880 I [OAO] VrPlatformOpenXr: Session state changed XR_SESSION_STATE_IDLE
02-08 21:41:21.685  3835  3880 I OpenXR  : PostSessionStateChange: XR_SESSION_STATE_IDLE -> XR_SESSION_STATE_READY
02-08 21:41:21.685  3835  3880 I [OAO] VrPlatformOpenXr: xrPollEvent: received XR_TYPE_EVENT_DATA_REFERENCE_SPACE_CHANGE_PENDING event
02-08 21:41:21.685  3835  3880 I [OAO] VrPlatformOpenXr: xrPollEvent: received XR_TYPE_EVENT_DATA_SESSION_STATE_CHANGED: 2 for session 0x2 at time 17597.049410
02-08 21:41:21.685  3835  3880 I [OAO] VrPlatformOpenXr: Session state changed XR_SESSION_STATE_READY
02-08 21:41:21.685  3797  4689 I OpenXR  : PostSessionStateChange: XR_SESSION_STATE_READY -> XR_SESSION_STATE_SYNCHRONIZED
02-08 21:41:21.685  3797  4689 I [SEO] VrPlatformOpenXr: xrPollEvent: received XR_TYPE_EVENT_DATA_MOUNT_STATE_CHANGED_FB event: isMounted 1
02-08 21:41:21.685  3797  4689 I OpenXR  : PostSessionStateChange: XR_SESSION_STATE_SYNCHRONIZED -> XR_SESSION_STATE_VISIBLE
02-08 21:41:21.685  3797  4689 I OpenXR  : PostSessionStateChange: XR_SESSION_STATE_VISIBLE -> XR_SESSION_STATE_FOCUSED
02-08 21:41:21.685  3797  4689 I [SEO] VrPlatformOpenXr: xrPollEvent: received XR_TYPE_EVENT_DATA_REFERENCE_SPACE_CHANGE_PENDING event
02-08 21:41:21.685  3797  4689 I [SEO] VrPlatformOpenXr: xrPollEvent: received XR_TYPE_EVENT_DATA_DISPLAY_REFRESH_RATE_CHANGED_FB event: fromRate 72.000000 -> toRate 90.000000
02-08 21:41:21.685  3797  4689 I [SEO] VrPlatformOpenXr: xrPollEvent: received XR_TYPE_EVENT_DATA_SESSION_STATE_CHANGED: 3 for session 0x2 at time 17597.049754
02-08 21:41:21.685  3797  4689 I [SEO] VrPlatformOpenXr: Session state changed XR_SESSION_STATE_SYNCHRONIZED
02-08 21:41:21.685  3797  4689 I [SEO] VrPlatformOpenXr: xrPollEvent: received XR_TYPE_EVENT_DATA_SESSION_STATE_CHANGED: 4 for session 0x2 at time 17597.049792
02-08 21:41:21.685  3797  4689 I [SEO] VrPlatformOpenXr: Session state changed XR_SESSION_STATE_VISIBLE
02-08 21:41:21.685  3797  4689 I [SEO] VrPlatformOpenXr: xrPollEvent: received XR_TYPE_EVENT_DATA_SESSION_STATE_CHANGED: 5 for session 0x2 at time 17597.049802
02-08 21:41:21.685  3797  4689 I [SEO] VrPlatformOpenXr: Session state changed XR_SESSION_STATE_FOCUSED
02-08 21:41:21.686  2024 20102 I CompositorVR: LatchWarpClients: Multiple Primary Clients detected. Skipping frames for 25
02-08 21:41:21.687  2024 20102 I CompositorVR: WarpToScreen: Skipping frames for 25
02-08 21:41:21.694  3797  4689 I [SEO] ShellApp: HMD Mount State Changed - mounted - duration in prior state 119.056622s
02-08 21:41:21.694  3797  4689 I [SEO] LocalSpace: ResetNextFrame
02-08 21:41:21.694  3797  4689 I [SEO] ShellEnvHomeController: copresence: processing currentCollisionShapes
02-08 21:41:21.694  3797  4689 I [SEO] ShellEnvHomeController: ShellEnvHomeController: processing 1 anchors
02-08 21:41:21.694  3797  4689 I [SEO] ShellEnvHomeController: Theaterscreen transform node set for the env size x: 4.660000, y: 2.621250
02-08 21:41:21.694  3797  4689 I [SEO] LocalSpace: New Space: quat(-0.093155, -0.002040, -0.021796, 0.995411), translation(0.000000, 1.360788, 0.000000) - Prior Space: quat(-0.108142, -0.001107, -0.010172, 0.994083), translation(0.000000, 1.362928, 0.000000)
02-08 21:41:21.694  3797  4689 I [SEO] LocalSpace: Local space version from 67 to 68, local space user version from 0 to 0.
02-08 21:41:21.694  3797  4689 I [SEO] SystemTaskBar: Create PanelApp
02-08 21:41:21.694  3797  4689 I [SEO] PanelAppLaunchInfo: PanelAppLaunchInfo componentString:com.oculus.systemux/com.oculus.panelapp.anytimeui.AnytimeUIAndroidPanelService packageName:com.oculus.systemux serviceName:com.oculus.panelapp.anytimeui.AnytimeUIAndroidPanelService componentName:com.oculus.systemux/com.oculus.panelapp.anytimeui.AnytimeUIAndroidPanelService
02-08 21:41:21.694  3797  4689 I [SEO] HostPlatform: Retrieving component launch information for package (com.oculus.systemux) and service (com.oculus.panelapp.anytimeui.AnytimeUIAndroidPanelService)
02-08 21:41:21.695  3835  3880 I [OAO] VrPlatformOpenXr: EndSession passed message polling. count:1  count<maxRetryCount:1  sessionState:2
02-08 21:41:21.695  3835  3880 I [OAO] VrPlatformOpenXr: EndSession end
02-08 21:41:21.697  3797  4689 I [SEO] HostPlatform: Is valid panel service component for package (com.oculus.systemux) and service (com.oculus.panelapp.anytimeui.AnytimeUIAndroidPanelService) - true
02-08 21:41:21.697  3797  4689 I [SEO] ShellApp: CreatePanelApp( com.oculus.systemux/com.oculus.panelapp.anytimeui.AnytimeUIAndroidPanelService )
02-08 21:41:21.697  3797  4689 I [SEO] ShellApp: Environment:
02-08 21:41:21.697  3797  4689 I [SEO] PanelAppHost: PanelAppHost constructor, panel 40 (com.oculus.systemux/com.oculus.panelapp.anytimeui.AnytimeUIAndroidPanelService)
02-08 21:41:21.697  3797  4689 I [SEO] PanelAppHost: Panel app 40 (com.oculus.systemux/com.oculus.panelapp.anytimeui.AnytimeUIAndroidPanelService) changing state from startup to foreground
02-08 21:41:21.698  3797  4689 I [SEO] PanelAppHost: Passing env var _oc_analytics_session_id = baed56e2-87f6-4774-8ed1-74945912dd34
02-08 21:41:21.698  3797  4689 I [SEO] PanelAppHost: Passing env var _oc_userid = 106765628877334
02-08 21:41:21.698  3797  4689 I [SEO] PanelAppHost: Passing env var _oc_shell_version_name = 49.0.0.186.358
02-08 21:41:21.698  2024 20102 I CompositorVR: WarpToScreen: Skipping frames for 25
02-08 21:41:21.698  3797  4689 I [SEO] PanelAppHost: Passing env var _oc_shell_version_code = 440026826
02-08 21:41:21.698  3797  4689 I [SEO] PanelAppHost: Passing env var _oc_shell_automation_enabled = false
02-08 21:41:21.698  3797  4689 I [SEO] PanelAppHost: Passing env var _oc_shell_view_id_debugging_enabled = false
02-08 21:41:21.698  3797  4689 I [SEO] PanelAppHost: Passing env var _oc_shell_pixel_density = 20
02-08 21:41:21.698  3797  4689 I [SEO] PanelAppHost: Passing env var _oc_shell_render_scale = 1.250000
02-08 21:41:21.698  3797  4689 I [SEO] PanelAppHost: Passing env var _oc_shell_ux_policy = {"panelBackgroundLayerOriginDepths":{"far":0.2,"mid":0.1,"near":0.015}}
02-08 21:41:21.698  3797  4689 I [SEO] PanelAppHost: Passing env var _oc_shell_panel_session_id = baed56e2-87f6-4774-8ed1-74945912dd34-40
02-08 21:41:21.698  3797  4689 I [SEO] PanelAppHost: Passing env var _oc_shell_valid_panel_session_ids = ["baed56e2-87f6-4774-8ed1-74945912dd34-40"]
02-08 21:41:21.698  3797  4689 I [SEO] PanelAppHost: Passing env var _oc_shell_back_navigation_enabled = false
02-08 21:41:21.698  3797  4689 I [SEO] PanelAppHost: Passing env var _oc_shell_feature_sets = appmenu-v1,appmenu-v2,cooperativeState-v2,destinationUi-v2,dragDrop-v1,layerClipping-v1,layerClipping-v2,layerOptions-v1,layerParent-v1,layerTranslate-v1,multiapp-v1,multiapp-v2,multiapp-v3,multitasking-v1,shellPanelAdaptability-v1,systemActionBackgroundPanels-v1,systemThemeSetting-v1,system-reauth-v1,system-ux-file-picker-v1,vrNotificationsBootLoad-v1,theaterScreen,theaterScreen-v2,recoverInstances-v1,systemThemeSetting-v2,controlBar-v1,copresence-v1,copresenceVersion-v1,vrLibraryAppLock-v1,dragToDesktop-v1
02-08 21:41:21.698  3797  4689 I [SEO] PanelAppHost: Passing env var _oc_launch_timestamp = 17597061
02-08 21:41:21.698  3797  4689 I [SEO] PanelAppHost: Passing env var _oc_shell_host = vrshell
02-08 21:41:21.698  3797  4689 I [SEO] PanelAppHost: Passing env var _oc_shell_panel_id = 40
02-08 21:41:21.698  3797  4689 I [SEO] PanelAppHost: Calling sendPanelLaunchIntent for panel app 40 (com.oculus.systemux/com.oculus.panelapp.anytimeui.AnytimeUIAndroidPanelService)
02-08 21:41:21.698  3797  4689 D [SEO] ShellApplication: sendApkPanelLaunchIntent: packageName=com.oculus.systemux, serviceClassName=com.oculus.panelapp.anytimeui.AnytimeUIAndroidPanelService
02-08 21:41:21.699  3797  4689 D [SEO] PanelAppConnection: getSystemProcessUidForCurrentUser: 'android' systemUid = 1000
02-08 21:41:21.699  3797  4689 D [SEO] ShellApplication: bindService Intent { cmp=com.oculus.systemux/com.oculus.panelapp.anytimeui.AnytimeUIAndroidPanelService }
02-08 21:41:21.702  3797  4689 D [SEO] ShellApplication: notify OS to set com.oculus.systemux/com.oculus.panelapp.anytimeui.AnytimeUIAndroidPanelService to FOREGROUND
02-08 21:41:21.705  3835  3880 I [OAO] AudioMixer: Disabling AudioPlayer.
02-08 21:41:21.707  2024  3127 I FocusedClientsListener: focus: onVrFocusChanged(focusType=0): 6
02-08 21:41:21.707  2024  3127 I FocusedClientsListener: focus: pid=4614
02-08 21:41:21.707  2024  3127 I FocusedClientsListener: focus: pid=3797
02-08 21:41:21.707  2024  3127 I FocusedClientsListener: focus: pid=3835
02-08 21:41:21.707  2024  3127 I FocusedClientsListener: focus: pid=3371
02-08 21:41:21.707  2024  3127 I FocusedClientsListener: focus: pid=3089
02-08 21:41:21.707  2024  3127 I FocusedClientsListener: focus: pid=20527
02-08 21:41:21.707  2024  2049 I FocusedClientsListener: focus: onVrFocusChanged(focusType=1): 5
02-08 21:41:21.707  2024  2049 I FocusedClientsListener: focus: pid=4614
02-08 21:41:21.707  2024  2049 I FocusedClientsListener: focus: pid=3797
02-08 21:41:21.707  2024  2049 I FocusedClientsListener: focus: pid=3835
02-08 21:41:21.707  2024  2049 I FocusedClientsListener: focus: pid=3371
02-08 21:41:21.707  2024  2049 I FocusedClientsListener: focus: pid=3089
02-08 21:41:21.707  2024  2060 I FocusedClientsListener: focus: onVrFocusChanged(focusType=2): 1
02-08 21:41:21.707  2024  2060 I FocusedClientsListener: focus: pid=20527
02-08 21:41:21.708  3797  4689 E TREX    : Interface version 1 was not found. Check debug build for more information.
02-08 21:41:21.708  3797  4689 I ClientInputTrackedKeyboardManager: TRACKEDKEYBOARD created PTKServiceClient
02-08 21:41:21.708  3797  4689 I PTKService: PTKServiceClient Init
02-08 21:41:21.708  3797  4689 I ipcLoader [RUNTIMEIPC]: RuntimeIPC: Loader: IPC Service API Loader Version: 37 Jan 20 2023 01:45:39
02-08 21:41:21.708  3797  4689 I RuntimeIPCApi [RUNTIMEIPC]: ipc_Initialize
02-08 21:41:21.708  3797  4689 I RuntimeIPCServiceClient [RUNTIMEIPC]: Init: Already initialized: com.oculus.vrshell, 19
02-08 21:41:21.709  2024 20102 I CompositorVR: WarpToScreen: Skipping frames for 25
02-08 21:41:21.709  3797  4689 I RuntimeIPCClient [RUNTIMEIPC]: ConnectToServer: SUCCESS: Client: com.oculus.vrshell:com.oculus.vrshell:3797, Server: com.oculus.vrshell:com.oculus.vrshell:Overlay (ptkserviceserver)
02-08 21:41:21.710  3835  3835 I [OAO] ShellOverlayService: onStartCommand(): Intent { cmp=com.oculus.vrshell/.ShellOverlayService }
02-08 21:41:21.710  3797  4689 I [SEO] InputManager: Adding hand deviceId = 4
02-08 21:41:21.711  3797  4689 I [SEO] ShaderCache: ShaderCache::ShaderCache()
02-08 21:41:21.712  3797  4689 I [SEO] ShaderCache: ShaderCache::compiling PBR shader for featureMask 576
02-08 21:41:21.713  3797  4689 I [SEO] ShaderCache: ShaderCache::ShaderCache()
02-08 21:41:21.714  3797  4689 I [SEO] ShaderCache: ShaderCache::compiling PBR shader for featureMask 576
02-08 21:41:21.716  3797  4689 I [SEO] InputManager: Adding hand deviceId = 3
02-08 21:41:21.716  3797  4689 I [SEO] ShaderCache: ShaderCache::ShaderCache()
02-08 21:41:21.717  3797  4689 I [SEO] ShaderCache: ShaderCache::compiling PBR shader for featureMask 576
02-08 21:41:21.718  3797  4689 I [SEO] ShaderCache: ShaderCache::ShaderCache()
02-08 21:41:21.719  3797  4689 I [SEO] ShaderCache: ShaderCache::compiling PBR shader for featureMask 576
02-08 21:41:21.720  2024 20102 I CompositorVR: WarpToScreen: Skipping frames for 25
02-08 21:41:21.721  3797  4689 I [SEO] InputManager: Adding controller deviceId = 2
02-08 21:41:21.722  3797  4689 I [SEO] ModelCache: Load controller model
02-08 21:41:21.722  3797  4689 I [SEO] InputManager: Adding controller deviceId = 1
02-08 21:41:21.722  3797  4689 I [SEO] ModelCache: Load controller model
02-08 21:41:21.723  3797  4689 I [SEO] InputManager: Switching primary device (id -1 to 2).
02-08 21:41:21.723  3797  4689 I [SEO] InputManager: Switching secondary device (id to 1).
02-08 21:41:21.723  3797  4689 I [SEO] SystemUXControllerHelper: OnReorient(reason: 3)
02-08 21:41:21.726  3797  4689 I [SEO] TelemetryProvider: aui_reorient system 0 0 0 com.oculus.shellenv
02-08 21:41:21.726  3797  4689 I [SEO] PanelAppOSLifecycleNotificationManager: Sending frameState isForeground:1 to OS for app com.oculus.systemux/com.oculus.panelapp.anytimeui.AnytimeUIAndroidPanelService
02-08 21:41:21.727  3797  4689 I [SEO] ShellFrameAnalytics: Shell Heartbeat focusedPanelTimeSpent: {"0":22} visibleTimeSpent: {} inputTimeSpent: {"controller":22} inputClickCount: {} mouseMoveTimeSpent: 0 mouseScrollTimeSpent: 0 physicalKeyboardConnectedTimeSpent: 0 physicalKeyboardTrackedTimeSpent: 0 quickActionsMenuActivations: 0 quickActionsMenuTimeSpent: 0 quickActionsMenuSessionLengths: [] quickActionsMenuSelections: {} handTrackingOptIn: 0 handTrackingAutoTransition: 1
02-08 21:41:21.727  3797  4689 I [SEO] LocalSpace: Reset - initialRawFromLocalPose: quat(-0.093654, 0.021946, -0.019545, 0.995171), translation(-0.061336, -0.056581, 0.111221)
02-08 21:41:21.727  3797  4689 I [SEO] LocalSpace: Applying VRAPI Reorient, the reorient reason is 3
02-08 21:41:21.727  2024  3830 I VrRuntimeService: RuntimeServiceSDKServer::RecenterLocalSpace
02-08 21:41:21.727  2024  3830 I VrRuntimeService: RuntimeServiceSDKServer::RecenterLocalSpaceInternal
02-08 21:41:21.727  2024  3830 I VrRuntimeServer: UpdateLocalSpace: Src: 2, Version: 76, VersionUser: 0, RawFloorHeightOld: -1.417369, RawFloorHeightNew: -1.417369
02-08 21:41:21.727  4614  4643 I Clay    : EnvironmentSystem: setCurrentEnvironment from '' to 'apk://com.environment.matrixloadingvoid/assets/scene.zip'. Computed visibility: Hidden (reason: LayerRendering)
02-08 21:41:21.727  4614  4643 I Clay    : OpenXR: set refresh-rate: 90.000000Hz
02-08 21:41:21.728  4614  4643 I Clay    : xrPollEvent: REFERENCE_SPACE_CHANGE_PENDING
02-08 21:41:21.730  3089  3150 I GuardianSystem: [GuardianSystem::UpdateSystem] Responding to local space version number change.
02-08 21:41:21.731  2024 20102 I CompositorVR: WarpToScreen: Skipping frames for 25
02-08 21:41:21.738  4614  4643 E TREX    : Interface version 1 was not found. Check debug build for more information.
02-08 21:41:21.738  4614  4643 I Clay    : EnvironmentSystem: computed visibility changed from Hidden to Visible (reason: <none>)
02-08 21:41:21.738  4614  4643 I Clay    : EnvironmentSystem: Loading 'apk://com.environment.matrixloadingvoid/assets/scene.zip' as asset package
02-08 21:41:21.738  3797  4689 I [SEO] VrPlatformOpenXr: xrPollEvent: received XR_TYPE_EVENT_DATA_REFERENCE_SPACE_CHANGE_PENDING event
02-08 21:41:21.740  4614  4649 W Clay    : EnvironmentSystem: Couldn't open markup for package 'com.environment.matrixloadingvoid/assets/scene.zip'
02-08 21:41:21.740  3797  4689 I [SEO] LocalSpace: New Space: quat(-0.093207, -0.002078, -0.022195, 0.995397), translation(0.000000, 1.360768, 0.000000) - Prior Space: quat(-0.093207, -0.002078, -0.022195, 0.995397), translation(0.000000, 1.360768, 0.000000)
02-08 21:41:21.740  3797  4689 I [SEO] LocalSpace: Local space version from 68 to 69, local space user version from 0 to 0.
02-08 21:41:21.741  3797  4689 I [SEO] SystemUXControllerHelper: OnReorient(reason: 3)
02-08 21:41:21.742  2024 20102 I CompositorVR: WarpToScreen: Skipping frames for 25
02-08 21:41:21.744  3797  4689 I [SEO] TelemetryProvider: aui_reorient system 0 0 0 com.oculus.shellenv
02-08 21:41:21.749  3797  4689 I [SEO] ShellEnvHomeController: copresence: received setCollisionShapes
02-08 21:41:21.753  2024 20102 I CompositorVR: WarpToScreen: Skipping frames for 25
02-08 21:41:21.758  3797  4689 I [SEO] ShellEnvHomeController: copresence: processing currentCollisionShapes
02-08 21:41:21.764  2024 20102 I CompositorVR: WarpToScreen: Skipping frames for 25
02-08 21:41:21.776  2024 20102 I CompositorVR: WarpToScreen: Skipping frames for 25
02-08 21:41:21.809   883 20103 W [CT]    : VEGA:MAP_TRACKING_HM: [Throttled count=24] Map tracking did not run.
02-08 21:41:21.865  4614  4643 I Clay    : EnvironmentSystem::update: setting scene background audio for scene zip 'apk://com.environment.matrixloadingvoid/assets/scene.zip'
02-08 21:41:21.865  4614  4643 I Clay    : EnvironmentAudioSystem::setSceneBackgroundLoop: set scene audio: apk://com.environment.matrixloadingvoid/assets/scene.zip
02-08 21:41:21.865  4614  4643 W Clay    : MarkupModule: Received empty markup from requested environment 'apk://com.environment.matrixloadingvoid/assets/scene.zip'
02-08 21:41:21.865  4614  4643 I Clay    : EnvironmentSystem: Scene loaded
02-08 21:41:21.866  4614  4643 I Clay    : SharedHomeSystem::_onEnvironmentActivated
02-08 21:41:21.868  4614  4643 I Clay    : SharedHomeSystem::_updateAnchors
02-08 21:41:21.876   883 20103 W [CT]    : TIMESTAMPCHECKER: Nominal rate wrong. Estimated data rate: 25, Nominal is 30.000300003000028
02-08 21:41:21.885  3797  4689 I [SEO] ShellEnvHomeController: copresence: received setCollisionShapes
02-08 21:41:21.885  3797  4689 I [SEO] ShellEnvHomeController: ShellEnvHomeController: received setAnchors
02-08 21:41:21.886  3797  4689 I [SEO] ShellEnvHomeController: copresence: processing currentCollisionShapes
02-08 21:41:21.886  3797  4689 I [SEO] ShellEnvHomeController: ShellEnvHomeController: processing 1 anchors
02-08 21:41:21.886  3797  4689 I [SEO] ShellEnvHomeController: Theaterscreen transform node set for the env size x: 4.660000, y: 2.621250
02-08 21:41:21.902  4614 20912 D CCodec  : allocate(c2.android.vorbis.decoder)
02-08 21:41:21.903   860  1827 V C2Store : in init
02-08 21:41:21.903   860  1827 V C2Store : loading dll
02-08 21:41:21.907  4614 20912 I CCodec  : Created component [c2.android.vorbis.decoder]
02-08 21:41:21.907  4614 20912 D CCodecConfig: read media type: audio/vorbis
02-08 21:41:21.909  4614 20912 D ReflectedParamUpdater: extent() != 1 for single value type: algo.buffers.max-count.values
02-08 21:41:21.909  4614 20912 D ReflectedParamUpdater: extent() != 1 for single value type: output.subscribed-indices.values
02-08 21:41:21.909  4614 20912 D ReflectedParamUpdater: extent() != 1 for single value type: input.buffers.allocator-ids.values
02-08 21:41:21.910  4614 20912 D ReflectedParamUpdater: extent() != 1 for single value type: output.buffers.allocator-ids.values
02-08 21:41:21.910  4614 20912 D ReflectedParamUpdater: extent() != 1 for single value type: algo.buffers.allocator-ids.values
02-08 21:41:21.910  4614 20912 D ReflectedParamUpdater: extent() != 1 for single value type: output.buffers.pool-ids.values
02-08 21:41:21.910  4614 20912 D ReflectedParamUpdater: extent() != 1 for single value type: algo.buffers.pool-ids.values
02-08 21:41:21.910  4614 20912 I CCodecConfig: query failed after returning 7 values (BAD_INDEX)
02-08 21:41:21.910  4614 20912 D CCodecConfig: c2 config diff is Dict {
02-08 21:41:21.910  4614 20912 D CCodecConfig:   c2::u32 coded.bitrate.value = 64000
02-08 21:41:21.910  4614 20912 D CCodecConfig:   c2::u32 input.buffers.max-size.value = 32768
02-08 21:41:21.910  4614 20912 D CCodecConfig:   c2::u32 input.delay.value = 0
02-08 21:41:21.910  4614 20912 D CCodecConfig:   string input.media-type.value = "audio/vorbis"
02-08 21:41:21.910  4614 20912 D CCodecConfig:   string output.media-type.value = "audio/raw"
02-08 21:41:21.910  4614 20912 D CCodecConfig:   c2::u32 raw.channel-count.value = 1
02-08 21:41:21.910  4614 20912 D CCodecConfig:   c2::u32 raw.sample-rate.value = 48000
02-08 21:41:21.910  4614 20912 D CCodecConfig: }
02-08 21:41:21.911  4614 20912 D CCodecConfig: no c2 equivalents for durationUs
02-08 21:41:21.911  4614 20912 D CCodecConfig: no c2 equivalents for csd-1
02-08 21:41:21.911  4614 20912 D CCodecConfig: no c2 equivalents for track-id
02-08 21:41:21.911  4614 20912 D CCodecConfig: no c2 equivalents for channel-mask
02-08 21:41:21.911  4614 20912 D CCodecConfig: c2 config diff is   c2::u32 raw.channel-count.value = 2
02-08 21:41:21.911  4614 20912 D CCodecConfig:   c2::u32 raw.sample-rate.value = 44100
02-08 21:41:21.911  4614 20912 W Codec2Client: query -- param skipped: index = 1107298332.
02-08 21:41:21.911  4614 20912 D CCodec  : setup formats input: AMessage(what = 0x00000000) = {
02-08 21:41:21.911  4614 20912 D CCodec  :   int32_t channel-count = 2
02-08 21:41:21.911  4614 20912 D CCodec  :   int32_t max-input-size = 32768
02-08 21:41:21.911  4614 20912 D CCodec  :   string mime = "audio/vorbis"
02-08 21:41:21.911  4614 20912 D CCodec  :   int32_t sample-rate = 44100
02-08 21:41:21.911  4614 20912 D CCodec  : } and output: AMessage(what = 0x00000000) = {
02-08 21:41:21.911  4614 20912 D CCodec  :   int32_t channel-count = 2
02-08 21:41:21.911  4614 20912 D CCodec  :   string mime = "audio/raw"
02-08 21:41:21.911  4614 20912 D CCodec  :   int32_t sample-rate = 44100
02-08 21:41:21.911  4614 20912 D CCodec  :   int32_t channel-mask = 3
02-08 21:41:21.911  4614 20912 D CCodec  : }
02-08 21:41:21.912  3835 20848 I [OAO] AudioMixer: Notifying VrThread to shutdown.
02-08 21:41:21.912  3835  3880 I [OAO] AudioMixer: Successful shutdown.
02-08 21:41:21.912  3835  3880 I [OAO] AudioEngine: virtual void AudioLibrary::AudioEngine::DisablePlayer()
02-08 21:41:21.912  3835  3880 I [OAO] AudioEngine: Setting ShuttingDown.
02-08 21:41:21.918   860   995 V C2Store : in ~ComponentModule
02-08 21:41:21.918   860   995 V C2Store : unloading dll
02-08 21:41:21.932  3835 20848 I [OAO] AudioMixer: Notifying VrThread to shutdown.
02-08 21:41:21.932  3835 20848 I [OAO] AudioEngine: Fading final buffer
02-08 21:41:21.944  4614 20915 D CCodec  : allocate(c2.android.vorbis.decoder)
02-08 21:41:21.945   860   995 V C2Store : in init
02-08 21:41:21.945   860   995 V C2Store : loading dll
02-08 21:41:21.948  4614 20915 I CCodec  : Created component [c2.android.vorbis.decoder]
02-08 21:41:21.948  4614 20915 D CCodecConfig: read media type: audio/vorbis
02-08 21:41:21.950  4614 20915 D ReflectedParamUpdater: extent() != 1 for single value type: algo.buffers.max-count.values
02-08 21:41:21.951  4614 20915 D ReflectedParamUpdater: extent() != 1 for single value type: output.subscribed-indices.values
02-08 21:41:21.951  4614 20915 D ReflectedParamUpdater: extent() != 1 for single value type: input.buffers.allocator-ids.values
02-08 21:41:21.951  4614 20915 D ReflectedParamUpdater: extent() != 1 for single value type: output.buffers.allocator-ids.values
02-08 21:41:21.951  4614 20915 D ReflectedParamUpdater: extent() != 1 for single value type: algo.buffers.allocator-ids.values
02-08 21:41:21.951  4614 20915 D ReflectedParamUpdater: extent() != 1 for single value type: output.buffers.pool-ids.values
02-08 21:41:21.951  4614 20915 D ReflectedParamUpdater: extent() != 1 for single value type: algo.buffers.pool-ids.values
02-08 21:41:21.952  4614 20915 I CCodecConfig: query failed after returning 7 values (BAD_INDEX)
02-08 21:41:21.952  4614 20915 D CCodecConfig: c2 config diff is Dict {
02-08 21:41:21.952  4614 20915 D CCodecConfig:   c2::u32 coded.bitrate.value = 64000
02-08 21:41:21.952  4614 20915 D CCodecConfig:   c2::u32 input.buffers.max-size.value = 32768
02-08 21:41:21.952  4614 20915 D CCodecConfig:   c2::u32 input.delay.value = 0
02-08 21:41:21.952  4614 20915 D CCodecConfig:   string input.media-type.value = "audio/vorbis"
02-08 21:41:21.952  4614 20915 D CCodecConfig:   string output.media-type.value = "audio/raw"
02-08 21:41:21.952  4614 20915 D CCodecConfig:   c2::u32 raw.channel-count.value = 1
02-08 21:41:21.952  4614 20915 D CCodecConfig:   c2::u32 raw.sample-rate.value = 48000
02-08 21:41:21.952  4614 20915 D CCodecConfig: }
02-08 21:41:21.952  3835 20848 I [OAO] AudioEngine: Notifying VrThread to shutdown.
02-08 21:41:21.952  3835 20848 D         : PlayerBase::stop() from IPlayer
02-08 21:41:21.952  3835 20848 D AudioTrack: stop(284): called with 124800 frames delivered
02-08 21:41:21.952  4614 20915 D CCodecConfig: no c2 equivalents for durationUs
02-08 21:41:21.952  4614 20915 D CCodecConfig: no c2 equivalents for csd-1
02-08 21:41:21.952  4614 20915 D CCodecConfig: no c2 equivalents for track-id
02-08 21:41:21.952  4614 20915 D CCodecConfig: no c2 equivalents for channel-mask
02-08 21:41:21.952  3835  3880 I [OAO] AudioEngine: Stopping player
02-08 21:41:21.952  3835  3880 D         : PlayerBase::stop() from IPlayer
02-08 21:41:21.953  4614 20915 D CCodecConfig: c2 config diff is   c2::u32 raw.channel-count.value = 2
02-08 21:41:21.953  4614 20915 D CCodecConfig:   c2::u32 raw.sample-rate.value = 44100
02-08 21:41:21.953  4614 20915 W Codec2Client: query -- param skipped: index = 1107298332.
02-08 21:41:21.953  4614 20915 D CCodec  : setup formats input: AMessage(what = 0x00000000) = {
02-08 21:41:21.953  4614 20915 D CCodec  :   int32_t channel-count = 2
02-08 21:41:21.953  4614 20915 D CCodec  :   int32_t max-input-size = 32768
02-08 21:41:21.953  4614 20915 D CCodec  :   string mime = "audio/vorbis"
02-08 21:41:21.953  4614 20915 D CCodec  :   int32_t sample-rate = 44100
02-08 21:41:21.953  4614 20915 D CCodec  : } and output: AMessage(what = 0x00000000) = {
02-08 21:41:21.953  4614 20915 D CCodec  :   int32_t channel-count = 2
02-08 21:41:21.953  4614 20915 D CCodec  :   string mime = "audio/raw"
02-08 21:41:21.953  4614 20915 D CCodec  :   int32_t sample-rate = 44100
02-08 21:41:21.953  4614 20915 D CCodec  :   int32_t channel-mask = 3
02-08 21:41:21.953  4614 20915 D CCodec  : }
02-08 21:41:21.953  1535  1535 V AvrcpMediaPlayerList: onPlaybackConfigChanged(): Configs list size=15
02-08 21:41:21.954  3835  3880 D [OAO] ShellApplication: setOverlayInputFocus: inputFocus=false shouldSupportIME=false
02-08 21:41:21.954  3835  3880 D [OAO] BaseOverlayService: setOverlayInputFocus : entrypoint - inputFocus=false shouldSupportIME=false
02-08 21:41:21.954  3835  3880 I [OAO] SystemAssistant: OnModeChanged from FullShell to ImmersiveAppFocused
02-08 21:41:21.954  3835  3835 D [OAO] BaseOverlayService: detachServiceWindowView
02-08 21:41:21.954  3835  3835 D [OAO] BaseOverlayService: setOverlayInputFocus : completed - inputFocus=false shouldSupportIME=false actionTaken:false
02-08 21:41:21.954  3835  3880 I [OAO] ShellOverlayApp: Start sleep timeout. Now:17597.319171, Timeout:17599.319171
02-08 21:41:21.955  1535  1535 V AvrcpMediaPlayerList: onPlaybackConfigChanged(): Configs list size=14
02-08 21:41:21.958  4614 20915 W Codec2Client: query -- param skipped: index = 1342179345.
02-08 21:41:21.958  4614 20915 W Codec2Client: query -- param skipped: index = 2415921170.
02-08 21:41:21.959  4614 20915 D CCodecBufferChannel: [c2.android.vorbis.decoder#566] Created input block pool with allocatorID 16 => poolID 75 - OK (0)
02-08 21:41:21.959   860  1824 D BufferPoolAccessor: bufferpool2 0x2bdd520630 : 0(0 size) total buffers - 0(0 size) used buffers - 9/11 (recycle/alloc) - 2/10 (fetch/transfer)
02-08 21:41:21.959   860  1824 D BufferPoolAccessor: Destruction - bufferpool2 0x2bdd520630 cached: 0/0M, 0/0% in use; allocs: 11, 82% recycled; transfers: 10, 80% unfetced
02-08 21:41:21.961  4614 20915 I CCodecBufferChannel: [c2.android.vorbis.decoder#566] Created output block pool with allocatorID 16 => poolID 175 - OK
02-08 21:41:21.961  4614 20915 D CCodecBufferChannel: [c2.android.vorbis.decoder#566] Configured output block pool ids 175 => OK
02-08 21:41:21.963   860 20916 D SimpleC2Component: Using output block pool with poolID 175 => got 175 - 0
02-08 21:41:21.963   860  1824 D BufferPoolAccessor: bufferpool2 0x2bdd520830 : 0(0 size) total buffers - 0(0 size) used buffers - 147/150 (recycle/alloc) - 3/148 (fetch/transfer)
02-08 21:41:21.963   860  1824 D BufferPoolAccessor: Destruction - bufferpool2 0x2bdd520830 cached: 0/0M, 0/0% in use; allocs: 150, 98% recycled; transfers: 148, 98% unfetced
02-08 21:41:21.968  4614 20915 D CCodecBufferChannel: [c2.android.vorbis.decoder#566] Discard frames from previous generation.
02-08 21:41:21.977  4614 20915 D CCodecBufferChannel: [c2.android.vorbis.decoder#566] Discard frames from previous generation.
02-08 21:41:21.978   860  1824 D BufferPoolAccessor: Destruction - bufferpool2 0x2bdd519c30 cached: 0/0M, 0/0% in use; allocs: 0, 0% recycled; transfers: 0, 0% unfetced
02-08 21:41:21.979   860  1824 V C2Store : in ~ComponentModule
02-08 21:41:21.979   860  1824 V C2Store : unloading dll
02-08 21:41:21.984  3225  3547 W DeviceConfigUtil: Try to get config param "oculus_social_platform_deviceconfig:oculus_parties_remove_party_enforcer" before Device Config has subscribed to the service.
02-08 21:41:21.984  3225  3547 W DeviceConfigUtil: Try to get config param "oculus_presence_service:party_service_in_presence_service" before Device Config has subscribed to the service.
02-08 21:41:22.005  3835  3880 I [OAO] VrPlatformOpenXr: xrPollEvent: received XR_TYPE_EVENT_DATA_REFERENCE_SPACE_CHANGE_PENDING event
02-08 21:41:22.020  4614 20918 D CCodec  : allocate(c2.android.vorbis.decoder)
02-08 21:41:22.020   860  1824 V C2Store : in init
02-08 21:41:22.020   860  1824 V C2Store : loading dll
02-08 21:41:22.023  4614 20918 I CCodec  : Created component [c2.android.vorbis.decoder]
02-08 21:41:22.023  4614 20918 D CCodecConfig: read media type: audio/vorbis
02-08 21:41:22.025  4614 20918 D ReflectedParamUpdater: extent() != 1 for single value type: algo.buffers.max-count.values
02-08 21:41:22.025  4614 20918 D ReflectedParamUpdater: extent() != 1 for single value type: output.subscribed-indices.values
02-08 21:41:22.025  4614 20918 D ReflectedParamUpdater: extent() != 1 for single value type: input.buffers.allocator-ids.values
02-08 21:41:22.026  4614 20918 D ReflectedParamUpdater: extent() != 1 for single value type: output.buffers.allocator-ids.values
02-08 21:41:22.026  4614 20918 D ReflectedParamUpdater: extent() != 1 for single value type: algo.buffers.allocator-ids.values
02-08 21:41:22.026  4614 20918 D ReflectedParamUpdater: extent() != 1 for single value type: output.buffers.pool-ids.values
02-08 21:41:22.026  4614 20918 D ReflectedParamUpdater: extent() != 1 for single value type: algo.buffers.pool-ids.values
02-08 21:41:22.026  3166 18317 I RPCServer [RUNTIMEIPC]: HandleClientDisconnect: Client: com.oculus.systemux:com.oculus.systemux:SystemUX:18403, Server: com.oculus.presence:com.oculus.presence (PresenceServer)
02-08 21:41:22.026  3166 18317 I RPCServer [RUNTIMEIPC]: HandleClientDisconnect: Client: com.oculus.systemux:com.oculus.systemux:SystemUX:18403, Server: com.oculus.presence:com.oculus.presence (PubSubServer)
02-08 21:41:22.028  4614 20918 I CCodecConfig: query failed after returning 7 values (BAD_INDEX)
02-08 21:41:22.028  4614 20918 D CCodecConfig: c2 config diff is Dict {
02-08 21:41:22.028  4614 20918 D CCodecConfig:   c2::u32 coded.bitrate.value = 64000
02-08 21:41:22.028  4614 20918 D CCodecConfig:   c2::u32 input.buffers.max-size.value = 32768
02-08 21:41:22.028  4614 20918 D CCodecConfig:   c2::u32 input.delay.value = 0
02-08 21:41:22.028  4614 20918 D CCodecConfig:   string input.media-type.value = "audio/vorbis"
02-08 21:41:22.028  4614 20918 D CCodecConfig:   string output.media-type.value = "audio/raw"
02-08 21:41:22.028  4614 20918 D CCodecConfig:   c2::u32 raw.channel-count.value = 1
02-08 21:41:22.028  4614 20918 D CCodecConfig:   c2::u32 raw.sample-rate.value = 48000
02-08 21:41:22.028  4614 20918 D CCodecConfig: }
02-08 21:41:22.029  4614 20918 D CCodecConfig: no c2 equivalents for durationUs
02-08 21:41:22.029  4614 20918 D CCodecConfig: no c2 equivalents for csd-1
02-08 21:41:22.029  4614 20918 D CCodecConfig: no c2 equivalents for track-id
02-08 21:41:22.029  4614 20918 D CCodecConfig: no c2 equivalents for channel-mask
02-08 21:41:22.029  4614 20918 D CCodecConfig: c2 config diff is   c2::u32 raw.channel-count.value = 2
02-08 21:41:22.029  4614 20918 D CCodecConfig:   c2::u32 raw.sample-rate.value = 44100
02-08 21:41:22.029  4614 20918 W Codec2Client: query -- param skipped: index = 1107298332.
02-08 21:41:22.029  4614 20918 D CCodec  : setup formats input: AMessage(what = 0x00000000) = {
02-08 21:41:22.029  4614 20918 D CCodec  :   int32_t channel-count = 2
02-08 21:41:22.029  4614 20918 D CCodec  :   int32_t max-input-size = 32768
02-08 21:41:22.029  4614 20918 D CCodec  :   string mime = "audio/vorbis"
02-08 21:41:22.029  4614 20918 D CCodec  :   int32_t sample-rate = 44100
02-08 21:41:22.029  4614 20918 D CCodec  : } and output: AMessage(what = 0x00000000) = {
02-08 21:41:22.029  4614 20918 D CCodec  :   int32_t channel-count = 2
02-08 21:41:22.029  4614 20918 D CCodec  :   string mime = "audio/raw"
02-08 21:41:22.029  4614 20918 D CCodec  :   int32_t sample-rate = 44100
02-08 21:41:22.029  4614 20918 D CCodec  :   int32_t channel-mask = 3
02-08 21:41:22.029  4614 20918 D CCodec  : }
02-08 21:41:22.032   860  5915 V C2Store : in ~ComponentModule
02-08 21:41:22.032   860  5915 V C2Store : unloading dll
02-08 21:41:22.035  1029  9693 I DisplayManagerService: Display device removed: DisplayDeviceInfo{"com.oculus.android_panel_app.AndroidPanelLayer-#main": uniqueId="virtual:com.oculus.systemux,10026,com.oculus.android_panel_app.AndroidPanelLayer-#main,1", 840 x 110, modeId 184, defaultModeId 184, supportedModes [{id=184, width=840, height=110, fps=60.0}], colorMode 0, supportedColorModes [0], HdrCapabilities null, density 200, 200.0 x 200.0 dpi, appVsyncOff 0, presDeadline 16666666, touch NONE, rotation 0, type VIRTUAL, state ON, owner com.oculus.systemux (uid 10026), FLAG_PRIVATE, FLAG_NEVER_BLANK, FLAG_OWN_CONTENT_ONLY}
02-08 21:41:22.051  2024  2060 I chatty  : uid=10025(com.oculus.systemdriver) Binder:2024_3 expire 8 lines
02-08 21:41:22.051   769   769 E CompositionEngine: ANativeWindow::dequeueBuffer failed for display [com.oculus.android_panel_app.AndroidPanelLayer-#main] with error: -19
02-08 21:41:22.051   769   769 W SurfaceFlinger: Dequeuing buffer for display [com.oculus.android_panel_app.AndroidPanelLayer-#main] failed, bailing out of client composition for this frame
02-08 21:41:22.057  1029  9693 I DisplayManagerService: Display device removed: DisplayDeviceInfo{"com.oculus.android_panel_app.AndroidPanelLayer-#main": uniqueId="virtual:com.oculus.systemux,10026,com.oculus.android_panel_app.AndroidPanelLayer-#main,0", 1000 x 625, modeId 182, defaultModeId 182, supportedModes [{id=182, width=1000, height=625, fps=60.0}], colorMode 0, supportedColorModes [0], HdrCapabilities null, density 200, 200.0 x 200.0 dpi, appVsyncOff 0, presDeadline 16666666, touch NONE, rotation 0, type VIRTUAL, state ON, owner com.oculus.systemux (uid 10026), FLAG_PRIVATE, FLAG_NEVER_BLANK, FLAG_OWN_CONTENT_ONLY}
02-08 21:41:22.062  3797  3797 D [SEO] PanelServiceConnection: onSeviceConnected - component name (ComponentInfo{com.oculus.systemux/com.oculus.panelapp.anytimeui.AnytimeUIAndroidPanelService}), panel app id (40)
02-08 21:41:22.062  3797  3797 D [SEO] ShellApplication: notify OS to set com.oculus.systemux/com.oculus.panelapp.anytimeui.AnytimeUIAndroidPanelService to FOREGROUND
02-08 21:41:22.064  3797  3797 I [SEO] PanelAppConnection: verifyFirstPartyUID(Debug Signatures=false, uid=10026) => apkSignatureResult=SigCertInfo(isTrusted=true, packageNames=[com.oculus.systemux], fingerprint sha1=98a1809f3c3e79170e5df8135b500ecfa39df1be, fingerprint sha256=012f8165c191efe8fb0d6d4606aa4abac14d77d1d97d5340860c9f81045aa157, signature=308205cf308203b7a0030201020204097e91c1300d06092a864886f70d01010b0500308197310b3009060355040613025553311330110603550408130a43616c69666f726e6961311330110603550407130a4d656e6c6f205061726b31233021060355040a131a46616365626f6f6b20546563686e6f6c6f676965732c204c4c4331233021060355040b131a46616365626f6f6b20546563686e6f6c6f676965732c204c4c43311430120603550403130b4f63756c75732041707073301e170d3139303730343131333935315a170d3436313131393131333935315a308197310b3009060355040613025553311330110603550408130a43616c69666f726e6961311330110603550407130a4d656e6c6f205061726b31233021060355040a131a46616365626f6f6b20546563686e6f6c6f676965732c204c4c4331233021060355040b131a46616365626f6f6b20546563686e6f6c6f676965732c204c4c43311430120603550403130b4f63756c7573204170707330820222300d06092a864886f70d01010105000382020f003082020a0282020100b815642a5c201c8da044905dafbb06c05fddb75449cc75a716a0434da0493a52a4d60643532c237e76cb41d2c32a5e4474f12b37f632a809b5a5ceb8c6289ecf828e736b4ec452b1c2757bd0b5ed13eff5a7a47ab2ef6cdf60a8d749e9e8603f30d12b5db8f734c57578a2a4ce5ff5737c1f02c629d2dcb4f82726674663a699de94463ff370fa9eb48158831bf0b68bd6ec84293182d52e860bdd81bb9ce9cdd6a77fea0df25004da34d3cce7a31069646aa4628fba9ccb0952163793be9a4edf49a53f83179c2f44d8c87d6c129e8d590af0f3fced26201ee43b31fccd93b497cd198c5cd1f98d64c4f7ad79ca47278c02652d5dc072a99807e22f473f7bae4da2bafcae48cd49ad55a764b8d39f329f6175eac9074307deff48b1c4a6e19b748766617768c31a17feae8478eb7f9ebfb61af2b9f5a692b636342d7ebc53d7146626b51801b5a0a102e281475decdefb8683d0ca2843dc7aaeb6759bcab0dcba38db44f5d7f797a1c9c02dd159c0e3c72b14dc882d31c24ad8abee4ce0f7f0205e05efef551e2551a61e96636ed5dfd7435d3d24f5a130a12f10452cc954aa770d5d95e3e0cb9d7b05c5506a7947f8ff3437b3d82274fdaa156d85bfb7fbcb4fa5557080fedab86520b71d3d533e7bb3e7e3ebe9712b68e755d700b0afbf7595ffa80a6b3d90bfe599769138ee6515df415e32c0abed2b8e4aea1f47351f490203010001a321301f301d0603551d0e04160414a3c939e6b71c43bc9193f773c0351be1aff311f9300d06092a864886f70d01010b050003820201004e4c865231f2a3583c6af9488ecf9aa96b1ee84e2d7bfad00581537dc70c54ecfcf360e563d018efa4cdd77bf6fc4c9f1a20ebd4215cf1538686d4089bdcc8adb6ae4497ead14b0c18efd52ce93357019973e94e16b3326c60885b1bdc5f9cad1098f16732935876d8d19bda3ceeaaa69a83c4e2231710c6735f88abdfffe3dfa2be3f18f894923441b4e4a9c9664ed6294c16d7c073547063bfdbbefad184a001f1dce2feffdc96d10eb16a3bfbcd382cd297ca3b4edb7ebacd1a9931a1368a5157ceaebbca5b39bd5db5461a340db8ec076d38a94bcdd042bfb51388158ba97a49b631c1762fa746c7bb36eaf15cae23fa993cfb052e824f2ae173ea27b50a6cca91eb955f4faf131514757e5a3ecae9df6d23771279b7742f28fb9ce394eb9e03926f550716f1312355a5efdc479d8347b516cff55cb14307c81280142cacf2fd6562a2baacbfc97869272b1c51abf79121de8bab227e001313d4115eb9b33a332ebb34e290f14b5352ef1038f7a5f3740c9d1136b3526de4331deb4fa529c36a17c04c3e64d4f6ebda73d6e6e18281e3948fd11e685eab6611be1bc62839bce5962715e7f6537e6c083bcd3538d17407b26c850cd6b3f5e2149fdef027a6cfb7ed0f93c928aca14927b10c6a3f104ba1b10413af8b1868b84a004e5ddd065fff26a7bb3c818bb5a2d69aedf9441ef9033efae3ef52282a96f66d4b4ff3f2)
02-08 21:41:22.064  2024  3127 I chatty  : uid=10025(com.oculus.systemdriver) Binder:2024_5 expire 8 lines
02-08 21:41:22.065  2024  2049 I chatty  : uid=10025(com.oculus.systemdriver) Binder:2024_2 expire 12 lines
02-08 21:41:22.073  4614 20923 D CCodec  : allocate(c2.android.vorbis.decoder)
02-08 21:41:22.074   860  5915 V C2Store : in init
02-08 21:41:22.074   860  5915 V C2Store : loading dll
02-08 21:41:22.075  2149  2657 I OVRMediaService: onStartCommand Received message type: com.oculus.horizon.GET_CAPTURE_STATE_ACTION, caller package: no_app_identity, app identify: null
