03-01 19:10:57.001   866  1547 W TrackingService: attachClient: found client in attached list
03-01 19:10:57.005   866  1049 W TrackingService: attachClient: found client in attached list
03-01 19:10:57.146   866  1049 I chatty  : uid=1000(system) Binder:866_1 identical 7 lines
03-01 19:10:57.179   866  1049 W TrackingService: attachClient: found client in attached list
03-01 19:10:57.185   866  1547 W TrackingService: attachClient: found client in attached list
03-01 19:10:57.444   866  1547 I chatty  : uid=1000(system) Binder:866_4 identical 12 lines
03-01 19:10:57.470   866  1547 W TrackingService: attachClient: found client in attached list
03-01 19:10:57.472   866  1049 W TrackingService: attachClient: found client in attached list
03-01 19:10:57.724   866  1049 I chatty  : uid=1000(system) Binder:866_1 identical 12 lines
03-01 19:10:57.746   866  1049 W TrackingService: attachClient: found client in attached list
03-01 19:10:57.747   866  1547 W TrackingService: attachClient: found client in attached list
03-01 19:10:57.960   866  1547 I chatty  : uid=1000(system) Binder:866_4 identical 11 lines
03-01 19:10:58.004   866  1547 W TrackingService: attachClient: found client in attached list
03-01 19:10:58.006   866  1049 W TrackingService: attachClient: found client in attached list
03-01 19:10:58.271   866  1049 I chatty  : uid=1000(system) Binder:866_1 identical 11 lines
03-01 19:10:58.276   866  1049 W TrackingService: attachClient: found client in attached list
03-01 19:10:58.278   866  1547 W TrackingService: attachClient: found client in attached list
03-01 19:10:58.495   866  1547 I chatty  : uid=1000(system) Binder:866_4 identical 8 lines
03-01 19:10:58.513   866  1547 W TrackingService: attachClient: found client in attached list
03-01 19:10:58.516   866  1049 W TrackingService: attachClient: found client in attached list
03-01 19:10:58.600   866  1049 I chatty  : uid=1000(system) Binder:866_1 identical 2 lines
03-01 19:10:58.610   866  1049 W TrackingService: attachClient: found client in attached list
03-01 19:10:58.614   866  1547 W TrackingService: attachClient: found client in attached list
03-01 19:10:58.830   866  1547 I chatty  : uid=1000(system) Binder:866_4 identical 7 lines
03-01 19:10:58.841   866  1547 W TrackingService: attachClient: found client in attached list
03-01 19:10:58.844   866  1049 W TrackingService: attachClient: found client in attached list
03-01 19:10:59.010   866  1049 I chatty  : uid=1000(system) Binder:866_1 identical 7 lines
03-01 19:10:59.041   866  1049 W TrackingService: attachClient: found client in attached list
03-01 19:10:59.045   866  1547 W TrackingService: attachClient: found client in attached list
03-01 19:10:59.244   866  1547 I chatty  : uid=1000(system) Binder:866_4 identical 11 lines
03-01 19:10:59.281   866  1547 W TrackingService: attachClient: found client in attached list
03-01 19:10:59.285   866  1049 W TrackingService: attachClient: found client in attached list
03-01 19:10:59.329   866  1049 I chatty  : uid=1000(system) Binder:866_1 identical 2 lines
03-01 19:10:59.377   866  1049 W TrackingService: attachClient: found client in attached list
03-01 19:10:59.379   866  1547 W TrackingService: attachClient: found client in attached list
03-01 19:10:59.601   866  1547 I chatty  : uid=1000(system) Binder:866_4 identical 11 lines
03-01 19:10:59.632   866  1547 W TrackingService: attachClient: found client in attached list
03-01 19:10:59.633   866  1049 W TrackingService: attachClient: found client in attached list
03-01 19:10:59.769   866  1049 I chatty  : uid=1000(system) Binder:866_1 identical 5 lines
03-01 19:10:59.799   866  1049 W TrackingService: attachClient: found client in attached list
03-01 19:10:59.801   866  1547 W TrackingService: attachClient: found client in attached list
03-01 19:11:00.023   866  1547 I chatty  : uid=1000(system) Binder:866_4 identical 11 lines
03-01 19:11:00.036   866  1547 W TrackingService: attachClient: found client in attached list
03-01 19:11:00.039   866  1049 W TrackingService: attachClient: found client in attached list
03-01 19:11:00.276   866  1049 I chatty  : uid=1000(system) Binder:866_1 identical 12 lines
03-01 19:11:00.310   866  1049 W TrackingService: attachClient: found client in attached list
03-01 19:11:00.314   866  1547 W TrackingService: attachClient: found client in attached list
03-01 19:11:00.544   866  1547 I chatty  : uid=1000(system) Binder:866_4 identical 11 lines
03-01 19:11:00.581   866  1547 W TrackingService: attachClient: found client in attached list
03-01 19:11:00.582   866  1049 W TrackingService: attachClient: found client in attached list
03-01 19:11:00.848   866  1049 I chatty  : uid=1000(system) Binder:866_1 identical 14 lines
03-01 19:11:00.890   866  1049 W TrackingService: attachClient: found client in attached list
03-01 19:11:00.896   746  5287 E SyncBossHAL: [error  ] syncboss_hal_jedi.c(88): Failed to send telemetry event for module jedi with error -22
03-01 19:11:00.935   866  1049 W TrackingService: attachClient: found client in attached list
03-01 19:11:00.940   866  1049 I chatty  : uid=1000(system) Binder:866_1 identical 1 line
03-01 19:11:00.974   866  1049 W TrackingService: attachClient: found client in attached list
03-01 19:11:00.986   866  1547 W TrackingService: attachClient: found client in attached list
03-01 19:11:01.373   866  1547 I chatty  : uid=1000(system) Binder:866_4 identical 19 lines
03-01 19:11:01.400   866  1547 W TrackingService: attachClient: found client in attached list
03-01 19:11:01.405   866  1049 W TrackingService: attachClient: found client in attached list
03-01 19:11:01.694   866  1049 I chatty  : uid=1000(system) Binder:866_1 identical 15 lines
03-01 19:11:01.721   866  1049 W TrackingService: attachClient: found client in attached list
03-01 19:11:01.725   866  1547 W TrackingService: attachClient: found client in attached list
03-01 19:11:02.192   866  1547 I chatty  : uid=1000(system) Binder:866_4 identical 21 lines
03-01 19:11:02.233   866  1547 W TrackingService: attachClient: found client in attached list
03-01 19:11:02.235   866  1049 W TrackingService: attachClient: found client in attached list
03-01 19:11:02.477   866  1049 I chatty  : uid=1000(system) Binder:866_1 identical 12 lines
03-01 19:11:02.480   866  1049 W TrackingService: attachClient: found client in attached list
03-01 19:11:02.487   866  1547 W TrackingService: attachClient: found client in attached list
03-01 19:11:02.726   866  1547 I chatty  : uid=1000(system) Binder:866_4 identical 10 lines
03-01 19:11:02.730   866  1547 W TrackingService: attachClient: found client in attached list
03-01 19:11:02.732   866  1049 W TrackingService: attachClient: found client in attached list
03-01 19:11:02.955   866  1049 I chatty  : uid=1000(system) Binder:866_1 identical 8 lines
03-01 19:11:02.999   866  1049 W TrackingService: attachClient: found client in attached list
03-01 19:11:03.002   866  1547 W TrackingService: attachClient: found client in attached list
03-01 19:11:03.274   866  1547 I chatty  : uid=1000(system) Binder:866_4 identical 12 lines
03-01 19:11:03.283   866  1547 W TrackingService: attachClient: found client in attached list
03-01 19:11:03.285   866  1049 W TrackingService: attachClient: found client in attached list
03-01 19:11:03.498   866  1049 I chatty  : uid=1000(system) Binder:866_1 identical 8 lines
03-01 19:11:03.542   866  1049 W TrackingService: attachClient: found client in attached list
03-01 19:11:03.549   866  1547 W TrackingService: attachClient: found client in attached list
03-01 19:11:04.077   866  1547 I chatty  : uid=1000(system) Binder:866_4 identical 25 lines
03-01 19:11:04.098   866  1547 W TrackingService: attachClient: found client in attached list
03-01 19:11:04.106   866  1049 W TrackingService: attachClient: found client in attached list
03-01 19:11:05.156   866  1049 I chatty  : uid=1000(system) Binder:866_1 identical 54 lines
03-01 19:11:05.168   866  1049 W TrackingService: attachClient: found client in attached list
03-01 19:11:05.172   866  1547 W TrackingService: attachClient: found client in attached list
03-01 19:11:05.357  1057  1088 W ActivityManager: Stopping service due to app idle: u0a46 -1m12s97ms com.oculus.socialplatform/.partyservice.PartyService
03-01 19:11:05.365  1057  1539 I ActivityManager: Killing 4935:com.oculus.os.clearactivity/u0a72 (adj 995): empty #17
03-01 19:11:05.414  1057  1082 W ActivityManager: setHasOverlayUi called on unknown pid: 4935
03-01 19:11:05.443   866  1547 I chatty  : uid=1000(system) Binder:866_4 identical 10 lines
03-01 19:11:05.455   866  1547 W TrackingService: attachClient: found client in attached list
03-01 19:11:05.468   866  1049 W TrackingService: attachClient: found client in attached list
03-01 19:11:06.448   866  1049 I chatty  : uid=1000(system) Binder:866_1 identical 48 lines
03-01 19:11:06.468   866  1049 W TrackingService: attachClient: found client in attached list
03-01 19:11:06.469   866  1547 W TrackingService: attachClient: found client in attached list
03-01 19:11:06.718   866  1547 I chatty  : uid=1000(system) Binder:866_4 identical 12 lines
03-01 19:11:06.731   866  1547 W TrackingService: attachClient: found client in attached list
03-01 19:11:06.741   866  1049 W TrackingService: attachClient: found client in attached list
03-01 19:11:06.794   866  1049 I chatty  : uid=1000(system) Binder:866_1 identical 2 lines
03-01 19:11:06.814   866  1049 W TrackingService: attachClient: found client in attached list
03-01 19:11:06.822   866  1547 W TrackingService: attachClient: found client in attached list
03-01 19:11:07.055   866  1547 I chatty  : uid=1000(system) Binder:866_4 identical 10 lines
03-01 19:11:07.072   866  1547 W TrackingService: attachClient: found client in attached list
03-01 19:11:07.074   866  1049 W TrackingService: attachClient: found client in attached list
03-01 19:11:07.454   866  1049 I chatty  : uid=1000(system) Binder:866_1 identical 16 lines
03-01 19:11:07.480   866  1049 W TrackingService: attachClient: found client in attached list
03-01 19:11:07.481   866  1547 W TrackingService: attachClient: found client in attached list
03-01 19:11:07.977   866  1547 I chatty  : uid=1000(system) Binder:866_4 identical 26 lines
03-01 19:11:08.010   866  1547 W TrackingService: attachClient: found client in attached list
03-01 19:11:08.012   866  1049 W TrackingService: attachClient: found client in attached list
03-01 19:11:08.200   866  1049 I chatty  : uid=1000(system) Binder:866_1 identical 8 lines
03-01 19:11:08.239   866  1049 W TrackingService: attachClient: found client in attached list
03-01 19:11:08.240   866  1547 W TrackingService: attachClient: found client in attached list
03-01 19:11:08.600   866  1547 I chatty  : uid=1000(system) Binder:866_4 identical 17 lines
03-01 19:11:08.602   866  1547 W TrackingService: attachClient: found client in attached list
03-01 19:11:08.607   866  1049 W TrackingService: attachClient: found client in attached list
03-01 19:11:08.814   866  1049 I chatty  : uid=1000(system) Binder:866_1 identical 7 lines
03-01 19:11:08.841   866  1049 W TrackingService: attachClient: found client in attached list
03-01 19:11:08.844   866  1547 W TrackingService: attachClient: found client in attached list
03-01 19:11:08.864   866  1547 W TrackingService: attachClient: found client in attached list
03-01 19:11:08.866   866  1049 W TrackingService: attachClient: found client in attached list
03-01 19:11:09.374   866  1049 I chatty  : uid=1000(system) Binder:866_1 identical 23 lines
03-01 19:11:09.375   866  1049 W TrackingService: attachClient: found client in attached list
03-01 19:11:09.387   866  1547 W TrackingService: attachClient: found client in attached list
03-01 19:11:09.635   866  1547 I chatty  : uid=1000(system) Binder:866_4 identical 13 lines
03-01 19:11:09.669   866  1547 W TrackingService: attachClient: found client in attached list
03-01 19:11:09.672   866  1049 W TrackingService: attachClient: found client in attached list
03-01 19:11:09.897   866  1049 I chatty  : uid=1000(system) Binder:866_1 identical 11 lines
03-01 19:11:09.939   866  1049 W TrackingService: attachClient: found client in attached list
03-01 19:11:09.941   866  1547 W TrackingService: attachClient: found client in attached list
03-01 19:11:10.161   866  1547 I chatty  : uid=1000(system) Binder:866_4 identical 6 lines
03-01 19:11:10.173   866  1547 W TrackingService: attachClient: found client in attached list
03-01 19:11:10.182   866  1049 W TrackingService: attachClient: found client in attached list
03-01 19:11:10.469   866  1049 I chatty  : uid=1000(system) Binder:866_1 identical 14 lines
03-01 19:11:10.493   866  1049 W TrackingService: attachClient: found client in attached list
03-01 19:11:10.502   866  1547 W TrackingService: attachClient: found client in attached list
03-01 19:11:10.948   866  1547 I chatty  : uid=1000(system) Binder:866_4 identical 21 lines
03-01 19:11:10.995   866  1547 W TrackingService: attachClient: found client in attached list
03-01 19:11:10.997   866  1049 W TrackingService: attachClient: found client in attached list
03-01 19:11:11.778   866  1049 I chatty  : uid=1000(system) Binder:866_1 identical 36 lines
03-01 19:11:11.782   866  1049 W TrackingService: attachClient: found client in attached list
03-01 19:11:11.786   866  1547 W TrackingService: attachClient: found client in attached list
03-01 19:11:12.011   866  1547 I chatty  : uid=1000(system) Binder:866_4 identical 8 lines
03-01 19:11:12.040   866  1547 W TrackingService: attachClient: found client in attached list
03-01 19:11:12.043   866  1049 W TrackingService: attachClient: found client in attached list
03-01 19:11:12.051   866  1049 W TrackingService: attachClient: found client in attached list
03-01 19:11:12.052   866  1547 W TrackingService: attachClient: found client in attached list
03-01 19:11:12.275   866  1547 I chatty  : uid=1000(system) Binder:866_4 identical 7 lines
03-01 19:11:12.277   866  1547 W TrackingService: attachClient: found client in attached list
03-01 19:11:12.278   866  1049 W TrackingService: attachClient: found client in attached list
03-01 19:11:12.491   866  1049 I chatty  : uid=1000(system) Binder:866_1 identical 8 lines
03-01 19:11:12.530   866  1049 W TrackingService: attachClient: found client in attached list
03-01 19:11:12.533   866  1547 W TrackingService: attachClient: found client in attached list
03-01 19:11:12.754   866  1547 I chatty  : uid=1000(system) Binder:866_4 identical 9 lines
03-01 19:11:12.773   866  1547 W TrackingService: attachClient: found client in attached list
03-01 19:11:12.775   866  1049 W TrackingService: attachClient: found client in attached list
03-01 19:11:13.272   866  1049 I chatty  : uid=1000(system) Binder:866_1 identical 25 lines
03-01 19:11:13.302   866  1049 W TrackingService: attachClient: found client in attached list
03-01 19:11:13.307   866  1547 W TrackingService: attachClient: found client in attached list
03-01 19:11:13.600   866  1547 I chatty  : uid=1000(system) Binder:866_4 identical 15 lines
03-01 19:11:13.623   866  1547 W TrackingService: attachClient: found client in attached list
03-01 19:11:13.624   866  1049 W TrackingService: attachClient: found client in attached list
03-01 19:11:13.680   866  1049 I chatty  : uid=1000(system) Binder:866_1 identical 3 lines
03-01 19:11:13.711   866  1049 W TrackingService: attachClient: found client in attached list
03-01 19:11:13.728   746  5287 E SyncBossHAL: [error  ] syncboss_hal_jedi.c(88): Failed to send telemetry event for module jedi with error -22
03-01 19:11:13.755   866  1049 W TrackingService: attachClient: found client in attached list
03-01 19:11:13.845   866  1049 I chatty  : uid=1000(system) Binder:866_1 identical 3 lines
03-01 19:11:13.855   866  1049 W TrackingService: attachClient: found client in attached list
03-01 19:11:13.859   866  1547 W TrackingService: attachClient: found client in attached list
03-01 19:11:14.101   866  1547 I chatty  : uid=1000(system) Binder:866_4 identical 8 lines
03-01 19:11:14.110   866  1547 W TrackingService: attachClient: found client in attached list
03-01 19:11:14.112   866  1049 W TrackingService: attachClient: found client in attached list
03-01 19:11:14.341   866  1049 I chatty  : uid=1000(system) Binder:866_1 identical 9 lines
03-01 19:11:14.371   866  1049 W TrackingService: attachClient: found client in attached list
03-01 19:11:14.372   866  1547 W TrackingService: attachClient: found client in attached list
03-01 19:11:14.410   866  1547 I chatty  : uid=1000(system) Binder:866_4 identical 2 lines
03-01 19:11:14.436   866  1547 W TrackingService: attachClient: found client in attached list
03-01 19:11:14.437   866  1049 W TrackingService: attachClient: found client in attached list
03-01 19:11:14.637   866  1049 I chatty  : uid=1000(system) Binder:866_1 identical 10 lines
03-01 19:11:14.680   866  1049 W TrackingService: attachClient: found client in attached list
03-01 19:11:14.684   866  1547 W TrackingService: attachClient: found client in attached list
03-01 19:11:14.911   866  1547 I chatty  : uid=1000(system) Binder:866_4 identical 9 lines
03-01 19:11:14.940   866  1547 W TrackingService: attachClient: found client in attached list
03-01 19:11:14.943   866  1049 W TrackingService: attachClient: found client in attached list
03-01 19:11:15.370   866  1049 I chatty  : uid=1000(system) Binder:866_1 identical 22 lines
03-01 19:11:15.381   866  1049 W TrackingService: attachClient: found client in attached list
03-01 19:11:15.382   866  1547 W TrackingService: attachClient: found client in attached list
03-01 19:11:15.460   866  1547 I chatty  : uid=1000(system) Binder:866_4 identical 3 lines
03-01 19:11:15.470   866  1547 W TrackingService: attachClient: found client in attached list
03-01 19:11:15.472   866  1049 W TrackingService: attachClient: found client in attached list
03-01 19:11:16.130   866  1049 I chatty  : uid=1000(system) Binder:866_1 identical 29 lines
03-01 19:11:16.142   866  1049 W TrackingService: attachClient: found client in attached list
03-01 19:11:16.146   866  1547 W TrackingService: attachClient: found client in attached list
03-01 19:11:17.470   866  1547 I chatty  : uid=1000(system) Binder:866_4 identical 57 lines
03-01 19:11:17.510   866  1547 W TrackingService: attachClient: found client in attached list
03-01 19:11:17.512   866  1049 W TrackingService: attachClient: found client in attached list
03-01 19:11:17.966   866  1049 I chatty  : uid=1000(system) Binder:866_1 identical 23 lines
03-01 19:11:17.997   866  1049 W TrackingService: attachClient: found client in attached list
03-01 19:11:17.998   866  1547 W TrackingService: attachClient: found client in attached list
03-01 19:11:18.528   866  1547 I chatty  : uid=1000(system) Binder:866_4 identical 24 lines
03-01 19:11:18.533   866  1547 W TrackingService: attachClient: found client in attached list
03-01 19:11:18.540   866  1049 W TrackingService: attachClient: found client in attached list
03-01 19:11:18.795   866  1049 I chatty  : uid=1000(system) Binder:866_1 identical 12 lines
03-01 19:11:18.819   866  1049 W TrackingService: attachClient: found client in attached list
03-01 19:11:18.826   866  1547 W TrackingService: attachClient: found client in attached list
03-01 19:11:19.054   866  1547 I chatty  : uid=1000(system) Binder:866_4 identical 11 lines
03-01 19:11:19.095   866  1547 W TrackingService: attachClient: found client in attached list
03-01 19:11:19.102   866  1049 W TrackingService: attachClient: found client in attached list
03-01 19:11:19.310   866  1049 I chatty  : uid=1000(system) Binder:866_1 identical 8 lines
03-01 19:11:19.319   866  1049 W TrackingService: attachClient: found client in attached list
03-01 19:11:19.321   866  1547 W TrackingService: attachClient: found client in attached list
03-01 19:11:19.566   866  1547 I chatty  : uid=1000(system) Binder:866_4 identical 12 lines
03-01 19:11:19.595   866  1547 W TrackingService: attachClient: found client in attached list
03-01 19:11:19.597   866  1049 W TrackingService: attachClient: found client in attached list
03-01 19:11:19.614   866  1049 W TrackingService: attachClient: found client in attached list
03-01 19:11:19.619   866  1547 W TrackingService: attachClient: found client in attached list
03-01 19:11:20.129   866  1547 I chatty  : uid=1000(system) Binder:866_4 identical 23 lines
03-01 19:11:20.155   866  1547 W TrackingService: attachClient: found client in attached list
03-01 19:11:20.157   866  1049 W TrackingService: attachClient: found client in attached list
03-01 19:11:20.393   866  1049 I chatty  : uid=1000(system) Binder:866_1 identical 10 lines
03-01 19:11:20.401   866  1049 W TrackingService: attachClient: found client in attached list
03-01 19:11:20.407   866  1547 W TrackingService: attachClient: found client in attached list
03-01 19:11:20.436   866  1547 W TrackingService: attachClient: found client in attached list
03-01 19:11:20.438   866  1049 W TrackingService: attachClient: found client in attached list
03-01 19:11:20.884   866  1049 I chatty  : uid=1000(system) Binder:866_1 identical 17 lines
03-01 19:11:20.905   866  1049 W TrackingService: attachClient: found client in attached list
03-01 19:11:20.908   866  1547 W TrackingService: attachClient: found client in attached list
03-01 19:11:21.108   866  1547 I chatty  : uid=1000(system) Binder:866_4 identical 10 lines
03-01 19:11:21.148   866  1547 W TrackingService: attachClient: found client in attached list
03-01 19:11:21.150   866  1049 W TrackingService: attachClient: found client in attached list
03-01 19:11:21.955   866  1049 I chatty  : uid=1000(system) Binder:866_1 identical 30 lines
03-01 19:11:21.976   866  1049 W TrackingService: attachClient: found client in attached list
03-01 19:11:21.985   866  1547 W TrackingService: attachClient: found client in attached list
03-01 19:11:22.000   866  1547 W TrackingService: attachClient: found client in attached list
03-01 19:11:22.004   866  1049 W TrackingService: attachClient: found client in attached list
03-01 19:11:23.033   866  1049 I chatty  : uid=1000(system) Binder:866_1 identical 45 lines
03-01 19:11:23.039   866  1049 W TrackingService: attachClient: found client in attached list
03-01 19:11:23.040   866  1547 W TrackingService: attachClient: found client in attached list
03-01 19:11:23.156   866  1547 I chatty  : uid=1000(system) Binder:866_4 identical 5 lines
03-01 19:11:23.180   866  1547 W TrackingService: attachClient: found client in attached list
03-01 19:11:23.187   866  1049 W TrackingService: attachClient: found client in attached list
03-01 19:11:23.280   866  1049 I chatty  : uid=1000(system) Binder:866_1 identical 4 lines
03-01 19:11:23.294   866  1049 W TrackingService: attachClient: found client in attached list
03-01 19:11:23.296   866  1547 W TrackingService: attachClient: found client in attached list
03-01 19:11:23.439   866  1547 I chatty  : uid=1000(system) Binder:866_4 identical 6 lines
03-01 19:11:23.462   866  1547 W TrackingService: attachClient: found client in attached list
03-01 19:11:23.465   866  1049 W TrackingService: attachClient: found client in attached list
03-01 19:11:23.557   866  1049 I chatty  : uid=1000(system) Binder:866_1 identical 4 lines
03-01 19:11:23.570   866  1049 W TrackingService: attachClient: found client in attached list
03-01 19:11:23.571   866  1547 W TrackingService: attachClient: found client in attached list
03-01 19:11:23.837   866  1547 I chatty  : uid=1000(system) Binder:866_4 identical 10 lines
03-01 19:11:23.842   866  1547 W TrackingService: attachClient: found client in attached list
03-01 19:11:23.850   866  1049 W TrackingService: attachClient: found client in attached list
03-01 19:11:24.420   866  1049 I chatty  : uid=1000(system) Binder:866_1 identical 27 lines
03-01 19:11:24.461   866  1049 W TrackingService: attachClient: found client in attached list
03-01 19:11:24.463   866  1547 W TrackingService: attachClient: found client in attached list
03-01 19:11:24.601   866  1547 I chatty  : uid=1000(system) Binder:866_4 identical 6 lines
03-01 19:11:24.635   866  1547 W TrackingService: attachClient: found client in attached list
03-01 19:11:24.637   866  1049 W TrackingService: attachClient: found client in attached list
03-01 19:11:24.850   866  1049 I chatty  : uid=1000(system) Binder:866_1 identical 10 lines
03-01 19:11:24.891   866  1049 W TrackingService: attachClient: found client in attached list
03-01 19:11:24.894   866  1547 W TrackingService: attachClient: found client in attached list
03-01 19:11:25.272   866  1547 I chatty  : uid=1000(system) Binder:866_4 identical 16 lines
03-01 19:11:25.313   866  1547 W TrackingService: attachClient: found client in attached list
03-01 19:11:25.316   866  1049 W TrackingService: attachClient: found client in attached list
03-01 19:11:25.450   866  1049 I chatty  : uid=1000(system) Binder:866_1 identical 5 lines
03-01 19:11:25.453   866  1049 W TrackingService: attachClient: found client in attached list
03-01 19:11:25.462   866  1547 W TrackingService: attachClient: found client in attached list
03-01 19:11:25.695   866  1547 I chatty  : uid=1000(system) Binder:866_4 identical 11 lines
03-01 19:11:25.726   866  1547 W TrackingService: attachClient: found client in attached list
03-01 19:11:25.729   866  1049 W TrackingService: attachClient: found client in attached list
03-01 19:11:26.231   866  1049 I chatty  : uid=1000(system) Binder:866_1 identical 20 lines
03-01 19:11:26.245   866  1049 W TrackingService: attachClient: found client in attached list
03-01 19:11:26.248   866  1547 W TrackingService: attachClient: found client in attached list
03-01 19:11:26.451   866  1547 I chatty  : uid=1000(system) Binder:866_4 identical 9 lines
03-01 19:11:26.495   866  1547 W TrackingService: attachClient: found client in attached list
03-01 19:11:26.498   866  1049 W TrackingService: attachClient: found client in attached list
03-01 19:11:26.951   866  1049 I chatty  : uid=1000(system) Binder:866_1 identical 17 lines
03-01 19:11:26.961   866  1049 W TrackingService: attachClient: found client in attached list
03-01 19:11:26.967   866  1547 W TrackingService: attachClient: found client in attached list
03-01 19:11:27.261   866  1547 I chatty  : uid=1000(system) Binder:866_4 identical 14 lines
03-01 19:11:27.303   866  1547 W TrackingService: attachClient: found client in attached list
03-01 19:11:27.306   866  1049 W TrackingService: attachClient: found client in attached list
03-01 19:11:27.444   866  1049 I chatty  : uid=1000(system) Binder:866_1 identical 5 lines
03-01 19:11:27.490   866  1049 W TrackingService: attachClient: found client in attached list
03-01 19:11:27.495   866  1547 W TrackingService: attachClient: found client in attached list
03-01 19:11:27.816   866  1547 I chatty  : uid=1000(system) Binder:866_4 identical 12 lines
03-01 19:11:27.844   866  1547 W TrackingService: attachClient: found client in attached list
03-01 19:11:27.845   866  1049 W TrackingService: attachClient: found client in attached list
03-01 19:11:28.015   866  1049 I chatty  : uid=1000(system) Binder:866_1 identical 9 lines
03-01 19:11:28.058   866  1049 W TrackingService: attachClient: found client in attached list
03-01 19:11:28.060   866  1547 W TrackingService: attachClient: found client in attached list
03-01 19:11:28.202   866  1547 I chatty  : uid=1000(system) Binder:866_4 identical 6 lines
03-01 19:11:28.210   866  1547 W TrackingService: attachClient: found client in attached list
03-01 19:11:28.214   866  1049 W TrackingService: attachClient: found client in attached list
03-01 19:11:28.253  1057  5312 W ActivityManager: Package for pid 855: no process record found
03-01 19:11:28.438   866  1049 I chatty  : uid=1000(system) Binder:866_1 identical 7 lines
03-01 19:11:28.483   866  1049 W TrackingService: attachClient: found client in attached list
03-01 19:11:28.491   866  1547 W TrackingService: attachClient: found client in attached list
03-01 19:11:29.390   866  1547 I chatty  : uid=1000(system) Binder:866_4 identical 39 lines
03-01 19:11:29.399   866  1547 W TrackingService: attachClient: found client in attached list
03-01 19:11:29.401   866  1049 W TrackingService: attachClient: found client in attached list
03-01 19:11:29.613   866  1049 I chatty  : uid=1000(system) Binder:866_1 identical 9 lines
03-01 19:11:29.644   866  1049 W TrackingService: attachClient: found client in attached list
03-01 19:11:29.648   866  1547 W TrackingService: attachClient: found client in attached list
03-01 19:11:30.117   866  1547 I chatty  : uid=1000(system) Binder:866_4 identical 19 lines
03-01 19:11:30.125   866  1547 W TrackingService: attachClient: found client in attached list
03-01 19:11:30.129   866  1049 W TrackingService: attachClient: found client in attached list
03-01 19:11:30.440   866  1049 I chatty  : uid=1000(system) Binder:866_1 identical 16 lines
03-01 19:11:30.452   866  1049 W TrackingService: attachClient: found client in attached list
03-01 19:11:30.461   866  1547 W TrackingService: attachClient: found client in attached list
03-01 19:11:30.714   866  1547 I chatty  : uid=1000(system) Binder:866_4 identical 12 lines
03-01 19:11:30.736   866  1547 W TrackingService: attachClient: found client in attached list
03-01 19:11:30.739   866  1049 W TrackingService: attachClient: found client in attached list
03-01 19:11:30.881   866  1049 I chatty  : uid=1000(system) Binder:866_1 identical 7 lines
03-01 19:11:30.900   866  1049 W TrackingService: attachClient: found client in attached list
03-01 19:11:30.906   866  1547 W TrackingService: attachClient: found client in attached list
03-01 19:11:30.953   866  1547 I chatty  : uid=1000(system) Binder:866_4 identical 2 lines
03-01 19:11:30.965   866  1547 W TrackingService: attachClient: found client in attached list
03-01 19:11:30.969   866  1049 W TrackingService: attachClient: found client in attached list
03-01 19:11:31.157   866  1049 I chatty  : uid=1000(system) Binder:866_1 identical 8 lines
03-01 19:11:31.181   866  1049 W TrackingService: attachClient: found client in attached list
03-01 19:11:31.185   866  1547 W TrackingService: attachClient: found client in attached list
03-01 19:11:31.427   866  1547 I chatty  : uid=1000(system) Binder:866_4 identical 12 lines
03-01 19:11:31.453   866  1547 W TrackingService: attachClient: found client in attached list
03-01 19:11:31.462   866  1049 W TrackingService: attachClient: found client in attached list
03-01 19:11:31.677   866  1049 I chatty  : uid=1000(system) Binder:866_1 identical 9 lines
03-01 19:11:31.717   866  1049 W TrackingService: attachClient: found client in attached list
03-01 19:11:31.719   866  1547 W TrackingService: attachClient: found client in attached list
03-01 19:11:31.722   866  1049 W TrackingService: attachClient: found client in attached list
03-01 19:11:31.932   866  1049 I chatty  : uid=1000(system) Binder:866_1 identical 10 lines
03-01 19:11:31.948   866  1049 W TrackingService: attachClient: found client in attached list
03-01 19:11:31.951   866  1547 W TrackingService: attachClient: found client in attached list
03-01 19:11:32.176   866  1547 I chatty  : uid=1000(system) Binder:866_4 identical 9 lines
03-01 19:11:32.196   866  1547 W TrackingService: attachClient: found client in attached list
03-01 19:11:32.199   866  1049 W TrackingService: attachClient: found client in attached list
03-01 19:11:32.519   866  1049 I chatty  : uid=1000(system) Binder:866_1 identical 17 lines
03-01 19:11:32.522   866  1049 W TrackingService: attachClient: found client in attached list
03-01 19:11:32.524   866  1547 W TrackingService: attachClient: found client in attached list
03-01 19:11:32.571   866  1547 I chatty  : uid=1000(system) Binder:866_4 identical 3 lines
03-01 19:11:32.601   866  1547 W TrackingService: attachClient: found client in attached list
03-01 19:11:32.604   866  1049 W TrackingService: attachClient: found client in attached list
03-01 19:11:32.735   866  1049 I chatty  : uid=1000(system) Binder:866_1 identical 6 lines
03-01 19:11:32.780   866  1049 W TrackingService: attachClient: found client in attached list
03-01 19:11:32.785   866  1547 W TrackingService: attachClient: found client in attached list
03-01 19:11:32.863   866  1547 I chatty  : uid=1000(system) Binder:866_4 identical 3 lines
03-01 19:11:32.877   866  1547 W TrackingService: attachClient: found client in attached list
03-01 19:11:32.879   866  1049 W TrackingService: attachClient: found client in attached list
03-01 19:11:33.480   866  1049 I chatty  : uid=1000(system) Binder:866_1 identical 28 lines
03-01 19:11:33.502   866  1049 W TrackingService: attachClient: found client in attached list
03-01 19:11:33.506   866  1547 W TrackingService: attachClient: found client in attached list
03-01 19:11:33.871   866  1547 I chatty  : uid=1000(system) Binder:866_4 identical 15 lines
03-01 19:11:33.888   866  1547 W TrackingService: attachClient: found client in attached list
03-01 19:11:33.891   866  1049 W TrackingService: attachClient: found client in attached list
03-01 19:11:33.991   866  1049 I chatty  : uid=1000(system) Binder:866_1 identical 4 lines
03-01 19:11:34.031   866  1049 W TrackingService: attachClient: found client in attached list
03-01 19:11:34.034   866  1547 W TrackingService: attachClient: found client in attached list
03-01 19:11:34.162   866  1547 I chatty  : uid=1000(system) Binder:866_4 identical 4 lines
03-01 19:11:34.168   866  1547 W TrackingService: attachClient: found client in attached list
03-01 19:11:34.172   866  1049 W TrackingService: attachClient: found client in attached list
03-01 19:11:34.308   866  1049 I chatty  : uid=1000(system) Binder:866_1 identical 4 lines
03-01 19:11:34.311   866  1049 W TrackingService: attachClient: found client in attached list
03-01 19:11:34.315   866  1547 W TrackingService: attachClient: found client in attached list
03-01 19:11:34.810   866  1547 I chatty  : uid=1000(system) Binder:866_4 identical 24 lines
03-01 19:11:34.821   866  1547 W TrackingService: attachClient: found client in attached list
03-01 19:11:34.827   866  1049 W TrackingService: attachClient: found client in attached list
03-01 19:11:34.916   866  1049 I chatty  : uid=1000(system) Binder:866_1 identical 4 lines
03-01 19:11:34.933   866  1049 W TrackingService: attachClient: found client in attached list
03-01 19:11:34.943   866  1547 W TrackingService: attachClient: found client in attached list
03-01 19:11:36.092   866  1547 I chatty  : uid=1000(system) Binder:866_4 identical 61 lines
03-01 19:11:36.100   866  1547 W TrackingService: attachClient: found client in attached list
03-01 19:11:36.102   866  1049 W TrackingService: attachClient: found client in attached list
03-01 19:11:36.521   866  1049 I chatty  : uid=1000(system) Binder:866_1 identical 20 lines
03-01 19:11:36.555   866  1049 W TrackingService: attachClient: found client in attached list
03-01 19:11:36.558   866  1547 W TrackingService: attachClient: found client in attached list
03-01 19:11:37.023   866  1547 I chatty  : uid=1000(system) Binder:866_4 identical 25 lines
03-01 19:11:37.028   866  1547 W TrackingService: attachClient: found client in attached list
03-01 19:11:37.030   866  1049 W TrackingService: attachClient: found client in attached list
03-01 19:11:37.070   866  1049 I chatty  : uid=1000(system) Binder:866_1 identical 2 lines
03-01 19:11:37.079   866  1049 W TrackingService: attachClient: found client in attached list
03-01 19:11:37.081   866  1547 W TrackingService: attachClient: found client in attached list
03-01 19:11:38.121   866  1547 I chatty  : uid=1000(system) Binder:866_4 identical 51 lines
03-01 19:11:38.125   866  1547 W TrackingService: attachClient: found client in attached list
03-01 19:11:38.129   866  1049 W TrackingService: attachClient: found client in attached list
03-01 19:11:38.219   866  1049 I chatty  : uid=1000(system) Binder:866_1 identical 5 lines
03-01 19:11:38.260   866  1049 W TrackingService: attachClient: found client in attached list
03-01 19:11:38.261   866  1547 W TrackingService: attachClient: found client in attached list
03-01 19:11:38.504   866  1547 I chatty  : uid=1000(system) Binder:866_4 identical 12 lines
03-01 19:11:38.522   866  1547 W TrackingService: attachClient: found client in attached list
03-01 19:11:38.524   866  1049 W TrackingService: attachClient: found client in attached list
03-01 19:11:38.841   866  1049 I chatty  : uid=1000(system) Binder:866_1 identical 13 lines
03-01 19:11:38.884   866  1049 W TrackingService: attachClient: found client in attached list
03-01 19:11:38.887   866  1547 W TrackingService: attachClient: found client in attached list
03-01 19:11:39.134   866  1547 I chatty  : uid=1000(system) Binder:866_4 identical 12 lines
03-01 19:11:39.150   866  1547 W TrackingService: attachClient: found client in attached list
03-01 19:11:39.151   866  1049 W TrackingService: attachClient: found client in attached list
03-01 19:11:39.775   866  1049 I chatty  : uid=1000(system) Binder:866_1 identical 30 lines
03-01 19:11:39.799   866  1049 W TrackingService: attachClient: found client in attached list
03-01 19:11:39.801   866  1547 W TrackingService: attachClient: found client in attached list
--------- beginning of main
03-01 19:11:40.025   866  7004 I [CT]    : CONSTELLATION:VISION_STATUS: 86557c336c360320 (L): BlobDetection:[#BlobsDetected=(23.80, 18.82)]Matching:[MatchSuccess=1.000, MatchCost=(0.00225, 0.00000), #MatchedBlobs=(11.08, 2.88), #MatchedLeds=(6.83, 1.37), RematchM=0.000, SkipRefine=0.000] MatchMethod:[Prox=1.000, ConstBrute=0.000, UnconstBrute=0.000] MatchResets[AnomBlobSize=0.000, SharedMatch=0.000, DenseReacq=0.000] | Fusion:[FusionError=0.000, ImuFromCamMs=(10.884, 3.855), RematchF=0.000] FusionUpdates:[Successful=1.000, Reliable=1.000, TightFusion=1.000, FullPose=0.000, StaticPrior=0.000, StaticForHandTrans=0.000, PoseUpdateMD=(0.0000, 0.0000)] FusionResets[6DoFReset=0.000, ResetSuccess=0.000] FusionStatus[HasPosition=1.000, HasVelocity=1.000] 
03-01 19:11:40.039   866  5329 I [CT]    : CONSTELLATION:IMU_STATUS: 86557c336c360320 (L): [FusionTracked=1.000, OutputTracked=1.000, OutputValid=1.000] [AccelSat=0.000, GyroSat=0.000] 
03-01 19:11:40.523   866  6995 W [CT]    : TIMESTAMPCHECKER: Nominal rate wrong. Estimated data rate: 25, Nominal is 30.000300003000028
03-01 19:11:40.876   866  1547 I chatty  : uid=1000(system) Binder:866_4 identical 54 lines
03-01 19:11:40.899   866  6995 I [CT]    : VIPER: Mode=SuperVega,Status=6DoF,TRACKING,Inl=18,Mem=90.4,Jit=0.1mm,Issues(Cam/min=0.0,IMU/min=0.0),Exp=(14.0ms,g=15.0,I=64,Ir=306.9)(14.0ms,g=15.0,I=84,Ir=404.3)(14.0ms,g=15.0,I=92,Ir=441.0)(14.0ms,g=15.0,I=71,Ir=338.1)
03-01 19:11:40.899   866  6995 W [CT]    : VIPER: Images too dark, Environment trending to dark, 
03-01 19:11:40.906   866  1547 W TrackingService: attachClient: found client in attached list
03-01 19:11:40.908   866  1049 W TrackingService: attachClient: found client in attached list
03-01 19:11:41.092   866  1049 I chatty  : uid=1000(system) Binder:866_1 identical 8 lines
03-01 19:11:41.100   866  1049 W TrackingService: attachClient: found client in attached list
03-01 19:11:41.103   866  1547 W TrackingService: attachClient: found client in attached list
03-01 19:11:41.343   866  1547 I chatty  : uid=1000(system) Binder:866_4 identical 14 lines
03-01 19:11:41.372   866  1547 W TrackingService: attachClient: found client in attached list
03-01 19:11:41.375   866  1049 W TrackingService: attachClient: found client in attached list
03-01 19:11:41.819   866  1049 I chatty  : uid=1000(system) Binder:866_1 identical 23 lines
03-01 19:11:41.824  2573  2908 I Telemetry: App memory usage: PSS=27 MiB, PrivateDirty=20 MiB, PrivateClean=2 MiB, GPU=4.7/4.9 MiB (97% allocated)
03-01 19:11:41.856   866  1049 W TrackingService: attachClient: found client in attached list
03-01 19:11:41.857   866  1547 W TrackingService: attachClient: found client in attached list
03-01 19:11:42.115   866  1547 I chatty  : uid=1000(system) Binder:866_4 identical 12 lines
03-01 19:11:42.124   866  1547 W TrackingService: attachClient: found client in attached list
03-01 19:11:42.130   866  1049 W TrackingService: attachClient: found client in attached list
03-01 19:11:42.424   866  1209 I [CT]    : VIPER: InternalAnchorHealthMonitor: Anchors: 3 | Persistent anchors: 2 | Anchors never observed: 0
03-01 19:11:42.424   866  1209 I [CT]    :   (min/avg/max) Anchor landmarks: (13|16.666666666666668|20) | Covisible keyframes: (13|14.333333333333334|15) | Times since observation: (0|416.6666666666667|628.8)
03-01 19:11:42.524   866  6995 W [CT]    : TIMESTAMPCHECKER: Nominal rate wrong. Estimated data rate: 25, Nominal is 30.000300003000028
03-01 19:11:43.412   866  1049 I chatty  : uid=1000(system) Binder:866_1 identical 57 lines
03-01 19:11:43.419   866  1049 W TrackingService: attachClient: found client in attached list
03-01 19:11:43.425   866  1547 W TrackingService: attachClient: found client in attached list
03-01 19:11:43.464   866  7004 I [CT]    : CONSTELLATION:VISION_STATUS: 729165a0fe4054d7 (R): BlobDetection:[#BlobsDetected=(20.91, 9.00)]Matching:[MatchSuccess=0.948, MatchCost=(0.00247, 0.00000), #MatchedBlobs=(8.83, 12.42), #MatchedLeds=(5.93, 2.43), RematchM=0.008, SkipRefine=0.000] MatchMethod:[Prox=0.936, ConstBrute=0.020, UnconstBrute=0.000] MatchResets[AnomBlobSize=0.008, SharedMatch=0.000, DenseReacq=0.000] | Fusion:[FusionError=0.000, ImuFromCamMs=(9.424, 1.920), RematchF=0.096] FusionUpdates:[Successful=0.948, Reliable=0.912, TightFusion=0.920, FullPose=0.024, StaticPrior=0.000, StaticForHandTrans=0.000, PoseUpdateMD=(3.9245, 57.5361)] FusionResets[6DoFReset=0.028, ResetSuccess=0.004] FusionStatus[HasPosition=0.976, HasVelocity=1.000] 
03-01 19:11:43.611   866  6995 I [CT]    : boltlib: DSP utilization: 7.41 % (370 / 5004 ms)
03-01 19:11:43.775   866  5329 I [CT]    : CONSTELLATION:IMU_STATUS: 729165a0fe4054d7 (R): [FusionTracked=0.975, OutputTracked=0.970, OutputValid=1.000] [AccelSat=0.000, GyroSat=0.000] 
03-01 19:11:44.286   866  1547 I chatty  : uid=1000(system) Binder:866_4 identical 44 lines
03-01 19:11:44.304   866  1547 W TrackingService: attachClient: found client in attached list
03-01 19:11:44.306   866  1049 W TrackingService: attachClient: found client in attached list
03-01 19:11:44.386  1766  2804 E TREX    : Interface version 1 was not found. Check debug build for more information.
03-01 19:11:44.439   866  1049 I chatty  : uid=1000(system) Binder:866_1 identical 6 lines
03-01 19:11:44.454   866  1049 W TrackingService: attachClient: found client in attached list
03-01 19:11:44.455   866  1547 W TrackingService: attachClient: found client in attached list
03-01 19:11:44.499   866  6995 I [CT]    : VIPER: Mode=SuperVega,Status=6DoF,TRACKING,Inl=17,Mem=90.4,Jit=0.1mm,Issues(Cam/min=0.0,IMU/min=0.0),Exp=(14.0ms,g=15.0,I=64,Ir=305.9)(14.0ms,g=15.0,I=82,Ir=394.8)(14.0ms,g=15.0,I=92,Ir=440.7)(14.0ms,g=15.0,I=70,Ir=336.1)
03-01 19:11:44.499   866  6995 W [CT]    : VIPER: Images too dark, Environment trending to dark, 
03-01 19:11:44.564   866  6995 W [CT]    : TIMESTAMPCHECKER: Nominal rate wrong. Estimated data rate: 25, Nominal is 30.000300003000028
03-01 19:11:44.669   866  1547 I chatty  : uid=1000(system) Binder:866_4 identical 11 lines
03-01 19:11:44.691   866  1547 W TrackingService: attachClient: found client in attached list
03-01 19:11:44.692   866  1049 W TrackingService: attachClient: found client in attached list
03-01 19:11:44.719   866  5329 I [CT]    : INPUT_TRACKING:Behavior:NearHeadMoving: [Right] state transition: InRange -> Init
03-01 19:11:44.721   866  5329 I [CT]    : INPUT_TRACKING:Behavior:NearHeadMoving: [Right] state transition: Init -> TorsoInitialized
03-01 19:11:44.833   866  5329 I [CT]    : INPUT_TRACKING:Behavior:NearHeadMoving: [Right] state transition: TorsoInitialized -> InRange
03-01 19:11:44.906   866  1049 I chatty  : uid=1000(system) Binder:866_1 identical 12 lines
03-01 19:11:44.940   866  1049 W TrackingService: attachClient: found client in attached list
03-01 19:11:44.943   866  1547 W TrackingService: attachClient: found client in attached list
03-01 19:11:44.970  2487  2487 D MetaCam (DeviceLifecycleManager): onCapabilitiesChanged(...). Has NET_CAPABILITY_VALIDATED.
03-01 19:11:44.973  2487  2487 I chatty  : uid=10097(com.oculus.metacam) identical 3 lines
03-01 19:11:44.973  2487  2487 D MetaCam (DeviceLifecycleManager): onCapabilitiesChanged(...). Has NET_CAPABILITY_VALIDATED.
03-01 19:11:44.975  7137  7163 I chatty  : uid=10187(com.YourCompany.TemplateProject3) expire 4 lines
03-01 19:11:44.978  7137  7477 I chatty  : uid=10187(com.YourCompany.TemplateProject3) expire 3 lines
03-01 19:11:45.050   866  1547 I chatty  : uid=1000(system) Binder:866_4 identical 6 lines
03-01 19:11:45.088   866  1547 W TrackingService: attachClient: found client in attached list
03-01 19:11:45.092   866  1049 W TrackingService: attachClient: found client in attached list
03-01 19:11:45.106   866  5329 I [CT]    : INPUT_TRACKING:Behavior:NearHeadMoving: [Left] state transition: TorsoInitialized -> InRange
03-01 19:11:45.301   866  1049 I chatty  : uid=1000(system) Binder:866_1 identical 9 lines
03-01 19:11:45.310   866  1049 W TrackingService: attachClient: found client in attached list
03-01 19:11:45.311   866  1547 W TrackingService: attachClient: found client in attached list
03-01 19:11:45.396  7137  7172 I chatty  : uid=10187(com.YourCompany.TemplateProject3) expire 2 lines
03-01 19:11:45.572  4074  4133 I chatty  : uid=10033(com.oculus.xrstreamingclient) SlamAnchorMem expire 876 lines
03-01 19:11:45.587  4074  4181 I chatty  : uid=10033(com.oculus.xrstreamingclient) SlamAnchorMem expire 280 lines
03-01 19:11:45.639   866  5329 I [CT]    : INPUT_TRACKING:Behavior:NearHeadMoving: [Left] state transition: InRange -> Init
03-01 19:11:45.641   866  5329 I [CT]    : INPUT_TRACKING:Behavior:NearHeadMoving: [Left] state transition: Init -> TorsoInitialized
03-01 19:11:45.711  4074  4158 I chatty  : uid=10033(com.oculus.xrstreamingclient) xrsp-rt-read expire 13 lines
03-01 19:11:45.783   866  1209 W [CT]    : VEGA_MAP_BUILDER: Resolved a potential TrackToMapPointAssosiation conflict between tracks 2097270 (index = 32, version = 118) and 4391075 (index = 67, version = 163). Point handle: 2448 0.
03-01 19:11:45.794   866  1547 I chatty  : uid=1000(system) Binder:866_4 identical 26 lines
03-01 19:11:45.805   866  1547 W TrackingService: attachClient: found client in attached list
03-01 19:11:45.807   866  1049 W TrackingService: attachClient: found client in attached list
03-01 19:11:45.815  2431  3138 I Telemetry: App memory usage: PSS=47 MiB, PrivateDirty=34 MiB, PrivateClean=5 MiB, GPU=3.8/4.0 MiB (96% allocated)
03-01 19:11:46.023  7137  7240 I chatty  : uid=10187(com.YourCompany.TemplateProject3) expire 13 lines
03-01 19:11:46.127   866  1049 I chatty  : uid=1000(system) Binder:866_1 identical 17 lines
03-01 19:11:46.165   866  1049 W TrackingService: attachClient: found client in attached list
03-01 19:11:46.167   866  1547 W TrackingService: attachClient: found client in attached list
03-01 19:11:46.395   866  5329 I [CT]    : INPUT_TRACKING:Behavior:NearHeadMoving: [Right] state transition: InRange -> Init
03-01 19:11:46.397   866  5329 I [CT]    : INPUT_TRACKING:Behavior:NearHeadMoving: [Right] state transition: Init -> TorsoInitialized
03-01 19:11:46.505   866  1209 I [CT]    : Vega:SubmapPublisher: Tracking parent no change: frame movement above thresh -> Publish
03-01 19:11:46.505   866  1209 I [CT]    : Vega:SubmapPublisher: Start to publish submaps, found candidates:  3
03-01 19:11:46.505   866  1209 E [CT]    : SubmapRecords: findSubmapId found 2 submap records hold the same query krHandle
03-01 19:11:46.580   866  6995 W [CT]    : VEGA:MAP_TRACKING_HM: [Throttled count=2] Bad map tracking: map tracking failed @ Submap id = 2, version = 1442406378 with status: 2
03-01 19:11:46.580   866  6995 W [CT]    : VEGA:MAP_TRACKING_HM: [Throttled count=2] Map tracking did not run.
03-01 19:11:46.604   866  6995 W [CT]    : TIMESTAMPCHECKER: Nominal rate wrong. Estimated data rate: 25, Nominal is 30.000300003000028
03-01 19:11:46.708  7137  7137 I chatty  : uid=10187(com.YourCompany.TemplateProject3) expire 2 lines
03-01 19:11:46.755   866  1547 I chatty  : uid=1000(system) Binder:866_4 identical 27 lines
03-01 19:11:46.770   866  1547 W TrackingService: attachClient: found client in attached list
03-01 19:11:46.772   866  1049 W TrackingService: attachClient: found client in attached list
03-01 19:11:47.991  2487  2487 D MetaCam (DeviceLifecycleManager): onCapabilitiesChanged(...). Has NET_CAPABILITY_VALIDATED.
03-01 19:11:47.991  2487  2487 D MetaCam (DeviceLifecycleManager): onCapabilitiesChanged(...). Has NET_CAPABILITY_VALIDATED.
03-01 19:11:47.993  7137  7482 I chatty  : uid=10187(com.YourCompany.TemplateProject3) expire 3 lines
03-01 19:11:48.101   866  6995 I [CT]    : VIPER: Mode=SuperVega,Status=6DoF,TRACKING,Inl=19,Mem=90.4,Jit=0.3mm,Issues(Cam/min=0.0,IMU/min=0.0),Exp=(14.0ms,g=15.0,I=64,Ir=307.8)(14.0ms,g=15.0,I=84,Ir=403.6)(14.0ms,g=15.0,I=88,Ir=420.0)(14.0ms,g=15.0,I=69,Ir=332.2)
03-01 19:11:48.101   866  6995 W [CT]    : VIPER: Images too dark, Environment trending to dark, 
03-01 19:11:48.613   866  5303 I [CT]    : boltlib: DSP utilization: 8.02 % (401 / 5002 ms)
03-01 19:11:48.644   866  6995 W [CT]    : TIMESTAMPCHECKER: Nominal rate wrong. Estimated data rate: 25, Nominal is 30.000300003000028
03-01 19:11:48.644   866  1049 I chatty  : uid=1000(system) Binder:866_1 identical 95 lines
03-01 19:11:48.675   866  1049 W TrackingService: attachClient: found client in attached list
