02-08 22:46:59.023   883 24830 W [CT]    : VEGA:MAP_TRACKING_HM: [Throttled count=24] Map tracking did not run.
02-08 22:46:59.025 22160 25963 W DeviceConfigUtil: Try to get config param "oculus_social_platform_deviceconfig:oculus_parties_remove_party_enforcer" before Device Config has subscribed to the service.
02-08 22:46:59.025 22160 22260 W REFLECT [RUNTIMEIPC]: !IsClientValid: MarkerEnd
02-08 22:46:59.026 22160 22260 E QplClient: (com.oculus.socialplatform) MarkerEnd failed!
02-08 22:46:59.048 22160 25963 W DeviceConfigUtil: Try to get config param "oculus_presence_service:party_service_in_presence_service" before Device Config has subscribed to the service.
02-08 22:46:59.048 22160 25963 W DeviceConfigUtil: Try to get config param "oculus_social_platform_deviceconfig:oculus_parties_remove_party_enforcer" before Device Config has subscribed to the service.
02-08 22:46:59.067 18403 18403 W OVRLibrary: null cursor received for query content://com.oculus.ocms.library/apps/com.YourCompany.PrototypeV6
02-08 22:46:59.068 18403 18403 I PanelService: VR Shell socket closed(ECONNRESET); shutting down fd: 36
02-08 22:46:59.068 18403 18403 I PanelService: Quitting application via hardExit flag. Shutting down fd 36.
02-08 22:46:59.069  4614 25935 I VrApi   : FPS=87/90,Prd=22ms,Tear=4,Early=1,Stale=5,Stale2/5/10/max=0/0/1/205,VSnc=0,Lat=-1,Fov=0,CPU4/GPU=2/3,2419/490MHz,OC=FF,TA=0/70/0,SP=N/F/N,Mem=2092MHz,Free=2280MB,PLS=0,Temp=31.0C/0.0C,TW=1.20ms,App=4.41ms,GD=0.12ms,CPU&GPU=5.76ms,LCnt=3(DR34,LM3),GPU%=0.54,CPU%=0.11(W0.19),DSF=1.00,CFL=14.76/28.21
02-08 22:46:59.069   883  5113 W TrackingService: attachClient: found client in attached list
02-08 22:46:59.070 21033 21115 E OsSdk   : error getting shared memory region, memory type: HeadTracker, failed with Status(-1, EX_SECURITY): 'requested shared memory region when not registered/focused'
02-08 22:46:59.071 22160 22260 W REFLECT [RUNTIMEIPC]: !IsClientValid: MarkerPoint
02-08 22:46:59.071 22160 22260 E QplClient: (com.oculus.socialplatform) MarkerPoint failed!
02-08 22:46:59.072 22160 22260 W REFLECT [RUNTIMEIPC]: !IsClientValid: MarkerAnnotation
02-08 22:46:59.072 22160 22260 E QplClient: (com.oculus.socialplatform) MarkerAnnotation failed!
02-08 22:46:59.072 22160 22260 W REFLECT [RUNTIMEIPC]: !IsClientValid: MarkerEnd
02-08 22:46:59.072 22160 22260 E QplClient: (com.oculus.socialplatform) MarkerEnd failed!
02-08 22:46:59.078 22160 22260 W REFLECT [RUNTIMEIPC]: !IsClientValid: MarkerAnnotation
02-08 22:46:59.078 22160 22260 E QplClient: (com.oculus.socialplatform) MarkerAnnotation failed!
02-08 22:46:59.078 22160 22260 W REFLECT [RUNTIMEIPC]: !IsClientValid: MarkerEnd
02-08 22:46:59.079 22160 22260 E QplClient: (com.oculus.socialplatform) MarkerEnd failed!
02-08 22:46:59.079 22160 25963 E PartyNativeModuleManager: Calling getCurrentPartyId but native code wasn't initialized. Noop.
02-08 22:46:59.079 22160 22260 W REFLECT [RUNTIMEIPC]: !IsClientValid: MarkerEnd
02-08 22:46:59.079 22160 22260 E QplClient: (com.oculus.socialplatform) MarkerEnd failed!
02-08 22:46:59.079 22160 22260 W REFLECT [RUNTIMEIPC]: !IsClientValid: MarkerStart
02-08 22:46:59.079 22160 22260 E QplClient: (com.oculus.socialplatform) MarkerStart failed!
02-08 22:46:59.079 22160 22260 W REFLECT [RUNTIMEIPC]: !IsClientValid: MarkerAnnotation
02-08 22:46:59.079 22160 22260 E QplClient: (com.oculus.socialplatform) MarkerAnnotation failed!
02-08 22:46:59.079 22160 22260 W REFLECT [RUNTIMEIPC]: !IsClientValid: MarkerAnnotation
02-08 22:46:59.079 22160 22260 E QplClient: (com.oculus.socialplatform) MarkerAnnotation failed!
02-08 22:46:59.081 22160 22260 W REFLECT [RUNTIMEIPC]: !IsClientValid: MarkerAnnotation
02-08 22:46:59.081 22160 22260 E QplClient: (com.oculus.socialplatform) MarkerAnnotation failed!
02-08 22:46:59.081 22160 22260 W REFLECT [RUNTIMEIPC]: !IsClientValid: MarkerAnnotation
02-08 22:46:59.081 22160 22260 E QplClient: (com.oculus.socialplatform) MarkerAnnotation failed!
02-08 22:46:59.087 22160 22260 W REFLECT [RUNTIMEIPC]: !IsClientValid: MarkerPoint
02-08 22:46:59.087 22160 22260 E QplClient: (com.oculus.socialplatform) MarkerPoint failed!
02-08 22:46:59.113   883   883 W TrackingService: attachClient: found client in attached list
02-08 22:46:59.113  1559 25969 W ExclusiveDefaultHolderMixin: Cannot get ApplicationInfo for default holder, config: config_defaultSms, package: com.android.messaging
02-08 22:46:59.113 21033 21115 E OsSdk   : error getting shared memory region, memory type: HeadTracker, failed with Status(-1, EX_SECURITY): 'requested shared memory region when not registered/focused'
02-08 22:46:59.121  1029  1800 E RoleUserState: Holders of a removed role should have been cleaned up, role: android.app.role.DIALER, holders: {com.android.dialer}
02-08 22:46:59.121  1029  1800 E RoleUserState: Holders of a removed role should have been cleaned up, role: android.app.role.SMS, holders: {com.android.messaging}
02-08 22:46:59.127 22160 25963 W PartyNativeModuleManager: Calling nativeTearDown but native code wasn't initialized. Noop.
02-08 22:46:59.145  3835  3880 I [OAO] ShellOverlayApp: Sleep timeout exceeded. Timeout:21534.562524, Now:21534.599388. Sleeping... 
02-08 22:46:59.145  3835  3880 I [OAO] ShellOverlayApp: WaitForWake: VrThread entering waiting state
02-08 22:46:59.156   883  5113 W TrackingService: attachClient: found client in attached list
02-08 22:46:59.157 21033 21115 E OsSdk   : error getting shared memory region, memory type: HeadTracker, failed with Status(-1, EX_SECURITY): 'requested shared memory region when not registered/focused'
02-08 22:46:59.163 22160 22260 W REFLECT [RUNTIMEIPC]: !IsClientValid: MarkerAnnotation
02-08 22:46:59.163 22160 22260 E QplClient: (com.oculus.socialplatform) MarkerAnnotation failed!
02-08 22:46:59.166  1029  1431 D ConnectivityService: releasing NetworkRequest [ TRACK_DEFAULT id=160, [ Capabilities: INTERNET&NOT_RESTRICTED&TRUSTED Uid: 10080] ] (release request)
02-08 22:46:59.203 21033 21115 E OsSdk   : error getting shared memory region, memory type: HeadTracker, failed with Status(-1, EX_SECURITY): 'requested shared memory region when not registered/focused'
02-08 22:46:59.213   883 24606 W [CT]    : TorsoModel: [Throttled count=193] Not able to update controller's X-yaw (X is almost vertical)
02-08 22:46:59.213 21033 21115 E OsSdk   : error getting shared memory region, memory type: AnchorTracker, failed with Status(-1, EX_SECURITY): 'requested shared memory region when not registered/focused'
02-08 22:46:59.247  2801  2908 D MVanScreenTimeUploadWorker: doWork MVanScreenTimeUploadWorker
02-08 22:46:59.256   883  5113 I chatty  : uid=1000(system) Binder:883_4 identical 3 lines
02-08 22:46:59.262 21033 21115 E OsSdk   : error getting shared memory region, memory type: HeadTracker, failed with Status(-1, EX_SECURITY): 'requested shared memory region when not registered/focused'
02-08 22:46:59.267  4614 25973 D CCodec  : allocate(c2.android.vorbis.decoder)
02-08 22:46:59.268   860 25967 V C2Store : in init
02-08 22:46:59.268   860 25967 V C2Store : loading dll
02-08 22:46:59.272  4614 25973 I CCodec  : Created component [c2.android.vorbis.decoder]
02-08 22:46:59.273  4614 25973 D CCodecConfig: read media type: audio/vorbis
02-08 22:46:59.280  4614 25973 D ReflectedParamUpdater: extent() != 1 for single value type: algo.buffers.max-count.values
02-08 22:46:59.281  4614 25973 D ReflectedParamUpdater: extent() != 1 for single value type: output.subscribed-indices.values
02-08 22:46:59.281  4614 25973 D ReflectedParamUpdater: extent() != 1 for single value type: input.buffers.allocator-ids.values
02-08 22:46:59.282  4614 25973 D ReflectedParamUpdater: extent() != 1 for single value type: output.buffers.allocator-ids.values
02-08 22:46:59.282  4614 25973 D ReflectedParamUpdater: extent() != 1 for single value type: algo.buffers.allocator-ids.values
02-08 22:46:59.282  4614 25973 D ReflectedParamUpdater: extent() != 1 for single value type: output.buffers.pool-ids.values
02-08 22:46:59.282  4614 25973 D ReflectedParamUpdater: extent() != 1 for single value type: algo.buffers.pool-ids.values
02-08 22:46:59.286  4614 25973 I CCodecConfig: query failed after returning 7 values (BAD_INDEX)
02-08 22:46:59.286  4614 25973 D CCodecConfig: c2 config diff is Dict {
02-08 22:46:59.286  4614 25973 D CCodecConfig:   c2::u32 coded.bitrate.value = 64000
02-08 22:46:59.286  4614 25973 D CCodecConfig:   c2::u32 input.buffers.max-size.value = 32768
02-08 22:46:59.286  4614 25973 D CCodecConfig:   c2::u32 input.delay.value = 0
02-08 22:46:59.286  4614 25973 D CCodecConfig:   string input.media-type.value = "audio/vorbis"
02-08 22:46:59.286  4614 25973 D CCodecConfig:   string output.media-type.value = "audio/raw"
02-08 22:46:59.286  4614 25973 D CCodecConfig:   c2::u32 raw.channel-count.value = 1
02-08 22:46:59.286  4614 25973 D CCodecConfig:   c2::u32 raw.sample-rate.value = 48000
02-08 22:46:59.286  4614 25973 D CCodecConfig: }
02-08 22:46:59.286  4614 25973 D CCodecConfig: no c2 equivalents for durationUs
02-08 22:46:59.286  4614 25973 D CCodecConfig: no c2 equivalents for csd-1
02-08 22:46:59.286  4614 25973 D CCodecConfig: no c2 equivalents for track-id
02-08 22:46:59.286  4614 25973 D CCodecConfig: no c2 equivalents for channel-mask
02-08 22:46:59.289  4614 25973 D CCodecConfig: c2 config diff is   c2::u32 raw.channel-count.value = 2
02-08 22:46:59.289  4614 25973 D CCodecConfig:   c2::u32 raw.sample-rate.value = 44100
02-08 22:46:59.289  4614 25973 W Codec2Client: query -- param skipped: index = 1107298332.
02-08 22:46:59.289  4614 25973 D CCodec  : setup formats input: AMessage(what = 0x00000000) = {
02-08 22:46:59.289  4614 25973 D CCodec  :   int32_t channel-count = 2
02-08 22:46:59.289  4614 25973 D CCodec  :   int32_t max-input-size = 32768
02-08 22:46:59.289  4614 25973 D CCodec  :   string mime = "audio/vorbis"
02-08 22:46:59.289  4614 25973 D CCodec  :   int32_t sample-rate = 44100
02-08 22:46:59.289  4614 25973 D CCodec  : } and output: AMessage(what = 0x00000000) = {
02-08 22:46:59.289  4614 25973 D CCodec  :   int32_t channel-count = 2
02-08 22:46:59.289  4614 25973 D CCodec  :   string mime = "audio/raw"
02-08 22:46:59.289  4614 25973 D CCodec  :   int32_t sample-rate = 44100
02-08 22:46:59.289  4614 25973 D CCodec  :   int32_t channel-mask = 3
02-08 22:46:59.289  4614 25973 D CCodec  : }
02-08 22:46:59.306   883  5113 W TrackingService: attachClient: found client in attached list
02-08 22:46:59.307 21033 21115 E OsSdk   : error getting shared memory region, memory type: HeadTracker, failed with Status(-1, EX_SECURITY): 'requested shared memory region when not registered/focused'
02-08 22:46:59.311  4614 25973 W Codec2Client: query -- param skipped: index = 1342179345.
02-08 22:46:59.311  4614 25973 W Codec2Client: query -- param skipped: index = 2415921170.
02-08 22:46:59.312  4614 25973 D CCodecBufferChannel: [c2.android.vorbis.decoder#34] Created input block pool with allocatorID 16 => poolID 85 - OK (0)
02-08 22:46:59.312   860 25967 D BufferPoolAccessor: bufferpool2 0x2bdd51fc30 : 0(0 size) total buffers - 0(0 size) used buffers - 436/439 (recycle/alloc) - 4/437 (fetch/transfer)
02-08 22:46:59.312   860 25967 D BufferPoolAccessor: Destruction - bufferpool2 0x2bdd51fc30 cached: 0/0M, 0/0% in use; allocs: 439, 99% recycled; transfers: 437, 99% unfetced
02-08 22:46:59.314  4614 25973 I CCodecBufferChannel: [c2.android.vorbis.decoder#34] Created output block pool with allocatorID 16 => poolID 214 - OK
02-08 22:46:59.314  4614 25973 D CCodecBufferChannel: [c2.android.vorbis.decoder#34] Configured output block pool ids 214 => OK
02-08 22:46:59.322   860 25974 D SimpleC2Component: Using output block pool with poolID 214 => got 214 - 0
02-08 22:46:59.324 18403 25970 W OVRLibrary: null cursor received for query content://com.oculus.ocms.library/apps/com.oculus.shellenv
02-08 22:46:59.324 18403 18403 V LifecycleAwareViewModelStore: LifecycleAwareViewModelStore destroyed
02-08 22:46:59.324 18403 18403 V LifecycleAwarePanelApp: PanelApp lifecycle moved to final state: DESTROYED
02-08 22:46:59.324 18403 18403 I AndroidPanelApp: Destroyed
02-08 22:46:59.324 18403 18403 D [SUI] PanelAppBase: Releasing viewModel StatusViewModel refCount: 1
02-08 22:46:59.324 18403 18403 D [SUI] AirlinkUtils: Destroying AirlinkUtils...
02-08 22:46:59.345 18403 18403 I PresenceAPK(ServicePresenceClient): ServicePresenceClient close
02-08 22:46:59.345 18403 18403 I PresenceAPK(GroupManager): removeListener with id AnchoredHomeGroup
02-08 22:46:59.345 18403 18403 I PresenceAPK(ServiceApiManager): onApiNotReady
02-08 22:46:59.345 18403 18403 D PresenceAPK(ServicePresenceClient): Calling onServiceDown
02-08 22:46:59.345 18403 18403 I PresenceAPK(GroupManager): disconnected
02-08 22:46:59.346   883   883 W TrackingService: attachClient: found client in attached list
02-08 22:46:59.347 21033 21115 E OsSdk   : error getting shared memory region, memory type: HeadTracker, failed with Status(-1, EX_SECURITY): 'requested shared memory region when not registered/focused'
02-08 22:46:59.349 18403 18403 D [SUI] PanelAppBase: Releasing viewModel DynamicAppsViewModel refCount: 1
02-08 22:46:59.349 18403 18403 D [SUI] BarView: Destroying BarView
02-08 22:46:59.349 18403 18403 D [SUI] SocialViewModel: removeObserver(): -$$Lambda$SystemStatusView$hvdttGlyfUmlGZJVTLPJRt2c5Fk
02-08 22:46:59.350 18403 18403 E [SUI] PanelAppBase: Release ViewModel called on already destroyed ViewModelcom.oculus.panelapp.anytimeui.bar.social.SocialViewModel@96d940
02-08 22:46:59.350 18403 18403 D [SUI] PanelAppBase: Releasing viewModel SystemStatusViewModel refCount: 0
02-08 22:46:59.350 18403 18403 D [SUI] PanelAppBase: Releasing viewModel BarViewModel refCount: 1
02-08 22:46:59.350 18403 18403 D [SUI] StatusViewModel: Destroying ViewModel
02-08 22:46:59.351 18403 18403 D [SUI] PanelAppBase: Releasing viewModel ActiveCallBarViewModel refCount: 1
02-08 22:46:59.351 18403 18403 D [SUI] DynamicAppsView: Destroying DynamicAppsView on AUI bar
02-08 22:46:59.351 18403 18403 D [SUI] MessengerCallViewModel: removeObserver
02-08 22:46:59.351 18403 18403 D [SUI] PanelAppBase: Releasing viewModel DynamicAppsViewModel refCount: 0
02-08 22:46:59.352 18403 18403 D [SUI] DynamicAppsViewModel: Destroying DynamicAppsViewModel
02-08 22:46:59.352 18403 18403 D [SUI] PanelAppBase: Releasing viewModel ActiveCallBarViewModel refCount: 0
02-08 22:46:59.352 18403 18403 E [SUI] PanelAppBase: Release ViewModel called on already destroyed ViewModelcom.oculus.panelapp.anytimeui.bar.social.SocialViewModel@96d940
02-08 22:46:59.352 18403 18403 I PresenceAPK(ServicePresenceClient): ServicePresenceClient close
02-08 22:46:59.352 18403 18403 I PresenceAPK(GroupManager): removeListener with id SystemCallGroup
02-08 22:46:59.352 18403 18403 I PresenceAPK(ServiceApiManager): onApiNotReady
02-08 22:46:59.352 18403 18403 D PresenceAPK(ServicePresenceClient): Calling onServiceDown
02-08 22:46:59.352 18403 18403 I PresenceAPK(GroupManager): disconnected
02-08 22:46:59.357   883 24830 W [CT]    : TIMESTAMPCHECKER: Nominal rate wrong. Estimated data rate: 25, Nominal is 30.000300003000028
02-08 22:46:59.357  4614 25973 D CCodecBufferChannel: [c2.android.vorbis.decoder#34] Discard frames from previous generation.
02-08 22:46:59.359 18403 18403 D [SUI] MessengerCallViewModel: removeObserver
02-08 22:46:59.359 18403 18403 D [SUI] PanelAppBase: Releasing viewModel MessengerCallViewModel refCount: 0
02-08 22:46:59.359 18403 18403 D HyperspaceClient: destroy - start
02-08 22:46:59.371   860  1827 D BufferPoolAccessor: Destruction - bufferpool2 0x2bdd51a030 cached: 0/0M, 0/0% in use; allocs: 0, 0% recycled; transfers: 0, 0% unfetced
02-08 22:46:59.372   860  1827 V C2Store : in ~ComponentModule
02-08 22:46:59.372   860  1827 V C2Store : unloading dll
02-08 22:46:59.386   883  5113 W TrackingService: attachClient: found client in attached list
02-08 22:46:59.388 21033 21115 E OsSdk   : error getting shared memory region, memory type: HeadTracker, failed with Status(-1, EX_SECURITY): 'requested shared memory region when not registered/focused'
02-08 22:46:59.407  1029  1060 I RoleUserState: Wrote roles.xml successfully
02-08 22:46:59.426  2801  2908 W OVRLibrary: null cursor received for query content://com.oculus.ocms.library/apps/com.oculus.shellenv
02-08 22:46:59.426  2801  2908 D MVanScreenTimeUploadWorker: Creating screen time mutation for com.oculus.shellenv startime = 1675895379 endTime = 1675895389 duration = 10
02-08 22:46:59.432   883  5113 I chatty  : uid=1000(system) Binder:883_4 identical 1 line
02-08 22:46:59.434 21033 21115 E OsSdk   : error getting shared memory region, memory type: HeadTracker, failed with Status(-1, EX_SECURITY): 'requested shared memory region when not registered/focused'
02-08 22:46:59.436  2801  2908 D MVanScreenTimeUploadWorker: Creating screen time mutation for com.oculus.shellenv startime = 1675896417 endTime = 1675896419 duration = 2
02-08 22:46:59.438 18403 24706 I RuntimeIPCClient [RUNTIMEIPC]: Shutdown: 1, Client: com.oculus.systemux:com.oculus.systemux:SystemUX:18403, Server: com.oculus.presence:com.oculus.presence (PresenceServer)
02-08 22:46:59.438 18403 24706 I RuntimeIPCClient [RUNTIMEIPC]: ReleaseRef: Remaining refs: 0, Client: com.oculus.systemux:com.oculus.systemux:SystemUX:18403, Server: com.oculus.presence:com.oculus.presence (PresenceServer)
02-08 22:46:59.438 18403 24706 I RuntimeIPCClient [RUNTIMEIPC]: DisconnectFromServer: 0, Client: com.oculus.systemux:com.oculus.systemux:SystemUX:18403, Server: com.oculus.presence:com.oculus.presence (PresenceServer)
02-08 22:46:59.439  3166  3195 I RPCServer [RUNTIMEIPC]: HandleClientDisconnect: Client: com.oculus.systemux:com.oculus.systemux:SystemUX:18403, Server: com.oculus.presence:com.oculus.presence (PresenceServer)
02-08 22:46:59.439 18403 24706 I RuntimeIPCApi [RUNTIMEIPC]: ipc_Shutdown
02-08 22:46:59.439 18403 24706 I RuntimeIPCServiceClient [RUNTIMEIPC]: Shutdown: Refs still outstanding: 2, com.oculus.systemux:SystemUX
02-08 22:46:59.439 18403 24706 I RuntimeIPCClient [RUNTIMEIPC]: Shutdown: 1, Client: com.oculus.systemux:com.oculus.systemux:SystemUX:18403, Server: com.oculus.presence:com.oculus.presence (PubSubServer)
02-08 22:46:59.439 18403 24706 I RuntimeIPCClient [RUNTIMEIPC]: ReleaseRef: Remaining refs: 0, Client: com.oculus.systemux:com.oculus.systemux:SystemUX:18403, Server: com.oculus.presence:com.oculus.presence (PubSubServer)
02-08 22:46:59.439 18403 24706 I RuntimeIPCClient [RUNTIMEIPC]: DisconnectFromServer: 0, Client: com.oculus.systemux:com.oculus.systemux:SystemUX:18403, Server: com.oculus.presence:com.oculus.presence (PubSubServer)
02-08 22:46:59.441  3166  3195 I RPCServer [RUNTIMEIPC]: HandleClientDisconnect: Client: com.oculus.systemux:com.oculus.systemux:SystemUX:18403, Server: com.oculus.presence:com.oculus.presence (PubSubServer)
02-08 22:46:59.441 18403 24706 I RuntimeIPCApi [RUNTIMEIPC]: ipc_Shutdown
02-08 22:46:59.441 18403 24706 I RuntimeIPCServiceClient [RUNTIMEIPC]: Shutdown: Refs still outstanding: 1, com.oculus.systemux:SystemUX
02-08 22:46:59.441 18403 18403 D HyperspaceClient: destroy - end
02-08 22:46:59.441 18403 18403 D HyperspaceClient: release instance, refcount: 0
02-08 22:46:59.441 18403 18403 D [SUI] MessengerCallViewModel: released hyperspace client
02-08 22:46:59.441 18403 18403 D [SUI] MessengerCallViewModel: destroyed MessengerCallViewModel
02-08 22:46:59.441 18403 18403 D [SUI] MessengerCallBarViewModel: destroyed MessengerCallBarViewModel
02-08 22:46:59.441 18403 18403 D [SUI] PanelAppBase: Releasing viewModel BarViewModel refCount: 0
02-08 22:46:59.441 18403 18403 D [SUI] BarViewModel: Destroying BarViewModel
02-08 22:46:59.441 18403 18403 E [SUI] PanelAppBase: Release ViewModel called on already destroyed ViewModelcom.oculus.panelapp.anytimeui.bar.social.SocialViewModel@96d940
02-08 22:46:59.441 18403 18403 D [SUI] PanelAppBase: Releasing viewModel StatusViewModel refCount: 0
02-08 22:46:59.441 18403 18403 D [SUI] StatusViewModel: Destroying ViewModel
02-08 22:46:59.447 18403 18403 I [SUI] AnytimeUIAndroidPanelApp: Destroyed AUI PanelApp, isInOverlay: true, instanceCount: 0
02-08 22:46:59.474  1029  5258 I DisplayManagerService: Display device removed: DisplayDeviceInfo{"com.oculus.android_panel_app.AndroidPanelLayer-#main": uniqueId="virtual:com.oculus.systemux,10026,com.oculus.android_panel_app.AndroidPanelLayer-#main,0", 840 x 110, modeId 217, defaultModeId 217, supportedModes [{id=217, width=840, height=110, fps=60.0}], colorMode 0, supportedColorModes [0], HdrCapabilities null, density 200, 200.0 x 200.0 dpi, appVsyncOff 0, presDeadline 16666666, touch NONE, rotation 0, type VIRTUAL, state ON, owner com.oculus.systemux (uid 10026), FLAG_PRIVATE, FLAG_NEVER_BLANK, FLAG_OWN_CONTENT_ONLY}
02-08 22:46:59.483   883  5113 W TrackingService: attachClient: found client in attached list
02-08 22:46:59.485 21033 21115 E OsSdk   : error getting shared memory region, memory type: HeadTracker, failed with Status(-1, EX_SECURITY): 'requested shared memory region when not registered/focused'
02-08 22:46:59.486   883   883 W TrackingService: attachClient: found client in attached list
02-08 22:46:59.489 18403 18403 D CppPanelService: onDestroy()
02-08 22:46:59.489 18403 18403 D CppPanelService: PanelService()
02-08 22:46:59.489 18403 18403 D CppPanelService: onCreate()
02-08 22:46:59.490 18403 18403 D CppPanelService: onBind()
02-08 22:46:59.496 21033 21115 E OsSdk   : error getting shared memory region, memory type: AnchorTracker, failed with Status(-1, EX_SECURITY): 'requested shared memory region when not registered/focused'
02-08 22:46:59.508 18403 18403 D [SUI] NotificationBroadcastReceiver: action: com.oculus.intent.action.NOTIF_CHANGE
02-08 22:46:59.508 18403 18403 E BackgroundThreadExecutor: Refusing to execute task because BackgroundThreadExecutor instance is destroyed: com.oculus.panelapp.notifications.-$$Lambda$NotificationManagerSourceHandler$PiDEGlJLcRjCYGHTwVSmFVNVYTQ@d76c21f
02-08 22:46:59.508 18403 18403 I Choreographer: Skipped 146 frames!  The application may be doing too much work on its main thread.
02-08 22:46:59.509  3797  3797 D [SEO] PanelServiceConnection: onSeviceConnected - component name (ComponentInfo{com.oculus.systemux/com.oculus.panelapp.anytimeui.AnytimeUIAndroidPanelService}), panel app id (51)
02-08 22:46:59.509  3797  3797 D [SEO] ShellApplication: notify OS to set com.oculus.systemux/com.oculus.panelapp.anytimeui.AnytimeUIAndroidPanelService to FOREGROUND
02-08 22:46:59.516  3797  3797 I [SEO] PanelAppConnection: verifyFirstPartyUID(Debug Signatures=false, uid=10026) => apkSignatureResult=SigCertInfo(isTrusted=true, packageNames=[com.oculus.systemux], fingerprint sha1=98a1809f3c3e79170e5df8135b500ecfa39df1be, fingerprint sha256=012f8165c191efe8fb0d6d4606aa4abac14d77d1d97d5340860c9f81045aa157, signature=308205cf308203b7a0030201020204097e91c1300d06092a864886f70d01010b0500308197310b3009060355040613025553311330110603550408130a43616c69666f726e6961311330110603550407130a4d656e6c6f205061726b31233021060355040a131a46616365626f6f6b20546563686e6f6c6f676965732c204c4c4331233021060355040b131a46616365626f6f6b20546563686e6f6c6f676965732c204c4c43311430120603550403130b4f63756c75732041707073301e170d3139303730343131333935315a170d3436313131393131333935315a308197310b3009060355040613025553311330110603550408130a43616c69666f726e6961311330110603550407130a4d656e6c6f205061726b31233021060355040a131a46616365626f6f6b20546563686e6f6c6f676965732c204c4c4331233021060355040b131a46616365626f6f6b20546563686e6f6c6f676965732c204c4c43311430120603550403130b4f63756c7573204170707330820222300d06092a864886f70d01010105000382020f003082020a0282020100b815642a5c201c8da044905dafbb06c05fddb75449cc75a716a0434da0493a52a4d60643532c237e76cb41d2c32a5e4474f12b37f632a809b5a5ceb8c6289ecf828e736b4ec452b1c2757bd0b5ed13eff5a7a47ab2ef6cdf60a8d749e9e8603f30d12b5db8f734c57578a2a4ce5ff5737c1f02c629d2dcb4f82726674663a699de94463ff370fa9eb48158831bf0b68bd6ec84293182d52e860bdd81bb9ce9cdd6a77fea0df25004da34d3cce7a31069646aa4628fba9ccb0952163793be9a4edf49a53f83179c2f44d8c87d6c129e8d590af0f3fced26201ee43b31fccd93b497cd198c5cd1f98d64c4f7ad79ca47278c02652d5dc072a99807e22f473f7bae4da2bafcae48cd49ad55a764b8d39f329f6175eac9074307deff48b1c4a6e19b748766617768c31a17feae8478eb7f9ebfb61af2b9f5a692b636342d7ebc53d7146626b51801b5a0a102e281475decdefb8683d0ca2843dc7aaeb6759bcab0dcba38db44f5d7f797a1c9c02dd159c0e3c72b14dc882d31c24ad8abee4ce0f7f0205e05efef551e2551a61e96636ed5dfd7435d3d24f5a130a12f10452cc954aa770d5d95e3e0cb9d7b05c5506a7947f8ff3437b3d82274fdaa156d85bfb7fbcb4fa5557080fedab86520b71d3d533e7bb3e7e3ebe9712b68e755d700b0afbf7595ffa80a6b3d90bfe599769138ee6515df415e32c0abed2b8e4aea1f47351f490203010001a321301f301d0603551d0e04160414a3c939e6b71c43bc9193f773c0351be1aff311f9300d06092a864886f70d01010b050003820201004e4c865231f2a3583c6af9488ecf9aa96b1ee84e2d7bfad00581537dc70c54ecfcf360e563d018efa4cdd77bf6fc4c9f1a20ebd4215cf1538686d4089bdcc8adb6ae4497ead14b0c18efd52ce93357019973e94e16b3326c60885b1bdc5f9cad1098f16732935876d8d19bda3ceeaaa69a83c4e2231710c6735f88abdfffe3dfa2be3f18f894923441b4e4a9c9664ed6294c16d7c073547063bfdbbefad184a001f1dce2feffdc96d10eb16a3bfbcd382cd297ca3b4edb7ebacd1a9931a1368a5157ceaebbca5b39bd5db5461a340db8ec076d38a94bcdd042bfb51388158ba97a49b631c1762fa746c7bb36eaf15cae23fa993cfb052e824f2ae173ea27b50a6cca91eb955f4faf131514757e5a3ecae9df6d23771279b7742f28fb9ce394eb9e03926f550716f1312355a5efdc479d8347b516cff55cb14307c81280142cacf2fd6562a2baacbfc97869272b1c51abf79121de8bab227e001313d4115eb9b33a332ebb34e290f14b5352ef1038f7a5f3740c9d1136b3526de4331deb4fa529c36a17c04c3e64d4f6ebda73d6e6e18281e3948fd11e685eab6611be1bc62839bce5962715e7f6537e6c083bcd3538d17407b26c850cd6b3f5e2149fdef027a6cfb7ed0f93c928aca14927b10c6a3f104ba1b10413af8b1868b84a004e5ddd065fff26a7bb3c818bb5a2d69aedf9441ef9033efae3ef52282a96f66d4b4ff3f2)
02-08 22:46:59.524 18403 18427 I PanelVerifier: verifyVrShellUID(Debug Signatures=false, uid=10020) => apkSignatureResult=SigCertInfo(isTrusted=true, packageNames=[com.oculus.vrshell], fingerprint sha1=331660b6dd3bd582f3dfd3cbae4546724668a021, fingerprint sha256=dc2f834e3c1942378b14f076c82cd1ab59ea6566bff4730b2047e98efc9f9daf, signature=3082038d30820275a00302010202041303858a300d06092a864886f70d01010b05003077310b3009060355040613025553310b3009060355040813024341311330110603550407130a4d656e6c6f205061726b31173015060355040a130e4f63756c75732056522c204c4c4331173015060355040b130e4f63756c75732056522c204c4c43311430120603550403130b4f63756c75732041707073301e170d3134313033303231343032315a170d3432303331373231343032315a3077310b3009060355040613025553310b3009060355040813024341311330110603550407130a4d656e6c6f205061726b31173015060355040a130e4f63756c75732056522c204c4c4331173015060355040b130e4f63756c75732056522c204c4c43311430120603550403130b4f63756c7573204170707330820122300d06092a864886f70d01010105000382010f003082010a0282010100a34c7fbd96dea95d811f21a0d760cabca85f2df5dbe19b62aca7a3e3e0b6e48f7e173345f2753c458d639cc2e222eeee4cfb5e89ac1c5060044414056709a43a7f1a6f1e4f2c3d708c48912634be08ad6da1fff92d9c0d4b85e4bc8a8b1c27de84c04eb1e6577c10693500af46beaf7bd2ce72a06a46f4e565859f242cecbef1a431ae8096db712cebe73840bacc64de6b99077ba1ca8c20e5d0b4870bd161f087abbf568dfef58e604068ca6f7cdea183c8681c306bc30cb223e7c5ce3a2fcf00d13e158475b3700ef62dcca46c57baecca4d91052e20b861a1a085d5fc8e99aed8c4a9cfd550d01e54ef5062133befcf7f9ea6a5a1d1575a72cd82279f34030203010001a321301f301d0603551d0e04160414ec7ccdaf8ccdc6dd1b87d4b561582ad8ec397b80300d06092a864886f70d01010b0500038201010014c557ecddc17ba8b979618036e7093b8e7307f624644532c31239f4dc83fd9424267ca7670fa9f78689cbc5bfd8a6312fdc214bd159d614a8753ceec0f2b2d9166217895b13c992e1d10ca625a3153dacfa51dbdb7fde139bd59510f5add29f88be3826b445ce7386dcf06577be72fbdf118fa81179091fad275981409e02d40422d8e86df5827a2c496a4b905b4825c3f1ba0af4cf509bf9b0d4d608cf0b4320ac60d1a8cbcc384de24f11a4c93c0fc5b887cbd6855871af1b1ef729c51a8a123efc6a627b6494e81a264587443b9156ad17772863c2f9685fae9c72a552b333f8ef2822bce5d4d178e45b3a8dd4e321924f6a5ba43f732971a9e74cbf0433), time=6 ms
02-08 22:46:59.524 18403 18403 D PanelAppClient: BEGIN: Initializing panel application via MSG_CREATE_PANEL_APP.
02-08 22:46:59.525 18403 18403 I AndroidPanelApp: Created
02-08 22:46:59.525 18403 18403 V LifecycleAwareViewModelStore: LifecycleAwareViewModelStore created
02-08 22:46:59.525 18403 18403 V LifecycleAwarePanelApp: PanelApp initial lifecycle started and moved from state INITIALIZED to state RESUMED
02-08 22:46:59.526  2024 22223 I FocusedClientsListener: focus: onVrFocusChanged(focusType=2): 1
02-08 22:46:59.526  2024 22223 I FocusedClientsListener: focus: pid=4614
02-08 22:46:59.526  2024  3485 I FocusedClientsListener: focus: onVrFocusChanged(focusType=1): 5
02-08 22:46:59.526  2024  3485 I FocusedClientsListener: focus: pid=4614
02-08 22:46:59.526  2024  3485 I FocusedClientsListener: focus: pid=3797
02-08 22:46:59.526  2024  3485 I FocusedClientsListener: focus: pid=3835
02-08 22:46:59.526  2024  3485 I FocusedClientsListener: focus: pid=3371
02-08 22:46:59.526  2024  3485 I FocusedClientsListener: focus: pid=3089
02-08 22:46:59.527  2024  3127 I FocusedClientsListener: focus: onVrFocusChanged(focusType=0): 5
02-08 22:46:59.527  2024  3127 I FocusedClientsListener: focus: pid=4614
02-08 22:46:59.527  2024  3127 I FocusedClientsListener: focus: pid=3797
02-08 22:46:59.527  2024  3127 I FocusedClientsListener: focus: pid=3835
02-08 22:46:59.527  2024  3127 I FocusedClientsListener: focus: pid=3371
02-08 22:46:59.527  2024  3127 I FocusedClientsListener: focus: pid=3089
02-08 22:46:59.534 18403 18403 I [SUI] ConsumerConfiguration: Setting SystemUX Configuration and Policy Settings.
02-08 22:46:59.534 18403 18403 I [SUI] AnytimeUIAndroidPanelApp: Creating AUI PanelApp, isInOverlay: false, instanceCount: 1
02-08 22:46:59.544   883  5113 W TrackingService: attachClient: found client in attached list
02-08 22:46:59.545 21033 21115 E OsSdk   : error getting shared memory region, memory type: HeadTracker, failed with Status(-1, EX_SECURITY): 'requested shared memory region when not registered/focused'
02-08 22:46:59.548 18403 18403 D [SUI] ActivityManagerUtilsHelper: Enabling the activity listener capability with initial foreground package com.oculus.shellenv
02-08 22:46:59.550 18403 18403 D [SUI] SystemUXBroadcastReceiver: requestCaptureState being sent
02-08 22:46:59.555  2149  2266 I OVRMediaService: onStartCommand Received message type: com.oculus.horizon.GET_CAPTURE_STATE_ACTION, caller package: no_app_identity, app identify: null
02-08 22:46:59.560 18403 18403 I PresenceAPK(ServiceApiManager): Trying to bind to presence service API.
02-08 22:46:59.583 18403 18403 D [SUI] DynamicAppsViewModel: Initializing pinned apps
02-08 22:46:59.586   883  5113 I chatty  : uid=1000(system) Binder:883_4 identical 1 line
02-08 22:46:59.587 21033 21115 E OsSdk   : error getting shared memory region, memory type: HeadTracker, failed with Status(-1, EX_SECURITY): 'requested shared memory region when not registered/focused'
02-08 22:46:59.629   883  5113 W TrackingService: attachClient: found client in attached list
02-08 22:46:59.630 21033 21115 E OsSdk   : error getting shared memory region, memory type: HeadTracker, failed with Status(-1, EX_SECURITY): 'requested shared memory region when not registered/focused'
02-08 22:46:59.666  3089  3150 I GuardianCollisionTracker: Guardian Controller Collision: Magnitude: 34.452, Duration: -1.000 sec, TimeStamp: 21535.095703 sec
02-08 22:46:59.669  3797  3797 D [SEO] ShellControlBroadcastReceiver: onReceive with MainActivity native pointer 3865081056, action com.oculus.systemactivities.CAPTURE_STATE_UPDATE
02-08 22:46:59.669  3797  3797 D [SEO] ShellControlBroadcastReceiver: isLaunchAction = false, isTrustedAppLaunch = false
02-08 22:46:59.669  3797  3797 D [SEO] ShellControlBroadcastReceiver: IsCaptureStateUpdateAction
02-08 22:46:59.670  2149  2266 I FileCapture: broadcast capture state to AUI running = false, with mode -1
02-08 22:46:59.670   883   883 W TrackingService: attachClient: found client in attached list
02-08 22:46:59.671 21033 21115 E OsSdk   : error getting shared memory region, memory type: HeadTracker, failed with Status(-1, EX_SECURITY): 'requested shared memory region when not registered/focused'
02-08 22:46:59.673  3835  3835 D DeviceHelper: isScreenOn = true
02-08 22:46:59.673  3835  3835 D [OAO] ShellOverlayBroadcastReceiver: onReceive with ShellOverlayService native pointer 3674110656, action com.oculus.systemactivities.CAPTURE_STATE_UPDATE
02-08 22:46:59.673 18403 18403 W OVRLibrary: null cursor received for query content://com.oculus.ocms.library/apps/com.YourCompany.TemplateProject3
02-08 22:46:59.685  2149  2266 I OVRMediaServiceManager: Metacam is enabled.
02-08 22:46:59.689   883 24830 W [CT]    : VIPER: Frame Tracking [0.051510260 [sec]s] exceeded camera sampling time [0.033333333 [sec]s].
02-08 22:46:59.716   883   883 W TrackingService: attachClient: found client in attached list
02-08 22:46:59.721 21033 21115 E OsSdk   : error getting shared memory region, memory type: HeadTracker, failed with Status(-1, EX_SECURITY): 'requested shared memory region when not registered/focused'
02-08 22:46:59.741 18403 18403 W OVRLibrary: null cursor received for query content://com.oculus.ocms.library/apps/com.oculus.xrstreamingclient
02-08 22:46:59.753 18403 25983 D CCodec  : allocate(c2.android.raw.decoder)
02-08 22:46:59.753   860  1827 V C2Store : in init
02-08 22:46:59.753   860  1827 V C2Store : loading dll
02-08 22:46:59.766   883  5113 W TrackingService: attachClient: found client in attached list
02-08 22:46:59.769 21033 21115 E OsSdk   : error getting shared memory region, memory type: HeadTracker, failed with Status(-1, EX_SECURITY): 'requested shared memory region when not registered/focused'
02-08 22:46:59.770   883  5113 I chatty  : uid=1000(system) Binder:883_4 identical 1 line
02-08 22:46:59.783 18403 25983 I CCodec  : Created component [c2.android.raw.decoder]
02-08 22:46:59.783 18403 25983 D CCodecConfig: read media type: audio/raw
02-08 22:46:59.785 21033 21115 E OsSdk   : error getting shared memory region, memory type: AnchorTracker, failed with Status(-1, EX_SECURITY): 'requested shared memory region when not registered/focused'
02-08 22:46:59.788 18403 25983 D ReflectedParamUpdater: extent() != 1 for single value type: algo.buffers.max-count.values
02-08 22:46:59.790 18403 18403 W OVRLibrary: null cursor received for query content://com.oculus.ocms.library/apps/quick_settings_app
02-08 22:46:59.791 18403 25983 D ReflectedParamUpdater: extent() != 1 for single value type: output.subscribed-indices.values
02-08 22:46:59.791 18403 25983 D ReflectedParamUpdater: extent() != 1 for single value type: input.buffers.allocator-ids.values
02-08 22:46:59.792 18403 25983 D ReflectedParamUpdater: extent() != 1 for single value type: output.buffers.allocator-ids.values
02-08 22:46:59.792 18403 25983 D ReflectedParamUpdater: extent() != 1 for single value type: algo.buffers.allocator-ids.values
02-08 22:46:59.792 18403 25983 D ReflectedParamUpdater: extent() != 1 for single value type: output.buffers.pool-ids.values
02-08 22:46:59.792 18403 25983 D ReflectedParamUpdater: extent() != 1 for single value type: algo.buffers.pool-ids.values
02-08 22:46:59.795 18403 25983 I CCodecConfig: query failed after returning 8 values (BAD_INDEX)
02-08 22:46:59.795 18403 25983 D CCodecConfig: c2 config diff is Dict {
02-08 22:46:59.795 18403 25983 D CCodecConfig:   c2::u32 coded.bitrate.value = 64000
02-08 22:46:59.795 18403 25983 D CCodecConfig:   c2::u32 input.buffers.max-size.value = 65536
02-08 22:46:59.795 18403 25983 D CCodecConfig:   c2::u32 input.delay.value = 0
02-08 22:46:59.795 18403 25983 D CCodecConfig:   string input.media-type.value = "audio/raw"
02-08 22:46:59.795 18403 25983 D CCodecConfig:   string output.media-type.value = "audio/raw"
02-08 22:46:59.795 18403 25983 D CCodecConfig:   c2::u32 raw.channel-count.value = 2
02-08 22:46:59.795 18403 25983 D CCodecConfig:   c2::u32 raw.pcm-encoding.value = 0
02-08 22:46:59.795 18403 25983 D CCodecConfig:   c2::u32 raw.sample-rate.value = 44100
02-08 22:46:59.795 18403 25983 D CCodecConfig: }
02-08 22:46:59.795 18403 25983 D CCodecConfig: no c2 equivalents for durationUs
02-08 22:46:59.795 18403 25983 D CCodecConfig: no c2 equivalents for track-id
02-08 22:46:59.795 18403 25983 D CCodecConfig: no c2 equivalents for bits-per-sample
02-08 22:46:59.795 18403 25983 D CCodecConfig: no c2 equivalents for channel-mask
02-08 22:46:59.795 18403 25983 D CCodecConfig: c2 config diff is   c2::u32 raw.channel-count.value = 1
02-08 22:46:59.795 18403 25983 D CCodecConfig:   c2::u32 raw.sample-rate.value = 48000
02-08 22:46:59.796 18403 25983 W Codec2Client: query -- param skipped: index = 1107298332.
02-08 22:46:59.796 18403 25983 D CCodec  : setup formats input: AMessage(what = 0x00000000) = {
02-08 22:46:59.796 18403 25983 D CCodec  :   int32_t channel-count = 1
02-08 22:46:59.796 18403 25983 D CCodec  :   int32_t max-input-size = 65536
02-08 22:46:59.796 18403 25983 D CCodec  :   string mime = "audio/raw"
02-08 22:46:59.796 18403 25983 D CCodec  :   int32_t pcm-encoding = 2
02-08 22:46:59.796 18403 25983 D CCodec  :   int32_t sample-rate = 48000
02-08 22:46:59.796 18403 25983 D CCodec  : } and output: AMessage(what = 0x00000000) = {
02-08 22:46:59.796 18403 25983 D CCodec  :   int32_t channel-count = 1
02-08 22:46:59.796 18403 25983 D CCodec  :   string mime = "audio/raw"
02-08 22:46:59.796 18403 25983 D CCodec  :   int32_t pcm-encoding = 2
02-08 22:46:59.796 18403 25983 D CCodec  :   int32_t sample-rate = 48000
02-08 22:46:59.796 18403 25983 D CCodec  :   int32_t channel-mask = 0
02-08 22:46:59.796 18403 25983 D CCodec  : }
02-08 22:46:59.826   883  5113 W TrackingService: attachClient: found client in attached list
02-08 22:46:59.827 21033 21115 E OsSdk   : error getting shared memory region, memory type: HeadTracker, failed with Status(-1, EX_SECURITY): 'requested shared memory region when not registered/focused'
02-08 22:46:59.835 18403 25983 W Codec2Client: query -- param skipped: index = 1342179345.
02-08 22:46:59.835 18403 25983 W Codec2Client: query -- param skipped: index = 2415921170.
02-08 22:46:59.835 18403 25983 D CCodecBufferChannel: [c2.android.raw.decoder#567] Created input block pool with allocatorID 16 => poolID 29 - OK (0)
02-08 22:46:59.839  2801  2908 W OVRLibrary: null cursor received for query content://com.oculus.ocms.library/apps/com.oculus.os.clearactivity
02-08 22:46:59.840 18403 25983 I CCodecBufferChannel: [c2.android.raw.decoder#567] Created output block pool with allocatorID 16 => poolID 215 - OK
02-08 22:46:59.840 18403 25983 D CCodecBufferChannel: [c2.android.raw.decoder#567] Configured output block pool ids 215 => OK
02-08 22:46:59.859   860 25984 D SimpleC2Component: Using output block pool with poolID 215 => got 215 - 0
02-08 22:46:59.866   883   883 W TrackingService: attachClient: found client in attached list
02-08 22:46:59.868   839  1945 D MediaBufferGroup: creating MemoryDealer
02-08 22:46:59.868 21033 21115 E OsSdk   : error getting shared memory region, memory type: HeadTracker, failed with Status(-1, EX_SECURITY): 'requested shared memory region when not registered/focused'
02-08 22:46:59.874 18403 18403 W OVRLibrary: null cursor received for query content://com.oculus.ocms.library/apps/notifications_system_app
02-08 22:46:59.884   745 11916 D audio_hw_primary: out_standby: enter: stream (0xf109c800) usecase(0: deep-buffer-playback)
02-08 22:46:59.900  3089  3150 I GuardianCollisionTracker: Guardian Controller Collision: Magnitude: 31.940, Duration: -1.000 sec, TimeStamp: 21535.326172 sec
02-08 22:46:59.904   860  9684 D BufferPoolAccessor: Destruction - bufferpool2 0x2bdd51aa30 cached: 0/0M, 0/0% in use; allocs: 0, 0% recycled; transfers: 0, 0% unfetced
02-08 22:46:59.904   860  9684 V C2Store : in ~ComponentModule
02-08 22:46:59.904   860  9684 V C2Store : unloading dll
02-08 22:46:59.912 21033 21115 E OsSdk   : error getting shared memory region, memory type: HeadTracker, failed with Status(-1, EX_SECURITY): 'requested shared memory region when not registered/focused'
02-08 22:46:59.949 18403 18403 W OVRLibrary: null cursor received for query content://com.oculus.ocms.library/apps/profile_system_app
02-08 22:46:59.961 21033 21115 E OsSdk   : error getting shared memory region, memory type: HeadTracker, failed with Status(-1, EX_SECURITY): 'requested shared memory region when not registered/focused'
02-08 22:46:59.963 21033 21088 D xrstreaming: receive ping: org 0 recv 0 xmt 44895729137700 (received at 21535417885687), offset divergence -685283
02-08 22:46:59.972  2801  2908 W OVRLibrary: null cursor received for query content://com.oculus.ocms.library/apps/com.oculus.systemux
02-08 22:46:59.983  1559  1574 I ssioncontrolle: Background young concurrent copying GC freed 575(93KB) AllocSpace objects, 0(0B) LOS objects, 1% free, 1669KB/1698KB, paused 1.578ms total 381.112ms
02-08 22:46:59.983  2801  2908 D MVanScreenTimeUploadWorker: Creating screen time mutation for com.oculus.systemux startime = 1675896418 endTime = 1675896419 duration = 1
02-08 22:46:59.987  1029  1060 I RoleUserState: Wrote roles.xml successfully
02-08 22:47:00.006   745 11916 I audio_hw_primary: disable_audio_route: reset and update mixer path: deep-buffer-playback headphones
02-08 22:47:00.007 21033 21115 E OsSdk   : error getting shared memory region, memory type: HeadTracker, failed with Status(-1, EX_SECURITY): 'requested shared memory region when not registered/focused'
02-08 22:47:00.016   745 11916 D msm8974_platform: platform_split_snd_device: snd_device(26) num devices(0) new_snd_devices(0)
02-08 22:47:00.018   745 11916 I msm8974_platform: platform_get_custom_mtmx_params: no matching param with id 0 ip_ch 2 op_ch 2 uc_id 0 snd_dev 26
02-08 22:47:00.018   745 11916 D hardware_info: hw_info_append_hw_type : device_name = voice-headphones
02-08 22:47:00.018   745 11916 D msm8974_platform: platform_split_snd_device: snd_device(26) num devices(0) new_snd_devices(0)
02-08 22:47:00.018   745 11916 D audio_hw_primary: out_standby: exit
02-08 22:47:00.028  4614 25935 I VrApi   : FPS=90/90,Prd=26ms,Tear=0,Early=0,Stale=2,Stale2/5/10/max=0/0/0/1,VSnc=0,Lat=-1,Fov=0,CPU4/GPU=2/3,2419/490MHz,OC=FF,TA=0/70/0,SP=N/F/N,Mem=2092MHz,Free=2280MB,PLS=0,Temp=31.0C/0.0C,TW=1.22ms,App=5.20ms,GD=0.13ms,CPU&GPU=7.59ms,LCnt=2(DR90,LM2),GPU%=0.61,CPU%=0.19(W0.20),DSF=1.00,CFL=14.67/19.85
02-08 22:47:00.050 21033 21115 E OsSdk   : error getting shared memory region, memory type: HeadTracker, failed with Status(-1, EX_SECURITY): 'requested shared memory region when not registered/focused'
02-08 22:47:00.059  2801 25977 D MVanScreenTimeUploadWorker: uploaded 10 seconds screentime for com.oculus.shellenv
02-08 22:47:00.059   883 24830 W [CT]    : VEGA:MAP_TRACKING_HM: [Throttled count=25] Map tracking did not run.
02-08 22:47:00.060 21033 21115 E OsSdk   : error getting shared memory region, memory type: AnchorTracker, failed with Status(-1, EX_SECURITY): 'requested shared memory region when not registered/focused'
02-08 22:47:00.106 21033 21115 E OsSdk   : error getting shared memory region, memory type: HeadTracker, failed with Status(-1, EX_SECURITY): 'requested shared memory region when not registered/focused'
02-08 22:47:00.143  2801 25972 D UserIdentityContextWorker: UserAccountQueryResponse onSuccess
02-08 22:47:00.146  2801 25982 D MVanScreenTimeUploadWorker: uploaded 2 seconds screentime for com.oculus.shellenv
02-08 22:47:00.150   883   883 I chatty  : uid=1000(system) /system/bin/trackingservice identical 7 lines
02-08 22:47:00.151 21033 21115 E OsSdk   : error getting shared memory region, memory type: HeadTracker, failed with Status(-1, EX_SECURITY): 'requested shared memory region when not registered/focused'
02-08 22:47:00.161  1559  1574 I ssioncontrolle: Background concurrent copying GC freed 4483(219KB) AllocSpace objects, 0(0B) LOS objects, 50% free, 1481KB/3017KB, paused 88us total 139.861ms
02-08 22:47:00.183 18403 18403 W OVRLibrary: null cursor received for query content://com.oculus.ocms.library/apps/com.oculus.os.vrusb
02-08 22:47:00.191  2801 25972 D UserIdentityContextWorker: Update user database entities complete
02-08 22:47:00.191  2801 25972 D WorkerLoggerHelper: log success for user_identity_context_worker
02-08 22:47:00.198   883   883 W TrackingService: attachClient: found client in attached list
02-08 22:47:00.200 21033 21115 E OsSdk   : error getting shared memory region, memory type: HeadTracker, failed with Status(-1, EX_SECURITY): 'requested shared memory region when not registered/focused'
02-08 22:47:00.222  2801  2906 I WM-WorkerWrapper: Worker result SUCCESS for Work [ id=9742549c-4eda-48de-adc3-12a30ed28b30, tags={ com.oculus.identitymanagement.service.workers.UserIdentityContextWorker } ]
02-08 22:47:00.227  2801  2908 W OVRLibrary: null cursor received for query content://com.oculus.ocms.library/apps/com.oculus.xrstreamingclient
02-08 22:47:00.227  2801  2908 D MVanScreenTimeUploadWorker: Creating screen time mutation for com.oculus.xrstreamingclient startime = 1675895389 endTime = 1675895451 duration = 62
02-08 22:47:00.231 18403 18403 W OVRLibrary: null cursor received for query content://com.oculus.ocms.library/apps/com.YourCompany.PrototypeV4
02-08 22:47:00.243   883  1020 W TrackingService: attachClient: found client in attached list
02-08 22:47:00.244 21033 21115 E OsSdk   : error getting shared memory region, memory type: HeadTracker, failed with Status(-1, EX_SECURITY): 'requested shared memory region when not registered/focused'
02-08 22:47:00.248  2801  2908 D MVanScreenTimeUploadWorker: Creating screen time mutation for com.oculus.xrstreamingclient startime = 1675896045 endTime = 1675896047 duration = 2
02-08 22:47:00.274 18403 18403 W OVRLibrary: null cursor received for query content://com.oculus.ocms.library/apps/com.YourCompany.PrototypeV6
02-08 22:47:00.274 18403 18403 D [SUI] AppStateUtil: Notifying observers com.beatgames.beatsaber is in 'recents'= true
02-08 22:47:00.274 18403 18403 D [SUI] AppStateUtil: Notifying observers settings_system_app is in 'recents'= true
02-08 22:47:00.274 18403 18403 D [SUI] AppStateUtil: Notifying observers com.oculus.explore is pinned=true
02-08 22:47:00.274 18403 18403 D [SUI] AppStateUtil: Notifying observers com.oculus.store is pinned=true
02-08 22:47:00.274 18403 18403 D [SUI] AppStateUtil: Notifying observers messenger_system_app is pinned=true
02-08 22:47:00.274 18403 18403 D [SUI] AppStateUtil: Notifying observers share_system_app is pinned=true
02-08 22:47:00.274 18403 18403 D [SUI] AppStateUtil: com.oculus.explore is running= false
02-08 22:47:00.274 18403 18403 D [SUI] AppStateUtil: com.oculus.store is running= false
02-08 22:47:00.274 18403 18403 D [SUI] AppStateUtil: messenger_system_app is running= false
02-08 22:47:00.274 18403 18403 D [SUI] AppStateUtil: share_system_app is running= false
02-08 22:47:00.274 18403 18403 D [SUI] AppStateUtil: Notifying observers com.beatgames.beatsaber is in 'recents'= true
02-08 22:47:00.274 18403 18403 D [SUI] AppStateUtil: Notifying observers settings_system_app is in 'recents'= true
02-08 22:47:00.274 18403 18403 D [SUI] AppStateUtil: com.beatgames.beatsaber is running= false
02-08 22:47:00.274 18403 18403 D [SUI] AppStateUtil: settings_system_app is running= false
02-08 22:47:00.274 18403 18403 D [SUI] PanelAppBase: Acquiring viewModel DynamicAppsViewModel refCount: 1
02-08 22:47:00.274 18403 18403 I AndroidPanelApp: HideLayer(#main, shape: 1, shouldMinimizeLayer: false)
02-08 22:47:00.275  2801  2906 I WM-WorkerWrapper: Setting status to enqueued for d2849a81-8762-493b-906d-be405ddfe830
02-08 22:47:00.282  1029  1046 I DisplayManagerService: Display device added: DisplayDeviceInfo{"com.oculus.android_panel_app.AndroidPanelLayer-#main": uniqueId="virtual:com.oculus.systemux,10026,com.oculus.android_panel_app.AndroidPanelLayer-#main,0", 840 x 1250, modeId 218, defaultModeId 218, supportedModes [{id=218, width=840, height=1250, fps=60.0}], colorMode 0, supportedColorModes [0], HdrCapabilities null, density 200, 200.0 x 200.0 dpi, appVsyncOff 0, presDeadline 16666666, touch NONE, rotation 0, type VIRTUAL, state OFF, owner com.oculus.systemux (uid 10026), FLAG_PRIVATE, FLAG_NEVER_BLANK, FLAG_OWN_CONTENT_ONLY}
02-08 22:47:00.290 18403 18403 D [SUI] BarViewModel: Constructing BarViewModel
02-08 22:47:00.290 18403 18403 D [SUI] PanelAppBase: Acquiring viewModel BarViewModel refCount: 1
02-08 22:47:00.290 18403 18403 D [SUI] StatusViewModel: Constructing ViewModel
02-08 22:47:00.309 21033 21115 E OsSdk   : error getting shared memory region, memory type: HeadTracker, failed with Status(-1, EX_SECURITY): 'requested shared memory region when not registered/focused'
02-08 22:47:00.310 18403 18403 I android_os_HwBinder: HwBinder: Starting thread pool for getting: vendor.oculus.hardware.battery@1.0::IBattery/default
02-08 22:47:00.329 18403 18403 D [SUI] StatusViewModel: Initializing wifi status BroadcastReceiver
02-08 22:47:00.332 18403 18403 D [SUI] StatusViewModel: Initialized wifi status BroadcastReceiver
02-08 22:47:00.346   883  1020 I chatty  : uid=1000(system) Binder:883_2 identical 2 lines
02-08 22:47:00.347 21033 21115 E OsSdk   : error getting shared memory region, memory type: HeadTracker, failed with Status(-1, EX_SECURITY): 'requested shared memory region when not registered/focused'
02-08 22:47:00.347   883  1020 W TrackingService: attachClient: found client in attached list
02-08 22:47:00.348 21033 21115 E OsSdk   : error getting shared memory region, memory type: AnchorTracker, failed with Status(-1, EX_SECURITY): 'requested shared memory region when not registered/focused'
02-08 22:47:00.349 18403 18403 D [SUI] PanelAppBase: Acquiring viewModel StatusViewModel refCount: 1
02-08 22:47:00.349 18403 18403 D [SUI] ActiveCallBarViewModel: Constructing ActiveCallBarViewModel
