03-01 19:12:11.215  3468  3501 I VrRuntimeClient: APP VERSION = 49.0.0.207.357 versionCode 445159140 internalVersionName 49.0.0.207.357.60c601c6ae0d 2023_02_08_16_27
03-01 19:12:11.215  3468  3501 I VrRuntimeClient: APP VR TYPE = vr_only
03-01 19:12:11.215  3468  3501 I VrRuntimeClient: APP MODE TYPE = VR
03-01 19:12:11.215  3468  3501 I VrRuntimeClient: APP PACKAGE NAME = com.oculus.shellenv
03-01 19:12:11.215  3468  3501 I VrRuntimeClient: APP ACTIVITY CLASS = com.oculus.shellenv.ShellEnvActivity
03-01 19:12:11.215  3468  3501 I Sensor  : OSSDKTRACKING Initializing head tracking
03-01 19:12:11.215  3468  3501 I Sensor  : OSSDKTRACKING Head tracker != nullpointer 0x762c844718, 1
03-01 19:12:11.215  3468  3501 I Sensor  : OSSDKTRACKING Initializing controller tracking
03-01 19:12:11.215  3468  3501 I Sensor  : OSSDKTRACKING Controller tracker != nullpointer 0x762d46b850, 1
03-01 19:12:11.215  3468  3501 D BatteryReceiver: Registering battery receiver
03-01 19:12:11.220  1936  2453 I VRLifecycleSessionManager: Stored session info.
03-01 19:12:11.226   734  1156 D msm8974_platform: platform_set_channel_map mixer_ctl_name:Playback Channel Map9
03-01 19:12:11.227   734  1156 D msm8974_platform: platform_set_channel_map: set mapping(1 2 0 0 0 0 0 0) for channel:2
03-01 19:12:11.227   734  1156 D audio_hw_primary: start_output_stream: exit
03-01 19:12:11.227   734  1156 D audio_hw_primary: out_write: retry previous failed cal level set
03-01 19:12:11.227   734  1156 D msm8974_platform: platform_split_snd_device: snd_device(2) num devices(1) new_snd_devices(0)
03-01 19:12:11.227   734  1156 D ACDB-LOADER: ACDB -> send_audvoltable
03-01 19:12:11.227   734  1156 D ACDB-LOADER: ACDB -> ACDB_CMD_GET_AUDPROC_INSTANCE_GAIN_DEP_STEP_TABLE_SIZE
03-01 19:12:11.228   734  1156 D         : Failed to fetch the lookup information of the device 0000000F 
03-01 19:12:11.228   734  1156 D ACDB-LOADER: Error: ACDB_CMD_GET_AUDPROC_INSTANCE_GAIN_DEP_STEP_TABLE_SIZE Returned = -19
03-01 19:12:11.228   734  1156 D ACDB-LOADER: ACDB -> ACDB_CMD_GET_AUDPROC_INSTANCE_GAIN_DEP_STEP_TABLE, vol index 6
03-01 19:12:11.228   734  1156 D         : Failed to fetch the lookup information of the device 0000000F 
03-01 19:12:11.228   734  1156 D ACDB-LOADER: Error: ACDB AudProc vol returned = -19
03-01 19:12:11.228   734  1156 D ACDB-LOADER: ACDB -> AUDIO_SET_VOL_CAL cal type = 40
03-01 19:12:11.231  4074  4133 E OsSdk   : error getting shared memory region, memory type: HeadTracker, failed with Status(-1, EX_SECURITY): 'requested shared memory region when not registered/focused'
03-01 19:12:11.231  4074  4133 W [CT]    : SlamAnchorMemoryRuntimeIpcServer: HeadTracker::getState failed
03-01 19:12:11.231  4074  4133 W [CT]    : SlamAnchorMemoryRuntimeIpcServerThread: RigidBodyStates update failure.
03-01 19:12:11.231  3468  3501 D HeadsetReceiver: getCurrentHeadsetState: false
03-01 19:12:11.231  3468  3501 I DeviceStatus: nativeHeadsetEvent(0)
03-01 19:12:11.232   699  1458 I netd    : firewallSetUidRule(2, 10071, 1) <0.02ms>
03-01 19:12:11.233  3468  3501 I VrRuntimeClient: SetCompositorClientFeatureFlag ClientFeatureFlag 0 
03-01 19:12:11.233  3468  3501 I LogTimer: CPUTIME: VrRuntimeClient_BeginSession took 33.5308 ms
03-01 19:12:11.233  3468  3501 I ClientInputInterface: DEADRECKONING SetControllerTrackingExtendedDeadreckoning 0
03-01 19:12:11.233  3468  3501 I ClientInputSettings: HANDTRACKING package name is com.oculus.shellenv
03-01 19:12:11.235  3468  3501 I ClientInputSettings: HANDTRACKING: Manifest Permission request for com.oculus.shellenv
03-01 19:12:11.235  3468  3501 I ClientInputSettings: HANDTRACKING:  'com.oculus.shellenv' Is hands or controller.
03-01 19:12:11.235  3468  3501 I ClientInputSettings: HANDTRACKING: feature flag set to 2
03-01 19:12:11.236  3468  3501 I ClientInputInterface: HANDTRACKING sethandmanifest 2
03-01 19:12:11.236  3468  3501 I InputHooks_Internal: Enabling Native Input Hooks
03-01 19:12:11.236  3468  3501 I InputDeviceManager: ovrInputDeviceManager::Initialize
03-01 19:12:11.236  3468  3501 I Distortion: Initializing Mesh Decenter Correction
03-01 19:12:11.237   852  1043 E CalibrationProvider: loadCalibration(LDISP_SN) failed: Calibration store didn't load any info
03-01 19:12:11.237   852  1043 E CalibrationProvider: loadCalibration(RDISP_SN) failed: Calibration store didn't load any info
03-01 19:12:11.237  3468  3501 I Distortion: SetLensPositions - iad=0.063031, left offset=-0.000245333,-0.00102733, right offset=0.000124499,-0.00104481
03-01 19:12:11.237  3468  3501 I Distortion: Initializing Mesh Decenter Correction
03-01 19:12:11.238   852  1043 E CalibrationProvider: loadCalibration(LDISP_SN) failed: Calibration store didn't load any info
03-01 19:12:11.238   852  1043 E CalibrationProvider: loadCalibration(RDISP_SN) failed: Calibration store didn't load any info
03-01 19:12:11.239  1936  2088 W OVRLibrary: null cursor received for query content://com.oculus.ocms.library/apps/com.YourCompany.TemplateProject3
03-01 19:12:11.239  1936  2088 I OVRMediaServiceManager: Sending onAppStart (com.YourCompany.TemplateProject3) to SocialPlatform (com.oculus.socialplatform)
03-01 19:12:11.239  3468  3501 I Distortion: SetLensPositions - iad=0.063031, left offset=-0.000245333,-0.00102733, right offset=0.000124499,-0.00104481
03-01 19:12:11.239  3468  3501 I Distortion: Created custom distortion mesh.
03-01 19:12:11.239  3468  3501 I InputDevice_TrackedRemote: REMOTE: Hand=2 IndexAnalog=0.00 GripAnalog=0.00 Buttons=0x00000000
03-01 19:12:11.239  3468  3501 I InputDevice_TrackedRemote: REMOTE: Hand=1 IndexAnalog=0.00 GripAnalog=0.00 Buttons=0x00000000
03-01 19:12:11.239  3468  3501 I InputDeviceManager: HANDTRACKING Pointer filter profile changed to: 0
03-01 19:12:11.239  3468  3501 I InputDeviceManager: HANDTRACKING Pointer filter profile changed to: 0
03-01 19:12:11.239  3468  3501 I InputDeviceManager: HANDTRACKING Root pose filter profile changed for (version, freq) to (2, 1) from (1,2)
03-01 19:12:11.239  3468  3501 I PhaseSync: PhaseSync::PhaseSync PaddingLowerLimit 0.350000 StandardDeviations 2.000000 PaddingUpperLimit 0.750000 on instance 3
03-01 19:12:11.239  3468  3501 I VrRuntimeClient: PhaseSync Instance created
03-01 19:12:11.239  3468  3501 D VrRuntimeClient: pokeGuardianUserServiceForThisClient: com.oculus.shellenv:10014
03-01 19:12:11.242  4074  4181 E OsSdk   : error getting shared memory region, memory type: HeadTracker, failed with Status(-1, EX_SECURITY): 'requested shared memory region when not registered/focused'
03-01 19:12:11.247  3468  3501 D VrRuntimeClient: VrRuntimeClient: getClientWindow: activity client
03-01 19:12:11.247  2431  2431 D VrGuardianUserService: onStartCommandIntent { act=FOREGROUND_CLIENT cmp=com.oculus.guardian/com.oculus.vrguardianservice.VrGuardianUserService (has extras) }
03-01 19:12:11.247  2431  2431 D VrGuardianUserService: maybeSubscribeDeviceConfig
03-01 19:12:11.248  1766  3547 I VrRuntimeService: RuntimeServiceSDKServer::EnableRendering: 0x7642f0bdc0, 2, com.oculus.shellenv
03-01 19:12:11.248  1766  3547 I ClientMgr: EnableRendering2: Calling SetFocusedClient: 2276749468
03-01 19:12:11.248  1766  3547 I ClientMgr: FocusedClient changed.
03-01 19:12:11.248  1766  3547 I ClientMgr: ClientMgr::SetFocusedClient: 3468:com.oculus.shellenv type 0
03-01 19:12:11.248  1766  3547 I ClientMgr: SetFocusedPackageName - packageName com.oculus.shellenv processName com.oculus.shellenv clientId 2276749468 clientPid 3468
03-01 19:12:11.248  1766  3547 I VrRuntimeService: RuntimeIPC: SendFocusChangeEventToAllClients: PostClientEvent SUCCESS: com.oculus.xrstreamingclient:com.oculus.xrstreamingclient:4074, com.oculus.shellenv, com.oculus.shellenv
03-01 19:12:11.248  1766  3547 I VrRuntimeService: RuntimeIPC: SendFocusChangeEventToAllClients: PostClientEvent SUCCESS: com.oculus.vrshell:com.oculus.vrshell:2961, com.oculus.shellenv, com.oculus.shellenv
03-01 19:12:11.248  1766  3547 I VrRuntimeService: RuntimeIPC: SendFocusChangeEventToAllClients: PostClientEvent SUCCESS: com.oculus.mrservice:com.oculus.mrservice:2573, com.oculus.shellenv, com.oculus.shellenv
03-01 19:12:11.248  1766  3547 I VrRuntimeService: RuntimeIPC: SendFocusChangeEventToAllClients: PostClientEvent SUCCESS: com.oculus.guardian:com.oculus.vrguardianservice:2431, com.oculus.shellenv, com.oculus.shellenv
03-01 19:12:11.248  1766  3547 I VrRuntimeService: RuntimeIPC: SendFocusChangeEventToAllClients: PostClientEvent SUCCESS: com.oculus.shellenv:com.oculus.shellenv:3468, com.oculus.shellenv, com.oculus.shellenv
03-01 19:12:11.248  1766  3547 I VrRuntimeService: RuntimeIPC: SendFocusChangeEventToAllClients: PostClientEvent SUCCESS: com.oculus.vrshell:com.oculus.vrshell:Overlay:2949, com.oculus.shellenv, com.oculus.shellenv
03-01 19:12:11.248  1766  3547 I ClientMgr: ClientMgr::EnableRendering 3468:com.oculus.shellenv : type 0 comp-id 5: enable
03-01 19:12:11.248  1766  3547 I CompositorVR: CheckDebuggerConnected: debugger 0
03-01 19:12:11.248  1766  3547 I VrRuntimeServer: SysProp debug mode is disabled on Server side
03-01 19:12:11.248  1766  3547 I UnifiedTelemetryWrapper: Started UT session render:com.oculus.shellenv
03-01 19:12:11.249  2431  2431 D VrGuardianUserService: onStartCommand FOREGROUND_CLIENT user = 0
03-01 19:12:11.249  2431  2431 D VrGuardianService: setCurrentUser() called with: userId = [0]
03-01 19:12:11.249  2431  2431 I VrGuardianService: nativeSetCurrentUser userid = 0
03-01 19:12:11.249  2431  2431 I GuardianSystem: [GuardianSystem::SetCurrentUser] User ID 0 
03-01 19:12:11.251  3468  3501 I ScreenCaptureHelper: Advertising com.oculus.shellenv as streamable
03-01 19:12:11.251  3468  3501 I VrApi   : OVR::Stats thread started
03-01 19:12:11.251  3468  3501 I XrRuntimeUtils: XrRuntimeUtils::BeginSession
03-01 19:12:11.251  3468  3501 I XrRuntimeSystem_Client: BeginSession
03-01 19:12:11.251  1936  2328 I OVRMediaService: onStartCommand Received message type: set_package_name, caller package: no_app_identity, app identify: null
03-01 19:12:11.251  3468  3501 I OpenXR  : ------------ xrBeginSession [end] -----------
03-01 19:12:11.251  1936  2328 I OVRMediaService: Got package name intent (com.oculus.shellenv)
03-01 19:12:11.251  3468  3501 I Clay    : Setting CPU/GPU levels= 25/75
03-01 19:12:11.253  1936  2328 I OVRMediaServiceManager: Sending onAppStart (com.oculus.shellenv) to SocialPlatform (com.oculus.socialplatform)
03-01 19:12:11.258  1766  2804 I ClientMgr: Non-overlay clients rendering status has changed: prev=30, curr=31, enabled=1
03-01 19:12:11.258  1766  2804 I ClientMgr: Primary Client is not valid.
03-01 19:12:11.258  1766  2804 I ClientMgr: Primary client determined to be the current enabled client -2018217828
03-01 19:12:11.258  1766  2804 I ClientMgr: ClientMgr::SetPrimaryCompositorClient: 3468:com.oculus.shellenv
03-01 19:12:11.258  1766  2804 W ClientMgr: ClientMgr::GetClientPermissionFlagsById: Client missing proper permissions: com.oculus.shellenv, 2
03-01 19:12:11.258  1766  2804 I CompositorClientMgr: Enable client 5
03-01 19:12:11.258  1766  2804 I VrRuntimeServer: EnableCompositorClient client(5): layer placement(0) flags(1) sm(0x766f8cc010)
03-01 19:12:11.258  1766  2804 I ClientMgr: SetPrimaryPackageName - packageName com.oculus.shellenv processName com.oculus.shellenv clientId 2276749468 clientPid 3468
03-01 19:12:11.258  1766  2804 I ServiceInputManager: ServiceInputManager::SetPrimaryPackageName 'com.oculus.shellenv' 'com.oculus.shellenv'  updated AnytimeUI processname 0
03-01 19:12:11.258  1766  2804 I VrRuntimeService: RuntimeIPC: SendPrimaryPackageChangeEvent: PostClientEvent SUCCESS: com.oculus.xrstreamingclient:com.oculus.xrstreamingclient:4074, com.oculus.shellenv, com.oculus.shellenv
03-01 19:12:11.258  1766  2804 I VrRuntimeService: RuntimeIPC: SendPrimaryPackageChangeEvent: PostClientEvent SUCCESS: com.oculus.vrshell:com.oculus.vrshell:2961, com.oculus.shellenv, com.oculus.shellenv
03-01 19:12:11.258  1766  2804 I VrRuntimeService: RuntimeIPC: SendPrimaryPackageChangeEvent: PostClientEvent SUCCESS: com.oculus.mrservice:com.oculus.mrservice:2573, com.oculus.shellenv, com.oculus.shellenv
03-01 19:12:11.258  1766  2804 I VrRuntimeService: RuntimeIPC: SendPrimaryPackageChangeEvent: PostClientEvent SUCCESS: com.oculus.guardian:com.oculus.vrguardianservice:2431, com.oculus.shellenv, com.oculus.shellenv
03-01 19:12:11.258  4074  4158 D xrstreaming: receive pong: org 2626388479205 recv 4971102019800 xmt 4971112035100 (received at 2626398758527), offset divergence 1066764
03-01 19:12:11.258  1766  2804 I VrRuntimeService: RuntimeIPC: SendPrimaryPackageChangeEvent: PostClientEvent SUCCESS: com.oculus.shellenv:com.oculus.shellenv:3468, com.oculus.shellenv, com.oculus.shellenv
03-01 19:12:11.258  1766  2804 I VrRuntimeService: RuntimeIPC: SendPrimaryPackageChangeEvent: PostClientEvent SUCCESS: com.oculus.vrshell:com.oculus.vrshell:Overlay:2949, com.oculus.shellenv, com.oculus.shellenv
03-01 19:12:11.258  4074  4158 D xrstreaming: new clock offset=2344713408584 (rtt: 264022, dispersion: 2118489, jitter: 5298739)
03-01 19:12:11.258  1766  2804 D VrRuntimeService: sendPrimaryPackageChangeBroadcast
03-01 19:12:11.259  1766  2804 I UnifiedTelemetryWrapper: Setting destination as com.oculus.shellenv
03-01 19:12:11.260  1766  2804 I AADT    : SetAADTLutDataX: 0
03-01 19:12:11.260  1766  2804 I AADT    : SetAADTLutDataY: 0
03-01 19:12:11.260  1766  2804 I ServiceInputManager: InhibitHandleHomeKey has changed on the service. New value: 1
03-01 19:12:11.260  1766  2804 I ServiceInputManager: DEADRECKONING deadReckoning mode on ClientMgr from server is 0
03-01 19:12:11.260  1766  2804 I PerformanceManager_V0: SetClockLevels: Force releasing clocks
03-01 19:12:11.260  1766  2804 I PerformanceManager_V0: SetClockLevels: Apply pending clock request change: 2,3 -> -1,-1
03-01 19:12:11.260  1766  2800 I Clocks  : ReleaseClocks - start
03-01 19:12:11.261  1766  2800 I Clocks  : ReleaseClocks - end (0.5 ms)
03-01 19:12:11.261  3468  7562 I FenceChecker: FenceChecker::MainLoop - started
03-01 19:12:11.262  2949  2949 D [OAO] BaseOverlayService: screenStateReceiver Received broadcast: com.oculus.vrshell.intent.action.PRIMARY_PACKAGE_CHANGED
03-01 19:12:11.262  2949  2949 I [OAO] ShellOverlayServiceJNI: NativeSendOverlayCommand
03-01 19:12:11.263  2961  2961 D [SEO] BaseOverlayService: screenStateReceiver Received broadcast: com.oculus.vrshell.intent.action.PRIMARY_PACKAGE_CHANGED
03-01 19:12:11.263  2949  2949 I [OAO] ShellOverlayServiceJNI: NativeWake
03-01 19:12:11.263  2949  2949 I [OAO] ShellOverlayMain: WakeVrThread
03-01 19:12:11.263  2949  2949 I [OAO] ShellOverlayMain: WakeVrThread - notifying vr thread
03-01 19:12:11.265  1766  7016 I CompositorVR: SetSchedFifo( tid=3501, pol=3, pri=0 ) succeeded
03-01 19:12:11.265  1766  7016 I CompositorVR: SetSchedFifo( tid=7562, pol=3, pri=0 ) succeeded
03-01 19:12:11.265  1766  7016 I AADT    : SetAADTLutDataX. Thread. SizeX: 0
03-01 19:12:11.265  1766  7016 I AADT    : SetAADTLutDataY. Thread. SizeY: 0
03-01 19:12:11.265  3468  3501 I OpenXR  : PostSessionStateChange: XR_SESSION_STATE_READY -> XR_SESSION_STATE_SYNCHRONIZED
03-01 19:12:11.266  1766  5751 I FocusedClientsListener: focus: onTopActivityChanged: com.YourCompany.TemplateProject3
03-01 19:12:11.266  3468  3501 I Clay    : xrPollEvent: SESSION_STATE_CHANGED: SYNCHRONIZED
03-01 19:12:11.266  3468  3501 I OpenXR  : PostSessionStateChange: XR_SESSION_STATE_SYNCHRONIZED -> XR_SESSION_STATE_VISIBLE
03-01 19:12:11.266  2949  2949 I [OAO] ShellOverlayServiceJNI: NativeSendOverlayCommand
03-01 19:12:11.266  2573  2590 I [CT]    : MIXEDREALITY: MrServiceController: VrFocusManager::Top Activity Changed, topActivity now is: 'com.YourCompany.TemplateProject3', immersiveApp now is: 'com.YourCompany.TemplateProject3'.
03-01 19:12:11.267  2949  2949 I [OAO] ShellOverlayServiceJNI: NativeWake
03-01 19:12:11.267  2949  2949 I [OAO] ShellOverlayMain: WakeVrThread
03-01 19:12:11.267  2949  2949 I [OAO] ShellOverlayMain: WakeVrThread - notifying vr thread
03-01 19:12:11.267  2961  3553 I [SEO] ShellApp: Immersive Activity Changed to: com.YourCompany.TemplateProject3
03-01 19:12:11.267  1766  5751 I FocusedClientsListener: focus: onTopActivityChanged: com.YourCompany.TemplateProject3
03-01 19:12:11.267  2573  2653 I [CT]    : MIXEDREALITY: MrServiceModel: Hibernating caller (most likely rendering thread) due to commandQueue being empty.
03-01 19:12:11.267  3468  3501 I OpenXR  : PostSessionStateChange: XR_SESSION_STATE_VISIBLE -> XR_SESSION_STATE_FOCUSED
03-01 19:12:11.267  1766  5751 I FocusedClientsListener: focus: onTopActivityChanged: com.oculus.shellenv
03-01 19:12:11.268  3468  3501 I Clay    : xrPollEvent: SESSION_STATE_CHANGED: VISIBLE
03-01 19:12:11.268  3468  3501 I Clay    : xrPollEvent: SESSION_STATE_CHANGED: FOCUSED
03-01 19:12:11.268  2961  3553 I [SEO] ShellApp: Immersive Activity Changed to: com.YourCompany.TemplateProject3
03-01 19:12:11.268  2961  2961 D [SEO] ShellEnvOverlayService: Message Handler: onResume
03-01 19:12:11.268  2961  3553 I [SEO] ShellApp: 0xc7d2eb08 msg: resume
03-01 19:12:11.268  2961  3553 I [SEO] ShellApp: ---------- ShellApp::EnterVrMode() ----------
03-01 19:12:11.268  2961  3553 D [SEO] ShellApplication: setOverlayInputFocus: inputFocus=true shouldSupportIME=true
03-01 19:12:11.268  2961  3553 D [SEO] BaseOverlayService: setOverlayInputFocus : entrypoint - inputFocus=true shouldSupportIME=true
03-01 19:12:11.269  2961  3553 I [SEO] ShellTransitionState: Logging ShellTransitionState to dumpsys: {"state":"Foregrounding","timeMillis":"2626408"}
03-01 19:12:11.269  2961  3553 I [SEO] VrPlatformOpenXr: Setting clock levels to cpu=2, gpu=4
03-01 19:12:11.269  2961  3553 I [SEO] VrPlatformOpenXr: Setting perf thread tids to main=3553, render=unset
03-01 19:12:11.269  2961  3553 I OpenXR  : ------------ xrBeginSession [start] -----------
03-01 19:12:11.269  2961  3553 I VrRuntimeClient: Tracing is disabled
03-01 19:12:11.269  2961  3553 I VrRuntimeClient: SysProp debug mode is disabled on Client side
03-01 19:12:11.269  2431  2890 I GuardianSystem: [GuardianSystem::InitializeRuntimeEventHandlers] runtimeServiceSDKClient_.ForceShowGuardianEvent
03-01 19:12:11.269  2431  2890 I GuardianSystem: ForceShowGuardian: false, 0.00
03-01 19:12:11.269  2431  2890 I GuardianSystem: [GuardianSystem::InitializeRuntimeEventHandlers] runtimeServiceSDKClient_.PackageChangeEvent: package=[com.oculus.shellenv], process=[com.oculus.shellenv]
03-01 19:12:11.269  2431  2890 I GuardianSystem: SetCurrentProcessName: com.oculus.shellenv, previous ProcessName: com.YourCompany.TemplateProject3
03-01 19:12:11.270  2573  2590 I [CT]    : MIXEDREALITY: MrServiceController: VrFocusManager::Top Activity Changed, topActivity now is: 'com.YourCompany.TemplateProject3', immersiveApp now is: 'com.YourCompany.TemplateProject3'.
03-01 19:12:11.270  2573  2590 I [CT]    : MIXEDREALITY: MrServiceController: VrFocusManager::Top Activity Changed, topActivity now is: 'com.oculus.shellenv', immersiveApp now is: 'com.oculus.shellenv'.
03-01 19:12:11.270  2961  2961 D [SEO] BaseOverlayService: attachServiceWindowView shouldSupportIME:true
03-01 19:12:11.271  2949  2949 I [OAO] ShellOverlayServiceJNI: NativeSendOverlayCommand
03-01 19:12:11.271  2949  2949 I [OAO] ShellOverlayServiceJNI: NativeWake
03-01 19:12:11.271  2949  2949 I [OAO] ShellOverlayMain: WakeVrThread
03-01 19:12:11.271  2949  2949 I [OAO] ShellOverlayMain: WakeVrThread - notifying vr thread
03-01 19:12:11.271  2961  3553 D VrApi   : targetSDKVersion 29
03-01 19:12:11.271  2949  2949 I [OAO] ShellOverlayServiceJNI: NativeSendOverlayCommand
03-01 19:12:11.271  2949  2949 I [OAO] ShellOverlayServiceJNI: NativeWake
03-01 19:12:11.271  2949  2949 I [OAO] ShellOverlayMain: WakeVrThread
03-01 19:12:11.271  2949  2949 I [OAO] ShellOverlayMain: WakeVrThread - notifying vr thread
03-01 19:12:11.272  1766  2804 I Vsync   : Adjusting vsync display refresh rate 72.000000 -> 90.000000
03-01 19:12:11.273  2961  3553 I VrRuntimeClient: DEVICE MODEL NUMBER = Quest 2
03-01 19:12:11.273  2961  3553 I VrRuntimeClient: DEVICE BUILD NAME = user-49882890235800150
03-01 19:12:11.273  2961  3553 I VrRuntimeClient: DEVICE BUILD TYPE = user
03-01 19:12:11.273  2961  3553 I VrRuntimeClient: DEVICE OS VERSION = 10
03-01 19:12:11.273  2961  3553 I VrRuntimeClient: API LOADER VERSION = 1.0.25
03-01 19:12:11.273  2961  3553 I VrRuntimeClient: RUNTIME API VERSION = 1.0.25
03-01 19:12:11.273  2949  2949 D KeyboardInputMethodService: onFinishInput
03-01 19:12:11.273  2961  3553 I VrRuntimeClient: RUNTIME VERSION = 49.0.0.207.357 Feb  8 2023 14:43:23 RELEASE
03-01 19:12:11.273  2961  3553 I VrRuntimeClient: APP NAME = Oculus App Runtime
03-01 19:12:11.273  2961  3553 I VrRuntimeClient: APP VERSION = 49.0.0.207.358 versionCode 445158841 internalVersionName 49.0.0.207.358.60c601c6ae0d 2023_02_08_14_42
03-01 19:12:11.273  2961  3553 I VrRuntimeClient: APP VR TYPE = vr_only
03-01 19:12:11.273  2961  3553 I VrRuntimeClient: APP MODE TYPE = VR
03-01 19:12:11.273  2961  3553 I VrRuntimeClient: APP PACKAGE NAME = com.oculus.vrshell
03-01 19:12:11.273  2961  3553 I VrRuntimeClient: APP ACTIVITY CLASS = com.oculus.vrshell.ShellApplication
03-01 19:12:11.273  2961  3553 I Sensor  : OSSDKTRACKING Initializing head tracking
03-01 19:12:11.273  2961  3553 I Sensor  : OSSDKTRACKING Head tracker != nullpointer 0xc69c2e68, 1
03-01 19:12:11.273  2961  3553 I Sensor  : OSSDKTRACKING Initializing controller tracking
03-01 19:12:11.273  2961  3553 I Sensor  : OSSDKTRACKING Controller tracker != nullpointer 0xc5b27690, 1
03-01 19:12:11.273  2961  3553 D BatteryReceiver: Registering battery receiver
03-01 19:12:11.274  2573  2653 I [CT]    : MIXEDREALITY: MrServiceModel: Hibernating caller (most likely rendering thread) due to commandQueue being empty.
03-01 19:12:11.275  2961  3553 D HeadsetReceiver: getCurrentHeadsetState: false
03-01 19:12:11.275  2961  3553 I DeviceStatus: nativeHeadsetEvent(0)
03-01 19:12:11.275  1057  5312 E WindowManager: App trying to use insecure INPUT_FEATURE_NO_INPUT_CHANNEL flag. Ignoring
03-01 19:12:11.277  2961  3553 I VrRuntimeClient: SetCompositorClientFeatureFlag ClientFeatureFlag 0 
03-01 19:12:11.277  2961  3553 I LogTimer: CPUTIME: VrRuntimeClient_BeginSession took 8.0173 ms
03-01 19:12:11.278  2961  3553 I ClientInputInterface: DEADRECKONING SetControllerTrackingExtendedDeadreckoning 0
03-01 19:12:11.278  2961  3553 I ClientInputSettings: HANDTRACKING package name is com.oculus.vrshell
03-01 19:12:11.278  4074  4133 E OsSdk   : error getting shared memory region, memory type: HeadTracker, failed with Status(-1, EX_SECURITY): 'requested shared memory region when not registered/focused'
03-01 19:12:11.278  4074  4133 W [CT]    : SlamAnchorMemoryRuntimeIpcServer: HeadTracker::getState failed
03-01 19:12:11.278  4074  4133 W [CT]    : SlamAnchorMemoryRuntimeIpcServerThread: RigidBodyStates update failure.
03-01 19:12:11.281  3468  7558 D VrApi   : targetSDKVersion 29
03-01 19:12:11.288  2573  2653 I [CT]    : MIXEDREALITY: MrServiceModel: Hibernating caller (most likely rendering thread) due to commandQueue being empty.
03-01 19:12:11.290   870  5480 D VrApiService: refresh-rate changed to 90Hz
03-01 19:12:11.290  1766  2804 I PerformanceManager_V0: SetClockLevels: Apply pending clock request change: -1,-1 -> 2,3
03-01 19:12:11.290  1766  2804 I VrRuntimeServer: DisableCompositorClient: 0
03-01 19:12:11.290  4074  4181 E OsSdk   : error getting shared memory region, memory type: HeadTracker, failed with Status(-1, EX_SECURITY): 'requested shared memory region when not registered/focused'
03-01 19:12:11.290  1766  2804 I CompositorClientMgr: Disable client 0
03-01 19:12:11.290  1766  2804 I CompositorClientMgr: DisableClient: frame flush required: 1
03-01 19:12:11.290  1766  2800 I Clocks  : LockClocks( cpu=2, gpu=3 ) - start
03-01 19:12:11.291  2961  3553 I ClientInputSettings: HANDTRACKING: Manifest Permission request for com.oculus.vrshell
03-01 19:12:11.291  1766  2800 I Clocks  : CPU levels [0, 7]
03-01 19:12:11.291  1766  2800 I Clocks  : GPU levels [0, 5]
03-01 19:12:11.291  2961  3553 I ClientInputSettings: HANDTRACKING:  'com.oculus.vrshell' Is hands or controller.
03-01 19:12:11.292  2961  3553 I ClientInputSettings: HANDTRACKING: feature flag set to 2
03-01 19:12:11.292  2961  3553 I ClientInputInterface: HANDTRACKING sethandmanifest 2
03-01 19:12:11.292  2961  3553 D InputHooksJava: Enabling Java Input Hooks
03-01 19:12:11.292  2961  3553 W InputHooksJava: Unable to enable input hooks on a non-Activity Context
03-01 19:12:11.292  2961  3553 I InputDeviceManager: ovrInputDeviceManager::Initialize
03-01 19:12:11.292  2961  3553 I Distortion: Initializing Mesh Decenter Correction
03-01 19:12:11.292  2961  7563 I InputDevice_TrackedRemote: REMOTE: Hand=2 IndexAnalog=0.00 GripAnalog=0.00 Buttons=0x00000000
03-01 19:12:11.292  2961  7563 I InputDevice_TrackedRemote: REMOTE: Hand=1 IndexAnalog=0.00 GripAnalog=0.00 Buttons=0x00000000
03-01 19:12:11.292  2961  7563 I InputDeviceManager: HANDTRACKING Pointer filter profile changed to: 0
03-01 19:12:11.292  2961  7563 I InputDeviceManager: HANDTRACKING Pointer filter profile changed to: 0
03-01 19:12:11.293  2961  7563 I InputDeviceManager: HANDTRACKING Root pose filter profile changed for (version, freq) to (2, 1) from (1,2)
03-01 19:12:11.293  1766  2800 I Clocks  : LockClocks( cpu=2, gpu=3 ) - end (2.6 ms)
03-01 19:12:11.293   852  1043 E CalibrationProvider: loadCalibration(LDISP_SN) failed: Calibration store didn't load any info
03-01 19:12:11.294   852  1043 E CalibrationProvider: loadCalibration(RDISP_SN) failed: Calibration store didn't load any info
03-01 19:12:11.294  2961  3553 I Distortion: SetLensPositions - iad=0.063031, left offset=-0.000245333,-0.00102733, right offset=0.000124499,-0.00104481
03-01 19:12:11.294  2961  3553 I Distortion: Initializing Mesh Decenter Correction
03-01 19:12:11.294   795  1012 I SDM     : HWCDisplayBuiltIn::Validate: Validate +++ enable cac = 0
03-01 19:12:11.295   852  1043 E CalibrationProvider: loadCalibration(LDISP_SN) failed: Calibration store didn't load any info
03-01 19:12:11.295   852  1043 E CalibrationProvider: loadCalibration(RDISP_SN) failed: Calibration store didn't load any info
03-01 19:12:11.296  2961  3553 I Distortion: SetLensPositions - iad=0.063031, left offset=-0.000245333,-0.00102733, right offset=0.000124499,-0.00104481
03-01 19:12:11.296  2961  3553 I Distortion: Created custom distortion mesh.
03-01 19:12:11.296  2961  3553 I PhaseSync: PhaseSync::PhaseSync PaddingLowerLimit 0.350000 StandardDeviations 2.000000 PaddingUpperLimit 0.750000 on instance 3
03-01 19:12:11.296  2961  3553 I VrRuntimeClient: PhaseSync Instance created
03-01 19:12:11.297  1766  3055 I VrRuntimeService: RuntimeServiceSDKServer::EnableRendering: 0x0, 0, com.oculus.vrshell
03-01 19:12:11.297  1766  3055 I ClientMgr: EnableRendering2: invalid clientWindow, testing uid/pid
03-01 19:12:11.297  1766  3055 I ClientMgr: ClientMgr::EnableRendering 2961:com.oculus.vrshell : type 1 comp-id 6: enable
03-01 19:12:11.297  1766  3055 I CompositorClientMgr: Enable client 6
03-01 19:12:11.297  1766  3055 I VrRuntimeServer: EnableCompositorClient client(6): layer placement(2147483647) flags(0) sm(0x765e633010)
03-01 19:12:11.297  1766  3055 I CompositorVR: CheckDebuggerConnected: debugger 0
03-01 19:12:11.297  1766  3055 I VrRuntimeServer: SysProp debug mode is disabled on Server side
03-01 19:12:11.297  1766  3055 I UnifiedTelemetryWrapper: Started UT session render:com.oculus.vrshell
03-01 19:12:11.297  2961  3553 I VrApi   : OVR::Stats thread started
03-01 19:12:11.297  2431  2890 I GuardianSystem: [GuardianSystem::InitializeRuntimeEventHandlers] runtimeServiceSDKClient_.ForceShowGuardianEvent
03-01 19:12:11.297  2961  3553 I XrRuntimeUtils: XrRuntimeUtils::BeginSession
03-01 19:12:11.297  2961  3553 I XrRuntimeSystem_Client: BeginSession
03-01 19:12:11.297  2431  2890 I GuardianSystem: ForceShowGuardian: false, 0.00
03-01 19:12:11.297  2961  3553 I OpenXR  : ------------ xrBeginSession [end] -----------
03-01 19:12:11.302  1766  1766 I ClientMgr: FocusedWindowChanged: found matching overlay client: 1666123511
03-01 19:12:11.302  1766  1766 I ClientMgr: FocusedClient changed.
03-01 19:12:11.302  1766  1766 I ClientMgr: ClientMgr::SetFocusedClient: 2961:com.oculus.vrshell type 1
03-01 19:12:11.302  1766  1766 I ClientMgr: SetFocusedPackageName - packageName com.oculus.vrshell processName com.oculus.vrshell clientId 1666123511 clientPid 2961
03-01 19:12:11.302  1766  1766 I VrRuntimeService: RuntimeIPC: SendFocusChangeEventToAllClients: PostClientEvent SUCCESS: com.oculus.xrstreamingclient:com.oculus.xrstreamingclient:4074, com.oculus.vrshell, com.oculus.vrshell
03-01 19:12:11.302  1766  1766 I VrRuntimeService: RuntimeIPC: SendFocusChangeEventToAllClients: PostClientEvent SUCCESS: com.oculus.vrshell:com.oculus.vrshell:2961, com.oculus.vrshell, com.oculus.vrshell
03-01 19:12:11.302  1766  1766 I VrRuntimeService: RuntimeIPC: SendFocusChangeEventToAllClients: PostClientEvent SUCCESS: com.oculus.mrservice:com.oculus.mrservice:2573, com.oculus.vrshell, com.oculus.vrshell
03-01 19:12:11.302  1766  1766 I VrRuntimeService: RuntimeIPC: SendFocusChangeEventToAllClients: PostClientEvent SUCCESS: com.oculus.guardian:com.oculus.vrguardianservice:2431, com.oculus.vrshell, com.oculus.vrshell
03-01 19:12:11.302  1766  1766 I VrRuntimeService: RuntimeIPC: SendFocusChangeEventToAllClients: PostClientEvent SUCCESS: com.oculus.shellenv:com.oculus.shellenv:3468, com.oculus.vrshell, com.oculus.vrshell
03-01 19:12:11.302  1766  1766 I VrRuntimeService: RuntimeIPC: SendFocusChangeEventToAllClients: PostClientEvent SUCCESS: com.oculus.vrshell:com.oculus.vrshell:Overlay:2949, com.oculus.vrshell, com.oculus.vrshell
03-01 19:12:11.303  1766  2935 I FocusedClientsListener: focus: onVrFocusChanged(focusType=2): 1
03-01 19:12:11.303  1766  2935 I FocusedClientsListener: focus: pid=3468
03-01 19:12:11.303  1766  2938 I FocusedClientsListener: focus: onVrFocusChanged(focusType=1): 5
03-01 19:12:11.303  1766  2938 I FocusedClientsListener: focus: pid=3468
03-01 19:12:11.303  1766  2938 I FocusedClientsListener: focus: pid=2949
03-01 19:12:11.303  1766  2938 I FocusedClientsListener: focus: pid=2961
03-01 19:12:11.303  1766  2938 I FocusedClientsListener: focus: pid=2573
03-01 19:12:11.303  1766  2938 I FocusedClientsListener: focus: pid=2431
03-01 19:12:11.303  2573  3606 I [CT]    : MIXEDREALITY: MrFeatureStatus: Client status changed from Paused to Started.
03-01 19:12:11.303  2573  3606 I [CT]    : MIXEDREALITY: MrFeatureStatus: Target status Started, CurrentStatus: Paused
03-01 19:12:11.303  2573  3606 I [CT]    : MIXEDREALITY: MrFeatureStatus: Operation chain: Start
03-01 19:12:11.303  2573  3606 I [CT]    : MIXEDREALITY: MrFeatureStatus: Global status changed from Paused to Started.
03-01 19:12:11.303  2573  3606 I [CT]    : MIXEDREALITY: MrServiceController: Queuing command linked to operation Start for feature 0
03-01 19:12:11.303  1766  5751 I FocusedClientsListener: focus: onVrFocusChanged(focusType=0): 5
03-01 19:12:11.303  1766  5751 I FocusedClientsListener: focus: pid=3468
03-01 19:12:11.303  1766  5751 I FocusedClientsListener: focus: pid=2949
03-01 19:12:11.303  1766  5751 I FocusedClientsListener: focus: pid=2961
03-01 19:12:11.303  1766  5751 I FocusedClientsListener: focus: pid=2573
03-01 19:12:11.303  1766  5751 I FocusedClientsListener: focus: pid=2431
03-01 19:12:11.304  2573  2653 I [CT]    : MIXEDREALITY: MrServiceModel: Hibernating caller (most likely rendering thread) due to commandQueue being empty.
03-01 19:12:11.304  2487  2487 D MetaCam (MediaCapabilityChecker): checkMediaHasRecordingCapabilities packageName: com.oculus.vrshell
03-01 19:12:11.304  2573  2653 I [CT]    : MIXEDREALITY: MrServiceController: Executing passthroughStart on model
03-01 19:12:11.304  2573  2653 I [CT]    : MIXEDREALITY: MrServiceModel: passthroughStart()
03-01 19:12:11.304  2573  2653 I [CT]    : MIXEDREALITY: MrServiceModel: passthroughStart: Started Passthrough
03-01 19:12:11.304  2961  3553 I [SEO] VrPlatformOpenXr: VrPlatformOpenXr::SetPropInhibitHandleHomeKey inhibit:1
03-01 19:12:11.304  2961  3553 I OpenXR_DeviceSettings: ------------ xrSetDeviceSettingBooleanFB -----------
03-01 19:12:11.305  2961  3553 I ClientInputSettings: SetInhibitHandleHomeKey = true for com.oculus.vrshell
03-01 19:12:11.305  2961  3553 I ClientInputInterface: SetInhibitHandleHomeKey 1 for process com.oculus.vrshell 2961
03-01 19:12:11.305  2961  3553 I [SEO] VrPlatformOpenXr: VrPlatformOpenXr::SetPropInhibitHandleHomeKey result = 0
03-01 19:12:11.305  2487  2487 D MetaCam (MediaCapabilityChecker): checkMediaHasRecordingCapabilities packageName: com.oculus.vrshell
03-01 19:12:11.305  1936  2424 I OVRMediaServiceManager: Sending onAppStart (com.oculus.shellenv) to SocialPlatform (com.oculus.socialplatform)
03-01 19:12:11.305  2961  3553 I [SEO] Compositor: EnterVrMode with eye buffer: 1440x1584 : 3
03-01 19:12:11.305  2961  3553 I [SEO] AudioMixer: Enabling AudioPlayer.
03-01 19:12:11.305  2961  3553 I [SEO] AudioEngine: virtual void AudioLibrary::AudioEngine::EnablePlayer()
03-01 19:12:11.305  2961  3553 D         : PlayerBase::PlayerBase()
03-01 19:12:11.306  2961  3553 D         : TrackPlayerBase::TrackPlayerBase()
03-01 19:12:11.306  2961  3553 I libOpenSLES: Emulating old channel mask behavior (ignoring positional mask 0x3, using default mask 0x3 based on channel count of 2)
03-01 19:12:11.307  2961  7566 D VrApi   : targetSDKVersion 29
03-01 19:12:11.308  2949  3072 I [OAO] ShellOverlayApp: 0xc7b53b28 msg: overlayCommand:
03-01 19:12:11.308  2949  3072 I [OAO] ShellOverlayApp: command = primaryPackageChanged
03-01 19:12:11.308  2949  3072 I [OAO] ShellOverlayApp: Process_OverlayCommand command : primaryPackageChanged
03-01 19:12:11.308  2949  3072 I [OAO] ShellOverlayApp: UpdatePrimaryPackage forceSilentUpdate:0
03-01 19:12:11.308  2949  3072 I [OAO] ShellOverlayApp: UpdatePrimaryPackage Requested for PackageName:com.oculus.shellenv
03-01 19:12:11.308  2949  3072 I [OAO] OverlayFlowController: OnPrimaryPackageChange primaryPackage:com.oculus.shellenv immersiveAppChanged:1 forceSilentUpdate:0
03-01 19:12:11.308  2949  3072 I [OAO] OverlayFlowController: Non system primary client change: ready to sleep
03-01 19:12:11.308  2949  3072 I [OAO] OverlayFlowController: Reset resetReason : ReturnToShellHome
03-01 19:12:11.308  2949  3072 I [OAO] OverlayDesktopFlow: OverlayDesktopFlow Reset
03-01 19:12:11.308  2949  3072 I [OAO] DesktopPanelControllerAnalytics: DesktopPanelControllerAnalytics flushing telemetry
03-01 19:12:11.308  2949  3072 I [OAO] SystemAssistant: OnModeChanged requested with no change FullShell
03-01 19:12:11.308  2949  3072 I [OAO] SystemAssistant: Assistant panel is not active. Command [hide-attention-instant] could not be sent
03-01 19:12:11.308  2949  3072 I [OAO] DialogControllerManager: Reset resetReason:6
03-01 19:12:11.308   734  3355 I audio_hw_primary: getting vr mode to 0
03-01 19:12:11.308  2949  3072 I [OAO] OverlayFlowController: Reset - Resetting lastNonSystemPackageName to empty
03-01 19:12:11.308  2949  3072 I [OAO] OverlayFlowController: OnPrimaryPackageChange Setting lastNonSystemPackageName = com.oculus.shellenv
03-01 19:12:11.308  2949  3072 I [OAO] OverlayGuardianFlow: OverlayGuardianFlow UpdatePrimaryPackage lastNonSystemPackage:com.oculus.shellenv isVrShellPackage1
03-01 19:12:11.308  2949  3072 I [OAO] ShellOverlayApp: 0xc7b53b28 msg: overlayCommand:
03-01 19:12:11.308  2949  3072 I [OAO] ShellOverlayApp: command = topActivityChanged
03-01 19:12:11.308  2949  3072 I [OAO] ShellOverlayApp: topActivity = com.YourCompany.TemplateProject3
03-01 19:12:11.308  2949  3072 I [OAO] ShellOverlayApp: Process_OverlayCommand command : topActivityChanged
03-01 19:12:11.308  2949  3072 I [OAO] ShellOverlayApp: Process_OverlayCommand unknown command received: topActivityChanged
03-01 19:12:11.308  2949  3072 I [OAO] ShellOverlayApp: 0xc7b53b28 msg: overlayCommand:
03-01 19:12:11.308  2949  3072 I [OAO] ShellOverlayApp: command = topActivityChanged
03-01 19:12:11.308  2949  3072 I [OAO] ShellOverlayApp: topActivity = com.YourCompany.TemplateProject3
03-01 19:12:11.308  2949  3072 I [OAO] ShellOverlayApp: Process_OverlayCommand command : topActivityChanged
03-01 19:12:11.308  2949  3072 I [OAO] ShellOverlayApp: Process_OverlayCommand unknown command received: topActivityChanged
03-01 19:12:11.308  2949  3072 I [OAO] ShellOverlayApp: 0xc7b53b28 msg: overlayCommand:
03-01 19:12:11.308  2949  3072 I [OAO] ShellOverlayApp: command = topActivityChanged
03-01 19:12:11.308  2949  3072 I [OAO] ShellOverlayApp: topActivity = com.oculus.shellenv
03-01 19:12:11.308  2949  3072 I [OAO] ShellOverlayApp: Process_OverlayCommand command : topActivityChanged
03-01 19:12:11.308  2949  3072 I [OAO] ShellOverlayApp: Process_OverlayCommand unknown command received: topActivityChanged
03-01 19:12:11.309   754  4568 I AudioPolicyManagerCustom: VR mode is 0, switch to primary output if request is for fast|raw
03-01 19:12:11.311  3468  3501 I VrRuntimeClient: Client has lost focus.
03-01 19:12:11.312   754  4568 W AudioFlinger: createTrack_l(): mismatch between requested flags (00000104) and output flags (00000006)
03-01 19:12:11.312   754  4568 D AudioFlinger: Client defaulted notificationFrames to 192 for frameCount 384
03-01 19:12:11.312  3468  3501 I OpenXR  : PostSessionStateChange: XR_SESSION_STATE_FOCUSED -> XR_SESSION_STATE_VISIBLE
03-01 19:12:11.312  2961  2961 D [SEO] BaseOverlayService: setOverlayInputFocus : completed - inputFocus=true shouldSupportIME=true actionTaken:true
03-01 19:12:11.313  1766  5751 I FocusedClientsListener: focus: onTopActivityChanged: com.oculus.shellenv
03-01 19:12:11.313  3468  3501 I Clay    : xrPollEvent: SESSION_STATE_CHANGED: VISIBLE
03-01 19:12:11.313  2573  2593 I [CT]    : MIXEDREALITY: MrServiceController: VrFocusManager::Top Activity Changed, topActivity now is: 'com.oculus.shellenv', immersiveApp now is: 'com.oculus.shellenv'.
03-01 19:12:11.314  1936  2453 W OVRLibrary: null cursor received for query content://com.oculus.ocms.library/apps/com.oculus.vrshell
03-01 19:12:11.314   754  4568 D AF::TrackHandle: OpPlayAudio: track:100 uid:10020 pkg:com.oculus.vrshell usage:1 not muted
03-01 19:12:11.314  2949  2949 I [OAO] ShellOverlayServiceJNI: NativeSendOverlayCommand
03-01 19:12:11.314  2949  2949 I [OAO] ShellOverlayServiceJNI: NativeWake
03-01 19:12:11.314  2949  2949 I [OAO] ShellOverlayMain: WakeVrThread
03-01 19:12:11.314  2949  2949 I [OAO] ShellOverlayMain: WakeVrThread - notifying vr thread
03-01 19:12:11.315  2961  3553 I AudioTrack: createTrack_l(0): AUDIO_OUTPUT_FLAG_FAST successful; frameCount 0 -> 384
03-01 19:12:11.316  2573  2653 I [CT]    : MIXEDREALITY: MrServiceView: renderIteration: Nothing to render, hibernating the rendering thread since ID is off and no active PT layers.
03-01 19:12:11.316  2573  2653 I [CT]    : MIXEDREALITY: MrServiceModel: Hibernating caller (most likely rendering thread) due to commandQueue being empty.
03-01 19:12:11.316  2573  2653 I [CT]    : MIXEDREALITY: MrServiceView: renderIteration: Nothing to render, hibernating the rendering thread since ID is off and no active PT layers.
03-01 19:12:11.316  2573  2653 I [CT]    : MIXEDREALITY: MrServiceModel: Hibernating caller (most likely rendering thread) due to commandQueue being empty.
03-01 19:12:11.318  2961  7566 I JniUtils: ovr_GetCurrentPackageSignature 
03-01 19:12:11.318  1936  2453 I OVRMediaService: onStartCommand Received message type: overlay_input_focus_change, caller package: com.oculus.vrshell, app identify: AppIdentity{uid=10020, packageNames=[com.oculus.vrshell], sha1=MxZgtt071YLz39PLrkVGckZooCE, sha2=3C-DTjwZQjeLFPB2yCzRq1nqZWa_9HMLIEfpjvyfna8, version=null, domain=null}
03-01 19:12:11.318  2961  7566 I Metrics : device name = Oculus Quest 2
03-01 19:12:11.320   866  1049 I chatty  : uid=1000(system) Binder:866_1 identical 6 lines
03-01 19:12:11.321  1766  7016 I Vsync   : Vsync 10119:  1 x 11.14 ms (71.82 Hz, at 2626.462)
03-01 19:12:11.321  1285  1285 V AvrcpMediaPlayerList: onPlaybackConfigChanged(): Configs list size=9
03-01 19:12:11.322  4074  4133 E OsSdk   : error getting shared memory region, memory type: HeadTracker, failed with Status(-1, EX_SECURITY): 'requested shared memory region when not registered/focused'
03-01 19:12:11.322  4074  4133 W [CT]    : SlamAnchorMemoryRuntimeIpcServer: HeadTracker::getState failed
03-01 19:12:11.322  4074  4133 W [CT]    : SlamAnchorMemoryRuntimeIpcServerThread: RigidBodyStates update failure.
03-01 19:12:11.332  1936  2453 I OVRMediaService: Received OVERLAY_INPUT_FOCUS_CHANGE. is focused: true
03-01 19:12:11.333   866  1049 W TrackingService: attachClient: found client in attached list
03-01 19:12:11.334  4074  4181 E OsSdk   : error getting shared memory region, memory type: HeadTracker, failed with Status(-1, EX_SECURITY): 'requested shared memory region when not registered/focused'
03-01 19:12:11.334   866  1547 W TrackingService: attachClient: found client in attached list
03-01 19:12:11.337  4074  4181 E OsSdk   : error getting shared memory region, memory type: AnchorTracker, failed with Status(-1, EX_SECURITY): 'requested shared memory region when not registered/focused'
03-01 19:12:11.337  3468  3501 I Clay    : xrPollEvent: DISPLAY_REFRESH_RATE_CHANGED_FB: 72.000000 -> 90.000000
03-01 19:12:11.356   734  3355 D msm8974_platform: platform_split_snd_device: snd_device(2) num devices(1) new_snd_devices(0)
03-01 19:12:11.357  2961  7569 D         : PlayerBase::stop() from IPlayer
03-01 19:12:11.357  2961  7569 D AudioTrack: stop(72): called with 0 frames delivered
03-01 19:12:11.358  2961  3553 D [SEO] ShellApplication: requestAudioFocus, transientFocus=false
03-01 19:12:11.358  2961  3553 W AudioManager: Use of stream types is deprecated for operations other than volume control
03-01 19:12:11.358  2961  3553 W AudioManager: See the documentation of requestAudioFocus() for what to use instead with android.media.AudioAttributes to qualify your playback use case
03-01 19:12:11.359  1285  1285 V AvrcpMediaPlayerList: onPlaybackConfigChanged(): Configs list size=9
03-01 19:12:11.359  3468  7558 I JniUtils: ovr_GetCurrentPackageSignature 
03-01 19:12:11.359  1057  3556 I MediaFocusControl: requestAudioFocus() from uid/pid 10020/2961 clientId=android.media.AudioManager@5ee564fcom.oculus.vrshell.ShellAudioFocusHandler@4e101dc callingPack=com.oculus.vrshell req=1 flags=0x0 sdk=29
03-01 19:12:11.359  3468  7558 I Metrics : device name = Oculus Quest 2
03-01 19:12:11.361  1057  3556 D PreferencesStoreManager: xros_audio_enable_background_audio_playback value retrieved from preference store: false
03-01 19:12:11.361  4074  4133 E OsSdk   : error getting shared memory region, memory type: HeadTracker, failed with Status(-1, EX_SECURITY): 'requested shared memory region when not registered/focused'
03-01 19:12:11.361  4074  4133 W [CT]    : SlamAnchorMemoryRuntimeIpcServer: HeadTracker::getState failed
03-01 19:12:11.361  4074  4133 W [CT]    : SlamAnchorMemoryRuntimeIpcServerThread: RigidBodyStates update failure.
03-01 19:12:11.361  2961  3553 I [SEO] AudioSystem: Got audio focus : 1
03-01 19:12:11.362  2961  3553 I [SEO] EnvironmentManagerUtilities: Skipping entitlement check for sideloaded environment apk://com.environment.matrixloadingvoid/assets/scene.zip.
03-01 19:12:11.362  2961  3553 I [SEO] LocalSpace: ResetNextFrame
03-01 19:12:11.362  2961  3553 I [SEO] SystemAssistant: OnModeChanged from ImmersiveAppFocused to FullShell
03-01 19:12:11.362  2431  3596 I VrGuardianService: GuardianSDKServer::OnShellVrModeChangeReq: enterVrMode: 1, isShell: 1
03-01 19:12:11.362  2961  3553 I [SEO] LocalSpace: EnterVrMode: Setting local pose state.
03-01 19:12:11.362  2961  3553 I OpenXR_Hands: ------------ xrGetHandMeshFB -----------
03-01 19:12:11.362  2961  3553 I OpenXR_Hands: ------------ xrGetHandMeshFB -----------
03-01 19:12:11.362  2961  3553 D VrRuntimeClient: loadDriverResource - resourceName: 'hand_left' 
03-01 19:12:11.362  2949  3072 I [OAO] ShellOverlayApp: 0xc7b53b28 msg: overlayCommand:
03-01 19:12:11.362  2949  3072 I [OAO] ShellOverlayApp: command = topActivityChanged
03-01 19:12:11.362  2949  3072 I [OAO] ShellOverlayApp: topActivity = com.oculus.shellenv
03-01 19:12:11.362  2949  3072 I [OAO] ShellOverlayApp: Process_OverlayCommand command : topActivityChanged
03-01 19:12:11.362  2949  3072 I [OAO] ShellOverlayApp: Process_OverlayCommand unknown command received: topActivityChanged
03-01 19:12:11.362  2949  3072 I [OAO] VrPlatformOpenXr: xrPollEvent: received XR_TYPE_EVENT_DATA_DISPLAY_REFRESH_RATE_CHANGED_FB event: fromRate 72.000000 -> toRate 90.000000
03-01 19:12:11.366  1285  1285 V AvrcpMediaPlayerList: onPlaybackConfigChanged(): Configs list size=9
03-01 19:12:11.369  2961  3553 I OpenXR_Hands: ------------ xrGetHandMeshFB -----------
03-01 19:12:11.370  2961  3553 I OpenXR_Hands: ------------ xrGetHandMeshFB -----------
03-01 19:12:11.370  2961  3553 D VrRuntimeClient: loadDriverResource - resourceName: 'hand_left' 
03-01 19:12:11.373  2961  3553 I [SEO] ShellTransitionState: Logging ShellTransitionState to dumpsys: {"state":"Resuming frame loop","timeMillis":"2626513"}
03-01 19:12:11.373  2961  3553 I [SEO] LocalSpace: Reset - initialRawFromLocalPose: quat(-0.148707, 0.185639, 0.004821, 0.971288), translation(-0.043079, -0.090056, -0.001393)
03-01 19:12:11.373  2961  3553 I [SEO] LocalSpace: Applying VRAPI Reorient, the reorient reason is 3
03-01 19:12:11.373  1766  3055 I VrRuntimeService: RuntimeServiceSDKServer::RecenterLocalSpace
03-01 19:12:11.373  1766  3055 I VrRuntimeService: RuntimeServiceSDKServer::RecenterLocalSpaceInternal
03-01 19:12:11.373  1766  3055 I VrRuntimeServer: UpdateLocalSpace: Src: 2, Version: 22, VersionUser: 0, RawFloorHeightOld: -1.698220, RawFloorHeightNew: -1.698220
03-01 19:12:11.377  2431  2890 I GuardianSystem: [GuardianSystem::UpdateSystem] Responding to local space version number change.
03-01 19:12:11.377  3468  3501 I Clay    : xrPollEvent: REFERENCE_SPACE_CHANGE_PENDING
03-01 19:12:11.378   734  3355 D msm8974_platform: platform_split_snd_device: snd_device(2) num devices(1) new_snd_devices(0)
03-01 19:12:11.378   734  3355 D ACDB-LOADER: ACDB -> send_audvoltable
03-01 19:12:11.378   734  3355 D ACDB-LOADER: ACDB -> ACDB_CMD_GET_AUDPROC_INSTANCE_GAIN_DEP_STEP_TABLE_SIZE
03-01 19:12:11.378   734  3355 D         : Failed to fetch the lookup information of the device 0000000F 
03-01 19:12:11.378   734  3355 D ACDB-LOADER: Error: ACDB_CMD_GET_AUDPROC_INSTANCE_GAIN_DEP_STEP_TABLE_SIZE Returned = -19
03-01 19:12:11.378   734  3355 D ACDB-LOADER: ACDB -> ACDB_CMD_GET_AUDPROC_INSTANCE_GAIN_DEP_STEP_TABLE, vol index 7
03-01 19:12:11.378   734  3355 D         : Failed to fetch the lookup information of the device 0000000F 
03-01 19:12:11.378   734  3355 D ACDB-LOADER: Error: ACDB AudProc vol returned = -19
03-01 19:12:11.378   734  3355 D ACDB-LOADER: ACDB -> AUDIO_SET_VOL_CAL cal type = 40
03-01 19:12:11.381  2961  3553 I [SEO] SystemTaskBar: Create PanelApp
03-01 19:12:11.381  2961  3553 I [SEO] PanelAppLaunchInfo: PanelAppLaunchInfo componentString:com.oculus.systemux/com.oculus.panelapp.anytimeui.AnytimeUIAndroidPanelService packageName:com.oculus.systemux serviceName:com.oculus.panelapp.anytimeui.AnytimeUIAndroidPanelService componentName:com.oculus.systemux/com.oculus.panelapp.anytimeui.AnytimeUIAndroidPanelService
03-01 19:12:11.381  2961  3553 I [SEO] HostPlatform: Retrieving component launch information for package (com.oculus.systemux) and service (com.oculus.panelapp.anytimeui.AnytimeUIAndroidPanelService)
03-01 19:12:11.385  4074  4181 E OsSdk   : error getting shared memory region, memory type: HeadTracker, failed with Status(-1, EX_SECURITY): 'requested shared memory region when not registered/focused'
03-01 19:12:11.388  1057  2172 D ConnectivityService: requestNetwork for uid/pid:10019/2761 NetworkRequest [ TRACK_DEFAULT id=44, [ Capabilities: INTERNET&NOT_RESTRICTED&TRUSTED Uid: 10019] ]
03-01 19:12:11.388  2961  3553 I [SEO] HostPlatform: Is valid panel service component for package (com.oculus.systemux) and service (com.oculus.panelapp.anytimeui.AnytimeUIAndroidPanelService) - true
03-01 19:12:11.388  2961  3553 I [SEO] ShellApp: CreatePanelApp( com.oculus.systemux/com.oculus.panelapp.anytimeui.AnytimeUIAndroidPanelService )
03-01 19:12:11.388  2961  3553 I [SEO] ShellApp: Environment:
03-01 19:12:11.388  1057  1235 D WIFI_AWARE_FACTORY: got request NetworkRequest [ TRACK_DEFAULT id=44, [ Capabilities: INTERNET&NOT_RESTRICTED&TRUSTED Uid: 10019] ] with score 60 and serial -1
03-01 19:12:11.388  2961  3553 I [SEO] PanelAppHost: PanelAppHost constructor, panel 9 (com.oculus.systemux/com.oculus.panelapp.anytimeui.AnytimeUIAndroidPanelService)
03-01 19:12:11.388  2961  3553 I [SEO] PanelAppHost: Panel app 9 (com.oculus.systemux/com.oculus.panelapp.anytimeui.AnytimeUIAndroidPanelService) changing state from startup to foreground
03-01 19:12:11.389  1057  1184 D UntrustedWifiNetworkFactory: got request NetworkRequest [ TRACK_DEFAULT id=44, [ Capabilities: INTERNET&NOT_RESTRICTED&TRUSTED Uid: 10019] ] with score 60 and serial -1
03-01 19:12:11.389  1057  1184 D WifiNetworkFactory: got request NetworkRequest [ TRACK_DEFAULT id=44, [ Capabilities: INTERNET&NOT_RESTRICTED&TRUSTED Uid: 10019] ] with score 60 and serial -1
03-01 19:12:11.389  1057  1236 D Ethernet: got request NetworkRequest [ TRACK_DEFAULT id=44, [ Capabilities: INTERNET&NOT_RESTRICTED&TRUSTED Uid: 10019] ] with score 60 and serial -1
03-01 19:12:11.390  2961  3553 I [SEO] PanelAppHost: Passing env var _oc_analytics_session_id = 1dd460ab-a7b6-4c09-a2f0-e0e9b68b9833
