02-27 23:21:36.568 10095 10120 I ClientInputSettings: HANDTRACKING: Manifest Permission request for com.oculus.xrstreamingclient
02-27 23:21:36.568 10095 10120 I ClientInputSettings: HANDTRACKING:  'com.oculus.xrstreamingclient' Is hands or controller.
02-27 23:21:36.568 10095 10120 I ClientInputSettings: HANDTRACKING: feature flag set to 2
02-27 23:21:36.568 10095 10120 I ClientInputInterface: HANDTRACKING sethandmanifest 2
02-27 23:21:36.569 10095 10120 I InputHooks_Internal: Enabling Native Input Hooks
02-27 23:21:36.569 10095 10120 I InputDeviceManager: ovrInputDeviceManager::Initialize
02-27 23:21:36.569 10095 10120 I Distortion: Initializing Mesh Decenter Correction
02-27 23:21:36.569  3176  3176 D KeyboardInputMethodService: onFinishInput
02-27 23:21:36.570   875  1575 W TrackingService: attachClient: found client in attached list
02-27 23:21:36.570   715   882 D msm8974_platform: platform_split_snd_device: snd_device(22) num devices(1) new_snd_devices(0)
02-27 23:21:36.570   860  1046 E CalibrationProvider: loadCalibration(LDISP_SN) failed: Calibration store didn't load any info
02-27 23:21:36.570   875  1575 D TrackingService: getSharedMemory: com.oculus.xrstreamingclient, HeadTracker
02-27 23:21:36.570   860  1046 E CalibrationProvider: loadCalibration(RDISP_SN) failed: Calibration store didn't load any info
02-27 23:21:36.571 10095 10120 I Distortion: SetLensPositions - iad=0.0630448, left offset=-0.000238422,-0.00102733, right offset=0.000117589,-0.00104481
02-27 23:21:36.571 10095 10120 I Distortion: Initializing Mesh Decenter Correction
02-27 23:21:36.572   860  3569 E CalibrationProvider: loadCalibration(LDISP_SN) failed: Calibration store didn't load any info
02-27 23:21:36.572   860  3569 E CalibrationProvider: loadCalibration(RDISP_SN) failed: Calibration store didn't load any info
02-27 23:21:36.572  6466  6466 W OVRLibrary: null cursor received for query content://com.oculus.ocms.library/apps/com.YourCompany.TemplateProject3
02-27 23:21:36.572 10095 10120 I Distortion: SetLensPositions - iad=0.0630448, left offset=-0.000238422,-0.00102733, right offset=0.000117589,-0.00104481
02-27 23:21:36.572 10095 10120 I Distortion: Created custom distortion mesh.
02-27 23:21:36.572 10095 10120 I VrApi   : ovrModeParms::VRAPI_MODE_FLAG_RESET_WINDOW_FULLSCREEN = 0
02-27 23:21:36.572 10095 10120 I VrApi   : ovrModeParms::VRAPI_MODE_FLAG_NATIVE_WINDOW = 1
02-27 23:21:36.572 10095 10120 I VrApi   : ovrModeParms::VRAPI_MODE_FLAG_FRONT_BUFFER_SRGB = 0
02-27 23:21:36.572 10095 10120 I VrApi   : ovrModeParms::VRAPI_MODE_FLAG_PHASE_SYNC = 0
02-27 23:21:36.572 10095 10120 I VrApi   : ovrModeParms::VRAPI_MODE_FLAG_APP_SPACE_WARP = 0
02-27 23:21:36.572 10095 10120 I VrRuntimeClient: SetPhaseSyncMode 0
02-27 23:21:36.572 10095 10120 I VrApi   : PhaseSync disabled
02-27 23:21:36.572 10095 10120 I VrApi   : HMD sensor attached.
02-27 23:21:36.572 10095 10120 D VrRuntimeClient: pokeGuardianUserServiceForThisClient: com.oculus.xrstreamingclient:10033
02-27 23:21:36.573  1922  2402 W OVRLibrary: null cursor received for query content://com.oculus.ocms.library/apps/com.oculus.xrstreamingclient
02-27 23:21:36.573 10095 10120 D VrRuntimeClient: VrRuntimeClient: getClientWindow: activity client
02-27 23:21:36.574  2379  2379 D VrGuardianUserService: onStartCommandIntent { act=FOREGROUND_CLIENT cmp=com.oculus.guardian/com.oculus.vrguardianservice.VrGuardianUserService (has extras) }
02-27 23:21:36.574  2379  2379 D VrGuardianUserService: maybeSubscribeDeviceConfig
02-27 23:21:36.574  1753 10128 I VrRuntimeService: RuntimeServiceSDKServer::EnableRendering: 0x6f358345c0, 2, com.oculus.xrstreamingclient
02-27 23:21:36.574  1753 10128 I ClientMgr: EnableRendering2: Calling SetFocusedClient: 3464229034
02-27 23:21:36.574  1753 10128 I ClientMgr: FocusedClient changed.
02-27 23:21:36.574  1753 10128 I ClientMgr: ClientMgr::SetFocusedClient: 10095:com.oculus.xrstreamingclient type 0
02-27 23:21:36.574  1753 10128 I ClientMgr: SetFocusedPackageName - packageName com.oculus.xrstreamingclient processName com.oculus.xrstreamingclient clientId 3464229034 clientPid 10095
02-27 23:21:36.574  1753 10128 I VrRuntimeService: RuntimeIPC: SendFocusChangeEventToAllClients: PostClientEvent SUCCESS: com.oculus.guardian:com.oculus.vrguardianservice:2379, com.oculus.xrstreamingclient, com.oculus.xrstreamingclient
02-27 23:21:36.574  1753 10128 I VrRuntimeService: RuntimeIPC: SendFocusChangeEventToAllClients: PostClientEvent SUCCESS: com.oculus.vrshell:com.oculus.vrshell:3425, com.oculus.xrstreamingclient, com.oculus.xrstreamingclient
02-27 23:21:36.574  1753 10128 I VrRuntimeService: RuntimeIPC: SendFocusChangeEventToAllClients: PostClientEvent SUCCESS: com.oculus.shellenv:com.oculus.shellenv:3395, com.oculus.xrstreamingclient, com.oculus.xrstreamingclient
02-27 23:21:36.574  1753 10128 I VrRuntimeService: RuntimeIPC: SendFocusChangeEventToAllClients: PostClientEvent SUCCESS: com.oculus.xrstreamingclient:com.oculus.xrstreamingclient:10095, com.oculus.xrstreamingclient, com.oculus.xrstreamingclient
02-27 23:21:36.574  1753 10128 I VrRuntimeService: RuntimeIPC: SendFocusChangeEventToAllClients: PostClientEvent SUCCESS: com.oculus.mrservice:com.oculus.mrservice:2492, com.oculus.xrstreamingclient, com.oculus.xrstreamingclient
02-27 23:21:36.574  1753 10128 I VrRuntimeService: RuntimeIPC: SendFocusChangeEventToAllClients: PostClientEvent SUCCESS: com.oculus.vrshell:com.oculus.vrshell:Overlay:3176, com.oculus.xrstreamingclient, com.oculus.xrstreamingclient
02-27 23:21:36.574  1753 10128 I ClientMgr: ClientMgr::EnableRendering 10095:com.oculus.xrstreamingclient : type 0 comp-id 21: enable
02-27 23:21:36.574  1753 10128 I CompositorVR: CheckDebuggerConnected: debugger 0
02-27 23:21:36.574  1753 10128 I VrRuntimeServer: SysProp debug mode is disabled on Server side
02-27 23:21:36.574  1753 10128 I UnifiedTelemetryWrapper: Started UT session render:com.oculus.xrstreamingclient
02-27 23:21:36.574  2379  2379 D VrGuardianUserService: onStartCommand FOREGROUND_CLIENT user = 0
02-27 23:21:36.575  3176  3337 I [OAO] ShellOverlayApp: 0xc8abab28 msg: overlayCommand:
02-27 23:21:36.575  3176  3337 I [OAO] ShellOverlayApp: command = topActivityChanged
02-27 23:21:36.575  3176  3337 I [OAO] ShellOverlayApp: topActivity = com.oculus.shellenv
02-27 23:21:36.575  3176  3337 I [OAO] ShellOverlayApp: Process_OverlayCommand command : topActivityChanged
02-27 23:21:36.575  3176  3337 I [OAO] ShellOverlayApp: Process_OverlayCommand unknown command received: topActivityChanged
02-27 23:21:36.575  3176  3337 I [OAO] ShellOverlayApp: 0xc8abab28 msg: overlayCommand:
02-27 23:21:36.575  3176  3337 I [OAO] ShellOverlayApp: command = topActivityChanged
02-27 23:21:36.575  3176  3337 I [OAO] ShellOverlayApp: topActivity = com.oculus.xrstreamingclient
02-27 23:21:36.575  3176  3337 I [OAO] ShellOverlayApp: Process_OverlayCommand command : topActivityChanged
02-27 23:21:36.575  3176  3337 I [OAO] ShellOverlayApp: Process_OverlayCommand unknown command received: topActivityChanged
02-27 23:21:36.575 10095 10193 W REFLECT [RUNTIMEIPC]: UpdateServerStateValue name:'RigidBodyStates' buffer == nullptr
02-27 23:21:36.575 10095 10120 I ScreenCaptureHelper: Advertising com.oculus.xrstreamingclient as streamable
02-27 23:21:36.575  1753 10128 I VrRuntimeService: GetSpecialSwapChain: 3464229034
02-27 23:21:36.575 10095 10120 I VrApi   : Creating Default swapchain
02-27 23:21:36.575  1753 10128 I VrRuntimeService: GetSpecialSwapChain: 3464229034
02-27 23:21:36.575 10095 10120 I VrApi   : Creating Loading Icon swapchain
02-27 23:21:36.575 10095 10120 I VrApi   : OVR::Stats thread started
02-27 23:21:36.575 10095 10120 I XrRuntimeUtils: XrRuntimeUtils::CreateSession
02-27 23:21:36.575 10095 10120 I InputDeviceManager: HANDTRACKING Pointer filter profile changed to: 0
02-27 23:21:36.575 10095 10120 I InputDeviceManager: HANDTRACKING Pointer filter profile changed to: 0
02-27 23:21:36.575 10095 10120 I InputDeviceManager: HANDTRACKING Root pose filter profile changed for (version, freq) to (2, 1) from (1,2)
02-27 23:21:36.575 10095 10120 I VrApi   : Initial BaseVsync 579 
02-27 23:21:36.575 10095 10120 I XrRuntimeUtils: XrRuntimeUtils::BeginSession
02-27 23:21:36.575 10095 10120 I XrRuntimeSystem_Client: BeginSession
02-27 23:21:36.575 10095 10120 I VrApi   : ---------- vrapi_EnterVrMode [end] ----------
02-27 23:21:36.575 10095 10120 D xrstreaming:       vrapi_EnterVrMode()
02-27 23:21:36.575 10095 10120 I VrApi   : vrapi_SetDisplayRefreshRate: display refresh rate supported 72.000000
02-27 23:21:36.575 10095 10120 I xrstreaming:     vrapi_SetDisplayRefreshRate(72)
02-27 23:21:36.575 10095 10120 D xrstreaming:     vrapi_SetClockLevels(2, 2)
02-27 23:21:36.575 10095 10120 D xrstreaming:     vrapi_SetPerfThread(MAIN, 10120)
02-27 23:21:36.575 10095 10120 I xrstreaming: AudioPlayer::start()
02-27 23:21:36.575 10095 10120 I xrstreaming: AudioPlayer: start()
02-27 23:21:36.575 10095 10120 I xrstreaming: oculus_pc_xrs_audio_player_start
02-27 23:21:36.576   875  1575 W TrackingService: attachClient: found client in attached list
02-27 23:21:36.577  1922  2051 I OVRMediaService: onStartCommand Received message type: set_package_name, caller package: no_app_identity, app identify: null
02-27 23:21:36.577 10095 10831 D VrApi   : targetSDKVersion 29
02-27 23:21:36.577  1922  2051 I OVRMediaService: Got package name intent (com.oculus.xrstreamingclient)
02-27 23:21:36.577   875  1575 D TrackingService: getSharedMemory: com.oculus.xrstreamingclient, AnchorTracker
02-27 23:21:36.578  1294  1294 V AvrcpMediaPlayerList: onPlaybackConfigChanged(): Configs list size=8
02-27 23:21:36.580 10095 10193 W REFLECT [RUNTIMEIPC]: UpdateServerStateValue name:'RigidBodyStates' buffer == nullptr
02-27 23:21:36.580 10095 10831 D VrApi   : VrApi::isWifiConnected exception: Make sure android.permission.ACCESS_NETWORK_STATE is set in the manifest.
02-27 23:21:36.580  1922  2274 W OVRLibrary: null cursor received for query content://com.oculus.ocms.library/apps/com.oculus.xrstreamingclient
02-27 23:21:36.581 10095 10831 I JniUtils: ovr_GetCurrentPackageSignature 
02-27 23:21:36.581  1922  2274 I OVRMediaServiceManager: Sending onAppStart (com.oculus.xrstreamingclient) to SocialPlatform (com.oculus.socialplatform)
02-27 23:21:36.581 10095 10831 I Metrics : device name = Oculus Quest 2
02-27 23:21:36.583 10095 10172 D xrstreaming: receive pong: org 11031082296099 recv 10570673947200 xmt 10570682712800 (received at 11031091305005), offset divergence 68397
02-27 23:21:36.583 10095 10172 D xrstreaming: new clock offset=-460408470552 (rtt: 243306, dispersion: 607112, jitter: 14098641)
02-27 23:21:36.585  1753  3021 I ClientMgr: Non-overlay clients rendering status has changed: prev=70, curr=71, enabled=1
02-27 23:21:36.585  1753  3021 I ClientMgr: Primary Client is not valid.
02-27 23:21:36.585  1753  3021 I ClientMgr: Primary client determined to be the current enabled client -830738262
02-27 23:21:36.585  1753  3021 I ClientMgr: ClientMgr::SetPrimaryCompositorClient: 10095:com.oculus.xrstreamingclient
02-27 23:21:36.585 10095 10193 W REFLECT [RUNTIMEIPC]: UpdateServerStateValue name:'RigidBodyStates' buffer == nullptr
02-27 23:21:36.585  1753  3021 W ClientMgr: ClientMgr::GetClientPermissionFlagsById: Client missing proper permissions: com.oculus.xrstreamingclient, 2
02-27 23:21:36.585  1753  3021 I CompositorClientMgr: Enable client 21
02-27 23:21:36.585  1753  3021 I VrRuntimeServer: EnableCompositorClient client(21): layer placement(0) flags(1) sm(0x6f47278010)
02-27 23:21:36.585  1753  3021 I ClientMgr: SetPrimaryPackageName - packageName com.oculus.xrstreamingclient processName com.oculus.xrstreamingclient clientId 3464229034 clientPid 10095
02-27 23:21:36.585  1753  3021 I ServiceInputManager: ServiceInputManager::SetPrimaryPackageName 'com.oculus.xrstreamingclient' 'com.oculus.xrstreamingclient'  updated AnytimeUI processname 1
02-27 23:21:36.585  1753  3021 D VrRuntimeService: sendPrimaryPackageChangeBroadcast
02-27 23:21:36.586  2379  3074 I GuardianSystem: [GuardianSystem::InitializeRuntimeEventHandlers] runtimeServiceSDKClient_.ForceShowGuardianEvent
02-27 23:21:36.586  2379  3074 I GuardianSystem: ForceShowGuardian: false, 0.00
02-27 23:21:36.586   715   882 D msm8974_platform: platform_split_snd_device: snd_device(22) num devices(1) new_snd_devices(0)
02-27 23:21:36.586  1753  3021 I UnifiedTelemetryWrapper: Setting destination as com.oculus.xrstreamingclient
02-27 23:21:36.586  3176  3176 D [OAO] BaseOverlayService: screenStateReceiver Received broadcast: com.oculus.vrshell.intent.action.PRIMARY_PACKAGE_CHANGED
02-27 23:21:36.586   715   882 D ACDB-LOADER: ACDB -> send_audvoltable
02-27 23:21:36.586  1753  3021 I AADT    : SetAADTLutDataX: 130
02-27 23:21:36.586   715   882 D ACDB-LOADER: ACDB -> ACDB_CMD_GET_AUDPROC_INSTANCE_GAIN_DEP_STEP_TABLE_SIZE
02-27 23:21:36.586  1753  3021 I AADT    : SetAADTLutDataY: 65
02-27 23:21:36.586  1753  3021 I ServiceInputManager: InhibitHandleHomeKeyFull has changed on the service. New value: 1
02-27 23:21:36.586  3176  3176 I [OAO] ShellOverlayServiceJNI: NativeSendOverlayCommand
02-27 23:21:36.586   715   882 D         : Failed to fetch the lookup information of the device 0000000F 
02-27 23:21:36.586  1753  3021 I ServiceInputManager: DEADRECKONING deadReckoning mode on ClientMgr from server is 0
02-27 23:21:36.586   715   882 D ACDB-LOADER: Error: ACDB_CMD_GET_AUDPROC_INSTANCE_GAIN_DEP_STEP_TABLE_SIZE Returned = -19
02-27 23:21:36.586   715   882 D ACDB-LOADER: ACDB -> ACDB_CMD_GET_AUDPROC_INSTANCE_GAIN_DEP_STEP_TABLE, vol index 1
02-27 23:21:36.586   715   882 D         : Failed to fetch the lookup information of the device 0000000F 
02-27 23:21:36.586   715   882 D ACDB-LOADER: Error: ACDB AudProc vol returned = -19
02-27 23:21:36.586   715   882 D ACDB-LOADER: ACDB -> AUDIO_SET_VOL_CAL cal type = 40
02-27 23:21:36.586  3176  3176 I [OAO] ShellOverlayServiceJNI: NativeWake
02-27 23:21:36.587  3176  3176 I [OAO] ShellOverlayMain: WakeVrThread
02-27 23:21:36.587  3176  3176 I [OAO] ShellOverlayMain: WakeVrThread - notifying vr thread
02-27 23:21:36.587  3425  3425 D [SEO] BaseOverlayService: screenStateReceiver Received broadcast: com.oculus.vrshell.intent.action.PRIMARY_PACKAGE_CHANGED
02-27 23:21:36.587  1753  3021 I PerformanceManager_V0: SetClockLevels: Force releasing clocks
02-27 23:21:36.587  1753  3021 I PerformanceManager_V0: SetClockLevels: Apply pending clock request change: 4,4 -> -1,-1
02-27 23:21:36.587  1753  3015 I Clocks  : ReleaseClocks - start
02-27 23:21:36.587 10095 10120 I xrstreaming: AudioRecorder: start()
02-27 23:21:36.587 10095 10120 I xrstreaming: oculus_pc_xrs_audio_recorder_start
02-27 23:21:36.588  2379  2379 D VrGuardianService: setCurrentUser() called with: userId = [0]
02-27 23:21:36.588  2379  2379 I VrGuardianService: nativeSetCurrentUser userid = 0
02-27 23:21:36.588  2379  2379 I GuardianSystem: [GuardianSystem::SetCurrentUser] User ID 0 
02-27 23:21:36.589  1753  3015 I Clocks  : ReleaseClocks - end (1.2 ms)
02-27 23:21:36.589  6466  6466 W OVRLibrary: null cursor received for query content://com.oculus.ocms.library/apps/quick_settings_app
02-27 23:21:36.589  6466  6466 D [SUI] AppStateUtil: Notifying observers com.oculus.os.clearactivity is in 'recents'= false
02-27 23:21:36.589  6466  6466 D [SUI] AppStateUtil: Notifying observers events_system_app is in 'recents'= true
02-27 23:21:36.590  6466  6466 D [SUI] AppStateUtil: com.oculus.xrstreamingclient is running= true
02-27 23:21:36.590 10095 10193 W REFLECT [RUNTIMEIPC]: UpdateServerStateValue name:'RigidBodyStates' buffer == nullptr
02-27 23:21:36.591  1060  1090 W ActivityManager: Skipping broadcast of Intent { act=com.oculus.intent.action.PRIVACY_INDICATORS_UPDATE flg=0x10 pkg=com.oculus.systemux (has extras) }: user 10033 and its parent (if any) are stopped
02-27 23:21:36.592  1753 10694 I CompositorVR: SetSchedFifo( tid=10120, pol=2, pri=0 ) succeeded
02-27 23:21:36.592   880  1028 E VrApiService: Error set scheduler for process 1753 thread 10746 to 2 : No such process (3)
02-27 23:21:36.592  1753 10694 I CompositorVR: SetSchedFifo( tid=10746, pol=2, pri=0 ) succeeded
02-27 23:21:36.592  1753 10694 I AADT    : SetAADTLutDataX. Thread. SizeX: 130
02-27 23:21:36.592  1753 10694 I AADT    : LAYER_PROGRAM_OPTION_AADT_1D_LUT lut's DESTOYED
02-27 23:21:36.592  1753 10694 I AADT    : LAYER_PROGRAM_OPTION_AADT_1D_LUT lut's CREATED
02-27 23:21:36.592  1753 10694 I AADT    : LAYER_PROGRAM_OPTION_AADT_1D_LUT lut's DESTOYED
02-27 23:21:36.592  1753 10694 I AADT    : LAYER_PROGRAM_OPTION_AADT_1D_LUT lut's CREATED
02-27 23:21:36.592  1753 10694 I AADT    : LAYER_PROGRAM_OPTION_AADT_1D_LUT lut's DESTOYED
02-27 23:21:36.592  1753 10694 I AADT    : LAYER_PROGRAM_OPTION_AADT_1D_LUT lut's CREATED
02-27 23:21:36.592  1753 10694 I AADT    : SetAADTLutDataY. Thread. SizeY: 65
02-27 23:21:36.592  1753 10694 I AADT    : LAYER_PROGRAM_OPTION_AADT_1D_LUT lut's DESTOYED
02-27 23:21:36.592  1753 10694 I AADT    : LAYER_PROGRAM_OPTION_AADT_1D_LUT lut's CREATED
02-27 23:21:36.595 10095 10193 W REFLECT [RUNTIMEIPC]: UpdateServerStateValue name:'RigidBodyStates' buffer == nullptr
02-27 23:21:36.595 10095 10193 W REFLECT [RUNTIMEIPC]: UpdateServerStateValue name:'AnchorStates' buffer == nullptr
02-27 23:21:36.596  1922  2051 W OVRLibrary: null cursor received for query content://com.oculus.ocms.library/apps/com.oculus.xrstreamingclient
02-27 23:21:36.596  1922  2051 I OVRMediaServiceManager: Sending onAppStart (com.oculus.xrstreamingclient) to SocialPlatform (com.oculus.socialplatform)
02-27 23:21:36.598  2440  2440 W OVRLibrary: null cursor received for query content://com.oculus.ocms.library/apps/com.oculus.xrstreamingclient
02-27 23:21:36.598   715   882 D msm8974_platform: platform_split_snd_device: snd_device(22) num devices(1) new_snd_devices(0)
02-27 23:21:36.598   715   882 D ACDB-LOADER: ACDB -> send_audvoltable
02-27 23:21:36.598   715   882 D ACDB-LOADER: ACDB -> ACDB_CMD_GET_AUDPROC_INSTANCE_GAIN_DEP_STEP_TABLE_SIZE
02-27 23:21:36.598   715   882 D         : Failed to fetch the lookup information of the device 0000000F 
02-27 23:21:36.598   715   882 D ACDB-LOADER: Error: ACDB_CMD_GET_AUDPROC_INSTANCE_GAIN_DEP_STEP_TABLE_SIZE Returned = -19
02-27 23:21:36.598   715   882 D ACDB-LOADER: ACDB -> ACDB_CMD_GET_AUDPROC_INSTANCE_GAIN_DEP_STEP_TABLE, vol index 7
02-27 23:21:36.598   715   882 D         : Failed to fetch the lookup information of the device 0000000F 
02-27 23:21:36.598   715   882 D ACDB-LOADER: Error: ACDB AudProc vol returned = -19
02-27 23:21:36.598   715   882 D ACDB-LOADER: ACDB -> AUDIO_SET_VOL_CAL cal type = 40
02-27 23:21:36.599  2440  2440 D MetaCam (MediaCapabilityChecker): checkMediaHasRecordingCapabilities packageName: com.oculus.xrstreamingclient
02-27 23:21:36.599   875  1575 W TrackingService: attachClient: found client in attached list
02-27 23:21:36.599  2492  2553 I [CT]    : MIXEDREALITY: MrServiceModel: Hibernating caller (most likely rendering thread) due to commandQueue being empty.
02-27 23:21:36.599  1753  3021 I PerformanceManager_V0: SetClockLevels: Apply pending clock request change: -1,-1 -> 2,2
02-27 23:21:36.599  1753  3015 I Clocks  : LockClocks( cpu=2, gpu=2 ) - start
02-27 23:21:36.600  1753  3015 I Clocks  : CPU levels [0, 7]
02-27 23:21:36.600  1753  3015 I Clocks  : GPU levels [0, 5]
02-27 23:21:36.600   715  6733 D audio_hw_primary: in_set_parameters: enter: kvpairs=bottom=;input_source=7;routing=-2147483644
02-27 23:21:36.600   875  1575 D TrackingService: getSharedMemory: com.oculus.xrstreamingclient, Controller
02-27 23:21:36.600 10095 10828 I InputDevice_TrackedRemote: REMOTE: Hand=1 IndexAnalog=0.00 GripAnalog=0.00 Buttons=0x00000000
02-27 23:21:36.600 10095 10828 I InputDevice_TrackedRemote: REMOTE: Hand=2 IndexAnalog=0.00 GripAnalog=0.00 Buttons=0x00000000
02-27 23:21:36.600 10095 10193 W REFLECT [RUNTIMEIPC]: UpdateServerStateValue name:'RigidBodyStates' buffer == nullptr
02-27 23:21:36.601  1753  3015 I Clocks  : LockClocks( cpu=2, gpu=2 ) - end (1.9 ms)
02-27 23:21:36.605 10095 10120 I ClientInputSettings: InhibitHandleHomeKeyFull = true
02-27 23:21:36.605 10095 10182 D xrstreaming: Quest 2 device - opening vsync_event
02-27 23:21:36.605 10095 10120 I ClientInputInterface: SetInhibitHandleHomeKeyFull 1 for process com.oculus.xrstreamingclient 10095
02-27 23:21:36.605 10095 10120 D xrstreaming:     vrapi_SetPropertyInt(VRAPI_INHIBIT_HANDLE_HOMEKEY_FULL, 1)
02-27 23:21:36.605 10095 10120 I ipcLoader [RUNTIMEIPC]: RuntimeIPC: Loader: IPC Service API Loader Version: 37 Feb  7 2023 02:17:50
02-27 23:21:36.605 10095 10120 I RuntimeIPCApi [RUNTIMEIPC]: ipc_Initialize
02-27 23:21:36.605 10095 10120 I RuntimeIPCServiceClient [RUNTIMEIPC]: Init: Already initialized: com.oculus.xrstreamingclient, 11
02-27 23:21:36.605   715 10237 I audio_hw_primary: start_input_stream: enter: stream(0xe9d61000)usecase(22: audio-record)
02-27 23:21:36.605 10095 10182 D xrstreaming: Starting with vsync 11031099289901
02-27 23:21:36.605   715 10237 I audio_hw_primary: select_devices for use case (audio-record)
02-27 23:21:36.605   715 10237 I msm8974_platform: platform_check_and_set_capture_codec_backend_cfg:txbecf: afe: bitwidth 16, samplerate 24000, channel 1 format 1, backend_idx 8 usecase = 22 device (handset-mic-aec-ns)
02-27 23:21:36.605   715 10237 I msm8974_platform: platform_check_capture_codec_backend_cfg:txbecf: afe: Codec selected backend: 8 current bit width: 16 and sample rate: 24000, channels 1 format 1
02-27 23:21:36.605   715 10237 W msm8974_platform: platform_get_backend_index:napb: Invalid device - 0 
02-27 23:21:36.605   715 10237 I msm8974_platform: platform_check_capture_codec_backend_cfg:txbecf: afe: current backend bit_width 16 sample_rate 48000 channels 1, format 0
02-27 23:21:36.605   715 10237 I msm8974_platform: platform_check_capture_codec_backend_cfg:txbecf: afe: Codec backend needs to be updated. new bit width: 16 new sample rate: 24000 new channel: 1 new format: 1
02-27 23:21:36.605   715 10237 I msm8974_platform: platform_set_codec_backend_cfg:becf: afe: bitwidth 16, samplerate 24000 channels 1 format 1, backend_idx 8 device (handset-mic-aec-ns)
02-27 23:21:36.605   715 10237 E msm8974_platform: platform_set_codec_backend_cfg:becf: afe: Could not get ctl for mixer command - SLIM_0_TX SampleRate
02-27 23:21:36.605   715 10237 D audio_hw_primary: check_usecases_capture_codec_backend:becf: force routing 0
02-27 23:21:36.605   715 10237 D hardware_info: hw_info_append_hw_type : device_name = handset-mic-aec-ns
02-27 23:21:36.605   715 10237 D msm8974_platform: platform_split_snd_device: snd_device(134) num devices(0) new_snd_devices(0)
02-27 23:21:36.605   715 10237 D audio_hw_primary: enable_snd_device: snd_device(134: handset-mic-aec-ns)
02-27 23:21:36.605   715 10237 D audio_route: Apply path: handset-mic-aec-ns
02-27 23:21:36.606   864  1263 D RPCServer [RUNTIMEIPC]: ConnectClient: Client: com.oculus.xrstreamingclient:com.oculus.xrstreamingclient:10095, Server: native_process.system:/system/bin/mrsystemservice (MrSystemServiceIPCServer)
02-27 23:21:36.606 10095 10193 W REFLECT [RUNTIMEIPC]: UpdateServerStateValue name:'RigidBodyStates' buffer == nullptr
02-27 23:21:36.606   864  1263 I IPCSharedMemory_Internal [RUNTIMEIPC]: CreateSharedMemory: Allocated shared memory fd 52 (ipcStateReadWrite)
02-27 23:21:36.606   864  1263 I IPCSharedMemory_Internal [RUNTIMEIPC]: CreateSharedMemory: Allocated shared memory fd 53 (ipcReadOnlyState)
02-27 23:21:36.606   864  1263 I RPCClientHandler [RUNTIMEIPC]: Event buffer size (server): 8192
02-27 23:21:36.606   864  1263 I IPCSharedMemory_Internal [RUNTIMEIPC]: CreateSharedMemory: Allocated shared memory fd 54 (ipcEventBuffer)
02-27 23:21:36.606   864  1263 I IPCSharedMemory_Internal [RUNTIMEIPC]: CreateSharedMemory: Allocated shared memory fd 55 (ipcEventBuffer_Private)
02-27 23:21:36.606   864  1263 W RPCServer [RUNTIMEIPC]: HandleClientConnect: Failed to register client event subscription: Client: com.oculus.xrstreamingclient:com.oculus.xrstreamingclient:10095, Server: native_process.system:/system/bin/mrsystemservice (MrSystemServiceIPCServer)
02-27 23:21:36.607   864  1263 I RuntimeIPCServerMgr [RUNTIMEIPC]: HandleClientConnect SUCCESS: Client: com.oculus.xrstreamingclient:com.oculus.xrstreamingclient:10095, Server: native_process.system:/system/bin/mrsystemservice (MrSystemServiceIPCServer)
02-27 23:21:36.607   864 10833 I [CT]    : MIXEDREALITY: MrSystemServiceIPCServer: Client Connected: 3464229034/com.oculus.xrstreamingclient/com.oculus.xrstreamingclient:10095
02-27 23:21:36.607   864  1263 I RPCServer [RUNTIMEIPC]: GetServerStatesConfig -> {MaxBufferSize=1024, MaxEntries=5}
02-27 23:21:36.607 10095 10120 I RuntimeIPCClient [RUNTIMEIPC]: GetServerStatesConfig returned maxEntries=5, maxBuffSize=1024
02-27 23:21:36.607 10095 10120 I RuntimeIPCClient [RUNTIMEIPC]: Event buffer size (client): 8192
02-27 23:21:36.607 10095 10120 I RuntimeIPCClient [RUNTIMEIPC]: TryToGetIPCResourcesFromServer: RPC_CONNECTOR_CONNECT_TO_SERVER SUCCESS: Client: com.oculus.xrstreamingclient:com.oculus.xrstreamingclient:10095, Server: native_process.system:/system/bin/mrsystemservice (MrSystemServiceIPCServer)
02-27 23:21:36.607 10095 10120 I RuntimeIPCClient [RUNTIMEIPC]: EnsureServerConnection: SUCCESS. Client: com.oculus.xrstreamingclient:com.oculus.xrstreamingclient:10095, Server: native_process.system:/system/bin/mrsystemservice (MrSystemServiceIPCServer)
02-27 23:21:36.607 10095 10120 I RuntimeIPCClient [RUNTIMEIPC]: ConnectToServer: SUCCESS: Client: com.oculus.xrstreamingclient:com.oculus.xrstreamingclient:10095, Server: native_process.system:/system/bin/mrsystemservice (MrSystemServiceIPCServer)
02-27 23:21:36.607 10095 10120 W REFLECT [RUNTIMEIPC]: DeferredConnectEvent not valid: 0, 16777227
02-27 23:21:36.608   864 10833 I [CT]    : MIXEDREALITY: MrSystemServiceIPCServer: MrGetSharedMemory
02-27 23:21:36.611 10095 10193 W REFLECT [RUNTIMEIPC]: UpdateServerStateValue name:'RigidBodyStates' buffer == nullptr
02-27 23:21:36.612 10095 10120 E libEGL  : validate_display:91 error 3008 (EGL_BAD_DISPLAY)
02-27 23:21:36.612 10095 10120 I chatty  : uid=10033(com.oculus.xrstreamingclient) XRS_MainLoop identical 2 lines
02-27 23:21:36.612 10095 10120 E libEGL  : validate_display:91 error 3008 (EGL_BAD_DISPLAY)
02-27 23:21:36.612 10095 10120 I ipcLoader [RUNTIMEIPC]: RuntimeIPC: Loader: IPC Service API Loader Version: 37 Feb  7 2023 02:17:50
02-27 23:21:36.612 10095 10120 I RuntimeIPCApi [RUNTIMEIPC]: ipc_Initialize
02-27 23:21:36.612 10095 10120 I RuntimeIPCServiceClient [RUNTIMEIPC]: Init: Already initialized: com.oculus.xrstreamingclient, 12
02-27 23:21:36.612 10095 10120 I RuntimeIPCClient [RUNTIMEIPC]: ConnectToServer: SUCCESS: Client: com.oculus.xrstreamingclient:com.oculus.xrstreamingclient:10095, Server: native_process.system:/system/bin/mrsystemservice (MrSystemServiceIPCServer)
02-27 23:21:36.613 10095 10120 E xrstreaming: Failed to bind to the system service. Error -6
02-27 23:21:36.613 10095 10120 D xrstreaming:   AADT Mode: ATW
02-27 23:21:36.613   864 10833 I [CT]    : MIXEDREALITY: MrSystemServiceIPCServer: ChangeMrCapabilityStatusNonBlocking: client 3464229034, capability 0, command 1.
02-27 23:21:36.613   864 10833 I [CT]    : MIXEDREALITY: ServiceLogic: Starting: Passthrough
02-27 23:21:36.613   864 10833 I [CT]    : MIXEDREALITY: MrRuntimeCompute: onStart: Passthrough.
02-27 23:21:36.613   864 10833 I [CT]    : MR:Capability: Passthrough capability: start received from 3464229034
02-27 23:21:36.613   864 10833 I [CT]    : MIXEDREALITY: PassthroughComputeCapability: onStart: Instantiating Passthrough.
02-27 23:21:36.613   864 10833 I [CT]    : MIXEDREALITY: PassthroughMesh: PassthroughMesh: Initializing.
02-27 23:21:36.613   864 10833 I [CT]    : MIXEDREALITY: PassthroughMesh: PassthroughMesh: Initialized.
02-27 23:21:36.613   864 10833 I [CT]    : MIXEDREALITY: StereoPipeline: addClient: adding client Passthrough, active clients: 'NONE'.
02-27 23:21:36.614 10095 10120 W OsSdk   : Requested historical tracking state too far in the past; oldest: 11030.832570s, requested: 11023.927449s
02-27 23:21:36.614 10095 10836 I FenceChecker: FenceChecker::MainLoop - started
02-27 23:21:36.614   864 10833 I [CT]    : BOLTDEPTH: BoltDepthSystem: activateClient: client 0 is activated.
02-27 23:21:36.614   864 10833 I [CT]    : MIXEDREALITY: MrRuntimeCompute: onStart: Notify that camera needs to be started.
02-27 23:21:36.614   864 10833 I [CT]    : MIXEDREALITY: MrRuntimeCompute: onStart: Resuming Stereo Pipeline.
02-27 23:21:36.614   864 10833 I [CT]    : MIXEDREALITY: MrRuntimeCompute: resumeStereoPipeline
02-27 23:21:36.614   864 10833 I [CT]    : MIXEDREALITY: StereoPipeline: StereoPipeline: resuming, paused clients: 'NONE'.
02-27 23:21:36.614   864 10833 W [CT]    : BOLTDEPTH: BoltDepthSystem: onResume: Noop since the depth system is already active. State: CORE_READY
02-27 23:21:36.614   864 10833 I [CT]    : MIXEDREALITY: MrRuntimeCompute: Refreshing online calibration.
02-27 23:21:36.614   864 10833 I [CT]    : MIXEDREALITY: ServiceLogic: First capability using camera was resumed, switching cameras on.
02-27 23:21:36.615   864 10833 I [CT]    : MIXEDREALITY: PassthroughComputeCapability: MrChangePassthroughStatus
02-27 23:21:36.615   864 10833 I [CT]    : MIXEDREALITY: PassthroughComputeCapability: changeMode: kNone -> ImagesAndMesh.
02-27 23:21:36.616 10095 10193 W REFLECT [RUNTIMEIPC]: UpdateServerStateValue name:'RigidBodyStates' buffer == nullptr
02-27 23:21:36.616 10095 10120 D xrstreaming: Frame 26489 decoded, delta in prediction time: -7222.222222ms
02-27 23:21:36.616 10095 10120 D xrstreaming: Glitches: 1, Mispredicts: 0, Deadline: -7211.12ms, Transmission:  3.67ms, Pipeline Prediction Delta MA:  0.55ms
02-27 23:21:36.616 10095 10120 D xrstreaming: Rectify: Frame using rectify meshId = 1000
02-27 23:21:36.618   864 10837 I [CT]    : MIXEDREALITY: ServiceLogic: sendMrEngine: Resume
02-27 23:21:36.618   864 10837 D MrSystemService: Mr Engine resume.
02-27 23:21:36.619  1753 10694 I CompositorVR: SetSchedFifo( tid=10120, pol=3, pri=0 ) succeeded
02-27 23:21:36.620  1753 10694 I CompositorVR: SetSchedFifo( tid=10836, pol=3, pri=0 ) succeeded
02-27 23:21:36.620  1753 10694 W CompositorClient: FrameTiming: firstDisplayVsync for client 21 (isPrimary=1) FrameIndex = 6229 is outrageously early 13098, base 583, flushing
02-27 23:21:36.620 10095 10120 I VrApi   : MakeNonblockingRequest: blocked for 2.12ms
02-27 23:21:36.621 10095 10193 W REFLECT [RUNTIMEIPC]: UpdateServerStateValue name:'RigidBodyStates' buffer == nullptr
02-27 23:21:36.623  6466  6466 W OVRLibrary: null cursor received for query content://com.oculus.ocms.library/apps/com.YourCompany.TemplateProject3
02-27 23:21:36.625  3176  3337 I [OAO] ShellOverlayApp: 0xc8abab28 msg: overlayCommand:
02-27 23:21:36.625  3176  3337 I [OAO] ShellOverlayApp: command = primaryPackageChanged
02-27 23:21:36.625  3176  3337 I [OAO] ShellOverlayApp: Process_OverlayCommand command : primaryPackageChanged
02-27 23:21:36.625  3176  3337 I [OAO] ShellOverlayApp: UpdatePrimaryPackage forceSilentUpdate:0
02-27 23:21:36.625  3176  3337 I [OAO] ShellOverlayApp: UpdatePrimaryPackage Requested for PackageName:com.oculus.xrstreamingclient
02-27 23:21:36.625  3176  3337 I [OAO] OverlayFlowController: OnPrimaryPackageChange primaryPackage:com.oculus.xrstreamingclient immersiveAppChanged:0 forceSilentUpdate:0
02-27 23:21:36.626 10095 10193 W REFLECT [RUNTIMEIPC]: UpdateServerStateValue name:'RigidBodyStates' buffer == nullptr
02-27 23:21:36.626 10095 10193 W REFLECT [RUNTIMEIPC]: UpdateServerStateValue name:'AnchorStates' buffer == nullptr
02-27 23:21:36.628  1753 10694 W CompositorClient: FrameTiming: firstDisplayVsync for client 21 (isPrimary=1) FrameIndex = 6230 is outrageously early 13098, base 583, flushing
02-27 23:21:36.629   864  1255 I [CT]    : Bolt:CVPUtilization: CVP DFS utilization: 0
02-27 23:21:36.629   864  1255 I [CT]    : Bolt:CVPUtilization: CVP runtime 1571us, frametime 7644766us
02-27 23:21:36.630   864  1255 I [CT]    : MIXEDREALITY: PassthroughMesh: update: Clearing 0 previous mesh points (previous timestamp 0, current 11031.115462557).
02-27 23:21:36.631 10095 10193 W REFLECT [RUNTIMEIPC]: UpdateServerStateValue name:'RigidBodyStates' buffer == nullptr
02-27 23:21:36.632  1922  2274 E OVRMediaServiceManager: LivestreamingManager Not initialized
02-27 23:21:36.635  1753 10694 W CompositorClient: FrameTiming: firstDisplayVsync for client 21 (isPrimary=1) FrameIndex = 6231 is outrageously early 13098, base 584, flushing
02-27 23:21:36.636 10095 10193 W REFLECT [RUNTIMEIPC]: UpdateServerStateValue name:'RigidBodyStates' buffer == nullptr
02-27 23:21:36.641 10095 10193 W REFLECT [RUNTIMEIPC]: UpdateServerStateValue name:'RigidBodyStates' buffer == nullptr
02-27 23:21:36.642  1753 10694 W CompositorClient: FrameTiming: firstDisplayVsync for client 21 (isPrimary=1) FrameIndex = 6231 is outrageously early 13098, base 584, flushing
02-27 23:21:36.644  2440  2440 W OVRLibrary: null cursor received for query content://com.oculus.ocms.library/apps/com.oculus.xrstreamingclient
02-27 23:21:36.645  1922  2051 E OVRMediaServiceManager: LivestreamingManager Not initialized
02-27 23:21:36.646 10095 10193 W REFLECT [RUNTIMEIPC]: UpdateServerStateValue name:'RigidBodyStates' buffer == nullptr
02-27 23:21:36.647  6466  6466 W OVRLibrary: null cursor received for query content://com.oculus.ocms.library/apps/quick_settings_app
02-27 23:21:36.647  6466  6466 D [SUI] ActivityManagerUtilsHelper: onFocusedWindowChanged: Instance: com.oculus.common.activitymanager.ActivityManagerUtilsHelper@fb085ee, topWindowUid: 10033, focusedApp: com.oculus.xrstreamingclient, previousApp: com.oculus.os.clearactivity
02-27 23:21:36.649  1753 10694 W CompositorClient: FrameTiming: firstDisplayVsync for client 21 (isPrimary=1) FrameIndex = 6231 is outrageously early 13098, base 585, flushing
02-27 23:21:36.652 10095 10193 W REFLECT [RUNTIMEIPC]: UpdateServerStateValue name:'RigidBodyStates' buffer == nullptr
02-27 23:21:36.656  1753 10694 W CompositorClient: FrameTiming: firstDisplayVsync for client 21 (isPrimary=1) FrameIndex = 6231 is outrageously early 13098, base 585, flushing
02-27 23:21:36.657 10095 10193 W REFLECT [RUNTIMEIPC]: UpdateServerStateValue name:'RigidBodyStates' buffer == nullptr
02-27 23:21:36.657 10095 10186 W xrstreaming: ThreadFunc(): gamepad haptics are not supported
02-27 23:21:36.657 10095 10193 W REFLECT [RUNTIMEIPC]: UpdateServerStateValue name:'AnchorStates' buffer == nullptr
02-27 23:21:36.662 10095 10193 W REFLECT [RUNTIMEIPC]: UpdateServerStateValue name:'RigidBodyStates' buffer == nullptr
02-27 23:21:36.663  1753 10694 W CompositorClient: FrameTiming: firstDisplayVsync for client 21 (isPrimary=1) FrameIndex = 6231 is outrageously early 13098, base 586, flushing
02-27 23:21:36.664  6466 10791 W OVRLibrary: null cursor received for query content://com.oculus.ocms.library/apps/com.oculus.xrstreamingclient
02-27 23:21:36.667 10095 10193 W REFLECT [RUNTIMEIPC]: UpdateServerStateValue name:'RigidBodyStates' buffer == nullptr
02-27 23:21:36.669  6466 10790 W OVRLibrary: null cursor received for query content://com.oculus.ocms.library/apps/com.oculus.xrstreamingclient
02-27 23:21:36.670  1753 10694 W CompositorClient: FrameTiming: firstDisplayVsync for client 21 (isPrimary=1) FrameIndex = 6231 is outrageously early 13098, base 586, flushing
02-27 23:21:36.672 10095 10193 W REFLECT [RUNTIMEIPC]: UpdateServerStateValue name:'RigidBodyStates' buffer == nullptr
02-27 23:21:36.672  2379  3074 I GuardianSystem: [GuardianSystem::InitializeRuntimeEventHandlers] runtimeServiceSDKClient_.ForceShowGuardianEvent
02-27 23:21:36.672  2379  3074 I GuardianSystem: ForceShowGuardian: false, 0.00
02-27 23:21:36.677  1753 10694 W CompositorClient: FrameTiming: firstDisplayVsync for client 21 (isPrimary=1) FrameIndex = 6231 is outrageously early 13098, base 587, flushing
02-27 23:21:36.677 10095 10193 W REFLECT [RUNTIMEIPC]: UpdateServerStateValue name:'RigidBodyStates' buffer == nullptr
02-27 23:21:36.682 10095 10193 W REFLECT [RUNTIMEIPC]: UpdateServerStateValue name:'RigidBodyStates' buffer == nullptr
02-27 23:21:36.683 10095 10180 I xrstreaming: AudioPlayer: NetworkMetrics: [2.168,18.133]9.875
02-27 23:21:36.684  1753 10694 W CompositorClient: FrameTiming: firstDisplayVsync for client 21 (isPrimary=1) FrameIndex = 6231 is outrageously early 13098, base 587, flushing
02-27 23:21:36.687 10095 10193 W REFLECT [RUNTIMEIPC]: UpdateServerStateValue name:'RigidBodyStates' buffer == nullptr
02-27 23:21:36.687 10095 10193 W REFLECT [RUNTIMEIPC]: UpdateServerStateValue name:'AnchorStates' buffer == nullptr
02-27 23:21:36.690  1753 10694 W CompositorClient: FrameTiming: firstDisplayVsync for client 21 (isPrimary=1) FrameIndex = 6231 is outrageously early 13098, base 588, flushing
02-27 23:21:36.693 10095 10193 W REFLECT [RUNTIMEIPC]: UpdateServerStateValue name:'RigidBodyStates' buffer == nullptr
02-27 23:21:36.698 10095 10193 W REFLECT [RUNTIMEIPC]: UpdateServerStateValue name:'RigidBodyStates' buffer == nullptr
02-27 23:21:36.698  1753 10694 W CompositorClient: FrameTiming: firstDisplayVsync for client 21 (isPrimary=1) FrameIndex = 6231 is outrageously early 13098, base 588, flushing
02-27 23:21:36.703  1753 10694 I CompositorVR: SetSchedFifo( tid=2553, pol=2, pri=0 ) succeeded
02-27 23:21:36.703 10095 10193 W REFLECT [RUNTIMEIPC]: UpdateServerStateValue name:'RigidBodyStates' buffer == nullptr
02-27 23:21:36.704  1753 10694 W CompositorClient: FrameTiming: firstDisplayVsync for client 21 (isPrimary=1) FrameIndex = 6231 is outrageously early 13098, base 589, flushing
02-27 23:21:36.707 10095 10239 I RuntimeIPCLinkThread [RUNTIMEIPC]: RuntimeIPCLinkThread: ipc_CallServerRPC2: 1995587597, 7
02-27 23:21:36.707 10095 10239 I RuntimeIPCLinkThread [RUNTIMEIPC]: RuntimeIPCLinkThread: ipc_CallServerRPC2 SUCCESS: 1995587597, 34
02-27 23:21:36.708 10095 10193 W REFLECT [RUNTIMEIPC]: UpdateServerStateValue name:'RigidBodyStates' buffer == nullptr
02-27 23:21:36.710 10095 10191 I xrstreaming: Toggling hands. enabled = 1
02-27 23:21:36.710 10095 10191 I ClientInputInterface: HANDTRACKING SetForceDisableHandsFromApp 0
02-27 23:21:36.712  1753 10694 W CompositorClient: FrameTiming: firstDisplayVsync for client 21 (isPrimary=1) FrameIndex = 6231 is outrageously early 13098, base 589, flushing
02-27 23:21:36.713 10095 10193 W REFLECT [RUNTIMEIPC]: UpdateServerStateValue name:'RigidBodyStates' buffer == nullptr
02-27 23:21:36.718 10095 10193 W REFLECT [RUNTIMEIPC]: UpdateServerStateValue name:'RigidBodyStates' buffer == nullptr
02-27 23:21:36.718  1753 10694 W CompositorClient: FrameTiming: firstDisplayVsync for client 21 (isPrimary=1) FrameIndex = 6231 is outrageously early 13098, base 590, flushing
02-27 23:21:36.723 10095 10193 W REFLECT [RUNTIMEIPC]: UpdateServerStateValue name:'RigidBodyStates' buffer == nullptr
02-27 23:21:36.726  1753 10694 W CompositorClient: FrameTiming: firstDisplayVsync for client 21 (isPrimary=1) FrameIndex = 6231 is outrageously early 13098, base 590, flushing
02-27 23:21:36.728 10095 10193 W REFLECT [RUNTIMEIPC]: UpdateServerStateValue name:'RigidBodyStates' buffer == nullptr
02-27 23:21:36.728 10095 10186 V xrstreaming: ThreadFunc(): simple haptic: deviceType = 0 , deviceID = 536870914, amplitude = 0.000000
02-27 23:21:36.729 10095 10186 V xrstreaming: ThreadFunc(): simple haptic: deviceType = 1 , deviceID = 536870915, amplitude = 0.000000
02-27 23:21:36.731  1753 10694 I CompositorVR: SetSchedFifo( tid=10120, pol=2, pri=0 ) succeeded
02-27 23:21:36.731  1753 10694 I CompositorVR: SetSchedFifo( tid=10836, pol=2, pri=0 ) succeeded
02-27 23:21:36.732  1753 10694 W CompositorClient: FrameTiming: firstDisplayVsync for client 21 (isPrimary=1) FrameIndex = 6231 is outrageously early 13098, base 591, flushing
02-27 23:21:36.733 10095 10193 W REFLECT [RUNTIMEIPC]: UpdateServerStateValue name:'RigidBodyStates' buffer == nullptr
02-27 23:21:36.739 10095 10193 W REFLECT [RUNTIMEIPC]: UpdateServerStateValue name:'RigidBodyStates' buffer == nullptr
02-27 23:21:36.740  1753 10694 W CompositorClient: FrameTiming: firstDisplayVsync for client 21 (isPrimary=1) FrameIndex = 6231 is outrageously early 13098, base 591, flushing
02-27 23:21:36.744 10095 10193 W REFLECT [RUNTIMEIPC]: UpdateServerStateValue name:'RigidBodyStates' buffer == nullptr
02-27 23:21:36.746  1753 10694 W CompositorClient: FrameTiming: firstDisplayVsync for client 21 (isPrimary=1) FrameIndex = 6231 is outrageously early 13098, base 592, flushing
02-27 23:21:36.748   715 10237 E soundtrigger: audio_extn_sound_trigger_update_ec_ref_status: st_dev NULL
02-27 23:21:36.748   715 10237 D audio_route: Apply path: echo-reference
02-27 23:21:36.748   715 10237 D msm8974_platform: platform_set_echo_reference: enabling echo-reference
02-27 23:21:36.748   715 10237 D audio_hw_utils: audio_extn_utils_send_app_type_cfg: usecase->in_snd_device handset-mic-aec-ns
02-27 23:21:36.748   715 10237 D msm8974_platform: platform_split_snd_device: snd_device(134) num devices(0) new_snd_devices(0)
02-27 23:21:36.749 10095 10193 W REFLECT [RUNTIMEIPC]: UpdateServerStateValue name:'RigidBodyStates' buffer == nullptr
02-27 23:21:36.749 10095 10193 W REFLECT [RUNTIMEIPC]: UpdateServerStateValue name:'AnchorStates' buffer == nullptr
02-27 23:21:36.749   715 10237 D audio_hw_utils: audio_extn_btsco_get_sample_rate:Not a BT SCO device, need not update sampling rate
02-27 23:21:36.749   715 10237 I audio_hw_utils: send_app_type_cfg_for_device CAPTURE app_type 69938, acdb_dev_id 4, sample_rate 32000, snd_device_be_idx 44
02-27 23:21:36.750   715 10237 D msm8974_platform: platform_split_snd_device: snd_device(134) num devices(1) new_snd_devices(0)
02-27 23:21:36.750   715 10237 D audio_hw_utils: audio_extn_btsco_get_sample_rate:Not a BT SCO device, need not update sampling rate
02-27 23:21:36.750   715 10237 D ACDB-LOADER: ACDB -> send_audio_cal, acdb_id = 4, path = 1, app id = 0x11132, sample rate = 32000, afe_sample_rate = 48000
02-27 23:21:36.750   715 10237 D ACDB-LOADER: ACDB -> send_asm_topology
02-27 23:21:36.750   715 10237 D ACDB-LOADER: ACDB -> ACDB_CMD_GET_AUDPROC_STREAM_TOPOLOGY_ID
02-27 23:21:36.750   715 10237 D ACDB-LOADER: ACDB -> send_adm_topology
02-27 23:21:36.750   715 10237 D ACDB-LOADER: ACDB -> ACDB_CMD_GET_AUDPROC_COMMON_TOPOLOGY_ID
02-27 23:21:36.750   715 10237 D ACDB-LOADER: ACDB -> send_audtable
02-27 23:21:36.750   715 10237 D ACDB-LOADER: ACDB -> ACDB_CMD_GET_AUDPROC_INSTANCE_COMMON_TABLE_SIZE
02-27 23:21:36.750   715 10237 D ACDB-LOADER: ACDB -> ACDB_CMD_GET_AUDPROC_INSTANCE_COMMON_TABLE
02-27 23:21:36.750   715 10237 D ACDB-LOADER: ACDB -> AUDIO_SET_AUDPROC_CAL cal_type[11] acdb_id[4] app_type[69938]
02-27 23:21:36.750   715 10237 D ACDB-LOADER: check_fnn_usecase_status: fnn usecase active 0
02-27 23:21:36.750   715 10237 D ACDB-LOADER: ACDB -> ACDB_CMD_GET_PERSISTENT_AUDPROC_INSTANCE_COMMON_TABLE_SIZE
02-27 23:21:36.750   715 10237 D         : [Data Manager]-> No data found
02-27 23:21:36.750   715 10237 D ACDB-LOADER: Error: ACDB_CMD_GET_PERSISTENT_AUDPROC_INSTANCE_COMMON_TABLE_SIZE returned -18
02-27 23:21:36.750   715 10237 D ACDB-LOADER: ACDB -> send_audproc_persist_table -18 
02-27 23:21:36.750   715 10237 D ACDB-LOADER: Error: Invalid Audproc persist size = -18
02-27 23:21:36.750   715 10237 D ACDB-LOADER: ACDB -> ACDB_CMD_GET_AUDPROC_INSTANCE_STREAM_TABLE_SIZE
02-27 23:21:36.750   715 10237 D ACDB-LOADER: ACDB -> send_audstrmtable
02-27 23:21:36.750   715 10237 D ACDB-LOADER: ACDB -> ACDB_CMD_GET_AUDPROC_INSTANCE_STREAM_TABLE
02-27 23:21:36.751   715 10237 D ACDB-LOADER: ACDB -> audstrm_cal->cal_type.cal_data.cal_size = 20
02-27 23:21:36.751   715 10237 D ACDB-LOADER: ACDB -> send_afe_topology
02-27 23:21:36.751   715 10237 D ACDB-LOADER: ACDB -> ACDB_CMD_GET_AFE_TOPOLOGY_ID
02-27 23:21:36.751   715 10237 D ACDB-LOADER: ACDB -> GET_AFE_TOPOLOGY_ID for adcd_id 4, Topology Id 112fb
02-27 23:21:36.751   715 10237 D ACDB-LOADER: ACDB -> send_afe_cal
02-27 23:21:36.751   715 10237 D ACDB-LOADER: ACDB -> ACDB_CMD_GET_AFE_INSTANCE_COMMON_TABLE_SIZE
02-27 23:21:36.751   715 10237 D         : Failed to fetch the lookup information of the device 00000004 
02-27 23:21:36.751   715 10237 D ACDB-LOADER: Error: ACDB_CMD_GET_AFE_INSTANCE_COMMON_TABLE_SIZE Returned = -19
02-27 23:21:36.751   715 10237 D ACDB-LOADER: ACDB -> ACDB_CMD_GET_AFE_INSTANCE_COMMON_TABLE
02-27 23:21:36.751   715 10237 D         : Failed to fetch the lookup information of the device 00000004 
02-27 23:21:36.751   715 10237 D ACDB-LOADER: Error: ACDB AFE returned = -19
02-27 23:21:36.751   715 10237 D ACDB-LOADER: ACDB -> AUDIO_SET_AFE_CAL cal_type[17] acdb_id[4]
02-27 23:21:36.751   715 10237 D ACDB-LOADER: ACDB -> send_hw_delay : acdb_id = 4 path = 1
02-27 23:21:36.751   715 10237 D ACDB-LOADER: ACDB -> ACDB_AVSYNC_INFO: ACDB_CMD_GET_DEVICE_PROPERTY
02-27 23:21:36.751   715 10237 I audio_hw_primary: enable_audio_route: apply mixer and update path: audio-record
02-27 23:21:36.751   715 10237 D audio_route: Apply path: audio-record
02-27 23:21:36.751   715 10237 D audio_hw_primary: select_devices: done
02-27 23:21:36.754  1753 10694 W CompositorClient: FrameTiming: firstDisplayVsync for client 21 (isPrimary=1) FrameIndex = 6231 is outrageously early 13098, base 592, flushing
02-27 23:21:36.754 10095 10193 W REFLECT [RUNTIMEIPC]: UpdateServerStateValue name:'RigidBodyStates' buffer == nullptr
02-27 23:21:36.759 10095 10193 W REFLECT [RUNTIMEIPC]: UpdateServerStateValue name:'RigidBodyStates' buffer == nullptr
02-27 23:21:36.760  1753 10694 W CompositorClient: FrameTiming: firstDisplayVsync for client 21 (isPrimary=1) FrameIndex = 6231 is outrageously early 13098, base 593, flushing
02-27 23:21:36.764   715 10237 D audio_hw_primary: start_input_stream: exit
02-27 23:21:36.764 10095 10193 W REFLECT [RUNTIMEIPC]: UpdateServerStateValue name:'RigidBodyStates' buffer == nullptr
02-27 23:21:36.768  1753 10694 W CompositorClient: FrameTiming: firstDisplayVsync for client 21 (isPrimary=1) FrameIndex = 6231 is outrageously early 13098, base 593, flushing
02-27 23:21:36.768 10095 10120 I xrstreaming: Frame arrived 0.760971 after deadline, frame drop to prevent submit offset (forced:0)
02-27 23:21:36.769 10095 10193 W REFLECT [RUNTIMEIPC]: UpdateServerStateValue name:'RigidBodyStates' buffer == nullptr
02-27 23:21:36.774  1753 10694 W CompositorClient: FrameTiming: firstDisplayVsync for client 21 (isPrimary=1) FrameIndex = 6231 is outrageously early 13098, base 594, flushing
02-27 23:21:36.774 10095 10193 W REFLECT [RUNTIMEIPC]: UpdateServerStateValue name:'RigidBodyStates' buffer == nullptr
02-27 23:21:36.780 10095 10193 W REFLECT [RUNTIMEIPC]: UpdateServerStateValue name:'RigidBodyStates' buffer == nullptr
02-27 23:21:36.780 10095 10193 W REFLECT [RUNTIMEIPC]: UpdateServerStateValue name:'AnchorStates' buffer == nullptr
02-27 23:21:36.781 10095 10120 W VrApi   : ovr_SubmitFrameInternal: FrameIndex discontinuity: Expected 6233, Received 6234
02-27 23:21:36.781  1753 10694 W CompositorClient: FrameTiming: firstDisplayVsync for client 21 (isPrimary=1) FrameIndex = 6231 is outrageously early 13098, base 594, flushing
02-27 23:21:36.782  1753 10694 W CompositorClient: FrameTiming: firstDisplayVsync for client 21 (isPrimary=1) FrameIndex = 6232 is outrageously early 13098, base 594, flushing
02-27 23:21:36.785 10095 10193 W REFLECT [RUNTIMEIPC]: UpdateServerStateValue name:'RigidBodyStates' buffer == nullptr
02-27 23:21:36.786  1753 10694 I CompositorVR: SetSchedFifo( tid=10120, pol=3, pri=0 ) succeeded
02-27 23:21:36.787  1753 10694 I CompositorVR: SetSchedFifo( tid=10836, pol=3, pri=0 ) succeeded
02-27 23:21:36.788  1753 10694 W CompositorClient: FrameTiming: firstDisplayVsync for client 21 (isPrimary=1) FrameIndex = 6232 is outrageously early 13098, base 595, flushing
02-27 23:21:36.790 10095 10193 W REFLECT [RUNTIMEIPC]: UpdateServerStateValue name:'RigidBodyStates' buffer == nullptr
02-27 23:21:36.795  1753 10694 W CompositorClient: FrameTiming: firstDisplayVsync for client 21 (isPrimary=1) FrameIndex = 6232 is outrageously early 13098, base 595, flushing
02-27 23:21:36.795 10095 10193 W REFLECT [RUNTIMEIPC]: UpdateServerStateValue name:'RigidBodyStates' buffer == nullptr
02-27 23:21:36.795  1753 10694 W CompositorClient: FrameTiming: firstDisplayVsync for client 21 (isPrimary=1) FrameIndex = 6233 is outrageously early 13098, base 595, flushing
02-27 23:21:36.800 10095 10193 W REFLECT [RUNTIMEIPC]: UpdateServerStateValue name:'RigidBodyStates' buffer == nullptr
02-27 23:21:36.802  1753 10694 W CompositorClient: FrameTiming: firstDisplayVsync for client 21 (isPrimary=1) FrameIndex = 6233 is outrageously early 13098, base 596, flushing
02-27 23:21:36.805 10095 10193 W REFLECT [RUNTIMEIPC]: UpdateServerStateValue name:'RigidBodyStates' buffer == nullptr
02-27 23:21:36.809  1753 10694 W CompositorClient: FrameTiming: firstDisplayVsync for client 21 (isPrimary=1) FrameIndex = 6233 is outrageously early 13098, base 596, flushing
02-27 23:21:36.809  1753 10694 W CompositorClient: FrameTiming: firstDisplayVsync for client 21 (isPrimary=1) FrameIndex = 6234 is outrageously early 13098, base 596, flushing
02-27 23:21:36.810 10095 10193 W REFLECT [RUNTIMEIPC]: UpdateServerStateValue name:'RigidBodyStates' buffer == nullptr
02-27 23:21:36.810 10095 10193 W REFLECT [RUNTIMEIPC]: UpdateServerStateValue name:'AnchorStates' buffer == nullptr
02-27 23:21:36.816 10095 10193 W REFLECT [RUNTIMEIPC]: UpdateServerStateValue name:'RigidBodyStates' buffer == nullptr
02-27 23:21:36.816  1753 10694 W CompositorClient: FrameTiming: firstDisplayVsync for client 21 (isPrimary=1) FrameIndex = 6234 is outrageously early 13098, base 597, flushing
