03-05 17:26:57.974  9292  9397 E OsSdk   : error getting shared memory region, memory type: HeadTracker, failed with Status(-1, EX_SECURITY): 'requested shared memory region when not registered/focused'
03-05 17:26:57.979  9292  9370 D xrstreaming: receive ping: org 0 recv 0 xmt 22877559630200 (received at 8381943713258), offset divergence -6745
03-05 17:26:57.982   862  1045 I chatty  : uid=1000(system) Binder:862_1 identical 41 lines
03-05 17:26:57.983  9292  9342 E OsSdk   : error getting shared memory region, memory type: HeadTracker, failed with Status(-1, EX_SECURITY): 'requested shared memory region when not registered/focused'
03-05 17:26:57.983  9292  9342 W [CT]    : SlamAnchorMemoryRuntimeIpcServer: HeadTracker::getState failed
03-05 17:26:57.983  9292  9342 W [CT]    : SlamAnchorMemoryRuntimeIpcServerThread: RigidBodyStates update failure.
03-05 17:26:58.016   862  1045 W TrackingService: attachClient: found client in attached list
03-05 17:26:58.017  9292  9397 E OsSdk   : error getting shared memory region, memory type: HeadTracker, failed with Status(-1, EX_SECURITY): 'requested shared memory region when not registered/focused'
03-05 17:26:58.018   862  1049 W TrackingService: attachClient: found client in attached list
03-05 17:26:58.019  9292  9397 E OsSdk   : error getting shared memory region, memory type: AnchorTracker, failed with Status(-1, EX_SECURITY): 'requested shared memory region when not registered/focused'
03-05 17:26:58.032  9292  9342 E OsSdk   : error getting shared memory region, memory type: HeadTracker, failed with Status(-1, EX_SECURITY): 'requested shared memory region when not registered/focused'
03-05 17:26:58.032  9292  9342 W [CT]    : SlamAnchorMemoryRuntimeIpcServer: HeadTracker::getState failed
03-05 17:26:58.032  9292  9342 W [CT]    : SlamAnchorMemoryRuntimeIpcServerThread: RigidBodyStates update failure.
03-05 17:26:58.053  9292  9342 W [CT]    : SlamAnchorMemoryRuntimeIpcServer: HeadTracker::getState failed
03-05 17:26:58.053  9292  9342 W [CT]    : SlamAnchorMemoryRuntimeIpcServerThread: RigidBodyStates update failure.
03-05 17:26:58.054  9292  9397 E OsSdk   : error getting shared memory region, memory type: HeadTracker, failed with Status(-1, EX_SECURITY): 'requested shared memory region when not registered/focused'
03-05 17:26:58.077 10700 10992 I VrApi   : FPS=71/72,Prd=44ms,Tear=0,Early=20,Stale=2,Stale2/5/10/max=1/0/0/2,VSnc=1,Lat=1,Fov=0,CPU4/GPU=2/4,1171/525MHz,OC=FF,TA=0/70/0,SP=N/N/E,Mem=1353MHz,Free=1774MB,PLS=0,Temp=27.7C/0.0C,TW=1.69ms,App=9.03ms,GD=0.12ms,CPU&GPU=9.78ms,LCnt=2(DR0,LM2),GPU%=0.79,CPU%=0.46(W0.65),DSF=1.00,CFL=19.53/21.44
03-05 17:26:58.098  9292  9342 W [CT]    : SlamAnchorMemoryRuntimeIpcServer: HeadTracker::getState failed
03-05 17:26:58.098  9292  9342 W [CT]    : SlamAnchorMemoryRuntimeIpcServerThread: RigidBodyStates update failure.
03-05 17:26:58.100  9292  9397 E OsSdk   : error getting shared memory region, memory type: HeadTracker, failed with Status(-1, EX_SECURITY): 'requested shared memory region when not registered/focused'
03-05 17:26:58.102  9292  9342 E OsSdk   : error getting shared memory region, memory type: AnchorTracker, failed with Status(-1, EX_SECURITY): 'requested shared memory region when not registered/focused'
03-05 17:26:58.102  9292  9342 W [CT]    : SlamAnchorMemoryRuntimeIpcServer: getAnchorStates failed
03-05 17:26:58.102  9292  9342 W [CT]    : SlamAnchorMemoryRuntimeIpcServerThread: AnchorStates update failure.
03-05 17:26:58.135  9292  9342 E OsSdk   : error getting shared memory region, memory type: HeadTracker, failed with Status(-1, EX_SECURITY): 'requested shared memory region when not registered/focused'
03-05 17:26:58.136  9292  9342 W [CT]    : SlamAnchorMemoryRuntimeIpcServer: HeadTracker::getState failed
03-05 17:26:58.136  9292  9342 W [CT]    : SlamAnchorMemoryRuntimeIpcServerThread: RigidBodyStates update failure.
03-05 17:26:58.145  9292  9397 E OsSdk   : error getting shared memory region, memory type: HeadTracker, failed with Status(-1, EX_SECURITY): 'requested shared memory region when not registered/focused'
03-05 17:26:58.179  9292  9342 E OsSdk   : error getting shared memory region, memory type: HeadTracker, failed with Status(-1, EX_SECURITY): 'requested shared memory region when not registered/focused'
03-05 17:26:58.179  9292  9342 W [CT]    : SlamAnchorMemoryRuntimeIpcServer: HeadTracker::getState failed
03-05 17:26:58.179  9292  9342 W [CT]    : SlamAnchorMemoryRuntimeIpcServerThread: RigidBodyStates update failure.
03-05 17:26:58.188  9292  9397 E OsSdk   : error getting shared memory region, memory type: HeadTracker, failed with Status(-1, EX_SECURITY): 'requested shared memory region when not registered/focused'
03-05 17:26:58.227  9292  9342 E OsSdk   : error getting shared memory region, memory type: HeadTracker, failed with Status(-1, EX_SECURITY): 'requested shared memory region when not registered/focused'
03-05 17:26:58.228  9292  9342 W [CT]    : SlamAnchorMemoryRuntimeIpcServer: HeadTracker::getState failed
03-05 17:26:58.228  9292  9342 W [CT]    : SlamAnchorMemoryRuntimeIpcServerThread: RigidBodyStates update failure.
03-05 17:26:58.234  9292  9397 E OsSdk   : error getting shared memory region, memory type: HeadTracker, failed with Status(-1, EX_SECURITY): 'requested shared memory region when not registered/focused'
03-05 17:26:58.268  9292  9342 E OsSdk   : error getting shared memory region, memory type: HeadTracker, failed with Status(-1, EX_SECURITY): 'requested shared memory region when not registered/focused'
03-05 17:26:58.268  9292  9342 W [CT]    : SlamAnchorMemoryRuntimeIpcServer: HeadTracker::getState failed
03-05 17:26:58.268  9292  9342 W [CT]    : SlamAnchorMemoryRuntimeIpcServerThread: RigidBodyStates update failure.
03-05 17:26:58.278  9292  9397 E OsSdk   : error getting shared memory region, memory type: HeadTracker, failed with Status(-1, EX_SECURITY): 'requested shared memory region when not registered/focused'
03-05 17:26:58.283  9292  9397 E OsSdk   : error getting shared memory region, memory type: AnchorTracker, failed with Status(-1, EX_SECURITY): 'requested shared memory region when not registered/focused'
03-05 17:26:58.294 11173 11173 F DEBUG   : 
03-05 17:26:58.294 11173 11173 F DEBUG   : backtrace:
03-05 17:26:58.294 11173 11173 F DEBUG   :       #00 pc 0850d8a8  /data/app/com.YourCompany.TemplateProject3-if8sBQyuzz2FuvZwyowqlA==/lib/arm/libUE4.so (_ZN11FMessageBus7ForwardERK10TSharedRefI15IMessageContextL7ESPMode1EERK6TArrayI15FMessageAddress22TSizedDefaultAllocatorILi32EEERK9FTimespanRKS0_I14IMessageSenderLS2_1EE+488) (BuildId: 5fdc31e8f27ae0bc68cf93f690d19e2b51b7af13)
03-05 17:26:58.295 11173 11173 F DEBUG   :       #01 pc 0850cb68  /data/app/com.YourCompany.TemplateProject3-if8sBQyuzz2FuvZwyowqlA==/lib/arm/libUE4.so (_ZN14FMessageBridge23ReceiveTransportMessageERK10TSharedRefI15IMessageContextL7ESPMode1EERK5FGuid+1696) (BuildId: 5fdc31e8f27ae0bc68cf93f690d19e2b51b7af13)
03-05 17:26:58.295 11173 11173 F DEBUG   :       #02 pc 06aedc10  /data/app/com.YourCompany.TemplateProject3-if8sBQyuzz2FuvZwyowqlA==/lib/arm/libUE4.so (FTcpMessageTransport::Run()+1856) (BuildId: 5fdc31e8f27ae0bc68cf93f690d19e2b51b7af13)
03-05 17:26:58.295 11173 11173 F DEBUG   :       #03 pc 073a33f8  /data/app/com.YourCompany.TemplateProject3-if8sBQyuzz2FuvZwyowqlA==/lib/arm/libUE4.so (FRunnableThreadPThread::Run()+164) (BuildId: 5fdc31e8f27ae0bc68cf93f690d19e2b51b7af13)
03-05 17:26:58.295 11173 11173 F DEBUG   :       #04 pc 0727c1d0  /data/app/com.YourCompany.TemplateProject3-if8sBQyuzz2FuvZwyowqlA==/lib/arm/libUE4.so (FRunnableThreadPThread::_ThreadProc(void*)+84) (BuildId: 5fdc31e8f27ae0bc68cf93f690d19e2b51b7af13)
03-05 17:26:58.295 11173 11173 F DEBUG   :       #05 pc 0009a6d5  /apex/com.android.runtime/lib/bionic/libc.so (__pthread_start(void*)+20) (BuildId: 412b3f89043ee721cb892d6b5f53c486)
03-05 17:26:58.295 11173 11173 F DEBUG   :       #06 pc 00000ffe  <anonymous:a125a000>
03-05 17:26:58.301   813   988 I crash-uploader: Crash uploaded from /data/misc/crashes//43a792ee-66a1-4528-9bfe-d849e7860790_com.YourCompany.TemplateProject3_2023-03-05_17-26-53-974069.crash.meta to https://b-www.facebook.com/mobile/reliability_event_log_upload/
03-05 17:26:58.309  9292  9342 E OsSdk   : error getting shared memory region, memory type: HeadTracker, failed with Status(-1, EX_SECURITY): 'requested shared memory region when not registered/focused'
03-05 17:26:58.309  9292  9342 W [CT]    : SlamAnchorMemoryRuntimeIpcServer: HeadTracker::getState failed
03-05 17:26:58.309  9292  9342 W [CT]    : SlamAnchorMemoryRuntimeIpcServerThread: RigidBodyStates update failure.
03-05 17:26:58.325  9292  9397 E OsSdk   : error getting shared memory region, memory type: HeadTracker, failed with Status(-1, EX_SECURITY): 'requested shared memory region when not registered/focused'
03-05 17:26:58.349  9292  9342 E OsSdk   : error getting shared memory region, memory type: HeadTracker, failed with Status(-1, EX_SECURITY): 'requested shared memory region when not registered/focused'
03-05 17:26:58.349  9292  9342 W [CT]    : SlamAnchorMemoryRuntimeIpcServer: HeadTracker::getState failed
03-05 17:26:58.349  9292  9342 W [CT]    : SlamAnchorMemoryRuntimeIpcServerThread: RigidBodyStates update failure.
03-05 17:26:58.360  9292  9342 E OsSdk   : error getting shared memory region, memory type: AnchorTracker, failed with Status(-1, EX_SECURITY): 'requested shared memory region when not registered/focused'
03-05 17:26:58.360  9292  9342 W [CT]    : SlamAnchorMemoryRuntimeIpcServer: getAnchorStates failed
03-05 17:26:58.360  9292  9342 W [CT]    : SlamAnchorMemoryRuntimeIpcServerThread: AnchorStates update failure.
03-05 17:26:58.363  9292  9397 E OsSdk   : error getting shared memory region, memory type: HeadTracker, failed with Status(-1, EX_SECURITY): 'requested shared memory region when not registered/focused'
03-05 17:26:58.368  1254  2384 E TREX    : Interface version 1 was not found. Check debug build for more information.
03-05 17:26:58.380  9292  9342 E OsSdk   : error getting shared memory region, memory type: HeadTracker, failed with Status(-1, EX_SECURITY): 'requested shared memory region when not registered/focused'
03-05 17:26:58.381  9292  9342 W [CT]    : SlamAnchorMemoryRuntimeIpcServer: HeadTracker::getState failed
03-05 17:26:58.381  9292  9342 W [CT]    : SlamAnchorMemoryRuntimeIpcServerThread: RigidBodyStates update failure.
03-05 17:26:58.383  9292  9397 E OsSdk   : error getting shared memory region, memory type: HeadTracker, failed with Status(-1, EX_SECURITY): 'requested shared memory region when not registered/focused'
03-05 17:26:58.422  9292  9342 E OsSdk   : error getting shared memory region, memory type: HeadTracker, failed with Status(-1, EX_SECURITY): 'requested shared memory region when not registered/focused'
03-05 17:26:58.422  9292  9342 W [CT]    : SlamAnchorMemoryRuntimeIpcServer: HeadTracker::getState failed
03-05 17:26:58.422  9292  9342 W [CT]    : SlamAnchorMemoryRuntimeIpcServerThread: RigidBodyStates update failure.
03-05 17:26:58.428  9292  9397 E OsSdk   : error getting shared memory region, memory type: HeadTracker, failed with Status(-1, EX_SECURITY): 'requested shared memory region when not registered/focused'
03-05 17:26:58.468  9292  9342 E OsSdk   : error getting shared memory region, memory type: HeadTracker, failed with Status(-1, EX_SECURITY): 'requested shared memory region when not registered/focused'
03-05 17:26:58.468  9292  9342 W [CT]    : SlamAnchorMemoryRuntimeIpcServer: HeadTracker::getState failed
03-05 17:26:58.468  9292  9342 W [CT]    : SlamAnchorMemoryRuntimeIpcServerThread: RigidBodyStates update failure.
03-05 17:26:58.470  9292  9397 E OsSdk   : error getting shared memory region, memory type: HeadTracker, failed with Status(-1, EX_SECURITY): 'requested shared memory region when not registered/focused'
03-05 17:26:58.481   862 10846 I [CT]    : VIPER: Mode=SuperVega,Status=6DoF,TRACKING,Inl=30,Mem=88.1,Jit=0.0mm,Issues(Cam/min=0.0,IMU/min=0.0),Exp=(12.5ms,g=15.0,I=74,Ir=399.5)(14.0ms,g=15.0,I=106,Ir=509.1)(14.0ms,g=15.0,I=116,Ir=556.7)(12.0ms,g=15.0,I=75,Ir=415.9)
03-05 17:26:58.481   862 10846 W [CT]    : VIPER: Images too dark, Environment trending to dark, 
03-05 17:26:58.509  9292  9342 E OsSdk   : error getting shared memory region, memory type: HeadTracker, failed with Status(-1, EX_SECURITY): 'requested shared memory region when not registered/focused'
03-05 17:26:58.510  9292  9342 W [CT]    : SlamAnchorMemoryRuntimeIpcServer: HeadTracker::getState failed
03-05 17:26:58.510  9292  9342 W [CT]    : SlamAnchorMemoryRuntimeIpcServerThread: RigidBodyStates update failure.
03-05 17:26:58.511  9292  9397 E OsSdk   : error getting shared memory region, memory type: AnchorTracker, failed with Status(-1, EX_SECURITY): 'requested shared memory region when not registered/focused'
03-05 17:26:58.549   861   861 E /system/bin/tombstoned: Tombstone written to: /data/tombstones/tombstone_04
03-05 17:26:58.552   862  1049 I chatty  : uid=1000(system) Binder:862_2 identical 27 lines
03-05 17:26:58.554  9292  9342 E OsSdk   : error getting shared memory region, memory type: HeadTracker, failed with Status(-1, EX_SECURITY): 'requested shared memory region when not registered/focused'
03-05 17:26:58.554  9292  9342 W [CT]    : SlamAnchorMemoryRuntimeIpcServer: HeadTracker::getState failed
03-05 17:26:58.554  9292  9342 W [CT]    : SlamAnchorMemoryRuntimeIpcServerThread: RigidBodyStates update failure.
03-05 17:26:58.556  1054 11182 I DropBoxManagerService: add tag=data_app_native_crash isTagEnabled=true flags=0x2
03-05 17:26:58.556   862  1049 W TrackingService: attachClient: found client in attached list
03-05 17:26:58.561  9292  9397 E OsSdk   : error getting shared memory region, memory type: HeadTracker, failed with Status(-1, EX_SECURITY): 'requested shared memory region when not registered/focused'
03-05 17:26:58.571  1054  1091 I BootReceiver: Copying /data/tombstones/tombstone_04 to DropBox (SYSTEM_TOMBSTONE)
03-05 17:26:58.572  1054  1091 I DropBoxManagerService: add tag=SYSTEM_TOMBSTONE isTagEnabled=true flags=0x2
03-05 17:26:58.577  1054 11181 W ActivityTaskManager:   Force finishing activity com.YourCompany.TemplateProject3/com.epicgames.ue4.GameActivity
03-05 17:26:58.588  1254 10783 I VrRuntimeService: RuntimeIPC: IPC_SYSTEM_EVENT_CLIENT_DISCONNECTED_EXT: com.YourCompany.TemplateProject3
03-05 17:26:58.588  1254 10783 I ClientMgr: ClientMgr::DestroyClient: 10700:com.YourCompany.TemplateProject3
03-05 17:26:58.588  1254 10783 I ClientMgr: ClientMgr::DestroyClient: 10700:com.YourCompany.TemplateProject3 is enabled for rendering on destroy.
03-05 17:26:58.588  1254 10783 I ClientMgr: ClientMgr::EnableRendering 10700:com.YourCompany.TemplateProject3 : type 0 comp-id 14: disable
03-05 17:26:58.588  1254 10783 I VrRuntimeServer: DisableCompositorClient: 14
03-05 17:26:58.588  1254 10783 I CompositorClientMgr: Disable client 14
03-05 17:26:58.588  1254 10783 I CompositorClientMgr: DisableClient: frame flush required: 1
03-05 17:26:58.590  2769 10787 I REFLECT [RUNTIMEIPC]: GuardianSDKServer Client Disconnected 522336959, com.YourCompany.TemplateProject3, com.YourCompany.TemplateProject3
03-05 17:26:58.591  1254  2384 I ClientMgr: Non-overlay clients rendering status has changed: prev=85, curr=86, enabled=0
03-05 17:26:58.591  1054  1144 W InputDispatcher: channel '95ad63 com.YourCompany.TemplateProject3/com.epicgames.ue4.GameActivity (server)' ~ Consumer closed input channel or an error occurred.  events=0x9
03-05 17:26:58.591  1054  1144 E InputDispatcher: channel '95ad63 com.YourCompany.TemplateProject3/com.epicgames.ue4.GameActivity (server)' ~ Channel is unrecoverably broken and will be disposed!
03-05 17:26:58.592  1254  2660 D IPCDataChannelAndroidBinder [RUNTIMEIPC]: RuntimeIPC: ConnectionDiedInfo: onBinderDied: 1, com.YourCompany.TemplateProject3:com.YourCompany.TemplateProject3:10700
03-05 17:26:58.592  1254  2660 D IPCDataChannelServer [RUNTIMEIPC]: Disconnected: 522336959, com.YourCompany.TemplateProject3:com.YourCompany.TemplateProject3:10700
03-05 17:26:58.592  1254  2660 E IPCThreadState: attemptIncStrongHandle(34): Not supported
03-05 17:26:58.592   849  6129 D IPCDataChannelAndroidBinder [RUNTIMEIPC]: RuntimeIPC: ConnectionDiedInfo: onBinderDied: 1, com.YourCompany.TemplateProject3:com.YourCompany.TemplateProject3:10700
03-05 17:26:58.592   849  6129 E /system/bin/runtimeipcbroker: unlinkToDeath: removed reference to death recipient but unlink failed.
03-05 17:26:58.592   849  4314 W IPCDataChannelAndroidBinder [RUNTIMEIPC]: UnregisterLinkDeathHandle: AIBinder_unlinkToDeath FAILED
03-05 17:26:58.592   849  4314 I RuntimeIPCService [RUNTIMEIPC]: DestroyBrokerConnection: com.YourCompany.TemplateProject3:com.YourCompany.TemplateProject3:10700
03-05 17:26:58.592   849  4314 E IPCThreadState: attemptIncStrongHandle(69): Not supported
03-05 17:26:58.592  2116  2143 D IPCDataChannelAndroidBinder [RUNTIMEIPC]: RuntimeIPC: ConnectionDiedInfo: onBinderDied: 1, com.YourCompany.TemplateProject3:com.YourCompany.TemplateProject3:10700
03-05 17:26:58.592  2116  2143 D IPCDataChannelServer [RUNTIMEIPC]: Disconnected: 522336959, com.YourCompany.TemplateProject3:com.YourCompany.TemplateProject3:10700
03-05 17:26:58.592  2116  2143 E IPCThreadState: attemptIncStrongHandle(59): Not supported
03-05 17:26:58.592  2769  3361 D IPCDataChannelAndroidBinder [RUNTIMEIPC]: RuntimeIPC: ConnectionDiedInfo: onBinderDied: 1, com.YourCompany.TemplateProject3:com.YourCompany.TemplateProject3:10700
03-05 17:26:58.592  2769  3361 D IPCDataChannelServer [RUNTIMEIPC]: Disconnected: 522336959, com.YourCompany.TemplateProject3:com.YourCompany.TemplateProject3:10700
03-05 17:26:58.593  1054  3873 I WindowManager: WIN DEATH: Window{95ad63 u0 com.YourCompany.TemplateProject3/com.epicgames.ue4.GameActivity}
03-05 17:26:58.593  1054  3873 W InputDispatcher: Attempted to unregister already unregistered input channel '95ad63 com.YourCompany.TemplateProject3/com.epicgames.ue4.GameActivity (server)'
03-05 17:26:58.593  1980  1980 I Zygote  : Process 10700 exited due to signal 11 (Segmentation fault)
03-05 17:26:58.593  2769  3361 E IPCThreadState: attemptIncStrongHandle(69): Not supported
03-05 17:26:58.593  1054  4111 D ConnectivityService: ConnectivityService NetworkRequestInfo binderDied(NetworkRequest [ LISTEN id=82, [ Transports: CELLULAR|WIFI|BLUETOOTH|ETHERNET|VPN Capabilities: INTERNET&NOT_RESTRICTED&TRUSTED&NOT_VPN&VALIDATED&FOREGROUND Uid: 10205] ], android.os.BinderProxy@4d627e4)
03-05 17:26:58.594   862  9901 I TrackingService: Unregistering client 'com.YourCompany.TemplateProject3' by binder death
03-05 17:26:58.594   862  9901 I TrackingService: Unregistering client 'com.YourCompany.TemplateProject3' by binder death
03-05 17:26:58.596  1304  1304 V AvrcpMediaPlayerList: onPlaybackConfigChanged(): Configs list size=10
03-05 17:26:58.597  1054  6157 I ActivityManager: Process com.YourCompany.TemplateProject3 (pid 10700) has died: fore TOP 
03-05 17:26:58.597  1054  1086 I libprocessgroup: Successfully killed process cgroup uid 10205 pid 10700 in 0ms
03-05 17:26:58.599  1254 10864 W CompositorClient: WarpToScreen: No completed frames to display for primary client 14. submittedFrameIndex = 4566
03-05 17:26:58.599  1254 10783 I ClientMgr: ClientMgr::DestroyClient: Remove 10700:com.YourCompany.TemplateProject3 as focused client.
03-05 17:26:58.599  1254 10783 I ClientMgr: FocusedClient changed.
03-05 17:26:58.599  1254 10783 W ClientMgr: ClientMgr::SetFocusedClient: No focused client
03-05 17:26:58.599  1254 10783 I ClientMgr: Releasing clocks.
03-05 17:26:58.599  1254 10783 I ClientMgr: SetFocusedPackageName - packageName  processName  clientId 0 clientPid 0
03-05 17:26:58.599  1254 10783 I ClientMgr: ClientMgr::DestroyClient: non-deferred ShutdownResources: 4833 == 4833 
03-05 17:26:58.599  1254 10783 I VrRuntimeServer: UnRegisterCompositorClient client(14)
03-05 17:26:58.599  1254 10783 I ClientMgr: RemoveClient: com.YourCompany.TemplateProject3:com.YourCompany.TemplateProject3:10700
03-05 17:26:58.599  1254  2384 I CompositorClientMgr: Enable client 0
03-05 17:26:58.599  1254  2384 I VrRuntimeServer: EnableCompositorClient client(0): layer placement(2147483643) flags(8) sm(0x7983e93160)
03-05 17:26:58.600  1254 10783 I UnifiedTelemetryWrapper: Stopped UT session render:com.YourCompany.TemplateProject3
03-05 17:26:58.600  1254 10783 I UnifiedTelemetryWrapper: Stopped UT session lifetime:com.YourCompany.TemplateProject3
03-05 17:26:58.602  2769  2987 I GuardianSystem: [GuardianSystem::InitializeRuntimeEventHandlers] runtimeServiceSDKClient_.ActiveClientDestroyedEventData: package=[com.YourCompany.TemplateProject3], process=[com.YourCompany.TemplateProject3]
03-05 17:26:58.602  2769  2987 I GuardianSystem: [GuardianSystem::OnDestroyActiveClient] com.YourCompany.TemplateProject3
03-05 17:26:58.602  2769  2987 I GuardianSystem: [GuardianSystem::OnDestroyActiveClient] Clearing return package because owning client was destroyed: com.YourCompany.TemplateProject3
03-05 17:26:58.603   862  1045 W TrackingService: attachClient: found client in attached list
03-05 17:26:58.604  9292  9342 E OsSdk   : error getting shared memory region, memory type: HeadTracker, failed with Status(-1, EX_SECURITY): 'requested shared memory region when not registered/focused'
03-05 17:26:58.604  9292  9342 W [CT]    : SlamAnchorMemoryRuntimeIpcServer: HeadTracker::getState failed
03-05 17:26:58.604  9292  9342 W [CT]    : SlamAnchorMemoryRuntimeIpcServerThread: RigidBodyStates update failure.
03-05 17:26:58.604   862  1049 W TrackingService: attachClient: found client in attached list
03-05 17:26:58.605  9292  9342 E OsSdk   : error getting shared memory region, memory type: AnchorTracker, failed with Status(-1, EX_SECURITY): 'requested shared memory region when not registered/focused'
03-05 17:26:58.605  9292  9342 W [CT]    : SlamAnchorMemoryRuntimeIpcServer: getAnchorStates failed
03-05 17:26:58.605  9292  9342 W [CT]    : SlamAnchorMemoryRuntimeIpcServerThread: AnchorStates update failure.
03-05 17:26:58.606   862  1049 I chatty  : uid=1000(system) Binder:862_2 identical 1 line
03-05 17:26:58.607  9292  9397 E OsSdk   : error getting shared memory region, memory type: HeadTracker, failed with Status(-1, EX_SECURITY): 'requested shared memory region when not registered/focused'
03-05 17:26:58.622  1054  6157 W InputReader: Device has associated, but no associated display id.
03-05 17:26:58.626   753  4509 D AF::TrackHandle: OpPlayAudio: track:59 uid:10014 pkg:com.oculus.shellenv usage:1 muted
03-05 17:26:58.627   753  6086 D AF::TrackHandle: OpPlayAudio: track:77 uid:10026 pkg:com.oculus.systemux usage:10 not muted
03-05 17:26:58.630   753  5175 D AF::RecordHandle: OpRecordAudio: track:58 uid:10014 pkg:com.oculus.shellenv usage:0 muted
03-05 17:26:58.634   753  1206 D AF::RecordHandle: OpRecordAudio: track:133 uid:10033 pkg:com.oculus.xrstreamingclient usage:0 not muted
03-05 17:26:58.634   753  1733 D AF::TrackHandle: OpPlayAudio: track:62 uid:10026 pkg:com.oculus.systemux usage:10 not muted
03-05 17:26:58.634   753  3155 D AF::TrackHandle: OpPlayAudio: track:64 uid:1000 pkg:com.android.networkstack.inprocess usage:13 not muted
03-05 17:26:58.634   753  4694 D AF::RecordHandle: OpRecordAudio: track:144 uid:10032 pkg:com.oculus.horizon usage:0 not muted
03-05 17:26:58.634  1054  1078 W ActivityManager: setHasOverlayUi called on unknown pid: 10700
03-05 17:26:58.636   753  6377 D AF::TrackHandle: OpPlayAudio: track:132 uid:10033 pkg:com.oculus.xrstreamingclient usage:1 not muted
03-05 17:26:58.637  1254  1254 D VrRuntimeService: onForegroundActivitiesChanged: pid=9292, uid=10033, hasForegroundActivities=true
03-05 17:26:58.639  3500  3500 D [SUI] ActivityManagerUtilsHelper: onForegroundActivitiesChanged: Instance: com.oculus.common.activitymanager.ActivityManagerUtilsHelper@f6ecb31, Pid: 9292, Tid: 10033, foregroundActivities: true, foreground app: com.oculus.xrstreamingclient, previous app: com.YourCompany.TemplateProject3
03-05 17:26:58.640  1254  2660 I FocusedClientsListener: focus: onVrFocusChanged(focusType=0): 6
03-05 17:26:58.640  1254  2660 I FocusedClientsListener: focus: pid=3168
03-05 17:26:58.640  1254  2660 I FocusedClientsListener: focus: pid=2116
03-05 17:26:58.640  1254  2660 I FocusedClientsListener: focus: pid=3216
03-05 17:26:58.640  1254  2660 I FocusedClientsListener: focus: pid=9292
03-05 17:26:58.640  1254  2660 I FocusedClientsListener: focus: pid=2915
03-05 17:26:58.640  1254  2660 I FocusedClientsListener: focus: pid=2769
03-05 17:26:58.640  1254  2437 I FocusedClientsListener: focus: onVrFocusChanged(focusType=1): 5
03-05 17:26:58.640  1254  2437 I FocusedClientsListener: focus: pid=3168
03-05 17:26:58.640  1254  2437 I FocusedClientsListener: focus: pid=2116
03-05 17:26:58.640  1254  2437 I FocusedClientsListener: focus: pid=3216
03-05 17:26:58.640  1254  2437 I FocusedClientsListener: focus: pid=2915
03-05 17:26:58.640  1254  2437 I FocusedClientsListener: focus: pid=2769
03-05 17:26:58.640  1254  1271 I FocusedClientsListener: focus: onVrFocusChanged(focusType=2): 0
03-05 17:26:58.644   753   753 D AF::TrackHandle: OpPlayAudio: track:66 uid:10026 pkg:com.oculus.systemux usage:10 not muted
03-05 17:26:58.646   862  1049 W TrackingService: attachClient: found client in attached list
03-05 17:26:58.647   862  1049 D TrackingService: getSharedMemory: com.oculus.xrstreamingclient, HeadTracker
03-05 17:26:58.651  9292  9397 W REFLECT [RUNTIMEIPC]: UpdateServerStateValue name:'RigidBodyStates' buffer == nullptr
03-05 17:26:58.652  9292  9319 V xrstreaming:   VR Mode state change (Can render=1, has VR mode=0)
03-05 17:26:58.652  9292  9319 D xrstreaming:   Entering VR Mode
03-05 17:26:58.652  9292  9319 I VrApi   : ---------- vrapi_EnterVrMode [start] ----------
03-05 17:26:58.652  1254  1254 W ClientMgr: ClientMgr::SetFocusedClient: No focused client
03-05 17:26:58.652  1254  1254 I ClientMgr: Releasing clocks.
03-05 17:26:58.652  1254  1254 I ClientMgr: SetFocusedPackageName - packageName  processName  clientId 0 clientPid 0
03-05 17:26:58.653  3040  3040 D MetaCam (MediaCapabilityChecker): checkMediaHasRecordingCapabilities packageName: com.oculus.xrstreamingclient
03-05 17:26:58.653  2915  2940 I [CT]    : MIXEDREALITY: MrServiceController: VrFocusManager::Top Activity Changed, topActivity now is: 'com.YourCompany.TemplateProject3', immersiveApp now is: 'com.YourCompany.TemplateProject3'.
03-05 17:26:58.654  1254  4625 I FocusedClientsListener: focus: onTopActivityChanged: com.YourCompany.TemplateProject3
03-05 17:26:58.654  1254  2437 I FocusedClientsListener: focus: onVrFocusChanged(focusType=1): 6
03-05 17:26:58.654  1254  2437 I FocusedClientsListener: focus: pid=3168
03-05 17:26:58.654  1254  2437 I FocusedClientsListener: focus: pid=2116
03-05 17:26:58.654  1254  2437 I FocusedClientsListener: focus: pid=3216
03-05 17:26:58.654  1254  2437 I FocusedClientsListener: focus: pid=9292
03-05 17:26:58.654  1254  2437 I FocusedClientsListener: focus: pid=2915
03-05 17:26:58.654  1254  2437 I FocusedClientsListener: focus: pid=2769
03-05 17:26:58.654  1254  1271 I FocusedClientsListener: focus: onVrFocusChanged(focusType=0): 6
03-05 17:26:58.654  1254  1271 I FocusedClientsListener: focus: pid=3168
03-05 17:26:58.654  1254  1271 I FocusedClientsListener: focus: pid=2116
03-05 17:26:58.654  3216  3494 I [SEO] ShellFrameAnalytics: Shell Heartbeat focusedPanelTimeSpent: {"19":267} visibleTimeSpent: {} inputTimeSpent: {"controller":267} inputClickCount: {} mouseMoveTimeSpent: 0 mouseScrollTimeSpent: 0 physicalKeyboardConnectedTimeSpent: 0 physicalKeyboardTrackedTimeSpent: 0 quickActionsMenuActivations: 0 quickActionsMenuTimeSpent: 0 quickActionsMenuSessionLengths: [] quickActionsMenuSelections: {} handTrackingOptIn: 0 handTrackingAutoTransition: 1
03-05 17:26:58.654  1254  1271 I FocusedClientsListener: focus: pid=3216
03-05 17:26:58.654  1254  1271 I FocusedClientsListener: focus: pid=9292
03-05 17:26:58.654  1254  1271 I FocusedClientsListener: focus: pid=2915
03-05 17:26:58.654  1254  1271 I FocusedClientsListener: focus: pid=2769
03-05 17:26:58.654  1254  2660 I FocusedClientsListener: focus: onVrFocusChanged(focusType=2): 1
03-05 17:26:58.654  1254  2660 I FocusedClientsListener: focus: pid=9292
03-05 17:26:58.654  2116  2116 I [OAO] ShellOverlayServiceJNI: NativeSendOverlayCommand
03-05 17:26:58.654  1254  2660 I FocusedClientsListener: focus: onTopActivityChanged: com.oculus.xrstreamingclient
03-05 17:26:58.654  2116  2116 I [OAO] ShellOverlayServiceJNI: NativeWake
03-05 17:26:58.654  2116  2116 I [OAO] ShellOverlayMain: WakeVrThread
03-05 17:26:58.654  2116  2116 I [OAO] ShellOverlayMain: WakeVrThread - notifying vr thread
03-05 17:26:58.654  3216  3494 I [SEO] ShellApp: Immersive Activity Changed to: com.YourCompany.TemplateProject3
03-05 17:26:58.654  9292  9319 I VrRuntimeClient: Tracing is disabled
03-05 17:26:58.654  9292  9319 I VrRuntimeClient: SysProp debug mode is disabled on Client side
03-05 17:26:58.654  2116  2641 I [OAO] ShellOverlayApp: VrThread woke up
03-05 17:26:58.654  2116  2641 I [OAO] ShellOverlayApp: 0xc3b02b28 msg: overlayCommand:
03-05 17:26:58.654  2116  2641 I [OAO] ShellOverlayApp: command = topActivityChanged
03-05 17:26:58.654  2116  2641 I [OAO] ShellOverlayApp: topActivity = com.YourCompany.TemplateProject3
03-05 17:26:58.654  2116  2641 I [OAO] ShellOverlayApp: Process_OverlayCommand command : topActivityChanged
03-05 17:26:58.654  2116  2641 I [OAO] ShellOverlayApp: Process_OverlayCommand unknown command received: topActivityChanged
03-05 17:26:58.654  2116  2641 I [OAO] ShellOverlayApp: Start sleep timeout. Now:8382.618679, Timeout:8384.618679
03-05 17:26:58.654  2915  2974 I [CT]    : MIXEDREALITY: MrServiceView: renderIteration: (every 10 seconds), screen is: ON, PT is: OFF, ID is: OFF
03-05 17:26:58.655  2915  2974 I [CT]    : MIXEDREALITY: MrServiceModel: commitLayerState: PassthroughMode: kNone.
03-05 17:26:58.655  2915  2940 I [CT]    : MIXEDREALITY: MrServiceController: VrFocusManager::Top Activity Changed, topActivity now is: 'com.oculus.xrstreamingclient', immersiveApp now is: 'com.oculus.xrstreamingclient'.
03-05 17:26:58.655  3216  3494 I [SEO] ShellApp: Immersive Activity Changed to: com.oculus.xrstreamingclient
03-05 17:26:58.655  2116  2116 I [OAO] ShellOverlayServiceJNI: NativeSendOverlayCommand
03-05 17:26:58.655  2116  2116 I [OAO] ShellOverlayServiceJNI: NativeWake
03-05 17:26:58.655  2116  2116 I [OAO] ShellOverlayMain: WakeVrThread
03-05 17:26:58.655  2116  2116 I [OAO] ShellOverlayMain: WakeVrThread - notifying vr thread
03-05 17:26:58.655  9292  9319 D VrApi   : targetSDKVersion 29
03-05 17:26:58.656  9292  9397 W REFLECT [RUNTIMEIPC]: UpdateServerStateValue name:'RigidBodyStates' buffer == nullptr
03-05 17:26:58.659  2915  2974 I [CT]    : MIXEDREALITY: MrServiceModel: Hibernating caller (most likely rendering thread) due to commandQueue being empty.
03-05 17:26:58.661  9292  9397 W REFLECT [RUNTIMEIPC]: UpdateServerStateValue name:'RigidBodyStates' buffer == nullptr
03-05 17:26:58.661  2116  2116 D KeyboardInputMethodService: onFinishInput
03-05 17:26:58.662  9292  9319 I VrRuntimeClient: DEVICE MODEL NUMBER = Quest 2
03-05 17:26:58.662  9292  9319 I VrRuntimeClient: DEVICE BUILD NAME = user-49882890235800150
03-05 17:26:58.662  9292  9319 I VrRuntimeClient: DEVICE BUILD TYPE = user
03-05 17:26:58.662  9292  9319 I VrRuntimeClient: DEVICE OS VERSION = 10
03-05 17:26:58.662  9292  9319 I VrRuntimeClient: API LOADER VERSION = 1.49.0
03-05 17:26:58.662  9292  9319 I VrRuntimeClient: RUNTIME API VERSION = 1.66.0
03-05 17:26:58.662  9292  9319 I VrRuntimeClient: RUNTIME VERSION = 49.0.0.207.357 Feb  8 2023 14:43:26 RELEASE
03-05 17:26:58.662  9292  9319 I VrRuntimeClient: APP NAME = Oculus Link
03-05 17:26:58.662  9292  9319 I VrRuntimeClient: APP VERSION = 49.0.0.207.357 versionCode 445158772 internalVersionName 49.0.0.207.357.60c601c6ae0d 2023_02_08_14_42
03-05 17:26:58.662  9292  9319 I VrRuntimeClient: APP VR TYPE = vr_only
03-05 17:26:58.662  9292  9319 I VrRuntimeClient: APP MODE TYPE = <none>
03-05 17:26:58.662  9292  9319 I VrRuntimeClient: APP PACKAGE NAME = com.oculus.xrstreamingclient
03-05 17:26:58.662  9292  9319 I VrRuntimeClient: APP ACTIVITY CLASS = com.oculus.xrstreamingclient.MainActivity
03-05 17:26:58.662  9292  9319 I Sensor  : OSSDKTRACKING Initializing head tracking
03-05 17:26:58.662  9292  9319 I Sensor  : OSSDKTRACKING Head tracker != nullpointer 0x7978644cd8, 1
03-05 17:26:58.662  9292  9319 I Sensor  : OSSDKTRACKING Initializing controller tracking
03-05 17:26:58.662  9292  9319 I Sensor  : OSSDKTRACKING Controller tracker != nullpointer 0x79d2ed1360, 1
03-05 17:26:58.662  9292  9319 D BatteryReceiver: Registering battery receiver
03-05 17:26:58.662   862  1049 W TrackingService: attachClient: found client in attached list
03-05 17:26:58.666  2915  2974 I [CT]    : MIXEDREALITY: MrServiceModel: Hibernating caller (most likely rendering thread) due to commandQueue being empty.
03-05 17:26:58.666   862  1049 D TrackingService: getSharedMemory: com.oculus.xrstreamingclient, AnchorTracker
03-05 17:26:58.667  9292  9397 W REFLECT [RUNTIMEIPC]: UpdateServerStateValue name:'AnchorStates' buffer == nullptr
03-05 17:26:58.668  1254 10864 I CompositorVR: SetSchedFifo( tid=2974, pol=5, pri=1 ) succeeded
03-05 17:26:58.672  9292  9319 D HeadsetReceiver: getCurrentHeadsetState: false
03-05 17:26:58.672  9292  9319 I DeviceStatus: nativeHeadsetEvent(0)
03-05 17:26:58.672  9292  9397 W REFLECT [RUNTIMEIPC]: UpdateServerStateValue name:'RigidBodyStates' buffer == nullptr
03-05 17:26:58.673  9292  9319 I VrRuntimeClient: SetCompositorClientFeatureFlag ClientFeatureFlag 0 
03-05 17:26:58.673  9292  9319 I LogTimer: CPUTIME: VrRuntimeClient_BeginSession took 19.1438 ms
03-05 17:26:58.674  9292  9319 I ClientInputInterface: DEADRECKONING SetControllerTrackingExtendedDeadreckoning 0
03-05 17:26:58.674  9292  9319 I ClientInputSettings: HANDTRACKING package name is com.oculus.xrstreamingclient
03-05 17:26:58.674  3500  3500 W OVRLibrary: null cursor received for query content://com.oculus.ocms.library/apps/com.oculus.xrstreamingclient
03-05 17:26:58.675  1879  2051 W OVRLibrary: null cursor received for query content://com.oculus.ocms.library/apps/com.oculus.xrstreamingclient
03-05 17:26:58.676  1879  2572 W OVRLibrary: null cursor received for query content://com.oculus.ocms.library/apps/com.YourCompany.TemplateProject3
03-05 17:26:58.676  1879  2572 I OVRMediaServiceManager: Sending onAppStart (com.YourCompany.TemplateProject3) to SocialPlatform (com.oculus.socialplatform)
03-05 17:26:58.676  3500  3500 D [SUI] DynamicAppsViewModel: Setting destination ui paused app - com.oculus.xrstreamingclient
03-05 17:26:58.676  9292  9319 I ClientInputSettings: HANDTRACKING: Manifest Permission request for com.oculus.xrstreamingclient
03-05 17:26:58.677  9292  9397 W REFLECT [RUNTIMEIPC]: UpdateServerStateValue name:'RigidBodyStates' buffer == nullptr
03-05 17:26:58.682  9292  9397 I chatty  : uid=10033(com.oculus.xrstreamingclient) SlamAnchorMem identical 1 line
03-05 17:26:58.687  9292  9397 W REFLECT [RUNTIMEIPC]: UpdateServerStateValue name:'RigidBodyStates' buffer == nullptr
03-05 17:26:58.688  9292  9319 I ClientInputSettings: HANDTRACKING:  'com.oculus.xrstreamingclient' Is hands or controller.
03-05 17:26:58.688  9292  9319 I ClientInputSettings: HANDTRACKING: feature flag set to 2
03-05 17:26:58.688  9292  9319 I ClientInputInterface: HANDTRACKING sethandmanifest 2
03-05 17:26:58.688  9292  9319 I InputHooks_Internal: Enabling Native Input Hooks
03-05 17:26:58.689  9292  9319 I InputDeviceManager: ovrInputDeviceManager::Initialize
03-05 17:26:58.689  9292  9319 I Distortion: Initializing Mesh Decenter Correction
03-05 17:26:58.689   845  1037 E CalibrationProvider: loadCalibration(LDISP_SN) failed: Calibration store didn't load any info
03-05 17:26:58.689   845  1037 E CalibrationProvider: loadCalibration(RDISP_SN) failed: Calibration store didn't load any info
03-05 17:26:58.690  9292  9319 I Distortion: SetLensPositions - iad=0.063008, left offset=-0.000256851,-0.00102733, right offset=0.000136018,-0.00104481
03-05 17:26:58.690  9292  9319 I Distortion: Initializing Mesh Decenter Correction
03-05 17:26:58.690  9292  9370 D xrstreaming: receive pong: org 8382650175706 recv 22878266458200 xmt 22878270338100 (received at 8382654404248), offset divergence 737326
03-05 17:26:58.690  9292  9370 D xrstreaming: new clock offset=14495616108173 (rtt: 348642, dispersion: 1455777, jitter: 7642042)
03-05 17:26:58.690   845  1037 E CalibrationProvider: loadCalibration(LDISP_SN) failed: Calibration store didn't load any info
03-05 17:26:58.691   845  1037 E CalibrationProvider: loadCalibration(RDISP_SN) failed: Calibration store didn't load any info
03-05 17:26:58.691  9292  9319 I Distortion: SetLensPositions - iad=0.063008, left offset=-0.000256851,-0.00102733, right offset=0.000136018,-0.00104481
03-05 17:26:58.691  9292  9319 I Distortion: Created custom distortion mesh.
03-05 17:26:58.691  9292  9319 I VrApi   : ovrModeParms::VRAPI_MODE_FLAG_RESET_WINDOW_FULLSCREEN = 0
03-05 17:26:58.691  9292  9319 I VrApi   : ovrModeParms::VRAPI_MODE_FLAG_NATIVE_WINDOW = 1
03-05 17:26:58.691  9292  9319 I VrApi   : ovrModeParms::VRAPI_MODE_FLAG_FRONT_BUFFER_SRGB = 0
03-05 17:26:58.691  9292  9319 I VrApi   : ovrModeParms::VRAPI_MODE_FLAG_PHASE_SYNC = 0
03-05 17:26:58.691  9292  9319 I VrApi   : ovrModeParms::VRAPI_MODE_FLAG_APP_SPACE_WARP = 0
03-05 17:26:58.691  9292  9319 I VrRuntimeClient: SetPhaseSyncMode 0
03-05 17:26:58.691  9292  9319 I VrApi   : PhaseSync disabled
03-05 17:26:58.691  9292  9319 I VrApi   : HMD sensor attached.
03-05 17:26:58.691  9292  9319 D VrRuntimeClient: pokeGuardianUserServiceForThisClient: com.oculus.xrstreamingclient:10033
03-05 17:26:58.692  9292  9397 W REFLECT [RUNTIMEIPC]: UpdateServerStateValue name:'RigidBodyStates' buffer == nullptr
03-05 17:26:58.693  2769  2769 D VrGuardianUserService: onStartCommandIntent { act=FOREGROUND_CLIENT cmp=com.oculus.guardian/com.oculus.vrguardianservice.VrGuardianUserService (has extras) }
03-05 17:26:58.693  2769  2769 D VrGuardianUserService: maybeSubscribeDeviceConfig
03-05 17:26:58.693  2769  2769 D VrGuardianUserService: onStartCommand FOREGROUND_CLIENT user = 0
03-05 17:26:58.693  2769  2769 D VrGuardianService: setCurrentUser() called with: userId = [0]
03-05 17:26:58.693  2769  2769 I VrGuardianService: nativeSetCurrentUser userid = 0
03-05 17:26:58.693  2769  2769 I GuardianSystem: [GuardianSystem::SetCurrentUser] User ID 0 
03-05 17:26:58.694  9292  9319 D VrRuntimeClient: VrRuntimeClient: getClientWindow: activity client
03-05 17:26:58.695  1254  9329 I VrRuntimeService: RuntimeServiceSDKServer::EnableRendering: 0x79d304da80, 2, com.oculus.xrstreamingclient
03-05 17:26:58.695  1254  9329 I ClientMgr: EnableRendering2: Calling SetFocusedClient: 160176641
03-05 17:26:58.695  1254  9329 I ClientMgr: FocusedClient changed.
03-05 17:26:58.695  1254  9329 I ClientMgr: ClientMgr::SetFocusedClient: 9292:com.oculus.xrstreamingclient type 0
03-05 17:26:58.695  1254  9329 I ClientMgr: SetFocusedPackageName - packageName com.oculus.xrstreamingclient processName com.oculus.xrstreamingclient clientId 160176641 clientPid 9292
03-05 17:26:58.695  1254  9329 I VrRuntimeService: RuntimeIPC: SendFocusChangeEventToAllClients: PostClientEvent SUCCESS: com.oculus.xrstreamingclient:com.oculus.xrstreamingclient:9292, com.oculus.xrstreamingclient, com.oculus.xrstreamingclient
03-05 17:26:58.695  1254  9329 I VrRuntimeService: RuntimeIPC: SendFocusChangeEventToAllClients: PostClientEvent SUCCESS: com.oculus.vrshell:com.oculus.vrshell:3216, com.oculus.xrstreamingclient, com.oculus.xrstreamingclient
03-05 17:26:58.695  1254  9329 I VrRuntimeService: RuntimeIPC: SendFocusChangeEventToAllClients: PostClientEvent SUCCESS: com.oculus.shellenv:com.oculus.shellenv:3168, com.oculus.xrstreamingclient, com.oculus.xrstreamingclient
03-05 17:26:58.695  1254  9329 I VrRuntimeService: RuntimeIPC: SendFocusChangeEventToAllClients: PostClientEvent SUCCESS: com.oculus.vrshell:com.oculus.vrshell:Overlay:2116, com.oculus.xrstreamingclient, com.oculus.xrstreamingclient
03-05 17:26:58.695  1254  9329 I VrRuntimeService: RuntimeIPC: SendFocusChangeEventToAllClients: PostClientEvent SUCCESS: com.oculus.mrservice:com.oculus.mrservice:2915, com.oculus.xrstreamingclient, com.oculus.xrstreamingclient
03-05 17:26:58.695  1254  9329 I VrRuntimeService: RuntimeIPC: SendFocusChangeEventToAllClients: PostClientEvent SUCCESS: com.oculus.guardian:com.oculus.vrguardianservice:2769, com.oculus.xrstreamingclient, com.oculus.xrstreamingclient
03-05 17:26:58.695  1254  9329 I ClientMgr: ClientMgr::EnableRendering 9292:com.oculus.xrstreamingclient : type 0 comp-id 12: enable
03-05 17:26:58.695  1254  9329 I CompositorVR: CheckDebuggerConnected: debugger 0
03-05 17:26:58.695  1254  9329 I VrRuntimeServer: SysProp debug mode is disabled on Server side
03-05 17:26:58.695  1254  9329 I UnifiedTelemetryWrapper: Started UT session render:com.oculus.xrstreamingclient
03-05 17:26:58.696  3500  3500 W OVRLibrary: null cursor received for query content://com.oculus.ocms.library/apps/quick_settings_app
03-05 17:26:58.697  9292  9397 W REFLECT [RUNTIMEIPC]: UpdateServerStateValue name:'RigidBodyStates' buffer == nullptr
03-05 17:26:58.697  9292  9397 W REFLECT [RUNTIMEIPC]: UpdateServerStateValue name:'AnchorStates' buffer == nullptr
03-05 17:26:58.697  1879  2584 I OVRMediaService: onStartCommand Received message type: set_package_name, caller package: no_app_identity, app identify: null
03-05 17:26:58.698  1879  2584 I OVRMediaService: Got package name intent (com.oculus.xrstreamingclient)
03-05 17:26:58.698  9292  9319 I ScreenCaptureHelper: Advertising com.oculus.xrstreamingclient as streamable
03-05 17:26:58.698  1254  9329 I VrRuntimeService: GetSpecialSwapChain: 160176641
03-05 17:26:58.698  9292  9319 I VrApi   : Creating Default swapchain
03-05 17:26:58.698  1254  9329 I VrRuntimeService: GetSpecialSwapChain: 160176641
03-05 17:26:58.698  9292  9319 I VrApi   : Creating Loading Icon swapchain
03-05 17:26:58.698  9292  9319 I VrApi   : OVR::Stats thread started
03-05 17:26:58.698  9292  9319 I XrRuntimeUtils: XrRuntimeUtils::CreateSession
03-05 17:26:58.698  9292  9319 I InputDeviceManager: HANDTRACKING Pointer filter profile changed to: 0
03-05 17:26:58.698  9292  9319 I InputDeviceManager: HANDTRACKING Pointer filter profile changed to: 0
03-05 17:26:58.698  9292  9319 I InputDeviceManager: HANDTRACKING Root pose filter profile changed for (version, freq) to (2, 1) from (1,2)
03-05 17:26:58.698  9292  9319 I VrApi   : Initial BaseVsync 5529 
03-05 17:26:58.698  9292  9319 I XrRuntimeUtils: XrRuntimeUtils::BeginSession
03-05 17:26:58.698  9292  9319 I XrRuntimeSystem_Client: BeginSession
03-05 17:26:58.698  9292  9319 I VrApi   : ---------- vrapi_EnterVrMode [end] ----------
03-05 17:26:58.698  9292  9319 D xrstreaming:       vrapi_EnterVrMode()
03-05 17:26:58.698  9292  9319 I VrApi   : vrapi_SetDisplayRefreshRate: display refresh rate supported 72.000000
03-05 17:26:58.698  9292  9319 I xrstreaming:     vrapi_SetDisplayRefreshRate(72)
03-05 17:26:58.698  9292  9319 D xrstreaming:     vrapi_SetClockLevels(2, 2)
03-05 17:26:58.698  9292  9319 D xrstreaming:     vrapi_SetPerfThread(MAIN, 9319)
03-05 17:26:58.698  9292  9319 I xrstreaming: AudioPlayer::start()
03-05 17:26:58.698  9292  9319 I xrstreaming: AudioPlayer: start()
03-05 17:26:58.699  9292  9319 I xrstreaming: oculus_pc_xrs_audio_player_start
03-05 17:26:58.701  1304  1304 V AvrcpMediaPlayerList: onPlaybackConfigChanged(): Configs list size=10
03-05 17:26:58.702  1254  2384 I ClientMgr: Non-overlay clients rendering status has changed: prev=86, curr=87, enabled=1
03-05 17:26:58.702  1254  2384 I ClientMgr: Primary Client is not valid.
03-05 17:26:58.702  1254  2384 I ClientMgr: Primary client determined to be the current enabled client 160176641
03-05 17:26:58.702  1254  2384 I ClientMgr: ClientMgr::SetPrimaryCompositorClient: 9292:com.oculus.xrstreamingclient
03-05 17:26:58.702  9292  9397 W REFLECT [RUNTIMEIPC]: UpdateServerStateValue name:'RigidBodyStates' buffer == nullptr
03-05 17:26:58.703  1254  2384 W ClientMgr: ClientMgr::GetClientPermissionFlagsById: Client missing proper permissions: com.oculus.xrstreamingclient, 2
03-05 17:26:58.703  1254  2384 I CompositorClientMgr: Enable client 12
03-05 17:26:58.703  1254  2384 I VrRuntimeServer: EnableCompositorClient client(12): layer placement(0) flags(1) sm(0x79845dd010)
03-05 17:26:58.703  1254  2384 I ClientMgr: SetPrimaryPackageName - packageName com.oculus.xrstreamingclient processName com.oculus.xrstreamingclient clientId 160176641 clientPid 9292
03-05 17:26:58.703  1254  2384 I ServiceInputManager: ServiceInputManager::SetPrimaryPackageName 'com.oculus.xrstreamingclient' 'com.oculus.xrstreamingclient'  updated AnytimeUI processname 1
03-05 17:26:58.703  1254  2384 I VrRuntimeService: RuntimeIPC: SendPrimaryPackageChangeEvent: PostClientEvent SUCCESS: com.oculus.xrstreamingclient:com.oculus.xrstreamingclient:9292, com.oculus.xrstreamingclient, com.oculus.xrstreamingclient
03-05 17:26:58.703  1254  2384 I VrRuntimeService: RuntimeIPC: SendPrimaryPackageChangeEvent: PostClientEvent SUCCESS: com.oculus.vrshell:com.oculus.vrshell:3216, com.oculus.xrstreamingclient, com.oculus.xrstreamingclient
03-05 17:26:58.703  1254  2384 I VrRuntimeService: RuntimeIPC: SendPrimaryPackageChangeEvent: PostClientEvent SUCCESS: com.oculus.shellenv:com.oculus.shellenv:3168, com.oculus.xrstreamingclient, com.oculus.xrstreamingclient
03-05 17:26:58.703  1254  2384 I VrRuntimeService: RuntimeIPC: SendPrimaryPackageChangeEvent: PostClientEvent SUCCESS: com.oculus.vrshell:com.oculus.vrshell:Overlay:2116, com.oculus.xrstreamingclient, com.oculus.xrstreamingclient
03-05 17:26:58.703  1254  2384 I VrRuntimeService: RuntimeIPC: SendPrimaryPackageChangeEvent: PostClientEvent SUCCESS: com.oculus.mrservice:com.oculus.mrservice:2915, com.oculus.xrstreamingclient, com.oculus.xrstreamingclient
03-05 17:26:58.703  1254  2384 I VrRuntimeService: RuntimeIPC: SendPrimaryPackageChangeEvent: PostClientEvent SUCCESS: com.oculus.guardian:com.oculus.vrguardianservice:2769, com.oculus.xrstreamingclient, com.oculus.xrstreamingclient
03-05 17:26:58.703  1254  2384 D VrRuntimeService: sendPrimaryPackageChangeBroadcast
03-05 17:26:58.705  2116  2641 I [OAO] ShellOverlayApp: 0xc3b02b28 msg: overlayCommand:
03-05 17:26:58.705  2116  2641 I [OAO] ShellOverlayApp: command = topActivityChanged
03-05 17:26:58.705  2116  2641 I [OAO] ShellOverlayApp: topActivity = com.oculus.xrstreamingclient
03-05 17:26:58.705  2116  2641 I [OAO] ShellOverlayApp: Process_OverlayCommand command : topActivityChanged
03-05 17:26:58.705  2116  2641 I [OAO] ShellOverlayApp: Process_OverlayCommand unknown command received: topActivityChanged
03-05 17:26:58.705  3216  3216 D [SEO] BaseOverlayService: screenStateReceiver Received broadcast: com.oculus.vrshell.intent.action.PRIMARY_PACKAGE_CHANGED
03-05 17:26:58.705  1254  2384 I UnifiedTelemetryWrapper: Setting destination as com.oculus.xrstreamingclient
03-05 17:26:58.705  1254  2384 I AADT    : SetAADTLutDataX: 130
03-05 17:26:58.705  1254  2384 I AADT    : SetAADTLutDataY: 65
03-05 17:26:58.705  1254  2384 I ServiceInputManager: InhibitHandleHomeKeyFull has changed on the service. New value: 1
03-05 17:26:58.705  1254  2384 I ServiceInputManager: DEADRECKONING deadReckoning mode on ClientMgr from server is 0
03-05 17:26:58.705  2116  2116 D [OAO] BaseOverlayService: screenStateReceiver Received broadcast: com.oculus.vrshell.intent.action.PRIMARY_PACKAGE_CHANGED
03-05 17:26:58.705  2116  2116 I [OAO] ShellOverlayServiceJNI: NativeSendOverlayCommand
03-05 17:26:58.705  2116  2116 I [OAO] ShellOverlayServiceJNI: NativeWake
03-05 17:26:58.705  2116  2116 I [OAO] ShellOverlayMain: WakeVrThread
03-05 17:26:58.705  2116  2116 I [OAO] ShellOverlayMain: WakeVrThread - notifying vr thread
03-05 17:26:58.705  1254  2384 I PerformanceManager_V0: SetClockLevels: Force releasing clocks
03-05 17:26:58.705  1254  2384 I PerformanceManager_V0: SetClockLevels: Apply pending clock request change: 2,4 -> -1,-1
03-05 17:26:58.705  1254  2375 I Clocks  : ReleaseClocks - start
03-05 17:26:58.706  1254  2375 I Clocks  : ReleaseClocks - end (0.5 ms)
03-05 17:26:58.708  9292 11187 D VrApi   : targetSDKVersion 29
03-05 17:26:58.708  9292  9397 W REFLECT [RUNTIMEIPC]: UpdateServerStateValue name:'RigidBodyStates' buffer == nullptr
03-05 17:26:58.709  1254 10864 I AADT    : SetAADTLutDataX. Thread. SizeX: 130
03-05 17:26:58.709  1254 10864 I AADT    : LAYER_PROGRAM_OPTION_AADT_1D_LUT lut's CREATED
03-05 17:26:58.709  1254 10864 I chatty  : uid=10025(com.oculus.systemdriver) OVR::TimeWarp identical 1 line
03-05 17:26:58.709  1254 10864 I AADT    : LAYER_PROGRAM_OPTION_AADT_1D_LUT lut's CREATED
03-05 17:26:58.709  1254 10864 I AADT    : SetAADTLutDataY. Thread. SizeY: 65
03-05 17:26:58.710  1254 10864 I AADT    : LAYER_PROGRAM_OPTION_AADT_1D_LUT lut's CREATED
03-05 17:26:58.710  9292 11187 D VrApi   : VrApi::isWifiConnected exception: Make sure android.permission.ACCESS_NETWORK_STATE is set in the manifest.
03-05 17:26:58.711  9292 11187 I JniUtils: ovr_GetCurrentPackageSignature 
03-05 17:26:58.712  9292 11187 I Metrics : device name = Oculus Quest 2
03-05 17:26:58.713  9292  9397 W REFLECT [RUNTIMEIPC]: UpdateServerStateValue name:'RigidBodyStates' buffer == nullptr
03-05 17:26:58.713  2769  2987 I GuardianSystem: [GuardianSystem::InitializeRuntimeEventHandlers] runtimeServiceSDKClient_.ForceShowGuardianEvent
03-05 17:26:58.714  2769  2987 I GuardianSystem: ForceShowGuardian: false, 0.00
