03-06 19:04:38.097 13113 13163 W [CT]    : SlamAnchorMemoryRuntimeIpcServer: getAnchorStates failed
03-06 19:04:38.097 13113 13163 W [CT]    : SlamAnchorMemoryRuntimeIpcServerThread: AnchorStates update failure.
03-06 19:04:38.120 13113 13225 E OsSdk   : error getting shared memory region, memory type: HeadTracker, failed with Status(-1, EX_SECURITY): 'requested shared memory region when not registered/focused'
03-06 19:04:38.141 13113 13163 E OsSdk   : error getting shared memory region, memory type: HeadTracker, failed with Status(-1, EX_SECURITY): 'requested shared memory region when not registered/focused'
03-06 19:04:38.141 13113 13163 W [CT]    : SlamAnchorMemoryRuntimeIpcServer: HeadTracker::getState failed
03-06 19:04:38.141 13113 13163 W [CT]    : SlamAnchorMemoryRuntimeIpcServerThread: RigidBodyStates update failure.
03-06 19:04:38.165 13113 13225 E OsSdk   : error getting shared memory region, memory type: HeadTracker, failed with Status(-1, EX_SECURITY): 'requested shared memory region when not registered/focused'
03-06 19:04:38.186 13113 13163 E OsSdk   : error getting shared memory region, memory type: HeadTracker, failed with Status(-1, EX_SECURITY): 'requested shared memory region when not registered/focused'
03-06 19:04:38.186 13113 13163 W [CT]    : SlamAnchorMemoryRuntimeIpcServer: HeadTracker::getState failed
03-06 19:04:38.186 13113 13163 W [CT]    : SlamAnchorMemoryRuntimeIpcServerThread: RigidBodyStates update failure.
03-06 19:04:38.211 13113 13225 E OsSdk   : error getting shared memory region, memory type: HeadTracker, failed with Status(-1, EX_SECURITY): 'requested shared memory region when not registered/focused'
03-06 19:04:38.231   841  1547 I chatty  : uid=1000(system) Binder:841_4 identical 6 lines
03-06 19:04:38.232 13113 13163 E OsSdk   : error getting shared memory region, memory type: HeadTracker, failed with Status(-1, EX_SECURITY): 'requested shared memory region when not registered/focused'
03-06 19:04:38.232 13113 13163 W [CT]    : SlamAnchorMemoryRuntimeIpcServer: HeadTracker::getState failed
03-06 19:04:38.232 13113 13163 W [CT]    : SlamAnchorMemoryRuntimeIpcServerThread: RigidBodyStates update failure.
03-06 19:04:38.256   841  1547 W TrackingService: attachClient: found client in attached list
03-06 19:04:38.257 13113 13225 E OsSdk   : error getting shared memory region, memory type: HeadTracker, failed with Status(-1, EX_SECURITY): 'requested shared memory region when not registered/focused'
03-06 19:04:38.257   841   841 W TrackingService: attachClient: found client in attached list
03-06 19:04:38.258 13113 13225 E OsSdk   : error getting shared memory region, memory type: AnchorTracker, failed with Status(-1, EX_SECURITY): 'requested shared memory region when not registered/focused'
03-06 19:04:38.278 13113 13163 E OsSdk   : error getting shared memory region, memory type: HeadTracker, failed with Status(-1, EX_SECURITY): 'requested shared memory region when not registered/focused'
03-06 19:04:38.278 13113 13163 W [CT]    : SlamAnchorMemoryRuntimeIpcServer: HeadTracker::getState failed
03-06 19:04:38.278 13113 13163 W [CT]    : SlamAnchorMemoryRuntimeIpcServerThread: RigidBodyStates update failure.
03-06 19:04:38.303 13113 13225 E OsSdk   : error getting shared memory region, memory type: HeadTracker, failed with Status(-1, EX_SECURITY): 'requested shared memory region when not registered/focused'
03-06 19:04:38.323 13113 13163 E OsSdk   : error getting shared memory region, memory type: HeadTracker, failed with Status(-1, EX_SECURITY): 'requested shared memory region when not registered/focused'
03-06 19:04:38.323 13113 13163 W [CT]    : SlamAnchorMemoryRuntimeIpcServer: HeadTracker::getState failed
03-06 19:04:38.323 13113 13163 W [CT]    : SlamAnchorMemoryRuntimeIpcServerThread: RigidBodyStates update failure.
03-06 19:04:38.349   841   841 I chatty  : uid=1000(system) /system/bin/trackingservice identical 4 lines
03-06 19:04:38.349 13113 13225 E OsSdk   : error getting shared memory region, memory type: HeadTracker, failed with Status(-1, EX_SECURITY): 'requested shared memory region when not registered/focused'
03-06 19:04:38.366   841   841 W TrackingService: attachClient: found client in attached list
03-06 19:04:38.367 13113 13163 E OsSdk   : error getting shared memory region, memory type: HeadTracker, failed with Status(-1, EX_SECURITY): 'requested shared memory region when not registered/focused'
03-06 19:04:38.367 13113 13163 W [CT]    : SlamAnchorMemoryRuntimeIpcServer: HeadTracker::getState failed
03-06 19:04:38.367 13113 13163 W [CT]    : SlamAnchorMemoryRuntimeIpcServerThread: RigidBodyStates update failure.
03-06 19:04:38.367   841  1547 W TrackingService: attachClient: found client in attached list
03-06 19:04:38.368 13113 13163 E OsSdk   : error getting shared memory region, memory type: AnchorTracker, failed with Status(-1, EX_SECURITY): 'requested shared memory region when not registered/focused'
03-06 19:04:38.368 13113 13163 W [CT]    : SlamAnchorMemoryRuntimeIpcServer: getAnchorStates failed
03-06 19:04:38.368 13113 13163 W [CT]    : SlamAnchorMemoryRuntimeIpcServerThread: AnchorStates update failure.
03-06 19:04:38.395 13113 13225 E OsSdk   : error getting shared memory region, memory type: HeadTracker, failed with Status(-1, EX_SECURITY): 'requested shared memory region when not registered/focused'
03-06 19:04:38.412 13113 13163 E OsSdk   : error getting shared memory region, memory type: HeadTracker, failed with Status(-1, EX_SECURITY): 'requested shared memory region when not registered/focused'
03-06 19:04:38.412 13113 13163 W [CT]    : SlamAnchorMemoryRuntimeIpcServer: HeadTracker::getState failed
03-06 19:04:38.412 13113 13163 W [CT]    : SlamAnchorMemoryRuntimeIpcServerThread: RigidBodyStates update failure.
03-06 19:04:38.431 23256 23312 I systemutilitie: Waiting for a blocking GC Alloc
03-06 19:04:38.441 13113 13225 E OsSdk   : error getting shared memory region, memory type: HeadTracker, failed with Status(-1, EX_SECURITY): 'requested shared memory region when not registered/focused'
03-06 19:04:38.456 13113 13163 E OsSdk   : error getting shared memory region, memory type: HeadTracker, failed with Status(-1, EX_SECURITY): 'requested shared memory region when not registered/focused'
03-06 19:04:38.456 13113 13163 W [CT]    : SlamAnchorMemoryRuntimeIpcServer: HeadTracker::getState failed
03-06 19:04:38.456 13113 13163 W [CT]    : SlamAnchorMemoryRuntimeIpcServerThread: RigidBodyStates update failure.
03-06 19:04:38.484 13113 13225 E OsSdk   : error getting shared memory region, memory type: HeadTracker, failed with Status(-1, EX_SECURITY): 'requested shared memory region when not registered/focused'
03-06 19:04:38.499 13113 13163 E OsSdk   : error getting shared memory region, memory type: HeadTracker, failed with Status(-1, EX_SECURITY): 'requested shared memory region when not registered/focused'
03-06 19:04:38.499 13113 13163 W [CT]    : SlamAnchorMemoryRuntimeIpcServer: HeadTracker::getState failed
03-06 19:04:38.499 13113 13163 W [CT]    : SlamAnchorMemoryRuntimeIpcServerThread: RigidBodyStates update failure.
03-06 19:04:38.526 13113 13225 E OsSdk   : error getting shared memory region, memory type: HeadTracker, failed with Status(-1, EX_SECURITY): 'requested shared memory region when not registered/focused'
03-06 19:04:38.527 13113 13225 E OsSdk   : error getting shared memory region, memory type: AnchorTracker, failed with Status(-1, EX_SECURITY): 'requested shared memory region when not registered/focused'
03-06 19:04:38.543 13113 13163 E OsSdk   : error getting shared memory region, memory type: HeadTracker, failed with Status(-1, EX_SECURITY): 'requested shared memory region when not registered/focused'
03-06 19:04:38.544 13113 13163 W [CT]    : SlamAnchorMemoryRuntimeIpcServer: HeadTracker::getState failed
03-06 19:04:38.544 13113 13163 W [CT]    : SlamAnchorMemoryRuntimeIpcServerThread: RigidBodyStates update failure.
03-06 19:04:38.569 13113 13225 E OsSdk   : error getting shared memory region, memory type: HeadTracker, failed with Status(-1, EX_SECURITY): 'requested shared memory region when not registered/focused'
03-06 19:04:38.588 13113 13163 E OsSdk   : error getting shared memory region, memory type: HeadTracker, failed with Status(-1, EX_SECURITY): 'requested shared memory region when not registered/focused'
03-06 19:04:38.588 13113 13163 W [CT]    : SlamAnchorMemoryRuntimeIpcServer: HeadTracker::getState failed
03-06 19:04:38.588 13113 13163 W [CT]    : SlamAnchorMemoryRuntimeIpcServerThread: RigidBodyStates update failure.
03-06 19:04:38.611   841  1547 I chatty  : uid=1000(system) Binder:841_4 identical 12 lines
03-06 19:04:38.611 13113 13225 E OsSdk   : error getting shared memory region, memory type: HeadTracker, failed with Status(-1, EX_SECURITY): 'requested shared memory region when not registered/focused'
03-06 19:04:38.628   841  1547 W TrackingService: attachClient: found client in attached list
03-06 19:04:38.629 13113 13163 E OsSdk   : error getting shared memory region, memory type: HeadTracker, failed with Status(-1, EX_SECURITY): 'requested shared memory region when not registered/focused'
03-06 19:04:38.629 13113 13163 W [CT]    : SlamAnchorMemoryRuntimeIpcServer: HeadTracker::getState failed
03-06 19:04:38.629 13113 13163 W [CT]    : SlamAnchorMemoryRuntimeIpcServerThread: RigidBodyStates update failure.
03-06 19:04:38.629   841   841 W TrackingService: attachClient: found client in attached list
03-06 19:04:38.630 13113 13163 E OsSdk   : error getting shared memory region, memory type: AnchorTracker, failed with Status(-1, EX_SECURITY): 'requested shared memory region when not registered/focused'
03-06 19:04:38.630 13113 13163 W [CT]    : SlamAnchorMemoryRuntimeIpcServer: getAnchorStates failed
03-06 19:04:38.630 13113 13163 W [CT]    : SlamAnchorMemoryRuntimeIpcServerThread: AnchorStates update failure.
03-06 19:04:38.651 13113 13187 D xrstreaming: receive ping: org 0 recv 0 xmt 31906042421800 (received at 23828776140641), offset divergence 7253
03-06 19:04:38.656 13113 13225 E OsSdk   : error getting shared memory region, memory type: HeadTracker, failed with Status(-1, EX_SECURITY): 'requested shared memory region when not registered/focused'
03-06 19:04:38.676 13113 13163 E OsSdk   : error getting shared memory region, memory type: HeadTracker, failed with Status(-1, EX_SECURITY): 'requested shared memory region when not registered/focused'
03-06 19:04:38.676 13113 13163 W [CT]    : SlamAnchorMemoryRuntimeIpcServer: HeadTracker::getState failed
03-06 19:04:38.676 13113 13163 W [CT]    : SlamAnchorMemoryRuntimeIpcServerThread: RigidBodyStates update failure.
03-06 19:04:38.696 13113 13225 E OsSdk   : error getting shared memory region, memory type: HeadTracker, failed with Status(-1, EX_SECURITY): 'requested shared memory region when not registered/focused'
03-06 19:04:38.718 13113 13163 E OsSdk   : error getting shared memory region, memory type: HeadTracker, failed with Status(-1, EX_SECURITY): 'requested shared memory region when not registered/focused'
03-06 19:04:38.718 13113 13163 W [CT]    : SlamAnchorMemoryRuntimeIpcServer: HeadTracker::getState failed
03-06 19:04:38.718 13113 13163 W [CT]    : SlamAnchorMemoryRuntimeIpcServerThread: RigidBodyStates update failure.
03-06 19:04:38.741 13113 13225 E OsSdk   : error getting shared memory region, memory type: HeadTracker, failed with Status(-1, EX_SECURITY): 'requested shared memory region when not registered/focused'
03-06 19:04:38.764 13113 13163 E OsSdk   : error getting shared memory region, memory type: HeadTracker, failed with Status(-1, EX_SECURITY): 'requested shared memory region when not registered/focused'
03-06 19:04:38.764 13113 13163 W [CT]    : SlamAnchorMemoryRuntimeIpcServer: HeadTracker::getState failed
03-06 19:04:38.764 13113 13163 W [CT]    : SlamAnchorMemoryRuntimeIpcServerThread: RigidBodyStates update failure.
