12-23 19:11:14.650  1049  1070 I ActivityTaskManager: Override config changes=20005df8 {0.0 ?mcc?mnc ?localeList ?layoutDir sw500dp w800dp h500dp 200dpi lrg land ?uimode ?night -touch qwerty/v/v -nav/h winConfig={ mBounds=Rect(0, 0 - 1000, 625) mAppBounds=Rect(0, 0 - 1000, 625) mWindowingMode=fullscreen mDisplayWindowingMode=fullscreen mActivityType=undefined mAlwaysOnTop=undefined mRotation=ROTATION_0}} for displayId=64
12-23 19:11:14.657   869  1760 W TrackingService: attachClient: found client in attached list
12-23 19:11:14.658  6246  6344 E OsSdk   : error getting shared memory region, memory type: HeadTracker, failed with Status(-1, EX_SECURITY): 'requested shared memory region when not registered/focused'
12-23 19:11:14.660  3008  3564 I VrGuardianService: GuardianSDKServer::SetGuardianHitDialog2 1
12-23 19:11:14.665  2194  2194 I FileCapture: broadcast capture state to AUI running = false, with mode -1
12-23 19:11:14.668  1408  9020 I CompositorProgs: loaded binary layerProgram 0:0x100100048081:0x0 in 0.8 ms
12-23 19:11:14.671  1408  9020 I CompositorProgs: [0x75392d1ef8] Built layerProgram 0:0x100000048002:0x0 in 2.4 ms
12-23 19:11:14.671  1408  2744 I VrRuntimeService: CreateSwapChain: 3657042480
12-23 19:11:14.671  1408  2744 I VrRuntimeService: CreateSwapChain: api:gles 0 0x8c43 60 60 6 1 1 0 3
12-23 19:11:14.671  1408  2744 I VrRuntimeServer: CreateTextureSwapChain: result importswapchaingles 1
12-23 19:11:14.676  1408  2744 I VrRuntimeService: UpdateSwapChainSamplerState: 224
12-23 19:11:14.676  1408  2744 I VrRuntimeService: UpdateSwapChainSamplerState: minFilter=1 magFilter=1 wrapModeS=3 warpModeT=3 maxAniso=1.000000 border={0.000000,0.000000,0.000000,0.000000} swizzle={0,1,2,3}
12-23 19:11:14.676  1049  1163 W ActivityManager: Unable to start service Intent { act=com.oculus.presence.StablePresenceService cmp=com.oculus.presence/.services.presence.PresenceService } U=0: not found
12-23 19:11:14.681  3566  5468 I chatty  : uid=10026(com.oculus.systemux) pool-14-thread- expire 6 lines
12-23 19:11:14.681  2194  2194 I OVRMediaServiceManager: Metacam is not enabled.
12-23 19:11:14.683  3566  5001 I chatty  : uid=10026(com.oculus.systemux) pool-14-thread- expire 3 lines
12-23 19:11:14.694  3566  3588 I chatty  : uid=10026(com.oculus.systemux) FinalizerDaemon expire 8 lines
12-23 19:11:14.695  1461  1461 V AvrcpMediaPlayerList: onPlaybackConfigChanged(): Configs list size=8
12-23 19:11:14.696  1408  9020 I CompositorProgs: loaded binary layerProgram 0:0x100000048003:0x0 in 0.7 ms
12-23 19:11:14.702  3566  4926 I chatty  : uid=10026(com.oculus.systemux) Binder:3566_6 expire 4 lines
12-23 19:11:14.704  6246  6344 E OsSdk   : error getting shared memory region, memory type: HeadTracker, failed with Status(-1, EX_SECURITY): 'requested shared memory region when not registered/focused'
12-23 19:11:14.706  3566  9193 I chatty  : uid=10026 com.oculus.systemux:SystemUX expire 2 lines
12-23 19:11:14.709  1408  2744 I VrRuntimeService: UpdateSwapChainSamplerState: 223
12-23 19:11:14.709  1408  2744 I VrRuntimeService: UpdateSwapChainSamplerState: minFilter=1 magFilter=1 wrapModeS=3 warpModeT=3 maxAniso=1.000000 border={0.000000,0.000000,0.000000,0.000000} swizzle={0,1,2,3}
12-23 19:11:14.710  1408  2744 I VrRuntimeService: UpdateAndroidSurfaceSwapChainDimensions: 223: 1000x625
12-23 19:11:14.718  1049  1070 I DisplayManagerService: Display device changed state: "com.oculus.android_panel_app.AndroidPanelLayer-#main", ON
12-23 19:11:14.722  1049  1065 E WindowManager: App trying to use insecure INPUT_FEATURE_NO_INPUT_CHANNEL flag. Ignoring
12-23 19:11:14.749   869  1760 I chatty  : uid=1000(system) Binder:869_4 identical 2 lines
12-23 19:11:14.750  6246  6344 E OsSdk   : error getting shared memory region, memory type: HeadTracker, failed with Status(-1, EX_SECURITY): 'requested shared memory region when not registered/focused'
12-23 19:11:14.766   869  1760 W TrackingService: attachClient: found client in attached list
12-23 19:11:14.767  6246  6344 E OsSdk   : error getting shared memory region, memory type: HeadTracker, failed with Status(-1, EX_SECURITY): 'requested shared memory region when not registered/focused'
12-23 19:11:14.767   869  1173 W TrackingService: attachClient: found client in attached list
12-23 19:11:14.768  6246  6344 E OsSdk   : error getting shared memory region, memory type: AnchorTracker, failed with Status(-1, EX_SECURITY): 'requested shared memory region when not registered/focused'
12-23 19:11:14.814  6246  6344 E OsSdk   : error getting shared memory region, memory type: HeadTracker, failed with Status(-1, EX_SECURITY): 'requested shared memory region when not registered/focused'
12-23 19:11:14.860  6246  6344 E OsSdk   : error getting shared memory region, memory type: HeadTracker, failed with Status(-1, EX_SECURITY): 'requested shared memory region when not registered/focused'
12-23 19:11:14.892  1408  2744 I VrRuntimeService: DestroySwapChain: swapchain=224
12-23 19:11:14.904  1408  9020 I SwapChain_Surface: AttachSurfaceSwapChainGLES: 0x74467c3000 with SurfaceTexture 0x2a26 attached on init
12-23 19:11:14.905  1408  9020 I CompositorProgs: loaded binary layerProgram 1:0x100000048003:0x0 in 0.7 ms
12-23 19:11:14.907  6246  6344 E OsSdk   : error getting shared memory region, memory type: HeadTracker, failed with Status(-1, EX_SECURITY): 'requested shared memory region when not registered/focused'
12-23 19:11:14.919  1408  9020 I CompositorProgs: loaded binary layerProgram 0:0x100000048001:0x0 in 0.7 ms
12-23 19:11:14.944  3566  9198 I chatty  : uid=10026(com.oculus.systemux) OkHttp Dispatch expire 2 lines
12-23 19:11:14.952  1613  9195 W ContextImpl: Calling a method in the system process without a qualified user: android.app.ContextImpl.sendBroadcast:1057 android.content.ContextWrapper.sendBroadcast:448 X.nz.A00:133 X.nY.A00:17 X.nY.handleMessage:91 
12-23 19:11:14.955  6246  6344 E OsSdk   : error getting shared memory region, memory type: HeadTracker, failed with Status(-1, EX_SECURITY): 'requested shared memory region when not registered/focused'
12-23 19:11:14.999   869  1173 I chatty  : uid=1000(system) Binder:869_3 identical 5 lines
12-23 19:11:15.044   869  1173 W TrackingService: attachClient: found client in attached list
12-23 19:11:15.044  6246  6344 E OsSdk   : error getting shared memory region, memory type: HeadTracker, failed with Status(-1, EX_SECURITY): 'requested shared memory region when not registered/focused'
12-23 19:11:15.045   869  1760 W TrackingService: attachClient: found client in attached list
12-23 19:11:15.045  6246  6344 E OsSdk   : error getting shared memory region, memory type: AnchorTracker, failed with Status(-1, EX_SECURITY): 'requested shared memory region when not registered/focused'
12-23 19:11:15.066  3566  9202 I chatty  : uid=10026(com.oculus.systemux) OkHttp Dispatch expire 2 lines
12-23 19:11:15.071  3566  9203 I chatty  : uid=10026(com.oculus.systemux) OkHttp Dispatch expire 2 lines
12-23 19:11:15.091  6246  6344 E OsSdk   : error getting shared memory region, memory type: HeadTracker, failed with Status(-1, EX_SECURITY): 'requested shared memory region when not registered/focused'
12-23 19:11:15.133  6246  6344 E OsSdk   : error getting shared memory region, memory type: HeadTracker, failed with Status(-1, EX_SECURITY): 'requested shared memory region when not registered/focused'
12-23 19:11:15.139  1613  9204 W ContextImpl: Calling a method in the system process without a qualified user: android.app.ContextImpl.sendBroadcast:1057 android.content.ContextWrapper.sendBroadcast:448 X.nz.A00:133 X.nY.A00:17 X.nY.handleMessage:91 
12-23 19:11:15.144  8828  8936 I VrApi   : FPS=72/72,Prd=47ms,Tear=0,Early=72,Stale=0,VSnc=1,Lat=1,Fov=0,CPU4/GPU=2/3,2419/525MHz,OC=FF,TA=0/70/70,SP=N/F/F,Mem=2092MHz,Free=2373MB,PLS=0,Temp=25.2C/0.0C,TW=0.79ms,App=2.52ms,GD=0.00ms,CPU&GPU=5.34ms,LCnt=1(DR72,LM0),GPU%=0.26,CPU%=0.26(W0.29),DSF=1.00,CFL=19.60/21.43
12-23 19:11:15.174  6246  6344 E OsSdk   : error getting shared memory region, memory type: HeadTracker, failed with Status(-1, EX_SECURITY): 'requested shared memory region when not registered/focused'
12-23 19:11:15.218  6246  6344 E OsSdk   : error getting shared memory region, memory type: HeadTracker, failed with Status(-1, EX_SECURITY): 'requested shared memory region when not registered/focused'
12-23 19:11:15.260   869  1760 I chatty  : uid=1000(system) Binder:869_4 identical 5 lines
12-23 19:11:15.304   869  1760 W TrackingService: attachClient: found client in attached list
12-23 19:11:15.305  6246  6344 E OsSdk   : error getting shared memory region, memory type: HeadTracker, failed with Status(-1, EX_SECURITY): 'requested shared memory region when not registered/focused'
12-23 19:11:15.305   869  1173 W TrackingService: attachClient: found client in attached list
12-23 19:11:15.305  6246  6344 E OsSdk   : error getting shared memory region, memory type: AnchorTracker, failed with Status(-1, EX_SECURITY): 'requested shared memory region when not registered/focused'
12-23 19:11:15.309  1613  9206 W ContextImpl: Calling a method in the system process without a qualified user: android.app.ContextImpl.sendBroadcast:1057 android.content.ContextWrapper.sendBroadcast:448 X.nz.A00:133 X.nY.A00:17 X.nY.handleMessage:91 
12-23 19:11:15.317  6246  6312 D xrstreaming: receive ping: org 0 recv 0 xmt 25106912980300 (received at 1663904769676), offset divergence -91795
12-23 19:11:15.345  6246  6344 E OsSdk   : error getting shared memory region, memory type: HeadTracker, failed with Status(-1, EX_SECURITY): 'requested shared memory region when not registered/focused'
12-23 19:11:15.488   869  1173 I chatty  : uid=1000(system) Binder:869_3 identical 5 lines
12-23 19:11:15.489  6246  6344 E OsSdk   : error getting shared memory region, memory type: HeadTracker, failed with Status(-1, EX_SECURITY): 'requested shared memory region when not registered/focused'
12-23 19:11:15.511   869  9042 I [CT]    : VIPER: Mode=SuperVega,Status=6DoF,TRACKING,Inl=25,Mem=79.0,Jit=0.2mm,Issues(Cam/min=0.0,IMU/min=0.0),Exp=(14.0ms,g=15.0,I=45,Ir=217.5)(14.0ms,g=15.0,I=75,Ir=361.1)(14.0ms,g=15.0,I=98,Ir=467.5)(9.9ms,g=13.0,I=75,Ir=585.2)
12-23 19:11:15.511   869  9042 W [CT]    : VIPER: Images too dark, 
12-23 19:11:15.535   869  1173 W TrackingService: attachClient: found client in attached list
12-23 19:11:15.536  6246  6344 E OsSdk   : error getting shared memory region, memory type: HeadTracker, failed with Status(-1, EX_SECURITY): 'requested shared memory region when not registered/focused'
12-23 19:11:15.536   869  1760 W TrackingService: attachClient: found client in attached list
12-23 19:11:15.537  6246  6344 E OsSdk   : error getting shared memory region, memory type: AnchorTracker, failed with Status(-1, EX_SECURITY): 'requested shared memory region when not registered/focused'
12-23 19:11:15.582  6246  6344 E OsSdk   : error getting shared memory region, memory type: HeadTracker, failed with Status(-1, EX_SECURITY): 'requested shared memory region when not registered/focused'
12-23 19:11:15.619  1049  1623 I ActivityTaskManager: START u0 {act=android.intent.action.MAIN cat=[android.intent.category.LAUNCHER] flg=0x10010000 pkg=com.oculus.vrshell cmp=com.oculus.vrshell/.MainActivity (has extras)} from uid 10020
12-23 19:11:15.625  6246  6344 E OsSdk   : error getting shared memory region, memory type: HeadTracker, failed with Status(-1, EX_SECURITY): 'requested shared memory region when not registered/focused'
12-23 19:11:15.627  8828  8828 D UE4     : [GameActivity] onPause: stop memory reporter runnable
12-23 19:11:15.627  8828  8859 D UE4     : Case APP_CMD_PAUSE
12-23 19:11:15.627  8828  8859 D UE4     : [2022.12.23-19.11.15:627][444]LogAndroid: Case APP_CMD_PAUSE
12-23 19:11:15.627  8828  8859 D UE4     : LogAndroidEvents::EnqueueAppEvent : 6, [width=-1, height=-1], tid = 8859, APP_EVENT_STATE_ON_PAUSE
12-23 19:11:15.627  8828  8859 D UE4     : [2022.12.23-19.11.15:627][444]LogAndroid: event thread, suspending app, acquiring HW window lock.
12-23 19:11:15.627  8828  8859 D UE4     : LogAndroidEvents::EnqueueAppEvent : 15, [width=-1, height=-1], tid = 8859, APP_EVENT_RUN_CALLBACK
12-23 19:11:15.627  8828  8859 D UE4     : [2022.12.23-19.11.15:627][444]LogAndroid: AndroidEGL::  SuspendApp_EventThread, waiting for event manager to process. tid: 8859
12-23 19:11:15.627  8828  8828 D UE4     : [GameActivity] ==============> GameActive.onPause complete!
12-23 19:11:15.629  1049  1065 W InputReader: Device has associated, but no associated display id.
12-23 19:11:15.629  8828  8858 D UE4     : [2022.12.23-19.11.15:629][444]LogAndroidEvents: Display: LogAndroidEvents::DequeueAppEvent : 6, [width=-1, height=-1], APP_EVENT_STATE_ON_PAUSE
12-23 19:11:15.629  8828  8858 D UE4     : FAppEventManager::Tick processing, 6
12-23 19:11:15.629  8828  8858 D UE4     : [2022.12.23-19.11.15:629][444]LogVulkanRHI: FVulkanPipelineStateCacheManager: skipped saving because we only save if the PSOFC based one failed to load.
12-23 19:11:15.629  8828  8858 D UE4     : [2022.12.23-19.11.15:629][444]LogAndroidEvents: Display: LogAndroidEvents::DequeueAppEvent : 15, [width=-1, height=-1], APP_EVENT_RUN_CALLBACK
12-23 19:11:15.629  8828  8858 D UE4     : FAppEventManager::Tick processing, 15
12-23 19:11:15.629  8828  8858 D UE4     : [2022.12.23-19.11.15:629][444]LogAndroidEvents: Display: Event thread callback running.
12-23 19:11:15.629  8828  8858 D UE4     : [2022.12.23-19.11.15:629][444]LogAndroid: performing app backgrounding callback. 0xaad88a30
12-23 19:11:15.637   745  7987 D AF::RecordHandle: OpRecordAudio: track:84 uid:10032 pkg:com.oculus.horizon usage:0 not muted
12-23 19:11:15.637   745  4517 D AF::RecordHandle: OpRecordAudio: track:71 uid:10033 pkg:com.oculus.xrstreamingclient usage:0 muted
12-23 19:11:15.639   745  1764 D AF::RecordHandle: OpRecordAudio: track:56 uid:10014 pkg:com.oculus.shellenv usage:0 muted
12-23 19:11:15.639  1408  1408 D VrRuntimeService: onForegroundActivitiesChanged: pid=2735, uid=10020, hasForegroundActivities=true
12-23 19:11:15.645  1049  1066 I ActivityTaskManager: START u0 {act=android.intent.action.MAIN cat=[android.intent.category.LAUNCHER] flg=0x14000000 pkg=com.oculus.shellenv cmp=com.oculus.shellenv/.ShellEnvActivity (has extras)} from uid 10020
12-23 19:11:15.651   745  1936 D AF::RecordHandle: OpRecordAudio: track:71 uid:10033 pkg:com.oculus.xrstreamingclient usage:0 muted
12-23 19:11:15.651   745  1764 D AF::TrackHandle: OpPlayAudio: track:82 uid:10140 pkg:com.YourCompany.TemplateProject3 usage:1 muted
12-23 19:11:15.652   745  1026 D AF::TrackHandle: OpPlayAudio: track:57 uid:10014 pkg:com.oculus.shellenv usage:1 muted
12-23 19:11:15.654   745  4517 D AF::TrackHandle: OpPlayAudio: track:70 uid:10033 pkg:com.oculus.xrstreamingclient usage:1 muted
12-23 19:11:15.654   745  1936 D AF::RecordHandle: OpRecordAudio: track:84 uid:10032 pkg:com.oculus.horizon usage:0 not muted
12-23 19:11:15.655   745  7987 D AF::TrackHandle: OpPlayAudio: track:85 uid:10020 pkg:com.oculus.vrshell usage:1 not muted
12-23 19:11:15.657   745  4518 D AF::RecordHandle: OpRecordAudio: track:56 uid:10014 pkg:com.oculus.shellenv usage:0 muted
12-23 19:11:15.664   721   721 D msm8974_platform: platform_split_snd_device: snd_device(2) num devices(1) new_snd_devices(0)
12-23 19:11:15.664   721   721 D ACDB-LOADER: ACDB -> send_audvoltable
12-23 19:11:15.664   721   721 D ACDB-LOADER: ACDB -> ACDB_CMD_GET_AUDPROC_INSTANCE_GAIN_DEP_STEP_TABLE_SIZE
12-23 19:11:15.664   721   721 D         : Failed to fetch the lookup information of the device 0000000F 
12-23 19:11:15.664   721   721 D ACDB-LOADER: Error: ACDB_CMD_GET_AUDPROC_INSTANCE_GAIN_DEP_STEP_TABLE_SIZE Returned = -19
12-23 19:11:15.664   721   721 D ACDB-LOADER: ACDB -> ACDB_CMD_GET_AUDPROC_INSTANCE_GAIN_DEP_STEP_TABLE, vol index 4
12-23 19:11:15.664   721   721 D         : Failed to fetch the lookup information of the device 0000000F 
12-23 19:11:15.664   721   721 D ACDB-LOADER: Error: ACDB AudProc vol returned = -19
12-23 19:11:15.664   721   721 D ACDB-LOADER: ACDB -> AUDIO_SET_VOL_CAL cal type = 40
12-23 19:11:15.666  1049  1623 W InputReader: Device has associated, but no associated display id.
12-23 19:11:15.673  6246  6344 E OsSdk   : error getting shared memory region, memory type: HeadTracker, failed with Status(-1, EX_SECURITY): 'requested shared memory region when not registered/focused'
12-23 19:11:15.678   745  4517 D AF::TrackHandle: OpPlayAudio: track:70 uid:10033 pkg:com.oculus.xrstreamingclient usage:1 muted
12-23 19:11:15.678   745  7987 D AF::TrackHandle: OpPlayAudio: track:57 uid:10014 pkg:com.oculus.shellenv usage:1 not muted
12-23 19:11:15.678   745  4518 D AF::TrackHandle: OpPlayAudio: track:82 uid:10140 pkg:com.YourCompany.TemplateProject3 usage:1 muted
12-23 19:11:15.678   745  1936 D AF::TrackHandle: OpPlayAudio: track:85 uid:10020 pkg:com.oculus.vrshell usage:1 not muted
12-23 19:11:15.679   745  1026 D AF::RecordHandle: OpRecordAudio: track:71 uid:10033 pkg:com.oculus.xrstreamingclient usage:0 muted
12-23 19:11:15.679   745  1764 D AF::RecordHandle: OpRecordAudio: track:56 uid:10014 pkg:com.oculus.shellenv usage:0 not muted
12-23 19:11:15.679   745  1027 D AF::RecordHandle: OpRecordAudio: track:84 uid:10032 pkg:com.oculus.horizon usage:0 not muted
12-23 19:11:15.681   745  1027 D AF::RecordHandle: OpRecordAudio: track:71 uid:10033 pkg:com.oculus.xrstreamingclient usage:0 muted
12-23 19:11:15.681   745  1936 D AF::RecordHandle: OpRecordAudio: track:84 uid:10032 pkg:com.oculus.horizon usage:0 not muted
12-23 19:11:15.681   745  1764 D AF::RecordHandle: OpRecordAudio: track:56 uid:10014 pkg:com.oculus.shellenv usage:0 not muted
12-23 19:11:15.682  1408  1408 D VrRuntimeService: onForegroundActivitiesChanged: pid=2111, uid=10014, hasForegroundActivities=true
12-23 19:11:15.685  3566  3566 I chatty  : uid=10026 com.oculus.systemux:SystemUX expire 2 lines
12-23 19:11:15.687  2346  2897 I chatty  : uid=10020(com.oculus.vrshell) ShellOverlayVR expire 11 lines
12-23 19:11:15.687  3008  3564 I VrGuardianService: GuardianSDKServer::GuardianCmd: 14
12-23 19:11:15.687  3008  3564 I GuardianSystem: GuardianSystem::GuardianCmd CMD_CLEAR_RETURN_PACKAGE
12-23 19:11:15.688  8828  8828 D SystemActivitiesReceiver: SystemActivityReceiver.onReceive intent:Intent { act=com.oculus.system_activity flg=0x10 pkg=com.YourCompany.TemplateProject3 (has extras) }
12-23 19:11:15.689  8828  8828 D SystemActivitiesReceiver: fromPackageName: 'com.oculus.vrshell'
12-23 19:11:15.689  8828  8828 D SystemActivitiesReceiver: command: '{"Command":"exitToHome","PlatformUIVersion":4,"ToPackage":"com.YourCompany.TemplateProject3"}'
12-23 19:11:15.689  8828  8828 D SystemActivitiesReceiver: uri: ''
12-23 19:11:15.692  8828  8828 D TrustedSignatureVerifier: Checking app signature for com.oculus.vrshell
12-23 19:11:15.693  8828  8828 D TrustedSignatureVerifier: Package com.oculus.vrshell trusted due to RELEASE signature.
12-23 19:11:15.693  8828  8828 D SystemActivitiesReceiver: App is trusted
12-23 19:11:15.693  8828  8828 I SystemActivitiesEvents: nativeSystemActivityIntent in 'com.YourCompany.TemplateProject3': 'com.oculus.vrshell' '{"Command":"exitToHome","PlatformUIVersion":4,"ToPackage":"com.YourCompany.TemplateProject3"}' ''
12-23 19:11:15.693  8828  8828 I SystemActivitiesEvents: SYSTEM_ACTIVITY_EVENT_EXIT_TO_HOME: finish() - exit to Home
12-23 19:11:15.693  8828  8828 W emplateProject: Attempt to remove non-JNI local reference, dumping thread
12-23 19:11:15.693  8828  8828 I chatty  : uid=10140(com.YourCompany.TemplateProject3) identical 1 line
12-23 19:11:15.693  8828  8828 W emplateProject: Attempt to remove non-JNI local reference, dumping thread
12-23 19:11:15.716  3566  3566 W OVRLibrary: null cursor received for query content://com.oculus.ocms.library/apps/com.oculus.shellenv
12-23 19:11:15.717  3566  3566 W SendContextImpl: write returned -1 != 4: Broken pipe
12-23 19:11:15.717  3566  3566 W PanelService: Unable to flush command channel. Quitting application via hardExit flag.
12-23 19:11:15.717  3566  3566 I PanelService: Quitting application via hardExit flag. Shutting down fd 63.
12-23 19:11:15.717  3566  3566 V LifecycleAwareViewModelStore: LifecycleAwareViewModelStore destroyed
12-23 19:11:15.717  3566  3566 V LifecycleAwarePanelApp: PanelApp lifecycle moved to final state: DESTROYED
12-23 19:11:15.718  3566  3566 I AndroidPanelApp: Destroyed
12-23 19:11:15.718  3566  3566 D [SUI] PauseDestinationView: Destroying PauseDestinationView
12-23 19:11:15.718  1408  2744 I VrRuntimeService: DestroySwapChain: swapchain=223
12-23 19:11:15.718  3566  3566 D [SUI] AnytimeUIPanelAppBase: Releasing viewModel SharingViewModel refCount: 0
12-23 19:11:15.718  3566  3566 D [SUI] SharingViewModel: Destroying ViewModel
12-23 19:11:15.719  6246  6344 E OsSdk   : error getting shared memory region, memory type: HeadTracker, failed with Status(-1, EX_SECURITY): 'requested shared memory region when not registered/focused'
12-23 19:11:15.719  3566  3566 D [SUI] SharingViewModel: clearAbuseReportRecordingTimer
12-23 19:11:15.719  3566  3566 D [SUI] PauseDestinationViewModel: Destroying PauseDestinationViewModel
12-23 19:11:15.719  3566  3566 D [SUI] GraphQLExecutor: Destroying
12-23 19:11:15.719  3566  3566 D [SUI] GraphQLExecutor: Destroying
12-23 19:11:15.719  8828  8828 D ContextHelper: shouldSkipFinish: activity=com.epicgames.ue4.GameActivity@afb582d
12-23 19:11:15.719  3566  3566 I PresenceAPK(ServicePresenceClient): ServicePresenceClient close
12-23 19:11:15.719  3566  3566 I PresenceAPK(GroupManager): removeListener with id AnchoredHomeGroup
12-23 19:11:15.719  3566  3566 I PresenceAPK(ServiceApiManager): onApiNotReady
12-23 19:11:15.719  3566  3566 D PresenceAPK(ServicePresenceClient): Calling onServiceDown
12-23 19:11:15.719  3566  3566 I PresenceAPK(GroupManager): disconnected
12-23 19:11:15.720  8828  8828 W emplateProject: Accessing hidden method Landroid/app/Activity;->isResumed()Z (greylist, reflection, allowed)
12-23 19:11:15.720  8828  8828 D ContextHelper: activity=com.epicgames.ue4.GameActivity@afb582d, resumed=false
12-23 19:11:15.720  8828  8828 D ContextHelper: Calling finish() on com.epicgames.ue4.GameActivity@afb582d
12-23 19:11:15.721  3008  3564 I VrGuardianService: GuardianSDKServer::SetGuardianHitDialog2 0
12-23 19:11:15.725  1049  1066 I DisplayManagerService: Display device removed: DisplayDeviceInfo{"com.oculus.android_panel_app.AndroidPanelLayer-#main": uniqueId="virtual:com.oculus.systemux,10026,com.oculus.android_panel_app.AndroidPanelLayer-#main,1", 1000 x 625, modeId 125, defaultModeId 125, supportedModes [{id=125, width=1000, height=625, fps=60.0}], colorMode 0, supportedColorModes [0], HdrCapabilities null, density 200, 200.0 x 200.0 dpi, appVsyncOff 0, presDeadline 16666666, touch NONE, rotation 0, type VIRTUAL, state ON, owner com.oculus.systemux (uid 10026), FLAG_PRIVATE, FLAG_NEVER_BLANK, FLAG_OWN_CONTENT_ONLY}
12-23 19:11:15.725  3566  3566 D CppPanelService: onDestroy()
12-23 19:11:15.731  3566  9113 W OVRLibrary: null cursor received for query content://com.oculus.ocms.library/apps/com.oculus.vrshell
12-23 19:11:15.744  1408  9020 I CompositorVR: SetSchedFifo( tid=8858, pol=2, pri=0 ) succeeded
12-23 19:11:15.744  1408  9020 I CompositorVR: SetSchedFifo( tid=9089, pol=2, pri=0 ) succeeded
12-23 19:11:15.744  1408  9020 I CompositorVR: SetSchedFifo( tid=8944, pol=2, pri=0 ) succeeded
12-23 19:11:15.755  2735  2735 I chatty  : uid=10020(com.oculus.vrshell) ShellMain expire 1 line
12-23 19:11:15.756  2735  3089 I chatty  : uid=10020(com.oculus.vrshell) ShellMainVR expire 4 lines
12-23 19:11:15.764   869  1760 I chatty  : uid=1000(system) Binder:869_4 identical 5 lines
12-23 19:11:15.764  6246  6344 E OsSdk   : error getting shared memory region, memory type: HeadTracker, failed with Status(-1, EX_SECURITY): 'requested shared memory region when not registered/focused'
12-23 19:11:15.766  2111  2193 I Clay    : BaseApp: Hibernate transition Unhibernate
12-23 19:11:15.766  2111  2193 I Clay    : SoundSystem: setPaused(false), m_paused=true
12-23 19:11:15.768   745  1027 D AF::RecordHandle: OpRecordAudio: track:56 uid:10014 pkg:com.oculus.shellenv usage:0 not muted
12-23 19:11:15.768   745  1026 D AF::RecordHandle: OpRecordAudio: track:71 uid:10033 pkg:com.oculus.xrstreamingclient usage:0 muted
12-23 19:11:15.769   745  4517 D AF::RecordHandle: OpRecordAudio: track:84 uid:10032 pkg:com.oculus.horizon usage:0 not muted
12-23 19:11:15.769  2735  2735 I chatty  : uid=10020(com.oculus.vrshell) ShellMain expire 4 lines
12-23 19:11:15.770  2111  2111 D ActivityLifecycleListener: onActivityResumed
12-23 19:11:15.770  1461  1461 V AvrcpMediaPlayerList: onPlaybackConfigChanged(): Configs list size=8
12-23 19:11:15.770  2111  4909 D ActivityLifecycleListener: activity=com.oculus.shellenv.ShellEnvActivity@e2da68, resumed=true
12-23 19:11:15.770  2111  4909 D ActivityLifecycleListener: Activity ready after 0ms
12-23 19:11:15.770  2111  4909 I OpenXR  : nativeOnActivityReady
12-23 19:11:15.775  2735  3089 I chatty  : uid=10020(com.oculus.vrshell) ShellMainVR expire 2 lines
12-23 19:11:15.777  2111  2193 I Clay    : EnvironmentSystem: computed visibility changed from Unload to Hidden (reason: LayerRendering)
12-23 19:11:15.777  2111  2193 I OpenXR  : PostSessionStateChange: XR_SESSION_STATE_IDLE -> XR_SESSION_STATE_READY
12-23 19:11:15.778  2111  2193 I Clay    : xrPollEvent: REFERENCE_SPACE_CHANGE_PENDING
12-23 19:11:15.778  2111  2193 I Clay    : xrPollEvent: DISPLAY_REFRESH_RATE_CHANGED_FB: 90.000000 -> 72.000000
12-23 19:11:15.778  2111  2193 I Clay    : xrPollEvent: SESSION_STATE_CHANGED: READY
12-23 19:11:15.778  2111  2193 I Clay    : Entering VR mode: cpu=-1, gpu=-1, perf threads: main=2193, gpu=unset
12-23 19:11:15.778  2111  2193 I OpenXR  : ------------ xrBeginSession [start] -----------
12-23 19:11:15.778  2111  2193 I VrRuntimeClient: Tracing is disabled
12-23 19:11:15.778  2111  2193 I VrRuntimeClient: SysProp debug mode is disabled on Client side
12-23 19:11:15.779  2111  2193 D VrApi   : targetSDKVersion 29
12-23 19:11:15.782  2111  2193 I VrRuntimeClient: DEVICE MODEL NUMBER = Quest 2
12-23 19:11:15.782  2111  2193 I VrRuntimeClient: DEVICE BUILD NAME = user-47421700959100000
12-23 19:11:15.782  2111  2193 I VrRuntimeClient: DEVICE BUILD TYPE = user
12-23 19:11:15.782  2111  2193 I VrRuntimeClient: DEVICE OS VERSION = 10
12-23 19:11:15.782  2111  2193 I VrRuntimeClient: API LOADER VERSION = 1.0.22
12-23 19:11:15.782  2111  2193 I VrRuntimeClient: RUNTIME API VERSION = 1.0.24
12-23 19:11:15.782  2111  2193 I VrRuntimeClient: RUNTIME VERSION = 46.0.0.261.0 Sep  6 2022 02:18:10 RELEASE
12-23 19:11:15.782  2111  2193 I VrRuntimeClient: APP NAME = ShellEnv
12-23 19:11:15.782  2111  2193 I VrRuntimeClient: APP VERSION = 46.0.0.261.0 versionCode 415550597 internalVersionName 46.0.0.261.0.073ef47dc1c0 2022_11_03_18_59
12-23 19:11:15.782  2111  2193 I VrRuntimeClient: APP VR TYPE = vr_only
12-23 19:11:15.782  2111  2193 I VrRuntimeClient: APP MODE TYPE = VR
12-23 19:11:15.782  2111  2193 I VrRuntimeClient: APP PACKAGE NAME = com.oculus.shellenv
12-23 19:11:15.782  2111  2193 I VrRuntimeClient: APP ACTIVITY CLASS = com.oculus.shellenv.ShellEnvActivity
12-23 19:11:15.782  2111  2193 I Sensor  : OSSDKTRACKING Initializing head tracking
12-23 19:11:15.782  2111  2193 I Sensor  : OSSDKTRACKING Head tracker != nullpointer 0x7410f6b918, 1
12-23 19:11:15.782  2111  2193 I Sensor  : OSSDKTRACKING Initializing controller tracking
12-23 19:11:15.782  2111  2193 I Sensor  : OSSDKTRACKING Controller tracker != nullpointer 0x740ca11000, 1
12-23 19:11:15.782  2111  2193 D BatteryReceiver: Registering battery receiver
12-23 19:11:15.784  2111  2193 D HeadsetReceiver: getCurrentHeadsetState: false
12-23 19:11:15.784  2111  2193 I DeviceStatus: nativeHeadsetEvent(0)
12-23 19:11:15.784  2111  2193 I VrRuntimeClient: SetCompositorClientFeatureFlag ClientFeatureFlag 0 
12-23 19:11:15.784  2111  2193 I LogTimer: CPUTIME: VrRuntimeClient_BeginSession took 6.5542 ms
12-23 19:11:15.785  2111  2193 I ClientInputInterface: DEADRECKONING SetControllerTrackingExtendedDeadreckoning 0
12-23 19:11:15.785  2111  2193 I ClientInputSettings: HANDTRACKING package name is com.oculus.shellenv
12-23 19:11:15.785   721   721 D msm8974_platform: platform_split_snd_device: snd_device(2) num devices(1) new_snd_devices(0)
12-23 19:11:15.785   721   721 D ACDB-LOADER: ACDB -> send_audvoltable
12-23 19:11:15.785   721   721 D ACDB-LOADER: ACDB -> ACDB_CMD_GET_AUDPROC_INSTANCE_GAIN_DEP_STEP_TABLE_SIZE
12-23 19:11:15.785   721   721 D         : Failed to fetch the lookup information of the device 0000000F 
12-23 19:11:15.785   721   721 D ACDB-LOADER: Error: ACDB_CMD_GET_AUDPROC_INSTANCE_GAIN_DEP_STEP_TABLE_SIZE Returned = -19
12-23 19:11:15.785   721   721 D ACDB-LOADER: ACDB -> ACDB_CMD_GET_AUDPROC_INSTANCE_GAIN_DEP_STEP_TABLE, vol index 5
12-23 19:11:15.785   721   721 D         : Failed to fetch the lookup information of the device 0000000F 
12-23 19:11:15.785   721   721 D ACDB-LOADER: Error: ACDB AudProc vol returned = -19
12-23 19:11:15.785   721   721 D ACDB-LOADER: ACDB -> AUDIO_SET_VOL_CAL cal type = 40
12-23 19:11:15.791  2111  2193 I ClientInputSettings: HANDTRACKING: Manifest Permission request for com.oculus.shellenv
12-23 19:11:15.792  2111  2193 I ClientInputSettings: HANDTRACKING:  'com.oculus.shellenv' Is hands or controller.
12-23 19:11:15.792  2111  2193 I ClientInputSettings: HANDTRACKING: feature flag set to 2
12-23 19:11:15.792  2111  2193 I ClientInputInterface: HANDTRACKING sethandmanifest 2
12-23 19:11:15.792  2111  2193 I InputHooks_Internal: Enabling Native Input Hooks
12-23 19:11:15.794  2111  2193 I InputDeviceManager: ovrInputDeviceManager::Initialize
12-23 19:11:15.794  2111  2193 I Distortion: Initializing Mesh Decenter Correction
12-23 19:11:15.795   840  1038 E CalibrationProvider: loadCalibration(LDISP_SN) failed: Calibration store didn't load any info
12-23 19:11:15.795   840  1038 E CalibrationProvider: loadCalibration(RDISP_SN) failed: Calibration store didn't load any info
12-23 19:11:15.795  2111  2193 I Distortion: SetLensPositions - iad=0.0629988, left offset=-0.000261459,-0.00102733, right offset=0.000140626,-0.00104481
12-23 19:11:15.795  2111  2193 I Distortion: Initializing Mesh Decenter Correction
12-23 19:11:15.796   840  1038 E CalibrationProvider: loadCalibration(LDISP_SN) failed: Calibration store didn't load any info
12-23 19:11:15.796   840  1038 E CalibrationProvider: loadCalibration(RDISP_SN) failed: Calibration store didn't load any info
12-23 19:11:15.796  2111  2193 I Distortion: SetLensPositions - iad=0.0629988, left offset=-0.000261459,-0.00102733, right offset=0.000140626,-0.00104481
12-23 19:11:15.796  2111  2193 I Distortion: Created custom distortion mesh.
12-23 19:11:15.796   869  1760 W TrackingService: attachClient: found client in attached list
12-23 19:11:15.797   869  1760 D TrackingService: getSharedMemory: com.oculus.shellenv#2111, Controller
12-23 19:11:15.797  2111  9212 I InputDevice_TrackedRemote: REMOTE: Hand=1 IndexAnalog=0.00 GripAnalog=0.00 Buttons=0x00000000
12-23 19:11:15.797  2111  9212 I InputDevice_TrackedRemote: REMOTE: Hand=2 IndexAnalog=0.00 GripAnalog=0.00 Buttons=0x00000000
12-23 19:11:15.797  2111  9212 I InputDeviceManager: HANDTRACKING Pointer filter profile changed to: 0
12-23 19:11:15.797  2111  9212 I InputDeviceManager: HANDTRACKING Pointer filter profile changed to: 0
12-23 19:11:15.797  2111  9212 I InputDeviceManager: HANDTRACKING Root pose filter profile changed for (version, freq) to (2, 1) from (1,2)
12-23 19:11:15.797  2111  2193 I PhaseSync: PhaseSync::PhaseSync PaddingLowerLimit 0.350000 StandardDeviations 2.000000 PaddingUpperLimit 0.750000 on instance 4
12-23 19:11:15.797  2111  2193 I VrRuntimeClient: PhaseSync Instance created
12-23 19:11:15.797  2111  2193 D VrRuntimeClient: pokeGuardianUserServiceForThisClient: com.oculus.shellenv:10014
12-23 19:11:15.798  2111  2193 D VrRuntimeClient: VrRuntimeClient: getClientWindow: activity client
12-23 19:11:15.798  3008  3008 D VrGuardianUserService: onStartCommandIntent { act=FOREGROUND_CLIENT cmp=com.oculus.guardian/com.oculus.vrguardianservice.VrGuardianUserService (has extras) }
12-23 19:11:15.798  3008  3008 D VrGuardianUserService: maybeSubscribeDeviceConfig
12-23 19:11:15.798  1408  2980 I VrRuntimeService: RuntimeServiceSDKServer::EnableRendering: 0x74a24d0e80, 1, com.oculus.shellenv
12-23 19:11:15.798  3008  3008 D VrGuardianUserService: onStartCommand FOREGROUND_CLIENT user = 0
12-23 19:11:15.798  1408  2980 I ClientMgr: ClientMgr::EnableRendering 2111:com.oculus.shellenv : type 0 comp-id 1: enable
12-23 19:11:15.798  1408  2980 I CompositorVR: CheckDebuggerConnected: debugger 0
12-23 19:11:15.798  1408  2980 I VrRuntimeServer: SysProp debug mode is disabled on Server side
12-23 19:11:15.799  3008  3008 D VrGuardianService: setCurrentUser() called with: userId = [0]
12-23 19:11:15.799  3008  3008 I VrGuardianService: nativeSetCurrentUser userid = 0
12-23 19:11:15.799  3008  3008 I GuardianSystem: GuardianSystem::SetCurrentUser: 0 
12-23 19:11:15.803   869  1760 W TrackingService: attachClient: found client in attached list
12-23 19:11:15.803  1408  2980 I UnifiedTelemetryWrapper: Started UT session render:com.oculus.shellenv
12-23 19:11:15.803  6246  6344 E OsSdk   : error getting shared memory region, memory type: HeadTracker, failed with Status(-1, EX_SECURITY): 'requested shared memory region when not registered/focused'
12-23 19:11:15.804  3566  3566 D [SUI] AnytimeUIAndroidPanelApp: Received appStatus from VrShell: [{"name":"com.oculus.systemux\/com.oculus.panelapp.destinationui.DestinationUiPanelService","panels":[{"panelId":7,"state":"Focused"}]}]
12-23 19:11:15.805  2111  2193 I ScreenCaptureHelper: Advertising com.oculus.shellenv as streamable
12-23 19:11:15.805  2111  2193 I VrApi   : OVR::Stats thread started
12-23 19:11:15.805  2111  2193 I XrRuntimeUtils: XrRuntimeUtils::BeginSession
12-23 19:11:15.805  2111  2193 I XrRuntimeSystem_Client: BeginSession
12-23 19:11:15.805  2111  2193 I OpenXR  : ------------ xrBeginSession [end] -----------
12-23 19:11:15.805  2111  2193 I Clay    : Setting CPU/GPU levels= 25/75
12-23 19:11:15.805  6246  6344 E OsSdk   : error getting shared memory region, memory type: AnchorTracker, failed with Status(-1, EX_SECURITY): 'requested shared memory region when not registered/focused'
12-23 19:11:15.805  2111  2193 I VrRuntimeClient: UpdateEvents: HMT was mounted
12-23 19:11:15.805  2111  2193 I VrRuntimeClient: Client has lost focus.
12-23 19:11:15.805  2111  2193 I Clay    : xrPollEvent: MOUNT_STATE_CHANGED_FB: isMounted 1
12-23 19:11:15.805  2194  2194 I OVRMediaService: onStartCommand Received message type: set_package_name, caller package: no_app_identity, app identify: null
12-23 19:11:15.806  2194  2194 I OVRMediaService: Got package name intent (com.oculus.shellenv)
12-23 19:11:15.806  2111  9217 D VrApi   : targetSDKVersion 29
12-23 19:11:15.807  1408  2331 I ClientMgr: Non-overlay clients rendering status has changed: prev=25, curr=26, enabled=2
12-23 19:11:15.807  2194  2194 I OVRMediaServiceManager: Sending onAppStart (com.oculus.shellenv) to SocialPlatform (com.oculus.socialplatform)
12-23 19:11:15.808  2111  9217 I JniUtils: ovr_GetCurrentPackageSignature 
12-23 19:11:15.808  1408  2331 D VrRuntimeService: ForegroundAppInfo = {uid=10014 pid=2111 packageName=com.oculus.shellenv processName=com.oculus.shellenv
12-23 19:11:15.808  1408  2331 I ClientMgr: GetForegroundClientId: Found foreground uid 10014.
12-23 19:11:15.808  1408  2331 I ClientMgr: Primary client determined to be foreground client: com.oculus.shellenv.
12-23 19:11:15.808  1408  2331 I ClientMgr: ClientMgr::SetPrimaryCompositorClient: 2111:com.oculus.shellenv
12-23 19:11:15.809  1408  2331 W ClientMgr: ClientMgr::GetClientPermissionFlagsById: Client missing proper permissions: com.oculus.shellenv, 2
12-23 19:11:15.809  1408  2331 I CompositorClientMgr: Enable client 1
12-23 19:11:15.809  1408  2331 I VrRuntimeServer: EnableCompositorClient client(1): layer placement(0) flags(1) sm(0x74a7373010)
12-23 19:11:15.809  1408  2331 I ClientMgr: SetPrimaryPackageName - packageName com.oculus.shellenv processName com.oculus.shellenv clientId 1381746380 clientPid 2111
12-23 19:11:15.809  1408  2331 I ServiceInputManager: ServiceInputManager::SetPrimaryPackageName 'com.oculus.shellenv' 'com.oculus.shellenv'  updated AnytimeUI processname 0
12-23 19:11:15.809  1408  2331 I VrRuntimeService: RuntimeIPC: SendPrimaryPackageChangeEvent: PostClientEvent SUCCESS: com.YourCompany.TemplateProject3:com.YourCompany.TemplateProject3:8828, com.oculus.shellenv, com.oculus.shellenv
12-23 19:11:15.809  1408  2331 I VrRuntimeService: RuntimeIPC: SendPrimaryPackageChangeEvent: PostClientEvent SUCCESS: com.oculus.xrstreamingclient:com.oculus.xrstreamingclient:6246, com.oculus.shellenv, com.oculus.shellenv
12-23 19:11:15.809  1408  2331 I VrRuntimeService: RuntimeIPC: SendPrimaryPackageChangeEvent: PostClientEvent SUCCESS: com.oculus.vrshell:com.oculus.vrshell:Overlay:2346, com.oculus.shellenv, com.oculus.shellenv
12-23 19:11:15.809  1408  2331 I VrRuntimeService: RuntimeIPC: SendPrimaryPackageChangeEvent: PostClientEvent SUCCESS: com.oculus.mrservice:com.oculus.mrservice:1851, com.oculus.shellenv, com.oculus.shellenv
12-23 19:11:15.809  1408  2331 I VrRuntimeService: RuntimeIPC: SendPrimaryPackageChangeEvent: PostClientEvent SUCCESS: com.oculus.guardian:com.oculus.vrguardianservice:3008, com.oculus.shellenv, com.oculus.shellenv
12-23 19:11:15.809  1408  2331 I VrRuntimeService: RuntimeIPC: SendPrimaryPackageChangeEvent: PostClientEvent SUCCESS: com.oculus.vrshell:com.oculus.vrshell:2735, com.oculus.shellenv, com.oculus.shellenv
12-23 19:11:15.809  1408  2331 I VrRuntimeService: RuntimeIPC: SendPrimaryPackageChangeEvent: PostClientEvent SUCCESS: com.oculus.shellenv:com.oculus.shellenv:2111, com.oculus.shellenv, com.oculus.shellenv
12-23 19:11:15.809  1408  2331 D VrRuntimeService: sendPrimaryPackageChangeBroadcast
12-23 19:11:15.809  1408  9020 I CompositorVR: LatchWarpClients: Multiple Primary Clients detected. Skipping frames for 13
12-23 19:11:15.809  1408  9020 I CompositorVR: WarpToScreen: Skipping frames for 13
12-23 19:11:15.809  2111  9219 I FenceChecker: FenceChecker::MainLoop - started
12-23 19:11:15.810  1408  2331 I AADT    : SetAADTLutDataX: 0
12-23 19:11:15.810  1408  2331 I AADT    : SetAADTLutDataY: 0
12-23 19:11:15.810  1408  2331 I ServiceInputManager: DEADRECKONING deadReckoning mode on ClientMgr from server is 0
12-23 19:11:15.810  1408  2331 I PerformanceManager_V0: SetClockLevels: Apply pending clock request change: 4,4 -> 4,3
12-23 19:11:15.810  1408  2331 I CompositorClientMgr: Enable client 0
12-23 19:11:15.810  1408  2331 I VrRuntimeServer: EnableCompositorClient client(0): layer placement(2147483643) flags(8) sm(0x74511bf160)
12-23 19:11:15.810  1408  2327 I Clocks  : ReleaseClocks - start
12-23 19:11:15.810  2346  2346 I chatty  : uid=10020(com.oculus.vrshell) ShellOverlayMai expire 5 lines
12-23 19:11:15.810  2735  2735 I chatty  : uid=10020(com.oculus.vrshell) ShellMain expire 2 lines
12-23 19:11:15.810  1408  2327 I Clocks  : ReleaseClocks - end (0.6 ms)
12-23 19:11:15.810  1408  2327 I Clocks  : LockClocks( cpu=4, gpu=3 ) - start
12-23 19:11:15.811  1408  2327 I Clocks  : CPU levels [0, 4]
12-23 19:11:15.811  1408  2327 I Clocks  : GPU levels [0, 5]
12-23 19:11:15.811  1408  2327 I Clocks  : LockClocks( cpu=4, gpu=3 ) - end (0.7 ms)
12-23 19:11:15.811  2111  9217 I Metrics : device name = Oculus Quest 2
12-23 19:11:15.812  2111  2193 I Clay    : copresence: microphone state transition, unpaused
12-23 19:11:15.812  2111  2193 I OpenXR  : PostSessionStateChange: XR_SESSION_STATE_READY -> XR_SESSION_STATE_SYNCHRONIZED
12-23 19:11:15.812  2111  2193 I Clay    : xrPollEvent: SESSION_STATE_CHANGED: SYNCHRONIZED
12-23 19:11:15.813  1408  9020 I CompositorVR: LatchWarpClients: Multiple Primary Clients detected. Skipping frames for 13
12-23 19:11:15.814  1408  9020 I CompositorVR: SetSchedFifo( tid=2193, pol=3, pri=0 ) succeeded
12-23 19:11:15.814  1408  9020 I CompositorVR: SetSchedFifo( tid=9219, pol=3, pri=0 ) succeeded
12-23 19:11:15.814  1408  9020 I AADT    : SetAADTLutDataX. Thread. SizeX: 0
12-23 19:11:15.814  1408  9020 I AADT    : SetAADTLutDataY. Thread. SizeY: 0
12-23 19:11:15.814  2735  3089 I chatty  : uid=10020(com.oculus.vrshell) ShellMainVR expire 4 lines
12-23 19:11:15.814  2735  2735 I chatty  : uid=10020(com.oculus.vrshell) ShellMain expire 1 line
12-23 19:11:15.814  2735  3089 I chatty  : uid=10020(com.oculus.vrshell) ShellMainVR expire 7 lines
12-23 19:11:15.816  6246  6312 D xrstreaming: receive pong: org 1664396590301 recv 25107405340800 xmt 25107410931500 (received at 1664403312176), offset divergence -249798
12-23 19:11:15.816  6246  6312 D xrstreaming: new clock offset=23443008343700 (rtt: 845182, dispersion: 506232, jitter: 3886396)
12-23 19:11:15.819  3566  9093 W OVRLibrary: null cursor received for query content://com.oculus.ocms.library/apps/com.oculus.shellenv
12-23 19:11:15.820  1049  3995 W AppOps  : Noting op not finished: uid 10020 pkg com.oculus.vrshell code 24 time=1671822675636 duration=-1
12-23 19:11:15.821  1049  3995 E WindowManager: App trying to use insecure INPUT_FEATURE_NO_INPUT_CHANNEL flag. Ignoring
12-23 19:11:15.821  1408  2331 I Vsync   : Adjusting vsync display refresh rate 72.000000 -> 90.000000
12-23 19:11:15.822  3008  3143 I GuardianSystem: runtimeServiceSDKClient_.ForceShowGuardianEvent
12-23 19:11:15.822  3008  3143 I GuardianSystem: ForceShowGuardian: false, 0.00
12-23 19:11:15.822  3008  3143 I GuardianSystem: runtimeServiceSDKClient_.PackageChangeEvent: package=[com.oculus.shellenv], process=[com.oculus.shellenv]
12-23 19:11:15.822  3008  3143 I GuardianSystem: SetCurrentProcessName: com.oculus.shellenv, previous ProcessName: com.YourCompany.TemplateProject3
12-23 19:11:15.823  1408  9020 I CompositorVR: WarpToScreen: Skipping frames for 13
12-23 19:11:15.824  1408  1408 I ClientMgr: FocusedWindowChanged: falling back to client with same uid: 10020, and pid: 2735
12-23 19:11:15.826  2735  2735 I chatty  : uid=10020(com.oculus.vrshell) ShellMain expire 1 line
12-23 19:11:15.837  1408  9020 I CompositorVR: WarpToScreen: Skipping frames for 13
12-23 19:11:15.837  2346  2897 I chatty  : uid=10020(com.oculus.vrshell) ShellOverlayVR expire 2 lines
12-23 19:11:15.838  2346  2897 I [OAO] ShellOverlayApp: UpdatePrimaryPackage forceSilentUpdate:0
12-23 19:11:15.838  2346  2897 I [OAO] ShellOverlayApp: UpdatePrimaryPackage Requested for PackageName:com.oculus.shellenv
12-23 19:11:15.838  2346  2897 I [OAO] ShellOverlayApp: UpdatePrimaryPackage - Previous package:[com.oculus.shellenv] immersive app changed:1
12-23 19:11:15.838  2346  2897 I [OAO] OverlayFlowController: OnPrimaryPackageChange primaryPackage:com.oculus.shellenv immersiveAppChanged:1 forceSilentUpdate:0
12-23 19:11:15.838  2346  2897 I [OAO] OverlayFlowController: Non system primary client change: ready to sleep
12-23 19:11:15.838  2346  2897 I [OAO] OverlayFlowController: Reset resetReason : ReturnToShellHome
12-23 19:11:15.838  2346  2897 I [OAO] OverlayFlowController: Reset resetting current flow : OverlayDesktopFlow
12-23 19:11:15.838  2346  2897 I [OAO] OverlayDesktopFlow: Deactivated
12-23 19:11:15.838  2735  3089 I VrRuntimeClient: DEVICE MODEL NUMBER = Quest 2
12-23 19:11:15.838  2346  2897 I [OAO] DesktopPanelController: Backgrounded desktop Tablet with reason flowDeactivation
12-23 19:11:15.838  2735  3089 I VrRuntimeClient: DEVICE BUILD NAME = user-47421700959100000
12-23 19:11:15.838  2735  3089 I VrRuntimeClient: DEVICE BUILD TYPE = user
12-23 19:11:15.838  2735  3089 I VrRuntimeClient: DEVICE OS VERSION = 10
12-23 19:11:15.838  2346  2897 I [OAO] OverlayDesktopFlow: OverlayDesktopFlow Reset
12-23 19:11:15.838  2735  3089 I VrRuntimeClient: API LOADER VERSION = 1.0.22
12-23 19:11:15.838  2735  3089 I VrRuntimeClient: RUNTIME API VERSION = 1.0.24
12-23 19:11:15.838  2735  3089 I VrRuntimeClient: RUNTIME VERSION = 46.0.0.261.0 Sep  6 2022 02:18:30 RELEASE
12-23 19:11:15.838  2735  3089 I VrRuntimeClient: APP NAME = Oculus App Runtime
12-23 19:11:15.838  2735  3089 I VrRuntimeClient: APP VERSION = 46.0.0.261.0 versionCode 415550559 internalVersionName 46.0.0.261.0.073ef47dc1c0 2022_11_03_18_36
12-23 19:11:15.838  2346  2897 I [OAO] DesktopPanelControllerAnalytics: DesktopPanelControllerAnalytics flushing telemetry
12-23 19:11:15.838  2735  3089 I VrRuntimeClient: APP VR TYPE = vr_only
12-23 19:11:15.838  2735  3089 I VrRuntimeClient: APP MODE TYPE = VR
12-23 19:11:15.838  2735  3089 I VrRuntimeClient: APP PACKAGE NAME = com.oculus.vrshell
12-23 19:11:15.838  2735  3089 I VrRuntimeClient: APP ACTIVITY CLASS = com.oculus.vrshell.ShellApplication
12-23 19:11:15.838  2346  2897 I [OAO] DesktopPanelControllerAnalytics: FlushPendingDesktopMetrics Tablet
12-23 19:11:15.838  2735  3089 I Sensor  : OSSDKTRACKING Initializing head tracking
12-23 19:11:15.838  2735  3089 I Sensor  : OSSDKTRACKING Head tracker != nullpointer 0xbf1351c8, 1
12-23 19:11:15.838  2735  3089 I Sensor  : OSSDKTRACKING Initializing controller tracking
12-23 19:11:15.838  2735  3089 I Sensor  : OSSDKTRACKING Controller tracker != nullpointer 0xbf135220, 1
12-23 19:11:15.838  2735  3089 D BatteryReceiver: Registering battery receiver
12-23 19:11:15.839  2346  2897 I [OAO] DesktopPanelControllerAnalytics: DesktopPanelControllerAnalytics flushing telemetry
12-23 19:11:15.839  2346  2897 I [OAO] SystemAssistant: OnModeChanged from Paused to FullShell
12-23 19:11:15.839  2346  2897 I [OAO] SystemAssistant: Assistant panel is not active. Command [hide-attention-instant] could not be sent
12-23 19:11:15.839  2346  2897 I [OAO] PanelAppHost: PanelAppHost destructor, panel 6 (com.oculus.systemux/com.oculus.panelapp.anytimeui.AnytimeUIAndroidPanelService)
12-23 19:11:15.839  2346  2897 I [OAO] PanelAppHost: Panel app 6 (com.oculus.systemux/com.oculus.panelapp.anytimeui.AnytimeUIAndroidPanelService) changing state from foreground to shutdown
12-23 19:11:15.840  2346  2897 D [OAO] ShellApplication: Unbinding service for panel app id 6
12-23 19:11:15.841  2735  3089 D HeadsetReceiver: getCurrentHeadsetState: false
12-23 19:11:15.841  2735  3089 I DeviceStatus: nativeHeadsetEvent(0)
12-23 19:11:15.842  3566  3566 W OVRLibrary: null cursor received for query content://com.oculus.ocms.library/apps/paused_app
12-23 19:11:15.843   882  1013 D VrApiService: refresh-rate changed to 90Hz
12-23 19:11:15.843   869  1760 I chatty  : uid=1000(system) Binder:869_4 identical 2 lines
12-23 19:11:15.844  1408  2331 I VrRuntimeServer: DisableCompositorClient: 0
12-23 19:11:15.844  1408  2331 I CompositorClientMgr: Disable client 0
12-23 19:11:15.844  1408  2331 I CompositorClientMgr: DisableClient: frame flush required: 1
12-23 19:11:15.844  1408  1408 I ClientMgr: FocusedClient changed.
12-23 19:11:15.844  1408  1408 I ClientMgr: ClientMgr::SetFocusedClient: 2735:com.oculus.vrshell type 1
12-23 19:11:15.844  1408  1408 I ClientMgr: SetFocusedPackageName - packageName com.oculus.vrshell processName com.oculus.vrshell clientId 1123243350 clientPid 2735
12-23 19:11:15.844  1408  1408 I VrRuntimeService: RuntimeIPC: SendFocusChangeEventToAllClients: PostClientEvent SUCCESS: com.YourCompany.TemplateProject3:com.YourCompany.TemplateProject3:8828, com.oculus.vrshell, com.oculus.vrshell
12-23 19:11:15.844  1408  1408 I VrRuntimeService: RuntimeIPC: SendFocusChangeEventToAllClients: PostClientEvent SUCCESS: com.oculus.xrstreamingclient:com.oculus.xrstreamingclient:6246, com.oculus.vrshell, com.oculus.vrshell
12-23 19:11:15.844  1408  1408 I VrRuntimeService: RuntimeIPC: SendFocusChangeEventToAllClients: PostClientEvent SUCCESS: com.oculus.vrshell:com.oculus.vrshell:Overlay:2346, com.oculus.vrshell, com.oculus.vrshell
12-23 19:11:15.844  1408  1408 I VrRuntimeService: RuntimeIPC: SendFocusChangeEventToAllClients: PostClientEvent SUCCESS: com.oculus.mrservice:com.oculus.mrservice:1851, com.oculus.vrshell, com.oculus.vrshell
12-23 19:11:15.844  1408  1408 I VrRuntimeService: RuntimeIPC: SendFocusChangeEventToAllClients: PostClientEvent SUCCESS: com.oculus.guardian:com.oculus.vrguardianservice:3008, com.oculus.vrshell, com.oculus.vrshell
12-23 19:11:15.844  1408  1408 I VrRuntimeService: RuntimeIPC: SendFocusChangeEventToAllClients: PostClientEvent SUCCESS: com.oculus.vrshell:com.oculus.vrshell:2735, com.oculus.vrshell, com.oculus.vrshell
12-23 19:11:15.844  1408  1408 I VrRuntimeService: RuntimeIPC: SendFocusChangeEventToAllClients: PostClientEvent SUCCESS: com.oculus.shellenv:com.oculus.shellenv:2111, com.oculus.vrshell, com.oculus.vrshell
12-23 19:11:15.845   738   738 I SDM     : HWCDisplayBuiltIn::Validate: Validate +++ enable cac = 0
12-23 19:11:15.845  6246  6344 E OsSdk   : error getting shared memory region, memory type: HeadTracker, failed with Status(-1, EX_SECURITY): 'requested shared memory region when not registered/focused'
12-23 19:11:15.851  1408  9020 I CompositorVR: LatchWarpClients: Multiple Primary Clients detected. Skipping frames for 13
12-23 19:11:15.851  1408  9020 I CompositorVR: WarpToScreen: Skipping frames for 13
12-23 19:11:15.857  2735  3089 I VrRuntimeClient: SetCompositorClientFeatureFlag ClientFeatureFlag 0 
12-23 19:11:15.857  2735  3089 I LogTimer: CPUTIME: VrRuntimeClient_BeginSession took 42.7652 ms
12-23 19:11:15.859  2346  2897 I [OAO] SwapChainApiOpenXr: Destroying SwapChain:0xbd2b6960
12-23 19:11:15.859  1408  1408 D VrRuntimeService: onForegroundActivitiesChanged: pid=2735, uid=10020, hasForegroundActivities=false
12-23 19:11:15.862  2735  3089 I ClientInputInterface: DEADRECKONING SetControllerTrackingExtendedDeadreckoning 0
