11-05 21:32:14.193   728   933 D ACDB-LOADER: Error: ACDB_CMD_GET_AUDPROC_INSTANCE_GAIN_DEP_STEP_TABLE_SIZE Returned = -19
11-05 21:32:14.193   728   933 D ACDB-LOADER: ACDB -> ACDB_CMD_GET_AUDPROC_INSTANCE_GAIN_DEP_STEP_TABLE, vol index 7
11-05 21:32:14.193   728   933 D         : Failed to fetch the lookup information of the device 0000000F 
11-05 21:32:14.193   728   933 D ACDB-LOADER: Error: ACDB AudProc vol returned = -19
11-05 21:32:14.193   728   933 D ACDB-LOADER: ACDB -> AUDIO_SET_VOL_CAL cal type = 40
11-05 21:32:14.193   748   748 D AF::RecordHandle: OpRecordAudio: track:56 uid:10014 pkg:com.oculus.shellenv usage:0 muted
11-05 21:32:14.193   748  1135 D AF::TrackHandle: OpPlayAudio: track:83 uid:10026 pkg:com.oculus.systemux usage:10 not muted
11-05 21:32:14.193  1050  1697 W InputReader: Device has associated, but no associated display id.
11-05 21:32:14.194   748  4855 D AF::RecordHandle: OpRecordAudio: track:61 uid:10033 pkg:com.oculus.xrstreamingclient usage:0 muted
11-05 21:32:14.200   849  1040 W TrackingService: attachClient: found client in attached list
11-05 21:32:14.201  4056  4163 E OsSdk   : error getting shared memory region, memory type: HeadTracker, failed with Status(-1, EX_SECURITY): 'requested shared memory region when not registered/focused'
11-05 21:32:14.206  6928  6928 D SystemActivitiesReceiver: SystemActivityReceiver.onReceive intent:Intent { act=com.oculus.system_activity flg=0x10 pkg=com.YourCompany.TemplateProject3 (has extras) }
11-05 21:32:14.206   748  4855 D AF::RecordHandle: OpRecordAudio: track:61 uid:10033 pkg:com.oculus.xrstreamingclient usage:0 muted
11-05 21:32:14.207   748  4501 D AF::RecordHandle: OpRecordAudio: track:56 uid:10014 pkg:com.oculus.shellenv usage:0 muted
11-05 21:32:14.207  6928  6928 D SystemActivitiesReceiver: fromPackageName: 'com.oculus.vrshell'
11-05 21:32:14.207  6928  6928 D SystemActivitiesReceiver: command: '{"Command":"exitToHome","PlatformUIVersion":4,"ToPackage":"com.YourCompany.TemplateProject3"}'
11-05 21:32:14.207  6928  6928 D SystemActivitiesReceiver: uri: ''
11-05 21:32:14.208   748   748 D AF::RecordHandle: OpRecordAudio: track:78 uid:10032 pkg:com.oculus.horizon usage:0 not muted
11-05 21:32:14.214  1987  1987 D VrRuntimeService: onForegroundActivitiesChanged: pid=3056, uid=10020, hasForegroundActivities=true
11-05 21:32:14.235  6928  6928 D TrustedSignatureVerifier: Checking app signature for com.oculus.vrshell
11-05 21:32:14.237  6928  6928 D TrustedSignatureVerifier: Package com.oculus.vrshell trusted due to RELEASE signature.
11-05 21:32:14.237  6928  6928 D SystemActivitiesReceiver: App is trusted
11-05 21:32:14.238  6928  6928 I SystemActivitiesEvents: nativeSystemActivityIntent in 'com.YourCompany.TemplateProject3': 'com.oculus.vrshell' '{"Command":"exitToHome","PlatformUIVersion":4,"ToPackage":"com.YourCompany.TemplateProject3"}' ''
11-05 21:32:14.238  6928  6928 I SystemActivitiesEvents: SYSTEM_ACTIVITY_EVENT_EXIT_TO_HOME: finish() - exit to Home
11-05 21:32:14.238  6928  6928 W emplateProject: Attempt to remove non-JNI local reference, dumping thread
11-05 21:32:14.238  6928  6928 I chatty  : uid=10137(com.YourCompany.TemplateProject3) identical 1 line
11-05 21:32:14.238  6928  6928 W emplateProject: Attempt to remove non-JNI local reference, dumping thread
11-05 21:32:14.239  6928  6928 D ContextHelper: shouldSkipFinish: activity=com.epicgames.ue4.GameActivity@f68763c
11-05 21:32:14.242  6928  6928 W emplateProject: Accessing hidden method Landroid/app/Activity;->isResumed()Z (greylist, reflection, allowed)
11-05 21:32:14.243  6928  6928 D ContextHelper: activity=com.epicgames.ue4.GameActivity@f68763c, resumed=false
11-05 21:32:14.243  6928  6928 D ContextHelper: Calling finish() on com.epicgames.ue4.GameActivity@f68763c
11-05 21:32:14.244  3140  3237 I VrGuardianService: GuardianSDKServer::GuardianCmd: 14
11-05 21:32:14.244  3140  3237 I GuardianSystem: GuardianSystem::GuardianCmd CMD_CLEAR_RETURN_PACKAGE
11-05 21:32:14.245   849  6789 W TrackingService: attachClient: found client in attached list
11-05 21:32:14.246  4056  4163 E OsSdk   : error getting shared memory region, memory type: HeadTracker, failed with Status(-1, EX_SECURITY): 'requested shared memory region when not registered/focused'
11-05 21:32:14.246   849  1040 W TrackingService: attachClient: found client in attached list
11-05 21:32:14.248  4056  4163 E OsSdk   : error getting shared memory region, memory type: AnchorTracker, failed with Status(-1, EX_SECURITY): 'requested shared memory region when not registered/focused'
11-05 21:32:14.258  1050  1697 I ActivityTaskManager: START u0 {act=android.intent.action.MAIN cat=[android.intent.category.LAUNCHER] flg=0x14000000 pkg=com.oculus.shellenv cmp=com.oculus.shellenv/.ShellEnvActivity (has extras)} from uid 10020
11-05 21:32:14.267  2364  3003 I chatty  : uid=10020(com.oculus.vrshell) ShellOverlayVR expire 6 lines
11-05 21:32:14.275  3056  3056 I chatty  : uid=10020(com.oculus.vrshell) ShellMain expire 2 lines
11-05 21:32:14.281   748  4501 D AF::RecordHandle: OpRecordAudio: track:56 uid:10014 pkg:com.oculus.shellenv usage:0 not muted
11-05 21:32:14.281   748  1012 D AF::TrackHandle: OpPlayAudio: track:57 uid:10014 pkg:com.oculus.shellenv usage:1 not muted
11-05 21:32:14.281   748   748 D AF::TrackHandle: OpPlayAudio: track:80 uid:10137 pkg:com.YourCompany.TemplateProject3 usage:1 muted
11-05 21:32:14.281   748  4855 D AF::TrackHandle: OpPlayAudio: track:83 uid:10026 pkg:com.oculus.systemux usage:10 not muted
11-05 21:32:14.282   748  1135 D AF::TrackHandle: OpPlayAudio: track:82 uid:10020 pkg:com.oculus.vrshell usage:1 not muted
11-05 21:32:14.283   748  1011 D AF::TrackHandle: OpPlayAudio: track:60 uid:10033 pkg:com.oculus.xrstreamingclient usage:1 muted
11-05 21:32:14.284   748  4957 D AF::RecordHandle: OpRecordAudio: track:61 uid:10033 pkg:com.oculus.xrstreamingclient usage:0 muted
11-05 21:32:14.284   748  4772 D AF::RecordHandle: OpRecordAudio: track:78 uid:10032 pkg:com.oculus.horizon usage:0 not muted
11-05 21:32:14.287   748  1011 D AF::RecordHandle: OpRecordAudio: track:78 uid:10032 pkg:com.oculus.horizon usage:0 not muted
11-05 21:32:14.287   748  4772 D AF::RecordHandle: OpRecordAudio: track:56 uid:10014 pkg:com.oculus.shellenv usage:0 not muted
11-05 21:32:14.288   748  4957 D AF::RecordHandle: OpRecordAudio: track:61 uid:10033 pkg:com.oculus.xrstreamingclient usage:0 muted
11-05 21:32:14.291  4056  4163 E OsSdk   : error getting shared memory region, memory type: HeadTracker, failed with Status(-1, EX_SECURITY): 'requested shared memory region when not registered/focused'
11-05 21:32:14.298  1987  1987 D VrRuntimeService: onForegroundActivitiesChanged: pid=2112, uid=10014, hasForegroundActivities=true
11-05 21:32:14.306  1987  6737 I CompositorVR: SetSchedFifo( tid=6960, pol=2, pri=0 ) succeeded
11-05 21:32:14.306  1987  6737 I CompositorVR: SetSchedFifo( tid=7070, pol=2, pri=0 ) succeeded
11-05 21:32:14.307  1987  6737 I CompositorVR: SetSchedFifo( tid=7028, pol=2, pri=0 ) succeeded
11-05 21:32:14.308  1050  1697 W InputReader: Device has associated, but no associated display id.
11-05 21:32:14.320  2364  3003 I chatty  : uid=10020(com.oculus.vrshell) ShellOverlayVR expire 2 lines
11-05 21:32:14.320  1987  2937 I VrRuntimeService: DestroySwapChain: swapchain=174
11-05 21:32:14.324  1050  1066 I DisplayManagerService: Display device removed: DisplayDeviceInfo{"com.oculus.android_panel_app.AndroidPanelLayer-#main": uniqueId="virtual:com.oculus.systemux,10026,com.oculus.android_panel_app.AndroidPanelLayer-#main,1", 1000 x 625, modeId 83, defaultModeId 83, supportedModes [{id=83, width=1000, height=625, fps=60.0}], colorMode 0, supportedColorModes [0], HdrCapabilities null, density 200, 200.0 x 200.0 dpi, appVsyncOff 0, presDeadline 16666666, touch NONE, rotation 0, type VIRTUAL, state ON, owner com.oculus.systemux (uid 10026), FLAG_PRIVATE, FLAG_NEVER_BLANK, FLAG_OWN_CONTENT_ONLY}
11-05 21:32:14.336  4056  4163 E OsSdk   : error getting shared memory region, memory type: HeadTracker, failed with Status(-1, EX_SECURITY): 'requested shared memory region when not registered/focused'
11-05 21:32:14.356  3056  3183 I chatty  : uid=10020(com.oculus.vrshell) ShellMainVR expire 5 lines
11-05 21:32:14.360   748  4772 D AF::RecordHandle: OpRecordAudio: track:61 uid:10033 pkg:com.oculus.xrstreamingclient usage:0 muted
11-05 21:32:14.361   748  4957 D AF::RecordHandle: OpRecordAudio: track:56 uid:10014 pkg:com.oculus.shellenv usage:0 not muted
11-05 21:32:14.361  3056  3056 I chatty  : uid=10020(com.oculus.vrshell) ShellMain expire 5 lines
11-05 21:32:14.361   748  1011 D AF::RecordHandle: OpRecordAudio: track:78 uid:10032 pkg:com.oculus.horizon usage:0 not muted
11-05 21:32:14.362  2112  2112 D ActivityLifecycleListener: onActivityResumed
11-05 21:32:14.362  2112  4773 D ActivityLifecycleListener: activity=com.oculus.shellenv.ShellEnvActivity@b3b594a, resumed=true
11-05 21:32:14.362  2112  4773 D ActivityLifecycleListener: Activity ready after 0ms
11-05 21:32:14.362  2112  4773 I OpenXR  : nativeOnActivityReady
11-05 21:32:14.363  3056  3183 I chatty  : uid=10020(com.oculus.vrshell) ShellMainVR expire 2 lines
11-05 21:32:14.379   849  1040 I chatty  : uid=1000(system) Binder:849_2 identical 3 lines
11-05 21:32:14.381  4056  4163 E OsSdk   : error getting shared memory region, memory type: HeadTracker, failed with Status(-1, EX_SECURITY): 'requested shared memory region when not registered/focused'
11-05 21:32:14.382  2539  2557 I com.oculus.ocm: Background concurrent copying GC freed 6678(735KB) AllocSpace objects, 5(100KB) LOS objects, 49% free, 3256KB/6513KB, paused 34us total 161.954ms
11-05 21:32:14.386  2112  2194 I Clay    : BaseApp: Hibernate transition Unhibernate
11-05 21:32:14.386  2112  2194 I Clay    : copresence: microphone state transition, unpaused
11-05 21:32:14.386  2112  2194 I Clay    : SoundSystem: setPaused(false), m_paused=true
11-05 21:32:14.391  1503  1503 V AvrcpMediaPlayerList: onPlaybackConfigChanged(): Configs list size=9
11-05 21:32:14.402  2112  2194 I Clay    : EnvironmentSystem: computed visibility changed from Unload to Visible (reason: <none>)
11-05 21:32:14.403  2112  2194 I OpenXR  : PostSessionStateChange: XR_SESSION_STATE_IDLE -> XR_SESSION_STATE_READY
11-05 21:32:14.404  2112  2194 I Clay    : xrPollEvent: DISPLAY_REFRESH_RATE_CHANGED_FB: 90.000000 -> 72.000000
11-05 21:32:14.404  2112  2194 I Clay    : xrPollEvent: SESSION_STATE_CHANGED: READY
11-05 21:32:14.404  2112  2194 I Clay    : Entering VR mode: cpu=-1, gpu=-1, perf threads: main=2194, gpu=unset
11-05 21:32:14.404  2112  2194 I OpenXR  : ------------ xrBeginSession [start] -----------
11-05 21:32:14.404  2112  2194 I VrRuntimeClient: Tracing is disabled
11-05 21:32:14.404  2112  2194 I VrRuntimeClient: SysProp debug mode is disabled on Client side
11-05 21:32:14.405  2112  2194 D VrApi   : targetSDKVersion 29
11-05 21:32:14.408  2112  2194 I VrRuntimeClient: DEVICE MODEL NUMBER = Quest 2
11-05 21:32:14.408  2112  2194 I VrRuntimeClient: DEVICE BUILD NAME = user-47421700667400000
11-05 21:32:14.408  2112  2194 I VrRuntimeClient: DEVICE BUILD TYPE = user
11-05 21:32:14.408  2112  2194 I VrRuntimeClient: DEVICE OS VERSION = 10
11-05 21:32:14.408  2112  2194 I VrRuntimeClient: API LOADER VERSION = 1.0.22
11-05 21:32:14.408  2112  2194 I VrRuntimeClient: RUNTIME API VERSION = 1.0.24
11-05 21:32:14.408  2112  2194 I VrRuntimeClient: RUNTIME VERSION = 46.0.0.226.0 Sep  6 2022 02:18:10 RELEASE
11-05 21:32:14.408  2112  2194 I VrRuntimeClient: APP NAME = ShellEnv
11-05 21:32:14.408  2112  2194 I VrRuntimeClient: APP VERSION = 46.0.0.225.0 versionCode 406480835 internalVersionName 46.0.0.225.0.1de6c5943672 2022_10_06_16_42
11-05 21:32:14.408  2112  2194 I VrRuntimeClient: APP VR TYPE = vr_only
11-05 21:32:14.408  2112  2194 I VrRuntimeClient: APP MODE TYPE = VR
11-05 21:32:14.408  2112  2194 I VrRuntimeClient: APP PACKAGE NAME = com.oculus.shellenv
11-05 21:32:14.408  2112  2194 I VrRuntimeClient: APP ACTIVITY CLASS = com.oculus.shellenv.ShellEnvActivity
11-05 21:32:14.408  2112  2194 I Sensor  : OSSDKTRACKING Initializing head tracking
11-05 21:32:14.408  2112  2194 I Sensor  : OSSDKTRACKING Head tracker != nullpointer 0x734132beb8, 1
11-05 21:32:14.408  2112  2194 I Sensor  : OSSDKTRACKING Initializing controller tracking
11-05 21:32:14.408  2112  2194 I Sensor  : OSSDKTRACKING Controller tracker != nullpointer 0x733cfb6910, 1
11-05 21:32:14.408  2112  2194 D BatteryReceiver: Registering battery receiver
11-05 21:32:14.412  2112  2194 D HeadsetReceiver: getCurrentHeadsetState: false
11-05 21:32:14.412  2112  2194 I DeviceStatus: nativeHeadsetEvent(0)
11-05 21:32:14.413  2112  2194 I VrRuntimeClient: SetCompositorClientFeatureFlag ClientFeatureFlag 0 
11-05 21:32:14.413  2112  2194 I LogTimer: CPUTIME: VrRuntimeClient_BeginSession took 9.5609 ms
11-05 21:32:14.414  2112  2194 I ClientInputInterface: DEADRECKONING SetControllerTrackingExtendedDeadreckoning 0
11-05 21:32:14.414  2112  2194 I ClientInputSettings: HANDTRACKING package name is com.oculus.shellenv
11-05 21:32:14.415   728   933 D msm8974_platform: platform_split_snd_device: snd_device(2) num devices(1) new_snd_devices(0)
11-05 21:32:14.415   728   933 D ACDB-LOADER: ACDB -> send_audvoltable
11-05 21:32:14.415   728   933 D ACDB-LOADER: ACDB -> ACDB_CMD_GET_AUDPROC_INSTANCE_GAIN_DEP_STEP_TABLE_SIZE
11-05 21:32:14.415   728   933 D         : Failed to fetch the lookup information of the device 0000000F 
11-05 21:32:14.415   728   933 D ACDB-LOADER: Error: ACDB_CMD_GET_AUDPROC_INSTANCE_GAIN_DEP_STEP_TABLE_SIZE Returned = -19
11-05 21:32:14.415   728   933 D ACDB-LOADER: ACDB -> ACDB_CMD_GET_AUDPROC_INSTANCE_GAIN_DEP_STEP_TABLE, vol index 8
11-05 21:32:14.415   728   933 D         : Failed to fetch the lookup information of the device 0000000F 
11-05 21:32:14.415   728   933 D ACDB-LOADER: Error: ACDB AudProc vol returned = -19
11-05 21:32:14.415   728   933 D ACDB-LOADER: ACDB -> AUDIO_SET_VOL_CAL cal type = 40
11-05 21:32:14.416  2112  2194 I ClientInputSettings: HANDTRACKING: Manifest Permission request for com.oculus.shellenv
11-05 21:32:14.416  2112  2194 I ClientInputSettings: HANDTRACKING:  'com.oculus.shellenv' Is hands or controller.
11-05 21:32:14.416  2112  2194 I ClientInputSettings: HANDTRACKING: feature flag set to 2
11-05 21:32:14.416  2112  2194 I ClientInputInterface: HANDTRACKING sethandmanifest 2
11-05 21:32:14.416  2112  2194 I InputHooks_Internal: Enabling Native Input Hooks
11-05 21:32:14.417  2112  2194 I InputDeviceManager: ovrInputDeviceManager::Initialize
11-05 21:32:14.417  2112  2194 I Distortion: Initializing Mesh Decenter Correction
11-05 21:32:14.417   849  1040 W TrackingService: attachClient: found client in attached list
11-05 21:32:14.417   844  1026 E CalibrationProvider: loadCalibration(LDISP_SN) failed: Calibration store didn't load any info
11-05 21:32:14.418   844  1026 E CalibrationProvider: loadCalibration(RDISP_SN) failed: Calibration store didn't load any info
11-05 21:32:14.418   849  1040 D TrackingService: getSharedMemory: com.oculus.shellenv#2112, Controller
11-05 21:32:14.418  2112  7598 I InputDevice_TrackedRemote: REMOTE: Hand=1 IndexAnalog=0.00 GripAnalog=0.00 Buttons=0x00000000
11-05 21:32:14.418  2112  7598 I InputDevice_TrackedRemote: REMOTE: Hand=2 IndexAnalog=0.00 GripAnalog=0.00 Buttons=0x00000000
11-05 21:32:14.418  2112  7598 I InputDeviceManager: HANDTRACKING Pointer filter profile changed to: 0
11-05 21:32:14.418  2112  7598 I InputDeviceManager: HANDTRACKING Pointer filter profile changed to: 0
11-05 21:32:14.418  2112  7598 I InputDeviceManager: HANDTRACKING Root pose filter profile changed for (version, freq) to (2, 1) from (1,2)
11-05 21:32:14.418  2112  2194 I Distortion: SetLensPositions - iad=0.0629665, left offset=-0.000277583,-0.00102733, right offset=0.000156749,-0.00104481
11-05 21:32:14.418  2112  2194 I Distortion: Initializing Mesh Decenter Correction
11-05 21:32:14.418   844  1026 E CalibrationProvider: loadCalibration(LDISP_SN) failed: Calibration store didn't load any info
11-05 21:32:14.418   844  1026 E CalibrationProvider: loadCalibration(RDISP_SN) failed: Calibration store didn't load any info
11-05 21:32:14.419  2112  2194 I Distortion: SetLensPositions - iad=0.0629665, left offset=-0.000277583,-0.00102733, right offset=0.000156749,-0.00104481
11-05 21:32:14.419  2112  2194 I Distortion: Created custom distortion mesh.
11-05 21:32:14.419  2112  2194 I PhaseSync: PhaseSync::PhaseSync PaddingLowerLimit 0.350000 StandardDeviations 2.000000 PaddingUpperLimit 0.750000 on instance 5
11-05 21:32:14.419  2112  2194 I VrRuntimeClient: PhaseSync Instance created
11-05 21:32:14.419  2112  2194 D VrRuntimeClient: pokeGuardianUserServiceForThisClient: com.oculus.shellenv:10014
11-05 21:32:14.421  2112  2194 D VrRuntimeClient: VrRuntimeClient: getClientWindow: activity client
11-05 21:32:14.421  1987  3099 I VrRuntimeService: RuntimeServiceSDKServer::EnableRendering: 0x73d7134740, 1, com.oculus.shellenv
11-05 21:32:14.421  1987  3099 I ClientMgr: ClientMgr::EnableRendering 2112:com.oculus.shellenv : type 0 comp-id 1: enable
11-05 21:32:14.421  1987  3099 I CompositorVR: CheckDebuggerConnected: debugger 0
11-05 21:32:14.421  1987  3099 I VrRuntimeServer: SysProp debug mode is disabled on Server side
11-05 21:32:14.425  1987  2919 I ClientMgr: Non-overlay clients rendering status has changed: prev=23, curr=24, enabled=2
11-05 21:32:14.427  1987  2919 D VrRuntimeService: ForegroundAppInfo = {uid=10014 pid=2112 packageName=com.oculus.shellenv processName=com.oculus.shellenv
11-05 21:32:14.427  1987  2919 I ClientMgr: GetForegroundClientId: Found foreground uid 10014.
11-05 21:32:14.427  1987  2919 I ClientMgr: Primary client determined to be foreground client: com.oculus.shellenv.
11-05 21:32:14.427  1987  2919 I ClientMgr: ClientMgr::SetPrimaryCompositorClient: 2112:com.oculus.shellenv
11-05 21:32:14.428  1987  2919 W ClientMgr: ClientMgr::GetClientPermissionFlagsById: Client missing proper permissions: com.oculus.shellenv, 2
11-05 21:32:14.428  1987  2919 I CompositorClientMgr: Enable client 1
11-05 21:32:14.428  1987  2919 I VrRuntimeServer: EnableCompositorClient client(1): layer placement(0) flags(1) sm(0x73d649f010)
11-05 21:32:14.428  1987  2919 I ClientMgr: SetPrimaryPackageName - packageName com.oculus.shellenv processName com.oculus.shellenv clientId 1704197069 clientPid 2112
11-05 21:32:14.428  1987  2919 I ServiceInputManager: ServiceInputManager::SetPrimaryPackageName 'com.oculus.shellenv' 'com.oculus.shellenv'  updated AnytimeUI processname 0
11-05 21:32:14.428  1987  2919 I VrRuntimeService: RuntimeIPC: SendPrimaryPackageChangeEvent: PostClientEvent SUCCESS: com.YourCompany.TemplateProject3:com.YourCompany.TemplateProject3:6928, com.oculus.shellenv, com.oculus.shellenv
11-05 21:32:14.428  3140  3140 D VrGuardianUserService: onStartCommandIntent { act=FOREGROUND_CLIENT cmp=com.oculus.guardian/com.oculus.vrguardianservice.VrGuardianUserService (has extras) }
11-05 21:32:14.428  1987  2919 I VrRuntimeService: RuntimeIPC: SendPrimaryPackageChangeEvent: PostClientEvent SUCCESS: com.oculus.xrstreamingclient:com.oculus.xrstreamingclient:4056, com.oculus.shellenv, com.oculus.shellenv
11-05 21:32:14.428  1987  2919 I VrRuntimeService: RuntimeIPC: SendPrimaryPackageChangeEvent: PostClientEvent SUCCESS: com.oculus.guardian:com.oculus.vrguardianservice:3140, com.oculus.shellenv, com.oculus.shellenv
11-05 21:32:14.428  1987  2919 I VrRuntimeService: RuntimeIPC: SendPrimaryPackageChangeEvent: PostClientEvent SUCCESS: com.oculus.mrservice:com.oculus.mrservice:1870, com.oculus.shellenv, com.oculus.shellenv
11-05 21:32:14.428  1987  2919 I VrRuntimeService: RuntimeIPC: SendPrimaryPackageChangeEvent: PostClientEvent SUCCESS: com.oculus.vrshell:com.oculus.vrshell:3056, com.oculus.shellenv, com.oculus.shellenv
11-05 21:32:14.428  1987  2919 I VrRuntimeService: RuntimeIPC: SendPrimaryPackageChangeEvent: PostClientEvent SUCCESS: com.oculus.shellenv:com.oculus.shellenv:2112, com.oculus.shellenv, com.oculus.shellenv
11-05 21:32:14.428  1987  2919 I VrRuntimeService: RuntimeIPC: SendPrimaryPackageChangeEvent: PostClientEvent SUCCESS: com.oculus.vrshell:com.oculus.vrshell:Overlay:2364, com.oculus.shellenv, com.oculus.shellenv
11-05 21:32:14.428  3140  3140 D VrGuardianUserService: maybeSubscribeDeviceConfig
11-05 21:32:14.428  1987  2919 D VrRuntimeService: sendPrimaryPackageChangeBroadcast
11-05 21:32:14.429  1987  2919 I AADT    : SetAADTLutDataX: 0
11-05 21:32:14.429  1987  2919 I AADT    : SetAADTLutDataY: 0
11-05 21:32:14.429  1987  2919 I ServiceInputManager: DEADRECKONING deadReckoning mode on ClientMgr from server is 0
11-05 21:32:14.429  1987  2919 I CompositorClientMgr: Enable client 0
11-05 21:32:14.429  1987  2919 I VrRuntimeServer: EnableCompositorClient client(0): layer placement(2147483643) flags(8) sm(0x7381f21160)
11-05 21:32:14.429   849  1040 W TrackingService: attachClient: found client in attached list
11-05 21:32:14.430  2364  2364 I chatty  : uid=10020(com.oculus.vrshell) ShellOverlayMai expire 5 lines
11-05 21:32:14.431  4056  4163 E OsSdk   : error getting shared memory region, memory type: HeadTracker, failed with Status(-1, EX_SECURITY): 'requested shared memory region when not registered/focused'
11-05 21:32:14.431  3140  3140 D VrGuardianUserService: onStartCommand FOREGROUND_CLIENT user = 0
11-05 21:32:14.431  3140  3140 D VrGuardianService: setCurrentUser() called with: userId = [0]
11-05 21:32:14.431  3140  3140 I VrGuardianService: nativeSetCurrentUser userid = 0
11-05 21:32:14.431  3140  3140 I GuardianSystem: GuardianSystem::SetCurrentUser: 0 
11-05 21:32:14.431  1987  6737 I CompositorVR: LatchWarpClients: Multiple Primary Clients detected. Skipping frames for 11
11-05 21:32:14.431  1987  6737 I AADT    : SetAADTLutDataX. Thread. SizeX: 0
11-05 21:32:14.431  1987  6737 I AADT    : SetAADTLutDataY. Thread. SizeY: 0
11-05 21:32:14.434  1987  3099 I UnifiedTelemetryWrapper: Started UT session render:com.oculus.shellenv
11-05 21:32:14.435  4056  4123 D xrstreaming: receive pong: org 1545025500503 recv 20264424252800 xmt 20264426637000 (received at 1545029665138), offset divergence -83242
11-05 21:32:14.435  4056  4123 D xrstreaming: new clock offset=18719398626182 (rtt: 239940, dispersion: 1104950, jitter: 14805513)
11-05 21:32:14.436  3140  3199 I GuardianSystem: runtimeServiceSDKClient_.ForceShowGuardianEvent
11-05 21:32:14.436  3140  3199 I GuardianSystem: ForceShowGuardian: false, 0.00
11-05 21:32:14.436  3140  3199 I GuardianSystem: runtimeServiceSDKClient_.PackageChangeEvent: package=[com.oculus.shellenv], process=[com.oculus.shellenv]
11-05 21:32:14.436  3140  3199 I GuardianSystem: SetCurrentProcessName: com.oculus.shellenv, previous ProcessName: com.YourCompany.TemplateProject3
11-05 21:32:14.438  2112  2194 I ScreenCaptureHelper: Advertising com.oculus.shellenv as streamable
11-05 21:32:14.438  2112  2194 I VrApi   : OVR::Stats thread started
11-05 21:32:14.438  2112  2194 I XrRuntimeUtils: XrRuntimeUtils::BeginSession
11-05 21:32:14.438  2112  2194 I XrRuntimeSystem_Client: BeginSession
11-05 21:32:14.438  2112  2194 I OpenXR  : ------------ xrBeginSession [end] -----------
11-05 21:32:14.438  2112  2194 I Clay    : Setting CPU/GPU levels= 25/75
11-05 21:32:14.438  2112  2194 I VrRuntimeClient: Client has lost focus.
11-05 21:32:14.439  1987  2919 I Vsync   : Adjusting vsync display refresh rate 72.000000 -> 90.000000
11-05 21:32:14.439  2195  2195 I OVRMediaService: onStartCommand Received message type: set_package_name, caller package: no_app_identity, app identify: null
11-05 21:32:14.439  2195  2195 I OVRMediaService: Got package name intent (com.oculus.shellenv)
11-05 21:32:14.440  2112  7603 D VrApi   : targetSDKVersion 29
11-05 21:32:14.441  1987  6737 I CompositorVR: WarpToScreen: Skipping frames for 11
11-05 21:32:14.441  2112  7605 I FenceChecker: FenceChecker::MainLoop - started
11-05 21:32:14.441  2195  2195 I OVRMediaServiceManager: Sending onAppStart (com.oculus.shellenv) to SocialPlatform (com.oculus.socialplatform)
11-05 21:32:14.443  2112  7603 I JniUtils: ovr_GetCurrentPackageSignature 
11-05 21:32:14.443  2112  7603 I Metrics : device name = Oculus Quest 2
11-05 21:32:14.444  2112  2194 I OpenXR  : PostSessionStateChange: XR_SESSION_STATE_READY -> XR_SESSION_STATE_SYNCHRONIZED
11-05 21:32:14.445  3056  3056 I chatty  : uid=10020(com.oculus.vrshell) ShellMain expire 1 line
11-05 21:32:14.445  3056  3183 I chatty  : uid=10020(com.oculus.vrshell) ShellMainVR expire 11 lines
11-05 21:32:14.445  3056  3056 I chatty  : uid=10020(com.oculus.vrshell) ShellMain expire 1 line
11-05 21:32:14.446  1987  6737 I CompositorVR: SetSchedFifo( tid=2194, pol=3, pri=0 ) succeeded
11-05 21:32:14.446  1987  6737 I CompositorVR: SetSchedFifo( tid=7605, pol=3, pri=0 ) succeeded
11-05 21:32:14.455  1987  6737 I CompositorVR: WarpToScreen: Skipping frames for 11
11-05 21:32:14.458  3056  3183 I chatty  : uid=10020(com.oculus.vrshell) ShellMainVR expire 25 lines
11-05 21:32:14.462  2112  2194 I Clay    : xrPollEvent: SESSION_STATE_CHANGED: SYNCHRONIZED
11-05 21:32:14.467  1050  6588 W AppOps  : Noting op not finished: uid 10020 pkg com.oculus.vrshell code 24 time=1667683934205 duration=-1
11-05 21:32:14.469  1987  6737 I CompositorVR: WarpToScreen: Skipping frames for 11
11-05 21:32:14.469   856  3681 D VrApiService: refresh-rate changed to 90Hz
11-05 21:32:14.470  1987  2919 I VrRuntimeServer: DisableCompositorClient: 0
11-05 21:32:14.470  1987  2919 I CompositorClientMgr: Disable client 0
11-05 21:32:14.470  1987  2919 I CompositorClientMgr: DisableClient: frame flush required: 1
11-05 21:32:14.472  1050  6588 E WindowManager: App trying to use insecure INPUT_FEATURE_NO_INPUT_CHANNEL flag. Ignoring
11-05 21:32:14.473  1987  6737 I CompositorVR: LatchWarpClients: Multiple Primary Clients detected. Skipping frames for 11
11-05 21:32:14.475  1987  1987 I ClientMgr: FocusedWindowChanged: falling back to client with same uid: 10020, and pid: 3056
11-05 21:32:14.475  1987  1987 I ClientMgr: FocusedClient changed.
11-05 21:32:14.475  1987  1987 I ClientMgr: ClientMgr::SetFocusedClient: 3056:com.oculus.vrshell type 1
11-05 21:32:14.475  1987  1987 I ClientMgr: SetFocusedPackageName - packageName com.oculus.vrshell processName com.oculus.vrshell clientId 4190628339 clientPid 3056
11-05 21:32:14.475  1987  1987 I VrRuntimeService: RuntimeIPC: SendFocusChangeEventToAllClients: PostClientEvent SUCCESS: com.YourCompany.TemplateProject3:com.YourCompany.TemplateProject3:6928, com.oculus.vrshell, com.oculus.vrshell
11-05 21:32:14.475  1987  1987 I VrRuntimeService: RuntimeIPC: SendFocusChangeEventToAllClients: PostClientEvent SUCCESS: com.oculus.xrstreamingclient:com.oculus.xrstreamingclient:4056, com.oculus.vrshell, com.oculus.vrshell
11-05 21:32:14.475  1987  1987 I VrRuntimeService: RuntimeIPC: SendFocusChangeEventToAllClients: PostClientEvent SUCCESS: com.oculus.guardian:com.oculus.vrguardianservice:3140, com.oculus.vrshell, com.oculus.vrshell
11-05 21:32:14.475  1987  1987 I VrRuntimeService: RuntimeIPC: SendFocusChangeEventToAllClients: PostClientEvent SUCCESS: com.oculus.mrservice:com.oculus.mrservice:1870, com.oculus.vrshell, com.oculus.vrshell
11-05 21:32:14.475  1987  1987 I VrRuntimeService: RuntimeIPC: SendFocusChangeEventToAllClients: PostClientEvent SUCCESS: com.oculus.vrshell:com.oculus.vrshell:3056, com.oculus.vrshell, com.oculus.vrshell
11-05 21:32:14.475  1987  1987 I VrRuntimeService: RuntimeIPC: SendFocusChangeEventToAllClients: PostClientEvent SUCCESS: com.oculus.shellenv:com.oculus.shellenv:2112, com.oculus.vrshell, com.oculus.vrshell
11-05 21:32:14.475  1987  1987 I VrRuntimeService: RuntimeIPC: SendFocusChangeEventToAllClients: PostClientEvent SUCCESS: com.oculus.vrshell:com.oculus.vrshell:Overlay:2364, com.oculus.vrshell, com.oculus.vrshell
11-05 21:32:14.476   849  3698 W TrackingService: attachClient: found client in attached list
11-05 21:32:14.477   742   742 I SDM     : HWCDisplayBuiltIn::Validate: Validate +++ enable cac = 0
11-05 21:32:14.477  4056  4163 E OsSdk   : error getting shared memory region, memory type: HeadTracker, failed with Status(-1, EX_SECURITY): 'requested shared memory region when not registered/focused'
11-05 21:32:14.479  2364  3003 I chatty  : uid=10020(com.oculus.vrshell) ShellOverlayVR expire 4 lines
11-05 21:32:14.479  2364  3003 I [OAO] ShellOverlayApp: UpdatePrimaryPackage - Previous package:[com.oculus.shellenv] immersive app changed:1
11-05 21:32:14.479  2364  3003 I [OAO] OverlayFlowController: OnPrimaryPackageChange primaryPackage:com.oculus.shellenv immersiveAppChanged:1 forceSilentUpdate:0
11-05 21:32:14.479  2364  3003 I [OAO] OverlayFlowController: Non system primary client change: ready to sleep
11-05 21:32:14.479  2364  3003 I [OAO] OverlayFlowController: Reset resetReason : ReturnToShellHome
11-05 21:32:14.479  2364  3003 I [OAO] OverlayFlowController: Reset resetting current flow : OverlayDesktopFlow
11-05 21:32:14.479  2364  3003 I [OAO] OverlayDesktopFlow: Deactivated
11-05 21:32:14.479  2364  3003 I [OAO] DesktopPanelController: Backgrounded desktop Tablet with reason flowDeactivation
11-05 21:32:14.479  2364  3003 I [OAO] OverlayDesktopFlow: OverlayDesktopFlow Reset
11-05 21:32:14.479  2364  3003 I [OAO] DesktopPanelControllerAnalytics: DesktopPanelControllerAnalytics flushing telemetry
11-05 21:32:14.479  2364  3003 I [OAO] DesktopPanelControllerAnalytics: FlushPendingDesktopMetrics Tablet
11-05 21:32:14.480  3056  3056 D [SEO] BaseOverlayService: setOverlayInputFocus : completed - inputFocus=true shouldSupportIME=true actionTaken:true
11-05 21:32:14.480  2364  3003 I [OAO] DesktopPanelControllerAnalytics: DesktopPanelControllerAnalytics flushing telemetry
11-05 21:32:14.480  2364  3003 I [OAO] SystemAssistant: OnModeChanged from Paused to FullShell
11-05 21:32:14.481  2364  3003 I [OAO] SystemAssistant: Assistant panel is not active. Command [hide-attention-instant] could not be sent
11-05 21:32:14.481  2364  3003 I [OAO] PanelAppHost: PanelAppHost destructor, panel 4 (com.oculus.systemux/com.oculus.panelapp.anytimeui.AnytimeUIAndroidPanelService)
11-05 21:32:14.481  2364  3003 I [OAO] PanelAppHost: Panel app 4 (com.oculus.systemux/com.oculus.panelapp.anytimeui.AnytimeUIAndroidPanelService) changing state from foreground to shutdown
11-05 21:32:14.481  2364  3003 D [OAO] ShellApplication: Unbinding service for panel app id 4
11-05 21:32:14.483  1987  6737 I CompositorVR: WarpToScreen: Skipping frames for 11
11-05 21:32:14.485  3056  3183 I ClientInputSettings: HANDTRACKING:  'com.oculus.vrshell' Is hands or controller.
11-05 21:32:14.485  3056  3183 I ClientInputSettings: HANDTRACKING: feature flag set to 2
11-05 21:32:14.485  3056  3183 I ClientInputInterface: HANDTRACKING sethandmanifest 2
11-05 21:32:14.485  3056  3183 D InputHooksJava: Enabling Java Input Hooks
11-05 21:32:14.485  3056  3183 W InputHooksJava: Unable to enable input hooks on a non-Activity Context
11-05 21:32:14.485  3056  3183 I InputDeviceManager: ovrInputDeviceManager::Initialize
11-05 21:32:14.485  3056  3183 I Distortion: Initializing Mesh Decenter Correction
11-05 21:32:14.486   844  1026 E CalibrationProvider: loadCalibration(LDISP_SN) failed: Calibration store didn't load any info
11-05 21:32:14.486   844  1026 E CalibrationProvider: loadCalibration(RDISP_SN) failed: Calibration store didn't load any info
11-05 21:32:14.486   849  1040 W TrackingService: attachClient: found client in attached list
11-05 21:32:14.486  3056  3183 I Distortion: SetLensPositions - iad=0.0629665, left offset=-0.000277583,-0.00102733, right offset=0.000156749,-0.00104481
11-05 21:32:14.486  3056  3183 I Distortion: Initializing Mesh Decenter Correction
11-05 21:32:14.487  3565  7275 I chatty  : uid=10026 com.oculus.systemux:SystemUX expire 1 line
11-05 21:32:14.487   844  1026 E CalibrationProvider: loadCalibration(LDISP_SN) failed: Calibration store didn't load any info
11-05 21:32:14.487   844  1026 E CalibrationProvider: loadCalibration(RDISP_SN) failed: Calibration store didn't load any info
11-05 21:32:14.487  1987  6737 I SwapChain: DestroyAndroidSurfaceSwapChain: 0x7350293000: Destroying SurfaceTexture 0x2936 Surface 0x2946
11-05 21:32:14.488  3056  3183 I Distortion: SetLensPositions - iad=0.0629665, left offset=-0.000277583,-0.00102733, right offset=0.000156749,-0.00104481
11-05 21:32:14.488  3056  3183 I Distortion: Created custom distortion mesh.
11-05 21:32:14.488   849  1040 D TrackingService: getSharedMemory: com.oculus.vrshell#3056, Controller
11-05 21:32:14.489  3056  7606 I InputDevice_TrackedRemote: REMOTE: Hand=1 IndexAnalog=0.00 GripAnalog=0.00 Buttons=0x00000000
11-05 21:32:14.489  3056  7606 I InputDevice_TrackedRemote: REMOTE: Hand=2 IndexAnalog=0.00 GripAnalog=0.00 Buttons=0x00000000
11-05 21:32:14.489  3056  7606 I InputDeviceManager: HANDTRACKING Pointer filter profile changed to: 0
11-05 21:32:14.489  3056  7606 I InputDeviceManager: HANDTRACKING Pointer filter profile changed to: 0
11-05 21:32:14.489  3056  7606 I InputDeviceManager: HANDTRACKING Root pose filter profile changed for (version, freq) to (2, 1) from (1,2)
11-05 21:32:14.489  3056  3183 I PhaseSync: PhaseSync::PhaseSync PaddingLowerLimit 0.350000 StandardDeviations 2.000000 PaddingUpperLimit 0.750000 on instance 5
11-05 21:32:14.489  3056  3183 I VrRuntimeClient: PhaseSync Instance created
11-05 21:32:14.489  1987  3181 I VrRuntimeService: RuntimeServiceSDKServer::EnableRendering: 0x0, 0, com.oculus.vrshell
11-05 21:32:14.489  1987  3181 I ClientMgr: EnableRendering2: invalid clientWindow, testing uid/pid
11-05 21:32:14.489  1987  3181 I ClientMgr: EnableRendering2: matched uid: 10020 and pid: 3056 
11-05 21:32:14.489  1987  3181 I ClientMgr: EnableRendering2: Calling SetFocusedClient: 4190628339
11-05 21:32:14.489  1987  3181 I ClientMgr: ClientMgr::SetFocusedClient: 3056:com.oculus.vrshell type 1
11-05 21:32:14.489  1987  3181 I ClientMgr: SetFocusedPackageName - packageName com.oculus.vrshell processName com.oculus.vrshell clientId 4190628339 clientPid 3056
11-05 21:32:14.489  1987  3181 I ClientMgr: ClientMgr::EnableRendering 3056:com.oculus.vrshell : type 1 comp-id 5: enable
11-05 21:32:14.489  1987  3181 I CompositorClientMgr: Enable client 5
11-05 21:32:14.489  1987  3181 I VrRuntimeServer: EnableCompositorClient client(5): layer placement(2147483647) flags(0) sm(0x73d08f9010)
11-05 21:32:14.489  1987  3181 I CompositorVR: CheckDebuggerConnected: debugger 0
11-05 21:32:14.489  1987  3181 I VrRuntimeServer: SysProp debug mode is disabled on Server side
11-05 21:32:14.496  1987  6737 I CompositorVR: LatchWarpClients: Multiple Primary Clients detected. Skipping frames for 11
11-05 21:32:14.497  1987  6737 I CompositorVR: WarpToScreen: Skipping frames for 11
11-05 21:32:14.502  1987  6737 I Vsync   : Vsync 9364:  1 x 11.14 ms (71.82 Hz, at 1545.097)
11-05 21:32:14.508  1987  6737 I CompositorVR: WarpToScreen: Skipping frames for 11
11-05 21:32:14.510  4056  4123 D xrstreaming: receive ping: org 0 recv 0 xmt 20264495770800 (received at 1545104652065), offset divergence -83242
11-05 21:32:14.512  1987  3181 I UnifiedTelemetryWrapper: Started UT session render:com.oculus.vrshell
11-05 21:32:14.512  3056  3183 I VrApi   : OVR::Stats thread started
11-05 21:32:14.512  3056  3183 I XrRuntimeUtils: XrRuntimeUtils::BeginSession
11-05 21:32:14.512  3056  3183 I XrRuntimeSystem_Client: BeginSession
11-05 21:32:14.512  3056  3183 I OpenXR  : ------------ xrBeginSession [end] -----------
11-05 21:32:14.513  1870  3470 I [CT]    : MIXEDREALITY: MrFeatureStatus: Client status changed from Paused to Started.
11-05 21:32:14.513  1870  3470 I [CT]    : MIXEDREALITY: MrFeatureStatus: Target status Started, CurrentStatus: Started
11-05 21:32:14.513  3056  3183 I [SEO] VrPlatformOpenXr: VrPlatformOpenXr::SetPropInhibitHandleHomeKey inhibit:1
11-05 21:32:14.513  3056  3183 I OpenXR_DeviceSettings: ------------ xrSetDeviceSettingBooleanFB -----------
11-05 21:32:14.513  3056  3183 I ClientInputSettings: SetInhibitHandleHomeKey = true for com.oculus.vrshell
11-05 21:32:14.513  3056  3183 I ClientInputInterface: SetInhibitHandleHomeKey 1 for process com.oculus.vrshell 3056
11-05 21:32:14.513  3056  3183 I [SEO] VrPlatformOpenXr: VrPlatformOpenXr::SetPropInhibitHandleHomeKey result = 0
11-05 21:32:14.513  3056  3183 I [SEO] Compositor: EnterVrMode with eye buffer: 1440x1584 : 3
11-05 21:32:14.513  3056  3183 I [SEO] AudioMixer: Enabling AudioPlayer.
11-05 21:32:14.513  3056  3183 I [SEO] AudioEngine: virtual void AudioLibrary::AudioEngine::EnablePlayer()
11-05 21:32:14.514  1870  3330 I [CT]    : MIXEDREALITY: MrServiceView: renderIteration: Nothing to render, hibernating the rendering thread since ID is off and no active PT layers.
11-05 21:32:14.514  1870  3330 I [CT]    : MIXEDREALITY: MrServiceModel: Hibernating caller (most likely rendering thread) due to commandQueue being empty.
11-05 21:32:14.514  3056  3183 D         : PlayerBase::PlayerBase()
11-05 21:32:14.514  3056  3183 D         : TrackPlayerBase::TrackPlayerBase()
11-05 21:32:14.514  3056  3183 I libOpenSLES: Emulating old channel mask behavior (ignoring positional mask 0x3, using default mask 0x3 based on channel count of 2)
11-05 21:32:14.516  3056  7609 D VrApi   : targetSDKVersion 29
11-05 21:32:14.517  1987  6737 I CompositorVR: WarpToScreen: Skipping frames for 11
11-05 21:32:14.517  2112  2194 I Clay    : xrPollEvent: DISPLAY_REFRESH_RATE_CHANGED_FB: 72.000000 -> 90.000000
11-05 21:32:14.517   728  6772 I audio_hw_primary: getting vr mode to 0
11-05 21:32:14.518   748  4957 I AudioPolicyManagerCustom: VR mode is 0, switch to primary output if request is for fast|raw
11-05 21:32:14.519  3056  7609 I JniUtils: ovr_GetCurrentPackageSignature 
11-05 21:32:14.519   748  4957 W AudioFlinger: createTrack_l(): mismatch between requested flags (00000104) and output flags (00000006)
11-05 21:32:14.519   748  4957 D AudioFlinger: Client defaulted notificationFrames to 192 for frameCount 384
11-05 21:32:14.520  3056  7609 I Metrics : device name = Oculus Quest 2
11-05 21:32:14.521   849  1040 W TrackingService: attachClient: found client in attached list
11-05 21:32:14.521   748  4957 D AF::TrackHandle: OpPlayAudio: track:84 uid:10020 pkg:com.oculus.vrshell usage:1 not muted
11-05 21:32:14.523  4056  4163 E OsSdk   : error getting shared memory region, memory type: HeadTracker, failed with Status(-1, EX_SECURITY): 'requested shared memory region when not registered/focused'
11-05 21:32:14.524   849  6789 W TrackingService: attachClient: found client in attached list
11-05 21:32:14.525  4056  4163 E OsSdk   : error getting shared memory region, memory type: AnchorTracker, failed with Status(-1, EX_SECURITY): 'requested shared memory region when not registered/focused'
11-05 21:32:14.526  3056  3183 I AudioTrack: createTrack_l(0): AUDIO_OUTPUT_FLAG_FAST successful; frameCount 0 -> 384
11-05 21:32:14.528  1987  6737 I CompositorVR: WarpToScreen: Skipping frames for 11
11-05 21:32:14.531  1987  1987 D VrRuntimeService: onForegroundActivitiesChanged: pid=3056, uid=10020, hasForegroundActivities=false
11-05 21:32:14.539  3056  3183 D [SEO] ShellApplication: requestAudioFocus, transientFocus=false
11-05 21:32:14.539  3056  3183 W AudioManager: Use of stream types is deprecated for operations other than volume control
11-05 21:32:14.539  3056  3183 W AudioManager: See the documentation of requestAudioFocus() for what to use instead with android.media.AudioAttributes to qualify your playback use case
11-05 21:32:14.539  1987  6737 I CompositorVR: WarpToScreen: Skipping frames for 11
11-05 21:32:14.550  1987  6737 I CompositorVR: WarpToScreen: Skipping frames for 11
11-05 21:32:14.553  1050  4055 I MediaFocusControl: requestAudioFocus() from uid/pid 10020/3056 clientId=android.media.AudioManager@1b1c06bcom.oculus.vrshell.ShellAudioFocusHandler@f11b7c8 callingPack=com.oculus.vrshell req=1 flags=0x0 sdk=29
11-05 21:32:14.554  3056  3183 I [SEO] AudioSystem: Got audio focus : 1
11-05 21:32:14.555  3056  3183 I [SEO] EnvironmentManagerUtilities: Skipping entitlement check for sideloaded environment apk://com.environment.matrixloadingvoid/assets/scene.zip.
11-05 21:32:14.555  3056  3183 I [SEO] LocalSpace: ResetNextFrame
11-05 21:32:14.555  3056  3183 I [SEO] SystemAssistant: OnModeChanged from ImmersiveAppFocused to FullShell
11-05 21:32:14.555  3056  3183 I [SEO] LocalSpace: EnterVrMode: Setting local pose state.
11-05 21:32:14.556  2364  3003 I [OAO] SwapChainApiOpenXr: Destroying SwapChain:0xdcad2b70
11-05 21:32:14.556  1987  2937 I VrRuntimeService: DestroySwapChain: swapchain=168
11-05 21:32:14.556  1987  2775 I SwapChain: DestroyAndroidSurfaceSwapChain: 0x7379887000: Destroying SurfaceTexture 0x2886 Surface 0x2896
11-05 21:32:14.556  1987  2937 I VrRuntimeServer: DestroyTextureSwapChain: result destroyswapchain 1
11-05 21:32:14.562  1987  6737 I CompositorVR: WarpToScreen: Skipping frames for 11
11-05 21:32:14.566   849  1040 W TrackingService: attachClient: found client in attached list
11-05 21:32:14.566  1808  1808 D OculusNotificationListenerService: Notification posted: 0|android|0|com.android.server.wm.AlertWindowNotification - com.oculus.vrshell|1000
11-05 21:32:14.569  4056  4163 E OsSdk   : error getting shared memory region, memory type: HeadTracker, failed with Status(-1, EX_SECURITY): 'requested shared memory region when not registered/focused'
11-05 21:32:14.573  1987  6737 I CompositorVR: WarpToScreen: Skipping frames for 11
11-05 21:32:14.574  1503  1503 V AvrcpMediaPlayerList: onPlaybackConfigChanged(): Configs list size=10
11-05 21:32:14.582  2364  3003 I [OAO] SwapChainApiOpenXr: Destroying SwapChain:0xbd877ce0
11-05 21:32:14.583  1987  2937 I VrRuntimeService: DestroySwapChain: swapchain=177
11-05 21:32:14.583  1987  2937 I VrRuntimeServer: DestroyTextureSwapChain: result destroyswapchain 1
11-05 21:32:14.583  2364  3003 I [OAO] SwapChainApiOpenXr: Destroying SwapChain:0xdcad2940
11-05 21:32:14.583  1987  2937 I VrRuntimeService: DestroySwapChain: swapchain=167
11-05 21:32:14.583  1987  2775 I SwapChain: DestroyAndroidSurfaceSwapChain: 0x737986f000: Destroying SurfaceTexture 0x284a Surface 0x285a
11-05 21:32:14.583  1987  2937 I VrRuntimeServer: DestroyTextureSwapChain: result destroyswapchain 1
11-05 21:32:14.584  1987  6737 I CompositorVR: WarpToScreen: Skipping frames for 11
11-05 21:32:14.587  2364  3003 I [OAO] SystemDialogController: Reset
11-05 21:32:14.587  2364  3003 I [OAO] DialogControllerManager: Reset resetReason:6
11-05 21:32:14.587  2364  3003 I [OAO] OverlayFlowController: Reset - Resetting lastNonSystemPackageName to empty
11-05 21:32:14.587  2364  3003 I [OAO] FlowController: UpdateActiveFlow from (none) to OverlayNonModalFlow
11-05 21:32:14.587  2364  3003 I [OAO] OverlayNonModalFlow: Activated
11-05 21:32:14.587  2364  3003 I [OAO] OverlayFlowController: OnPrimaryPackageChange Setting lastNonSystemPackageName = com.oculus.shellenv
11-05 21:32:14.587  2364  3003 I [OAO] OsDialogProvider: dialogHostClient disconnected
11-05 21:32:14.587  2364  3003 I RuntimeIPCClientMgr: RuntimeIPCClientMgr::DisconnectFromServer: 0, Client: com.oculus.vrshell:com.oculus.vrshell:Overlay:2364, Server: com.oculus.os.dialoghost:com.oculus.os.dialoghost (DialogHostService)
11-05 21:32:14.587  1850  1882 I RuntimeIPCServerMgr: HandleClientDisconnect: Client: com.oculus.vrshell:com.oculus.vrshell:Overlay:2364, Server: com.oculus.os.dialoghost:com.oculus.os.dialoghost (DialogHostService)
11-05 21:32:14.590  2364  2364 D [OAO] VrBroadcastReceiver: action: com.oculus.vrshell.intent.action.NOTIFICATION_WAKE
11-05 21:32:14.593  2364  2364 D [OAO] VrNotificationService: VrNotificationService onStartCommand() Intent { cmp=com.oculus.vrshell/.VrNotificationService }
11-05 21:32:14.595  1987  6737 I CompositorVR: WarpToScreen: Skipping frames for 11
11-05 21:32:14.595  2364  3003 I RuntimeIPCClient: RuntimeIPCClient: Shutdown: Client: com.oculus.vrshell:com.oculus.vrshell:Overlay:2364, Server: com.oculus.os.dialoghost:com.oculus.os.dialoghost (DialogHostService)
11-05 21:32:14.596  2364  3003 I RuntimeIPCApi: ipc_Shutdown
11-05 21:32:14.596  2364  3003 I RuntimeIPCServiceClient: Shutdown: Refs still outstanding: 18, com.oculus.vrshell:Overlay
11-05 21:32:14.597  2364  3003 I [OAO] OverlaySystemUxOsDialogFlow: OverlaySystemUxOsDialogFlow UpdatePrimaryPackage isVrShellPackage:1 isSystemPackage:0
11-05 21:32:14.597  2364  3003 I [OAO] OverlayGuardianPtodFlow: OverlayGuardianPtodFlow UpdatePrimaryPackage lastNonSystemPackage:com.oculus.shellenv isVrShellPackage1
11-05 21:32:14.597  2364  3003 I [OAO] OverlayGuardianFlow: OverlayGuardianFlow UpdatePrimaryPackage lastNonSystemPackage:com.oculus.shellenv isVrShellPackage1
11-05 21:32:14.597  2364  3003 I VrRuntimeClient: Client has lost focus.
11-05 21:32:14.597  2364  3003 I OpenXR  : PostSessionStateChange: XR_SESSION_STATE_FOCUSED -> XR_SESSION_STATE_VISIBLE
11-05 21:32:14.597  2364  3003 I [OAO] VrPlatformOpenXr: xrPollEvent: received XR_TYPE_EVENT_DATA_DISPLAY_REFRESH_RATE_CHANGED_FB event: fromRate 72.000000 -> toRate 90.000000
11-05 21:32:14.597  2364  3003 I [OAO] VrPlatformOpenXr: xrPollEvent: received XR_TYPE_EVENT_DATA_SESSION_STATE_CHANGED: 4 for session 0x3 at time 1545.191559
11-05 21:32:14.597  2364  3003 I [OAO] VrPlatformOpenXr: Session state changed XR_SESSION_STATE_VISIBLE
11-05 21:32:14.597  2364  3003 I [OAO] ShellOverlayApp: ResolveInteractionState: change from InputFocus to Rendering
11-05 21:32:14.597  2364  3003 D [OAO] ShellApplication: setOverlayInputFocus: inputFocus=false shouldSupportIME=false
11-05 21:32:14.597  2364  3003 D [OAO] BaseOverlayService: setOverlayInputFocus : entrypoint - inputFocus=false shouldSupportIME=false
11-05 21:32:14.597  2364  3003 I [OAO] SystemAssistant: OnModeChanged from FullShell to ImmersiveAppFocused
11-05 21:32:14.601  1050  1078 E system_server: Dex checksum does not match for dex: /system/priv-app/ShellEnv/ShellEnv.apk.Expected: 73932191, actual: 3617447080
11-05 21:32:14.605  2364  3003 I [OAO] SystemTaskBar: Create PanelApp
11-05 21:32:14.605  2364  3003 I [OAO] PanelAppLaunchInfo: PanelAppLaunchInfo componentString:com.oculus.systemux/com.oculus.panelapp.anytimeui.AnytimeUIAndroidPanelService packageName:com.oculus.systemux serviceName:com.oculus.panelapp.anytimeui.AnytimeUIAndroidPanelService componentName:com.oculus.systemux/com.oculus.panelapp.anytimeui.AnytimeUIAndroidPanelService
11-05 21:32:14.605  2364  3003 I [OAO] HostPlatform: Retrieving component launch information for package (com.oculus.systemux) and service (com.oculus.panelapp.anytimeui.AnytimeUIAndroidPanelService)
11-05 21:32:14.606  1987  6737 I CompositorVR: WarpToScreen: Skipping frames for 11
11-05 21:32:14.613  2364  2364 D [OAO] BaseOverlayService: detachServiceWindowView
11-05 21:32:14.614   849  1040 I chatty  : uid=1000(system) Binder:849_2 identical 1 line
11-05 21:32:14.614  2364  3003 I [OAO] HostPlatform: Is valid panel service component for package (com.oculus.systemux) and service (com.oculus.panelapp.anytimeui.AnytimeUIAndroidPanelService) - true
11-05 21:32:14.614  2364  3003 I [OAO] ShellOverlayApp: CreatePanelApp( com.oculus.systemux/com.oculus.panelapp.anytimeui.AnytimeUIAndroidPanelService )
11-05 21:32:14.614  2364  3003 I [OAO] ShellOverlayApp: Environment:
11-05 21:32:14.616  4056  4163 E OsSdk   : error getting shared memory region, memory type: HeadTracker, failed with Status(-1, EX_SECURITY): 'requested shared memory region when not registered/focused'
11-05 21:32:14.617  1987  6737 I CompositorVR: WarpToScreen: Skipping frames for 11
11-05 21:32:14.618  3056  3183 I ipcLoader_static: RuntimeIPC: Loader: IPC Service API Loader Version: 31 Sep 26 2022 14:33:58
11-05 21:32:14.618  3056  3183 I RuntimeIPCApi: ipc_Initialize
11-05 21:32:14.618  3056  3183 I RuntimeIPCServiceClient: Init: Already initialized: com.oculus.vrshell, 17
11-05 21:32:14.618  2364  3003 I [OAO] PanelAppHost: PanelAppHost constructor, panel 8 (com.oculus.systemux/com.oculus.panelapp.anytimeui.AnytimeUIAndroidPanelService)
11-05 21:32:14.619  2364  3003 I [OAO] PanelAppHost: Panel app 8 (com.oculus.systemux/com.oculus.panelapp.anytimeui.AnytimeUIAndroidPanelService) changing state from startup to foreground
11-05 21:32:14.620  1850  1882 D RuntimeIPCServerMgr: RegisterClient: Client: com.oculus.vrshell:com.oculus.vrshell:3056, Server: com.oculus.os.dialoghost:com.oculus.os.dialoghost (DialogHostService)
11-05 21:32:14.620  1850  1882 I IPCSharedMemory: CreateSharedMemory: Allocated shared memory fd 40 (ipcStateReadWrite)
11-05 21:32:14.620  1850  1882 I IPCSharedMemory: CreateSharedMemory: Allocated shared memory fd 41 (ipcReadOnlyState)
11-05 21:32:14.620  1850  1882 I RuntimeIPCServerMgr: Event buffer size (server): 8192
11-05 21:32:14.621  1850  1882 I IPCSharedMemory: CreateSharedMemory: Allocated shared memory fd 42 (ipcEventBuffer)
11-05 21:32:14.622  1850  1882 I IPCSharedMemory: CreateSharedMemory: Allocated shared memory fd 43 (ipcEventBuffer_Private)
11-05 21:32:14.622  1850  1882 I RuntimeIPCServerMgr: HandleClientConnect SUCCESS: Client: com.oculus.vrshell:com.oculus.vrshell:3056, Server: com.oculus.os.dialoghost:com.oculus.os.dialoghost (DialogHostService)
11-05 21:32:14.622  1850  4797 I RuntimeIPCServerMgr: GetServerStatesConfig -> {MaxBufferSize=32768, MaxEntries=64}
11-05 21:32:14.622  3056  3183 I RuntimeIPCClient: GetServerStatesConfig returned maxEntries=64, maxBuffSize=32768
11-05 21:32:14.622  3056  3183 I RuntimeIPCClient: Event buffer size (client): 8192
11-05 21:32:14.622  3056  3183 I RuntimeIPCClient: TryToGetIPCResourcesFromServer: RPC_CONNECTOR_CONNECT_TO_SERVER SUCCESS: Client: com.oculus.vrshell:com.oculus.vrshell:3056, Server: com.oculus.os.dialoghost:com.oculus.os.dialoghost (DialogHostService)
