--------- beginning of main
02-27 23:21:33.629 10095 10146 E OsSdk   : error getting shared memory region, memory type: HeadTracker, failed with Status(-1, EX_SECURITY): 'requested shared memory region when not registered/focused'
02-27 23:21:33.629 10095 10146 W [CT]    : SlamAnchorMemoryRuntimeIpcServer: HeadTracker::getState failed
02-27 23:21:33.629 10095 10146 W [CT]    : SlamAnchorMemoryRuntimeIpcServerThread: RigidBodyStates update failure.
02-27 23:21:33.671 10095 10193 E OsSdk   : error getting shared memory region, memory type: HeadTracker, failed with Status(-1, EX_SECURITY): 'requested shared memory region when not registered/focused'
02-27 23:21:33.675 10095 10146 E OsSdk   : error getting shared memory region, memory type: HeadTracker, failed with Status(-1, EX_SECURITY): 'requested shared memory region when not registered/focused'
02-27 23:21:33.675 10095 10146 W [CT]    : SlamAnchorMemoryRuntimeIpcServer: HeadTracker::getState failed
02-27 23:21:33.675 10095 10146 W [CT]    : SlamAnchorMemoryRuntimeIpcServerThread: RigidBodyStates update failure.
--------- beginning of system
02-27 23:21:33.708  1060  2587 I ActivityTaskManager: START u0 {flg=0x10000000 cmp=com.YourCompany.TemplateProject3/com.epicgames.ue4.GameActivity} from uid 2000
02-27 23:21:33.715 10095 10146 E OsSdk   : error getting shared memory region, memory type: HeadTracker, failed with Status(-1, EX_SECURITY): 'requested shared memory region when not registered/focused'
02-27 23:21:33.715 10095 10146 W [CT]    : SlamAnchorMemoryRuntimeIpcServer: HeadTracker::getState failed
02-27 23:21:33.715 10095 10146 W [CT]    : SlamAnchorMemoryRuntimeIpcServerThread: RigidBodyStates update failure.
02-27 23:21:33.717 10095 10193 E OsSdk   : error getting shared memory region, memory type: HeadTracker, failed with Status(-1, EX_SECURITY): 'requested shared memory region when not registered/focused'
02-27 23:21:33.756 10095 10146 E OsSdk   : error getting shared memory region, memory type: HeadTracker, failed with Status(-1, EX_SECURITY): 'requested shared memory region when not registered/focused'
02-27 23:21:33.756 10095 10146 W [CT]    : SlamAnchorMemoryRuntimeIpcServer: HeadTracker::getState failed
02-27 23:21:33.756 10095 10146 W [CT]    : SlamAnchorMemoryRuntimeIpcServerThread: RigidBodyStates update failure.
--------- beginning of tracking
02-27 23:21:33.762   875  1575 I chatty  : uid=1000(system) Binder:875_4 expire 62 lines
02-27 23:21:33.764 10095 10193 E OsSdk   : error getting shared memory region, memory type: HeadTracker, failed with Status(-1, EX_SECURITY): 'requested shared memory region when not registered/focused'
02-27 23:21:33.798   875  1575 W TrackingService: attachClient: found client in attached list
02-27 23:21:33.800 10095 10146 E OsSdk   : error getting shared memory region, memory type: HeadTracker, failed with Status(-1, EX_SECURITY): 'requested shared memory region when not registered/focused'
02-27 23:21:33.800 10095 10146 W [CT]    : SlamAnchorMemoryRuntimeIpcServer: HeadTracker::getState failed
02-27 23:21:33.801 10095 10146 W [CT]    : SlamAnchorMemoryRuntimeIpcServerThread: RigidBodyStates update failure.
02-27 23:21:33.801   875 10704 W [CT]    : VEGA:MAP_TRACKING_HM: [Throttled count=25] Map tracking did not run.
02-27 23:21:33.801   875  1459 W TrackingService: attachClient: found client in attached list
02-27 23:21:33.804 10095 10146 E OsSdk   : error getting shared memory region, memory type: AnchorTracker, failed with Status(-1, EX_SECURITY): 'requested shared memory region when not registered/focused'
02-27 23:21:33.804 10095 10146 W [CT]    : SlamAnchorMemoryRuntimeIpcServer: getAnchorStates failed
02-27 23:21:33.804 10095 10146 W [CT]    : SlamAnchorMemoryRuntimeIpcServerThread: AnchorStates update failure.
02-27 23:21:33.804   875  1459 W TrackingService: attachClient: found client in attached list
02-27 23:21:33.805 10095 10193 E OsSdk   : error getting shared memory region, memory type: HeadTracker, failed with Status(-1, EX_SECURITY): 'requested shared memory region when not registered/focused'
02-27 23:21:33.805   875  1575 W TrackingService: attachClient: found client in attached list
02-27 23:21:33.806 10095 10193 E OsSdk   : error getting shared memory region, memory type: AnchorTracker, failed with Status(-1, EX_SECURITY): 'requested shared memory region when not registered/focused'
02-27 23:21:33.846   875  1575 W TrackingService: attachClient: found client in attached list
02-27 23:21:33.847 10095 10146 W [CT]    : SlamAnchorMemoryRuntimeIpcServer: HeadTracker::getState failed
02-27 23:21:33.847 10095 10146 W [CT]    : SlamAnchorMemoryRuntimeIpcServerThread: RigidBodyStates update failure.
02-27 23:21:33.848 10095 10193 E OsSdk   : error getting shared memory region, memory type: HeadTracker, failed with Status(-1, EX_SECURITY): 'requested shared memory region when not registered/focused'
02-27 23:21:33.891   875 10685 D TrackingService: [HANDTRACKING] Controller 86557c336c360320 in hand: N, valid: Y
02-27 23:21:33.892 10095 10146 W [CT]    : SlamAnchorMemoryRuntimeIpcServer: HeadTracker::getState failed
02-27 23:21:33.892 10095 10146 W [CT]    : SlamAnchorMemoryRuntimeIpcServerThread: RigidBodyStates update failure.
02-27 23:21:33.892   875  1575 W TrackingService: attachClient: found client in attached list
02-27 23:21:33.895 10095 10193 E OsSdk   : error getting shared memory region, memory type: HeadTracker, failed with Status(-1, EX_SECURITY): 'requested shared memory region when not registered/focused'
02-27 23:21:33.937 10095 10146 W [CT]    : SlamAnchorMemoryRuntimeIpcServer: HeadTracker::getState failed
02-27 23:21:33.937 10095 10146 W [CT]    : SlamAnchorMemoryRuntimeIpcServerThread: RigidBodyStates update failure.
02-27 23:21:33.937 10095 10193 E OsSdk   : error getting shared memory region, memory type: HeadTracker, failed with Status(-1, EX_SECURITY): 'requested shared memory region when not registered/focused'
02-27 23:21:33.981 10095 10146 W [CT]    : SlamAnchorMemoryRuntimeIpcServer: HeadTracker::getState failed
02-27 23:21:33.981 10095 10146 W [CT]    : SlamAnchorMemoryRuntimeIpcServerThread: RigidBodyStates update failure.
02-27 23:21:33.981 10095 10193 E OsSdk   : error getting shared memory region, memory type: HeadTracker, failed with Status(-1, EX_SECURITY): 'requested shared memory region when not registered/focused'
02-27 23:21:33.986   875 10652 I [CT]    : boltlib: DSP utilization: 11.22 % (561 / 5004 ms)
02-27 23:21:34.027 10095 10146 W [CT]    : SlamAnchorMemoryRuntimeIpcServer: HeadTracker::getState failed
02-27 23:21:34.027 10095 10146 W [CT]    : SlamAnchorMemoryRuntimeIpcServerThread: RigidBodyStates update failure.
02-27 23:21:34.029 10095 10193 E OsSdk   : error getting shared memory region, memory type: HeadTracker, failed with Status(-1, EX_SECURITY): 'requested shared memory region when not registered/focused'
02-27 23:21:34.064 10095 10146 E OsSdk   : error getting shared memory region, memory type: HeadTracker, failed with Status(-1, EX_SECURITY): 'requested shared memory region when not registered/focused'
02-27 23:21:34.064 10095 10146 W [CT]    : SlamAnchorMemoryRuntimeIpcServer: HeadTracker::getState failed
02-27 23:21:34.064 10095 10146 W [CT]    : SlamAnchorMemoryRuntimeIpcServerThread: RigidBodyStates update failure.
02-27 23:21:34.067 10095 10146 E OsSdk   : error getting shared memory region, memory type: AnchorTracker, failed with Status(-1, EX_SECURITY): 'requested shared memory region when not registered/focused'
02-27 23:21:34.067 10095 10146 W [CT]    : SlamAnchorMemoryRuntimeIpcServer: getAnchorStates failed
02-27 23:21:34.067 10095 10146 W [CT]    : SlamAnchorMemoryRuntimeIpcServerThread: AnchorStates update failure.
02-27 23:21:34.078 10095 10193 E OsSdk   : error getting shared memory region, memory type: HeadTracker, failed with Status(-1, EX_SECURITY): 'requested shared memory region when not registered/focused'
02-27 23:21:34.082 10095 10193 E OsSdk   : error getting shared memory region, memory type: AnchorTracker, failed with Status(-1, EX_SECURITY): 'requested shared memory region when not registered/focused'
02-27 23:21:34.103 10095 10146 E OsSdk   : error getting shared memory region, memory type: HeadTracker, failed with Status(-1, EX_SECURITY): 'requested shared memory region when not registered/focused'
02-27 23:21:34.104 10095 10146 W [CT]    : SlamAnchorMemoryRuntimeIpcServer: HeadTracker::getState failed
02-27 23:21:34.104 10095 10146 W [CT]    : SlamAnchorMemoryRuntimeIpcServerThread: RigidBodyStates update failure.
02-27 23:21:34.128 10095 10193 E OsSdk   : error getting shared memory region, memory type: HeadTracker, failed with Status(-1, EX_SECURITY): 'requested shared memory region when not registered/focused'
02-27 23:21:34.149 10095 10146 E OsSdk   : error getting shared memory region, memory type: HeadTracker, failed with Status(-1, EX_SECURITY): 'requested shared memory region when not registered/focused'
02-27 23:21:34.149 10095 10146 W [CT]    : SlamAnchorMemoryRuntimeIpcServer: HeadTracker::getState failed
02-27 23:21:34.149 10095 10146 W [CT]    : SlamAnchorMemoryRuntimeIpcServerThread: RigidBodyStates update failure.
02-27 23:21:34.173 10095 10193 E OsSdk   : error getting shared memory region, memory type: HeadTracker, failed with Status(-1, EX_SECURITY): 'requested shared memory region when not registered/focused'
02-27 23:21:34.194 10095 10146 E OsSdk   : error getting shared memory region, memory type: HeadTracker, failed with Status(-1, EX_SECURITY): 'requested shared memory region when not registered/focused'
02-27 23:21:34.194 10095 10146 W [CT]    : SlamAnchorMemoryRuntimeIpcServer: HeadTracker::getState failed
02-27 23:21:34.194 10095 10146 W [CT]    : SlamAnchorMemoryRuntimeIpcServerThread: RigidBodyStates update failure.
02-27 23:21:34.215   875  1575 I chatty  : uid=1000(system) Binder:875_4 identical 13 lines
02-27 23:21:34.219 10095 10193 E OsSdk   : error getting shared memory region, memory type: HeadTracker, failed with Status(-1, EX_SECURITY): 'requested shared memory region when not registered/focused'
02-27 23:21:34.233   875  1575 W TrackingService: attachClient: found client in attached list
02-27 23:21:34.243 10095 10146 E OsSdk   : error getting shared memory region, memory type: HeadTracker, failed with Status(-1, EX_SECURITY): 'requested shared memory region when not registered/focused'
02-27 23:21:34.243 10095 10146 W [CT]    : SlamAnchorMemoryRuntimeIpcServer: HeadTracker::getState failed
02-27 23:21:34.243 10095 10146 W [CT]    : SlamAnchorMemoryRuntimeIpcServerThread: RigidBodyStates update failure.
02-27 23:21:34.246   875 10685 D TrackingService: [HANDTRACKING] Controller 729165a0fe4054d7 in hand: N, valid: Y
02-27 23:21:34.255 10095 10172 D xrstreaming: receive ping: org 0 recv 0 xmt 10568354502600 (received at 11028763069850), offset divergence 68397
02-27 23:21:34.263   875  1575 W TrackingService: attachClient: found client in attached list
02-27 23:21:34.266 10095 10193 E OsSdk   : error getting shared memory region, memory type: HeadTracker, failed with Status(-1, EX_SECURITY): 'requested shared memory region when not registered/focused'
02-27 23:21:34.284 10095 10146 E OsSdk   : error getting shared memory region, memory type: HeadTracker, failed with Status(-1, EX_SECURITY): 'requested shared memory region when not registered/focused'
02-27 23:21:34.284 10095 10146 W [CT]    : SlamAnchorMemoryRuntimeIpcServer: HeadTracker::getState failed
02-27 23:21:34.284 10095 10146 W [CT]    : SlamAnchorMemoryRuntimeIpcServerThread: RigidBodyStates update failure.
02-27 23:21:34.311 10095 10193 E OsSdk   : error getting shared memory region, memory type: HeadTracker, failed with Status(-1, EX_SECURITY): 'requested shared memory region when not registered/focused'
02-27 23:21:34.333 10095 10146 E OsSdk   : error getting shared memory region, memory type: HeadTracker, failed with Status(-1, EX_SECURITY): 'requested shared memory region when not registered/focused'
02-27 23:21:34.333 10095 10146 W [CT]    : SlamAnchorMemoryRuntimeIpcServer: HeadTracker::getState failed
02-27 23:21:34.333 10095 10146 W [CT]    : SlamAnchorMemoryRuntimeIpcServerThread: RigidBodyStates update failure.
02-27 23:21:34.333   875  1575 I chatty  : uid=1000(system) Binder:875_4 identical 4 lines
02-27 23:21:34.334 10095 10146 E OsSdk   : error getting shared memory region, memory type: AnchorTracker, failed with Status(-1, EX_SECURITY): 'requested shared memory region when not registered/focused'
02-27 23:21:34.334 10095 10146 W [CT]    : SlamAnchorMemoryRuntimeIpcServer: getAnchorStates failed
02-27 23:21:34.334 10095 10146 W [CT]    : SlamAnchorMemoryRuntimeIpcServerThread: AnchorStates update failure.
02-27 23:21:34.356   875  1575 W TrackingService: attachClient: found client in attached list
02-27 23:21:34.363 10095 10193 E OsSdk   : error getting shared memory region, memory type: HeadTracker, failed with Status(-1, EX_SECURITY): 'requested shared memory region when not registered/focused'
02-27 23:21:34.364   875  1459 W TrackingService: attachClient: found client in attached list
02-27 23:21:34.366 10095 10193 E OsSdk   : error getting shared memory region, memory type: AnchorTracker, failed with Status(-1, EX_SECURITY): 'requested shared memory region when not registered/focused'
02-27 23:21:34.381 10095 10146 E OsSdk   : error getting shared memory region, memory type: HeadTracker, failed with Status(-1, EX_SECURITY): 'requested shared memory region when not registered/focused'
02-27 23:21:34.381 10095 10146 W [CT]    : SlamAnchorMemoryRuntimeIpcServer: HeadTracker::getState failed
02-27 23:21:34.381 10095 10146 W [CT]    : SlamAnchorMemoryRuntimeIpcServerThread: RigidBodyStates update failure.
02-27 23:21:34.404 10095 10193 E OsSdk   : error getting shared memory region, memory type: HeadTracker, failed with Status(-1, EX_SECURITY): 'requested shared memory region when not registered/focused'
02-27 23:21:34.418 10095 10146 E OsSdk   : error getting shared memory region, memory type: HeadTracker, failed with Status(-1, EX_SECURITY): 'requested shared memory region when not registered/focused'
02-27 23:21:34.418 10095 10146 W [CT]    : SlamAnchorMemoryRuntimeIpcServer: HeadTracker::getState failed
02-27 23:21:34.418 10095 10146 W [CT]    : SlamAnchorMemoryRuntimeIpcServerThread: RigidBodyStates update failure.
02-27 23:21:34.448 10095 10193 E OsSdk   : error getting shared memory region, memory type: HeadTracker, failed with Status(-1, EX_SECURITY): 'requested shared memory region when not registered/focused'
02-27 23:21:34.466 10095 10146 E OsSdk   : error getting shared memory region, memory type: HeadTracker, failed with Status(-1, EX_SECURITY): 'requested shared memory region when not registered/focused'
02-27 23:21:34.466 10095 10146 W [CT]    : SlamAnchorMemoryRuntimeIpcServer: HeadTracker::getState failed
02-27 23:21:34.466 10095 10146 W [CT]    : SlamAnchorMemoryRuntimeIpcServerThread: RigidBodyStates update failure.
02-27 23:21:34.493 10095 10193 E OsSdk   : error getting shared memory region, memory type: HeadTracker, failed with Status(-1, EX_SECURITY): 'requested shared memory region when not registered/focused'
02-27 23:21:34.500 10095 10146 W [CT]    : SlamAnchorMemoryRuntimeIpcServer: HeadTracker::getState failed
02-27 23:21:34.500 10095 10146 W [CT]    : SlamAnchorMemoryRuntimeIpcServerThread: RigidBodyStates update failure.
02-27 23:21:34.501 10095 10193 E OsSdk   : error getting shared memory region, memory type: HeadTracker, failed with Status(-1, EX_SECURITY): 'requested shared memory region when not registered/focused'
02-27 23:21:34.542 10095 10146 E OsSdk   : error getting shared memory region, memory type: HeadTracker, failed with Status(-1, EX_SECURITY): 'requested shared memory region when not registered/focused'
02-27 23:21:34.542 10095 10146 W [CT]    : SlamAnchorMemoryRuntimeIpcServer: HeadTracker::getState failed
02-27 23:21:34.542 10095 10146 W [CT]    : SlamAnchorMemoryRuntimeIpcServerThread: RigidBodyStates update failure.
02-27 23:21:34.554 10095 10193 E OsSdk   : error getting shared memory region, memory type: HeadTracker, failed with Status(-1, EX_SECURITY): 'requested shared memory region when not registered/focused'
02-27 23:21:34.570 10095 10146 E OsSdk   : error getting shared memory region, memory type: HeadTracker, failed with Status(-1, EX_SECURITY): 'requested shared memory region when not registered/focused'
02-27 23:21:34.570 10095 10146 W [CT]    : SlamAnchorMemoryRuntimeIpcServer: HeadTracker::getState failed
02-27 23:21:34.570 10095 10146 W [CT]    : SlamAnchorMemoryRuntimeIpcServerThread: RigidBodyStates update failure.
02-27 23:21:34.570 10095 10146 W [CT]    : SlamAnchorMemoryRuntimeIpcServer: getAnchorStates failed
02-27 23:21:34.570 10095 10146 W [CT]    : SlamAnchorMemoryRuntimeIpcServerThread: AnchorStates update failure.
02-27 23:21:34.571 10095 10193 E OsSdk   : error getting shared memory region, memory type: AnchorTracker, failed with Status(-1, EX_SECURITY): 'requested shared memory region when not registered/focused'
02-27 23:21:34.616 10095 10146 E OsSdk   : error getting shared memory region, memory type: HeadTracker, failed with Status(-1, EX_SECURITY): 'requested shared memory region when not registered/focused'
02-27 23:21:34.616 10095 10146 W [CT]    : SlamAnchorMemoryRuntimeIpcServer: HeadTracker::getState failed
02-27 23:21:34.616 10095 10146 W [CT]    : SlamAnchorMemoryRuntimeIpcServerThread: RigidBodyStates update failure.
02-27 23:21:34.618 10095 10193 E OsSdk   : error getting shared memory region, memory type: HeadTracker, failed with Status(-1, EX_SECURITY): 'requested shared memory region when not registered/focused'
02-27 23:21:34.662 10095 10146 E OsSdk   : error getting shared memory region, memory type: HeadTracker, failed with Status(-1, EX_SECURITY): 'requested shared memory region when not registered/focused'
02-27 23:21:34.662 10095 10146 W [CT]    : SlamAnchorMemoryRuntimeIpcServer: HeadTracker::getState failed
02-27 23:21:34.662 10095 10146 W [CT]    : SlamAnchorMemoryRuntimeIpcServerThread: RigidBodyStates update failure.
02-27 23:21:34.702 10095 10193 E OsSdk   : error getting shared memory region, memory type: HeadTracker, failed with Status(-1, EX_SECURITY): 'requested shared memory region when not registered/focused'
02-27 23:21:34.708 10095 10146 E OsSdk   : error getting shared memory region, memory type: HeadTracker, failed with Status(-1, EX_SECURITY): 'requested shared memory region when not registered/focused'
02-27 23:21:34.708 10095 10146 W [CT]    : SlamAnchorMemoryRuntimeIpcServer: HeadTracker::getState failed
02-27 23:21:34.708 10095 10146 W [CT]    : SlamAnchorMemoryRuntimeIpcServerThread: RigidBodyStates update failure.
02-27 23:21:34.748 10095 10193 E OsSdk   : error getting shared memory region, memory type: HeadTracker, failed with Status(-1, EX_SECURITY): 'requested shared memory region when not registered/focused'
02-27 23:21:34.754 10095 10146 E OsSdk   : error getting shared memory region, memory type: HeadTracker, failed with Status(-1, EX_SECURITY): 'requested shared memory region when not registered/focused'
02-27 23:21:34.754 10095 10146 W [CT]    : SlamAnchorMemoryRuntimeIpcServer: HeadTracker::getState failed
02-27 23:21:34.754 10095 10146 W [CT]    : SlamAnchorMemoryRuntimeIpcServerThread: RigidBodyStates update failure.
02-27 23:21:34.795 10095 10193 E OsSdk   : error getting shared memory region, memory type: HeadTracker, failed with Status(-1, EX_SECURITY): 'requested shared memory region when not registered/focused'
02-27 23:21:34.811 10095 10146 E OsSdk   : error getting shared memory region, memory type: HeadTracker, failed with Status(-1, EX_SECURITY): 'requested shared memory region when not registered/focused'
02-27 23:21:34.811 10095 10146 W [CT]    : SlamAnchorMemoryRuntimeIpcServer: HeadTracker::getState failed
02-27 23:21:34.811 10095 10146 W [CT]    : SlamAnchorMemoryRuntimeIpcServerThread: RigidBodyStates update failure.
02-27 23:21:34.838   875 10704 W [CT]    : VEGA:MAP_TRACKING_HM: [Throttled count=25] Map tracking did not run.
02-27 23:21:34.839   875  1182 I [CT]    : VEGA_MAPPER:SubmapTrackingValidator: Pausing map building until validation is complete. 26.16 seconds remaining
02-27 23:21:34.840 10095 10193 E OsSdk   : error getting shared memory region, memory type: HeadTracker, failed with Status(-1, EX_SECURITY): 'requested shared memory region when not registered/focused'
02-27 23:21:34.842 10095 10193 E OsSdk   : error getting shared memory region, memory type: AnchorTracker, failed with Status(-1, EX_SECURITY): 'requested shared memory region when not registered/focused'
02-27 23:21:34.854 10095 10146 E OsSdk   : error getting shared memory region, memory type: HeadTracker, failed with Status(-1, EX_SECURITY): 'requested shared memory region when not registered/focused'
02-27 23:21:34.854 10095 10146 W [CT]    : SlamAnchorMemoryRuntimeIpcServer: HeadTracker::getState failed
02-27 23:21:34.854 10095 10146 W [CT]    : SlamAnchorMemoryRuntimeIpcServerThread: RigidBodyStates update failure.
02-27 23:21:34.855 10095 10146 E OsSdk   : error getting shared memory region, memory type: AnchorTracker, failed with Status(-1, EX_SECURITY): 'requested shared memory region when not registered/focused'
02-27 23:21:34.855 10095 10146 W [CT]    : SlamAnchorMemoryRuntimeIpcServer: getAnchorStates failed
02-27 23:21:34.855 10095 10146 W [CT]    : SlamAnchorMemoryRuntimeIpcServerThread: AnchorStates update failure.
02-27 23:21:34.885 10095 10193 E OsSdk   : error getting shared memory region, memory type: HeadTracker, failed with Status(-1, EX_SECURITY): 'requested shared memory region when not registered/focused'
02-27 23:21:34.899 10095 10146 E OsSdk   : error getting shared memory region, memory type: HeadTracker, failed with Status(-1, EX_SECURITY): 'requested shared memory region when not registered/focused'
02-27 23:21:34.899 10095 10146 W [CT]    : SlamAnchorMemoryRuntimeIpcServer: HeadTracker::getState failed
02-27 23:21:34.899 10095 10146 W [CT]    : SlamAnchorMemoryRuntimeIpcServerThread: RigidBodyStates update failure.
02-27 23:21:34.925 10095 10193 E OsSdk   : error getting shared memory region, memory type: HeadTracker, failed with Status(-1, EX_SECURITY): 'requested shared memory region when not registered/focused'
02-27 23:21:34.952 10095 10146 E OsSdk   : error getting shared memory region, memory type: HeadTracker, failed with Status(-1, EX_SECURITY): 'requested shared memory region when not registered/focused'
02-27 23:21:34.952 10095 10146 W [CT]    : SlamAnchorMemoryRuntimeIpcServer: HeadTracker::getState failed
02-27 23:21:34.952 10095 10146 W [CT]    : SlamAnchorMemoryRuntimeIpcServerThread: RigidBodyStates update failure.
02-27 23:21:34.964 10095 10193 E OsSdk   : error getting shared memory region, memory type: HeadTracker, failed with Status(-1, EX_SECURITY): 'requested shared memory region when not registered/focused'
02-27 23:21:34.989 10095 10146 E OsSdk   : error getting shared memory region, memory type: HeadTracker, failed with Status(-1, EX_SECURITY): 'requested shared memory region when not registered/focused'
02-27 23:21:34.989 10095 10146 W [CT]    : SlamAnchorMemoryRuntimeIpcServer: HeadTracker::getState failed
02-27 23:21:34.989 10095 10146 W [CT]    : SlamAnchorMemoryRuntimeIpcServerThread: RigidBodyStates update failure.
02-27 23:21:35.008 10095 10193 E OsSdk   : error getting shared memory region, memory type: HeadTracker, failed with Status(-1, EX_SECURITY): 'requested shared memory region when not registered/focused'
02-27 23:21:35.035 10095 10146 E OsSdk   : error getting shared memory region, memory type: HeadTracker, failed with Status(-1, EX_SECURITY): 'requested shared memory region when not registered/focused'
02-27 23:21:35.035 10095 10146 W [CT]    : SlamAnchorMemoryRuntimeIpcServer: HeadTracker::getState failed
02-27 23:21:35.035 10095 10146 W [CT]    : SlamAnchorMemoryRuntimeIpcServerThread: RigidBodyStates update failure.
02-27 23:21:35.054 10095 10193 E OsSdk   : error getting shared memory region, memory type: HeadTracker, failed with Status(-1, EX_SECURITY): 'requested shared memory region when not registered/focused'
02-27 23:21:35.054   914   914 E adbd    : failed to connect to socket 'tcp:6666': Connection refused
02-27 23:21:35.079 10095 10146 E OsSdk   : error getting shared memory region, memory type: HeadTracker, failed with Status(-1, EX_SECURITY): 'requested shared memory region when not registered/focused'
02-27 23:21:35.079 10095 10146 W [CT]    : SlamAnchorMemoryRuntimeIpcServer: HeadTracker::getState failed
02-27 23:21:35.079 10095 10146 W [CT]    : SlamAnchorMemoryRuntimeIpcServerThread: RigidBodyStates update failure.
02-27 23:21:35.096 10095 10193 E OsSdk   : error getting shared memory region, memory type: HeadTracker, failed with Status(-1, EX_SECURITY): 'requested shared memory region when not registered/focused'
02-27 23:21:35.098 10095 10193 E OsSdk   : error getting shared memory region, memory type: AnchorTracker, failed with Status(-1, EX_SECURITY): 'requested shared memory region when not registered/focused'
02-27 23:21:35.117 10095 10193 E OsSdk   : error getting shared memory region, memory type: HeadTracker, failed with Status(-1, EX_SECURITY): 'requested shared memory region when not registered/focused'
02-27 23:21:35.129 10095 10146 E OsSdk   : error getting shared memory region, memory type: HeadTracker, failed with Status(-1, EX_SECURITY): 'requested shared memory region when not registered/focused'
02-27 23:21:35.129 10095 10146 W [CT]    : SlamAnchorMemoryRuntimeIpcServer: HeadTracker::getState failed
02-27 23:21:35.129 10095 10146 W [CT]    : SlamAnchorMemoryRuntimeIpcServerThread: RigidBodyStates update failure.
02-27 23:21:35.131 10095 10146 E OsSdk   : error getting shared memory region, memory type: AnchorTracker, failed with Status(-1, EX_SECURITY): 'requested shared memory region when not registered/focused'
02-27 23:21:35.131 10095 10146 W [CT]    : SlamAnchorMemoryRuntimeIpcServer: getAnchorStates failed
02-27 23:21:35.131 10095 10146 W [CT]    : SlamAnchorMemoryRuntimeIpcServerThread: AnchorStates update failure.
02-27 23:21:35.165 10095 10193 E OsSdk   : error getting shared memory region, memory type: HeadTracker, failed with Status(-1, EX_SECURITY): 'requested shared memory region when not registered/focused'
02-27 23:21:35.176 10095 10146 E OsSdk   : error getting shared memory region, memory type: HeadTracker, failed with Status(-1, EX_SECURITY): 'requested shared memory region when not registered/focused'
02-27 23:21:35.177 10095 10146 W [CT]    : SlamAnchorMemoryRuntimeIpcServer: HeadTracker::getState failed
02-27 23:21:35.177 10095 10146 W [CT]    : SlamAnchorMemoryRuntimeIpcServerThread: RigidBodyStates update failure.
02-27 23:21:35.202 10095 10146 W [CT]    : SlamAnchorMemoryRuntimeIpcServer: HeadTracker::getState failed
02-27 23:21:35.203 10095 10146 W [CT]    : SlamAnchorMemoryRuntimeIpcServerThread: RigidBodyStates update failure.
02-27 23:21:35.205 10095 10193 E OsSdk   : error getting shared memory region, memory type: HeadTracker, failed with Status(-1, EX_SECURITY): 'requested shared memory region when not registered/focused'
02-27 23:21:35.245 10095 10193 E OsSdk   : error getting shared memory region, memory type: HeadTracker, failed with Status(-1, EX_SECURITY): 'requested shared memory region when not registered/focused'
02-27 23:21:35.247 10095 10146 E OsSdk   : error getting shared memory region, memory type: HeadTracker, failed with Status(-1, EX_SECURITY): 'requested shared memory region when not registered/focused'
02-27 23:21:35.247 10095 10146 W [CT]    : SlamAnchorMemoryRuntimeIpcServer: HeadTracker::getState failed
02-27 23:21:35.247 10095 10146 W [CT]    : SlamAnchorMemoryRuntimeIpcServerThread: RigidBodyStates update failure.
02-27 23:21:35.263 10095 10172 D xrstreaming: receive ping: org 0 recv 0 xmt 10569362394400 (received at 11029771225006), offset divergence 68397
02-27 23:21:35.290 10095 10193 E OsSdk   : error getting shared memory region, memory type: HeadTracker, failed with Status(-1, EX_SECURITY): 'requested shared memory region when not registered/focused'
02-27 23:21:35.294 10095 10146 E OsSdk   : error getting shared memory region, memory type: HeadTracker, failed with Status(-1, EX_SECURITY): 'requested shared memory region when not registered/focused'
02-27 23:21:35.294 10095 10146 W [CT]    : SlamAnchorMemoryRuntimeIpcServer: HeadTracker::getState failed
02-27 23:21:35.294 10095 10146 W [CT]    : SlamAnchorMemoryRuntimeIpcServerThread: RigidBodyStates update failure.
02-27 23:21:35.333 10095 10193 E OsSdk   : error getting shared memory region, memory type: HeadTracker, failed with Status(-1, EX_SECURITY): 'requested shared memory region when not registered/focused'
02-27 23:21:35.335 10095 10193 E OsSdk   : error getting shared memory region, memory type: AnchorTracker, failed with Status(-1, EX_SECURITY): 'requested shared memory region when not registered/focused'
02-27 23:21:35.340 10095 10146 E OsSdk   : error getting shared memory region, memory type: HeadTracker, failed with Status(-1, EX_SECURITY): 'requested shared memory region when not registered/focused'
02-27 23:21:35.340 10095 10146 W [CT]    : SlamAnchorMemoryRuntimeIpcServer: HeadTracker::getState failed
02-27 23:21:35.340 10095 10146 W [CT]    : SlamAnchorMemoryRuntimeIpcServerThread: RigidBodyStates update failure.
02-27 23:21:35.378 10095 10193 E OsSdk   : error getting shared memory region, memory type: HeadTracker, failed with Status(-1, EX_SECURITY): 'requested shared memory region when not registered/focused'
02-27 23:21:35.381 10095 10146 E OsSdk   : error getting shared memory region, memory type: HeadTracker, failed with Status(-1, EX_SECURITY): 'requested shared memory region when not registered/focused'
02-27 23:21:35.381 10095 10146 W [CT]    : SlamAnchorMemoryRuntimeIpcServer: HeadTracker::getState failed
02-27 23:21:35.381 10095 10146 W [CT]    : SlamAnchorMemoryRuntimeIpcServerThread: RigidBodyStates update failure.
02-27 23:21:35.382 10095 10146 E OsSdk   : error getting shared memory region, memory type: AnchorTracker, failed with Status(-1, EX_SECURITY): 'requested shared memory region when not registered/focused'
02-27 23:21:35.382 10095 10146 W [CT]    : SlamAnchorMemoryRuntimeIpcServer: getAnchorStates failed
02-27 23:21:35.382 10095 10146 W [CT]    : SlamAnchorMemoryRuntimeIpcServerThread: AnchorStates update failure.
02-27 23:21:35.392 10095 10193 E OsSdk   : error getting shared memory region, memory type: HeadTracker, failed with Status(-1, EX_SECURITY): 'requested shared memory region when not registered/focused'
02-27 23:21:35.406 10095 10193 E OsSdk   : error getting shared memory region, memory type: HeadTracker, failed with Status(-1, EX_SECURITY): 'requested shared memory region when not registered/focused'
02-27 23:21:35.409 10095 10146 E OsSdk   : error getting shared memory region, memory type: HeadTracker, failed with Status(-1, EX_SECURITY): 'requested shared memory region when not registered/focused'
02-27 23:21:35.409 10095 10146 W [CT]    : SlamAnchorMemoryRuntimeIpcServer: HeadTracker::getState failed
02-27 23:21:35.409 10095 10146 W [CT]    : SlamAnchorMemoryRuntimeIpcServerThread: RigidBodyStates update failure.
02-27 23:21:35.445 10095 10193 E OsSdk   : error getting shared memory region, memory type: HeadTracker, failed with Status(-1, EX_SECURITY): 'requested shared memory region when not registered/focused'
02-27 23:21:35.451 10095 10146 E OsSdk   : error getting shared memory region, memory type: HeadTracker, failed with Status(-1, EX_SECURITY): 'requested shared memory region when not registered/focused'
02-27 23:21:35.451 10095 10146 W [CT]    : SlamAnchorMemoryRuntimeIpcServer: HeadTracker::getState failed
02-27 23:21:35.451 10095 10146 W [CT]    : SlamAnchorMemoryRuntimeIpcServerThread: RigidBodyStates update failure.
02-27 23:21:35.486 10095 10193 E OsSdk   : error getting shared memory region, memory type: HeadTracker, failed with Status(-1, EX_SECURITY): 'requested shared memory region when not registered/focused'
02-27 23:21:35.489 10095 10146 E OsSdk   : error getting shared memory region, memory type: HeadTracker, failed with Status(-1, EX_SECURITY): 'requested shared memory region when not registered/focused'
02-27 23:21:35.489 10095 10146 W [CT]    : SlamAnchorMemoryRuntimeIpcServer: HeadTracker::getState failed
02-27 23:21:35.489 10095 10146 W [CT]    : SlamAnchorMemoryRuntimeIpcServerThread: RigidBodyStates update failure.
02-27 23:21:35.492 10095 10193 E OsSdk   : error getting shared memory region, memory type: HeadTracker, failed with Status(-1, EX_SECURITY): 'requested shared memory region when not registered/focused'
02-27 23:21:35.493 10095 10193 E OsSdk   : error getting shared memory region, memory type: AnchorTracker, failed with Status(-1, EX_SECURITY): 'requested shared memory region when not registered/focused'
02-27 23:21:35.499 10095 10193 E OsSdk   : error getting shared memory region, memory type: HeadTracker, failed with Status(-1, EX_SECURITY): 'requested shared memory region when not registered/focused'
02-27 23:21:35.526 10095 10146 E OsSdk   : error getting shared memory region, memory type: HeadTracker, failed with Status(-1, EX_SECURITY): 'requested shared memory region when not registered/focused'
02-27 23:21:35.526 10095 10146 W [CT]    : SlamAnchorMemoryRuntimeIpcServer: HeadTracker::getState failed
02-27 23:21:35.526 10095 10146 W [CT]    : SlamAnchorMemoryRuntimeIpcServerThread: RigidBodyStates update failure.
02-27 23:21:35.545 10095 10193 E OsSdk   : error getting shared memory region, memory type: HeadTracker, failed with Status(-1, EX_SECURITY): 'requested shared memory region when not registered/focused'
02-27 23:21:35.565 10095 10146 E OsSdk   : error getting shared memory region, memory type: HeadTracker, failed with Status(-1, EX_SECURITY): 'requested shared memory region when not registered/focused'
02-27 23:21:35.565 10095 10146 W [CT]    : SlamAnchorMemoryRuntimeIpcServer: HeadTracker::getState failed
02-27 23:21:35.565 10095 10146 W [CT]    : SlamAnchorMemoryRuntimeIpcServerThread: RigidBodyStates update failure.
02-27 23:21:35.591 10095 10193 E OsSdk   : error getting shared memory region, memory type: HeadTracker, failed with Status(-1, EX_SECURITY): 'requested shared memory region when not registered/focused'
02-27 23:21:35.610 10095 10146 E OsSdk   : error getting shared memory region, memory type: HeadTracker, failed with Status(-1, EX_SECURITY): 'requested shared memory region when not registered/focused'
02-27 23:21:35.610 10095 10146 W [CT]    : SlamAnchorMemoryRuntimeIpcServer: HeadTracker::getState failed
02-27 23:21:35.610 10095 10146 W [CT]    : SlamAnchorMemoryRuntimeIpcServerThread: RigidBodyStates update failure.
02-27 23:21:35.611 10095 10146 E OsSdk   : error getting shared memory region, memory type: AnchorTracker, failed with Status(-1, EX_SECURITY): 'requested shared memory region when not registered/focused'
02-27 23:21:35.611 10095 10146 W [CT]    : SlamAnchorMemoryRuntimeIpcServer: getAnchorStates failed
02-27 23:21:35.611 10095 10146 W [CT]    : SlamAnchorMemoryRuntimeIpcServerThread: AnchorStates update failure.
02-27 23:21:35.624   875 10704 W [CT]    : TIMESTAMPCHECKER: Nominal rate wrong. Estimated data rate: 25, Nominal is 30.000300003000028
02-27 23:21:35.637 10095 10193 E OsSdk   : error getting shared memory region, memory type: HeadTracker, failed with Status(-1, EX_SECURITY): 'requested shared memory region when not registered/focused'
02-27 23:21:35.653 10095 10146 E OsSdk   : error getting shared memory region, memory type: HeadTracker, failed with Status(-1, EX_SECURITY): 'requested shared memory region when not registered/focused'
02-27 23:21:35.653 10095 10146 W [CT]    : SlamAnchorMemoryRuntimeIpcServer: HeadTracker::getState failed
02-27 23:21:35.653 10095 10146 W [CT]    : SlamAnchorMemoryRuntimeIpcServerThread: RigidBodyStates update failure.
02-27 23:21:35.663 10095 10193 E OsSdk   : error getting shared memory region, memory type: HeadTracker, failed with Status(-1, EX_SECURITY): 'requested shared memory region when not registered/focused'
02-27 23:21:35.699 10095 10146 E OsSdk   : error getting shared memory region, memory type: HeadTracker, failed with Status(-1, EX_SECURITY): 'requested shared memory region when not registered/focused'
02-27 23:21:35.699 10095 10146 W [CT]    : SlamAnchorMemoryRuntimeIpcServer: HeadTracker::getState failed
02-27 23:21:35.699 10095 10146 W [CT]    : SlamAnchorMemoryRuntimeIpcServerThread: RigidBodyStates update failure.
02-27 23:21:35.708 10095 10193 E OsSdk   : error getting shared memory region, memory type: HeadTracker, failed with Status(-1, EX_SECURITY): 'requested shared memory region when not registered/focused'
02-27 23:21:35.709 10095 10193 E OsSdk   : error getting shared memory region, memory type: AnchorTracker, failed with Status(-1, EX_SECURITY): 'requested shared memory region when not registered/focused'
02-27 23:21:35.745 10095 10146 E OsSdk   : error getting shared memory region, memory type: HeadTracker, failed with Status(-1, EX_SECURITY): 'requested shared memory region when not registered/focused'
02-27 23:21:35.745 10095 10146 W [CT]    : SlamAnchorMemoryRuntimeIpcServer: HeadTracker::getState failed
02-27 23:21:35.745 10095 10146 W [CT]    : SlamAnchorMemoryRuntimeIpcServerThread: RigidBodyStates update failure.
02-27 23:21:35.755 10095 10193 E OsSdk   : error getting shared memory region, memory type: HeadTracker, failed with Status(-1, EX_SECURITY): 'requested shared memory region when not registered/focused'
02-27 23:21:35.790 10095 10146 E OsSdk   : error getting shared memory region, memory type: HeadTracker, failed with Status(-1, EX_SECURITY): 'requested shared memory region when not registered/focused'
02-27 23:21:35.790 10095 10146 W [CT]    : SlamAnchorMemoryRuntimeIpcServer: HeadTracker::getState failed
02-27 23:21:35.790 10095 10146 W [CT]    : SlamAnchorMemoryRuntimeIpcServerThread: RigidBodyStates update failure.
02-27 23:21:35.801 10095 10193 E OsSdk   : error getting shared memory region, memory type: HeadTracker, failed with Status(-1, EX_SECURITY): 'requested shared memory region when not registered/focused'
02-27 23:21:35.825   864  1255 I [CT]    : MIXEDREALITY: PassthroughComputeCapability: compute: Not needed.
02-27 23:21:35.837 10095 10146 E OsSdk   : error getting shared memory region, memory type: HeadTracker, failed with Status(-1, EX_SECURITY): 'requested shared memory region when not registered/focused'
02-27 23:21:35.837 10095 10146 W [CT]    : SlamAnchorMemoryRuntimeIpcServer: HeadTracker::getState failed
02-27 23:21:35.837 10095 10146 W [CT]    : SlamAnchorMemoryRuntimeIpcServerThread: RigidBodyStates update failure.
02-27 23:21:35.838   875 10704 W [CT]    : VEGA:MAP_TRACKING_HM: [Throttled count=24] Map tracking did not run.
02-27 23:21:35.846 10095 10193 E OsSdk   : error getting shared memory region, memory type: HeadTracker, failed with Status(-1, EX_SECURITY): 'requested shared memory region when not registered/focused'
02-27 23:21:35.848 10095 10146 E OsSdk   : error getting shared memory region, memory type: HeadTracker, failed with Status(-1, EX_SECURITY): 'requested shared memory region when not registered/focused'
02-27 23:21:35.848 10095 10146 W [CT]    : SlamAnchorMemoryRuntimeIpcServer: HeadTracker::getState failed
02-27 23:21:35.848 10095 10146 W [CT]    : SlamAnchorMemoryRuntimeIpcServerThread: RigidBodyStates update failure.
02-27 23:21:35.850 10095 10146 E OsSdk   : error getting shared memory region, memory type: AnchorTracker, failed with Status(-1, EX_SECURITY): 'requested shared memory region when not registered/focused'
02-27 23:21:35.850 10095 10146 W [CT]    : SlamAnchorMemoryRuntimeIpcServer: getAnchorStates failed
02-27 23:21:35.850 10095 10146 W [CT]    : SlamAnchorMemoryRuntimeIpcServerThread: AnchorStates update failure.
02-27 23:21:35.892 10095 10193 E OsSdk   : error getting shared memory region, memory type: HeadTracker, failed with Status(-1, EX_SECURITY): 'requested shared memory region when not registered/focused'
02-27 23:21:35.895 10095 10146 E OsSdk   : error getting shared memory region, memory type: HeadTracker, failed with Status(-1, EX_SECURITY): 'requested shared memory region when not registered/focused'
02-27 23:21:35.895 10095 10146 W [CT]    : SlamAnchorMemoryRuntimeIpcServer: HeadTracker::getState failed
02-27 23:21:35.895 10095 10146 W [CT]    : SlamAnchorMemoryRuntimeIpcServerThread: RigidBodyStates update failure.
02-27 23:21:35.938 10095 10193 E OsSdk   : error getting shared memory region, memory type: HeadTracker, failed with Status(-1, EX_SECURITY): 'requested shared memory region when not registered/focused'
02-27 23:21:35.942 10095 10146 E OsSdk   : error getting shared memory region, memory type: HeadTracker, failed with Status(-1, EX_SECURITY): 'requested shared memory region when not registered/focused'
02-27 23:21:35.942 10095 10146 W [CT]    : SlamAnchorMemoryRuntimeIpcServer: HeadTracker::getState failed
02-27 23:21:35.942 10095 10146 W [CT]    : SlamAnchorMemoryRuntimeIpcServerThread: RigidBodyStates update failure.
02-27 23:21:35.970 10095 10146 W [CT]    : SlamAnchorMemoryRuntimeIpcServer: HeadTracker::getState failed
02-27 23:21:35.970 10095 10146 W [CT]    : SlamAnchorMemoryRuntimeIpcServerThread: RigidBodyStates update failure.
02-27 23:21:35.972 10095 10193 E OsSdk   : error getting shared memory region, memory type: HeadTracker, failed with Status(-1, EX_SECURITY): 'requested shared memory region when not registered/focused'
02-27 23:21:35.973 10095 10193 E OsSdk   : error getting shared memory region, memory type: AnchorTracker, failed with Status(-1, EX_SECURITY): 'requested shared memory region when not registered/focused'
02-27 23:21:36.022 10095 10146 E OsSdk   : error getting shared memory region, memory type: HeadTracker, failed with Status(-1, EX_SECURITY): 'requested shared memory region when not registered/focused'
02-27 23:21:36.022 10095 10146 W [CT]    : SlamAnchorMemoryRuntimeIpcServer: HeadTracker::getState failed
02-27 23:21:36.022 10095 10146 W [CT]    : SlamAnchorMemoryRuntimeIpcServerThread: RigidBodyStates update failure.
02-27 23:21:36.057 10095 10193 E OsSdk   : error getting shared memory region, memory type: HeadTracker, failed with Status(-1, EX_SECURITY): 'requested shared memory region when not registered/focused'
02-27 23:21:36.066 10095 10146 E OsSdk   : error getting shared memory region, memory type: HeadTracker, failed with Status(-1, EX_SECURITY): 'requested shared memory region when not registered/focused'
02-27 23:21:36.066 10095 10146 W [CT]    : SlamAnchorMemoryRuntimeIpcServer: HeadTracker::getState failed
02-27 23:21:36.066 10095 10146 W [CT]    : SlamAnchorMemoryRuntimeIpcServerThread: RigidBodyStates update failure.
02-27 23:21:36.102   875  1459 I chatty  : uid=1000(system) Binder:875_3 identical 92 lines
02-27 23:21:36.104 10095 10193 E OsSdk   : error getting shared memory region, memory type: HeadTracker, failed with Status(-1, EX_SECURITY): 'requested shared memory region when not registered/focused'
02-27 23:21:36.108   875  1459 W TrackingService: attachClient: found client in attached list
02-27 23:21:36.109 10095 10146 E OsSdk   : error getting shared memory region, memory type: HeadTracker, failed with Status(-1, EX_SECURITY): 'requested shared memory region when not registered/focused'
02-27 23:21:36.109 10095 10146 W [CT]    : SlamAnchorMemoryRuntimeIpcServer: HeadTracker::getState failed
02-27 23:21:36.109 10095 10146 W [CT]    : SlamAnchorMemoryRuntimeIpcServerThread: RigidBodyStates update failure.
02-27 23:21:36.109   875  1575 W TrackingService: attachClient: found client in attached list
02-27 23:21:36.110 10095 10146 E OsSdk   : error getting shared memory region, memory type: AnchorTracker, failed with Status(-1, EX_SECURITY): 'requested shared memory region when not registered/focused'
02-27 23:21:36.110 10095 10146 W [CT]    : SlamAnchorMemoryRuntimeIpcServer: getAnchorStates failed
02-27 23:21:36.110 10095 10146 W [CT]    : SlamAnchorMemoryRuntimeIpcServerThread: AnchorStates update failure.
02-27 23:21:36.124 10095 10193 E OsSdk   : error getting shared memory region, memory type: HeadTracker, failed with Status(-1, EX_SECURITY): 'requested shared memory region when not registered/focused'
02-27 23:21:36.154   875  1575 I chatty  : uid=1000(system) Binder:875_4 identical 2 lines
02-27 23:21:36.157 10095 10146 E OsSdk   : error getting shared memory region, memory type: HeadTracker, failed with Status(-1, EX_SECURITY): 'requested shared memory region when not registered/focused'
02-27 23:21:36.157 10095 10146 W [CT]    : SlamAnchorMemoryRuntimeIpcServer: HeadTracker::getState failed
02-27 23:21:36.157 10095 10146 W [CT]    : SlamAnchorMemoryRuntimeIpcServerThread: RigidBodyStates update failure.
02-27 23:21:36.165   875  1575 W TrackingService: attachClient: found client in attached list
02-27 23:21:36.167 10095 10146 E OsSdk   : error getting shared memory region, memory type: HeadTracker, failed with Status(-1, EX_SECURITY): 'requested shared memory region when not registered/focused'
02-27 23:21:36.167 10095 10146 W [CT]    : SlamAnchorMemoryRuntimeIpcServer: HeadTracker::getState failed
02-27 23:21:36.167 10095 10146 W [CT]    : SlamAnchorMemoryRuntimeIpcServerThread: RigidBodyStates update failure.
02-27 23:21:36.184   747   931 I SyncBossHAL: [info   ] syncboss_hal_powerstate.c(50): Reporting powerstate event: PROX_ON
02-27 23:21:36.186  1060  1256 D VrPowerManagerService: processing message: sensor changed
02-27 23:21:36.187  1060  1256 I VrPowerManagerService: transition from HEADSET_UNMOUNTED to HEADSET_MOUNTED
02-27 23:21:36.187   864  1263 D SensorClientUtils: Received transition request from STANDBY to RUNNING
02-27 23:21:36.187   875  1575 D SensorClientUtils: Received transition request from STANDBY to RUNNING
02-27 23:21:36.187  1588  3070 D SensorClientUtils: Received transition request from STANDBY to RUNNING
02-27 23:21:36.188  1607  1634 D VrPowerManagerClient: Headset state: 1
02-27 23:21:36.188  1607  1634 V ControllerNotifications: Headset was mounted, requesting that notifications are enabled
02-27 23:21:36.188  1607  1634 V ControllerNotifications: Queueing enable of notifications in 5000ms
02-27 23:21:36.190   715   882 W DeviceHAL: Error from HAL Device in function get_mic_mute: Function not implemented
02-27 23:21:36.191   715   882 W DeviceHAL: Error from HAL Device in function get_mic_mute: Function not implemented
02-27 23:21:36.191   715   882 D audio_hw_primary: adev_set_mic_mute state 0
02-27 23:21:36.191   715   882 W DeviceHAL: Error from HAL Device in function set_mic_mute: Function not implemented
02-27 23:21:36.191   715   882 W DeviceHAL: Error from HAL Device in function set_mic_mute: Function not implemented
02-27 23:21:36.191  1060  5448 E AudioSystem-JNI: Command failed for android_media_AudioSystem_muteMicrophone: -38
02-27 23:21:36.192  1753  1753 D VrRuntimeService: Received broadcast: com.oculus.intent.action.MOUNT_STATE_CHANGED
02-27 23:21:36.192  1753  1753 D VrRuntimeService: mounted state: true
02-27 23:21:36.192  1753  1753 I VrRuntimeService: nativeScreenStateChanged to on
02-27 23:21:36.192  1753  1753 I VrRuntimeService: Previous running state: RUNNING
02-27 23:21:36.192  2440  2440 D MetaCamNative (device_lifecycle_observer): OnDeviceMountedStateChange(is_mounted = 1)
02-27 23:21:36.192  6466  6466 D [SUI] SystemUXBroadcastReceiver: action: com.oculus.intent.action.MOUNT_STATE_CHANGED
02-27 23:21:36.192   835  2505 D TelemetryService: Received notification of event: 6
02-27 23:21:36.192   835  2505 D TelemetryService: Received notification of headset mounted
02-27 23:21:36.192   835  2505 D TelemetryService: Headset is in use
02-27 23:21:36.192  3176  3176 D [OAO] BaseOverlayService: screenStateReceiver Received broadcast: com.oculus.intent.action.MOUNT_STATE_CHANGED
02-27 23:21:36.192  3176  3176 D [OAO] ShellOverlayService: onMountStateChanged: true
02-27 23:21:36.192  3176  3176 I [OAO] ShellOverlayServiceJNI: NativeSendOverlayCommand
02-27 23:21:36.192  3176  3176 I [OAO] ShellOverlayServiceJNI: NativeWake
02-27 23:21:36.192  3176  3176 I [OAO] ShellOverlayMain: WakeVrThread
02-27 23:21:36.192  3176  3176 I [OAO] ShellOverlayMain: WakeVrThread - notifying vr thread
02-27 23:21:36.193  2440  2440 D MetaCam (LivestreamDeviceLifecycleObserver): onDeviceMountedStateChange while not livestreaming
02-27 23:21:36.194  3425  3425 D [SEO] BaseOverlayService: screenStateReceiver Received broadcast: com.oculus.intent.action.MOUNT_STATE_CHANGED
02-27 23:21:36.194  2492  2492 I [CT]    : MIXEDREALITY: MrService: MountStateChanged: true
02-27 23:21:36.195  3176  3337 I [OAO] ShellOverlayApp: VrThread woke up
02-27 23:21:36.195  1753  3021 I UnifiedTelemetryWrapper: Started UT session don
02-27 23:21:36.202   875 10704 I [CT]    : VIPER: Mode=SuperVega,Status=6DoF,TRACKING,Inl=33,Mem=86.9,Jit=0.2mm,Issues(Cam/min=0.0,IMU/min=0.0),Exp=(14.0ms,g=15.0,I=39,Ir=187.0)(13.2ms,g=15.0,I=78,Ir=395.5)(13.2ms,g=15.0,I=134,Ir=675.1)(8.0ms,g=11.0,I=74,Ir=848.5)
02-27 23:21:36.203  3176  3337 I [OAO] ShellOverlayApp: 0xc8abab28 msg: overlayCommand:
02-27 23:21:36.203  3176  3337 I [OAO] ShellOverlayApp: command = mountStateChanged
02-27 23:21:36.203  3176  3337 I [OAO] ShellOverlayApp: state = 1
02-27 23:21:36.203  3176  3337 I [OAO] ShellOverlayApp: Process_OverlayCommand command : mountStateChanged
02-27 23:21:36.203  3176  3337 I [OAO] ShellOverlayApp: mountStateChanged message received
02-27 23:21:36.203  3176  3337 I [OAO] ShellOverlayApp: ResolveDeviceState: change from WaitingForSleep to Awake
