03-01 21:03:13.122   754  4568 D AF::RecordHandle: OpRecordAudio: track:250 uid:10032 pkg:com.oculus.horizon usage:0 not muted
03-01 21:03:13.122  2949  2949 D [OAO] PanelServiceConnection: onSeviceConnected - component name (ComponentInfo{com.oculus.systemux/com.oculus.panelapp.controlbar.ControlBarPanelService}), panel app id (26)
03-01 21:03:13.122  2949  2949 D [OAO] ShellApplication: notify OS to set com.oculus.systemux/com.oculus.panelapp.controlbar.ControlBarPanelService to FOREGROUND
03-01 21:03:13.126  1766  1785 I FocusedClientsListener: focus: onVrFocusChanged(focusType=2): 1
03-01 21:03:13.126  1766  1785 I FocusedClientsListener: focus: pid=6073
03-01 21:03:13.126  2949  3072 I [OAO] PanelAppsManager: com.oculus.systemux/com.oculus.panelapp.destinationui.DestinationUiPanelService:23 is now foregrounded
03-01 21:03:13.126  1766  2935 I FocusedClientsListener: focus: onVrFocusChanged(focusType=1): 5
03-01 21:03:13.126  2949  3072 I [OAO] PanelAppHost: Panel app 23 (com.oculus.systemux/com.oculus.panelapp.destinationui.DestinationUiPanelService) changing state from background to foreground
03-01 21:03:13.126  1766  2935 I FocusedClientsListener: focus: pid=3468
03-01 21:03:13.126  1766  2935 I FocusedClientsListener: focus: pid=2949
03-01 21:03:13.126  1766  2935 I FocusedClientsListener: focus: pid=2961
03-01 21:03:13.126  1766  2935 I FocusedClientsListener: focus: pid=2573
03-01 21:03:13.126  1766  2935 I FocusedClientsListener: focus: pid=2431
03-01 21:03:13.126  1766  1786 I FocusedClientsListener: focus: onVrFocusChanged(focusType=0): 6
03-01 21:03:13.126  1766  1786 I FocusedClientsListener: focus: pid=3468
03-01 21:03:13.126  1766  1786 I FocusedClientsListener: focus: pid=2949
03-01 21:03:13.126  1766  1786 I FocusedClientsListener: focus: pid=2961
03-01 21:03:13.126  1766  1786 I FocusedClientsListener: focus: pid=2573
03-01 21:03:13.126  1766  1786 I FocusedClientsListener: focus: pid=2431
03-01 21:03:13.126  1766  1786 I FocusedClientsListener: focus: pid=6073
03-01 21:03:13.129  2949  3072 E TREX    : Interface version 1 was not found. Check debug build for more information.
03-01 21:03:13.131  1766  2935 I FocusedClientsListener: focus: onVrFocusChanged(focusType=1): 5
03-01 21:03:13.131  1766  2935 I FocusedClientsListener: focus: pid=3468
03-01 21:03:13.131  1766  2935 I FocusedClientsListener: focus: pid=2949
03-01 21:03:13.131  1766  2935 I FocusedClientsListener: focus: pid=2961
03-01 21:03:13.131  1766  2935 I FocusedClientsListener: focus: pid=2573
03-01 21:03:13.131  1766  2935 I FocusedClientsListener: focus: pid=2431
03-01 21:03:13.131  1766  1786 I FocusedClientsListener: focus: onVrFocusChanged(focusType=0): 6
03-01 21:03:13.194   866   866 I chatty  : uid=1000(system) /system/bin/trackingservice identical 20 lines
03-01 21:03:13.208   866   866 W TrackingService: attachClient: found client in attached list
03-01 21:03:13.209   866  1049 W TrackingService: attachClient: found client in attached list
03-01 21:03:13.519   866  1049 I chatty  : uid=1000(system) Binder:866_1 identical 16 lines
03-01 21:03:13.525  1057  1074 I DisplayManagerService: Display device added: DisplayDeviceInfo{"com.oculus.android_panel_app.AndroidPanelLayer-controlbar4": uniqueId="virtual:com.oculus.systemux,10026,com.oculus.android_panel_app.AndroidPanelLayer-controlbar4,0", 1250 x 50, modeId 198, defaultModeId 198, supportedModes [{id=198, width=1250, height=50, fps=60.0}], colorMode 0, supportedColorModes [0], HdrCapabilities null, density 200, 200.0 x 200.0 dpi, appVsyncOff 0, presDeadline 16666666, touch NONE, rotation 0, type VIRTUAL, state OFF, owner com.oculus.systemux (uid 10026), FLAG_PRIVATE, FLAG_NEVER_BLANK, FLAG_OWN_CONTENT_ONLY}
03-01 21:03:13.541   866  1049 W TrackingService: attachClient: found client in attached list
03-01 21:03:13.548   866   866 W TrackingService: attachClient: found client in attached list
03-01 21:03:13.551  1057  4005 I DisplayManagerService: Display device removed: DisplayDeviceInfo{"com.oculus.android_panel_app.AndroidPanelLayer-controlbar4": uniqueId="virtual:com.oculus.systemux,10026,com.oculus.android_panel_app.AndroidPanelLayer-controlbar4,0", 1250 x 50, modeId 198, defaultModeId 198, supportedModes [{id=198, width=1250, height=50, fps=60.0}], colorMode 0, supportedColorModes [0], HdrCapabilities null, density 200, 200.0 x 200.0 dpi, appVsyncOff 0, presDeadline 16666666, touch NONE, rotation 0, type VIRTUAL, state OFF, owner com.oculus.systemux (uid 10026), FLAG_PRIVATE, FLAG_NEVER_BLANK, FLAG_OWN_CONTENT_ONLY}
03-01 21:03:13.556  1057  4005 I DisplayManagerService: Display device added: DisplayDeviceInfo{"com.oculus.android_panel_app.AndroidPanelLayer-controlbar4": uniqueId="virtual:com.oculus.systemux,10026,com.oculus.android_panel_app.AndroidPanelLayer-controlbar4,0", 1000 x 50, modeId 199, defaultModeId 199, supportedModes [{id=199, width=1000, height=50, fps=60.0}], colorMode 0, supportedColorModes [0], HdrCapabilities null, density 200, 200.0 x 200.0 dpi, appVsyncOff 0, presDeadline 16666666, touch NONE, rotation 0, type VIRTUAL, state OFF, owner com.oculus.systemux (uid 10026), FLAG_PRIVATE, FLAG_NEVER_BLANK, FLAG_OWN_CONTENT_ONLY}
03-01 21:03:13.626  1057  1082 I ActivityTaskManager: Override config changes=20005df8 {0.0 ?mcc?mnc ?localeList ?layoutDir sw40dp w1000dp h40dp 200dpi nrml long land ?uimode ?night -touch qwerty/v/v -nav/h winConfig={ mBounds=Rect(0, 0 - 1250, 50) mAppBounds=Rect(0, 0 - 1250, 50) mWindowingMode=fullscreen mDisplayWindowingMode=fullscreen mActivityType=undefined mAlwaysOnTop=undefined mRotation=ROTATION_0}} for displayId=137
03-01 21:03:13.718  1057  1082 I ActivityTaskManager: Override config changes=20005df8 {0.0 ?mcc?mnc ?localeList ?layoutDir sw40dp w800dp h40dp 200dpi nrml long land ?uimode ?night -touch qwerty/v/v -nav/h winConfig={ mBounds=Rect(0, 0 - 1000, 50) mAppBounds=Rect(0, 0 - 1000, 50) mWindowingMode=fullscreen mDisplayWindowingMode=fullscreen mActivityType=undefined mAlwaysOnTop=undefined mRotation=ROTATION_0}} for displayId=138
03-01 21:03:13.885  1057  1082 I DisplayManagerService: Display device changed state: "com.oculus.android_panel_app.AndroidPanelLayer-controlbar4", ON
03-01 21:03:13.917  1057  6495 E WindowManager: App trying to use insecure INPUT_FEATURE_NO_INPUT_CHANNEL flag. Ignoring
03-01 21:03:14.023   866   866 I chatty  : uid=1000(system) /system/bin/trackingservice identical 22 lines
03-01 21:03:14.048   866   866 W TrackingService: attachClient: found client in attached list
03-01 21:03:14.056   866  1049 W TrackingService: attachClient: found client in attached list
03-01 21:03:14.315   866  1049 I chatty  : uid=1000(system) Binder:866_1 identical 12 lines
03-01 21:03:14.340   866  1049 W TrackingService: attachClient: found client in attached list
03-01 21:03:14.342   866   866 W TrackingService: attachClient: found client in attached list
03-01 21:03:14.595   866   866 I chatty  : uid=1000(system) /system/bin/trackingservice identical 12 lines
03-01 21:03:14.617   866   866 W TrackingService: attachClient: found client in attached list
03-01 21:03:14.618   866  1049 W TrackingService: attachClient: found client in attached list
03-01 21:03:14.874   866  1049 I chatty  : uid=1000(system) Binder:866_1 identical 12 lines
03-01 21:03:14.898   866  1049 W TrackingService: attachClient: found client in attached list
03-01 21:03:14.900   866   866 W TrackingService: attachClient: found client in attached list
03-01 21:03:14.957   866   866 I chatty  : uid=1000(system) /system/bin/trackingservice identical 2 lines
03-01 21:03:14.965   866   866 W TrackingService: attachClient: found client in attached list
03-01 21:03:14.966   866  1049 W TrackingService: attachClient: found client in attached list
03-01 21:03:15.193   866  1049 I chatty  : uid=1000(system) Binder:866_1 identical 6 lines
03-01 21:03:15.234   866  1049 W TrackingService: attachClient: found client in attached list
03-01 21:03:15.236   866   866 W TrackingService: attachClient: found client in attached list
03-01 21:03:15.240   866  1049 W TrackingService: attachClient: found client in attached list
03-01 21:03:15.294  1057  4005 I DisplayManagerService: Display device added: DisplayDeviceInfo{"com.oculus.android_panel_app.AndroidPanelLayer-tooltip": uniqueId="virtual:com.oculus.systemux,10026,com.oculus.android_panel_app.AndroidPanelLayer-tooltip,0", 1250 x 1250, modeId 200, defaultModeId 200, supportedModes [{id=200, width=1250, height=1250, fps=60.0}], colorMode 0, supportedColorModes [0], HdrCapabilities null, density 200, 200.0 x 200.0 dpi, appVsyncOff 0, presDeadline 16666666, touch NONE, rotation 0, type VIRTUAL, state OFF, owner com.oculus.systemux (uid 10026), FLAG_PRIVATE, FLAG_NEVER_BLANK, FLAG_OWN_CONTENT_ONLY}
03-01 21:03:15.333  1057  4005 I DisplayManagerService: Display device removed: DisplayDeviceInfo{"com.oculus.android_panel_app.AndroidPanelLayer-tooltip": uniqueId="virtual:com.oculus.systemux,10026,com.oculus.android_panel_app.AndroidPanelLayer-tooltip,0", 1250 x 1250, modeId 200, defaultModeId 200, supportedModes [{id=200, width=1250, height=1250, fps=60.0}], colorMode 0, supportedColorModes [0], HdrCapabilities null, density 200, 200.0 x 200.0 dpi, appVsyncOff 0, presDeadline 16666666, touch NONE, rotation 0, type VIRTUAL, state OFF, owner com.oculus.systemux (uid 10026), FLAG_PRIVATE, FLAG_NEVER_BLANK, FLAG_OWN_CONTENT_ONLY}
03-01 21:03:15.341  1057  2820 I DisplayManagerService: Display device added: DisplayDeviceInfo{"com.oculus.android_panel_app.AndroidPanelLayer-tooltip": uniqueId="virtual:com.oculus.systemux,10026,com.oculus.android_panel_app.AndroidPanelLayer-tooltip,0", 110 x 65, modeId 201, defaultModeId 201, supportedModes [{id=201, width=110, height=65, fps=60.0}], colorMode 0, supportedColorModes [0], HdrCapabilities null, density 200, 200.0 x 200.0 dpi, appVsyncOff 0, presDeadline 16666666, touch NONE, rotation 0, type VIRTUAL, state OFF, owner com.oculus.systemux (uid 10026), FLAG_PRIVATE, FLAG_NEVER_BLANK, FLAG_OWN_CONTENT_ONLY}
03-01 21:03:15.399  1057  1082 I ActivityTaskManager: Override config changes=20005df8 {0.0 ?mcc?mnc ?localeList ?layoutDir sw1000dp w1000dp h1000dp 200dpi xlrg port ?uimode ?night -touch qwerty/v/v -nav/h winConfig={ mBounds=Rect(0, 0 - 1250, 1250) mAppBounds=Rect(0, 0 - 1250, 1250) mWindowingMode=fullscreen mDisplayWindowingMode=fullscreen mActivityType=undefined mAlwaysOnTop=undefined mRotation=ROTATION_0}} for displayId=139
03-01 21:03:15.564  1057  1080 W Looper  : Slow dispatch took 126ms android.ui h=android.hardware.display.DisplayManagerGlobal$DisplayListenerDelegate c=null m=1
03-01 21:03:15.565  1057  1082 I DisplayManagerService: Display device changed state: "com.oculus.android_panel_app.AndroidPanelLayer-tooltip", ON
03-01 21:03:15.567  1057  1082 I ActivityTaskManager: Override config changes=20005df8 {0.0 ?mcc?mnc ?localeList ?layoutDir sw52dp w88dp h52dp 200dpi smll land ?uimode ?night -touch qwerty/v/v -nav/h winConfig={ mBounds=Rect(0, 0 - 110, 65) mAppBounds=Rect(0, 0 - 110, 65) mWindowingMode=fullscreen mDisplayWindowingMode=fullscreen mActivityType=undefined mAlwaysOnTop=undefined mRotation=ROTATION_0}} for displayId=140
03-01 21:03:15.587  1057  2820 E WindowManager: App trying to use insecure INPUT_FEATURE_NO_INPUT_CHANNEL flag. Ignoring
03-01 21:03:15.639  1057 11441 I DropBoxManagerService: add tag=system_server_wtf isTagEnabled=true flags=0x2
03-01 21:03:16.261   866  1049 I chatty  : uid=1000(system) Binder:866_1 identical 47 lines
03-01 21:03:16.292   866  1049 W TrackingService: attachClient: found client in attached list
03-01 21:03:16.296   866   866 W TrackingService: attachClient: found client in attached list
03-01 21:03:16.334  1057 11441 I DisplayManagerService: Display device removed: DisplayDeviceInfo{"com.oculus.android_panel_app.AndroidPanelLayer-tooltip": uniqueId="virtual:com.oculus.systemux,10026,com.oculus.android_panel_app.AndroidPanelLayer-tooltip,0", 110 x 65, modeId 201, defaultModeId 201, supportedModes [{id=201, width=110, height=65, fps=60.0}], colorMode 0, supportedColorModes [0], HdrCapabilities null, density 200, 200.0 x 200.0 dpi, appVsyncOff 0, presDeadline 16666666, touch NONE, rotation 0, type VIRTUAL, state ON, owner com.oculus.systemux (uid 10026), FLAG_PRIVATE, FLAG_NEVER_BLANK, FLAG_OWN_CONTENT_ONLY}
03-01 21:03:16.527   866   866 I chatty  : uid=1000(system) /system/bin/trackingservice identical 9 lines
03-01 21:03:16.564   866   866 W TrackingService: attachClient: found client in attached list
03-01 21:03:16.565   866  1049 W TrackingService: attachClient: found client in attached list
03-01 21:03:16.609   866  1049 I chatty  : uid=1000(system) Binder:866_1 identical 2 lines
03-01 21:03:16.619   866  1049 W TrackingService: attachClient: found client in attached list
03-01 21:03:16.620   866   866 W TrackingService: attachClient: found client in attached list
03-01 21:03:16.863  1057  8341 I DisplayManagerService: Display device added: DisplayDeviceInfo{"com.oculus.android_panel_app.AndroidPanelLayer-toast": uniqueId="virtual:com.oculus.systemux,10026,com.oculus.android_panel_app.AndroidPanelLayer-toast,0", 525 x 1250, modeId 202, defaultModeId 202, supportedModes [{id=202, width=525, height=1250, fps=60.0}], colorMode 0, supportedColorModes [0], HdrCapabilities null, density 200, 200.0 x 200.0 dpi, appVsyncOff 0, presDeadline 16666666, touch NONE, rotation 0, type VIRTUAL, state OFF, owner com.oculus.systemux (uid 10026), FLAG_PRIVATE, FLAG_NEVER_BLANK, FLAG_OWN_CONTENT_ONLY}
03-01 21:03:16.878  1057 11441 I DisplayManagerService: Display device removed: DisplayDeviceInfo{"com.oculus.android_panel_app.AndroidPanelLayer-toast": uniqueId="virtual:com.oculus.systemux,10026,com.oculus.android_panel_app.AndroidPanelLayer-toast,0", 525 x 1250, modeId 202, defaultModeId 202, supportedModes [{id=202, width=525, height=1250, fps=60.0}], colorMode 0, supportedColorModes [0], HdrCapabilities null, density 200, 200.0 x 200.0 dpi, appVsyncOff 0, presDeadline 16666666, touch NONE, rotation 0, type VIRTUAL, state OFF, owner com.oculus.systemux (uid 10026), FLAG_PRIVATE, FLAG_NEVER_BLANK, FLAG_OWN_CONTENT_ONLY}
03-01 21:03:16.879  1057  8341 I DisplayManagerService: Display device added: DisplayDeviceInfo{"com.oculus.android_panel_app.AndroidPanelLayer-toast": uniqueId="virtual:com.oculus.systemux,10026,com.oculus.android_panel_app.AndroidPanelLayer-toast,0", 525 x 1, modeId 203, defaultModeId 203, supportedModes [{id=203, width=525, height=1, fps=60.0}], colorMode 0, supportedColorModes [0], HdrCapabilities null, density 200, 200.0 x 200.0 dpi, appVsyncOff 0, presDeadline 16666666, touch NONE, rotation 0, type VIRTUAL, state OFF, owner com.oculus.systemux (uid 10026), FLAG_PRIVATE, FLAG_NEVER_BLANK, FLAG_OWN_CONTENT_ONLY}
03-01 21:03:16.946  1057  1082 I ActivityTaskManager: Override config changes=200055f8 {0.0 ?mcc?mnc ?localeList ?layoutDir ?swdp w420dp ?hdp 200dpi smll land ?uimode ?night -touch qwerty/v/v -nav/h winConfig={ mBounds=Rect(0, 0 - 525, 1) mAppBounds=Rect(0, 0 - 525, 1) mWindowingMode=fullscreen mDisplayWindowingMode=fullscreen mActivityType=undefined mAlwaysOnTop=undefined mRotation=ROTATION_0}} for displayId=142
03-01 21:03:16.962  1057  1082 I DisplayManagerService: Display device changed state: "com.oculus.android_panel_app.AndroidPanelLayer-toast", ON
03-01 21:03:16.974  1057  6495 E WindowManager: App trying to use insecure INPUT_FEATURE_NO_INPUT_CHANNEL flag. Ignoring
03-01 21:03:17.057  1057  8718 I DisplayManagerService: Display device removed: DisplayDeviceInfo{"com.oculus.android_panel_app.AndroidPanelLayer-toast": uniqueId="virtual:com.oculus.systemux,10026,com.oculus.android_panel_app.AndroidPanelLayer-toast,0", 525 x 1, modeId 203, defaultModeId 203, supportedModes [{id=203, width=525, height=1, fps=60.0}], colorMode 0, supportedColorModes [0], HdrCapabilities null, density 200, 200.0 x 200.0 dpi, appVsyncOff 0, presDeadline 16666666, touch NONE, rotation 0, type VIRTUAL, state ON, owner com.oculus.systemux (uid 10026), FLAG_PRIVATE, FLAG_NEVER_BLANK, FLAG_OWN_CONTENT_ONLY}
03-01 21:03:17.075  1057  8718 I DisplayManagerService: Display device added: DisplayDeviceInfo{"com.oculus.android_panel_app.AndroidPanelLayer-toast": uniqueId="virtual:com.oculus.systemux,10026,com.oculus.android_panel_app.AndroidPanelLayer-toast,0", 525 x 102, modeId 204, defaultModeId 204, supportedModes [{id=204, width=525, height=102, fps=60.0}], colorMode 0, supportedColorModes [0], HdrCapabilities null, density 200, 200.0 x 200.0 dpi, appVsyncOff 0, presDeadline 16666666, touch NONE, rotation 0, type VIRTUAL, state OFF, owner com.oculus.systemux (uid 10026), FLAG_PRIVATE, FLAG_NEVER_BLANK, FLAG_OWN_CONTENT_ONLY}
03-01 21:03:17.086  1057  8718 W WindowManager: Failed looking up window callers=com.android.server.wm.WindowManagerService.windowForClientLocked:5339 com.android.server.wm.WindowManagerService.removeWindow:1788 com.android.server.wm.Session.remove:176 
03-01 21:03:17.128  1057  1082 I DisplayManagerService: Display device changed state: "com.oculus.android_panel_app.AndroidPanelLayer-toast", ON
03-01 21:03:17.133  1057  1082 I ActivityTaskManager: Override config changes=20005df8 {0.0 ?mcc?mnc ?localeList ?layoutDir sw81dp w420dp h81dp 200dpi smll land ?uimode ?night -touch qwerty/v/v -nav/h winConfig={ mBounds=Rect(0, 0 - 525, 102) mAppBounds=Rect(0, 0 - 525, 102) mWindowingMode=fullscreen mDisplayWindowingMode=fullscreen mActivityType=undefined mAlwaysOnTop=undefined mRotation=ROTATION_0}} for displayId=143
03-01 21:03:17.155  1057  8718 E WindowManager: App trying to use insecure INPUT_FEATURE_NO_INPUT_CHANNEL flag. Ignoring
03-01 21:03:17.673   866   866 I chatty  : uid=1000(system) /system/bin/trackingservice identical 52 lines
03-01 21:03:17.695  1057  2172 I ActivityTaskManager: START u0 {act=android.intent.action.MAIN cat=[android.intent.category.LAUNCHER] flg=0x10010000 pkg=com.oculus.vrshell cmp=com.oculus.vrshell/.MainActivity (has extras)} from uid 10020
03-01 21:03:17.714   866   866 W TrackingService: attachClient: found client in attached list
03-01 21:03:17.716   866  1049 W TrackingService: attachClient: found client in attached list
03-01 21:03:17.739  1057  1082 D ActivityManager: Is background playback GK enabled: false Is background playback enabled for all apps: false
03-01 21:03:17.755   734   911 D ACDB-LOADER: ACDB -> send_audvoltable
03-01 21:03:17.755   734   911 D ACDB-LOADER: ACDB -> ACDB_CMD_GET_AUDPROC_INSTANCE_GAIN_DEP_STEP_TABLE_SIZE
03-01 21:03:17.755   734   911 D         : Failed to fetch the lookup information of the device 0000000F 
03-01 21:03:17.755  1766  5751 I FocusedClientsListener: focus: onVrFocusChanged(focusType=2): 1
03-01 21:03:17.755  1766  5751 I FocusedClientsListener: focus: pid=6073
03-01 21:03:17.755   734   911 D ACDB-LOADER: Error: ACDB_CMD_GET_AUDPROC_INSTANCE_GAIN_DEP_STEP_TABLE_SIZE Returned = -19
03-01 21:03:17.755   734   911 D ACDB-LOADER: ACDB -> ACDB_CMD_GET_AUDPROC_INSTANCE_GAIN_DEP_STEP_TABLE, vol index 12
03-01 21:03:17.755   734   911 D         : Failed to fetch the lookup information of the device 0000000F 
03-01 21:03:17.755   734   911 D ACDB-LOADER: Error: ACDB AudProc vol returned = -19
03-01 21:03:17.755   734   911 D ACDB-LOADER: ACDB -> AUDIO_SET_VOL_CAL cal type = 40
03-01 21:03:17.755  1766  1785 I FocusedClientsListener: focus: onVrFocusChanged(focusType=0): 6
03-01 21:03:17.755  1766  1785 I FocusedClientsListener: focus: pid=3468
03-01 21:03:17.755  1766  1785 I FocusedClientsListener: focus: pid=2949
03-01 21:03:17.755  1766  1785 I FocusedClientsListener: focus: pid=2961
03-01 21:03:17.755  1766  1785 I FocusedClientsListener: focus: pid=2573
03-01 21:03:17.755  1766  1785 I FocusedClientsListener: focus: pid=2431
03-01 21:03:17.755  1766  1785 I FocusedClientsListener: focus: pid=6073
03-01 21:03:17.756  4074  4181 I chatty  : uid=10033(com.oculus.xrstreamingclient) SlamAnchorMem expire 1 line
03-01 21:03:17.756  6073  6073 D TrustedSignatureVerifier: Package com.oculus.vrshell trusted due to RELEASE signature.
03-01 21:03:17.756  6073  6073 D SystemActivitiesReceiver: App is trusted
03-01 21:03:17.756  6073  6073 I SystemActivitiesEvents: nativeSystemActivityIntent in 'com.YourCompany.TemplateProject3': 'com.oculus.vrshell' '{"Command":"exitToHome","ToPackage":"com.YourCompany.TemplateProject3"}' ''
03-01 21:03:17.756  6073  6073 I SystemActivitiesEvents: SYSTEM_ACTIVITY_EVENT_EXIT_TO_HOME: finish() - exit to Home
03-01 21:03:17.756  6073  6073 W emplateProject: Attempt to remove non-JNI local reference, dumping thread
03-01 21:03:17.756  6073  6073 I chatty  : uid=10199(com.YourCompany.TemplateProject3) identical 1 line
03-01 21:03:17.756  6073  6073 W emplateProject: Attempt to remove non-JNI local reference, dumping thread
03-01 21:03:17.757   754  3793 D AF::RecordHandle: OpRecordAudio: track:137 uid:10033 pkg:com.oculus.xrstreamingclient usage:0 muted
03-01 21:03:17.758  6073  6073 D ContextHelper: shouldSkipFinish: activity=com.epicgames.ue4.GameActivity@f66f8ca
03-01 21:03:17.758  6073  6073 W emplateProject: Accessing hidden method Landroid/app/Activity;->isResumed()Z (greylist, reflection, allowed)
03-01 21:03:17.758  6073  6073 D ContextHelper: activity=com.epicgames.ue4.GameActivity@f66f8ca, resumed=false
03-01 21:03:17.758  6073  6073 D ContextHelper: Calling finish() on com.epicgames.ue4.GameActivity@f66f8ca
03-01 21:03:17.758   754   754 D AF::TrackHandle: OpPlayAudio: track:59 uid:10014 pkg:com.oculus.shellenv usage:1 muted
03-01 21:03:17.763   754   754 D AF::RecordHandle: OpRecordAudio: track:250 uid:10032 pkg:com.oculus.horizon usage:0 not muted
03-01 21:03:17.764  4074  4133 I chatty  : uid=10033(com.oculus.xrstreamingclient) SlamAnchorMem expire 3 lines
03-01 21:03:17.776  2431  3215 I VrGuardianService: GuardianSDKServer::ClearReturnPackage
03-01 21:03:17.793  4074  4181 I chatty  : uid=10033(com.oculus.xrstreamingclient) SlamAnchorMem expire 2 lines
03-01 21:03:17.805  4074  4133 I chatty  : uid=10033(com.oculus.xrstreamingclient) SlamAnchorMem expire 5 lines
03-01 21:03:17.844  1766  6447 I CompositorVR: SetSchedFifo( tid=6156, pol=2, pri=0 ) succeeded
03-01 21:03:17.845  1766  6447 I CompositorVR: SetSchedFifo( tid=6548, pol=2, pri=0 ) succeeded
03-01 21:03:17.845  1766  6447 I CompositorVR: SetSchedFifo( tid=6550, pol=2, pri=0 ) succeeded
03-01 21:03:17.848  1766  3056 I VrRuntimeService: DestroySwapChain: swapchain=409
03-01 21:03:17.848  1766  3056 I VrRuntimeService: DestroySwapChain: swapchain=403
03-01 21:03:17.848  1057  6563 I DisplayManagerService: Display device removed: DisplayDeviceInfo{"com.oculus.android_panel_app.AndroidPanelLayer-#main": uniqueId="virtual:com.oculus.systemux,10026,com.oculus.android_panel_app.AndroidPanelLayer-#main,1", 1000 x 625, modeId 192, defaultModeId 192, supportedModes [{id=192, width=1000, height=625, fps=60.0}], colorMode 0, supportedColorModes [0], HdrCapabilities null, density 200, 200.0 x 200.0 dpi, appVsyncOff 0, presDeadline 16666666, touch NONE, rotation 0, type VIRTUAL, state ON, owner com.oculus.systemux (uid 10026), FLAG_PRIVATE, FLAG_NEVER_BLANK, FLAG_OWN_CONTENT_ONLY}
03-01 21:03:17.879  1057  6563 I DisplayManagerService: Display device removed: DisplayDeviceInfo{"com.oculus.android_panel_app.AndroidPanelLayer-controlbar4": uniqueId="virtual:com.oculus.systemux,10026,com.oculus.android_panel_app.AndroidPanelLayer-controlbar4,0", 1000 x 50, modeId 199, defaultModeId 199, supportedModes [{id=199, width=1000, height=50, fps=60.0}], colorMode 0, supportedColorModes [0], HdrCapabilities null, density 200, 200.0 x 200.0 dpi, appVsyncOff 0, presDeadline 16666666, touch NONE, rotation 0, type VIRTUAL, state ON, owner com.oculus.systemux (uid 10026), FLAG_PRIVATE, FLAG_NEVER_BLANK, FLAG_OWN_CONTENT_ONLY}
03-01 21:03:17.898  1057  8341 I ActivityTaskManager: START u0 {act=android.intent.action.MAIN cat=[android.intent.category.LAUNCHER] flg=0x14000000 pkg=com.oculus.shellenv cmp=com.oculus.shellenv/.ShellEnvActivity (has extras)} from uid 10020
03-01 21:03:17.913   866  1049 I chatty  : uid=1000(system) Binder:866_1 identical 10 lines
03-01 21:03:17.926   866  1049 W TrackingService: attachClient: found client in attached list
03-01 21:03:17.945  1057  2172 D ActivityManager: Is background playback GK enabled: false Is background playback enabled for all apps: false
03-01 21:03:17.958   866  1199 W TrackingService: attachClient: found client in attached list
03-01 21:03:17.967   866  1049 W TrackingService: attachClient: found client in attached list
03-01 21:03:17.968   866  1199 W TrackingService: attachClient: found client in attached list
03-01 21:03:18.103   866  1199 I chatty  : uid=1000(system) Binder:866_3 identical 6 lines
03-01 21:03:18.107   866  1199 W TrackingService: attachClient: found client in attached list
03-01 21:03:18.108   866  1199 D TrackingService: getSharedMemory: com.oculus.shellenv#3468, Controller
03-01 21:03:18.142  1057  8341 W AppOps  : Noting op not finished: uid 10020 pkg com.oculus.vrshell code 24 time=1677704597739 duration=-1
03-01 21:03:18.143   866  1199 W TrackingService: attachClient: found client in attached list
03-01 21:03:18.162  1057  8341 E WindowManager: App trying to use insecure INPUT_FEATURE_NO_INPUT_CHANNEL flag. Ignoring
03-01 21:03:18.186   866  1199 W TrackingService: attachClient: found client in attached list
03-01 21:03:18.193   866  1049 W TrackingService: attachClient: found client in attached list
03-01 21:03:18.193   866  1049 D TrackingService: getSharedMemory: com.oculus.vrshell#2961, Controller
03-01 21:03:18.196   866  1199 W TrackingService: attachClient: found client in attached list
03-01 21:03:18.197   866  1199 W TrackingService: attachClient: found client in attached list
03-01 21:03:18.204  1766  1785 I FocusedClientsListener: focus: pid=3468
03-01 21:03:18.204  1766  1785 I FocusedClientsListener: focus: pid=2949
03-01 21:03:18.204  1766  1785 I FocusedClientsListener: focus: pid=2961
03-01 21:03:18.204  1766  1785 I FocusedClientsListener: focus: pid=2573
03-01 21:03:18.204  1766  1785 I FocusedClientsListener: focus: pid=2431
03-01 21:03:18.204  1766  1785 I FocusedClientsListener: focus: pid=6073
03-01 21:03:18.205  1936  2328 I OVRMediaServiceManager: Sending onAppStart (com.oculus.shellenv) to SocialPlatform (com.oculus.socialplatform)
03-01 21:03:18.210  2487  2487 D MetaCam (MediaCapabilityChecker): checkMediaHasRecordingCapabilities packageName: com.oculus.vrshell
03-01 21:03:18.210  2487  2487 D MetaCam (MediaCapabilityChecker): checkMediaHasRecordingCapabilities packageName: com.oculus.vrshell
03-01 21:03:18.213   795  1009 I SDM     : HWCDisplayBuiltIn::Validate: Validate +++ enable cac = 0
03-01 21:03:18.216  1766  6447 I CompositorVR: WarpToScreen: Skipping frames for 34
03-01 21:03:18.229  1766  6447 I CompositorVR: WarpToScreen: Skipping frames for 34
03-01 21:03:18.230  1766  1785 I FocusedClientsListener: focus: onVrFocusChanged(focusType=0): 6
03-01 21:03:18.230  1766  1785 I FocusedClientsListener: focus: pid=3468
03-01 21:03:18.230  1766  1785 I FocusedClientsListener: focus: pid=2949
03-01 21:03:18.230  1766  1785 I FocusedClientsListener: focus: pid=2961
03-01 21:03:18.230  1766  1785 I FocusedClientsListener: focus: pid=2573
03-01 21:03:18.230  1766  1785 I FocusedClientsListener: focus: pid=2431
03-01 21:03:18.230  1766  1785 I FocusedClientsListener: focus: pid=6073
03-01 21:03:18.230  1766  1786 I FocusedClientsListener: focus: onVrFocusChanged(focusType=1): 5
03-01 21:03:18.230  1766  1786 I FocusedClientsListener: focus: pid=3468
03-01 21:03:18.230  1766  1786 I FocusedClientsListener: focus: pid=2949
03-01 21:03:18.230  1766  1786 I FocusedClientsListener: focus: pid=2961
03-01 21:03:18.231  1766  1786 I FocusedClientsListener: focus: pid=2573
03-01 21:03:18.231  1766  1786 I FocusedClientsListener: focus: pid=2431
03-01 21:03:18.231  1766  5751 I FocusedClientsListener: focus: onVrFocusChanged(focusType=2): 1
03-01 21:03:18.231  1766  5751 I FocusedClientsListener: focus: pid=6073
03-01 21:03:18.231  1766  1766 D VrRuntimeService: onForegroundActivitiesChanged: pid=2961, uid=10020, hasForegroundActivities=false
03-01 21:03:18.233   866  6441 I [CT]    : CONSTELLATION:VISION_STATUS: 86557c336c360320 (L): BlobDetection:[#BlobsDetected=(21.52, 18.14)]Matching:[MatchSuccess=0.772, MatchCost=(0.00179, 0.00000), #MatchedBlobs=(8.58, 25.89), #MatchedLeds=(5.03, 8.66), RematchM=0.008, SkipRefine=0.000] MatchMethod:[Prox=0.756, ConstBrute=0.020, UnconstBrute=0.000] MatchResets[AnomBlobSize=0.004, SharedMatch=0.000, DenseReacq=0.000] | Fusion:[FusionError=0.000, ImuFromCamMs=(10.525, 1.876), RematchF=0.008] FusionUpdates:[Successful=0.772, Reliable=0.764, TightFusion=0.756, FullPose=0.008, StaticPrior=0.000, StaticForHandTrans=0.052, PoseUpdateMD=(0.7760, 0.0921)] FusionResets[6DoFReset=0.220, ResetSuccess=0.008] FusionStatus[HasPosition=0.788, HasVelocity=0.764] 
03-01 21:03:18.234   866  6441 I [CT]    : CONSTELLATION:VISION_STATUS: 729165a0fe4054d7 (R): BlobDetection:[#BlobsDetected=(21.52, 18.14)]Matching:[MatchSuccess=1.000, MatchCost=(0.00153, 0.00000), #MatchedBlobs=(12.26, 0.56), #MatchedLeds=(7.50, 0.71), RematchM=0.000, SkipRefine=0.000] MatchMethod:[Prox=1.000, ConstBrute=0.000, UnconstBrute=0.000] MatchResets[AnomBlobSize=0.000, SharedMatch=0.000, DenseReacq=0.000] | Fusion:[FusionError=0.000, ImuFromCamMs=(11.046, 1.724), RematchF=0.000] FusionUpdates:[Successful=1.000, Reliable=1.000, TightFusion=1.000, FullPose=0.000, StaticPrior=0.000, StaticForHandTrans=0.000, PoseUpdateMD=(0.0000, 0.0000)] FusionResets[6DoFReset=0.000, ResetSuccess=0.000] FusionStatus[HasPosition=1.000, HasVelocity=1.000] 
03-01 21:03:18.235  1766  6447 I Vsync   : Vsync 15107:  1 x 11.14 ms (71.82 Hz, at 9293.523)
03-01 21:03:18.236   866  1049 W TrackingService: attachClient: found client in attached list
03-01 21:03:18.238  4074  4181 E OsSdk   : error getting shared memory region, memory type: HeadTracker, failed with Status(-1, EX_SECURITY): 'requested shared memory region when not registered/focused'
03-01 21:03:18.238  1936  2088 I OVRMediaService: onStartCommand Received message type: overlay_input_focus_change, caller package: com.oculus.vrshell, app identify: AppIdentity{uid=10020, packageNames=[com.oculus.vrshell], sha1=MxZgtt071YLz39PLrkVGckZooCE, sha2=3C-DTjwZQjeLFPB2yCzRq1nqZWa_9HMLIEfpjvyfna8, version=null, domain=null}
03-01 21:03:18.241  1766  6447 I CompositorVR: WarpToScreen: Skipping frames for 34
03-01 21:03:18.247  4074  4181 E OsSdk   : error getting shared memory region, memory type: AnchorTracker, failed with Status(-1, EX_SECURITY): 'requested shared memory region when not registered/focused'
03-01 21:03:18.250  1766  6447 I CompositorVR: WarpToScreen: Skipping frames for 34
03-01 21:03:18.250  4074  4133 E OsSdk   : error getting shared memory region, memory type: HeadTracker, failed with Status(-1, EX_SECURITY): 'requested shared memory region when not registered/focused'
03-01 21:03:18.250  4074  4133 W [CT]    : SlamAnchorMemoryRuntimeIpcServer: HeadTracker::getState failed
03-01 21:03:18.250  4074  4133 W [CT]    : SlamAnchorMemoryRuntimeIpcServerThread: RigidBodyStates update failure.
03-01 21:03:18.250   734  4228 I audio_hw_primary: getting vr mode to 0
03-01 21:03:18.250  3468  3501 I Clay    : xrPollEvent: DISPLAY_REFRESH_RATE_CHANGED_FB: 72.000000 -> 90.000000
03-01 21:03:18.252   754  1002 I AudioPolicyManagerCustom: VR mode is 0, switch to primary output if request is for fast|raw
03-01 21:03:18.255   754  1002 W AudioFlinger: createTrack_l(): mismatch between requested flags (00000104) and output flags (00000006)
03-01 21:03:18.259   754  1002 D AudioFlinger: Client defaulted notificationFrames to 192 for frameCount 384
03-01 21:03:18.261  1766  6447 I CompositorVR: WarpToScreen: Skipping frames for 34
03-01 21:03:18.272  1766  6447 I CompositorVR: WarpToScreen: Skipping frames for 34
03-01 21:03:18.282   754  1002 D AF::TrackHandle: OpPlayAudio: track:255 uid:10020 pkg:com.oculus.vrshell usage:1 not muted
03-01 21:03:18.283  1766  6447 I CompositorVR: WarpToScreen: Skipping frames for 34
03-01 21:03:18.294  1766  6447 I CompositorVR: WarpToScreen: Skipping frames for 34
03-01 21:03:18.295  4074  4133 E OsSdk   : error getting shared memory region, memory type: HeadTracker, failed with Status(-1, EX_SECURITY): 'requested shared memory region when not registered/focused'
03-01 21:03:18.296  4074  4133 W [CT]    : SlamAnchorMemoryRuntimeIpcServer: HeadTracker::getState failed
03-01 21:03:18.297  4074  4133 W [CT]    : SlamAnchorMemoryRuntimeIpcServerThread: RigidBodyStates update failure.
03-01 21:03:18.297  4074  4181 E OsSdk   : error getting shared memory region, memory type: HeadTracker, failed with Status(-1, EX_SECURITY): 'requested shared memory region when not registered/focused'
03-01 21:03:18.306  1766  6447 I CompositorVR: WarpToScreen: Skipping frames for 34
03-01 21:03:18.317  1766  6447 I CompositorVR: WarpToScreen: Skipping frames for 34
03-01 21:03:18.318   734  4228 D msm8974_platform: platform_split_snd_device: snd_device(2) num devices(1) new_snd_devices(0)
03-01 21:03:18.318   734  4228 D ACDB-LOADER: ACDB -> send_audvoltable
03-01 21:03:18.318   734  4228 D ACDB-LOADER: ACDB -> ACDB_CMD_GET_AUDPROC_INSTANCE_GAIN_DEP_STEP_TABLE_SIZE
03-01 21:03:18.318   734  4228 D         : Failed to fetch the lookup information of the device 0000000F 
03-01 21:03:18.318   734  4228 D ACDB-LOADER: Error: ACDB_CMD_GET_AUDPROC_INSTANCE_GAIN_DEP_STEP_TABLE_SIZE Returned = -19
03-01 21:03:18.318   734  4228 D ACDB-LOADER: ACDB -> ACDB_CMD_GET_AUDPROC_INSTANCE_GAIN_DEP_STEP_TABLE, vol index 14
03-01 21:03:18.318   734  4228 D         : Failed to fetch the lookup information of the device 0000000F 
03-01 21:03:18.318   734  4228 D ACDB-LOADER: Error: ACDB AudProc vol returned = -19
03-01 21:03:18.318   734  4228 D ACDB-LOADER: ACDB -> AUDIO_SET_VOL_CAL cal type = 40
03-01 21:03:18.318  1057  6495 I MediaFocusControl: requestAudioFocus() from uid/pid 10020/2961 clientId=android.media.AudioManager@5ee564fcom.oculus.vrshell.ShellAudioFocusHandler@4e101dc callingPack=com.oculus.vrshell req=1 flags=0x0 sdk=29
03-01 21:03:18.319  1057  6495 D PreferencesStoreManager: xros_audio_enable_background_audio_playback value retrieved from preference store: false
03-01 21:03:18.320  2431  3596 I VrGuardianService: GuardianSDKServer::OnShellVrModeChangeReq: enterVrMode: 1, isShell: 1
03-01 21:03:18.320  1057  3556 W ActivityManager: Slow operation: 59ms so far, now at getContentProviderImpl: after updateOomAdj
03-01 21:03:18.320  1057  3556 W ActivityManager: Slow operation: 59ms so far, now at getContentProviderImpl: done!
03-01 21:03:18.323  1285  1285 V AvrcpMediaPlayerList: onPlaybackConfigChanged(): Configs list size=18
03-01 21:03:18.328  1766  6447 I CompositorVR: WarpToScreen: Skipping frames for 34
03-01 21:03:18.339  1766  6447 I CompositorVR: WarpToScreen: Skipping frames for 34
03-01 21:03:18.350  1766  6447 I CompositorVR: WarpToScreen: Skipping frames for 34
03-01 21:03:18.351  4074  4133 E OsSdk   : error getting shared memory region, memory type: HeadTracker, failed with Status(-1, EX_SECURITY): 'requested shared memory region when not registered/focused'
03-01 21:03:18.351  4074  4133 W [CT]    : SlamAnchorMemoryRuntimeIpcServer: HeadTracker::getState failed
03-01 21:03:18.351  4074  4133 W [CT]    : SlamAnchorMemoryRuntimeIpcServerThread: RigidBodyStates update failure.
03-01 21:03:18.361  1766  6447 I CompositorVR: WarpToScreen: Skipping frames for 34
03-01 21:03:18.367  1766  3055 I VrRuntimeService: RuntimeServiceSDKServer::RecenterLocalSpace
03-01 21:03:18.367  1766  3055 I VrRuntimeService: RuntimeServiceSDKServer::RecenterLocalSpaceInternal
03-01 21:03:18.367  1766  3055 I VrRuntimeServer: UpdateLocalSpace: Src: 2, Version: 109, VersionUser: 0, RawFloorHeightOld: -1.698220, RawFloorHeightNew: -1.698220
03-01 21:03:18.369  3468  3501 I Clay    : xrPollEvent: REFERENCE_SPACE_CHANGE_PENDING
03-01 21:03:18.372   866  6433 I [CT]    : BrightnessPredictor: [Throttled count=374] Current irradiance: 317.7978210449219 (samples: 3).
03-01 21:03:18.372   866  6433 W [CT]    : BrightnessPredictor: [Throttled count=374] Started in a dark environment. Current irradiance: 317.7978210449219 (samples: 3).
03-01 21:03:18.373  1766  6447 I CompositorVR: WarpToScreen: Skipping frames for 34
03-01 21:03:18.375  1936  2088 I OVRMediaService: Received OVERLAY_INPUT_FOCUS_CHANGE. is focused: true
03-01 21:03:18.377  2431  2890 I GuardianSystem: [GuardianSystem::UpdateSystem] Responding to local space version number change.
03-01 21:03:18.379  2961  7208 I chatty  : uid=10020(com.oculus.vrshell) ShellMain expire 1 line
03-01 21:03:18.384  1766  6447 I CompositorVR: WarpToScreen: Skipping frames for 34
03-01 21:03:18.392  1057  3741 W ActivityManager: Package for pid 855: no process record found
03-01 21:03:18.394  1766  3056 I VrRuntimeService: DestroySwapChain: swapchain=411
03-01 21:03:18.394  1766  3056 I VrRuntimeServer: DestroyTextureSwapChain: result destroyswapchain 1
03-01 21:03:18.395  1766  6447 I CompositorVR: WarpToScreen: Skipping frames for 34
03-01 21:03:18.396  4074  4133 W [CT]    : SlamAnchorMemoryRuntimeIpcServer: HeadTracker::getState failed
03-01 21:03:18.396  4074  4133 W [CT]    : SlamAnchorMemoryRuntimeIpcServerThread: RigidBodyStates update failure.
03-01 21:03:18.397  4074  4181 E OsSdk   : error getting shared memory region, memory type: HeadTracker, failed with Status(-1, EX_SECURITY): 'requested shared memory region when not registered/focused'
03-01 21:03:18.404  1568  1568 D OculusNotificationListenerService: Notification posted: 0|android|0|com.android.server.wm.AlertWindowNotification - com.oculus.vrshell|1000
03-01 21:03:18.406  1766  6447 I CompositorVR: WarpToScreen: Skipping frames for 34
03-01 21:03:18.417  1766  6447 I CompositorVR: WarpToScreen: Skipping frames for 34
03-01 21:03:18.428  1766  6447 I CompositorVR: WarpToScreen: Skipping frames for 34
03-01 21:03:18.436  1766  5751 I FocusedClientsListener: focus: onVrFocusChanged(focusType=0): 6
03-01 21:03:18.436  1766  5751 I FocusedClientsListener: focus: pid=3468
03-01 21:03:18.436  1766  5751 I FocusedClientsListener: focus: pid=2949
03-01 21:03:18.436  1766  5751 I FocusedClientsListener: focus: pid=2961
03-01 21:03:18.436  1766  5751 I FocusedClientsListener: focus: pid=2573
03-01 21:03:18.436  1766  5751 I FocusedClientsListener: focus: pid=2431
03-01 21:03:18.436  1766  5751 I FocusedClientsListener: focus: pid=6073
03-01 21:03:18.437  1766  1786 I FocusedClientsListener: focus: onVrFocusChanged(focusType=1): 5
03-01 21:03:18.437  1766  1786 I FocusedClientsListener: focus: pid=3468
03-01 21:03:18.437  1766  1786 I FocusedClientsListener: focus: pid=2949
03-01 21:03:18.437  1766  1786 I FocusedClientsListener: focus: pid=2961
03-01 21:03:18.437  1766  1786 I FocusedClientsListener: focus: pid=2573
03-01 21:03:18.437  1766  1786 I FocusedClientsListener: focus: pid=2431
03-01 21:03:18.437  1766  1785 I FocusedClientsListener: focus: onVrFocusChanged(focusType=2): 1
03-01 21:03:18.437  1766  1785 I FocusedClientsListener: focus: pid=6073
03-01 21:03:18.438  4074  4133 E OsSdk   : error getting shared memory region, memory type: HeadTracker, failed with Status(-1, EX_SECURITY): 'requested shared memory region when not registered/focused'
03-01 21:03:18.438  4074  4133 W [CT]    : SlamAnchorMemoryRuntimeIpcServer: HeadTracker::getState failed
03-01 21:03:18.438  4074  4133 W [CT]    : SlamAnchorMemoryRuntimeIpcServerThread: RigidBodyStates update failure.
03-01 21:03:18.439  1766  6447 I CompositorVR: WarpToScreen: Skipping frames for 34
03-01 21:03:18.442  4074  4181 E OsSdk   : error getting shared memory region, memory type: HeadTracker, failed with Status(-1, EX_SECURITY): 'requested shared memory region when not registered/focused'
03-01 21:03:18.446  2666  7151 E DeviceConfigVersionMapBuilder: Something went wrong when building version map.
03-01 21:03:18.447  2666  7151 E DeviceConfigVersionMapBuilder: Something went wrong when building version map.
03-01 21:03:18.449  3468  7198 I JniUtils: ovr_GetCurrentPackageSignature 
03-01 21:03:18.678  1057  2172 I DisplayManagerService: Display device removed: DisplayDeviceInfo{"com.oculus.android_panel_app.AndroidPanelLayer-#main": uniqueId="virtual:com.oculus.systemux,10026,com.oculus.android_panel_app.AndroidPanelLayer-#main,0", 840 x 110, modeId 191, defaultModeId 191, supportedModes [{id=191, width=840, height=110, fps=60.0}], colorMode 0, supportedColorModes [0], HdrCapabilities null, density 200, 200.0 x 200.0 dpi, appVsyncOff 0, presDeadline 16666666, touch NONE, rotation 0, type VIRTUAL, state ON, owner com.oculus.systemux (uid 10026), FLAG_PRIVATE, FLAG_NEVER_BLANK, FLAG_OWN_CONTENT_ONLY}
03-01 21:03:18.704  1057  2172 I DisplayManagerService: Display device removed: DisplayDeviceInfo{"com.oculus.android_panel_app.AndroidPanelLayer-toast": uniqueId="virtual:com.oculus.systemux,10026,com.oculus.android_panel_app.AndroidPanelLayer-toast,0", 525 x 102, modeId 204, defaultModeId 204, supportedModes [{id=204, width=525, height=102, fps=60.0}], colorMode 0, supportedColorModes [0], HdrCapabilities null, density 200, 200.0 x 200.0 dpi, appVsyncOff 0, presDeadline 16666666, touch NONE, rotation 0, type VIRTUAL, state ON, owner com.oculus.systemux (uid 10026), FLAG_PRIVATE, FLAG_NEVER_BLANK, FLAG_OWN_CONTENT_ONLY}
03-01 21:03:18.716   866  1049 I chatty  : uid=1000(system) Binder:866_1 identical 20 lines
03-01 21:03:18.730   866  1049 W TrackingService: attachClient: found client in attached list
03-01 21:03:18.764   866  1199 W TrackingService: attachClient: found client in attached list
03-01 21:03:18.767   866  7893 W TrackingService: attachClient: found client in attached list
03-01 21:03:18.767   866   866 W TrackingService: attachClient: found client in attached list
03-01 21:03:18.767   866  7893 D TrackingService: getSharedMemory: com.oculus.systemdriver, HeadTracker
03-01 21:03:18.769   866   866 D TrackingService: getSharedMemory: com.oculus.guardian, HeadTracker
03-01 21:03:18.774   866   866 W TrackingService: attachClient: found client in attached list
03-01 21:03:18.775   866   866 D TrackingService: getSharedMemory: com.oculus.vrshell, HeadTracker
03-01 21:03:18.780   866   866 W TrackingService: attachClient: found client in attached list
03-01 21:03:18.785   866   866 W TrackingService: attachClient: found client in attached list
03-01 21:03:18.786   866   866 D TrackingService: getSharedMemory: com.oculus.shellenv, HeadTracker
03-01 21:03:18.822   866   866 W TrackingService: attachClient: found client in attached list
03-01 21:03:18.828   866   866 I chatty  : uid=1000(system) /system/bin/trackingservice identical 2 lines
03-01 21:03:18.834   866   866 W TrackingService: attachClient: found client in attached list
03-01 21:03:18.834   866   866 D TrackingService: getSharedMemory: com.oculus.vrshell, HeadTracker
03-01 21:03:18.873   866   866 W TrackingService: attachClient: found client in attached list
03-01 21:03:19.058   866   866 I chatty  : uid=1000(system) /system/bin/trackingservice identical 6 lines
03-01 21:03:19.095  1057  2172 I DisplayManagerService: Display device added: DisplayDeviceInfo{"com.oculus.android_panel_app.AndroidPanelLayer-#main": uniqueId="virtual:com.oculus.systemux,10026,com.oculus.android_panel_app.AndroidPanelLayer-#main,0", 840 x 1250, modeId 205, defaultModeId 205, supportedModes [{id=205, width=840, height=1250, fps=60.0}], colorMode 0, supportedColorModes [0], HdrCapabilities null, density 200, 200.0 x 200.0 dpi, appVsyncOff 0, presDeadline 16666666, touch NONE, rotation 0, type VIRTUAL, state OFF, owner com.oculus.systemux (uid 10026), FLAG_PRIVATE, FLAG_NEVER_BLANK, FLAG_OWN_CONTENT_ONLY}
03-01 21:03:19.102   866   866 W TrackingService: attachClient: found client in attached list
03-01 21:03:19.103   866  1049 W TrackingService: attachClient: found client in attached list
03-01 21:03:19.145  1057  1082 I ActivityTaskManager: Override config changes=20005df8 {0.0 ?mcc?mnc ?localeList ?layoutDir sw672dp w672dp h1000dp 200dpi lrg port ?uimode ?night -touch qwerty/v/v -nav/h winConfig={ mBounds=Rect(0, 0 - 840, 1250) mAppBounds=Rect(0, 0 - 840, 1250) mWindowingMode=fullscreen mDisplayWindowingMode=fullscreen mActivityType=undefined mAlwaysOnTop=undefined mRotation=ROTATION_0}} for displayId=144
03-01 21:03:19.168  1057  1327 W ActivityManager: Unable to start service Intent { cmp=com.oculus.presence/.service.PresenceService } U=0: not found
03-01 21:03:19.204  1057  3556 I DisplayManagerService: Display device removed: DisplayDeviceInfo{"com.oculus.android_panel_app.AndroidPanelLayer-#main": uniqueId="virtual:com.oculus.systemux,10026,com.oculus.android_panel_app.AndroidPanelLayer-#main,0", 840 x 1250, modeId 205, defaultModeId 205, supportedModes [{id=205, width=840, height=1250, fps=60.0}], colorMode 0, supportedColorModes [0], HdrCapabilities null, density 200, 200.0 x 200.0 dpi, appVsyncOff 0, presDeadline 16666666, touch NONE, rotation 0, type VIRTUAL, state OFF, owner com.oculus.systemux (uid 10026), FLAG_PRIVATE, FLAG_NEVER_BLANK, FLAG_OWN_CONTENT_ONLY}
03-01 21:03:19.205  1057  3556 I DisplayManagerService: Display device added: DisplayDeviceInfo{"com.oculus.android_panel_app.AndroidPanelLayer-#main": uniqueId="virtual:com.oculus.systemux,10026,com.oculus.android_panel_app.AndroidPanelLayer-#main,0", 840 x 110, modeId 206, defaultModeId 206, supportedModes [{id=206, width=840, height=110, fps=60.0}], colorMode 0, supportedColorModes [0], HdrCapabilities null, density 200, 200.0 x 200.0 dpi, appVsyncOff 0, presDeadline 16666666, touch NONE, rotation 0, type VIRTUAL, state OFF, owner com.oculus.systemux (uid 10026), FLAG_PRIVATE, FLAG_NEVER_BLANK, FLAG_OWN_CONTENT_ONLY}
03-01 21:03:19.246  1057  2820 W ActivityManager: Unable to start service Intent { cmp=com.oculus.presence/.service.PresenceService } U=0: not found
03-01 21:03:19.328  1057  1082 I ActivityTaskManager: Override config changes=20005df8 {0.0 ?mcc?mnc ?localeList ?layoutDir sw88dp w672dp h88dp 200dpi nrml long land ?uimode ?night -touch qwerty/v/v -nav/h winConfig={ mBounds=Rect(0, 0 - 840, 110) mAppBounds=Rect(0, 0 - 840, 110) mWindowingMode=fullscreen mDisplayWindowingMode=fullscreen mActivityType=undefined mAlwaysOnTop=undefined mRotation=ROTATION_0}} for displayId=145
03-01 21:03:19.733  1057  2820 D ConnectivityService: requestNetwork for uid/pid:10019/2761 NetworkRequest [ TRACK_DEFAULT id=173, [ Capabilities: INTERNET&NOT_RESTRICTED&TRUSTED Uid: 10019] ]
03-01 21:03:19.767  1057  2172 I DisplayManagerService: Display device added: DisplayDeviceInfo{"com.oculus.android_panel_app.AndroidPanelLayer-#main": uniqueId="virtual:com.oculus.systemux,10026,com.oculus.android_panel_app.AndroidPanelLayer-#main,1", 840 x 1250, modeId 207, defaultModeId 207, supportedModes [{id=207, width=840, height=1250, fps=60.0}], colorMode 0, supportedColorModes [0], HdrCapabilities null, density 200, 200.0 x 200.0 dpi, appVsyncOff 0, presDeadline 16666666, touch NONE, rotation 0, type VIRTUAL, state OFF, owner com.oculus.systemux (uid 10026), FLAG_PRIVATE, FLAG_NEVER_BLANK, FLAG_OWN_CONTENT_ONLY}
03-01 21:03:19.899  1057  1082 I ActivityTaskManager: Override config changes=20005df8 {0.0 ?mcc?mnc ?localeList ?layoutDir sw672dp w672dp h1000dp 200dpi lrg port ?uimode ?night -touch qwerty/v/v -nav/h winConfig={ mBounds=Rect(0, 0 - 840, 1250) mAppBounds=Rect(0, 0 - 840, 1250) mWindowingMode=fullscreen mDisplayWindowingMode=fullscreen mActivityType=undefined mAlwaysOnTop=undefined mRotation=ROTATION_0}} for displayId=146
03-01 21:03:19.961  1057  2820 I DisplayManagerService: Display device removed: DisplayDeviceInfo{"com.oculus.android_panel_app.AndroidPanelLayer-#main": uniqueId="virtual:com.oculus.systemux,10026,com.oculus.android_panel_app.AndroidPanelLayer-#main,1", 840 x 1250, modeId 207, defaultModeId 207, supportedModes [{id=207, width=840, height=1250, fps=60.0}], colorMode 0, supportedColorModes [0], HdrCapabilities null, density 200, 200.0 x 200.0 dpi, appVsyncOff 0, presDeadline 16666666, touch NONE, rotation 0, type VIRTUAL, state OFF, owner com.oculus.systemux (uid 10026), FLAG_PRIVATE, FLAG_NEVER_BLANK, FLAG_OWN_CONTENT_ONLY}
03-01 21:03:19.965  1057  1327 I DisplayManagerService: Display device added: DisplayDeviceInfo{"com.oculus.android_panel_app.AndroidPanelLayer-#main": uniqueId="virtual:com.oculus.systemux,10026,com.oculus.android_panel_app.AndroidPanelLayer-#main,1", 840 x 110, modeId 208, defaultModeId 208, supportedModes [{id=208, width=840, height=110, fps=60.0}], colorMode 0, supportedColorModes [0], HdrCapabilities null, density 200, 200.0 x 200.0 dpi, appVsyncOff 0, presDeadline 16666666, touch NONE, rotation 0, type VIRTUAL, state OFF, owner com.oculus.systemux (uid 10026), FLAG_PRIVATE, FLAG_NEVER_BLANK, FLAG_OWN_CONTENT_ONLY}
03-01 21:03:20.010   866  1049 I chatty  : uid=1000(system) Binder:866_1 identical 44 lines
03-01 21:03:20.045  1057  1327 E WindowManager: App trying to use insecure INPUT_FEATURE_NO_INPUT_CHANNEL flag. Ignoring
03-01 21:03:20.046  1057  1082 I DisplayManagerService: Display device changed state: "com.oculus.android_panel_app.AndroidPanelLayer-#main", ON
03-01 21:03:20.050  1057  1082 I ActivityTaskManager: Override config changes=20005df8 {0.0 ?mcc?mnc ?localeList ?layoutDir sw88dp w672dp h88dp 200dpi nrml long land ?uimode ?night -touch qwerty/v/v -nav/h winConfig={ mBounds=Rect(0, 0 - 840, 110) mAppBounds=Rect(0, 0 - 840, 110) mWindowingMode=fullscreen mDisplayWindowingMode=fullscreen mActivityType=undefined mAlwaysOnTop=undefined mRotation=ROTATION_0}} for displayId=147
03-01 21:03:20.056   866  1049 W TrackingService: attachClient: found client in attached list
03-01 21:03:20.066   866   866 W TrackingService: attachClient: found client in attached list
