03-01 19:12:05.850  7137  7170 D UE4     : 0x00000000BF4373F0 libUE4.so(0x00000000071ED3F0)!FVulkanDynamicRHI::RHICreateTexture3D(unsigned int, unsigned int, unsigned int, unsigned char, unsigned int, ETextureCreateFlags, ERHIAccess, FRHIResourceCreateInfo&)  []
03-01 19:12:05.850  7137  7170 D UE4     : 0x00000000BF4540D8 libUE4.so(0x000000000720A0D8)!FVulkanDynamicRHI::RHICreateTexture3D_RenderThread(FRHICommandListImmediate&, unsigned int, unsigned int, unsigned int, unsigned char, unsigned int, ETextureCreateFlags, ERHIAccess, FRHIResourceCreateInfo&)  []
03-01 19:12:05.850  7137  7170 D UE4     : 0x00000000C0DDC9BC libUE4.so(0x0000000008B929BC)!FBlackVolumeTexture<(EPixelFormat)2, (unsigned char)0>::InitRHI()  []
03-01 19:12:05.850  7137  7170 D UE4     : 0x00000000C0D83D48 libUE4.so(0x0000000008B39D48)!FRenderResource::InitRHIForAllResources()  []
03-01 19:12:05.850  7137  7170 D UE4     : 
03-01 19:12:05.850  7137  7170 D UE4     : 
03-01 19:12:05.880  7137  7170 D UE4     : [2023.03.01-19.12.05:880][208]LogVulkanRHI: Warning:  ** LEAK 004 [00001140-00001000] 4096  Image 
03-01 19:12:05.880  7137  7170 D UE4     : 
03-01 19:12:05.880  7137  7170 D UE4     : 0x00000000BF49DAC4 libUE4.so(0x0000000007253AC4)!FAndroidPlatformStackWalk::CaptureStackBackTrace(unsigned long long*, unsigned int, void*)  []
03-01 19:12:05.880  7137  7170 D UE4     : 0x00000000BF3BC690 libUE4.so(0x0000000007172690)!VulkanRHI::FVulkanSubresourceAllocator::TryAllocate2(VulkanRHI::FVulkanAllocation&, FVulkanEvictable*, unsigned int, unsigned int, VulkanRHI::EVulkanAllocationMetaType, char const*, unsigned int)  []
03-01 19:12:05.880  7137  7170 D UE4     : 0x00000000BF3BD518 libUE4.so(0x0000000007173518)!VulkanRHI::FVulkanResourceHeap::AllocateResource(VulkanRHI::FVulkanAllocation&, FVulkanEvictable*, VulkanRHI::EType, unsigned int, unsigned int, bool, bool, VulkanRHI::EVulkanAllocationMetaType, bool, char const*, unsigned int)  []
03-01 19:12:05.880  7137  7170 D UE4     : 0x00000000BF3C3008 libUE4.so(0x0000000007179008)!VulkanRHI::FMemoryManager::AllocateImageMemory(VulkanRHI::FVulkanAllocation&, FVulkanEvictable*, VkMemoryRequirements const&, unsigned int, VulkanRHI::EVulkanAllocationMetaType, bool, char const*, unsigned int)  []
03-01 19:12:05.880  7137  7170 D UE4     : 0x00000000BF434E34 libUE4.so(0x00000000071EAE34)!FVulkanSurface::FVulkanSurface(FVulkanDevice&, FVulkanEvictable*, VkImageViewType, EPixelFormat, unsigned int, unsigned int, unsigned int, unsigned int, unsigned int, unsigned int, ETextureCreateFlags, ERHIAccess, FRHIResourceCreateInfo const&)  []
03-01 19:12:05.880  7137  7170 D UE4     : 0x00000000BF43A4F8 libUE4.so(0x00000000071F04F8)!FVulkanTextureBase::FVulkanTextureBase(FVulkanDevice&, VkImageViewType, EPixelFormat, unsigned int, unsigned int, unsigned int, unsigned int, unsigned int, unsigned int, ETextureCreateFlags, ERHIAccess, FRHIResourceCreateInfo const&)  []
03-01 19:12:05.880  7137  7170 D UE4     : 0x00000000BF4373F0 libUE4.so(0x00000000071ED3F0)!FVulkanDynamicRHI::RHICreateTexture3D(unsigned int, unsigned int, unsigned int, unsigned char, unsigned int, ETextureCreateFlags, ERHIAccess, FRHIResourceCreateInfo&)  []
03-01 19:12:05.880  7137  7170 D UE4     : 0x00000000BF4540D8 libUE4.so(0x000000000720A0D8)!FVulkanDynamicRHI::RHICreateTexture3D_RenderThread(FRHICommandListImmediate&, unsigned int, unsigned int, unsigned int, unsigned char, unsigned int, ETextureCreateFlags, ERHIAccess, FRHIResourceCreateInfo&)  []
03-01 19:12:05.880  7137  7170 D UE4     : 0x00000000C0DDCEDC libUE4.so(0x0000000008B92EDC)!FBlackVolumeTexture<(EPixelFormat)2, (unsigned char)255>::InitRHI()  []
03-01 19:12:05.880  7137  7170 D UE4     : 0x00000000C0D83D48 libUE4.so(0x0000000008B39D48)!FRenderResource::InitRHIForAllResources()  []
03-01 19:12:05.880  7137  7170 D UE4     : 
03-01 19:12:05.880  7137  7170 D UE4     : 
03-01 19:12:05.913  7137  7170 D UE4     : [2023.03.01-19.12.05:913][208]LogVulkanRHI: Warning:  ** LEAK 005 [00002140-00001000] 4096  Image 
03-01 19:12:05.913  7137  7170 D UE4     : 
03-01 19:12:05.913  7137  7170 D UE4     : 0x00000000BF49DAC4 libUE4.so(0x0000000007253AC4)!FAndroidPlatformStackWalk::CaptureStackBackTrace(unsigned long long*, unsigned int, void*)  []
03-01 19:12:05.913  7137  7170 D UE4     : 0x00000000BF3BC690 libUE4.so(0x0000000007172690)!VulkanRHI::FVulkanSubresourceAllocator::TryAllocate2(VulkanRHI::FVulkanAllocation&, FVulkanEvictable*, unsigned int, unsigned int, VulkanRHI::EVulkanAllocationMetaType, char const*, unsigned int)  []
03-01 19:12:05.913  7137  7170 D UE4     : 0x00000000BF3BD518 libUE4.so(0x0000000007173518)!VulkanRHI::FVulkanResourceHeap::AllocateResource(VulkanRHI::FVulkanAllocation&, FVulkanEvictable*, VulkanRHI::EType, unsigned int, unsigned int, bool, bool, VulkanRHI::EVulkanAllocationMetaType, bool, char const*, unsigned int)  []
03-01 19:12:05.913  7137  7170 D UE4     : 0x00000000BF3C3008 libUE4.so(0x0000000007179008)!VulkanRHI::FMemoryManager::AllocateImageMemory(VulkanRHI::FVulkanAllocation&, FVulkanEvictable*, VkMemoryRequirements const&, unsigned int, VulkanRHI::EVulkanAllocationMetaType, bool, char const*, unsigned int)  []
03-01 19:12:05.913  7137  7170 D UE4     : 0x00000000BF434E34 libUE4.so(0x00000000071EAE34)!FVulkanSurface::FVulkanSurface(FVulkanDevice&, FVulkanEvictable*, VkImageViewType, EPixelFormat, unsigned int, unsigned int, unsigned int, unsigned int, unsigned int, unsigned int, ETextureCreateFlags, ERHIAccess, FRHIResourceCreateInfo const&)  []
03-01 19:12:05.913  7137  7170 D UE4     : 0x00000000BF43A4F8 libUE4.so(0x00000000071F04F8)!FVulkanTextureBase::FVulkanTextureBase(FVulkanDevice&, VkImageViewType, EPixelFormat, unsigned int, unsigned int, unsigned int, unsigned int, unsigned int, unsigned int, ETextureCreateFlags, ERHIAccess, FRHIResourceCreateInfo const&)  []
03-01 19:12:05.913  7137  7170 D UE4     : 0x00000000BF4373F0 libUE4.so(0x00000000071ED3F0)!FVulkanDynamicRHI::RHICreateTexture3D(unsigned int, unsigned int, unsigned int, unsigned char, unsigned int, ETextureCreateFlags, ERHIAccess, FRHIResourceCreateInfo&)  []
03-01 19:12:05.913  7137  7170 D UE4     : 0x00000000BF4540D8 libUE4.so(0x000000000720A0D8)!FVulkanDynamicRHI::RHICreateTexture3D_RenderThread(FRHICommandListImmediate&, unsigned int, unsigned int, unsigned int, unsigned char, unsigned int, ETextureCreateFlags, ERHIAccess, FRHIResourceCreateInfo&)  []
03-01 19:12:05.913  7137  7170 D UE4     : 0x00000000C0DDD3F4 libUE4.so(0x0000000008B933F4)!FBlackVolumeTexture<(EPixelFormat)60, (unsigned char)0>::InitRHI()  []
03-01 19:12:05.913  7137  7170 D UE4     : 0x00000000C0D83D48 libUE4.so(0x0000000008B39D48)!FRenderResource::InitRHIForAllResources()  []
03-01 19:12:05.913  7137  7170 D UE4     : 
03-01 19:12:05.913  7137  7170 D UE4     : 
03-01 19:12:05.946  7137  7170 D UE4     : [2023.03.01-19.12.05:946][208]LogVulkanRHI: Warning:  ** LEAK 006 [0011f000-00003000] 12288  ImageRT 
03-01 19:12:05.946  7137  7170 D UE4     : 
03-01 19:12:05.946  7137  7170 D UE4     : 0x00000000BF49DAC4 libUE4.so(0x0000000007253AC4)!FAndroidPlatformStackWalk::CaptureStackBackTrace(unsigned long long*, unsigned int, void*)  []
03-01 19:12:05.946  7137  7170 D UE4     : 0x00000000BF3BC690 libUE4.so(0x0000000007172690)!VulkanRHI::FVulkanSubresourceAllocator::TryAllocate2(VulkanRHI::FVulkanAllocation&, FVulkanEvictable*, unsigned int, unsigned int, VulkanRHI::EVulkanAllocationMetaType, char const*, unsigned int)  []
03-01 19:12:05.946  7137  7170 D UE4     : 0x00000000BF3BD518 libUE4.so(0x0000000007173518)!VulkanRHI::FVulkanResourceHeap::AllocateResource(VulkanRHI::FVulkanAllocation&, FVulkanEvictable*, VulkanRHI::EType, unsigned int, unsigned int, bool, bool, VulkanRHI::EVulkanAllocationMetaType, bool, char const*, unsigned int)  []
03-01 19:12:05.946  7137  7170 D UE4     : 0x00000000BF3C3008 libUE4.so(0x0000000007179008)!VulkanRHI::FMemoryManager::AllocateImageMemory(VulkanRHI::FVulkanAllocation&, FVulkanEvictable*, VkMemoryRequirements const&, unsigned int, VulkanRHI::EVulkanAllocationMetaType, bool, char const*, unsigned int)  []
03-01 19:12:05.946  7137  7170 D UE4     : 0x00000000BF434E34 libUE4.so(0x00000000071EAE34)!FVulkanSurface::FVulkanSurface(FVulkanDevice&, FVulkanEvictable*, VkImageViewType, EPixelFormat, unsigned int, unsigned int, unsigned int, unsigned int, unsigned int, unsigned int, ETextureCreateFlags, ERHIAccess, FRHIResourceCreateInfo const&)  []
03-01 19:12:05.946  7137  7170 D UE4     : 0x00000000BF43A4F8 libUE4.so(0x00000000071F04F8)!FVulkanTextureBase::FVulkanTextureBase(FVulkanDevice&, VkImageViewType, EPixelFormat, unsigned int, unsigned int, unsigned int, unsigned int, unsigned int, unsigned int, ETextureCreateFlags, ERHIAccess, FRHIResourceCreateInfo const&)  []
03-01 19:12:05.946  7137  7170 D UE4     : 0x00000000BF436F5C libUE4.so(0x00000000071ECF5C)!FVulkanDynamicRHI::RHICreateTexture2D(unsigned int, unsigned int, unsigned char, unsigned int, unsigned int, ETextureCreateFlags, ERHIAccess, FRHIResourceCreateInfo&)  []
03-01 19:12:05.946  7137  7170 D UE4     : 0x00000000BF453F18 libUE4.so(0x0000000007209F18)!FVulkanDynamicRHI::RHICreateTexture2D_RenderThread(FRHICommandListImmediate&, unsigned int, unsigned int, unsigned char, unsigned int, unsigned int, ETextureCreateFlags, ERHIAccess, FRHIResourceCreateInfo&)  []
03-01 19:12:05.946  7137  7170 D UE4     : 0x00000000C3E02FE8 libUE4.so(0x000000000BBB8FE8)!FSinglePrimitiveStructured::InitRHI()  []
03-01 19:12:05.946  7137  7170 D UE4     : 0x00000000C0D83D48 libUE4.so(0x0000000008B39D48)!FRenderResource::InitRHIForAllResources()  []
03-01 19:12:05.946  7137  7170 D UE4     : 
03-01 19:12:05.946  7137  7170 D UE4     : 
03-01 19:12:05.981  7137  7170 D UE4     : [2023.03.01-19.12.05:981][208]LogVulkanRHI: Warning:  ** LEAK 007 [006b5940-00000040] 64  ImageRT 
03-01 19:12:05.982  7137  7170 D UE4     : 
03-01 19:12:05.982  7137  7170 D UE4     : 0x00000000BF49DAC4 libUE4.so(0x0000000007253AC4)!FAndroidPlatformStackWalk::CaptureStackBackTrace(unsigned long long*, unsigned int, void*)  []
03-01 19:12:05.982  7137  7170 D UE4     : 0x00000000BF3BC690 libUE4.so(0x0000000007172690)!VulkanRHI::FVulkanSubresourceAllocator::TryAllocate2(VulkanRHI::FVulkanAllocation&, FVulkanEvictable*, unsigned int, unsigned int, VulkanRHI::EVulkanAllocationMetaType, char const*, unsigned int)  []
03-01 19:12:05.982  7137  7170 D UE4     : 0x00000000BF3BD518 libUE4.so(0x0000000007173518)!VulkanRHI::FVulkanResourceHeap::AllocateResource(VulkanRHI::FVulkanAllocation&, FVulkanEvictable*, VulkanRHI::EType, unsigned int, unsigned int, bool, bool, VulkanRHI::EVulkanAllocationMetaType, bool, char const*, unsigned int)  []
03-01 19:12:05.982  7137  7170 D UE4     : 0x00000000BF3C3008 libUE4.so(0x0000000007179008)!VulkanRHI::FMemoryManager::AllocateImageMemory(VulkanRHI::FVulkanAllocation&, FVulkanEvictable*, VkMemoryRequirements const&, unsigned int, VulkanRHI::EVulkanAllocationMetaType, bool, char const*, unsigned int)  []
03-01 19:12:05.982  7137  7170 D UE4     : 0x00000000BF434E34 libUE4.so(0x00000000071EAE34)!FVulkanSurface::FVulkanSurface(FVulkanDevice&, FVulkanEvictable*, VkImageViewType, EPixelFormat, unsigned int, unsigned int, unsigned int, unsigned int, unsigned int, unsigned int, ETextureCreateFlags, ERHIAccess, FRHIResourceCreateInfo const&)  []
03-01 19:12:05.982  7137  7170 D UE4     : 0x00000000BF43A4F8 libUE4.so(0x00000000071F04F8)!FVulkanTextureBase::FVulkanTextureBase(FVulkanDevice&, VkImageViewType, EPixelFormat, unsigned int, unsigned int, unsigned int, unsigned int, unsigned int, unsigned int, ETextureCreateFlags, ERHIAccess, FRHIResourceCreateInfo const&)  []
03-01 19:12:05.982  7137  7170 D UE4     : 0x00000000BF436F5C libUE4.so(0x00000000071ECF5C)!FVulkanDynamicRHI::RHICreateTexture2D(unsigned int, unsigned int, unsigned char, unsigned int, unsigned int, ETextureCreateFlags, ERHIAccess, FRHIResourceCreateInfo&)  []
03-01 19:12:05.982  7137  7170 D UE4     : 0x00000000BF453F18 libUE4.so(0x0000000007209F18)!FVulkanDynamicRHI::RHICreateTexture2D_RenderThread(FRHICommandListImmediate&, unsigned int, unsigned int, unsigned char, unsigned int, unsigned int, ETextureCreateFlags, ERHIAccess, FRHIResourceCreateInfo&)  []
03-01 19:12:05.982  7137  7170 D UE4     : 0x00000000C0D8FE38 libUE4.so(0x0000000008B45E38)!RHICreateTargetableShaderResource2D(unsigned int, unsigned int, unsigned char, unsigned int, ETextureCreateFlags, ETextureCreateFlags, bool, bool, FRHIResourceCreateInfo&, TRefCountPtr<FRHITexture2D>&, TRefCountPtr<FRHITexture2D>&, unsigned int)  []
03-01 19:12:05.982  7137  7170 D UE4     : 0x00000000C0D8E8A8 libUE4.so(0x0000000008B448A8)!FRenderTargetPool::FindFreeElementInternal(FRHICommandList&, FPooledRenderTargetDesc const&, char16_t const*, bool, bool)  []
03-01 19:12:05.982  7137  7170 D UE4     : 
03-01 19:12:05.982  7137  7170 D UE4     : 
03-01 19:12:06.022  7137  7240 I Telemetry: App memory usage: PSS=363 MiB, PrivateDirty=204 MiB, PrivateClean=144 MiB, GPU=72.1/72.6 MiB (100% allocated)
03-01 19:12:06.024  7137  7240 I VrApi   : FPS=72/72,Prd=47ms,Tear=0,Early=70,Stale=2,Stale2/5/10/max=1/0/0/2,VSnc=1,Lat=1,Fov=0,CPU4/GPU=2/3,1171/490MHz,OC=FF,TA=0/70/0,SP=N/N/E,Mem=2092MHz,Free=2322MB,PLS=0,Temp=27.2C/0.0C,TW=1.68ms,App=4.20ms,GD=0.12ms,CPU&GPU=8.50ms,LCnt=2(DR0,LM2),GPU%=0.46,CPU%=0.37(W0.43),DSF=1.00,CFL=19.59/21.50
03-01 19:12:06.025  7137  7170 D UE4     : [2023.03.01-19.12.06:025][208]LogVulkanRHI: Warning:  ** LEAK 008 [006f9000-00030000] 196608  Image 
03-01 19:12:06.025  7137  7170 D UE4     : 
03-01 19:12:06.025  7137  7170 D UE4     : 0x00000000BF49DAC4 libUE4.so(0x0000000007253AC4)!FAndroidPlatformStackWalk::CaptureStackBackTrace(unsigned long long*, unsigned int, void*)  []
03-01 19:12:06.025  7137  7170 D UE4     : 0x00000000BF3BC690 libUE4.so(0x0000000007172690)!VulkanRHI::FVulkanSubresourceAllocator::TryAllocate2(VulkanRHI::FVulkanAllocation&, FVulkanEvictable*, unsigned int, unsigned int, VulkanRHI::EVulkanAllocationMetaType, char const*, unsigned int)  []
03-01 19:12:06.025  7137  7170 D UE4     : 0x00000000BF3BD518 libUE4.so(0x0000000007173518)!VulkanRHI::FVulkanResourceHeap::AllocateResource(VulkanRHI::FVulkanAllocation&, FVulkanEvictable*, VulkanRHI::EType, unsigned int, unsigned int, bool, bool, VulkanRHI::EVulkanAllocationMetaType, bool, char const*, unsigned int)  []
03-01 19:12:06.025  7137  7170 D UE4     : 0x00000000BF3C3008 libUE4.so(0x0000000007179008)!VulkanRHI::FMemoryManager::AllocateImageMemory(VulkanRHI::FVulkanAllocation&, FVulkanEvictable*, VkMemoryRequirements const&, unsigned int, VulkanRHI::EVulkanAllocationMetaType, bool, char const*, unsigned int)  []
03-01 19:12:06.025  7137  7170 D UE4     : 0x00000000BF434E34 libUE4.so(0x00000000071EAE34)!FVulkanSurface::FVulkanSurface(FVulkanDevice&, FVulkanEvictable*, VkImageViewType, EPixelFormat, unsigned int, unsigned int, unsigned int, unsigned int, unsigned int, unsigned int, ETextureCreateFlags, ERHIAccess, FRHIResourceCreateInfo const&)  []
03-01 19:12:06.025  7137  7170 D UE4     : 0x00000000BF43A4F8 libUE4.so(0x00000000071F04F8)!FVulkanTextureBase::FVulkanTextureBase(FVulkanDevice&, VkImageViewType, EPixelFormat, unsigned int, unsigned int, unsigned int, unsigned int, unsigned int, unsigned int, ETextureCreateFlags, ERHIAccess, FRHIResourceCreateInfo const&)  []
03-01 19:12:06.025  7137  7170 D UE4     : 0x00000000BF43DCD4 libUE4.so(0x00000000071F3CD4)!FVulkanDynamicRHI::RHICreateTextureCube(unsigned int, unsigned char, unsigned int, ETextureCreateFlags, ERHIAccess, FRHIResourceCreateInfo&)  []
03-01 19:12:06.025  7137  7170 D UE4     : 0x00000000BF4544E4 libUE4.so(0x000000000720A4E4)!FVulkanDynamicRHI::RHICreateTextureCube_RenderThread(FRHICommandListImmediate&, unsigned int, unsigned char, unsigned int, ETextureCreateFlags, ERHIAccess, FRHIResourceCreateInfo&)  []
03-01 19:12:06.025  7137  7170 D UE4     : 0x00000000C41E9C54 libUE4.so(0x000000000BF9FC54)!FTextureCubeResource::InitRHI()  []
03-01 19:12:06.025  7137  7170 D UE4     : 0x00000000C0D85114 libUE4.so(0x0000000008B3B114)!FRenderResource::InitResource()  []
03-01 19:12:06.025  7137  7170 D UE4     : 
03-01 19:12:06.025  7137  7170 D UE4     : 
03-01 19:12:06.065  7137  7170 D UE4     : [2023.03.01-19.12.06:064][208]LogVulkanRHI: Warning:  ** LEAK 009 [00c90000-00019000] 102400  ImageRT 
03-01 19:12:06.065  7137  7170 D UE4     : 
03-01 19:12:06.065  7137  7170 D UE4     : 0x00000000BF49DAC4 libUE4.so(0x0000000007253AC4)!FAndroidPlatformStackWalk::CaptureStackBackTrace(unsigned long long*, unsigned int, void*)  []
03-01 19:12:06.065  7137  7170 D UE4     : 0x00000000BF3BC690 libUE4.so(0x0000000007172690)!VulkanRHI::FVulkanSubresourceAllocator::TryAllocate2(VulkanRHI::FVulkanAllocation&, FVulkanEvictable*, unsigned int, unsigned int, VulkanRHI::EVulkanAllocationMetaType, char const*, unsigned int)  []
03-01 19:12:06.065  7137  7170 D UE4     : 0x00000000BF3BD518 libUE4.so(0x0000000007173518)!VulkanRHI::FVulkanResourceHeap::AllocateResource(VulkanRHI::FVulkanAllocation&, FVulkanEvictable*, VulkanRHI::EType, unsigned int, unsigned int, bool, bool, VulkanRHI::EVulkanAllocationMetaType, bool, char const*, unsigned int)  []
03-01 19:12:06.065  7137  7170 D UE4     : 0x00000000BF3C3008 libUE4.so(0x0000000007179008)!VulkanRHI::FMemoryManager::AllocateImageMemory(VulkanRHI::FVulkanAllocation&, FVulkanEvictable*, VkMemoryRequirements const&, unsigned int, VulkanRHI::EVulkanAllocationMetaType, bool, char const*, unsigned int)  []
03-01 19:12:06.065  7137  7170 D UE4     : 0x00000000BF434E34 libUE4.so(0x00000000071EAE34)!FVulkanSurface::FVulkanSurface(FVulkanDevice&, FVulkanEvictable*, VkImageViewType, EPixelFormat, unsigned int, unsigned int, unsigned int, unsigned int, unsigned int, unsigned int, ETextureCreateFlags, ERHIAccess, FRHIResourceCreateInfo const&)  []
03-01 19:12:06.065  7137  7170 D UE4     : 0x00000000BF43A4F8 libUE4.so(0x00000000071F04F8)!FVulkanTextureBase::FVulkanTextureBase(FVulkanDevice&, VkImageViewType, EPixelFormat, unsigned int, unsigned int, unsigned int, unsigned int, unsigned int, unsigned int, ETextureCreateFlags, ERHIAccess, FRHIResourceCreateInfo const&)  []
03-01 19:12:06.065  7137  7170 D UE4     : 0x00000000BF436F5C libUE4.so(0x00000000071ECF5C)!FVulkanDynamicRHI::RHICreateTexture2D(unsigned int, unsigned int, unsigned char, unsigned int, unsigned int, ETextureCreateFlags, ERHIAccess, FRHIResourceCreateInfo&)  []
03-01 19:12:06.065  7137  7170 D UE4     : 0x00000000BF453F18 libUE4.so(0x0000000007209F18)!FVulkanDynamicRHI::RHICreateTexture2D_RenderThread(FRHICommandListImmediate&, unsigned int, unsigned int, unsigned char, unsigned int, unsigned int, ETextureCreateFlags, ERHIAccess, FRHIResourceCreateInfo&)  []
03-01 19:12:06.065  7137  7170 D UE4     : 0x00000000C0D8FE38 libUE4.so(0x0000000008B45E38)!RHICreateTargetableShaderResource2D(unsigned int, unsigned int, unsigned char, unsigned int, ETextureCreateFlags, ETextureCreateFlags, bool, bool, FRHIResourceCreateInfo&, TRefCountPtr<FRHITexture2D>&, TRefCountPtr<FRHITexture2D>&, unsigned int)  []
03-01 19:12:06.065  7137  7170 D UE4     : 0x00000000C41BE0E4 libUE4.so(0x000000000BF740E4)!FTextureRenderTarget2DResource::InitDynamicRHI()  []
03-01 19:12:06.065  7137  7170 D UE4     : 
03-01 19:12:06.065  7137  7170 D UE4     : 
03-01 19:12:06.065  7137  7170 D UE4     : [2023.03.01-19.12.06:065][208]LogVulkanRHI: Display: /******************************************* Device Memory ********************************************\
03-01 19:12:06.065  7137  7170 D UE4     : [2023.03.01-19.12.06:065][208]LogVulkanRHI: Display: 2 Device Memory Heaps; Max memory allocations 4096
03-01 19:12:06.065  7137  7170 D UE4     : [2023.03.01-19.12.06:065][208]LogVulkanRHI: Display:  0: Flags 0x1 Size 4294967296 (4096.00 MB) GPU
03-01 19:12:06.065  7137  7170 D UE4     : [2023.03.01-19.12.06:065][208]LogVulkanRHI: Display:  1: Flags 0x1 Size 268435456 (256.00 MB) GPU
03-01 19:12:06.065  7137  7170 D UE4     : [2023.03.01-19.12.06:065][208]LogVulkanRHI: Display: 7 Device Memory Types (unified)
03-01 19:12:06.065  7137  7170 D UE4     : [2023.03.01-19.12.06:065][208]LogVulkanRHI: Display:  0: Flags 0x00001 Heap  0  Local                                         
03-01 19:12:06.065  7137  7170 D UE4     : [2023.03.01-19.12.06:065][208]LogVulkanRHI: Display:  1: Flags 0x00001 Heap  0  Local                                         
03-01 19:12:06.065  7137  7170 D UE4     : [2023.03.01-19.12.06:065][208]LogVulkanRHI: Display:  2: Flags 0x0000b Heap  0  Local HostVisible              HostCached     
03-01 19:12:06.065  7137  7170 D UE4     : [2023.03.01-19.12.06:065][208]LogVulkanRHI: Display:  3: Flags 0x00007 Heap  0  Local HostVisible HostCoherent                
03-01 19:12:06.065  7137  7170 D UE4     : [2023.03.01-19.12.06:065][208]LogVulkanRHI: Display:  4: Flags 0x0000f Heap  0  Local HostVisible HostCoherent HostCached     
03-01 19:12:06.065  7137  7170 D UE4     : [2023.03.01-19.12.06:065][208]LogVulkanRHI: Display:  6: Flags 0x00011 Heap  0  Local                                     Lazy
03-01 19:12:06.066  7137  7170 D UE4     : [2023.03.01-19.12.06:066][208]LogVulkanRHI: Display:  5: Flags 0x00021 Heap  1  Local                                         
03-01 19:12:06.066  7137  7170 D UE4     : [2023.03.01-19.12.06:066][208]LogVulkanRHI: Display: Host Allocation Percentage   0.00% -          0.00MB /    0.000MB
03-01 19:12:06.066  7137  7170 D UE4     : [2023.03.01-19.12.06:066][208]LogVulkanRHI: Display: Memory Budget unavailable
03-01 19:12:06.066  7137  7170 D UE4     : [2023.03.01-19.12.06:066][208]LogVulkanRHI: Display: Device Memory: 11 allocations on 2 heaps
03-01 19:12:06.066  7137  7170 D UE4     : [2023.03.01-19.12.06:066][208]LogVulkanRHI: Display: 	Heap 0, 11 allocations
03-01 19:12:06.066  7137  7170 D UE4     : [2023.03.01-19.12.06:066][208]LogVulkanRHI: Display: 		Alloc AllocSize(MB) TotalSize(MB)    Handle
03-01 19:12:06.066  7137  7170 D UE4     : [2023.03.01-19.12.06:066][208]LogVulkanRHI: Display: 		    0         1.000         0.000 0xa59f16c0
03-01 19:12:06.066  7137  7170 D UE4     : [2023.03.01-19.12.06:066][208]LogVulkanRHI: Display: 		    1         1.000         1.000 0xa59f6740
03-01 19:12:06.066  7137  7170 D UE4     : [2023.03.01-19.12.06:066][208]LogVulkanRHI: Display: 		    2         1.000         2.000 0xa59f6ac0
03-01 19:12:06.066  7137  7170 D UE4     : [2023.03.01-19.12.06:066][208]LogVulkanRHI: Display: 		    3        16.000         3.000 0xb0546fc0
03-01 19:12:06.066  7137  7170 D UE4     : [2023.03.01-19.12.06:066][208]LogVulkanRHI: Display: 		    4        16.000        19.000 0xb754fdc0
03-01 19:12:06.066  7137  7170 D UE4     : [2023.03.01-19.12.06:066][208]LogVulkanRHI: Display: 		    5         1.000        35.000 0xb754fa40
03-01 19:12:06.066  7137  7170 D UE4     : [2023.03.01-19.12.06:066][208]LogVulkanRHI: Display: 		    6         1.000        36.000 0xb754f6c0
03-01 19:12:06.066  7137  7170 D UE4     : [2023.03.01-19.12.06:066][208]LogVulkanRHI: Display: 		    7        23.305        37.000 0xb053e040
03-01 19:12:06.067  7137  7170 D UE4     : [2023.03.01-19.12.06:067][208]LogVulkanRHI: Display: 		    8         1.000        60.305 0xb754e700
03-01 19:12:06.067  7137  7170 D UE4     : [2023.03.01-19.12.06:067][208]LogVulkanRHI: Display: 		    9         1.000        61.305 0xb754d040
03-01 19:12:06.067  7137  7170 D UE4     : [2023.03.01-19.12.06:067][208]LogVulkanRHI: Display: 		   10        23.305        62.305 0xa536d1c0
03-01 19:12:06.067  7137  7170 D UE4     : [2023.03.01-19.12.06:067][208]LogVulkanRHI: Display: 		Total Allocated 85.61 MB, Peak 584.86 MB
03-01 19:12:06.067  7137  7170 D UE4     : [2023.03.01-19.12.06:067][208]LogVulkanRHI: Display: 	Heap 1, 0 allocations
03-01 19:12:06.067  7137  7170 D UE4     : [2023.03.01-19.12.06:067][208]LogVulkanRHI: Display: 		Total Allocated 0.00 MB, Peak 0.00 MB
03-01 19:12:06.067  7137  7170 D UE4     : [2023.03.01-19.12.06:067][208]LogVulkanRHI: Display: Blocks Kept alive Current Frame (8209)
03-01 19:12:06.067  7137  7170 D UE4     : 
03-01 19:12:06.067  7137  7170 D UE4     : [2023.03.01-19.12.06:067][208]LogVulkanRHI: Display: 04      1048576 : 0xc87b2c20/Frame 08209 :: Size   1.00MB
03-01 19:12:06.067  7137  7170 D UE4     : [2023.03.01-19.12.06:067][208]LogVulkanRHI: Display: 04      1048576 : 0xc87b2fe0/Frame 08209 :: Size   1.00MB
03-01 19:12:06.067  7137  7170 D UE4     : [2023.03.01-19.12.06:067][208]LogVulkanRHI: Display: 04      1048576 : 0xc87b2e90/Frame 08209 :: Size   1.00MB
03-01 19:12:06.067  7137  7170 D UE4     : [2023.03.01-19.12.06:067][208]LogVulkanRHI: Display: 04      1048576 : 0xaa5be320/Frame 08209 :: Size   1.00MB
03-01 19:12:06.067  7137  7170 D UE4     : [2023.03.01-19.12.06:067][208]LogVulkanRHI: Display: 04      1048576 : 0xaa5be350/Frame 08209 :: Size   1.00MB
03-01 19:12:06.067  7137  7170 D UE4     : [2023.03.01-19.12.06:067][208]LogVulkanRHI: Display: 04      1048576 : 0xc87b1db0/Frame 08209 :: Size   1.00MB
03-01 19:12:06.068  7137  7170 D UE4     : [2023.03.01-19.12.06:068][208]LogVulkanRHI: Display: 04      1048576 : 0xaa5bfd00/Frame 08209 :: Size   1.00MB
03-01 19:12:06.068  7137  7170 D UE4     : [2023.03.01-19.12.06:068][208]LogVulkanRHI: Display: 00     16777216 : 0xa97af730/Frame 08209 :: Size  16.00MB
03-01 19:12:06.068  7137  7170 D UE4     : [2023.03.01-19.12.06:068][208]LogVulkanRHI: Display: 00     24436736 : 0xc87ab060/Frame 08209 :: Size  23.30MB
03-01 19:12:06.068  7137  7170 D UE4     : [2023.03.01-19.12.06:068][208]LogVulkanRHI: Display: 00     16777216 : 0xc87b3220/Frame 08209 :: Size  16.00MB
03-01 19:12:06.068  7137  7170 D UE4     : [2023.03.01-19.12.06:068][208]LogVulkanRHI: Display: /******************************************* FMemoryManager ********************************************\
03-01 19:12:06.068  7137  7170 D UE4     : [2023.03.01-19.12.06:068][208]LogVulkanRHI: Display: HEAP DUMP
03-01 19:12:06.068  7137  7170 D UE4     : [2023.03.01-19.12.06:068][208]LogVulkanRHI: Display: ResourceHeap 0, Memory Type Index 0
03-01 19:12:06.068  7137  7170 D UE4     : [2023.03.01-19.12.06:068][208]LogVulkanRHI: Display: ResourceHeap 1, Memory Type Index 1
03-01 19:12:06.068  7137  7170 D UE4     : [2023.03.01-19.12.06:068][208]LogVulkanRHI: Display: ResourceHeap 2, Memory Type Index 2
03-01 19:12:06.068  7137  7170 D UE4     : [2023.03.01-19.12.06:068][208]LogVulkanRHI: Display: ResourceHeap 3, Memory Type Index 3
03-01 19:12:06.068  7137  7170 D UE4     : [2023.03.01-19.12.06:068][208]LogVulkanRHI: Display: ResourceHeap 4, Memory Type Index 4
03-01 19:12:06.068  7137  7170 D UE4     : [2023.03.01-19.12.06:068][208]LogVulkanRHI: Display: ResourceHeap 5, Memory Type Index 5
03-01 19:12:06.068  7137  7170 D UE4     : [2023.03.01-19.12.06:068][208]LogVulkanRHI: Display: ResourceHeap 6, Memory Type Index 6
03-01 19:12:06.068  7137  7170 D UE4     : [2023.03.01-19.12.06:068][208]LogVulkanRHI: Display: 		ActivePages0:( 23.30mb/ 23.30mb) ID    0    1 suballocs,    0 free chunks,DeviceMemory 0xb053e040
03-01 19:12:06.069  7137  7170 D UE4     : [2023.03.01-19.12.06:069][208]LogVulkanRHI: Display: BUFFER DUMP
03-01 19:12:06.069  7137  7170 D UE4     : [2023.03.01-19.12.06:069][208]LogVulkanRHI: Display: Buffer of 128 size Allocations: 0 Used / 0 Free
03-01 19:12:06.069  7137  7170 D UE4     : [2023.03.01-19.12.06:069][208]LogVulkanRHI: Display: Buffer of 256 size Allocations: 0 Used / 0 Free
03-01 19:12:06.069  7137  7170 D UE4     : [2023.03.01-19.12.06:069][208]LogVulkanRHI: Display: Buffer of 512 size Allocations: 0 Used / 0 Free
03-01 19:12:06.069  7137  7170 D UE4     : [2023.03.01-19.12.06:069][208]LogVulkanRHI: Display: Buffer of 1024 size Allocations: 0 Used / 0 Free
03-01 19:12:06.069  7137  7170 D UE4     : [2023.03.01-19.12.06:069][208]LogVulkanRHI: Display: Buffer of 2048 size Allocations: 0 Used / 0 Free
03-01 19:12:06.069  7137  7170 D UE4     : [2023.03.01-19.12.06:069][208]LogVulkanRHI: Display: Buffer of 8192 size Allocations: 0 Used / 0 Free
03-01 19:12:06.069  7137  7170 D UE4     : [2023.03.01-19.12.06:069][208]LogVulkanRHI: Display: Buffer of 0 size Allocations: 0 Used / 0 Free
03-01 19:12:06.069  7137  7170 D UE4     : [2023.03.01-19.12.06:069][208]LogVulkanRHI: Display: Buffer of large size Allocations: 0 Used / 0 Free
03-01 19:12:06.069  7137  7170 D UE4     : [2023.03.01-19.12.06:069][208]LogVulkanRHI: Display: ::Totals::
03-01 19:12:06.069  7137  7170 D UE4     : [2023.03.01-19.12.06:069][208]LogVulkanRHI: Display: Large Alloc Used/Max 0/0 0.00%
03-01 19:12:06.069  7137  7170 D UE4     : [2023.03.01-19.12.06:069][208]LogVulkanRHI: Display: Binned Alloc Used/Max 0/0 0.00%
03-01 19:12:06.069  7137  7170 D UE4     : [2023.03.01-19.12.06:069][208]LogVulkanRHI: Display: SUMMARY
03-01 19:12:06.070  7137  7170 D UE4     : [2023.03.01-19.12.06:069][208]LogVulkanRHI: Display: 		Device Heaps                       |    Memory       Reserved      FreeMem       TotalMem   |  Allocs     -         |  Allocs              | Flags | Type   
03-01 19:12:06.070  7137  7170 D UE4     : [2023.03.01-19.12.06:070][208]LogVulkanRHI: Display: 		---------------------------------------------------------------------------------------------------------------------------------------------------------
03-01 19:12:06.070  7137  7170 D UE4     : [2023.03.01-19.12.06:070][208]LogVulkanRHI: Display: 		Device Heap 0                      |   85.61mb /    62.30mb /     3948.09mb /     4096.00mb |         11          0 |     10      0     21 | 00000 | (null)
03-01 19:12:06.070  7137  7170 D UE4     : [2023.03.01-19.12.06:070][208]LogVulkanRHI: Display: 		Device Heap 1                      |    0.00mb /     0.00mb /      256.00mb /      256.00mb |          0          0 |      0      0      0 | 00000 | (null)
03-01 19:12:06.070  7137  7170 D UE4     : [2023.03.01-19.12.06:070][208]LogVulkanRHI: Display: 		---------------------------------------------------------------------------------------------------------------------------------------------------------
03-01 19:12:06.070  7137  7170 D UE4     : [2023.03.01-19.12.06:070][208]LogVulkanRHI: Display: 		---------------------------------------------------------------------------------------------------------------------------------------------------------
03-01 19:12:06.070  7137  7170 D UE4     : [2023.03.01-19.12.06:070][208]LogVulkanRHI: Display: 		Allocators                         |    BufMem       ImgMem        FreeMem       TotalMem   |  BufAllocs  ImgAllocs |  Pages BufPgs ImgPgs | Flags | Type   
03-01 19:12:06.070  7137  7170 D UE4     : [2023.03.01-19.12.06:070][208]LogVulkanRHI: Display: 		---------------------------------------------------------------------------------------------------------------------------------------------------------
03-01 19:12:06.070  7137  7170 D UE4     : [2023.03.01-19.12.06:070][208]LogVulkanRHI: Display: 		ResourceHeap 0                     |    0.00mb /     0.00mb /        0.00mb /        0.00mb |          0          0 |      0      0      0 | 00000 | (null)
03-01 19:12:06.070  7137  7170 D UE4     : [2023.03.01-19.12.06:070][208]LogVulkanRHI: Display: 		ResourceHeap 1                     |    0.00mb /     0.00mb /        0.00mb /        0.00mb |          0          0 |      0      0      0 | 00000 | (null)
03-01 19:12:06.070  7137  7170 D UE4     : [2023.03.01-19.12.06:070][208]LogVulkanRHI: Display: 		ResourceHeap 2                     |    0.00mb /     0.00mb /        0.00mb /        0.00mb |          0          0 |      0      0      0 | 00000 | (null)
03-01 19:12:06.070  7137  7170 D UE4     : [2023.03.01-19.12.06:070][208]LogVulkanRHI: Display: 		ResourceHeap 3                     |    0.00mb /     0.00mb /        0.00mb /        0.00mb |          0          0 |      0      0      0 | 00000 | (null)
03-01 19:12:06.071  7137  7170 D UE4     : [2023.03.01-19.12.06:070][208]LogVulkanRHI: Display: 		ResourceHeap 4                     |    0.00mb /     0.00mb /        0.00mb /        0.00mb |          0          0 |      0      0      0 | 00000 | (null)
03-01 19:12:06.071  7137  7170 D UE4     : [2023.03.01-19.12.06:071][208]LogVulkanRHI: Display: 		ResourceHeap 5                     |    0.00mb /     0.00mb /        0.00mb /        0.00mb |          0          0 |      0      0      0 | 00000 | (null)
03-01 19:12:06.101   866  6995 I [CT]    : VIPER: Mode=SuperVega,Status=6DoF,TRACKING,Inl=26,Mem=89.0,Jit=0.1mm,Issues(Cam/min=0.0,IMU/min=0.0),Exp=(14.0ms,g=15.0,I=64,Ir=308.2)(14.0ms,g=15.0,I=76,Ir=366.1)(14.0ms,g=15.0,I=83,Ir=396.1)(14.0ms,g=15.0,I=66,Ir=314.3)
03-01 19:12:06.101   866  6995 W [CT]    : VIPER: Images too dark, Environment trending to dark, 
03-01 19:12:06.356   866  1547 I chatty  : uid=1000(system) Binder:866_4 identical 27 lines
03-01 19:12:06.372   866  1547 W TrackingService: attachClient: found client in attached list
03-01 19:12:06.374   866  1049 W TrackingService: attachClient: found client in attached list
03-01 19:12:06.783   866  1049 I chatty  : uid=1000(system) Binder:866_1 identical 20 lines
03-01 19:12:06.804   866  6995 W [CT]    : TIMESTAMPCHECKER: Nominal rate wrong. Estimated data rate: 25, Nominal is 30.000300003000028
03-01 19:12:06.804   866  1049 W TrackingService: attachClient: found client in attached list
03-01 19:12:06.807   866  1547 W TrackingService: attachClient: found client in attached list
03-01 19:12:06.929  4074  4133 I chatty  : uid=10033(com.oculus.xrstreamingclient) SlamAnchorMem expire 215 lines
03-01 19:12:06.943  4074  4181 I chatty  : uid=10033(com.oculus.xrstreamingclient) SlamAnchorMem expire 69 lines
03-01 19:12:07.064   866  1547 I chatty  : uid=1000(system) Binder:866_4 identical 13 lines
03-01 19:12:07.067   866  1547 W TrackingService: attachClient: found client in attached list
03-01 19:12:07.068   866  1049 W TrackingService: attachClient: found client in attached list
03-01 19:12:07.112   866  1049 I chatty  : uid=1000(system) Binder:866_1 identical 2 lines
03-01 19:12:07.150   866  1049 W TrackingService: attachClient: found client in attached list
03-01 19:12:07.151   866  1547 W TrackingService: attachClient: found client in attached list
03-01 19:12:08.109   866  1547 I chatty  : uid=1000(system) Binder:866_4 identical 45 lines
03-01 19:12:08.120   866  1547 W TrackingService: attachClient: found client in attached list
03-01 19:12:08.121   866  1049 W TrackingService: attachClient: found client in attached list
03-01 19:12:08.262   734  3355 D audio_hw_primary: out_standby: enter: stream (0xeddc7000) usecase(1: low-latency-playback)
03-01 19:12:08.288   734  3355 I audio_hw_primary: disable_audio_route: reset and update mixer path: low-latency-playback
03-01 19:12:08.290   734  3355 D msm8974_platform: platform_split_snd_device: snd_device(2) num devices(0) new_snd_devices(0)
03-01 19:12:08.290   734  3355 I msm8974_platform: platform_get_custom_mtmx_params: no matching param with id 0 ip_ch 2 op_ch 2 uc_id 1 snd_dev 2
03-01 19:12:08.290   734  3355 D hardware_info: hw_info_append_hw_type : device_name = speaker
03-01 19:12:08.290   734  3355 D audio_hw_primary: disable_snd_device: snd_device(2: speaker)
03-01 19:12:08.291   734  3355 D msm8974_platform: platform_split_snd_device: snd_device(2) num devices(0) new_snd_devices(0)
03-01 19:12:08.296   734  3355 D audio_hw_primary: out_standby: exit
03-01 19:12:08.524   866  6995 I [CT]    : BrightnessPredictor: [Throttled count=374] Current irradiance: 367.28192138671875 (samples: 2).
03-01 19:12:08.524   866  6995 W [CT]    : BrightnessPredictor: [Throttled count=374] Started in a dark environment. Current irradiance: 367.28192138671875 (samples: 2).
03-01 19:12:08.651   866  6995 I [CT]    : boltlib: DSP utilization: 6.89 % (344 / 5005 ms)
03-01 19:12:08.804   866  6995 W [CT]    : TIMESTAMPCHECKER: Nominal rate wrong. Estimated data rate: 25, Nominal is 30.000300003000028
03-01 19:12:08.821  4074  4158 I chatty  : uid=10033(com.oculus.xrstreamingclient) xrsp-rt-read expire 1 line
03-01 19:12:09.195   866  1049 I chatty  : uid=1000(system) Binder:866_1 identical 58 lines
03-01 19:12:09.207   866  1049 W TrackingService: attachClient: found client in attached list
03-01 19:12:09.210   866  1547 W TrackingService: attachClient: found client in attached list
03-01 19:12:09.453   866  1547 I chatty  : uid=1000(system) Binder:866_4 identical 11 lines
03-01 19:12:09.460   866  1547 W TrackingService: attachClient: found client in attached list
03-01 19:12:09.463   866  1049 W TrackingService: attachClient: found client in attached list
03-01 19:12:09.597   866  1049 I chatty  : uid=1000(system) Binder:866_1 identical 5 lines
03-01 19:12:09.610  7137  7171 D UE4     : [2023.03.01-19.12.09:610][208]LogAndroid: Exiting
03-01 19:12:09.610  7137  7171 D UE4     : *** JavaEnvDestructor: 7171
03-01 19:12:09.613  7137  7240 I VrApi   : FPS=72/72,Prd=47ms,Tear=0,Early=70,Stale=2,Stale2/5/10/max=1/0/0/2,VSnc=1,Lat=1,Fov=0,CPU4/GPU=2/3,1171/490MHz,OC=FF,TA=0/70/0,SP=N/N/E,Mem=1353MHz,Free=2322MB,PLS=0,Temp=27.2C/0.0C,TW=1.68ms,App=4.20ms,GD=0.12ms,CPU&GPU=8.50ms,LCnt=2(DR0,LM2),GPU%=0.46,CPU%=0.37(W0.43),DSF=1.00,CFL=19.59/21.50
--------- beginning of crash
03-01 19:12:09.622  7137  7170 F libc    : Fatal signal 11 (SIGSEGV), code 1 (SEGV_MAPERR), fault addr 0x1 in tid 7170 (GameThread), pid 7137 (emplateProject3)
03-01 19:12:09.641   866  1049 W TrackingService: attachClient: found client in attached list
03-01 19:12:09.642   866  1547 W TrackingService: attachClient: found client in attached list
03-01 19:12:09.642  4074  4133 I chatty  : uid=10033(com.oculus.xrstreamingclient) SlamAnchorMem expire 1 line
03-01 19:12:09.650  4074  4181 I chatty  : uid=10033(com.oculus.xrstreamingclient) SlamAnchorMem expire 1 line
03-01 19:12:09.656  1936  2733 I AuthLogger: Action succeeded: OBTAIN_TOKEN, callingPackage: com.oculus.companion.server, accountType: com.oculus, tokenType: user_id, extras: {outcome=token, expiration_time_ms=9223372036854775807}, duration: 2ms
03-01 19:12:09.665  4074  4133 I chatty  : uid=10033(com.oculus.xrstreamingclient) SlamAnchorMem expire 4 lines
03-01 19:12:09.694  7541  7541 I crash_dump32: obtaining output fd from tombstoned, type: kDebuggerdTombstone
03-01 19:12:09.695   866  1547 I chatty  : uid=1000(system) Binder:866_4 identical 2 lines
03-01 19:12:09.697   865   865 I /system/bin/tombstoned: received crash request for pid 7170
03-01 19:12:09.697  7541  7541 I crash_dump32: performing dump of process 7137 (target tid = 7170)
03-01 19:12:09.700  4074  4181 I chatty  : uid=10033(com.oculus.xrstreamingclient) SlamAnchorMem expire 1 line
03-01 19:12:09.703   866  6995 I [CT]    : VIPER: Mode=SuperVega,Status=6DoF,TRACKING,Inl=24,Mem=89.0,Jit=0.0mm,Issues(Cam/min=0.0,IMU/min=0.0),Exp=(14.0ms,g=15.0,I=64,Ir=307.0)(14.0ms,g=15.0,I=77,Ir=370.1)(14.0ms,g=15.0,I=84,Ir=401.8)(14.0ms,g=15.0,I=66,Ir=317.5)
03-01 19:12:09.703   866  6995 W [CT]    : VIPER: Images too dark, Environment trending to dark, 
03-01 19:12:09.706  7541  7541 F DEBUG   : *** *** *** *** *** *** *** *** *** *** *** *** *** *** *** ***
03-01 19:12:09.706  7541  7541 F DEBUG   : Build fingerprint: 'oculus/hollywood/hollywood:10/QQ3A.200805.001/49882890235800150:user/release-keys'
03-01 19:12:09.706  7541  7541 F DEBUG   : Revision: '0'
03-01 19:12:09.707  7541  7541 F DEBUG   : ABI: 'arm'
03-01 19:12:09.707  7541  7541 F DEBUG   : Timestamp: 2023-03-01 19:12:09+0000
03-01 19:12:09.707  7541  7541 F DEBUG   : pid: 7137, tid: 7170, name: GameThread  >>> com.YourCompany.TemplateProject3 <<<
03-01 19:12:09.707  7541  7541 F DEBUG   : uid: 10187
03-01 19:12:09.707  7541  7541 F DEBUG   : signal 11 (SIGSEGV), code 1 (SEGV_MAPERR), fault addr 0x1
03-01 19:12:09.707  7541  7541 F DEBUG   : Cause: null pointer dereference
03-01 19:12:09.707  7541  7541 F DEBUG   :     r0  00000001  r1  c8be2564  r2  bf55b6e4  r3  00000001
03-01 19:12:09.707  7541  7541 F DEBUG   :     r4  c5f3e048  r5  bdad5bd8  r6  bd70d4da  r7  00000000
03-01 19:12:09.707  7541  7541 F DEBUG   :     r8  ffffffff  r9  ffffffff  r10 eec6e260  r11 c8be04a0
03-01 19:12:09.707  7541  7541 F DEBUG   :     ip  00000169  sp  c8be02e8  lr  c8be0620  pc  bf55c2d4
03-01 19:12:09.710   866  1547 W TrackingService: attachClient: found client in attached list
03-01 19:12:09.712  4074  4133 W [CT]    : SlamAnchorMemoryRuntimeIpcServer: HeadTracker::getState failed
03-01 19:12:09.712  4074  4133 W [CT]    : SlamAnchorMemoryRuntimeIpcServerThread: RigidBodyStates update failure.
03-01 19:12:09.712   866  1049 W TrackingService: attachClient: found client in attached list
03-01 19:12:09.713  4074  4133 E OsSdk   : error getting shared memory region, memory type: AnchorTracker, failed with Status(-1, EX_SECURITY): 'requested shared memory region when not registered/focused'
03-01 19:12:09.713  4074  4133 W [CT]    : SlamAnchorMemoryRuntimeIpcServer: getAnchorStates failed
03-01 19:12:09.713  4074  4133 W [CT]    : SlamAnchorMemoryRuntimeIpcServerThread: AnchorStates update failure.
03-01 19:12:09.725  4074  4133 E OsSdk   : error getting shared memory region, memory type: HeadTracker, failed with Status(-1, EX_SECURITY): 'requested shared memory region when not registered/focused'
03-01 19:12:09.726  4074  4133 W [CT]    : SlamAnchorMemoryRuntimeIpcServer: HeadTracker::getState failed
03-01 19:12:09.726  4074  4133 W [CT]    : SlamAnchorMemoryRuntimeIpcServerThread: RigidBodyStates update failure.
03-01 19:12:09.745  4074  4181 E OsSdk   : error getting shared memory region, memory type: HeadTracker, failed with Status(-1, EX_SECURITY): 'requested shared memory region when not registered/focused'
03-01 19:12:09.763  4074  4133 E OsSdk   : error getting shared memory region, memory type: HeadTracker, failed with Status(-1, EX_SECURITY): 'requested shared memory region when not registered/focused'
03-01 19:12:09.763  4074  4133 W [CT]    : SlamAnchorMemoryRuntimeIpcServer: HeadTracker::getState failed
03-01 19:12:09.763  4074  4133 W [CT]    : SlamAnchorMemoryRuntimeIpcServerThread: RigidBodyStates update failure.
03-01 19:12:09.791  4074  4181 E OsSdk   : error getting shared memory region, memory type: HeadTracker, failed with Status(-1, EX_SECURITY): 'requested shared memory region when not registered/focused'
03-01 19:12:09.809  4074  4133 E OsSdk   : error getting shared memory region, memory type: HeadTracker, failed with Status(-1, EX_SECURITY): 'requested shared memory region when not registered/focused'
03-01 19:12:09.809  4074  4133 W [CT]    : SlamAnchorMemoryRuntimeIpcServer: HeadTracker::getState failed
03-01 19:12:09.809  4074  4133 W [CT]    : SlamAnchorMemoryRuntimeIpcServerThread: RigidBodyStates update failure.
03-01 19:12:09.829  4074  4158 D xrstreaming: receive ping: org 0 recv 0 xmt 4969682212600 (received at 2624968894257), offset divergence -67754
03-01 19:12:09.833  4074  4181 E OsSdk   : error getting shared memory region, memory type: HeadTracker, failed with Status(-1, EX_SECURITY): 'requested shared memory region when not registered/focused'
03-01 19:12:09.851  4074  4133 E OsSdk   : error getting shared memory region, memory type: HeadTracker, failed with Status(-1, EX_SECURITY): 'requested shared memory region when not registered/focused'
03-01 19:12:09.851  4074  4133 W [CT]    : SlamAnchorMemoryRuntimeIpcServer: HeadTracker::getState failed
03-01 19:12:09.851  4074  4133 W [CT]    : SlamAnchorMemoryRuntimeIpcServerThread: RigidBodyStates update failure.
03-01 19:12:09.879  4074  4181 E OsSdk   : error getting shared memory region, memory type: HeadTracker, failed with Status(-1, EX_SECURITY): 'requested shared memory region when not registered/focused'
03-01 19:12:09.893  4074  4133 E OsSdk   : error getting shared memory region, memory type: HeadTracker, failed with Status(-1, EX_SECURITY): 'requested shared memory region when not registered/focused'
03-01 19:12:09.893  4074  4133 W [CT]    : SlamAnchorMemoryRuntimeIpcServer: HeadTracker::getState failed
03-01 19:12:09.893  4074  4133 W [CT]    : SlamAnchorMemoryRuntimeIpcServerThread: RigidBodyStates update failure.
03-01 19:12:09.923  4074  4181 E OsSdk   : error getting shared memory region, memory type: HeadTracker, failed with Status(-1, EX_SECURITY): 'requested shared memory region when not registered/focused'
03-01 19:12:09.923   866  1049 I chatty  : uid=1000(system) Binder:866_1 identical 11 lines
03-01 19:12:09.925  4074  4181 E OsSdk   : error getting shared memory region, memory type: AnchorTracker, failed with Status(-1, EX_SECURITY): 'requested shared memory region when not registered/focused'
03-01 19:12:09.935   866  1049 W TrackingService: attachClient: found client in attached list
03-01 19:12:09.935  4074  4133 E OsSdk   : error getting shared memory region, memory type: HeadTracker, failed with Status(-1, EX_SECURITY): 'requested shared memory region when not registered/focused'
03-01 19:12:09.935  4074  4133 W [CT]    : SlamAnchorMemoryRuntimeIpcServer: HeadTracker::getState failed
03-01 19:12:09.935  4074  4133 W [CT]    : SlamAnchorMemoryRuntimeIpcServerThread: RigidBodyStates update failure.
03-01 19:12:09.937   866  1547 W TrackingService: attachClient: found client in attached list
03-01 19:12:09.940  4074  4133 E OsSdk   : error getting shared memory region, memory type: AnchorTracker, failed with Status(-1, EX_SECURITY): 'requested shared memory region when not registered/focused'
03-01 19:12:09.940  4074  4133 W [CT]    : SlamAnchorMemoryRuntimeIpcServer: getAnchorStates failed
03-01 19:12:09.940  4074  4133 W [CT]    : SlamAnchorMemoryRuntimeIpcServerThread: AnchorStates update failure.
03-01 19:12:09.969  4074  4181 E OsSdk   : error getting shared memory region, memory type: HeadTracker, failed with Status(-1, EX_SECURITY): 'requested shared memory region when not registered/focused'
03-01 19:12:09.981  4074  4133 E OsSdk   : error getting shared memory region, memory type: HeadTracker, failed with Status(-1, EX_SECURITY): 'requested shared memory region when not registered/focused'
03-01 19:12:09.981  4074  4133 W [CT]    : SlamAnchorMemoryRuntimeIpcServer: HeadTracker::getState failed
03-01 19:12:09.981  4074  4133 W [CT]    : SlamAnchorMemoryRuntimeIpcServerThread: RigidBodyStates update failure.
03-01 19:12:10.003  4074  4181 E OsSdk   : error getting shared memory region, memory type: HeadTracker, failed with Status(-1, EX_SECURITY): 'requested shared memory region when not registered/focused'
03-01 19:12:10.023   866  7004 I [CT]    : CONSTELLATION:VISION_STATUS: 86557c336c360320 (L): BlobDetection:[#BlobsDetected=(20.53, 3.16)]Matching:[MatchSuccess=1.000, MatchCost=(0.00096, 0.00000), #MatchedBlobs=(11.88, 2.36), #MatchedLeds=(6.49, 1.06), RematchM=0.000, SkipRefine=0.000] MatchMethod:[Prox=1.000, ConstBrute=0.000, UnconstBrute=0.000] MatchResets[AnomBlobSize=0.000, SharedMatch=0.000, DenseReacq=0.000] | Fusion:[FusionError=0.000, ImuFromCamMs=(9.154, 0.926), RematchF=0.000] FusionUpdates:[Successful=1.000, Reliable=1.000, TightFusion=1.000, FullPose=0.000, StaticPrior=0.000, StaticForHandTrans=0.044, PoseUpdateMD=(0.0000, 0.0000)] FusionResets[6DoFReset=0.000, ResetSuccess=0.000] FusionStatus[HasPosition=1.000, HasVelocity=1.000] 
03-01 19:12:10.023  4074  4133 E OsSdk   : error getting shared memory region, memory type: HeadTracker, failed with Status(-1, EX_SECURITY): 'requested shared memory region when not registered/focused'
03-01 19:12:10.023  4074  4133 W [CT]    : SlamAnchorMemoryRuntimeIpcServer: HeadTracker::getState failed
03-01 19:12:10.023  4074  4133 W [CT]    : SlamAnchorMemoryRuntimeIpcServerThread: RigidBodyStates update failure.
03-01 19:12:10.040   866  5329 I [CT]    : CONSTELLATION:IMU_STATUS: 86557c336c360320 (L): [FusionTracked=1.000, OutputTracked=1.000, OutputValid=1.000] [AccelSat=0.000, GyroSat=0.000] 
03-01 19:12:10.047  4074  4181 E OsSdk   : error getting shared memory region, memory type: HeadTracker, failed with Status(-1, EX_SECURITY): 'requested shared memory region when not registered/focused'
03-01 19:12:10.060  4074  4133 E OsSdk   : error getting shared memory region, memory type: HeadTracker, failed with Status(-1, EX_SECURITY): 'requested shared memory region when not registered/focused'
03-01 19:12:10.060  4074  4133 W [CT]    : SlamAnchorMemoryRuntimeIpcServer: HeadTracker::getState failed
03-01 19:12:10.060  4074  4133 W [CT]    : SlamAnchorMemoryRuntimeIpcServerThread: RigidBodyStates update failure.
03-01 19:12:10.093  4074  4181 E OsSdk   : error getting shared memory region, memory type: HeadTracker, failed with Status(-1, EX_SECURITY): 'requested shared memory region when not registered/focused'
03-01 19:12:10.106  4074  4133 E OsSdk   : error getting shared memory region, memory type: HeadTracker, failed with Status(-1, EX_SECURITY): 'requested shared memory region when not registered/focused'
03-01 19:12:10.106  4074  4133 W [CT]    : SlamAnchorMemoryRuntimeIpcServer: HeadTracker::getState failed
03-01 19:12:10.106  4074  4133 W [CT]    : SlamAnchorMemoryRuntimeIpcServerThread: RigidBodyStates update failure.
03-01 19:12:10.115  4074  4181 E OsSdk   : error getting shared memory region, memory type: HeadTracker, failed with Status(-1, EX_SECURITY): 'requested shared memory region when not registered/focused'
03-01 19:12:10.150   866  1547 I chatty  : uid=1000(system) Binder:866_4 identical 10 lines
03-01 19:12:10.151  4074  4133 E OsSdk   : error getting shared memory region, memory type: HeadTracker, failed with Status(-1, EX_SECURITY): 'requested shared memory region when not registered/focused'
03-01 19:12:10.151  4074  4133 W [CT]    : SlamAnchorMemoryRuntimeIpcServer: HeadTracker::getState failed
03-01 19:12:10.151  4074  4133 W [CT]    : SlamAnchorMemoryRuntimeIpcServerThread: RigidBodyStates update failure.
03-01 19:12:10.158   866  1547 W TrackingService: attachClient: found client in attached list
