01-15 22:21:17.346  1050  1071 I ActivityTaskManager: Override config changes=20005df8 {0.0 ?mcc?mnc ?localeList ?layoutDir sw88dp w672dp h88dp 200dpi nrml long land ?uimode ?night -touch qwerty/v/v -nav/h winConfig={ mBounds=Rect(0, 0 - 840, 110) mAppBounds=Rect(0, 0 - 840, 110) mWindowingMode=fullscreen mDisplayWindowingMode=fullscreen mActivityType=undefined mAlwaysOnTop=undefined mRotation=ROTATION_0}} for displayId=39
01-15 22:21:17.346  3283  3283 I PresenceAPK(ServiceApiManager): Trying to bind to presence service API.
01-15 22:21:17.347  2414  3022 I RPCServer: GetServerStatesConfig -> {MaxBufferSize=32768, MaxEntries=64}
01-15 22:21:17.347  3283  8013 I RuntimeIPCClient: GetServerStatesConfig returned maxEntries=64, maxBuffSize=32768
01-15 22:21:17.347  3283  8013 I RuntimeIPCClient: InitServerStateBuffer: SUCCESS. 2, Client: com.oculus.systemux:com.oculus.systemux:SystemUX:3283, Server: com.oculus.presence:com.oculus.presence (PubSubServer)
01-15 22:21:17.354  3283  3283 D PresenceAPK(PresenceClient): setEventListener id=AnchoredHomeGroup
01-15 22:21:17.355  3283  3283 I PresenceAPK(GroupManager): addListener for id AnchoredHomeGroup
01-15 22:21:17.355  3283  3283 I PanelService: BEGIN: nativeInitializePanelInstance - Configure and set up thread polling.
01-15 22:21:17.355  3283  3283 I PanelService: BEGIN: Call hosted app's Configure method.
01-15 22:21:17.355  3283  3283 I PanelService: END: Call hosted app's Configure method.
01-15 22:21:17.355  3283  3283 I PanelService: END: nativeInitializePanelInstance - Add fd 40 to looper with error code 1
01-15 22:21:17.355  3283  3283 D PanelAppClient: END: Initializing panel application via MSG_CREATE_PANEL_APP.
01-15 22:21:17.356  3283  3283 I [SUI] AnytimeUIAndroidPanelApp: Bar visibility changed to true
01-15 22:21:17.357  1332  7566 I CompositorVR: WarpToScreen: Skipping frames for 7
01-15 22:21:17.357  3283  3283 D [SUI] BarView: initialize Bar Toast Notification
01-15 22:21:17.358  3283  7991 D NotificationsBadgeLiveData: MessageBadgeData, pullAndCheckNotifs, old data source notif count: 0, oc chats count: 0, messenger count: 0
01-15 22:21:17.362  2741  3012 I [SEO] PanelRenderLayer: ResetSurface #main 0 x 0 - shape:0 stereo:0
01-15 22:21:17.368  1332  7566 I CompositorVR: WarpToScreen: Skipping frames for 7
01-15 22:21:17.379  1332  7566 I CompositorVR: WarpToScreen: Skipping frames for 7
01-15 22:21:17.380  2741  2741 D [SEO] ShellControlBroadcastReceiver: onReceive with MainActivity native pointer 3966537088, action com.oculus.systemactivities.CAPTURE_STATE_UPDATE
01-15 22:21:17.380  2741  2741 D [SEO] ShellControlBroadcastReceiver: isLaunchAction = false, isTrustedAppLaunch = false
01-15 22:21:17.380  2741  2741 D [SEO] ShellControlBroadcastReceiver: IsCaptureStateUpdateAction
01-15 22:21:17.387  1701  1701 D OculusNotificationListenerService: Notification posted: 0|com.oculus.presence|50001|null|10070
01-15 22:21:17.387  2039  2228 I OVRMediaServiceManager: Metacam is not enabled.
01-15 22:21:17.390  1332  7566 I CompositorVR: WarpToScreen: Skipping frames for 7
01-15 22:21:17.393  2331  2331 D DeviceHelper: isScreenOn = true
01-15 22:21:17.393  2331  2331 D [OAO] ShellOverlayBroadcastReceiver: onReceive with ShellOverlayService native pointer 3757693824, action com.oculus.systemactivities.CAPTURE_STATE_UPDATE
01-15 22:21:17.397  2331  2331 D [OAO] VrBroadcastReceiver: action: com.oculus.vrshell.intent.action.NOTIFICATION_WAKE
01-15 22:21:17.402  1332  7566 I CompositorVR: WarpToScreen: Skipping frames for 7
01-15 22:21:17.404  3283  3283 I [SUI] AnytimeUIAndroidPanelApp: updateGuardianConfig - 1 - 0.44444448
01-15 22:21:17.404  3283  3283 I [SUI] AnytimeUIAndroidPanelApp: updateGuardianConfig - 2 - 0.21500002
01-15 22:21:17.404  3283  3283 I [SUI] AnytimeUIAndroidPanelApp: updateGuardianConfig - 5 - 0.05
01-15 22:21:17.404  3283  3283 I [SUI] AnytimeUIAndroidPanelApp: updateGuardianConfig - 6 - 0.49999997
01-15 22:21:17.404  3283  3283 I [SUI] AnytimeUIAndroidPanelApp: updateGuardianConfig - 7 - 0.4
01-15 22:21:17.404  3283  3283 I [SUI] AnytimeUIAndroidPanelApp: updateGuardianConfig - 8 - 0.0
01-15 22:21:17.404  3283  3283 I [SUI] AnytimeUIAndroidPanelApp: updateGuardianConfig - 10 - 0.0
01-15 22:21:17.404  3283  3283 I [SUI] AnytimeUIAndroidPanelApp: updateGuardianConfig - 12 - 0.0
01-15 22:21:17.404  3283  3283 I [SUI] AnytimeUIAndroidPanelApp: updateGuardianConfig - 13 - 0.5
01-15 22:21:17.404  3283  3283 I [SUI] AnytimeUIAndroidPanelApp: updateGuardianConfig - 14 - 0.0
01-15 22:21:17.404  3283  3283 I [SUI] AnytimeUIAndroidPanelApp: updateGuardianConfig - 15 - 0.0
01-15 22:21:17.404  3283  3283 I [SUI] AnytimeUIAndroidPanelApp: updateGuardianConfig - 16 - 0.0
01-15 22:21:17.404  3283  3283 I [SUI] AnytimeUIAndroidPanelApp: updateGuardianConfig - 17 - 0.0
01-15 22:21:17.404  3283  3283 I [SUI] AnytimeUIAndroidPanelApp: updateGuardianConfig - 18 - 0.5
01-15 22:21:17.404  3283  3283 I [SUI] AnytimeUIAndroidPanelApp: updateGuardianConfig - 19 - 0.0
01-15 22:21:17.404  3283  3283 I [SUI] AnytimeUIAndroidPanelApp: updateGuardianConfig - 20 - 0.0
01-15 22:21:17.404  3283  3283 I [SUI] AnytimeUIAndroidPanelApp: updateGuardianConfig - 21 - 0.0
01-15 22:21:17.404  3283  3283 I [SUI] AnytimeUIAndroidPanelApp: updateGuardianConfig - 22 - 0.0
01-15 22:21:17.404  3283  3283 I [SUI] AnytimeUIAndroidPanelApp: updateGuardianConfig - 23 - 2.0
01-15 22:21:17.404  3283  3283 I [SUI] AnytimeUIAndroidPanelApp: updateGuardianConfig - 24 - 0.25
01-15 22:21:17.404  3283  3283 I [SUI] AnytimeUIAndroidPanelApp: updateGuardianConfig - 26 - 0.0
01-15 22:21:17.404  3283  3283 I [SUI] AnytimeUIAndroidPanelApp: updateGuardianConfig - 28 - 1.0
01-15 22:21:17.404  3283  3283 I AndroidPanelApp: Processing pending hide layer for layer #main.
01-15 22:21:17.404  3283  3283 I AndroidPanelApp: Processing pending show layer info for layer #main with width 840 and height 110.
01-15 22:21:17.404  3283  3283 I AndroidPanelApp: layerSupersample no changes
01-15 22:21:17.405  2331  2331 D [OAO] VrNotificationService: VrNotificationService onStartCommand() Intent { cmp=com.oculus.vrshell/.VrNotificationService }
01-15 22:21:17.405  3283  3283 I AndroidPanelApp: Processing next frame action "layerShow" for layer "#main"
01-15 22:21:17.407  2741  3012 I [SEO] PanelAppHost: Setting panel layer visibility of layer "#main" to invisible, panel 16 (com.oculus.systemux/com.oculus.panelapp.anytimeui.AnytimeUIAndroidPanelService)
01-15 22:21:17.407  2741  3012 I [SEO] PanelAppHost: Resize layer #main to size 840 x 110 shape: 1 stereo: 0, panel 16 (com.oculus.systemux/com.oculus.panelapp.anytimeui.AnytimeUIAndroidPanelService)
01-15 22:21:17.407  2741  3012 I [SEO] PanelRenderLayer: ResetSurface #main 840 x 110 - shape:1 stereo:0
01-15 22:21:17.409  1050  1071 I DisplayManagerService: Display device changed state: "com.oculus.android_panel_app.AndroidPanelLayer-#main", ON
01-15 22:21:17.410  1701  1701 D OculusNotificationListenerService: Notification posted: 0|com.oculus.presence|50001|null|10070
01-15 22:21:17.413  1332  7566 I CompositorVR: WarpToScreen: Skipping frames for 7
01-15 22:21:17.418  1050  7826 E WindowManager: App trying to use insecure INPUT_FEATURE_NO_INPUT_CHANNEL flag. Ignoring
01-15 22:21:17.424  1332  7566 I CompositorVR: WarpToScreen: Skipping frames for 7
01-15 22:21:17.425  2055  8018 D CCodec  : allocate(c2.android.vorbis.decoder)
01-15 22:21:17.425   854  1023 V C2Store : in init
01-15 22:21:17.425   854  1023 V C2Store : loading dll
01-15 22:21:17.430  2741  3012 I [SEO] PanelAppAnalytics: First frame latency: 1.098 for id 16 com.oculus.systemux/com.oculus.panelapp.anytimeui.AnytimeUIAndroidPanelService
01-15 22:21:17.430  2741  3012 I [SEO] LayerSwapChainResource: LayerSwapChainResource 840,110 : 3
01-15 22:21:17.430  1332  2755 I VrRuntimeService: CreateSwapChain: 3323885075
01-15 22:21:17.430  1332  2755 I VrRuntimeService: CreateSwapChain: api:vk 0 0x2b 840 110 10 3 1 4 3
01-15 22:21:17.430  1332  2755 W SwapChain_Vulkan: CreateTextureSwapChainFoveationVulkan: ShouldCreateFragmentDensityMap: false
01-15 22:21:17.430  1332  2755 W SwapChain_Vulkan: ExportTextureResourcesFoveationVulkan: chain->VkInteropFoveation.Device == nullptr
01-15 22:21:17.430  1332  2755 W SwapChain: CreateTextureSwapChainFoveation: export failed
01-15 22:21:17.431  1332  2755 I VrRuntimeServer: CreateTextureSwapChain: result importswapchaingles 1
01-15 22:21:17.431  3283  3283 D [SUI] ActivityManagerUtilsHelper: onFocusedWindowChanged: Instance: com.oculus.common.activitymanager.ActivityManagerUtilsHelper@2622199, topWindowUid: 10020, focusedApp: com.oculus.vrshell, previousApp: null
01-15 22:21:17.431  3283  3283 D [SUI] SystemUXBroadcastReceiver: action: com.oculus.systemactivities.CAPTURE_STATE_UPDATE
01-15 22:21:17.431  3283  3283 I [SUI] SystemUXBroadcastReceiver: handleCaptureStateUpdate: captureToDisk false, captureEnabled false, isCapturingAbuseReport false, abuseRecordingUUID null
01-15 22:21:17.432  3283  3283 D [SUI] SystemUXBroadcastReceiver: action: com.oculus.systemactivities.LOCAL_STREAM_STATE_UPDATE
01-15 22:21:17.432  2055  8018 I CCodec  : Created component [c2.android.vorbis.decoder]
01-15 22:21:17.432  3283  3283 D [SUI] ScreenCaptureUtil: onLocalStreamStateUpdate(isCaptureRunning = false)
01-15 22:21:17.432  3283  3283 I chatty  : uid=10026 com.oculus.systemux:SystemUX identical 12 lines
01-15 22:21:17.432  3283  3283 D [SUI] ScreenCaptureUtil: onLocalStreamStateUpdate(isCaptureRunning = false)
01-15 22:21:17.432  2055  3251 I SwapChain_Vulkan: Imported texture has requirements 3, ends up index 0
01-15 22:21:17.432  2055  3251 I chatty  : uid=10014(com.oculus.shellenv) Thread-25 identical 1 line
01-15 22:21:17.432  2055  3251 I SwapChain_Vulkan: Imported texture has requirements 3, ends up index 0
01-15 22:21:17.432  2055  3251 W VrRuntimeClient: CreateTextureSwapChain: Failed to import foveation swapchain
01-15 22:21:17.433  2055  8018 D CCodecConfig: read media type: audio/vorbis
01-15 22:21:17.434  1332  2755 I VrRuntimeService: UpdateSwapChainSamplerState: 185
01-15 22:21:17.434  1332  2755 I VrRuntimeService: UpdateSwapChainSamplerState: minFilter=1 magFilter=1 wrapModeS=3 warpModeT=3 maxAniso=1.000000 border={0.000000,0.000000,0.000000,0.000000} swizzle={0,1,2,3}
01-15 22:21:17.435  1332  7566 I CompositorVR: WarpToScreen: Skipping frames for 7
01-15 22:21:17.437  2055  8018 D ReflectedParamUpdater: extent() != 1 for single value type: algo.buffers.max-count.values
01-15 22:21:17.438  2055  8018 D ReflectedParamUpdater: extent() != 1 for single value type: output.subscribed-indices.values
01-15 22:21:17.438  2055  8018 D ReflectedParamUpdater: extent() != 1 for single value type: input.buffers.allocator-ids.values
01-15 22:21:17.438  2055  8018 D ReflectedParamUpdater: extent() != 1 for single value type: output.buffers.allocator-ids.values
01-15 22:21:17.438  2055  8018 D ReflectedParamUpdater: extent() != 1 for single value type: algo.buffers.allocator-ids.values
01-15 22:21:17.438  2055  8018 D ReflectedParamUpdater: extent() != 1 for single value type: output.buffers.pool-ids.values
01-15 22:21:17.438  2055  8018 D ReflectedParamUpdater: extent() != 1 for single value type: algo.buffers.pool-ids.values
01-15 22:21:17.441  2055  8018 I CCodecConfig: query failed after returning 7 values (BAD_INDEX)
01-15 22:21:17.441  2055  8018 D CCodecConfig: c2 config diff is Dict {
01-15 22:21:17.441  2055  8018 D CCodecConfig:   c2::u32 coded.bitrate.value = 64000
01-15 22:21:17.441  2055  8018 D CCodecConfig:   c2::u32 input.buffers.max-size.value = 32768
01-15 22:21:17.441  2055  8018 D CCodecConfig:   c2::u32 input.delay.value = 0
01-15 22:21:17.441  2055  8018 D CCodecConfig:   string input.media-type.value = "audio/vorbis"
01-15 22:21:17.441  2055  8018 D CCodecConfig:   string output.media-type.value = "audio/raw"
01-15 22:21:17.441  2055  8018 D CCodecConfig:   c2::u32 raw.channel-count.value = 1
01-15 22:21:17.441  2055  8018 D CCodecConfig:   c2::u32 raw.sample-rate.value = 48000
01-15 22:21:17.441  2055  8018 D CCodecConfig: }
01-15 22:21:17.441  2055  8018 D CCodecConfig: no c2 equivalents for durationUs
01-15 22:21:17.441  2055  8018 D CCodecConfig: no c2 equivalents for csd-1
01-15 22:21:17.441  2055  8018 D CCodecConfig: no c2 equivalents for track-id
01-15 22:21:17.441  2055  8018 D CCodecConfig: no c2 equivalents for channel-mask
01-15 22:21:17.443  2055  8018 D CCodecConfig: c2 config diff is   c2::u32 raw.channel-count.value = 2
01-15 22:21:17.443  2055  8018 D CCodecConfig:   c2::u32 raw.sample-rate.value = 44100
01-15 22:21:17.444  2055  8018 W Codec2Client: query -- param skipped: index = 1107298332.
01-15 22:21:17.444  2055  8018 D CCodec  : setup formats input: AMessage(what = 0x00000000) = {
01-15 22:21:17.444  2055  8018 D CCodec  :   int32_t channel-count = 2
01-15 22:21:17.444  2055  8018 D CCodec  :   int32_t max-input-size = 32768
01-15 22:21:17.444  2055  8018 D CCodec  :   string mime = "audio/vorbis"
01-15 22:21:17.444  2055  8018 D CCodec  :   int32_t sample-rate = 44100
01-15 22:21:17.444  2055  8018 D CCodec  : } and output: AMessage(what = 0x00000000) = {
01-15 22:21:17.444  2055  8018 D CCodec  :   int32_t channel-count = 2
01-15 22:21:17.444  2055  8018 D CCodec  :   string mime = "audio/raw"
01-15 22:21:17.444  2055  8018 D CCodec  :   int32_t sample-rate = 44100
01-15 22:21:17.444  2055  8018 D CCodec  :   int32_t channel-mask = 3
01-15 22:21:17.444  2055  8018 D CCodec  : }
01-15 22:21:17.446  1332  7566 I CompositorVR: WarpToScreen: Skipping frames for 7
01-15 22:21:17.453  3283  3283 I PresenceAPK(ServiceApiManager): onServiceConnected componentName=ComponentInfo{com.oculus.presence/com.oculus.presence.services.presence.PresenceService}
01-15 22:21:17.453   874  1844 I [CT]    : INPUT_TRACKING:Behavior:NearHeadMoving: [Right] state transition: TorsoInitialized -> InRange
01-15 22:21:17.454  3283  3283 I PresenceAPK(ServiceApiManager): setting apiStatusListener
01-15 22:21:17.455  3283  5158 I PresenceAPK(ServiceApiManager): onApiReady
01-15 22:21:17.457  1332  7566 I CompositorVR: WarpToScreen: Skipping frames for 7
01-15 22:21:17.458  3283  3283 D HyperspaceClient: onCallsInfoChanged: []
01-15 22:21:17.458  3283  3283 I PresenceAPK(ServiceApiManager): onServiceConnected componentName=ComponentInfo{com.oculus.presence/com.oculus.presence.services.presence.PresenceService}
01-15 22:21:17.459  3283  3283 I PresenceAPK(ServiceApiManager): setting apiStatusListener
01-15 22:21:17.460  3283  3283 D [SUI] SystemUXBroadcastReceiver: action: com.oculus.systemactivities.CAPTURE_STATE_UPDATE
01-15 22:21:17.460  3283  4628 I PresenceAPK(ServiceApiManager): onApiReady
01-15 22:21:17.460  3283  3283 I [SUI] SystemUXBroadcastReceiver: handleCaptureStateUpdate: captureToDisk false, captureEnabled false, isCapturingAbuseReport false, abuseRecordingUUID null
01-15 22:21:17.460  3283  3283 D [SUI] SystemUXBroadcastReceiver: action: com.oculus.systemactivities.LOCAL_STREAM_STATE_UPDATE
01-15 22:21:17.460  3283  3283 D [SUI] ScreenCaptureUtil: onLocalStreamStateUpdate(isCaptureRunning = false)
01-15 22:21:17.460  3283  3283 D [SUI] ScreenCaptureUtil: onLocalStreamStateUpdate(isCaptureRunning = false)
01-15 22:21:17.460  2331  2331 D VrNotificationAnalytics: logNotificationPosted: key(0|com.oculus.presence|50001|null|10070), type(first_party_unspecified), isToast(false)
01-15 22:21:17.464  2331  2331 I [OAO] VrNotificationListenerService: onNotificationPosted() - key = 0|com.oculus.presence|50001|null|10070, type = first_party_unspecified, isToast = false, isBlocked with reason = true Blocked by does not contain all markers for a toast notification
01-15 22:21:17.468  1332  7566 I CompositorVR: WarpToScreen: Skipping frames for 7
01-15 22:21:17.477  3283  3283 D [SUI] NotificationBroadcastReceiver: action: com.oculus.intent.action.NOTIF_CHANGE
01-15 22:21:17.479  1332  7566 I CompositorVR: WarpToScreen: Skipping frames for 7
01-15 22:21:17.480  2741  3012 I [SEO] PanelAppHost: Setting panel layer visibility of layer "#main" to visible, panel 16 (com.oculus.systemux/com.oculus.panelapp.anytimeui.AnytimeUIAndroidPanelService)
01-15 22:21:17.482  3283  3283 D [SUI] NotificationBroadcastReceiver: action: com.oculus.intent.action.NOTIF_CHANGE
01-15 22:21:17.491  1332  7566 I CompositorVR: WarpToScreen: Skipping frames for 7
01-15 22:21:17.492  2331  2331 D VrNotificationAnalytics: logNotificationPosted: key(0|com.oculus.presence|50001|null|10070), type(first_party_unspecified), isToast(false)
01-15 22:21:17.494  2331  2331 I [OAO] VrNotificationListenerService: onNotificationPosted() - key = 0|com.oculus.presence|50001|null|10070, type = first_party_unspecified, isToast = false, isBlocked with reason = true Blocked by does not contain all markers for a toast notification
01-15 22:21:17.494  2331  2331 D [OAO] VrBroadcastReceiver: action: com.oculus.vrshell.intent.action.NOTIFICATION_WAKE
01-15 22:21:17.496  3283  8020 D NotificationsBadgeLiveData: MessageBadgeData, pullAndCheckNotifs, old data source notif count: 0, oc chats count: 0, messenger count: 0
01-15 22:21:17.501  2331  2331 D [OAO] VrNotificationService: VrNotificationService onStartCommand() Intent { cmp=com.oculus.vrshell/.VrNotificationService }
01-15 22:21:17.502  1332  7566 I CompositorVR: WarpToScreen: Skipping frames for 7
01-15 22:21:17.502   854   854 V C2Store : in ~ComponentModule
01-15 22:21:17.502   854   854 V C2Store : unloading dll
01-15 22:21:17.513  1332  7566 I CompositorVR: WarpToScreen: Skipping frames for 7
01-15 22:21:17.515  3283  8021 D NotificationsBadgeLiveData: MessageBadgeData, pullAndCheckNotifs, old data source notif count: 0, oc chats count: 0, messenger count: 0
01-15 22:21:17.522  3283  5158 I PresenceAPK(ServicePresenceClient): calling onServiceUp
01-15 22:21:17.522  3283  4628 I PresenceAPK(ServicePresenceClient): calling onServiceUp
01-15 22:21:17.524  1332  7566 I CompositorVR: WarpToScreen: Skipping frames for 7
01-15 22:21:17.526  3283  3283 D [SUI] SystemUXFunnelLogServerLogger: Impression Event: oculus_impressions_tile_impressioned LogInfo{duration=0, mLogId='com.oculus.explore', mContentType=APP, mPosX=0, mPosy=0, mGlobalPos=0, mSurface=AUI, mSubSurface=null, mClickEventType=null, mClickEventName=null, mAdditionalParameters={aui_section=pinned, aui_position_in_section=0}}
01-15 22:21:17.526  3283  3283 D [SUI] SystemUXFunnelLogServerLogger: Impression Event: oculus_impressions_tile_impressioned LogInfo{duration=0, mLogId='com.oculus.store', mContentType=APP, mPosX=1, mPosy=0, mGlobalPos=1, mSurface=AUI, mSubSurface=null, mClickEventType=null, mClickEventName=null, mAdditionalParameters={aui_section=pinned, aui_position_in_section=1}}
01-15 22:21:17.526  3283  3283 D [SUI] SystemUXFunnelLogServerLogger: Impression Event: oculus_impressions_tile_impressioned LogInfo{duration=0, mLogId='messenger_system_app', mContentType=APP, mPosX=2, mPosy=0, mGlobalPos=2, mSurface=AUI, mSubSurface=null, mClickEventType=null, mClickEventName=null, mAdditionalParameters={aui_section=pinned, aui_position_in_section=2}}
01-15 22:21:17.526  3283  3283 D [SUI] SystemUXFunnelLogServerLogger: Impression Event: oculus_impressions_tile_impressioned LogInfo{duration=0, mLogId='share_system_app', mContentType=APP, mPosX=3, mPosy=0, mGlobalPos=3, mSurface=AUI, mSubSurface=null, mClickEventType=null, mClickEventName=null, mAdditionalParameters={aui_section=pinned, aui_position_in_section=3}}
01-15 22:21:17.526  3283  3283 D [SUI] SystemUXFunnelLogServerLogger: Impression Event: oculus_impressions_tile_impressioned LogInfo{duration=0, mLogId='settings_system_app', mContentType=APP, mPosX=5, mPosy=0, mGlobalPos=5, mSurface=AUI, mSubSurface=null, mClickEventType=null, mClickEventName=null, mAdditionalParameters={aui_section=recent, aui_position_in_section=0}}
01-15 22:21:17.535  1332  7566 I CompositorVR: WarpToScreen: Skipping frames for 7
01-15 22:21:17.538  3283  7991 W OVRLibrary: null cursor received for query content://com.oculus.ocms.library/apps/com.oculus.shellenv
01-15 22:21:17.546  1332  7566 I CompositorVR: WarpToScreen: Skipping frames for 7
01-15 22:21:17.547  3283  3283 W [SUI] AsyncQueryHandlerBase: Callback reference is null
01-15 22:21:17.557  1332  7566 I CompositorVR: WarpToScreen: Skipping frames for 7
01-15 22:21:17.591  1332  7566 I CompositorVR: WarpToScreen: Skipping frames for 7
01-15 22:21:17.592  3283  4628 I PresenceAPK(PresenceClient): onServiceUp
01-15 22:21:17.592  3283  4628 I PresenceAPK(GroupManager): onConnected
01-15 22:21:17.593  3283  4275 I PresenceAPK(GroupManager): initialEnumerationFinished
01-15 22:21:17.593  3283  4275 I PresenceAPK(GroupManager): no reconnect groups
01-15 22:21:17.602  3283  5158 I PresenceAPK(PresenceClient): onServiceUp
01-15 22:21:17.602  3283  5158 I PresenceAPK(GroupManager): onConnected
01-15 22:21:17.602  3283  4275 I PresenceAPK(GroupManager): initialEnumerationFinished
01-15 22:21:17.602  1332  7566 I CompositorVR: WarpToScreen: Skipping frames for 7
01-15 22:21:17.602  3283  4275 I PresenceAPK(GroupManager): no reconnect groups
01-15 22:21:17.611   874  7560 I [CT]    : CONSTELLATION:VISION_STATUS: 729165a0fe4054d7 (R): BlobDetection:[#BlobsDetected=(17.74, 19.08)]Matching:[MatchSuccess=0.996, MatchCost=(0.00661, 0.00005), #MatchedBlobs=(8.46, 11.02), #MatchedLeds=(6.05, 2.43), RematchM=0.000, SkipRefine=0.024] MatchMethod:[Prox=0.996, ConstBrute=0.000, UnconstBrute=0.000] MatchResets[AnomBlobSize=0.000, SharedMatch=0.000, DenseReacq=0.000] | Fusion:[FusionError=0.000, ImuFromCamMs=(10.033, 2.292), RematchF=0.164] FusionUpdates:[Successful=0.996, Reliable=0.912, TightFusion=0.932, FullPose=0.064, StaticPrior=0.000, StaticForHandTrans=0.000, PoseUpdateMD=(6.8161, 174.4761)] FusionResets[6DoFReset=0.000, ResetSuccess=0.000] FusionStatus[HasPosition=1.000, HasVelocity=1.000] 
01-15 22:21:17.612   874  7560 I [CT]    : CONSTELLATION:VISION_STATUS: 86557c336c360320 (L): BlobDetection:[#BlobsDetected=(17.74, 19.08)]Matching:[MatchSuccess=1.000, MatchCost=(0.00172, 0.00000), #MatchedBlobs=(8.71, 6.69), #MatchedLeds=(5.67, 1.01), RematchM=0.008, SkipRefine=0.000] MatchMethod:[Prox=1.000, ConstBrute=0.000, UnconstBrute=0.000] MatchResets[AnomBlobSize=0.000, SharedMatch=0.000, DenseReacq=0.000] | Fusion:[FusionError=0.000, ImuFromCamMs=(10.444, 2.533), RematchF=0.000] FusionUpdates:[Successful=0.000, Reliable=0.000, TightFusion=0.000, FullPose=0.000, StaticPrior=1.000, StaticForHandTrans=1.000, PoseUpdateMD=(0.0000, 0.0000)] FusionResets[6DoFReset=0.000, ResetSuccess=0.000] FusionStatus[HasPosition=1.000, HasVelocity=1.000] 
01-15 22:21:17.613  1332  7566 I CompositorVR: WarpToScreen: Skipping frames for 7
01-15 22:21:17.624  1332  7566 I CompositorVR: WarpToScreen: Skipping frames for 7
01-15 22:21:17.625  2055  8023 D CCodec  : allocate(c2.android.vorbis.decoder)
01-15 22:21:17.625   854   854 V C2Store : in init
01-15 22:21:17.625   854   854 V C2Store : loading dll
01-15 22:21:17.630  2055  8023 I CCodec  : Created component [c2.android.vorbis.decoder]
01-15 22:21:17.635  2055  8023 D CCodecConfig: read media type: audio/vorbis
01-15 22:21:17.635  1332  7566 I CompositorVR: WarpToScreen: Skipping frames for 7
01-15 22:21:17.637  2055  8023 D ReflectedParamUpdater: extent() != 1 for single value type: algo.buffers.max-count.values
01-15 22:21:17.638  2055  8023 D ReflectedParamUpdater: extent() != 1 for single value type: output.subscribed-indices.values
01-15 22:21:17.638  2055  8023 D ReflectedParamUpdater: extent() != 1 for single value type: input.buffers.allocator-ids.values
01-15 22:21:17.638  2055  8023 D ReflectedParamUpdater: extent() != 1 for single value type: output.buffers.allocator-ids.values
01-15 22:21:17.638  2055  8023 D ReflectedParamUpdater: extent() != 1 for single value type: algo.buffers.allocator-ids.values
01-15 22:21:17.638  2055  8023 D ReflectedParamUpdater: extent() != 1 for single value type: output.buffers.pool-ids.values
01-15 22:21:17.638  2055  8023 D ReflectedParamUpdater: extent() != 1 for single value type: algo.buffers.pool-ids.values
01-15 22:21:17.640  2055  8023 I CCodecConfig: query failed after returning 7 values (BAD_INDEX)
01-15 22:21:17.640  2055  8023 D CCodecConfig: c2 config diff is Dict {
01-15 22:21:17.640  2055  8023 D CCodecConfig:   c2::u32 coded.bitrate.value = 64000
01-15 22:21:17.640  2055  8023 D CCodecConfig:   c2::u32 input.buffers.max-size.value = 32768
01-15 22:21:17.640  2055  8023 D CCodecConfig:   c2::u32 input.delay.value = 0
01-15 22:21:17.640  2055  8023 D CCodecConfig:   string input.media-type.value = "audio/vorbis"
01-15 22:21:17.640  2055  8023 D CCodecConfig:   string output.media-type.value = "audio/raw"
01-15 22:21:17.640  2055  8023 D CCodecConfig:   c2::u32 raw.channel-count.value = 1
01-15 22:21:17.640  2055  8023 D CCodecConfig:   c2::u32 raw.sample-rate.value = 48000
01-15 22:21:17.640  2055  8023 D CCodecConfig: }
01-15 22:21:17.640  2055  8023 D CCodecConfig: no c2 equivalents for durationUs
01-15 22:21:17.640  2055  8023 D CCodecConfig: no c2 equivalents for csd-1
01-15 22:21:17.640  2055  8023 D CCodecConfig: no c2 equivalents for track-id
01-15 22:21:17.640  2055  8023 D CCodecConfig: no c2 equivalents for channel-mask
01-15 22:21:17.642  2055  8023 D CCodecConfig: c2 config diff is   c2::u32 raw.channel-count.value = 2
01-15 22:21:17.642  2055  8023 D CCodecConfig:   c2::u32 raw.sample-rate.value = 44100
01-15 22:21:17.642  2055  8023 W Codec2Client: query -- param skipped: index = 1107298332.
01-15 22:21:17.642  2055  8023 D CCodec  : setup formats input: AMessage(what = 0x00000000) = {
01-15 22:21:17.642  2055  8023 D CCodec  :   int32_t channel-count = 2
01-15 22:21:17.642  2055  8023 D CCodec  :   int32_t max-input-size = 32768
01-15 22:21:17.642  2055  8023 D CCodec  :   string mime = "audio/vorbis"
01-15 22:21:17.642  2055  8023 D CCodec  :   int32_t sample-rate = 44100
01-15 22:21:17.642  2055  8023 D CCodec  : } and output: AMessage(what = 0x00000000) = {
01-15 22:21:17.642  2055  8023 D CCodec  :   int32_t channel-count = 2
01-15 22:21:17.642  2055  8023 D CCodec  :   string mime = "audio/raw"
01-15 22:21:17.642  2055  8023 D CCodec  :   int32_t sample-rate = 44100
01-15 22:21:17.642  2055  8023 D CCodec  :   int32_t channel-mask = 3
01-15 22:21:17.642  2055  8023 D CCodec  : }
01-15 22:21:17.642   874  1630 I [CT]    : boltlib: DSP utilization: 7.81 % (390 / 5001 ms)
01-15 22:21:17.647  1332  7566 I CompositorVR: WarpToScreen: Skipping frames for 7
01-15 22:21:17.656  2055  8023 W Codec2Client: query -- param skipped: index = 1342179345.
01-15 22:21:17.656  2055  8023 W Codec2Client: query -- param skipped: index = 2415921170.
01-15 22:21:17.657  2055  8023 D CCodecBufferChannel: [c2.android.vorbis.decoder#717] Created input block pool with allocatorID 16 => poolID 42 - OK (0)
01-15 22:21:17.658  1332  7566 I CompositorVR: WarpToScreen: Skipping frames for 7
01-15 22:21:17.658  2055  8023 I CCodecBufferChannel: [c2.android.vorbis.decoder#717] Created output block pool with allocatorID 16 => poolID 58 - OK
01-15 22:21:17.659  2055  8023 D CCodecBufferChannel: [c2.android.vorbis.decoder#717] Configured output block pool ids 58 => OK
01-15 22:21:17.660   854  8024 D SimpleC2Component: Using output block pool with poolID 58 => got 58 - 0
01-15 22:21:17.669  1332  7566 I CompositorVR: WarpToScreen: Skipping frames for 7
01-15 22:21:17.724  1332  7566 I CompositorVR: WarpToScreen: Skipping frames for 7
01-15 22:21:17.726  3283  3283 D [SUI] SystemUXFunnelLogServerLogger: VPV Event: oculus_impressions_tile_vpved LogInfo{duration=250, mLogId='com.oculus.explore', mContentType=APP, mPosX=0, mPosy=0, mGlobalPos=0, mSurface=AUI, mSubSurface=null, mClickEventType=null, mClickEventName=null, mAdditionalParameters={aui_section=pinned, aui_position_in_section=0}}
01-15 22:21:17.726  3283  3283 D [SUI] SystemUXFunnelLogServerLogger: VPV Event: oculus_impressions_tile_vpved LogInfo{duration=250, mLogId='com.oculus.store', mContentType=APP, mPosX=1, mPosy=0, mGlobalPos=1, mSurface=AUI, mSubSurface=null, mClickEventType=null, mClickEventName=null, mAdditionalParameters={aui_section=pinned, aui_position_in_section=1}}
01-15 22:21:17.726  3283  3283 D [SUI] SystemUXFunnelLogServerLogger: VPV Event: oculus_impressions_tile_vpved LogInfo{duration=250, mLogId='messenger_system_app', mContentType=APP, mPosX=2, mPosy=0, mGlobalPos=2, mSurface=AUI, mSubSurface=null, mClickEventType=null, mClickEventName=null, mAdditionalParameters={aui_section=pinned, aui_position_in_section=2}}
01-15 22:21:17.726  3283  3283 D [SUI] SystemUXFunnelLogServerLogger: VPV Event: oculus_impressions_tile_vpved LogInfo{duration=250, mLogId='share_system_app', mContentType=APP, mPosX=3, mPosy=0, mGlobalPos=3, mSurface=AUI, mSubSurface=null, mClickEventType=null, mClickEventName=null, mAdditionalParameters={aui_section=pinned, aui_position_in_section=3}}
01-15 22:21:17.726  3283  3283 D [SUI] SystemUXFunnelLogServerLogger: VPV Event: oculus_impressions_tile_vpved LogInfo{duration=250, mLogId='settings_system_app', mContentType=APP, mPosX=5, mPosy=0, mGlobalPos=5, mSurface=AUI, mSubSurface=null, mClickEventType=null, mClickEventName=null, mAdditionalParameters={aui_section=recent, aui_position_in_section=0}}
01-15 22:21:17.736  1332  7566 I CompositorVR: WarpToScreen: Skipping frames for 7
01-15 22:21:17.814  1332  7566 I CompositorVR: WarpToScreen: Skipping frames for 7
01-15 22:21:17.817   874  1844 W [CT]    : CONSTELLATION: R: Lost position tracking, waiting for 6DoF reset: [#VisionUp=880, #RelUp=0, VelNorm=0.009, CurTimeDur=0.26s, DurThresh=0.2s]
01-15 22:21:17.817   874  1844 I [CT]    : INPUT_TRACKING:Behavior:NearHeadMoving: [Right] state transition: InRange -> Active
01-15 22:21:17.817   874  1844 I [CT]    : INPUT_TRACKING:Behavior:NearHeadMoving: [Right] activated
01-15 22:21:17.817   874  1844 I [CT]    : INPUT_TRACKING:Behavior:NearHeadMoving: [Right] using reliablePoseInWorld
01-15 22:21:17.817   874  1844 I [CT]    : INPUT_TRACKING:ControllerMotionModel: [Right] t = 222.058s, behavior transition: None -> NearHeadMoving
01-15 22:21:17.825  1332  7566 I CompositorVR: WarpToScreen: Skipping frames for 7
01-15 22:21:17.847  1332  7566 I CompositorVR: WarpToScreen: Skipping frames for 7
01-15 22:21:17.849   874  7560 I [CT]    : CONSTELLATION: R: Not reinitializing 6DoF filter yet (no valid pose from matching).
01-15 22:21:17.858  1332  7566 I CompositorVR: WarpToScreen: Skipping frames for 7
01-15 22:21:17.880  1332  7566 I CompositorVR: WarpToScreen: Skipping frames for 7
01-15 22:21:17.889   874  7554 W [CT]    : VEGA:MAP_TRACKING_HM: [Throttled count=25] Map tracking did not run.
01-15 22:21:17.892  1332  7566 I CompositorVR: WarpToScreen: Skipping frames for 7
01-15 22:21:17.901  1332  2585 I PerformanceManager_V0: SetClockLevels: Apply pending clock request change: 4,4 -> 3,3
01-15 22:21:17.901  1332  2579 I Clocks  : ReleaseClocks - start
01-15 22:21:17.901  1332  2579 I Clocks  : ReleaseClocks - end (0.4 ms)
01-15 22:21:17.901  1332  2579 I Clocks  : LockClocks( cpu=3, gpu=3 ) - start
01-15 22:21:17.902  1332  2579 I Clocks  : CPU levels [0, 4]
01-15 22:21:17.902  1332  2579 I Clocks  : GPU levels [0, 5]
01-15 22:21:17.902  1332  2579 I Clocks  : LockClocks( cpu=3, gpu=3 ) - end (0.7 ms)
01-15 22:21:17.903  1332  7566 I CompositorVR: WarpToScreen: Skipping frames for 7
01-15 22:21:17.992  1332  7566 I CompositorVR: WarpToScreen: Skipping frames for 7
01-15 22:21:18.001  2055  7959 I VrApi   : FPS=91/90,Prd=23ms,Tear=0,Early=0,Stale=2,VSnc=0,Lat=-1,Fov=0,CPU4/GPU=4/4,2419/490MHz,OC=FF,TA=0/70/0,SP=N/F/N,Mem=2092MHz,Free=3250MB,PLS=0,Temp=23.2C/0.0C,TW=1.34ms,App=3.81ms,GD=0.12ms,CPU&GPU=6.95ms,LCnt=2(DR71,LM2),GPU%=0.56,CPU%=0.30(W0.33),DSF=1.00,CFL=14.69/27.54
01-15 22:21:18.003  1332  7566 I CompositorVR: WarpToScreen: Skipping frames for 7
01-15 22:21:18.003  2741  7969 I Telemetry: App memory usage: PSS=66 MiB, PrivateDirty=40 MiB, PrivateClean=1 MiB, GPU=7.7/7.9 MiB (98% allocated)
01-15 22:21:18.014  1332  7566 I CompositorVR: WarpToScreen: Skipping frames for 7
01-15 22:21:18.048  1332  7566 I CompositorVR: WarpToScreen: Skipping frames for 7
01-15 22:21:18.059  1332  7566 I CompositorVR: WarpToScreen: Skipping frames for 7
01-15 22:21:18.103  1332  7566 I CompositorVR: WarpToScreen: Skipping frames for 7
01-15 22:21:18.110   874  7554 W [CT]    : TIMESTAMPCHECKER: Nominal rate wrong. Estimated data rate: 25, Nominal is 30.000300003000028
01-15 22:21:18.114  1332  7566 I CompositorVR: WarpToScreen: Skipping frames for 7
01-15 22:21:18.270  1332  7566 I CompositorVR: WarpToScreen: Skipping frames for 7
01-15 22:21:18.281  7693  7848 I chatty  : uid=10126(com.YourCompany.TemplateProject3) expire 1 line
01-15 22:21:18.281  1332  7566 I CompositorVR: WarpToScreen: Skipping frames for 7
01-15 22:21:18.293  1332  7566 I chatty  : uid=10025(com.oculus.systemdriver) OVR::TimeWarp identical 8 lines
01-15 22:21:18.304  1332  7566 I CompositorVR: WarpToScreen: Skipping frames for 7
01-15 22:21:18.309  3874  3890 W System  : A resource failed to call close. 
01-15 22:21:18.315  1332  7566 I CompositorVR: WarpToScreen: Skipping frames for 7
01-15 22:21:18.318  2815  2931 I StateMachine: StateMachine::Update ForceShow: stopForceShow -> ForceShowOff
01-15 22:21:18.319  1332  2930 I VrRuntimeService: RuntimeServiceSDKServer::SetGuardianSystemState: 843193636
01-15 22:21:18.319  2815  2931 I GuardianSystem: UpdateGuardianSystemState: Flags changed: 532480, 524288, SYSTEM_GUARDIAN_VISIBLE,SYSTEM_GUARDIAN_VALID to SYSTEM_GUARDIAN_VALID
01-15 22:21:18.323  2331  2687 I [OAO] ShellOverlayApp: Sleep timeout exceeded. Timeout:224.666658, Now:224.691855. Sleeping... 
01-15 22:21:18.323  2331  2687 I [OAO] ShellOverlayApp: WaitForWake: VrThread entering waiting state
01-15 22:21:18.326  1332  7566 I CompositorVR: WarpToScreen: Skipping frames for 7
01-15 22:21:18.415  1332  7566 I CompositorVR: WarpToScreen: Skipping frames for 7
01-15 22:21:18.421  7693  7728 I chatty  : uid=10126(com.YourCompany.TemplateProject3) expire 1 line
01-15 22:21:18.422  7693  7842 I chatty  : uid=10126(com.YourCompany.TemplateProject3) expire 21 lines
01-15 22:21:18.422  1778  1812 I [CT]    : MIXEDREALITY: MrServiceController: VrFocusManager::Top Activity Changed, topActivity now is: 'com.oculus.shellenv', immersiveApp now is: ''.
01-15 22:21:18.423  1778  1812 I [CT]    : MIXEDREALITY: MrServiceController: VrFocusManager::Top Activity Changed, topActivity now is: 'com.oculus.shellenv', immersiveApp now is: ''.
01-15 22:21:18.425  1778  3209 I [CT]    : MIXEDREALITY: MrServiceView: renderIteration: Nothing to render, hibernating the rendering thread since ID is off and no active PT layers.
01-15 22:21:18.425  1778  3209 I [CT]    : MIXEDREALITY: MrServiceModel: Hibernating caller (most likely rendering thread) due to commandQueue being empty.
01-15 22:21:18.426  1332  7566 I CompositorVR: WarpToScreen: Skipping frames for 7
01-15 22:21:18.437  1332  7566 I CompositorVR: WarpToScreen: Skipping frames for 7
01-15 22:21:18.448  1332  7566 I CompositorVR: WarpToScreen: Skipping frames for 7
01-15 22:21:18.459  1332  7566 I CompositorVR: WarpToScreen: Skipping frames for 7
01-15 22:21:18.460  7693  7794 I chatty  : uid=10126(com.YourCompany.TemplateProject3) expire 1 line
01-15 22:21:18.461  7693  7842 I chatty  : uid=10126(com.YourCompany.TemplateProject3) expire 10 lines
01-15 22:21:18.461   874  1258 I TrackingService: Unregistering client by ITrackingService.unregisterClient
01-15 22:21:18.461   874  1258 I TrackingService: Failed to unregister client because client not found in registered list
01-15 22:21:18.462   874  1258 I chatty  : uid=1000(system) Binder:874_3 identical 7 lines
01-15 22:21:18.462   874  1258 I TrackingService: Failed to unregister client because client not found in registered list
01-15 22:21:18.462   874  1258 D TrackingService: unregister: com.YourCompany.TemplateProject3
01-15 22:21:18.462   745  1016 E SensorService: Failed to set simple multi haptics, ret: -1
01-15 22:21:18.471  1332  7566 I CompositorVR: WarpToScreen: Skipping frames for 7
01-15 22:21:18.475  1332  7566 I CompositorVR: SetSchedFifo( tid=2931, pol=2, pri=0 ) succeeded
01-15 22:21:18.475  1332  7566 I CompositorVR: SetSchedFifo( tid=3636, pol=2, pri=0 ) succeeded
01-15 22:21:18.475  1332  7566 I CompositorVR: SetSchedFifo( tid=3693, pol=2, pri=0 ) succeeded
01-15 22:21:18.476  7693  7791 I chatty  : uid=10126(com.YourCompany.TemplateProject3) expire 1 line
01-15 22:21:18.478  7693  7842 I chatty  : uid=10126(com.YourCompany.TemplateProject3) expire 1 line
01-15 22:21:18.480  1332  7758 I VrRuntimeService: RuntimeServiceSDKServer::EnableRendering: 0x0, 0, com.YourCompany.TemplateProject3
01-15 22:21:18.480  1332  7758 I ClientMgr: ClientMgr::EnableRendering 7693:com.YourCompany.TemplateProject3 : type 0 comp-id 7: disable
01-15 22:21:18.480  1332  7758 I VrRuntimeServer: DisableCompositorClient: 7
01-15 22:21:18.480  1332  7758 I CompositorClientMgr: Disable client 7
01-15 22:21:18.480  1332  7758 I CompositorClientMgr: DisableClient: frame flush required: 1
01-15 22:21:18.482  1332  7566 I CompositorVR: WarpToScreen: Skipping frames for 7
01-15 22:21:18.487  1332  7566 W CompositorClient: WarpToScreen: No completed frames to display for primary client 7. submittedFrameIndex = 2578
01-15 22:21:18.490  1332  7758 I UnifiedTelemetryWrapper: Stopped UT session render:com.YourCompany.TemplateProject3
01-15 22:21:18.491  1332  2585 I ClientMgr: Non-overlay clients rendering status has changed: prev=14, curr=15, enabled=1
01-15 22:21:18.491  1332  2585 I ClientMgr: Primary client determined to be the current enabled client -971082221
01-15 22:21:18.491  7693  7797 I chatty  : uid=10126(com.YourCompany.TemplateProject3) expire 1 line
01-15 22:21:18.492  7693  7842 I chatty  : uid=10126(com.YourCompany.TemplateProject3) expire 3 lines
01-15 22:21:18.493  7693  7728 I chatty  : uid=10126(com.YourCompany.TemplateProject3) expire 9 lines
01-15 22:21:18.498  7693  7729 I chatty  : uid=10126(com.YourCompany.TemplateProject3) expire 2 lines
01-15 22:21:18.499  1373  1373 V AvrcpMediaPlayerList: onPlaybackConfigChanged(): Configs list size=6
01-15 22:21:18.499  7693  7842 I chatty  : uid=10126(com.YourCompany.TemplateProject3) expire 3 lines
01-15 22:21:18.500  7693  7729 I chatty  : uid=10126(com.YourCompany.TemplateProject3) expire 4 lines
01-15 22:21:18.516  7693  7728 I chatty  : uid=10126(com.YourCompany.TemplateProject3) expire 8 lines
01-15 22:21:18.545  7693  7693 I chatty  : uid=10126(com.YourCompany.TemplateProject3) expire 2 lines
01-15 22:21:18.546  7693  7729 I chatty  : uid=10126(com.YourCompany.TemplateProject3) expire 4 lines
01-15 22:21:18.548  7693  7693 I chatty  : uid=10126(com.YourCompany.TemplateProject3) expire 1 line
01-15 22:21:18.549  7693  7729 I chatty  : uid=10126(com.YourCompany.TemplateProject3) expire 4 lines
01-15 22:21:18.600   732   851 D msm8974_platform: platform_split_snd_device: snd_device(2) num devices(1) new_snd_devices(0)
01-15 22:21:18.663  1332  7766 W RPCClientHandler: RPCClientHandler::MainLoop: Error reading pipe: Client: com.YourCompany.TemplateProject3:com.YourCompany.TemplateProject3:7693, Server: com.oculus.systemdriver:com.oculus.vrruntimeservice (HapticsServer)
01-15 22:21:18.663  2815  7762 W RPCClientHandler: RPCClientHandler::MainLoop: Error reading pipe: Client: com.YourCompany.TemplateProject3:com.YourCompany.TemplateProject3:7693, Server: com.oculus.guardian:com.oculus.vrguardianservice (guardianserver)
01-15 22:21:18.664  2815  7762 I REFLECT : GuardianSDKServer Client Disconnected 1259768128, com.YourCompany.TemplateProject3, com.YourCompany.TemplateProject3
01-15 22:21:18.664  2331  7761 W RPCClientHandler: RPCClientHandler::MainLoop: Error reading pipe: Client: com.YourCompany.TemplateProject3:com.YourCompany.TemplateProject3:7693, Server: com.oculus.vrshell:com.oculus.vrshell:Overlay (ptkserviceserver)
01-15 22:21:18.665  1332  7758 W RPCClientHandler: RPCClientHandler::MainLoop: Error reading pipe: Client: com.YourCompany.TemplateProject3:com.YourCompany.TemplateProject3:7693, Server: com.oculus.systemdriver:com.oculus.vrruntimeservice (RuntimeServiceServer)
01-15 22:21:18.665  1332  7758 I VrRuntimeService: RuntimeIPC: IPC_SYSTEM_EVENT_CLIENT_DISCONNECTED_EXT: com.YourCompany.TemplateProject3
01-15 22:21:18.665  1332  7758 I ClientMgr: ClientMgr::DestroyClient: 7693:com.YourCompany.TemplateProject3
01-15 22:21:18.665  1332  7758 I ClientMgr: ClientMgr::DestroyClient Destroying 2 swapchain(s) for 7693:com.YourCompany.TemplateProject3.
01-15 22:21:18.665  1332  7758 I ClientMgr: ClientMgr::DestroyClient: non-deferred ShutdownResources: 2577 == 2577 
01-15 22:21:18.665  1332  7758 I VrRuntimeServer: UnRegisterCompositorClient client(7)
01-15 22:21:18.665  1332  7758 I ClientMgr: RemoveClient: com.YourCompany.TemplateProject3:com.YourCompany.TemplateProject3:7693
01-15 22:21:18.665  1332  7757 W RPCClientHandler: RPCClientHandler::MainLoop: Error reading pipe: Client: com.YourCompany.TemplateProject3:com.YourCompany.TemplateProject3:7693, Server: com.oculus.systemdriver:com.oculus.vrruntimeservice (gkcache)
01-15 22:21:18.665  1332  7758 I UnifiedTelemetryWrapper: Stopped UT session render_process_unknown
01-15 22:21:18.665  1332  7758 I UnifiedTelemetryWrapper: Stopped UT session lifetime:com.YourCompany.TemplateProject3
01-15 22:21:18.675  2815  2931 I GuardianSystem: runtimeServiceSDKClient_.ActiveClientDestroyedEventData: package=[com.YourCompany.TemplateProject3], process=[com.YourCompany.TemplateProject3]
01-15 22:21:18.676  2815  2931 I GuardianSystem: OnDestroyActiveClient: com.YourCompany.TemplateProject3
01-15 22:21:18.681  1050  1069 I ipcLoader_static: RuntimeIPC: Loader: IPC Service API Loader Version: 26
01-15 22:21:18.681  1050  1069 I ipcLoader_static: RuntimeIPC: Using android_get_exported_namespace: libripcclient.oculus.so
01-15 22:21:18.686  1050  1069 I ipcLoader_static: RuntimeIPC: android_get_exported_namespace SUCCESS: libripcclient.oculus.so
01-15 22:21:18.686  1050  1069 I RuntimeIPCApi: ipc_Initialize
01-15 22:21:18.696  1050  1171 W InputDispatcher: channel '7512785 com.YourCompany.TemplateProject3/com.epicgames.ue4.GameActivity (server)' ~ Consumer closed input channel or an error occurred.  events=0x9
01-15 22:21:18.696  1050  1171 E InputDispatcher: channel '7512785 com.YourCompany.TemplateProject3/com.epicgames.ue4.GameActivity (server)' ~ Channel is unrecoverably broken and will be disposed!
01-15 22:21:18.697   863  1289 W IPCDataChannelAndroidBinder: binder_test2: RuntimeIPC: ConnectionDiedInfo: onBinderDied: 0, com.YourCompany.TemplateProject3:com.YourCompany.TemplateProject3:7693
01-15 22:21:18.697  2331  2351 W IPCDataChannelAndroidBinder: binder_test2: RuntimeIPC: ConnectionDiedInfo: onBinderDied: 1, com.YourCompany.TemplateProject3:com.YourCompany.TemplateProject3:7693
01-15 22:21:18.697   863  1289 I RuntimeIPCService: DestroyBrokerConnection: com.YourCompany.TemplateProject3:com.YourCompany.TemplateProject3:7693
01-15 22:21:18.697   863  1289 E IPCThreadState: attemptIncStrongHandle(13): Not supported
01-15 22:21:18.697  2331  2351 W IPCDataChannelServer: datachannel_test: Disconnected: 1259768128, com.YourCompany.TemplateProject3:com.YourCompany.TemplateProject3:7693
01-15 22:21:18.697  1332  1348 W IPCDataChannelAndroidBinder: binder_test2: RuntimeIPC: ConnectionDiedInfo: onBinderDied: 1, com.YourCompany.TemplateProject3:com.YourCompany.TemplateProject3:7693
01-15 22:21:18.697  1332  1348 W IPCDataChannelServer: datachannel_test: Disconnected: 1259768128, com.YourCompany.TemplateProject3:com.YourCompany.TemplateProject3:7693
01-15 22:21:18.697  2331  2351 E IPCThreadState: attemptIncStrongHandle(123): Not supported
01-15 22:21:18.697  1332  1348 E IPCThreadState: attemptIncStrongHandle(68): Not supported
01-15 22:21:18.697  2815  2849 W IPCDataChannelAndroidBinder: binder_test2: RuntimeIPC: ConnectionDiedInfo: onBinderDied: 1, com.YourCompany.TemplateProject3:com.YourCompany.TemplateProject3:7693
01-15 22:21:18.697  2815  2849 W IPCDataChannelServer: datachannel_test: Disconnected: 1259768128, com.YourCompany.TemplateProject3:com.YourCompany.TemplateProject3:7693
01-15 22:21:18.697  2815  2849 E IPCThreadState: attemptIncStrongHandle(61): Not supported
01-15 22:21:18.698  1050  6277 D ConnectivityService: ConnectivityService NetworkRequestInfo binderDied(NetworkRequest [ LISTEN id=24, [ Transports: CELLULAR|WIFI|BLUETOOTH|ETHERNET|VPN Capabilities: INTERNET&NOT_RESTRICTED&TRUSTED&NOT_VPN&VALIDATED&FOREGROUND Uid: 10126] ], android.os.BinderProxy@7855177)
01-15 22:21:18.700  1050  3473 I ActivityManager: Process com.YourCompany.TemplateProject3 (pid 7693) has died: cch CRE 
01-15 22:21:18.700  1050  7826 I WindowManager: WIN DEATH: Window{7512785 u0 com.YourCompany.TemplateProject3/com.epicgames.ue4.GameActivity}
01-15 22:21:18.700  1050  7826 W InputDispatcher: Attempted to unregister already unregistered input channel '7512785 com.YourCompany.TemplateProject3/com.epicgames.ue4.GameActivity (server)'
01-15 22:21:18.702  1373  1373 V AvrcpMediaPlayerList: onPlaybackConfigChanged(): Configs list size=5
01-15 22:21:18.704  2148  2148 I Zygote  : Process 7693 exited cleanly (0)
01-15 22:21:18.704  1373  1373 V AvrcpMediaPlayerList: onPlaybackConfigChanged(): Configs list size=4
01-15 22:21:18.718  1050  1071 W ActivityManager: setHasOverlayUi called on unknown pid: 7693
01-15 22:21:18.743  1050  1079 I libprocessgroup: Successfully killed process cgroup uid 10126 pid 7693 in 42ms
01-15 22:21:18.766  1050  1050 W android.ui: type=1400 audit(0.0:4704): avc: denied " {" read" } for " name="u:object_r:vendor_board_init_prop:s0" dev="tmpfs" ino=15055 scontext=u:r:system_server:s0 tcontext=u:object_r:vendor_board_init_prop:s0 tclass=file permissive=0
01-15 22:21:18.775  1050  1069 E libc    : Access denied finding property "ro.vendor.product.model_extended"
01-15 22:21:18.775  1050  8033 I DeadlockObserver: MainLoop starting
01-15 22:21:18.776  1050  1069 I DeadlockObserver: Init SUCCESS
01-15 22:21:18.776  1050  1069 I RuntimeIPCServiceClient: Using OS RuntimeIPC Service
01-15 22:21:18.777  1050  8034 I AsyncTaskMgr: MainLoop starting
01-15 22:21:18.777  1050  1069 I AsyncTaskMgr: Init SUCCESS
01-15 22:21:18.777  1050  1069 I ServerStateMgr: Init
01-15 22:21:18.777  1050  1069 I RuntimeIPCServiceClientRPC: InitRPCToServiceInternal: Calling Methods->GetConnectInfo
01-15 22:21:18.778   863   909 I RuntimeIPCService: CreateBrokerConnection: 1050:android.uid.system:1000:system_server
01-15 22:21:18.779  1050  1069 I RuntimeIPCServiceClientRPC: InitRPCToServiceInternal: Calling Helper.Init
01-15 22:21:18.779  1050  1069 I RuntimeIPCServiceClientRPC: InitRPCToServiceInternal: Calling InitBrokerHandler
01-15 22:21:18.779  1050  8035 W IPCDataChannelServer: datachannel_test: Connected: 1, broker_package:broker_process:0
01-15 22:21:18.780   863   909 W IPCDataChannelServer: datachannel_test: Connected: 1066927641, android.uid.system:1000:system_server:1050
01-15 22:21:18.780  1050  1069 I RuntimeIPCServiceClientRPC: InitRPCToServiceInternal: Success
01-15 22:21:18.780  1050  1069 I ServerStateMgr: Init
01-15 22:21:18.780  1050  1069 I RuntimeIPCServiceClient: IPCMainLoopHandler: Init SUCCESS
01-15 22:21:18.781  1050  1069 I ClientProcessConnector: GetProcessConnection: com.oculus.os.dialoghost:com.oculus.os.dialoghost
01-15 22:21:18.781  1754  1774 W IPCDataChannelServer: datachannel_test: Connected: 1066927641, android.uid.system:1000:system_server:1050
01-15 22:21:18.781  1754  1774 D RPCServer: RegisterClient: Client: android.uid.system:1000:system_server:1050, Server: com.oculus.os.dialoghost:com.oculus.os.dialoghost (DialogHostService)
01-15 22:21:18.782  1754  1774 I IPCSharedMemory: CreateSharedMemory: Allocated shared memory fd 47 (ipcStateReadWrite)
01-15 22:21:18.782  1754  1774 I IPCSharedMemory: CreateSharedMemory: Allocated shared memory fd 48 (ipcReadOnlyState)
01-15 22:21:18.782  1754  1774 I RPCClientHandler: Event buffer size (server): 8192
01-15 22:21:18.782  1754  1774 I IPCSharedMemory: CreateSharedMemory: Allocated shared memory fd 51 (ipcEventBuffer)
01-15 22:21:18.782  1754  1774 I IPCSharedMemory: CreateSharedMemory: Allocated shared memory fd 52 (ipcEventBuffer_Private)
01-15 22:21:18.783  1754  1774 I RuntimeIPCServerMgr: HandleClientConnect SUCCESS: Client: android.uid.system:1000:system_server:1050, Server: com.oculus.os.dialoghost:com.oculus.os.dialoghost (DialogHostService)
01-15 22:21:18.784  1754  1774 I RPCServer: GetServerStatesConfig -> {MaxBufferSize=32768, MaxEntries=64}
01-15 22:21:18.784  1050  1069 I RuntimeIPCClient: GetServerStatesConfig returned maxEntries=64, maxBuffSize=32768
01-15 22:21:18.784  1050  1069 I RuntimeIPCClient: Event buffer size (client): 8192
01-15 22:21:18.784  1050  1069 I RuntimeIPCClient: TryToGetIPCResourcesFromServer: RPC_CONNECTOR_CONNECT_TO_SERVER SUCCESS: Client: android.uid.system:1000:system_server:1050, Server: com.oculus.os.dialoghost:com.oculus.os.dialoghost (DialogHostService)
01-15 22:21:18.784  1050  1069 I RuntimeIPCClient: EnsureServerConnection: SUCCESS. Client: android.uid.system:1000:system_server:1050, Server: com.oculus.os.dialoghost:com.oculus.os.dialoghost (DialogHostService)
01-15 22:21:18.784  1050  1069 I RuntimeIPCClientMgr: ConnectToServer: SUCCESS: Client: android.uid.system:1000:system_server:1050, Server: com.oculus.os.dialoghost:com.oculus.os.dialoghost (DialogHostService)
01-15 22:21:18.798  2331  2331 D DeviceHelper: isScreenOn = true
01-15 22:21:18.798  2331  2331 D [OAO] ShellOverlayBroadcastReceiver: onReceive with ShellOverlayService native pointer 3757693824, action com.oculus.vrshell.intent.action.DIALOG
01-15 22:21:18.798  2331  2331 D [OAO] ShellOverlayBroadcastReceiver: Waking for guardian or dialog state check
