--------- beginning of system
03-05 17:25:36.314  1054  4413 I ActivityTaskManager: START u0 {flg=0x10000000 cmp=com.YourCompany.TemplateProject3/com.epicgames.ue4.GameActivity} from uid 2000
03-05 17:25:36.339  1054  1085 I ActivityManager: Start proc 10700:com.YourCompany.TemplateProject3/u0a205 for activity {com.YourCompany.TemplateProject3/com.epicgames.ue4.GameActivity}
03-05 17:25:36.347  1054  4413 W ActivityManager: Package for pid 848: no process record found
03-05 17:25:36.924  1054  1078 W ActivityTaskManager: Activity top resumed state loss timeout for ActivityRecord{449fef u0 com.YourCompany.TemplateProject3/com.epicgames.ue4.GameActivity t1002}
03-05 17:25:36.924  1054  1078 W ActivityTaskManager: Activity pause timeout for ActivityRecord{449fef u0 com.YourCompany.TemplateProject3/com.epicgames.ue4.GameActivity t1002}
03-05 17:25:38.260  1054  4030 E WindowManager: App trying to use insecure INPUT_FEATURE_NO_INPUT_CHANNEL flag. Ignoring
--------- beginning of tracking
03-05 17:25:38.301   862  1185 W TrackingService: attachClient: found client in attached list
03-05 17:25:38.306   862  1185 D TrackingService: getSharedMemory: com.oculus.guardian#2769, HeadTracker
03-05 17:25:38.312   862  1185 W TrackingService: attachClient: found client in attached list
03-05 17:25:38.313   862  1049 W TrackingService: attachClient: found client in attached list
03-05 17:25:38.313   862  1185 D TrackingService: getSharedMemory: com.oculus.guardian, AnchorTracker
03-05 17:25:38.324   862  1049 W TrackingService: attachClient: found client in attached list
03-05 17:25:38.586   862  1049 I chatty  : uid=1000(system) Binder:862_2 identical 14 lines
03-05 17:25:38.609   862  1049 W TrackingService: attachClient: found client in attached list
03-05 17:25:38.610   862  1185 W TrackingService: attachClient: found client in attached list
03-05 17:25:39.026   862  1185 I chatty  : uid=1000(system) Binder:862_3 identical 21 lines
03-05 17:25:39.030   862  1185 W TrackingService: attachClient: found client in attached list
03-05 17:25:39.031   862  1049 W TrackingService: attachClient: found client in attached list
03-05 17:25:39.121   862  1049 I chatty  : uid=1000(system) Binder:862_2 identical 4 lines
03-05 17:25:39.154   862  1049 W TrackingService: attachClient: found client in attached list
03-05 17:25:39.154   862  1185 W TrackingService: attachClient: found client in attached list
03-05 17:25:39.326   862  1185 I chatty  : uid=1000(system) Binder:862_3 identical 9 lines
03-05 17:25:39.336   862  1185 W TrackingService: attachClient: found client in attached list
03-05 17:25:39.354   744 10182 I SyncBossHAL: [info   ] syncboss_hal_input_controller.c(61): 86557c33xxxxxxxx: 0 missed/90000 expected (PER 0.00%)
03-05 17:25:39.371   862  1185 W TrackingService: attachClient: found client in attached list
03-05 17:25:39.381   862  1185 I chatty  : uid=1000(system) Binder:862_3 identical 1 line
03-05 17:25:39.416   862  1185 W TrackingService: attachClient: found client in attached list
03-05 17:25:39.417   862  1049 W TrackingService: attachClient: found client in attached list
03-05 17:25:39.860   862  1049 I chatty  : uid=1000(system) Binder:862_2 identical 27 lines
03-05 17:25:39.874  1054  1545 E TaskPersister: File error accessing recents directory (directory doesn't exist?).
03-05 17:25:39.903   862  1049 W TrackingService: attachClient: found client in attached list
03-05 17:25:39.905   744 10182 E SyncBossHAL: [error  ] syncboss_hal_jedi.c(88): Failed to send telemetry event for module jedi with error -22
03-05 17:25:39.906   862  1049 W TrackingService: attachClient: found client in attached list
03-05 17:25:39.946   862  1049 I chatty  : uid=1000(system) Binder:862_2 identical 1 line
03-05 17:25:39.983  1054  4413 W ActivityManager: Permission Denial: Accessing service com.oculus.vrshell/.ShellOverlayService from pid=10700, uid=10205 requires com.oculus.vrshell.OVERLAY_HOST
03-05 17:25:39.991   862  1049 W TrackingService: attachClient: found client in attached list
03-05 17:25:39.992   862  1185 W TrackingService: attachClient: found client in attached list
03-05 17:25:40.596   862  1185 I chatty  : uid=1000(system) Binder:862_3 identical 29 lines
03-05 17:25:40.639   862  1185 W TrackingService: attachClient: found client in attached list
03-05 17:25:40.641   862  1049 W TrackingService: attachClient: found client in attached list
03-05 17:25:40.716   862  1049 I chatty  : uid=1000(system) Binder:862_2 identical 4 lines
03-05 17:25:40.721   862  1049 W TrackingService: attachClient: found client in attached list
03-05 17:25:40.721   862  1185 W TrackingService: attachClient: found client in attached list
03-05 17:25:40.766   862  1185 I chatty  : uid=1000(system) Binder:862_3 identical 2 lines
03-05 17:25:40.806   862  1185 W TrackingService: attachClient: found client in attached list
03-05 17:25:40.807   862  1049 W TrackingService: attachClient: found client in attached list
03-05 17:25:41.440   862  1049 I chatty  : uid=1000(system) Binder:862_2 identical 33 lines
03-05 17:25:41.450   862  1049 W TrackingService: attachClient: found client in attached list
03-05 17:25:41.452   862  1185 W TrackingService: attachClient: found client in attached list
03-05 17:25:41.579   862  1185 I chatty  : uid=1000(system) Binder:862_3 identical 5 lines
03-05 17:25:41.580   862  1185 W TrackingService: attachClient: found client in attached list
03-05 17:25:41.604   744   902 I SyncBossHAL: [info   ] syncboss_hal_powerstate.c(50): Reporting powerstate event: PROX_ON
03-05 17:25:41.605  1054  1243 I PowerManagerService: Waking up from Asleep (uid=1000, reason=WAKE_REASON_UNKNOWN, details=VrPwMng:leave-standby)...
03-05 17:25:41.605  1054  1054 W UsageStatsService: Event reported without a package name, eventType:15
03-05 17:25:41.606  1054  1054 D ActivityManager: Is background playback GK enabled: false Is background playback enabled for all apps: false
03-05 17:25:41.608  1054  1054 I chatty  : uid=1000 system_server identical 3 lines
03-05 17:25:41.608  1054  1054 D ActivityManager: Is background playback GK enabled: false Is background playback enabled for all apps: false
03-05 17:25:41.610  1054  1093 I DisplayPowerController: Blocking screen on until initial contents have been drawn.
03-05 17:25:41.610  1054  1093 D ActivityTaskManager: Top Process State changed to PROCESS_STATE_TOP
03-05 17:25:41.611   848  1252 D SensorClientUtils: Cancelling delayed transition to SLEEP
03-05 17:25:41.611   862  1185 D SensorClientUtils: Cancelling delayed transition to SLEEP
03-05 17:25:41.612  1588  4462 D SensorClientUtils: Cancelling delayed transition to SLEEP
03-05 17:25:41.613  1054  1054 D ActivityManager: Is background playback GK enabled: false Is background playback enabled for all apps: false
03-05 17:25:41.622  1054  1054 I chatty  : uid=1000 system_server identical 12 lines
03-05 17:25:41.622  1054  1054 D ActivityManager: Is background playback GK enabled: false Is background playback enabled for all apps: false
03-05 17:25:41.623  1054  6783 W ContextImpl: Calling a method in the system process without a qualified user: android.app.ContextImpl.sendBroadcast:1057 com.android.server.audio.AudioService.setMicrophoneMuteNoCallerCheck:2893 com.android.server.audio.AudioService.setMicrophoneMute:2879 android.media.IAudioService$Stub.onTransact:1112 android.os.Binder.execTransactInternal:1021 
03-05 17:25:41.623  1054  1054 D ActivityManager: Is background playback GK enabled: false Is background playback enabled for all apps: false
03-05 17:25:41.625   862  1049 W TrackingService: attachClient: found client in attached list
03-05 17:25:41.626   862  1049 W TrackingService: attachClient: found client in attached list
03-05 17:25:41.638   848  1252 D SensorClientUtils: Received transition request from SLEEP to RUNNING
03-05 17:25:41.638   862  1185 D SensorClientUtils: Received transition request from SLEEP to RUNNING
03-05 17:25:41.638   862  1185 D SensorClientUtils: Executing transition from STANDBY to RUNNING
03-05 17:25:41.638   862  1053 I TrackingService: [ vision_manager] STANDBY -> RUNNING transition time: 0 ms
03-05 17:25:41.638  1588  4462 D SensorClientUtils: Received transition request from SLEEP to RUNNING
03-05 17:25:41.638  1588  4462 D SensorClientUtils: Executing transition from STANDBY to RUNNING
03-05 17:25:41.638  1588  4462 D OVRRemoteService: [controller] STANDBY -> RUNNING
03-05 17:25:41.639   862  1053 I TrackingService: [            iad] STANDBY -> RUNNING transition time: 0 ms
03-05 17:25:41.639   862  1053 I TrackingService: [           bolt] STANDBY -> RUNNING transition time: 0 ms
03-05 17:25:41.641   744   744 I FrameSetDispatcher: [HEADSET] Client pid=862 (IOT): Client thread started
03-05 17:25:41.641   744   744 I CameraClientManager: [HEADSET] Added client (862)(IOT) - started clients: 1
03-05 17:25:41.652  1054  1054 I chatty  : uid=1000 system_server identical 23 lines
03-05 17:25:41.652  1054  1054 D ActivityManager: Is background playback GK enabled: false Is background playback enabled for all apps: false
03-05 17:25:41.670  1054  3154 E AppOps  : startOperation
03-05 17:25:41.670  1054  3154 E AppOps  : java.lang.SecurityException: Specified package MrSystemService under uid 1000 but it is really -1
03-05 17:25:41.670  1054  3154 E AppOps  : 	at com.android.server.appop.AppOpsService.verifyAndGetIsPrivileged(AppOpsService.java:2654)
03-05 17:25:41.670  1054  3154 E AppOps  : 	at com.android.server.appop.AppOpsService.startOperation(AppOpsService.java:2235)
03-05 17:25:41.670  1054  3154 E AppOps  : 	at android.app.AppOpsManager.startOpNoThrow(AppOpsManager.java:5469)
03-05 17:25:41.670  1054  3154 E AppOps  : 	at android.app.AppOpsManager.startOpNoThrow(AppOpsManager.java:5450)
03-05 17:25:41.670  1054  3154 E AppOps  : 	at com.android.server.power.Notifier.onWakeLockAcquired(Notifier.java:224)
03-05 17:25:41.670  1054  3154 E AppOps  : 	at com.android.server.power.PowerManagerService.notifyWakeLockAcquiredLocked(PowerManagerService.java:1277)
03-05 17:25:41.670  1054  3154 E AppOps  : 	at com.android.server.power.PowerManagerService.acquireWakeLockInternal(PowerManagerService.java:1112)
03-05 17:25:41.670  1054  3154 E AppOps  : 	at com.android.server.power.PowerManagerService.access$3900(PowerManagerService.java:118)
03-05 17:25:41.670  1054  3154 E AppOps  : 	at com.android.server.power.PowerManagerService$BinderService.acquireWakeLock(PowerManagerService.java:4346)
03-05 17:25:41.670  1054  3154 E AppOps  : 	at android.os.IPowerManager$Stub.onTransact(IPowerManager.java:349)
03-05 17:25:41.670  1054  3154 E AppOps  : 	at android.os.Binder.execTransactInternal(Binder.java:1021)
03-05 17:25:41.670  1054  3154 E AppOps  : 	at android.os.Binder.execTransact(Binder.java:994)
03-05 17:25:41.670   848  1252 D SensorClientUtils: Executing transition from SLEEP to STANDBY
03-05 17:25:41.670   848  1252 D MrSystemService: setPowerState: STANDBY
03-05 17:25:41.671   848  1252 D SensorClientUtils: Executing transition from STANDBY to RUNNING
03-05 17:25:41.671   848  1252 D MrSystemService: setPowerState: RUNNING
03-05 17:25:41.671   862  1049 W TrackingService: attachClient: found client in attached list
03-05 17:25:41.678  1054  1078 I DisplayManagerService: Display device changed state: "Built-in Screen", ON
03-05 17:25:41.702  1054  1093 I DisplayPowerController: Unblocked screen on after 92 ms
03-05 17:25:41.716   862  1049 W TrackingService: attachClient: found client in attached list
03-05 17:25:41.718   862  1045 W TrackingService: attachClient: found client in attached list
03-05 17:25:41.842   862  1045 I chatty  : uid=1000(system) Binder:862_1 identical 5 lines
03-05 17:25:41.846   862  1045 W TrackingService: attachClient: found client in attached list
03-05 17:25:41.881   744   744 I HollywoodCameraProvider: [HollywoodCameraProvider] Set cameras to 10 bpp (format 0x00000007)
03-05 17:25:41.885   744   895 I SyncBossHAL: [info   ] pulsar_manager.c(826): Setting controller LED config to period: 40000us, on-time: 34us, delay: -9us
03-05 17:25:41.886   862  1045 W TrackingService: attachClient: found client in attached list
03-05 17:25:41.904   862  1045 D TrackingService: getSharedMemory: com.YourCompany.TemplateProject3#10700, HeadTracker
03-05 17:25:41.926   862  1045 W TrackingService: attachClient: found client in attached list
03-05 17:25:41.944   862  1053 I TrackingService: [            iot] STANDBY -> RUNNING transition time: 304 ms
03-05 17:25:41.948   744   744 I FrameSetDispatcher: [CONTROLLER] Client pid=862 (Cnst): Client thread started
03-05 17:25:41.948   744   744 I CameraClientManager: [CONTROLLER] Added client (862)(Cnst) - started clients: 1
03-05 17:25:41.948   862  1053 I TrackingService: ConstellationTrackingGlue: setEnableExtendedDeadreckoning to false
03-05 17:25:41.948   862  1053 I TrackingService: [  constellation] STANDBY -> RUNNING transition time: 4 ms
03-05 17:25:41.948   862  1053 I TrackingService: [selftracked_client] STANDBY -> RUNNING transition time: 0 ms
03-05 17:25:41.949   862  1053 I TrackingService: [           hand] STANDBY -> RUNNING transition time: 0 ms
03-05 17:25:41.950   744   744 I FrameSetDispatcher: [HEADSET] Client pid=862 (Obj): Client thread started
03-05 17:25:41.950   744   744 I CameraClientManager: [HEADSET] Added client (862)(Obj) - started clients: 2
03-05 17:25:41.950   862  1053 I TrackingService: [         object] STANDBY -> RUNNING transition time: 1 ms
03-05 17:25:41.950   862  1053 I TrackingService: [     controller] STANDBY -> RUNNING transition time: 0 ms
03-05 17:25:41.950   862  1053 I TrackingService: Setting initial exposure: 0.005000, initial gain: 3.000000
03-05 17:25:41.952   744  7068 I FrameSetDispatcher: [HEADSET] Client pid=862 (ExpCtl): Client thread started
03-05 17:25:41.952   744  7068 I CameraClientManager: [HEADSET] Added client (862)(ExpCtl) - started clients: 3
03-05 17:25:41.952   862  1053 I TrackingService: [ExposureControl] STANDBY -> RUNNING transition time: 1 ms
03-05 17:25:41.952   862  1185 D TrackingService: setPowerState: RUNNING
03-05 17:25:41.970   862  1185 W TrackingService: attachClient: found client in attached list
03-05 17:25:41.973   862  1185 I chatty  : uid=1000(system) Binder:862_3 identical 2 lines
03-05 17:25:41.974   862  1185 W TrackingService: attachClient: found client in attached list
03-05 17:25:41.987   744 10842 E SensorService: Frame associated with stale frame sync: sync seqId: -1, frame seqId: 8
03-05 17:25:41.987   744 10839 E SensorService: Frame associated with stale frame sync: sync seqId: -1, frame seqId: 8
03-05 17:25:41.987   744 10843 E SensorService: Frame associated with stale frame sync: sync seqId: -1, frame seqId: 8
03-05 17:25:41.987   744 10839 E SensorService: Frame is either too old or is arriving before frame sync
03-05 17:25:41.987   744 10843 E SensorService: Frame is either too old or is arriving before frame sync
03-05 17:25:41.987   744 10842 E SensorService: Frame is either too old or is arriving before frame sync
03-05 17:25:41.987   744 10839 E HollywoodCameraProvider: Frame marked invalid by frame time stamper
03-05 17:25:41.988   744 10837 E SensorService: Frame associated with stale frame sync: sync seqId: -1, frame seqId: 8
03-05 17:25:41.988   744 10837 E SensorService: Frame is either too old or is arriving before frame sync
03-05 17:25:42.011   862  1185 W TrackingService: attachClient: found client in attached list
03-05 17:25:42.017   862  1185 W TrackingService: attachClient: found client in attached list
03-05 17:25:42.018   744 10839 W libsensorscommon: [HEADSET FSG] frameset capture timestamp out of spec by -8303499.53ms. observed=8303539532000 expected=40000000. FrameSyncPeriod is 40.00ms
03-05 17:25:42.034  1054  1093 W PowerManagerService: Screen on took 428 ms
03-05 17:25:42.038   862 10216 D TrackingService: [HANDTRACKING] Controller 729165a0fe4054d7 in hand: Y, valid: Y
03-05 17:25:42.038   862 10216 D TrackingService: [HANDTRACKING] Controller 86557c336c360320 in hand: Y, valid: Y
03-05 17:25:42.055   862  1185 W TrackingService: attachClient: found client in attached list
03-05 17:25:42.087   862  1185 W TrackingService: attachClient: found client in attached list
03-05 17:25:42.089   862  1185 D TrackingService: getSharedMemory: com.oculus.systemdriver#1254, HeadTracker
03-05 17:25:42.096   862  1185 W TrackingService: attachClient: found client in attached list
03-05 17:25:42.100   862  1045 W TrackingService: attachClient: found client in attached list
03-05 17:25:42.146   862  1045 I chatty  : uid=1000(system) Binder:862_1 identical 1 line
03-05 17:25:42.179   862  1045 W TrackingService: attachClient: found client in attached list
03-05 17:25:42.180   862  1045 D TrackingService: getSharedMemory: com.oculus.systemdriver, Controller
03-05 17:25:42.192   862  1185 W TrackingService: attachClient: found client in attached list
03-05 17:25:42.216   744 10806 E FrameSetDispatcher: [HEADSET] Client pid=862 (IOT): Failed to read from receive FMQ for 1 packets in 5000ms.
03-05 17:25:42.216   744 10806 E FrameSetDispatcher: This probably means this client is taking more than 33 ms to process the frame.
03-05 17:25:42.216   744 10806 E FrameSetDispatcher: Retrying.
03-05 17:25:42.217   862  1045 W TrackingService: attachClient: found client in attached list
03-05 17:25:42.218   862  1049 D TrackingService: getSharedMemory: com.YourCompany.TemplateProject3, Controller
03-05 17:25:42.219   862  1045 D TrackingService: getSharedMemory: com.oculus.guardian, Controller
03-05 17:25:42.250   862  1185 W TrackingService: attachClient: found client in attached list
03-05 17:25:42.252   862  9901 W TrackingService: attachClient: found client in attached list
03-05 17:25:42.437   862  9901 I chatty  : uid=1000(system) Binder:862_4 identical 10 lines
03-05 17:25:42.474   862  9901 W TrackingService: attachClient: found client in attached list
03-05 17:25:42.479   862  1185 W TrackingService: attachClient: found client in attached list
03-05 17:25:42.511   862  1185 W TrackingService: attachClient: found client in attached list
03-05 17:25:42.512   862  1185 D TrackingService: getSharedMemory: com.oculus.mrservice#2915, HeadTracker
03-05 17:25:42.526   862  1185 W TrackingService: attachClient: found client in attached list
03-05 17:25:42.529   862  1185 W TrackingService: attachClient: found client in attached list
03-05 17:25:42.529  1054  6783 E WindowManager: App trying to use insecure INPUT_FEATURE_NO_INPUT_CHANNEL flag. Ignoring
03-05 17:25:42.538   862  9901 W TrackingService: attachClient: found client in attached list
03-05 17:25:42.539   862  9901 D TrackingService: getSharedMemory: com.oculus.guardian, Controller
03-05 17:25:42.547   862  9901 W TrackingService: attachClient: found client in attached list
03-05 17:25:42.548   862  9901 D TrackingService: getSharedMemory: com.oculus.systemdriver, Controller
03-05 17:25:42.566   862  9901 W TrackingService: attachClient: found client in attached list
03-05 17:25:42.573   862  9901 W TrackingService: attachClient: found client in attached list
03-05 17:25:42.574   862  9901 D TrackingService: getSharedMemory: com.oculus.vrshell#2116, HeadTracker
03-05 17:25:42.575   862  9901 W TrackingService: attachClient: found client in attached list
03-05 17:25:42.579   862  9901 W TrackingService: attachClient: found client in attached list
03-05 17:25:42.580   862  9901 D TrackingService: getSharedMemory: com.oculus.vrshell, Controller
03-05 17:25:42.611   862  1185 W TrackingService: attachClient: found client in attached list
03-05 17:25:42.656   862  1185 I chatty  : uid=1000(system) Binder:862_3 identical 2 lines
03-05 17:25:42.670   862  1185 W TrackingService: attachClient: found client in attached list
03-05 17:25:42.671   848 10813 D MrSystemService: Mr Engine pause.
03-05 17:25:42.696   862  1185 W TrackingService: attachClient: found client in attached list
03-05 17:25:42.716   862  9901 W TrackingService: attachClient: found client in attached list
03-05 17:25:42.736   862  9901 W TrackingService: attachClient: found client in attached list
03-05 17:25:42.766   862  1185 W TrackingService: attachClient: found client in attached list
03-05 17:25:42.776   862  1185 W TrackingService: attachClient: found client in attached list
03-05 17:25:42.779   862  9901 W TrackingService: attachClient: found client in attached list
03-05 17:25:42.811   862  9901 W TrackingService: attachClient: found client in attached list
03-05 17:25:42.813   862  1185 W TrackingService: attachClient: found client in attached list
03-05 17:25:42.844  1054  6783 D ConnectivityService: requestNetwork for uid/pid:10086/3835 NetworkRequest [ TRACK_DEFAULT id=83, [ Capabilities: INTERNET&NOT_RESTRICTED&TRUSTED Uid: 10086] ]
03-05 17:25:42.923  1054  1071 I ActivityTaskManager: START u0 {act=android.intent.action.MAIN cmp=com.oculus.os.clearactivity/.ClearActivity (has extras)} from uid 10020
03-05 17:25:42.924  1054  1071 W ActivityTaskManager: startActivity called from non-Activity context; forcing Intent.FLAG_ACTIVITY_NEW_TASK for: Intent { act=android.intent.action.MAIN flg=0x800000 cmp=com.oculus.os.clearactivity/.ClearActivity (has extras) }
03-05 17:25:42.943   862  1185 I chatty  : uid=1000(system) Binder:862_3 identical 6 lines
03-05 17:25:42.952   862  1185 W TrackingService: attachClient: found client in attached list
03-05 17:25:42.961  1054  1078 D ActivityManager: Is background playback GK enabled: false Is background playback enabled for all apps: false
03-05 17:25:42.987   862  9901 W TrackingService: attachClient: found client in attached list
03-05 17:25:43.007  1054  6783 E WindowManager: App trying to use insecure INPUT_FEATURE_NO_INPUT_CHANNEL flag. Ignoring
03-05 17:25:43.055   862  9901 I chatty  : uid=1000(system) Binder:862_4 identical 3 lines
03-05 17:25:43.098   862  9901 W TrackingService: attachClient: found client in attached list
03-05 17:25:43.099   862  1185 W TrackingService: attachClient: found client in attached list
03-05 17:25:43.237   862  1185 I chatty  : uid=1000(system) Binder:862_3 identical 6 lines
03-05 17:25:43.247   862  1185 W TrackingService: attachClient: found client in attached list
03-05 17:25:43.279   862  9901 W TrackingService: attachClient: found client in attached list
03-05 17:25:43.326   862  9901 I chatty  : uid=1000(system) Binder:862_4 identical 2 lines
03-05 17:25:43.336   862  9901 W TrackingService: attachClient: found client in attached list
03-05 17:25:43.337   862  1185 W TrackingService: attachClient: found client in attached list
03-05 17:25:43.417   862  1185 I chatty  : uid=1000(system) Binder:862_3 identical 4 lines
03-05 17:25:43.433   862  1185 W TrackingService: attachClient: found client in attached list
03-05 17:25:43.441   744  7068 E SensorService: Failed to set simple multi haptics, ret: -1
03-05 17:25:43.457   862  1185 W TrackingService: attachClient: found client in attached list
03-05 17:25:43.495  1054  1193 D ConnectivityService: releasing NetworkRequest [ TRACK_DEFAULT id=83, [ Capabilities: INTERNET&NOT_RESTRICTED&TRUSTED Uid: 10086] ] (release request)
03-05 17:25:43.557  1054  4413 I ActivityTaskManager: START u0 {act=com.oculus.os.clearactivity.FINISH cmp=com.oculus.os.clearactivity/.ClearActivity (has extras)} from uid 10020
03-05 17:25:43.557  1054  4413 W ActivityTaskManager: startActivity called from non-Activity context; forcing Intent.FLAG_ACTIVITY_NEW_TASK for: Intent { act=com.oculus.os.clearactivity.FINISH flg=0x800000 cmp=com.oculus.os.clearactivity/.ClearActivity (has extras) }
03-05 17:25:43.595   862  1185 I chatty  : uid=1000(system) Binder:862_3 identical 6 lines
03-05 17:25:43.617   862  1185 W TrackingService: attachClient: found client in attached list
03-05 17:25:43.618   862  9901 W TrackingService: attachClient: found client in attached list
03-05 17:25:43.627  1054  1078 D ActivityManager: Is background playback GK enabled: false Is background playback enabled for all apps: false
03-05 17:25:43.647   862  1045 W TrackingService: attachClient: found client in attached list
03-05 17:25:43.650   862  1045 W TrackingService: attachClient: found client in attached list
03-05 17:25:43.687   862  1049 W TrackingService: attachClient: found client in attached list
03-05 17:25:43.732   862  9901 W TrackingService: attachClient: found client in attached list
03-05 17:25:43.776   862  9901 I chatty  : uid=1000(system) Binder:862_4 identical 1 line
03-05 17:25:43.781  1054  1083 W VoiceInteractionManagerService: no available voice interaction services found for user 0
03-05 17:25:43.796   862  9901 W TrackingService: attachClient: found client in attached list
03-05 17:25:43.797   862  9901 D TrackingService: getSharedMemory: com.YourCompany.TemplateProject3, Controller
03-05 17:25:43.817   862  9901 W TrackingService: attachClient: found client in attached list
03-05 17:25:44.093   862  9901 I chatty  : uid=1000(system) Binder:862_4 identical 16 lines
03-05 17:25:44.136   862  9901 W TrackingService: attachClient: found client in attached list
03-05 17:25:44.138   862  1049 W TrackingService: attachClient: found client in attached list
03-05 17:25:44.223   862  1049 I chatty  : uid=1000(system) Binder:862_2 identical 4 lines
03-05 17:25:44.246   862  1049 W TrackingService: attachClient: found client in attached list
03-05 17:25:44.256   848 10948 D MrSystemService: Mr Engine pause.
03-05 17:25:44.271   862  1049 W TrackingService: attachClient: found client in attached list
03-05 17:25:44.407   862  1049 I chatty  : uid=1000(system) Binder:862_2 identical 6 lines
03-05 17:25:44.432   862  1049 W TrackingService: attachClient: found client in attached list
03-05 17:25:44.438   862  9901 W TrackingService: attachClient: found client in attached list
03-05 17:25:44.621   862  9901 I chatty  : uid=1000(system) Binder:862_4 identical 9 lines
03-05 17:25:44.631   862  9901 W TrackingService: attachClient: found client in attached list
03-05 17:25:44.667   862  1049 W TrackingService: attachClient: found client in attached list
03-05 17:25:44.673   862  1049 I chatty  : uid=1000(system) Binder:862_2 identical 1 line
03-05 17:25:44.709   862  1049 W TrackingService: attachClient: found client in attached list
03-05 17:25:44.711   862  9901 W TrackingService: attachClient: found client in attached list
03-05 17:25:44.716   862  9901 W TrackingService: attachClient: found client in attached list
03-05 17:25:44.719   862  1049 W TrackingService: attachClient: found client in attached list
03-05 17:25:44.766   862  1049 I chatty  : uid=1000(system) Binder:862_2 identical 2 lines
03-05 17:25:44.791   862  1049 W TrackingService: attachClient: found client in attached list
03-05 17:25:44.811   862  1045 W TrackingService: attachClient: found client in attached list
03-05 17:25:45.193   862  1045 I chatty  : uid=1000(system) Binder:862_1 identical 18 lines
03-05 17:25:45.236   862  1045 W TrackingService: attachClient: found client in attached list
03-05 17:25:45.238   862  1049 W TrackingService: attachClient: found client in attached list
03-05 17:25:45.696   862  1049 I chatty  : uid=1000(system) Binder:862_2 identical 22 lines
03-05 17:25:45.738   862  1049 W TrackingService: attachClient: found client in attached list
03-05 17:25:45.739   862  1045 W TrackingService: attachClient: found client in attached list
03-05 17:25:46.306   862  1045 I chatty  : uid=1000(system) Binder:862_1 identical 23 lines
03-05 17:25:46.307   862  1045 W TrackingService: attachClient: found client in attached list
03-05 17:25:46.308   862  1049 W TrackingService: attachClient: found client in attached list
03-05 17:25:46.609  1054  1545 E TaskPersister: File error accessing recents directory (directory doesn't exist?).
03-05 17:25:47.159   862  1049 I chatty  : uid=1000(system) Binder:862_2 identical 47 lines
03-05 17:25:47.163   862  1049 W TrackingService: attachClient: found client in attached list
03-05 17:25:47.164   862  1045 W TrackingService: attachClient: found client in attached list
03-05 17:25:47.392   862  1045 I chatty  : uid=1000(system) Binder:862_1 identical 10 lines
03-05 17:25:47.417   862  1045 W TrackingService: attachClient: found client in attached list
03-05 17:25:47.418   862  1049 W TrackingService: attachClient: found client in attached list
03-05 17:25:47.546   862  1049 I chatty  : uid=1000(system) Binder:862_2 identical 6 lines
03-05 17:25:47.560   862  1049 W TrackingService: attachClient: found client in attached list
03-05 17:25:47.570   862  1049 D TrackingService: haptic socket already exists
03-05 17:25:47.570   862  1049 D TrackingService: getSocket: com.YourCompany.TemplateProject3
03-05 17:25:47.571   862  1049 I TrackingService: Unregistering client by ITrackingService.unregisterClient
03-05 17:25:47.571   862  1049 I TrackingService: Failed to unregister client because client not found in registered list
03-05 17:25:47.571   862  1049 I chatty  : uid=1000(system) Binder:862_2 identical 7 lines
03-05 17:25:47.571   862  1049 I TrackingService: Failed to unregister client because client not found in registered list
03-05 17:25:47.571   862  1049 D TrackingService: unregister: com.YourCompany.TemplateProject3
03-05 17:25:47.591   862  1049 W TrackingService: attachClient: found client in attached list
03-05 17:25:47.606   862  1049 W TrackingService: attachClient: found client in attached list
03-05 17:25:47.625   862  1049 D TrackingService: getSharedMemory: com.YourCompany.TemplateProject3, HeadTracker
03-05 17:25:47.635   862  1049 D TrackingService: getSharedMemory: com.YourCompany.TemplateProject3, Controller
03-05 17:25:47.643   862  1049 W TrackingService: attachClient: found client in attached list
03-05 17:25:47.967   862  1049 I chatty  : uid=1000(system) Binder:862_2 identical 18 lines
03-05 17:25:47.971   862  1049 W TrackingService: attachClient: found client in attached list
03-05 17:25:47.991   862  1049 D TrackingService: haptic socket already exists
03-05 17:25:47.991   862  1049 D TrackingService: getSocket: com.YourCompany.TemplateProject3
03-05 17:25:48.013   862  1049 W TrackingService: attachClient: found client in attached list
03-05 17:25:48.058   862  1049 I chatty  : uid=1000(system) Binder:862_2 identical 3 lines
03-05 17:25:48.101   862  1049 W TrackingService: attachClient: found client in attached list
03-05 17:25:48.105   862  1045 W TrackingService: attachClient: found client in attached list
03-05 17:25:48.146   862  1045 I chatty  : uid=1000(system) Binder:862_1 identical 2 lines
03-05 17:25:48.181   862  1045 W TrackingService: attachClient: found client in attached list
03-05 17:25:48.185   862  1049 W TrackingService: attachClient: found client in attached list
03-05 17:25:48.228   862  1049 I chatty  : uid=1000(system) Binder:862_2 identical 2 lines
03-05 17:25:48.239   862  1049 W TrackingService: attachClient: found client in attached list
03-05 17:25:48.241   862  1045 W TrackingService: attachClient: found client in attached list
03-05 17:25:49.525   862  1045 I chatty  : uid=1000(system) Binder:862_1 identical 66 lines
03-05 17:25:49.561   862  1045 W TrackingService: attachClient: found client in attached list
03-05 17:25:49.563   862  1049 W TrackingService: attachClient: found client in attached list
03-05 17:25:50.512   862  1049 I chatty  : uid=1000(system) Binder:862_2 identical 50 lines
03-05 17:25:50.534   862  1049 W TrackingService: attachClient: found client in attached list
03-05 17:25:50.535   862  1045 W TrackingService: attachClient: found client in attached list
03-05 17:25:51.586   862  1045 I chatty  : uid=1000(system) Binder:862_1 identical 55 lines
03-05 17:25:51.609   862  1045 W TrackingService: attachClient: found client in attached list
03-05 17:25:51.610   862  1049 W TrackingService: attachClient: found client in attached list
03-05 17:25:51.802   862  1049 I chatty  : uid=1000(system) Binder:862_2 identical 9 lines
03-05 17:25:51.811   862  1049 W TrackingService: attachClient: found client in attached list
03-05 17:25:51.813   862  1045 W TrackingService: attachClient: found client in attached list
03-05 17:25:52.246   862  1045 I chatty  : uid=1000(system) Binder:862_1 identical 23 lines
03-05 17:25:52.270   862  1045 W TrackingService: attachClient: found client in attached list
03-05 17:25:52.272   862  1049 W TrackingService: attachClient: found client in attached list
03-05 17:25:52.777   862  1049 I chatty  : uid=1000(system) Binder:862_2 identical 27 lines
03-05 17:25:52.802   862  1049 W TrackingService: attachClient: found client in attached list
03-05 17:25:52.804   862  1045 W TrackingService: attachClient: found client in attached list
03-05 17:25:52.970   862  1045 I chatty  : uid=1000(system) Binder:862_1 identical 7 lines
03-05 17:25:52.984   862  1045 W TrackingService: attachClient: found client in attached list
03-05 17:25:52.986   862  1049 W TrackingService: attachClient: found client in attached list
03-05 17:25:53.031   862  1049 I chatty  : uid=1000(system) Binder:862_2 identical 2 lines
03-05 17:25:53.039   862  1049 W TrackingService: attachClient: found client in attached list
03-05 17:25:53.041   862  1045 W TrackingService: attachClient: found client in attached list
03-05 17:25:53.248   862  1045 I chatty  : uid=1000(system) Binder:862_1 identical 10 lines
03-05 17:25:53.259   862  1045 W TrackingService: attachClient: found client in attached list
03-05 17:25:53.261   862  1049 W TrackingService: attachClient: found client in attached list
03-05 17:25:53.436   862  1049 I chatty  : uid=1000(system) Binder:862_2 identical 8 lines
03-05 17:25:53.465   862  1049 W TrackingService: attachClient: found client in attached list
03-05 17:25:53.466   862  1045 W TrackingService: attachClient: found client in attached list
03-05 17:25:53.669   862  1045 I chatty  : uid=1000(system) Binder:862_1 identical 12 lines
03-05 17:25:53.690   862  1045 W TrackingService: attachClient: found client in attached list
03-05 17:25:53.691   862  1049 W TrackingService: attachClient: found client in attached list
03-05 17:25:54.191   862  1049 I chatty  : uid=1000(system) Binder:862_2 identical 22 lines
03-05 17:25:54.237   862  1049 W TrackingService: attachClient: found client in attached list
03-05 17:25:54.244   862  1045 W TrackingService: attachClient: found client in attached list
03-05 17:25:55.031   862  1045 I chatty  : uid=1000(system) Binder:862_1 identical 42 lines
03-05 17:25:55.068   862  1045 W TrackingService: attachClient: found client in attached list
03-05 17:25:55.071   862  1049 W TrackingService: attachClient: found client in attached list
03-05 17:25:55.751   862  1049 I chatty  : uid=1000(system) Binder:862_2 identical 32 lines
03-05 17:25:55.791   862  1049 W TrackingService: attachClient: found client in attached list
03-05 17:25:55.794   862  1045 W TrackingService: attachClient: found client in attached list
03-05 17:25:56.026   862  1045 I chatty  : uid=1000(system) Binder:862_1 identical 12 lines
03-05 17:25:56.039   862  1045 W TrackingService: attachClient: found client in attached list
03-05 17:25:56.041   862  1049 W TrackingService: attachClient: found client in attached list
03-05 17:25:56.875   862  1049 I chatty  : uid=1000(system) Binder:862_2 identical 44 lines
03-05 17:25:56.895   862  1049 W TrackingService: attachClient: found client in attached list
03-05 17:25:56.898   862  1045 W TrackingService: attachClient: found client in attached list
03-05 17:25:57.372   862  1045 I chatty  : uid=1000(system) Binder:862_1 identical 24 lines
03-05 17:25:57.382   862  1045 W TrackingService: attachClient: found client in attached list
03-05 17:25:57.384   862  1049 W TrackingService: attachClient: found client in attached list
03-05 17:25:57.519   862  1049 I chatty  : uid=1000(system) Binder:862_2 identical 6 lines
03-05 17:25:57.553   862  1049 W TrackingService: attachClient: found client in attached list
03-05 17:25:57.557   862  1045 W TrackingService: attachClient: found client in attached list
03-05 17:25:57.612   862  1045 I chatty  : uid=1000(system) Binder:862_1 identical 3 lines
03-05 17:25:57.624   862  1045 W TrackingService: attachClient: found client in attached list
03-05 17:25:57.627   862  1049 W TrackingService: attachClient: found client in attached list
03-05 17:25:57.898   862  1049 I chatty  : uid=1000(system) Binder:862_2 identical 13 lines
03-05 17:25:57.903   862  1049 W TrackingService: attachClient: found client in attached list
03-05 17:25:57.909   862  1045 W TrackingService: attachClient: found client in attached list
03-05 17:25:58.150   862  1045 I chatty  : uid=1000(system) Binder:862_1 identical 12 lines
03-05 17:25:58.180   862  1045 W TrackingService: attachClient: found client in attached list
03-05 17:25:58.182   862  1049 W TrackingService: attachClient: found client in attached list
03-05 17:25:58.546   862  1049 I chatty  : uid=1000(system) Binder:862_2 identical 19 lines
03-05 17:25:58.583   862  1049 W TrackingService: attachClient: found client in attached list
03-05 17:25:58.584   862  1045 W TrackingService: attachClient: found client in attached list
03-05 17:25:58.586   862  1049 W TrackingService: attachClient: found client in attached list
03-05 17:25:58.816   862  1049 I chatty  : uid=1000(system) Binder:862_2 identical 10 lines
03-05 17:25:58.839   862  1049 W TrackingService: attachClient: found client in attached list
03-05 17:25:58.842   862  1045 W TrackingService: attachClient: found client in attached list
03-05 17:25:58.956   862  1045 I chatty  : uid=1000(system) Binder:862_1 identical 8 lines
03-05 17:25:58.997   862  1045 W TrackingService: attachClient: found client in attached list
03-05 17:25:59.000   862  1049 W TrackingService: attachClient: found client in attached list
03-05 17:25:59.488   862  1049 I chatty  : uid=1000(system) Binder:862_2 identical 27 lines
03-05 17:25:59.502   862  1049 W TrackingService: attachClient: found client in attached list
03-05 17:25:59.505   862  1045 W TrackingService: attachClient: found client in attached list
03-05 17:25:59.997   862  1045 I chatty  : uid=1000(system) Binder:862_1 identical 24 lines
03-05 17:26:00.025   862  1045 W TrackingService: attachClient: found client in attached list
03-05 17:26:00.034   862  1049 W TrackingService: attachClient: found client in attached list
03-05 17:26:00.048   862  1045 W TrackingService: attachClient: found client in attached list
03-05 17:26:00.270   862  1045 I chatty  : uid=1000(system) Binder:862_1 identical 11 lines
03-05 17:26:00.306   862  1045 W TrackingService: attachClient: found client in attached list
03-05 17:26:00.308   862  1049 W TrackingService: attachClient: found client in attached list
03-05 17:26:01.610   862  1049 I chatty  : uid=1000(system) Binder:862_2 identical 64 lines
03-05 17:26:01.613   862  1049 W TrackingService: attachClient: found client in attached list
03-05 17:26:01.615   862  1045 W TrackingService: attachClient: found client in attached list
03-05 17:26:01.754  1054  1142 W ActivityManager: Background start not allowed: service Intent { act=com.android.providers.tv.intent.CLEAN_UP_EPG_DATA flg=0x4 cmp=com.android.providers.tv/.EpgDataCleanupService (has extras) } to com.android.providers.tv/.EpgDataCleanupService from pid=-1 uid=10066 pkg=com.android.providers.tv startFg?=false
03-05 17:26:02.092   862  1045 I chatty  : uid=1000(system) Binder:862_1 identical 26 lines
03-05 17:26:02.136   862  1045 W TrackingService: attachClient: found client in attached list
03-05 17:26:02.137   862  1049 W TrackingService: attachClient: found client in attached list
03-05 17:26:03.030   862  1049 I chatty  : uid=1000(system) Binder:862_2 identical 44 lines
03-05 17:26:03.078   862  1049 W TrackingService: attachClient: found client in attached list
03-05 17:26:03.082   862  1045 W TrackingService: attachClient: found client in attached list
03-05 17:26:03.299   862  1045 I chatty  : uid=1000(system) Binder:862_1 identical 6 lines
03-05 17:26:03.341   862  1045 W TrackingService: attachClient: found client in attached list
03-05 17:26:03.345   862  1049 W TrackingService: attachClient: found client in attached list
03-05 17:26:03.556   862  1049 I chatty  : uid=1000(system) Binder:862_2 identical 10 lines
03-05 17:26:03.592   862  1049 W TrackingService: attachClient: found client in attached list
03-05 17:26:03.594   862  1045 W TrackingService: attachClient: found client in attached list
03-05 17:26:03.797   862  1045 I chatty  : uid=1000(system) Binder:862_1 identical 10 lines
03-05 17:26:03.831   862  1045 W TrackingService: attachClient: found client in attached list
03-05 17:26:03.832   862  1049 W TrackingService: attachClient: found client in attached list
03-05 17:26:04.574   862  1049 I chatty  : uid=1000(system) Binder:862_2 identical 40 lines
03-05 17:26:04.609   862  1049 W TrackingService: attachClient: found client in attached list
03-05 17:26:04.611   862  1045 W TrackingService: attachClient: found client in attached list
03-05 17:26:05.565   862  1045 I chatty  : uid=1000(system) Binder:862_1 identical 48 lines
03-05 17:26:05.585   862  1045 W TrackingService: attachClient: found client in attached list
03-05 17:26:05.587   862  1049 W TrackingService: attachClient: found client in attached list
03-05 17:26:06.341   862  1049 I chatty  : uid=1000(system) Binder:862_2 identical 39 lines
03-05 17:26:06.361   862  1049 W TrackingService: attachClient: found client in attached list
03-05 17:26:06.363   862  1045 W TrackingService: attachClient: found client in attached list
03-05 17:26:06.576   862  1045 I chatty  : uid=1000(system) Binder:862_1 identical 7 lines
03-05 17:26:06.621   862  1045 W TrackingService: attachClient: found client in attached list
03-05 17:26:06.624   862  1049 W TrackingService: attachClient: found client in attached list
03-05 17:26:07.110   862  1049 I chatty  : uid=1000(system) Binder:862_2 identical 24 lines
03-05 17:26:07.118   862  1049 W TrackingService: attachClient: found client in attached list
03-05 17:26:07.121   862  1045 W TrackingService: attachClient: found client in attached list
03-05 17:26:07.158   862  1045 I chatty  : uid=1000(system) Binder:862_1 identical 1 line
03-05 17:26:07.196   862  1045 W TrackingService: attachClient: found client in attached list
03-05 17:26:07.198   862  1049 W TrackingService: attachClient: found client in attached list
03-05 17:26:07.801   862  1049 I chatty  : uid=1000(system) Binder:862_2 identical 29 lines
03-05 17:26:07.838   862  1049 W TrackingService: attachClient: found client in attached list
03-05 17:26:07.841   862  1045 W TrackingService: attachClient: found client in attached list
03-05 17:26:08.454   862  1045 I chatty  : uid=1000(system) Binder:862_1 identical 32 lines
03-05 17:26:08.487   862  1045 W TrackingService: attachClient: found client in attached list
03-05 17:26:08.489   862  1049 W TrackingService: attachClient: found client in attached list
03-05 17:26:08.546   862  1049 I chatty  : uid=1000(system) Binder:862_2 identical 3 lines
03-05 17:26:08.576   862  1049 W TrackingService: attachClient: found client in attached list
03-05 17:26:08.578   862  1045 W TrackingService: attachClient: found client in attached list
03-05 17:26:09.247   862  1045 I chatty  : uid=1000(system) Binder:862_1 identical 35 lines
03-05 17:26:09.249   862  1045 W TrackingService: attachClient: found client in attached list
03-05 17:26:09.251   862  1049 W TrackingService: attachClient: found client in attached list
03-05 17:26:09.732   862  1049 I chatty  : uid=1000(system) Binder:862_2 identical 27 lines
03-05 17:26:09.761   862  1049 W TrackingService: attachClient: found client in attached list
03-05 17:26:09.763   862  1045 W TrackingService: attachClient: found client in attached list
03-05 17:26:09.971   862  1045 I chatty  : uid=1000(system) Binder:862_1 identical 10 lines
03-05 17:26:09.998   862  1045 W TrackingService: attachClient: found client in attached list
03-05 17:26:10.002   862  1049 W TrackingService: attachClient: found client in attached list
03-05 17:26:10.988   862  1049 I chatty  : uid=1000(system) Binder:862_2 identical 53 lines
03-05 17:26:11.017   862  1049 W TrackingService: attachClient: found client in attached list
03-05 17:26:11.018   862  1045 W TrackingService: attachClient: found client in attached list
03-05 17:26:11.514   862  1045 I chatty  : uid=1000(system) Binder:862_1 identical 24 lines
03-05 17:26:11.529   862  1045 W TrackingService: attachClient: found client in attached list
03-05 17:26:11.531   862  1049 W TrackingService: attachClient: found client in attached list
--------- beginning of main
03-05 17:26:12.272   862 10216 I [CT]    : INPUT_TRACKING:Behavior:OutOfFoVRotation: [Right] state transition: InRange -> Active
03-05 17:26:12.272   862 10216 I [CT]    : INPUT_TRACKING:Behavior:OutOfFoVRotation: [Right] activated
03-05 17:26:12.272   862 10216 I [CT]    : INPUT_TRACKING:Behavior:OutOfFoVRotation: [Right] using reliablePoseInWorld
03-05 17:26:12.272   862 10216 I [CT]    : INPUT_TRACKING:ControllerMotionModel: [Right] t = 8333.801s, behavior transition: None -> OutOfFoVRotation
03-05 17:26:12.282   862 10857 I [CT]    : CONSTELLATION: R: Not reinitializing 6DoF filter yet (no valid pose from matching).
03-05 17:26:12.389   862  1049 I chatty  : uid=1000(system) Binder:862_2 identical 43 lines
03-05 17:26:12.424   862 10846 W [CT]    : TIMESTAMPCHECKER: Nominal rate wrong. Estimated data rate: 25, Nominal is 30.000300003000028
03-05 17:26:12.428   862  1049 W TrackingService: attachClient: found client in attached list
03-05 17:26:12.429   862  1045 W TrackingService: attachClient: found client in attached list
03-05 17:26:12.431   862  1049 W TrackingService: attachClient: found client in attached list
03-05 17:26:12.505   862  1049 I chatty  : uid=1000(system) Binder:862_2 identical 3 lines
03-05 17:26:12.511   862  1049 W TrackingService: attachClient: found client in attached list
03-05 17:26:12.512   862  1045 W TrackingService: attachClient: found client in attached list
03-05 17:26:12.884   862 10857 W [CT]    : CONSTELLATION:MATCHING: [Throttled count=4] Anomalous blob size detected => Resetting matches for controller 729165a0fe4054d7 (R).
03-05 17:26:12.912  1254  2384 I PerformanceManager_V0: SetClockLevels: Apply pending clock request change: 2,3 -> 2,4
03-05 17:26:12.913  1254  2375 I Clocks  : ReleaseClocks - start
03-05 17:26:12.913  1254  2375 I Clocks  : ReleaseClocks - end (0.4 ms)
03-05 17:26:12.913  1254  2375 I Clocks  : LockClocks( cpu=2, gpu=4 ) - start
03-05 17:26:12.913  1254  2375 I Clocks  : CPU levels [0, 7]
03-05 17:26:12.913  1254  2375 I Clocks  : GPU levels [0, 5]
03-05 17:26:12.913  1254  2375 I Clocks  : LockClocks( cpu=2, gpu=4 ) - end (0.4 ms)
03-05 17:26:12.965   862 10857 I [CT]    : CONSTELLATION: R: Successfully reinitialized 6DoF filter. Keep Cov and Calib States = Y. Keep velocity state and covariance = Y
03-05 17:26:12.965   862 10216 I [CT]    : INPUT_TRACKING:Behavior:OutOfFoVRotation: [Right] state transition: Active -> Transition
03-05 17:26:13.024   862 10216 I [CT]    : CONSTELLATION:IMU_STATUS: 729165a0fe4054d7 (R): [FusionTracked=0.931, OutputTracked=0.925, OutputValid=1.000] [AccelSat=0.000, GyroSat=0.000] 
03-05 17:26:13.083   862 10857 W [CT]    : CONSTELLATION: R: LED Mahalanobis distance p50 = 2.07 too high. Fallback to full pose update.
03-05 17:26:13.165   862  1189 I [CT]    : Vega:SubmapPublisher: Tracking parent no change: frame movement above thresh -> Publish
03-05 17:26:13.165   862  1189 I [CT]    : Vega:SubmapPublisher: Start to publish submaps, found candidates:  3
03-05 17:26:13.165   862  1189 E [CT]    : SubmapRecords: findSubmapId found 2 submap records hold the same query krHandle
03-05 17:26:13.241   862 10216 I [CT]    : INPUT_TRACKING:Behavior:OutOfFoVRotation: [Right] deactivated
03-05 17:26:13.241   862 10216 I [CT]    : INPUT_TRACKING:ControllerMotionModel: [Right] t = 8334.768s, behavior transition: OutOfFoVRotation -> None
03-05 17:26:13.485   862  1045 I chatty  : uid=1000(system) Binder:862_1 identical 46 lines
03-05 17:26:13.526   862  1045 W TrackingService: attachClient: found client in attached list
03-05 17:26:13.528   862  1049 W TrackingService: attachClient: found client in attached list
03-05 17:26:13.892  9292  9387 I chatty  : uid=10033(com.oculus.xrstreamingclient) XRS_Battery expire 2 lines
03-05 17:26:14.121   862  1189 I [CT]    : VEGA_MAPPER:SubmapTrackingValidator: Pausing map building until validation is complete. 0.16000000000000014 seconds remaining
03-05 17:26:14.126   862  1049 I chatty  : uid=1000(system) Binder:862_2 identical 32 lines
03-05 17:26:14.137   862  1049 W TrackingService: attachClient: found client in attached list
03-05 17:26:14.138   862  1045 W TrackingService: attachClient: found client in attached list
03-05 17:26:14.266   862  1045 I chatty  : uid=1000(system) Binder:862_1 identical 6 lines
03-05 17:26:14.305   862  1045 W TrackingService: attachClient: found client in attached list
03-05 17:26:14.309   862  1049 W TrackingService: attachClient: found client in attached list
03-05 17:26:14.364   862  1189 I [CT]    : Vega:MapBuilderBase: Created keyRig with frameID 3487 and uid f94bd685
03-05 17:26:14.368   862  1189 W [CT]    : Vega:MapBuilderBase: Cannot run Cklam due to last KR invalid. last frameID 0,  this frameID 3487
03-05 17:26:14.372   862  1189 I [CT]    : KEYPOINT_CACHE: New keyrig added has 240 corners and 122 tracks to immature points that will be used to extract descriptors and insert into the index.
03-05 17:26:14.376   862  1189 I [CT]    : MapCullingTask: Culled 0 L1 nodes, 1 individual keyrigs, and 0 individual points
