03-01 21:03:20.177  1766  6447 I CompositorVR: WarpToScreen: Skipping frames for 34
03-01 21:03:20.188  1766  6447 I CompositorVR: WarpToScreen: Skipping frames for 34
03-01 21:03:20.199  1766  6447 I CompositorVR: WarpToScreen: Skipping frames for 34
03-01 21:03:20.201  2949  3072 I [OAO] PanelAppHost: Setting panel layer visibility of layer "#main" to invisible, panel 27 (com.oculus.systemux/com.oculus.panelapp.anytimeui.AnytimeUIAndroidPanelService)
03-01 21:03:20.201  2949  3072 I [OAO] PanelAppHost: Resize layer #main to size 840 x 110 shape: 1 stereo: 0, panel 27 (com.oculus.systemux/com.oculus.panelapp.anytimeui.AnytimeUIAndroidPanelService)
03-01 21:03:20.201  2949  3072 I [OAO] PanelRenderLayer: ResetSurface #main 840 x 110 - shape:1 stereo:0
03-01 21:03:20.202  4074  4133 W [CT]    : SlamAnchorMemoryRuntimeIpcServer: HeadTracker::getState failed
03-01 21:03:20.202  4074  4133 W [CT]    : SlamAnchorMemoryRuntimeIpcServerThread: RigidBodyStates update failure.
03-01 21:03:20.204  6073  6553 D UE4     : [2023.03.01-21.03.20:203][303]LogTcpMessaging: Lost node 'EEF937B4493F006529641D9E3ACFF59E' on connection '127.0.0.1:42929'...
03-01 21:03:20.204  4074  4181 E OsSdk   : error getting shared memory region, memory type: HeadTracker, failed with Status(-1, EX_SECURITY): 'requested shared memory region when not registered/focused'
03-01 21:03:20.206  4074  4133 E OsSdk   : error getting shared memory region, memory type: AnchorTracker, failed with Status(-1, EX_SECURITY): 'requested shared memory region when not registered/focused'
03-01 21:03:20.206  4074  4133 W [CT]    : SlamAnchorMemoryRuntimeIpcServer: getAnchorStates failed
03-01 21:03:20.206  4074  4133 W [CT]    : SlamAnchorMemoryRuntimeIpcServerThread: AnchorStates update failure.
03-01 21:03:20.210  1766  6447 I CompositorVR: WarpToScreen: Skipping frames for 34
03-01 21:03:20.233  1766  6447 I CompositorVR: WarpToScreen: Skipping frames for 34
03-01 21:03:20.239 19500  7235 I chatty  : uid=10026(com.oculus.systemux) pool-25-thread- expire 1 line
03-01 21:03:20.430   866   866 I chatty  : uid=1000(system) /system/bin/trackingservice identical 12 lines
03-01 21:03:20.438   866   866 W TrackingService: attachClient: found client in attached list
03-01 21:03:20.450   866   866 I TrackingService: Unregistering client by ITrackingService.unregisterClient
03-01 21:03:20.450   866   866 I TrackingService: Failed to unregister client because client not found in registered list
03-01 21:03:20.450   866   866 I chatty  : uid=1000(system) /system/bin/trackingservice identical 7 lines
03-01 21:03:20.451   866   866 I TrackingService: Failed to unregister client because client not found in registered list
03-01 21:03:20.451   866   866 D TrackingService: unregister: com.YourCompany.TemplateProject3
03-01 21:03:20.457   746  3089 E SensorService: Failed to set simple multi haptics, ret: -1
03-01 21:03:20.473   866   866 W TrackingService: attachClient: found client in attached list
03-01 21:03:20.475   866  1049 W TrackingService: attachClient: found client in attached list
03-01 21:03:20.713   866  1049 I chatty  : uid=1000(system) Binder:866_1 identical 12 lines
03-01 21:03:20.737   866  1049 W TrackingService: attachClient: found client in attached list
03-01 21:03:20.739   866   866 W TrackingService: attachClient: found client in attached list
03-01 21:03:20.805  1057  1082 I DisplayManagerService: Display device changed state: "com.oculus.android_panel_app.AndroidPanelLayer-#main", ON
03-01 21:03:20.815  1057  2820 E WindowManager: App trying to use insecure INPUT_FEATURE_NO_INPUT_CHANNEL flag. Ignoring
03-01 21:03:21.035 19500 19500 D [SUI] SettingsAssistantJsonBuilder: Registering setting FONT_SIZE with route systemux://settings/vision?setting=accessibility_font_size
03-01 21:03:21.035 19500 19500 D [SUI] SettingsAssistantJsonBuilder: Registering setting SHARE_SHARE_SPATIAL_DATA with route systemux://settings/device_permissions?setting=privacy_share_spatial_data
03-01 21:03:21.035 19500 19500 D [SUI] SettingsAssistantJsonBuilder: Registering setting HEARING with route systemux://settings?setting=accessibility_hearing_section
03-01 21:03:21.036 19500 19500 D [SUI] SettingsAssistantJsonBuilder: Skipped existing setting: KEYBOARD
03-01 21:03:21.036 19500 19500 D [SUI] SettingsAssistantJsonBuilder: Registering setting GUARDIAN_INTRUSION_DETECTION with route systemux://settings/guardian_roomscale?setting=guardian_enable_intrusion_detection
03-01 21:03:21.036 19500 19500 D [SUI] SettingsAssistantJsonBuilder: Skipped existing setting: VIBRATION_INTENSITY
03-01 21:03:21.036 19500 19500 D [SUI] SettingsAssistantJsonBuilder: Registering setting CONTROLLER_DISTANCE with route systemux://settings/guardian_roomscale?setting=controller_distance_sensitivity
03-01 21:03:21.036 19500 19500 D [SUI] SettingsAssistantJsonBuilder: Skipped existing setting: ABOUT
03-01 21:03:21.036 19500 19500 D [SUI] SettingsAssistantJsonBuilder: Registering setting VIRTUAL_ENVIRONMENT with route systemux://settings/environment?setting=personalization_virtual_environment_section
03-01 21:03:21.036 19500 19500 D [SUI] SettingsAssistantJsonBuilder: Registering setting LIBRARY with route systemux://settings/library_personalization?setting=personalization_library_section
03-01 21:03:21.036 19500 19500 D [SUI] SettingsAssistantJsonBuilder: Skipped existing setting: TERMS_OF_SERVICE
03-01 21:03:21.036 19500 19500 D [SUI] SettingsAssistantJsonBuilder: Registering setting DEV_USB_DIALOG with route systemux://settings/developer?setting=mtp_dialog_toggle
03-01 21:03:21.036 19500 19500 D [SUI] SettingsAssistantJsonBuilder: Registering setting INSTALLED_APPS with route systemux://settings/applications?setting=installed_apps
03-01 21:03:21.036 19500 19500 D [SUI] SettingsAssistantJsonBuilder: Registering setting DISPLAY_CONTRAST with route systemux://settings/vision?setting=accessibility_display_contrast
03-01 21:03:21.036 19500 19500 D [SUI] SettingsAssistantJsonBuilder: Skipped existing setting: DO_NOT_DISTURB
03-01 21:03:21.036 19500 19500 D [SUI] SettingsAssistantJsonBuilder: Registering setting GUARDIAN_SENSITIVITY with route systemux://settings/guardian_roomscale?setting=simple_guardian_sensitivity
03-01 21:03:21.036 19500 19500 D [SUI] SettingsAssistantJsonBuilder: Registering setting DESK_CREATION with route systemux://settings/guardian_mixed_reality?setting=desk_creation
03-01 21:03:21.036 19500 19500 D [SUI] SettingsAssistantJsonBuilder: Registering setting VIDEO_CAPTURE_INDICATOR with route systemux://settings/capture?setting=video_capture_indicator
03-01 21:03:21.036 19500 19500 D [SUI] SettingsAssistantJsonBuilder: Registering setting DEVICE_LOCK with route systemux://settings/security?setting=security_pattern_device_lock_enabled
03-01 21:03:21.036 19500 19500 D [SUI] SettingsAssistantJsonBuilder: Registering setting PHONE_NOTIFICATION with route systemux://settings/phone_notifications?setting=iphone-pairing
03-01 21:03:21.036 19500 19500 D [SUI] SettingsAssistantJsonBuilder: Skipped NULL setting: NULL
03-01 21:03:21.036 19500 19500 D [SUI] SettingsAssistantJsonBuilder: Registering setting QUEST_LINK with route systemux://settings/quest_link?setting=quest_link
03-01 21:03:21.036 19500 19500 D [SUI] SettingsAssistantJsonBuilder: Registering setting SWAP_THUMBSTICKS with route systemux://settings/controllers?setting=controllers_swap_thumbsticks
03-01 21:03:21.036 19500 19500 D [SUI] SettingsAssistantJsonBuilder: Registering setting AUTO_CORRECT with route systemux://settings/keyboard?setting=keyboard_autocorrect
03-01 21:03:21.036 19500 19500 D [SUI] SettingsAssistantJsonBuilder: Skipped existing setting: OS_VERSION
03-01 21:03:21.036 19500 19500 D [SUI] SettingsAssistantJsonBuilder: Skipped existing setting: HEADSET_TRACKING_FREQUENCY
03-01 21:03:21.036 19500 19500 D [SUI] SettingsAssistantJsonBuilder: Skipped existing setting: LONG_PRESS
03-01 21:03:21.036 19500 19500 D [SUI] SettingsAssistantJsonBuilder: Skipped existing setting: DISPLAY
03-01 21:03:21.036 19500 19500 D [SUI] SettingsAssistantJsonBuilder: Registering setting PAIRING_CODE with route systemux://settings/about?setting=pairing_code
03-01 21:03:21.036 19500 19500 D [SUI] SettingsAssistantJsonBuilder: Skipped existing setting: DO_NOT_DISTURB
03-01 21:03:21.036 19500 19500 D [SUI] SettingsAssistantJsonBuilder: Skipped existing setting: SYSTEM_UX_VERSION
03-01 21:03:21.036 19500 19500 D [SUI] SettingsAssistantJsonBuilder: Registering setting COLOR_CORRECTION with route systemux://settings/color_filters?setting=color_correction
03-01 21:03:21.036 19500 19500 D [SUI] SettingsAssistantJsonBuilder: Registering setting AUTO_SYNC_MEDIA_TO_TW with route systemux://settings/capture?setting=auto_sync_media_to_tw
03-01 21:03:21.036 19500 19500 D [SUI] SettingsAssistantJsonBuilder: Skipped NULL setting: NULL
03-01 21:03:21.036 19500 19500 D [SUI] SettingsAssistantJsonBuilder: Skipped existing setting: STORAGE
03-01 21:03:21.036 19500 19500 D [SUI] SettingsAssistantJsonBuilder: Registering setting USER_ACCOUNT with route systemux://settings/accounts?setting=user_account
03-01 21:03:21.036 19500 19500 D [SUI] SettingsAssistantJsonBuilder: Registering setting HANDS_AND_CONTROLLERS with route systemux://settings/hands?setting=hand_control_grid_tile
03-01 21:03:21.036 19500 19500 D [SUI] SettingsAssistantJsonBuilder: Registering setting CLOUD_BACKUP with route systemux://settings/backup?setting=cloud_backup
03-01 21:03:21.036 19500 19500 D [SUI] SettingsAssistantJsonBuilder: Skipped existing setting: MAC_ADDRESS
03-01 21:03:21.036 19500 19500 D [SUI] SettingsAssistantJsonBuilder: Skipped existing setting: POWER
03-01 21:03:21.036 19500 19500 D [SUI] SettingsAssistantJsonBuilder: Skipped NULL setting: NULL
03-01 21:03:21.036 19500 19500 D [SUI] SettingsAssistantJsonBuilder: Skipped existing setting: SWITCH_BUTTONS
03-01 21:03:21.036 19500 19500 D [SUI] SettingsAssistantJsonBuilder: Skipped existing setting: PRIVACY_POLICY
03-01 21:03:21.036 19500 19500 D [SUI] SettingsAssistantJsonBuilder: Skipped existing setting: LANGUAGE
03-01 21:03:21.036 19500 19500 D [SUI] SettingsAssistantJsonBuilder: Registering setting VIDEO_CAPTURE_EYE_SELECTION with route systemux://settings/capture?setting=video_capture_eye_selection
03-01 21:03:21.036 19500 19500 D [SUI] SettingsAssistantJsonBuilder: Registering setting DEV_HAND_TRACKING_FREQUENCY with route systemux://settings/developer?setting=hand_tracking_frequency_override
03-01 21:03:21.036 19500 19500 D [SUI] SettingsAssistantJsonBuilder: Registering setting BOOST_HEIGHT with route systemux://settings/mobility?setting=mobility_boost_your_height
03-01 21:03:21.036 19500 19500 D [SUI] SettingsAssistantJsonBuilder: Skipped NULL setting: NULL
03-01 21:03:21.036 19500 19500 D [SUI] SettingsAssistantJsonBuilder: Skipped NULL setting: NULL
03-01 21:03:21.036 19500 19500 D [SUI] SettingsAssistantJsonBuilder: Registering setting REFRESH_RATE with route systemux://settings/display?setting=120hz-refresh-rate
03-01 21:03:21.036 19500 19500 D [SUI] SettingsAssistantJsonBuilder: Registering setting SWAP_HANDEDNESS with route systemux://settings/hands?setting=hands_swap_system_button_handedness
03-01 21:03:21.036 19500 19500 D [SUI] SettingsAssistantJsonBuilder: Skipped existing setting: HAND_TRACKING
03-01 21:03:21.036 19500 19500 D [SUI] SettingsAssistantJsonBuilder: Registering setting COLOR_FILTER with route systemux://settings/vision?setting=color_filter
03-01 21:03:21.036 19500 19500 D [SUI] SettingsAssistantJsonBuilder: Registering setting THEME_OPTION with route systemux://settings/display_theme?setting=display_theme
03-01 21:03:21.036 19500 19500 D [SUI] SettingsAssistantJsonBuilder: Registering setting APPS_LOCK_TOOLBAR_ITEM with route systemux://settings/app_locks?setting=app_locks_toolbar_item
03-01 21:03:21.036 19500 19500 D [SUI] SettingsAssistantJsonBuilder: Registering setting ROOM_CAPTURE with route systemux://settings/guardian_mixed_reality?setting=sys_utils_redesign_menu_guardian_room_capture
03-01 21:03:21.036 19500 19500 D [SUI] SettingsAssistantJsonBuilder: Registering setting LANGUAGE_REGION_LANGUAGE with route systemux://settings/language_and_region?setting=system_language_and_region_section
03-01 21:03:21.036 19500 19500 D [SUI] SettingsAssistantJsonBuilder: Registering setting MUTE_MICROPHONE with route systemux://settings/sound?setting=microphone
03-01 21:03:21.036 19500 19500 D [SUI] SettingsAssistantJsonBuilder: Skipped existing setting: HAND_TRACKING
03-01 21:03:21.036 19500 19500 D [SUI] SettingsAssistantJsonBuilder: Registering setting COUCH_CREATION with route systemux://settings/guardian_mixed_reality?setting=couch_creation
03-01 21:03:21.036 19500 19500 D [SUI] SettingsAssistantJsonBuilder: Skipped NULL setting: NULL
03-01 21:03:21.036 19500 19500 D [SUI] SettingsAssistantJsonBuilder: Skipped existing setting: EXPERIMENTAL
03-01 21:03:21.036 19500 19500 D [SUI] SettingsAssistantJsonBuilder: Skipped existing setting: BLUETOOTH_PAIRING
03-01 21:03:21.036 19500 19500 D [SUI] SettingsAssistantJsonBuilder: Registering setting GUARDIAN_GENERAL with route systemux://settings/guardian_general?setting=guardian_general
03-01 21:03:21.036 19500 19500 D [SUI] SettingsAssistantJsonBuilder: Registering setting SYSTEM with route systemux://settings/display?setting=system_grid_tile
03-01 21:03:21.036 19500 19500 D [SUI] SettingsAssistantJsonBuilder: Registering setting TIPS_AND_SUPPORT with route systemux://settings/tips_and_support?setting=system_tips_and_support_section
03-01 21:03:21.036 19500 19500 D [SUI] SettingsAssistantJsonBuilder: Registering setting GUARDIAN_ROOMSCALE with route systemux://settings/guardian_roomscale?setting=guardian_roomscale_section
03-01 21:03:21.036 19500 19500 D [SUI] SettingsAssistantJsonBuilder: Registering setting DEVICE_ACCOUNT with route systemux://settings/accounts?setting=device_account_section
03-01 21:03:21.036 19500 19500 D [SUI] SettingsAssistantJsonBuilder: Registering setting UNLOCK_PATTERN with route systemux://settings/security?setting=unlock_pattern
03-01 21:03:21.036 19500 19500 D [SUI] SettingsAssistantJsonBuilder: Registering setting MONO_AUDIO with route systemux://settings/hearing?setting=accessibility_mono_audio
03-01 21:03:21.036 19500 19500 D [SUI] SettingsAssistantJsonBuilder: Registering setting OVERLAY_POSITION with route systemux://settings/permissions?setting=overlay_position
03-01 21:03:21.036 19500 19500 D [SUI] SettingsAssistantJsonBuilder: Skipped existing setting: BOUNDARY_COLOR
03-01 21:03:21.036 19500 19500 D [SUI] SettingsAssistantJsonBuilder: Skipped existing setting: SUPPORT
03-01 21:03:21.036 19500 19500 D [SUI] SettingsAssistantJsonBuilder: Skipped existing setting: NIGHT_SHIFT
03-01 21:03:21.036 19500 19500 D [SUI] SettingsAssistantJsonBuilder: Registering setting NOTIFICATION_SOUND with route systemux://settings/sound?setting=new_notifications_sound
03-01 21:03:21.036 19500 19500 D [SUI] SettingsAssistantJsonBuilder: Registering setting BACKUP with route systemux://settings/backup?setting=system_backup_section
03-01 21:03:21.036 19500 19500 D [SUI] SettingsAssistantJsonBuilder: Registering setting ACCESSIBILITY with route systemux://settings/vision?setting=accessibility_grid_tile
03-01 21:03:21.036 19500 19500 D [SUI] SettingsAssistantJsonBuilder: Registering setting TEXT_FONT_SIZE with route systemux://settings/text_personalization?setting=font_size
03-01 21:03:21.036 19500 19500 D [SUI] SettingsAssistantJsonBuilder: Registering setting MOVE_NOTIFICATION with route systemux://settings/permissions?setting=move_notification
03-01 21:03:21.036 19500 19500 D [SUI] SettingsAssistantJsonBuilder: Registering setting VISION with route systemux://settings/vision?setting=accessibility_vision_section
03-01 21:03:21.036 19500 19500 D [SUI] SettingsAssistantJsonBuilder: Registering setting APP_SHARING with route systemux://settings/accounts?setting=library_sharing
03-01 21:03:21.036 19500 19500 D [SUI] SettingsAssistantJsonBuilder: Skipped existing setting: CONTROLLERS
03-01 21:03:21.036 19500 19500 D [SUI] SettingsAssistantJsonBuilder: Registering setting AUDIO_BALANCE with route systemux://settings/hearing?setting=accessibility_audio_balance
03-01 21:03:21.036 19500 19500 D [SUI] SettingsAssistantJsonBuilder: Registering setting DISPLAY_WARMTH with route systemux://settings/display?setting=night_shift_temperature
03-01 21:03:21.036 19500 19500 D [SUI] SettingsAssistantJsonBuilder: Registering setting THUMBSTICKS with route systemux://settings/controllers?setting=controllers_controller_calibration
03-01 21:03:21.036 19500 19500 D [SUI] SettingsAssistantJsonBuilder: Registering setting PERSONALIZATION with route systemux://settings/environment?setting=personalization_grid_tile
03-01 21:03:21.036 19500 19500 D [SUI] SettingsAssistantJsonBuilder: Registering setting VIDEO_CAPTURE_ADVANCED_SETTING with route systemux://settings/experiments?setting=capture_advanced_setting
03-01 21:03:21.036 19500 19500 D [SUI] SettingsAssistantJsonBuilder: Skipped existing setting: BUG_REPORT
03-01 21:03:21.036 19500 19500 D [SUI] SettingsAssistantJsonBuilder: Skipped existing setting: VIDEO_CAPTURE
03-01 21:03:21.036 19500 19500 D [SUI] SettingsAssistantJsonBuilder: Registering setting HEADSET_TRACKING with route systemux://settings/headset_tracking?setting=guardian_tracking
03-01 21:03:21.037 19500 19500 D [SUI] SettingsAssistantJsonBuilder: Skipped existing setting: NOTIFICATIONS
03-01 21:03:21.037 19500 19500 D [SUI] SettingsAssistantJsonBuilder: Skipped existing setting: GUARDIAN_PASSTHROUGH
03-01 21:03:21.037 19500 19500 D [SUI] SettingsAssistantJsonBuilder: Registering setting CONTROLLER_SPEED with route systemux://settings/guardian_roomscale?setting=controller_speed_sensitivity
03-01 21:03:21.037 19500 19500 D [SUI] SettingsAssistantJsonBuilder: Registering setting BROWSER_PASSWORD_AUTOFILL with route systemux://settings/security?setting=pattern_unlock_browser_password_autofill
03-01 21:03:21.037 19500 19500 D [SUI] SettingsAssistantJsonBuilder: Registering setting PERSONALIZATION_TEXT with route systemux://settings/text_personalization?setting=personalization_text_section
03-01 21:03:21.037 19500 19500 D [SUI] SettingsAssistantJsonBuilder: Registering setting SURFACE_CLEAR with route systemux://settings/guardian_mixed_reality?setting=surface_clear
03-01 21:03:21.037 19500 19500 D [SUI] SettingsAssistantJsonBuilder: Registering setting DEV_GUARDIAN with route systemux://settings/developer?setting=guardian_toggle
03-01 21:03:21.037 19500 19500 D [SUI] SettingsAssistantJsonBuilder: Registering setting APP_PERMISSIONS with route systemux://settings/permissions?setting=apps_permissions_grid_tile
03-01 21:03:21.037 19500 19500 D [SUI] SettingsAssistantJsonBuilder: Skipped existing setting: SWAP_HANDEDNESS
03-01 21:03:21.037 19500 19500 D [SUI] SettingsAssistantJsonBuilder: Skipped existing setting: BLUETOOTH_PAIRING
03-01 21:03:21.037 19500 19500 D [SUI] SettingsProvider: disconnectFromService with total client count = 0
03-01 21:03:21.042 19500 19500 D [SUI] AnytimeUIAndroidPanelApp: Stored settings in pref store in 2259531 ns
03-01 21:03:21.042 19500 19500 V [SUI] BarView: Notifs badge count: 5, Messenger badge count 0
03-01 21:03:21.043 19500 19500 I chatty  : uid=10026 com.oculus.systemux:SystemUX identical 2 lines
03-01 21:03:21.043 19500 19500 V [SUI] BarView: Notifs badge count: 5, Messenger badge count 0
03-01 21:03:21.043 19500 19500 W [SUI] AsyncQueryHandlerBase: Callback reference is null
03-01 21:03:21.044  4074  4181 E OsSdk   : error getting shared memory region, memory type: HeadTracker, failed with Status(-1, EX_SECURITY): 'requested shared memory region when not registered/focused'
03-01 21:03:21.045  4074  4181 E OsSdk   : error getting shared memory region, memory type: AnchorTracker, failed with Status(-1, EX_SECURITY): 'requested shared memory region when not registered/focused'
03-01 21:03:21.048 19500 19500 D [SUI] SystemUXFunnelLogServerLogger: Impression Event: oculus_impressions_tile_impressioned LogInfo{duration=0, mLogId='com.oculus.explore', mContentType=APP, mPosX=0, mPosy=0, mGlobalPos=0, mSurface=AUI, mSubSurface=null, mClickEventType=null, mClickEventName=null, mAdditionalParameters={aui_section=pinned, aui_position_in_section=0}}
03-01 21:03:21.049 19500 19500 D [SUI] SystemUXFunnelLogServerLogger: Impression Event: oculus_impressions_tile_impressioned LogInfo{duration=0, mLogId='com.oculus.store', mContentType=APP, mPosX=1, mPosy=0, mGlobalPos=1, mSurface=AUI, mSubSurface=null, mClickEventType=null, mClickEventName=null, mAdditionalParameters={aui_section=pinned, aui_position_in_section=1}}
03-01 21:03:21.049 19500 19500 D [SUI] SystemUXFunnelLogServerLogger: Impression Event: oculus_impressions_tile_impressioned LogInfo{duration=0, mLogId='messenger_system_app', mContentType=APP, mPosX=2, mPosy=0, mGlobalPos=2, mSurface=AUI, mSubSurface=null, mClickEventType=null, mClickEventName=null, mAdditionalParameters={aui_section=pinned, aui_position_in_section=2}}
03-01 21:03:21.049 19500 19500 D [SUI] SystemUXFunnelLogServerLogger: Impression Event: oculus_impressions_tile_impressioned LogInfo{duration=0, mLogId='share_system_app', mContentType=APP, mPosX=3, mPosy=0, mGlobalPos=3, mSurface=AUI, mSubSurface=null, mClickEventType=null, mClickEventName=null, mAdditionalParameters={aui_section=pinned, aui_position_in_section=3}}
03-01 21:03:21.049 19500 19500 D [SUI] SystemUXFunnelLogServerLogger: Impression Event: oculus_impressions_tile_impressioned LogInfo{duration=0, mLogId='file_viewer', mContentType=APP, mPosX=5, mPosy=0, mGlobalPos=5, mSurface=AUI, mSubSurface=null, mClickEventType=null, mClickEventName=null, mAdditionalParameters={aui_section=recent, aui_position_in_section=0}}
03-01 21:03:21.049 19500 19500 D [SUI] SystemUXFunnelLogServerLogger: Impression Event: oculus_impressions_tile_impressioned LogInfo{duration=0, mLogId='file_manager', mContentType=APP, mPosX=6, mPosy=0, mGlobalPos=6, mSurface=AUI, mSubSurface=null, mClickEventType=null, mClickEventName=null, mAdditionalParameters={aui_section=recent, aui_position_in_section=1}}
03-01 21:03:21.049 19500 19500 D [SUI] SystemUXFunnelLogServerLogger: Impression Event: oculus_impressions_tile_impressioned LogInfo{duration=0, mLogId='events_system_app', mContentType=APP, mPosX=7, mPosy=0, mGlobalPos=7, mSurface=AUI, mSubSurface=null, mClickEventType=null, mClickEventName=null, mAdditionalParameters={aui_section=recent, aui_position_in_section=2}}
03-01 21:03:21.054  4074  4158 D xrstreaming: receive ping: org 0 recv 0 xmt 11640993532200 (received at 9296341254732), offset divergence 356775
03-01 21:03:21.058  4074  4133 E OsSdk   : error getting shared memory region, memory type: HeadTracker, failed with Status(-1, EX_SECURITY): 'requested shared memory region when not registered/focused'
03-01 21:03:21.060  4074  4133 W [CT]    : SlamAnchorMemoryRuntimeIpcServer: HeadTracker::getState failed
03-01 21:03:21.060  4074  4133 W [CT]    : SlamAnchorMemoryRuntimeIpcServerThread: RigidBodyStates update failure.
03-01 21:03:21.075 19500 19500 D [SUI] PanelAppBase: Acquiring viewModel ActiveCallBarViewModel refCount: 2
03-01 21:03:21.087 19500 19598 I PresenceAPK(ServicePresenceClient): calling onServiceUp
03-01 21:03:21.089  4074  4181 E OsSdk   : error getting shared memory region, memory type: HeadTracker, failed with Status(-1, EX_SECURITY): 'requested shared memory region when not registered/focused'
03-01 21:03:21.116  4074  4133 E OsSdk   : error getting shared memory region, memory type: HeadTracker, failed with Status(-1, EX_SECURITY): 'requested shared memory region when not registered/focused'
03-01 21:03:21.117  4074  4133 W [CT]    : SlamAnchorMemoryRuntimeIpcServer: HeadTracker::getState failed
03-01 21:03:21.117  4074  4133 W [CT]    : SlamAnchorMemoryRuntimeIpcServerThread: RigidBodyStates update failure.
03-01 21:03:21.126 19500 19500 D [SUI] SystemUXFunnelLogServerLogger: Impression Event: oculus_impressions_tile_impressioned LogInfo{duration=0, mLogId='com.oculus.explore', mContentType=APP, mPosX=0, mPosy=0, mGlobalPos=0, mSurface=AUI, mSubSurface=null, mClickEventType=null, mClickEventName=null, mAdditionalParameters={aui_section=pinned, aui_position_in_section=0}}
03-01 21:03:21.126 19500 19500 D [SUI] SystemUXFunnelLogServerLogger: Impression Event: oculus_impressions_tile_impressioned LogInfo{duration=0, mLogId='com.oculus.store', mContentType=APP, mPosX=1, mPosy=0, mGlobalPos=1, mSurface=AUI, mSubSurface=null, mClickEventType=null, mClickEventName=null, mAdditionalParameters={aui_section=pinned, aui_position_in_section=1}}
03-01 21:03:21.126 19500 19500 D [SUI] SystemUXFunnelLogServerLogger: Impression Event: oculus_impressions_tile_impressioned LogInfo{duration=0, mLogId='messenger_system_app', mContentType=APP, mPosX=2, mPosy=0, mGlobalPos=2, mSurface=AUI, mSubSurface=null, mClickEventType=null, mClickEventName=null, mAdditionalParameters={aui_section=pinned, aui_position_in_section=2}}
03-01 21:03:21.126 19500 19500 D [SUI] SystemUXFunnelLogServerLogger: Impression Event: oculus_impressions_tile_impressioned LogInfo{duration=0, mLogId='share_system_app', mContentType=APP, mPosX=3, mPosy=0, mGlobalPos=3, mSurface=AUI, mSubSurface=null, mClickEventType=null, mClickEventName=null, mAdditionalParameters={aui_section=pinned, aui_position_in_section=3}}
03-01 21:03:21.126 19500 19500 D [SUI] SystemUXFunnelLogServerLogger: Impression Event: oculus_impressions_tile_impressioned LogInfo{duration=0, mLogId='com.oculus.shellenv', mContentType=APP, mPosX=5, mPosy=0, mGlobalPos=5, mSurface=AUI, mSubSurface=null, mClickEventType=null, mClickEventName=null, mAdditionalParameters={aui_section=recent, aui_position_in_section=0}}
03-01 21:03:21.126 19500 19500 D [SUI] SystemUXFunnelLogServerLogger: Impression Event: oculus_impressions_tile_impressioned LogInfo{duration=0, mLogId='file_viewer', mContentType=APP, mPosX=6, mPosy=0, mGlobalPos=6, mSurface=AUI, mSubSurface=null, mClickEventType=null, mClickEventName=null, mAdditionalParameters={aui_section=recent, aui_position_in_section=1}}
03-01 21:03:21.126 19500 19500 D [SUI] SystemUXFunnelLogServerLogger: Impression Event: oculus_impressions_tile_impressioned LogInfo{duration=0, mLogId='file_manager', mContentType=APP, mPosX=7, mPosy=0, mGlobalPos=7, mSurface=AUI, mSubSurface=null, mClickEventType=null, mClickEventName=null, mAdditionalParameters={aui_section=recent, aui_position_in_section=2}}
03-01 21:03:21.134  4074  4181 E OsSdk   : error getting shared memory region, memory type: HeadTracker, failed with Status(-1, EX_SECURITY): 'requested shared memory region when not registered/focused'
03-01 21:03:21.136 19500 19500 D [SUI] SystemUXFunnelLogServerLogger: VPV Event: oculus_impressions_tile_vpved LogInfo{duration=250, mLogId='com.oculus.explore', mContentType=APP, mPosX=0, mPosy=0, mGlobalPos=0, mSurface=AUI, mSubSurface=null, mClickEventType=null, mClickEventName=null, mAdditionalParameters={aui_section=pinned, aui_position_in_section=0}}
03-01 21:03:21.136 19500 19500 D [SUI] SystemUXFunnelLogServerLogger: VPV Event: oculus_impressions_tile_vpved LogInfo{duration=250, mLogId='com.oculus.store', mContentType=APP, mPosX=1, mPosy=0, mGlobalPos=1, mSurface=AUI, mSubSurface=null, mClickEventType=null, mClickEventName=null, mAdditionalParameters={aui_section=pinned, aui_position_in_section=1}}
03-01 21:03:21.136 19500 19500 D [SUI] SystemUXFunnelLogServerLogger: VPV Event: oculus_impressions_tile_vpved LogInfo{duration=250, mLogId='messenger_system_app', mContentType=APP, mPosX=2, mPosy=0, mGlobalPos=2, mSurface=AUI, mSubSurface=null, mClickEventType=null, mClickEventName=null, mAdditionalParameters={aui_section=pinned, aui_position_in_section=2}}
03-01 21:03:21.136 19500 19500 D [SUI] SystemUXFunnelLogServerLogger: VPV Event: oculus_impressions_tile_vpved LogInfo{duration=250, mLogId='share_system_app', mContentType=APP, mPosX=3, mPosy=0, mGlobalPos=3, mSurface=AUI, mSubSurface=null, mClickEventType=null, mClickEventName=null, mAdditionalParameters={aui_section=pinned, aui_position_in_section=3}}
03-01 21:03:21.136 19500 19500 D [SUI] SystemUXFunnelLogServerLogger: VPV Event: oculus_impressions_tile_vpved LogInfo{duration=250, mLogId='file_viewer', mContentType=APP, mPosX=5, mPosy=0, mGlobalPos=5, mSurface=AUI, mSubSurface=null, mClickEventType=null, mClickEventName=null, mAdditionalParameters={aui_section=recent, aui_position_in_section=0}}
03-01 21:03:21.137 19500 19500 D [SUI] SystemUXFunnelLogServerLogger: VPV Event: oculus_impressions_tile_vpved LogInfo{duration=250, mLogId='file_manager', mContentType=APP, mPosX=6, mPosy=0, mGlobalPos=6, mSurface=AUI, mSubSurface=null, mClickEventType=null, mClickEventName=null, mAdditionalParameters={aui_section=recent, aui_position_in_section=1}}
03-01 21:03:21.137 19500 19500 D [SUI] SystemUXFunnelLogServerLogger: VPV Event: oculus_impressions_tile_vpved LogInfo{duration=250, mLogId='events_system_app', mContentType=APP, mPosX=7, mPosy=0, mGlobalPos=7, mSurface=AUI, mSubSurface=null, mClickEventType=null, mClickEventName=null, mAdditionalParameters={aui_section=recent, aui_position_in_section=2}}
03-01 21:03:21.161   866   866 I chatty  : uid=1000(system) /system/bin/trackingservice identical 20 lines
03-01 21:03:21.163  4074  4133 E OsSdk   : error getting shared memory region, memory type: HeadTracker, failed with Status(-1, EX_SECURITY): 'requested shared memory region when not registered/focused'
03-01 21:03:21.164  4074  4133 W [CT]    : SlamAnchorMemoryRuntimeIpcServer: HeadTracker::getState failed
03-01 21:03:21.164  4074  4133 W [CT]    : SlamAnchorMemoryRuntimeIpcServerThread: RigidBodyStates update failure.
03-01 21:03:21.167  2949  3072 I [OAO] PanelAppHost: Setting panel layer visibility of layer "#main" to visible, panel 27 (com.oculus.systemux/com.oculus.panelapp.anytimeui.AnytimeUIAndroidPanelService)
03-01 21:03:21.167 19500 21490 I PresenceAPK(ServicePresenceClient): calling onServiceUp
03-01 21:03:21.173   866   866 W TrackingService: attachClient: found client in attached list
03-01 21:03:21.175  4074  4181 E OsSdk   : error getting shared memory region, memory type: HeadTracker, failed with Status(-1, EX_SECURITY): 'requested shared memory region when not registered/focused'
03-01 21:03:21.178   866  1049 W TrackingService: attachClient: found client in attached list
03-01 21:03:21.178  4074  4133 E OsSdk   : error getting shared memory region, memory type: HeadTracker, failed with Status(-1, EX_SECURITY): 'requested shared memory region when not registered/focused'
03-01 21:03:21.178  4074  4133 W [CT]    : SlamAnchorMemoryRuntimeIpcServer: HeadTracker::getState failed
03-01 21:03:21.178  4074  4133 W [CT]    : SlamAnchorMemoryRuntimeIpcServerThread: RigidBodyStates update failure.
03-01 21:03:21.223  4074  4133 W [CT]    : SlamAnchorMemoryRuntimeIpcServer: HeadTracker::getState failed
03-01 21:03:21.223  4074  4133 W [CT]    : SlamAnchorMemoryRuntimeIpcServerThread: RigidBodyStates update failure.
03-01 21:03:21.224   866   866 W TrackingService: attachClient: found client in attached list
03-01 21:03:21.229   746 17920 E SyncBossHAL: [error  ] syncboss_hal_jedi.c(88): Failed to send telemetry event for module jedi with error -22
03-01 21:03:21.234  4074  4181 E OsSdk   : error getting shared memory region, memory type: HeadTracker, failed with Status(-1, EX_SECURITY): 'requested shared memory region when not registered/focused'
03-01 21:03:21.240  2620  2632 I oculus.presenc: Background young concurrent copying GC freed 8414(1392KB) AllocSpace objects, 13(260KB) LOS objects, 40% free, 2189KB/3654KB, paused 32.101ms total 278.740ms
03-01 21:03:21.272   866   866 W TrackingService: attachClient: found client in attached list
03-01 21:03:21.275  4074  4133 E OsSdk   : error getting shared memory region, memory type: HeadTracker, failed with Status(-1, EX_SECURITY): 'requested shared memory region when not registered/focused'
03-01 21:03:21.275  4074  4133 W [CT]    : SlamAnchorMemoryRuntimeIpcServer: HeadTracker::getState failed
03-01 21:03:21.275  4074  4133 W [CT]    : SlamAnchorMemoryRuntimeIpcServerThread: RigidBodyStates update failure.
03-01 21:03:21.277  4074  4133 E OsSdk   : error getting shared memory region, memory type: AnchorTracker, failed with Status(-1, EX_SECURITY): 'requested shared memory region when not registered/focused'
03-01 21:03:21.278  4074  4133 W [CT]    : SlamAnchorMemoryRuntimeIpcServer: getAnchorStates failed
03-01 21:03:21.278  4074  4133 W [CT]    : SlamAnchorMemoryRuntimeIpcServerThread: AnchorStates update failure.
03-01 21:03:21.278  4074  4181 E OsSdk   : error getting shared memory region, memory type: HeadTracker, failed with Status(-1, EX_SECURITY): 'requested shared memory region when not registered/focused'
03-01 21:03:21.323  4074  4133 E OsSdk   : error getting shared memory region, memory type: HeadTracker, failed with Status(-1, EX_SECURITY): 'requested shared memory region when not registered/focused'
03-01 21:03:21.323  4074  4133 W [CT]    : SlamAnchorMemoryRuntimeIpcServer: HeadTracker::getState failed
03-01 21:03:21.324  4074  4133 W [CT]    : SlamAnchorMemoryRuntimeIpcServerThread: RigidBodyStates update failure.
03-01 21:03:21.325  4074  4181 E OsSdk   : error getting shared memory region, memory type: AnchorTracker, failed with Status(-1, EX_SECURITY): 'requested shared memory region when not registered/focused'
03-01 21:03:21.326 19500 19500 D [SUI] SystemUXFunnelLogServerLogger: VPV Event: oculus_impressions_tile_vpved LogInfo{duration=250, mLogId='com.oculus.explore', mContentType=APP, mPosX=0, mPosy=0, mGlobalPos=0, mSurface=AUI, mSubSurface=null, mClickEventType=null, mClickEventName=null, mAdditionalParameters={aui_section=pinned, aui_position_in_section=0}}
03-01 21:03:21.326 19500 19500 D [SUI] SystemUXFunnelLogServerLogger: VPV Event: oculus_impressions_tile_vpved LogInfo{duration=250, mLogId='com.oculus.store', mContentType=APP, mPosX=1, mPosy=0, mGlobalPos=1, mSurface=AUI, mSubSurface=null, mClickEventType=null, mClickEventName=null, mAdditionalParameters={aui_section=pinned, aui_position_in_section=1}}
03-01 21:03:21.326 19500 19500 D [SUI] SystemUXFunnelLogServerLogger: VPV Event: oculus_impressions_tile_vpved LogInfo{duration=250, mLogId='messenger_system_app', mContentType=APP, mPosX=2, mPosy=0, mGlobalPos=2, mSurface=AUI, mSubSurface=null, mClickEventType=null, mClickEventName=null, mAdditionalParameters={aui_section=pinned, aui_position_in_section=2}}
03-01 21:03:21.326 19500 19500 D [SUI] SystemUXFunnelLogServerLogger: VPV Event: oculus_impressions_tile_vpved LogInfo{duration=250, mLogId='share_system_app', mContentType=APP, mPosX=3, mPosy=0, mGlobalPos=3, mSurface=AUI, mSubSurface=null, mClickEventType=null, mClickEventName=null, mAdditionalParameters={aui_section=pinned, aui_position_in_section=3}}
03-01 21:03:21.326 19500 19500 D [SUI] SystemUXFunnelLogServerLogger: VPV Event: oculus_impressions_tile_vpved LogInfo{duration=250, mLogId='com.oculus.shellenv', mContentType=APP, mPosX=5, mPosy=0, mGlobalPos=5, mSurface=AUI, mSubSurface=null, mClickEventType=null, mClickEventName=null, mAdditionalParameters={aui_section=recent, aui_position_in_section=0}}
03-01 21:03:21.327 19500 19500 D [SUI] SystemUXFunnelLogServerLogger: VPV Event: oculus_impressions_tile_vpved LogInfo{duration=250, mLogId='file_viewer', mContentType=APP, mPosX=6, mPosy=0, mGlobalPos=6, mSurface=AUI, mSubSurface=null, mClickEventType=null, mClickEventName=null, mAdditionalParameters={aui_section=recent, aui_position_in_section=1}}
03-01 21:03:21.327 19500 19500 D [SUI] SystemUXFunnelLogServerLogger: VPV Event: oculus_impressions_tile_vpved LogInfo{duration=250, mLogId='file_manager', mContentType=APP, mPosX=7, mPosy=0, mGlobalPos=7, mSurface=AUI, mSubSurface=null, mClickEventType=null, mClickEventName=null, mAdditionalParameters={aui_section=recent, aui_position_in_section=2}}
03-01 21:03:21.365  4074  4133 E OsSdk   : error getting shared memory region, memory type: HeadTracker, failed with Status(-1, EX_SECURITY): 'requested shared memory region when not registered/focused'
03-01 21:03:21.365  4074  4133 W [CT]    : SlamAnchorMemoryRuntimeIpcServer: HeadTracker::getState failed
03-01 21:03:21.365  4074  4133 W [CT]    : SlamAnchorMemoryRuntimeIpcServerThread: RigidBodyStates update failure.
03-01 21:03:21.376 19500 19598 I PresenceAPK(PresenceClient): onServiceUp
03-01 21:03:21.376 19500 19598 I PresenceAPK(GroupManager): onConnected
03-01 21:03:21.381 19500 19599 I PresenceAPK(GroupManager): initialEnumerationFinished
03-01 21:03:21.381 19500 19599 I PresenceAPK(GroupManager): no reconnect groups
03-01 21:03:21.403  1057  1496 E TaskPersister: File error accessing recents directory (directory doesn't exist?).
03-01 21:03:21.406  4074  4133 W [CT]    : SlamAnchorMemoryRuntimeIpcServer: HeadTracker::getState failed
03-01 21:03:21.406  4074  4133 W [CT]    : SlamAnchorMemoryRuntimeIpcServerThread: RigidBodyStates update failure.
03-01 21:03:21.407  4074  4181 E OsSdk   : error getting shared memory region, memory type: HeadTracker, failed with Status(-1, EX_SECURITY): 'requested shared memory region when not registered/focused'
03-01 21:03:21.448 19500 21490 I PresenceAPK(PresenceClient): onServiceUp
03-01 21:03:21.448 19500 21490 I PresenceAPK(GroupManager): onConnected
03-01 21:03:21.448 19500 19599 I PresenceAPK(GroupManager): initialEnumerationFinished
03-01 21:03:21.448 19500 19599 I PresenceAPK(GroupManager): no reconnect groups
03-01 21:03:21.448  4074  4133 E OsSdk   : error getting shared memory region, memory type: HeadTracker, failed with Status(-1, EX_SECURITY): 'requested shared memory region when not registered/focused'
03-01 21:03:21.448  4074  4133 W [CT]    : SlamAnchorMemoryRuntimeIpcServer: HeadTracker::getState failed
03-01 21:03:21.449  4074  4133 W [CT]    : SlamAnchorMemoryRuntimeIpcServerThread: RigidBodyStates update failure.
03-01 21:03:21.453  4074  4181 E OsSdk   : error getting shared memory region, memory type: HeadTracker, failed with Status(-1, EX_SECURITY): 'requested shared memory region when not registered/focused'
03-01 21:03:21.475 19500 19500 I [SUI] AnytimeUIAndroidPanelApp: showNotificationToast: key = 0|com.oculus.horizon|10003|cameraroll|10032, found = true
03-01 21:03:21.477   866 17958 I [CT]    : CONSTELLATION:IMU_STATUS: 729165a0fe4054d7 (R): [FusionTracked=0.903, OutputTracked=0.903, OutputValid=1.000] [AccelSat=0.000, GyroSat=0.000] 
03-01 21:03:21.478 19500 19500 E [SUI] NotificationDataSetService: Unable to mark toast status for 0|com.oculus.horizon|10003|cameraroll|10032
03-01 21:03:21.479 19500 19500 I AndroidPanelApp: HideLayer(toast, shape: 1, shouldMinimizeLayer: false)
03-01 21:03:21.481  1057  6563 I DisplayManagerService: Display device added: DisplayDeviceInfo{"com.oculus.android_panel_app.AndroidPanelLayer-toast": uniqueId="virtual:com.oculus.systemux,10026,com.oculus.android_panel_app.AndroidPanelLayer-toast,0", 525 x 1250, modeId 209, defaultModeId 209, supportedModes [{id=209, width=525, height=1250, fps=60.0}], colorMode 0, supportedColorModes [0], HdrCapabilities null, density 200, 200.0 x 200.0 dpi, appVsyncOff 0, presDeadline 16666666, touch NONE, rotation 0, type VIRTUAL, state OFF, owner com.oculus.systemux (uid 10026), FLAG_PRIVATE, FLAG_NEVER_BLANK, FLAG_OWN_CONTENT_ONLY}
03-01 21:03:21.490  1057  6563 I DisplayManagerService: Display device removed: DisplayDeviceInfo{"com.oculus.android_panel_app.AndroidPanelLayer-toast": uniqueId="virtual:com.oculus.systemux,10026,com.oculus.android_panel_app.AndroidPanelLayer-toast,0", 525 x 1250, modeId 209, defaultModeId 209, supportedModes [{id=209, width=525, height=1250, fps=60.0}], colorMode 0, supportedColorModes [0], HdrCapabilities null, density 200, 200.0 x 200.0 dpi, appVsyncOff 0, presDeadline 16666666, touch NONE, rotation 0, type VIRTUAL, state OFF, owner com.oculus.systemux (uid 10026), FLAG_PRIVATE, FLAG_NEVER_BLANK, FLAG_OWN_CONTENT_ONLY}
03-01 21:03:21.494   866   866 I chatty  : uid=1000(system) /system/bin/trackingservice identical 9 lines
03-01 21:03:21.494  1057  6563 I DisplayManagerService: Display device added: DisplayDeviceInfo{"com.oculus.android_panel_app.AndroidPanelLayer-toast": uniqueId="virtual:com.oculus.systemux,10026,com.oculus.android_panel_app.AndroidPanelLayer-toast,0", 525 x 1, modeId 210, defaultModeId 210, supportedModes [{id=210, width=525, height=1, fps=60.0}], colorMode 0, supportedColorModes [0], HdrCapabilities null, density 200, 200.0 x 200.0 dpi, appVsyncOff 0, presDeadline 16666666, touch NONE, rotation 0, type VIRTUAL, state OFF, owner com.oculus.systemux (uid 10026), FLAG_PRIVATE, FLAG_NEVER_BLANK, FLAG_OWN_CONTENT_ONLY}
03-01 21:03:21.495  4074  4133 E OsSdk   : error getting shared memory region, memory type: HeadTracker, failed with Status(-1, EX_SECURITY): 'requested shared memory region when not registered/focused'
03-01 21:03:21.495  4074  4133 W [CT]    : SlamAnchorMemoryRuntimeIpcServer: HeadTracker::getState failed
03-01 21:03:21.495  4074  4133 W [CT]    : SlamAnchorMemoryRuntimeIpcServerThread: RigidBodyStates update failure.
03-01 21:03:21.498 19500  7185 D [SUI] ToastLayerView: showNotification(10003)
03-01 21:03:21.499  2666  2682 I .socialplatfor: Background young concurrent copying GC freed 20951(2622KB) AllocSpace objects, 15(300KB) LOS objects, 47% free, 3422KB/6548KB, paused 2.592ms total 118.193ms
03-01 21:03:21.502 19500 19500 E [SUI] NotificationDataSetService: Unable to mark toast status for 0|com.oculus.horizon|10003|cameraroll|10032
03-01 21:03:21.502 19500  7185 E NotificationView: Unable to retrieve a valid action display type
03-01 21:03:21.503 19500 19500 I AndroidPanelApp: Processing pending hide layer for layer toast.
03-01 21:03:21.503 19500 19500 I AndroidPanelApp: Processing pending show layer info for layer toast with width 525 and height 1.
03-01 21:03:21.503 19500 19500 I AndroidPanelApp: layerSupersample no changes
03-01 21:03:21.513 19500  7185 E stemux:SystemU: No package ID ff found for ID 0xffffffff.
03-01 21:03:21.513 19500  7185 E Icon    : Unable to load resource 0xffffffff from pkg=com.oculus.horizon
03-01 21:03:21.513 19500  7185 E Icon    : android.content.res.Resources$NotFoundException: Resource ID #0xffffffff
03-01 21:03:21.513 19500  7185 E Icon    : 	at android.content.res.ResourcesImpl.getValueForDensity(ResourcesImpl.java:246)
03-01 21:03:21.513 19500  7185 E Icon    : 	at android.content.res.Resources.getDrawableForDensity(Resources.java:905)
03-01 21:03:21.513 19500  7185 E Icon    : 	at android.content.res.Resources.getDrawable(Resources.java:845)
03-01 21:03:21.513 19500  7185 E Icon    : 	at android.graphics.drawable.Icon.loadDrawableInner(Icon.java:370)
03-01 21:03:21.513 19500  7185 E Icon    : 	at android.graphics.drawable.Icon.loadDrawable(Icon.java:323)
03-01 21:03:21.513 19500  7185 E Icon    : 	at com.oculus.notifications.view.NotificationView.getConfiguredActionButton(NotificationView.kt:289)
03-01 21:03:21.513 19500  7185 E Icon    : 	at com.oculus.notifications.view.NotificationView.getActionButtons(NotificationView.kt:244)
03-01 21:03:21.513 19500  7185 E Icon    : 	at com.oculus.notifications.view.ToastConfigurationUtil$Companion.loadNotificationActions(ToastConfigurationUtil.kt:367)
03-01 21:03:21.513 19500  7185 E Icon    : 	at com.oculus.notifications.view.NotificationView.configureNotification(NotificationView.kt:87)
03-01 21:03:21.513 19500  7185 E Icon    : 	at com.oculus.notifications.view.NotificationView$Companion.getViewForNotification(NotificationView.kt:428)
03-01 21:03:21.513 19500  7185 E Icon    : 	at com.oculus.notifications.view.NotificationView.getViewForNotification(Unknown Source:2)
03-01 21:03:21.513 19500  7185 E Icon    : 	at com.oculus.panelapp.anytimeui.toast.view.ToastLayerView.lambda$showNotification$0$ToastLayerView(ToastLayerView.java:106)
03-01 21:03:21.513 19500  7185 E Icon    : 	at com.oculus.panelapp.anytimeui.toast.view.-$$Lambda$ToastLayerView$PAU2P8JmfnsZZEsdUEOFkLmN_cA.run(Unknown Source:10)
03-01 21:03:21.513 19500  7185 E Icon    : 	at java.util.concurrent.ThreadPoolExecutor.runWorker(ThreadPoolExecutor.java:1167)
03-01 21:03:21.513 19500  7185 E Icon    : 	at java.util.concurrent.ThreadPoolExecutor$Worker.run(ThreadPoolExecutor.java:641)
03-01 21:03:21.513 19500  7185 E Icon    : 	at java.lang.Thread.run(Thread.java:919)
03-01 21:03:21.513 19500  7185 V ToastConfigurationUtil: Actions have invalid parameters, hide actions.
03-01 21:03:21.513 19500  7185 V ToastConfigurationUtil: java.security.InvalidParameterException: Cannot load action icon as bitmap drawable or background as drawable.
03-01 21:03:21.513 19500  7185 V ToastConfigurationUtil: 	at com.oculus.notifications.view.NotificationView.getConfiguredActionButton(NotificationView.kt:292)
03-01 21:03:21.513 19500  7185 V ToastConfigurationUtil: 	at com.oculus.notifications.view.NotificationView.getActionButtons(NotificationView.kt:244)
03-01 21:03:21.513 19500  7185 V ToastConfigurationUtil: 	at com.oculus.notifications.view.ToastConfigurationUtil$Companion.loadNotificationActions(ToastConfigurationUtil.kt:367)
03-01 21:03:21.513 19500  7185 V ToastConfigurationUtil: 	at com.oculus.notifications.view.NotificationView.configureNotification(NotificationView.kt:87)
03-01 21:03:21.513 19500  7185 V ToastConfigurationUtil: 	at com.oculus.notifications.view.NotificationView$Companion.getViewForNotification(NotificationView.kt:428)
03-01 21:03:21.513 19500  7185 V ToastConfigurationUtil: 	at com.oculus.notifications.view.NotificationView.getViewForNotification(Unknown Source:2)
03-01 21:03:21.513 19500  7185 V ToastConfigurationUtil: 	at com.oculus.panelapp.anytimeui.toast.view.ToastLayerView.lambda$showNotification$0$ToastLayerView(ToastLayerView.java:106)
03-01 21:03:21.513 19500  7185 V ToastConfigurationUtil: 	at com.oculus.panelapp.anytimeui.toast.view.-$$Lambda$ToastLayerView$PAU2P8JmfnsZZEsdUEOFkLmN_cA.run(Unknown Source:10)
03-01 21:03:21.513 19500  7185 V ToastConfigurationUtil: 	at java.util.concurrent.ThreadPoolExecutor.runWorker(ThreadPoolExecutor.java:1167)
03-01 21:03:21.513 19500  7185 V ToastConfigurationUtil: 	at java.util.concurrent.ThreadPoolExecutor$Worker.run(ThreadPoolExecutor.java:641)
03-01 21:03:21.513 19500  7185 V ToastConfigurationUtil: 	at java.lang.Thread.run(Thread.java:919)
03-01 21:03:21.526  1057  1080 W InputReader: Device has associated, but no associated display id.
03-01 21:03:21.532  1057  1082 W InputReader: Device has associated, but no associated display id.
03-01 21:03:21.532  1057  1082 I ActivityTaskManager: Override config changes=20005df8 {0.0 ?mcc?mnc ?localeList ?layoutDir sw420dp w420dp h1000dp 200dpi nrml long port ?uimode ?night -touch qwerty/v/v -nav/h winConfig={ mBounds=Rect(0, 0 - 525, 1250) mAppBounds=Rect(0, 0 - 525, 1250) mWindowingMode=fullscreen mDisplayWindowingMode=fullscreen mActivityType=undefined mAlwaysOnTop=undefined mRotation=ROTATION_0}} for displayId=148
03-01 21:03:21.536   866   866 W TrackingService: attachClient: found client in attached list
03-01 21:03:21.541  2949  3072 I [OAO] PanelAppHost: Setting panel layer visibility of layer "toast" to invisible, panel 27 (com.oculus.systemux/com.oculus.panelapp.anytimeui.AnytimeUIAndroidPanelService)
03-01 21:03:21.542  2949  3072 I [OAO] PanelAppHost: Resize layer toast to size 525 x 1 shape: 1 stereo: 0, panel 27 (com.oculus.systemux/com.oculus.panelapp.anytimeui.AnytimeUIAndroidPanelService)
03-01 21:03:21.542  2949  3072 I [OAO] PanelRenderLayer: ResetSurface toast 525 x 1 - shape:1 stereo:0
03-01 21:03:21.544  4074  4133 E OsSdk   : error getting shared memory region, memory type: HeadTracker, failed with Status(-1, EX_SECURITY): 'requested shared memory region when not registered/focused'
03-01 21:03:21.545  4074  4133 W [CT]    : SlamAnchorMemoryRuntimeIpcServer: HeadTracker::getState failed
03-01 21:03:21.545  4074  4133 W [CT]    : SlamAnchorMemoryRuntimeIpcServerThread: RigidBodyStates update failure.
03-01 21:03:21.546   866  1049 W TrackingService: attachClient: found client in attached list
03-01 21:03:21.548  4074  4133 E OsSdk   : error getting shared memory region, memory type: AnchorTracker, failed with Status(-1, EX_SECURITY): 'requested shared memory region when not registered/focused'
03-01 21:03:21.548  4074  4133 W [CT]    : SlamAnchorMemoryRuntimeIpcServer: getAnchorStates failed
03-01 21:03:21.548  4074  4133 W [CT]    : SlamAnchorMemoryRuntimeIpcServerThread: AnchorStates update failure.
03-01 21:03:21.555 19500 19500 I AndroidPanelApp: Processing next frame action "layerShow" for layer "toast"
03-01 21:03:21.569  1057  1080 W InputReader: Device has associated, but no associated display id.
03-01 21:03:21.578  1057  1082 I DisplayManagerService: Display device changed state: "com.oculus.android_panel_app.AndroidPanelLayer-toast", ON
03-01 21:03:21.579  1057  3946 E WindowManager: App trying to use insecure INPUT_FEATURE_NO_INPUT_CHANNEL flag. Ignoring
03-01 21:03:21.582  4074  4181 E OsSdk   : error getting shared memory region, memory type: HeadTracker, failed with Status(-1, EX_SECURITY): 'requested shared memory region when not registered/focused'
03-01 21:03:21.593  4074  4181 E OsSdk   : error getting shared memory region, memory type: AnchorTracker, failed with Status(-1, EX_SECURITY): 'requested shared memory region when not registered/focused'
03-01 21:03:21.593  4074  4133 E OsSdk   : error getting shared memory region, memory type: HeadTracker, failed with Status(-1, EX_SECURITY): 'requested shared memory region when not registered/focused'
03-01 21:03:21.593  4074  4133 W [CT]    : SlamAnchorMemoryRuntimeIpcServer: HeadTracker::getState failed
03-01 21:03:21.593  4074  4133 W [CT]    : SlamAnchorMemoryRuntimeIpcServerThread: RigidBodyStates update failure.
03-01 21:03:21.597  1057  1082 W InputReader: Device has associated, but no associated display id.
