12-23 19:10:41.763  2194  2194 I VRLifecycleSessionManager: Stored session info.
12-23 19:10:41.768  8828  8858 D OVRPlugin: User present: 0
12-23 19:10:41.779  1613  9109 W ContextImpl: Calling a method in the system process without a qualified user: android.app.ContextImpl.sendBroadcast:1057 android.content.ContextWrapper.sendBroadcast:448 X.nz.A00:133 X.nY.A00:17 X.nY.handleMessage:91 
12-23 19:10:41.780  2194  2194 W VRLifecycleManager: onHeadsetUnmounted
12-23 19:10:41.790   869  1173 W TrackingService: attachClient: found client in attached list
12-23 19:10:41.803  2194  2194 I FileCapture: broadcast capture state to AUI running = false, with mode -1
12-23 19:10:41.803  2194  2194 I PlatformPluginManager: setHeadsetMountState: false
12-23 19:10:41.803  2194  2194 I OVRPlatform: [AudioManager] SetHeadsetMounted: false
12-23 19:10:41.803  2194  2194 I OVRPlatform: [AudioManager] Current headsetMounted_ false
12-23 19:10:41.803  2194  2194 I OVRPlatform: [AudioManager] Current headphoneStatus_: DISCONNECTED
12-23 19:10:41.810  3100  3100 D MVanServiceReceiver: MVanServiceReceiver Action: com.oculus.intent.action.MOUNT_STATE_CHANGED
12-23 19:10:41.835   869  1173 I chatty  : uid=1000(system) Binder:869_3 identical 1 line
12-23 19:10:41.880   869  1173 W TrackingService: attachClient: found client in attached list
12-23 19:10:41.881   869  1760 W TrackingService: attachClient: found client in attached list
12-23 19:10:42.002  1613  9114 W ContextImpl: Calling a method in the system process without a qualified user: android.app.ContextImpl.sendBroadcast:1057 android.content.ContextWrapper.sendBroadcast:448 X.nz.A00:133 X.nY.A00:17 X.nY.handleMessage:91 
12-23 19:10:42.015  2779  2846 I .socialplatfor: Waiting for a blocking GC ProfileSaver
12-23 19:10:42.021  2779  2846 I .socialplatfor: WaitForGcToComplete blocked ProfileSaver on HeapTrim for 5.512ms
12-23 19:10:42.078   869  1760 I chatty  : uid=1000(system) Binder:869_4 identical 5 lines
12-23 19:10:42.123   869  1760 W TrackingService: attachClient: found client in attached list
12-23 19:10:42.124   869  1173 W TrackingService: attachClient: found client in attached list
12-23 19:10:42.141  8828  8936 I VrApi   : FPS=36/72,Prd=47ms,Tear=0,Early=18,Stale=38,VSnc=1,Lat=1,Fov=0,CPU4/GPU=3/3,2419/490MHz,OC=FF,TA=0/70/70,SP=N/F/F,Mem=2092MHz,Free=2538MB,PLS=0,Temp=25.2C/0.0C,TW=2.13ms,App=1.96ms,GD=0.00ms,CPU&GPU=1.04ms,LCnt=3(DR0,LM2),GPU%=0.21,CPU%=0.33(W0.50),DSF=1.00,CFL=19.64/26.75
12-23 19:10:42.305   869  1173 I chatty  : uid=1000(system) Binder:869_3 identical 4 lines
12-23 19:10:42.349   869  1173 W TrackingService: attachClient: found client in attached list
12-23 19:10:42.374   736   912 I SyncBossHAL: [info   ] syncboss_hal_powerstate.c(50): Reporting powerstate event: PROX_ON
12-23 19:10:42.375  1049  1376 D VrPowerManagerService: processing message: sensor changed
12-23 19:10:42.375  1049  1376 I VrPowerManagerService: transition from HEADSET_UNMOUNTED to HEADSET_MOUNTED
12-23 19:10:42.376   843   843 D SensorClientUtils: Received transition request from STANDBY to RUNNING
12-23 19:10:42.376   869  1173 D SensorClientUtils: Received transition request from STANDBY to RUNNING
12-23 19:10:42.376  1772  5964 D VrPowerManagerClient: Headset state: 1
12-23 19:10:42.376  1765  4207 D SensorClientUtils: Received transition request from STANDBY to RUNNING
12-23 19:10:42.377  1772  5964 V ControllerNotifications: Headset was mounted, requesting that notifications are enabled
12-23 19:10:42.377  1772  5964 V ControllerNotifications: Queueing enable of notifications in 5000ms
12-23 19:10:42.380  2551  2964 W PresenceAPKNative(hyperspace_controller_module): is_mounted: 1
12-23 19:10:42.380   721   721 W DeviceHAL: Error from HAL Device in function get_mic_mute: Function not implemented
12-23 19:10:42.381  1851  1851 I [CT]    : MIXEDREALITY: MrService: MountStateChanged: true
12-23 19:10:42.382  8828  9089 I VrRuntimeClient: UpdateEvents: HMT was mounted
12-23 19:10:42.382   721   721 W DeviceHAL: Error from HAL Device in function get_mic_mute: Function not implemented
12-23 19:10:42.383  2346  2897 I chatty  : uid=10020(com.oculus.vrshell) ShellOverlayVR expire 45 lines
12-23 19:10:42.383  2779  2779 W VRLifecycleManager: onHeadsetMounted
12-23 19:10:42.384   721   721 D audio_hw_primary: adev_set_mic_mute state 0
12-23 19:10:42.385   721   721 W DeviceHAL: Error from HAL Device in function set_mic_mute: Function not implemented
12-23 19:10:42.385   721   721 W DeviceHAL: Error from HAL Device in function set_mic_mute: Function not implemented
12-23 19:10:42.386  1049  1623 E AudioSystem-JNI: Command failed for android_media_AudioSystem_muteMicrophone: -38
12-23 19:10:42.389  3008  3143 I StateMachine: StateMachine::Update GuardianInitializationStateMachine: mountEvent -> MountedTransition_Black
12-23 19:10:42.393   869  1173 W TrackingService: attachClient: found client in attached list
12-23 19:10:42.394  8828  8858 D OVRPlugin: User present: 1
12-23 19:10:42.400  2779  2779 W VRLifecycleManager: onHeadsetMounted
12-23 19:10:42.403  2194  2194 W VRLifecycleManager: onHeadsetMounted
12-23 19:10:42.407  2779  2779 W VRLifecycleManager: onHeadsetMounted
12-23 19:10:42.410  2779  2779 W VRLifecycleManager: onHeadsetMounted
12-23 19:10:42.412  2194  2194 I PlatformPluginManager: setHeadsetMountState: true
12-23 19:10:42.412  2194  2194 I OVRPlatform: [AudioManager] SetHeadsetMounted: true
12-23 19:10:42.412  2194  2194 I OVRPlatform: [AudioManager] Current headsetMounted_ true
12-23 19:10:42.412  2194  2194 I OVRPlatform: [AudioManager] Current headphoneStatus_: DISCONNECTED
12-23 19:10:42.412  2194  2194 I PlatformPluginManager: on headset mounted
12-23 19:10:42.428  1049  4908 D WificondControl: Scan result ready event
12-23 19:10:42.452  3100  3100 D MVanServiceReceiver: MVanServiceReceiver Action: com.oculus.intent.action.MOUNT_STATE_CHANGED
12-23 19:10:42.605  2194  2967 I AuthLogger: Action succeeded: SYNC_ACCOUNTS, callingPackage: com.oculus.horizon, accountType: null, tokenType: null, extras: {}, duration: 158ms
12-23 19:10:42.610   869  1173 I chatty  : uid=1000(system) Binder:869_3 identical 6 lines
12-23 19:10:42.637  3008  3143 I GuardianSystem: Environment Status changed: 33 to 34
12-23 19:10:42.647   869  1173 W TrackingService: attachClient: found client in attached list
12-23 19:10:42.648   869  1760 W TrackingService: attachClient: found client in attached list
12-23 19:10:42.674  1613  9119 W ContextImpl: Calling a method in the system process without a qualified user: android.app.ContextImpl.sendBroadcast:1057 android.content.ContextWrapper.sendBroadcast:448 X.nz.A00:133 X.nY.A00:17 X.nY.handleMessage:91 
12-23 19:10:42.748  8828  9121 D UE4     : [2022.12.23-19.10.42:748][110]LogTcpMessaging: Started Connection to '127.0.0.1:57981'
12-23 19:10:42.749  8828  9121 D UE4     : [2022.12.23-19.10.42:749][110]LogTcpMessaging: Discovered node 'C5A242D54E9F508B53DCD794A0CF186D' on connection '127.0.0.1:57981'...
12-23 19:10:43.110   869  1760 I chatty  : uid=1000(system) Binder:869_4 identical 12 lines
12-23 19:10:43.141  8828  8936 I VrApi   : FPS=37/72,Prd=48ms,Tear=0,Early=35,Stale=37,VSnc=1,Lat=1,Fov=0,CPU4/GPU=3/3,2419/490MHz,OC=FF,TA=0/70/70,SP=N/F/F,Mem=2092MHz,Free=2538MB,PLS=0,Temp=25.2C/0.0C,TW=2.32ms,App=2.60ms,GD=0.00ms,CPU&GPU=10.74ms,LCnt=2(DR0,LM0),GPU%=0.37,CPU%=0.13(W0.19),DSF=1.00,CFL=19.57/21.45
12-23 19:10:43.149  3008  3143 I StateMachine: StateMachine::Update ForceShow: stopForceShow -> ForceShowOff
12-23 19:10:43.150   869  1760 W TrackingService: attachClient: found client in attached list
12-23 19:10:43.151   869  1173 W TrackingService: attachClient: found client in attached list
12-23 19:10:43.193   869  1760 W TrackingService: attachClient: found client in attached list
12-23 19:10:43.371   869  1760 I chatty  : uid=1000(system) Binder:869_4 identical 4 lines
12-23 19:10:43.413   869  1760 W TrackingService: attachClient: found client in attached list
12-23 19:10:43.414   869  1173 W TrackingService: attachClient: found client in attached list
12-23 19:10:43.451  1408  9020 I chatty  : uid=10025(com.oculus.systemdriver) OVR::TimeWarp expire 4 lines
12-23 19:10:43.507  1408  9020 W CompositorClient: firstDisplayVsync for client 2 (isPrimary=0) FrameIndex = 16646 is outrageously early 7952, base 320, flushing
12-23 19:10:43.518  1408  2331 I PerformanceManager_V0: SetClockLevels: Apply pending clock request change: 3,3 -> 2,3
12-23 19:10:43.519  1408  2327 I Clocks  : ReleaseClocks - start
12-23 19:10:43.519  1408  2327 I Clocks  : ReleaseClocks - end (0.4 ms)
12-23 19:10:43.519  1408  2327 I Clocks  : LockClocks( cpu=2, gpu=3 ) - start
12-23 19:10:43.520  1408  2327 I Clocks  : CPU levels [0, 4]
12-23 19:10:43.520  1408  2327 I Clocks  : GPU levels [0, 5]
12-23 19:10:43.520  1408  2327 I Clocks  : LockClocks( cpu=2, gpu=3 ) - end (0.7 ms)
12-23 19:10:43.520  1408  9020 W CompositorClient: firstDisplayVsync for client 2 (isPrimary=0) FrameIndex = 16646 is outrageously early 7952, base 321, flushing
12-23 19:10:43.534  1408  9020 W CompositorClient: firstDisplayVsync for client 2 (isPrimary=0) FrameIndex = 16646 is outrageously early 7952, base 322, flushing
12-23 19:10:43.548  1408  9020 W CompositorClient: firstDisplayVsync for client 2 (isPrimary=0) FrameIndex = 16646 is outrageously early 7952, base 323, flushing
12-23 19:10:43.562  1408  9020 W CompositorClient: firstDisplayVsync for client 2 (isPrimary=0) FrameIndex = 16646 is outrageously early 7952, base 324, flushing
12-23 19:10:43.574   869  1173 I chatty  : uid=1000(system) Binder:869_3 identical 5 lines
12-23 19:10:43.576  1408  9020 W CompositorClient: firstDisplayVsync for client 2 (isPrimary=0) FrameIndex = 16646 is outrageously early 7952, base 325, flushing
12-23 19:10:43.590  1408  9020 W CompositorClient: firstDisplayVsync for client 2 (isPrimary=0) FrameIndex = 16646 is outrageously early 7952, base 326, flushing
12-23 19:10:43.604  1408  9020 W CompositorClient: firstDisplayVsync for client 2 (isPrimary=0) FrameIndex = 16646 is outrageously early 7952, base 327, flushing
12-23 19:10:43.617   869  1173 W TrackingService: attachClient: found client in attached list
12-23 19:10:43.618  1408  9020 W CompositorClient: firstDisplayVsync for client 2 (isPrimary=0) FrameIndex = 16646 is outrageously early 7952, base 328, flushing
12-23 19:10:43.618   869  1760 W TrackingService: attachClient: found client in attached list
12-23 19:10:43.632  1408  9020 W CompositorClient: firstDisplayVsync for client 2 (isPrimary=0) FrameIndex = 16646 is outrageously early 7952, base 329, flushing
12-23 19:10:43.643   869  1760 I chatty  : uid=1000(system) Binder:869_4 identical 1 line
12-23 19:10:43.646  1408  9020 W CompositorClient: firstDisplayVsync for client 2 (isPrimary=0) FrameIndex = 16646 is outrageously early 7952, base 330, flushing
12-23 19:10:43.660  1408  9020 W CompositorClient: firstDisplayVsync for client 2 (isPrimary=0) FrameIndex = 16646 is outrageously early 7952, base 331, flushing
12-23 19:10:43.674  1408  9020 W CompositorClient: firstDisplayVsync for client 2 (isPrimary=0) FrameIndex = 16646 is outrageously early 7952, base 332, flushing
12-23 19:10:43.685   869  1760 W TrackingService: attachClient: found client in attached list
12-23 19:10:43.688  1408  9020 W CompositorClient: firstDisplayVsync for client 2 (isPrimary=0) FrameIndex = 16646 is outrageously early 7952, base 333, flushing
12-23 19:10:43.701  1408  9020 W CompositorClient: firstDisplayVsync for client 2 (isPrimary=0) FrameIndex = 16646 is outrageously early 7952, base 334, flushing
12-23 19:10:43.715  1408  9020 W CompositorClient: firstDisplayVsync for client 2 (isPrimary=0) FrameIndex = 16646 is outrageously early 7952, base 335, flushing
12-23 19:10:43.719   869  9009 D TrackingService: [HANDTRACKING] Controller 86557c336c360320 in hand: N, valid: Y
12-23 19:10:43.729  1408  9020 W CompositorClient: firstDisplayVsync for client 2 (isPrimary=0) FrameIndex = 16646 is outrageously early 7952, base 336, flushing
12-23 19:10:43.730   869  1760 W TrackingService: attachClient: found client in attached list
12-23 19:10:43.743  1408  9020 W CompositorClient: firstDisplayVsync for client 2 (isPrimary=0) FrameIndex = 16646 is outrageously early 7952, base 337, flushing
12-23 19:10:43.757  1408  9020 W CompositorClient: firstDisplayVsync for client 2 (isPrimary=0) FrameIndex = 16646 is outrageously early 7952, base 338, flushing
12-23 19:10:43.771  1408  9020 W CompositorClient: firstDisplayVsync for client 2 (isPrimary=0) FrameIndex = 16646 is outrageously early 7952, base 339, flushing
12-23 19:10:43.785  1408  9020 W CompositorClient: firstDisplayVsync for client 2 (isPrimary=0) FrameIndex = 16646 is outrageously early 7952, base 340, flushing
12-23 19:10:43.799  1408  9020 W CompositorClient: firstDisplayVsync for client 2 (isPrimary=0) FrameIndex = 16646 is outrageously early 7952, base 341, flushing
12-23 19:10:43.813  1408  9020 W CompositorClient: firstDisplayVsync for client 2 (isPrimary=0) FrameIndex = 16646 is outrageously early 7952, base 342, flushing
12-23 19:10:43.819   869  1760 I chatty  : uid=1000(system) Binder:869_4 identical 2 lines
12-23 19:10:43.827  1408  9020 W CompositorClient: firstDisplayVsync for client 2 (isPrimary=0) FrameIndex = 16646 is outrageously early 7952, base 343, flushing
12-23 19:10:43.841  1408  9020 W CompositorClient: firstDisplayVsync for client 2 (isPrimary=0) FrameIndex = 16646 is outrageously early 7952, base 344, flushing
12-23 19:10:43.855  1408  9020 W CompositorClient: firstDisplayVsync for client 2 (isPrimary=0) FrameIndex = 16646 is outrageously early 7952, base 345, flushing
12-23 19:10:43.865   869  1760 W TrackingService: attachClient: found client in attached list
12-23 19:10:43.865   869  1173 W TrackingService: attachClient: found client in attached list
12-23 19:10:43.869  1408  9020 W CompositorClient: firstDisplayVsync for client 2 (isPrimary=0) FrameIndex = 16646 is outrageously early 7952, base 346, flushing
12-23 19:10:43.882  1408  9020 W CompositorClient: firstDisplayVsync for client 2 (isPrimary=0) FrameIndex = 16646 is outrageously early 7952, base 347, flushing
12-23 19:10:43.896  1408  9020 W CompositorClient: firstDisplayVsync for client 2 (isPrimary=0) FrameIndex = 16646 is outrageously early 7952, base 348, flushing
12-23 19:10:43.910  3008  3143 I StateMachine: StateMachine::Update GuardianInitializationStateMachine: finishedSettlingBlackEvent -> Valid_NoBlack
12-23 19:10:43.910  1408  9020 W CompositorClient: firstDisplayVsync for client 2 (isPrimary=0) FrameIndex = 16646 is outrageously early 7952, base 349, flushing
12-23 19:10:43.924  1408  9020 W CompositorClient: firstDisplayVsync for client 2 (isPrimary=0) FrameIndex = 16646 is outrageously early 7952, base 350, flushing
12-23 19:10:43.938  1408  9020 W CompositorClient: firstDisplayVsync for client 2 (isPrimary=0) FrameIndex = 16646 is outrageously early 7952, base 351, flushing
12-23 19:10:43.948  3008  3143 I GuardianSystem: ForceShowGuardian: false, 3.00
12-23 19:10:43.949  3008  3143 I StateMachine: StateMachine::Update ForceShow: forceShowForTime -> ForceShowOnForTime
12-23 19:10:43.951  1408  3142 I VrRuntimeService: RuntimeServiceSDKServer::SetGuardianSystemState: 1016942783
12-23 19:10:43.951  3008  3143 I GuardianSystem: UpdateGuardianSystemState: Flags2 changed: 33, 1, SYSTEM_2_DIRECTIONAL_PASSTHROUGH_ENABLED,SYSTEM_2_SHOULD_PUSH_BLACK to SYSTEM_2_DIRECTIONAL_PASSTHROUGH_ENABLED
12-23 19:10:43.952  1408  9020 W CompositorClient: firstDisplayVsync for client 2 (isPrimary=0) FrameIndex = 16646 is outrageously early 7952, base 352, flushing
12-23 19:10:43.964  1408  2331 I VrRuntimeServer: DisableCompositorClient: 0
12-23 19:10:43.964  1408  2331 I CompositorClientMgr: Disable client 0
12-23 19:10:43.964  1408  2331 I CompositorClientMgr: DisableClient: frame flush required: 1
12-23 19:10:43.966  1408  9020 W CompositorClient: firstDisplayVsync for client 2 (isPrimary=0) FrameIndex = 16646 is outrageously early 7952, base 353, flushing
12-23 19:10:43.967  1408  9020 I CompositorProgs: loaded binary layerProgram 0:0x300000048002:0x0 in 0.8 ms
12-23 19:10:43.980  1408  9020 W CompositorClient: firstDisplayVsync for client 2 (isPrimary=0) FrameIndex = 16646 is outrageously early 7952, base 354, flushing
12-23 19:10:43.990  1408  3142 I VrRuntimeService: RuntimeServiceSDKServer::SetGuardianSystemState: 1016942783
12-23 19:10:43.991  3008  3143 I GuardianSystem: UpdateGuardianSystemState: Flags changed: 524288, 532480, SYSTEM_GUARDIAN_VALID to SYSTEM_GUARDIAN_VISIBLE,SYSTEM_GUARDIAN_VALID
12-23 19:10:43.994  1408  9020 W CompositorClient: firstDisplayVsync for client 2 (isPrimary=0) FrameIndex = 16646 is outrageously early 7952, base 355, flushing
12-23 19:10:43.999  3008  3143 W GuardianOpenXrMgr: @@@ wait frame retry=10 dtWait=0.000001 dtFrame=240.075169 submittedFrameIndex=-1
12-23 19:10:44.002  3008  3361 I VrRuntimeClient: UpdateEvents: HMT was mounted
12-23 19:10:44.003  1851  3349 I VrRuntimeClient: UpdateEvents: HMT was mounted
12-23 19:10:44.003  1851  3349 I [CT]    : MIXEDREALITY: MrServiceModel: Hibernating caller (most likely rendering thread) due to commandQueue being empty.
12-23 19:10:44.010  1408  9020 I CompositorProgs: [0x75392d1ef8] Built layerProgram 0:0x100000048002:0x0 in 2.4 ms
12-23 19:10:44.013  1408  9020 I CompositorVR: SetSchedFifo( tid=3349, pol=5, pri=1 ) succeeded
12-23 19:10:44.013  1408  9020 I CompositorVR: SetSchedFifo( tid=3143, pol=5, pri=1 ) succeeded
12-23 19:10:44.013  1408  9020 I CompositorVR: SetSchedFifo( tid=3361, pol=5, pri=1 ) succeeded
12-23 19:10:44.013  1408  9020 I CompositorVR: SetSchedFifo( tid=3384, pol=5, pri=1 ) succeeded
12-23 19:10:44.113  1408  9020 I CompositorVR: SetSchedFifo( tid=3349, pol=2, pri=0 ) succeeded
12-23 19:10:44.141  8828  8936 I VrApi   : FPS=72/72,Prd=48ms,Tear=0,Early=72,Stale=0,VSnc=1,Lat=1,Fov=0,CPU4/GPU=3/3,2419/490MHz,OC=FF,TA=0/70/70,SP=N/F/F,Mem=2092MHz,Free=2538MB,PLS=0,Temp=25.2C/0.0C,TW=2.32ms,App=2.59ms,GD=0.00ms,CPU&GPU=5.46ms,LCnt=2(DR0,LM0),GPU%=0.37,CPU%=0.18(W0.22),DSF=1.00,CFL=19.65/21.57
12-23 19:10:44.618   869  1173 I chatty  : uid=1000(system) Binder:869_3 identical 19 lines
12-23 19:10:44.638   843  9069 W [CT]    : BOLTDEPTH: BoltDepthSystem: onPause: The depth system had been paused already
12-23 19:10:44.664   869  1173 W TrackingService: attachClient: found client in attached list
12-23 19:10:44.665   869  1760 W TrackingService: attachClient: found client in attached list
12-23 19:10:44.705   869  1760 W TrackingService: attachClient: found client in attached list
12-23 19:10:44.724  3008  3143 I GuardianSystem: Environment Status changed: 34 to 33
12-23 19:10:44.751   869  1173 W TrackingService: attachClient: found client in attached list
12-23 19:10:44.796   869  1173 I chatty  : uid=1000(system) Binder:869_3 identical 1 line
12-23 19:10:44.834   869  1173 W TrackingService: attachClient: found client in attached list
12-23 19:10:44.869   869  9009 D TrackingService: [HANDTRACKING] Controller 86557c336c360320 in hand: Y, valid: Y
12-23 19:10:44.879   869  1173 W TrackingService: attachClient: found client in attached list
12-23 19:10:44.921   869  1173 W TrackingService: attachClient: found client in attached list
12-23 19:10:44.921   869  1760 W TrackingService: attachClient: found client in attached list
12-23 19:10:44.966   869  1760 I chatty  : uid=1000(system) Binder:869_4 identical 1 line
12-23 19:10:45.008   869  1760 W TrackingService: attachClient: found client in attached list
12-23 19:10:45.050   869  1173 W TrackingService: attachClient: found client in attached list
12-23 19:10:45.059  8828  8858 D UE4     : EngineMemoryWarningHandler: Mem Used 215.30 MB, Texture Memory 9.45 MB, Render Target memory 94.59 MB, OS Free 2384.80 MB
12-23 19:10:45.133   869  1173 I chatty  : uid=1000(system) Binder:869_3 identical 2 lines
12-23 19:10:45.142  8828  8936 I VrApi   : FPS=72/72,Prd=48ms,Tear=0,Early=72,Stale=0,VSnc=1,Lat=1,Fov=0,CPU4/GPU=2/3,2419/490MHz,OC=FF,TA=0/70/70,SP=N/F/F,Mem=2092MHz,Free=2538MB,PLS=0,Temp=25.2C/0.0C,TW=1.69ms,App=2.71ms,GD=0.13ms,CPU&GPU=5.43ms,LCnt=2(DR0,LM0),GPU%=0.35,CPU%=0.13(W0.15),DSF=1.00,CFL=19.71/22.10
12-23 19:10:45.171  8828  8860 D UE4     : [GameActivity] Used memory: 464299 (VmRSS:	  219064 kB)
12-23 19:10:45.178   869  1173 W TrackingService: attachClient: found client in attached list
12-23 19:10:45.179   869  1760 W TrackingService: attachClient: found client in attached list
12-23 19:10:45.526   869  1760 I chatty  : uid=1000(system) Binder:869_4 identical 9 lines
12-23 19:10:45.563   869  1760 W TrackingService: attachClient: found client in attached list
12-23 19:10:45.598   869  1760 D TrackingService: haptic socket already exists
12-23 19:10:45.598   869  1760 D TrackingService: getSocket: com.YourCompany.TemplateProject3
12-23 19:10:45.604   869  1760 W TrackingService: attachClient: found client in attached list
12-23 19:10:45.687   869  1760 I chatty  : uid=1000(system) Binder:869_4 identical 2 lines
12-23 19:10:45.688   869  1760 W TrackingService: attachClient: found client in attached list
12-23 19:10:45.730   869  1173 W TrackingService: attachClient: found client in attached list
12-23 19:10:45.755  3008  3143 I GuardianSystem: Environment Status changed: 33 to 34
12-23 19:10:45.901   869  1173 I chatty  : uid=1000(system) Binder:869_3 identical 4 lines
12-23 19:10:45.944   869  1173 W TrackingService: attachClient: found client in attached list
12-23 19:10:45.946   869  1760 W TrackingService: attachClient: found client in attached list
12-23 19:10:46.143  8828  8936 I VrApi   : FPS=72/72,Prd=48ms,Tear=0,Early=72,Stale=0,VSnc=1,Lat=1,Fov=0,CPU4/GPU=2/3,2419/490MHz,OC=FF,TA=0/70/70,SP=N/F/F,Mem=2092MHz,Free=2538MB,PLS=0,Temp=25.2C/0.0C,TW=1.69ms,App=2.66ms,GD=0.12ms,CPU&GPU=5.31ms,LCnt=2(DR3,LM2),GPU%=0.35,CPU%=0.13(W0.19),DSF=1.00,CFL=19.59/21.36
12-23 19:10:46.755  8828  8858 I VrRuntimeClient: SyncInternalGuardianState: GetGuardianPolygon: 280
12-23 19:10:46.867  1408  9020 I CompositorVR: SetSchedFifo( tid=8858, pol=2, pri=0 ) succeeded
12-23 19:10:46.867  1408  9020 I CompositorVR: SetSchedFifo( tid=9089, pol=2, pri=0 ) succeeded
12-23 19:10:46.867  1408  9020 I CompositorVR: SetSchedFifo( tid=8944, pol=2, pri=0 ) succeeded
12-23 19:10:47.117  8828  9089 W OsSdk   : Requested historical tracking state too far in the past; oldest: 1635.418507s, requested: 1635.396030s
12-23 19:10:47.117  1408  9020 I CompositorVR: SetSchedFifo( tid=8858, pol=3, pri=0 ) succeeded
12-23 19:10:47.118  1408  9020 I CompositorVR: SetSchedFifo( tid=9089, pol=3, pri=0 ) succeeded
12-23 19:10:47.118  1408  9020 I CompositorVR: SetSchedFifo( tid=8944, pol=3, pri=0 ) succeeded
12-23 19:10:47.142  8828  8936 I VrApi   : FPS=72/72,Prd=48ms,Tear=0,Early=72,Stale=0,VSnc=1,Lat=1,Fov=0,CPU4/GPU=2/3,1171/490MHz,OC=FF,TA=0/70/70,SP=N/F/F,Mem=2092MHz,Free=2538MB,PLS=0,Temp=25.2C/0.0C,TW=1.68ms,App=2.61ms,GD=0.13ms,CPU&GPU=5.21ms,LCnt=2(DR0,LM2),GPU%=0.34,CPU%=0.22(W0.25),DSF=1.00,CFL=19.69/22.10
12-23 19:10:47.167  1408  2331 I PerformanceManager_V0: SetClockLevels: Apply pending clock request change: 2,3 -> 3,3
12-23 19:10:47.167  1408  2327 I Clocks  : ReleaseClocks - start
12-23 19:10:47.167  1408  2327 I Clocks  : ReleaseClocks - end (0.3 ms)
12-23 19:10:47.167  1408  2327 I Clocks  : LockClocks( cpu=3, gpu=3 ) - start
12-23 19:10:47.167  1408  2327 I Clocks  : CPU levels [0, 4]
12-23 19:10:47.167  1408  2327 I Clocks  : GPU levels [0, 5]
12-23 19:10:47.168  1408  2327 I Clocks  : LockClocks( cpu=3, gpu=3 ) - end (0.6 ms)
12-23 19:10:47.377  1772  1772 D ControllerNotifications: Enabling notifications
12-23 19:10:47.379  1772  1772 I ControllerNotifications: Updating input notifications based on state ConnectedBatteryNormal
12-23 19:10:47.914  3008  3143 I StateMachine: StateMachine::Update ForceShow: stopForceShow -> ForceShowOff
12-23 19:10:47.914  1408  3142 I VrRuntimeService: RuntimeServiceSDKServer::SetGuardianSystemState: 1016942783
12-23 19:10:47.914  3008  3143 I GuardianSystem: UpdateGuardianSystemState: Flags changed: 532480, 524288, SYSTEM_GUARDIAN_VISIBLE,SYSTEM_GUARDIAN_VALID to SYSTEM_GUARDIAN_VALID
12-23 19:10:48.078  1408  9020 I CompositorVR: SetSchedFifo( tid=3143, pol=2, pri=0 ) succeeded
12-23 19:10:48.078  1408  9020 I CompositorVR: SetSchedFifo( tid=3361, pol=2, pri=0 ) succeeded
12-23 19:10:48.078  1408  9020 I CompositorVR: SetSchedFifo( tid=3384, pol=2, pri=0 ) succeeded
12-23 19:10:48.142  8828  8936 I VrApi   : FPS=72/72,Prd=47ms,Tear=0,Early=72,Stale=0,VSnc=1,Lat=1,Fov=0,CPU4/GPU=3/3,1382/490MHz,OC=FF,TA=0/70/70,SP=N/F/F,Mem=2092MHz,Free=2538MB,PLS=0,Temp=25.2C/0.0C,TW=1.69ms,App=2.58ms,GD=0.13ms,CPU&GPU=5.75ms,LCnt=2(DR0,LM2),GPU%=0.35,CPU%=0.35(W0.41),DSF=1.00,CFL=19.75/21.42
12-23 19:10:48.216  2194  3132 E DeviceConfigVersionMapBuilder: Could not get version for com.oculus.vrdriver
12-23 19:10:48.218  2194  3132 E DeviceConfigVersionMapBuilder: Could not get version for com.oculus.reactvrdeviceconfigtest
12-23 19:10:48.221  2194  3132 E DeviceConfigVersionMapBuilder: Could not get version for com.oculus.calendar
12-23 19:10:48.222  2194  3132 E DeviceConfigVersionMapBuilder: Could not get version for com.oculus.realtimeinfra
12-23 19:10:48.223  2194  3132 E DeviceConfigVersionMapBuilder: Could not get version for com.readyatdawn.r15
12-23 19:10:48.223  2194  3132 E DeviceConfigVersionMapBuilder: Could not get version for com.oculus.accountscenter
12-23 19:10:48.224  2194  3132 E DeviceConfigVersionMapBuilder: Could not get version for com.meta.ar.felios.playground
12-23 19:10:48.225  2194  3132 E DeviceConfigVersionMapBuilder: Could not get version for com.meta.ar.arplayground
12-23 19:10:48.225  2194  3132 E DeviceConfigVersionMapBuilder: Could not get version for com.meta.ar.Gallery
12-23 19:10:48.226  2194  3132 E DeviceConfigVersionMapBuilder: Could not get version for com.meta.ar.arshellux
12-23 19:10:48.226  2194  3132 E DeviceConfigVersionMapBuilder: Could not get version for com.meta.ar.arcalling
12-23 19:10:48.227  2194  3132 E DeviceConfigVersionMapBuilder: Could not get version for com.oculus.timer
12-23 19:10:48.230  2194  3132 E DeviceConfigVersionMapBuilder: Could not get version for com.facebook.wearable.system.location.service
12-23 19:10:48.511  3008  3143 W OsSdk   : Requested historical tracking state too far in the past; oldest: 1636.808102s, requested: 1636.579523s
12-23 19:10:49.142  8828  8936 I VrApi   : FPS=47/72,Prd=47ms,Tear=0,Early=47,Stale=26,VSnc=1,Lat=1,Fov=0,CPU4/GPU=3/3,1382/490MHz,OC=FF,TA=0/70/70,SP=N/F/F,Mem=2092MHz,Free=2538MB,PLS=0,Temp=25.2C/0.0C,TW=0.78ms,App=2.62ms,GD=0.00ms,CPU&GPU=12.38ms,LCnt=2(DR0,LM2),GPU%=0.26,CPU%=0.23(W0.27),DSF=1.00,CFL=19.58/21.44
12-23 19:10:49.235   869  1760 I chatty  : uid=1000(system) Binder:869_4 identical 96 lines
12-23 19:10:49.263   869  1760 W TrackingService: attachClient: found client in attached list
12-23 19:10:49.264   869  1173 W TrackingService: attachClient: found client in attached list
12-23 19:10:49.366  1408  2331 I PerformanceManager_V0: SetClockLevels: Apply pending clock request change: 3,3 -> 2,3
12-23 19:10:49.367  1408  2327 I Clocks  : ReleaseClocks - start
12-23 19:10:49.367  1408  2327 I Clocks  : ReleaseClocks - end (0.3 ms)
12-23 19:10:49.367  1408  2327 I Clocks  : LockClocks( cpu=2, gpu=3 ) - start
12-23 19:10:49.367  1408  2327 I Clocks  : CPU levels [0, 4]
12-23 19:10:49.367  1408  2327 I Clocks  : GPU levels [0, 5]
12-23 19:10:49.367  1408  2327 I Clocks  : LockClocks( cpu=2, gpu=3 ) - end (0.4 ms)
12-23 19:10:49.539  6246  6344 I chatty  : uid=10033(com.oculus.xrstreamingclient) SlamAnchorMem expire 576 lines
12-23 19:10:50.143  8828  8936 I VrApi   : FPS=72/72,Prd=47ms,Tear=0,Early=72,Stale=0,VSnc=1,Lat=1,Fov=0,CPU4/GPU=2/3,1171/490MHz,OC=FF,TA=0/70/70,SP=N/F/F,Mem=2092MHz,Free=2538MB,PLS=0,Temp=25.2C/0.0C,TW=0.78ms,App=2.58ms,GD=0.00ms,CPU&GPU=5.30ms,LCnt=1(DR40,LM0),GPU%=0.26,CPU%=0.24(W0.29),DSF=1.00,CFL=19.72/21.27
12-23 19:10:50.181  2194  2691 W DeviceConfigUtil: Try to get config param "oculus_shared_social:oculus_messenger_reauth_removal" before Device Config has subscribed to the service.
12-23 19:10:50.201   869  1173 I chatty  : uid=1000(system) Binder:869_3 identical 26 lines
12-23 19:10:50.205  6246  6312 I chatty  : uid=10033(com.oculus.xrstreamingclient) xrsp-rt-read expire 12 lines
12-23 19:10:50.233   869  1173 W TrackingService: attachClient: found client in attached list
12-23 19:10:50.235   869  1760 W TrackingService: attachClient: found client in attached list
12-23 19:10:51.143  8828  8936 I VrApi   : FPS=72/72,Prd=47ms,Tear=0,Early=72,Stale=0,VSnc=1,Lat=1,Fov=0,CPU4/GPU=2/3,1171/490MHz,OC=FF,TA=0/70/70,SP=N/F/F,Mem=2092MHz,Free=2538MB,PLS=0,Temp=25.2C/0.0C,TW=0.79ms,App=2.52ms,GD=0.00ms,CPU&GPU=5.47ms,LCnt=1(DR72,LM0),GPU%=0.25,CPU%=0.26(W0.29),DSF=1.00,CFL=19.60/21.45
12-23 19:10:51.625   869  1760 I chatty  : uid=1000(system) Binder:869_4 identical 40 lines
12-23 19:10:51.667   869  1760 W TrackingService: attachClient: found client in attached list
12-23 19:10:51.669   869  1173 W TrackingService: attachClient: found client in attached list
12-23 19:10:51.817  1408  2331 E TREX    : Interface version 1 was not found. Check debug build for more information.
12-23 19:10:52.030   869  9042 I chatty  : uid=1000(system) IOTcam expire 7 lines
12-23 19:10:52.143  8828  8936 I VrApi   : FPS=71/72,Prd=47ms,Tear=0,Early=70,Stale=1,VSnc=1,Lat=1,Fov=0,CPU4/GPU=2/3,1171/490MHz,OC=FF,TA=0/70/70,SP=N/F/F,Mem=2092MHz,Free=2538MB,PLS=0,Temp=25.2C/0.0C,TW=0.77ms,App=2.62ms,GD=0.00ms,CPU&GPU=5.50ms,LCnt=1(DR72,LM0),GPU%=0.26,CPU%=0.26(W0.29),DSF=1.00,CFL=19.52/21.45
12-23 19:10:52.195  3008  3382 I Telemetry: App memory usage: PSS=32 MiB, PrivateDirty=26 MiB, PrivateClean=2 MiB, GPU=4.1/4.3 MiB (96% allocated)
12-23 19:10:52.829   869  1189 I chatty  : uid=1000(system) Mapper expire 3 lines
12-23 19:10:52.900   869  1173 I chatty  : uid=1000(system) Binder:869_3 identical 33 lines
12-23 19:10:52.947   869  1173 W TrackingService: attachClient: found client in attached list
12-23 19:10:52.950   869  1760 W TrackingService: attachClient: found client in attached list
12-23 19:10:53.056  3008  3143 I GuardianSystem: Environment Status changed: 34 to 33
12-23 19:10:53.143  8828  8936 I VrApi   : FPS=72/72,Prd=47ms,Tear=0,Early=72,Stale=0,VSnc=1,Lat=1,Fov=0,CPU4/GPU=2/3,1171/490MHz,OC=FF,TA=0/70/70,SP=N/F/F,Mem=2092MHz,Free=2538MB,PLS=0,Temp=25.2C/0.0C,TW=0.78ms,App=2.64ms,GD=0.00ms,CPU&GPU=5.56ms,LCnt=1(DR72,LM0),GPU%=0.27,CPU%=0.23(W0.32),DSF=1.00,CFL=19.77/21.49
12-23 19:10:53.427  6246  6331 I chatty  : uid=10033(com.oculus.xrstreamingclient) XRS_AudioData expire 1 line
12-23 19:10:53.616  3008  3143 W OsSdk   : Requested historical tracking state too far in the past; oldest: 1641.918237s, requested: 1636.579523s
12-23 19:10:53.618  8828  8858 I VrRuntimeClient: SyncInternalGuardianState: GetGuardianPolygon: 280
12-23 19:10:54.096  3008  3143 I GuardianSystem: Environment Status changed: 33 to 34
12-23 19:10:54.143  8828  8936 I VrApi   : FPS=72/72,Prd=47ms,Tear=0,Early=72,Stale=0,VSnc=1,Lat=1,Fov=0,CPU4/GPU=2/3,1171/490MHz,OC=FF,TA=0/70/70,SP=N/F/F,Mem=2092MHz,Free=2538MB,PLS=0,Temp=25.2C/0.0C,TW=0.77ms,App=2.68ms,GD=0.00ms,CPU&GPU=5.51ms,LCnt=1(DR72,LM0),GPU%=0.27,CPU%=0.29(W0.30),DSF=1.00,CFL=19.63/21.51
12-23 19:10:54.197  1851  3438 I Telemetry: App memory usage: PSS=22 MiB, PrivateDirty=17 MiB, PrivateClean=0 MiB, GPU=3.3/3.5 MiB (95% allocated)
12-23 19:10:54.480   869  1760 I chatty  : uid=1000(system) Binder:869_4 identical 42 lines
12-23 19:10:54.512   869  1189 E [CT]    : SubmapRecords: findSubmapId found 2 submap records hold the same query krHandle
12-23 19:10:54.524   869  1760 W TrackingService: attachClient: found client in attached list
12-23 19:10:54.570   869  1173 W TrackingService: attachClient: found client in attached list
12-23 19:10:54.668   869  9042 W [CT]    : VEGA:MAP_TRACKING_HM: [Throttled count=3] Bad map tracking: map tracking failed @ Submap id = 1, version = 230221416 with status: 2
12-23 19:10:54.704   869  1173 I chatty  : uid=1000(system) Binder:869_3 identical 3 lines
12-23 19:10:54.752   869  1173 W TrackingService: attachClient: found client in attached list
12-23 19:10:54.753   869  1760 W TrackingService: attachClient: found client in attached list
12-23 19:10:54.950   869  1760 I chatty  : uid=1000(system) Binder:869_4 identical 5 lines
12-23 19:10:54.989   869  1760 W TrackingService: attachClient: found client in attached list
12-23 19:10:54.991   869  1189 I [CT]    : Vega:SubmapPublisher: Tracking parent no change: frame movement above thresh -> Publish
12-23 19:10:54.991   869  1189 I [CT]    : Vega:SubmapPublisher: Start to publish submaps, found candidates:  3
12-23 19:10:54.991   869  1189 E [CT]    : SubmapRecords: findSubmapId found 2 submap records hold the same query krHandle
12-23 19:10:54.992   869  1173 W TrackingService: attachClient: found client in attached list
12-23 19:10:55.055   869  9009 I [CT]    : INPUT_TRACKING:Behavior:OutOfFoVRotation: [Right] state transition: TorsoInitialized -> InRange
12-23 19:10:55.119  3008  3143 I GuardianControllerCollisionTracker: Guardian Controller Collision: Magnitude: 5.864, Duration: -1.000 sec, TimeStamp: 1643.647339 sec
12-23 19:10:55.143  8828  8936 I VrApi   : FPS=72/72,Prd=47ms,Tear=0,Early=72,Stale=0,VSnc=1,Lat=1,Fov=0,CPU4/GPU=2/3,1171/490MHz,OC=FF,TA=0/70/70,SP=N/F/F,Mem=2092MHz,Free=2538MB,PLS=0,Temp=25.2C/0.0C,TW=0.76ms,App=2.77ms,GD=0.00ms,CPU&GPU=5.81ms,LCnt=1(DR72,LM0),GPU%=0.27,CPU%=0.24(W0.27),DSF=1.00,CFL=19.71/21.63
12-23 19:10:55.229   869  1189 I [CT]    : VEGA_MAPPER:SubmapTrackingValidator: Pausing map building until validation is complete. 15.6 seconds remaining
12-23 19:10:55.231   869  1189 I [CT]    : Vega:SubmapPublisher: Tracking parent changed from ef6bc836-7761-5590-eb1f-a0e5776e342e to 6ccb7e23-bf89-9942-b1f8-866644aa83b9 -> Publish
12-23 19:10:55.231   869  1189 I [CT]    : Vega:SubmapPublisher: Start to publish submaps, found candidates:  3
12-23 19:10:55.231   869  1189 E [CT]    : SubmapRecords: findSubmapId found 2 submap records hold the same query krHandle
12-23 19:10:55.311   869  9009 I [CT]    : INPUT_TRACKING:Behavior:OutOfFoVRotation: [Right] state transition: InRange -> Init
12-23 19:10:55.313   869  9009 I [CT]    : INPUT_TRACKING:Behavior:OutOfFoVRotation: [Right] state transition: Init -> TorsoInitialized
12-23 19:10:55.367  8828  8860 D UE4     : [GameActivity] Used memory: 472006 (VmRSS:	  217996 kB)
12-23 19:10:55.443   869  1173 I chatty  : uid=1000(system) Binder:869_3 identical 12 lines
12-23 19:10:55.463   869  9042 W [CT]    : FrameToFrameTrackerHelper: Low ratio of valid tracks for available capacity (143/300=0.48<0.50). Verify corner detection and track creation!
12-23 19:10:55.485   869  1173 W TrackingService: attachClient: found client in attached list
12-23 19:10:55.486   869  1760 W TrackingService: attachClient: found client in attached list
12-23 19:10:55.706   869  9042 W [CT]    : VEGA:MAP_TRACKING_HM: [Throttled count=9] Bad map tracking: map tracking failed @ Submap id = 1, version = 230221416 with status: 2
12-23 19:10:55.712   869  1189 I [CT]    : Vega:SubmapPublisher: Tracking parent changed from 6ccb7e23-bf89-9942-b1f8-866644aa83b9 to ef6bc836-7761-5590-eb1f-a0e5776e342e -> Publish
12-23 19:10:55.712   869  1189 I [CT]    : Vega:SubmapPublisher: Start to publish submaps, found candidates:  3
12-23 19:10:55.712   869  1189 E [CT]    : SubmapRecords: findSubmapId found 2 submap records hold the same query krHandle
12-23 19:10:56.143  8828  8936 I VrApi   : FPS=71/72,Prd=47ms,Tear=0,Early=70,Stale=2,VSnc=1,Lat=1,Fov=0,CPU4/GPU=2/3,1171/490MHz,OC=FF,TA=0/70/70,SP=N/F/F,Mem=2092MHz,Free=2538MB,PLS=0,Temp=25.2C/0.0C,TW=0.77ms,App=2.66ms,GD=0.00ms,CPU&GPU=5.63ms,LCnt=1(DR72,LM0),GPU%=0.27,CPU%=0.30(W0.36),DSF=1.00,CFL=19.92/21.57
12-23 19:10:56.149   869  9042 W [CT]    : VIO_HAS_TRACKING: Bad tracking: large covariance-weighted vision correction : 3153.0112 > 90
12-23 19:10:56.149   869  9042 W [CT]    : VEGA:PERCEPTUAL_HM: Bad tracking: tracker health is bad
12-23 19:10:56.149   869  9042 I [CT]    : VEGA:PERCEPTUAL_HM: Perceptual HM: bad tracking while exposing 6DoF. Delaying switch to 3DoF for 0.266666666 seconds.
12-23 19:10:56.150   869  9042 I [CT]    : VegaTracker: [Throttled count=20] VegaTracker::track returned 325 track measurement(s) 162 track-to-landmark association(s) and 6 closed track ID(s) while reporting poor tracking quality. (isTrackerHealthy = false, isMapTrackingHealthy = true)
12-23 19:10:56.174   869  9042 W [CT]    : TIMESTAMPCHECKER: Nominal rate wrong. Estimated data rate: 25, Nominal is 30.000300003000028
12-23 19:10:56.175   869  9042 I [CT]    : VIPER: [Throttled count=2] Image mean intensities (per camera): 44.15, 79.49, 108.72, 76.39
12-23 19:10:56.177   869  9042 I [CT]    : VegaTracker: [Throttled count=3] Performing big search to recover from bad map tracking or new reloc.
12-23 19:10:56.353   869  1189 I [CT]    : VIPER: InternalAnchorHealthMonitor: Anchors: 3 | Persistent anchors: 2 | Anchors never observed: 0
12-23 19:10:56.353   869  1189 I [CT]    :   (min/avg/max) Anchor landmarks: (1|6.666666666666667|16) | Covisible keyframes: (0|6.666666666666667|18) | Times since observation: (0|464|1186.24)
12-23 19:10:56.884   869  1760 I chatty  : uid=1000(system) Binder:869_4 identical 40 lines
12-23 19:10:56.923   869  1760 W TrackingService: attachClient: found client in attached list
12-23 19:10:56.924   869  1173 W TrackingService: attachClient: found client in attached list
12-23 19:10:57.149  8828  8936 I Telemetry: App memory usage: PSS=461 MiB, PrivateDirty=294 MiB, PrivateClean=155 MiB, GPU=155.5/155.8 MiB (100% allocated)
12-23 19:10:57.150   869  1173 I chatty  : uid=1000(system) Binder:869_3 identical 5 lines
12-23 19:10:57.153  8828  8936 I VrApi   : FPS=72/72,Prd=47ms,Tear=0,Early=72,Stale=0,VSnc=1,Lat=1,Fov=0,CPU4/GPU=2/3,1171/490MHz,OC=FF,TA=0/70/70,SP=N/F/F,Mem=2092MHz,Free=2373MB,PLS=0,Temp=25.2C/0.0C,TW=0.80ms,App=2.61ms,GD=0.00ms,CPU&GPU=5.52ms,LCnt=1(DR72,LM0),GPU%=0.27,CPU%=0.28(W0.40),DSF=1.00,CFL=19.64/21.69
12-23 19:10:57.175   869  9042 I [CT]    : VIPER: Environment brightness changed from 2 to 0
12-23 19:10:57.179  8828  8850 V UE4     : [NetworkChangedManager] Network Capabilities changed, has Internet: true
12-23 19:10:57.181  8828  9149 V UE4     : [NetworkChangedManager] Verifying internet connection with host: https://example.com/
12-23 19:10:57.193   869  1173 W TrackingService: attachClient: found client in attached list
12-23 19:10:57.195   869  1760 W TrackingService: attachClient: found client in attached list
12-23 19:10:57.230  3008  3143 I GuardianSystem: Environment Status changed: 34 to 33
12-23 19:10:57.417  8828  9149 V UE4     : [NetworkChangedManager] Connectivity hasn't changed. Current state: CONNECTION_AVAILABLE
12-23 19:10:57.417  8828  9149 V UE4     : [NetworkChangedManager] Full network check complete. State: CONNECTION_AVAILABLE
12-23 19:10:57.510   869  9042 I [CT]    : VIPER: Mode=SuperVega,Status=6DoF,TRACKING,Inl=27,Mem=79.0,Jit=0.2mm,Issues(Cam/min=0.0,IMU/min=0.0),Exp=(14.0ms,g=15.0,I=43,Ir=205.8)(14.0ms,g=15.0,I=74,Ir=356.7)(14.0ms,g=15.0,I=98,Ir=471.2)(9.3ms,g=12.0,I=72,Ir=653.1)
12-23 19:10:57.655   869  1760 I chatty  : uid=1000(system) Binder:869_4 identical 12 lines
12-23 19:10:57.702   869  1760 W TrackingService: attachClient: found client in attached list
12-23 19:10:57.703   869  1173 W TrackingService: attachClient: found client in attached list
12-23 19:10:57.708   869  9042 W [CT]    : VEGA:MAP_TRACKING_HM: Bad map tracking: map tracking failed @ Submap id = 1, version = 230221416 with status: 2
12-23 19:10:57.791   869  1189 I [CT]    : VEGA_MAPPER:SubmapTrackingValidator: Pausing map building until validation is complete. 13.04 seconds remaining
12-23 19:10:58.071  6246  6334 I chatty  : uid=10033(com.oculus.xrstreamingclient) XRS_Battery expire 1 line
12-23 19:10:58.144  8828  8936 I VrApi   : FPS=72/72,Prd=47ms,Tear=0,Early=72,Stale=0,VSnc=1,Lat=1,Fov=0,CPU4/GPU=2/3,1171/490MHz,OC=FF,TA=0/70/70,SP=N/F/F,Mem=2092MHz,Free=2373MB,PLS=0,Temp=25.2C/0.0C,TW=0.78ms,App=2.56ms,GD=0.00ms,CPU&GPU=6.15ms,LCnt=1(DR72,LM0),GPU%=0.26,CPU%=0.17(W0.25),DSF=1.00,CFL=19.75/21.50
12-23 19:10:58.175   869  9042 W [CT]    : TIMESTAMPCHECKER: Nominal rate wrong. Estimated data rate: 25, Nominal is 30.000300003000028
12-23 19:10:58.214   869  9042 I [CT]    : VIPER: Environment brightness changed from 0 to 2
12-23 19:10:58.260  3008  3143 I GuardianSystem: Environment Status changed: 33 to 34
12-23 19:10:58.426   869  1173 I chatty  : uid=1000(system) Binder:869_3 identical 19 lines
12-23 19:10:58.465   869  1173 W TrackingService: attachClient: found client in attached list
12-23 19:10:58.466   869  1760 W TrackingService: attachClient: found client in attached list
12-23 19:10:58.695  3008  3143 W OsSdk   : Requested historical tracking state too far in the past; oldest: 1646.992543s, requested: 1636.579523s
12-23 19:10:58.750   869  1189 I [CT]    : Vega:SubmapPublisher: Tracking parent changed from ef6bc836-7761-5590-eb1f-a0e5776e342e to 6ccb7e23-bf89-9942-b1f8-866644aa83b9 -> Publish
12-23 19:10:58.751   869  1189 I [CT]    : Vega:SubmapPublisher: Start to publish submaps, found candidates:  3
12-23 19:10:58.751   869  1189 E [CT]    : SubmapRecords: findSubmapId found 2 submap records hold the same query krHandle
12-23 19:10:59.143  8828  8936 I VrApi   : FPS=72/72,Prd=47ms,Tear=0,Early=72,Stale=0,VSnc=1,Lat=1,Fov=0,CPU4/GPU=2/3,1171/490MHz,OC=FF,TA=0/70/70,SP=N/F/F,Mem=2092MHz,Free=2373MB,PLS=0,Temp=25.2C/0.0C,TW=0.76ms,App=2.53ms,GD=0.00ms,CPU&GPU=5.49ms,LCnt=1(DR72,LM0),GPU%=0.26,CPU%=0.24(W0.29),DSF=1.00,CFL=19.54/21.46
12-23 19:10:59.318   869  9009 I [CT]    : CONSTELLATION:IMU_STATUS: 86557c336c360320 (L): [FusionTracked=1.000, OutputTracked=1.000, OutputValid=1.000] [AccelSat=0.000, GyroSat=0.000] 
12-23 19:10:59.322   869  9009 I [CT]    : CONSTELLATION:IMU_STATUS: 729165a0fe4054d7 (R): [FusionTracked=1.000, OutputTracked=1.000, OutputValid=1.000] [AccelSat=0.000, GyroSat=0.000] 
12-23 19:10:59.372   869  1760 I chatty  : uid=1000(system) Binder:869_4 identical 26 lines
12-23 19:10:59.418   869  1760 W TrackingService: attachClient: found client in attached list
12-23 19:10:59.419   869  1173 W TrackingService: attachClient: found client in attached list
12-23 19:10:59.501   869  8962 I [CT]    : boltlib: DSP utilization: 9.11 % (455 / 5004 ms)
12-23 19:10:59.510   869  9042 W [CT]    : SVEGA: getMap is not supported.
12-23 19:10:59.512   869  9051 I [CT]    : CONSTELLATION:VISION_STATUS: 729165a0fe4054d7 (R): BlobDetection:[#BlobsDetected=(24.31, 10.83)]Matching:[MatchSuccess=1.000, MatchCost=(0.00301, 0.00001), #MatchedBlobs=(9.34, 7.63), #MatchedLeds=(6.20, 0.67), RematchM=0.000, SkipRefine=0.000] MatchMethod:[Prox=1.000, ConstBrute=0.000, UnconstBrute=0.000] MatchResets[AnomBlobSize=0.000, SharedMatch=0.000, DenseReacq=0.000] | Fusion:[FusionError=0.000, ImuFromCamMs=(7.888, 0.458), RematchF=0.144] FusionUpdates:[Successful=1.000, Reliable=0.992, TightFusion=1.000, FullPose=0.000, StaticPrior=0.000, StaticForHandTrans=0.000, PoseUpdateMD=(0.0000, 0.0000)] FusionResets[6DoFReset=0.000, ResetSuccess=0.000] FusionStatus[HasPosition=1.000, HasVelocity=1.000] 
12-23 19:10:59.513   869  9051 I [CT]    : CONSTELLATION:VISION_STATUS: 86557c336c360320 (L): BlobDetection:[#BlobsDetected=(24.31, 10.83)]Matching:[MatchSuccess=1.000, MatchCost=(0.00139, 0.00000), #MatchedBlobs=(14.13, 0.57), #MatchedLeds=(7.56, 0.52), RematchM=0.000, SkipRefine=0.000] MatchMethod:[Prox=1.000, ConstBrute=0.000, UnconstBrute=0.000] MatchResets[AnomBlobSize=0.000, SharedMatch=0.000, DenseReacq=0.000] | Fusion:[FusionError=0.000, ImuFromCamMs=(8.247, 0.945), RematchF=0.000] FusionUpdates:[Successful=1.000, Reliable=1.000, TightFusion=1.000, FullPose=0.000, StaticPrior=0.000, StaticForHandTrans=0.008, PoseUpdateMD=(0.0000, 0.0000)] FusionResets[6DoFReset=0.000, ResetSuccess=0.000] FusionStatus[HasPosition=1.000, HasVelocity=1.000] 
12-23 19:10:59.950   869  1189 I [CT]    : Vega:SubmapPublisher: Tracking parent changed from 6ccb7e23-bf89-9942-b1f8-866644aa83b9 to ef6bc836-7761-5590-eb1f-a0e5776e342e -> Publish
12-23 19:10:59.950   869  1189 I [CT]    : Vega:SubmapPublisher: Start to publish submaps, found candidates:  3
12-23 19:10:59.950   869  1189 E [CT]    : SubmapRecords: findSubmapId found 2 submap records hold the same query krHandle
12-23 19:11:00.147  8828  8936 I VrApi   : FPS=72/72,Prd=47ms,Tear=0,Early=72,Stale=0,VSnc=1,Lat=1,Fov=0,CPU4/GPU=2/3,1171/490MHz,OC=FF,TA=0/70/70,SP=N/F/F,Mem=2092MHz,Free=2373MB,PLS=0,Temp=25.2C/0.0C,TW=0.79ms,App=2.60ms,GD=0.00ms,CPU&GPU=5.56ms,LCnt=1(DR72,LM0),GPU%=0.27,CPU%=0.30(W0.35),DSF=1.00,CFL=19.62/21.43
12-23 19:11:00.175   869  9042 W [CT]    : TIMESTAMPCHECKER: Nominal rate wrong. Estimated data rate: 25, Nominal is 30.000300003000028
12-23 19:11:00.189   869  1189 I [CT]    : VEGA_MAPPER:SubmapTrackingValidator: Pausing map building until validation is complete. 10.64 seconds remaining
12-23 19:11:00.209  8828  8850 V UE4     : [NetworkChangedManager] Network Capabilities changed, has Internet: true
12-23 19:11:00.210  8828  9156 V UE4     : [NetworkChangedManager] Verifying internet connection with host: https://example.com/
12-23 19:11:00.430  8828  9156 V UE4     : [NetworkChangedManager] Connectivity hasn't changed. Current state: CONNECTION_AVAILABLE
12-23 19:11:00.431  8828  9156 V UE4     : [NetworkChangedManager] Full network check complete. State: CONNECTION_AVAILABLE
12-23 19:11:00.667  2194  2691 W DeviceConfigUtil: Try to get config param "oculus_shared_social:oculus_messenger_reauth_removal" before Device Config has subscribed to the service.
12-23 19:11:00.886   869  1173 I chatty  : uid=1000(system) Binder:869_3 identical 41 lines
12-23 19:11:00.888   869  1173 W TrackingService: attachClient: found client in attached list
12-23 19:11:00.933   869  1760 W TrackingService: attachClient: found client in attached list
12-23 19:11:01.110   869  9042 I [CT]    : VIPER: Mode=SuperVega,Status=6DoF,TRACKING,Inl=25,Mem=79.0,Jit=0.3mm,Issues(Cam/min=0.0,IMU/min=0.0),Exp=(14.0ms,g=15.0,I=45,Ir=217.3)(14.0ms,g=15.0,I=79,Ir=376.2)(14.0ms,g=15.0,I=101,Ir=483.3)(11.1ms,g=14.0,I=76,Ir=491.7)
12-23 19:11:01.110   869  9042 W [CT]    : VIPER: Images too dark, 
12-23 19:11:01.144  8828  8936 I VrApi   : FPS=72/72,Prd=47ms,Tear=0,Early=72,Stale=0,VSnc=1,Lat=1,Fov=0,CPU4/GPU=2/3,1171/490MHz,OC=FF,TA=0/70/70,SP=N/F/F,Mem=2092MHz,Free=2373MB,PLS=0,Temp=25.2C/0.0C,TW=0.78ms,App=2.82ms,GD=0.00ms,CPU&GPU=6.01ms,LCnt=1(DR72,LM0),GPU%=0.28,CPU%=0.26(W0.33),DSF=1.00,CFL=19.57/21.35
12-23 19:11:01.391   869  1189 I [CT]    : Vega:SubmapPublisher: Tracking parent no change: frame movement above thresh -> Publish
12-23 19:11:01.391   869  1189 I [CT]    : Vega:SubmapPublisher: Start to publish submaps, found candidates:  3
12-23 19:11:01.391   869  1189 E [CT]    : SubmapRecords: findSubmapId found 2 submap records hold the same query krHandle
12-23 19:11:01.828  1408  2331 E TREX    : Interface version 1 was not found. Check debug build for more information.
12-23 19:11:02.025  1049  2661 D WificondControl: Scan result ready event
12-23 19:11:02.041  1049  1278 D WificondScannerImpl: Filtering out 9 scan results.
12-23 19:11:02.144  8828  8936 I VrApi   : FPS=72/72,Prd=47ms,Tear=0,Early=72,Stale=0,VSnc=1,Lat=1,Fov=0,CPU4/GPU=2/3,1171/490MHz,OC=FF,TA=0/70/70,SP=N/F/F,Mem=2092MHz,Free=2373MB,PLS=0,Temp=25.2C/0.0C,TW=0.76ms,App=2.57ms,GD=0.00ms,CPU&GPU=5.80ms,LCnt=1(DR72,LM0),GPU%=0.26,CPU%=0.23(W0.25),DSF=1.00,CFL=19.51/21.44
12-23 19:11:02.215   869  9042 W [CT]    : TIMESTAMPCHECKER: Nominal rate wrong. Estimated data rate: 25, Nominal is 30.000300003000028
12-23 19:11:02.589   869  1189 I [CT]    : VEGA_MAPPER:SubmapTrackingValidator: Pausing map building until validation is complete. 8.239999999999998 seconds remaining
12-23 19:11:03.144  8828  8936 I VrApi   : FPS=72/72,Prd=47ms,Tear=0,Early=71,Stale=0,VSnc=1,Lat=1,Fov=0,CPU4/GPU=2/3,1171/490MHz,OC=FF,TA=0/70/70,SP=N/F/F,Mem=2092MHz,Free=2373MB,PLS=0,Temp=25.2C/0.0C,TW=0.79ms,App=2.69ms,GD=0.00ms,CPU&GPU=5.39ms,LCnt=1(DR72,LM0),GPU%=0.27,CPU%=0.30(W0.33),DSF=1.00,CFL=19.68/21.22
12-23 19:11:03.312   869  1189 I [CT]    : Vega:SubmapPublisher: Tracking parent no change: frame movement above thresh -> Publish
12-23 19:11:03.312   869  1189 I [CT]    : Vega:SubmapPublisher: Start to publish submaps, found candidates:  3
12-23 19:11:03.312   869  1189 E [CT]    : SubmapRecords: findSubmapId found 2 submap records hold the same query krHandle
12-23 19:11:03.312   869  1189 W [CT]    : Vega:SubmapPublisher: [Throttled count=903] Force publishing an ill-conditioned point.
12-23 19:11:03.789  3008  3143 W OsSdk   : Requested historical tracking state too far in the past; oldest: 1652.093771s, requested: 1636.579523s
12-23 19:11:04.145  8828  8936 I VrApi   : FPS=72/72,Prd=47ms,Tear=0,Early=72,Stale=0,VSnc=1,Lat=1,Fov=0,CPU4/GPU=2/3,1171/490MHz,OC=FF,TA=0/70/70,SP=N/F/F,Mem=2092MHz,Free=2373MB,PLS=0,Temp=25.2C/0.0C,TW=0.78ms,App=2.64ms,GD=0.00ms,CPU&GPU=6.22ms,LCnt=1(DR72,LM0),GPU%=0.27,CPU%=0.19(W0.25),DSF=1.00,CFL=19.75/21.43
12-23 19:11:04.255   869  9042 W [CT]    : TIMESTAMPCHECKER: Nominal rate wrong. Estimated data rate: 25, Nominal is 30.000300003000028
12-23 19:11:04.270   869  9042 W [CT]    : VEGA:MAP_TRACKING_HM: [Throttled count=4] Bad map tracking: map tracking failed @ Submap id = 1, version = 230221416 with status: 2
12-23 19:11:04.455   869  9042 I [CT]    : VIPER: Environment brightness changed from 2 to 0
12-23 19:11:04.501   869  8962 I [CT]    : boltlib: DSP utilization: 8.72 % (436 / 5000 ms)
