--------- beginning of system
11-04 16:35:40.627  1044  2323 I ActivityTaskManager: START u0 {flg=0x10000000 cmp=com.YourCompany.TemplateProject2/com.epicgames.ue4.GameActivity} from uid 2000
11-04 16:35:40.647  1044  1073 I ActivityManager: Start proc 6712:com.YourCompany.TemplateProject2/u0a128 for activity {com.YourCompany.TemplateProject2/com.epicgames.ue4.GameActivity}
11-04 16:35:40.655  1044  2323 W ActivityManager: Package for pid 841: no process record found
11-04 16:35:41.197  1044  1066 W ActivityTaskManager: Activity top resumed state loss timeout for ActivityRecord{6f2e952 u0 com.YourCompany.TemplateProject2/com.epicgames.ue4.GameActivity t178}
11-04 16:35:41.197  1044  1066 W ActivityTaskManager: Activity pause timeout for ActivityRecord{6f2e952 u0 com.YourCompany.TemplateProject2/com.epicgames.ue4.GameActivity t178}
11-04 16:35:42.401  1044  5737 E WindowManager: App trying to use insecure INPUT_FEATURE_NO_INPUT_CHANNEL flag. Ignoring
--------- beginning of tracking
11-04 16:35:42.475   851  1031 W TrackingService: attachClient: found client in attached list
11-04 16:35:43.733  1044  1665 W ActivityManager: Permission Denial: Accessing service com.oculus.vrshell/.ShellOverlayService from pid=6712, uid=10128 requires com.oculus.vrshell.OVERLAY_HOST
11-04 16:35:43.860  1635  6790 W ContextImpl: Calling a method in the system process without a qualified user: android.app.ContextImpl.sendBroadcast:1057 android.content.ContextWrapper.sendBroadcast:448 X.o0.A00:133 X.nZ.A00:17 X.nZ.handleMessage:91 
11-04 16:35:43.863  1044  1665 W ProcessStats: Tracking association SourceState{1dec40c com.YourCompany.TemplateProject2/10128 Top #4732} whose proc state 1 is better than process ProcessState{8dd5155 com.oculus.ocms/10009 pkg=com.oculus.ocms} proc state 5 (15 skipped)
11-04 16:35:44.216  1044  1616 E TaskPersister: File error accessing recents directory (directory doesn't exist?).
11-04 16:35:44.258   851  1031 I chatty  : uid=1000(system) Binder:851_1 identical 57 lines
11-04 16:35:44.298   851  1031 W TrackingService: attachClient: found client in attached list
11-04 16:35:44.299   851  1186 W TrackingService: attachClient: found client in attached list
11-04 16:35:44.512   851  1186 I chatty  : uid=1000(system) Binder:851_3 identical 5 lines
11-04 16:35:44.549   851  1186 W TrackingService: attachClient: found client in attached list
11-04 16:35:44.551   851  1031 W TrackingService: attachClient: found client in attached list
11-04 16:35:44.939   851  1031 I chatty  : uid=1000(system) Binder:851_1 identical 12 lines
11-04 16:35:44.970   851  1031 W TrackingService: attachClient: found client in attached list
11-04 16:35:44.971   851  1186 W TrackingService: attachClient: found client in attached list
11-04 16:35:45.460   851  1186 I chatty  : uid=1000(system) Binder:851_3 identical 13 lines
11-04 16:35:45.461   851  1186 W TrackingService: attachClient: found client in attached list
11-04 16:35:45.504   851  1186 D TrackingService: getSharedMemory: com.YourCompany.TemplateProject2#6712, HeadTracker
11-04 16:35:45.506   851  1186 W TrackingService: attachClient: found client in attached list
11-04 16:35:45.676   851  1186 I chatty  : uid=1000(system) Binder:851_3 identical 4 lines
11-04 16:35:45.720   851  1186 W TrackingService: attachClient: found client in attached list
11-04 16:35:45.721   851  1031 W TrackingService: attachClient: found client in attached list
11-04 16:35:45.892   851  1031 I chatty  : uid=1000(system) Binder:851_1 identical 5 lines
11-04 16:35:45.930   851  1031 W TrackingService: attachClient: found client in attached list
11-04 16:35:45.931   851  1186 W TrackingService: attachClient: found client in attached list
11-04 16:35:50.328   851  1186 I chatty  : uid=1000(system) Binder:851_3 identical 145 lines
11-04 16:35:50.374   851  1186 W TrackingService: attachClient: found client in attached list
11-04 16:35:50.375   851  1031 W TrackingService: attachClient: found client in attached list
11-04 16:35:51.629   851  1031 I chatty  : uid=1000(system) Binder:851_1 identical 40 lines
11-04 16:35:51.648   851  1031 W TrackingService: attachClient: found client in attached list
11-04 16:35:51.649   851  1186 W TrackingService: attachClient: found client in attached list
11-04 16:35:55.426   851  1186 I chatty  : uid=1000(system) Binder:851_3 identical 131 lines
11-04 16:35:55.443   851  1186 W TrackingService: attachClient: found client in attached list
11-04 16:35:55.444   851  1031 W TrackingService: attachClient: found client in attached list
11-04 16:35:58.003   851  1031 I chatty  : uid=1000(system) Binder:851_1 identical 93 lines
11-04 16:35:58.026   851  1031 W TrackingService: attachClient: found client in attached list
11-04 16:35:58.034   736   909 I SyncBossHAL: [info   ] syncboss_hal_powerstate.c(50): Reporting powerstate event: PROX_ON
11-04 16:35:58.035  1044  1340 I PowerManagerService: Waking up from Asleep (uid=1000, reason=WAKE_REASON_UNKNOWN, details=VrPwMng:leave-standby)...
11-04 16:35:58.036  1044  1044 W UsageStatsService: Event reported without a package name, eventType:15
11-04 16:35:58.037  1044  1081 I DisplayPowerController: Blocking screen on until initial contents have been drawn.
11-04 16:35:58.037  1044  1081 D ActivityTaskManager: Top Process State changed to PROCESS_STATE_TOP
11-04 16:35:58.043   841  1354 D SensorClientUtils: Cancelling delayed transition to SLEEP
11-04 16:35:58.044   851  1031 D SensorClientUtils: Cancelling delayed transition to SLEEP
11-04 16:35:58.044   851  1031 D SensorClientUtils: Received transition request from SLEEP to RUNNING
11-04 16:35:58.045  1707  3654 D SensorClientUtils: Cancelling delayed transition to SLEEP
11-04 16:35:58.045  1707  3654 D SensorClientUtils: Received transition request from SLEEP to RUNNING
11-04 16:35:58.053   841  1354 D SensorClientUtils: Received transition request from SLEEP to RUNNING
11-04 16:35:58.065   851  1031 D SensorClientUtils: Executing transition from SLEEP to STANDBY
11-04 16:35:58.066  1044  5737 E AppOps  : startOperation
11-04 16:35:58.066  1044  5737 E AppOps  : java.lang.SecurityException: Specified package MrSystemService under uid 1000 but it is really -1
11-04 16:35:58.066  1044  5737 E AppOps  : 	at com.android.server.appop.AppOpsService.verifyAndGetIsPrivileged(AppOpsService.java:2654)
11-04 16:35:58.066  1044  5737 E AppOps  : 	at com.android.server.appop.AppOpsService.startOperation(AppOpsService.java:2235)
11-04 16:35:58.066  1044  5737 E AppOps  : 	at android.app.AppOpsManager.startOpNoThrow(AppOpsManager.java:5469)
11-04 16:35:58.066  1044  5737 E AppOps  : 	at android.app.AppOpsManager.startOpNoThrow(AppOpsManager.java:5450)
11-04 16:35:58.066  1044  5737 E AppOps  : 	at com.android.server.power.Notifier.onWakeLockAcquired(Notifier.java:224)
11-04 16:35:58.066  1044  5737 E AppOps  : 	at com.android.server.power.PowerManagerService.notifyWakeLockAcquiredLocked(PowerManagerService.java:1277)
11-04 16:35:58.066  1044  5737 E AppOps  : 	at com.android.server.power.PowerManagerService.acquireWakeLockInternal(PowerManagerService.java:1112)
11-04 16:35:58.066  1044  5737 E AppOps  : 	at com.android.server.power.PowerManagerService.access$3900(PowerManagerService.java:118)
11-04 16:35:58.066  1044  5737 E AppOps  : 	at com.android.server.power.PowerManagerService$BinderService.acquireWakeLock(PowerManagerService.java:4346)
11-04 16:35:58.066  1044  5737 E AppOps  : 	at android.os.IPowerManager$Stub.onTransact(IPowerManager.java:349)
11-04 16:35:58.066  1044  5737 E AppOps  : 	at android.os.Binder.execTransactInternal(Binder.java:1021)
11-04 16:35:58.066  1044  5737 E AppOps  : 	at android.os.Binder.execTransact(Binder.java:994)
11-04 16:35:58.066   841  1354 D SensorClientUtils: Executing transition from SLEEP to STANDBY
11-04 16:35:58.066   841  1354 D SensorClientUtils: Executing transition from STANDBY to RUNNING
11-04 16:35:58.066  1707  3654 D SensorClientUtils: Executing transition from SLEEP to STANDBY
11-04 16:35:58.066  1707  3654 D OVRRemoteService: ControllerGlue: setting expected mode to Streaming
11-04 16:35:58.066  1707  3654 D OVRRemoteService: ControllerGlue: Setting current mode to Streaming
11-04 16:35:58.066  1707  3654 D OVRRemoteService: ControllerGlue: leave mode Disabled
11-04 16:35:58.066  1707  3654 D OVRRemoteService: ControllerGlue: Setting mode to Streaming
11-04 16:35:58.066  1707  3654 D OVRRemoteService: ControllerGlue: enter mode Streaming
11-04 16:35:58.066   736  6196 D SensorService: ControllerProvider: acquiring StreamingSession
11-04 16:35:58.067   736  6196 D SensorService: SyncbossEventHandler: starting all streams
11-04 16:35:58.067   736  6884 D SensorService: SyncbossEventHandler::producerThreadFunc() start
11-04 16:35:58.067   736  6884 W SensorService: Data for sensor type HMD_IMU dropped because of failure to update clock drift from vsync. 1 drops in the last 0s.
11-04 16:35:58.069   851  1186 W TrackingService: attachClient: found client in attached list
11-04 16:35:58.071   736  6196 I SyncBossHAL: [info   ] syncboss_hal_impl_input.c(277): No pulsar frequency blocklist set
11-04 16:35:58.071   736  6196 I SyncBossHAL: [info   ] syncboss_hal_impl_input.c(304): No AFH behavior specified, enabled by default
11-04 16:35:58.071   736  6196 I SyncBossHAL: [info   ] syncboss_hal_impl_input.c(344): Input device auto-whitelisting disabled
11-04 16:35:58.072   851  1036 I TrackingService: [ vision_manager] SLEEP -> STANDBY transition time: 7 ms
11-04 16:35:58.073   851  1036 I TrackingService: [            iad] SLEEP -> STANDBY transition time: 0 ms
11-04 16:35:58.075  1044  1066 I DisplayManagerService: Display device changed state: "Built-in Screen", ON
11-04 16:35:58.077  1044  1665 W ContextImpl: Calling a method in the system process without a qualified user: android.app.ContextImpl.sendBroadcast:1057 com.android.server.audio.AudioService.setMicrophoneMuteNoCallerCheck:2893 com.android.server.audio.AudioService.setMicrophoneMute:2879 android.media.IAudioService$Stub.onTransact:1112 android.os.Binder.execTransactInternal:1021 
11-04 16:35:58.078   736  6196 D SensorService: ControllerProvider: acquiring StreamingClient impl; approx # alive: 1
11-04 16:35:58.078   736  6196 D libsensorscommon: ControllerProvider: acquiring StreamingClient hidl
11-04 16:35:58.080  1707  6889 D OVRRemoteService: processStateChange([PairedControllerInfo JEDI 729165a0fe4054d7 disconnected mcnt=0])
11-04 16:35:58.080  1707  6889 D OVRRemoteService: processStateChange([PairedControllerInfo JEDI 86557c336c360320 disconnected mcnt=0])
11-04 16:35:58.080  1707  3654 D OVRRemoteService: [controller] SLEEP -> STANDBY
11-04 16:35:58.080  1707  3654 D SensorClientUtils: Executing transition from STANDBY to RUNNING
11-04 16:35:58.080  1707  3654 D OVRRemoteService: [controller] STANDBY -> RUNNING
11-04 16:35:58.081   736  6883 D SensorService: stateChangeNotifierFunc(): Reporting controller info. Change token: 10, paired=2 connected=0
11-04 16:35:58.081  1707  6889 D OVRRemoteService: processStateChange([PairedControllerInfo JEDI 86557c336c360320 disconnected update-required mcnt=0])
11-04 16:35:58.081  1707  6889 D OVRRemoteService: processStateChange([PairedControllerInfo JEDI 729165a0fe4054d7 disconnected update-required mcnt=0])
11-04 16:35:58.091  1044  1081 I DisplayPowerController: Unblocked screen on after 54 ms
11-04 16:35:58.099   851  1036 I TrackingService: [           bolt] SLEEP -> STANDBY transition time: 26 ms
11-04 16:35:58.116   851  1186 W TrackingService: attachClient: found client in attached list
11-04 16:35:58.162   851  1186 I chatty  : uid=1000(system) Binder:851_3 identical 1 line
11-04 16:35:58.163   851  1186 W TrackingService: attachClient: found client in attached list
11-04 16:35:58.202   851  1036 I TrackingService: [            iot] SLEEP -> STANDBY transition time: 102 ms
11-04 16:35:58.202   851  6935 D TrackingService: starting IOT motion thread, imu batch dispatch enabled=false
11-04 16:35:58.202   851  1186 W TrackingService: attachClient: found client in attached list
11-04 16:35:58.204   851  1036 I TrackingService: ConstellationTrackingGlue: setEnableExtendedDeadreckoning to false
11-04 16:35:58.204   851  1036 I TrackingService: [  constellation] SLEEP -> STANDBY transition time: 2 ms
11-04 16:35:58.205   851  1036 I TrackingService: [selftracked_client] SLEEP -> STANDBY transition time: 0 ms
11-04 16:35:58.205   851  1036 I TrackingService: [           hand] SLEEP -> STANDBY transition time: 0 ms
11-04 16:35:58.206   851  1036 I TrackingService: [         object] SLEEP -> STANDBY transition time: 1 ms
11-04 16:35:58.206   851  1036 I TrackingService: [     controller] SLEEP -> STANDBY transition time: 0 ms
11-04 16:35:58.206   851  1036 I TrackingService: [ExposureControl] SLEEP -> STANDBY transition time: 0 ms
11-04 16:35:58.207   736  6196 D SensorService: ControllerProvider: acquiring StreamingClient impl; approx # alive: 2
11-04 16:35:58.207   851  1031 D TrackingService: setPowerState: STANDBY
11-04 16:35:58.207   736  6196 D libsensorscommon: ControllerProvider: acquiring StreamingClient hidl
11-04 16:35:58.207   851  1031 D SensorClientUtils: Executing transition from STANDBY to RUNNING
11-04 16:35:58.207   851  1036 I TrackingService: [ vision_manager] STANDBY -> RUNNING transition time: 0 ms
11-04 16:35:58.207  1707  6889 D OVRRemoteService: processStateChange([PairedControllerInfo JEDI 86557c336c360320 disconnected update-required mcnt=0])
11-04 16:35:58.207  1707  6889 D OVRRemoteService: processStateChange([PairedControllerInfo JEDI 729165a0fe4054d7 disconnected update-required mcnt=0])
11-04 16:35:58.207   851  1036 I TrackingService: [            iad] STANDBY -> RUNNING transition time: 0 ms
11-04 16:35:58.207   851  1036 I TrackingService: [           bolt] STANDBY -> RUNNING transition time: 0 ms
11-04 16:35:58.207  1707  3654 D RemoteService: RemoteService - Registering status callback
11-04 16:35:58.209   736  6196 I FrameSetDispatcher: [HEADSET] Client thread started
11-04 16:35:58.209   736  6196 I CameraClientManager: [HEADSET] Added client - started clients: 1
11-04 16:35:58.239   851  1186 W TrackingService: attachClient: found client in attached list
11-04 16:35:58.247   736  6884 W SensorService: Data for sensor type HMD_MAG dropped because of failure to update clock drift from vsync. 1 drops in the last 0s.
11-04 16:35:58.285   851  1186 W TrackingService: attachClient: found client in attached list
11-04 16:35:58.320   851  1186 I chatty  : uid=1000(system) Binder:851_3 identical 1 line
11-04 16:35:58.365   851  1186 W TrackingService: attachClient: found client in attached list
11-04 16:35:58.390   736  6196 I HollywoodCameraProvider: [HollywoodCameraProvider] Set cameras to 10 bpp (format 0x00000007)
11-04 16:35:58.395   736   901 I SyncBossHAL: [info   ] pulsar_manager.c(801): No IRLED tracked controllers connected/ready
11-04 16:35:58.400  1044  1081 W PowerManagerService: Screen on took 365 ms
11-04 16:35:58.411   851  1186 W TrackingService: attachClient: found client in attached list
11-04 16:35:58.413   851  1490 W TrackingService: attachClient: found client in attached list
11-04 16:35:58.447   851  1490 W TrackingService: attachClient: found client in attached list
11-04 16:35:58.448   851  1490 D TrackingService: getSharedMemory: com.oculus.systemdriver#1406, HeadTracker
11-04 16:35:58.449   851  1036 I TrackingService: [            iot] STANDBY -> RUNNING transition time: 242 ms
11-04 16:35:58.451   736  6196 I FrameSetDispatcher: [CONTROLLER] Client thread started
11-04 16:35:58.451   736  6196 I CameraClientManager: [CONTROLLER] Added client - started clients: 1
11-04 16:35:58.452   851  1036 I TrackingService: ConstellationTrackingGlue: setEnableExtendedDeadreckoning to false
11-04 16:35:58.452   851  1036 I TrackingService: [  constellation] STANDBY -> RUNNING transition time: 3 ms
11-04 16:35:58.452   851  1036 I TrackingService: [selftracked_client] STANDBY -> RUNNING transition time: 0 ms
11-04 16:35:58.452   851  1036 I TrackingService: [           hand] STANDBY -> RUNNING transition time: 0 ms
11-04 16:35:58.455   736  6196 I FrameSetDispatcher: [HEADSET] Client thread started
11-04 16:35:58.455   736  6196 I CameraClientManager: [HEADSET] Added client - started clients: 2
11-04 16:35:58.455   851  1036 I TrackingService: [         object] STANDBY -> RUNNING transition time: 2 ms
11-04 16:35:58.455   851  1036 I TrackingService: [     controller] STANDBY -> RUNNING transition time: 0 ms
11-04 16:35:58.459   851  1490 W TrackingService: attachClient: found client in attached list
11-04 16:35:58.474   851  1036 I TrackingService: Setting initial exposure: 0.005000, initial gain: 3.000000
11-04 16:35:58.476   736  1007 I FrameSetDispatcher: [HEADSET] Client thread started
11-04 16:35:58.476   736  1007 I CameraClientManager: [HEADSET] Added client - started clients: 3
11-04 16:35:58.476   851  1036 I TrackingService: [ExposureControl] STANDBY -> RUNNING transition time: 21 ms
11-04 16:35:58.476   851  1031 D TrackingService: setPowerState: RUNNING
11-04 16:35:58.506   851  1031 W TrackingService: attachClient: found client in attached list
11-04 16:35:58.507   851  1490 W TrackingService: attachClient: found client in attached list
11-04 16:35:58.508   851  1490 D TrackingService: getSharedMemory: com.oculus.mrservice#1824, HeadTracker
11-04 16:35:58.524   851  1490 W TrackingService: attachClient: found client in attached list
11-04 16:35:58.527   851  1490 D TrackingService: getSharedMemory: com.oculus.systemdriver, Controller
11-04 16:35:58.533   736  6961 W libsensorscommon: frameset capture timestamp out of spec by -2275480.00 ms. FrameType=CONTROLLER, observed=2275520000000 expected=40000000. FrameSyncPeriod is: 40.00 ms
11-04 16:35:58.553   851  1490 W TrackingService: attachClient: found client in attached list
11-04 16:35:58.599   851  1490 I chatty  : uid=1000(system) Binder:851_4 identical 1 line
11-04 16:35:58.626  1635  6956 W ContextImpl: Calling a method in the system process without a qualified user: android.app.ContextImpl.sendBroadcast:1057 android.content.ContextWrapper.sendBroadcast:448 X.o0.A00:133 X.nZ.A00:17 X.nZ.handleMessage:91 
11-04 16:35:58.639   851  1490 W TrackingService: attachClient: found client in attached list
11-04 16:35:58.677   736  6942 E FrameSetDispatcher: [HEADSET] Client pid=851 (851): Failed to read from receive FMQ for 1 packets in 5000ms.
11-04 16:35:58.677   736  6942 E FrameSetDispatcher: This probably means this client is taking more than 33 ms to process the frame.
11-04 16:35:58.677   736  6942 E FrameSetDispatcher: Retrying.
11-04 16:35:58.685   851  1490 W TrackingService: attachClient: found client in attached list
11-04 16:35:58.687   851  1031 W TrackingService: attachClient: found client in attached list
11-04 16:35:58.710   851  1031 W TrackingService: attachClient: found client in attached list
11-04 16:35:58.711   851  1031 D TrackingService: getSharedMemory: com.oculus.guardian#2954, HeadTracker
11-04 16:35:58.712   851  1031 W TrackingService: attachClient: found client in attached list
11-04 16:35:58.712   851  1031 D TrackingService: getSharedMemory: com.oculus.guardian, Controller
11-04 16:35:58.712   851  1031 W TrackingService: attachClient: found client in attached list
11-04 16:35:58.713   851  1031 D TrackingService: getSharedMemory: com.oculus.guardian, AnchorTracker
11-04 16:35:58.722   851  1031 W TrackingService: attachClient: found client in attached list
11-04 16:35:58.806   851  1031 I chatty  : uid=1000(system) Binder:851_1 identical 2 lines
11-04 16:35:58.817  1044  1666 E WindowManager: App trying to use insecure INPUT_FEATURE_NO_INPUT_CHANNEL flag. Ignoring
11-04 16:35:58.841   851  1031 W TrackingService: attachClient: found client in attached list
11-04 16:35:58.848   851  1031 D TrackingService: getSharedMemory: com.oculus.vrshell#2354, HeadTracker
11-04 16:35:58.853   851  1490 W TrackingService: attachClient: found client in attached list
11-04 16:35:58.919  1044  2578 I ActivityTaskManager: START u0 {act=android.intent.action.MAIN cmp=com.oculus.os.clearactivity/.ClearActivity (has extras)} from uid 10020
11-04 16:35:58.920  1044  2578 W ActivityTaskManager: startActivity called from non-Activity context; forcing Intent.FLAG_ACTIVITY_NEW_TASK for: Intent { act=android.intent.action.MAIN flg=0x800000 cmp=com.oculus.os.clearactivity/.ClearActivity (has extras) }
11-04 16:35:58.970  1044  1073 I ActivityManager: Start proc 6999:com.oculus.os.clearactivity/u0a72 for activity {com.oculus.os.clearactivity/com.oculus.os.clearactivity.ClearActivity}
11-04 16:35:59.041  1044  1666 E WindowManager: App trying to use insecure INPUT_FEATURE_NO_INPUT_CHANNEL flag. Ignoring
11-04 16:35:59.184   851  1490 I chatty  : uid=1000(system) Binder:851_4 identical 8 lines
11-04 16:35:59.230   851  1490 W TrackingService: attachClient: found client in attached list
11-04 16:35:59.232   851  1031 W TrackingService: attachClient: found client in attached list
11-04 16:35:59.459   851  1031 I chatty  : uid=1000(system) Binder:851_1 identical 5 lines
11-04 16:35:59.503   851  1031 W TrackingService: attachClient: found client in attached list
11-04 16:35:59.504   851  1490 W TrackingService: attachClient: found client in attached list
11-04 16:35:59.664  1635  6998 W ContextImpl: Calling a method in the system process without a qualified user: android.app.ContextImpl.sendBroadcast:1057 android.content.ContextWrapper.sendBroadcast:448 X.o0.A00:133 X.nZ.A00:17 X.nZ.handleMessage:91 
11-04 16:35:59.686  1044  5737 I ActivityTaskManager: START u0 {act=com.oculus.os.clearactivity.FINISH cmp=com.oculus.os.clearactivity/.ClearActivity (has extras)} from uid 10020
11-04 16:35:59.686  1044  5737 W ActivityTaskManager: startActivity called from non-Activity context; forcing Intent.FLAG_ACTIVITY_NEW_TASK for: Intent { act=com.oculus.os.clearactivity.FINISH flg=0x800000 cmp=com.oculus.os.clearactivity/.ClearActivity (has extras) }
11-04 16:35:59.732   851  1490 I chatty  : uid=1000(system) Binder:851_4 identical 5 lines
--------- beginning of main
11-04 16:35:59.744   749  5961 D AF::RecordHandle: OpRecordAudio: track:71 uid:10033 pkg:com.oculus.xrstreamingclient usage:0 muted
11-04 16:35:59.744   749  1191 D AF::RecordHandle: OpRecordAudio: track:75 uid:10032 pkg:com.oculus.horizon usage:0 not muted
11-04 16:35:59.746   749  6331 D AF::RecordHandle: OpRecordAudio: track:56 uid:10014 pkg:com.oculus.shellenv usage:0 muted
11-04 16:35:59.746   749  6331 D AF::RecordHandle: OpRecordAudio: track:56 uid:10014 pkg:com.oculus.shellenv usage:0 muted
11-04 16:35:59.747   721  4619 D msm8974_platform: platform_split_snd_device: snd_device(22) num devices(1) new_snd_devices(0)
11-04 16:35:59.747   721  4619 D ACDB-LOADER: ACDB -> send_audvoltable
11-04 16:35:59.747   721  4619 D ACDB-LOADER: ACDB -> ACDB_CMD_GET_AUDPROC_INSTANCE_GAIN_DEP_STEP_TABLE_SIZE
11-04 16:35:59.747   721  4619 D         : Failed to fetch the lookup information of the device 0000000F 
11-04 16:35:59.747   721  4619 D ACDB-LOADER: Error: ACDB_CMD_GET_AUDPROC_INSTANCE_GAIN_DEP_STEP_TABLE_SIZE Returned = -19
11-04 16:35:59.748   721  4619 D ACDB-LOADER: ACDB -> ACDB_CMD_GET_AUDPROC_INSTANCE_GAIN_DEP_STEP_TABLE, vol index 7
11-04 16:35:59.748   721  4619 D         : Failed to fetch the lookup information of the device 0000000F 
11-04 16:35:59.748   721  4619 D ACDB-LOADER: Error: ACDB AudProc vol returned = -19
11-04 16:35:59.748   721  4619 D ACDB-LOADER: ACDB -> AUDIO_SET_VOL_CAL cal type = 40
11-04 16:35:59.750  3523  3523 D [SUI] ActivityManagerUtilsHelper: onFocusedWindowChanged: Instance: com.oculus.panelapp.anytimeui.utils.ActivityManagerUtilsHelper@7d53704, topWindowUid: 10128, focusedApp: com.YourCompany.TemplateProject2, previousApp: com.oculus.os.clearactivity
11-04 16:35:59.764  2208  2208 W OVRLibrary: null cursor received for query content://com.oculus.ocms.library/apps/com.YourCompany.TemplateProject2
11-04 16:35:59.765  2208  2208 I OVRMediaServiceManager: Sending onAppStart (com.YourCompany.TemplateProject2) to SocialPlatform (com.oculus.socialplatform)
11-04 16:35:59.772  3523  3523 W OVRLibrary: null cursor received for query content://com.oculus.ocms.library/apps/com.oculus.os.clearactivity
11-04 16:35:59.773   851  1490 W TrackingService: attachClient: found client in attached list
11-04 16:35:59.773  3523  3523 D [SUI] ActivityManagerUtilsHelper: onFocusedWindowChanged: Instance: com.oculus.panelapp.anytimeui.utils.ActivityManagerUtilsHelper@9fed38c, topWindowUid: 10128, focusedApp: com.YourCompany.TemplateProject2, previousApp: com.oculus.os.clearactivity
11-04 16:35:59.774  3523  3523 D [SUI] ActivityManagerUtilsHelper: onForegroundActivitiesChanged: Instance: com.oculus.panelapp.anytimeui.utils.ActivityManagerUtilsHelper@9fed38c, Pid: 6999, Tid: 10072, foregroundActivities: false, foreground app: com.YourCompany.TemplateProject2, previous app: com.oculus.os.clearactivity
11-04 16:35:59.774   851  1031 W TrackingService: attachClient: found client in attached list
11-04 16:35:59.774  3523  3523 D [SUI] ActivityManagerUtilsHelper: onForegroundActivitiesChanged: Instance: com.oculus.panelapp.anytimeui.utils.ActivityManagerUtilsHelper@7d53704, Pid: 6999, Tid: 10072, foregroundActivities: false, foreground app: com.YourCompany.TemplateProject2, previous app: com.oculus.os.clearactivity
11-04 16:35:59.791  2954  3032 I GuardianSystem: UpdateGuardianSystemState: Flags2 changed: 33, 49, SYSTEM_2_DIRECTIONAL_PASSTHROUGH_ENABLED,SYSTEM_2_SHOULD_PUSH_BLACK to SYSTEM_2_DIRECTIONAL_PASSTHROUGH_ENABLED,SYSTEM_2_LOADING_DOTS,SYSTEM_2_SHOULD_PUSH_BLACK
11-04 16:35:59.794  2208  2208 E OVRMediaServiceManager: LivestreamingManager Not initialized
11-04 16:35:59.798  2208  2855 W OVRLibrary: null cursor received for query content://com.oculus.ocms.library/apps/com.YourCompany.TemplateProject2
11-04 16:35:59.809  3523  6718 W OVRLibrary: null cursor received for query content://com.oculus.ocms.library/apps/com.YourCompany.TemplateProject2
11-04 16:35:59.809  3523  7030 W OVRLibrary: null cursor received for query content://com.oculus.ocms.library/apps/com.oculus.os.clearactivity
11-04 16:35:59.981   851  1031 I chatty  : uid=1000(system) Binder:851_1 identical 5 lines
11-04 16:36:00.008  1044  1056 I system_server: NativeAlloc concurrent copying GC freed 73214(3778KB) AllocSpace objects, 58(1560KB) LOS objects, 42% free, 11MB/20MB, paused 63us total 175.630ms
11-04 16:36:00.027   851  1031 W TrackingService: attachClient: found client in attached list
11-04 16:36:00.028   851  1490 W TrackingService: attachClient: found client in attached list
11-04 16:36:00.091  1406  6957 I chatty  : uid=10025(com.oculus.systemdriver) OVR::TimeWarp expire 58 lines
11-04 16:36:00.211  2630  7038 W OVRLibrary: null cursor received for query content://com.oculus.ocms.library/apps/com.YourCompany.TemplateProject2
11-04 16:36:00.378  2954  3032 I [CT]    : GuardianMapDataMgr: CheckRelocalizationStatus: Relocalization done
11-04 16:36:00.378  1406  3031 I chatty  : uid=10025(com.oculus.systemdriver) Thread-14 expire 10 lines
11-04 16:36:00.379  2954  3032 I GuardianSystem: UpdateGuardianSystemState: Flags changed: 528384, 524288, SYSTEM_RELOCALIZING,SYSTEM_GUARDIAN_VALID to SYSTEM_GUARDIAN_VALID
11-04 16:36:00.379  2954  3032 I GuardianSystem: UpdateLocalSpaceToCurrentPose
11-04 16:36:00.379  2954  3032 I GuardianSystem: UpdateSystem: Responding to local space version number change.
11-04 16:36:00.379  2954  3032 I GuardianSurfaceMgr: ForceShowSurfaceBounds: Soft fade out: currentTime 2279.68, ForceShowTime 2280.68, ForceShowFadeTime 2281.68
11-04 16:36:00.379  2954  3032 I GuardianSystem: ForceShowGuardian: false, 1.00
11-04 16:36:00.418  2954  3032 I StateMachine: StateMachine::Update GuardianInitializationStateMachine: finishedRelocalizingEvent -> Valid_NoBlack
11-04 16:36:00.419  2954  3032 I StateMachine: StateMachine::Update ForceShow: forceShowForTime -> ForceShowOnForTime
11-04 16:36:00.459  2954  3032 I GuardianSystem: ForceShowGuardian: false, 3.00
11-04 16:36:00.460  2954  3032 I GuardianSystem: UpdateGuardianSystemState: Flags changed: 524288, 532480, SYSTEM_GUARDIAN_VALID to SYSTEM_GUARDIAN_VISIBLE,SYSTEM_GUARDIAN_VALID
11-04 16:36:00.460  2954  3032 I GuardianSystem: UpdateGuardianSystemState: Flags2 changed: 49, 1, SYSTEM_2_DIRECTIONAL_PASSTHROUGH_ENABLED,SYSTEM_2_LOADING_DOTS,SYSTEM_2_SHOULD_PUSH_BLACK to SYSTEM_2_DIRECTIONAL_PASSTHROUGH_ENABLED
11-04 16:36:00.466  1406  2649 I chatty  : uid=10025(com.oculus.systemdriver) ClientRequest expire 35 lines
11-04 16:36:00.469  2954  3032 W GuardianOpenXrMgr: @@@ wait frame retry=10 dtWait=0.000001 dtFrame=758.227362 submittedFrameIndex=-1
11-04 16:36:00.475  1824  3311 I [CT]    : MIXEDREALITY: MrServiceModel: Hibernating caller (most likely rendering thread) due to commandQueue being empty.
11-04 16:36:00.475  2954  3327 I VrRuntimeClient: UpdateEvents: HMT was mounted
11-04 16:36:00.479   851  1490 I chatty  : uid=1000(system) Binder:851_4 identical 12 lines
11-04 16:36:00.519   851  1490 W TrackingService: attachClient: found client in attached list
11-04 16:36:00.521   851  1031 W TrackingService: attachClient: found client in attached list
11-04 16:36:00.614  6064  6129 I chatty  : uid=10033(com.oculus.xrstreamingclient) XRS_AudioData expire 9 lines
11-04 16:36:00.732   851  1031 I chatty  : uid=1000(system) Binder:851_1 identical 5 lines
11-04 16:36:00.771   851  1031 W TrackingService: attachClient: found client in attached list
11-04 16:36:00.772   851  1490 W TrackingService: attachClient: found client in attached list
11-04 16:36:00.861  1635  7040 W ContextImpl: Calling a method in the system process without a qualified user: android.app.ContextImpl.sendBroadcast:1057 android.content.ContextWrapper.sendBroadcast:448 X.o0.A00:133 X.nZ.A00:17 X.nZ.handleMessage:91 
11-04 16:36:01.023   851  1490 I chatty  : uid=1000(system) Binder:851_4 identical 7 lines
11-04 16:36:01.032   851  1490 W TrackingService: attachClient: found client in attached list
11-04 16:36:01.074   851  1490 I TrackingService: Unregistering client by ITrackingService.unregisterClient
11-04 16:36:01.074   851  1490 I TrackingService: Failed to unregister client because client not found in registered list
11-04 16:36:01.074   851  1490 I chatty  : uid=1000(system) Binder:851_4 identical 8 lines
11-04 16:36:01.074   851  1490 I TrackingService: Failed to unregister client because client not found in registered list
11-04 16:36:01.074   851  1490 D TrackingService: unregister: com.YourCompany.TemplateProject2
11-04 16:36:01.078   851  1490 W TrackingService: attachClient: found client in attached list
11-04 16:36:01.086  1406  6788 I chatty  : uid=10025(com.oculus.systemdriver) com.oculus.vrruntimeservice expire 16 lines
11-04 16:36:01.108  1508  1508 V AvrcpMediaPlayerList: onPlaybackConfigChanged(): Configs list size=8
11-04 16:36:01.120  1044  5737 I ActivityTaskManager: Activity reported stop, but no longer stopping: ActivityRecord{6f2e952 u0 com.YourCompany.TemplateProject2/com.epicgames.ue4.GameActivity t178}
11-04 16:36:01.127   721  4619 D msm8974_platform: platform_split_snd_device: snd_device(22) num devices(1) new_snd_devices(0)
11-04 16:36:01.127   721  4619 D ACDB-LOADER: ACDB -> send_audvoltable
11-04 16:36:01.127   721  4619 D ACDB-LOADER: ACDB -> ACDB_CMD_GET_AUDPROC_INSTANCE_GAIN_DEP_STEP_TABLE_SIZE
11-04 16:36:01.127   721  4619 D         : Failed to fetch the lookup information of the device 0000000F 
11-04 16:36:01.127   721  4619 D ACDB-LOADER: Error: ACDB_CMD_GET_AUDPROC_INSTANCE_GAIN_DEP_STEP_TABLE_SIZE Returned = -19
11-04 16:36:01.127   721  4619 D ACDB-LOADER: ACDB -> ACDB_CMD_GET_AUDPROC_INSTANCE_GAIN_DEP_STEP_TABLE, vol index 1
11-04 16:36:01.127   721  4619 D         : Failed to fetch the lookup information of the device 0000000F 
11-04 16:36:01.127   721  4619 D ACDB-LOADER: Error: ACDB AudProc vol returned = -19
11-04 16:36:01.127   721  4619 D ACDB-LOADER: ACDB -> AUDIO_SET_VOL_CAL cal type = 40
11-04 16:36:01.131  1044  5737 D WindowManager: relayoutVisibleWindow: Window{b587475 u0 com.YourCompany.TemplateProject2/com.epicgames.ue4.GameActivity EXITING} mAnimatingExit=true, mRemoveOnExit=false, mDestroying=false
11-04 16:36:01.132  1406  1406 I chatty  : uid=10025(com.oculus.systemdriver) com.oculus.vrruntimeservice expire 3 lines
11-04 16:36:01.138  6712  6746 I chatty  : uid=10128(com.YourCompany.TemplateProject2) expire 5 lines
11-04 16:36:01.148   851  1490 I chatty  : uid=1000(system) Binder:851_4 identical 2 lines
11-04 16:36:01.148  2208  2571 W OVRLibrary: null cursor received for query content://com.oculus.ocms.library/apps/com.YourCompany.TemplateProject2
11-04 16:36:01.149  2208  2208 W OVRLibrary: null cursor received for query content://com.oculus.ocms.library/apps/com.YourCompany.TemplateProject2
11-04 16:36:01.149  2208  2208 I OVRMediaServiceManager: Sending onAppStart (com.YourCompany.TemplateProject2) to SocialPlatform (com.oculus.socialplatform)
11-04 16:36:01.166  2208  2208 E OVRMediaServiceManager: LivestreamingManager Not initialized
11-04 16:36:01.192   851  1490 W TrackingService: attachClient: found client in attached list
11-04 16:36:01.209   721   889 D msm8974_platform: platform_split_snd_device: snd_device(22) num devices(1) new_snd_devices(0)
11-04 16:36:01.209   721   889 D ACDB-LOADER: ACDB -> send_audvoltable
11-04 16:36:01.209   721   889 D ACDB-LOADER: ACDB -> ACDB_CMD_GET_AUDPROC_INSTANCE_GAIN_DEP_STEP_TABLE_SIZE
11-04 16:36:01.209   721   889 D         : Failed to fetch the lookup information of the device 0000000F 
11-04 16:36:01.209   721   889 D ACDB-LOADER: Error: ACDB_CMD_GET_AUDPROC_INSTANCE_GAIN_DEP_STEP_TABLE_SIZE Returned = -19
11-04 16:36:01.209   721   889 D ACDB-LOADER: ACDB -> ACDB_CMD_GET_AUDPROC_INSTANCE_GAIN_DEP_STEP_TABLE, vol index 0
11-04 16:36:01.209   721   889 D         : Failed to fetch the lookup information of the device 0000000F 
11-04 16:36:01.209   721   889 D ACDB-LOADER: Error: ACDB AudProc vol returned = -19
11-04 16:36:01.209   721   889 D ACDB-LOADER: ACDB -> AUDIO_SET_VOL_CAL cal type = 40
11-04 16:36:01.210   721  4619 D msm8974_platform: platform_split_snd_device: snd_device(22) num devices(1) new_snd_devices(0)
11-04 16:36:01.213  6712  6745 I chatty  : uid=10128(com.YourCompany.TemplateProject2) expire 180 lines
11-04 16:36:01.224  6712  6745 D HeadsetReceiver: getCurrentHeadsetState: false
11-04 16:36:01.224  6712  6745 I DeviceStatus: nativeHeadsetEvent(0)
11-04 16:36:01.224  6712  6745 I VrRuntimeClient: SetCompositorClientFeatureFlag ClientFeatureFlag 0 
11-04 16:36:01.225  6712  6745 I LogTimer: CPUTIME: VrRuntimeClient_BeginSession took 6.6220 ms
11-04 16:36:01.225  6712  6745 I ClientInputInterface: DEADRECKONING SetControllerTrackingExtendedDeadreckoning 0
11-04 16:36:01.225  6712  6745 I ClientInputSettings: HANDTRACKING package name is com.YourCompany.TemplateProject2
11-04 16:36:01.228  6712  6745 I ClientInputSettings: HANDTRACKING: feature flag set to 0
11-04 16:36:01.228  6712  6745 I ClientInputInterface: HANDTRACKING sethandmanifest 0
11-04 16:36:01.228  6712  6745 I InputHooks_Internal: Enabling Native Input Hooks
11-04 16:36:01.228  6712  6745 I InputDeviceManager: ovrInputDeviceManager::Initialize
11-04 16:36:01.229  6712  6745 D OsSdk   : TrackingServiceConnection registered
11-04 16:36:01.229  6712  7045 I InputDeviceManager: HANDTRACKING Pointer filter profile changed to: 0
11-04 16:36:01.229  6712  7045 I InputDeviceManager: HANDTRACKING Pointer filter profile changed to: 0
11-04 16:36:01.229  6712  7045 I InputDeviceManager: HANDTRACKING Root pose filter profile changed for (version, freq) to (1, 1) from (1,2)
11-04 16:36:01.230   851  1031 D TrackingService: getSharedMemory: com.YourCompany.TemplateProject2, HeadTracker
11-04 16:36:01.231  6712  6745 I Distortion: Initializing Mesh Decenter Correction
11-04 16:36:01.232   838  1015 E CalibrationProvider: loadCalibration(LDISP_SN) failed: Calibration store didn't load any info
11-04 16:36:01.232   838  1015 E CalibrationProvider: loadCalibration(RDISP_SN) failed: Calibration store didn't load any info
11-04 16:36:01.232  6712  6745 I Distortion: SetLensPositions - iad=0.0629942, left offset=-0.000263762,-0.00102733, right offset=0.000142928,-0.00104481
11-04 16:36:01.232  6712  6745 I Distortion: Initializing Mesh Decenter Correction
11-04 16:36:01.233   838  1015 E CalibrationProvider: loadCalibration(LDISP_SN) failed: Calibration store didn't load any info
11-04 16:36:01.233   838  1015 E CalibrationProvider: loadCalibration(RDISP_SN) failed: Calibration store didn't load any info
11-04 16:36:01.233  6712  6745 I Distortion: SetLensPositions - iad=0.0629942, left offset=-0.000263762,-0.00102733, right offset=0.000142928,-0.00104481
11-04 16:36:01.234  6712  6745 I Distortion: Created custom distortion mesh.
11-04 16:36:01.234  6712  6745 I VrApi   : ovrModeParms::VRAPI_MODE_FLAG_RESET_WINDOW_FULLSCREEN = 1
11-04 16:36:01.234  6712  6745 I VrApi   : ovrModeParms::VRAPI_MODE_FLAG_NATIVE_WINDOW = 1
11-04 16:36:01.234  6712  6745 I VrApi   : ovrModeParms::VRAPI_MODE_FLAG_FRONT_BUFFER_SRGB = 1
11-04 16:36:01.234  6712  6745 I VrApi   : ovrModeParms::VRAPI_MODE_FLAG_PHASE_SYNC = 0
11-04 16:36:01.234  6712  6745 I VrApi   : ovrModeParms::VRAPI_MODE_FLAG_APP_SPACE_WARP = 0
11-04 16:36:01.234  6712  6745 I VrRuntimeClient: SetPhaseSyncMode 0
11-04 16:36:01.234  6712  6745 I VrApi   : PhaseSync disabled
11-04 16:36:01.234  6712  6745 I VrApi   : HMD sensor attached.
11-04 16:36:01.234  6712  6745 D VrRuntimeClient: pokeGuardianUserServiceForThisClient: com.YourCompany.TemplateProject2:10128
11-04 16:36:01.235  6712  6745 D VrRuntimeClient: VrRuntimeClient: getClientWindow: activity client
11-04 16:36:01.235  2954  2954 D VrGuardianUserService: onStartCommandIntent { act=FOREGROUND_CLIENT cmp=com.oculus.guardian/com.oculus.vrguardianservice.VrGuardianUserService (has extras) }
11-04 16:36:01.235  2954  2954 D VrGuardianUserService: maybeSubscribeDeviceConfig
11-04 16:36:01.235  2954  2954 D VrGuardianUserService: onStartCommand FOREGROUND_CLIENT user = 0
11-04 16:36:01.236  2954  2954 D VrGuardianService: setCurrentUser() called with: userId = [0]
11-04 16:36:01.236  2954  2954 I VrGuardianService: nativeSetCurrentUser userid = 0
11-04 16:36:01.236  2954  2954 I GuardianSystem: GuardianSystem::SetCurrentUser: 0 
11-04 16:36:01.237   851  1031 W TrackingService: attachClient: found client in attached list
11-04 16:36:01.240   851  1490 W TrackingService: attachClient: found client in attached list
11-04 16:36:01.241  2208  2208 I OVRMediaService: onStartCommand Received message type: set_package_name, caller package: no_app_identity, app identify: null
11-04 16:36:01.243  6712  6745 I ScreenCaptureHelper: Advertising com.YourCompany.TemplateProject2 as streamable
11-04 16:36:01.243  2208  2208 I OVRMediaService: Got package name intent (com.YourCompany.TemplateProject2)
11-04 16:36:01.243  6712  6745 I VrApi   : Creating Default swapchain
11-04 16:36:01.243  6712  6745 I VrApi   : Creating Loading Icon swapchain
11-04 16:36:01.243  6712  6745 I VrApi   : OVR::Stats thread started
11-04 16:36:01.243  6712  6745 I XrRuntimeUtils: XrRuntimeUtils::CreateSession
11-04 16:36:01.243  6712  6745 I VrApi   : Initial BaseVsync 224 
11-04 16:36:01.243  6712  6745 I XrRuntimeUtils: XrRuntimeUtils::BeginSession
11-04 16:36:01.243  6712  6745 I XrRuntimeSystem_Client: BeginSession
11-04 16:36:01.243  6712  6745 I VrApi   : ---------- vrapi_EnterVrMode [end] ----------
11-04 16:36:01.243  6712  6745 I ClientInputSettings: EatNativeGamepadEvents = false
11-04 16:36:01.243  6712  6745 D OVRPlugin: Registering utility receivers.
11-04 16:36:01.243  6712  6745 D UE4     : [GameActivity] Registering volume receiver
11-04 16:36:01.245  6712  6745 D UE4     : [GameActivity] startVolumeReceiver: 8
11-04 16:36:01.245  6712  6745 D UE4     : nativeVolumeEvent(8)
11-04 16:36:01.245  6712  6745 D UE4     : [GameActivity] Registering battery receiver
11-04 16:36:01.245  6712  7048 D VrApi   : targetSDKVersion 29
11-04 16:36:01.247  2208  2208 W OVRLibrary: null cursor received for query content://com.oculus.ocms.library/apps/com.YourCompany.TemplateProject2
11-04 16:36:01.247  2208  2208 I OVRMediaServiceManager: Sending onAppStart (com.YourCompany.TemplateProject2) to SocialPlatform (com.oculus.socialplatform)
11-04 16:36:01.248  6712  6745 D UE4     : [GameActivity] Registering headset receiver
11-04 16:36:01.248  3150  3150 I chatty  : uid=10020(com.oculus.vrshell) ShellMain expire 14 lines
11-04 16:36:01.250  6712  6745 D UE4     : [GameActivity] startHeadsetReceiver: 0
11-04 16:36:01.250  6712  6745 D UE4     : nativeHeadsetEvent(0)
11-04 16:36:01.250  6712  6745 D UE4     : [2022.11.04-16.36.01:250][  8]LogCore: Display: AppLifetime: Application has entered foreground
11-04 16:36:01.250  6712  6745 D UE4     : [2022.11.04-16.36.01:250][  8]LogTcpMessaging: Initializing TcpMessaging bridge, listening on 127.0.0.1:6666
11-04 16:36:01.251  6712  7048 I JniUtils: ovr_GetCurrentPackageSignature 
11-04 16:36:01.251  6712  6745 D UE4     : [2022.11.04-16.36.01:251][  8]LogUdpMessaging: Initializing bridge on interface 0.0.0.0:0 to multicast group 230.0.0.1:6666.
11-04 16:36:01.252  6712  7048 I Metrics : device name = Oculus Quest
11-04 16:36:01.252  6712  6745 D UE4     : [2022.11.04-16.36.01:252][  8]LogCore: Display: AppLifetime: Application has reactivated
11-04 16:36:01.252  6712  6745 D UE4     : [2022.11.04-16.36.01:252][  8]LogTemp: Android resume audio
11-04 16:36:01.252  6712  6745 D UE4     : [2022.11.04-16.36.01:252][  8]LogAudioMixerAndroid: Display: Resuming android audio renderer
11-04 16:36:01.255  2954  3032 I GuardianSystem: runtimeServiceSDKClient_.ForceShowGuardianEvent
11-04 16:36:01.255  2954  3032 I GuardianSystem: ForceShowGuardian: false, 0.00
11-04 16:36:01.255  1508  1508 V AvrcpMediaPlayerList: onPlaybackConfigChanged(): Configs list size=8
11-04 16:36:01.264  6712  6745 I OVRPlugin: HandleVrapiEvents: Unknown Event.
11-04 16:36:01.264  6712  6745 I OVRPlugin: HandleVrapiEvents: Unknown Event.
11-04 16:36:01.264  6712  6810 D UE4     : [2022.11.04-16.36.01:264][  8]LogAndroid: AndroidEGL::ResizeRenderContextSurface, PImplData->Window=0xc185b008, PImplData->eglWidth=8, PImplData->eglHeight=8!, CachedWidth=3664, CachedHeight=1920, tid: 6810
11-04 16:36:01.264  6712  6810 D UE4     : AndroidEGL::UnBindRender()
11-04 16:36:01.264  6712  6810 D UE4     : AndroidEGL::ResetDisplay()
11-04 16:36:01.265  6712  6810 D UE4     : AndroidEGL::DestroyRenderSurface()
11-04 16:36:01.265  6712  6810 D UE4     : AndroidEGL::InitRenderSurface 0, 0
11-04 16:36:01.265  6712  6810 D UE4     : AndroidEGL::InitRenderSurface, Using CachedWindowRect, width: 3664, height 1920 
11-04 16:36:01.265  6712  6810 D UE4     : AndroidEGL::InitRenderSurface, Using width: 3664, height 1920 
11-04 16:36:01.265  6712  6810 D UE4     : AndroidEGL::InitRenderSurface, wnd: 0xc185b008, width: 3664, height 1920 
11-04 16:36:01.265  6712  6810 D UE4     : AndroidEGL::CreateEGLRenderSurface(0), eglSurface = eglCreatePbufferSurface(), 8x8
11-04 16:36:01.266  6712  6745 D UE4     : EngineMemoryWarningHandler: Mem Used 297.47 MB, Texture Memory 7.52 MB, Render Target memory 146.32 MB, OS Free 2411.07 MB
11-04 16:36:01.268  2954  3032 I StateMachine: StateMachine::Update ForceShow: stopForceShow -> ForceShowOff
11-04 16:36:01.269  2954  3032 I GuardianSystem: UpdateGuardianSystemState: Flags changed: 532480, 524288, SYSTEM_GUARDIAN_VISIBLE,SYSTEM_GUARDIAN_VALID to SYSTEM_GUARDIAN_VALID
11-04 16:36:01.272  2208  2208 E OVRMediaServiceManager: LivestreamingManager Not initialized
11-04 16:36:01.273  6712  6810 D UE4     : AndroidEGL::  ReleaseContextOwnership,  thread releasing rendering context tid: 6810
11-04 16:36:01.273  6712  6810 D UE4     : AndroidEGL::ResetDisplay()
11-04 16:36:01.273  6712  6866 D UE4     : *** JavaEnvDestructor: 6866
11-04 16:36:01.275  6712  6810 D UE4     : [2022.11.04-16.36.01:275][  8]LogHMD: Error: FOculusHMDModule::GetPluginWrapper().BeginFrame4 0 failed (-1003)
11-04 16:36:01.279  6712  6810 D UE4     : [2022.11.04-16.36.01:279][  9]LogHMD: Error: FOculusHMDModule::GetPluginWrapper().BeginFrame4 1 failed (-1003)
11-04 16:36:01.283  6712  6810 D UE4     : [2022.11.04-16.36.01:283][ 10]LogHMD: Error: FOculusHMDModule::GetPluginWrapper().BeginFrame4 2 failed (-1003)
11-04 16:36:01.283   721  4619 D msm8974_platform: platform_split_snd_device: snd_device(22) num devices(1) new_snd_devices(0)
11-04 16:36:01.283   721  4619 D ACDB-LOADER: ACDB -> send_audvoltable
11-04 16:36:01.283   721  4619 D ACDB-LOADER: ACDB -> ACDB_CMD_GET_AUDPROC_INSTANCE_GAIN_DEP_STEP_TABLE_SIZE
11-04 16:36:01.283   721  4619 D         : Failed to fetch the lookup information of the device 0000000F 
11-04 16:36:01.283   721  4619 D ACDB-LOADER: Error: ACDB_CMD_GET_AUDPROC_INSTANCE_GAIN_DEP_STEP_TABLE_SIZE Returned = -19
11-04 16:36:01.283   721  4619 D ACDB-LOADER: ACDB -> ACDB_CMD_GET_AUDPROC_INSTANCE_GAIN_DEP_STEP_TABLE, vol index 1
11-04 16:36:01.283   721  4619 D         : Failed to fetch the lookup information of the device 0000000F 
11-04 16:36:01.283   721  4619 D ACDB-LOADER: Error: ACDB AudProc vol returned = -19
11-04 16:36:01.283   721  4619 D ACDB-LOADER: ACDB -> AUDIO_SET_VOL_CAL cal type = 40
11-04 16:36:01.283   721   889 D msm8974_platform: platform_split_snd_device: snd_device(22) num devices(1) new_snd_devices(0)
11-04 16:36:01.283   721   889 D ACDB-LOADER: ACDB -> send_audvoltable
11-04 16:36:01.283   721   889 D ACDB-LOADER: ACDB -> ACDB_CMD_GET_AUDPROC_INSTANCE_GAIN_DEP_STEP_TABLE_SIZE
11-04 16:36:01.283   721   889 D         : Failed to fetch the lookup information of the device 0000000F 
11-04 16:36:01.283   721   889 D ACDB-LOADER: Error: ACDB_CMD_GET_AUDPROC_INSTANCE_GAIN_DEP_STEP_TABLE_SIZE Returned = -19
11-04 16:36:01.283   721   889 D ACDB-LOADER: ACDB -> ACDB_CMD_GET_AUDPROC_INSTANCE_GAIN_DEP_STEP_TABLE, vol index 7
11-04 16:36:01.283   721   889 D         : Failed to fetch the lookup information of the device 0000000F 
11-04 16:36:01.283   721   889 D ACDB-LOADER: Error: ACDB AudProc vol returned = -19
11-04 16:36:01.283   721   889 D ACDB-LOADER: ACDB -> AUDIO_SET_VOL_CAL cal type = 40
11-04 16:36:01.287  6712  6810 D UE4     : [2022.11.04-16.36.01:287][ 11]LogHMD: Error: FOculusHMDModule::GetPluginWrapper().BeginFrame4 3 failed (-1003)
11-04 16:36:01.292  6712  6810 D UE4     : [2022.11.04-16.36.01:292][ 13]LogHMD: Error: FOculusHMDModule::GetPluginWrapper().BeginFrame4 4 failed (-1003)
11-04 16:36:01.296  6712  6810 D UE4     : [2022.11.04-16.36.01:296][ 13]LogHMD: Error: FOculusHMDModule::GetPluginWrapper().BeginFrame4 5 failed (-1003)
11-04 16:36:01.300  6712  6810 D UE4     : [2022.11.04-16.36.01:300][ 14]LogHMD: Error: FOculusHMDModule::GetPluginWrapper().BeginFrame4 6 failed (-1003)
11-04 16:36:01.304  6712  6810 D UE4     : [2022.11.04-16.36.01:304][ 15]LogHMD: Error: FOculusHMDModule::GetPluginWrapper().BeginFrame4 7 failed (-1003)
11-04 16:36:01.308  6712  6810 D UE4     : [2022.11.04-16.36.01:308][ 16]LogHMD: Error: FOculusHMDModule::GetPluginWrapper().BeginFrame4 8 failed (-1003)
11-04 16:36:01.313  6712  6810 D UE4     : [2022.11.04-16.36.01:313][ 17]LogHMD: Error: FOculusHMDModule::GetPluginWrapper().BeginFrame4 9 failed (-1003)
11-04 16:36:01.316  6712  6810 D UE4     : [2022.11.04-16.36.01:316][ 18]LogHMD: Error: FOculusHMDModule::GetPluginWrapper().BeginFrame4 10 failed (-1003)
11-04 16:36:01.321  6712  6810 D UE4     : [2022.11.04-16.36.01:321][ 19]LogHMD: Error: FOculusHMDModule::GetPluginWrapper().BeginFrame4 11 failed (-1003)
11-04 16:36:01.334  6712  7062 I FenceChecker: FenceChecker::MainLoop - started
11-04 16:36:01.394  2954  3032 I GuardianSystem: runtimeServiceSDKClient_.ForceShowGuardianEvent
11-04 16:36:01.394  2954  3032 I GuardianSystem: ForceShowGuardian: false, 0.00
11-04 16:36:01.401  2954  3348 I Telemetry: App memory usage: PSS=34 MiB, PrivateDirty=25 MiB, PrivateClean=3 MiB, GPU=3.8/4.0 MiB (96% allocated)
11-04 16:36:01.439   851  1490 I chatty  : uid=1000(system) Binder:851_4 identical 5 lines
11-04 16:36:01.475   851  1490 W TrackingService: attachClient: found client in attached list
11-04 16:36:01.477   851  1031 W TrackingService: attachClient: found client in attached list
11-04 16:36:01.485   736   893 I SyncBossHAL: [info   ] syncboss_hal_impl_input.c(1060): Pulsar connected devices state change: 5
11-04 16:36:01.487   582   610 I SyncBossFW: 2278472 [info   ] {WIHO}: Pulsar device connected 86557c336c360320 (type: 9001401, connection id: 0x5)
11-04 16:36:01.518  1044  1469 D WificondControl: Scan result ready event
11-04 16:36:01.519   851  1031 W TrackingService: attachClient: found client in attached list
11-04 16:36:01.547   736   901 I SyncBossHAL: [info   ] pulsar_manager.c(396): 86557c33xxxxxxxx: Configuring IR LED to ontime = 34, period = 40000, delay = -9
11-04 16:36:01.553   736   901 I SyncBossHAL: [info   ] pulsar_manager.c(343): Finished getting cache data for controller
11-04 16:36:01.553   736   901 I SyncBossHAL:     id            : 86557c33xxxxxxxx
11-04 16:36:01.553   736   901 I SyncBossHAL:     pulsar_type   : 0x09001401
11-04 16:36:01.553   736   901 I SyncBossHAL:     connection id : 0x5
11-04 16:36:01.553   736   901 I SyncBossHAL:     fw ver        : 1.9.0
11-04 16:36:01.553   736   901 I SyncBossHAL:     spl ver       : 1.5.1
11-04 16:36:01.553   736   901 I SyncBossHAL:     serial        : 1WMHCLE3D42127
11-04 16:36:01.553   736   901 I SyncBossHAL:     handedness    : left
11-04 16:36:01.553   736   901 I SyncBossHAL:     battery state : 80%
11-04 16:36:01.553   736   901 I SyncBossHAL: [info   ] pulsar_manager.c(360): Jedi-specific cache data:
11-04 16:36:01.553   736   901 I SyncBossHAL:     captouch ver  : 1.9.0
