03-05 17:26:59.027   707 11202 E soundtrigger: audio_extn_sound_trigger_update_ec_ref_status: st_dev NULL
03-05 17:26:59.027   707 11202 D audio_route: Apply path: echo-reference
03-05 17:26:59.027   707 11202 D msm8974_platform: platform_set_echo_reference: enabling echo-reference
03-05 17:26:59.027   707 11202 D audio_hw_utils: audio_extn_utils_send_app_type_cfg: usecase->in_snd_device handset-mic-aec-ns
03-05 17:26:59.027   707 11202 D msm8974_platform: platform_split_snd_device: snd_device(134) num devices(0) new_snd_devices(0)
03-05 17:26:59.027   707 11202 D audio_hw_utils: audio_extn_btsco_get_sample_rate:Not a BT SCO device, need not update sampling rate
03-05 17:26:59.027   707 11202 I audio_hw_utils: send_app_type_cfg_for_device CAPTURE app_type 69938, acdb_dev_id 4, sample_rate 32000, snd_device_be_idx 44
03-05 17:26:59.028   707 11202 D msm8974_platform: platform_split_snd_device: snd_device(134) num devices(1) new_snd_devices(0)
03-05 17:26:59.028   707 11202 D audio_hw_utils: audio_extn_btsco_get_sample_rate:Not a BT SCO device, need not update sampling rate
03-05 17:26:59.028   707 11202 D ACDB-LOADER: ACDB -> send_audio_cal, acdb_id = 4, path = 1, app id = 0x11132, sample rate = 32000, afe_sample_rate = 48000
03-05 17:26:59.028   707 11202 D ACDB-LOADER: ACDB -> send_asm_topology
03-05 17:26:59.028   707 11202 D ACDB-LOADER: ACDB -> ACDB_CMD_GET_AUDPROC_STREAM_TOPOLOGY_ID
03-05 17:26:59.028   707 11202 D ACDB-LOADER: ACDB -> send_adm_topology
03-05 17:26:59.028   707 11202 D ACDB-LOADER: ACDB -> ACDB_CMD_GET_AUDPROC_COMMON_TOPOLOGY_ID
03-05 17:26:59.028   707 11202 D ACDB-LOADER: ACDB -> send_audtable
03-05 17:26:59.028   707 11202 D ACDB-LOADER: ACDB -> ACDB_CMD_GET_AUDPROC_INSTANCE_COMMON_TABLE_SIZE
03-05 17:26:59.028   707 11202 D ACDB-LOADER: ACDB -> ACDB_CMD_GET_AUDPROC_INSTANCE_COMMON_TABLE
03-05 17:26:59.028   707 11202 D ACDB-LOADER: ACDB -> AUDIO_SET_AUDPROC_CAL cal_type[11] acdb_id[4] app_type[69938]
03-05 17:26:59.028   707 11202 D ACDB-LOADER: check_fnn_usecase_status: fnn usecase active 0
03-05 17:26:59.028   707 11202 D ACDB-LOADER: ACDB -> ACDB_CMD_GET_PERSISTENT_AUDPROC_INSTANCE_COMMON_TABLE_SIZE
03-05 17:26:59.028   707 11202 D         : [Data Manager]-> No data found
03-05 17:26:59.028   707 11202 D ACDB-LOADER: Error: ACDB_CMD_GET_PERSISTENT_AUDPROC_INSTANCE_COMMON_TABLE_SIZE returned -18
03-05 17:26:59.028   707 11202 D ACDB-LOADER: ACDB -> send_audproc_persist_table -18 
03-05 17:26:59.028   707 11202 D ACDB-LOADER: Error: Invalid Audproc persist size = -18
03-05 17:26:59.028   707 11202 D ACDB-LOADER: ACDB -> ACDB_CMD_GET_AUDPROC_INSTANCE_STREAM_TABLE_SIZE
03-05 17:26:59.028   707 11202 D ACDB-LOADER: ACDB -> send_audstrmtable
03-05 17:26:59.028   707 11202 D ACDB-LOADER: ACDB -> ACDB_CMD_GET_AUDPROC_INSTANCE_STREAM_TABLE
03-05 17:26:59.028   707 11202 D ACDB-LOADER: ACDB -> audstrm_cal->cal_type.cal_data.cal_size = 20
03-05 17:26:59.028   707 11202 D ACDB-LOADER: ACDB -> send_afe_topology
03-05 17:26:59.028   707 11202 D ACDB-LOADER: ACDB -> ACDB_CMD_GET_AFE_TOPOLOGY_ID
03-05 17:26:59.028   707 11202 D ACDB-LOADER: ACDB -> GET_AFE_TOPOLOGY_ID for adcd_id 4, Topology Id 112fb
03-05 17:26:59.028   707 11202 D ACDB-LOADER: ACDB -> send_afe_cal
03-05 17:26:59.028   707 11202 D ACDB-LOADER: ACDB -> ACDB_CMD_GET_AFE_INSTANCE_COMMON_TABLE_SIZE
03-05 17:26:59.028   707 11202 D         : Failed to fetch the lookup information of the device 00000004 
03-05 17:26:59.028   707 11202 D ACDB-LOADER: Error: ACDB_CMD_GET_AFE_INSTANCE_COMMON_TABLE_SIZE Returned = -19
03-05 17:26:59.028   707 11202 D ACDB-LOADER: ACDB -> ACDB_CMD_GET_AFE_INSTANCE_COMMON_TABLE
03-05 17:26:59.028   707 11202 D         : Failed to fetch the lookup information of the device 00000004 
03-05 17:26:59.028   707 11202 D ACDB-LOADER: Error: ACDB AFE returned = -19
03-05 17:26:59.028   707 11202 D ACDB-LOADER: ACDB -> AUDIO_SET_AFE_CAL cal_type[17] acdb_id[4]
03-05 17:26:59.028   707 11202 D ACDB-LOADER: ACDB -> send_hw_delay : acdb_id = 4 path = 1
03-05 17:26:59.028   707 11202 D ACDB-LOADER: ACDB -> ACDB_AVSYNC_INFO: ACDB_CMD_GET_DEVICE_PROPERTY
03-05 17:26:59.028   707 11202 I audio_hw_primary: enable_audio_route: apply mixer and update path: audio-record
03-05 17:26:59.028   707 11202 D audio_route: Apply path: audio-record
03-05 17:26:59.029   707 11202 D audio_hw_primary: select_devices: done
03-05 17:26:59.029  9292  9397 W REFLECT [RUNTIMEIPC]: UpdateServerStateValue name:'RigidBodyStates' buffer == nullptr
03-05 17:26:59.030  1254 10864 W CompositorClient: FrameTiming: firstDisplayVsync for client 12 (isPrimary=1) FrameIndex = 15523 is outrageously early 8895, base 5553, flushing
03-05 17:26:59.035  9292  9397 W REFLECT [RUNTIMEIPC]: UpdateServerStateValue name:'RigidBodyStates' buffer == nullptr
03-05 17:26:59.039  1254 10864 W CompositorClient: FrameTiming: firstDisplayVsync for client 12 (isPrimary=1) FrameIndex = 15523 is outrageously early 8895, base 5553, flushing
03-05 17:26:59.040  9292  9397 W REFLECT [RUNTIMEIPC]: UpdateServerStateValue name:'RigidBodyStates' buffer == nullptr
03-05 17:26:59.042   707 11202 D audio_hw_primary: start_input_stream: exit
03-05 17:26:59.044  1254 10864 W CompositorClient: FrameTiming: firstDisplayVsync for client 12 (isPrimary=1) FrameIndex = 15523 is outrageously early 8895, base 5554, flushing
03-05 17:26:59.045  9292  9397 W REFLECT [RUNTIMEIPC]: UpdateServerStateValue name:'RigidBodyStates' buffer == nullptr
03-05 17:26:59.050  9292  9397 W REFLECT [RUNTIMEIPC]: UpdateServerStateValue name:'RigidBodyStates' buffer == nullptr
03-05 17:26:59.052  2505 11214 E DeviceConfigVersionMapBuilder: Something went wrong when building version map.
03-05 17:26:59.052  1254 10864 W CompositorClient: FrameTiming: firstDisplayVsync for client 12 (isPrimary=1) FrameIndex = 15523 is outrageously early 8895, base 5554, flushing
03-05 17:26:59.052  2505 11214 E DeviceConfigVersionMapBuilder: Something went wrong when building version map.
03-05 17:26:59.055  9292  9397 W REFLECT [RUNTIMEIPC]: UpdateServerStateValue name:'RigidBodyStates' buffer == nullptr
03-05 17:26:59.055  2505 11214 E DeviceConfigVersionMapBuilder: Something went wrong when building version map.
03-05 17:26:59.057  2505 11214 I chatty  : uid=10046(com.oculus.socialplatform) OkHttp Dispatch identical 2 lines
03-05 17:26:59.058  2505 11214 E DeviceConfigVersionMapBuilder: Something went wrong when building version map.
03-05 17:26:59.058  1254 10864 W CompositorClient: FrameTiming: firstDisplayVsync for client 12 (isPrimary=1) FrameIndex = 15523 is outrageously early 8895, base 5555, flushing
03-05 17:26:59.059  2505 11214 E DeviceConfigVersionMapBuilder: Something went wrong when building version map.
03-05 17:26:59.060  2505 11214 E DeviceConfigVersionMapBuilder: Something went wrong when building version map.
03-05 17:26:59.060  9292  9397 W REFLECT [RUNTIMEIPC]: UpdateServerStateValue name:'RigidBodyStates' buffer == nullptr
03-05 17:26:59.061  2505 11214 E DeviceConfigVersionMapBuilder: Something went wrong when building version map.
03-05 17:26:59.063  2505 11214 I chatty  : uid=10046(com.oculus.socialplatform) OkHttp Dispatch identical 7 lines
03-05 17:26:59.063  2505 11214 E DeviceConfigVersionMapBuilder: Something went wrong when building version map.
03-05 17:26:59.065  9292  9397 W REFLECT [RUNTIMEIPC]: UpdateServerStateValue name:'RigidBodyStates' buffer == nullptr
03-05 17:26:59.065  9292  9397 W REFLECT [RUNTIMEIPC]: UpdateServerStateValue name:'AnchorStates' buffer == nullptr
03-05 17:26:59.066  2505 11214 E DeviceConfigVersionMapBuilder: Something went wrong when building version map.
03-05 17:26:59.066  1254 10864 W CompositorClient: FrameTiming: firstDisplayVsync for client 12 (isPrimary=1) FrameIndex = 15523 is outrageously early 8895, base 5555, flushing
03-05 17:26:59.068  2505 11214 E DeviceConfigVersionMapBuilder: Something went wrong when building version map.
03-05 17:26:59.070  2505 11214 I chatty  : uid=10046(com.oculus.socialplatform) OkHttp Dispatch identical 6 lines
03-05 17:26:59.070  2505 11214 E DeviceConfigVersionMapBuilder: Something went wrong when building version map.
03-05 17:26:59.070  9292  9397 W REFLECT [RUNTIMEIPC]: UpdateServerStateValue name:'RigidBodyStates' buffer == nullptr
03-05 17:26:59.072  1254 10864 W CompositorClient: FrameTiming: firstDisplayVsync for client 12 (isPrimary=1) FrameIndex = 15523 is outrageously early 8895, base 5556, flushing
03-05 17:26:59.075  9292  9397 W REFLECT [RUNTIMEIPC]: UpdateServerStateValue name:'RigidBodyStates' buffer == nullptr
03-05 17:26:59.077  1054  1078 W ActivityTaskManager: Activity top resumed state loss timeout for ActivityRecord{449fef u0 com.YourCompany.TemplateProject3/com.epicgames.ue4.GameActivity t-1 f}
03-05 17:26:59.080  1254 10864 W CompositorClient: FrameTiming: firstDisplayVsync for client 12 (isPrimary=1) FrameIndex = 15523 is outrageously early 8895, base 5556, flushing
03-05 17:26:59.081  9292  9397 W REFLECT [RUNTIMEIPC]: UpdateServerStateValue name:'RigidBodyStates' buffer == nullptr
03-05 17:26:59.086  9292  9397 W REFLECT [RUNTIMEIPC]: UpdateServerStateValue name:'RigidBodyStates' buffer == nullptr
03-05 17:26:59.086  1254 10864 W CompositorClient: FrameTiming: firstDisplayVsync for client 12 (isPrimary=1) FrameIndex = 15523 is outrageously early 8895, base 5557, flushing
03-05 17:26:59.091  9292  9397 W REFLECT [RUNTIMEIPC]: UpdateServerStateValue name:'RigidBodyStates' buffer == nullptr
03-05 17:26:59.094  1254 10864 W CompositorClient: FrameTiming: firstDisplayVsync for client 12 (isPrimary=1) FrameIndex = 15523 is outrageously early 8895, base 5557, flushing
03-05 17:26:59.096  9292  9397 W REFLECT [RUNTIMEIPC]: UpdateServerStateValue name:'RigidBodyStates' buffer == nullptr
03-05 17:26:59.096  9292  9397 W REFLECT [RUNTIMEIPC]: UpdateServerStateValue name:'AnchorStates' buffer == nullptr
03-05 17:26:59.100  1254 10864 W CompositorClient: FrameTiming: firstDisplayVsync for client 12 (isPrimary=1) FrameIndex = 15523 is outrageously early 8895, base 5558, flushing
03-05 17:26:59.101  9292  9397 W REFLECT [RUNTIMEIPC]: UpdateServerStateValue name:'RigidBodyStates' buffer == nullptr
03-05 17:26:59.106  9292  9397 W REFLECT [RUNTIMEIPC]: UpdateServerStateValue name:'RigidBodyStates' buffer == nullptr
03-05 17:26:59.108  1254 10864 W CompositorClient: FrameTiming: firstDisplayVsync for client 12 (isPrimary=1) FrameIndex = 15523 is outrageously early 8895, base 5558, flushing
03-05 17:26:59.111  9292  9397 W REFLECT [RUNTIMEIPC]: UpdateServerStateValue name:'RigidBodyStates' buffer == nullptr
03-05 17:26:59.113  1254 10864 I CompositorVR: SetSchedFifo( tid=9319, pol=2, pri=0 ) succeeded
03-05 17:26:59.113  1254 10864 I CompositorVR: SetSchedFifo( tid=11213, pol=2, pri=0 ) succeeded
03-05 17:26:59.114  1254 10864 W CompositorClient: FrameTiming: firstDisplayVsync for client 12 (isPrimary=1) FrameIndex = 15523 is outrageously early 8895, base 5559, flushing
03-05 17:26:59.116  9292  9397 W REFLECT [RUNTIMEIPC]: UpdateServerStateValue name:'RigidBodyStates' buffer == nullptr
03-05 17:26:59.121  9292  9397 W REFLECT [RUNTIMEIPC]: UpdateServerStateValue name:'RigidBodyStates' buffer == nullptr
03-05 17:26:59.122  1254 10864 W CompositorClient: FrameTiming: firstDisplayVsync for client 12 (isPrimary=1) FrameIndex = 15523 is outrageously early 8895, base 5559, flushing
03-05 17:26:59.127  9292  9397 W REFLECT [RUNTIMEIPC]: UpdateServerStateValue name:'RigidBodyStates' buffer == nullptr
03-05 17:26:59.127  9292  9397 W REFLECT [RUNTIMEIPC]: UpdateServerStateValue name:'AnchorStates' buffer == nullptr
03-05 17:26:59.128  1254 10864 W CompositorClient: FrameTiming: firstDisplayVsync for client 12 (isPrimary=1) FrameIndex = 15523 is outrageously early 8895, base 5560, flushing
03-05 17:26:59.132  9292  9397 W REFLECT [RUNTIMEIPC]: UpdateServerStateValue name:'RigidBodyStates' buffer == nullptr
03-05 17:26:59.136  1254 10864 W CompositorClient: FrameTiming: firstDisplayVsync for client 12 (isPrimary=1) FrameIndex = 15523 is outrageously early 8895, base 5560, flushing
03-05 17:26:59.137  9292  9397 W REFLECT [RUNTIMEIPC]: UpdateServerStateValue name:'RigidBodyStates' buffer == nullptr
03-05 17:26:59.142  1254 10864 W CompositorClient: FrameTiming: firstDisplayVsync for client 12 (isPrimary=1) FrameIndex = 15523 is outrageously early 8895, base 5561, flushing
03-05 17:26:59.142  9292  9397 W REFLECT [RUNTIMEIPC]: UpdateServerStateValue name:'RigidBodyStates' buffer == nullptr
03-05 17:26:59.147  9292  9397 W REFLECT [RUNTIMEIPC]: UpdateServerStateValue name:'RigidBodyStates' buffer == nullptr
03-05 17:26:59.150  1254 10864 W CompositorClient: FrameTiming: firstDisplayVsync for client 12 (isPrimary=1) FrameIndex = 15523 is outrageously early 8895, base 5561, flushing
03-05 17:26:59.152  9292  9397 W REFLECT [RUNTIMEIPC]: UpdateServerStateValue name:'RigidBodyStates' buffer == nullptr
03-05 17:26:59.156  1254 10864 W CompositorClient: FrameTiming: firstDisplayVsync for client 12 (isPrimary=1) FrameIndex = 15523 is outrageously early 8895, base 5562, flushing
03-05 17:26:59.157  9292  9397 W REFLECT [RUNTIMEIPC]: UpdateServerStateValue name:'RigidBodyStates' buffer == nullptr
03-05 17:26:59.162  9292  9397 W REFLECT [RUNTIMEIPC]: UpdateServerStateValue name:'RigidBodyStates' buffer == nullptr
03-05 17:26:59.164  1254 10864 W CompositorClient: FrameTiming: firstDisplayVsync for client 12 (isPrimary=1) FrameIndex = 15523 is outrageously early 8895, base 5562, flushing
03-05 17:26:59.167  9292  9397 W REFLECT [RUNTIMEIPC]: UpdateServerStateValue name:'RigidBodyStates' buffer == nullptr
03-05 17:26:59.170  1254 10864 W CompositorClient: FrameTiming: firstDisplayVsync for client 12 (isPrimary=1) FrameIndex = 15523 is outrageously early 8895, base 5563, flushing
03-05 17:26:59.172  9292  9397 W REFLECT [RUNTIMEIPC]: UpdateServerStateValue name:'RigidBodyStates' buffer == nullptr
03-05 17:26:59.178  9292  9397 W REFLECT [RUNTIMEIPC]: UpdateServerStateValue name:'RigidBodyStates' buffer == nullptr
03-05 17:26:59.178  1254 10864 W CompositorClient: FrameTiming: firstDisplayVsync for client 12 (isPrimary=1) FrameIndex = 15523 is outrageously early 8895, base 5563, flushing
03-05 17:26:59.183  9292  9397 W REFLECT [RUNTIMEIPC]: UpdateServerStateValue name:'RigidBodyStates' buffer == nullptr
03-05 17:26:59.183  1254 10864 W CompositorClient: FrameTiming: firstDisplayVsync for client 12 (isPrimary=1) FrameIndex = 15523 is outrageously early 8895, base 5564, flushing
03-05 17:26:59.188  9292  9397 W REFLECT [RUNTIMEIPC]: UpdateServerStateValue name:'RigidBodyStates' buffer == nullptr
03-05 17:26:59.188  9292  9397 W REFLECT [RUNTIMEIPC]: UpdateServerStateValue name:'AnchorStates' buffer == nullptr
03-05 17:26:59.192  1254 10864 W CompositorClient: FrameTiming: firstDisplayVsync for client 12 (isPrimary=1) FrameIndex = 15523 is outrageously early 8895, base 5564, flushing
03-05 17:26:59.193  9292  9397 W REFLECT [RUNTIMEIPC]: UpdateServerStateValue name:'RigidBodyStates' buffer == nullptr
03-05 17:26:59.197  1254 10864 W CompositorClient: FrameTiming: firstDisplayVsync for client 12 (isPrimary=1) FrameIndex = 15523 is outrageously early 8895, base 5565, flushing
03-05 17:26:59.198  9292  9397 W REFLECT [RUNTIMEIPC]: UpdateServerStateValue name:'RigidBodyStates' buffer == nullptr
03-05 17:26:59.203  9292  9397 W REFLECT [RUNTIMEIPC]: UpdateServerStateValue name:'RigidBodyStates' buffer == nullptr
03-05 17:26:59.206  1254 10864 W CompositorClient: FrameTiming: firstDisplayVsync for client 12 (isPrimary=1) FrameIndex = 15523 is outrageously early 8895, base 5565, flushing
03-05 17:26:59.208  9292  9397 W REFLECT [RUNTIMEIPC]: UpdateServerStateValue name:'RigidBodyStates' buffer == nullptr
03-05 17:26:59.211  1254 10864 W CompositorClient: FrameTiming: firstDisplayVsync for client 12 (isPrimary=1) FrameIndex = 15523 is outrageously early 8895, base 5566, flushing
03-05 17:26:59.213  9292  9397 W REFLECT [RUNTIMEIPC]: UpdateServerStateValue name:'RigidBodyStates' buffer == nullptr
03-05 17:26:59.218  9292  9397 W REFLECT [RUNTIMEIPC]: UpdateServerStateValue name:'RigidBodyStates' buffer == nullptr
03-05 17:26:59.218  9292  9397 W REFLECT [RUNTIMEIPC]: UpdateServerStateValue name:'AnchorStates' buffer == nullptr
03-05 17:26:59.220  1254 10864 W CompositorClient: FrameTiming: firstDisplayVsync for client 12 (isPrimary=1) FrameIndex = 15523 is outrageously early 8895, base 5566, flushing
03-05 17:26:59.223  9292  9397 W REFLECT [RUNTIMEIPC]: UpdateServerStateValue name:'RigidBodyStates' buffer == nullptr
03-05 17:26:59.225  1254 10864 W CompositorClient: FrameTiming: firstDisplayVsync for client 12 (isPrimary=1) FrameIndex = 15523 is outrageously early 8895, base 5567, flushing
03-05 17:26:59.229  9292  9397 W REFLECT [RUNTIMEIPC]: UpdateServerStateValue name:'RigidBodyStates' buffer == nullptr
03-05 17:26:59.233  1254 10864 W CompositorClient: FrameTiming: firstDisplayVsync for client 12 (isPrimary=1) FrameIndex = 15523 is outrageously early 8895, base 5567, flushing
03-05 17:26:59.234  9292  9397 W REFLECT [RUNTIMEIPC]: UpdateServerStateValue name:'RigidBodyStates' buffer == nullptr
03-05 17:26:59.239  9292  9397 W REFLECT [RUNTIMEIPC]: UpdateServerStateValue name:'RigidBodyStates' buffer == nullptr
03-05 17:26:59.239  1254 10864 W CompositorClient: FrameTiming: firstDisplayVsync for client 12 (isPrimary=1) FrameIndex = 15523 is outrageously early 8895, base 5568, flushing
03-05 17:26:59.244  9292  9397 W REFLECT [RUNTIMEIPC]: UpdateServerStateValue name:'RigidBodyStates' buffer == nullptr
03-05 17:26:59.247  1254 10864 W CompositorClient: FrameTiming: firstDisplayVsync for client 12 (isPrimary=1) FrameIndex = 15523 is outrageously early 8895, base 5568, flushing
03-05 17:26:59.249  9292  9397 W REFLECT [RUNTIMEIPC]: UpdateServerStateValue name:'RigidBodyStates' buffer == nullptr
03-05 17:26:59.249  9292  9397 W REFLECT [RUNTIMEIPC]: UpdateServerStateValue name:'AnchorStates' buffer == nullptr
03-05 17:26:59.253  1254 10864 W CompositorClient: FrameTiming: firstDisplayVsync for client 12 (isPrimary=1) FrameIndex = 15523 is outrageously early 8895, base 5569, flushing
03-05 17:26:59.254  9292  9397 W REFLECT [RUNTIMEIPC]: UpdateServerStateValue name:'RigidBodyStates' buffer == nullptr
03-05 17:26:59.259  9292  9397 W REFLECT [RUNTIMEIPC]: UpdateServerStateValue name:'RigidBodyStates' buffer == nullptr
03-05 17:26:59.261  1254 10864 W CompositorClient: FrameTiming: firstDisplayVsync for client 12 (isPrimary=1) FrameIndex = 15523 is outrageously early 8895, base 5569, flushing
03-05 17:26:59.264  9292  9397 W REFLECT [RUNTIMEIPC]: UpdateServerStateValue name:'RigidBodyStates' buffer == nullptr
03-05 17:26:59.267  1254 10864 W CompositorClient: FrameTiming: firstDisplayVsync for client 12 (isPrimary=1) FrameIndex = 15523 is outrageously early 8895, base 5570, flushing
03-05 17:26:59.269  9292  9397 W REFLECT [RUNTIMEIPC]: UpdateServerStateValue name:'RigidBodyStates' buffer == nullptr
03-05 17:26:59.275  9292  9397 W REFLECT [RUNTIMEIPC]: UpdateServerStateValue name:'RigidBodyStates' buffer == nullptr
03-05 17:26:59.275  1254 10864 W CompositorClient: FrameTiming: firstDisplayVsync for client 12 (isPrimary=1) FrameIndex = 15523 is outrageously early 8895, base 5570, flushing
03-05 17:26:59.280  9292  9397 W REFLECT [RUNTIMEIPC]: UpdateServerStateValue name:'RigidBodyStates' buffer == nullptr
03-05 17:26:59.281  1254 10864 W CompositorClient: FrameTiming: firstDisplayVsync for client 12 (isPrimary=1) FrameIndex = 15523 is outrageously early 8895, base 5571, flushing
03-05 17:26:59.285  9292  9397 W REFLECT [RUNTIMEIPC]: UpdateServerStateValue name:'RigidBodyStates' buffer == nullptr
03-05 17:26:59.289  1254 10864 W CompositorClient: FrameTiming: firstDisplayVsync for client 12 (isPrimary=1) FrameIndex = 15523 is outrageously early 8895, base 5571, flushing
03-05 17:26:59.290  9292  9397 W REFLECT [RUNTIMEIPC]: UpdateServerStateValue name:'RigidBodyStates' buffer == nullptr
03-05 17:26:59.294  9292  9319 W xrstreaming: App retrieved a 0-value for app GPU frametime on frame FI:15524: Substituting dummy value 4.000000ms
03-05 17:26:59.294  9292  9319 I xrstreaming: Frame arrived 242.052635 after deadline, frame drop to prevent submit offset (forced:0)
03-05 17:26:59.294  9292  9319 E xrstreaming: no data for PI:41659, FI:13666
03-05 17:26:59.294  9292  9319 D xrstreaming: Frame 41672 decoded, delta in prediction time: -250.000000ms
03-05 17:26:59.294  9292  9319 D xrstreaming: Glitches: 2, Mispredicts: 3, Deadline: -242.05ms, Transmission:  4.79ms, Pipeline Prediction Delta MA:  2.20ms
03-05 17:26:59.294  9292  9319 D xrstreaming: Rectify: Frame using rectify meshId = 1001
03-05 17:26:59.295  9292  9397 W REFLECT [RUNTIMEIPC]: UpdateServerStateValue name:'RigidBodyStates' buffer == nullptr
03-05 17:26:59.295  1254 10864 W CompositorClient: FrameTiming: firstDisplayVsync for client 12 (isPrimary=1) FrameIndex = 15523 is outrageously early 8895, base 5572, flushing
03-05 17:26:59.298  9292  9319 W xrstreaming: App retrieved a 0-value for app GPU frametime on frame FI:15525: Substituting dummy value 4.000000ms
03-05 17:26:59.298  9292  9319 W xrstreaming: Inconsistent transmission begin for PI:41674: frameData 8383.254815 vs decodeTiming 8383.255838
03-05 17:26:59.300  9292  9397 W REFLECT [RUNTIMEIPC]: UpdateServerStateValue name:'RigidBodyStates' buffer == nullptr
03-05 17:26:59.302  9292  9319 W VrApi   : ovr_SubmitFrameInternal: FrameIndex discontinuity: Expected 15524, Received 15525
03-05 17:26:59.302  1254 10864 W CompositorClient: FrameTiming: firstDisplayVsync for client 12 (isPrimary=1) FrameIndex = 15523 is outrageously early 8895, base 5572, flushing
03-05 17:26:59.303  9292  9319 E xrstreaming: no data for PI:41660, FI:13667
03-05 17:26:59.303  1254 10864 W CompositorClient: FrameTiming: firstDisplayVsync for client 12 (isPrimary=1) FrameIndex = 15524 is outrageously early 8895, base 5572, flushing
03-05 17:26:59.305  9292  9397 W REFLECT [RUNTIMEIPC]: UpdateServerStateValue name:'RigidBodyStates' buffer == nullptr
03-05 17:26:59.306  1254 10864 I CompositorProgs: loaded binary layerProgram 0:0x4050002:0x40000000 in 2.9 ms
03-05 17:26:59.308  1254 10864 I CompositorVR: SetSchedFifo( tid=9319, pol=3, pri=0 ) succeeded
03-05 17:26:59.308  1254 10864 I CompositorVR: SetSchedFifo( tid=11213, pol=3, pri=0 ) succeeded
03-05 17:26:59.310  9292  9397 W REFLECT [RUNTIMEIPC]: UpdateServerStateValue name:'RigidBodyStates' buffer == nullptr
03-05 17:26:59.310  9292  9397 W REFLECT [RUNTIMEIPC]: UpdateServerStateValue name:'AnchorStates' buffer == nullptr
03-05 17:26:59.311  1254 10864 W CompositorClient: FrameTiming: firstDisplayVsync for client 12 (isPrimary=1) FrameIndex = 15524 is outrageously early 8895, base 5573, flushing
03-05 17:26:59.315  1254  2384 I VrRuntimeServer: DisableCompositorClient: 0
03-05 17:26:59.315  1254  2384 I CompositorClientMgr: Disable client 0
03-05 17:26:59.315  9292  9397 W REFLECT [RUNTIMEIPC]: UpdateServerStateValue name:'RigidBodyStates' buffer == nullptr
03-05 17:26:59.315  1254  2384 I CompositorClientMgr: DisableClient: frame flush required: 1
03-05 17:26:59.317  1254 10864 W CompositorClient: FrameTiming: firstDisplayVsync for client 12 (isPrimary=1) FrameIndex = 15524 is outrageously early 8895, base 5573, flushing
03-05 17:26:59.320  9292  9397 W REFLECT [RUNTIMEIPC]: UpdateServerStateValue name:'RigidBodyStates' buffer == nullptr
03-05 17:26:59.323  1254 10864 I CompositorProgs: [0x79d2f6a8e0] Built layerProgram 0:0x100000048082:0x0 in 6.0 ms
03-05 17:26:59.326  9292  9397 W REFLECT [RUNTIMEIPC]: UpdateServerStateValue name:'RigidBodyStates' buffer == nullptr
03-05 17:26:59.326  9292  9319 W xrstreaming: App retrieved a 0-value for app GPU frametime on frame FI:15526: Substituting dummy value 4.000000ms
03-05 17:26:59.326  2769  2987 I GuardianSystem: [GuardianSystem::InitializeRuntimeEventHandlers] runtimeServiceSDKClient_.ForceShowGuardianEvent
03-05 17:26:59.326  2769  2987 I GuardianSystem: ForceShowGuardian: false, 0.00
03-05 17:26:59.328  1254 10864 W CompositorClient: FrameTiming: firstDisplayVsync for client 12 (isPrimary=1) FrameIndex = 15524 is outrageously early 8895, base 5574, flushing
03-05 17:26:59.330  1254 10864 W CompositorClient: FrameTiming: firstDisplayVsync for client 12 (isPrimary=1) FrameIndex = 15524 is outrageously early 8895, base 5574, flushing
03-05 17:26:59.330  9292  9319 E xrstreaming: no data for PI:41669, FI:14379
03-05 17:26:59.331  9292  9397 W REFLECT [RUNTIMEIPC]: UpdateServerStateValue name:'RigidBodyStates' buffer == nullptr
03-05 17:26:59.331  1254 10864 W CompositorClient: FrameTiming: firstDisplayVsync for client 12 (isPrimary=1) FrameIndex = 15525 is outrageously early 8895, base 5574, flushing
03-05 17:26:59.336  9292  9397 W REFLECT [RUNTIMEIPC]: UpdateServerStateValue name:'RigidBodyStates' buffer == nullptr
03-05 17:26:59.338  1254 10864 W CompositorClient: FrameTiming: firstDisplayVsync for client 12 (isPrimary=1) FrameIndex = 15525 is outrageously early 8895, base 5575, flushing
03-05 17:26:59.341  9292  9397 W REFLECT [RUNTIMEIPC]: UpdateServerStateValue name:'RigidBodyStates' buffer == nullptr
03-05 17:26:59.341  9292  9397 W REFLECT [RUNTIMEIPC]: UpdateServerStateValue name:'AnchorStates' buffer == nullptr
03-05 17:26:59.344  9292  9319 E xrstreaming: no data for PI:41670, FI:14380
03-05 17:26:59.344  1254 10864 W CompositorClient: FrameTiming: firstDisplayVsync for client 12 (isPrimary=1) FrameIndex = 15525 is outrageously early 8895, base 5575, flushing
03-05 17:26:59.345  1254 10864 W CompositorClient: FrameTiming: firstDisplayVsync for client 12 (isPrimary=1) FrameIndex = 15526 is outrageously early 8895, base 5575, flushing
03-05 17:26:59.346  9292  9397 W REFLECT [RUNTIMEIPC]: UpdateServerStateValue name:'RigidBodyStates' buffer == nullptr
03-05 17:26:59.351  9292  9397 W REFLECT [RUNTIMEIPC]: UpdateServerStateValue name:'RigidBodyStates' buffer == nullptr
03-05 17:26:59.352  1254 10864 W CompositorClient: FrameTiming: firstDisplayVsync for client 12 (isPrimary=1) FrameIndex = 15526 is outrageously early 8895, base 5576, flushing
03-05 17:26:59.356  9292  9397 W REFLECT [RUNTIMEIPC]: UpdateServerStateValue name:'RigidBodyStates' buffer == nullptr
03-05 17:26:59.358  9292  9319 E xrstreaming: no data for PI:41671, FI:14381
03-05 17:26:59.358  1254 10864 W CompositorClient: FrameTiming: firstDisplayVsync for client 12 (isPrimary=1) FrameIndex = 15526 is outrageously early 8895, base 5576, flushing
03-05 17:26:59.359  1254 10864 W CompositorClient: FrameTiming: firstDisplayVsync for client 12 (isPrimary=1) FrameIndex = 15527 is outrageously early 8895, base 5576, flushing
03-05 17:26:59.361  9292  9397 W REFLECT [RUNTIMEIPC]: UpdateServerStateValue name:'RigidBodyStates' buffer == nullptr
03-05 17:26:59.366  1254 10864 W CompositorClient: FrameTiming: firstDisplayVsync for client 12 (isPrimary=1) FrameIndex = 15527 is outrageously early 8895, base 5577, flushing
03-05 17:26:59.366  9292  9397 W REFLECT [RUNTIMEIPC]: UpdateServerStateValue name:'RigidBodyStates' buffer == nullptr
03-05 17:26:59.372  9292  9397 W REFLECT [RUNTIMEIPC]: UpdateServerStateValue name:'RigidBodyStates' buffer == nullptr
03-05 17:26:59.372  9292  9397 W REFLECT [RUNTIMEIPC]: UpdateServerStateValue name:'AnchorStates' buffer == nullptr
03-05 17:26:59.372  1254 10864 W CompositorClient: FrameTiming: firstDisplayVsync for client 12 (isPrimary=1) FrameIndex = 15527 is outrageously early 8895, base 5577, flushing
03-05 17:26:59.373  1254 10864 W CompositorClient: FrameTiming: firstDisplayVsync for client 12 (isPrimary=1) FrameIndex = 15528 is outrageously early 8895, base 5577, flushing
03-05 17:26:59.377  9292  9397 W REFLECT [RUNTIMEIPC]: UpdateServerStateValue name:'RigidBodyStates' buffer == nullptr
03-05 17:26:59.380  1254 10864 W CompositorClient: FrameTiming: firstDisplayVsync for client 12 (isPrimary=1) FrameIndex = 15528 is outrageously early 8895, base 5578, flushing
03-05 17:26:59.382  9292  9397 W REFLECT [RUNTIMEIPC]: UpdateServerStateValue name:'RigidBodyStates' buffer == nullptr
03-05 17:26:59.386  1254 10864 W CompositorClient: FrameTiming: firstDisplayVsync for client 12 (isPrimary=1) FrameIndex = 15528 is outrageously early 8895, base 5578, flushing
03-05 17:26:59.387  1254 10864 W CompositorClient: FrameTiming: firstDisplayVsync for client 12 (isPrimary=1) FrameIndex = 15529 is outrageously early 8895, base 5578, flushing
03-05 17:26:59.387  9292  9397 W REFLECT [RUNTIMEIPC]: UpdateServerStateValue name:'RigidBodyStates' buffer == nullptr
03-05 17:26:59.392  9292  9397 W REFLECT [RUNTIMEIPC]: UpdateServerStateValue name:'RigidBodyStates' buffer == nullptr
03-05 17:26:59.394  1254 10864 W CompositorClient: FrameTiming: firstDisplayVsync for client 12 (isPrimary=1) FrameIndex = 15529 is outrageously early 8895, base 5579, flushing
03-05 17:26:59.397  9292  9397 W REFLECT [RUNTIMEIPC]: UpdateServerStateValue name:'RigidBodyStates' buffer == nullptr
03-05 17:26:59.400  1254 10864 W CompositorClient: FrameTiming: firstDisplayVsync for client 12 (isPrimary=1) FrameIndex = 15529 is outrageously early 8895, base 5579, flushing
03-05 17:26:59.401  1254 10864 W CompositorClient: FrameTiming: firstDisplayVsync for client 12 (isPrimary=1) FrameIndex = 15530 is outrageously early 8895, base 5579, flushing
03-05 17:26:59.402  9292  9397 W REFLECT [RUNTIMEIPC]: UpdateServerStateValue name:'RigidBodyStates' buffer == nullptr
03-05 17:26:59.402  9292  9397 W REFLECT [RUNTIMEIPC]: UpdateServerStateValue name:'AnchorStates' buffer == nullptr
03-05 17:26:59.407  1254 10864 W CompositorClient: FrameTiming: firstDisplayVsync for client 12 (isPrimary=1) FrameIndex = 15530 is outrageously early 8895, base 5580, flushing
03-05 17:26:59.407  9292  9397 W REFLECT [RUNTIMEIPC]: UpdateServerStateValue name:'RigidBodyStates' buffer == nullptr
03-05 17:26:59.413  9292  9397 W REFLECT [RUNTIMEIPC]: UpdateServerStateValue name:'RigidBodyStates' buffer == nullptr
03-05 17:26:59.414  1254 10864 W CompositorClient: FrameTiming: firstDisplayVsync for client 12 (isPrimary=1) FrameIndex = 15530 is outrageously early 8895, base 5580, flushing
03-05 17:26:59.414  1254 10864 W CompositorClient: FrameTiming: firstDisplayVsync for client 12 (isPrimary=1) FrameIndex = 15531 is outrageously early 8895, base 5580, flushing
03-05 17:26:59.418  9292  9397 W REFLECT [RUNTIMEIPC]: UpdateServerStateValue name:'RigidBodyStates' buffer == nullptr
03-05 17:26:59.421  1254 10864 W CompositorClient: FrameTiming: firstDisplayVsync for client 12 (isPrimary=1) FrameIndex = 15531 is outrageously early 8895, base 5581, flushing
03-05 17:26:59.423  9292  9397 W REFLECT [RUNTIMEIPC]: UpdateServerStateValue name:'RigidBodyStates' buffer == nullptr
03-05 17:26:59.428  1254 10864 W CompositorClient: FrameTiming: firstDisplayVsync for client 12 (isPrimary=1) FrameIndex = 15531 is outrageously early 8895, base 5581, flushing
03-05 17:26:59.428  9292  9397 W REFLECT [RUNTIMEIPC]: UpdateServerStateValue name:'RigidBodyStates' buffer == nullptr
03-05 17:26:59.428  1254 10864 W CompositorClient: FrameTiming: firstDisplayVsync for client 12 (isPrimary=1) FrameIndex = 15532 is outrageously early 8895, base 5581, flushing
03-05 17:26:59.433  9292  9397 W REFLECT [RUNTIMEIPC]: UpdateServerStateValue name:'RigidBodyStates' buffer == nullptr
03-05 17:26:59.435  1254 10864 W CompositorClient: FrameTiming: firstDisplayVsync for client 12 (isPrimary=1) FrameIndex = 15532 is outrageously early 8895, base 5582, flushing
03-05 17:26:59.438  9292  9397 W REFLECT [RUNTIMEIPC]: UpdateServerStateValue name:'RigidBodyStates' buffer == nullptr
03-05 17:26:59.442  1254 10864 W CompositorClient: FrameTiming: firstDisplayVsync for client 12 (isPrimary=1) FrameIndex = 15532 is outrageously early 8895, base 5582, flushing
03-05 17:26:59.442  1254 10864 W CompositorClient: FrameTiming: firstDisplayVsync for client 12 (isPrimary=1) FrameIndex = 15533 is outrageously early 8895, base 5582, flushing
03-05 17:26:59.443  9292  9397 W REFLECT [RUNTIMEIPC]: UpdateServerStateValue name:'RigidBodyStates' buffer == nullptr
03-05 17:26:59.448  9292  9397 W REFLECT [RUNTIMEIPC]: UpdateServerStateValue name:'RigidBodyStates' buffer == nullptr
03-05 17:26:59.449  1254 10864 W CompositorClient: FrameTiming: firstDisplayVsync for client 12 (isPrimary=1) FrameIndex = 15533 is outrageously early 8895, base 5583, flushing
03-05 17:26:59.453  9292  9397 W REFLECT [RUNTIMEIPC]: UpdateServerStateValue name:'RigidBodyStates' buffer == nullptr
03-05 17:26:59.455  1254 10864 W CompositorClient: FrameTiming: firstDisplayVsync for client 12 (isPrimary=1) FrameIndex = 15533 is outrageously early 8895, base 5583, flushing
03-05 17:26:59.456  1254 10864 W CompositorClient: FrameTiming: firstDisplayVsync for client 12 (isPrimary=1) FrameIndex = 15534 is outrageously early 8895, base 5583, flushing
03-05 17:26:59.459  9292  9397 W REFLECT [RUNTIMEIPC]: UpdateServerStateValue name:'RigidBodyStates' buffer == nullptr
03-05 17:26:59.463  1254 10864 W CompositorClient: FrameTiming: firstDisplayVsync for client 12 (isPrimary=1) FrameIndex = 15534 is outrageously early 8895, base 5584, flushing
03-05 17:26:59.464  9292  9397 W REFLECT [RUNTIMEIPC]: UpdateServerStateValue name:'RigidBodyStates' buffer == nullptr
03-05 17:26:59.464  9292  9397 W REFLECT [RUNTIMEIPC]: UpdateServerStateValue name:'AnchorStates' buffer == nullptr
03-05 17:26:59.469  9292  9397 W REFLECT [RUNTIMEIPC]: UpdateServerStateValue name:'RigidBodyStates' buffer == nullptr
03-05 17:26:59.469  1254 10864 W CompositorClient: FrameTiming: firstDisplayVsync for client 12 (isPrimary=1) FrameIndex = 15534 is outrageously early 8895, base 5584, flushing
03-05 17:26:59.470  1254 10864 W CompositorClient: FrameTiming: firstDisplayVsync for client 12 (isPrimary=1) FrameIndex = 15535 is outrageously early 8895, base 5584, flushing
03-05 17:26:59.474  9292  9397 W REFLECT [RUNTIMEIPC]: UpdateServerStateValue name:'RigidBodyStates' buffer == nullptr
03-05 17:26:59.477  1254 10864 W CompositorClient: FrameTiming: firstDisplayVsync for client 12 (isPrimary=1) FrameIndex = 15535 is outrageously early 8895, base 5585, flushing
03-05 17:26:59.479  9292  9397 W REFLECT [RUNTIMEIPC]: UpdateServerStateValue name:'RigidBodyStates' buffer == nullptr
03-05 17:26:59.483  1254 10864 W CompositorClient: FrameTiming: firstDisplayVsync for client 12 (isPrimary=1) FrameIndex = 15535 is outrageously early 8895, base 5585, flushing
03-05 17:26:59.484  1254 10864 W CompositorClient: FrameTiming: firstDisplayVsync for client 12 (isPrimary=1) FrameIndex = 15536 is outrageously early 8895, base 5585, flushing
03-05 17:26:59.484  9292  9397 W REFLECT [RUNTIMEIPC]: UpdateServerStateValue name:'RigidBodyStates' buffer == nullptr
03-05 17:26:59.489  9292  9397 W REFLECT [RUNTIMEIPC]: UpdateServerStateValue name:'RigidBodyStates' buffer == nullptr
03-05 17:26:59.491  1254 10864 W CompositorClient: FrameTiming: firstDisplayVsync for client 12 (isPrimary=1) FrameIndex = 15536 is outrageously early 8895, base 5586, flushing
03-05 17:26:59.494  9292  9397 W REFLECT [RUNTIMEIPC]: UpdateServerStateValue name:'RigidBodyStates' buffer == nullptr
03-05 17:26:59.494  9292  9397 W REFLECT [RUNTIMEIPC]: UpdateServerStateValue name:'AnchorStates' buffer == nullptr
03-05 17:26:59.497  1254 10864 W CompositorClient: FrameTiming: firstDisplayVsync for client 12 (isPrimary=1) FrameIndex = 15536 is outrageously early 8895, base 5586, flushing
03-05 17:26:59.498  1254 10864 W CompositorClient: FrameTiming: firstDisplayVsync for client 12 (isPrimary=1) FrameIndex = 15537 is outrageously early 8895, base 5586, flushing
03-05 17:26:59.499  9292  9397 W REFLECT [RUNTIMEIPC]: UpdateServerStateValue name:'RigidBodyStates' buffer == nullptr
03-05 17:26:59.505  9292  9397 W REFLECT [RUNTIMEIPC]: UpdateServerStateValue name:'RigidBodyStates' buffer == nullptr
03-05 17:26:59.505  1254 10864 W CompositorClient: FrameTiming: firstDisplayVsync for client 12 (isPrimary=1) FrameIndex = 15537 is outrageously early 8895, base 5587, flushing
03-05 17:26:59.510  9292  9397 W REFLECT [RUNTIMEIPC]: UpdateServerStateValue name:'RigidBodyStates' buffer == nullptr
03-05 17:26:59.511  1254 10864 W CompositorClient: FrameTiming: firstDisplayVsync for client 12 (isPrimary=1) FrameIndex = 15537 is outrageously early 8895, base 5587, flushing
03-05 17:26:59.512  1254 10864 W CompositorClient: FrameTiming: firstDisplayVsync for client 12 (isPrimary=1) FrameIndex = 15538 is outrageously early 8895, base 5587, flushing
03-05 17:26:59.515  9292  9397 W REFLECT [RUNTIMEIPC]: UpdateServerStateValue name:'RigidBodyStates' buffer == nullptr
03-05 17:26:59.519  1254 10864 W CompositorClient: FrameTiming: firstDisplayVsync for client 12 (isPrimary=1) FrameIndex = 15538 is outrageously early 8895, base 5588, flushing
03-05 17:26:59.520  9292  9397 W REFLECT [RUNTIMEIPC]: UpdateServerStateValue name:'RigidBodyStates' buffer == nullptr
03-05 17:26:59.525  1254 10864 W CompositorClient: FrameTiming: firstDisplayVsync for client 12 (isPrimary=1) FrameIndex = 15538 is outrageously early 8895, base 5588, flushing
03-05 17:26:59.525  9292  9397 W REFLECT [RUNTIMEIPC]: UpdateServerStateValue name:'RigidBodyStates' buffer == nullptr
03-05 17:26:59.525  9292  9397 W REFLECT [RUNTIMEIPC]: UpdateServerStateValue name:'AnchorStates' buffer == nullptr
03-05 17:26:59.526  1254 10864 W CompositorClient: FrameTiming: firstDisplayVsync for client 12 (isPrimary=1) FrameIndex = 15539 is outrageously early 8895, base 5588, flushing
03-05 17:26:59.530  9292  9397 W REFLECT [RUNTIMEIPC]: UpdateServerStateValue name:'RigidBodyStates' buffer == nullptr
03-05 17:26:59.533  1254 10864 W CompositorClient: FrameTiming: firstDisplayVsync for client 12 (isPrimary=1) FrameIndex = 15539 is outrageously early 8895, base 5589, flushing
03-05 17:26:59.535  9292  9397 W REFLECT [RUNTIMEIPC]: UpdateServerStateValue name:'RigidBodyStates' buffer == nullptr
03-05 17:26:59.539  1254 10864 W CompositorClient: FrameTiming: firstDisplayVsync for client 12 (isPrimary=1) FrameIndex = 15539 is outrageously early 8895, base 5589, flushing
03-05 17:26:59.540  1254 10864 W CompositorClient: FrameTiming: firstDisplayVsync for client 12 (isPrimary=1) FrameIndex = 15540 is outrageously early 8895, base 5589, flushing
03-05 17:26:59.541  9292  9397 W REFLECT [RUNTIMEIPC]: UpdateServerStateValue name:'RigidBodyStates' buffer == nullptr
03-05 17:26:59.546  9292  9397 W REFLECT [RUNTIMEIPC]: UpdateServerStateValue name:'RigidBodyStates' buffer == nullptr
03-05 17:26:59.547  1254 10864 W CompositorClient: FrameTiming: firstDisplayVsync for client 12 (isPrimary=1) FrameIndex = 15540 is outrageously early 8895, base 5590, flushing
03-05 17:26:59.551  9292  9397 W REFLECT [RUNTIMEIPC]: UpdateServerStateValue name:'RigidBodyStates' buffer == nullptr
03-05 17:26:59.553  1254 10864 W CompositorClient: FrameTiming: firstDisplayVsync for client 12 (isPrimary=1) FrameIndex = 15540 is outrageously early 8895, base 5590, flushing
03-05 17:26:59.554  1254 10864 W CompositorClient: FrameTiming: firstDisplayVsync for client 12 (isPrimary=1) FrameIndex = 15541 is outrageously early 8895, base 5590, flushing
03-05 17:26:59.556  9292  9397 W REFLECT [RUNTIMEIPC]: UpdateServerStateValue name:'RigidBodyStates' buffer == nullptr
03-05 17:26:59.561  1254 10864 W CompositorClient: FrameTiming: firstDisplayVsync for client 12 (isPrimary=1) FrameIndex = 15541 is outrageously early 8895, base 5591, flushing
03-05 17:26:59.561  9292  9397 W REFLECT [RUNTIMEIPC]: UpdateServerStateValue name:'RigidBodyStates' buffer == nullptr
03-05 17:26:59.566  9292  9397 W REFLECT [RUNTIMEIPC]: UpdateServerStateValue name:'RigidBodyStates' buffer == nullptr
03-05 17:26:59.567  1254 10864 W CompositorClient: FrameTiming: firstDisplayVsync for client 12 (isPrimary=1) FrameIndex = 15541 is outrageously early 8895, base 5591, flushing
03-05 17:26:59.568  1254 10864 W CompositorClient: FrameTiming: firstDisplayVsync for client 12 (isPrimary=1) FrameIndex = 15542 is outrageously early 8895, base 5591, flushing
03-05 17:26:59.571  9292  9397 W REFLECT [RUNTIMEIPC]: UpdateServerStateValue name:'RigidBodyStates' buffer == nullptr
03-05 17:26:59.574  1254 10864 W CompositorClient: FrameTiming: firstDisplayVsync for client 12 (isPrimary=1) FrameIndex = 15542 is outrageously early 8895, base 5592, flushing
03-05 17:26:59.576  9292  9397 W REFLECT [RUNTIMEIPC]: UpdateServerStateValue name:'RigidBodyStates' buffer == nullptr
03-05 17:26:59.581  1254 10864 W CompositorClient: FrameTiming: firstDisplayVsync for client 12 (isPrimary=1) FrameIndex = 15542 is outrageously early 8895, base 5592, flushing
03-05 17:26:59.582  1254 10864 W CompositorClient: FrameTiming: firstDisplayVsync for client 12 (isPrimary=1) FrameIndex = 15543 is outrageously early 8895, base 5592, flushing
03-05 17:26:59.582  9292  9397 W REFLECT [RUNTIMEIPC]: UpdateServerStateValue name:'RigidBodyStates' buffer == nullptr
03-05 17:26:59.587  9292  9397 W REFLECT [RUNTIMEIPC]: UpdateServerStateValue name:'RigidBodyStates' buffer == nullptr
03-05 17:26:59.587  9292  9397 W REFLECT [RUNTIMEIPC]: UpdateServerStateValue name:'AnchorStates' buffer == nullptr
03-05 17:26:59.589  1254 10864 W CompositorClient: FrameTiming: firstDisplayVsync for client 12 (isPrimary=1) FrameIndex = 15543 is outrageously early 8895, base 5593, flushing
03-05 17:26:59.592  9292  9397 W REFLECT [RUNTIMEIPC]: UpdateServerStateValue name:'RigidBodyStates' buffer == nullptr
03-05 17:26:59.595  1254 10864 W CompositorClient: FrameTiming: firstDisplayVsync for client 12 (isPrimary=1) FrameIndex = 15543 is outrageously early 8895, base 5593, flushing
03-05 17:26:59.595  1254 10864 W CompositorClient: FrameTiming: firstDisplayVsync for client 12 (isPrimary=1) FrameIndex = 15544 is outrageously early 8895, base 5593, flushing
03-05 17:26:59.597  9292  9397 W REFLECT [RUNTIMEIPC]: UpdateServerStateValue name:'RigidBodyStates' buffer == nullptr
03-05 17:26:59.602  9292  9397 W REFLECT [RUNTIMEIPC]: UpdateServerStateValue name:'RigidBodyStates' buffer == nullptr
03-05 17:26:59.602  1254 10864 W CompositorClient: FrameTiming: firstDisplayVsync for client 12 (isPrimary=1) FrameIndex = 15544 is outrageously early 8895, base 5594, flushing
03-05 17:26:59.607  9292  9397 W REFLECT [RUNTIMEIPC]: UpdateServerStateValue name:'RigidBodyStates' buffer == nullptr
03-05 17:26:59.609  1254 10864 W CompositorClient: FrameTiming: firstDisplayVsync for client 12 (isPrimary=1) FrameIndex = 15544 is outrageously early 8895, base 5594, flushing
03-05 17:26:59.609  1254 10864 W CompositorClient: FrameTiming: firstDisplayVsync for client 12 (isPrimary=1) FrameIndex = 15545 is outrageously early 8895, base 5594, flushing
03-05 17:26:59.612  9292  9397 W REFLECT [RUNTIMEIPC]: UpdateServerStateValue name:'RigidBodyStates' buffer == nullptr
03-05 17:26:59.616  1254 10864 W CompositorClient: FrameTiming: firstDisplayVsync for client 12 (isPrimary=1) FrameIndex = 15545 is outrageously early 8895, base 5595, flushing
03-05 17:26:59.617  9292  9397 W REFLECT [RUNTIMEIPC]: UpdateServerStateValue name:'RigidBodyStates' buffer == nullptr
03-05 17:26:59.618  9292  9397 W REFLECT [RUNTIMEIPC]: UpdateServerStateValue name:'AnchorStates' buffer == nullptr
03-05 17:26:59.623  1254 10864 W CompositorClient: FrameTiming: firstDisplayVsync for client 12 (isPrimary=1) FrameIndex = 15545 is outrageously early 8895, base 5595, flushing
03-05 17:26:59.623  9292  9397 W REFLECT [RUNTIMEIPC]: UpdateServerStateValue name:'RigidBodyStates' buffer == nullptr
03-05 17:26:59.623  1254 10864 W CompositorClient: FrameTiming: firstDisplayVsync for client 12 (isPrimary=1) FrameIndex = 15546 is outrageously early 8895, base 5595, flushing
03-05 17:26:59.628  9292  9397 W REFLECT [RUNTIMEIPC]: UpdateServerStateValue name:'RigidBodyStates' buffer == nullptr
03-05 17:26:59.630  1254 10864 W CompositorClient: FrameTiming: firstDisplayVsync for client 12 (isPrimary=1) FrameIndex = 15546 is outrageously early 8895, base 5596, flushing
03-05 17:26:59.633  9292  9397 W REFLECT [RUNTIMEIPC]: UpdateServerStateValue name:'RigidBodyStates' buffer == nullptr
03-05 17:26:59.636  1254 10864 W CompositorClient: FrameTiming: firstDisplayVsync for client 12 (isPrimary=1) FrameIndex = 15546 is outrageously early 8895, base 5596, flushing
03-05 17:26:59.637  1254 10864 W CompositorClient: FrameTiming: firstDisplayVsync for client 12 (isPrimary=1) FrameIndex = 15547 is outrageously early 8895, base 5596, flushing
03-05 17:26:59.638  9292  9397 W REFLECT [RUNTIMEIPC]: UpdateServerStateValue name:'RigidBodyStates' buffer == nullptr
03-05 17:26:59.643  9292  9397 W REFLECT [RUNTIMEIPC]: UpdateServerStateValue name:'RigidBodyStates' buffer == nullptr
03-05 17:26:59.644  1254 10864 W CompositorClient: FrameTiming: firstDisplayVsync for client 12 (isPrimary=1) FrameIndex = 15547 is outrageously early 8895, base 5597, flushing
03-05 17:26:59.648  9292  9397 W REFLECT [RUNTIMEIPC]: UpdateServerStateValue name:'RigidBodyStates' buffer == nullptr
03-05 17:26:59.648  9292  9397 W REFLECT [RUNTIMEIPC]: UpdateServerStateValue name:'AnchorStates' buffer == nullptr
03-05 17:26:59.650  1254 10864 W CompositorClient: FrameTiming: firstDisplayVsync for client 12 (isPrimary=1) FrameIndex = 15547 is outrageously early 8895, base 5597, flushing
03-05 17:26:59.651  1254 10864 W CompositorClient: FrameTiming: firstDisplayVsync for client 12 (isPrimary=1) FrameIndex = 15548 is outrageously early 8895, base 5597, flushing
03-05 17:26:59.653  9292  9397 W REFLECT [RUNTIMEIPC]: UpdateServerStateValue name:'RigidBodyStates' buffer == nullptr
03-05 17:26:59.658  1254 10864 W CompositorClient: FrameTiming: firstDisplayVsync for client 12 (isPrimary=1) FrameIndex = 15548 is outrageously early 8895, base 5598, flushing
03-05 17:26:59.658  9292  9397 W REFLECT [RUNTIMEIPC]: UpdateServerStateValue name:'RigidBodyStates' buffer == nullptr
03-05 17:26:59.664  9292  9397 W REFLECT [RUNTIMEIPC]: UpdateServerStateValue name:'RigidBodyStates' buffer == nullptr
03-05 17:26:59.664  1254 10864 W CompositorClient: FrameTiming: firstDisplayVsync for client 12 (isPrimary=1) FrameIndex = 15548 is outrageously early 8895, base 5598, flushing
03-05 17:26:59.665  1254 10864 W CompositorClient: FrameTiming: firstDisplayVsync for client 12 (isPrimary=1) FrameIndex = 15549 is outrageously early 8895, base 5598, flushing
03-05 17:26:59.669  9292  9397 W REFLECT [RUNTIMEIPC]: UpdateServerStateValue name:'RigidBodyStates' buffer == nullptr
03-05 17:26:59.672  1254 10864 W CompositorClient: FrameTiming: firstDisplayVsync for client 12 (isPrimary=1) FrameIndex = 15549 is outrageously early 8895, base 5599, flushing
03-05 17:26:59.674  9292  9397 W REFLECT [RUNTIMEIPC]: UpdateServerStateValue name:'RigidBodyStates' buffer == nullptr
03-05 17:26:59.678  1254 10864 W CompositorClient: FrameTiming: firstDisplayVsync for client 12 (isPrimary=1) FrameIndex = 15549 is outrageously early 8895, base 5599, flushing
03-05 17:26:59.679  9292  9397 W REFLECT [RUNTIMEIPC]: UpdateServerStateValue name:'RigidBodyStates' buffer == nullptr
03-05 17:26:59.679  1254 10864 W CompositorClient: FrameTiming: firstDisplayVsync for client 12 (isPrimary=1) FrameIndex = 15550 is outrageously early 8895, base 5599, flushing
03-05 17:26:59.684  9292  9397 W REFLECT [RUNTIMEIPC]: UpdateServerStateValue name:'RigidBodyStates' buffer == nullptr
03-05 17:26:59.686  1254 10864 W CompositorClient: FrameTiming: firstDisplayVsync for client 12 (isPrimary=1) FrameIndex = 15550 is outrageously early 8895, base 5600, flushing
03-05 17:26:59.689  9292  9397 W REFLECT [RUNTIMEIPC]: UpdateServerStateValue name:'RigidBodyStates' buffer == nullptr
03-05 17:26:59.690  9292  9370 D xrstreaming: receive pong: org 8383650319664 recv 22879266466500 xmt 22879270085800 (received at 8383654109768), offset divergence 61982
03-05 17:26:59.690  9292  9370 D xrstreaming: new clock offset=14495616061434 (rtt: 170804, dispersion: 742979, jitter: 7647429)
03-05 17:26:59.692  1254 10864 W CompositorClient: FrameTiming: firstDisplayVsync for client 12 (isPrimary=1) FrameIndex = 15550 is outrageously early 8895, base 5600, flushing
03-05 17:26:59.693  1254 10864 W CompositorClient: FrameTiming: firstDisplayVsync for client 12 (isPrimary=1) FrameIndex = 15551 is outrageously early 8895, base 5600, flushing
03-05 17:26:59.694  9292  9397 W REFLECT [RUNTIMEIPC]: UpdateServerStateValue name:'RigidBodyStates' buffer == nullptr
03-05 17:26:59.699  9292  9397 W REFLECT [RUNTIMEIPC]: UpdateServerStateValue name:'RigidBodyStates' buffer == nullptr
03-05 17:26:59.700  1254 10864 W CompositorClient: FrameTiming: firstDisplayVsync for client 12 (isPrimary=1) FrameIndex = 15551 is outrageously early 8895, base 5601, flushing
03-05 17:26:59.704  9292  9397 W REFLECT [RUNTIMEIPC]: UpdateServerStateValue name:'RigidBodyStates' buffer == nullptr
03-05 17:26:59.706  1254 10864 W CompositorClient: FrameTiming: firstDisplayVsync for client 12 (isPrimary=1) FrameIndex = 15551 is outrageously early 8895, base 5601, flushing
03-05 17:26:59.707  1254 10864 W CompositorClient: FrameTiming: firstDisplayVsync for client 12 (isPrimary=1) FrameIndex = 15552 is outrageously early 8895, base 5601, flushing
03-05 17:26:59.710  9292  9397 W REFLECT [RUNTIMEIPC]: UpdateServerStateValue name:'RigidBodyStates' buffer == nullptr
03-05 17:26:59.710  9292  9397 W REFLECT [RUNTIMEIPC]: UpdateServerStateValue name:'AnchorStates' buffer == nullptr
03-05 17:26:59.714  1254 10864 W CompositorClient: FrameTiming: firstDisplayVsync for client 12 (isPrimary=1) FrameIndex = 15552 is outrageously early 8895, base 5602, flushing
03-05 17:26:59.715  9292  9397 W REFLECT [RUNTIMEIPC]: UpdateServerStateValue name:'RigidBodyStates' buffer == nullptr
03-05 17:26:59.720  9292  9397 W REFLECT [RUNTIMEIPC]: UpdateServerStateValue name:'RigidBodyStates' buffer == nullptr
