03-05 19:30:29.371  4604  4665 E OsSdk   : error getting shared memory region, memory type: AnchorTracker, failed with Status(-1, EX_SECURITY): 'requested shared memory region when not registered/focused'
03-05 19:30:29.371  4604  4665 W [CT]    : SlamAnchorMemoryRuntimeIpcServer: getAnchorStates failed
03-05 19:30:29.371  4604  4665 W [CT]    : SlamAnchorMemoryRuntimeIpcServerThread: AnchorStates update failure.
03-05 19:30:29.401  1734  3072 E TREX    : Interface version 1 was not found. Check debug build for more information.
03-05 19:30:29.408   844   844 W TrackingService: attachClient: found client in attached list
03-05 19:30:29.409  4604  4708 E OsSdk   : error getting shared memory region, memory type: HeadTracker, failed with Status(-1, EX_SECURITY): 'requested shared memory region when not registered/focused'
03-05 19:30:29.409   844  1556 W TrackingService: attachClient: found client in attached list
03-05 19:30:29.413  4604  4708 E OsSdk   : error getting shared memory region, memory type: AnchorTracker, failed with Status(-1, EX_SECURITY): 'requested shared memory region when not registered/focused'
03-05 19:30:29.413   844   844 W TrackingService: attachClient: found client in attached list
03-05 19:30:29.420  4604  4665 E OsSdk   : error getting shared memory region, memory type: HeadTracker, failed with Status(-1, EX_SECURITY): 'requested shared memory region when not registered/focused'
03-05 19:30:29.420  4604  4665 W [CT]    : SlamAnchorMemoryRuntimeIpcServer: HeadTracker::getState failed
03-05 19:30:29.420  4604  4665 W [CT]    : SlamAnchorMemoryRuntimeIpcServerThread: RigidBodyStates update failure.
03-05 19:30:29.447   844  5209 W [CT]    : TIMESTAMPCHECKER: Nominal rate wrong. Estimated data rate: 25, Nominal is 30.000300003000028
03-05 19:30:29.458  4604  4708 E OsSdk   : error getting shared memory region, memory type: HeadTracker, failed with Status(-1, EX_SECURITY): 'requested shared memory region when not registered/focused'
03-05 19:30:29.468  4604  4665 E OsSdk   : error getting shared memory region, memory type: HeadTracker, failed with Status(-1, EX_SECURITY): 'requested shared memory region when not registered/focused'
03-05 19:30:29.468  4604  4665 W [CT]    : SlamAnchorMemoryRuntimeIpcServer: HeadTracker::getState failed
03-05 19:30:29.468  4604  4665 W [CT]    : SlamAnchorMemoryRuntimeIpcServerThread: RigidBodyStates update failure.
03-05 19:30:29.505  4604  4708 E OsSdk   : error getting shared memory region, memory type: HeadTracker, failed with Status(-1, EX_SECURITY): 'requested shared memory region when not registered/focused'
03-05 19:30:29.513  4604  4665 E OsSdk   : error getting shared memory region, memory type: HeadTracker, failed with Status(-1, EX_SECURITY): 'requested shared memory region when not registered/focused'
03-05 19:30:29.513  4604  4665 W [CT]    : SlamAnchorMemoryRuntimeIpcServer: HeadTracker::getState failed
03-05 19:30:29.513  4604  4665 W [CT]    : SlamAnchorMemoryRuntimeIpcServerThread: RigidBodyStates update failure.
03-05 19:30:29.548  4604  4708 E OsSdk   : error getting shared memory region, memory type: HeadTracker, failed with Status(-1, EX_SECURITY): 'requested shared memory region when not registered/focused'
03-05 19:30:29.558  4604  4665 E OsSdk   : error getting shared memory region, memory type: HeadTracker, failed with Status(-1, EX_SECURITY): 'requested shared memory region when not registered/focused'
03-05 19:30:29.558  4604  4665 W [CT]    : SlamAnchorMemoryRuntimeIpcServer: HeadTracker::getState failed
03-05 19:30:29.558  4604  4665 W [CT]    : SlamAnchorMemoryRuntimeIpcServerThread: RigidBodyStates update failure.
03-05 19:30:29.594  4604  4708 E OsSdk   : error getting shared memory region, memory type: HeadTracker, failed with Status(-1, EX_SECURITY): 'requested shared memory region when not registered/focused'
03-05 19:30:29.602  4604  4665 E OsSdk   : error getting shared memory region, memory type: HeadTracker, failed with Status(-1, EX_SECURITY): 'requested shared memory region when not registered/focused'
03-05 19:30:29.602  4604  4665 W [CT]    : SlamAnchorMemoryRuntimeIpcServer: HeadTracker::getState failed
03-05 19:30:29.602  4604  4665 W [CT]    : SlamAnchorMemoryRuntimeIpcServerThread: RigidBodyStates update failure.
03-05 19:30:29.635  4604  4682 D xrstreaming: receive ping: org 0 recv 0 xmt 30289315752200 (received at 404297787812), offset divergence 8216
03-05 19:30:29.637   844   844 I chatty  : uid=1000(system) /system/bin/trackingservice identical 9 lines
03-05 19:30:29.638  4604  4708 E OsSdk   : error getting shared memory region, memory type: HeadTracker, failed with Status(-1, EX_SECURITY): 'requested shared memory region when not registered/focused'
03-05 19:30:29.643   844   844 W TrackingService: attachClient: found client in attached list
03-05 19:30:29.644  4604  4665 E OsSdk   : error getting shared memory region, memory type: HeadTracker, failed with Status(-1, EX_SECURITY): 'requested shared memory region when not registered/focused'
03-05 19:30:29.644  4604  4665 W [CT]    : SlamAnchorMemoryRuntimeIpcServer: HeadTracker::getState failed
03-05 19:30:29.644  4604  4665 W [CT]    : SlamAnchorMemoryRuntimeIpcServerThread: RigidBodyStates update failure.
03-05 19:30:29.644   844  1556 W TrackingService: attachClient: found client in attached list
03-05 19:30:29.645  4604  4665 E OsSdk   : error getting shared memory region, memory type: AnchorTracker, failed with Status(-1, EX_SECURITY): 'requested shared memory region when not registered/focused'
03-05 19:30:29.645  4604  4665 W [CT]    : SlamAnchorMemoryRuntimeIpcServer: getAnchorStates failed
03-05 19:30:29.645  4604  4665 W [CT]    : SlamAnchorMemoryRuntimeIpcServerThread: AnchorStates update failure.
03-05 19:30:29.680   844  1556 W TrackingService: attachClient: found client in attached list
03-05 19:30:29.681  4604  4708 E OsSdk   : error getting shared memory region, memory type: HeadTracker, failed with Status(-1, EX_SECURITY): 'requested shared memory region when not registered/focused'
03-05 19:30:29.681   844   844 W TrackingService: attachClient: found client in attached list
03-05 19:30:29.682  4604  4708 E OsSdk   : error getting shared memory region, memory type: AnchorTracker, failed with Status(-1, EX_SECURITY): 'requested shared memory region when not registered/focused'
03-05 19:30:29.688  4604  4665 E OsSdk   : error getting shared memory region, memory type: HeadTracker, failed with Status(-1, EX_SECURITY): 'requested shared memory region when not registered/focused'
03-05 19:30:29.688  4604  4665 W [CT]    : SlamAnchorMemoryRuntimeIpcServer: HeadTracker::getState failed
03-05 19:30:29.689  4604  4665 W [CT]    : SlamAnchorMemoryRuntimeIpcServerThread: RigidBodyStates update failure.
03-05 19:30:29.727  4604  4708 E OsSdk   : error getting shared memory region, memory type: HeadTracker, failed with Status(-1, EX_SECURITY): 'requested shared memory region when not registered/focused'
03-05 19:30:29.740  4604  4665 E OsSdk   : error getting shared memory region, memory type: HeadTracker, failed with Status(-1, EX_SECURITY): 'requested shared memory region when not registered/focused'
03-05 19:30:29.740  4604  4665 W [CT]    : SlamAnchorMemoryRuntimeIpcServer: HeadTracker::getState failed
03-05 19:30:29.740  4604  4665 W [CT]    : SlamAnchorMemoryRuntimeIpcServerThread: RigidBodyStates update failure.
03-05 19:30:29.769  4604  4708 E OsSdk   : error getting shared memory region, memory type: HeadTracker, failed with Status(-1, EX_SECURITY): 'requested shared memory region when not registered/focused'
03-05 19:30:29.779  4604  4665 E OsSdk   : error getting shared memory region, memory type: HeadTracker, failed with Status(-1, EX_SECURITY): 'requested shared memory region when not registered/focused'
03-05 19:30:29.779  4604  4665 W [CT]    : SlamAnchorMemoryRuntimeIpcServer: HeadTracker::getState failed
03-05 19:30:29.779  4604  4665 W [CT]    : SlamAnchorMemoryRuntimeIpcServerThread: RigidBodyStates update failure.
03-05 19:30:29.812  4604  4708 E OsSdk   : error getting shared memory region, memory type: HeadTracker, failed with Status(-1, EX_SECURITY): 'requested shared memory region when not registered/focused'
03-05 19:30:29.824  4604  4665 E OsSdk   : error getting shared memory region, memory type: HeadTracker, failed with Status(-1, EX_SECURITY): 'requested shared memory region when not registered/focused'
03-05 19:30:29.824  4604  4665 W [CT]    : SlamAnchorMemoryRuntimeIpcServer: HeadTracker::getState failed
03-05 19:30:29.824  4604  4665 W [CT]    : SlamAnchorMemoryRuntimeIpcServerThread: RigidBodyStates update failure.
03-05 19:30:29.853  4604  4708 E OsSdk   : error getting shared memory region, memory type: HeadTracker, failed with Status(-1, EX_SECURITY): 'requested shared memory region when not registered/focused'
03-05 19:30:29.855   844   844 I chatty  : uid=1000(system) /system/bin/trackingservice identical 9 lines
03-05 19:30:29.856  4604  4665 E OsSdk   : error getting shared memory region, memory type: HeadTracker, failed with Status(-1, EX_SECURITY): 'requested shared memory region when not registered/focused'
03-05 19:30:29.856  4604  4665 W [CT]    : SlamAnchorMemoryRuntimeIpcServer: HeadTracker::getState failed
03-05 19:30:29.856  4604  4665 W [CT]    : SlamAnchorMemoryRuntimeIpcServerThread: RigidBodyStates update failure.
03-05 19:30:29.900   844  5209 I [CT]    : VIPER: Mode=SuperVega,Status=6DoF,TRACKING,Inl=23,Mem=97.7,Jit=0.1mm,Issues(Cam/min=0.0,IMU/min=0.0),Exp=(14.0ms,g=15.0,I=70,Ir=335.0)(14.0ms,g=15.0,I=86,Ir=413.7)(14.0ms,g=15.0,I=84,Ir=403.6)(14.0ms,g=15.0,I=71,Ir=342.8)
03-05 19:30:29.900   844  5209 W [CT]    : VIPER: Images too dark, Environment trending to dark, 
03-05 19:30:29.900  4604  4665 W [CT]    : SlamAnchorMemoryRuntimeIpcServer: HeadTracker::getState failed
03-05 19:30:29.900  4604  4665 W [CT]    : SlamAnchorMemoryRuntimeIpcServerThread: RigidBodyStates update failure.
03-05 19:30:29.900   844   844 W TrackingService: attachClient: found client in attached list
03-05 19:30:29.903  4604  4708 E OsSdk   : error getting shared memory region, memory type: HeadTracker, failed with Status(-1, EX_SECURITY): 'requested shared memory region when not registered/focused'
03-05 19:30:29.903   844  1556 W TrackingService: attachClient: found client in attached list
03-05 19:30:29.904  4604  4665 E OsSdk   : error getting shared memory region, memory type: AnchorTracker, failed with Status(-1, EX_SECURITY): 'requested shared memory region when not registered/focused'
03-05 19:30:29.904  4604  4665 W [CT]    : SlamAnchorMemoryRuntimeIpcServer: getAnchorStates failed
03-05 19:30:29.904  4604  4665 W [CT]    : SlamAnchorMemoryRuntimeIpcServerThread: AnchorStates update failure.
03-05 19:30:29.948  4604  4665 W [CT]    : SlamAnchorMemoryRuntimeIpcServer: HeadTracker::getState failed
03-05 19:30:29.948  4604  4665 W [CT]    : SlamAnchorMemoryRuntimeIpcServerThread: RigidBodyStates update failure.
03-05 19:30:29.949  4604  4708 E OsSdk   : error getting shared memory region, memory type: HeadTracker, failed with Status(-1, EX_SECURITY): 'requested shared memory region when not registered/focused'
03-05 19:30:29.950  4604  4708 E OsSdk   : error getting shared memory region, memory type: AnchorTracker, failed with Status(-1, EX_SECURITY): 'requested shared memory region when not registered/focused'
03-05 19:30:29.980  4604  4665 E OsSdk   : error getting shared memory region, memory type: HeadTracker, failed with Status(-1, EX_SECURITY): 'requested shared memory region when not registered/focused'
03-05 19:30:29.980  4604  4665 W [CT]    : SlamAnchorMemoryRuntimeIpcServer: HeadTracker::getState failed
03-05 19:30:29.980  4604  4665 W [CT]    : SlamAnchorMemoryRuntimeIpcServerThread: RigidBodyStates update failure.
03-05 19:30:30.021  4604  4708 E OsSdk   : error getting shared memory region, memory type: HeadTracker, failed with Status(-1, EX_SECURITY): 'requested shared memory region when not registered/focused'
03-05 19:30:30.026  4604  4665 E OsSdk   : error getting shared memory region, memory type: HeadTracker, failed with Status(-1, EX_SECURITY): 'requested shared memory region when not registered/focused'
03-05 19:30:30.027  4604  4665 W [CT]    : SlamAnchorMemoryRuntimeIpcServer: HeadTracker::getState failed
03-05 19:30:30.027  4604  4665 W [CT]    : SlamAnchorMemoryRuntimeIpcServerThread: RigidBodyStates update failure.
03-05 19:30:30.045  4604  4694 I xrstreaming: AudioPlayer: NetworkMetrics: [2.712,18.061]9.876
03-05 19:30:30.062  4604  4708 E OsSdk   : error getting shared memory region, memory type: HeadTracker, failed with Status(-1, EX_SECURITY): 'requested shared memory region when not registered/focused'
03-05 19:30:30.072  4604  4665 E OsSdk   : error getting shared memory region, memory type: HeadTracker, failed with Status(-1, EX_SECURITY): 'requested shared memory region when not registered/focused'
03-05 19:30:30.072  4604  4665 W [CT]    : SlamAnchorMemoryRuntimeIpcServer: HeadTracker::getState failed
03-05 19:30:30.072  4604  4665 W [CT]    : SlamAnchorMemoryRuntimeIpcServerThread: RigidBodyStates update failure.
03-05 19:30:30.109  4604  4708 E OsSdk   : error getting shared memory region, memory type: HeadTracker, failed with Status(-1, EX_SECURITY): 'requested shared memory region when not registered/focused'
03-05 19:30:30.118  4604  4665 E OsSdk   : error getting shared memory region, memory type: HeadTracker, failed with Status(-1, EX_SECURITY): 'requested shared memory region when not registered/focused'
03-05 19:30:30.118  4604  4665 W [CT]    : SlamAnchorMemoryRuntimeIpcServer: HeadTracker::getState failed
03-05 19:30:30.118  4604  4665 W [CT]    : SlamAnchorMemoryRuntimeIpcServerThread: RigidBodyStates update failure.
03-05 19:30:30.145   844  5215 I [CT]    : CONSTELLATION:VISION_STATUS: 729165a0fe4054d7 (R): BlobDetection:[#BlobsDetected=(24.79, 1.02)]Matching:[MatchSuccess=1.000, MatchCost=(0.00110, 0.00000), #MatchedBlobs=(13.13, 0.52), #MatchedLeds=(7.16, 0.47), RematchM=0.000, SkipRefine=0.000] MatchMethod:[Prox=1.000, ConstBrute=0.000, UnconstBrute=0.000] MatchResets[AnomBlobSize=0.000, SharedMatch=0.000, DenseReacq=0.000] | Fusion:[FusionError=0.000, ImuFromCamMs=(9.134, 1.186), RematchF=0.000] FusionUpdates:[Successful=1.000, Reliable=1.000, TightFusion=1.000, FullPose=0.000, StaticPrior=0.000, StaticForHandTrans=0.408, PoseUpdateMD=(0.0000, 0.0000)] FusionResets[6DoFReset=0.000, ResetSuccess=0.000] FusionStatus[HasPosition=1.000, HasVelocity=1.000] 
03-05 19:30:30.151   844  1556 I chatty  : uid=1000(system) Binder:844_4 identical 10 lines
03-05 19:30:30.151  4604  4708 E OsSdk   : error getting shared memory region, memory type: HeadTracker, failed with Status(-1, EX_SECURITY): 'requested shared memory region when not registered/focused'
03-05 19:30:30.159   844  1556 W TrackingService: attachClient: found client in attached list
03-05 19:30:30.160  4604  4665 E OsSdk   : error getting shared memory region, memory type: HeadTracker, failed with Status(-1, EX_SECURITY): 'requested shared memory region when not registered/focused'
03-05 19:30:30.160  4604  4665 W [CT]    : SlamAnchorMemoryRuntimeIpcServer: HeadTracker::getState failed
03-05 19:30:30.160  4604  4665 W [CT]    : SlamAnchorMemoryRuntimeIpcServerThread: RigidBodyStates update failure.
03-05 19:30:30.160   844   844 W TrackingService: attachClient: found client in attached list
03-05 19:30:30.161  4604  4665 E OsSdk   : error getting shared memory region, memory type: AnchorTracker, failed with Status(-1, EX_SECURITY): 'requested shared memory region when not registered/focused'
03-05 19:30:30.161  4604  4665 W [CT]    : SlamAnchorMemoryRuntimeIpcServer: getAnchorStates failed
03-05 19:30:30.161  4604  4665 W [CT]    : SlamAnchorMemoryRuntimeIpcServerThread: AnchorStates update failure.
03-05 19:30:30.190   844   844 W TrackingService: attachClient: found client in attached list
03-05 19:30:30.192  4604  4708 E OsSdk   : error getting shared memory region, memory type: HeadTracker, failed with Status(-1, EX_SECURITY): 'requested shared memory region when not registered/focused'
03-05 19:30:30.192   844  1556 W TrackingService: attachClient: found client in attached list
03-05 19:30:30.193  4604  4708 E OsSdk   : error getting shared memory region, memory type: AnchorTracker, failed with Status(-1, EX_SECURITY): 'requested shared memory region when not registered/focused'
03-05 19:30:30.207  4604  4665 E OsSdk   : error getting shared memory region, memory type: HeadTracker, failed with Status(-1, EX_SECURITY): 'requested shared memory region when not registered/focused'
03-05 19:30:30.208  4604  4665 W [CT]    : SlamAnchorMemoryRuntimeIpcServer: HeadTracker::getState failed
03-05 19:30:30.208  4604  4665 W [CT]    : SlamAnchorMemoryRuntimeIpcServerThread: RigidBodyStates update failure.
03-05 19:30:30.238  4604  4708 E OsSdk   : error getting shared memory region, memory type: HeadTracker, failed with Status(-1, EX_SECURITY): 'requested shared memory region when not registered/focused'
03-05 19:30:30.250  4604  4665 E OsSdk   : error getting shared memory region, memory type: HeadTracker, failed with Status(-1, EX_SECURITY): 'requested shared memory region when not registered/focused'
03-05 19:30:30.250  4604  4665 W [CT]    : SlamAnchorMemoryRuntimeIpcServer: HeadTracker::getState failed
03-05 19:30:30.250  4604  4665 W [CT]    : SlamAnchorMemoryRuntimeIpcServerThread: RigidBodyStates update failure.
03-05 19:30:30.278  4604  4708 E OsSdk   : error getting shared memory region, memory type: HeadTracker, failed with Status(-1, EX_SECURITY): 'requested shared memory region when not registered/focused'
03-05 19:30:30.296  4604  4665 E OsSdk   : error getting shared memory region, memory type: HeadTracker, failed with Status(-1, EX_SECURITY): 'requested shared memory region when not registered/focused'
03-05 19:30:30.296  4604  4665 W [CT]    : SlamAnchorMemoryRuntimeIpcServer: HeadTracker::getState failed
03-05 19:30:30.296  4604  4665 W [CT]    : SlamAnchorMemoryRuntimeIpcServerThread: RigidBodyStates update failure.
03-05 19:30:30.324  4604  4708 E OsSdk   : error getting shared memory region, memory type: HeadTracker, failed with Status(-1, EX_SECURITY): 'requested shared memory region when not registered/focused'
03-05 19:30:30.338  4604  4665 E OsSdk   : error getting shared memory region, memory type: HeadTracker, failed with Status(-1, EX_SECURITY): 'requested shared memory region when not registered/focused'
03-05 19:30:30.338  4604  4665 W [CT]    : SlamAnchorMemoryRuntimeIpcServer: HeadTracker::getState failed
03-05 19:30:30.338  4604  4665 W [CT]    : SlamAnchorMemoryRuntimeIpcServerThread: RigidBodyStates update failure.
03-05 19:30:30.369  4604  4708 E OsSdk   : error getting shared memory region, memory type: HeadTracker, failed with Status(-1, EX_SECURITY): 'requested shared memory region when not registered/focused'
03-05 19:30:30.374   844  5209 I [CT]    : boltlib: DSP utilization: 8.41 % (420 / 5005 ms)
03-05 19:30:30.383  4604  4665 E OsSdk   : error getting shared memory region, memory type: HeadTracker, failed with Status(-1, EX_SECURITY): 'requested shared memory region when not registered/focused'
03-05 19:30:30.383  4604  4665 W [CT]    : SlamAnchorMemoryRuntimeIpcServer: HeadTracker::getState failed
03-05 19:30:30.383  4604  4665 W [CT]    : SlamAnchorMemoryRuntimeIpcServerThread: RigidBodyStates update failure.
03-05 19:30:30.416  4604  4708 E OsSdk   : error getting shared memory region, memory type: HeadTracker, failed with Status(-1, EX_SECURITY): 'requested shared memory region when not registered/focused'
03-05 19:30:30.430  4604  4665 E OsSdk   : error getting shared memory region, memory type: HeadTracker, failed with Status(-1, EX_SECURITY): 'requested shared memory region when not registered/focused'
03-05 19:30:30.430  4604  4665 W [CT]    : SlamAnchorMemoryRuntimeIpcServer: HeadTracker::getState failed
03-05 19:30:30.430  4604  4665 W [CT]    : SlamAnchorMemoryRuntimeIpcServerThread: RigidBodyStates update failure.
03-05 19:30:30.430   844  1556 I chatty  : uid=1000(system) Binder:844_4 identical 12 lines
03-05 19:30:30.431  4604  4665 E OsSdk   : error getting shared memory region, memory type: AnchorTracker, failed with Status(-1, EX_SECURITY): 'requested shared memory region when not registered/focused'
03-05 19:30:30.431  4604  4665 W [CT]    : SlamAnchorMemoryRuntimeIpcServer: getAnchorStates failed
03-05 19:30:30.431  4604  4665 W [CT]    : SlamAnchorMemoryRuntimeIpcServerThread: AnchorStates update failure.
03-05 19:30:30.458   844  1556 W TrackingService: attachClient: found client in attached list
03-05 19:30:30.459  4604  4708 E OsSdk   : error getting shared memory region, memory type: HeadTracker, failed with Status(-1, EX_SECURITY): 'requested shared memory region when not registered/focused'
03-05 19:30:30.459   844   844 W TrackingService: attachClient: found client in attached list
03-05 19:30:30.461  4604  4708 E OsSdk   : error getting shared memory region, memory type: AnchorTracker, failed with Status(-1, EX_SECURITY): 'requested shared memory region when not registered/focused'
03-05 19:30:30.470  4604  4665 E OsSdk   : error getting shared memory region, memory type: HeadTracker, failed with Status(-1, EX_SECURITY): 'requested shared memory region when not registered/focused'
03-05 19:30:30.470  4604  4665 W [CT]    : SlamAnchorMemoryRuntimeIpcServer: HeadTracker::getState failed
03-05 19:30:30.470  4604  4665 W [CT]    : SlamAnchorMemoryRuntimeIpcServerThread: RigidBodyStates update failure.
03-05 19:30:30.505  4604  4708 E OsSdk   : error getting shared memory region, memory type: HeadTracker, failed with Status(-1, EX_SECURITY): 'requested shared memory region when not registered/focused'
03-05 19:30:30.513  4604  4665 E OsSdk   : error getting shared memory region, memory type: HeadTracker, failed with Status(-1, EX_SECURITY): 'requested shared memory region when not registered/focused'
03-05 19:30:30.513  4604  4665 W [CT]    : SlamAnchorMemoryRuntimeIpcServer: HeadTracker::getState failed
03-05 19:30:30.513  4604  4665 W [CT]    : SlamAnchorMemoryRuntimeIpcServerThread: RigidBodyStates update failure.
03-05 19:30:30.548  4604  4708 E OsSdk   : error getting shared memory region, memory type: HeadTracker, failed with Status(-1, EX_SECURITY): 'requested shared memory region when not registered/focused'
03-05 19:30:30.558  4604  4665 E OsSdk   : error getting shared memory region, memory type: HeadTracker, failed with Status(-1, EX_SECURITY): 'requested shared memory region when not registered/focused'
03-05 19:30:30.558  4604  4665 W [CT]    : SlamAnchorMemoryRuntimeIpcServer: HeadTracker::getState failed
03-05 19:30:30.558  4604  4665 W [CT]    : SlamAnchorMemoryRuntimeIpcServerThread: RigidBodyStates update failure.
03-05 19:30:30.588  4604  4708 E OsSdk   : error getting shared memory region, memory type: HeadTracker, failed with Status(-1, EX_SECURITY): 'requested shared memory region when not registered/focused'
03-05 19:30:30.602  4604  4665 E OsSdk   : error getting shared memory region, memory type: HeadTracker, failed with Status(-1, EX_SECURITY): 'requested shared memory region when not registered/focused'
03-05 19:30:30.602  4604  4665 W [CT]    : SlamAnchorMemoryRuntimeIpcServer: HeadTracker::getState failed
03-05 19:30:30.602  4604  4665 W [CT]    : SlamAnchorMemoryRuntimeIpcServerThread: RigidBodyStates update failure.
03-05 19:30:30.634  4604  4708 E OsSdk   : error getting shared memory region, memory type: HeadTracker, failed with Status(-1, EX_SECURITY): 'requested shared memory region when not registered/focused'
03-05 19:30:30.644  4604  4665 E OsSdk   : error getting shared memory region, memory type: HeadTracker, failed with Status(-1, EX_SECURITY): 'requested shared memory region when not registered/focused'
03-05 19:30:30.644  4604  4665 W [CT]    : SlamAnchorMemoryRuntimeIpcServer: HeadTracker::getState failed
03-05 19:30:30.644  4604  4665 W [CT]    : SlamAnchorMemoryRuntimeIpcServerThread: RigidBodyStates update failure.
03-05 19:30:30.644  4604  4682 D xrstreaming: receive ping: org 0 recv 0 xmt 30290324784100 (received at 405307052135), offset divergence 8216
03-05 19:30:30.677   844   844 I chatty  : uid=1000(system) /system/bin/trackingservice identical 10 lines
03-05 19:30:30.678  4604  4708 E OsSdk   : error getting shared memory region, memory type: HeadTracker, failed with Status(-1, EX_SECURITY): 'requested shared memory region when not registered/focused'
03-05 19:30:30.689   844   844 W TrackingService: attachClient: found client in attached list
03-05 19:30:30.689  4604  4665 E OsSdk   : error getting shared memory region, memory type: HeadTracker, failed with Status(-1, EX_SECURITY): 'requested shared memory region when not registered/focused'
03-05 19:30:30.690  4604  4665 W [CT]    : SlamAnchorMemoryRuntimeIpcServer: HeadTracker::getState failed
03-05 19:30:30.690  4604  4665 W [CT]    : SlamAnchorMemoryRuntimeIpcServerThread: RigidBodyStates update failure.
03-05 19:30:30.690   844  1556 W TrackingService: attachClient: found client in attached list
03-05 19:30:30.691  4604  4665 E OsSdk   : error getting shared memory region, memory type: AnchorTracker, failed with Status(-1, EX_SECURITY): 'requested shared memory region when not registered/focused'
03-05 19:30:30.691  4604  4665 W [CT]    : SlamAnchorMemoryRuntimeIpcServer: getAnchorStates failed
03-05 19:30:30.691  4604  4665 W [CT]    : SlamAnchorMemoryRuntimeIpcServerThread: AnchorStates update failure.
03-05 19:30:30.723   844  1556 W TrackingService: attachClient: found client in attached list
03-05 19:30:30.724  4604  4708 E OsSdk   : error getting shared memory region, memory type: HeadTracker, failed with Status(-1, EX_SECURITY): 'requested shared memory region when not registered/focused'
03-05 19:30:30.725   844   844 W TrackingService: attachClient: found client in attached list
03-05 19:30:30.726  4604  4708 E OsSdk   : error getting shared memory region, memory type: AnchorTracker, failed with Status(-1, EX_SECURITY): 'requested shared memory region when not registered/focused'
03-05 19:30:30.736  4604  4665 E OsSdk   : error getting shared memory region, memory type: HeadTracker, failed with Status(-1, EX_SECURITY): 'requested shared memory region when not registered/focused'
03-05 19:30:30.736  4604  4665 W [CT]    : SlamAnchorMemoryRuntimeIpcServer: HeadTracker::getState failed
03-05 19:30:30.736  4604  4665 W [CT]    : SlamAnchorMemoryRuntimeIpcServerThread: RigidBodyStates update failure.
03-05 19:30:30.768  4604  4665 W [CT]    : SlamAnchorMemoryRuntimeIpcServer: HeadTracker::getState failed
03-05 19:30:30.768  4604  4665 W [CT]    : SlamAnchorMemoryRuntimeIpcServerThread: RigidBodyStates update failure.
03-05 19:30:30.769  4604  4708 E OsSdk   : error getting shared memory region, memory type: HeadTracker, failed with Status(-1, EX_SECURITY): 'requested shared memory region when not registered/focused'
03-05 19:30:30.815  4604  4665 E OsSdk   : error getting shared memory region, memory type: HeadTracker, failed with Status(-1, EX_SECURITY): 'requested shared memory region when not registered/focused'
03-05 19:30:30.815  4604  4665 W [CT]    : SlamAnchorMemoryRuntimeIpcServer: HeadTracker::getState failed
03-05 19:30:30.815  4604  4665 W [CT]    : SlamAnchorMemoryRuntimeIpcServerThread: RigidBodyStates update failure.
03-05 19:30:30.857  4604  4665 W [CT]    : SlamAnchorMemoryRuntimeIpcServer: HeadTracker::getState failed
03-05 19:30:30.857  4604  4665 W [CT]    : SlamAnchorMemoryRuntimeIpcServerThread: RigidBodyStates update failure.
03-05 19:30:30.858  4604  4708 E OsSdk   : error getting shared memory region, memory type: HeadTracker, failed with Status(-1, EX_SECURITY): 'requested shared memory region when not registered/focused'
03-05 19:30:30.901   844   844 I chatty  : uid=1000(system) /system/bin/trackingservice identical 5 lines
03-05 19:30:30.903  4604  4665 E OsSdk   : error getting shared memory region, memory type: HeadTracker, failed with Status(-1, EX_SECURITY): 'requested shared memory region when not registered/focused'
03-05 19:30:30.903  4604  4665 W [CT]    : SlamAnchorMemoryRuntimeIpcServer: HeadTracker::getState failed
03-05 19:30:30.903  4604  4665 W [CT]    : SlamAnchorMemoryRuntimeIpcServerThread: RigidBodyStates update failure.
03-05 19:30:30.938  4604  4665 W [CT]    : SlamAnchorMemoryRuntimeIpcServer: HeadTracker::getState failed
03-05 19:30:30.938  4604  4665 W [CT]    : SlamAnchorMemoryRuntimeIpcServerThread: RigidBodyStates update failure.
03-05 19:30:30.938   844   844 W TrackingService: attachClient: found client in attached list
03-05 19:30:30.941  4604  4708 E OsSdk   : error getting shared memory region, memory type: HeadTracker, failed with Status(-1, EX_SECURITY): 'requested shared memory region when not registered/focused'
03-05 19:30:30.941   844  1556 W TrackingService: attachClient: found client in attached list
03-05 19:30:30.944  4604  4665 E OsSdk   : error getting shared memory region, memory type: AnchorTracker, failed with Status(-1, EX_SECURITY): 'requested shared memory region when not registered/focused'
03-05 19:30:30.944  4604  4665 W [CT]    : SlamAnchorMemoryRuntimeIpcServer: getAnchorStates failed
03-05 19:30:30.944  4604  4665 W [CT]    : SlamAnchorMemoryRuntimeIpcServerThread: AnchorStates update failure.
03-05 19:30:30.979  4604  4708 E OsSdk   : error getting shared memory region, memory type: HeadTracker, failed with Status(-1, EX_SECURITY): 'requested shared memory region when not registered/focused'
03-05 19:30:30.983  4604  4708 E OsSdk   : error getting shared memory region, memory type: AnchorTracker, failed with Status(-1, EX_SECURITY): 'requested shared memory region when not registered/focused'
03-05 19:30:30.988  4604  4665 E OsSdk   : error getting shared memory region, memory type: HeadTracker, failed with Status(-1, EX_SECURITY): 'requested shared memory region when not registered/focused'
03-05 19:30:30.988  4604  4665 W [CT]    : SlamAnchorMemoryRuntimeIpcServer: HeadTracker::getState failed
03-05 19:30:30.988  4604  4665 W [CT]    : SlamAnchorMemoryRuntimeIpcServerThread: RigidBodyStates update failure.
03-05 19:30:31.029  4604  4665 W [CT]    : SlamAnchorMemoryRuntimeIpcServer: HeadTracker::getState failed
03-05 19:30:31.029  4604  4665 W [CT]    : SlamAnchorMemoryRuntimeIpcServerThread: RigidBodyStates update failure.
03-05 19:30:31.029  4604  4708 E OsSdk   : error getting shared memory region, memory type: HeadTracker, failed with Status(-1, EX_SECURITY): 'requested shared memory region when not registered/focused'
03-05 19:30:31.074  4604  4665 E OsSdk   : error getting shared memory region, memory type: HeadTracker, failed with Status(-1, EX_SECURITY): 'requested shared memory region when not registered/focused'
03-05 19:30:31.074  4604  4665 W [CT]    : SlamAnchorMemoryRuntimeIpcServer: HeadTracker::getState failed
03-05 19:30:31.074  4604  4665 W [CT]    : SlamAnchorMemoryRuntimeIpcServerThread: RigidBodyStates update failure.
03-05 19:30:31.117  4604  4665 W [CT]    : SlamAnchorMemoryRuntimeIpcServer: HeadTracker::getState failed
03-05 19:30:31.117  4604  4665 W [CT]    : SlamAnchorMemoryRuntimeIpcServerThread: RigidBodyStates update failure.
03-05 19:30:31.118  4604  4708 E OsSdk   : error getting shared memory region, memory type: HeadTracker, failed with Status(-1, EX_SECURITY): 'requested shared memory region when not registered/focused'
03-05 19:30:31.158  4604  4665 W [CT]    : SlamAnchorMemoryRuntimeIpcServer: HeadTracker::getState failed
03-05 19:30:31.158  4604  4665 W [CT]    : SlamAnchorMemoryRuntimeIpcServerThread: RigidBodyStates update failure.
03-05 19:30:31.159  4604  4708 E OsSdk   : error getting shared memory region, memory type: HeadTracker, failed with Status(-1, EX_SECURITY): 'requested shared memory region when not registered/focused'
03-05 19:30:31.202  4604  4665 E OsSdk   : error getting shared memory region, memory type: HeadTracker, failed with Status(-1, EX_SECURITY): 'requested shared memory region when not registered/focused'
03-05 19:30:31.202  4604  4665 W [CT]    : SlamAnchorMemoryRuntimeIpcServer: HeadTracker::getState failed
03-05 19:30:31.202  4604  4665 W [CT]    : SlamAnchorMemoryRuntimeIpcServerThread: RigidBodyStates update failure.
03-05 19:30:31.203  4604  4665 E OsSdk   : error getting shared memory region, memory type: AnchorTracker, failed with Status(-1, EX_SECURITY): 'requested shared memory region when not registered/focused'
03-05 19:30:31.204  4604  4665 W [CT]    : SlamAnchorMemoryRuntimeIpcServer: getAnchorStates failed
03-05 19:30:31.204  4604  4665 W [CT]    : SlamAnchorMemoryRuntimeIpcServerThread: AnchorStates update failure.
03-05 19:30:31.245   844  1556 I chatty  : uid=1000(system) Binder:844_4 identical 10 lines
03-05 19:30:31.248  4604  4708 E OsSdk   : error getting shared memory region, memory type: HeadTracker, failed with Status(-1, EX_SECURITY): 'requested shared memory region when not registered/focused'
03-05 19:30:31.248   844  1556 W TrackingService: attachClient: found client in attached list
03-05 19:30:31.252  4604  4708 E OsSdk   : error getting shared memory region, memory type: AnchorTracker, failed with Status(-1, EX_SECURITY): 'requested shared memory region when not registered/focused'
03-05 19:30:31.252   844   844 W TrackingService: attachClient: found client in attached list
03-05 19:30:31.253  4604  4665 E OsSdk   : error getting shared memory region, memory type: HeadTracker, failed with Status(-1, EX_SECURITY): 'requested shared memory region when not registered/focused'
03-05 19:30:31.262  4604  4665 W [CT]    : SlamAnchorMemoryRuntimeIpcServer: HeadTracker::getState failed
03-05 19:30:31.262  4604  4665 W [CT]    : SlamAnchorMemoryRuntimeIpcServerThread: RigidBodyStates update failure.
03-05 19:30:31.300  4604  4708 E OsSdk   : error getting shared memory region, memory type: HeadTracker, failed with Status(-1, EX_SECURITY): 'requested shared memory region when not registered/focused'
03-05 19:30:31.303  4604  4665 E OsSdk   : error getting shared memory region, memory type: HeadTracker, failed with Status(-1, EX_SECURITY): 'requested shared memory region when not registered/focused'
03-05 19:30:31.303  4604  4665 W [CT]    : SlamAnchorMemoryRuntimeIpcServer: HeadTracker::getState failed
03-05 19:30:31.303  4604  4665 W [CT]    : SlamAnchorMemoryRuntimeIpcServerThread: RigidBodyStates update failure.
03-05 19:30:31.347  4604  4708 E OsSdk   : error getting shared memory region, memory type: HeadTracker, failed with Status(-1, EX_SECURITY): 'requested shared memory region when not registered/focused'
03-05 19:30:31.348   844   844 I chatty  : uid=1000(system) /system/bin/trackingservice identical 4 lines
03-05 19:30:31.348  4604  4665 E OsSdk   : error getting shared memory region, memory type: HeadTracker, failed with Status(-1, EX_SECURITY): 'requested shared memory region when not registered/focused'
03-05 19:30:31.348  4604  4665 W [CT]    : SlamAnchorMemoryRuntimeIpcServer: HeadTracker::getState failed
03-05 19:30:31.349  4604  4665 W [CT]    : SlamAnchorMemoryRuntimeIpcServerThread: RigidBodyStates update failure.
03-05 19:30:31.392   844   844 W TrackingService: attachClient: found client in attached list
03-05 19:30:31.393  4604  4708 E OsSdk   : error getting shared memory region, memory type: HeadTracker, failed with Status(-1, EX_SECURITY): 'requested shared memory region when not registered/focused'
03-05 19:30:31.393   844  1556 W TrackingService: attachClient: found client in attached list
03-05 19:30:31.394  4604  4665 E OsSdk   : error getting shared memory region, memory type: HeadTracker, failed with Status(-1, EX_SECURITY): 'requested shared memory region when not registered/focused'
03-05 19:30:31.394  4604  4665 W [CT]    : SlamAnchorMemoryRuntimeIpcServer: HeadTracker::getState failed
03-05 19:30:31.394  4604  4665 W [CT]    : SlamAnchorMemoryRuntimeIpcServerThread: RigidBodyStates update failure.
03-05 19:30:31.438  4604  4665 W [CT]    : SlamAnchorMemoryRuntimeIpcServer: HeadTracker::getState failed
03-05 19:30:31.438   844  1556 I chatty  : uid=1000(system) Binder:844_4 identical 1 line
03-05 19:30:31.438  4604  4665 W [CT]    : SlamAnchorMemoryRuntimeIpcServerThread: RigidBodyStates update failure.
03-05 19:30:31.439  4604  4708 E OsSdk   : error getting shared memory region, memory type: HeadTracker, failed with Status(-1, EX_SECURITY): 'requested shared memory region when not registered/focused'
03-05 19:30:31.447   844  5209 W [CT]    : TIMESTAMPCHECKER: Nominal rate wrong. Estimated data rate: 25, Nominal is 30.000300003000028
03-05 19:30:31.482   844  1556 W TrackingService: attachClient: found client in attached list
03-05 19:30:31.483  4604  4665 E OsSdk   : error getting shared memory region, memory type: HeadTracker, failed with Status(-1, EX_SECURITY): 'requested shared memory region when not registered/focused'
03-05 19:30:31.483  4604  4665 W [CT]    : SlamAnchorMemoryRuntimeIpcServer: HeadTracker::getState failed
03-05 19:30:31.483  4604  4665 W [CT]    : SlamAnchorMemoryRuntimeIpcServerThread: RigidBodyStates update failure.
03-05 19:30:31.484   844   844 W TrackingService: attachClient: found client in attached list
03-05 19:30:31.484  4604  4665 E OsSdk   : error getting shared memory region, memory type: AnchorTracker, failed with Status(-1, EX_SECURITY): 'requested shared memory region when not registered/focused'
03-05 19:30:31.484  4604  4665 W [CT]    : SlamAnchorMemoryRuntimeIpcServer: getAnchorStates failed
03-05 19:30:31.484  4604  4665 W [CT]    : SlamAnchorMemoryRuntimeIpcServerThread: AnchorStates update failure.
03-05 19:30:31.485   844   844 I chatty  : uid=1000(system) /system/bin/trackingservice identical 1 line
03-05 19:30:31.487  4604  4708 E OsSdk   : error getting shared memory region, memory type: HeadTracker, failed with Status(-1, EX_SECURITY): 'requested shared memory region when not registered/focused'
03-05 19:30:31.528   844   844 W TrackingService: attachClient: found client in attached list
03-05 19:30:31.528  4604  4665 W [CT]    : SlamAnchorMemoryRuntimeIpcServer: HeadTracker::getState failed
03-05 19:30:31.529  4604  4665 W [CT]    : SlamAnchorMemoryRuntimeIpcServerThread: RigidBodyStates update failure.
03-05 19:30:31.529  4604  4708 E OsSdk   : error getting shared memory region, memory type: HeadTracker, failed with Status(-1, EX_SECURITY): 'requested shared memory region when not registered/focused'
03-05 19:30:31.529   844  1556 W TrackingService: attachClient: found client in attached list
03-05 19:30:31.530  4604  4708 E OsSdk   : error getting shared memory region, memory type: AnchorTracker, failed with Status(-1, EX_SECURITY): 'requested shared memory region when not registered/focused'
03-05 19:30:31.571  4604  4665 E OsSdk   : error getting shared memory region, memory type: HeadTracker, failed with Status(-1, EX_SECURITY): 'requested shared memory region when not registered/focused'
03-05 19:30:31.571  4604  4665 W [CT]    : SlamAnchorMemoryRuntimeIpcServer: HeadTracker::getState failed
03-05 19:30:31.571  4604  4665 W [CT]    : SlamAnchorMemoryRuntimeIpcServerThread: RigidBodyStates update failure.
03-05 19:30:31.574  4604  4708 E OsSdk   : error getting shared memory region, memory type: HeadTracker, failed with Status(-1, EX_SECURITY): 'requested shared memory region when not registered/focused'
03-05 19:30:31.619  4604  4708 E OsSdk   : error getting shared memory region, memory type: HeadTracker, failed with Status(-1, EX_SECURITY): 'requested shared memory region when not registered/focused'
03-05 19:30:31.624  4604  4665 E OsSdk   : error getting shared memory region, memory type: HeadTracker, failed with Status(-1, EX_SECURITY): 'requested shared memory region when not registered/focused'
03-05 19:30:31.624  4604  4665 W [CT]    : SlamAnchorMemoryRuntimeIpcServer: HeadTracker::getState failed
03-05 19:30:31.624  4604  4665 W [CT]    : SlamAnchorMemoryRuntimeIpcServerThread: RigidBodyStates update failure.
03-05 19:30:31.656  4604  4682 D xrstreaming: receive ping: org 0 recv 0 xmt 30291336645500 (received at 406318655936), offset divergence 8216
03-05 19:30:31.665  4604  4708 E OsSdk   : error getting shared memory region, memory type: HeadTracker, failed with Status(-1, EX_SECURITY): 'requested shared memory region when not registered/focused'
03-05 19:30:31.668  4604  4665 E OsSdk   : error getting shared memory region, memory type: HeadTracker, failed with Status(-1, EX_SECURITY): 'requested shared memory region when not registered/focused'
03-05 19:30:31.668  4604  4665 W [CT]    : SlamAnchorMemoryRuntimeIpcServer: HeadTracker::getState failed
03-05 19:30:31.668  4604  4665 W [CT]    : SlamAnchorMemoryRuntimeIpcServerThread: RigidBodyStates update failure.
03-05 19:30:31.708  4604  4708 E OsSdk   : error getting shared memory region, memory type: HeadTracker, failed with Status(-1, EX_SECURITY): 'requested shared memory region when not registered/focused'
03-05 19:30:31.712  4604  4665 E OsSdk   : error getting shared memory region, memory type: HeadTracker, failed with Status(-1, EX_SECURITY): 'requested shared memory region when not registered/focused'
03-05 19:30:31.712  4604  4665 W [CT]    : SlamAnchorMemoryRuntimeIpcServer: HeadTracker::getState failed
03-05 19:30:31.712  4604  4665 W [CT]    : SlamAnchorMemoryRuntimeIpcServerThread: RigidBodyStates update failure.
03-05 19:30:31.753   844  1556 I chatty  : uid=1000(system) Binder:844_4 identical 9 lines
03-05 19:30:31.754  4604  4708 E OsSdk   : error getting shared memory region, memory type: HeadTracker, failed with Status(-1, EX_SECURITY): 'requested shared memory region when not registered/focused'
03-05 19:30:31.757   844  1556 W TrackingService: attachClient: found client in attached list
03-05 19:30:31.758  4604  4665 E OsSdk   : error getting shared memory region, memory type: HeadTracker, failed with Status(-1, EX_SECURITY): 'requested shared memory region when not registered/focused'
03-05 19:30:31.758  4604  4665 W [CT]    : SlamAnchorMemoryRuntimeIpcServer: HeadTracker::getState failed
03-05 19:30:31.758  4604  4665 W [CT]    : SlamAnchorMemoryRuntimeIpcServerThread: RigidBodyStates update failure.
03-05 19:30:31.758   844   844 W TrackingService: attachClient: found client in attached list
03-05 19:30:31.759  4604  4665 E OsSdk   : error getting shared memory region, memory type: AnchorTracker, failed with Status(-1, EX_SECURITY): 'requested shared memory region when not registered/focused'
03-05 19:30:31.759  4604  4665 W [CT]    : SlamAnchorMemoryRuntimeIpcServer: getAnchorStates failed
03-05 19:30:31.759  4604  4665 W [CT]    : SlamAnchorMemoryRuntimeIpcServerThread: AnchorStates update failure.
03-05 19:30:31.798  4604  4665 E OsSdk   : error getting shared memory region, memory type: HeadTracker, failed with Status(-1, EX_SECURITY): 'requested shared memory region when not registered/focused'
03-05 19:30:31.798  4604  4665 W [CT]    : SlamAnchorMemoryRuntimeIpcServer: HeadTracker::getState failed
03-05 19:30:31.798  4604  4665 W [CT]    : SlamAnchorMemoryRuntimeIpcServerThread: RigidBodyStates update failure.
03-05 19:30:31.800  4604  4708 E OsSdk   : error getting shared memory region, memory type: HeadTracker, failed with Status(-1, EX_SECURITY): 'requested shared memory region when not registered/focused'
03-05 19:30:31.801  4604  4708 E OsSdk   : error getting shared memory region, memory type: AnchorTracker, failed with Status(-1, EX_SECURITY): 'requested shared memory region when not registered/focused'
03-05 19:30:31.843  4604  4665 E OsSdk   : error getting shared memory region, memory type: HeadTracker, failed with Status(-1, EX_SECURITY): 'requested shared memory region when not registered/focused'
03-05 19:30:31.843  4604  4665 W [CT]    : SlamAnchorMemoryRuntimeIpcServer: HeadTracker::getState failed
03-05 19:30:31.843  4604  4665 W [CT]    : SlamAnchorMemoryRuntimeIpcServerThread: RigidBodyStates update failure.
03-05 19:30:31.847  4604  4708 E OsSdk   : error getting shared memory region, memory type: HeadTracker, failed with Status(-1, EX_SECURITY): 'requested shared memory region when not registered/focused'
03-05 19:30:31.889  4604  4665 E OsSdk   : error getting shared memory region, memory type: HeadTracker, failed with Status(-1, EX_SECURITY): 'requested shared memory region when not registered/focused'
03-05 19:30:31.890  4604  4665 W [CT]    : SlamAnchorMemoryRuntimeIpcServer: HeadTracker::getState failed
03-05 19:30:31.890  4604  4665 W [CT]    : SlamAnchorMemoryRuntimeIpcServerThread: RigidBodyStates update failure.
03-05 19:30:31.893  4604  4708 E OsSdk   : error getting shared memory region, memory type: HeadTracker, failed with Status(-1, EX_SECURITY): 'requested shared memory region when not registered/focused'
03-05 19:30:31.930  4604  4665 E OsSdk   : error getting shared memory region, memory type: HeadTracker, failed with Status(-1, EX_SECURITY): 'requested shared memory region when not registered/focused'
03-05 19:30:31.930  4604  4665 W [CT]    : SlamAnchorMemoryRuntimeIpcServer: HeadTracker::getState failed
03-05 19:30:31.930  4604  4665 W [CT]    : SlamAnchorMemoryRuntimeIpcServerThread: RigidBodyStates update failure.
03-05 19:30:31.938  4604  4708 E OsSdk   : error getting shared memory region, memory type: HeadTracker, failed with Status(-1, EX_SECURITY): 'requested shared memory region when not registered/focused'
03-05 19:30:31.975  4604  4665 E OsSdk   : error getting shared memory region, memory type: HeadTracker, failed with Status(-1, EX_SECURITY): 'requested shared memory region when not registered/focused'
03-05 19:30:31.976  4604  4665 W [CT]    : SlamAnchorMemoryRuntimeIpcServer: HeadTracker::getState failed
03-05 19:30:31.976  4604  4665 W [CT]    : SlamAnchorMemoryRuntimeIpcServerThread: RigidBodyStates update failure.
03-05 19:30:31.978   844   844 I chatty  : uid=1000(system) /system/bin/trackingservice identical 11 lines
03-05 19:30:31.978  4604  4708 E OsSdk   : error getting shared memory region, memory type: HeadTracker, failed with Status(-1, EX_SECURITY): 'requested shared memory region when not registered/focused'
03-05 19:30:31.993  5119  5150 D UE4     : [2023.03.05-19.30.31:993][432]LogAndroid: Exiting
03-05 19:30:31.994  5119  5150 D UE4     : *** JavaEnvDestructor: 5150
03-05 19:30:31.995  5119  5119 D UE4     : [GameActivity] Battery: status = 4, rawlevel = 100, scale = 100
03-05 19:30:31.995  5119  5119 D UE4     : nativeBatteryEvent(stat = 4, lvl = 100  temp = 24.70 C)
03-05 19:30:31.996  5119  5415 I VrApi   : FPS=72/72,Prd=44ms,Tear=0,Early=0,Stale=0,Stale2/5/10/max=0/0/0/0,VSnc=1,Lat=1,Fov=0,CPU4/GPU=2/4,1171/525MHz,OC=FF,TA=0/70/0,SP=N/N/E,Mem=1353MHz,Free=1658MB,PLS=0,Temp=25.0C/0.0C,TW=1.75ms,App=10.62ms,GD=0.12ms,CPU&GPU=12.34ms,LCnt=2(DR0,LM2),GPU%=0.92,CPU%=0.55(W0.65),DSF=1.00,CFL=19.60/21.64
--------- beginning of crash
03-05 19:30:32.011  5119  5149 F libc    : Fatal signal 11 (SIGSEGV), code 1 (SEGV_MAPERR), fault addr 0x1 in tid 5149 (GameThread), pid 5119 (emplateProject3)
03-05 19:30:32.018   844   844 W TrackingService: attachClient: found client in attached list
03-05 19:30:32.019  4604  4665 E OsSdk   : error getting shared memory region, memory type: HeadTracker, failed with Status(-1, EX_SECURITY): 'requested shared memory region when not registered/focused'
03-05 19:30:32.019  4604  4665 W [CT]    : SlamAnchorMemoryRuntimeIpcServer: HeadTracker::getState failed
03-05 19:30:32.019  4604  4665 W [CT]    : SlamAnchorMemoryRuntimeIpcServerThread: RigidBodyStates update failure.
03-05 19:30:32.019   844  1556 W TrackingService: attachClient: found client in attached list
03-05 19:30:32.022  4604  4665 E OsSdk   : error getting shared memory region, memory type: AnchorTracker, failed with Status(-1, EX_SECURITY): 'requested shared memory region when not registered/focused'
03-05 19:30:32.022  4604  4665 W [CT]    : SlamAnchorMemoryRuntimeIpcServer: getAnchorStates failed
03-05 19:30:32.022  4604  4665 W [CT]    : SlamAnchorMemoryRuntimeIpcServerThread: AnchorStates update failure.
03-05 19:30:32.025  4604  4708 E OsSdk   : error getting shared memory region, memory type: HeadTracker, failed with Status(-1, EX_SECURITY): 'requested shared memory region when not registered/focused'
03-05 19:30:32.053  1908  2035 I AuthLogger: Action succeeded: OBTAIN_TOKEN, callingPackage: com.oculus.companion.server, accountType: com.oculus, tokenType: user_id, extras: {outcome=token, expiration_time_ms=9223372036854775807}, duration: 1ms
03-05 19:30:32.059   844  1556 I chatty  : uid=1000(system) Binder:844_4 identical 2 lines
03-05 19:30:32.061  4604  4665 E OsSdk   : error getting shared memory region, memory type: HeadTracker, failed with Status(-1, EX_SECURITY): 'requested shared memory region when not registered/focused'
03-05 19:30:32.061  4604  4665 W [CT]    : SlamAnchorMemoryRuntimeIpcServer: HeadTracker::getState failed
03-05 19:30:32.062  4604  4665 W [CT]    : SlamAnchorMemoryRuntimeIpcServerThread: RigidBodyStates update failure.
03-05 19:30:32.067   844  1556 W TrackingService: attachClient: found client in attached list
03-05 19:30:32.068  4604  4708 E OsSdk   : error getting shared memory region, memory type: HeadTracker, failed with Status(-1, EX_SECURITY): 'requested shared memory region when not registered/focused'
03-05 19:30:32.069   844   844 W TrackingService: attachClient: found client in attached list
03-05 19:30:32.070  4604  4708 E OsSdk   : error getting shared memory region, memory type: AnchorTracker, failed with Status(-1, EX_SECURITY): 'requested shared memory region when not registered/focused'
