03-01 21:03:23.562  1057  1080 I RuntimeIPCApi [RUNTIMEIPC]: ipc_Initialize
03-01 21:03:23.562  1057  1080 I RuntimeIPCServiceClient [RUNTIMEIPC]: Init: Already initialized: system_server, 2
03-01 21:03:23.564  2949  2949 I [OAO] ShellOverlayService: onStartCommand(): Intent { cmp=com.oculus.vrshell/.ShellOverlayService }
03-01 21:03:23.567  1057  1080 I ClientProcessConnector [RUNTIMEIPC]: GetProcessConnection: com.oculus.vrshell:com.oculus.vrshell:Overlay
03-01 21:03:23.568  2949  2985 D IPCDataChannelServer [RUNTIMEIPC]: Connected: 2370505568, android.uid.system:1000:system_server:1057
03-01 21:03:23.568  2949  2985 D RPCServer [RUNTIMEIPC]: ConnectClient: Client: android.uid.system:1000:system_server:1057, Server: com.oculus.vrshell:com.oculus.vrshell:Overlay (ptkserviceserver)
03-01 21:03:23.568  2949  2985 I IPCSharedMemory_Internal [RUNTIMEIPC]: CreateSharedMemory: Allocated shared memory fd 381 (ipcStateReadWrite)
03-01 21:03:23.569  2949  2985 I IPCSharedMemory_Internal [RUNTIMEIPC]: CreateSharedMemory: Allocated shared memory fd 422 (ipcReadOnlyState)
03-01 21:03:23.570  2949  2985 I RPCClientHandler [RUNTIMEIPC]: Event buffer size (server): 8192
03-01 21:03:23.570  2949  2985 I IPCSharedMemory_Internal [RUNTIMEIPC]: CreateSharedMemory: Allocated shared memory fd 423 (ipcEventBuffer)
03-01 21:03:23.570  2949  2985 I IPCSharedMemory_Internal [RUNTIMEIPC]: CreateSharedMemory: Allocated shared memory fd 424 (ipcEventBuffer_Private)
03-01 21:03:23.570  2949  2985 W RPCServer [RUNTIMEIPC]: HandleClientConnect: Failed to register client event subscription: Client: android.uid.system:1000:system_server:1057, Server: com.oculus.vrshell:com.oculus.vrshell:Overlay (ptkserviceserver)
03-01 21:03:23.579  2949  2985 I RuntimeIPCServerMgr [RUNTIMEIPC]: HandleClientConnect SUCCESS: Client: android.uid.system:1000:system_server:1057, Server: com.oculus.vrshell:com.oculus.vrshell:Overlay (ptkserviceserver)
03-01 21:03:23.579  2431  2890 I GuardianSystem: [GuardianSystem::GuardianSystemThread] Starting suspension
03-01 21:03:23.579  2431  2890 I GuardianSystem: [GuardianSystem::SetGuardianDialogAndDefinition] pendingDialogDefinition = 
03-01 21:03:23.580  2949  5461 I RPCServer [RUNTIMEIPC]: GetServerStatesConfig -> {MaxBufferSize=32768, MaxEntries=64}
03-01 21:03:23.580  1057  1080 I RuntimeIPCClient [RUNTIMEIPC]: GetServerStatesConfig returned maxEntries=64, maxBuffSize=32768
03-01 21:03:23.580  1057  1080 I RuntimeIPCClient [RUNTIMEIPC]: Event buffer size (client): 8192
03-01 21:03:23.580  1057  1080 I RuntimeIPCClient [RUNTIMEIPC]: TryToGetIPCResourcesFromServer: RPC_CONNECTOR_CONNECT_TO_SERVER SUCCESS: Client: android.uid.system:1000:system_server:1057, Server: com.oculus.vrshell:com.oculus.vrshell:Overlay (ptkserviceserver)
03-01 21:03:23.580  1057  1080 I RuntimeIPCClient [RUNTIMEIPC]: EnsureServerConnection: SUCCESS. Client: android.uid.system:1000:system_server:1057, Server: com.oculus.vrshell:com.oculus.vrshell:Overlay (ptkserviceserver)
03-01 21:03:23.580  1057  1080 I RuntimeIPCClient [RUNTIMEIPC]: ConnectToServer: SUCCESS: Client: android.uid.system:1000:system_server:1057, Server: com.oculus.vrshell:com.oculus.vrshell:Overlay (ptkserviceserver)
03-01 21:03:23.581  1057  1080 I RuntimeIPCClientMgr [RUNTIMEIPC]: GetClientOptions
03-01 21:03:23.581  2573  3080 I [CT]    : MIXEDREALITY: MrClientModelStates: setLayerPaused true layer -1 for client 725421982.
03-01 21:03:23.581  2573  3080 I [CT]    : MIXEDREALITY: MrSvc: PassthroughLayer: setPaused: Layer -1 is being paused true
03-01 21:03:23.581  2573  2653 I [CT]    : MIXEDREALITY: MrServiceView: renderIteration: (every 10 seconds), screen is: ON, PT is: ON, ID is: OFF
03-01 21:03:23.581  2573  2653 I [CT]    : MIXEDREALITY: MrSvc: PassthroughPresentationLayerImpl: Deallocating framebuffers for layer -1.
03-01 21:03:23.581  2573  2653 I [CT]    : MIXEDREALITY: MrServiceModel: commitLayerState: PassthroughMode: kNone.
03-01 21:03:23.585  2431  2890 I GuardianRender: Suspend: Passthrough layer paused
03-01 21:03:23.586  2431  2890 I GuardianRender: Suspend: GuardianRender suspending.
03-01 21:03:23.590  1766  6447 I CompositorVR: SetSchedFifo( tid=2890, pol=5, pri=1 ) succeeded
03-01 21:03:23.590  1766  6447 I CompositorVR: SetSchedFifo( tid=3085, pol=5, pri=1 ) succeeded
03-01 21:03:23.590  1766  6447 I CompositorVR: SetSchedFifo( tid=3165, pol=5, pri=1 ) succeeded
03-01 21:03:23.590  2431  2890 I GuardianInput: GuardianInput::Suspend ... destroying hand trackers
03-01 21:03:23.591  2431  2890 I OpenXR_Hands: ------------ xrDestroyHandTrackerEXT -----------
03-01 21:03:23.591  2431  2890 I OpenXR_Hands: ------------ xrDestroyHandTrackerEXT -----------
03-01 21:03:23.591  1766  2850 I VrRuntimeService: RuntimeServiceSDKServer::SetGuardianSystemState: 725421982
03-01 21:03:23.593  2573  2653 I [CT]    : MIXEDREALITY: MrServiceView: renderIteration: Nothing to render, hibernating the rendering thread since ID is off and no active PT layers.
03-01 21:03:23.593  2573  2653 I [CT]    : MIXEDREALITY: MrServiceModel: Hibernating caller (most likely rendering thread) due to commandQueue being empty.
03-01 21:03:23.593  4074  4181 E OsSdk   : error getting shared memory region, memory type: HeadTracker, failed with Status(-1, EX_SECURITY): 'requested shared memory region when not registered/focused'
03-01 21:03:23.597  1057  1057 W android.ui: type=1400 audit(0.0:26979): avc: denied { read } for name="u:object_r:qcom_pil_prop:s0" dev="tmpfs" ino=16058 scontext=u:r:system_server:s0 tcontext=u:object_r:qcom_pil_prop:s0 tclass=file permissive=0
03-01 21:03:23.597  2949  5461 I RPCServer [RUNTIMEIPC]: GetServerStatesConfig -> {MaxBufferSize=32768, MaxEntries=64}
03-01 21:03:23.597  1057  1080 I RuntimeIPCClient [RUNTIMEIPC]: GetServerStatesConfig returned maxEntries=64, maxBuffSize=32768
03-01 21:03:23.597  1057  1080 I RuntimeIPCClient [RUNTIMEIPC]: InitServerStateBuffer: SUCCESS. 0, Client: android.uid.system:1000:system_server:1057, Server: com.oculus.vrshell:com.oculus.vrshell:Overlay (ptkserviceserver)
03-01 21:03:23.599  3468  7282 W Codec2Client: query -- param skipped: index = 1342179345.
03-01 21:03:23.599  3468  7282 W Codec2Client: query -- param skipped: index = 2415921170.
03-01 21:03:23.600  3468  7282 D CCodecBufferChannel: [c2.android.vorbis.decoder#179] Created input block pool with allocatorID 16 => poolID 74 - OK (0)
03-01 21:03:23.602  3468  7282 I CCodecBufferChannel: [c2.android.vorbis.decoder#179] Created output block pool with allocatorID 16 => poolID 173 - OK
03-01 21:03:23.602  3468  7282 D CCodecBufferChannel: [c2.android.vorbis.decoder#179] Configured output block pool ids 173 => OK
03-01 21:03:23.605  4074  4133 E OsSdk   : error getting shared memory region, memory type: HeadTracker, failed with Status(-1, EX_SECURITY): 'requested shared memory region when not registered/focused'
03-01 21:03:23.605  4074  4133 W [CT]    : SlamAnchorMemoryRuntimeIpcServer: HeadTracker::getState failed
03-01 21:03:23.605  4074  4133 W [CT]    : SlamAnchorMemoryRuntimeIpcServerThread: RigidBodyStates update failure.
03-01 21:03:23.605   841  7283 D SimpleC2Component: Using output block pool with poolID 173 => got 173 - 0
03-01 21:03:23.616  1057  1080 E libc    : Access denied finding property "debug.egl.profiler"
03-01 21:03:23.616  1057  1080 I VrRuntimeClient: OSSDKTRACKING calculating secure tracking
03-01 21:03:23.630  1057  1080 D VrRuntimeClient: getSecureTrackingRequest OSSDKTRACKING android
03-01 21:03:23.631  1057  1080 W VrRuntimeClient: OSSDKTRACKING No package metadata available for android
03-01 21:03:23.631  1057  1080 I VrRuntimeClient: OSSDKTRACKING secure tracking is 0
03-01 21:03:23.633  1057  1080 I AudioCapture: AudioCapture::Init
03-01 21:03:23.633  1057  1080 I AudioCapture: AudioCapture::Init -> Initializing audio capture using direct OS Callbacks
03-01 21:03:23.633  1057  1080 I AudioCapture: AudioCapture::Init COMPLETE
03-01 21:03:23.634  1057  1080 W Foveation: Forcing on dynamic foveation
03-01 21:03:23.634  1057  1080 D VrRuntimeClient: VrRuntimeClient: initialize. inContext: com.oculus.os.DialogContext@b74b2be
03-01 21:03:23.634  1057  1080 I VrGuardianClient: Disabling guardianclient for package: android
03-01 21:03:23.634  1057  1080 D VrRuntimeClient: getClient6dofEntitlementMode for android
03-01 21:03:23.639  4074  4181 E OsSdk   : error getting shared memory region, memory type: HeadTracker, failed with Status(-1, EX_SECURITY): 'requested shared memory region when not registered/focused'
03-01 21:03:23.650  4074  4133 E OsSdk   : error getting shared memory region, memory type: HeadTracker, failed with Status(-1, EX_SECURITY): 'requested shared memory region when not registered/focused'
03-01 21:03:23.650  4074  4133 W [CT]    : SlamAnchorMemoryRuntimeIpcServer: HeadTracker::getState failed
03-01 21:03:23.650  4074  4133 W [CT]    : SlamAnchorMemoryRuntimeIpcServerThread: RigidBodyStates update failure.
03-01 21:03:23.665  1057  1080 W Binder  : Outgoing transactions from this process must be FLAG_ONEWAY
03-01 21:03:23.665  1057  1080 W Binder  : java.lang.Throwable
03-01 21:03:23.665  1057  1080 W Binder  : 	at android.os.BinderProxy.transact(BinderProxy.java:481)
03-01 21:03:23.665  1057  1080 W Binder  : 	at android.content.ContentProviderProxy.query(ContentProviderNative.java:421)
03-01 21:03:23.665  1057  1080 W Binder  : 	at android.content.ContentResolver.query(ContentResolver.java:944)
03-01 21:03:23.665  1057  1080 W Binder  : 	at android.content.ContentResolver.query(ContentResolver.java:880)
03-01 21:03:23.665  1057  1080 W Binder  : 	at android.content.ContentResolver.query(ContentResolver.java:836)
03-01 21:03:23.665  1057  1080 W Binder  : 	at com.oculus.vrapi.VrRuntimeClient.getClient6dofEntitlementMode(VrRuntimeClient.java:126)
03-01 21:03:23.665  1057  1080 W Binder  : 	at oculus.internal.ui.VrBase.nativeOnCreate(Native Method)
03-01 21:03:23.665  1057  1080 W Binder  : 	at oculus.internal.ui.VrBase.recreateInternal(VrBase.java:269)
03-01 21:03:23.665  1057  1080 W Binder  : 	at oculus.internal.ui.VrBase.onCreate(VrBase.java:250)
03-01 21:03:23.665  1057  1080 W Binder  : 	at oculus.internal.ui.VrUiWrapper.commonInit(VrUiWrapper.java:122)
03-01 21:03:23.665  1057  1080 W Binder  : 	at oculus.internal.ui.VrUiWrapper.onCreate(VrUiWrapper.java:130)
03-01 21:03:23.665  1057  1080 W Binder  : 	at oculus.internal.ui.VrUiWrapper.onCreate(VrUiWrapper.java:93)
03-01 21:03:23.665  1057  1080 W Binder  : 	at oculus.internal.ui.VrAlertDialog.onCreate(VrAlertDialog.java:68)
03-01 21:03:23.665  1057  1080 W Binder  : 	at oculus.internal.ui.VrAlertDialog.onCreate(VrAlertDialog.java:58)
03-01 21:03:23.665  1057  1080 W Binder  : 	at android.app.Dialog.dispatchOnCreate(Dialog.java:421)
03-01 21:03:23.665  1057  1080 W Binder  : 	at android.app.Dialog.show(Dialog.java:315)
03-01 21:03:23.665  1057  1080 W Binder  : 	at com.android.server.power.ShutdownThread.showVrUIConfirmDialog(ShutdownThread.java:368)
03-01 21:03:23.665  1057  1080 W Binder  : 	at com.android.server.power.ShutdownThread.shutdownInner(ShutdownThread.java:280)
03-01 21:03:23.665  1057  1080 W Binder  : 	at com.android.server.power.ShutdownThread.shutdown(ShutdownThread.java:260)
03-01 21:03:23.665  1057  1080 W Binder  : 	at com.android.server.wm.WindowManagerService.shutdown(WindowManagerService.java:3161)
03-01 21:03:23.665  1057  1080 W Binder  : 	at com.android.server.policy.PhoneWindowManager.powerLongPress(PhoneWindowManager.java:1421)
03-01 21:03:23.665  1057  1080 W Binder  : 	at com.android.server.policy.PhoneWindowManager.access$800(PhoneWindowManager.java:250)
03-01 21:03:23.665  1057  1080 W Binder  : 	at com.android.server.policy.PhoneWindowManager$PolicyHandler.handleMessage(PhoneWindowManager.java:744)
03-01 21:03:23.665  1057  1080 W Binder  : 	at android.os.Handler.dispatchMessage(Handler.java:109)
03-01 21:03:23.665  1057  1080 W Binder  : 	at android.os.Looper.loop(Looper.java:227)
03-01 21:03:23.665  1057  1080 W Binder  : 	at android.os.HandlerThread.run(HandlerThread.java:67)
03-01 21:03:23.665  1057  1080 W Binder  : 	at com.android.server.ServiceThread.run(ServiceThread.java:44)
03-01 21:03:23.665  1057  1080 W Binder  : 	at com.android.server.UiThread.run(UiThread.java:43)
03-01 21:03:23.684  4074  4181 E OsSdk   : error getting shared memory region, memory type: HeadTracker, failed with Status(-1, EX_SECURITY): 'requested shared memory region when not registered/focused'
03-01 21:03:23.690  1766  6447 I CompositorVR: SetSchedFifo( tid=2890, pol=2, pri=0 ) succeeded
03-01 21:03:23.690  1766  6447 I CompositorVR: SetSchedFifo( tid=3085, pol=2, pri=0 ) succeeded
03-01 21:03:23.690  1766  6447 I CompositorVR: SetSchedFifo( tid=3165, pol=2, pri=0 ) succeeded
03-01 21:03:23.696  4074  4133 E OsSdk   : error getting shared memory region, memory type: HeadTracker, failed with Status(-1, EX_SECURITY): 'requested shared memory region when not registered/focused'
03-01 21:03:23.696  4074  4133 W [CT]    : SlamAnchorMemoryRuntimeIpcServer: HeadTracker::getState failed
03-01 21:03:23.696  4074  4133 W [CT]    : SlamAnchorMemoryRuntimeIpcServerThread: RigidBodyStates update failure.
03-01 21:03:23.697  2329 18204 I PublicLibraryProvider: Using legacy entitlement framework to get App data
03-01 21:03:23.699  2329 18204 W PublicLibraryProvider: Cannot find entitlement for android
03-01 21:03:23.700  1766  7280 I VrRuntimeService: RuntimeServiceSDKServer::IsExperimental120HzSupportEnabled
03-01 21:03:23.702  1057  1080 I VrRuntimeClient: Is120HzSupported: 0
03-01 21:03:23.702  1057  1080 I LogTimer: CPUTIME: VrRuntimeClient_Init took 140.2551 ms
03-01 21:03:23.702  1057  1080 I VrApi   : SkipPushFinalBlack=1
03-01 21:03:23.702  1057  1080 D VrApi   : isActivityFocusAware context = com.oculus.os.DialogContext@b74b2be
03-01 21:03:23.702  1057  1080 D VrApi   : isSystemApp = true for android
03-01 21:03:23.702  1057  1080 I VrApi   : isActivityFocusAware = 0
03-01 21:03:23.703  1057  1080 D SystemActivitiesReceiver: Registering Oculus System Activity receiver
03-01 21:03:23.707  4074  4181 E OsSdk   : error getting shared memory region, memory type: HeadTracker, failed with Status(-1, EX_SECURITY): 'requested shared memory region when not registered/focused'
03-01 21:03:23.708  1057  1080 I Distortion: Initializing Mesh Decenter Correction
03-01 21:03:23.714   852  1039 E CalibrationProvider: loadCalibration(LDISP_SN) failed: Calibration store didn't load any info
03-01 21:03:23.715   852  1039 E CalibrationProvider: loadCalibration(RDISP_SN) failed: Calibration store didn't load any info
03-01 21:03:23.720  1057  1080 I Distortion: SetLensPositions - iad=0.06485, left offset=0.00066416,-0.00102733, right offset=-0.000784993,-0.00104481
03-01 21:03:23.720  1057  1080 I Distortion: Initializing Mesh Decenter Correction
03-01 21:03:23.723   852  1039 E CalibrationProvider: loadCalibration(LDISP_SN) failed: Calibration store didn't load any info
03-01 21:03:23.724   852  1039 E CalibrationProvider: loadCalibration(RDISP_SN) failed: Calibration store didn't load any info
03-01 21:03:23.725  1057  1080 I Distortion: SetLensPositions - iad=0.06485, left offset=0.00066416,-0.00102733, right offset=-0.000784993,-0.00104481
03-01 21:03:23.726  1057  1080 I Distortion: Created custom distortion mesh.
03-01 21:03:23.727  1057  1080 I ClientInputSettings: SYSTEMBUTTONSPACE GKS freeze '1' 
03-01 21:03:23.727  1057  1080 I ClientInputSettings: SYSTEMBUTTONSPACE 'android' Freeze input '1' on home button down
03-01 21:03:23.727  1057  1080 I ClientInputSettings: HANDTRACKING: NO, not in the GK oculus_mobile_runtime_retire_hands1
03-01 21:03:23.727  1057  1080 I ClientInputSettings: HANDTRACKING: YES, in the GK oculus_mobile_hand2_default
03-01 21:03:23.727  1057  1080 I ClientInputSettings: Handtracking Version: 
03-01 21:03:23.727  1057  1080 I ClientInputSettings: HANDTRACKING: YES, in the GK oculus_mobile_enable_hand_tracking_frequency_inter
03-01 21:03:23.729  1057  1080 I ClientInputInterface: HANDTRACKING sethandtrackingfrequency 1
03-01 21:03:23.729  1057  1080 I ClientInputSettings: HANDTRACKING: YES, in the GK oculus_mobile_30hz_handtracking_downclocking
03-01 21:03:23.729  1057  1080 I ClientInputInterface: Set30HzHandtrackingDownclockingGKFlag 1
03-01 21:03:23.729  1057  1080 I ClientInputSettings: HANDTRACKING: YES, in the GK oculus_mobile_hand_autotransition_v2
03-01 21:03:23.729  1057  1080 I ClientInputInterface: SetHandAutotransitionV2GKFlag 1
03-01 21:03:23.729  1057  1080 I ClientInputInterface: HANDTRACKING handtrackingsmallfingeropeningpinchenabled 1
03-01 21:03:23.729  1057  1080 I ClientInputSettings: HANDTRACKING: NO, not in the GK oculus_mobile_enable_hand_emulation_of_controllers
03-01 21:03:23.729  1057  1080 I ClientInputInterface: HANDTRACKING SetHandTrackingControllerEmulationGkFlag 0
03-01 21:03:23.729  1057  1080 I InputHooks: InitializeInputHooks
03-01 21:03:23.729  1057  1080 I InputHooks: InitializeInputHooks create
03-01 21:03:23.740  4074  4133 E OsSdk   : error getting shared memory region, memory type: HeadTracker, failed with Status(-1, EX_SECURITY): 'requested shared memory region when not registered/focused'
03-01 21:03:23.741  4074  4133 W [CT]    : SlamAnchorMemoryRuntimeIpcServer: HeadTracker::getState failed
03-01 21:03:23.741  4074  4133 W [CT]    : SlamAnchorMemoryRuntimeIpcServerThread: RigidBodyStates update failure.
03-01 21:03:23.741  1057  1080 D UserSwitchedReceiver: Registering UserSwitchedReceiver
03-01 21:03:23.742  4074  4133 E OsSdk   : error getting shared memory region, memory type: AnchorTracker, failed with Status(-1, EX_SECURITY): 'requested shared memory region when not registered/focused'
03-01 21:03:23.742  4074  4133 W [CT]    : SlamAnchorMemoryRuntimeIpcServer: getAnchorStates failed
03-01 21:03:23.742  4074  4133 W [CT]    : SlamAnchorMemoryRuntimeIpcServerThread: AnchorStates update failure.
03-01 21:03:23.746  1057  1080 I TREX    : Initializing TREX for client 377c1d8bd4c8c90...
03-01 21:03:23.747  1057  1080 I TREX    : Initializing system...
03-01 21:03:23.747  4074  4181 E OsSdk   : error getting shared memory region, memory type: HeadTracker, failed with Status(-1, EX_SECURITY): 'requested shared memory region when not registered/focused'
03-01 21:03:23.747  1057  1080 W GkHelper: GkHelper: query failed
03-01 21:03:23.747  1057  1080 W GkHelper: GkHelper: query failed
03-01 21:03:23.747  1057  1080 I TREX    : Loading plugin com.oculus.systemdriver:libtrex_haptics_plugin.so
03-01 21:03:23.751  1057  1080 D TREX    : PackageVerifier.isPackageAllowed
03-01 21:03:23.754  1057  1080 D TREX    : Package 'com.oculus.systemdriver' signature is android.content.pm.Signature@727a19a0
03-01 21:03:23.754  1057  1080 D TREX    : sha1 hash = 331660b6dd3bd582f3dfd3cbae4546724668a021
03-01 21:03:23.754  1057  1080 D TREX    : sha256 hash = dc2f834e3c1942378b14f076c82cd1ab59ea6566bff4730b2047e98efc9f9daf
03-01 21:03:23.754  1057  1080 D TREX    : Verifying release signature... 
03-01 21:03:23.755  1057  1080 D TREX    : Release signature verified!
03-01 21:03:23.755  1057  1080 D AndroidLibraryResolver: Loading 'libtrex_haptics_plugin.so' from package 'com.oculus.systemdriver'
03-01 21:03:23.756  1057  1080 I AndroidLibraryResolver: Attempting to find getAPIFunction64
03-01 21:03:23.756  1057  1080 V LibLoaderImpl: Loading 64-bit LibLoaderImpl.
03-01 21:03:23.756  1057  1080 V LibLoaderImpl: internalGetAPIFunction: loadLibrary 'loaderimpl'
03-01 21:03:23.756  1057  1080 V LibLoaderImpl: Using System.loadLibrary
03-01 21:03:23.758  1057  1080 I libloaderimpl: nativeSetClassLoader:0xb84a
03-01 21:03:23.758  1057  1080 V LibLoaderImpl: internalGetAPIFunction: calling nativeGetAPIFunction
03-01 21:03:23.758  1057  1080 I libloaderimpl: LibLoaderImpl nativeGetAPIFunction.
03-01 21:03:23.759  1057  1080 I libloaderimpl: LibLoaderHandle SUCCESS
03-01 21:03:23.759  1057  1080 I libloaderimpl: LibLoaderImpl GetAPIFunction. libName: libtrex_haptics_plugin.so, funcName: trex_GetPluginInfo
03-01 21:03:23.779  1057  1080 I libloaderimpl: LibLoaderImpl GetAPIFunction. libName: libtrex_haptics_plugin.so, funcName: trex_Initialize
03-01 21:03:23.779  1057  1080 I libloaderimpl: LibLoaderImpl GetAPIFunction. libName: libtrex_haptics_plugin.so, funcName: trex_Shutdown
03-01 21:03:23.787  1057  1080 I TREX    : Created plugin package context for com.oculus.systemdriver
03-01 21:03:23.792   866  6433 W [CT]    : VEGA:MAP_TRACKING_HM: [Throttled count=12] Bad map tracking: map tracking failed @ Submap id = 2, version = 231657476 with status: 2
03-01 21:03:23.792   866  6433 W [CT]    : VEGA:MAP_TRACKING_HM: [Throttled count=12] Map tracking did not run.
03-01 21:03:23.797  4074  4133 E OsSdk   : error getting shared memory region, memory type: HeadTracker, failed with Status(-1, EX_SECURITY): 'requested shared memory region when not registered/focused'
03-01 21:03:23.797  4074  4133 W [CT]    : SlamAnchorMemoryRuntimeIpcServer: HeadTracker::getState failed
03-01 21:03:23.797  4074  4133 W [CT]    : SlamAnchorMemoryRuntimeIpcServerThread: RigidBodyStates update failure.
03-01 21:03:23.799  4074  4181 E OsSdk   : error getting shared memory region, memory type: AnchorTracker, failed with Status(-1, EX_SECURITY): 'requested shared memory region when not registered/focused'
03-01 21:03:23.800  1057  1080 I ipcLoader [RUNTIMEIPC]: RuntimeIPC: Loader: IPC Service API Loader Version: 37 Feb  7 2023 02:15:40
03-01 21:03:23.800  1057  1080 I ipcLoader [RUNTIMEIPC]: RuntimeIPC: Using android_get_exported_namespace: libripcclient.oculus.so
03-01 21:03:23.802  1057  1080 I ipcLoader [RUNTIMEIPC]: RuntimeIPC: android_get_exported_namespace SUCCESS: libripcclient.oculus.so
03-01 21:03:23.803  1057  1080 I RuntimeIPCApi [RUNTIMEIPC]: ipc_Initialize
03-01 21:03:23.803  1057  1080 I RuntimeIPCServiceClient [RUNTIMEIPC]: Init: Already initialized: system_server, 3
03-01 21:03:23.805  1766  1766 D VrRuntimeService: onStartCommand
03-01 21:03:23.806  1766  2935 D RPCServer [RUNTIMEIPC]: ConnectClient: Client: android.uid.system:1000:system_server:1057, Server: com.oculus.systemdriver:com.oculus.vrruntimeservice (HapticsServer)
03-01 21:03:23.806  1766  2935 I IPCSharedMemory_Internal [RUNTIMEIPC]: CreateSharedMemory: Allocated shared memory fd 325 (ipcStateReadWrite)
03-01 21:03:23.806  1766  2935 I IPCSharedMemory_Internal [RUNTIMEIPC]: CreateSharedMemory: Allocated shared memory fd 344 (ipcReadOnlyState)
03-01 21:03:23.806  1766  2935 I RPCClientHandler [RUNTIMEIPC]: Event buffer size (server): 8192
03-01 21:03:23.807  1766  2935 I IPCSharedMemory_Internal [RUNTIMEIPC]: CreateSharedMemory: Allocated shared memory fd 345 (ipcEventBuffer)
03-01 21:03:23.807  1766  2935 I IPCSharedMemory_Internal [RUNTIMEIPC]: CreateSharedMemory: Allocated shared memory fd 346 (ipcEventBuffer_Private)
03-01 21:03:23.807  1766  2935 W RPCServer [RUNTIMEIPC]: HandleClientConnect: Failed to register client event subscription: Client: android.uid.system:1000:system_server:1057, Server: com.oculus.systemdriver:com.oculus.vrruntimeservice (HapticsServer)
03-01 21:03:23.807  1766  2935 I RuntimeIPCServerMgr [RUNTIMEIPC]: HandleClientConnect SUCCESS: Client: android.uid.system:1000:system_server:1057, Server: com.oculus.systemdriver:com.oculus.vrruntimeservice (HapticsServer)
03-01 21:03:23.807  1766  2935 I RPCServer [RUNTIMEIPC]: GetServerStatesConfig -> {MaxBufferSize=32768, MaxEntries=64}
03-01 21:03:23.807  1057  1080 I RuntimeIPCClient [RUNTIMEIPC]: GetServerStatesConfig returned maxEntries=64, maxBuffSize=32768
03-01 21:03:23.808  1057  1080 I RuntimeIPCClient [RUNTIMEIPC]: Event buffer size (client): 8192
03-01 21:03:23.808  1057  1080 I RuntimeIPCClient [RUNTIMEIPC]: TryToGetIPCResourcesFromServer: RPC_CONNECTOR_CONNECT_TO_SERVER SUCCESS: Client: android.uid.system:1000:system_server:1057, Server: com.oculus.systemdriver:com.oculus.vrruntimeservice (HapticsServer)
03-01 21:03:23.808  1057  1080 I RuntimeIPCClient [RUNTIMEIPC]: EnsureServerConnection: SUCCESS. Client: android.uid.system:1000:system_server:1057, Server: com.oculus.systemdriver:com.oculus.vrruntimeservice (HapticsServer)
03-01 21:03:23.808  1057  1080 I RuntimeIPCClient [RUNTIMEIPC]: ConnectToServer: SUCCESS: Client: android.uid.system:1000:system_server:1057, Server: com.oculus.systemdriver:com.oculus.vrruntimeservice (HapticsServer)
03-01 21:03:23.810  1057  1080 I PerformanceManagerInterface_Impl: PerformanceManagerInterface_Impl_V1: feature: 0: oculus.software.handtracking
03-01 21:03:23.810  1057  1080 I VrApi   : ----------- vrapi_Initialize [end] ----------
03-01 21:03:23.839  4074  4133 E OsSdk   : error getting shared memory region, memory type: HeadTracker, failed with Status(-1, EX_SECURITY): 'requested shared memory region when not registered/focused'
03-01 21:03:23.839  4074  4133 W [CT]    : SlamAnchorMemoryRuntimeIpcServer: HeadTracker::getState failed
03-01 21:03:23.839  4074  4133 W [CT]    : SlamAnchorMemoryRuntimeIpcServerThread: RigidBodyStates update failure.
03-01 21:03:23.844  4074  4181 E OsSdk   : error getting shared memory region, memory type: HeadTracker, failed with Status(-1, EX_SECURITY): 'requested shared memory region when not registered/focused'
03-01 21:03:23.884  4074  4133 E OsSdk   : error getting shared memory region, memory type: HeadTracker, failed with Status(-1, EX_SECURITY): 'requested shared memory region when not registered/focused'
03-01 21:03:23.884  4074  4133 W [CT]    : SlamAnchorMemoryRuntimeIpcServer: HeadTracker::getState failed
03-01 21:03:23.884  4074  4133 W [CT]    : SlamAnchorMemoryRuntimeIpcServerThread: RigidBodyStates update failure.
03-01 21:03:23.888  4074  4181 E OsSdk   : error getting shared memory region, memory type: HeadTracker, failed with Status(-1, EX_SECURITY): 'requested shared memory region when not registered/focused'
03-01 21:03:23.914  1057  1080 I ActivityTaskManager: START u0 {act=android.intent.action.MAIN cmp=com.oculus.os.clearactivity/.ClearActivity (has extras)} from uid 1000
03-01 21:03:23.916  1057  1080 W ActivityTaskManager: startActivity called from non-Activity context; forcing Intent.FLAG_ACTIVITY_NEW_TASK for: Intent { act=android.intent.action.MAIN flg=0x800000 cmp=com.oculus.os.clearactivity/.ClearActivity (has extras) }
03-01 21:03:23.927  4074  4133 E OsSdk   : error getting shared memory region, memory type: HeadTracker, failed with Status(-1, EX_SECURITY): 'requested shared memory region when not registered/focused'
03-01 21:03:23.927  4074  4133 W [CT]    : SlamAnchorMemoryRuntimeIpcServer: HeadTracker::getState failed
03-01 21:03:23.927  4074  4133 W [CT]    : SlamAnchorMemoryRuntimeIpcServerThread: RigidBodyStates update failure.
03-01 21:03:23.934  3468  3468 D ActivityLifecycleListener: onActivityPaused
03-01 21:03:23.934  3468  3468 I OpenXR  : nativeOnActivityPaused
03-01 21:03:23.934  4074  4181 E OsSdk   : error getting shared memory region, memory type: HeadTracker, failed with Status(-1, EX_SECURITY): 'requested shared memory region when not registered/focused'
03-01 21:03:23.935  3468  3501 I OpenXR  : PostSessionStateChange: XR_SESSION_STATE_SYNCHRONIZED -> XR_SESSION_STATE_STOPPING
03-01 21:03:23.935  2961  2961 D [SEO] ShellEnvOverlayService: Message Handler: onPause
03-01 21:03:23.935  1766  2935 I FocusedClientsListener: focus: onTopActivityChanged: com.oculus.shellenv
03-01 21:03:23.935  3468  3501 I Clay    : xrPollEvent: SESSION_STATE_CHANGED: STOPPING
03-01 21:03:23.935  3468  3501 I Clay    : Exiting VR mode
03-01 21:03:23.935  3468  3501 I OpenXR  : ------------ xrEndSession [start] -----------
03-01 21:03:23.935  3468  3501 I XrRuntimeUtils: XrRuntimeUtils::EndSession
03-01 21:03:23.936  3468  3501 D VrApi   : targetSDKVersion 29
03-01 21:03:23.937  3468  3501 I VrRuntimeClient: DEVICE MODEL NUMBER = Quest 2
03-01 21:03:23.937  3468  3501 I VrRuntimeClient: DEVICE BUILD NAME = user-49882890235800150
03-01 21:03:23.937  3468  3501 I VrRuntimeClient: DEVICE BUILD TYPE = user
03-01 21:03:23.937  3468  3501 I VrRuntimeClient: DEVICE OS VERSION = 10
03-01 21:03:23.937  3468  3501 I VrRuntimeClient: API LOADER VERSION = 1.0.25
03-01 21:03:23.937  3468  3501 I VrRuntimeClient: RUNTIME API VERSION = 1.0.25
03-01 21:03:23.937  3468  3501 I VrRuntimeClient: RUNTIME VERSION = 49.0.0.207.357 Feb  8 2023 14:43:26 RELEASE
03-01 21:03:23.937  3468  3501 I VrRuntimeClient: APP NAME = ShellEnv
03-01 21:03:23.937  3468  3501 I VrRuntimeClient: APP VERSION = 49.0.0.207.357 versionCode 445159140 internalVersionName 49.0.0.207.357.60c601c6ae0d 2023_02_08_16_27
03-01 21:03:23.937  3468  3501 I VrRuntimeClient: APP VR TYPE = vr_only
03-01 21:03:23.937  3468  3501 I VrRuntimeClient: APP MODE TYPE = VR
03-01 21:03:23.937  3468  3501 I VrRuntimeClient: APP PACKAGE NAME = com.oculus.shellenv
03-01 21:03:23.937  3468  3501 I VrRuntimeClient: APP ACTIVITY CLASS = com.oculus.shellenv.ShellEnvActivity
03-01 21:03:23.937  3468  3501 D BatteryReceiver: Unregistering battery receiver
03-01 21:03:23.937  3468  3501 I Sensor  : OSSDKTRACKING Shutdown tracking
03-01 21:03:23.937  3468  3501 I LogTimer: CPUTIME: VrRuntimeClient_EndSession took 2.3683 ms
03-01 21:03:23.938  2573  2593 I [CT]    : MIXEDREALITY: MrServiceController: VrFocusManager::Top Activity Changed, topActivity now is: 'com.oculus.shellenv', immersiveApp now is: ''.
03-01 21:03:23.939  2573  2653 I [CT]    : MIXEDREALITY: MrServiceView: renderIteration: Nothing to render, hibernating the rendering thread since ID is off and no active PT layers.
03-01 21:03:23.939  2573  2653 I [CT]    : MIXEDREALITY: MrServiceModel: Hibernating caller (most likely rendering thread) due to commandQueue being empty.
03-01 21:03:23.944  1057  7552 W InputReader: Device has associated, but no associated display id.
03-01 21:03:23.949  2949  2949 I [OAO] ShellOverlayServiceJNI: NativeSendOverlayCommand
03-01 21:03:23.949  2949  2949 I [OAO] ShellOverlayServiceJNI: NativeWake
03-01 21:03:23.949  2949  2949 I [OAO] ShellOverlayMain: WakeVrThread
03-01 21:03:23.950  2949  2949 I [OAO] ShellOverlayMain: WakeVrThread - notifying vr thread
03-01 21:03:23.953 17232 17232 W ActivityThread: handleWindowVisibility: no activity for token android.os.BinderProxy@685b990
03-01 21:03:23.957  1057  1082 D ActivityManager: Is background playback GK enabled: false Is background playback enabled for all apps: false
03-01 21:03:23.958  1057  1082 D ActivityManager: Is background playback GK enabled: false Is background playback enabled for all apps: false
03-01 21:03:23.963   754  4358 D AF::TrackHandle: OpPlayAudio: track:256 uid:10026 pkg:com.oculus.systemux usage:10 not muted
03-01 21:03:23.963   754  1204 D AF::RecordHandle: OpRecordAudio: track:137 uid:10033 pkg:com.oculus.xrstreamingclient usage:0 muted
03-01 21:03:23.963   754  4980 D AF::RecordHandle: OpRecordAudio: track:250 uid:10032 pkg:com.oculus.horizon usage:0 not muted
03-01 21:03:23.964   754  4167 D AF::TrackHandle: OpPlayAudio: track:254 uid:10026 pkg:com.oculus.systemux usage:10 not muted
03-01 21:03:23.964   754  3793 D AF::TrackHandle: OpPlayAudio: track:227 uid:10026 pkg:com.oculus.systemux usage:10 not muted
03-01 21:03:23.964   754  1205 D AF::TrackHandle: OpPlayAudio: track:57 uid:1000 pkg:com.android.networkstack.inprocess usage:13 not muted
03-01 21:03:23.964   754  4568 D AF::TrackHandle: OpPlayAudio: track:255 uid:10020 pkg:com.oculus.vrshell usage:1 not muted
03-01 21:03:23.965   754   754 D AF::TrackHandle: OpPlayAudio: track:61 uid:10033 pkg:com.oculus.xrstreamingclient usage:1 muted
03-01 21:03:23.965   754  4357 D AF::RecordHandle: OpRecordAudio: track:58 uid:10014 pkg:com.oculus.shellenv usage:0 muted
03-01 21:03:23.965   754   754 D AF::TrackHandle: OpPlayAudio: track:61 uid:10033 pkg:com.oculus.xrstreamingclient usage:1 muted
03-01 21:03:23.966   754  1002 D AF::TrackHandle: OpPlayAudio: track:59 uid:10014 pkg:com.oculus.shellenv usage:1 muted
03-01 21:03:23.966   754  1002 D AF::TrackHandle: OpPlayAudio: track:59 uid:10014 pkg:com.oculus.shellenv usage:1 muted
03-01 21:03:23.968  4074  4133 E OsSdk   : error getting shared memory region, memory type: HeadTracker, failed with Status(-1, EX_SECURITY): 'requested shared memory region when not registered/focused'
03-01 21:03:23.968  4074  4133 W [CT]    : SlamAnchorMemoryRuntimeIpcServer: HeadTracker::getState failed
03-01 21:03:23.968  4074  4133 W [CT]    : SlamAnchorMemoryRuntimeIpcServerThread: RigidBodyStates update failure.
03-01 21:03:23.968  3468  7198 I VrApi   : FPS=90/90,Prd=29ms,Tear=0,Early=0,Stale=0,Stale2/5/10/max=0/0/0/0,VSnc=0,Lat=-1,Fov=0,CPU4/GPU=2/3,2419/490MHz,OC=FF,TA=0/70/0,SP=N/F/N,Mem=2092MHz,Free=1834MB,PLS=0,Temp=32.0C/0.0C,TW=3.17ms,App=4.56ms,GD=0.00ms,CPU&GPU=7.99ms,LCnt=5(DR0,LM2),GPU%=0.75,CPU%=0.32(W0.35),DSF=1.00,CFL=14.67/19.59
03-01 21:03:23.968  3468  3501 I VrApi   : OVR::Stats thread stopped
03-01 21:03:23.968  3468  3501 I InputDeviceManager: ovrInputDeviceManager::~ovrInputDeviceManager
03-01 21:03:23.969  3468  3501 I InputDevice_TrackedRemote: OSSDKTRACKING shutting down Haptics
03-01 21:03:23.969  3468  3501 I chatty  : uid=10014(com.oculus.shellenv) OVR::ShellEnv identical 2 lines
03-01 21:03:23.969  3468  3501 I InputDevice_TrackedRemote: OSSDKTRACKING shutting down Haptics
03-01 21:03:23.969  3468  3501 I OSHandDataQuerier: OSSDKTRACKING shutting down HandsTracker
03-01 21:03:23.969  3468  3501 I OSHandDataQuerier: OSSDKTRACKING shutting down HandsTracker
03-01 21:03:23.974   734  4228 D msm8974_platform: platform_split_snd_device: snd_device(2) num devices(1) new_snd_devices(0)
03-01 21:03:23.974   734  4228 D ACDB-LOADER: ACDB -> send_audvoltable
03-01 21:03:23.974   734  4228 D ACDB-LOADER: ACDB -> ACDB_CMD_GET_AUDPROC_INSTANCE_GAIN_DEP_STEP_TABLE_SIZE
03-01 21:03:23.974   734  4228 D         : Failed to fetch the lookup information of the device 0000000F 
03-01 21:03:23.974   734  4228 D ACDB-LOADER: Error: ACDB_CMD_GET_AUDPROC_INSTANCE_GAIN_DEP_STEP_TABLE_SIZE Returned = -19
03-01 21:03:23.974   734  4228 D ACDB-LOADER: ACDB -> ACDB_CMD_GET_AUDPROC_INSTANCE_GAIN_DEP_STEP_TABLE, vol index 13
03-01 21:03:23.974   734  4228 D         : Failed to fetch the lookup information of the device 0000000F 
03-01 21:03:23.974   734  4228 D ACDB-LOADER: Error: ACDB AudProc vol returned = -19
03-01 21:03:23.975   734  4228 D ACDB-LOADER: ACDB -> AUDIO_SET_VOL_CAL cal type = 40
03-01 21:03:23.975  3468  7195 I ClientInputThread_Internal: InputThreadRun ShutdownRequest received
03-01 21:03:23.976  3468  3501 I InputHooks_Internal: Disabling Native Input Hooks
03-01 21:03:23.976  3468  3501 I ClientInputTrackedKeyboardManager: TRACKEDKEYBOARD ClearTrackedObjectManager called on client
03-01 21:03:23.976  1766  3547 I VrRuntimeService: RuntimeServiceSDKServer::EnableRendering: 0x0, 0, com.oculus.shellenv
03-01 21:03:23.976  1766  3547 I ClientMgr: ClientMgr::EnableRendering 3468:com.oculus.shellenv : type 0 comp-id 5: disable
03-01 21:03:23.976  1766  3547 I VrRuntimeServer: DisableCompositorClient: 5
03-01 21:03:23.976  1766  3547 I CompositorClientMgr: Disable client 5
03-01 21:03:23.976  1766  3547 I CompositorClientMgr: DisableClient: frame flush required: 1
03-01 21:03:23.977  4074  4181 E OsSdk   : error getting shared memory region, memory type: HeadTracker, failed with Status(-1, EX_SECURITY): 'requested shared memory region when not registered/focused'
03-01 21:03:23.978   754  3793 D AF::RecordHandle: OpRecordAudio: track:137 uid:10033 pkg:com.oculus.xrstreamingclient usage:0 muted
03-01 21:03:23.979   754  4980 D AF::RecordHandle: OpRecordAudio: track:250 uid:10032 pkg:com.oculus.horizon usage:0 not muted
03-01 21:03:23.981  1766  6447 W CompositorClient: WarpToScreen: No completed frames to display for primary client 5. submittedFrameIndex = 505
03-01 21:03:23.981  1766  3547 I UnifiedTelemetryWrapper: Stopped UT session render:com.oculus.shellenv
03-01 21:03:23.981  3468  7200 I FenceChecker: FenceChecker::MainLoop - ended
03-01 21:03:23.981  3468  3501 I VrRuntimeClient: PhaseSync Instance deleted
03-01 21:03:23.982  3468  3501 I OpenXR  : PostSessionStateChange: XR_SESSION_STATE_STOPPING -> XR_SESSION_STATE_IDLE
03-01 21:03:23.982  1766  2935 I FocusedClientsListener: focus: onTopActivityChanged: com.oculus.shellenv
03-01 21:03:23.982  3468  3501 I OpenXR  : ------------ xrEndSession [end] -----------
03-01 21:03:23.982  3468  3501 I Clay    : xrPollEvent: SESSION_STATE_CHANGED: IDLE
03-01 21:03:23.982   754  1002 D AF::TrackHandle: OpPlayAudio: track:255 uid:10020 pkg:com.oculus.vrshell usage:1 not muted
03-01 21:03:23.983   754   754 D AF::TrackHandle: OpPlayAudio: track:256 uid:10026 pkg:com.oculus.systemux usage:10 not muted
03-01 21:03:23.983   754  4568 D AF::TrackHandle: OpPlayAudio: track:57 uid:1000 pkg:com.android.networkstack.inprocess usage:13 not muted
03-01 21:03:23.984  1766  2804 I ClientMgr: Non-overlay clients rendering status has changed: prev=183, curr=184, enabled=0
03-01 21:03:23.984  1766  2804 I CompositorClientMgr: Enable client 0
03-01 21:03:23.984  1766  2804 I VrRuntimeServer: EnableCompositorClient client(0): layer placement(2147483643) flags(8) sm(0x7672a93160)
03-01 21:03:23.989   754  4167 D AF::RecordHandle: OpRecordAudio: track:58 uid:10014 pkg:com.oculus.shellenv usage:0 muted
03-01 21:03:23.989   754  4357 D AF::TrackHandle: OpPlayAudio: track:254 uid:10026 pkg:com.oculus.systemux usage:10 not muted
03-01 21:03:23.990   754  1205 D AF::TrackHandle: OpPlayAudio: track:227 uid:10026 pkg:com.oculus.systemux usage:10 not muted
03-01 21:03:23.992  2573  2593 I [CT]    : MIXEDREALITY: MrServiceController: VrFocusManager::Top Activity Changed, topActivity now is: 'com.oculus.shellenv', immersiveApp now is: ''.
03-01 21:03:23.992  2573  2653 I [CT]    : MIXEDREALITY: MrServiceView: renderIteration: Nothing to render, hibernating the rendering thread since ID is off and no active PT layers.
03-01 21:03:23.992  2573  2653 I [CT]    : MIXEDREALITY: MrServiceModel: Hibernating caller (most likely rendering thread) due to commandQueue being empty.
03-01 21:03:23.994  2949  2949 I [OAO] ShellOverlayServiceJNI: NativeSendOverlayCommand
03-01 21:03:23.994  2949  2949 I [OAO] ShellOverlayServiceJNI: NativeWake
03-01 21:03:23.994  2949  2949 I [OAO] ShellOverlayMain: WakeVrThread
03-01 21:03:23.994  2949  2949 I [OAO] ShellOverlayMain: WakeVrThread - notifying vr thread
03-01 21:03:23.995  2961  3553 I [SEO] ShellApp: 0xc7d2eb08 msg: pause
03-01 21:03:23.995  2961  3553 I [SEO] ShellApp: ShellApp::LeaveVrMode()
03-01 21:03:23.996  2961  3553 I [SEO] ShellTransitionState: Logging ShellTransitionState to dumpsys: {"state":"Backgrounding","timeMillis":"9299283"}
03-01 21:03:23.996  2961  3553 I [SEO] ShellApp: LeaveVrMode - Wrote State
03-01 21:03:23.996  2961  3553 I [SEO] LocalSpace: Applying Initial Pose
03-01 21:03:23.996  1057  1148 E WindowManager: App trying to use insecure INPUT_FEATURE_NO_INPUT_CHANNEL flag. Ignoring
03-01 21:03:23.996  1766  3055 I VrRuntimeService: RuntimeServiceSDKServer::UpdateLocalSpace
03-01 21:03:23.996  1766  3055 I VrRuntimeServer: UpdateLocalSpace: Src: 2, Version: 111, VersionUser: 0, RawFloorHeightOld: -1.698220, RawFloorHeightNew: -1.698220
03-01 21:03:23.996  2431  3596 I VrGuardianService: GuardianSDKServer::OnShellVrModeChangeReq: enterVrMode: 0, isShell: 1
03-01 21:03:23.996  2961  3553 I [SEO] SystemAssistant: OnModeChanged from FullShell to ImmersiveAppFocused
03-01 21:03:23.997   754  1723 D AF::TrackHandle: OpPlayAudio: track:253 uid:10020 pkg:com.oculus.vrshell usage:1 not muted
03-01 21:03:23.998   754  1723 D AF::TrackHandle: OpPlayAudio: track:253 uid:10020 pkg:com.oculus.vrshell usage:1 not muted
03-01 21:03:24.001  4074  4158 D xrstreaming: receive pong: org 9299283798012 recv 11643937721900 xmt 11643942681300 (received at 9299289091242), offset divergence 173613
03-01 21:03:24.001  4074  4158 D xrstreaming: new clock offset=2344653756973 (rtt: 333830, dispersion: 514933, jitter: 3377052)
03-01 21:03:24.005  2961  3553 I [SEO] ShellApp: LeaveVrMode - panelController
03-01 21:03:24.005  2961  3553 I [SEO] DesktopPanelControllerAnalytics: DesktopPanelControllerAnalytics flushing telemetry
03-01 21:03:24.005  2961  3553 I [SEO] DesktopPanelControllerAnalytics: FlushPendingDesktopMetrics Tablet
03-01 21:03:24.005  2961  3553 I [SEO] ShellApp: LeaveVrMode - audioSystem
03-01 21:03:24.005  2961  3553 I [SEO] AudioMixer: Disabling AudioPlayer.
03-01 21:03:24.010  2949  3072 I [OAO] ShellOverlayApp: 0xc7b53b28 msg: overlayCommand:
03-01 21:03:24.010  2949  3072 I [OAO] ShellOverlayApp: command = topActivityChanged
03-01 21:03:24.010  2949  3072 I [OAO] ShellOverlayApp: topActivity = com.oculus.shellenv
03-01 21:03:24.010  2949  3072 I [OAO] ShellOverlayApp: Process_OverlayCommand command : topActivityChanged
03-01 21:03:24.010  2949  3072 I [OAO] ShellOverlayApp: Process_OverlayCommand unknown command received: topActivityChanged
03-01 21:03:24.010  2949  3072 I [OAO] ShellOverlayApp: 0xc7b53b28 msg: overlayCommand:
03-01 21:03:24.010  2949  3072 I [OAO] ShellOverlayApp: command = topActivityChanged
03-01 21:03:24.010  2949  3072 I [OAO] ShellOverlayApp: topActivity = com.oculus.shellenv
03-01 21:03:24.010  2949  3072 I [OAO] ShellOverlayApp: Process_OverlayCommand command : topActivityChanged
03-01 21:03:24.010  2949  3072 I [OAO] ShellOverlayApp: Process_OverlayCommand unknown command received: topActivityChanged
03-01 21:03:24.010  2949  3072 I [OAO] VrPlatformOpenXr: xrPollEvent: received XR_TYPE_EVENT_DATA_REFERENCE_SPACE_CHANGE_PENDING event
03-01 21:03:24.012  2961  7206 I [SEO] AudioMixer: Notifying VrThread to shutdown.
03-01 21:03:24.014  2961  3553 I [SEO] AudioMixer: Successful shutdown.
03-01 21:03:24.014  2961  3553 I [SEO] AudioEngine: virtual void AudioLibrary::AudioEngine::DisablePlayer()
03-01 21:03:24.014  2961  3553 I [SEO] AudioEngine: Setting ShuttingDown.
03-01 21:03:24.020  4074  4133 E OsSdk   : error getting shared memory region, memory type: HeadTracker, failed with Status(-1, EX_SECURITY): 'requested shared memory region when not registered/focused'
03-01 21:03:24.020  4074  4133 W [CT]    : SlamAnchorMemoryRuntimeIpcServer: HeadTracker::getState failed
03-01 21:03:24.021  4074  4133 W [CT]    : SlamAnchorMemoryRuntimeIpcServerThread: RigidBodyStates update failure.
03-01 21:03:24.022  4074  4133 E OsSdk   : error getting shared memory region, memory type: AnchorTracker, failed with Status(-1, EX_SECURITY): 'requested shared memory region when not registered/focused'
03-01 21:03:24.022  4074  4133 W [CT]    : SlamAnchorMemoryRuntimeIpcServer: getAnchorStates failed
03-01 21:03:24.022  4074  4133 W [CT]    : SlamAnchorMemoryRuntimeIpcServerThread: AnchorStates update failure.
03-01 21:03:24.023  4074  4181 E OsSdk   : error getting shared memory region, memory type: HeadTracker, failed with Status(-1, EX_SECURITY): 'requested shared memory region when not registered/focused'
03-01 21:03:24.023  2949  3072 I [OAO] LocalSpace: New Space: quat(-0.070026, 0.178908, 0.001996, 0.981369), translation(-0.105029, 1.694111, 0.154548) - Prior Space: quat(-0.073858, 0.178904, 0.002407, 0.981088), translation(-0.104288, 1.693330, 0.153763)
03-01 21:03:24.023  2949  3072 I [OAO] LocalSpace: Local space version from 104 to 105, local space user version from 0 to 0.
03-01 21:03:24.023  2949  3072 I [OAO] SystemUXControllerHelper: OnReorient(reason: 3)
03-01 21:03:24.029   866  6441 I [CT]    : CONSTELLATION: L: Not reinitializing 6DoF filter yet (no valid pose from matching).
03-01 21:03:24.032  2961  7206 I [SEO] AudioMixer: Notifying VrThread to shutdown.
03-01 21:03:24.032  2961  7206 I [SEO] AudioEngine: Fading final buffer
03-01 21:03:24.033  2949  3072 I [OAO] TelemetryProvider: aui_reorient system 23 0 0 com.oculus.os.clearactivity
03-01 21:03:24.052  2961  7206 I [SEO] AudioEngine: Notifying VrThread to shutdown.
03-01 21:03:24.052  2961  7206 D         : PlayerBase::stop() from IPlayer
03-01 21:03:24.052  2961  7206 D AudioTrack: stop(273): called with 275520 frames delivered
03-01 21:03:24.052  2961  3553 I [SEO] AudioEngine: Stopping player
03-01 21:03:24.052  2961  3553 D         : PlayerBase::stop() from IPlayer
03-01 21:03:24.054  2961  3553 D [SEO] ShellApplication: abandonAudioFocus
03-01 21:03:24.055  1057  4786 I MediaFocusControl: abandonAudioFocus() from uid/pid 10020/2961 clientId=android.media.AudioManager@5ee564fcom.oculus.vrshell.ShellAudioFocusHandler@4e101dc
03-01 21:03:24.056  2961  3553 I [SEO] ShellApp: LeaveVrMode - dragDropController
03-01 21:03:24.056  2961  3553 I [SEO] DragDropController: OnBackground
03-01 21:03:24.056  2961  3553 I [SEO] ShellApp: LeaveVrMode - ISDKDragDropController
03-01 21:03:24.056  2961  3553 I [SEO] ISDKDragDropController: OnBackground
03-01 21:03:24.056  2961  3553 I [SEO] ShellApp: LeaveVrMode - telemetryProvider
03-01 21:03:24.056  2961  3553 I [SEO] ShellApp: LeaveVrMode - flowController
03-01 21:03:24.056  2961  3553 I [SEO] ShellApp: LeaveVrMode - androidDriver
03-01 21:03:24.056  2961  3553 I [SEO] ShellApp: LeaveVrMode - inputManager
03-01 21:03:24.056  1285  1285 V AvrcpMediaPlayerList: onPlaybackConfigChanged(): Configs list size=18
03-01 21:03:24.057  2961  3553 I [SEO] ModelDef: Destroying ModelFileModel guardianLaserBeam.gltf.ovrscene
03-01 21:03:24.057  2961  3553 I [SEO] ModelDef: Destroying ModelFileModel pinchArrowBlend.gltf.ovrscene
03-01 21:03:24.057  2961  3553 I [SEO] ModelDef: Destroying ModelFileModel guardianLaserBeam.gltf.ovrscene
03-01 21:03:24.057  2961  3553 I [SEO] ModelDef: Destroying ModelFileModel pinchArrowBlend.gltf.ovrscene
03-01 21:03:24.057  2961  3553 I [SEO] ShellApp: LeaveVrMode - compositor
03-01 21:03:24.057  2961  3553 I [SEO] ShellApp: LeaveVrMode - vrPlatform RequestEndSession
03-01 21:03:24.057  2961  3553 I [SEO] VrPlatformOpenXr: RequestEndSession state XR_SESSION_STATE_FOCUSED    focused:1
03-01 21:03:24.057  2961  3553 D [SEO] ShellApplication: setOverlayInputFocus: inputFocus=false shouldSupportIME=false
03-01 21:03:24.057  2961  3553 D [SEO] BaseOverlayService: setOverlayInputFocus : entrypoint - inputFocus=false shouldSupportIME=false
03-01 21:03:24.058  2961  3553 I OpenXR  : ------------ RequestExitSession [start] -----------
03-01 21:03:24.058  2961  3553 I OpenXR  : ------------ RequestExitSession [end] -----------
03-01 21:03:24.058  2961  3553 I OpenXR  : PostSessionStateChange: XR_SESSION_STATE_FOCUSED -> XR_SESSION_STATE_VISIBLE
03-01 21:03:24.058  2961  3553 I [SEO] VrPlatformOpenXr: xrPollEvent: received XR_TYPE_EVENT_DATA_REFERENCE_SPACE_CHANGE_PENDING event
03-01 21:03:24.058  2961  3553 I OpenXR  : PostSessionStateChange: XR_SESSION_STATE_VISIBLE -> XR_SESSION_STATE_SYNCHRONIZED
03-01 21:03:24.058  2961  3553 I [SEO] VrPlatformOpenXr: xrPollEvent: received XR_TYPE_EVENT_DATA_SESSION_STATE_CHANGED: 4 for session 0x2 at time 9299.345827
03-01 21:03:24.058  2961  3553 I [SEO] VrPlatformOpenXr: Session state changed XR_SESSION_STATE_VISIBLE
03-01 21:03:24.058  2961  3553 I OpenXR  : PostSessionStateChange: XR_SESSION_STATE_SYNCHRONIZED -> XR_SESSION_STATE_STOPPING
03-01 21:03:24.058  2961  3553 I [SEO] VrPlatformOpenXr: xrPollEvent: received XR_TYPE_EVENT_DATA_SESSION_STATE_CHANGED: 3 for session 0x2 at time 9299.345915
03-01 21:03:24.058  2961  3553 I [SEO] VrPlatformOpenXr: Session state changed XR_SESSION_STATE_SYNCHRONIZED
03-01 21:03:24.059  2961  3553 I [SEO] VrPlatformOpenXr: xrPollEvent: received XR_TYPE_EVENT_DATA_SESSION_STATE_CHANGED: 6 for session 0x2 at time 9299.346162
03-01 21:03:24.059  2961  3553 I [SEO] VrPlatformOpenXr: Session state changed XR_SESSION_STATE_STOPPING
03-01 21:03:24.059  2961  3553 I [SEO] VrPlatformOpenXr: EndSession state XR_SESSION_STATE_STOPPING    focused:0
03-01 21:03:24.059  2961  3553 I [SEO] VrPlatformOpenXr: EndSession calling MrServiceClient EndSession
03-01 21:03:24.061  2573  3606 I [CT]    : MIXEDREALITY: MrFeatureStatus: Client status changed from Started to Paused.
03-01 21:03:24.061  2573  3606 I [CT]    : MIXEDREALITY: MrFeatureStatus: Target status Started, CurrentStatus: Started
03-01 21:03:24.062  2961  2961 D [SEO] BaseOverlayService: detachServiceWindowView
03-01 21:03:24.062  2573  2653 I [CT]    : MIXEDREALITY: MrServiceView: renderIteration: Nothing to render, hibernating the rendering thread since ID is off and no active PT layers.
03-01 21:03:24.062  2573  2653 I [CT]    : MIXEDREALITY: MrServiceModel: Hibernating caller (most likely rendering thread) due to commandQueue being empty.
03-01 21:03:24.063  2961  3553 I [SEO] VrPlatformOpenXr: EndSession MrServiceClient EndSession passed
03-01 21:03:24.063  2961  3553 I [SEO] VrPlatformOpenXr: EndSession calling xrEndSession
03-01 21:03:24.063  2961  3553 I OpenXR  : ------------ xrEndSession [start] -----------
03-01 21:03:24.063  2961  3553 I XrRuntimeUtils: XrRuntimeUtils::EndSession
03-01 21:03:24.066   866   866 I chatty  : uid=1000(system) /system/bin/trackingservice identical 25 lines
03-01 21:03:24.067  4074  4133 E OsSdk   : error getting shared memory region, memory type: HeadTracker, failed with Status(-1, EX_SECURITY): 'requested shared memory region when not registered/focused'
03-01 21:03:24.067  4074  4133 W [CT]    : SlamAnchorMemoryRuntimeIpcServer: HeadTracker::getState failed
03-01 21:03:24.067  4074  4133 W [CT]    : SlamAnchorMemoryRuntimeIpcServerThread: RigidBodyStates update failure.
03-01 21:03:24.068   866   866 W TrackingService: attachClient: found client in attached list
03-01 21:03:24.070  4074  4181 E OsSdk   : error getting shared memory region, memory type: HeadTracker, failed with Status(-1, EX_SECURITY): 'requested shared memory region when not registered/focused'
03-01 21:03:24.070   866  1049 W TrackingService: attachClient: found client in attached list
03-01 21:03:24.071  1285  1285 V AvrcpMediaPlayerList: onPlaybackConfigChanged(): Configs list size=17
