02-08 21:41:21.010 20527 20620 I VrApi   : FPS=72/72,Prd=45ms,Tear=0,Early=72,Stale=0,Stale2/5/10/max=0/0/0/0,VSnc=1,Lat=1,Fov=0,CPU4/GPU=2/3,2419/525MHz,OC=FF,TA=0/70/70,SP=N/N/N,Mem=2092MHz,Free=3104MB,PLS=0,Temp=29.7C/0.0C,TW=1.81ms,App=8.76ms,GD=0.12ms,CPU&GPU=9.14ms,LCnt=2(DR0,LM2),GPU%=0.79,CPU%=0.48(W0.70),DSF=1.00,CFL=19.58/21.43
02-08 21:41:21.360  1029  5260 I ActivityTaskManager: START u0 {act=android.intent.action.MAIN cat=[android.intent.category.LAUNCHER] flg=0x10010000 pkg=com.oculus.vrshell cmp=com.oculus.vrshell/.MainActivity (has extras)} from uid 10020
02-08 21:41:21.373 20527 20527 D UE4     : [GameActivity] onPause: stop memory reporter runnable
02-08 21:41:21.373 20527 20557 D UE4     : Case APP_CMD_PAUSE
02-08 21:41:21.373 20527 20527 D UE4     : [GameActivity] ==============> GameActive.onPause complete!
02-08 21:41:21.373 20527 20557 D UE4     : [2023.02.08-21.41.21:373][883]LogAndroid: Case APP_CMD_PAUSE
02-08 21:41:21.373 20527 20557 D UE4     : LogAndroidEvents::EnqueueAppEvent : 6, [width=-1, height=-1], tid = 20557, APP_EVENT_STATE_ON_PAUSE
02-08 21:41:21.373 20527 20557 D UE4     : [2023.02.08-21.41.21:373][883]LogAndroid: event thread, suspending app, acquiring HW window lock.
02-08 21:41:21.373 20527 20557 D UE4     : LogAndroidEvents::EnqueueAppEvent : 15, [width=-1, height=-1], tid = 20557, APP_EVENT_RUN_CALLBACK
02-08 21:41:21.373 20527 20557 D UE4     : [2023.02.08-21.41.21:373][883]LogAndroid: AndroidEGL::  SuspendApp_EventThread, waiting for event manager to process. tid: 20557
02-08 21:41:21.375  1029  5317 W InputReader: Device has associated, but no associated display id.
02-08 21:41:21.377  3089  3903 I VrGuardianService: GuardianSDKServer::ClearReturnPackage
02-08 21:41:21.378 20527 20527 D SystemActivitiesReceiver: SystemActivityReceiver.onReceive intent:Intent { act=com.oculus.system_activity flg=0x10 pkg=com.YourCompany.TemplateProject3 (has extras) }
02-08 21:41:21.378 20527 20527 D SystemActivitiesReceiver: fromPackageName: 'com.oculus.vrshell'
02-08 21:41:21.378 20527 20527 D SystemActivitiesReceiver: command: '{"Command":"exitToHome","ToPackage":"com.YourCompany.TemplateProject3"}'
02-08 21:41:21.378 20527 20527 D SystemActivitiesReceiver: uri: ''
02-08 21:41:21.379  1029  1053 D ActivityManager: Is background playback GK enabled: false Is background playback enabled for all apps: false
02-08 21:41:21.380 20527 20527 D TrustedSignatureVerifier: Checking app signature for com.oculus.vrshell
02-08 21:41:21.380  2024  2024 D VrRuntimeService: onForegroundActivitiesChanged: pid=3797, uid=10020, hasForegroundActivities=true
02-08 21:41:21.380 20527 20527 D TrustedSignatureVerifier: Package com.oculus.vrshell trusted due to RELEASE signature.
02-08 21:41:21.380 20527 20527 D SystemActivitiesReceiver: App is trusted
02-08 21:41:21.380 20527 20527 I SystemActivitiesEvents: nativeSystemActivityIntent in 'com.YourCompany.TemplateProject3': 'com.oculus.vrshell' '{"Command":"exitToHome","ToPackage":"com.YourCompany.TemplateProject3"}' ''
02-08 21:41:21.380 20527 20527 I SystemActivitiesEvents: SYSTEM_ACTIVITY_EVENT_EXIT_TO_HOME: finish() - exit to Home
02-08 21:41:21.380 20527 20527 W emplateProject: Attempt to remove non-JNI local reference, dumping thread
02-08 21:41:21.380 20527 20527 I chatty  : uid=10146(com.YourCompany.TemplateProject3) identical 6 lines
02-08 21:41:21.381  2024  3485 I FocusedClientsListener: focus: onVrFocusChanged(focusType=2): 1
02-08 21:41:21.381  2024  3485 I FocusedClientsListener: focus: pid=20527
02-08 21:41:21.381  2024  2049 I FocusedClientsListener: focus: onVrFocusChanged(focusType=1): 5
02-08 21:41:21.381  2024  2049 I FocusedClientsListener: focus: pid=4614
02-08 21:41:21.381  2024  2049 I FocusedClientsListener: focus: pid=3797
02-08 21:41:21.381  2024  2049 I FocusedClientsListener: focus: pid=3835
02-08 21:41:21.381  2024  2049 I FocusedClientsListener: focus: pid=3371
02-08 21:41:21.381  2024  2049 I FocusedClientsListener: focus: pid=3089
02-08 21:41:21.381  2024  2060 I FocusedClientsListener: focus: onVrFocusChanged(focusType=0): 6
02-08 21:41:21.381  2024  2060 I FocusedClientsListener: focus: pid=4614
02-08 21:41:21.381  2024  2060 I FocusedClientsListener: focus: pid=3797
02-08 21:41:21.381  2024  2060 I FocusedClientsListener: focus: pid=3835
02-08 21:41:21.381  2024  2060 I FocusedClientsListener: focus: pid=3371
02-08 21:41:21.381  2024  2060 I FocusedClientsListener: focus: pid=3089
02-08 21:41:21.381  2024  2060 I FocusedClientsListener: focus: pid=20527
02-08 21:41:21.382   765  7784 D AF::RecordHandle: OpRecordAudio: track:62 uid:10014 pkg:com.oculus.shellenv usage:0 muted
02-08 21:41:21.382   765  1803 D AF::RecordHandle: OpRecordAudio: track:237 uid:10032 pkg:com.oculus.horizon usage:0 not muted
02-08 21:41:21.382   765  4591 D AF::TrackHandle: OpPlayAudio: track:217 uid:10014 pkg:com.oculus.shellenv usage:1 muted
02-08 21:41:21.382   765  1803 D AF::RecordHandle: OpRecordAudio: track:237 uid:10032 pkg:com.oculus.horizon usage:0 not muted
02-08 21:41:21.382   765   979 D AF::TrackHandle: OpPlayAudio: track:241 uid:10146 pkg:com.YourCompany.TemplateProject3 usage:1 muted
02-08 21:41:21.382   765  7784 D AF::RecordHandle: OpRecordAudio: track:62 uid:10014 pkg:com.oculus.shellenv usage:0 muted
02-08 21:41:21.383   765  5237 D AF::TrackHandle: OpPlayAudio: track:243 uid:10020 pkg:com.oculus.vrshell usage:1 not muted
02-08 21:41:21.383   765  6263 D AF::TrackHandle: OpPlayAudio: track:61 uid:1000 pkg:com.android.networkstack.inprocess usage:13 not muted
02-08 21:41:21.386  2024  2024 D VrRuntimeService: onStartCommand
02-08 21:41:21.391  1029  5258 I ActivityTaskManager: START u0 {act=android.intent.action.MAIN cat=[android.intent.category.LAUNCHER] flg=0x14000000 pkg=com.oculus.shellenv cmp=com.oculus.shellenv/.ShellEnvActivity (has extras)} from uid 10020
02-08 21:41:21.407  1029  5260 W InputReader: Device has associated, but no associated display id.
02-08 21:41:21.413  1029  3488 D ActivityManager: Is background playback GK enabled: false Is background playback enabled for all apps: false
02-08 21:41:21.414   765  4591 D AF::RecordHandle: OpRecordAudio: track:62 uid:10014 pkg:com.oculus.shellenv usage:0 not muted
02-08 21:41:21.414   765  1803 D AF::TrackHandle: OpPlayAudio: track:243 uid:10020 pkg:com.oculus.vrshell usage:1 not muted
02-08 21:41:21.414   765  7784 D AF::TrackHandle: OpPlayAudio: track:61 uid:1000 pkg:com.android.networkstack.inprocess usage:13 not muted
02-08 21:41:21.414   765  5237 D AF::TrackHandle: OpPlayAudio: track:217 uid:10014 pkg:com.oculus.shellenv usage:1 not muted
02-08 21:41:21.415   883 20110 I [CT]    : CONSTELLATION:VISION_STATUS: 729165a0fe4054d7 (R): BlobDetection:[#BlobsDetected=(21.45, 2.80)]Matching:[MatchSuccess=1.000, MatchCost=(0.00441, 0.00000), #MatchedBlobs=(9.20, 2.25), #MatchedLeds=(7.16, 0.25), RematchM=0.000, SkipRefine=0.000] MatchMethod:[Prox=1.000, ConstBrute=0.000, UnconstBrute=0.000] MatchResets[AnomBlobSize=0.000, SharedMatch=0.000, DenseReacq=0.000] | Fusion:[FusionError=0.000, ImuFromCamMs=(9.026, 1.407), RematchF=0.000] FusionUpdates:[Successful=1.000, Reliable=1.000, TightFusion=1.000, FullPose=0.000, StaticPrior=0.000, StaticForHandTrans=0.308, PoseUpdateMD=(0.0000, 0.0000)] FusionResets[6DoFReset=0.000, ResetSuccess=0.000] FusionStatus[HasPosition=1.000, HasVelocity=1.000] 
02-08 21:41:21.415  2024  2024 D VrRuntimeService: onForegroundActivitiesChanged: pid=4614, uid=10014, hasForegroundActivities=true
02-08 21:41:21.416   765  5237 D AF::RecordHandle: OpRecordAudio: track:62 uid:10014 pkg:com.oculus.shellenv usage:0 not muted
02-08 21:41:21.416  2024  2049 I FocusedClientsListener: focus: onVrFocusChanged(focusType=0): 6
02-08 21:41:21.416  2024  2049 I FocusedClientsListener: focus: pid=4614
02-08 21:41:21.416  2024  2049 I FocusedClientsListener: focus: pid=3797
02-08 21:41:21.416  2024  2049 I FocusedClientsListener: focus: pid=3835
02-08 21:41:21.416  2024  2049 I FocusedClientsListener: focus: pid=3371
02-08 21:41:21.416  2024  2049 I FocusedClientsListener: focus: pid=3089
02-08 21:41:21.416  2024  2049 I FocusedClientsListener: focus: pid=20527
02-08 21:41:21.416  2024  3127 I FocusedClientsListener: focus: onVrFocusChanged(focusType=2): 1
02-08 21:41:21.416  2024  3127 I FocusedClientsListener: focus: pid=20527
02-08 21:41:21.416  2024  3485 I FocusedClientsListener: focus: onVrFocusChanged(focusType=1): 5
02-08 21:41:21.416  2024  3485 I FocusedClientsListener: focus: pid=4614
02-08 21:41:21.416  2024  3485 I FocusedClientsListener: focus: pid=3797
02-08 21:41:21.416  2024  3485 I FocusedClientsListener: focus: pid=3835
02-08 21:41:21.416  2024  3485 I FocusedClientsListener: focus: pid=3371
02-08 21:41:21.416  2024  3485 I FocusedClientsListener: focus: pid=3089
02-08 21:41:21.417   765   979 D AF::RecordHandle: OpRecordAudio: track:237 uid:10032 pkg:com.oculus.horizon usage:0 not muted
02-08 21:41:21.419   765  6263 D AF::TrackHandle: OpPlayAudio: track:241 uid:10146 pkg:com.YourCompany.TemplateProject3 usage:1 muted
02-08 21:41:21.419   765   979 D AF::RecordHandle: OpRecordAudio: track:237 uid:10032 pkg:com.oculus.horizon usage:0 not muted
02-08 21:41:21.428  2024  3869 I VrRuntimeService: DestroySwapChain: swapchain=494
02-08 21:41:21.428  3089  3903 I VrGuardianService: GuardianSDKServer::SetGuardianHitDialog2 0
02-08 21:41:21.431   883 20074 I [CT]    : CONSTELLATION:IMU_STATUS: 729165a0fe4054d7 (R): [FusionTracked=1.000, OutputTracked=1.000, OutputValid=1.000] [AccelSat=0.000, GyroSat=0.000] 
02-08 21:41:21.452  3797  4689 I chatty  : uid=10020(com.oculus.vrshell) ShellMainVR expire 17 lines
02-08 21:41:21.455  4614  4614 D ActivityLifecycleListener: onActivityResumed
02-08 21:41:21.455  4614  4717 D ActivityLifecycleListener: activity=com.oculus.shellenv.ShellEnvActivity@8d04f47, resumed=true
02-08 21:41:21.455  4614  4717 D ActivityLifecycleListener: Activity ready after 0ms
02-08 21:41:21.455  4614  4717 I OpenXR  : nativeOnActivityReady
02-08 21:41:21.479  4614  4643 I Clay    : BaseApp: Hibernate transition Unhibernate
02-08 21:41:21.479  4614  4643 I Clay    : SoundSystem: setPaused(false), m_paused=true
02-08 21:41:21.480  1535  1535 V AvrcpMediaPlayerList: onPlaybackConfigChanged(): Configs list size=14
02-08 21:41:21.484  2024 20102 I SwapChain: DestroyAndroidSurfaceSwapChain: 0x7a4bdce800: Destroying SurfaceTexture 0x293a Surface 0x294a
02-08 21:41:21.494  4614  4643 I Clay    : EnvironmentSystem: computed visibility changed from Unload to Hidden (reason: LayerRendering)
02-08 21:41:21.495  4614  4643 I OpenXR  : PostSessionStateChange: XR_SESSION_STATE_IDLE -> XR_SESSION_STATE_READY
02-08 21:41:21.496  2024  3485 I FocusedClientsListener: focus: onTopActivityChanged: com.YourCompany.TemplateProject3
02-08 21:41:21.496  4614  4643 I Clay    : xrPollEvent: DISPLAY_REFRESH_RATE_CHANGED_FB: 90.000000 -> 72.000000
02-08 21:41:21.496  4614  4643 I Clay    : xrPollEvent: SESSION_STATE_CHANGED: READY
02-08 21:41:21.496  4614  4643 I Clay    : Entering VR mode: cpu=-1, gpu=-1, perf threads: main=4643, gpu=unset
02-08 21:41:21.496  4614  4643 I OpenXR  : ------------ xrBeginSession [start] -----------
02-08 21:41:21.496  4614  4643 I VrRuntimeClient: Tracing is disabled
02-08 21:41:21.496  3371  3486 I [CT]    : MIXEDREALITY: MrServiceController: VrFocusManager::Top Activity Changed, topActivity now is: 'com.YourCompany.TemplateProject3', immersiveApp now is: 'com.YourCompany.TemplateProject3'.
02-08 21:41:21.496  4614  4643 I VrRuntimeClient: SysProp debug mode is disabled on Client side
02-08 21:41:21.496  3835  3835 I chatty  : uid=10020(com.oculus.vrshell) ShellOverlayMai expire 13 lines
02-08 21:41:21.496  4614  4643 D VrApi   : targetSDKVersion 29
02-08 21:41:21.497  3371  3418 I [CT]    : MIXEDREALITY: MrServiceView: renderIteration: Nothing to render, hibernating the rendering thread since ID is off and no active PT layers.
02-08 21:41:21.497  3371  3418 I [CT]    : MIXEDREALITY: MrServiceModel: Hibernating caller (most likely rendering thread) due to commandQueue being empty.
02-08 21:41:21.498  4614  4643 I VrRuntimeClient: DEVICE MODEL NUMBER = Quest 2
02-08 21:41:21.498  4614  4643 I VrRuntimeClient: DEVICE BUILD NAME = user-49882890192000150
02-08 21:41:21.498  4614  4643 I VrRuntimeClient: DEVICE BUILD TYPE = user
02-08 21:41:21.498  4614  4643 I VrRuntimeClient: DEVICE OS VERSION = 10
02-08 21:41:21.498  4614  4643 I VrRuntimeClient: API LOADER VERSION = 1.0.25
02-08 21:41:21.498  4614  4643 I VrRuntimeClient: RUNTIME API VERSION = 1.0.25
02-08 21:41:21.498  4614  4643 I VrRuntimeClient: RUNTIME VERSION = 49.0.0.186.357 Jan 21 2023 14:22:27 RELEASE
02-08 21:41:21.498  4614  4643 I VrRuntimeClient: APP NAME = ShellEnv
02-08 21:41:21.498  4614  4643 I VrRuntimeClient: APP VERSION = 49.0.0.186.357 versionCode 440026302 internalVersionName 49.0.0.186.357.8b032e9b092a 2023_01_21_14_43
02-08 21:41:21.498  4614  4643 I VrRuntimeClient: APP VR TYPE = vr_only
02-08 21:41:21.498  4614  4643 I VrRuntimeClient: APP MODE TYPE = VR
02-08 21:41:21.498  4614  4643 I VrRuntimeClient: APP PACKAGE NAME = com.oculus.shellenv
02-08 21:41:21.498  4614  4643 I VrRuntimeClient: APP ACTIVITY CLASS = com.oculus.shellenv.ShellEnvActivity
02-08 21:41:21.498  4614  4643 I Sensor  : OSSDKTRACKING Initializing head tracking
02-08 21:41:21.498  4614  4643 I Sensor  : OSSDKTRACKING Head tracker != nullpointer 0x7a51610338, 1
02-08 21:41:21.498  4614  4643 I Sensor  : OSSDKTRACKING Initializing controller tracking
02-08 21:41:21.498  4614  4643 I Sensor  : OSSDKTRACKING Controller tracker != nullpointer 0x7a33bcfaf0, 1
02-08 21:41:21.498  4614  4643 D BatteryReceiver: Registering battery receiver
02-08 21:41:21.500  4614  4643 D HeadsetReceiver: getCurrentHeadsetState: true
02-08 21:41:21.500  4614  4643 I DeviceStatus: nativeHeadsetEvent(1)
02-08 21:41:21.500  4614  4643 I VrRuntimeClient: SetCompositorClientFeatureFlag ClientFeatureFlag 0 
02-08 21:41:21.500  4614  4643 I LogTimer: CPUTIME: VrRuntimeClient_BeginSession took 4.3767 ms
02-08 21:41:21.501  4614  4643 I ClientInputInterface: DEADRECKONING SetControllerTrackingExtendedDeadreckoning 0
02-08 21:41:21.501  4614  4643 I ClientInputSettings: HANDTRACKING package name is com.oculus.shellenv
02-08 21:41:21.502  4614  4643 I ClientInputSettings: HANDTRACKING: Manifest Permission request for com.oculus.shellenv
02-08 21:41:21.502  4614  4643 I ClientInputSettings: HANDTRACKING:  'com.oculus.shellenv' Is hands or controller.
02-08 21:41:21.503  4614  4643 I ClientInputSettings: HANDTRACKING: feature flag set to 2
02-08 21:41:21.503  4614  4643 I ClientInputInterface: HANDTRACKING sethandmanifest 2
02-08 21:41:21.503  4614  4643 I InputHooks_Internal: Enabling Native Input Hooks
02-08 21:41:21.503  4614  4643 I InputDeviceManager: ovrInputDeviceManager::Initialize
02-08 21:41:21.503  4614  4643 I Distortion: Initializing Mesh Decenter Correction
02-08 21:41:21.503   865  4425 E CalibrationProvider: loadCalibration(LDISP_SN) failed: Calibration store didn't load any info
02-08 21:41:21.504   865  4425 E CalibrationProvider: loadCalibration(RDISP_SN) failed: Calibration store didn't load any info
02-08 21:41:21.504  4614  4643 I Distortion: SetLensPositions - iad=0.0630817, left offset=-0.000219997,-0.00102733, right offset=9.91635e-05,-0.00104481
02-08 21:41:21.504  4614  4643 I Distortion: Initializing Mesh Decenter Correction
02-08 21:41:21.504   865  4425 E CalibrationProvider: loadCalibration(LDISP_SN) failed: Calibration store didn't load any info
02-08 21:41:21.504   865  4425 E CalibrationProvider: loadCalibration(RDISP_SN) failed: Calibration store didn't load any info
02-08 21:41:21.504  4614  4643 I Distortion: SetLensPositions - iad=0.0630817, left offset=-0.000219997,-0.00102733, right offset=9.91635e-05,-0.00104481
02-08 21:41:21.505  4614  4643 I Distortion: Created custom distortion mesh.
02-08 21:41:21.505   883  1355 W TrackingService: attachClient: found client in attached list
02-08 21:41:21.505   883  1355 D TrackingService: getSharedMemory: com.oculus.shellenv#4614, Controller
02-08 21:41:21.506  4614  4643 I InputDevice_TrackedRemote: REMOTE: Hand=2 IndexAnalog=0.00 GripAnalog=0.00 Buttons=0x00000000
02-08 21:41:21.506  4614  4643 I InputDevice_TrackedRemote: REMOTE: Hand=1 IndexAnalog=0.00 GripAnalog=0.00 Buttons=0x00000000
02-08 21:41:21.506  4614  4643 I InputDeviceManager: HANDTRACKING Pointer filter profile changed to: 0
02-08 21:41:21.506  4614  4643 I InputDeviceManager: HANDTRACKING Pointer filter profile changed to: 0
02-08 21:41:21.506  4614  4643 I InputDeviceManager: HANDTRACKING Root pose filter profile changed for (version, freq) to (2, 1) from (1,2)
02-08 21:41:21.506  4614  4643 I PhaseSync: PhaseSync::PhaseSync PaddingLowerLimit 0.350000 StandardDeviations 2.000000 PaddingUpperLimit 0.750000 on instance 12
02-08 21:41:21.506  4614  4643 I VrRuntimeClient: PhaseSync Instance created
02-08 21:41:21.506  4614  4643 D VrRuntimeClient: pokeGuardianUserServiceForThisClient: com.oculus.shellenv:10014
02-08 21:41:21.506  4614  4643 D VrRuntimeClient: VrRuntimeClient: getClientWindow: activity client
02-08 21:41:21.507  3089  3089 D VrGuardianUserService: onStartCommandIntent { act=FOREGROUND_CLIENT cmp=com.oculus.guardian/com.oculus.vrguardianservice.VrGuardianUserService (has extras) }
02-08 21:41:21.507  3089  3089 D VrGuardianUserService: maybeSubscribeDeviceConfig
02-08 21:41:21.507  3089  3089 D VrGuardianUserService: onStartCommand FOREGROUND_CLIENT user = 0
02-08 21:41:21.507  2024  4686 I VrRuntimeService: RuntimeServiceSDKServer::EnableRendering: 0x7a64f981c0, 1, com.oculus.shellenv
02-08 21:41:21.507  2024  4686 I ClientMgr: ClientMgr::EnableRendering 4614:com.oculus.shellenv : type 0 comp-id 6: enable
02-08 21:41:21.507  2024  4686 I CompositorVR: CheckDebuggerConnected: debugger 0
02-08 21:41:21.507  2024  4686 I VrRuntimeServer: SysProp debug mode is disabled on Server side
02-08 21:41:21.507  2024  4686 I UnifiedTelemetryWrapper: Started UT session render:com.oculus.shellenv
02-08 21:41:21.507  3089  3089 D VrGuardianService: setCurrentUser() called with: userId = [0]
02-08 21:41:21.507  3089  3089 I VrGuardianService: nativeSetCurrentUser userid = 0
02-08 21:41:21.507  3089  3089 I GuardianSystem: [GuardianSystem::SetCurrentUser] User ID 0 
02-08 21:41:21.508  4614  4643 I ScreenCaptureHelper: Advertising com.oculus.shellenv as streamable
02-08 21:41:21.508  4614  4643 I VrApi   : OVR::Stats thread started
02-08 21:41:21.508  4614  4643 I XrRuntimeUtils: XrRuntimeUtils::BeginSession
02-08 21:41:21.508  4614  4643 I XrRuntimeSystem_Client: BeginSession
02-08 21:41:21.508  4614  4643 I OpenXR  : ------------ xrBeginSession [end] -----------
02-08 21:41:21.508  4614  4643 I Clay    : Setting CPU/GPU levels= 25/75
02-08 21:41:21.508  4614  4643 I VrRuntimeClient: UpdateEvents: HMT was mounted
02-08 21:41:21.508  4614  4643 I VrRuntimeClient: Client has lost focus.
02-08 21:41:21.508  4614  4643 I Clay    : xrPollEvent: MOUNT_STATE_CHANGED_FB: isMounted 1
02-08 21:41:21.508  2149  2266 I OVRMediaService: onStartCommand Received message type: set_package_name, caller package: no_app_identity, app identify: null
02-08 21:41:21.509  4614 20898 D VrApi   : targetSDKVersion 29
02-08 21:41:21.509  2149  2266 I OVRMediaService: Got package name intent (com.oculus.shellenv)
02-08 21:41:21.510  2149  2266 I OVRMediaServiceManager: Sending onAppStart (com.oculus.shellenv) to SocialPlatform (com.oculus.socialplatform)
02-08 21:41:21.510  4614 20898 I JniUtils: ovr_GetCurrentPackageSignature 
02-08 21:41:21.511  4614 20898 I Metrics : device name = Oculus Quest 2
02-08 21:41:21.519  2024  3018 I ClientMgr: Non-overlay clients rendering status has changed: prev=179, curr=180, enabled=2
02-08 21:41:21.521  2024  3018 D VrRuntimeService: ForegroundAppInfo = {uid=10014 pid=4614 packageName=com.oculus.shellenv processName=com.oculus.shellenv
02-08 21:41:21.521  2024  3018 I ClientMgr: GetForegroundClientId: Found foreground uid 10014.
02-08 21:41:21.521  2024  3018 I ClientMgr: Primary client determined to be foreground client: com.oculus.shellenv.
02-08 21:41:21.521  2024  3018 I ClientMgr: ClientMgr::SetPrimaryCompositorClient: 4614:com.oculus.shellenv
02-08 21:41:21.521  2024  3018 W ClientMgr: ClientMgr::GetClientPermissionFlagsById: Client missing proper permissions: com.oculus.shellenv, 2
02-08 21:41:21.521  2024  3018 I CompositorClientMgr: Enable client 6
02-08 21:41:21.521  2024  3018 I VrRuntimeServer: EnableCompositorClient client(6): layer placement(0) flags(1) sm(0x7accaa9010)
02-08 21:41:21.521  2024  3018 I ClientMgr: SetPrimaryPackageName - packageName com.oculus.shellenv processName com.oculus.shellenv clientId 1628767958 clientPid 4614
02-08 21:41:21.521  2024  3018 I ServiceInputManager: ServiceInputManager::SetPrimaryPackageName 'com.oculus.shellenv' 'com.oculus.shellenv'  updated AnytimeUI processname 0
02-08 21:41:21.521  2024  3018 I VrRuntimeService: RuntimeIPC: SendPrimaryPackageChangeEvent: PostClientEvent SUCCESS: com.oculus.vrshell:com.oculus.vrshell:Overlay:3835, com.oculus.shellenv, com.oculus.shellenv
02-08 21:41:21.521  2024  3018 W REFLECT [RUNTIMEIPC]: ipc_PostClientEvent FAILED: PackageChangeEvent
02-08 21:41:21.521  2024  3018 W VrRuntimeService: RuntimeIPC: SendPrimaryPackageChangeEvent: PostClientEvent FAILED: com.oculus.shellenv:com.oculus.shellenv:4614, com.oculus.shellenv, com.oculus.shellenv
02-08 21:41:21.521  2024 20102 I CompositorVR: LatchWarpClients: Multiple Primary Clients detected. Skipping frames for 25
02-08 21:41:21.521  2024 20102 I CompositorVR: WarpToScreen: Skipping frames for 25
02-08 21:41:21.522  2024  3018 I VrRuntimeService: RuntimeIPC: SendPrimaryPackageChangeEvent: PostClientEvent SUCCESS: com.oculus.vrshell:com.oculus.vrshell:3797, com.oculus.shellenv, com.oculus.shellenv
02-08 21:41:21.522  2024  3018 W REFLECT [RUNTIMEIPC]: ipc_PostClientEvent FAILED: PackageChangeEvent
02-08 21:41:21.522  2024  3018 W VrRuntimeService: RuntimeIPC: SendPrimaryPackageChangeEvent: PostClientEvent FAILED: com.oculus.mrservice:com.oculus.mrservice:3371, com.oculus.shellenv, com.oculus.shellenv
02-08 21:41:21.522  2024  3018 W REFLECT [RUNTIMEIPC]: ipc_PostClientEvent FAILED: PackageChangeEvent
02-08 21:41:21.522  2024  3018 W VrRuntimeService: RuntimeIPC: SendPrimaryPackageChangeEvent: PostClientEvent FAILED: native_process.system:/system/bin/mrsystemservice:868, com.oculus.shellenv, com.oculus.shellenv
02-08 21:41:21.522  2024  3018 I VrRuntimeService: RuntimeIPC: SendPrimaryPackageChangeEvent: PostClientEvent SUCCESS: com.YourCompany.TemplateProject3:com.YourCompany.TemplateProject3:20527, com.oculus.shellenv, com.oculus.shellenv
02-08 21:41:21.522  2024  3018 I VrRuntimeService: RuntimeIPC: SendPrimaryPackageChangeEvent: PostClientEvent SUCCESS: com.oculus.guardian:com.oculus.vrguardianservice:3089, com.oculus.shellenv, com.oculus.shellenv
02-08 21:41:21.522  2024  3018 D VrRuntimeService: sendPrimaryPackageChangeBroadcast
02-08 21:41:21.522  4614 20900 I FenceChecker: FenceChecker::MainLoop - started
02-08 21:41:21.523  2024  3018 I UnifiedTelemetryWrapper: Setting destination as com.oculus.shellenv
02-08 21:41:21.523  2024  3018 I AADT    : SetAADTLutDataX: 0
02-08 21:41:21.523  2024  3018 I AADT    : SetAADTLutDataY: 0
02-08 21:41:21.523  2024  3018 I ServiceInputManager: DEADRECKONING deadReckoning mode on ClientMgr from server is 0
02-08 21:41:21.523  2024  3018 I CompositorClientMgr: Enable client 0
02-08 21:41:21.523  2024  3018 I VrRuntimeServer: EnableCompositorClient client(0): layer placement(2147483643) flags(8) sm(0x7a78994160)
02-08 21:41:21.525  4614  4643 I Clay    : copresence: microphone state transition, unpaused
02-08 21:41:21.526  4614  4643 I OpenXR  : PostSessionStateChange: XR_SESSION_STATE_READY -> XR_SESSION_STATE_SYNCHRONIZED
02-08 21:41:21.526  2024 20102 I CompositorVR: LatchWarpClients: Multiple Primary Clients detected. Skipping frames for 25
02-08 21:41:21.526  2024  3485 I FocusedClientsListener: focus: onTopActivityChanged: com.YourCompany.TemplateProject3
02-08 21:41:21.526  4614  4643 I Clay    : xrPollEvent: SESSION_STATE_CHANGED: SYNCHRONIZED
02-08 21:41:21.526  3371  3486 I [CT]    : MIXEDREALITY: MrServiceController: VrFocusManager::Top Activity Changed, topActivity now is: 'com.YourCompany.TemplateProject3', immersiveApp now is: 'com.YourCompany.TemplateProject3'.
02-08 21:41:21.526  2024 20102 I CompositorVR: SetSchedFifo( tid=4643, pol=3, pri=0 ) succeeded
02-08 21:41:21.526  2024 20102 I CompositorVR: SetSchedFifo( tid=20900, pol=3, pri=0 ) succeeded
02-08 21:41:21.526  2024 20102 I AADT    : SetAADTLutDataX. Thread. SizeX: 0
02-08 21:41:21.526  2024 20102 I AADT    : SetAADTLutDataY. Thread. SizeY: 0
02-08 21:41:21.526  3371  3418 I [CT]    : MIXEDREALITY: MrServiceView: renderIteration: Nothing to render, hibernating the rendering thread since ID is off and no active PT layers.
02-08 21:41:21.526  3371  3418 I [CT]    : MIXEDREALITY: MrServiceModel: Hibernating caller (most likely rendering thread) due to commandQueue being empty.
02-08 21:41:21.529  3797  3797 I chatty  : uid=10020(com.oculus.vrshell) ShellMain expire 1 line
02-08 21:41:21.532  3797  4689 I chatty  : uid=10020(com.oculus.vrshell) ShellMainVR expire 21 lines
02-08 21:41:21.533  1029  3488 W AppOps  : Noting op not finished: uid 10020 pkg com.oculus.vrshell code 24 time=1675892481379 duration=-1
02-08 21:41:21.533  2024  3018 I Vsync   : Adjusting vsync display refresh rate 72.000000 -> 90.000000
02-08 21:41:21.535  2024 20102 I CompositorVR: WarpToScreen: Skipping frames for 25
02-08 21:41:21.536  4614  4614 I DeviceStatus: nativeHeadsetEvent(1)
02-08 21:41:21.536  1029  3488 E WindowManager: App trying to use insecure INPUT_FEATURE_NO_INPUT_CHANNEL flag. Ignoring
02-08 21:41:21.540  3835  3880 I chatty  : uid=10020(com.oculus.vrshell) ShellOverlayVR expire 5 lines
02-08 21:41:21.541  3835  3880 I [OAO] OverlayFlowController: Non system primary client change: ready to sleep
02-08 21:41:21.541  3835  3880 I [OAO] OverlayFlowController: Reset resetReason : ReturnToShellHome
02-08 21:41:21.541  3835  3880 I [OAO] OverlayFlowController: Reset resetting current flow : OverlayDesktopFlow
02-08 21:41:21.541  3835  3880 I [OAO] OverlayDesktopFlow: Deactivated
02-08 21:41:21.541  3835  3880 I [OAO] DesktopPanelController: Backgrounded desktop Tablet with reason flowDeactivation
02-08 21:41:21.541  3835  3880 I [OAO] OverlayDesktopFlow: OverlayDesktopFlow Reset
02-08 21:41:21.541  3835  3880 I [OAO] DesktopPanelControllerAnalytics: DesktopPanelControllerAnalytics flushing telemetry
02-08 21:41:21.541  3835  3880 I [OAO] DesktopPanelControllerAnalytics: FlushPendingDesktopMetrics Tablet
02-08 21:41:21.543  2024  2024 I ClientMgr: FocusedWindowChanged: falling back to client with same uid: 10020, and pid: 3797
02-08 21:41:21.544  3835  3880 I [OAO] TelemetryProvider: Toggling egocentric panels visible: false
02-08 21:41:21.545  2024  2049 I FocusedClientsListener: focus: onVrFocusChanged(focusType=2): 1
02-08 21:41:21.545  2024  2049 I FocusedClientsListener: focus: pid=20527
02-08 21:41:21.545  2024  3127 I FocusedClientsListener: focus: onVrFocusChanged(focusType=1): 5
02-08 21:41:21.545  2024  3127 I FocusedClientsListener: focus: pid=4614
02-08 21:41:21.545  2024  3127 I FocusedClientsListener: focus: pid=3797
02-08 21:41:21.545  2024  3127 I FocusedClientsListener: focus: pid=3835
02-08 21:41:21.545  2024  3127 I FocusedClientsListener: focus: pid=3371
02-08 21:41:21.545  2024  3127 I FocusedClientsListener: focus: pid=3089
02-08 21:41:21.546  2024  3485 I FocusedClientsListener: focus: onVrFocusChanged(focusType=0): 6
02-08 21:41:21.546  2024  3485 I FocusedClientsListener: focus: pid=4614
02-08 21:41:21.546  2024  3485 I FocusedClientsListener: focus: pid=3797
02-08 21:41:21.546  2024  3485 I FocusedClientsListener: focus: pid=3835
02-08 21:41:21.546  2024  3485 I FocusedClientsListener: focus: pid=3371
02-08 21:41:21.546  2024  3485 I FocusedClientsListener: focus: pid=3089
02-08 21:41:21.546  2024  3485 I FocusedClientsListener: focus: pid=20527
02-08 21:41:21.546  2149  3206 I OVRMediaServiceManager: Sending onAppStart (com.oculus.shellenv) to SocialPlatform (com.oculus.socialplatform)
02-08 21:41:21.547  3277  3277 D MetaCam (MediaCapabilityChecker): checkMediaHasRecordingCapabilities packageName: com.oculus.vrshell
02-08 21:41:21.547   895  1288 D VrApiService: refresh-rate changed to 90Hz
02-08 21:41:21.547  3277  3277 D MetaCam (MediaCapabilityChecker): checkMediaHasRecordingCapabilities packageName: com.oculus.vrshell
02-08 21:41:21.547  2024  3018 I VrRuntimeServer: DisableCompositorClient: 0
02-08 21:41:21.547  2024  3018 I CompositorClientMgr: Disable client 0
02-08 21:41:21.547  2024  3018 I CompositorClientMgr: DisableClient: frame flush required: 1
02-08 21:41:21.548  2024  2024 I ClientMgr: FocusedClient changed.
02-08 21:41:21.548  2024  2024 I ClientMgr: ClientMgr::SetFocusedClient: 3797:com.oculus.vrshell type 1
02-08 21:41:21.548  2024  2024 I ClientMgr: SetFocusedPackageName - packageName com.oculus.vrshell processName com.oculus.vrshell clientId 1150992703 clientPid 3797
02-08 21:41:21.548  2024  2024 I VrRuntimeService: RuntimeIPC: SendFocusChangeEventToAllClients: PostClientEvent SUCCESS: com.oculus.vrshell:com.oculus.vrshell:Overlay:3835, com.oculus.vrshell, com.oculus.vrshell
02-08 21:41:21.548  2024  2024 W REFLECT [RUNTIMEIPC]: ipc_PostClientEvent FAILED: FocusChangeEvent
02-08 21:41:21.548  2024  2024 W VrRuntimeService: RuntimeIPC: SendFocusChangeEventToAllClients: PostClientEvent FAILED: com.oculus.shellenv:com.oculus.shellenv:4614, com.oculus.vrshell, com.oculus.vrshell
02-08 21:41:21.548  2024  2024 I VrRuntimeService: RuntimeIPC: SendFocusChangeEventToAllClients: PostClientEvent SUCCESS: com.oculus.vrshell:com.oculus.vrshell:3797, com.oculus.vrshell, com.oculus.vrshell
02-08 21:41:21.548  2024  2024 W REFLECT [RUNTIMEIPC]: ipc_PostClientEvent FAILED: FocusChangeEvent
02-08 21:41:21.548  2024  2024 W VrRuntimeService: RuntimeIPC: SendFocusChangeEventToAllClients: PostClientEvent FAILED: com.oculus.mrservice:com.oculus.mrservice:3371, com.oculus.vrshell, com.oculus.vrshell
02-08 21:41:21.548  2024  2024 W REFLECT [RUNTIMEIPC]: ipc_PostClientEvent FAILED: FocusChangeEvent
02-08 21:41:21.548  2024  2024 W VrRuntimeService: RuntimeIPC: SendFocusChangeEventToAllClients: PostClientEvent FAILED: native_process.system:/system/bin/mrsystemservice:868, com.oculus.vrshell, com.oculus.vrshell
02-08 21:41:21.548  2024  2024 I VrRuntimeService: RuntimeIPC: SendFocusChangeEventToAllClients: PostClientEvent SUCCESS: com.YourCompany.TemplateProject3:com.YourCompany.TemplateProject3:20527, com.oculus.vrshell, com.oculus.vrshell
02-08 21:41:21.548  2024  2024 I VrRuntimeService: RuntimeIPC: SendFocusChangeEventToAllClients: PostClientEvent SUCCESS: com.oculus.guardian:com.oculus.vrguardianservice:3089, com.oculus.vrshell, com.oculus.vrshell
02-08 21:41:21.548  3835  3880 I [OAO] DesktopPanelControllerAnalytics: DesktopPanelControllerAnalytics flushing telemetry
02-08 21:41:21.548  3835  3880 I [OAO] SystemAssistant: OnModeChanged from Paused to FullShell
02-08 21:41:21.549  3797  3797 D [SEO] BaseOverlayService: setOverlayInputFocus : completed - inputFocus=true shouldSupportIME=true actionTaken:true
02-08 21:41:21.549  2024 20102 I CompositorVR: LatchWarpClients: Multiple Primary Clients detected. Skipping frames for 25
02-08 21:41:21.549  2024 20102 I CompositorVR: WarpToScreen: Skipping frames for 25
02-08 21:41:21.552  3089  3150 I GuardianSystem: [GuardianSystem::InitializeRuntimeEventHandlers] runtimeServiceSDKClient_.ForceShowGuardianEvent
02-08 21:41:21.552  3089  3150 I GuardianSystem: ForceShowGuardian: false, 0.00
02-08 21:41:21.552  3089  3150 I GuardianSystem: [GuardianSystem::InitializeRuntimeEventHandlers] runtimeServiceSDKClient_.PackageChangeEvent: package=[com.oculus.shellenv], process=[com.oculus.shellenv]
02-08 21:41:21.552  3089  3150 I GuardianSystem: SetCurrentProcessName: com.oculus.shellenv, previous ProcessName: com.YourCompany.TemplateProject3
02-08 21:41:21.553  3835  3880 I [OAO] SystemAssistant: Assistant panel is not active. Command [hide-attention-instant] could not be sent
02-08 21:41:21.553  3835  3880 I [OAO] PanelAppHost: PanelAppHost destructor, panel 13 (com.oculus.systemux/com.oculus.panelapp.anytimeui.AnytimeUIAndroidPanelService)
02-08 21:41:21.553  3835  3880 I [OAO] PanelAppHost: Panel app 13 (com.oculus.systemux/com.oculus.panelapp.anytimeui.AnytimeUIAndroidPanelService) changing state from foreground to shutdown
02-08 21:41:21.554  3835  3880 D [OAO] ShellApplication: Unbinding service for panel app id 13
02-08 21:41:21.554  2024  2024 D VrRuntimeService: onForegroundActivitiesChanged: pid=3797, uid=10020, hasForegroundActivities=false
02-08 21:41:21.555  2024  2060 I FocusedClientsListener: focus: onVrFocusChanged(focusType=2): 1
02-08 21:41:21.555  2024  2060 I FocusedClientsListener: focus: pid=20527
02-08 21:41:21.555  1029  1060 E system_server: Dex checksum does not match for dex: /system/priv-app/ShellEnv/ShellEnv.apk.Expected: 3423574681, actual: 3617447080
02-08 21:41:21.556  2024  2049 I FocusedClientsListener: focus: onVrFocusChanged(focusType=1): 5
02-08 21:41:21.556  2024  2049 I FocusedClientsListener: focus: pid=4614
02-08 21:41:21.556  2024  2049 I FocusedClientsListener: focus: pid=3797
02-08 21:41:21.556  2024  2049 I FocusedClientsListener: focus: pid=3835
02-08 21:41:21.556  2024  2049 I FocusedClientsListener: focus: pid=3371
02-08 21:41:21.556  2024  2049 I FocusedClientsListener: focus: pid=3089
02-08 21:41:21.556  2024  3127 I FocusedClientsListener: focus: onVrFocusChanged(focusType=0): 6
02-08 21:41:21.556  2024  3127 I FocusedClientsListener: focus: pid=4614
02-08 21:41:21.556  2024  3127 I FocusedClientsListener: focus: pid=3797
02-08 21:41:21.556  2024  3127 I FocusedClientsListener: focus: pid=3835
02-08 21:41:21.556  2024  3127 I FocusedClientsListener: focus: pid=3371
02-08 21:41:21.556  2024  3127 I FocusedClientsListener: focus: pid=3089
02-08 21:41:21.556  2024  3127 I FocusedClientsListener: focus: pid=20527
02-08 21:41:21.557  1242  1280 I SDM     : HWCDisplayBuiltIn::Validate: Validate +++ enable cac = 0
02-08 21:41:21.559  2024  3127 E BufferQueueProducer: [SurfaceTexture-113-2024-21] dequeueBuffer: BufferQueue has been abandoned
02-08 21:41:21.559   769   769 E CompositionEngine: ANativeWindow::dequeueBuffer failed for display [com.oculus.android_panel_app.AndroidPanelLayer-#main] with error: -19
02-08 21:41:21.559   769   769 W SurfaceFlinger: Dequeuing buffer for display [com.oculus.android_panel_app.AndroidPanelLayer-#main] failed, bailing out of client composition for this frame
02-08 21:41:21.563  2024 20102 I CompositorVR: WarpToScreen: Skipping frames for 25
02-08 21:41:21.564  2149  2532 W OVRLibrary: null cursor received for query content://com.oculus.ocms.library/apps/com.oculus.vrshell
02-08 21:41:21.567  1029  1060 I ActivityTaskManager: Displayed com.oculus.shellenv/.ShellEnvActivity: +170ms
02-08 21:41:21.577  2024 20102 I CompositorVR: WarpToScreen: Skipping frames for 25
02-08 21:41:21.578  2149  2657 I OVRMediaService: onStartCommand Received message type: overlay_input_focus_change, caller package: com.oculus.vrshell, app identify: AppIdentity{uid=10020, packageNames=[com.oculus.vrshell], sha1=MxZgtt071YLz39PLrkVGckZooCE, sha2=3C-DTjwZQjeLFPB2yCzRq1nqZWa_9HMLIEfpjvyfna8, version=null, domain=null}
02-08 21:41:21.579  3797  4689 I VrRuntimeClient: SetCompositorClientFeatureFlag ClientFeatureFlag 0 
02-08 21:41:21.579  3797  4689 I LogTimer: CPUTIME: VrRuntimeClient_BeginSession took 49.8491 ms
02-08 21:41:21.579  3797  3797 I DeviceStatus: nativeHeadsetEvent(1)
02-08 21:41:21.580  3797  4689 I ClientInputInterface: DEADRECKONING SetControllerTrackingExtendedDeadreckoning 0
02-08 21:41:21.580  3797  4689 I ClientInputSettings: HANDTRACKING package name is com.oculus.vrshell
02-08 21:41:21.583  2024 20102 I Vsync   : Vsync 12535:  1 x 11.14 ms (71.82 Hz, at 17596.947)
02-08 21:41:21.584  2149  2657 I OVRMediaService: Received OVERLAY_INPUT_FOCUS_CHANGE. is focused: true
02-08 21:41:21.586  3835  3880 I [OAO] DialogControllerManager: Reset resetReason:6
02-08 21:41:21.586  3835  3880 I [OAO] OverlayFlowController: Reset - Resetting lastNonSystemPackageName to empty
02-08 21:41:21.586  3835  3880 I [OAO] OverlayFlowController: OnPrimaryPackageChange Setting lastNonSystemPackageName = com.oculus.shellenv
02-08 21:41:21.586  3835  3880 I [OAO] OverlayGuardianFlow: OverlayGuardianFlow UpdatePrimaryPackage lastNonSystemPackage:com.oculus.shellenv isVrShellPackage1
02-08 21:41:21.586  3835  3880 I [OAO] ShellOverlayApp: 0xc7b2ab28 msg: overlayCommand:
02-08 21:41:21.586  3835  3880 I [OAO] ShellOverlayApp: command = topActivityChanged
02-08 21:41:21.586  3835  3880 I [OAO] ShellOverlayApp: topActivity = com.YourCompany.TemplateProject3
02-08 21:41:21.586  3835  3880 I [OAO] ShellOverlayApp: Process_OverlayCommand command : topActivityChanged
02-08 21:41:21.586  3835  3880 I [OAO] ShellOverlayApp: Process_OverlayCommand unknown command received: topActivityChanged
02-08 21:41:21.586  3835  3880 I VrRuntimeClient: Client has lost focus.
02-08 21:41:21.586  3835  3880 I OpenXR  : PostSessionStateChange: XR_SESSION_STATE_FOCUSED -> XR_SESSION_STATE_VISIBLE
02-08 21:41:21.586  3835  3880 I [OAO] VrPlatformOpenXr: xrPollEvent: received XR_TYPE_EVENT_DATA_SESSION_STATE_CHANGED: 4 for session 0x2 at time 17596.951103
02-08 21:41:21.586  3835  3880 I [OAO] VrPlatformOpenXr: Session state changed XR_SESSION_STATE_VISIBLE
02-08 21:41:21.586  3835  3880 I [OAO] ShellOverlayApp: ResolveInteractionState: change from InputFocus to None
02-08 21:41:21.586  3835  3880 I [OAO] ShellOverlayApp: LeaveVrMode: Interaction state from InputFocus to None
02-08 21:41:21.587  3835  3880 I [OAO] ShellTransitionState: Logging ShellTransitionState to dumpsys: {"state":"Backgrounding","timeMillis":"17596951"}
02-08 21:41:21.587  3835  3880 I [OAO] ShellOverlayApp: EmptyFrame: Pushing an empty frame
02-08 21:41:21.588  2024 20102 I CompositorVR: WarpToScreen: Skipping frames for 25
02-08 21:41:21.589  3797  4689 I ClientInputSettings: HANDTRACKING: Manifest Permission request for com.oculus.vrshell
02-08 21:41:21.591  3797  4689 I ClientInputSettings: HANDTRACKING:  'com.oculus.vrshell' Is hands or controller.
02-08 21:41:21.591  3797  4689 I ClientInputSettings: HANDTRACKING: feature flag set to 2
02-08 21:41:21.591  3797  4689 I ClientInputInterface: HANDTRACKING sethandmanifest 2
02-08 21:41:21.591  3797  4689 D InputHooksJava: Enabling Java Input Hooks
02-08 21:41:21.591  3797  4689 W InputHooksJava: Unable to enable input hooks on a non-Activity Context
02-08 21:41:21.592  3797  4689 I InputDeviceManager: ovrInputDeviceManager::Initialize
02-08 21:41:21.592  3797  4689 I Distortion: Initializing Mesh Decenter Correction
02-08 21:41:21.592  2149  2266 E OVRMediaServiceManager: LivestreamingManager Not initialized
02-08 21:41:21.594   865  4425 E CalibrationProvider: loadCalibration(LDISP_SN) failed: Calibration store didn't load any info
02-08 21:41:21.595   865  4425 E CalibrationProvider: loadCalibration(RDISP_SN) failed: Calibration store didn't load any info
02-08 21:41:21.595  3797  4689 I Distortion: SetLensPositions - iad=0.0630817, left offset=-0.000219997,-0.00102733, right offset=9.91635e-05,-0.00104481
02-08 21:41:21.595  3797  4689 I Distortion: Initializing Mesh Decenter Correction
02-08 21:41:21.596   865  4425 E CalibrationProvider: loadCalibration(LDISP_SN) failed: Calibration store didn't load any info
02-08 21:41:21.596   865  4425 E CalibrationProvider: loadCalibration(RDISP_SN) failed: Calibration store didn't load any info
02-08 21:41:21.597  3797  4689 I Distortion: SetLensPositions - iad=0.0630817, left offset=-0.000219997,-0.00102733, right offset=9.91635e-05,-0.00104481
02-08 21:41:21.597  2024 20102 I CompositorVR: WarpToScreen: Skipping frames for 25
02-08 21:41:21.597  3835  3880 I [OAO] VrPlatformOpenXr: VrPlatformOpenXr::SetPropInhibitHandleHomeKey inhibit:0
02-08 21:41:21.597  3797  4689 I Distortion: Created custom distortion mesh.
02-08 21:41:21.598  3835  3880 I OpenXR_DeviceSettings: ------------ xrSetDeviceSettingBooleanFB -----------
02-08 21:41:21.598  3835  3880 I ClientInputSettings: SetInhibitHandleHomeKey = false for com.oculus.vrshell
02-08 21:41:21.598  3835  3880 I ClientInputInterface: SetInhibitHandleHomeKey 0 for process com.oculus.vrshell 3835
02-08 21:41:21.598  3835  3880 I [OAO] VrPlatformOpenXr: VrPlatformOpenXr::SetPropInhibitHandleHomeKey result = 0
02-08 21:41:21.598  3835  3880 I [OAO] ModelDef: Destroying ModelFileModel guardianLaserBeam.gltf.ovrscene
02-08 21:41:21.598  3835  3880 I [OAO] ModelDef: Destroying ModelFileModel pinchArrowBlend.gltf.ovrscene
02-08 21:41:21.598  3835  3880 I [OAO] ModelDef: Destroying ModelFileModel guardianLaserBeam.gltf.ovrscene
02-08 21:41:21.598  3835  3880 I [OAO] ModelDef: Destroying ModelFileModel pinchArrowBlend.gltf.ovrscene
02-08 21:41:21.599  4614  4643 I Clay    : xrPollEvent: DISPLAY_REFRESH_RATE_CHANGED_FB: 72.000000 -> 90.000000
02-08 21:41:21.599  1804  1804 D OculusNotificationListenerService: Notification posted: 0|android|0|com.android.server.wm.AlertWindowNotification - com.oculus.vrshell|1000
02-08 21:41:21.600   883  5113 W TrackingService: attachClient: found client in attached list
02-08 21:41:21.600   883  5113 D TrackingService: getSharedMemory: com.oculus.vrshell#3797, Controller
02-08 21:41:21.600  3797 20901 I InputDevice_TrackedRemote: REMOTE: Hand=2 IndexAnalog=0.00 GripAnalog=0.00 Buttons=0x00000000
02-08 21:41:21.601  3797 20901 I InputDevice_TrackedRemote: REMOTE: Hand=1 IndexAnalog=0.00 GripAnalog=0.00 Buttons=0x00000000
02-08 21:41:21.601  3797 20901 I InputDeviceManager: HANDTRACKING Pointer filter profile changed to: 0
02-08 21:41:21.601  3797 20901 I InputDeviceManager: HANDTRACKING Pointer filter profile changed to: 0
02-08 21:41:21.601  3797 20901 I InputDeviceManager: HANDTRACKING Root pose filter profile changed for (version, freq) to (2, 1) from (1,2)
02-08 21:41:21.601  3797  4689 I PhaseSync: PhaseSync::PhaseSync PaddingLowerLimit 0.350000 StandardDeviations 2.000000 PaddingUpperLimit 0.750000 on instance 12
02-08 21:41:21.601  3797  4689 I VrRuntimeClient: PhaseSync Instance created
02-08 21:41:21.601  2024  3830 I VrRuntimeService: RuntimeServiceSDKServer::EnableRendering: 0x0, 0, com.oculus.vrshell
02-08 21:41:21.601  2024  3830 I ClientMgr: EnableRendering2: invalid clientWindow, testing uid/pid
02-08 21:41:21.601  2024  3830 I ClientMgr: EnableRendering2: matched uid: 10020 and pid: 3797 
02-08 21:41:21.601  2024  3830 I ClientMgr: EnableRendering2: Calling SetFocusedClient: 1150992703
02-08 21:41:21.601  2024  3830 I ClientMgr: ClientMgr::SetFocusedClient: 3797:com.oculus.vrshell type 1
02-08 21:41:21.601  2024  3830 I ClientMgr: SetFocusedPackageName - packageName com.oculus.vrshell processName com.oculus.vrshell clientId 1150992703 clientPid 3797
02-08 21:41:21.601  2024  3830 I ClientMgr: ClientMgr::EnableRendering 3797:com.oculus.vrshell : type 1 comp-id 7: enable
02-08 21:41:21.601  2024  3830 I CompositorClientMgr: Enable client 7
02-08 21:41:21.601  2024  3830 I VrRuntimeServer: EnableCompositorClient client(7): layer placement(2147483647) flags(0) sm(0x7accaa0010)
02-08 21:41:21.601  2024  3830 I CompositorVR: CheckDebuggerConnected: debugger 0
02-08 21:41:21.601  2024  3830 I VrRuntimeServer: SysProp debug mode is disabled on Server side
02-08 21:41:21.601  2024  3830 I UnifiedTelemetryWrapper: Started UT session render:com.oculus.vrshell
02-08 21:41:21.601  3797  4689 I VrApi   : OVR::Stats thread started
02-08 21:41:21.601  3797  4689 I XrRuntimeUtils: XrRuntimeUtils::BeginSession
02-08 21:41:21.601  3797  4689 I XrRuntimeSystem_Client: BeginSession
02-08 21:41:21.601  3797  4689 I OpenXR  : ------------ xrBeginSession [end] -----------
02-08 21:41:21.601  3371  4733 I [CT]    : MIXEDREALITY: MrFeatureStatus: Client status changed from Paused to Started.
02-08 21:41:21.601  3371  4733 I [CT]    : MIXEDREALITY: MrFeatureStatus: Target status Started, CurrentStatus: Started
02-08 21:41:21.602  3797  4689 I [SEO] VrPlatformOpenXr: VrPlatformOpenXr::SetPropInhibitHandleHomeKey inhibit:1
02-08 21:41:21.602  3797  4689 I OpenXR_DeviceSettings: ------------ xrSetDeviceSettingBooleanFB -----------
02-08 21:41:21.602  3797  4689 I ClientInputSettings: SetInhibitHandleHomeKey = true for com.oculus.vrshell
02-08 21:41:21.602  3797  4689 I ClientInputInterface: SetInhibitHandleHomeKey 1 for process com.oculus.vrshell 3797
02-08 21:41:21.602  3797  4689 I [SEO] VrPlatformOpenXr: VrPlatformOpenXr::SetPropInhibitHandleHomeKey result = 0
02-08 21:41:21.602  2024 20102 I CompositorVR: LatchWarpClients: Multiple Primary Clients detected. Skipping frames for 25
02-08 21:41:21.602  3371  3418 I [CT]    : MIXEDREALITY: OpenXrSupport: renderIteration: Display refresh rate changed, new value: 90.
02-08 21:41:21.602  3371  3418 I [CT]    : MIXEDREALITY: MrRuntimeImpl: onDisplayRefreshRateChanged: Display rate changed from 72 to 90.
02-08 21:41:21.602  3371  3418 I [CT]    : MIXEDREALITY: MrRuntimeImpl: Force telemetry to be sent now.
02-08 21:41:21.602  3371  3418 I [CT]    : MIXEDREALITY: MrRuntimeImpl: Reset telemetry such to start collecting data using the new refresh rate.
02-08 21:41:21.602  3371  3418 I [CT]    : MIXEDREALITY: MrRuntimeImpl: setSessionInitTime: Capability 0: timer set to 17596.966523127 ns, duration reset after 77.591366428 s.
02-08 21:41:21.602  3371  3418 I [CT]    : MIXEDREALITY: MrRuntimeImpl: setSessionInitTime: Capability 2: timer set to 17596.966544377 ns, duration reset after 77.591374866 s.
02-08 21:41:21.602  3797  4689 I [SEO] Compositor: EnterVrMode with eye buffer: 1440x1584 : 3
02-08 21:41:21.602  3797  4689 I [SEO] AudioMixer: Enabling AudioPlayer.
02-08 21:41:21.602  3797  4689 I [SEO] AudioEngine: virtual void AudioLibrary::AudioEngine::EnablePlayer()
02-08 21:41:21.602  3371  3418 I [CT]    : MIXEDREALITY: MrServiceView: renderIteration: Nothing to render, hibernating the rendering thread since ID is off and no active PT layers.
02-08 21:41:21.602  3371  3418 I [CT]    : MIXEDREALITY: MrServiceModel: Hibernating caller (most likely rendering thread) due to commandQueue being empty.
02-08 21:41:21.604  3797  4689 D         : PlayerBase::PlayerBase()
02-08 21:41:21.605  3797  4689 D         : TrackPlayerBase::TrackPlayerBase()
02-08 21:41:21.605  3797  4689 I libOpenSLES: Emulating old channel mask behavior (ignoring positional mask 0x3, using default mask 0x3 based on channel count of 2)
02-08 21:41:21.606  3835  3880 I [OAO] SwapChainApiOpenXr: Destroying SwapChain:0xc0f71520
02-08 21:41:21.606  3797 20904 D VrApi   : targetSDKVersion 29
02-08 21:41:21.607   745   827 I audio_hw_primary: getting vr mode to 0
02-08 21:41:21.607  2024  3869 I VrRuntimeService: DestroySwapChain: swapchain=496
02-08 21:41:21.607  3835  3880 I [OAO] DragDropController: OnBackground
02-08 21:41:21.607  3835  3880 I [OAO] DesktopPanelControllerAnalytics: DesktopPanelControllerAnalytics flushing telemetry
02-08 21:41:21.607  3835  3880 I [OAO] VrPlatformOpenXr: RequestEndSession state XR_SESSION_STATE_VISIBLE    focused:0
02-08 21:41:21.607  3835  3880 D [OAO] ShellApplication: setOverlayInputFocus: inputFocus=false shouldSupportIME=false
02-08 21:41:21.608  3835  3880 D [OAO] BaseOverlayService: setOverlayInputFocus : entrypoint - inputFocus=false shouldSupportIME=false
02-08 21:41:21.608  3835  3835 D VrNotificationAnalytics: logNotificationPosted: key(0|android|0|com.android.server.wm.AlertWindowNotification - com.oculus.vrshell|1000), type(third_party), isToast(false)
02-08 21:41:21.608  3835  3880 I OpenXR  : ------------ RequestExitSession [start] -----------
02-08 21:41:21.608  3835  3880 I OpenXR  : ------------ RequestExitSession [end] -----------
02-08 21:41:21.608  3797 20904 I JniUtils: ovr_GetCurrentPackageSignature 
02-08 21:41:21.608  3835  3880 I OpenXR  : PostSessionStateChange: XR_SESSION_STATE_VISIBLE -> XR_SESSION_STATE_SYNCHRONIZED
02-08 21:41:21.608  3835  3880 I [OAO] VrPlatformOpenXr: xrPollEvent: received XR_TYPE_EVENT_DATA_DISPLAY_REFRESH_RATE_CHANGED_FB event: fromRate 72.000000 -> toRate 90.000000
02-08 21:41:21.608  3835  3880 I OpenXR  : PostSessionStateChange: XR_SESSION_STATE_SYNCHRONIZED -> XR_SESSION_STATE_STOPPING
02-08 21:41:21.608  2024 20102 I CompositorVR: WarpToScreen: Skipping frames for 25
02-08 21:41:21.608   765   979 I AudioPolicyManagerCustom: VR mode is 0, switch to primary output if request is for fast|raw
02-08 21:41:21.610  3835  3880 I [OAO] VrPlatformOpenXr: xrPollEvent: received XR_TYPE_EVENT_DATA_SESSION_STATE_CHANGED: 3 for session 0x2 at time 17596.972763
02-08 21:41:21.610  3835  3880 I [OAO] VrPlatformOpenXr: Session state changed XR_SESSION_STATE_SYNCHRONIZED
02-08 21:41:21.610  3835  3880 I [OAO] VrPlatformOpenXr: xrPollEvent: received XR_TYPE_EVENT_DATA_SESSION_STATE_CHANGED: 6 for session 0x2 at time 17596.972823
02-08 21:41:21.610  3835  3880 I [OAO] VrPlatformOpenXr: Session state changed XR_SESSION_STATE_STOPPING
02-08 21:41:21.610  3835  3880 I [OAO] VrPlatformOpenXr: EndSession state XR_SESSION_STATE_STOPPING    focused:0
02-08 21:41:21.610  3835  3880 I [OAO] VrPlatformOpenXr: EndSession calling MrServiceClient EndSession
02-08 21:41:21.610  3797 20904 I Metrics : device name = Oculus Quest 2
02-08 21:41:21.610  3371  3910 I [CT]    : MIXEDREALITY: MrFeatureStatus: Client status changed from Started to Paused.
02-08 21:41:21.610  3371  3910 I [CT]    : MIXEDREALITY: MrFeatureStatus: Target status Started, CurrentStatus: Started
