--------- beginning of system
11-04 21:43:57.056  1043  1059 I ActivityTaskManager: START u0 {flg=0x10000000 cmp=com.YourCompany.TemplateProject3/com.epicgames.ue4.GameActivity} from uid 2000
11-04 21:43:57.080  1043  1071 I ActivityManager: Start proc 14519:com.YourCompany.TemplateProject3/u0a134 for activity {com.YourCompany.TemplateProject3/com.epicgames.ue4.GameActivity}
11-04 21:43:57.086  1043  1639 W ActivityManager: Package for pid 844: no process record found
11-04 21:43:57.645  1043  1064 W ActivityTaskManager: Activity top resumed state loss timeout for ActivityRecord{50e04de u0 com.YourCompany.TemplateProject3/com.epicgames.ue4.GameActivity t216}
11-04 21:43:57.645  1043  1064 W ActivityTaskManager: Activity pause timeout for ActivityRecord{50e04de u0 com.YourCompany.TemplateProject3/com.epicgames.ue4.GameActivity t216}
11-04 21:43:58.840  1043  1059 E WindowManager: App trying to use insecure INPUT_FEATURE_NO_INPUT_CHANNEL flag. Ignoring
11-04 21:44:00.205  1611 14592 W ContextImpl: Calling a method in the system process without a qualified user: android.app.ContextImpl.sendBroadcast:1057 android.content.ContextWrapper.sendBroadcast:448 X.o0.A00:133 X.nZ.A00:17 X.nZ.handleMessage:91 
11-04 21:44:00.618  1043  1638 W ActivityManager: Permission Denial: Accessing service com.oculus.vrshell/.ShellOverlayService from pid=14519, uid=10134 requires com.oculus.vrshell.OVERLAY_HOST
11-04 21:44:00.639  1043  1594 E TaskPersister: File error accessing recents directory (directory doesn't exist?).
--------- beginning of tracking
11-04 21:44:01.732   737   925 I SyncBossHAL: [info   ] syncboss_hal_powerstate.c(50): Reporting powerstate event: PROX_ON
11-04 21:44:01.733  1043  1291 I PowerManagerService: Waking up from Asleep (uid=1000, reason=WAKE_REASON_UNKNOWN, details=VrPwMng:leave-standby)...
11-04 21:44:01.733  1043  1043 W UsageStatsService: Event reported without a package name, eventType:15
11-04 21:44:01.734  1043  1079 I DisplayPowerController: Blocking screen on until initial contents have been drawn.
11-04 21:44:01.734  1043  1079 D ActivityTaskManager: Top Process State changed to PROCESS_STATE_TOP
11-04 21:44:01.738   844  1294 D SensorClientUtils: Cancelling delayed transition to SLEEP
11-04 21:44:01.738   847  1756 D SensorClientUtils: Cancelling delayed transition to SLEEP
11-04 21:44:01.740  1676  9200 D SensorClientUtils: Cancelling delayed transition to SLEEP
11-04 21:44:01.741   844  1294 D SensorClientUtils: Received transition request from SLEEP to RUNNING
11-04 21:44:01.741   847  1756 D SensorClientUtils: Received transition request from SLEEP to RUNNING
11-04 21:44:01.741   847  1756 D SensorClientUtils: Executing transition from STANDBY to RUNNING
11-04 21:44:01.742  1676  9200 D SensorClientUtils: Received transition request from SLEEP to RUNNING
11-04 21:44:01.742  1676  9200 D SensorClientUtils: Executing transition from STANDBY to RUNNING
11-04 21:44:01.742  1676  9200 D OVRRemoteService: [controller] STANDBY -> RUNNING
11-04 21:44:01.744   847  1037 I TrackingService: [ vision_manager] STANDBY -> RUNNING transition time: 0 ms
11-04 21:44:01.744   847  1037 I TrackingService: [            iad] STANDBY -> RUNNING transition time: 0 ms
11-04 21:44:01.744   847  1037 I TrackingService: [           bolt] STANDBY -> RUNNING transition time: 0 ms
11-04 21:44:01.748   737   737 I FrameSetDispatcher: [HEADSET] Client thread started
11-04 21:44:01.748   737   737 I CameraClientManager: [HEADSET] Added client - started clients: 1
11-04 21:44:01.750  1043  1060 E AppOps  : startOperation
11-04 21:44:01.750  1043  1060 E AppOps  : java.lang.SecurityException: Specified package MrSystemService under uid 1000 but it is really -1
11-04 21:44:01.750  1043  1060 E AppOps  : 	at com.android.server.appop.AppOpsService.verifyAndGetIsPrivileged(AppOpsService.java:2654)
11-04 21:44:01.750  1043  1060 E AppOps  : 	at com.android.server.appop.AppOpsService.startOperation(AppOpsService.java:2235)
11-04 21:44:01.750  1043  1060 E AppOps  : 	at android.app.AppOpsManager.startOpNoThrow(AppOpsManager.java:5469)
11-04 21:44:01.750  1043  1060 E AppOps  : 	at android.app.AppOpsManager.startOpNoThrow(AppOpsManager.java:5450)
11-04 21:44:01.750  1043  1060 E AppOps  : 	at com.android.server.power.Notifier.onWakeLockAcquired(Notifier.java:224)
11-04 21:44:01.750  1043  1060 E AppOps  : 	at com.android.server.power.PowerManagerService.notifyWakeLockAcquiredLocked(PowerManagerService.java:1277)
11-04 21:44:01.750  1043  1060 E AppOps  : 	at com.android.server.power.PowerManagerService.acquireWakeLockInternal(PowerManagerService.java:1112)
11-04 21:44:01.750  1043  1060 E AppOps  : 	at com.android.server.power.PowerManagerService.access$3900(PowerManagerService.java:118)
11-04 21:44:01.750  1043  1060 E AppOps  : 	at com.android.server.power.PowerManagerService$BinderService.acquireWakeLock(PowerManagerService.java:4346)
11-04 21:44:01.750  1043  1060 E AppOps  : 	at android.os.IPowerManager$Stub.onTransact(IPowerManager.java:349)
11-04 21:44:01.750  1043  1060 E AppOps  : 	at android.os.Binder.execTransactInternal(Binder.java:1021)
11-04 21:44:01.750  1043  1060 E AppOps  : 	at android.os.Binder.execTransact(Binder.java:994)
11-04 21:44:01.750   844  1294 D SensorClientUtils: Executing transition from SLEEP to STANDBY
11-04 21:44:01.750   844  1294 D SensorClientUtils: Executing transition from STANDBY to RUNNING
11-04 21:44:01.754  1043  1638 W ContextImpl: Calling a method in the system process without a qualified user: android.app.ContextImpl.sendBroadcast:1057 com.android.server.audio.AudioService.setMicrophoneMuteNoCallerCheck:2893 com.android.server.audio.AudioService.setMicrophoneMute:2879 android.media.IAudioService$Stub.onTransact:1112 android.os.Binder.execTransactInternal:1021 
11-04 21:44:01.791  1043  1064 I DisplayManagerService: Display device changed state: "Built-in Screen", ON
11-04 21:44:01.810  1043  1079 I DisplayPowerController: Unblocked screen on after 76 ms
11-04 21:44:01.947   737   737 I HollywoodCameraProvider: [HollywoodCameraProvider] Set cameras to 10 bpp (format 0x00000007)
11-04 21:44:01.951   737   920 I SyncBossHAL: [info   ] pulsar_manager.c(810): Setting controller LED config to period: 40000us, on-time: 34us, delay: -9us
11-04 21:44:01.994   847  1202 D TrackingService: getSharedMemory: com.YourCompany.TemplateProject3#14519, HeadTracker
11-04 21:44:02.004   847  1037 I TrackingService: [            iot] STANDBY -> RUNNING transition time: 259 ms
11-04 21:44:02.006   737   737 I FrameSetDispatcher: [CONTROLLER] Client thread started
11-04 21:44:02.006   737   737 I CameraClientManager: [CONTROLLER] Added client - started clients: 1
11-04 21:44:02.007   847  1037 I TrackingService: ConstellationTrackingGlue: setEnableExtendedDeadreckoning to false
11-04 21:44:02.007   847  1037 I TrackingService: [  constellation] STANDBY -> RUNNING transition time: 2 ms
11-04 21:44:02.007   847  1037 I TrackingService: [selftracked_client] STANDBY -> RUNNING transition time: 0 ms
11-04 21:44:02.007   847  1037 I TrackingService: [           hand] STANDBY -> RUNNING transition time: 0 ms
11-04 21:44:02.009   737   737 I FrameSetDispatcher: [HEADSET] Client thread started
11-04 21:44:02.009   737   737 I CameraClientManager: [HEADSET] Added client - started clients: 2
11-04 21:44:02.009   847  1037 I TrackingService: [         object] STANDBY -> RUNNING transition time: 1 ms
11-04 21:44:02.009   847  1037 I TrackingService: [     controller] STANDBY -> RUNNING transition time: 0 ms
11-04 21:44:02.017   847  1037 I TrackingService: Setting initial exposure: 0.005000, initial gain: 3.000000
11-04 21:44:02.019   737   987 I FrameSetDispatcher: [HEADSET] Client thread started
11-04 21:44:02.019   737   987 I CameraClientManager: [HEADSET] Added client - started clients: 3
11-04 21:44:02.019   847  1037 I TrackingService: [ExposureControl] STANDBY -> RUNNING transition time: 10 ms
11-04 21:44:02.019   847  1756 D TrackingService: setPowerState: RUNNING
11-04 21:44:02.088   737 14651 W libsensorscommon: frameset capture timestamp out of spec by -2862680.00 ms. FrameType=CONTROLLER, observed=2862720000000 expected=40000000. FrameSyncPeriod is: 40.00 ms
11-04 21:44:02.099  1043  1079 W PowerManagerService: Screen on took 367 ms
11-04 21:44:02.184  1611 14638 W ContextImpl: Calling a method in the system process without a qualified user: android.app.ContextImpl.sendBroadcast:1057 android.content.ContextWrapper.sendBroadcast:448 X.o0.A00:133 X.nZ.A00:17 X.nZ.handleMessage:91 
11-04 21:44:02.264   847  1756 D TrackingService: getSharedMemory: com.YourCompany.TemplateProject3, Controller
--------- beginning of main
11-04 21:44:02.267   851   964 D VrApiService: refresh-rate changed to 90Hz
11-04 21:44:02.267  1949  3087 I chatty  : uid=10025(com.oculus.systemdriver) OVR::Clocks expire 10 lines
11-04 21:44:02.274  3160  3216 I StateMachine: StateMachine::Update TrackingLost: lost -> Lost
11-04 21:44:02.274  3160  3216 I StateMachine: StateMachine::Update ForceShow: stopForceShow -> ForceShowOff
11-04 21:44:02.274  3160  3216 I GuardianControllerCollisionTracker: Guardian Controller Collision: Magnitude: 10.721, Duration: -1.000 sec, TimeStamp: 8522.524414 sec
11-04 21:44:02.274  3160  3216 I [CT]    : GuardianMapDataMgr: CheckRelocalizationStatus: Relocalization started
11-04 21:44:02.274  3160  3216 I GuardianSystem: Environment Status changed: 98 to 33
11-04 21:44:02.274  1949  3214 I chatty  : uid=10025(com.oculus.systemdriver) Thread-22 expire 2 lines
11-04 21:44:02.275  3160  3216 I GuardianSystem: UpdateGuardianSystemState: Flags changed: 0, 544768, NONE to SYSTEM_RELOCALIZING,SYSTEM_TRACKING_LOST,SYSTEM_GUARDIAN_VALID
11-04 21:44:02.276   739   954 I SDM     : HWCDisplayBuiltIn::Validate: Validate +++ enable cac = 0
11-04 21:44:02.282  1702  1702 D OculusNotificationListenerService: Notification posted: 0|com.oculus.horizon|135234|null|10032
11-04 21:44:02.303  2310  2310 D VrNotificationAnalytics: logNotificationPosted: key(0|com.oculus.horizon|135234|null|10032), type(first_party_unspecified), isToast(false)
11-04 21:44:02.306  2310  2310 I [OAO] VrNotificationListenerService: onNotificationPosted() - key = 0|com.oculus.horizon|135234|null|10032, type = first_party_unspecified, isToast = false, isBlocked with reason = true Blocked by does not contain all markers for a toast notification
11-04 21:44:02.307  2310  2310 D [OAO] VrBroadcastReceiver: action: com.oculus.vrshell.intent.action.NOTIFICATION_WAKE
11-04 21:44:02.308  2162  2162 E OVRMediaServiceManager: LivestreamingManager Not initialized
11-04 21:44:02.310  2310  2310 D [OAO] VrNotificationService: VrNotificationService onStartCommand() Intent { cmp=com.oculus.vrshell/.VrNotificationService }
11-04 21:44:02.311  2162  2162 W VRLifecycleManager: onHeadsetMounted
11-04 21:44:02.312  2162  2162 I PlatformPluginManager: setHeadsetMountState: true
11-04 21:44:02.312  2162  2162 I PlatformPluginManager: setHeadsetMountState forcing isDocked=true
11-04 21:44:02.312  2162  2162 I PlatformPluginManager: Empty clients, initing
11-04 21:44:02.312  2162  2162 D PlatformPlugin: [PlatformPluginManager] Acquiring lock: nativeInit
11-04 21:44:02.312  2162  2162 D PlatformPlugin: [PlatformPluginManager] Successfully acquired lock: nativeInit
11-04 21:44:02.312  2162  2162 I PlatformPlugin: [PlatformPluginManager] Init
11-04 21:44:02.314   737 14619 E FrameSetDispatcher: [HEADSET] Client pid=847 (847): Failed to read from receive FMQ for 1 packets in 5000ms.
11-04 21:44:02.314   737 14619 E FrameSetDispatcher: This probably means this client is taking more than 33 ms to process the frame.
11-04 21:44:02.314   737 14619 E FrameSetDispatcher: Retrying.
11-04 21:44:02.315  5562  5562 W VRLifecycleManager: onHeadsetMounted
11-04 21:44:02.316  2162  2162 I OVRPlatform: [Context] ConfigOption DisableFbns =>  1
11-04 21:44:02.316  2162  2162 I OVRPlatform: [Context] Didn't find config(DisableP2pNetworking), returning default(0)
11-04 21:44:02.317  3160  3216 D VrGuardianService: getSupportedVrFeatures for com.YourCompany.TemplateProject3
11-04 21:44:02.317  2162  2162 I OVRPlatform: [AndroidPlatformIntegration] SetThreadCPUAffinity thread 0, cpu mask 0x0000007f
11-04 21:44:02.319  2162 14701 I libjingle: [8521:913] [14701] (RenderFrameCapturerImpl.cpp:351): InitializeAndroid
11-04 21:44:02.320  2162 14701 D JVM     : JVM::Initialize@[tid=14701]
11-04 21:44:02.320  2162 14701 D JVM     : JVM::JVM@[tid=14701]
11-04 21:44:02.320  2162 14701 I org.webrtc.Logging: MediaCodecVideoEncoder: Found target encoder for mime video/x-vnd.on2.vp8 : OMX.qcom.video.encoder.vp8. Color: 0x15
11-04 21:44:02.320  2162 14701 I MediaCodecVideoEncoder: [8521:914] [14701] MediaCodecVideoEncoder: VP8 HW Encoder supported.
11-04 21:44:02.321  2162 14701 I org.webrtc.Logging: MediaCodecVideoEncoder: Found target encoder for mime video/avc : OMX.qcom.video.encoder.avc. Color: 0x15
11-04 21:44:02.322  2162 14701 I MediaCodecVideoEncoder: [8521:915] [14701] MediaCodecVideoEncoder: H.264 HW Encoder supported.
11-04 21:44:02.322  2569  2714 W PublicLibraryProvider: Cannot find entitlement for com.YourCompany.TemplateProject3
11-04 21:44:02.323  2162  2162 W OVR     : OVRPlatform is in limited mode. Some features won't work. You likely want to init with an Activity.
11-04 21:44:02.323  2162  2162 I OVR     : Initialized OVRPlatform with returnComponent (null)
11-04 21:44:02.324  3160  3216 I GuardianSystem: UpdateGuardianSystemState: Flags2 changed: 33, 32, SYSTEM_2_DIRECTIONAL_PASSTHROUGH_ENABLED,SYSTEM_2_SHOULD_PUSH_BLACK to SYSTEM_2_SHOULD_PUSH_BLACK
11-04 21:44:02.326   723   723 I audio_hw_primary: getting vr mode to 0
11-04 21:44:02.327   745  9373 I AudioPolicyManagerCustom: VR mode is 0, switch to primary output if request is for fast|raw
11-04 21:44:02.328  2162 14700 W ProfileContentProvider: [doQuery] uri: content://com.oculus.horizon/profile?app_id=826037204154824
11-04 21:44:02.328  2162 14700 W ProfileContentProvider: [doQuery] appId: 826037204154824, callingPackage: com.oculus.horizon
11-04 21:44:02.328   745  9373 W AudioFlinger: createTrack_l(): mismatch between requested flags (00000104) and output flags (00000006)
11-04 21:44:02.328   745  9373 D AudioFlinger: Client defaulted notificationFrames to 882 for frameCount 1772
11-04 21:44:02.329  2162 14700 W ProfileContentProvider: [doQuery] isLoggedIn: true, isFirstPartyOrSystem: true
11-04 21:44:02.329  2162 14700 W ProfileContentProvider: [doQuery] app: null
11-04 21:44:02.329   745  9373 D AF::TrackHandle: OpPlayAudio: track:131 uid:10134 pkg:com.YourCompany.TemplateProject3 usage:1 not muted
11-04 21:44:02.330  2162 14700 W ProfileContentProvider: [doQuery] accessFeatureKeys: all features
11-04 21:44:02.330  2162 14700 W ProfileContentProvider: [doQuery] callingAppHasSystemPlatformSDKPermission: false
11-04 21:44:02.331  2162 14700 W ProfileContentProvider: [doQuery] verifyProductionFirstPartyApplication: true
11-04 21:44:02.332  2162 14700 W ProfileContentProvider: [doQuery] verifyDebugFirstPartyApplication: false
11-04 21:44:02.332  2162 14700 W ProfileContentProvider: [doQuery] isTrustedUser: false, verifyDebugFirstPartyApplication w/ isTrustedUser: false
11-04 21:44:02.332  2162 14700 W ProfileContentProvider: [doQuery] isDebugOS: false
11-04 21:44:02.332  2162 14700 W ProfileContentProvider: [doQuery] accessFeatureKeys contains USER_ID
11-04 21:44:02.332  2162 14701 I MediaCodecVideoEncoder: [8521:926] [14701] MediaCodecVideoEncoder: MediaCodecVideoEncoderFactory::SetEGLContext
11-04 21:44:02.332  2162 14700 W ProfileContentProvider: [doQuery] sWhitelistedAppPackageNameToId has com.oculus.horizon: true
11-04 21:44:02.332  2162 14701 I MediaCodecVideoDecoder: [8521:926] [14701] MediaCodecVideoDecoder: MediaCodecVideoDecoderFactory ctor
11-04 21:44:02.332  2162 14701 I org.webrtc.Logging: MediaCodecVideoDecoder: Trying to find HW decoder for mime video/x-vnd.on2.vp8
11-04 21:44:02.332  2162 14701 I org.webrtc.Logging: MediaCodecVideoDecoder: Found candidate decoder OMX.qcom.video.decoder.vp8
11-04 21:44:02.332  2162 14700 W ProfileContentProvider: [doQuery] userId lookup succeeded: true
11-04 21:44:02.333  2162 14701 I org.webrtc.Logging: MediaCodecVideoDecoder: Found target decoder OMX.qcom.video.decoder.vp8. Color: 0x13
11-04 21:44:02.334  2162 14701 I MediaCodecVideoDecoder: [8521:927] [14701] MediaCodecVideoDecoder: VP8 HW Decoder supported.
11-04 21:44:02.334  2162 14701 I org.webrtc.Logging: MediaCodecVideoDecoder: Trying to find HW decoder for mime video/x-vnd.on2.vp9
11-04 21:44:02.334  2162 14701 I org.webrtc.Logging: MediaCodecVideoDecoder: Found candidate decoder OMX.qcom.video.decoder.vp9
11-04 21:44:02.334  2162 14701 I org.webrtc.Logging: MediaCodecVideoDecoder: Found target decoder OMX.qcom.video.decoder.vp9. Color: 0x13
11-04 21:44:02.335  2162 14701 I MediaCodecVideoDecoder: [8521:928] [14701] MediaCodecVideoDecoder: VP9 HW Decoder supported.
11-04 21:44:02.335  2162 14701 I org.webrtc.Logging: MediaCodecVideoDecoder: Trying to find HW decoder for mime video/avc
11-04 21:44:02.335  2162 14701 I org.webrtc.Logging: MediaCodecVideoDecoder: Found candidate decoder OMX.qcom.video.decoder.avc
11-04 21:44:02.335  2162 14701 I org.webrtc.Logging: MediaCodecVideoDecoder: Found target decoder OMX.qcom.video.decoder.avc. Color: 0x13
11-04 21:44:02.335  2162 14701 I MediaCodecVideoDecoder: [8521:929] [14701] MediaCodecVideoDecoder: H264 HW Decoder supported.
11-04 21:44:02.343 14519 14703 I chatty  : uid=10134(com.YourCompany.TemplateProject3) expire 1 line
11-04 21:44:02.346  1474  1474 V AvrcpMediaPlayerList: onPlaybackConfigChanged(): Configs list size=5
11-04 21:44:02.351  2162 14700 W ProfileContentProvider: [doQuery] normal return
11-04 21:44:02.352  2162  2162 I OVRPlatform: [RequestStopwatch] AndroidPlatformIntegration-Constructor took 35.2130 milliseconds
11-04 21:44:02.355 14519 14702 I chatty  : uid=10134(com.YourCompany.TemplateProject3) expire 1 line
11-04 21:44:02.355  2310  3131 I [OAO] OsDialogProvider: dialogHostClient.InitClient SUCCESS
11-04 21:44:02.355  2310  3131 I [OAO] OverlaySystemUxOsDialogFlow: OverlaySystemUxOsDialogFlow UpdatePrimaryPackage isVrShellPackage:0 isSystemPackage:0
11-04 21:44:02.355  2310  3131 I [OAO] OverlayGuardianPtodFlow: OverlayGuardianPtodFlow UpdatePrimaryPackage lastNonSystemPackage:com.YourCompany.TemplateProject3 isVrShellPackage0
11-04 21:44:02.355  2310  3131 I [OAO] OverlayGuardianFlow: OverlayGuardianFlow UpdatePrimaryPackage lastNonSystemPackage:com.YourCompany.TemplateProject3 isVrShellPackage0
11-04 21:44:02.356  1765  1792 I RuntimeIPCServerMgr: GetServerStatesConfig -> {MaxBufferSize=32768, MaxEntries=64}
11-04 21:44:02.356  2310  3131 I RuntimeIPCClient: GetServerStatesConfig returned maxEntries=64, maxBuffSize=32768
11-04 21:44:02.356  2310  3131 I RuntimeIPCClient: InitServerStateBuffer: SUCCESS. 1, Client: com.oculus.vrshell:com.oculus.vrshell:Overlay:2310, Server: com.oculus.os.dialoghost:com.oculus.os.dialoghost (DialogHostService)
11-04 21:44:02.356  2310  3131 I [OAO] GuardianController: GetShellGuardianState: Requesting holding until passthrough is up
11-04 21:44:02.356  2310  3131 I [OAO] GuardianController: GetShellGuardianState: Requesting holding until passthrough is up
11-04 21:44:02.356  2310  3131 I [OAO] FlowController: UpdateActiveFlow from OverlaySystemUXTransitionFlow to OverlayGuardianFlow
11-04 21:44:02.356  2310  3131 I [OAO] OverlaySystemUXTransitionFlow: Deactivated
11-04 21:44:02.356  2310  3131 I [OAO] OverlayGuardianFlow: OverlayGuardianFlow Activate
11-04 21:44:02.356  2310  3131 I [OAO] GuardianController: GetShellGuardianState: Requesting holding until passthrough is up
11-04 21:44:02.356  2310  3131 I [OAO] OverlayGuardianFlow: OverlayGuardianFlow::ParseShellUri IsRequestingActivation() = 1
11-04 21:44:02.356  2310  3131 I [OAO] GuardianController: GetShellGuardianState: Requesting holding until passthrough is up
11-04 21:44:02.356  2310  3131 I [OAO] OverlayGuardianFlow: OverlayGuardianFlow::ParseShellUri shellGuardianState = 4
11-04 21:44:02.356  2310  3131 I [OAO] GuardianController: SETUP STATE1 ACTIVE: GUARDIAN_SYSTEM_RELOCALIZING
11-04 21:44:02.356  2310  3131 I [OAO] GuardianController: SETUP STATE1 ACTIVE: GUARDIAN_SYSTEM_TRACKING_LOST
11-04 21:44:02.356  2310  3131 I [OAO] GuardianController: SETUP STATE1 ACTIVE: GUARDIAN_SYSTEM_GUARDIAN_VALID
11-04 21:44:02.356  2310  3131 I [OAO] GuardianController: SETUP STATE2 ACTIVE: GUARDIAN_SYSTEM_2_SHOULD_PUSH_BLACK
11-04 21:44:02.356  2310  3131 I [OAO] InputManager: Should render Hands system gestures icons: no
11-04 21:44:02.356  2310  3131 I [OAO] DialogControllerManager: Reset resetReason:2
11-04 21:44:02.356  2310  3131 I [OAO] SystemDialogController: Reset
11-04 21:44:02.357  2310  3131 I [OAO] VrPlatformOpenXr: xrPollEvent: received XR_TYPE_EVENT_DATA_DISPLAY_REFRESH_RATE_CHANGED_FB event: fromRate 72.000000 -> toRate 90.000000
11-04 21:44:02.357  2310  3131 I [OAO] ShellOverlayApp: ResolveInteractionState: change from None to InputFocus
11-04 21:44:02.357  2310  3131 D [OAO] ShellApplication: setOverlayInputFocus: inputFocus=true shouldSupportIME=false
11-04 21:44:02.357  2310  3131 D [OAO] BaseOverlayService: setOverlayInputFocus : entrypoint - inputFocus=true shouldSupportIME=false
11-04 21:44:02.357  2310  3131 I [OAO] SystemAssistant: OnModeChanged from ImmersiveAppFocused to Paused
11-04 21:44:02.357  2310  3131 I [OAO] ShellOverlayApp: EnterVrMode
11-04 21:44:02.357  2310  3131 D [OAO] ShellApplication: setOverlayInputFocus: inputFocus=true shouldSupportIME=false
11-04 21:44:02.357  2310  3131 D [OAO] BaseOverlayService: setOverlayInputFocus : entrypoint - inputFocus=true shouldSupportIME=false
11-04 21:44:02.357  2310  3131 I [OAO] SystemAssistant: OnModeChanged requested with no change Paused
11-04 21:44:02.357  2310  3131 I [OAO] VrPlatformOpenXr: Setting clock levels to cpu=2, gpu=4
11-04 21:44:02.357  2310  3131 I [OAO] VrPlatformOpenXr: Setting perf thread tids to main=3131, render=unset
11-04 21:44:02.357  2310  3131 I OpenXR  : ------------ xrBeginSession [start] -----------
11-04 21:44:02.357  2310  3131 I VrRuntimeClient: Tracing is disabled
11-04 21:44:02.357  2310  3131 I VrRuntimeClient: SysProp debug mode is disabled on Client side
11-04 21:44:02.357  2310  2310 D [OAO] BaseOverlayService: attachServiceWindowView shouldSupportIME:false
11-04 21:44:02.359  2310  3131 D VrApi   : targetSDKVersion 29
11-04 21:44:02.361  2162  2162 I OVRPlatform: [AndroidPlatformIntegration] OS supports Oculus mic sharing, using native APIs for ovr_Microphone
11-04 21:44:02.361  2162  2162 I OboeAudio: openStream() INPUT -------- OboeVersion1.5.1 --------
11-04 21:44:02.361  2162  2162 I AAudio  : AAudioStreamBuilder_openStream() called ----------------------------------------
11-04 21:44:02.361  2162  2162 I AudioStreamBuilder: rate   =  48000, channels  = 1, format   = 1, sharing = SH, dir = INPUT
11-04 21:44:02.361  2162  2162 I AudioStreamBuilder: device =      0, sessionId = -1, perfMode = 10, callback: OFF with frames = 0
11-04 21:44:02.361  2162  2162 I AudioStreamBuilder: usage  =      1, contentType = 2, inputPreset = 1, allowedCapturePolicy = 0
11-04 21:44:02.361  2162  2162 D AudioStreamBuilder: build() MMAP not available because AAUDIO_PERFORMANCE_MODE_LOW_LATENCY not used.
11-04 21:44:02.361  2162  2162 D         : PlayerBase::PlayerBase()
11-04 21:44:02.362  1043  1668 E WindowManager: App trying to use insecure INPUT_FEATURE_NO_INPUT_CHANNEL flag. Ignoring
11-04 21:44:02.363  2310  3131 I VrRuntimeClient: DEVICE MODEL NUMBER = Quest 2
11-04 21:44:02.363  2310  3131 I VrRuntimeClient: DEVICE BUILD NAME = user-47421700667400000
11-04 21:44:02.363  2310  3131 I VrRuntimeClient: DEVICE BUILD TYPE = user
11-04 21:44:02.363  2310  3131 I VrRuntimeClient: DEVICE OS VERSION = 10
11-04 21:44:02.363  2310  3131 I VrRuntimeClient: API LOADER VERSION = 1.0.22
11-04 21:44:02.363  2310  3131 I VrRuntimeClient: RUNTIME API VERSION = 1.0.24
11-04 21:44:02.363  2310  3131 I VrRuntimeClient: RUNTIME VERSION = 46.0.0.226.0 Sep  6 2022 02:18:30 RELEASE
11-04 21:44:02.363  2310  3131 I VrRuntimeClient: APP NAME = Oculus App Runtime
11-04 21:44:02.363  2310  3131 I VrRuntimeClient: APP VERSION = 46.0.0.226.0 versionCode 406523266 internalVersionName 46.0.0.226.0.5b7f9b66a2a2 2022_10_06_18_22
11-04 21:44:02.363  2310  3131 I VrRuntimeClient: APP VR TYPE = vr_only
11-04 21:44:02.363  2310  3131 I VrRuntimeClient: APP MODE TYPE = VR
11-04 21:44:02.363  2310  3131 I VrRuntimeClient: APP PACKAGE NAME = com.oculus.vrshell
11-04 21:44:02.363  2310  3131 I VrRuntimeClient: APP ACTIVITY CLASS = com.oculus.vrshell.ShellOverlayService
11-04 21:44:02.363  2310  3131 I Sensor  : OSSDKTRACKING Initializing head tracking
11-04 21:44:02.363  2310  3131 I Sensor  : OSSDKTRACKING Head tracker != nullpointer 0xc2657368, 1
11-04 21:44:02.363  2310  3131 I Sensor  : OSSDKTRACKING Initializing controller tracking
11-04 21:44:02.364  2310  3131 I Sensor  : OSSDKTRACKING Controller tracker != nullpointer 0xc26575f0, 1
11-04 21:44:02.364  2310  3131 D BatteryReceiver: Registering battery receiver
11-04 21:44:02.367  2310  3131 D HeadsetReceiver: getCurrentHeadsetState: false
11-04 21:44:02.367  2310  3131 I DeviceStatus: nativeHeadsetEvent(0)
11-04 21:44:02.368   723   723 I audio_hw_primary: adev_open_input_stream: enter: sample_rate(48000) channel_mask(0x10) devices(0x80000004)        stream_handle(0xeb27b000) io_handle(158) source(1) format 5
11-04 21:44:02.368   723   723 I audio_hw_primary: adev_open_input_stream: enter: sample_rate(48000) channel_mask(0x10) devices(0x80000004)        stream_handle(0xeb27b000) io_handle(158) source(1) format 1
11-04 21:44:02.368   723   723 I audio_hw_primary: adev_open_input_stream: exit
11-04 21:44:02.368  2310  2310 D [OAO] BaseOverlayService: setOverlayInputFocus : completed - inputFocus=true shouldSupportIME=false actionTaken:true
11-04 21:44:02.368  2310  2310 D [OAO] BaseOverlayService: attachServiceWindowView shouldSupportIME:false
11-04 21:44:02.368  2310  2310 D [OAO] BaseOverlayService: setOverlayInputFocus : completed - inputFocus=true shouldSupportIME=false actionTaken:false
11-04 21:44:02.370   745 14707 I AudioFlinger: AudioFlinger's thread 0x7781849340 tid=14707 ready to run
11-04 21:44:02.370   723   723 D audio_hw_primary: in_standby: enter: stream (0xeb27b000) usecase(22: audio-record)
11-04 21:44:02.371   723   723 D audio_hw_primary: in_standby: enter: stream (0xeb27b000) usecase(22: audio-record)
11-04 21:44:02.372   847  1202 W TrackingService: attachClient: found client in attached list
11-04 21:44:02.372   847  1202 D TrackingService: getSharedMemory: com.oculus.systemdriver#1949, Controller
11-04 21:44:02.373   723   926 D msm8974_platform: platform_split_snd_device: snd_device(2) num devices(1) new_snd_devices(0)
11-04 21:44:02.373   723   926 D ACDB-LOADER: ACDB -> send_audvoltable
11-04 21:44:02.373   723   926 D ACDB-LOADER: ACDB -> ACDB_CMD_GET_AUDPROC_INSTANCE_GAIN_DEP_STEP_TABLE_SIZE
11-04 21:44:02.373   723   926 D         : Failed to fetch the lookup information of the device 0000000F 
11-04 21:44:02.373   723   926 D ACDB-LOADER: Error: ACDB_CMD_GET_AUDPROC_INSTANCE_GAIN_DEP_STEP_TABLE_SIZE Returned = -19
11-04 21:44:02.374   723   926 D ACDB-LOADER: ACDB -> ACDB_CMD_GET_AUDPROC_INSTANCE_GAIN_DEP_STEP_TABLE, vol index 1
11-04 21:44:02.374   723   926 D         : Failed to fetch the lookup information of the device 0000000F 
11-04 21:44:02.374   723   926 D ACDB-LOADER: Error: ACDB AudProc vol returned = -19
11-04 21:44:02.374   723   926 D ACDB-LOADER: ACDB -> AUDIO_SET_VOL_CAL cal type = 40
11-04 21:44:02.377   723   926 D msm8974_platform: platform_split_snd_device: snd_device(2) num devices(1) new_snd_devices(0)
11-04 21:44:02.377   723   926 D ACDB-LOADER: ACDB -> send_audvoltable
11-04 21:44:02.377   723   926 D ACDB-LOADER: ACDB -> ACDB_CMD_GET_AUDPROC_INSTANCE_GAIN_DEP_STEP_TABLE_SIZE
11-04 21:44:02.378   723   926 D         : Failed to fetch the lookup information of the device 0000000F 
11-04 21:44:02.378   723   926 D ACDB-LOADER: Error: ACDB_CMD_GET_AUDPROC_INSTANCE_GAIN_DEP_STEP_TABLE_SIZE Returned = -19
11-04 21:44:02.378   723   926 D ACDB-LOADER: ACDB -> ACDB_CMD_GET_AUDPROC_INSTANCE_GAIN_DEP_STEP_TABLE, vol index 7
11-04 21:44:02.378   723   926 D         : Failed to fetch the lookup information of the device 0000000F 
11-04 21:44:02.378   723   926 D ACDB-LOADER: Error: ACDB AudProc vol returned = -19
11-04 21:44:02.378   723   926 D ACDB-LOADER: ACDB -> AUDIO_SET_VOL_CAL cal type = 40
11-04 21:44:02.379  2310  3131 I VrRuntimeClient: SetCompositorClientFeatureFlag ClientFeatureFlag 0 
11-04 21:44:02.379  2310  3131 I LogTimer: CPUTIME: VrRuntimeClient_BeginSession took 22.3215 ms
11-04 21:44:02.381   847  1202 W TrackingService: attachClient: found client in attached list
11-04 21:44:02.381  2310  3131 I ClientInputInterface: DEADRECKONING SetControllerTrackingExtendedDeadreckoning 0
11-04 21:44:02.381  2310  3131 I ClientInputSettings: HANDTRACKING package name is com.oculus.vrshell
11-04 21:44:02.382   723   926 W EffectHAL: Effect 0xeb45c900 command SET_CONFIG returned status: Invalid argument
11-04 21:44:02.383   847  1202 D TrackingService: getSharedMemory: com.oculus.guardian#3160, Controller
11-04 21:44:02.391  2310  3131 I ClientInputSettings: HANDTRACKING: Manifest Permission request for com.oculus.vrshell
11-04 21:44:02.391  2310  3131 I ClientInputSettings: HANDTRACKING:  'com.oculus.vrshell' Is hands or controller.
11-04 21:44:02.392  2310  3131 I ClientInputSettings: HANDTRACKING: feature flag set to 2
11-04 21:44:02.392  2310  3131 I ClientInputInterface: HANDTRACKING sethandmanifest 2
11-04 21:44:02.392   723   926 W EffectHAL: Effect 0xeb45c900 command SET_CONFIG returned status: Invalid argument
11-04 21:44:02.392  2310  3131 D InputHooksJava: Enabling Java Input Hooks
11-04 21:44:02.392  2310  3131 W InputHooksJava: Unable to enable input hooks on a non-Activity Context
11-04 21:44:02.392  2310  3131 I InputDeviceManager: ovrInputDeviceManager::Initialize
11-04 21:44:02.393   847  1202 W TrackingService: attachClient: found client in attached list
11-04 21:44:02.395   723   926 W EffectHAL: Effect 0xeb45c960 command SET_CONFIG returned status: Invalid argument
11-04 21:44:02.395 14519 14710 I chatty  : uid=10134(com.YourCompany.TemplateProject3) expire 1 line
11-04 21:44:02.397   745   979 D AF::RecordHandle: OpRecordAudio: track:132 uid:10032 pkg:com.oculus.horizon usage:0 not muted
11-04 21:44:02.397  2310  2310 D KeyboardInputMethodService: onFinishInput
11-04 21:44:02.398   847  1202 D TrackingService: getSharedMemory: com.oculus.vrshell#2310, HeadTracker
11-04 21:44:02.400  2162  2162 I AAudio  : AAudioStreamBuilder_openStream() returns 0 = AAUDIO_OK for s#6 ----------------
11-04 21:44:02.405  2162  2162 I libjingle: [8521:999] [2162] (WebRtcPeerConnectionFactory.cpp:119): WebRtcPeerConnectionFactory::WebRtcPeerConnectionFactory
11-04 21:44:02.406  2310  3131 I Distortion: Initializing Mesh Decenter Correction
11-04 21:44:02.406   847  1202 W TrackingService: attachClient: found client in attached list
11-04 21:44:02.408  2162 14714 I libjingle: [8522:001] [14714] (WebRtcPeerConnectionFactory.cpp:100): SetThreadCPUAffinity thread 0, cpu mask 127
11-04 21:44:02.408  2162 14715 I libjingle: [8522:002] [14715] (WebRtcPeerConnectionFactory.cpp:100): SetThreadCPUAffinity thread 0, cpu mask 127
11-04 21:44:02.409  2162  2162 I libjingle: [8522:003] [2162] (WebRtcPeerConnectionFactory.cpp:164): WebRtcPeerConnectionFactory::WebRtcPeerConnectionFactory enc 0x6fbb292330 dec 0x6fce49fe40
11-04 21:44:02.409  2162 14715 D JVM     : AttachCurrentThreadIfNeeded::ctor@[tid=14715]
11-04 21:44:02.409  2162 14715 D JVM     : Attaching thread to JVM
11-04 21:44:02.409  2162 14715 D JVM     : JVM::environment@[tid=14715]
11-04 21:44:02.409  2162 14715 D JVM     : JNIEnvironment::ctor@[tid=14715]
11-04 21:44:02.409  2162 14715 D AudioManager: ctor@[tid=14715]
11-04 21:44:02.409  2162 14715 D JVM     : JNIEnvironment::RegisterNatives(org/webrtc/voiceengine/WebRtcAudioManager)
11-04 21:44:02.409  2162 14715 D JVM     : NativeRegistration::ctor@[tid=14715]
11-04 21:44:02.409  2162 14715 D JVM     : NativeRegistration::NewObject@[tid=14715]
11-04 21:44:02.410  2162 14715 I org.webrtc.Logging: WebRtcAudioManager: ctor@[name=Thread-61, id=918]
11-04 21:44:02.410  2162 14715 I org.webrtc.Logging: WebRtcAudioManager: Sample rate is set to 48000 Hz
11-04 21:44:02.411  2162 14715 D AudioManager: OnCacheAudioParameters@[tid=14715]
11-04 21:44:02.411  2162 14715 D AudioManager: hardware_aec: 1
11-04 21:44:02.411  2162 14715 D AudioManager: hardware_agc: 0
11-04 21:44:02.411  2162 14715 D AudioManager: hardware_ns: 1
11-04 21:44:02.411  2162 14715 D AudioManager: low_latency_output: 1
11-04 21:44:02.411  2162 14715 D AudioManager: sample_rate: 48000
11-04 21:44:02.411  2162 14715 D AudioManager: channels: 1
11-04 21:44:02.411  2162 14715 D AudioManager: output_buffer_size: 192
11-04 21:44:02.411  2162 14715 D AudioManager: input_buffer_size: 1920
11-04 21:44:02.411  2162 14715 D JVM     : GlobalRef::ctor@[tid=14715]
11-04 21:44:02.412   847  1202 D TrackingService: getSharedMemory: com.oculus.vrshell, Controller
11-04 21:44:02.412  2310 14709 I InputDevice_TrackedRemote: REMOTE: Hand=1 IndexAnalog=0.00 GripAnalog=0.00 Buttons=0x00000000
11-04 21:44:02.412  2310 14709 I InputDevice_TrackedRemote: REMOTE: Hand=2 IndexAnalog=0.00 GripAnalog=0.00 Buttons=0x00000000
11-04 21:44:02.412  2310 14709 I InputDeviceManager: HANDTRACKING Pointer filter profile changed to: 0
11-04 21:44:02.412  2310 14709 I InputDeviceManager: HANDTRACKING Pointer filter profile changed to: 0
11-04 21:44:02.412  2310 14709 I InputDeviceManager: HANDTRACKING Root pose filter profile changed for (version, freq) to (2, 1) from (1,2)
11-04 21:44:02.414  2162 14715 D AudioManager: JavaAudioManager::ctor@[tid=14715]
11-04 21:44:02.414  2162 14715 D JVM     : AttachCurrentThreadIfNeeded::ctor@[tid=14715]
11-04 21:44:02.414  2162 14715 D JVM     : JVM::environment@[tid=14715]
11-04 21:44:02.414  2162 14715 D JVM     : JNIEnvironment::ctor@[tid=14715]
11-04 21:44:02.414  2162 14715 D AudioTrackJni: ctor@[tid=14715]
11-04 21:44:02.414  2162 14715 D JVM     : JNIEnvironment::RegisterNatives(org/webrtc/voiceengine/WebRtcAudioTrack)
11-04 21:44:02.414  2162 14715 D JVM     : NativeRegistration::ctor@[tid=14715]
11-04 21:44:02.414  2162 14715 D JVM     : NativeRegistration::NewObject@[tid=14715]
11-04 21:44:02.414  2162 14715 I org.webrtc.Logging: WebRtcAudioTrack: ctor@[name=Thread-61, id=918]
11-04 21:44:02.415  2162 14715 D JVM     : GlobalRef::ctor@[tid=14715]
11-04 21:44:02.415  2162 14715 D AudioManager: SetActiveAudioLayer(5)@[tid=14715]
11-04 21:44:02.415  2162 14715 D AudioManager: delay_estimate_in_milliseconds: 150
11-04 21:44:02.415  2162 14715 D AudioTrackJni: AttachAudioBuffer@[tid=14715]
11-04 21:44:02.415  2162 14715 D AudioTrackJni: SetPlayoutSampleRate(48000)
11-04 21:44:02.415  2162 14715 D AudioTrackJni: SetPlayoutChannels(1)
11-04 21:44:02.415  2162 14715 I libjingle: [8522:009] [14715] (AudioRecordWrapper.cpp:53): Attached an audio buffer to AudioRecordWrapper
11-04 21:44:02.418  2162 14715 I libjingle: [8522:012] [14715] (webrtcvoiceengine.cc:246): WebRtc VoiceEngine codecs:
11-04 21:44:02.418  2162 14715 I libjingle: [8522:012] [14715] (webrtcvoiceengine.cc:273): ISAC/16000/1 (103)
11-04 21:44:02.418  2162 14715 I libjingle: [8522:012] [14715] (webrtcvoiceengine.cc:273): ISAC/32000/1 (104)
11-04 21:44:02.418  2162 14715 I libjingle: [8522:012] [14715] (webrtcvoiceengine.cc:273): PCMU/8000/1 (0)
11-04 21:44:02.418  2162 14715 I libjingle: [8522:012] [14715] (webrtcvoiceengine.cc:273): PCMA/8000/1 (8)
11-04 21:44:02.418  2162 14715 W libjingle: [8522:012] [14715] (webrtcvoiceengine.cc:297): Unexpected codec: PCMU/8000/2 (110)
11-04 21:44:02.418  2162 14715 W libjingle: [8522:012] [14715] (webrtcvoiceengine.cc:297): Unexpected codec: PCMA/8000/2 (118)
11-04 21:44:02.418  2162 14715 I libjingle: [8522:012] [14715] (webrtcvoiceengine.cc:273): ILBC/8000/1 (102)
11-04 21:44:02.418  2162 14715 I libjingle: [8522:012] [14715] (webrtcvoiceengine.cc:273): G722/8000/1 (9)
11-04 21:44:02.418  2162 14715 W libjingle: [8522:012] [14715] (webrtcvoiceengine.cc:297): Unexpected codec: G722/8000/2 (119)
11-04 21:44:02.418  2162 14715 I libjingle: [8522:012] [14715] (webrtcvoiceengine.cc:273): opus/48000/2 (111)
11-04 21:44:02.418  2162 14715 I libjingle: [8522:012] [14715] (webrtcvoiceengine.cc:273): CN/8000/1 (13)
11-04 21:44:02.421  2162 14715 I libjingle: [8522:012] [14715] (webrtcvoiceengine.cc:273): CN/16000/1 (105)
11-04 21:44:02.421  2162 14715 I libjingle: [8522:015] [14715] (webrtcvoiceengine.cc:273): CN/32000/1 (106)
11-04 21:44:02.421  2162 14715 I libjingle: [8522:015] [14715] (webrtcvoiceengine.cc:273): telephone-event/8000/1 (126)
11-04 21:44:02.421  2162 14715 I libjingle: [8522:015] [14715] (webrtcvoiceengine.cc:273): red/8000/1 (127)
11-04 21:44:02.421  2162 14715 I libjingle: [8522:015] [14715] (webrtcvideoengine2.cc:497): WebRtcVideoEngine2::WebRtcVideoEngine2()
11-04 21:44:02.425  2162 14715 I libjingle: [8522:019] [14715] (webrtcvoiceengine.cc:551): WebRtcVoiceEngine::Init
11-04 21:44:02.425  2162 14715 I libjingle: [8522:019] [14715] (webrtcvoiceengine.cc:575): VoiceEngine 4.1.0
11-04 21:44:02.426  2162 14715 I libjingle: [8522:019] [14715] (voe_base_impl.cc:244): Init: An external ADM implementation will be used in VoiceEngine
11-04 21:44:02.426  2162 14715 D AudioManager: Init@[tid=14715]
11-04 21:44:02.427  2162 14715 I org.webrtc.Logging: WebRtcAudioManager: init@[name=Thread-61, id=918]
11-04 21:44:02.431  2162 14715 I org.webrtc.Logging: WebRtcAudioManager: audio mode is: MODE_NORMAL
11-04 21:44:02.431  2162 14715 D AudioTrackJni: Init@[tid=14715]
11-04 21:44:02.431  2162 14715 I libjingle: [8522:025] [14715] (webrtcvoiceengine.cc:1066): webrtc: output: available=0
11-04 21:44:02.432  2162 14715 E libjingle: [8522:025] [14715] (webrtcvoiceengine.cc:1066): webrtc: stereo playout is not supported
11-04 21:44:02.432  2162 14715 W libjingle: [8522:026] [14715] (webrtcvoiceengine.cc:1066): webrtc: Init() failed to set mono/stereo playout mode (error=8090)
11-04 21:44:02.432  1702  1702 D OculusNotificationListenerService: Notification posted: 0|android|0|com.android.server.wm.AlertWindowNotification - com.oculus.vrshell|1000
11-04 21:44:02.432  2162 14715 I libjingle: [8522:026] [14715] (webrtcvoiceengine.cc:1066): webrtc: output: available=0
11-04 21:44:02.432  2162 14715 E libjingle: [8522:026] [14715] (webrtcvoiceengine.cc:1066): webrtc: recording in stereo is not supported
11-04 21:44:02.432  2162 14715 W libjingle: [8522:026] [14715] (webrtcvoiceengine.cc:1066): webrtc: Init() failed to set mono/stereo recording mode (error=8090)
11-04 21:44:02.432  2162 14715 I libjingle: [8522:026] [14715] (webrtcvoiceengine.cc:1066): webrtc: TransmitMixer::SetAudioProcessingModule(audioProcessingModule=0xbb62d780)
11-04 21:44:02.432  2162 14715 I libjingle: [8522:026] [14715] (webrtcvoiceengine.cc:1066): webrtc: OutputMixer::SetAudioProcessingModule(audioProcessingModule=0xbb62d780)
11-04 21:44:02.432  2162 14715 E libjingle: [8522:026] [14715] (voe_base_impl.cc:371): Init: Failed to set agc to enabled: 0
11-04 21:44:02.432  2162 14715 I libjingle: [8522:026] [14715] (webrtcvoiceengine.cc:648): ApplyOptions: AudioOptions {aec: true, agc: true, ns: true, hf: true, swap: false, audio_jitter_buffer_max_packets: 50, audio_jitter_buffer_fast_accelerate: false, typing: true, agc_delta: 0, experimental_agc: false, extended_filter_aec: false, delay_agnostic_aec: false, experimental_ns: false, }
11-04 21:44:02.432  2162 14715 I OVRPlatform: [SharedMicrophoneAudioRecord] EnableBuiltInEffect(): called to enable effect 0
11-04 21:44:02.432   851   964 D VrApiService: refresh-rate changed to 72Hz
11-04 21:44:02.433  2162 14715 I libjingle: [8522:027] [14715] (webrtcvoiceengine.cc:722): Disabling EC since built-in EC will be used instead
11-04 21:44:02.433  2162 14715 I libjingle: [8522:027] [14715] (webrtcvoiceengine.cc:729): Echo control set to 0 with mode 4
11-04 21:44:02.433  2162 14715 I libjingle: [8522:027] [14715] (webrtcvoiceengine.cc:764): Auto gain set to 0 with mode 4
11-04 21:44:02.433  2162 14715 I OVRPlatform: [SharedMicrophoneAudioRecord] EnableBuiltInEffect(): called to enable effect 2
11-04 21:44:02.433  2162 14715 I libjingle: [8522:027] [14715] (webrtcvoiceengine.cc:804): Disabling NS since built-in NS will be used instead
11-04 21:44:02.433  2162 14715 I libjingle: [8522:027] [14715] (webrtcvoiceengine.cc:811): Noise suppression set to 0 with mode 5
11-04 21:44:02.433  2162 14715 I libjingle: [8522:027] [14715] (webrtcvoiceengine.cc:817): High pass filter enabled? 0
11-04 21:44:02.433  2162 14715 I libjingle: [8522:027] [14715] (webrtcvoiceengine.cc:825): Stereo swapping enabled? 0
11-04 21:44:02.433  2162 14715 I libjingle: [8522:027] [14715] (webrtcvoiceengine.cc:834): NetEq capacity is 50
11-04 21:44:02.433  2162 14715 I libjingle: [8522:027] [14715] (webrtcvoiceengine.cc:842): NetEq fast mode? 0
11-04 21:44:02.433  2162 14715 I libjingle: [8522:027] [14715] (webrtcvoiceengine.cc:850): Typing detection is enabled? 0
11-04 21:44:02.433  2162 14715 E libjingle: [8522:027] [14715] (voe_audio_processing_impl.cc:955): SetTypingDetectionStatus: not supported
11-04 21:44:02.433  2162 14715 W libjingle: [8522:027] [14715] (webrtcvoiceengine.cc:854): SetTypingDetectionStatus(0) failed, err=8003
11-04 21:44:02.433  2162 14715 I libjingle: [8522:027] [14715] (webrtcvoiceengine.cc:859): Adjust agc delta is 0
11-04 21:44:02.433  2162 14715 I libjingle: [8522:027] [14715] (webrtcvoiceengine.cc:1091): Adjusting AGC level from default -3dB to -3dB
11-04 21:44:02.433  2162 14715 I libjingle: [8522:027] [14715] (webrtcvoiceengine.cc:870): Delay agnostic aec is enabled? 0
11-04 21:44:02.433  2162 14715 I libjingle: [8522:027] [14715] (webrtcvoiceengine.cc:879): Extended filter aec is enabled? 0
11-04 21:44:02.433  2162 14715 I libjingle: [8522:027] [14715] (webrtcvoiceengine.cc:888): Experimental ns is enabled? 0
11-04 21:44:02.433  2162 14715 I libjingle: [8522:027] [14715] (webrtcvoiceengine.cc:611): WebRtc VoiceEngine codecs:
11-04 21:44:02.433  2162 14715 I libjingle: [8522:027] [14715] (webrtcvoiceengine.cc:613): opus/48000/2 (111)
11-04 21:44:02.433  2162 14715 I libjingle: [8522:027] [14715] (webrtcvoiceengine.cc:613): ISAC/16000/1 (103)
11-04 21:44:02.433  2162 14715 I libjingle: [8522:027] [14715] (webrtcvoiceengine.cc:613): ISAC/32000/1 (104)
11-04 21:44:02.433  2162 14715 I libjingle: [8522:027] [14715] (webrtcvoiceengine.cc:613): G722/8000/1 (9)
11-04 21:44:02.433  2162 14715 I libjingle: [8522:027] [14715] (webrtcvoiceengine.cc:613): ILBC/8000/1 (102)
11-04 21:44:02.433  2162 14715 I libjingle: [8522:027] [14715] (webrtcvoiceengine.cc:613): PCMU/8000/1 (0)
11-04 21:44:02.433  2162 14715 I libjingle: [8522:027] [14715] (webrtcvoiceengine.cc:613): PCMA/8000/1 (8)
11-04 21:44:02.434  2162 14715 I libjingle: [8522:027] [14715] (webrtcvoiceengine.cc:613): CN/32000/1 (106)
11-04 21:44:02.434  2162 14715 I libjingle: [8522:027] [14715] (webrtcvoiceengine.cc:613): CN/16000/1 (105)
11-04 21:44:02.434  2162 14715 I libjingle: [8522:027] [14715] (webrtcvoiceengine.cc:613): CN/8000/1 (13)
11-04 21:44:02.434  2162 14715 I libjingle: [8522:027] [14715] (webrtcvoiceengine.cc:613): red/8000/1 (127)
11-04 21:44:02.434  2162 14715 I libjingle: [8522:027] [14715] (webrtcvoiceengine.cc:613): telephone-event/8000/1 (126)
11-04 21:44:02.434  2162 14715 I libjingle: [8522:028] [14715] (webrtcvoiceengine.cc:961): Setting microphone to (id=0) and speaker to (id=0)
11-04 21:44:02.434  2162 14715 W libjingle: [8522:028] [14715] (webrtcvoiceengine.cc:1066): webrtc: SetRecordingChannel() unable to set the recording channel (error=10028)
11-04 21:44:02.434  2162 14715 E libjingle: [8522:028] [14715] (webrtcvoiceengine.cc:1066): webrtc: recording in stereo is not supported
11-04 21:44:02.434  2162 14715 W libjingle: [8522:028] [14715] (webrtcvoiceengine.cc:1066): webrtc: SetRecordingDevice() failed to set mono recording mode (error=8090)
11-04 21:44:02.434  2162 14715 E libjingle: [8522:028] [14715] (webrtcvoiceengine.cc:1066): webrtc: stereo playout is not supported
11-04 21:44:02.434  2162 14715 W libjingle: [8522:028] [14715] (webrtcvoiceengine.cc:1066): webrtc: SetPlayoutDevice() failed to set stereo playout mode (error=8090)
11-04 21:44:02.434  2162 14715 I libjingle: [8522:028] [14715] (webrtcvoiceengine.cc:981): Set microphone to (id=0) and speaker to (id=0)
11-04 21:44:02.434   739   954 I SDM     : HWCDisplayBuiltIn::Validate: Validate +++ enable cac = 0
11-04 21:44:02.435  2162 14715 I libjingle: [8522:028] [14715] (webrtcvoiceengine.cc:554): WebRtcVoiceEngine::Init Done!
11-04 21:44:02.435  2162 14715 I libjingle: [8522:029] [14715] (webrtcvideoengine2.cc:506): WebRtcVideoEngine2::Init
11-04 21:44:02.437  2162 14715 I libjingle: [8522:031] [14715] (dtlsidentitystore.cc:53): Generating identity, using keytype 0
11-04 21:44:02.437  2162 14715 I libjingle: [8522:031] [14715] (opensslidentity.cc:41): Making key pair
11-04 21:44:02.438   839   995 E CalibrationProvider: loadCalibration(LDISP_SN) failed: Calibration store didn't load any info
11-04 21:44:02.438   839   995 E CalibrationProvider: loadCalibration(RDISP_SN) failed: Calibration store didn't load any info
11-04 21:44:02.441  2310  3131 I Distortion: SetLensPositions - iad=0.0630218, left offset=-0.000249941,-0.00102733, right offset=0.000129107,-0.00104481
11-04 21:44:02.442  2310  3131 I Distortion: Initializing Mesh Decenter Correction
11-04 21:44:02.444  2310  2310 D VrNotificationAnalytics: logNotificationPosted: key(0|android|0|com.android.server.wm.AlertWindowNotification - com.oculus.vrshell|1000), type(third_party), isToast(false)
11-04 21:44:02.446  2310  2310 I [OAO] VrNotificationListenerService: onNotificationPosted() - key = 0|android|0|com.android.server.wm.AlertWindowNotification - com.oculus.vrshell|1000, type = third_party, isToast = false, isBlocked with reason = true Blocked by does not contain all markers for a toast notification
11-04 21:44:02.446  2310  2310 D [OAO] VrBroadcastReceiver: action: com.oculus.vrshell.intent.action.NOTIFICATION_WAKE
11-04 21:44:02.451  1611 14681 W ContextImpl: Calling a method in the system process without a qualified user: android.app.ContextImpl.sendBroadcast:1057 android.content.ContextWrapper.sendBroadcast:448 X.o0.A00:133 X.nZ.A00:17 X.nZ.handleMessage:91 
11-04 21:44:02.451   839   995 E CalibrationProvider: loadCalibration(LDISP_SN) failed: Calibration store didn't load any info
11-04 21:44:02.453   839   995 E CalibrationProvider: loadCalibration(RDISP_SN) failed: Calibration store didn't load any info
11-04 21:44:02.454  2310  3131 I Distortion: SetLensPositions - iad=0.0630218, left offset=-0.000249941,-0.00102733, right offset=0.000129107,-0.00104481
11-04 21:44:02.462  2310  3131 I Distortion: Created custom distortion mesh.
11-04 21:44:02.462  2310  3131 I PhaseSync: PhaseSync::PhaseSync PaddingLowerLimit 0.350000 StandardDeviations 2.000000 PaddingUpperLimit 0.750000 on instance 9
11-04 21:44:02.462  2310  3131 I VrRuntimeClient: PhaseSync Instance created
11-04 21:44:02.462  1949  3115 I chatty  : uid=10025(com.oculus.systemdriver) Thread-11 expire 18 lines
11-04 21:44:02.462  2310  2310 D [OAO] VrNotificationService: VrNotificationService onStartCommand() Intent { cmp=com.oculus.vrshell/.VrNotificationService }
11-04 21:44:02.467  2310  3131 I VrApi   : OVR::Stats thread started
11-04 21:44:02.467  2310  3131 I XrRuntimeUtils: XrRuntimeUtils::BeginSession
11-04 21:44:02.467  2310  3131 I XrRuntimeSystem_Client: BeginSession
11-04 21:44:02.467  2310  3131 I OpenXR  : ------------ xrBeginSession [end] -----------
11-04 21:44:02.467  1796  3642 I [CT]    : MIXEDREALITY: MrFeatureStatus: Client status changed from Paused to Started.
11-04 21:44:02.467  1796  3642 I [CT]    : MIXEDREALITY: MrFeatureStatus: Target status Started, CurrentStatus: Paused
11-04 21:44:02.467  1796  3642 I [CT]    : MIXEDREALITY: MrFeatureStatus: Operation chain: Start
11-04 21:44:02.467  1796  3642 I [CT]    : MIXEDREALITY: MrFeatureStatus: Global status changed from Paused to Started.
11-04 21:44:02.467  1796  3642 I [CT]    : MIXEDREALITY: MrServiceController: Queuing command linked to operation Start for feature 0
11-04 21:44:02.468  1796  3298 I [CT]    : MIXEDREALITY: MrServiceController: Executing passthroughStart on model
11-04 21:44:02.468  1796  3298 I [CT]    : MIXEDREALITY: MrServiceModel: passthroughStart()
11-04 21:44:02.468  1796  3298 I [CT]    : MIXEDREALITY: MrServiceModel: passthroughStart: Started Passthrough
11-04 21:44:02.469  2310  3131 I [OAO] ShellTransitionState: Logging ShellTransitionState to dumpsys: {"state":"Foregrounding","timeMillis":"8553353"}
11-04 21:44:02.469  2310  3131 I [OAO] VrPlatformOpenXr: VrPlatformOpenXr::SetPropInhibitHandleHomeKey inhibit:1
11-04 21:44:02.469  2310  3131 I OpenXR_DeviceSettings: ------------ xrSetDeviceSettingBooleanFB -----------
11-04 21:44:02.469  2310  3131 I ClientInputSettings: SetInhibitHandleHomeKey = true for com.oculus.vrshell
11-04 21:44:02.469  2310  3131 I ClientInputInterface: SetInhibitHandleHomeKey 1 for process com.oculus.vrshell 2310
11-04 21:44:02.469  2310  3131 I [OAO] VrPlatformOpenXr: VrPlatformOpenXr::SetPropInhibitHandleHomeKey result = 0
11-04 21:44:02.469  2310 14721 D VrApi   : targetSDKVersion 29
11-04 21:44:02.470  1796  3298 I [CT]    : MIXEDREALITY: MrServiceView: renderIteration: Nothing to render, hibernating the rendering thread since ID is off and no active PT layers.
