11-05 21:53:39.132  2112 10825 D CCodec  :   string mime = "audio/raw"
11-05 21:53:39.132  2112 10825 D CCodec  :   int32_t sample-rate = 44100
11-05 21:53:39.132  2112 10825 D CCodec  :   int32_t channel-mask = 3
11-05 21:53:39.132  2112 10825 D CCodec  : }
11-05 21:53:39.142  1987 10527 I CompositorVR: WarpToScreen: Skipping frames for 16
11-05 21:53:39.144  2112 10825 W Codec2Client: query -- param skipped: index = 1342179345.
11-05 21:53:39.144  2112 10825 W Codec2Client: query -- param skipped: index = 2415921170.
11-05 21:53:39.145  2112 10825 D CCodecBufferChannel: [c2.android.vorbis.decoder#13] Created input block pool with allocatorID 16 => poolID 54 - OK (0)
11-05 21:53:39.146  2112 10825 I CCodecBufferChannel: [c2.android.vorbis.decoder#13] Created output block pool with allocatorID 16 => poolID 89 - OK
11-05 21:53:39.146  2112 10825 D CCodecBufferChannel: [c2.android.vorbis.decoder#13] Configured output block pool ids 89 => OK
11-05 21:53:39.147 10151 10260 E OsSdk   : error getting shared memory region, memory type: HeadTracker, failed with Status(-1, EX_SECURITY): 'requested shared memory region when not registered/focused'
11-05 21:53:39.148   838 10826 D SimpleC2Component: Using output block pool with poolID 89 => got 89 - 0
11-05 21:53:39.153  1987 10527 I CompositorVR: WarpToScreen: Skipping frames for 16
11-05 21:53:39.176  1987 10527 I chatty  : uid=10025(com.oculus.systemdriver) OVR::TimeWarp identical 2 lines
11-05 21:53:39.187  1987 10527 I CompositorVR: WarpToScreen: Skipping frames for 16
11-05 21:53:39.191   849  6789 I chatty  : uid=1000(system) Binder:849_4 identical 8 lines
11-05 21:53:39.192 10151 10260 E OsSdk   : error getting shared memory region, memory type: HeadTracker, failed with Status(-1, EX_SECURITY): 'requested shared memory region when not registered/focused'
11-05 21:53:39.198  1987 10527 I CompositorVR: WarpToScreen: Skipping frames for 16
11-05 21:53:39.209  1987 10527 I CompositorVR: WarpToScreen: Skipping frames for 16
11-05 21:53:39.216   838  1756 V C2Store : in ~ComponentModule
11-05 21:53:39.216   838  1756 V C2Store : unloading dll
11-05 21:53:39.220  1987 10527 I CompositorVR: WarpToScreen: Skipping frames for 16
11-05 21:53:39.226   849  1160 I [CT]    : Vega:SubmapPublisher: Tracking parent no change: frame movement above thresh -> Publish
11-05 21:53:39.226   849  1160 I [CT]    : Vega:SubmapPublisher: Start to publish submaps, found candidates:  3
11-05 21:53:39.226   849  1160 E [CT]    : SubmapRecords: findSubmapId found 2 submap records hold the same query krHandle
11-05 21:53:39.229 10581 10610 D UE4     : [2022.11.05-21.53.39:229][731]LogCore: Display: AppLifetime: Application will deactivate
11-05 21:53:39.230 10581 10695 D OVRPlugin: Leaving VR mode.
11-05 21:53:39.230 10581 10695 I VrApi   : ---------- vrapi_LeaveVrMode [start] ----------
11-05 21:53:39.231  1987 10527 I CompositorVR: WarpToScreen: Skipping frames for 16
11-05 21:53:39.232 10581 10695 I XrRuntimeUtils: XrRuntimeUtils::EndSession
11-05 21:53:39.236 10581 10695 D VrApi   : targetSDKVersion 29
11-05 21:53:39.237   849  6789 W TrackingService: attachClient: found client in attached list
11-05 21:53:39.238 10151 10260 E OsSdk   : error getting shared memory region, memory type: HeadTracker, failed with Status(-1, EX_SECURITY): 'requested shared memory region when not registered/focused'
11-05 21:53:39.238   849  1037 W TrackingService: attachClient: found client in attached list
11-05 21:53:39.241 10151 10260 E OsSdk   : error getting shared memory region, memory type: AnchorTracker, failed with Status(-1, EX_SECURITY): 'requested shared memory region when not registered/focused'
11-05 21:53:39.242  1987 10527 I CompositorVR: WarpToScreen: Skipping frames for 16
11-05 21:53:39.244 10581 10695 I VrRuntimeClient: DEVICE MODEL NUMBER = Quest
11-05 21:53:39.244 10581 10695 I VrRuntimeClient: DEVICE BUILD NAME = user-47421700667400000
11-05 21:53:39.244 10581 10695 I VrRuntimeClient: DEVICE BUILD TYPE = user
11-05 21:53:39.244 10581 10695 I VrRuntimeClient: DEVICE OS VERSION = 10
11-05 21:53:39.244 10581 10695 I VrRuntimeClient: API LOADER VERSION = 1.44.0
11-05 21:53:39.245 10581 10695 I VrRuntimeClient: RUNTIME API VERSION = 1.63.0
11-05 21:53:39.245 10581 10695 I VrRuntimeClient: RUNTIME VERSION = 46.0.0.226.0 Sep  6 2022 02:18:30 RELEASE
11-05 21:53:39.245 10581 10695 I VrRuntimeClient: APP NAME = TemplateProject3
11-05 21:53:39.245 10581 10695 I VrRuntimeClient: APP VERSION = 1.0 versionCode 1 internalVersionName <none>
11-05 21:53:39.245 10581 10695 I VrRuntimeClient: APP VR TYPE = <none>
11-05 21:53:39.245 10581 10695 I VrRuntimeClient: APP MODE TYPE = VR
11-05 21:53:39.245 10581 10695 I VrRuntimeClient: APP PACKAGE NAME = com.YourCompany.TemplateProject3
11-05 21:53:39.245 10581 10695 I VrRuntimeClient: APP ACTIVITY CLASS = com.epicgames.ue4.GameActivity
11-05 21:53:39.246 10581 10695 D BatteryReceiver: Unregistering battery receiver
11-05 21:53:39.248 10581 10695 I Sensor  : OSSDKTRACKING Shutdown tracking
11-05 21:53:39.248 10581 10695 I LogTimer: CPUTIME: VrRuntimeClient_EndSession took 16.0420 ms
11-05 21:53:39.252  3565  3565 W [SUI] AsyncQueryHandlerBase: Callback reference is null
11-05 21:53:39.253  1987 10527 I CompositorVR: WarpToScreen: Skipping frames for 16
11-05 21:53:39.265  1987 10527 I chatty  : uid=10025(com.oculus.systemdriver) OVR::TimeWarp identical 1 line
11-05 21:53:39.276  1987 10527 I CompositorVR: WarpToScreen: Skipping frames for 16
11-05 21:53:39.278 10581 10674 I VrApi   : FPS=72/72,Prd=48ms,Tear=0,Early=72,Stale=0,VSnc=1,Lat=1,Fov=0,CPU4/GPU=4/4,2419/490MHz,OC=FF,TA=0/F/F,SP=N/N/N,Mem=2092MHz,Free=2186MB,PLS=0,Temp=28.7C/0.0C,TW=2.96ms,App=2.40ms,GD=0.00ms,CPU&GPU=5.38ms,LCnt=1(DR72,LM0),GPU%=0.47,CPU%=0.19(W0.24),DSF=1.00,CFL=19.63/21.84
11-05 21:53:39.279 10581 10695 I VrApi   : OVR::Stats thread stopped
11-05 21:53:39.279 10581 10695 I InputDeviceManager: ovrInputDeviceManager::~ovrInputDeviceManager
11-05 21:53:39.280 10581 10695 I InputDevice_TrackedRemote: OSSDKTRACKING shutting down Haptics
11-05 21:53:39.280 10581 10695 I chatty  : uid=10138(com.YourCompany.TemplateProject3) identical 2 lines
11-05 21:53:39.280 10581 10695 I InputDevice_TrackedRemote: OSSDKTRACKING shutting down Haptics
11-05 21:53:39.280 10581 10695 I OSHandDataQuerier: OSSDKTRACKING shutting down HandsTracker
11-05 21:53:39.280 10581 10695 I OSHandDataQuerier: OSSDKTRACKING shutting down HandsTracker
11-05 21:53:39.280 10581 10695 D OsSdk   : TrackingServiceConnection dtor
11-05 21:53:39.282   849  1037 I TrackingService: Unregistering client by ITrackingService.unregisterClient
11-05 21:53:39.282   849  1037 I TrackingService: Failed to unregister client because client not found in registered list
11-05 21:53:39.282   849  1037 I chatty  : uid=1000(system) Binder:849_1 identical 7 lines
11-05 21:53:39.282   849  1037 I TrackingService: Failed to unregister client because client not found in registered list
11-05 21:53:39.282   849  1037 D TrackingService: unregister: com.YourCompany.TemplateProject3
11-05 21:53:39.283 10581 10695 D OsSdk   : TrackingServiceConnection unregistered
11-05 21:53:39.283 10581 10671 I ClientInputThread_Internal: InputThreadRun ShutdownRequest received
11-05 21:53:39.284 10581 10695 I InputHooks_Internal: Disabling Native Input Hooks
11-05 21:53:39.284 10581 10695 I ClientInputTrackedKeyboardManager: TRACKEDKEYBOARD ClearTrackedObjectManager called on client
11-05 21:53:39.285  1987 10639 I VrRuntimeService: RuntimeServiceSDKServer::EnableRendering: 0x0, 0, com.YourCompany.TemplateProject3
11-05 21:53:39.285  1987 10639 I ClientMgr: ClientMgr::EnableRendering 10581:com.YourCompany.TemplateProject3 : type 0 comp-id 16: disable
11-05 21:53:39.285  1987 10639 I VrRuntimeServer: DisableCompositorClient: 16
11-05 21:53:39.285  1987 10639 I CompositorClientMgr: Disable client 16
11-05 21:53:39.285  1987 10639 I CompositorClientMgr: DisableClient: frame flush required: 1
11-05 21:53:39.286   849  1037 W TrackingService: attachClient: found client in attached list
11-05 21:53:39.287  1987 10527 I CompositorVR: WarpToScreen: Skipping frames for 16
11-05 21:53:39.287 10151 10260 E OsSdk   : error getting shared memory region, memory type: HeadTracker, failed with Status(-1, EX_SECURITY): 'requested shared memory region when not registered/focused'
11-05 21:53:39.296  1987  2919 I ClientMgr: Non-overlay clients rendering status has changed: prev=50, curr=51, enabled=1
11-05 21:53:39.296  1987  2919 I ClientMgr: Primary client determined to be the current enabled client 1704197069
11-05 21:53:39.296   849  9400 I [CT]    : CONSTELLATION: L: Detected IMU motion => Leaving static state.
11-05 21:53:39.304  3140  3199 I GuardianControllerCollisionTracker: Guardian Controller Collision: Magnitude: 91.011, Duration: 0.002 sec, TimeStamp: 2829.885254 sec
11-05 21:53:39.313   740 10463 E FrameSetDispatcher: [HEADSET] Client pid=849 (849): Failed to read from receive FMQ for 5 packets in 5000ms.
11-05 21:53:39.313   740 10463 E FrameSetDispatcher: This probably means this client is taking more than 33 ms to process the frame.
11-05 21:53:39.313   740 10463 E FrameSetDispatcher: Retrying.
11-05 21:53:39.315  1987 10639 I UnifiedTelemetryWrapper: Stopped UT session render:com.YourCompany.TemplateProject3
11-05 21:53:39.316 10581 10677 I FenceChecker: FenceChecker::MainLoop - ended
11-05 21:53:39.316 10581 10695 I XrRuntimeUtils: XrRuntimeUtils::DestroySession
11-05 21:53:39.316 10581 10695 I VrApi   : ---------- vrapi_LeaveVrMode [end] ----------
11-05 21:53:39.316 10581 10695 D OVRPlugin: Reset m_session to nullptr
11-05 21:53:39.317 10581 10610 D UE4     : [GameActivity] Unregistering volume receiver
11-05 21:53:39.318 10581 10610 D UE4     : [GameActivity] Unregistering battery receiver
11-05 21:53:39.321 10581 10610 D UE4     : [GameActivity] Unregistering headset receiver
11-05 21:53:39.323 10581 10610 D UE4     : [2022.11.05-21.53.39:323][731]LogCore: Display: AppLifetime: Application will enter background
11-05 21:53:39.324 10581 10610 D UE4     : [2022.11.05-21.53.39:324][731]LogTemp: Android pause audio
11-05 21:53:39.325 10581 10610 D UE4     : [2022.11.05-21.53.39:325][731]LogAudioMixerAndroid: Display: Suspending android audio renderer
11-05 21:53:39.325 10581 10610 D         : PlayerBase::pause() from IPlayer
11-05 21:53:39.328 10581 10610 D UE4     : [2022.11.05-21.53.39:327][731]LogTemp: Android release microphone
11-05 21:53:39.328 10581 10611 D UE4     : [2022.11.05-21.53.39:328][731]LogAndroid: Blocking renderer on invalid window.
11-05 21:53:39.328 10581 10611 D UE4     : [2022.11.05-21.53.39:328][731]LogAndroid: Waiting for renderer to encounter blocking command.
11-05 21:53:39.328 10581 10695 D UE4     : [2022.11.05-21.53.39:328][731]LogAndroid: Blocking renderer
11-05 21:53:39.328 10581 10695 D UE4     : [2022.11.05-21.53.39:328][731]LogAndroid: RendererBlock release window callback
11-05 21:53:39.329 10581 10695 D UE4     : [2022.11.05-21.53.39:329][731]LogVulkanRHI: Destroy swapchain ... 
11-05 21:53:39.329 10581 10611 D UE4     : LogAndroidEvents::EnqueueAppEvent : 13, [width=-1, height=-1], tid = 10611, APP_EVENT_STATE_APP_SUSPENDED
11-05 21:53:39.330 10581 10611 D UE4     : Case APP_CMD_TERM_WINDOW, tid = 10611
11-05 21:53:39.330 10581 10611 D UE4     : [2022.11.05-21.53.39:330][731]LogAndroid: Case APP_CMD_TERM_WINDOW
11-05 21:53:39.330 10581 10611 D UE4     : LogAndroidEvents::EnqueueAppEvent : 3, [width=-1, height=-1], tid = 10611, APP_EVENT_STATE_WINDOW_DESTROYED
11-05 21:53:39.331 10581 10610 D UE4     : [2022.11.05-21.53.39:329][731]LogHMD: Error: FOculusHMDModule::GetPluginWrapper().WaitToBeginFrame 791 failed (-1003)
11-05 21:53:39.331   849  1037 W TrackingService: attachClient: found client in attached list
11-05 21:53:39.335   849  9400 D TrackingService: [HANDTRACKING] Controller 86557c336c360320 in hand: Y, valid: Y
11-05 21:53:39.335 10151 10260 E OsSdk   : error getting shared memory region, memory type: HeadTracker, failed with Status(-1, EX_SECURITY): 'requested shared memory region when not registered/focused'
11-05 21:53:39.339  2112 10829 D CCodec  : allocate(c2.android.vorbis.decoder)
11-05 21:53:39.339  1503  1503 V AvrcpMediaPlayerList: onPlaybackConfigChanged(): Configs list size=8
11-05 21:53:39.339   838  1756 V C2Store : in init
11-05 21:53:39.339   838  1756 V C2Store : loading dll
11-05 21:53:39.347  1642 10805 W ContextImpl: Calling a method in the system process without a qualified user: android.app.ContextImpl.sendBroadcast:1057 android.content.ContextWrapper.sendBroadcast:448 X.o0.A00:133 X.nZ.A00:17 X.nZ.handleMessage:91 
11-05 21:53:39.347  2112 10829 I CCodec  : Created component [c2.android.vorbis.decoder]
11-05 21:53:39.347  2112 10829 D CCodecConfig: read media type: audio/vorbis
11-05 21:53:39.352  2112 10829 D ReflectedParamUpdater: extent() != 1 for single value type: algo.buffers.max-count.values
11-05 21:53:39.352  2112 10829 D ReflectedParamUpdater: extent() != 1 for single value type: output.subscribed-indices.values
11-05 21:53:39.352  2112 10829 D ReflectedParamUpdater: extent() != 1 for single value type: input.buffers.allocator-ids.values
11-05 21:53:39.353  2112 10829 D ReflectedParamUpdater: extent() != 1 for single value type: output.buffers.allocator-ids.values
11-05 21:53:39.353  2112 10829 D ReflectedParamUpdater: extent() != 1 for single value type: algo.buffers.allocator-ids.values
11-05 21:53:39.353  2112 10829 D ReflectedParamUpdater: extent() != 1 for single value type: output.buffers.pool-ids.values
11-05 21:53:39.353  2112 10829 D ReflectedParamUpdater: extent() != 1 for single value type: algo.buffers.pool-ids.values
11-05 21:53:39.354  2112 10829 I CCodecConfig: query failed after returning 7 values (BAD_INDEX)
11-05 21:53:39.354  2112 10829 D CCodecConfig: c2 config diff is Dict {
11-05 21:53:39.354  2112 10829 D CCodecConfig:   c2::u32 coded.bitrate.value = 64000
11-05 21:53:39.354  2112 10829 D CCodecConfig:   c2::u32 input.buffers.max-size.value = 32768
11-05 21:53:39.354  2112 10829 D CCodecConfig:   c2::u32 input.delay.value = 0
11-05 21:53:39.354  2112 10829 D CCodecConfig:   string input.media-type.value = "audio/vorbis"
11-05 21:53:39.354  2112 10829 D CCodecConfig:   string output.media-type.value = "audio/raw"
11-05 21:53:39.354  2112 10829 D CCodecConfig:   c2::u32 raw.channel-count.value = 1
11-05 21:53:39.354  2112 10829 D CCodecConfig:   c2::u32 raw.sample-rate.value = 48000
11-05 21:53:39.354  2112 10829 D CCodecConfig: }
11-05 21:53:39.354  2112 10829 D CCodecConfig: no c2 equivalents for durationUs
11-05 21:53:39.354  2112 10829 D CCodecConfig: no c2 equivalents for csd-1
11-05 21:53:39.354  2112 10829 D CCodecConfig: no c2 equivalents for track-id
11-05 21:53:39.354  2112 10829 D CCodecConfig: no c2 equivalents for channel-mask
11-05 21:53:39.354 10581 10610 D UE4     : [2022.11.05-21.53.39:354][732]LogAndroidEvents: Display: LogAndroidEvents::DequeueAppEvent : 13, [width=-1, height=-1], APP_EVENT_STATE_APP_SUSPENDED
11-05 21:53:39.354 10581 10610 D UE4     : FAppEventManager::Tick processing, 13
11-05 21:53:39.354 10581 10610 D UE4     : Execution will be paused...
11-05 21:53:39.354  2112 10829 D CCodecConfig: c2 config diff is   c2::u32 raw.channel-count.value = 2
11-05 21:53:39.354  2112 10829 D CCodecConfig:   c2::u32 raw.sample-rate.value = 44100
11-05 21:53:39.355 10581 10610 D UE4     : [2022.11.05-21.53.39:354][732]LogAndroidEvents: Display: LogAndroidEvents::DequeueAppEvent : 3, [width=-1, height=-1], APP_EVENT_STATE_WINDOW_DESTROYED
11-05 21:53:39.355 10581 10610 D UE4     : FAppEventManager::Tick processing, 3
11-05 21:53:39.355 10581 10610 D UE4     : APP_EVENT_STATE_WINDOW_DESTROYED, 0, 0, 0
11-05 21:53:39.355 10581 10610 D UE4     : FAppEventManager::Tick EventHandlerEvent Wait 
11-05 21:53:39.355 10581 10610 D UE4     : FAppEventManager::Tick EventHandlerEvent DONE Wait 
11-05 21:53:39.355  2112 10829 W Codec2Client: query -- param skipped: index = 1107298332.
11-05 21:53:39.355  2112 10829 D CCodec  : setup formats input: AMessage(what = 0x00000000) = {
11-05 21:53:39.355  2112 10829 D CCodec  :   int32_t channel-count = 2
11-05 21:53:39.355  2112 10829 D CCodec  :   int32_t max-input-size = 32768
11-05 21:53:39.355  2112 10829 D CCodec  :   string mime = "audio/vorbis"
11-05 21:53:39.355  2112 10829 D CCodec  :   int32_t sample-rate = 44100
11-05 21:53:39.355  2112 10829 D CCodec  : } and output: AMessage(what = 0x00000000) = {
11-05 21:53:39.355  2112 10829 D CCodec  :   int32_t channel-count = 2
11-05 21:53:39.355  2112 10829 D CCodec  :   string mime = "audio/raw"
11-05 21:53:39.355  2112 10829 D CCodec  :   int32_t sample-rate = 44100
11-05 21:53:39.355  2112 10829 D CCodec  :   int32_t channel-mask = 3
11-05 21:53:39.355  2112 10829 D CCodec  : }
11-05 21:53:39.358   838  6820 V C2Store : in ~ComponentModule
11-05 21:53:39.358   838  6820 V C2Store : unloading dll
11-05 21:53:39.379   849  1037 W TrackingService: attachClient: found client in attached list
11-05 21:53:39.380 10151 10260 E OsSdk   : error getting shared memory region, memory type: HeadTracker, failed with Status(-1, EX_SECURITY): 'requested shared memory region when not registered/focused'
11-05 21:53:39.386  3140  3199 W OsSdk   : Requested historical tracking state too far in the past; oldest: 2829.697301s, requested: 2829.517912s
11-05 21:53:39.388 10581 10581 V UE4     : [GameApp] App in background
11-05 21:53:39.388 10581 10611 D UE4     : [2022.11.05-21.53.39:388][732]LogAndroid: Case APP_CMD_STOP
11-05 21:53:39.388 10581 10581 D UE4     : [GameActivity] ==============> GameActive.onStop complete!
11-05 21:53:39.388 10581 10611 D UE4     : LogAndroidEvents::EnqueueAppEvent : 8, [width=-1, height=-1], tid = 10611, APP_EVENT_STATE_ON_STOP
11-05 21:53:39.392 10581 10581 D UE4     : [GameActivity] onDestroy: destroy memoryHandlerThread
11-05 21:53:39.393 10581 10611 D UE4     : [2022.11.05-21.53.39:392][732]LogAndroid: Case APP_CMD_INPUT_CHANGED
11-05 21:53:39.393 10581 10611 D UE4     : [2022.11.05-21.53.39:393][732]LogAndroid: Case APP_CMD_DESTROY
11-05 21:53:39.393 10581 10611 D UE4     : LogAndroidEvents::EnqueueAppEvent : 15, [width=-1, height=-1], tid = 10611, APP_EVENT_RUN_CALLBACK
11-05 21:53:39.393 10581 10611 D UE4     : LogAndroidEvents::EnqueueAppEvent : 5, [width=-1, height=-1], tid = 10611, APP_EVENT_STATE_ON_DESTROY
11-05 21:53:39.395 10581 10611 I emplateProject: System.exit called, status: 0
11-05 21:53:39.395 10581 10611 I AndroidRuntime: VM exiting with result code 0, cleanup skipped.
11-05 21:53:39.425   728  4096 D msm8974_platform: platform_split_snd_device: snd_device(22) num devices(1) new_snd_devices(0)
11-05 21:53:39.426 10151 10260 E OsSdk   : error getting shared memory region, memory type: HeadTracker, failed with Status(-1, EX_SECURITY): 'requested shared memory region when not registered/focused'
11-05 21:53:39.436  2112 10835 D CCodec  : allocate(c2.android.vorbis.decoder)
11-05 21:53:39.436   838  6820 V C2Store : in init
11-05 21:53:39.436   838  6820 V C2Store : loading dll
11-05 21:53:39.442  2112 10835 I CCodec  : Created component [c2.android.vorbis.decoder]
11-05 21:53:39.442  2112 10835 D CCodecConfig: read media type: audio/vorbis
11-05 21:53:39.444  2112 10835 D ReflectedParamUpdater: extent() != 1 for single value type: algo.buffers.max-count.values
11-05 21:53:39.445  2112 10835 D ReflectedParamUpdater: extent() != 1 for single value type: output.subscribed-indices.values
11-05 21:53:39.445  2112 10835 D ReflectedParamUpdater: extent() != 1 for single value type: input.buffers.allocator-ids.values
11-05 21:53:39.445  2112 10835 D ReflectedParamUpdater: extent() != 1 for single value type: output.buffers.allocator-ids.values
11-05 21:53:39.445  2112 10835 D ReflectedParamUpdater: extent() != 1 for single value type: algo.buffers.allocator-ids.values
11-05 21:53:39.445  2112 10835 D ReflectedParamUpdater: extent() != 1 for single value type: output.buffers.pool-ids.values
11-05 21:53:39.446  2112 10835 D ReflectedParamUpdater: extent() != 1 for single value type: algo.buffers.pool-ids.values
11-05 21:53:39.446  2112 10835 I CCodecConfig: query failed after returning 7 values (BAD_INDEX)
11-05 21:53:39.446  2112 10835 D CCodecConfig: c2 config diff is Dict {
11-05 21:53:39.446  2112 10835 D CCodecConfig:   c2::u32 coded.bitrate.value = 64000
11-05 21:53:39.446  2112 10835 D CCodecConfig:   c2::u32 input.buffers.max-size.value = 32768
11-05 21:53:39.446  2112 10835 D CCodecConfig:   c2::u32 input.delay.value = 0
11-05 21:53:39.446  2112 10835 D CCodecConfig:   string input.media-type.value = "audio/vorbis"
11-05 21:53:39.446  2112 10835 D CCodecConfig:   string output.media-type.value = "audio/raw"
11-05 21:53:39.446  2112 10835 D CCodecConfig:   c2::u32 raw.channel-count.value = 1
11-05 21:53:39.446  2112 10835 D CCodecConfig:   c2::u32 raw.sample-rate.value = 48000
11-05 21:53:39.446  2112 10835 D CCodecConfig: }
11-05 21:53:39.446  2112 10835 D CCodecConfig: no c2 equivalents for durationUs
11-05 21:53:39.446  2112 10835 D CCodecConfig: no c2 equivalents for csd-1
11-05 21:53:39.447  2112 10835 D CCodecConfig: no c2 equivalents for track-id
11-05 21:53:39.447  2112 10835 D CCodecConfig: no c2 equivalents for channel-mask
11-05 21:53:39.447  2112 10835 D CCodecConfig: c2 config diff is   c2::u32 raw.channel-count.value = 2
11-05 21:53:39.447  2112 10835 D CCodecConfig:   c2::u32 raw.sample-rate.value = 44100
11-05 21:53:39.448  2112 10835 W Codec2Client: query -- param skipped: index = 1107298332.
11-05 21:53:39.448  2112 10835 D CCodec  : setup formats input: AMessage(what = 0x00000000) = {
11-05 21:53:39.448  2112 10835 D CCodec  :   int32_t channel-count = 2
11-05 21:53:39.448  2112 10835 D CCodec  :   int32_t max-input-size = 32768
11-05 21:53:39.448  2112 10835 D CCodec  :   string mime = "audio/vorbis"
11-05 21:53:39.448  2112 10835 D CCodec  :   int32_t sample-rate = 44100
11-05 21:53:39.448  2112 10835 D CCodec  : } and output: AMessage(what = 0x00000000) = {
11-05 21:53:39.448  2112 10835 D CCodec  :   int32_t channel-count = 2
11-05 21:53:39.448  2112 10835 D CCodec  :   string mime = "audio/raw"
11-05 21:53:39.448  2112 10835 D CCodec  :   int32_t sample-rate = 44100
11-05 21:53:39.448  2112 10835 D CCodec  :   int32_t channel-mask = 3
11-05 21:53:39.448  2112 10835 D CCodec  : }
11-05 21:53:39.456  2112 10835 W Codec2Client: query -- param skipped: index = 1342179345.
11-05 21:53:39.456  2112 10835 W Codec2Client: query -- param skipped: index = 2415921170.
11-05 21:53:39.456  2112 10835 D CCodecBufferChannel: [c2.android.vorbis.decoder#788] Created input block pool with allocatorID 16 => poolID 55 - OK (0)
11-05 21:53:39.459  2112 10835 I CCodecBufferChannel: [c2.android.vorbis.decoder#788] Created output block pool with allocatorID 16 => poolID 90 - OK
11-05 21:53:39.459  2112 10835 D CCodecBufferChannel: [c2.android.vorbis.decoder#788] Configured output block pool ids 90 => OK
11-05 21:53:39.463   849  1160 I [CT]    : VEGA_MAPPER:SubmapTrackingValidator: Pausing map building until validation is complete. 10.8 seconds remaining
11-05 21:53:39.468   838 10836 D SimpleC2Component: Using output block pool with poolID 90 => got 90 - 0
11-05 21:53:39.470   849  1037 I chatty  : uid=1000(system) Binder:849_1 identical 2 lines
11-05 21:53:39.471 10151 10260 E OsSdk   : error getting shared memory region, memory type: HeadTracker, failed with Status(-1, EX_SECURITY): 'requested shared memory region when not registered/focused'
11-05 21:53:39.472  2112 10835 D CCodecBufferChannel: [c2.android.vorbis.decoder#788] Discard frames from previous generation.
11-05 21:53:39.477  2112 10835 D CCodecBufferChannel: [c2.android.vorbis.decoder#788] Discard frames from previous generation.
11-05 21:53:39.478   838  6820 D BufferPoolAccessor: Destruction - bufferpool2 0x2eeb4cb630 cached: 0/0M, 0/0% in use; allocs: 0, 0% recycled; transfers: 0, 0% unfetced
11-05 21:53:39.481   838  6820 V C2Store : in ~ComponentModule
11-05 21:53:39.481   838  6820 V C2Store : unloading dll
11-05 21:53:39.515   849  1037 W TrackingService: attachClient: found client in attached list
11-05 21:53:39.516 10151 10260 E OsSdk   : error getting shared memory region, memory type: HeadTracker, failed with Status(-1, EX_SECURITY): 'requested shared memory region when not registered/focused'
11-05 21:53:39.516   849  6789 W TrackingService: attachClient: found client in attached list
11-05 21:53:39.518 10151 10260 E OsSdk   : error getting shared memory region, memory type: AnchorTracker, failed with Status(-1, EX_SECURITY): 'requested shared memory region when not registered/focused'
11-05 21:53:39.525  2112 10838 D CCodec  : allocate(c2.android.vorbis.decoder)
11-05 21:53:39.526   838  6820 V C2Store : in init
11-05 21:53:39.526   838  6820 V C2Store : loading dll
11-05 21:53:39.528  2112 10838 I CCodec  : Created component [c2.android.vorbis.decoder]
11-05 21:53:39.528  2112 10838 D CCodecConfig: read media type: audio/vorbis
11-05 21:53:39.532  2112 10838 D ReflectedParamUpdater: extent() != 1 for single value type: algo.buffers.max-count.values
11-05 21:53:39.532  2112 10838 D ReflectedParamUpdater: extent() != 1 for single value type: output.subscribed-indices.values
11-05 21:53:39.533  2112 10838 D ReflectedParamUpdater: extent() != 1 for single value type: input.buffers.allocator-ids.values
11-05 21:53:39.534  2112 10838 D ReflectedParamUpdater: extent() != 1 for single value type: output.buffers.allocator-ids.values
11-05 21:53:39.534  2112 10838 D ReflectedParamUpdater: extent() != 1 for single value type: algo.buffers.allocator-ids.values
11-05 21:53:39.534  2112 10838 D ReflectedParamUpdater: extent() != 1 for single value type: output.buffers.pool-ids.values
11-05 21:53:39.534  2112 10838 D ReflectedParamUpdater: extent() != 1 for single value type: algo.buffers.pool-ids.values
11-05 21:53:39.536  2112 10838 I CCodecConfig: query failed after returning 7 values (BAD_INDEX)
11-05 21:53:39.536  2112 10838 D CCodecConfig: c2 config diff is Dict {
11-05 21:53:39.536  2112 10838 D CCodecConfig:   c2::u32 coded.bitrate.value = 64000
11-05 21:53:39.536  2112 10838 D CCodecConfig:   c2::u32 input.buffers.max-size.value = 32768
11-05 21:53:39.536  2112 10838 D CCodecConfig:   c2::u32 input.delay.value = 0
11-05 21:53:39.536  2112 10838 D CCodecConfig:   string input.media-type.value = "audio/vorbis"
11-05 21:53:39.536  2112 10838 D CCodecConfig:   string output.media-type.value = "audio/raw"
11-05 21:53:39.536  2112 10838 D CCodecConfig:   c2::u32 raw.channel-count.value = 1
11-05 21:53:39.536  2112 10838 D CCodecConfig:   c2::u32 raw.sample-rate.value = 48000
11-05 21:53:39.536  2112 10838 D CCodecConfig: }
11-05 21:53:39.536  2112 10838 D CCodecConfig: no c2 equivalents for durationUs
11-05 21:53:39.536  2112 10838 D CCodecConfig: no c2 equivalents for csd-1
11-05 21:53:39.536  2112 10838 D CCodecConfig: no c2 equivalents for track-id
11-05 21:53:39.536  2112 10838 D CCodecConfig: no c2 equivalents for channel-mask
11-05 21:53:39.539  2112 10838 D CCodecConfig: c2 config diff is   c2::u32 raw.channel-count.value = 2
11-05 21:53:39.539  2112 10838 D CCodecConfig:   c2::u32 raw.sample-rate.value = 44100
11-05 21:53:39.539  2112 10838 W Codec2Client: query -- param skipped: index = 1107298332.
11-05 21:53:39.539  2112 10838 D CCodec  : setup formats input: AMessage(what = 0x00000000) = {
11-05 21:53:39.539  2112 10838 D CCodec  :   int32_t channel-count = 2
11-05 21:53:39.539  2112 10838 D CCodec  :   int32_t max-input-size = 32768
11-05 21:53:39.539  2112 10838 D CCodec  :   string mime = "audio/vorbis"
11-05 21:53:39.539  2112 10838 D CCodec  :   int32_t sample-rate = 44100
11-05 21:53:39.539  2112 10838 D CCodec  : } and output: AMessage(what = 0x00000000) = {
11-05 21:53:39.539  2112 10838 D CCodec  :   int32_t channel-count = 2
11-05 21:53:39.539  2112 10838 D CCodec  :   string mime = "audio/raw"
11-05 21:53:39.539  2112 10838 D CCodec  :   int32_t sample-rate = 44100
11-05 21:53:39.539  2112 10838 D CCodec  :   int32_t channel-mask = 3
11-05 21:53:39.539  2112 10838 D CCodec  : }
11-05 21:53:39.542  1987 10647 W RuntimeIPCServerMgr: RPCClientHandler::MainLoop: Error reading pipe: Client: com.YourCompany.TemplateProject3:com.YourCompany.TemplateProject3:10581, Server: com.oculus.systemdriver:com.oculus.vrruntimeservice (HapticsServer)
11-05 21:53:39.542  3140 10643 W RuntimeIPCServerMgr: RPCClientHandler::MainLoop: Error reading pipe: Client: com.YourCompany.TemplateProject3:com.YourCompany.TemplateProject3:10581, Server: com.oculus.guardian:com.oculus.vrguardianservice (guardianserver)
11-05 21:53:39.543   838  3799 V C2Store : in ~ComponentModule
11-05 21:53:39.543   838  3799 V C2Store : unloading dll
11-05 21:53:39.544  2364 10642 W RuntimeIPCServerMgr: RPCClientHandler::MainLoop: Error reading pipe: Client: com.YourCompany.TemplateProject3:com.YourCompany.TemplateProject3:10581, Server: com.oculus.vrshell:com.oculus.vrshell:Overlay (ptkserviceserver)
11-05 21:53:39.545  1987 10639 W RuntimeIPCServerMgr: RPCClientHandler::MainLoop: Error reading pipe: Client: com.YourCompany.TemplateProject3:com.YourCompany.TemplateProject3:10581, Server: com.oculus.systemdriver:com.oculus.vrruntimeservice (RuntimeServiceServer)
11-05 21:53:39.545  1987 10639 I VrRuntimeService: RuntimeIPC: IPC_SYSTEM_EVENT_CLIENT_DISCONNECTED_EXT: com.YourCompany.TemplateProject3
11-05 21:53:39.545  1987 10639 I ClientMgr: ClientMgr::DestroyClient: 10581:com.YourCompany.TemplateProject3
11-05 21:53:39.545  1987 10639 I ClientMgr: ClientMgr::DestroyClient Destroying 2 swapchain(s) for 10581:com.YourCompany.TemplateProject3.
11-05 21:53:39.545  1987 10639 I ClientMgr: ClientMgr::DestroyClient: non-deferred ShutdownResources: 790 == 790 
11-05 21:53:39.545  1987 10639 I VrRuntimeServer: UnRegisterCompositorClient client(16)
11-05 21:53:39.545  1987 10639 I ClientMgr: RemoveClient: com.YourCompany.TemplateProject3:com.YourCompany.TemplateProject3:10581
11-05 21:53:39.545  1987 10638 W RuntimeIPCServerMgr: RPCClientHandler::MainLoop: Error reading pipe: Client: com.YourCompany.TemplateProject3:com.YourCompany.TemplateProject3:10581, Server: com.oculus.systemdriver:com.oculus.vrruntimeservice (gkcache)
11-05 21:53:39.547  1642  3697 W SessionController: Failed to stop session (com.oculus.systemdriver:render_process_unknown) because the sessionName does not exist.
11-05 21:53:39.548  3140  3199 I GuardianControllerCollisionTracker: Guardian Controller Collision: Magnitude: 28.167, Duration: -1.000 sec, TimeStamp: 2830.120361 sec
11-05 21:53:39.548  1987 10639 I UnifiedTelemetryWrapper: Stopped UT session render_process_unknown
11-05 21:53:39.548  3140  3199 I GuardianSystem: runtimeServiceSDKClient_.ActiveClientDestroyedEventData: package=[com.YourCompany.TemplateProject3], process=[com.YourCompany.TemplateProject3]
11-05 21:53:39.548  3140  3199 I GuardianSystem: OnDestroyActiveClient: com.YourCompany.TemplateProject3
11-05 21:53:39.552  1987 10639 I UnifiedTelemetryWrapper: Stopped UT session lifetime:com.YourCompany.TemplateProject3
11-05 21:53:39.555 10151 10260 E OsSdk   : error getting shared memory region, memory type: HeadTracker, failed with Status(-1, EX_SECURITY): 'requested shared memory region when not registered/focused'
11-05 21:53:39.568  2195  2534 W DeviceConfigUtil: Try to get config param "oculus_shared_social:oculus_messenger_reauth_removal" before Device Config has subscribed to the service.
11-05 21:53:39.589  1050  1167 W InputDispatcher: channel 'c14a3c1 com.YourCompany.TemplateProject3/com.epicgames.ue4.GameActivity (server)' ~ Consumer closed input channel or an error occurred.  events=0x9
11-05 21:53:39.589  1050  1167 E InputDispatcher: channel 'c14a3c1 com.YourCompany.TemplateProject3/com.epicgames.ue4.GameActivity (server)' ~ Channel is unrecoverably broken and will be disposed!
11-05 21:53:39.590   794  3656 W IPCDataChannelAndroidBinder: binder_test2: RuntimeIPC: ConnectionDiedInfo: onBinderDied: 0, com.YourCompany.TemplateProject3:com.YourCompany.TemplateProject3:10581
11-05 21:53:39.590   794  3656 I RuntimeIPCService: DestroyBrokerConnection: com.YourCompany.TemplateProject3:com.YourCompany.TemplateProject3:10581
11-05 21:53:39.590   794  3656 E IPCThreadState: attemptIncStrongHandle(7): Not supported
11-05 21:53:39.590  1987  2010 W IPCDataChannelAndroidBinder: binder_test2: RuntimeIPC: ConnectionDiedInfo: onBinderDied: 1, com.YourCompany.TemplateProject3:com.YourCompany.TemplateProject3:10581
11-05 21:53:39.590  1987  2010 W IPCDataChannelServer: datachannel_test: Disconnected: 3104909574, com.YourCompany.TemplateProject3:com.YourCompany.TemplateProject3:10581
11-05 21:53:39.590  1987  2010 E IPCThreadState: attemptIncStrongHandle(94): Not supported
11-05 21:53:39.590  2364 10795 W IPCDataChannelAndroidBinder: binder_test2: RuntimeIPC: ConnectionDiedInfo: onBinderDied: 1, com.YourCompany.TemplateProject3:com.YourCompany.TemplateProject3:10581
11-05 21:53:39.591  2364 10795 W IPCDataChannelServer: datachannel_test: Disconnected: 3104909574, com.YourCompany.TemplateProject3:com.YourCompany.TemplateProject3:10581
11-05 21:53:39.591  2364 10795 E IPCThreadState: attemptIncStrongHandle(80): Not supported
11-05 21:53:39.591  3140  3166 W IPCDataChannelAndroidBinder: binder_test2: RuntimeIPC: ConnectionDiedInfo: onBinderDied: 1, com.YourCompany.TemplateProject3:com.YourCompany.TemplateProject3:10581
11-05 21:53:39.591  3140  3166 W IPCDataChannelServer: datachannel_test: Disconnected: 3104909574, com.YourCompany.TemplateProject3:com.YourCompany.TemplateProject3:10581
11-05 21:53:39.591  3140  3166 E IPCThreadState: attemptIncStrongHandle(69): Not supported
11-05 21:53:39.592  1050  7310 D ConnectivityService: ConnectivityService NetworkRequestInfo binderDied(NetworkRequest [ LISTEN id=28, [ Transports: CELLULAR|WIFI|BLUETOOTH|ETHERNET|VPN Capabilities: INTERNET&NOT_RESTRICTED&TRUSTED&NOT_VPN&VALIDATED&FOREGROUND Uid: 10138] ], android.os.BinderProxy@6513bab)
11-05 21:53:39.596  2201  2201 I Zygote  : Process 10581 exited cleanly (0)
11-05 21:53:39.596  1050  5051 I WindowManager: WIN DEATH: Window{c14a3c1 u0 com.YourCompany.TemplateProject3/com.epicgames.ue4.GameActivity}
11-05 21:53:39.596  1050  5051 W InputDispatcher: Attempted to unregister already unregistered input channel 'c14a3c1 com.YourCompany.TemplateProject3/com.epicgames.ue4.GameActivity (server)'
11-05 21:53:39.597 10151 10260 E OsSdk   : error getting shared memory region, memory type: HeadTracker, failed with Status(-1, EX_SECURITY): 'requested shared memory region when not registered/focused'
11-05 21:53:39.597  1503  1503 V AvrcpMediaPlayerList: onPlaybackConfigChanged(): Configs list size=7
11-05 21:53:39.598  1503  1503 V AvrcpMediaPlayerList: onPlaybackConfigChanged(): Configs list size=6
11-05 21:53:39.609  1050  2969 I ActivityManager: Process com.YourCompany.TemplateProject3 (pid 10581) has died: cch CRE 
11-05 21:53:39.628  1050  1082 I libprocessgroup: Successfully killed process cgroup uid 10138 pid 10581 in 9ms
11-05 21:53:39.634  1050  1073 W ActivityManager: setHasOverlayUi called on unknown pid: 10581
11-05 21:53:39.637 10151 10260 E OsSdk   : error getting shared memory region, memory type: HeadTracker, failed with Status(-1, EX_SECURITY): 'requested shared memory region when not registered/focused'
11-05 21:53:39.677 10151 10260 E OsSdk   : error getting shared memory region, memory type: HeadTracker, failed with Status(-1, EX_SECURITY): 'requested shared memory region when not registered/focused'
11-05 21:53:39.684  2112 10845 D CCodec  : allocate(c2.android.vorbis.decoder)
11-05 21:53:39.684   838  3799 V C2Store : in init
11-05 21:53:39.684   838  3799 V C2Store : loading dll
11-05 21:53:39.688  2112 10845 I CCodec  : Created component [c2.android.vorbis.decoder]
11-05 21:53:39.689  2112 10845 D CCodecConfig: read media type: audio/vorbis
11-05 21:53:39.691  2112 10845 D ReflectedParamUpdater: extent() != 1 for single value type: algo.buffers.max-count.values
11-05 21:53:39.692  2112 10845 D ReflectedParamUpdater: extent() != 1 for single value type: output.subscribed-indices.values
11-05 21:53:39.692  2112 10845 D ReflectedParamUpdater: extent() != 1 for single value type: input.buffers.allocator-ids.values
11-05 21:53:39.692  2112 10845 D ReflectedParamUpdater: extent() != 1 for single value type: output.buffers.allocator-ids.values
11-05 21:53:39.693  2112 10845 D ReflectedParamUpdater: extent() != 1 for single value type: algo.buffers.allocator-ids.values
11-05 21:53:39.693  2112 10845 D ReflectedParamUpdater: extent() != 1 for single value type: output.buffers.pool-ids.values
11-05 21:53:39.693  2112 10845 D ReflectedParamUpdater: extent() != 1 for single value type: algo.buffers.pool-ids.values
11-05 21:53:39.695  2112 10845 I CCodecConfig: query failed after returning 7 values (BAD_INDEX)
11-05 21:53:39.695  2112 10845 D CCodecConfig: c2 config diff is Dict {
11-05 21:53:39.695  2112 10845 D CCodecConfig:   c2::u32 coded.bitrate.value = 64000
11-05 21:53:39.695  2112 10845 D CCodecConfig:   c2::u32 input.buffers.max-size.value = 32768
11-05 21:53:39.695  2112 10845 D CCodecConfig:   c2::u32 input.delay.value = 0
11-05 21:53:39.695  2112 10845 D CCodecConfig:   string input.media-type.value = "audio/vorbis"
11-05 21:53:39.695  2112 10845 D CCodecConfig:   string output.media-type.value = "audio/raw"
11-05 21:53:39.695  2112 10845 D CCodecConfig:   c2::u32 raw.channel-count.value = 1
11-05 21:53:39.695  2112 10845 D CCodecConfig:   c2::u32 raw.sample-rate.value = 48000
11-05 21:53:39.695  2112 10845 D CCodecConfig: }
11-05 21:53:39.695  2112 10845 D CCodecConfig: no c2 equivalents for durationUs
11-05 21:53:39.695  2112 10845 D CCodecConfig: no c2 equivalents for csd-1
11-05 21:53:39.695  2112 10845 D CCodecConfig: no c2 equivalents for track-id
11-05 21:53:39.695  2112 10845 D CCodecConfig: no c2 equivalents for channel-mask
11-05 21:53:39.696  2112 10845 D CCodecConfig: c2 config diff is   c2::u32 raw.channel-count.value = 2
11-05 21:53:39.696  2112 10845 D CCodecConfig:   c2::u32 raw.sample-rate.value = 44100
11-05 21:53:39.696  2112 10845 W Codec2Client: query -- param skipped: index = 1107298332.
11-05 21:53:39.696  2112 10845 D CCodec  : setup formats input: AMessage(what = 0x00000000) = {
11-05 21:53:39.696  2112 10845 D CCodec  :   int32_t channel-count = 2
11-05 21:53:39.696  2112 10845 D CCodec  :   int32_t max-input-size = 32768
11-05 21:53:39.696  2112 10845 D CCodec  :   string mime = "audio/vorbis"
11-05 21:53:39.696  2112 10845 D CCodec  :   int32_t sample-rate = 44100
11-05 21:53:39.696  2112 10845 D CCodec  : } and output: AMessage(what = 0x00000000) = {
11-05 21:53:39.696  2112 10845 D CCodec  :   int32_t channel-count = 2
11-05 21:53:39.696  2112 10845 D CCodec  :   string mime = "audio/raw"
11-05 21:53:39.696  2112 10845 D CCodec  :   int32_t sample-rate = 44100
11-05 21:53:39.696  2112 10845 D CCodec  :   int32_t channel-mask = 3
11-05 21:53:39.696  2112 10845 D CCodec  : }
11-05 21:53:39.702  2112 10845 W Codec2Client: query -- param skipped: index = 1342179345.
11-05 21:53:39.702  2112 10845 W Codec2Client: query -- param skipped: index = 2415921170.
11-05 21:53:39.703  2112 10845 D CCodecBufferChannel: [c2.android.vorbis.decoder#212] Created input block pool with allocatorID 16 => poolID 56 - OK (0)
11-05 21:53:39.704  2112 10845 I CCodecBufferChannel: [c2.android.vorbis.decoder#212] Created output block pool with allocatorID 16 => poolID 91 - OK
11-05 21:53:39.704  2112 10845 D CCodecBufferChannel: [c2.android.vorbis.decoder#212] Configured output block pool ids 91 => OK
11-05 21:53:39.706   838 10846 D SimpleC2Component: Using output block pool with poolID 91 => got 91 - 0
11-05 21:53:39.718 10151 10260 E OsSdk   : error getting shared memory region, memory type: HeadTracker, failed with Status(-1, EX_SECURITY): 'requested shared memory region when not registered/focused'
11-05 21:53:39.740   849 10522 W [CT]    : CONSTELLATION: R: LED Mahalanobis distance p50 = 3.27 too high. Fallback to full pose update.
11-05 21:53:39.741   838  4042 V C2Store : in ~ComponentModule
11-05 21:53:39.741   838  4042 V C2Store : unloading dll
11-05 21:53:39.750  3140  3199 I StateMachine: StateMachine::Update ForceShow: stopForceShow -> ForceShowOff
11-05 21:53:39.756 10151 10260 E OsSdk   : error getting shared memory region, memory type: HeadTracker, failed with Status(-1, EX_SECURITY): 'requested shared memory region when not registered/focused'
11-05 21:53:39.757 10151 10260 E OsSdk   : error getting shared memory region, memory type: AnchorTracker, failed with Status(-1, EX_SECURITY): 'requested shared memory region when not registered/focused'
11-05 21:53:39.780   849 10522 W [CT]    : CONSTELLATION: R: LED Mahalanobis distance p50 = 2.14 too high. Fallback to full pose update.
11-05 21:53:39.803 10151 10260 E OsSdk   : error getting shared memory region, memory type: HeadTracker, failed with Status(-1, EX_SECURITY): 'requested shared memory region when not registered/focused'
11-05 21:53:39.848 10151 10260 I chatty  : uid=10033(com.oculus.xrstreamingclient) SlamAnchorMem identical 1 line
11-05 21:53:39.891 10151 10260 E OsSdk   : error getting shared memory region, memory type: HeadTracker, failed with Status(-1, EX_SECURITY): 'requested shared memory region when not registered/focused'
11-05 21:53:39.893   849  9400 I [CT]    : CONSTELLATION: L: Detected static IMU, no button event and has tracked position => Applying constant controller pose.
11-05 21:53:39.932 10151 10205 D xrstreaming: receive ping: org 0 recv 0 xmt 21549908076000 (received at 2830527053294), offset divergence 23114
11-05 21:53:39.937 10151 10260 E OsSdk   : error getting shared memory region, memory type: HeadTracker, failed with Status(-1, EX_SECURITY): 'requested shared memory region when not registered/focused'
11-05 21:53:39.940   849 10516 I [CT]    : VIPER: Mode=SuperVega,Status=6DoF,TRACKING,Inl=39,Mem=91.6,Jit=0.5mm,Issues(Cam/min=0.0,IMU/min=0.0),Exp=(14.0ms,g=15.0,I=61,Ir=292.1)(14.0ms,g=15.0,I=26,Ir=128.3)(14.0ms,g=15.0,I=40,Ir=191.2)(14.0ms,g=15.0,I=61,Ir=293.9)
11-05 21:53:39.940   849 10516 W [CT]    : VIPER: Images too dark, 
11-05 21:53:39.960   849  6789 I chatty  : uid=1000(system) Binder:849_4 identical 12 lines
11-05 21:53:39.961 10151 10260 E OsSdk   : error getting shared memory region, memory type: HeadTracker, failed with Status(-1, EX_SECURITY): 'requested shared memory region when not registered/focused'
11-05 21:53:40.002  2112 10760 I VrApi   : FPS=90/90,Prd=28ms,Tear=0,Early=0,Stale=8,VSnc=0,Lat=-1,Fov=0,CPU4/GPU=4/3,2419/490MHz,OC=FF,TA=0/70/0,SP=N/F/N,Mem=2092MHz,Free=2218MB,PLS=0,Temp=28.7C/0.0C,TW=1.70ms,App=4.67ms,GD=0.00ms,CPU&GPU=7.88ms,LCnt=3(DR35,LM2),GPU%=0.65,CPU%=0.15(W0.19),DSF=1.00,CFL=14.84/19.73
11-05 21:53:40.003   849  6789 W TrackingService: attachClient: found client in attached list
11-05 21:53:40.004 10151 10260 E OsSdk   : error getting shared memory region, memory type: HeadTracker, failed with Status(-1, EX_SECURITY): 'requested shared memory region when not registered/focused'
11-05 21:53:40.004   849  1037 W TrackingService: attachClient: found client in attached list
11-05 21:53:40.005 10151 10260 E OsSdk   : error getting shared memory region, memory type: AnchorTracker, failed with Status(-1, EX_SECURITY): 'requested shared memory region when not registered/focused'
11-05 21:53:40.011   849  9400 I [CT]    : CONSTELLATION: R: Detected static IMU, no button event and has tracked position => Applying constant controller pose.
11-05 21:53:40.051 10151 10260 E OsSdk   : error getting shared memory region, memory type: HeadTracker, failed with Status(-1, EX_SECURITY): 'requested shared memory region when not registered/focused'
11-05 21:53:40.124 10151 10260 I chatty  : uid=10033(com.oculus.xrstreamingclient) SlamAnchorMem identical 2 lines
11-05 21:53:40.170 10151 10260 E OsSdk   : error getting shared memory region, memory type: HeadTracker, failed with Status(-1, EX_SECURITY): 'requested shared memory region when not registered/focused'
11-05 21:53:40.176  1987  2919 I PerformanceManager_V0: SetClockLevels: Apply pending clock request change: 4,3 -> 3,3
11-05 21:53:40.176  1987  2914 I Clocks  : ReleaseClocks - start
11-05 21:53:40.178  1987  2914 I Clocks  : ReleaseClocks - end (2.6 ms)
11-05 21:53:40.179  1987  2914 I Clocks  : LockClocks( cpu=3, gpu=3 ) - start
11-05 21:53:40.179  1987  2914 I Clocks  : CPU levels [0, 4]
11-05 21:53:40.179  1987  2914 I Clocks  : GPU levels [0, 5]
11-05 21:53:40.180  1987  2914 I Clocks  : LockClocks( cpu=3, gpu=3 ) - end (1.2 ms)
11-05 21:53:40.216   849  1037 I chatty  : uid=1000(system) Binder:849_1 identical 5 lines
11-05 21:53:40.216 10151 10260 E OsSdk   : error getting shared memory region, memory type: HeadTracker, failed with Status(-1, EX_SECURITY): 'requested shared memory region when not registered/focused'
11-05 21:53:40.259   849  1037 W TrackingService: attachClient: found client in attached list
11-05 21:53:40.261 10151 10260 E OsSdk   : error getting shared memory region, memory type: HeadTracker, failed with Status(-1, EX_SECURITY): 'requested shared memory region when not registered/focused'
11-05 21:53:40.261   849  6789 W TrackingService: attachClient: found client in attached list
11-05 21:53:40.262 10151 10260 E OsSdk   : error getting shared memory region, memory type: AnchorTracker, failed with Status(-1, EX_SECURITY): 'requested shared memory region when not registered/focused'
11-05 21:53:40.300  2364  3003 I [OAO] ShellOverlayApp: Sleep timeout exceeded. Timeout:2830.865174, Now:2830.894856. Sleeping... 
11-05 21:53:40.300  2364  3003 I [OAO] ShellOverlayApp: WaitForWake: VrThread entering waiting state
11-05 21:53:40.306 10151 10260 E OsSdk   : error getting shared memory region, memory type: HeadTracker, failed with Status(-1, EX_SECURITY): 'requested shared memory region when not registered/focused'
11-05 21:53:40.475   849  6789 I chatty  : uid=1000(system) Binder:849_4 identical 5 lines
11-05 21:53:40.476 10151 10260 I chatty  : uid=10033(com.oculus.xrstreamingclient) SlamAnchorMem identical 4 lines
11-05 21:53:40.520   849  6789 W TrackingService: attachClient: found client in attached list
11-05 21:53:40.520 10151 10260 E OsSdk   : error getting shared memory region, memory type: HeadTracker, failed with Status(-1, EX_SECURITY): 'requested shared memory region when not registered/focused'
11-05 21:53:40.521   849  1037 W TrackingService: attachClient: found client in attached list
11-05 21:53:40.522 10151 10260 E OsSdk   : error getting shared memory region, memory type: AnchorTracker, failed with Status(-1, EX_SECURITY): 'requested shared memory region when not registered/focused'
11-05 21:53:40.566 10151 10260 E OsSdk   : error getting shared memory region, memory type: HeadTracker, failed with Status(-1, EX_SECURITY): 'requested shared memory region when not registered/focused'
11-05 21:53:40.720   849  1037 I chatty  : uid=1000(system) Binder:849_1 identical 5 lines
11-05 21:53:40.721 10151 10260 I chatty  : uid=10033(com.oculus.xrstreamingclient) SlamAnchorMem identical 4 lines
11-05 21:53:40.766   849  1037 W TrackingService: attachClient: found client in attached list
11-05 21:53:40.767 10151 10260 E OsSdk   : error getting shared memory region, memory type: HeadTracker, failed with Status(-1, EX_SECURITY): 'requested shared memory region when not registered/focused'
11-05 21:53:40.767   849  6789 W TrackingService: attachClient: found client in attached list
11-05 21:53:40.768 10151 10260 E OsSdk   : error getting shared memory region, memory type: AnchorTracker, failed with Status(-1, EX_SECURITY): 'requested shared memory region when not registered/focused'
11-05 21:53:40.811 10151 10260 E OsSdk   : error getting shared memory region, memory type: HeadTracker, failed with Status(-1, EX_SECURITY): 'requested shared memory region when not registered/focused'
11-05 21:53:40.836 10151 10260 E OsSdk   : error getting shared memory region, memory type: HeadTracker, failed with Status(-1, EX_SECURITY): 'requested shared memory region when not registered/focused'
11-05 21:53:40.880   849 10516 W [CT]    : TIMESTAMPCHECKER: Nominal rate wrong. Estimated data rate: 25, Nominal is 30.000300003000028
11-05 21:53:40.886 10151 10260 E OsSdk   : error getting shared memory region, memory type: HeadTracker, failed with Status(-1, EX_SECURITY): 'requested shared memory region when not registered/focused'
11-05 21:53:40.928 10151 10260 E OsSdk   : error getting shared memory region, memory type: HeadTracker, failed with Status(-1, EX_SECURITY): 'requested shared memory region when not registered/focused'
11-05 21:53:40.944 10151 10205 D xrstreaming: receive ping: org 0 recv 0 xmt 21550920058000 (received at 2831539162095), offset divergence 23114
11-05 21:53:40.970   849  6789 I chatty  : uid=1000(system) Binder:849_4 identical 5 lines
11-05 21:53:40.971 10151 10260 E OsSdk   : error getting shared memory region, memory type: HeadTracker, failed with Status(-1, EX_SECURITY): 'requested shared memory region when not registered/focused'
11-05 21:53:41.003  2112 10760 I VrApi   : FPS=90/90,Prd=0ms,Tear=0,Early=5,Stale=0,VSnc=0,Lat=-1,Fov=0,CPU4/GPU=3/3,2419/490MHz,OC=FF,TA=0/70/0,SP=N/F/N,Mem=2092MHz,Free=2218MB,PLS=0,Temp=28.7C/0.0C,TW=1.03ms,App=0.01ms,GD=0.00ms,CPU&GPU=0.60ms,LCnt=1(DR0,LM0),GPU%=0.11,CPU%=0.03(W0.05),DSF=1.00,CFL=14.63/19.76
11-05 21:53:41.016   849  6789 W TrackingService: attachClient: found client in attached list
11-05 21:53:41.017 10151 10260 E OsSdk   : error getting shared memory region, memory type: HeadTracker, failed with Status(-1, EX_SECURITY): 'requested shared memory region when not registered/focused'
11-05 21:53:41.017   849  1037 W TrackingService: attachClient: found client in attached list
