11-04 21:44:20.716  3411  3411 D [SUI] AnytimeUIBroadcastReceiver: requestCaptureState being sent
11-04 21:44:20.717  3411 14902 D QuickPromotionController: Initialized and enabled.
11-04 21:44:20.717  3411 14902 D QuickPromotionController: Fetching Quick Promotions for all surfaces.
11-04 21:44:20.717  3411 14902 D QuickPromotionController: Initialized and enabled.
11-04 21:44:20.717  3411 14902 D QuickPromotionController: Set access token.
11-04 21:44:20.717  3411  3411 D [SUI] StatusViewModel: Constructing ViewModel
11-04 21:44:20.718  3411 14902 D QuickPromotionController: Fetched Quick Promotions for all surfaces.
11-04 21:44:20.719  3411  3411 I android_os_HwBinder: HwBinder: Starting thread pool for getting: vendor.oculus.hardware.battery@1.0::IBattery/default
11-04 21:44:20.719  2162  2162 I OVRMediaServiceManager: Sending onAppStart (com.oculus.shellenv) to SocialPlatform (com.oculus.socialplatform)
11-04 21:44:20.721  3411  3411 D [SUI] StatusViewModel: Initializing wifi status BroadcastReceiver
11-04 21:44:20.722  1949 14673 I CompositorVR: WarpToScreen: Skipping frames for 17
11-04 21:44:20.722  3623  3846 I chatty  : uid=10020(com.oculus.vrshell) ShellMainVR expire 3 lines
11-04 21:44:20.724  2310  3131 I chatty  : uid=10020(com.oculus.vrshell) ShellOverlayVR expire 27 lines
11-04 21:44:20.726  2310 14841 I chatty  : uid=10020(com.oculus.vrshell) ShellOverlayMai expire 1 line
11-04 21:44:20.727  1949  3115 I VrRuntimeService: RuntimeServiceSDKServer::EnableRendering: 0x0, 0, com.oculus.vrshell:Overlay
11-04 21:44:20.727  1949  3115 I ClientMgr: ClientMgr::EnableRendering 2310:com.oculus.vrshell : type 1 comp-id 3: disable
11-04 21:44:20.727  1949  3115 I VrRuntimeServer: DisableCompositorClient: 3
11-04 21:44:20.727  1949  3115 I CompositorClientMgr: Disable client 3
11-04 21:44:20.727  1949  3115 I CompositorClientMgr: DisableClient: frame flush required: 1
11-04 21:44:20.729  3623  3846 I chatty  : uid=10020(com.oculus.vrshell) ShellMainVR expire 4 lines
11-04 21:44:20.730  3411  3411 D [SUI] StatusViewModel: Initialized wifi status BroadcastReceiver
11-04 21:44:20.733  3411  3411 D [SUI] AnytimeUIPanelAppBase: Acquiring viewModel StatusViewModel refCount: 1
11-04 21:44:20.733  3411  3411 D [SUI] AirlinkUtils: Initializing AirlinkUtils...
11-04 21:44:20.733  1949 14673 I CompositorVR: WarpToScreen: Skipping frames for 17
11-04 21:44:20.734  3411  3411 D [SUI] AirlinkUtils: Initializing wifi status BroadcastReceiver
11-04 21:44:20.743  3411  3411 D OsSdk   : XrspBroker: setALEnabled 0
11-04 21:44:20.743  3411  3411 I [SUI] XrspBrokerHelper: Set AirLink Enabled Secured: 0
11-04 21:44:20.743   891  3968 D xrspd   : setALEnabled 0
11-04 21:44:20.743   891  3968 D xrspd   : setAlinkEnabledCallback disabled, already using usb, ignoring
11-04 21:44:20.743  3411  3411 I [SUI] AnytimeUIAndroidPanelApp: Creating AUI PanelApp, isInOverlay: false, instanceCount: 1
11-04 21:44:20.744  1949 14673 I CompositorVR: LatchWarpClients: Multiple Primary Clients detected. Skipping frames for 17
11-04 21:44:20.744  1949 14673 I CompositorVR: WarpToScreen: Skipping frames for 17
11-04 21:44:20.745  1949  3115 I UnifiedTelemetryWrapper: Stopped UT session render:com.oculus.vrshell:Overlay
11-04 21:44:20.745  2310 14851 I chatty  : uid=10020(com.oculus.vrshell) ShellOverlayMai expire 1 line
11-04 21:44:20.746  3411  3411 D [SUI] ActivityManagerUtilsHelper: Enabling the activity listener capability with initial foreground package com.oculus.shellenv
11-04 21:44:20.748  3411  3411 D [SUI] AnytimeUIBroadcastReceiver: requestCaptureState being sent
11-04 21:44:20.750  3411  3411 D [SUI] SocialViewModel: Constructing ViewModel
11-04 21:44:20.751  3411  3411 D [SUI] AnytimeUIPanelAppBase: Acquiring viewModel SocialViewModel refCount: 1
11-04 21:44:20.751  3411  3411 D [SUI] DynamicAppsViewModel: Initializing pinned apps
11-04 21:44:20.751  3411  3411 D [SUI] AppStateUtil: Notifying observers com.oculus.explore is pinned=true
11-04 21:44:20.751  3411  3411 D [SUI] AppStateUtil: Notifying observers com.oculus.store is pinned=true
11-04 21:44:20.751  3411  3411 D [SUI] AppStateUtil: Notifying observers messenger_system_app is pinned=true
11-04 21:44:20.751  3411  3411 D [SUI] AppStateUtil: Notifying observers share_system_app is pinned=true
11-04 21:44:20.751  3411  3411 D [SUI] AnytimeUIPanelAppBase: Acquiring viewModel DynamicAppsViewModel refCount: 1
11-04 21:44:20.751  3411  3411 D [SUI] SharingViewModel: Constructing ViewModel
11-04 21:44:20.753  3411  3411 D [SUI] SharingViewModel: clearAbuseReportRecordingTimer
11-04 21:44:20.753  3411  3411 D [SUI] AnytimeUIPanelAppBase: Acquiring viewModel SharingViewModel refCount: 1
11-04 21:44:20.753  3411  3411 I AndroidPanelApp: HideLayer(#main, shape: 1, shouldMinimizeLayer: false)
11-04 21:44:20.754  1043  7401 I DisplayManagerService: Display device added: DisplayDeviceInfo{"com.oculus.android_panel_app.AndroidPanelLayer-#main": uniqueId="virtual:com.oculus.systemux,10026,com.oculus.android_panel_app.AndroidPanelLayer-#main,3", 800 x 1250, modeId 231, defaultModeId 231, supportedModes [{id=231, width=800, height=1250, fps=60.0}], colorMode 0, supportedColorModes [0], HdrCapabilities null, density 200, 200.0 x 200.0 dpi, appVsyncOff 0, presDeadline 16666666, touch NONE, rotation 0, type VIRTUAL, state OFF, owner com.oculus.systemux (uid 10026), FLAG_PRIVATE, FLAG_NEVER_BLANK, FLAG_OWN_CONTENT_ONLY}
11-04 21:44:20.755  2162  2162 E OVRMediaServiceManager: LivestreamingManager Not initialized
11-04 21:44:20.755  1949 14673 I CompositorVR: WarpToScreen: Skipping frames for 17
11-04 21:44:20.766  1949 14673 I CompositorVR: WarpToScreen: Skipping frames for 17
11-04 21:44:20.770  3411  3411 D [SUI] BarViewModel: Constructing BarViewModel
11-04 21:44:20.770  3411  3411 D [SUI] AnytimeUIPanelAppBase: Acquiring viewModel BarViewModel refCount: 1
11-04 21:44:20.770  3411  3411 D [SUI] SettingsViewModel: Constructing ViewModel
11-04 21:44:20.772  3411  3411 D [SUI] AnytimeUIPanelAppBase: Acquiring viewModel StatusViewModel refCount: 2
11-04 21:44:20.777  1949 14673 I CompositorVR: WarpToScreen: Skipping frames for 17
11-04 21:44:20.788  1949 14673 I CompositorVR: WarpToScreen: Skipping frames for 17
11-04 21:44:20.791  1043  1062 W InputReader: Device has associated, but no associated display id.
11-04 21:44:20.797  3575  3621 I Clay    : Local user with id 106765628877334 does have a custom avatar
11-04 21:44:20.799  1043  1064 W InputReader: Device has associated, but no associated display id.
11-04 21:44:20.799  1043  1064 I ActivityTaskManager: Override config changes=20005df8 {0.0 ?mcc?mnc ?localeList ?layoutDir sw640dp w640dp h1000dp 200dpi lrg port ?uimode ?night -touch qwerty/v/v -nav/h winConfig={ mBounds=Rect(0, 0 - 800, 1250) mAppBounds=Rect(0, 0 - 800, 1250) mWindowingMode=fullscreen mDisplayWindowingMode=fullscreen mActivityType=undefined mAlwaysOnTop=undefined mRotation=ROTATION_0}} for displayId=170
11-04 21:44:20.800  1949 14673 I CompositorVR: WarpToScreen: Skipping frames for 17
11-04 21:44:20.802  3411  3411 D [SUI] AnytimeUIPanelAppBase: Acquiring viewModel SettingsViewModel refCount: 1
11-04 21:44:20.802  3411  3411 D [SUI] AnytimeUIPanelAppBase: Acquiring viewModel StatusViewModel refCount: 3
11-04 21:44:20.802  3411  3411 D [SUI] ActiveCallBarViewModel: Constructing ActiveCallBarViewModel
11-04 21:44:20.802  3411  3411 I [SUI] PartiesCallBarViewModel: new ServicePresenceClient
11-04 21:44:20.807  3411  3411 I PresenceAPK(ServiceApiManager): Trying to bind to presence service API.
11-04 21:44:20.810  1043 12614 W ActivityManager: Unable to start service Intent { act=com.oculus.presence.StablePresenceService cmp=com.oculus.presence/.services.presence.PresenceService } U=0: not found
11-04 21:44:20.810  3411  3411 E PresenceAPK(ServiceApiManager): Enabling backward compatible mode for service directory
11-04 21:44:20.811  1949 14673 I CompositorVR: WarpToScreen: Skipping frames for 17
11-04 21:44:20.819  3411  3411 D PresenceAPK(PresenceClient): setEventListener id=SystemCallGroup
11-04 21:44:20.820  3411  3411 I PresenceAPK(GroupManager): addListener for id SystemCallGroup
11-04 21:44:20.820  3411  3411 D [SUI] MessengerCallBarViewModel: constructing MessengerCallBarViewModel
11-04 21:44:20.820  3411  3411 D [SUI] MessengerCallViewModel: constructing MessengerCallViewModel, instance count:16
11-04 21:44:20.821  3411  3411 D HyperspaceClient: acquire instance, refcount: 1
11-04 21:44:20.821  3411  3411 D [SUI] MessengerCallViewModel: hyperspace client created
11-04 21:44:20.821  3411  3411 D [SUI] AnytimeUIPanelAppBase: Acquiring viewModel MessengerCallViewModel refCount: 1
11-04 21:44:20.821  3411  3411 D [SUI] MessengerCallViewModel: registerObserver
11-04 21:44:20.821  3411  3411 D [SUI] AnytimeUIPanelAppBase: Acquiring viewModel ActiveCallBarViewModel refCount: 1
11-04 21:44:20.821  3411 14911 D HyperspaceClientJni: initInternal - start
11-04 21:44:20.821  3411 14911 D HyperspaceClientJni: startHyperspacePresenceServiceClient
11-04 21:44:20.821  3411 14911 D HyperspaceClientJni: initHyperspacePresenceServiceClient begin
11-04 21:44:20.821  3411 14911 I ipcLoader_static: RuntimeIPC: Loader: IPC Service API Loader Version: 31 Sep  3 2022 22:16:47
11-04 21:44:20.821  3411 14911 I RuntimeIPCApi: ipc_Initialize
11-04 21:44:20.821  3411 14911 I RuntimeIPCServiceClient: Init: Already initialized: com.oculus.systemux:SystemUX, 2
11-04 21:44:20.822  2162  2162 I OVRMediaService: onStartCommand Received message type: overlay_input_focus_change, caller package: com.oculus.vrshell, app identify: AppIdentity{uid=10020, packageNames=[com.oculus.vrshell], sha1=MxZgtt071YLz39PLrkVGckZooCE, sha2=3C-DTjwZQjeLFPB2yCzRq1nqZWa_9HMLIEfpjvyfna8, version=null, domain=null}
11-04 21:44:20.822  1949 14673 I CompositorVR: WarpToScreen: Skipping frames for 17
11-04 21:44:20.823  3411  3411 D [SUI] OnboardingTutorial: Initialize Onboarding Tutorial
11-04 21:44:20.824  2441  2464 D RuntimeIPCServerMgr: RegisterClient: Client: com.oculus.systemux:com.oculus.systemux:SystemUX:3411, Server: com.oculus.presence:com.oculus.presence (PresenceServer)
11-04 21:44:20.824  3411  3411 D [SUI] OnboardingTutorial: Step is: NOT_BRAND_NEW_USER
11-04 21:44:20.824  3411  3411 D [SUI] OnboardingTutorial: Not a first time user; skipping the tutorial
11-04 21:44:20.824  2441  2464 I IPCSharedMemory: CreateSharedMemory: Allocated shared memory fd 105 (ipcStateReadWrite)
11-04 21:44:20.824  3411  3411 D [SUI] SystemStatusView: Initializing System Status
11-04 21:44:20.824  3411  3411 D [SUI] AnytimeUIPanelAppBase: Acquiring viewModel SocialViewModel refCount: 2
11-04 21:44:20.824  3411  3411 D [SUI] StatusViewModel: Constructing ViewModel
11-04 21:44:20.826  3411  3411 I android_os_HwBinder: HwBinder: Starting thread pool for getting: vendor.oculus.hardware.battery@1.0::IBattery/default
11-04 21:44:20.826  2441  2464 I IPCSharedMemory: CreateSharedMemory: Allocated shared memory fd 106 (ipcReadOnlyState)
11-04 21:44:20.826  2441  2464 I RuntimeIPCServerMgr: Event buffer size (server): 8192
11-04 21:44:20.827  2441  2464 I IPCSharedMemory: CreateSharedMemory: Allocated shared memory fd 115 (ipcEventBuffer)
11-04 21:44:20.828  2441  2464 I IPCSharedMemory: CreateSharedMemory: Allocated shared memory fd 116 (ipcEventBuffer_Private)
11-04 21:44:20.828  2441  2464 I RuntimeIPCServerMgr: HandleClientConnect SUCCESS: Client: com.oculus.systemux:com.oculus.systemux:SystemUX:3411, Server: com.oculus.presence:com.oculus.presence (PresenceServer)
11-04 21:44:20.829  2441  2464 I RuntimeIPCServerMgr: GetServerStatesConfig -> {MaxBufferSize=32768, MaxEntries=64}
11-04 21:44:20.829  3411 14911 I RuntimeIPCClient: GetServerStatesConfig returned maxEntries=64, maxBuffSize=32768
11-04 21:44:20.829  3411 14911 I RuntimeIPCClient: Event buffer size (client): 8192
11-04 21:44:20.829  3411 14911 I RuntimeIPCClient: TryToGetIPCResourcesFromServer: RPC_CONNECTOR_CONNECT_TO_SERVER SUCCESS: Client: com.oculus.systemux:com.oculus.systemux:SystemUX:3411, Server: com.oculus.presence:com.oculus.presence (PresenceServer)
11-04 21:44:20.829  3411 14911 I RuntimeIPCClient: EnsureServerConnection: SUCCESS. Client: com.oculus.systemux:com.oculus.systemux:SystemUX:3411, Server: com.oculus.presence:com.oculus.presence (PresenceServer)
11-04 21:44:20.829  3411 14911 I RuntimeIPCClientMgr: ConnectToServer: SUCCESS: Client: com.oculus.systemux:com.oculus.systemux:SystemUX:3411, Server: com.oculus.presence:com.oculus.presence (PresenceServer)
11-04 21:44:20.829  3411 14911 W REFLECT : RuntimeIPC: DeferredConnectEvent not valid: 0, 16777250
11-04 21:44:20.830  2162  2162 I OVRMediaService: Received OVERLAY_INPUT_FOCUS_CHANGE. is focused: false
11-04 21:44:20.832  3411 14912 D CCodec  : allocate(c2.android.raw.decoder)
11-04 21:44:20.832   832   996 V C2Store : in init
11-04 21:44:20.832  3575  3621 I Clay    : EnvironmentSystem::update: setting scene background audio for scene zip 'apk://com.environment.matrixloadingvoid/assets/scene.zip'
11-04 21:44:20.832   832   996 V C2Store : loading dll
11-04 21:44:20.832  3575  3621 I Clay    : EnvironmentAudioSystem::setSceneBackgroundLoop: set scene audio: apk://com.environment.matrixloadingvoid/assets/scene.zip
11-04 21:44:20.832  2162  2162 I OVRMediaService: onStartCommand Received message type: com.oculus.horizon.GET_CAPTURE_STATE_ACTION, caller package: no_app_identity, app identify: null
11-04 21:44:20.833  3575  3621 I Clay    : EnvironmentSystem: Scene loaded
11-04 21:44:20.833  3575  3621 I Clay    : SharedHomeSystem::_onEnvironmentActivated
11-04 21:44:20.833  1949 14673 I CompositorVR: WarpToScreen: Skipping frames for 17
11-04 21:44:20.836  3411 14912 I CCodec  : Created component [c2.android.raw.decoder]
11-04 21:44:20.836  3411  3411 D [SUI] StatusViewModel: Initializing wifi status BroadcastReceiver
11-04 21:44:20.836  1611  1628 I nifiedtelemetr: Background concurrent copying GC freed 65257(4331KB) AllocSpace objects, 19(564KB) LOS objects, 49% free, 3321KB/6642KB, paused 90us total 162.358ms
11-04 21:44:20.836  3411 14912 D CCodecConfig: read media type: audio/raw
11-04 21:44:20.844  1949 14673 I CompositorVR: WarpToScreen: Skipping frames for 17
11-04 21:44:20.845  3411  3411 D [SUI] StatusViewModel: Initialized wifi status BroadcastReceiver
11-04 21:44:20.846  3411 14912 D ReflectedParamUpdater: extent() != 1 for single value type: algo.buffers.max-count.values
11-04 21:44:20.846  3411 14912 D ReflectedParamUpdater: extent() != 1 for single value type: output.subscribed-indices.values
11-04 21:44:20.847  3411 14912 D ReflectedParamUpdater: extent() != 1 for single value type: input.buffers.allocator-ids.values
11-04 21:44:20.847  3411 14912 D ReflectedParamUpdater: extent() != 1 for single value type: output.buffers.allocator-ids.values
11-04 21:44:20.847  3411  3411 D [SUI] AnytimeUIPanelAppBase: Acquiring viewModel BarViewModel refCount: 2
11-04 21:44:20.847  3411  3411 D [SUI] AnytimeUIPanelAppBase: Acquiring viewModel SystemStatusViewModel refCount: 1
11-04 21:44:20.847  3411 14912 D ReflectedParamUpdater: extent() != 1 for single value type: algo.buffers.allocator-ids.values
11-04 21:44:20.847  3411  3411 D [SUI] SocialViewModel: registerObserver(): -$$Lambda$SystemStatusView$hvdttGlyfUmlGZJVTLPJRt2c5Fk
11-04 21:44:20.847  3411 14912 D ReflectedParamUpdater: extent() != 1 for single value type: output.buffers.pool-ids.values
11-04 21:44:20.848  3411  3411 D [SUI] SystemStatusView: Initialized System Status
11-04 21:44:20.848  3411  3411 D [SUI] AnytimeUIPanelAppBase: Acquiring viewModel DynamicAppsViewModel refCount: 2
11-04 21:44:20.848  3411  3411 D [SUI] DynamicAppsView: Initializing DynamicAppsView on AUI bar
11-04 21:44:20.848  3411  3411 D [SUI] BarView: Initialized parties call bar
11-04 21:44:20.848  3411  3411 D [SUI] MessengerCallViewModel: registerObserver
11-04 21:44:20.848  3411  3411 D [SUI] BarView: Initialized messenger call bar
11-04 21:44:20.848  3411  3411 V [SUI] BarView: Subscribing to notifications badge live data
11-04 21:44:20.848  3411  3411 V [SUI] BarView: Notifs badge count: 0, Messenger badge count 0
11-04 21:44:20.849  3411  3411 D [SUI] BarView: Initialized BarView
11-04 21:44:20.849  3411 14912 D ReflectedParamUpdater: extent() != 1 for single value type: algo.buffers.pool-ids.values
11-04 21:44:20.851  3411 14912 I CCodecConfig: query failed after returning 8 values (BAD_INDEX)
11-04 21:44:20.851  3411 14912 D CCodecConfig: c2 config diff is Dict {
11-04 21:44:20.851  3411 14912 D CCodecConfig:   c2::u32 coded.bitrate.value = 64000
11-04 21:44:20.851  3411 14912 D CCodecConfig:   c2::u32 input.buffers.max-size.value = 65536
11-04 21:44:20.851  3411 14912 D CCodecConfig:   c2::u32 input.delay.value = 0
11-04 21:44:20.851  3411 14912 D CCodecConfig:   string input.media-type.value = "audio/raw"
11-04 21:44:20.851  3411 14912 D CCodecConfig:   string output.media-type.value = "audio/raw"
11-04 21:44:20.851  3411 14912 D CCodecConfig:   c2::u32 raw.channel-count.value = 2
11-04 21:44:20.851  3411 14912 D CCodecConfig:   c2::u32 raw.pcm-encoding.value = 0
11-04 21:44:20.851  3411 14912 D CCodecConfig:   c2::u32 raw.sample-rate.value = 44100
11-04 21:44:20.851  3411 14912 D CCodecConfig: }
11-04 21:44:20.852  3411 14912 D CCodecConfig: no c2 equivalents for durationUs
11-04 21:44:20.852  3411 14912 D CCodecConfig: no c2 equivalents for track-id
11-04 21:44:20.852  3411 14912 D CCodecConfig: no c2 equivalents for bits-per-sample
11-04 21:44:20.852  3411 14912 D CCodecConfig: no c2 equivalents for channel-mask
11-04 21:44:20.852  1043  1060 I DisplayManagerService: Display device removed: DisplayDeviceInfo{"com.oculus.android_panel_app.AndroidPanelLayer-#main": uniqueId="virtual:com.oculus.systemux,10026,com.oculus.android_panel_app.AndroidPanelLayer-#main,3", 800 x 1250, modeId 231, defaultModeId 231, supportedModes [{id=231, width=800, height=1250, fps=60.0}], colorMode 0, supportedColorModes [0], HdrCapabilities null, density 200, 200.0 x 200.0 dpi, appVsyncOff 0, presDeadline 16666666, touch NONE, rotation 0, type VIRTUAL, state OFF, owner com.oculus.systemux (uid 10026), FLAG_PRIVATE, FLAG_NEVER_BLANK, FLAG_OWN_CONTENT_ONLY}
11-04 21:44:20.855  1949 14673 I CompositorVR: WarpToScreen: Skipping frames for 17
11-04 21:44:20.860  3411 14912 D CCodecConfig: c2 config diff is   c2::u32 raw.channel-count.value = 1
11-04 21:44:20.860  3411 14912 D CCodecConfig:   c2::u32 raw.sample-rate.value = 48000
11-04 21:44:20.861  3411 14912 W Codec2Client: query -- param skipped: index = 1107298332.
11-04 21:44:20.861  3411 14912 D CCodec  : setup formats input: AMessage(what = 0x00000000) = {
11-04 21:44:20.861  3411 14912 D CCodec  :   int32_t channel-count = 1
11-04 21:44:20.861  3411 14912 D CCodec  :   int32_t max-input-size = 65536
11-04 21:44:20.861  3411 14912 D CCodec  :   string mime = "audio/raw"
11-04 21:44:20.861  3411 14912 D CCodec  :   int32_t pcm-encoding = 2
11-04 21:44:20.861  3411 14912 D CCodec  :   int32_t sample-rate = 48000
11-04 21:44:20.861  3411 14912 D CCodec  : } and output: AMessage(what = 0x00000000) = {
11-04 21:44:20.861  3411 14912 D CCodec  :   int32_t channel-count = 1
11-04 21:44:20.861  3411 14912 D CCodec  :   string mime = "audio/raw"
11-04 21:44:20.861  3411 14912 D CCodec  :   int32_t pcm-encoding = 2
11-04 21:44:20.861  3411 14912 D CCodec  :   int32_t sample-rate = 48000
11-04 21:44:20.861  3411 14912 D CCodec  :   int32_t channel-mask = 0
11-04 21:44:20.861  3411 14912 D CCodec  : }
11-04 21:44:20.862  3411 14912 W Codec2Client: query -- param skipped: index = 1342179345.
11-04 21:44:20.862  3411 14912 W Codec2Client: query -- param skipped: index = 2415921170.
11-04 21:44:20.862  3411 14912 D CCodecBufferChannel: [c2.android.raw.decoder#648] Created input block pool with allocatorID 16 => poolID 32 - OK (0)
11-04 21:44:20.864  3411  3964 D BufferPoolAccessor: bufferpool2 0x6fda44c620 : 0(0 size) total buffers - 0(0 size) used buffers - 0/5 (recycle/alloc) - 4/8 (fetch/transfer)
11-04 21:44:20.864  3411  3964 D BufferPoolAccessor: Destruction - bufferpool2 0x6fda44c620 cached: 0/0M, 0/0% in use; allocs: 5, 0% recycled; transfers: 8, 50% unfetced
11-04 21:44:20.864  3411 14912 I CCodecBufferChannel: [c2.android.raw.decoder#648] Created output block pool with allocatorID 16 => poolID 116 - OK
11-04 21:44:20.864   806  1570 D BufferPoolAccessor: bufferpool2 0xe9e9ab10 : 0(0 size) total buffers - 0(0 size) used buffers - 9/20 (recycle/alloc) - 11/30 (fetch/transfer)
11-04 21:44:20.864   806  1570 D BufferPoolAccessor: Destruction - bufferpool2 0xe9e9ab10 cached: 0/0M, 0/0% in use; allocs: 20, 45% recycled; transfers: 30, 63% unfetced
11-04 21:44:20.864  3411 14912 D CCodecBufferChannel: [c2.android.raw.decoder#648] Configured output block pool ids 116 => OK
11-04 21:44:20.865  1043  7401 I DisplayManagerService: Display device added: DisplayDeviceInfo{"com.oculus.android_panel_app.AndroidPanelLayer-#main": uniqueId="virtual:com.oculus.systemux,10026,com.oculus.android_panel_app.AndroidPanelLayer-#main,3", 800 x 110, modeId 232, defaultModeId 232, supportedModes [{id=232, width=800, height=110, fps=60.0}], colorMode 0, supportedColorModes [0], HdrCapabilities null, density 200, 200.0 x 200.0 dpi, appVsyncOff 0, presDeadline 16666666, touch NONE, rotation 0, type VIRTUAL, state OFF, owner com.oculus.systemux (uid 10026), FLAG_PRIVATE, FLAG_NEVER_BLANK, FLAG_OWN_CONTENT_ONLY}
11-04 21:44:20.866  1949 14673 I CompositorVR: WarpToScreen: Skipping frames for 17
11-04 21:44:20.873  3411  3411 D [SUI] SettingsAssistantJsonBuilder: Registering legacy settings
11-04 21:44:20.873  3411  3411 D [SUI] SettingsAssistantJsonBuilder: Not registering settings service settings. Blocked by GK
11-04 21:44:20.873  3411  3411 D [SUI] SettingsAssistantJsonBuilder: Settings JSON: {"settings":[{"id":"about","type":"void","mutable":false,"queryable":false,"route":"systemux:\/\/settings\/about"},{"id":"auto sleep","type":"void","mutable":false,"queryable":false,"route":"systemux:\/\/settings\/power?setting=auto_sleep_time","parent":"power"},{"id":"auto wake","type":"void","mutable":false,"queryable":false,"route":"systemux:\/\/settings\/power?setting=auto_wake","parent":"power"},{"id":"bluetooth pairing","type":"void","mutable":false,"queryable":false,"route":"systemux:\/\/settings\/bluetooth?setting=bluetooth_pairing","parent":"bluetooth"},{"id":"boundary color","type":"void","mutable":false,"queryable":false,"route":"systemux:\/\/settings\/guardian_general?setting=guardian_customization_boundary_color_config","parent":"guardian"},{"id":"bug report","type":"void","mutable":false,"queryable":false,"route":"systemux:\/\/bug_report","parent":"about"},{"id":"controllers","type":"void","mutable":false,"queryable":false,"route":"systemux:\/\/settings\/controllers"},{"id":"display","type":"void","mutable":false,"queryable":false,"route":"systemux:\/\/settings\/display"},{"id":"do not disturb","type":"void","mutable":false,"queryable":false,"route":"systemux:\/\/settings\/do_not_disturb?setting=do_not_disturb","parent":"do not disturb"},{"id":"environment","type":"void","mutable":false,"queryable":false,"route":"systemux:\/\/settings\/environment"},{"id":"experimental","type":"void","mutable":false,"queryable":false,"route":"systemux:\/\/settings\/experiments"},{"id":"floor level","type":"void","mutable":false,"queryable":false,"route":"systemux:\/\/guardian\/guardian-adjust-floor","parent":"guardian"},{"id":"glanceable boundary","type":"void","mutable":false,"queryable":false,"route":"systemux:\/\/settings\/guardian_roomscale?setting=guardian_enable_glanceable_bounds","parent":"guardian"},{"id":"guardian","type":"void","mutable":false,"queryable":false,"route":"systemux:\/\/settings\/guardian_general"},{"id":"guardian history","type":"void","mutable":false,"queryable":false,"route":"systemux:\/\/settings\/guardian_general?setting=guardian_clear_history","parent":"guardian"},{"id":"guardian passthrough","type":"void","mutable":false,"queryable":false,"route":"systemux:\/\/settings\/guardian_general?setting=passthrough_on_demand","parent":"guardian"},{"id":"hand tracking","type":"void","mutable":false,"queryable":false,"route":"systemux:\/\/settings\/hands?setting=hands_hand_tracking","parent":"hands"},{"id":"health and safety","type":"void","mutable":false,"queryable":false,"route":"systemux:\/\/health_and_safety_video","parent":"about"},{"id":"language","type":"void","mutable":false,"queryable":false,"route":"systemux:\/\/settings\/language_and_region?setting=language","parent":"language and region"},{"id":"long press","type":"void","mutable":false,"queryable":false,"route":"systemux:\/\/settings\/controllers?setting=controllers_oculus_button_long_press","parent":"controllers"},{"id":"mac address","type":"void","mutable":false,"queryable":false,"route":"systemux:\/\/settings\/about?setting=about_mac_address","parent":"about"},{"id":"microphone","type":"void","mutable":false,"queryable":false,"route":"systemux:\/\/settings\/sound?setting=microphone","parent":"sound"},{"id":"night shift","type":"void","mutable":false,"queryable":false,"route":"systemux:\/\/settings\/display?setting=night_shift","parent":"display"},{"id":"notifications","type":"void","mutable":false,"queryable":false,"route":"systemux:\/\/settings\/notifications"},{"id":"os version","type":"void","mutable":false,"queryable":false,"route":"systemux:\/\/settings\/software_update?setting=os_version","parent":"about"},{"id":"permissions","type":"void","mutable":false,"queryable":false,"route":"systemux:\/\/settings\/permissions"},{"id":"power","type":"void","mutable":false,"queryable":false,"route":"systemux:\/\/settings\/power"},{"id":"privacy policy","type":"void","mutable":false,"queryable":false,"route":"systemux:\/\/settings\/about?setting=about_privacy_policy",
11-04 21:44:20.873  2162  2162 I FileCapture: broadcast capture state to AUI running = false, with mode -1
11-04 21:44:20.874   832 14914 D SimpleC2Component: Using output block pool with poolID 116 => got 116 - 0
11-04 21:44:20.875  3411  3411 D [SUI] AnytimeUIAndroidPanelApp: Stored settings in pref store in 2080677 ns
11-04 21:44:20.875   804 11174 D MediaBufferGroup: creating MemoryDealer
11-04 21:44:20.877  3411  3411 I PresenceAPK(ServiceApiManager): Trying to bind to presence service API.
11-04 21:44:20.878  1949 14673 I CompositorVR: WarpToScreen: Skipping frames for 17
11-04 21:44:20.879  3411 14902 D NotificationsBadgeLiveData: MessageBadgeData, pullAndCheckNotifs, old data source notif count: 0, oc chats count: 0, messenger count: 0
11-04 21:44:20.879  1043  1062 W InputReader: Device has associated, but no associated display id.
11-04 21:44:20.885  1043  1064 W InputReader: Device has associated, but no associated display id.
11-04 21:44:20.885  1043  1064 I ActivityTaskManager: Override config changes=20005df8 {0.0 ?mcc?mnc ?localeList ?layoutDir sw88dp w640dp h88dp 200dpi nrml long land ?uimode ?night -touch qwerty/v/v -nav/h winConfig={ mBounds=Rect(0, 0 - 800, 110) mAppBounds=Rect(0, 0 - 800, 110) mWindowingMode=fullscreen mDisplayWindowingMode=fullscreen mActivityType=undefined mAlwaysOnTop=undefined mRotation=ROTATION_0}} for displayId=171
11-04 21:44:20.888  3623  3623 I chatty  : uid=10020(com.oculus.vrshell) ShellMain expire 3 lines
11-04 21:44:20.888  1043  1284 W ActivityManager: Unable to start service Intent { act=com.oculus.presence.StablePresenceService cmp=com.oculus.presence/.services.presence.PresenceService } U=0: not found
11-04 21:44:20.889  3411  3411 E PresenceAPK(ServiceApiManager): Enabling backward compatible mode for service directory
11-04 21:44:20.889  1949 14673 I CompositorVR: WarpToScreen: Skipping frames for 17
11-04 21:44:20.892  2310  2310 I chatty  : uid=10020(com.oculus.vrshell) ShellOverlayMai expire 2 lines
11-04 21:44:20.900  3411  3411 D PresenceAPK(PresenceClient): setEventListener id=AnchoredHomeGroup
11-04 21:44:20.900  3411  3411 I PresenceAPK(GroupManager): addListener for id AnchoredHomeGroup
11-04 21:44:20.900  3411  3411 I PanelService: BEGIN: nativeInitializePanelInstance - Configure and set up thread polling.
11-04 21:44:20.900  3411  3411 I PanelService: BEGIN: Call hosted app's Configure method.
11-04 21:44:20.900  3411  3411 I PanelService: END: Call hosted app's Configure method.
11-04 21:44:20.900  3411  3411 I PanelService: END: nativeInitializePanelInstance - Add fd 43 to looper with error code 1
11-04 21:44:20.900  3411  3411 D CppPanelService: END: Initializing panel application via MSG_CREATE_PANEL_APP.
11-04 21:44:20.900  1949 14673 I CompositorVR: WarpToScreen: Skipping frames for 17
11-04 21:44:20.900  3623  3846 I chatty  : uid=10020(com.oculus.vrshell) ShellMainVR expire 6 lines
11-04 21:44:20.900  2162  2162 I OVRMediaServiceManager: Metacam is not enabled.
11-04 21:44:20.901  3411  3411 I [SUI] AnytimeUIAndroidPanelApp: Bar visibility changed to true
11-04 21:44:20.901  3411  3411 I [SUI] AnytimeUIAndroidPanelApp: updateGuardianConfig - 1 - 0.44444448
11-04 21:44:20.901  3411  3411 I [SUI] AnytimeUIAndroidPanelApp: updateGuardianConfig - 2 - 0.21500002
11-04 21:44:20.901  3411  3411 I [SUI] AnytimeUIAndroidPanelApp: updateGuardianConfig - 5 - 0.05
11-04 21:44:20.901  3411  3411 I [SUI] AnytimeUIAndroidPanelApp: updateGuardianConfig - 6 - 0.49999997
11-04 21:44:20.901  3411  3411 I [SUI] AnytimeUIAndroidPanelApp: updateGuardianConfig - 7 - 0.4
11-04 21:44:20.901  3411  3411 I [SUI] AnytimeUIAndroidPanelApp: updateGuardianConfig - 8 - 0.0
11-04 21:44:20.901  3411  3411 I [SUI] AnytimeUIAndroidPanelApp: updateGuardianConfig - 10 - 0.0
11-04 21:44:20.901  3411  3411 I [SUI] AnytimeUIAndroidPanelApp: updateGuardianConfig - 12 - 0.0
11-04 21:44:20.901  3411  3411 I [SUI] AnytimeUIAndroidPanelApp: updateGuardianConfig - 13 - 0.5
11-04 21:44:20.901  3411  3411 I [SUI] AnytimeUIAndroidPanelApp: updateGuardianConfig - 14 - 0.0
11-04 21:44:20.901  3411  3411 I [SUI] AnytimeUIAndroidPanelApp: updateGuardianConfig - 15 - 0.0
11-04 21:44:20.901  3411  3411 I [SUI] AnytimeUIAndroidPanelApp: updateGuardianConfig - 16 - 0.0
11-04 21:44:20.901  3411  3411 I [SUI] AnytimeUIAndroidPanelApp: updateGuardianConfig - 17 - 0.0
11-04 21:44:20.901  3411  3411 I [SUI] AnytimeUIAndroidPanelApp: updateGuardianConfig - 18 - 0.5
11-04 21:44:20.901  3411  3411 I [SUI] AnytimeUIAndroidPanelApp: updateGuardianConfig - 19 - 0.0
11-04 21:44:20.901  3411  3411 I [SUI] AnytimeUIAndroidPanelApp: updateGuardianConfig - 20 - 0.0
11-04 21:44:20.901  3411  3411 I [SUI] AnytimeUIAndroidPanelApp: updateGuardianConfig - 21 - 0.0
11-04 21:44:20.901  3411  3411 I [SUI] AnytimeUIAndroidPanelApp: updateGuardianConfig - 22 - 0.0
11-04 21:44:20.901  3411  3411 I [SUI] AnytimeUIAndroidPanelApp: updateGuardianConfig - 23 - 2.0
11-04 21:44:20.901  3411  3411 I [SUI] AnytimeUIAndroidPanelApp: updateGuardianConfig - 24 - 0.25
11-04 21:44:20.901  3411  3411 I [SUI] AnytimeUIAndroidPanelApp: updateGuardianConfig - 26 - 0.0
11-04 21:44:20.901  3411  3411 I [SUI] AnytimeUIAndroidPanelApp: updateGuardianConfig - 28 - 1.0
11-04 21:44:20.901   832  1909 D BufferPoolAccessor: Destruction - bufferpool2 0x332d39ca30 cached: 0/0M, 0/0% in use; allocs: 0, 0% recycled; transfers: 0, 0% unfetced
11-04 21:44:20.902  3411  3411 I AndroidPanelApp: Processing pending hide layer for layer #main.
11-04 21:44:20.902  3411  3411 I AndroidPanelApp: Processing pending show layer info for layer #main with width 800 and height 110.
11-04 21:44:20.902  3411  3411 I AndroidPanelApp: layerSupersample no changes
11-04 21:44:20.902  2162  2162 I OVRMediaService: onStartCommand Received message type: com.oculus.horizon.GET_CAPTURE_STATE_ACTION, caller package: no_app_identity, app identify: null
11-04 21:44:20.902  3411  3411 I AndroidPanelApp: Processing next frame action "layerShow" for layer "#main"
11-04 21:44:20.902   832  1909 V C2Store : in ~ComponentModule
11-04 21:44:20.902   832  1909 V C2Store : unloading dll
11-04 21:44:20.903  1043  1064 I DisplayManagerService: Display device changed state: "com.oculus.android_panel_app.AndroidPanelLayer-#main", ON
11-04 21:44:20.908  1043  1284 E WindowManager: App trying to use insecure INPUT_FEATURE_NO_INPUT_CHANNEL flag. Ignoring
11-04 21:44:20.911  1949 14673 I CompositorVR: WarpToScreen: Skipping frames for 17
11-04 21:44:20.912  1949  3709 I VrRuntimeService: CreateSwapChain: 2321817595
11-04 21:44:20.912  1949  3709 I VrRuntimeService: CreateSwapChain: api:vk 0 0x2b 800 110 10 3 1 4 3
11-04 21:44:20.913  1949  3709 W SwapChain_Vulkan: CreateTextureSwapChainFoveationVulkan: ShouldCreateFragmentDensityMap: false
11-04 21:44:20.913  1949  3709 W SwapChain_Vulkan: ExportTextureResourcesFoveationVulkan: chain->VkInteropFoveation.Device == nullptr
11-04 21:44:20.913  1949  3709 W SwapChain: CreateTextureSwapChainFoveation: export failed
11-04 21:44:20.913  1949  3709 I VrRuntimeServer: CreateTextureSwapChain: result importswapchaingles 1
11-04 21:44:20.913  3411  3411 D [SUI] ActivityManagerUtilsHelper: onFocusedWindowChanged: Instance: com.oculus.panelapp.anytimeui.utils.ActivityManagerUtilsHelper@60c11a5, topWindowUid: 10020, focusedApp: com.oculus.vrshell, previousApp: null
11-04 21:44:20.914  3575  3886 I SwapChain_Vulkan: Imported texture has requirements 3, ends up index 0
11-04 21:44:20.914  3575  3886 I chatty  : uid=10014(com.oculus.shellenv) Thread-32 identical 1 line
11-04 21:44:20.914  3575  3886 I SwapChain_Vulkan: Imported texture has requirements 3, ends up index 0
11-04 21:44:20.914  3575  3886 W VrRuntimeClient: CreateTextureSwapChain: Failed to import foveation swapchain
11-04 21:44:20.916  1949  3709 I VrRuntimeService: UpdateSwapChainSamplerState: 413
11-04 21:44:20.916  1949  3709 I VrRuntimeService: UpdateSwapChainSamplerState: minFilter=1 magFilter=1 wrapModeS=3 warpModeT=3 maxAniso=1.000000 border={0.000000,0.000000,0.000000,0.000000} swizzle={0,1,2,3}
11-04 21:44:20.917  2162  2162 I FileCapture: broadcast capture state to AUI running = false, with mode -1
11-04 21:44:20.922  3160  3879 I VrGuardianService: GuardianSDKServer::SetGuardianHitDialog2 1
11-04 21:44:20.922  1949 14673 I CompositorVR: WarpToScreen: Skipping frames for 17
11-04 21:44:20.930  1611 14901 W ContextImpl: Calling a method in the system process without a qualified user: android.app.ContextImpl.sendBroadcast:1057 android.content.ContextWrapper.sendBroadcast:448 X.o0.A00:133 X.nZ.A00:17 X.nZ.handleMessage:91 
11-04 21:44:20.931  3623  3623 I chatty  : uid=10020(com.oculus.vrshell) ShellMain expire 3 lines
11-04 21:44:20.932  3411  3411 I PresenceAPK(ServiceApiManager): onServiceConnected componentName=ComponentInfo{com.oculus.presence/com.oculus.presence.service.PresenceService}
11-04 21:44:20.933  3411  3411 I PresenceAPK(ServiceApiManager): setting apiStatusListener
11-04 21:44:20.933  1949 14673 I CompositorVR: WarpToScreen: Skipping frames for 17
11-04 21:44:20.933  3411  3528 I PresenceAPK(ServiceApiManager): onApiReady
11-04 21:44:20.939  2310  2310 I chatty  : uid=10020(com.oculus.vrshell) ShellOverlayMai expire 2 lines
11-04 21:44:20.942  3411  3411 D [SUI] AnytimeUIBroadcastReceiver: action: com.oculus.systemactivities.CAPTURE_STATE_UPDATE
11-04 21:44:20.942  3411  3411 I [SUI] AnytimeUIBroadcastReceiver: handleCaptureStateUpdate: captureToDisk false, captureEnabled false, isCapturingAbuseReport false, abuseRecordingUUID null
11-04 21:44:20.942  3411 14902 W OVRLibrary: null cursor received for query content://com.oculus.ocms.library/apps/com.oculus.shellenv
11-04 21:44:20.942  3411  3411 I PresenceAPK(ServiceApiManager): onServiceConnected componentName=ComponentInfo{com.oculus.presence/com.oculus.presence.service.PresenceService}
11-04 21:44:20.942  3411  3411 I PresenceAPK(ServiceApiManager): setting apiStatusListener
11-04 21:44:20.943  2162  2162 I OVRMediaServiceManager: Metacam is not enabled.
11-04 21:44:20.943  3411  3411 D [SUI] AnytimeUIBroadcastReceiver: action: com.oculus.systemactivities.LOCAL_STREAM_STATE_UPDATE
11-04 21:44:20.943  3411  6589 I PresenceAPK(ServiceApiManager): onApiReady
11-04 21:44:20.943  3411  3411 D [SUI] ScreenCaptureUtil: onLocalStreamStateUpdate(isCaptureRunning = false)
11-04 21:44:20.943  3411  3411 I chatty  : uid=10026 com.oculus.systemux:SystemUX identical 7 lines
11-04 21:44:20.943  3411  3411 D [SUI] ScreenCaptureUtil: onLocalStreamStateUpdate(isCaptureRunning = false)
11-04 21:44:20.944  3623  3846 I chatty  : uid=10020(com.oculus.vrshell) ShellMainVR expire 1 line
11-04 21:44:20.944  1949 14673 I CompositorVR: WarpToScreen: Skipping frames for 17
11-04 21:44:20.945  3411  3411 D [SUI] AnytimeUIBroadcastReceiver: action: com.oculus.systemactivities.CAPTURE_STATE_UPDATE
11-04 21:44:20.945  3411  3411 I [SUI] AnytimeUIBroadcastReceiver: handleCaptureStateUpdate: captureToDisk false, captureEnabled false, isCapturingAbuseReport false, abuseRecordingUUID null
11-04 21:44:20.950  2310 14846 I chatty  : uid=10020(com.oculus.vrshell) ShellOverlayMai expire 1 line
11-04 21:44:20.950  2310  3131 I chatty  : uid=10020(com.oculus.vrshell) ShellOverlayVR expire 3 lines
11-04 21:44:20.953  3575 14918 D CCodec  : allocate(c2.android.vorbis.decoder)
11-04 21:44:20.953   832  1909 V C2Store : in init
11-04 21:44:20.953   832  1909 V C2Store : loading dll
11-04 21:44:20.956  1949 14673 I CompositorVR: WarpToScreen: Skipping frames for 17
11-04 21:44:20.956  3575 14918 I CCodec  : Created component [c2.android.vorbis.decoder]
11-04 21:44:20.957  3575 14918 D CCodecConfig: read media type: audio/vorbis
11-04 21:44:20.959  3411  3528 I PresenceAPK(ServicePresenceClient): calling onServiceUp
11-04 21:44:20.959  3411  3411 D [SUI] AnytimeUIBroadcastReceiver: action: com.oculus.systemactivities.LOCAL_STREAM_STATE_UPDATE
11-04 21:44:20.959  3411  3411 D [SUI] ScreenCaptureUtil: onLocalStreamStateUpdate(isCaptureRunning = false)
11-04 21:44:20.959  3411  3411 I chatty  : uid=10026 com.oculus.systemux:SystemUX identical 7 lines
11-04 21:44:20.959  3411  3411 D [SUI] ScreenCaptureUtil: onLocalStreamStateUpdate(isCaptureRunning = false)
11-04 21:44:20.959  3575 14918 D ReflectedParamUpdater: extent() != 1 for single value type: algo.buffers.max-count.values
11-04 21:44:20.960  3575 14918 D ReflectedParamUpdater: extent() != 1 for single value type: output.subscribed-indices.values
11-04 21:44:20.960  3575 14918 D ReflectedParamUpdater: extent() != 1 for single value type: input.buffers.allocator-ids.values
11-04 21:44:20.960  3575 14918 D ReflectedParamUpdater: extent() != 1 for single value type: output.buffers.allocator-ids.values
11-04 21:44:20.961  3575 14918 D ReflectedParamUpdater: extent() != 1 for single value type: algo.buffers.allocator-ids.values
11-04 21:44:20.961  3575 14918 D ReflectedParamUpdater: extent() != 1 for single value type: output.buffers.pool-ids.values
11-04 21:44:20.961  3575 14918 D ReflectedParamUpdater: extent() != 1 for single value type: algo.buffers.pool-ids.values
11-04 21:44:20.963  3575 14918 I CCodecConfig: query failed after returning 7 values (BAD_INDEX)
11-04 21:44:20.963  3575 14918 D CCodecConfig: c2 config diff is Dict {
11-04 21:44:20.963  3575 14918 D CCodecConfig:   c2::u32 coded.bitrate.value = 64000
11-04 21:44:20.963  3575 14918 D CCodecConfig:   c2::u32 input.buffers.max-size.value = 32768
11-04 21:44:20.963  3575 14918 D CCodecConfig:   c2::u32 input.delay.value = 0
11-04 21:44:20.963  3575 14918 D CCodecConfig:   string input.media-type.value = "audio/vorbis"
11-04 21:44:20.963  3575 14918 D CCodecConfig:   string output.media-type.value = "audio/raw"
11-04 21:44:20.963  3575 14918 D CCodecConfig:   c2::u32 raw.channel-count.value = 1
11-04 21:44:20.963  3575 14918 D CCodecConfig:   c2::u32 raw.sample-rate.value = 48000
11-04 21:44:20.963  3575 14918 D CCodecConfig: }
11-04 21:44:20.963  3575 14918 D CCodecConfig: no c2 equivalents for durationUs
11-04 21:44:20.963  3575 14918 D CCodecConfig: no c2 equivalents for csd-1
11-04 21:44:20.964  3575 14918 D CCodecConfig: no c2 equivalents for track-id
11-04 21:44:20.964  3575 14918 D CCodecConfig: no c2 equivalents for channel-mask
11-04 21:44:20.964  3411  6589 I PresenceAPK(ServicePresenceClient): calling onServiceUp
11-04 21:44:20.964  3575 14918 D CCodecConfig: c2 config diff is   c2::u32 raw.channel-count.value = 2
11-04 21:44:20.964  3575 14918 D CCodecConfig:   c2::u32 raw.sample-rate.value = 44100
11-04 21:44:20.964  3575 14918 W Codec2Client: query -- param skipped: index = 1107298332.
11-04 21:44:20.964  3575 14918 D CCodec  : setup formats input: AMessage(what = 0x00000000) = {
11-04 21:44:20.964  3575 14918 D CCodec  :   int32_t channel-count = 2
11-04 21:44:20.964  3575 14918 D CCodec  :   int32_t max-input-size = 32768
11-04 21:44:20.964  3575 14918 D CCodec  :   string mime = "audio/vorbis"
11-04 21:44:20.964  3575 14918 D CCodec  :   int32_t sample-rate = 44100
11-04 21:44:20.964  3575 14918 D CCodec  : } and output: AMessage(what = 0x00000000) = {
11-04 21:44:20.964  3575 14918 D CCodec  :   int32_t channel-count = 2
11-04 21:44:20.964  3575 14918 D CCodec  :   string mime = "audio/raw"
11-04 21:44:20.964  3575 14918 D CCodec  :   int32_t sample-rate = 44100
11-04 21:44:20.964  3575 14918 D CCodec  :   int32_t channel-mask = 3
11-04 21:44:20.964  3575 14918 D CCodec  : }
11-04 21:44:20.966  3623  3846 I chatty  : uid=10020(com.oculus.vrshell) ShellMainVR expire 1 line
11-04 21:44:20.967  1949 14673 I CompositorVR: WarpToScreen: Skipping frames for 17
11-04 21:44:20.969   832  6300 V C2Store : in ~ComponentModule
11-04 21:44:20.969   832  6300 V C2Store : unloading dll
11-04 21:44:20.970  2310 14846 I chatty  : uid=10020(com.oculus.vrshell) ShellOverlayMai expire 5 lines
11-04 21:44:20.978  1949 14673 I CompositorVR: WarpToScreen: Skipping frames for 17
11-04 21:44:20.989  1949 14673 I CompositorVR: WarpToScreen: Skipping frames for 17
11-04 21:44:20.990  2310  3131 I chatty  : uid=10020(com.oculus.vrshell) ShellOverlayVR expire 6 lines
11-04 21:44:20.991  1474  1474 V AvrcpMediaPlayerList: onPlaybackConfigChanged(): Configs list size=8
11-04 21:44:20.994  2310  2310 I chatty  : uid=10020(com.oculus.vrshell) ShellOverlayMai expire 2 lines
11-04 21:44:20.994  1474  1474 V AvrcpMediaPlayerList: onPlaybackConfigChanged(): Configs list size=7
11-04 21:44:20.997  3411  6589 I PresenceAPK(PresenceClient): onServiceUp
11-04 21:44:20.997  3411  6589 I PresenceAPK(GroupManager): onConnected
11-04 21:44:20.997  3411  8456 I PresenceAPK(GroupManager): initialEnumerationFinished
11-04 21:44:20.997  3411  8456 I PresenceAPK(GroupManager): no reconnect groups
11-04 21:44:21.000  1949 14673 I CompositorVR: WarpToScreen: Skipping frames for 17
11-04 21:44:21.003  3411  3528 I PresenceAPK(PresenceClient): onServiceUp
11-04 21:44:21.003  3411  3528 I PresenceAPK(GroupManager): onConnected
11-04 21:44:21.004  3411  8456 I PresenceAPK(GroupManager): initialEnumerationFinished
11-04 21:44:21.004  3411  8456 I PresenceAPK(GroupManager): no reconnect groups
11-04 21:44:21.007 14519 14787 I VrApi   : FPS=72/72,Prd=60ms,Tear=0,Early=72,Stale=0,VSnc=1,Lat=1,Fov=0,CPU4/GPU=4/4,2419/525MHz,OC=FF,TA=0/F/F,SP=N/N/N,Mem=2092MHz,Free=3312MB,PLS=0,Temp=31.7C/0.0C,TW=3.56ms,App=1.14ms,GD=0.12ms,CPU&GPU=4.53ms,LCnt=2(DR0,LM2),GPU%=0.50,CPU%=0.21(W0.32),DSF=1.00,CFL=19.69/21.44
11-04 21:44:21.008  3411  3411 D [SUI] SystemUXFunnelLogServerLogger: Impression Event: oculus_impressions_tile_impressioned LogInfo{duration=0, mLogId='com.oculus.explore', mContentType=APP, mPosX=0, mPosy=0, mGlobalPos=0, mSurface=AUI, mSubSurface=null, mClickEventType=null}
11-04 21:44:21.008  3411  3411 D [SUI] SystemUXFunnelLogServerLogger: Impression Event: oculus_impressions_tile_impressioned LogInfo{duration=0, mLogId='com.oculus.store', mContentType=APP, mPosX=1, mPosy=0, mGlobalPos=1, mSurface=AUI, mSubSurface=null, mClickEventType=null}
11-04 21:44:21.008  3411  3411 D [SUI] SystemUXFunnelLogServerLogger: Impression Event: oculus_impressions_tile_impressioned LogInfo{duration=0, mLogId='messenger_system_app', mContentType=APP, mPosX=2, mPosy=0, mGlobalPos=2, mSurface=AUI, mSubSurface=null, mClickEventType=null}
11-04 21:44:21.008  3411  3411 D [SUI] SystemUXFunnelLogServerLogger: Impression Event: oculus_impressions_tile_impressioned LogInfo{duration=0, mLogId='share_system_app', mContentType=APP, mPosX=3, mPosy=0, mGlobalPos=3, mSurface=AUI, mSubSurface=null, mClickEventType=null}
11-04 21:44:21.011  1949 14673 I CompositorVR: WarpToScreen: Skipping frames for 17
11-04 21:44:21.022  1949 14673 I CompositorVR: WarpToScreen: Skipping frames for 17
11-04 21:44:21.031  3575 14923 D CCodec  : allocate(c2.android.vorbis.decoder)
11-04 21:44:21.031   832  6300 V C2Store : in init
11-04 21:44:21.031   832  6300 V C2Store : loading dll
11-04 21:44:21.033  3411  3411 W [SUI] AsyncQueryHandlerBase: Callback reference is null
11-04 21:44:21.033  3575 14923 I CCodec  : Created component [c2.android.vorbis.decoder]
11-04 21:44:21.033  1949 14673 I CompositorVR: WarpToScreen: Skipping frames for 17
11-04 21:44:21.034  3575 14923 D CCodecConfig: read media type: audio/vorbis
11-04 21:44:21.035  3575 14923 D ReflectedParamUpdater: extent() != 1 for single value type: algo.buffers.max-count.values
11-04 21:44:21.036  3575 14923 D ReflectedParamUpdater: extent() != 1 for single value type: output.subscribed-indices.values
11-04 21:44:21.036  3575 14923 D ReflectedParamUpdater: extent() != 1 for single value type: input.buffers.allocator-ids.values
11-04 21:44:21.036  3575 14923 D ReflectedParamUpdater: extent() != 1 for single value type: output.buffers.allocator-ids.values
11-04 21:44:21.036  3575 14923 D ReflectedParamUpdater: extent() != 1 for single value type: algo.buffers.allocator-ids.values
11-04 21:44:21.036  3575 14923 D ReflectedParamUpdater: extent() != 1 for single value type: output.buffers.pool-ids.values
11-04 21:44:21.036  3575 14923 D ReflectedParamUpdater: extent() != 1 for single value type: algo.buffers.pool-ids.values
11-04 21:44:21.037  3575 14923 I CCodecConfig: query failed after returning 7 values (BAD_INDEX)
11-04 21:44:21.037  3575 14923 D CCodecConfig: c2 config diff is Dict {
11-04 21:44:21.037  3575 14923 D CCodecConfig:   c2::u32 coded.bitrate.value = 64000
11-04 21:44:21.037  3575 14923 D CCodecConfig:   c2::u32 input.buffers.max-size.value = 32768
11-04 21:44:21.037  3575 14923 D CCodecConfig:   c2::u32 input.delay.value = 0
11-04 21:44:21.037  3575 14923 D CCodecConfig:   string input.media-type.value = "audio/vorbis"
11-04 21:44:21.037  3575 14923 D CCodecConfig:   string output.media-type.value = "audio/raw"
11-04 21:44:21.037  3575 14923 D CCodecConfig:   c2::u32 raw.channel-count.value = 1
11-04 21:44:21.037  3575 14923 D CCodecConfig:   c2::u32 raw.sample-rate.value = 48000
11-04 21:44:21.037  3575 14923 D CCodecConfig: }
11-04 21:44:21.037  3575 14923 D CCodecConfig: no c2 equivalents for durationUs
11-04 21:44:21.037  3575 14923 D CCodecConfig: no c2 equivalents for csd-1
11-04 21:44:21.037  3575 14923 D CCodecConfig: no c2 equivalents for track-id
11-04 21:44:21.037  3575 14923 D CCodecConfig: no c2 equivalents for channel-mask
11-04 21:44:21.040  3575 14923 D CCodecConfig: c2 config diff is   c2::u32 raw.channel-count.value = 2
11-04 21:44:21.040  3575 14923 D CCodecConfig:   c2::u32 raw.sample-rate.value = 44100
11-04 21:44:21.040  3575 14923 W Codec2Client: query -- param skipped: index = 1107298332.
11-04 21:44:21.040  3575 14923 D CCodec  : setup formats input: AMessage(what = 0x00000000) = {
11-04 21:44:21.040  3575 14923 D CCodec  :   int32_t channel-count = 2
11-04 21:44:21.040  3575 14923 D CCodec  :   int32_t max-input-size = 32768
11-04 21:44:21.040  3575 14923 D CCodec  :   string mime = "audio/vorbis"
11-04 21:44:21.040  3575 14923 D CCodec  :   int32_t sample-rate = 44100
11-04 21:44:21.040  3575 14923 D CCodec  : } and output: AMessage(what = 0x00000000) = {
11-04 21:44:21.040  3575 14923 D CCodec  :   int32_t channel-count = 2
11-04 21:44:21.040  3575 14923 D CCodec  :   string mime = "audio/raw"
11-04 21:44:21.040  3575 14923 D CCodec  :   int32_t sample-rate = 44100
11-04 21:44:21.040  3575 14923 D CCodec  :   int32_t channel-mask = 3
11-04 21:44:21.040  3575 14923 D CCodec  : }
11-04 21:44:21.045  1949 14673 I CompositorVR: WarpToScreen: Skipping frames for 17
11-04 21:44:21.046  3575 14923 W Codec2Client: query -- param skipped: index = 1342179345.
11-04 21:44:21.046  3575 14923 W Codec2Client: query -- param skipped: index = 2415921170.
11-04 21:44:21.048  3575 14923 D CCodecBufferChannel: [c2.android.vorbis.decoder#4] Created input block pool with allocatorID 16 => poolID 77 - OK (0)
11-04 21:44:21.048   832   996 D BufferPoolAccessor: bufferpool2 0x332d3aae30 : 0(0 size) total buffers - 0(0 size) used buffers - 9/11 (recycle/alloc) - 2/10 (fetch/transfer)
11-04 21:44:21.048   832   996 D BufferPoolAccessor: Destruction - bufferpool2 0x332d3aae30 cached: 0/0M, 0/0% in use; allocs: 11, 82% recycled; transfers: 10, 80% unfetced
11-04 21:44:21.048   832  6438 D BufferPoolAccessor: bufferpool2 0x332d3a2830 : 0(0 size) total buffers - 0(0 size) used buffers - 225/227 (recycle/alloc) - 2/225 (fetch/transfer)
11-04 21:44:21.048   832  6438 D BufferPoolAccessor: Destruction - bufferpool2 0x332d3a2830 cached: 0/0M, 0/0% in use; allocs: 227, 99% recycled; transfers: 225, 99% unfetced
11-04 21:44:21.055  1611 14881 W ContextImpl: Calling a method in the system process without a qualified user: android.app.ContextImpl.sendBroadcast:1057 android.content.ContextWrapper.sendBroadcast:448 X.o0.A00:133 X.nZ.A00:17 X.nZ.handleMessage:91 
11-04 21:44:21.055  3575 14923 I CCodecBufferChannel: [c2.android.vorbis.decoder#4] Created output block pool with allocatorID 16 => poolID 117 - OK
11-04 21:44:21.056  3575 14923 D CCodecBufferChannel: [c2.android.vorbis.decoder#4] Configured output block pool ids 117 => OK
11-04 21:44:21.056  1949 14673 I CompositorVR: WarpToScreen: Skipping frames for 17
