11-04 17:49:15.157   841  3308 I [CT]    : MIXEDREALITY: ServiceLogic: Thread mrsyssvc:camera has tid -1
11-04 17:49:15.157  1824  3311 I [CT]    : MIXEDREALITY: MrServiceModel: Hibernating caller (most likely rendering thread) due to commandQueue being empty.
11-04 17:49:15.162  1044  1338 I DisplayManagerService: Display device added: DisplayDeviceInfo{"com.oculus.android_panel_app.AndroidPanelLayer-#main": uniqueId="virtual:com.oculus.systemux,10026,com.oculus.android_panel_app.AndroidPanelLayer-#main,4", 800 x 1250, modeId 205, defaultModeId 205, supportedModes [{id=205, width=800, height=1250, fps=60.0}], colorMode 0, supportedColorModes [0], HdrCapabilities null, density 200, 200.0 x 200.0 dpi, appVsyncOff 0, presDeadline 16666666, touch NONE, rotation 0, type VIRTUAL, state OFF, owner com.oculus.systemux (uid 10026), FLAG_PRIVATE, FLAG_NEVER_BLANK, FLAG_OWN_CONTENT_ONLY}
11-04 17:49:15.165  2208  2208 I OVRMediaServiceManager: Metacam is not enabled.
11-04 17:49:15.166  2208  2208 I OVRMediaService: onStartCommand Received message type: com.oculus.horizon.GET_CAPTURE_STATE_ACTION, caller package: no_app_identity, app identify: null
11-04 17:49:15.174  1044  1064 W InputReader: Device has associated, but no associated display id.
11-04 17:49:15.176  1044  8324 W ActivityManager: Unable to start service Intent { act=com.oculus.presence.StablePresenceService cmp=com.oculus.presence/.services.presence.PresenceService } U=0: not found
11-04 17:49:15.177  1044  1066 W InputReader: Device has associated, but no associated display id.
11-04 17:49:15.178  1044  1066 I ActivityTaskManager: Override config changes=20005df8 {0.0 ?mcc?mnc ?localeList ?layoutDir sw640dp w640dp h1000dp 200dpi lrg port ?uimode ?night -touch qwerty/v/v -nav/h winConfig={ mBounds=Rect(0, 0 - 800, 1250) mAppBounds=Rect(0, 0 - 800, 1250) mWindowingMode=fullscreen mDisplayWindowingMode=fullscreen mActivityType=undefined mAlwaysOnTop=undefined mRotation=ROTATION_0}} for displayId=144
11-04 17:49:15.180  3523 13729 I chatty  : uid=10026 com.oculus.systemux:SystemUX expire 27 lines
11-04 17:49:15.183  2467  3768 D RuntimeIPCServerMgr: RegisterClient: Client: com.oculus.systemux:com.oculus.systemux:SystemUX:3523, Server: com.oculus.presence:com.oculus.presence (PresenceServer)
11-04 17:49:15.183  2467  3768 I IPCSharedMemory: CreateSharedMemory: Allocated shared memory fd 111 (ipcStateReadWrite)
11-04 17:49:15.185  2467  3768 I IPCSharedMemory: CreateSharedMemory: Allocated shared memory fd 112 (ipcReadOnlyState)
11-04 17:49:15.185  2467  3768 I RuntimeIPCServerMgr: Event buffer size (server): 8192
11-04 17:49:15.186  2467  3768 I IPCSharedMemory: CreateSharedMemory: Allocated shared memory fd 113 (ipcEventBuffer)
11-04 17:49:15.186  2467  3768 I IPCSharedMemory: CreateSharedMemory: Allocated shared memory fd 114 (ipcEventBuffer_Private)
11-04 17:49:15.187  2467  3768 I RuntimeIPCServerMgr: HandleClientConnect SUCCESS: Client: com.oculus.systemux:com.oculus.systemux:SystemUX:3523, Server: com.oculus.presence:com.oculus.presence (PresenceServer)
11-04 17:49:15.188  2954  3032 I StateMachine: StateMachine::Update TrackingLost: lost -> Lost
11-04 17:49:15.188  3523 13730 I chatty  : uid=10026 com.oculus.systemux:SystemUX expire 24 lines
11-04 17:49:15.188  2467  3768 I RuntimeIPCServerMgr: GetServerStatesConfig -> {MaxBufferSize=32768, MaxEntries=64}
11-04 17:49:15.188  2954  3032 I [CT]    : GuardianMapDataMgr: CheckRelocalizationStatus: Relocalization started
11-04 17:49:15.188  2954  3032 I GuardianSystem: Environment Status changed: 98 to 33
11-04 17:49:15.188  1406  3031 I chatty  : uid=10025(com.oculus.systemdriver) Thread-14 expire 7 lines
11-04 17:49:15.188   836  1920 V C2Store : in init
11-04 17:49:15.188   836  1920 V C2Store : loading dll
11-04 17:49:15.188  2954  3032 I GuardianSystem: UpdateGuardianSystemState: Flags changed: 0, 544768, NONE to SYSTEM_RELOCALIZING,SYSTEM_TRACKING_LOST,SYSTEM_GUARDIAN_VALID
11-04 17:49:15.194  2467  2502 D RuntimeIPCServerMgr: RegisterClient: Client: com.oculus.systemux:com.oculus.systemux:SystemUX:3523, Server: com.oculus.presence:com.oculus.presence (PubSubServer)
11-04 17:49:15.195  2467  2502 I IPCSharedMemory: CreateSharedMemory: Allocated shared memory fd 116 (ipcStateReadWrite)
11-04 17:49:15.195  2467  2502 I IPCSharedMemory: CreateSharedMemory: Allocated shared memory fd 117 (ipcReadOnlyState)
11-04 17:49:15.195  2467  2502 I RuntimeIPCServerMgr: Event buffer size (server): 8192
11-04 17:49:15.195  2467  2502 I IPCSharedMemory: CreateSharedMemory: Allocated shared memory fd 120 (ipcEventBuffer)
11-04 17:49:15.195  2467  2502 I IPCSharedMemory: CreateSharedMemory: Allocated shared memory fd 121 (ipcEventBuffer_Private)
11-04 17:49:15.197  2208  2208 I FileCapture: broadcast capture state to AUI running = false, with mode -1
11-04 17:49:15.203  1044  8324 I DisplayManagerService: Display device removed: DisplayDeviceInfo{"com.oculus.android_panel_app.AndroidPanelLayer-#main": uniqueId="virtual:com.oculus.systemux,10026,com.oculus.android_panel_app.AndroidPanelLayer-#main,4", 800 x 1250, modeId 205, defaultModeId 205, supportedModes [{id=205, width=800, height=1250, fps=60.0}], colorMode 0, supportedColorModes [0], HdrCapabilities null, density 200, 200.0 x 200.0 dpi, appVsyncOff 0, presDeadline 16666666, touch NONE, rotation 0, type VIRTUAL, state OFF, owner com.oculus.systemux (uid 10026), FLAG_PRIVATE, FLAG_NEVER_BLANK, FLAG_OWN_CONTENT_ONLY}
11-04 17:49:15.207  1044  1060 I DisplayManagerService: Display device added: DisplayDeviceInfo{"com.oculus.android_panel_app.AndroidPanelLayer-#main": uniqueId="virtual:com.oculus.systemux,10026,com.oculus.android_panel_app.AndroidPanelLayer-#main,4", 800 x 110, modeId 206, defaultModeId 206, supportedModes [{id=206, width=800, height=110, fps=60.0}], colorMode 0, supportedColorModes [0], HdrCapabilities null, density 200, 200.0 x 200.0 dpi, appVsyncOff 0, presDeadline 16666666, touch NONE, rotation 0, type VIRTUAL, state OFF, owner com.oculus.systemux (uid 10026), FLAG_PRIVATE, FLAG_NEVER_BLANK, FLAG_OWN_CONTENT_ONLY}
11-04 17:49:15.210  2208  2208 I OVRMediaServiceManager: Metacam is not enabled.
11-04 17:49:15.213  2467  2502 I RuntimeIPCServerMgr: HandleClientConnect SUCCESS: Client: com.oculus.systemux:com.oculus.systemux:SystemUX:3523, Server: com.oculus.presence:com.oculus.presence (PubSubServer)
11-04 17:49:15.215  2467  2502 I RuntimeIPCServerMgr: GetServerStatesConfig -> {MaxBufferSize=32768, MaxEntries=64}
11-04 17:49:15.217  1044  8324 W ActivityManager: Unable to start service Intent { act=com.oculus.presence.StablePresenceService cmp=com.oculus.presence/.services.presence.PresenceService } U=0: not found
11-04 17:49:15.220   836 13732 D SimpleC2Component: Using output block pool with poolID 117 => got 117 - 0
11-04 17:49:15.222   805  3852 D MediaBufferGroup: creating MemoryDealer
11-04 17:49:15.228  2954  3032 D VrGuardianService: getSupportedVrFeatures for com.YourCompany.TemplateProject3
11-04 17:49:15.229   836  2111 D BufferPoolAccessor: Destruction - bufferpool2 0x2c63bf0230 cached: 0/0M, 0/0% in use; allocs: 0, 0% recycled; transfers: 0, 0% unfetced
11-04 17:49:15.230   836  2111 V C2Store : in ~ComponentModule
11-04 17:49:15.230   836  2111 V C2Store : unloading dll
11-04 17:49:15.231  1044  1064 W InputReader: Device has associated, but no associated display id.
11-04 17:49:15.236  1044  1066 W InputReader: Device has associated, but no associated display id.
11-04 17:49:15.236  1044  1066 I ActivityTaskManager: Override config changes=20005df8 {0.0 ?mcc?mnc ?localeList ?layoutDir sw88dp w640dp h88dp 200dpi nrml long land ?uimode ?night -touch qwerty/v/v -nav/h winConfig={ mBounds=Rect(0, 0 - 800, 110) mAppBounds=Rect(0, 0 - 800, 110) mWindowingMode=fullscreen mDisplayWindowingMode=fullscreen mActivityType=undefined mAlwaysOnTop=undefined mRotation=ROTATION_0}} for displayId=145
11-04 17:49:15.240  2630  2756 W PublicLibraryProvider: Cannot find entitlement for com.YourCompany.TemplateProject3
11-04 17:49:15.243  2954  3032 I GuardianSystem: UpdateGuardianSystemState: Flags2 changed: 33, 32, SYSTEM_2_DIRECTIONAL_PASSTHROUGH_ENABLED,SYSTEM_2_SHOULD_PUSH_BLACK to SYSTEM_2_SHOULD_PUSH_BLACK
11-04 17:49:15.261  1044  1066 I DisplayManagerService: Display device changed state: "com.oculus.android_panel_app.AndroidPanelLayer-#main", ON
11-04 17:49:15.264  1044  8324 E WindowManager: App trying to use insecure INPUT_FEATURE_NO_INPUT_CHANNEL flag. Ignoring
11-04 17:49:15.276  3523  6119 I chatty  : uid=10026(com.oculus.systemux) Binder:3523_A expire 4 lines
11-04 17:49:15.286  1044  1060 E WindowManager: App trying to use insecure INPUT_FEATURE_NO_INPUT_CHANNEL flag. Ignoring
11-04 17:49:15.290   736   909 I SyncBossHAL: [info   ] syncboss_hal_powerstate.c(50): Reporting powerstate event: PROX_OFF
11-04 17:49:15.291  1044  1340 D VrPowerManagerService: processing message: sensor changed
11-04 17:49:15.291  1044  1340 I VrPowerManagerService: transition from HEADSET_MOUNTED to HEADSET_UNMOUNTED
11-04 17:49:15.293   841  1353 D SensorClientUtils: Received transition request from RUNNING to STANDBY
11-04 17:49:15.293   841  1353 D SensorClientUtils: Skipping no-op transition from RUNNING to STANDBY
11-04 17:49:15.294  1729  1748 D VrPowerManagerClient: Headset state: 2
11-04 17:49:15.294  2467  2931 W PresenceAPKNative(hyperspace_controller_module): is_mounted: 0
11-04 17:49:15.294  1729  1748 V ControllerNotifications: Handling unmount notification
11-04 17:49:15.295   851  1490 D SensorClientUtils: Received transition request from RUNNING to STANDBY
11-04 17:49:15.295  1707  1775 D SensorClientUtils: Received transition request from RUNNING to STANDBY
11-04 17:49:15.295   851  1490 D SensorClientUtils: Skipping no-op transition from RUNNING to STANDBY
11-04 17:49:15.295  1707  1775 D SensorClientUtils: Skipping no-op transition from RUNNING to STANDBY
11-04 17:49:15.295  1824  1824 I [CT]    : MIXEDREALITY: MrService: MountStateChanged: false
11-04 17:49:15.296  2662  2662 W VRLifecycleSessionManager: No apps were active so skipping session.
11-04 17:49:15.296  2662  2662 W VRLifecycleManager: onHeadsetUnmounted
11-04 17:49:15.297  2662  2662 W VRLifecycleManager: onHeadsetUnmounted
11-04 17:49:15.300  2662  2662 W VRLifecycleManager: onHeadsetUnmounted
11-04 17:49:15.300   721   886 W DeviceHAL: Error from HAL Device in function get_mic_mute: Function not implemented
11-04 17:49:15.302   721   886 W DeviceHAL: Error from HAL Device in function get_mic_mute: Function not implemented
11-04 17:49:15.302   721   886 D audio_hw_primary: adev_set_mic_mute state 0
11-04 17:49:15.302   721   886 W DeviceHAL: Error from HAL Device in function set_mic_mute: Function not implemented
11-04 17:49:15.302   721   886 W DeviceHAL: Error from HAL Device in function set_mic_mute: Function not implemented
11-04 17:49:15.303  1044  3551 E AudioSystem-JNI: Command failed for android_media_AudioSystem_muteMicrophone: -38
11-04 17:49:15.303 10864 10864 D MetaCamNative (device_lifecycle_observer): OnDeviceMountedStateChange(is_mounted = 0)
11-04 17:49:15.308  2354 13738 I chatty  : uid=10020(com.oculus.vrshell) ShellOverlayMai expire 4 lines
11-04 17:49:15.309   851  1490 W TrackingService: attachClient: found client in attached list
11-04 17:49:15.310   851  1490 D TrackingService: getSharedMemory: com.oculus.vrshell#2354, HeadTracker
11-04 17:49:15.315  2208  2317 W OVRLibrary: null cursor received for query content://com.oculus.ocms.library/apps/com.oculus.vrshell
11-04 17:49:15.320  2208  2208 W OVRLibrary: null cursor received for query content://com.oculus.ocms.library/apps/com.YourCompany.TemplateProject3
11-04 17:49:15.320  2208  2208 I OVRMediaServiceManager: Sending onAppStart (com.YourCompany.TemplateProject3) to SocialPlatform (com.oculus.socialplatform)
11-04 17:49:15.322  2467  3447 I RuntimeIPCServerMgr: GetServerStatesConfig -> {MaxBufferSize=32768, MaxEntries=64}
11-04 17:49:15.328   838 11808 E CalibrationProvider: loadCalibration(LDISP_SN) failed: Calibration store didn't load any info
11-04 17:49:15.328   838 11808 E CalibrationProvider: loadCalibration(RDISP_SN) failed: Calibration store didn't load any info
11-04 17:49:15.330  2954  3032 I StateMachine: StateMachine::Update GuardianInitializationStateMachine: unmountEvent -> Unmounted_Black
11-04 17:49:15.341   838 11808 E CalibrationProvider: loadCalibration(LDISP_SN) failed: Calibration store didn't load any info
11-04 17:49:15.341   838 11808 E CalibrationProvider: loadCalibration(RDISP_SN) failed: Calibration store didn't load any info
11-04 17:49:15.348  1824  3556 I [CT]    : MIXEDREALITY: MrFeatureStatus: Client status changed from Paused to Started.
11-04 17:49:15.348  1824  3556 I [CT]    : MIXEDREALITY: MrFeatureStatus: Target status Started, CurrentStatus: Paused
11-04 17:49:15.348  1824  3556 I [CT]    : MIXEDREALITY: MrFeatureStatus: Operation chain: Start
11-04 17:49:15.348  1824  3556 I [CT]    : MIXEDREALITY: MrFeatureStatus: Global status changed from Paused to Started.
11-04 17:49:15.348  1824  3556 I [CT]    : MIXEDREALITY: MrServiceController: Queuing command linked to operation Start for feature 0
11-04 17:49:15.348  1824  3311 I [CT]    : MIXEDREALITY: MrServiceController: Executing passthroughStart on model
11-04 17:49:15.348  1824  3311 I [CT]    : MIXEDREALITY: MrServiceModel: passthroughStart()
11-04 17:49:15.348  1824  3311 I [CT]    : MIXEDREALITY: MrServiceModel: passthroughStart: Started Passthrough
11-04 17:49:15.349  1824  3311 I [CT]    : MIXEDREALITY: MrServiceView: renderIteration: Nothing to render, hibernating the rendering thread since ID is off and no active PT layers.
11-04 17:49:15.349  1824  3311 I [CT]    : MIXEDREALITY: MrServiceModel: Hibernating caller (most likely rendering thread) due to commandQueue being empty.
11-04 17:49:15.351   721   886 I audio_hw_primary: getting vr mode to 0
11-04 17:49:15.352   749   965 I AudioPolicyManagerCustom: VR mode is 0, switch to primary output if request is for fast|raw
11-04 17:49:15.353   749   965 W AudioFlinger: createTrack_l(): mismatch between requested flags (00000104) and output flags (00000006)
11-04 17:49:15.353   749   965 D AudioFlinger: Client defaulted notificationFrames to 192 for frameCount 384
11-04 17:49:15.354   749   965 D AF::TrackHandle: OpPlayAudio: track:131 uid:10020 pkg:com.oculus.vrshell usage:1 not muted
11-04 17:49:15.354  2354 13745 I chatty  : uid=10020(com.oculus.vrshell) ShellOverlayMai expire 4 lines
11-04 17:49:15.357  2208  2208 E OVRMediaServiceManager: LivestreamingManager Not initialized
11-04 17:49:15.357  2208  2208 W VRLifecycleSessionManager: No apps were active so skipping session.
11-04 17:49:15.357  2208  2208 W VRLifecycleManager: onHeadsetUnmounted
11-04 17:49:15.360 13469 13576 I chatty  : uid=10131(com.YourCompany.TemplateProject3) expire 3 lines
11-04 17:49:15.363  1508  1508 V AvrcpMediaPlayerList: onPlaybackConfigChanged(): Configs list size=7
11-04 17:49:15.375   851  1198 I chatty  : uid=1000(system) KeypointCache expire 5 lines
11-04 17:49:15.376  3523  4308 I chatty  : uid=10026(com.oculus.systemux) Binder:3523_5 expire 4 lines
11-04 17:49:15.377  2354 13747 I chatty  : uid=10020(com.oculus.vrshell) ShellOverlayMai expire 8 lines
11-04 17:49:15.378  2208  2208 I FileCapture: broadcast capture state to AUI running = false, with mode -1
11-04 17:49:15.378  2208  2208 I PlatformPluginManager: setHeadsetMountState: false
11-04 17:49:15.378  2208  2208 I OVRPlatform: [AudioManager] SetHeadsetMounted: false
11-04 17:49:15.378  2208  2208 I OVRPlatform: [AudioManager] Current headsetMounted_ false
11-04 17:49:15.378  2208  2208 I OVRPlatform: [AudioManager] Current headphoneStatus_: DISCONNECTED
11-04 17:49:15.381  1508  1508 V AvrcpMediaPlayerList: onPlaybackConfigChanged(): Configs list size=7
11-04 17:49:15.381   721   721 D msm8974_platform: platform_split_snd_device: snd_device(2) num devices(1) new_snd_devices(0)
11-04 17:49:15.381  1508  1508 V AvrcpMediaPlayerList: onPlaybackConfigChanged(): Configs list size=7
11-04 17:49:15.381   721   721 D ACDB-LOADER: ACDB -> send_audvoltable
11-04 17:49:15.381   721   721 D ACDB-LOADER: ACDB -> ACDB_CMD_GET_AUDPROC_INSTANCE_GAIN_DEP_STEP_TABLE_SIZE
11-04 17:49:15.381   721   721 D         : Failed to fetch the lookup information of the device 0000000F 
11-04 17:49:15.381   721   721 D ACDB-LOADER: Error: ACDB_CMD_GET_AUDPROC_INSTANCE_GAIN_DEP_STEP_TABLE_SIZE Returned = -19
11-04 17:49:15.381   721   721 D ACDB-LOADER: ACDB -> ACDB_CMD_GET_AUDPROC_INSTANCE_GAIN_DEP_STEP_TABLE, vol index 8
11-04 17:49:15.381   721   721 D         : Failed to fetch the lookup information of the device 0000000F 
11-04 17:49:15.381   721   721 D ACDB-LOADER: Error: ACDB AudProc vol returned = -19
11-04 17:49:15.381   721   721 D ACDB-LOADER: ACDB -> AUDIO_SET_VOL_CAL cal type = 40
11-04 17:49:15.384  2208  2208 I OVRMediaService: onStartCommand Received message type: overlay_input_focus_change, caller package: com.oculus.vrshell, app identify: AppIdentity{uid=10020, packageNames=[com.oculus.vrshell], sha1=MxZgtt071YLz39PLrkVGckZooCE, sha2=3C-DTjwZQjeLFPB2yCzRq1nqZWa_9HMLIEfpjvyfna8, version=null, domain=null}
11-04 17:49:15.391  1729  1729 D OculusNotificationListenerService: Notification posted: 0|android|0|com.android.server.wm.AlertWindowNotification - com.oculus.vrshell|1000
11-04 17:49:15.394  2208  2208 I OVRMediaService: Received OVERLAY_INPUT_FOCUS_CHANGE. is focused: true
11-04 17:49:15.397  3523 13578 I chatty  : uid=10026(com.oculus.systemux) pool-58-thread- expire 23 lines
11-04 17:49:15.407  1044  5898 I ActivityTaskManager: START u0 {act=android.intent.action.MAIN cmp=com.oculus.os.clearactivity/.ClearActivity (has extras)} from uid 10020
11-04 17:49:15.413  1044  5898 W ActivityTaskManager: startActivity called from non-Activity context; forcing Intent.FLAG_ACTIVITY_NEW_TASK for: Intent { act=android.intent.action.MAIN flg=0x800000 cmp=com.oculus.os.clearactivity/.ClearActivity (has extras) }
11-04 17:49:15.426  1044  5898 W InputReader: Device has associated, but no associated display id.
11-04 17:49:15.426 11874 11874 W ActivityThread: handleWindowVisibility: no activity for token android.os.BinderProxy@9f4544d
11-04 17:49:15.434  2862  2862 D MVanServiceReceiver: MVanServiceReceiver Action: com.oculus.intent.action.MOUNT_STATE_CHANGED
11-04 17:49:15.438   749   965 D AF::TrackHandle: OpPlayAudio: track:131 uid:10020 pkg:com.oculus.vrshell usage:1 not muted
11-04 17:49:15.438   749  6331 D AF::TrackHandle: OpPlayAudio: track:57 uid:10014 pkg:com.oculus.shellenv usage:1 muted
11-04 17:49:15.438   749  1919 D AF::RecordHandle: OpRecordAudio: track:130 uid:10032 pkg:com.oculus.horizon usage:0 not muted
11-04 17:49:15.439   749  5961 D AF::RecordHandle: OpRecordAudio: track:130 uid:10032 pkg:com.oculus.horizon usage:0 not muted
11-04 17:49:15.439   749  6331 D AF::TrackHandle: OpPlayAudio: track:57 uid:10014 pkg:com.oculus.shellenv usage:1 muted
11-04 17:49:15.439   749   965 D AF::TrackHandle: OpPlayAudio: track:131 uid:10020 pkg:com.oculus.vrshell usage:1 not muted
11-04 17:49:15.445   749  4622 D AF::RecordHandle: OpRecordAudio: track:56 uid:10014 pkg:com.oculus.shellenv usage:0 muted
11-04 17:49:15.448   749  4531 D AF::TrackHandle: OpPlayAudio: track:128 uid:10131 pkg:com.YourCompany.TemplateProject3 usage:1 muted
11-04 17:49:15.451   749  4622 D AF::RecordHandle: OpRecordAudio: track:56 uid:10014 pkg:com.oculus.shellenv usage:0 muted
11-04 17:49:15.452   749  4531 D AF::TrackHandle: OpPlayAudio: track:128 uid:10131 pkg:com.YourCompany.TemplateProject3 usage:1 muted
11-04 17:49:15.459   721   886 D msm8974_platform: platform_split_snd_device: snd_device(2) num devices(1) new_snd_devices(0)
11-04 17:49:15.459   721   886 D ACDB-LOADER: ACDB -> send_audvoltable
11-04 17:49:15.459   721   886 D ACDB-LOADER: ACDB -> ACDB_CMD_GET_AUDPROC_INSTANCE_GAIN_DEP_STEP_TABLE_SIZE
11-04 17:49:15.459   721   886 D         : Failed to fetch the lookup information of the device 0000000F 
11-04 17:49:15.459   721   886 D ACDB-LOADER: Error: ACDB_CMD_GET_AUDPROC_INSTANCE_GAIN_DEP_STEP_TABLE_SIZE Returned = -19
11-04 17:49:15.459   721   886 D ACDB-LOADER: ACDB -> ACDB_CMD_GET_AUDPROC_INSTANCE_GAIN_DEP_STEP_TABLE, vol index 7
11-04 17:49:15.459   721   886 D         : Failed to fetch the lookup information of the device 0000000F 
11-04 17:49:15.459   721   886 D ACDB-LOADER: Error: ACDB AudProc vol returned = -19
11-04 17:49:15.459   721   886 D ACDB-LOADER: ACDB -> AUDIO_SET_VOL_CAL cal type = 40
11-04 17:49:15.460  2954  3498 I VrGuardianService: GuardianSDKServer::SetActiveHand
11-04 17:49:15.460  2954  3498 I VrGuardianService: GuardianSDKServer::SetSecondaryControllerActive 0
11-04 17:49:15.469  1044  3551 E WindowManager: App trying to use insecure INPUT_FEATURE_NO_INPUT_CHANNEL flag. Ignoring
11-04 17:49:15.473  2354 13751 I chatty  : uid=10020(com.oculus.vrshell) ShellOverlayMai expire 2 lines
11-04 17:49:15.502  1044  1071 I ActivityTaskManager: Displayed com.oculus.os.clearactivity/.ClearActivity: +77ms
11-04 17:49:15.615   877  1199 E VrApiService: Failed to set affinity for thread 13499, err: -22
11-04 17:49:15.615   877   877 E VrApiService: Failed to set affinity for thread 13558, err: -22
11-04 17:49:15.615   877  1199 E VrApiService: Failed to set affinity for thread 13584, err: -22
11-04 17:49:15.623  1635 13734 W ContextImpl: Calling a method in the system process without a qualified user: android.app.ContextImpl.sendBroadcast:1057 android.content.ContextWrapper.sendBroadcast:448 X.o0.A00:133 X.nZ.A00:17 X.nZ.handleMessage:91 
11-04 17:49:15.857  2954  3032 I StateMachine: StateMachine::Update TrackingLost: valid -> Valid
11-04 17:49:15.857  2954  3032 I GuardianSystem: UpdateGuardianSystemState: Flags changed: 544768, 528384, SYSTEM_RELOCALIZING,SYSTEM_TRACKING_LOST,SYSTEM_GUARDIAN_VALID to SYSTEM_RELOCALIZING,SYSTEM_GUARDIAN_VALID
11-04 17:49:15.897  2954  3032 I GuardianSystem: UpdateGuardianSystemState: Flags2 changed: 32, 33, SYSTEM_2_SHOULD_PUSH_BLACK to SYSTEM_2_DIRECTIONAL_PASSTHROUGH_ENABLED,SYSTEM_2_SHOULD_PUSH_BLACK
11-04 17:49:16.015  2954  3032 I GuardianSystem: Environment Status changed: 33 to 34
11-04 17:49:16.325  1635 13755 W ContextImpl: Calling a method in the system process without a qualified user: android.app.ContextImpl.sendBroadcast:1057 android.content.ContextWrapper.sendBroadcast:448 X.o0.A00:133 X.nZ.A00:17 X.nZ.handleMessage:91 
11-04 17:49:16.328  1635 13752 W ContextImpl: Calling a method in the system process without a qualified user: android.app.ContextImpl.sendBroadcast:1057 android.content.ContextWrapper.sendBroadcast:448 X.o0.A00:133 X.nZ.A00:17 X.nZ.handleMessage:91 
11-04 17:49:16.487  2954  3032 I [CT]    : GuardianMapDataMgr: CheckRelocalizationStatus: Relocalization done
11-04 17:49:16.487  2954  3032 W OsSdk   : Requested historical tracking state too far in the past; oldest: 6675.605397s, requested: 6220.714466s
11-04 17:49:16.489  2954  3032 I GuardianSystem: UpdateGuardianSystemState: Flags changed: 528384, 524288, SYSTEM_RELOCALIZING,SYSTEM_GUARDIAN_VALID to SYSTEM_GUARDIAN_VALID
11-04 17:49:16.489  2954  3032 I GuardianSystem: UpdateLocalSpaceToCurrentPose
11-04 17:49:16.490  2954  3032 I GuardianSystem: UpdateSystem: Responding to local space version number change.
11-04 17:49:16.490  2954  3032 I GuardianSurfaceMgr: ForceShowSurfaceBounds: Soft fade out: currentTime 6675.90, ForceShowTime 6676.90, ForceShowFadeTime 6677.90
11-04 17:49:16.490  2954  3032 I GuardianSystem: ForceShowGuardian: false, 1.00
11-04 17:49:16.529  2954  3032 I StateMachine: StateMachine::Update ForceShow: forceShowForTime -> ForceShowOnForTime
11-04 17:49:16.548  2208  2571 I AuthLogger: Action succeeded: SYNC_ACCOUNTS, callingPackage: com.oculus.horizon, accountType: null, tokenType: null, extras: {}, duration: 1869ms
11-04 17:49:16.611   736   909 I SyncBossHAL: [info   ] syncboss_hal_powerstate.c(50): Reporting powerstate event: PROX_ON
11-04 17:49:16.612  1044  1340 D VrPowerManagerService: processing message: sensor changed
11-04 17:49:16.612  1044  1340 I VrPowerManagerService: transition from HEADSET_UNMOUNTED to HEADSET_MOUNTED
11-04 17:49:16.613   841  1353 D SensorClientUtils: Received transition request from STANDBY to RUNNING
11-04 17:49:16.613   851  1186 D SensorClientUtils: Received transition request from STANDBY to RUNNING
11-04 17:49:16.613  1729  1750 D VrPowerManagerClient: Headset state: 1
11-04 17:49:16.613  1729  1750 V ControllerNotifications: Headset was mounted, requesting that notifications are enabled
11-04 17:49:16.613  1729  1750 V ControllerNotifications: Queueing enable of notifications in 5000ms
11-04 17:49:16.613  1707  1775 D SensorClientUtils: Received transition request from STANDBY to RUNNING
11-04 17:49:16.617  2467  2931 W PresenceAPKNative(hyperspace_controller_module): is_mounted: 1
11-04 17:49:16.620  1824  1824 I [CT]    : MIXEDREALITY: MrService: MountStateChanged: true
11-04 17:49:16.620  2662  2662 W VRLifecycleManager: onHeadsetMounted
11-04 17:49:16.625  2662  2662 W VRLifecycleManager: onHeadsetMounted
11-04 17:49:16.627   721   886 W DeviceHAL: Error from HAL Device in function get_mic_mute: Function not implemented
11-04 17:49:16.627   721   886 W DeviceHAL: Error from HAL Device in function get_mic_mute: Function not implemented
11-04 17:49:16.627 10864 10864 D MetaCamNative (device_lifecycle_observer): OnDeviceMountedStateChange(is_mounted = 1)
11-04 17:49:16.627   721   886 D audio_hw_primary: adev_set_mic_mute state 0
11-04 17:49:16.627   721   886 W DeviceHAL: Error from HAL Device in function set_mic_mute: Function not implemented
11-04 17:49:16.627   721   886 W DeviceHAL: Error from HAL Device in function set_mic_mute: Function not implemented
11-04 17:49:16.627  1044 11059 E AudioSystem-JNI: Command failed for android_media_AudioSystem_muteMicrophone: -38
11-04 17:49:16.630  2208  2208 W VRLifecycleManager: onHeadsetMounted
11-04 17:49:16.639  2208  2208 I PlatformPluginManager: setHeadsetMountState: true
11-04 17:49:16.640  2208  2208 I OVRPlatform: [AudioManager] SetHeadsetMounted: true
11-04 17:49:16.640  2208  2208 I OVRPlatform: [AudioManager] Current headsetMounted_ true
11-04 17:49:16.640  2208  2208 I OVRPlatform: [AudioManager] Current headphoneStatus_: DISCONNECTED
11-04 17:49:16.640  2208  2208 I PlatformPluginManager: on headset mounted
11-04 17:49:16.642  2954  3498 I VrGuardianService: GuardianSDKServer::ClearPassthroughFlag
11-04 17:49:16.645  2954  3032 I StateMachine: StateMachine::Update GuardianInitializationStateMachine: mountEvent -> MountedTransition_Black
11-04 17:49:16.652  1824  3556 I [CT]    : MIXEDREALITY: MrFeatureStatus: Client status changed from Started to Paused.
11-04 17:49:16.652  1824  3556 I [CT]    : MIXEDREALITY: MrFeatureStatus: Target status Paused, CurrentStatus: Started
11-04 17:49:16.652  1824  3556 I [CT]    : MIXEDREALITY: MrFeatureStatus: Operation chain: Pause
11-04 17:49:16.652  1824  3556 I [CT]    : MIXEDREALITY: MrFeatureStatus: Global status changed from Started to Paused.
11-04 17:49:16.652  1824  3556 I [CT]    : MIXEDREALITY: MrServiceController: Queuing command linked to operation Pause for feature 0
11-04 17:49:16.652  1824  3311 I [CT]    : MIXEDREALITY: MrServiceController: Executing passthroughPause on model
11-04 17:49:16.652  1824  3311 I [CT]    : MIXEDREALITY: MrServiceModel: passthroughPause()
11-04 17:49:16.652  1824  3311 I [CT]    : MIXEDREALITY: MrServiceModel: passthroughPause: Paused Passthrough
11-04 17:49:16.652  1824  3311 I [CT]    : MIXEDREALITY: MrRuntimeImpl: onPause: Capability 0 on device 2.
11-04 17:49:16.653   841  3308 I [CT]    : MIXEDREALITY: MrSystemServiceIPCServer: ChangeMrCapabilityStatus: client 1185751860, capability 0, command 0.
11-04 17:49:16.653   841  3308 I [CT]    : MIXEDREALITY: ServiceLogic: Stopping: Passthrough
11-04 17:49:16.653   841  3308 I [CT]    : MIXEDREALITY: MrRuntimeCompute: onStop: Passthrough.
11-04 17:49:16.653   841  3308 I [CT]    : MIXEDREALITY: MrRuntimeCompute: onStop: All capabilities are off, pausing stereo pipeline.
11-04 17:49:16.653   841  3308 I [CT]    : MIXEDREALITY: ServiceLogic: sendMrEngine: Pause
11-04 17:49:16.653   841  3308 I [CT]    : MIXEDREALITY: ServiceLogic: Thread mrsyssvc:camera has tid -1
11-04 17:49:16.654  1824  3311 I [CT]    : MIXEDREALITY: MrRuntimeImpl: onPause: Capability 1 on device 2.
11-04 17:49:16.655   841  3308 I [CT]    : MIXEDREALITY: MrSystemServiceIPCServer: ChangeMrCapabilityStatus: client 1185751860, capability 1, command 0.
11-04 17:49:16.655   841  3308 I [CT]    : MIXEDREALITY: ServiceLogic: Stopping: Playspace
11-04 17:49:16.655   841  3308 I [CT]    : MIXEDREALITY: MrRuntimeCompute: onStop: Playspace.
11-04 17:49:16.655   841  3308 I [CT]    : MIXEDREALITY: MrRuntimeCompute: onStop: All capabilities are off, pausing stereo pipeline.
11-04 17:49:16.655   841  3308 I [CT]    : MIXEDREALITY: ServiceLogic: sendMrEngine: Pause
11-04 17:49:16.655   841  3308 I [CT]    : MIXEDREALITY: ServiceLogic: Thread mrsyssvc:camera has tid -1
11-04 17:49:16.655  1824  3311 W OsSdk   : Requested historical tracking state too far in the past; oldest: 6675.775733s, requested: 6674.796925s
11-04 17:49:16.656  1824  3311 I [CT]    : MIXEDREALITY: MrServiceModel: Hibernating caller (most likely rendering thread) due to commandQueue being empty.
11-04 17:49:16.659  1729  1729 D OculusNotificationListenerService: Notification removed: 0|android|0|com.android.server.wm.AlertWindowNotification - com.oculus.vrshell|1000
11-04 17:49:16.668  2862  2862 D MVanServiceReceiver: MVanServiceReceiver Action: com.oculus.intent.action.MOUNT_STATE_CHANGED
11-04 17:49:16.678  2208  2208 W OVRLibrary: null cursor received for query content://com.oculus.ocms.library/apps/com.YourCompany.TemplateProject3
11-04 17:49:16.678  2208  2208 I OVRMediaServiceManager: Sending onAppStart (com.YourCompany.TemplateProject3) to SocialPlatform (com.oculus.socialplatform)
11-04 17:49:16.707  2208  2208 E OVRMediaServiceManager: LivestreamingManager Not initialized
11-04 17:49:16.710  2208  2602 W OVRLibrary: null cursor received for query content://com.oculus.ocms.library/apps/com.oculus.os.clearactivity
11-04 17:49:16.711  3523 13736 I chatty  : uid=10026 com.oculus.systemux:SystemUX expire 6 lines
11-04 17:49:16.712  2208  2208 I OVRMediaService: onStartCommand Received message type: overlay_input_focus_change, caller package: com.oculus.vrshell, app identify: AppIdentity{uid=10020, packageNames=[com.oculus.vrshell], sha1=MxZgtt071YLz39PLrkVGckZooCE, sha2=3C-DTjwZQjeLFPB2yCzRq1nqZWa_9HMLIEfpjvyfna8, version=null, domain=null}
11-04 17:49:16.716  2208  2208 I OVRMediaService: Received OVERLAY_INPUT_FOCUS_CHANGE. is focused: false
11-04 17:49:16.781  1508  1508 V AvrcpMediaPlayerList: onPlaybackConfigChanged(): Configs list size=7
11-04 17:49:16.782  1508  1508 V AvrcpMediaPlayerList: onPlaybackConfigChanged(): Configs list size=6
11-04 17:49:16.782  1044  5898 I ActivityTaskManager: START u0 {act=com.oculus.os.clearactivity.FINISH cmp=com.oculus.os.clearactivity/.ClearActivity (has extras)} from uid 10020
11-04 17:49:16.783  1044  5898 W ActivityTaskManager: startActivity called from non-Activity context; forcing Intent.FLAG_ACTIVITY_NEW_TASK for: Intent { act=com.oculus.os.clearactivity.FINISH flg=0x800000 cmp=com.oculus.os.clearactivity/.ClearActivity (has extras) }
11-04 17:49:16.798  1044  1060 W InputReader: Device has associated, but no associated display id.
11-04 17:49:16.799  1044  1060 W InputReader: Device has associated, but no associated display id.
11-04 17:49:16.827   749  5961 D AF::TrackHandle: OpPlayAudio: track:131 uid:10020 pkg:com.oculus.vrshell usage:1 not muted
11-04 17:49:16.827   749  4531 D AF::TrackHandle: OpPlayAudio: track:131 uid:10020 pkg:com.oculus.vrshell usage:1 not muted
11-04 17:49:16.827   749   965 D AF::RecordHandle: OpRecordAudio: track:130 uid:10032 pkg:com.oculus.horizon usage:0 not muted
11-04 17:49:16.828   749  6331 D AF::TrackHandle: OpPlayAudio: track:128 uid:10131 pkg:com.YourCompany.TemplateProject3 usage:1 not muted
11-04 17:49:16.828   749  1919 D AF::TrackHandle: OpPlayAudio: track:57 uid:10014 pkg:com.oculus.shellenv usage:1 muted
11-04 17:49:16.828   749   965 D AF::RecordHandle: OpRecordAudio: track:130 uid:10032 pkg:com.oculus.horizon usage:0 not muted
11-04 17:49:16.828   749  4622 D AF::RecordHandle: OpRecordAudio: track:56 uid:10014 pkg:com.oculus.shellenv usage:0 muted
11-04 17:49:16.828   749  1919 D AF::TrackHandle: OpPlayAudio: track:57 uid:10014 pkg:com.oculus.shellenv usage:1 muted
11-04 17:49:16.829   749  1919 D AF::RecordHandle: OpRecordAudio: track:56 uid:10014 pkg:com.oculus.shellenv usage:0 muted
11-04 17:49:16.831   749  6331 D AF::TrackHandle: OpPlayAudio: track:128 uid:10131 pkg:com.YourCompany.TemplateProject3 usage:1 not muted
11-04 17:49:16.839   721   886 D msm8974_platform: platform_split_snd_device: snd_device(2) num devices(1) new_snd_devices(0)
11-04 17:49:16.839   721   886 D ACDB-LOADER: ACDB -> send_audvoltable
11-04 17:49:16.839   721   886 D ACDB-LOADER: ACDB -> ACDB_CMD_GET_AUDPROC_INSTANCE_GAIN_DEP_STEP_TABLE_SIZE
11-04 17:49:16.839   721   886 D         : Failed to fetch the lookup information of the device 0000000F 
11-04 17:49:16.839   721   886 D ACDB-LOADER: Error: ACDB_CMD_GET_AUDPROC_INSTANCE_GAIN_DEP_STEP_TABLE_SIZE Returned = -19
11-04 17:49:16.839   721   886 D ACDB-LOADER: ACDB -> ACDB_CMD_GET_AUDPROC_INSTANCE_GAIN_DEP_STEP_TABLE, vol index 8
11-04 17:49:16.839   721   886 D         : Failed to fetch the lookup information of the device 0000000F 
11-04 17:49:16.839   721   886 D ACDB-LOADER: Error: ACDB AudProc vol returned = -19
11-04 17:49:16.839   721   886 D ACDB-LOADER: ACDB -> AUDIO_SET_VOL_CAL cal type = 40
11-04 17:49:16.845   721   721 D msm8974_platform: platform_split_snd_device: snd_device(2) num devices(1) new_snd_devices(0)
11-04 17:49:16.845   721   721 D ACDB-LOADER: ACDB -> send_audvoltable
11-04 17:49:16.845   721   721 D ACDB-LOADER: ACDB -> ACDB_CMD_GET_AUDPROC_INSTANCE_GAIN_DEP_STEP_TABLE_SIZE
11-04 17:49:16.845   721   721 D         : Failed to fetch the lookup information of the device 0000000F 
11-04 17:49:16.845   721   721 D ACDB-LOADER: Error: ACDB_CMD_GET_AUDPROC_INSTANCE_GAIN_DEP_STEP_TABLE_SIZE Returned = -19
11-04 17:49:16.845   721   721 D ACDB-LOADER: ACDB -> ACDB_CMD_GET_AUDPROC_INSTANCE_GAIN_DEP_STEP_TABLE, vol index 7
11-04 17:49:16.845   721   721 D         : Failed to fetch the lookup information of the device 0000000F 
11-04 17:49:16.845   721   721 D ACDB-LOADER: Error: ACDB AudProc vol returned = -19
11-04 17:49:16.845   721   721 D ACDB-LOADER: ACDB -> AUDIO_SET_VOL_CAL cal type = 40
11-04 17:49:16.848  2208 13775 I FbnsPushNotificationHandler: Received notification with id: U6U5eca867b14a7eG611a4f622a16G5eca8b1474d50G1fc0
11-04 17:49:16.848  2208 13775 I NotificationReceiver: Notif received: oculus_user_status with id  and ndid U6U5eca867b14a7eG611a4f622a16G5eca8b1474d50G1fc0
11-04 17:49:16.851  2208  2317 W OVRLibrary: null cursor received for query content://com.oculus.ocms.library/apps/com.YourCompany.TemplateProject3
11-04 17:49:16.855  2208 13775 I NotificationReceiver: Notification has no message and thus will be discarded
11-04 17:49:16.859  2208  2208 W OVRLibrary: null cursor received for query content://com.oculus.ocms.library/apps/com.YourCompany.TemplateProject3
11-04 17:49:16.859  2208  2208 I OVRMediaServiceManager: Sending onAppStart (com.YourCompany.TemplateProject3) to SocialPlatform (com.oculus.socialplatform)
11-04 17:49:16.878  2208  2208 E OVRMediaServiceManager: LivestreamingManager Not initialized
11-04 17:49:16.888   736   893 I SyncBossHAL: [info   ] syncboss_hal_impl_input.c(1060): Pulsar connected devices state change: 17
11-04 17:49:16.890   582   610 I SyncBossFW: 6673881 [info   ] {WIHO}: Pulsar device connected 86557c336c360320 (type: 9001401, connection id: 0x11)
11-04 17:49:16.957   736   901 I SyncBossHAL: [info   ] pulsar_manager.c(396): 86557c33xxxxxxxx: Configuring IR LED to ontime = 34, period = 40000, delay = -9
11-04 17:49:16.964   736   901 I SyncBossHAL: [info   ] pulsar_manager.c(343): Finished getting cache data for controller
11-04 17:49:16.964   736   901 I SyncBossHAL:     id            : 86557c33xxxxxxxx
11-04 17:49:16.964   736   901 I SyncBossHAL:     pulsar_type   : 0x09001401
11-04 17:49:16.964   736   901 I SyncBossHAL:     connection id : 0x11
11-04 17:49:16.964   736   901 I SyncBossHAL:     fw ver        : 1.9.0
11-04 17:49:16.964   736   901 I SyncBossHAL:     spl ver       : 1.5.1
11-04 17:49:16.964   736   901 I SyncBossHAL:     serial        : 1WMHCLE3D42127
11-04 17:49:16.964   736   901 I SyncBossHAL:     handedness    : left
11-04 17:49:16.964   736   901 I SyncBossHAL:     battery state : 70%
11-04 17:49:16.964   736   901 I SyncBossHAL: [info   ] pulsar_manager.c(360): Jedi-specific cache data:
11-04 17:49:16.964   736   901 I SyncBossHAL:     captouch ver  : 1.9.0
11-04 17:49:16.968   582   610 I SyncBossFW: 6673961 [info   ] {APPI}: Found 1 connected pulsar devices
11-04 17:49:16.969   736 13624 D SensorService: Syncboss input 86557c336c360320 hardware type 4, subtype 1, revision 0x09
11-04 17:49:16.969   736 13624 I SensorService: preparePairedControllerInfo is adding device with valid 1
11-04 17:49:16.969   736 13624 D SensorService: Syncboss input 729165a0fe4054d7 hardware type 4, subtype 2, revision 
11-04 17:49:16.969   736 13624 I SensorService: preparePairedControllerInfo is adding device with valid 1
11-04 17:49:16.969   736 13624 D SensorService: stateChangeNotifierFunc(): Reporting controller info. Change token: 36, paired=2 connected=1
11-04 17:49:16.969  1707 13637 D OVRRemoteService: processStateChange([PairedControllerInfo JEDI 86557c336c360320 connected mcnt=0])
11-04 17:49:16.969   736   736 D SensorService: ControllerProvider: Succesfully set tx power to -4, filter to -4
11-04 17:49:16.970  1707 13637 D OVRRemoteService: processStateChange([PairedControllerInfo JEDI 729165a0fe4054d7 disconnected update-required mcnt=0])
11-04 17:49:16.970   736   901 I SyncBossHAL: [info   ] pulsar_manager.c(866): Setting transmit power for all connected controllers to -4 dBm
11-04 17:49:16.977   736   736 D SensorService: Found paired controllers: 2
11-04 17:49:16.977   736   736 D SensorService: Syncboss input 86557c336c360320 hardware type 4, subtype 1, revision 0x09
11-04 17:49:16.977   736   901 I SyncBossHAL: [info   ] pulsar_manager.c(866): Setting filter transmit power for all connected controllers to -4 dBm
11-04 17:49:16.977   736   736 I SensorService: preparePairedControllerInfo is adding device with valid 1
11-04 17:49:16.977   736   736 D SensorService: Syncboss input 729165a0fe4054d7 hardware type 4, subtype 2, revision 
11-04 17:49:16.977   736   736 I SensorService: preparePairedControllerInfo is adding device with valid 1
11-04 17:49:16.977   851 13670 D TrackingService: Creating RemoteConstellationTrackedDevice
11-04 17:49:16.978   851 13670 I TrackingService: Registering primary controller 86557c336c360320 in slot 0
11-04 17:49:16.979   851 13670 D TrackingService: TrackingDataPostProcessor: Hand autotransition v2 GK enabled: 1
11-04 17:49:16.979   851 13670 D TrackingService: registerRemote: 86557c336c360320
11-04 17:49:16.979   851 13670 I chatty  : uid=1000(system) CtrlTracking expire 101 lines
11-04 17:49:16.986  1044  1154 W EventHub: Unable to disable kernel key repeat for /dev/input/event3: Function not implemented
11-04 17:49:16.986  1044  1154 I EventHub: wakeMechanism=EPOLLWAKEUP, usingClockIoctl=true
11-04 17:49:16.986  1044  1154 I EventHub: New device: id=20, fd=219, path='/dev/input/event3', name='Device 0x86557C336C360320', classes=0x2001, configuration='/system/usr/idc/Vendor_2833_Product_0160.idc', keyLayout='/system/usr/keylayout/oculus-device.kl', keyCharacterMap='/system/usr/keychars/oculus-device.kcm', builtinKeyboard=false, 
11-04 17:49:16.986  1044  1154 I InputReader: Device added: id=20, name='Device 0x86557C336C360320', sources=0x65432102
11-04 17:49:16.988  1044  1153 W InputReader: Device has associated, but no associated display id.
11-04 17:49:16.993   851 13670 W TrackingService: Attempted to control leds, but gatekeeper is disabled. Skipping operation.
11-04 17:49:16.994   851  1186 D TrackingService: getSharedMemory: com.YourCompany.TemplateProject3, Controller
11-04 17:49:16.996  2954  3345 I InputDevice_TrackedRemote: REMOTE: Hand=1 IndexAnalog=0.00 GripAnalog=0.00 Buttons=0x00000000
11-04 17:49:17.019  1044  1056 I system_server: NativeAlloc concurrent copying GC freed 152381(6060KB) AllocSpace objects, 57(1604KB) LOS objects, 42% free, 12MB/22MB, paused 120us total 178.612ms
11-04 17:49:17.021  2208  2855 I AuthLogger: Action succeeded: SYNC_ACCOUNTS, callingPackage: com.oculus.horizon, accountType: null, tokenType: null, extras: {}, duration: 303ms
11-04 17:49:17.037   736 13625 I SyncBossInput: [info   ] [jedi ( left) 86557c33xxxxxxxx]: 6474087 [info   ] {THDG}: active_seek -> inactive_seek
11-04 17:49:17.046   851 13670 D TrackingService: [HANDTRACKING] Controller 86557c336c360320 in hand: Y, valid: Y
11-04 17:49:17.066   736 13625 I SyncBossInput: [info   ] [jedi ( left) 86557c33xxxxxxxx]: 6710299 [info   ] {APP }: Connected
11-04 17:49:17.096   736 13625 I SyncBossHAL: [info   ] syncboss_hal_input_controller.c(195): Controller 86557c33xxxxxxxx battery level changed: 0% -> 70%
11-04 17:49:17.101   736 13624 D SensorService: Syncboss input 86557c336c360320 hardware type 4, subtype 1, revision 0x09
11-04 17:49:17.101   736 13624 I SensorService: preparePairedControllerInfo is adding device with valid 1
11-04 17:49:17.102   736 13624 D SensorService: Syncboss input 729165a0fe4054d7 hardware type 4, subtype 2, revision 
11-04 17:49:17.102   736 13624 I SensorService: preparePairedControllerInfo is adding device with valid 1
11-04 17:49:17.102   736 13624 D SensorService: stateChangeNotifierFunc(): Reporting controller info. Change token: 37, paired=2 connected=1
11-04 17:49:17.102  1707 13637 D OVRRemoteService: processStateChange([PairedControllerInfo JEDI 86557c336c360320 connected mcnt=0])
11-04 17:49:17.102  1707 13637 D OVRRemoteService: processStateChange([PairedControllerInfo JEDI 729165a0fe4054d7 disconnected update-required mcnt=0])
11-04 17:49:17.110   851  1186 I TrackingService: Unregistering client by ITrackingService.unregisterClient
11-04 17:49:17.110   851  1186 I TrackingService: Failed to unregister client because client not found in registered list
11-04 17:49:17.110   851  1186 I chatty  : uid=1000(system) Binder:851_3 identical 7 lines
11-04 17:49:17.110   851  1186 I TrackingService: Failed to unregister client because client not found in registered list
11-04 17:49:17.110   851  1186 D TrackingService: unregister: com.YourCompany.TemplateProject3
11-04 17:49:17.112   736 13625 I SyncBossInput: [info   ] [jedi ( left) 86557c33xxxxxxxx]: 6710300 [info   ] {THDG}: inactive_seek -> active_connected
11-04 17:49:17.121  1406 13542 I chatty  : uid=10025(com.oculus.systemdriver) com.oculus.vrruntimeservice expire 16 lines
11-04 17:49:17.142 13469 13615 I chatty  : uid=10131(com.YourCompany.TemplateProject3) expire 2 lines
11-04 17:49:17.143  1508  1508 V AvrcpMediaPlayerList: onPlaybackConfigChanged(): Configs list size=6
11-04 17:49:17.159   721   886 D msm8974_platform: platform_split_snd_device: snd_device(2) num devices(1) new_snd_devices(0)
11-04 17:49:17.159   721   886 D ACDB-LOADER: ACDB -> send_audvoltable
11-04 17:49:17.159   721   886 D ACDB-LOADER: ACDB -> ACDB_CMD_GET_AUDPROC_INSTANCE_GAIN_DEP_STEP_TABLE_SIZE
11-04 17:49:17.159   721   886 D         : Failed to fetch the lookup information of the device 0000000F 
11-04 17:49:17.159   721   886 D ACDB-LOADER: Error: ACDB_CMD_GET_AUDPROC_INSTANCE_GAIN_DEP_STEP_TABLE_SIZE Returned = -19
11-04 17:49:17.159   721   886 D ACDB-LOADER: ACDB -> ACDB_CMD_GET_AUDPROC_INSTANCE_GAIN_DEP_STEP_TABLE, vol index 1
11-04 17:49:17.159   721   886 D         : Failed to fetch the lookup information of the device 0000000F 
11-04 17:49:17.159   721   886 D ACDB-LOADER: Error: ACDB AudProc vol returned = -19
11-04 17:49:17.159   721   886 D ACDB-LOADER: ACDB -> AUDIO_SET_VOL_CAL cal type = 40
11-04 17:49:17.166  1044 11186 D WindowManager: relayoutVisibleWindow: Window{5f3263f u0 com.YourCompany.TemplateProject3/com.epicgames.ue4.GameActivity EXITING} mAnimatingExit=true, mRemoveOnExit=false, mDestroying=false
11-04 17:49:17.173  2208  2208 W OVRLibrary: null cursor received for query content://com.oculus.ocms.library/apps/com.YourCompany.TemplateProject3
11-04 17:49:17.174  2208  2208 I OVRMediaServiceManager: Sending onAppStart (com.YourCompany.TemplateProject3) to SocialPlatform (com.oculus.socialplatform)
11-04 17:49:17.174  2208  2571 W OVRLibrary: null cursor received for query content://com.oculus.ocms.library/apps/com.YourCompany.TemplateProject3
11-04 17:49:17.177  1044  1060 I ActivityTaskManager: Activity reported stop, but no longer stopping: ActivityRecord{4310914 u0 com.YourCompany.TemplateProject3/com.epicgames.ue4.GameActivity t191}
11-04 17:49:17.180 13469 13500 I chatty  : uid=10131(com.YourCompany.TemplateProject3) expire 2 lines
11-04 17:49:17.194  2208  2208 E OVRMediaServiceManager: LivestreamingManager Not initialized
11-04 17:49:17.240   721   886 D msm8974_platform: platform_split_snd_device: snd_device(2) num devices(1) new_snd_devices(0)
11-04 17:49:17.240   721   886 D ACDB-LOADER: ACDB -> send_audvoltable
11-04 17:49:17.240   721   886 D ACDB-LOADER: ACDB -> ACDB_CMD_GET_AUDPROC_INSTANCE_GAIN_DEP_STEP_TABLE_SIZE
11-04 17:49:17.240   721   886 D         : Failed to fetch the lookup information of the device 0000000F 
11-04 17:49:17.240   721   886 D ACDB-LOADER: Error: ACDB_CMD_GET_AUDPROC_INSTANCE_GAIN_DEP_STEP_TABLE_SIZE Returned = -19
11-04 17:49:17.240   721   886 D ACDB-LOADER: ACDB -> ACDB_CMD_GET_AUDPROC_INSTANCE_GAIN_DEP_STEP_TABLE, vol index 0
11-04 17:49:17.240   721   886 D         : Failed to fetch the lookup information of the device 0000000F 
11-04 17:49:17.240   721   886 D ACDB-LOADER: Error: ACDB AudProc vol returned = -19
11-04 17:49:17.240   721   886 D ACDB-LOADER: ACDB -> AUDIO_SET_VOL_CAL cal type = 40
11-04 17:49:17.241   721   721 D msm8974_platform: platform_split_snd_device: snd_device(2) num devices(1) new_snd_devices(0)
11-04 17:49:17.253 13469 13499 I chatty  : uid=10131(com.YourCompany.TemplateProject3) expire 144 lines
11-04 17:49:17.261 13469 13499 I Sensor  : OSSDKTRACKING Head tracker != nullpointer 0xbfb3cac8, 1
11-04 17:49:17.261 13469 13499 I Sensor  : OSSDKTRACKING Initializing controller tracking
11-04 17:49:17.261 13469 13499 I Sensor  : OSSDKTRACKING Controller tracker != nullpointer 0xbfb3cd00, 1
11-04 17:49:17.261 13469 13499 D BatteryReceiver: Registering battery receiver
11-04 17:49:17.264 13469 13499 D HeadsetReceiver: getCurrentHeadsetState: false
11-04 17:49:17.264 13469 13499 I DeviceStatus: nativeHeadsetEvent(0)
11-04 17:49:17.264 13469 13499 I VrRuntimeClient: SetCompositorClientFeatureFlag ClientFeatureFlag 0 
11-04 17:49:17.265 13469 13499 I LogTimer: CPUTIME: VrRuntimeClient_BeginSession took 8.1863 ms
11-04 17:49:17.265 13469 13499 I ClientInputInterface: DEADRECKONING SetControllerTrackingExtendedDeadreckoning 0
11-04 17:49:17.265 13469 13499 I ClientInputSettings: HANDTRACKING package name is com.YourCompany.TemplateProject3
11-04 17:49:17.267 13469 13499 I ClientInputSettings: HANDTRACKING: feature flag set to 0
11-04 17:49:17.267 13469 13499 I ClientInputInterface: HANDTRACKING sethandmanifest 0
11-04 17:49:17.267 13469 13499 I InputHooks_Internal: Enabling Native Input Hooks
11-04 17:49:17.267 13469 13499 I InputDeviceManager: ovrInputDeviceManager::Initialize
11-04 17:49:17.267 13469 13499 D OsSdk   : TrackingServiceConnection registered
11-04 17:49:17.269   851  1186 D TrackingService: getSharedMemory: com.YourCompany.TemplateProject3, HeadTracker
11-04 17:49:17.269 13469 13499 I Distortion: Initializing Mesh Decenter Correction
11-04 17:49:17.270   838 11808 E CalibrationProvider: loadCalibration(LDISP_SN) failed: Calibration store didn't load any info
11-04 17:49:17.270   838 11808 E CalibrationProvider: loadCalibration(RDISP_SN) failed: Calibration store didn't load any info
11-04 17:49:17.271   851  1186 D TrackingService: getSharedMemory: com.YourCompany.TemplateProject3, Controller
11-04 17:49:17.271 13469 13499 I Distortion: SetLensPositions - iad=0.0629942, left offset=-0.000263762,-0.00102733, right offset=0.000142928,-0.00104481
11-04 17:49:17.271 13469 13780 I InputDevice_TrackedRemote: REMOTE: Hand=1 IndexAnalog=0.00 GripAnalog=0.00 Buttons=0x00000000
11-04 17:49:17.271 13469 13780 I InputDeviceManager: HANDTRACKING Pointer filter profile changed to: 0
11-04 17:49:17.271 13469 13780 I InputDeviceManager: HANDTRACKING Pointer filter profile changed to: 0
11-04 17:49:17.271 13469 13780 I InputDeviceManager: HANDTRACKING Root pose filter profile changed for (version, freq) to (1, 1) from (1,2)
11-04 17:49:17.271 13469 13499 I Distortion: Initializing Mesh Decenter Correction
11-04 17:49:17.271   838 11808 E CalibrationProvider: loadCalibration(LDISP_SN) failed: Calibration store didn't load any info
11-04 17:49:17.272   838 11808 E CalibrationProvider: loadCalibration(RDISP_SN) failed: Calibration store didn't load any info
11-04 17:49:17.272 13469 13499 I Distortion: SetLensPositions - iad=0.0629942, left offset=-0.000263762,-0.00102733, right offset=0.000142928,-0.00104481
11-04 17:49:17.273 13469 13499 I Distortion: Created custom distortion mesh.
11-04 17:49:17.273 13469 13499 I VrApi   : ovrModeParms::VRAPI_MODE_FLAG_RESET_WINDOW_FULLSCREEN = 1
11-04 17:49:17.273 13469 13499 I VrApi   : ovrModeParms::VRAPI_MODE_FLAG_NATIVE_WINDOW = 1
