12-23 19:11:16.931  8828  8858 D UE4     : [2022.12.23-19.11.16:931][444]LogHMD: Error: FOculusHMDModule::GetPluginWrapper().WaitToBeginFrame 2488 failed (-1003)
12-23 19:11:16.932  1461  1461 V AvrcpMediaPlayerList: onPlaybackConfigChanged(): Configs list size=9
12-23 19:11:16.932  8828  9089 D UE4     : [2022.12.23-19.11.16:931][444]LogVulkanRHI: Destroy swapchain ... 
12-23 19:11:16.935   869  9042 I [CT]    : VIPER: Environment brightness changed from 2 to 0
12-23 19:11:16.939  8828  8859 D UE4     : LogAndroidEvents::EnqueueAppEvent : 13, [width=-1, height=-1], tid = 8859, APP_EVENT_STATE_APP_SUSPENDED
12-23 19:11:16.941  8828  8859 D UE4     : Case APP_CMD_TERM_WINDOW, tid = 8859
12-23 19:11:16.941  8828  8859 D UE4     : [2022.12.23-19.11.16:941][444]LogAndroid: Case APP_CMD_TERM_WINDOW
12-23 19:11:16.942  8828  8859 D UE4     : LogAndroidEvents::EnqueueAppEvent : 3, [width=-1, height=-1], tid = 8859, APP_EVENT_STATE_WINDOW_DESTROYED
12-23 19:11:16.942  1613  9256 W ContextImpl: Calling a method in the system process without a qualified user: android.app.ContextImpl.sendBroadcast:1057 android.content.ContextWrapper.sendBroadcast:448 X.nz.A00:133 X.nY.A00:17 X.nY.handleMessage:91 
12-23 19:11:16.945  8828  8858 D UE4     : [2022.12.23-19.11.16:945][445]LogAndroidEvents: Display: LogAndroidEvents::DequeueAppEvent : 13, [width=-1, height=-1], APP_EVENT_STATE_APP_SUSPENDED
12-23 19:11:16.945  8828  8858 D UE4     : FAppEventManager::Tick processing, 13
12-23 19:11:16.945  8828  8858 D UE4     : Execution will be paused...
12-23 19:11:16.945  8828  8858 D UE4     : [2022.12.23-19.11.16:945][445]LogAndroidEvents: Display: LogAndroidEvents::DequeueAppEvent : 3, [width=-1, height=-1], APP_EVENT_STATE_WINDOW_DESTROYED
12-23 19:11:16.946  8828  8858 D UE4     : FAppEventManager::Tick processing, 3
12-23 19:11:16.946  8828  8858 D UE4     : APP_EVENT_STATE_WINDOW_DESTROYED, 0, 0, 0
12-23 19:11:16.946  8828  8858 D UE4     : FAppEventManager::Tick EventHandlerEvent Wait 
12-23 19:11:16.946  8828  8858 D UE4     : FAppEventManager::Tick EventHandlerEvent DONE Wait 
12-23 19:11:16.954   837  3754 V C2Store : in ~ComponentModule
12-23 19:11:16.954   837  3754 V C2Store : unloading dll
12-23 19:11:16.955  6246  6344 E OsSdk   : error getting shared memory region, memory type: HeadTracker, failed with Status(-1, EX_SECURITY): 'requested shared memory region when not registered/focused'
12-23 19:11:16.959  3008  3143 I GuardianSystem: Environment Status changed: 34 to 33
12-23 19:11:16.968  3566  3566 D [SUI] SystemUXFunnelLogServerLogger: VPV Event: oculus_impressions_tile_vpved LogInfo{duration=250, mLogId='com.oculus.explore', mContentType=APP, mPosX=0, mPosy=0, mGlobalPos=0, mSurface=AUI, mSubSurface=null, mClickEventType=null}
12-23 19:11:16.968  3566  3566 D [SUI] SystemUXFunnelLogServerLogger: VPV Event: oculus_impressions_tile_vpved LogInfo{duration=250, mLogId='com.oculus.store', mContentType=APP, mPosX=1, mPosy=0, mGlobalPos=1, mSurface=AUI, mSubSurface=null, mClickEventType=null}
12-23 19:11:16.968  3566  3566 D [SUI] SystemUXFunnelLogServerLogger: VPV Event: oculus_impressions_tile_vpved LogInfo{duration=250, mLogId='messenger_system_app', mContentType=APP, mPosX=2, mPosy=0, mGlobalPos=2, mSurface=AUI, mSubSurface=null, mClickEventType=null}
12-23 19:11:16.968  3566  3566 D [SUI] SystemUXFunnelLogServerLogger: VPV Event: oculus_impressions_tile_vpved LogInfo{duration=250, mLogId='share_system_app', mContentType=APP, mPosX=3, mPosy=0, mGlobalPos=3, mSurface=AUI, mSubSurface=null, mClickEventType=null}
12-23 19:11:16.969  8828  8828 V UE4     : [GameApp] App in background
12-23 19:11:16.969  8828  8828 D UE4     : [GameActivity] ==============> GameActive.onStop complete!
12-23 19:11:16.969  8828  8859 D UE4     : [2022.12.23-19.11.16:969][445]LogAndroid: Case APP_CMD_STOP
12-23 19:11:16.969  8828  8859 D UE4     : LogAndroidEvents::EnqueueAppEvent : 8, [width=-1, height=-1], tid = 8859, APP_EVENT_STATE_ON_STOP
12-23 19:11:16.972  8828  8828 D UE4     : [GameActivity] onDestroy: destroy memoryHandlerThread
12-23 19:11:16.973  8828  8859 D UE4     : [2022.12.23-19.11.16:973][445]LogAndroid: Case APP_CMD_INPUT_CHANGED
12-23 19:11:16.973  8828  8859 D UE4     : [2022.12.23-19.11.16:973][445]LogAndroid: Case APP_CMD_DESTROY
12-23 19:11:16.973  8828  8859 D UE4     : LogAndroidEvents::EnqueueAppEvent : 15, [width=-1, height=-1], tid = 8859, APP_EVENT_RUN_CALLBACK
12-23 19:11:16.973  8828  8859 D UE4     : LogAndroidEvents::EnqueueAppEvent : 5, [width=-1, height=-1], tid = 8859, APP_EVENT_STATE_ON_DESTROY
12-23 19:11:16.977  8828  8859 I emplateProject: System.exit called, status: 0
12-23 19:11:16.977  8828  8859 I AndroidRuntime: VM exiting with result code 0, cleanup skipped.
12-23 19:11:16.993   869  1032 I chatty  : uid=1000(system) Binder:869_2 identical 2 lines
12-23 19:11:16.995  6246  6344 E OsSdk   : error getting shared memory region, memory type: HeadTracker, failed with Status(-1, EX_SECURITY): 'requested shared memory region when not registered/focused'
12-23 19:11:17.003  2735  9225 I Telemetry: App memory usage: PSS=54 MiB, PrivateDirty=38 MiB, PrivateClean=0 MiB, GPU=6.0/6.2 MiB (97% allocated)
12-23 19:11:17.004  2111  9217 I Telemetry: App memory usage: PSS=232 MiB, PrivateDirty=208 MiB, PrivateClean=14 MiB, GPU=65.2/65.6 MiB (100% allocated)
12-23 19:11:17.007  2111  9217 I VrApi   : FPS=11/90,Prd=0ms,Tear=0,Early=0,Stale=0,VSnc=0,Lat=-1,Fov=0,CPU4/GPU=4/4,2419/525MHz,OC=FF,TA=0/70/0,SP=N/F/N,Mem=2092MHz,Free=2392MB,PLS=0,Temp=25.2C/0.0C,TW=0.90ms,App=1.07ms,GD=0.12ms,CPU&GPU=0.00ms,LCnt=4(DR8,LM0),GPU%=0.46,CPU%=0.32(W0.39),DSF=1.00,CFL=19.66/21.42
12-23 19:11:17.030   721   835 D msm8974_platform: platform_split_snd_device: snd_device(2) num devices(1) new_snd_devices(0)
12-23 19:11:17.032  2111  9268 D CCodec  : allocate(c2.android.vorbis.decoder)
12-23 19:11:17.032   837  3754 V C2Store : in init
12-23 19:11:17.032   837  3754 V C2Store : loading dll
12-23 19:11:17.034   869  1032 W TrackingService: attachClient: found client in attached list
12-23 19:11:17.034  6246  6344 E OsSdk   : error getting shared memory region, memory type: HeadTracker, failed with Status(-1, EX_SECURITY): 'requested shared memory region when not registered/focused'
12-23 19:11:17.037  2111  9268 I CCodec  : Created component [c2.android.vorbis.decoder]
12-23 19:11:17.037  2111  9268 D CCodecConfig: read media type: audio/vorbis
12-23 19:11:17.039  2111  9268 D ReflectedParamUpdater: extent() != 1 for single value type: algo.buffers.max-count.values
12-23 19:11:17.040  2111  9268 D ReflectedParamUpdater: extent() != 1 for single value type: output.subscribed-indices.values
12-23 19:11:17.040  2111  9268 D ReflectedParamUpdater: extent() != 1 for single value type: input.buffers.allocator-ids.values
12-23 19:11:17.040  2111  9268 D ReflectedParamUpdater: extent() != 1 for single value type: output.buffers.allocator-ids.values
12-23 19:11:17.040  2111  9268 D ReflectedParamUpdater: extent() != 1 for single value type: algo.buffers.allocator-ids.values
12-23 19:11:17.040  2111  9268 D ReflectedParamUpdater: extent() != 1 for single value type: output.buffers.pool-ids.values
12-23 19:11:17.040  2111  9268 D ReflectedParamUpdater: extent() != 1 for single value type: algo.buffers.pool-ids.values
12-23 19:11:17.041  2111  9268 I CCodecConfig: query failed after returning 7 values (BAD_INDEX)
12-23 19:11:17.041  2111  9268 D CCodecConfig: c2 config diff is Dict {
12-23 19:11:17.041  2111  9268 D CCodecConfig:   c2::u32 coded.bitrate.value = 64000
12-23 19:11:17.041  2111  9268 D CCodecConfig:   c2::u32 input.buffers.max-size.value = 32768
12-23 19:11:17.041  2111  9268 D CCodecConfig:   c2::u32 input.delay.value = 0
12-23 19:11:17.041  2111  9268 D CCodecConfig:   string input.media-type.value = "audio/vorbis"
12-23 19:11:17.041  2111  9268 D CCodecConfig:   string output.media-type.value = "audio/raw"
12-23 19:11:17.041  2111  9268 D CCodecConfig:   c2::u32 raw.channel-count.value = 1
12-23 19:11:17.041  2111  9268 D CCodecConfig:   c2::u32 raw.sample-rate.value = 48000
12-23 19:11:17.041  2111  9268 D CCodecConfig: }
12-23 19:11:17.041  2111  9268 D CCodecConfig: no c2 equivalents for durationUs
12-23 19:11:17.041  2111  9268 D CCodecConfig: no c2 equivalents for csd-1
12-23 19:11:17.041  2111  9268 D CCodecConfig: no c2 equivalents for track-id
12-23 19:11:17.041  2111  9268 D CCodecConfig: no c2 equivalents for channel-mask
12-23 19:11:17.041  2111  9268 D CCodecConfig: c2 config diff is   c2::u32 raw.channel-count.value = 2
12-23 19:11:17.041  2111  9268 D CCodecConfig:   c2::u32 raw.sample-rate.value = 44100
12-23 19:11:17.042  2111  9268 W Codec2Client: query -- param skipped: index = 1107298332.
12-23 19:11:17.042  2111  9268 D CCodec  : setup formats input: AMessage(what = 0x00000000) = {
12-23 19:11:17.042  2111  9268 D CCodec  :   int32_t channel-count = 2
12-23 19:11:17.042  2111  9268 D CCodec  :   int32_t max-input-size = 32768
12-23 19:11:17.042  2111  9268 D CCodec  :   string mime = "audio/vorbis"
12-23 19:11:17.042  2111  9268 D CCodec  :   int32_t sample-rate = 44100
12-23 19:11:17.042  2111  9268 D CCodec  : } and output: AMessage(what = 0x00000000) = {
12-23 19:11:17.042  2111  9268 D CCodec  :   int32_t channel-count = 2
12-23 19:11:17.042  2111  9268 D CCodec  :   string mime = "audio/raw"
12-23 19:11:17.042  2111  9268 D CCodec  :   int32_t sample-rate = 44100
12-23 19:11:17.042  2111  9268 D CCodec  :   int32_t channel-mask = 3
12-23 19:11:17.042  2111  9268 D CCodec  : }
12-23 19:11:17.044   837  1730 V C2Store : in ~ComponentModule
12-23 19:11:17.044   837  1730 V C2Store : unloading dll
12-23 19:11:17.076  2111  9272 D CCodec  : allocate(c2.android.vorbis.decoder)
12-23 19:11:17.077   837  1730 V C2Store : in init
12-23 19:11:17.077   837  1730 V C2Store : loading dll
12-23 19:11:17.077   869  1760 W TrackingService: attachClient: found client in attached list
12-23 19:11:17.079  2111  9272 I CCodec  : Created component [c2.android.vorbis.decoder]
12-23 19:11:17.079  6246  6344 E OsSdk   : error getting shared memory region, memory type: HeadTracker, failed with Status(-1, EX_SECURITY): 'requested shared memory region when not registered/focused'
12-23 19:11:17.079  2111  9272 D CCodecConfig: read media type: audio/vorbis
12-23 19:11:17.081  2111  9272 D ReflectedParamUpdater: extent() != 1 for single value type: algo.buffers.max-count.values
12-23 19:11:17.081  2111  9272 D ReflectedParamUpdater: extent() != 1 for single value type: output.subscribed-indices.values
12-23 19:11:17.081  2111  9272 D ReflectedParamUpdater: extent() != 1 for single value type: input.buffers.allocator-ids.values
12-23 19:11:17.081  2111  9272 D ReflectedParamUpdater: extent() != 1 for single value type: output.buffers.allocator-ids.values
12-23 19:11:17.081  2111  9272 D ReflectedParamUpdater: extent() != 1 for single value type: algo.buffers.allocator-ids.values
12-23 19:11:17.081  2111  9272 D ReflectedParamUpdater: extent() != 1 for single value type: output.buffers.pool-ids.values
12-23 19:11:17.082  2111  9272 D ReflectedParamUpdater: extent() != 1 for single value type: algo.buffers.pool-ids.values
12-23 19:11:17.082  2111  9272 I CCodecConfig: query failed after returning 7 values (BAD_INDEX)
12-23 19:11:17.082  2111  9272 D CCodecConfig: c2 config diff is Dict {
12-23 19:11:17.082  2111  9272 D CCodecConfig:   c2::u32 coded.bitrate.value = 64000
12-23 19:11:17.082  2111  9272 D CCodecConfig:   c2::u32 input.buffers.max-size.value = 32768
12-23 19:11:17.082  2111  9272 D CCodecConfig:   c2::u32 input.delay.value = 0
12-23 19:11:17.082  2111  9272 D CCodecConfig:   string input.media-type.value = "audio/vorbis"
12-23 19:11:17.082  2111  9272 D CCodecConfig:   string output.media-type.value = "audio/raw"
12-23 19:11:17.082  2111  9272 D CCodecConfig:   c2::u32 raw.channel-count.value = 1
12-23 19:11:17.082  2111  9272 D CCodecConfig:   c2::u32 raw.sample-rate.value = 48000
12-23 19:11:17.082  2111  9272 D CCodecConfig: }
12-23 19:11:17.082  2111  9272 D CCodecConfig: no c2 equivalents for durationUs
12-23 19:11:17.082  2111  9272 D CCodecConfig: no c2 equivalents for csd-1
12-23 19:11:17.082  2111  9272 D CCodecConfig: no c2 equivalents for track-id
12-23 19:11:17.082  2111  9272 D CCodecConfig: no c2 equivalents for channel-mask
12-23 19:11:17.083  2111  9272 D CCodecConfig: c2 config diff is   c2::u32 raw.channel-count.value = 2
12-23 19:11:17.083  2111  9272 D CCodecConfig:   c2::u32 raw.sample-rate.value = 44100
12-23 19:11:17.083  2111  9272 W Codec2Client: query -- param skipped: index = 1107298332.
12-23 19:11:17.083  2111  9272 D CCodec  : setup formats input: AMessage(what = 0x00000000) = {
12-23 19:11:17.083  2111  9272 D CCodec  :   int32_t channel-count = 2
12-23 19:11:17.083  2111  9272 D CCodec  :   int32_t max-input-size = 32768
12-23 19:11:17.083  2111  9272 D CCodec  :   string mime = "audio/vorbis"
12-23 19:11:17.083  2111  9272 D CCodec  :   int32_t sample-rate = 44100
12-23 19:11:17.083  2111  9272 D CCodec  : } and output: AMessage(what = 0x00000000) = {
12-23 19:11:17.083  2111  9272 D CCodec  :   int32_t channel-count = 2
12-23 19:11:17.083  2111  9272 D CCodec  :   string mime = "audio/raw"
12-23 19:11:17.083  2111  9272 D CCodec  :   int32_t sample-rate = 44100
12-23 19:11:17.083  2111  9272 D CCodec  :   int32_t channel-mask = 3
12-23 19:11:17.083  2111  9272 D CCodec  : }
12-23 19:11:17.086  2111  9272 W Codec2Client: query -- param skipped: index = 1342179345.
12-23 19:11:17.086  2111  9272 W Codec2Client: query -- param skipped: index = 2415921170.
12-23 19:11:17.086  2111  9272 D CCodecBufferChannel: [c2.android.vorbis.decoder#30] Created input block pool with allocatorID 16 => poolID 45 - OK (0)
12-23 19:11:17.088  2111  9272 I CCodecBufferChannel: [c2.android.vorbis.decoder#30] Created output block pool with allocatorID 16 => poolID 68 - OK
12-23 19:11:17.088  2111  9272 D CCodecBufferChannel: [c2.android.vorbis.decoder#30] Configured output block pool ids 68 => OK
12-23 19:11:17.089   837  9273 D SimpleC2Component: Using output block pool with poolID 68 => got 68 - 0
12-23 19:11:17.090  2111  9272 D CCodecBufferChannel: [c2.android.vorbis.decoder#30] Discard frames from previous generation.
12-23 19:11:17.090  2111  9272 D CCodecBufferChannel: [c2.android.vorbis.decoder#30] Discard frames from previous generation.
12-23 19:11:17.094  1408  8910 W RuntimeIPCServerMgr: RPCClientHandler::MainLoop: Error reading pipe: Client: com.YourCompany.TemplateProject3:com.YourCompany.TemplateProject3:8828, Server: com.oculus.systemdriver:com.oculus.vrruntimeservice (HapticsServer)
12-23 19:11:17.094  3008  8906 W RuntimeIPCServerMgr: RPCClientHandler::MainLoop: Error reading pipe: Client: com.YourCompany.TemplateProject3:com.YourCompany.TemplateProject3:8828, Server: com.oculus.guardian:com.oculus.vrguardianservice (guardianserver)
12-23 19:11:17.095  2346  8905 W RuntimeIPCServerMgr: RPCClientHandler::MainLoop: Error reading pipe: Client: com.YourCompany.TemplateProject3:com.YourCompany.TemplateProject3:8828, Server: com.oculus.vrshell:com.oculus.vrshell:Overlay (ptkserviceserver)
12-23 19:11:17.096  1408  8900 W RuntimeIPCServerMgr: RPCClientHandler::MainLoop: Error reading pipe: Client: com.YourCompany.TemplateProject3:com.YourCompany.TemplateProject3:8828, Server: com.oculus.systemdriver:com.oculus.vrruntimeservice (RuntimeServiceServer)
12-23 19:11:17.096  1408  8900 I VrRuntimeService: RuntimeIPC: IPC_SYSTEM_EVENT_CLIENT_DISCONNECTED_EXT: com.YourCompany.TemplateProject3
12-23 19:11:17.096  1408  8900 I ClientMgr: ClientMgr::DestroyClient: 8828:com.YourCompany.TemplateProject3
12-23 19:11:17.096  1408  8900 I ClientMgr: ClientMgr::DestroyClient Destroying 2 swapchain(s) for 8828:com.YourCompany.TemplateProject3.
12-23 19:11:17.096  1408  8900 I ClientMgr: ClientMgr::DestroyClient: non-deferred ShutdownResources: 2487 == 2487 
12-23 19:11:17.096  1408  8900 I VrRuntimeServer: UnRegisterCompositorClient client(13)
12-23 19:11:17.096  1408  8900 I ClientMgr: RemoveClient: com.YourCompany.TemplateProject3:com.YourCompany.TemplateProject3:8828
12-23 19:11:17.097  1408  8899 W RuntimeIPCServerMgr: RPCClientHandler::MainLoop: Error reading pipe: Client: com.YourCompany.TemplateProject3:com.YourCompany.TemplateProject3:8828, Server: com.oculus.systemdriver:com.oculus.vrruntimeservice (gkcache)
12-23 19:11:17.097  2111  9272 D CCodecBufferChannel: [c2.android.vorbis.decoder#30] Discard frames from previous generation.
12-23 19:11:17.098  1613  4023 W SessionController: Failed to stop session (com.oculus.systemdriver:render_process_unknown) because the sessionName does not exist.
12-23 19:11:17.098  1408  8900 I UnifiedTelemetryWrapper: Stopped UT session render_process_unknown
12-23 19:11:17.099   837   971 D BufferPoolAccessor: Destruction - bufferpool2 0x2b3acd6030 cached: 0/0M, 0/0% in use; allocs: 0, 0% recycled; transfers: 0, 0% unfetced
12-23 19:11:17.099   837   971 V C2Store : in ~ComponentModule
12-23 19:11:17.099   837   971 V C2Store : unloading dll
12-23 19:11:17.102  1408  8900 I UnifiedTelemetryWrapper: Stopped UT session lifetime:com.YourCompany.TemplateProject3
12-23 19:11:17.103  3008  3143 I GuardianSystem: runtimeServiceSDKClient_.ActiveClientDestroyedEventData: package=[com.YourCompany.TemplateProject3], process=[com.YourCompany.TemplateProject3]
12-23 19:11:17.103  3008  3143 I GuardianSystem: OnDestroyActiveClient: com.YourCompany.TemplateProject3
12-23 19:11:17.123  1049  1156 W InputDispatcher: channel '9dac435 com.YourCompany.TemplateProject3/com.epicgames.ue4.GameActivity (server)' ~ Consumer closed input channel or an error occurred.  events=0x9
12-23 19:11:17.123  1049  1156 E InputDispatcher: channel '9dac435 com.YourCompany.TemplateProject3/com.epicgames.ue4.GameActivity (server)' ~ Channel is unrecoverably broken and will be disposed!
12-23 19:11:17.124  6246  6344 E OsSdk   : error getting shared memory region, memory type: HeadTracker, failed with Status(-1, EX_SECURITY): 'requested shared memory region when not registered/focused'
12-23 19:11:17.124   790  2660 W IPCDataChannelAndroidBinder: binder_test2: RuntimeIPC: ConnectionDiedInfo: onBinderDied: 0, com.YourCompany.TemplateProject3:com.YourCompany.TemplateProject3:8828
12-23 19:11:17.124  2346  2585 W IPCDataChannelAndroidBinder: binder_test2: RuntimeIPC: ConnectionDiedInfo: onBinderDied: 1, com.YourCompany.TemplateProject3:com.YourCompany.TemplateProject3:8828
12-23 19:11:17.124   790  2660 I RuntimeIPCService: DestroyBrokerConnection: com.YourCompany.TemplateProject3:com.YourCompany.TemplateProject3:8828
12-23 19:11:17.124   790  2660 E IPCThreadState: attemptIncStrongHandle(11): Not supported
12-23 19:11:17.124  2346  2585 W IPCDataChannelServer: datachannel_test: Disconnected: 1051568513, com.YourCompany.TemplateProject3:com.YourCompany.TemplateProject3:8828
12-23 19:11:17.124  2346  2585 E IPCThreadState: attemptIncStrongHandle(409): Not supported
12-23 19:11:17.124  1408  3477 W IPCDataChannelAndroidBinder: binder_test2: RuntimeIPC: ConnectionDiedInfo: onBinderDied: 1, com.YourCompany.TemplateProject3:com.YourCompany.TemplateProject3:8828
12-23 19:11:17.124  1408  3477 W IPCDataChannelServer: datachannel_test: Disconnected: 1051568513, com.YourCompany.TemplateProject3:com.YourCompany.TemplateProject3:8828
12-23 19:11:17.124  1408  3477 E IPCThreadState: attemptIncStrongHandle(34): Not supported
12-23 19:11:17.125  3008  3628 W IPCDataChannelAndroidBinder: binder_test2: RuntimeIPC: ConnectionDiedInfo: onBinderDied: 1, com.YourCompany.TemplateProject3:com.YourCompany.TemplateProject3:8828
12-23 19:11:17.125  3008  3628 W IPCDataChannelServer: datachannel_test: Disconnected: 1051568513, com.YourCompany.TemplateProject3:com.YourCompany.TemplateProject3:8828
12-23 19:11:17.125  3008  3628 E IPCThreadState: attemptIncStrongHandle(35): Not supported
12-23 19:11:17.126  1049  4908 D ConnectivityService: ConnectivityService NetworkRequestInfo binderDied(NetworkRequest [ LISTEN id=23, [ Transports: CELLULAR|WIFI|BLUETOOTH|ETHERNET|VPN Capabilities: INTERNET&NOT_RESTRICTED&TRUSTED&NOT_VPN&VALIDATED&FOREGROUND Uid: 10140] ], android.os.BinderProxy@378fa09)
12-23 19:11:17.127  6246  6344 E OsSdk   : error getting shared memory region, memory type: AnchorTracker, failed with Status(-1, EX_SECURITY): 'requested shared memory region when not registered/focused'
12-23 19:11:17.128  1049  1184 I WindowManager: WIN DEATH: Window{9dac435 u0 com.YourCompany.TemplateProject3/com.epicgames.ue4.GameActivity}
12-23 19:11:17.128  1049  1184 W InputDispatcher: Attempted to unregister already unregistered input channel '9dac435 com.YourCompany.TemplateProject3/com.epicgames.ue4.GameActivity (server)'
12-23 19:11:17.128  1461  1461 V AvrcpMediaPlayerList: onPlaybackConfigChanged(): Configs list size=8
12-23 19:11:17.129  1049  1065 I ActivityManager: Process com.YourCompany.TemplateProject3 (pid 8828) has died: cch CRE 
12-23 19:11:17.130  1461  1461 V AvrcpMediaPlayerList: onPlaybackConfigChanged(): Configs list size=7
12-23 19:11:17.133  2201  2201 I Zygote  : Process 8828 exited cleanly (0)
12-23 19:11:17.134  2111  9276 D CCodec  : allocate(c2.android.vorbis.decoder)
12-23 19:11:17.134   837   971 V C2Store : in init
12-23 19:11:17.134   837   971 V C2Store : loading dll
12-23 19:11:17.135  1613  9266 W ContextImpl: Calling a method in the system process without a qualified user: android.app.ContextImpl.sendBroadcast:1057 android.content.ContextWrapper.sendBroadcast:448 X.nz.A00:133 X.nY.A00:17 X.nY.handleMessage:91 
12-23 19:11:17.141  2111  9276 I CCodec  : Created component [c2.android.vorbis.decoder]
12-23 19:11:17.141  1049  1070 W ActivityManager: setHasOverlayUi called on unknown pid: 8828
12-23 19:11:17.141  2111  9276 D CCodecConfig: read media type: audio/vorbis
12-23 19:11:17.152  2111  9276 D ReflectedParamUpdater: extent() != 1 for single value type: algo.buffers.max-count.values
12-23 19:11:17.154  2111  9276 D ReflectedParamUpdater: extent() != 1 for single value type: output.subscribed-indices.values
12-23 19:11:17.154  2111  9276 D ReflectedParamUpdater: extent() != 1 for single value type: input.buffers.allocator-ids.values
12-23 19:11:17.154  2111  9276 D ReflectedParamUpdater: extent() != 1 for single value type: output.buffers.allocator-ids.values
12-23 19:11:17.155  2111  9276 D ReflectedParamUpdater: extent() != 1 for single value type: algo.buffers.allocator-ids.values
12-23 19:11:17.155  2111  9276 D ReflectedParamUpdater: extent() != 1 for single value type: output.buffers.pool-ids.values
12-23 19:11:17.155  2111  9276 D ReflectedParamUpdater: extent() != 1 for single value type: algo.buffers.pool-ids.values
12-23 19:11:17.156  2111  9276 I CCodecConfig: query failed after returning 7 values (BAD_INDEX)
12-23 19:11:17.156  2111  9276 D CCodecConfig: c2 config diff is Dict {
12-23 19:11:17.156  2111  9276 D CCodecConfig:   c2::u32 coded.bitrate.value = 64000
12-23 19:11:17.156  2111  9276 D CCodecConfig:   c2::u32 input.buffers.max-size.value = 32768
12-23 19:11:17.156  2111  9276 D CCodecConfig:   c2::u32 input.delay.value = 0
12-23 19:11:17.156  2111  9276 D CCodecConfig:   string input.media-type.value = "audio/vorbis"
12-23 19:11:17.156  2111  9276 D CCodecConfig:   string output.media-type.value = "audio/raw"
12-23 19:11:17.156  2111  9276 D CCodecConfig:   c2::u32 raw.channel-count.value = 1
12-23 19:11:17.156  2111  9276 D CCodecConfig:   c2::u32 raw.sample-rate.value = 48000
12-23 19:11:17.156  2111  9276 D CCodecConfig: }
12-23 19:11:17.156  2111  9276 D CCodecConfig: no c2 equivalents for durationUs
12-23 19:11:17.156  2111  9276 D CCodecConfig: no c2 equivalents for csd-1
12-23 19:11:17.156  2111  9276 D CCodecConfig: no c2 equivalents for track-id
12-23 19:11:17.156  2111  9276 D CCodecConfig: no c2 equivalents for channel-mask
12-23 19:11:17.156  2111  9276 D CCodecConfig: c2 config diff is   c2::u32 raw.channel-count.value = 2
12-23 19:11:17.156  2111  9276 D CCodecConfig:   c2::u32 raw.sample-rate.value = 44100
12-23 19:11:17.156  2111  9276 W Codec2Client: query -- param skipped: index = 1107298332.
12-23 19:11:17.156  2111  9276 D CCodec  : setup formats input: AMessage(what = 0x00000000) = {
12-23 19:11:17.156  2111  9276 D CCodec  :   int32_t channel-count = 2
12-23 19:11:17.156  2111  9276 D CCodec  :   int32_t max-input-size = 32768
12-23 19:11:17.156  2111  9276 D CCodec  :   string mime = "audio/vorbis"
12-23 19:11:17.156  2111  9276 D CCodec  :   int32_t sample-rate = 44100
12-23 19:11:17.156  2111  9276 D CCodec  : } and output: AMessage(what = 0x00000000) = {
12-23 19:11:17.156  2111  9276 D CCodec  :   int32_t channel-count = 2
12-23 19:11:17.156  2111  9276 D CCodec  :   string mime = "audio/raw"
12-23 19:11:17.156  2111  9276 D CCodec  :   int32_t sample-rate = 44100
12-23 19:11:17.156  2111  9276 D CCodec  :   int32_t channel-mask = 3
12-23 19:11:17.156  2111  9276 D CCodec  : }
12-23 19:11:17.160   837  5916 V C2Store : in ~ComponentModule
12-23 19:11:17.160   837  5916 V C2Store : unloading dll
12-23 19:11:17.164  1049  1082 I libprocessgroup: Successfully killed process cgroup uid 10140 pid 8828 in 35ms
12-23 19:11:17.170  6246  6344 E OsSdk   : error getting shared memory region, memory type: HeadTracker, failed with Status(-1, EX_SECURITY): 'requested shared memory region when not registered/focused'
12-23 19:11:17.183  2111  9279 D CCodec  : allocate(c2.android.vorbis.decoder)
12-23 19:11:17.183   837  5916 V C2Store : in init
12-23 19:11:17.183   837  5916 V C2Store : loading dll
12-23 19:11:17.186  2111  9279 I CCodec  : Created component [c2.android.vorbis.decoder]
12-23 19:11:17.186  2111  9279 D CCodecConfig: read media type: audio/vorbis
12-23 19:11:17.191  2111  9279 D ReflectedParamUpdater: extent() != 1 for single value type: algo.buffers.max-count.values
12-23 19:11:17.194  2111  9279 D ReflectedParamUpdater: extent() != 1 for single value type: output.subscribed-indices.values
12-23 19:11:17.194  2111  9279 D ReflectedParamUpdater: extent() != 1 for single value type: input.buffers.allocator-ids.values
12-23 19:11:17.194  2111  9279 D ReflectedParamUpdater: extent() != 1 for single value type: output.buffers.allocator-ids.values
12-23 19:11:17.194  2111  9279 D ReflectedParamUpdater: extent() != 1 for single value type: algo.buffers.allocator-ids.values
12-23 19:11:17.194  2111  9279 D ReflectedParamUpdater: extent() != 1 for single value type: output.buffers.pool-ids.values
12-23 19:11:17.194  2111  9279 D ReflectedParamUpdater: extent() != 1 for single value type: algo.buffers.pool-ids.values
12-23 19:11:17.195  2111  9279 I CCodecConfig: query failed after returning 7 values (BAD_INDEX)
12-23 19:11:17.195  2111  9279 D CCodecConfig: c2 config diff is Dict {
12-23 19:11:17.195  2111  9279 D CCodecConfig:   c2::u32 coded.bitrate.value = 64000
12-23 19:11:17.195  2111  9279 D CCodecConfig:   c2::u32 input.buffers.max-size.value = 32768
12-23 19:11:17.195  2111  9279 D CCodecConfig:   c2::u32 input.delay.value = 0
12-23 19:11:17.195  2111  9279 D CCodecConfig:   string input.media-type.value = "audio/vorbis"
12-23 19:11:17.195  2111  9279 D CCodecConfig:   string output.media-type.value = "audio/raw"
12-23 19:11:17.195  2111  9279 D CCodecConfig:   c2::u32 raw.channel-count.value = 1
12-23 19:11:17.195  2111  9279 D CCodecConfig:   c2::u32 raw.sample-rate.value = 48000
12-23 19:11:17.195  2111  9279 D CCodecConfig: }
12-23 19:11:17.196  2111  9279 D CCodecConfig: no c2 equivalents for durationUs
12-23 19:11:17.196  2111  9279 D CCodecConfig: no c2 equivalents for csd-1
12-23 19:11:17.196  2111  9279 D CCodecConfig: no c2 equivalents for track-id
12-23 19:11:17.196  2111  9279 D CCodecConfig: no c2 equivalents for channel-mask
12-23 19:11:17.196  2111  9279 D CCodecConfig: c2 config diff is   c2::u32 raw.channel-count.value = 2
12-23 19:11:17.196  2111  9279 D CCodecConfig:   c2::u32 raw.sample-rate.value = 44100
12-23 19:11:17.197  2111  9279 W Codec2Client: query -- param skipped: index = 1107298332.
12-23 19:11:17.197  2111  9279 D CCodec  : setup formats input: AMessage(what = 0x00000000) = {
12-23 19:11:17.197  2111  9279 D CCodec  :   int32_t channel-count = 2
12-23 19:11:17.197  2111  9279 D CCodec  :   int32_t max-input-size = 32768
12-23 19:11:17.197  2111  9279 D CCodec  :   string mime = "audio/vorbis"
12-23 19:11:17.197  2111  9279 D CCodec  :   int32_t sample-rate = 44100
12-23 19:11:17.197  2111  9279 D CCodec  : } and output: AMessage(what = 0x00000000) = {
12-23 19:11:17.197  2111  9279 D CCodec  :   int32_t channel-count = 2
12-23 19:11:17.197  2111  9279 D CCodec  :   string mime = "audio/raw"
12-23 19:11:17.197  2111  9279 D CCodec  :   int32_t sample-rate = 44100
12-23 19:11:17.197  2111  9279 D CCodec  :   int32_t channel-mask = 3
12-23 19:11:17.197  2111  9279 D CCodec  : }
12-23 19:11:17.204  2111  9279 W Codec2Client: query -- param skipped: index = 1342179345.
12-23 19:11:17.204  2111  9279 W Codec2Client: query -- param skipped: index = 2415921170.
12-23 19:11:17.205  2111  9279 D CCodecBufferChannel: [c2.android.vorbis.decoder#680] Created input block pool with allocatorID 16 => poolID 46 - OK (0)
12-23 19:11:17.206  2111  9279 I CCodecBufferChannel: [c2.android.vorbis.decoder#680] Created output block pool with allocatorID 16 => poolID 69 - OK
12-23 19:11:17.206  2111  9279 D CCodecBufferChannel: [c2.android.vorbis.decoder#680] Configured output block pool ids 69 => OK
12-23 19:11:17.208   837  9280 D SimpleC2Component: Using output block pool with poolID 69 => got 69 - 0
12-23 19:11:17.217  6246  6344 E OsSdk   : error getting shared memory region, memory type: HeadTracker, failed with Status(-1, EX_SECURITY): 'requested shared memory region when not registered/focused'
12-23 19:11:17.260  6246  6344 E OsSdk   : error getting shared memory region, memory type: HeadTracker, failed with Status(-1, EX_SECURITY): 'requested shared memory region when not registered/focused'
12-23 19:11:17.270  3008  3143 I GuardianControllerCollisionTracker: Guardian Controller Collision: Magnitude: 5.446, Duration: -1.000 sec, TimeStamp: 1665.830444 sec
12-23 19:11:17.305  6246  6344 E OsSdk   : error getting shared memory region, memory type: HeadTracker, failed with Status(-1, EX_SECURITY): 'requested shared memory region when not registered/focused'
12-23 19:11:17.337  6246  6312 D xrstreaming: receive ping: org 0 recv 0 xmt 25108931603700 (received at 1665924022487), offset divergence -249798
12-23 19:11:17.350   869  1760 I chatty  : uid=1000(system) Binder:869_4 identical 7 lines
12-23 19:11:17.350  6246  6344 E OsSdk   : error getting shared memory region, memory type: HeadTracker, failed with Status(-1, EX_SECURITY): 'requested shared memory region when not registered/focused'
12-23 19:11:17.357   685   685 I netd    : trafficSwapActiveStatsMap() <0.18ms>
12-23 19:11:17.358   685   685 I netd    : tetherGetStats() <0.46ms>
12-23 19:11:17.362   685   685 I netd    : bandwidthSetGlobalAlert(2097152) <0.12ms>
12-23 19:11:17.393   869  1760 W TrackingService: attachClient: found client in attached list
12-23 19:11:17.395  6246  6344 E OsSdk   : error getting shared memory region, memory type: HeadTracker, failed with Status(-1, EX_SECURITY): 'requested shared memory region when not registered/focused'
12-23 19:11:17.395   869  1032 W TrackingService: attachClient: found client in attached list
12-23 19:11:17.396  6246  6344 E OsSdk   : error getting shared memory region, memory type: AnchorTracker, failed with Status(-1, EX_SECURITY): 'requested shared memory region when not registered/focused'
12-23 19:11:17.440  6246  6344 E OsSdk   : error getting shared memory region, memory type: HeadTracker, failed with Status(-1, EX_SECURITY): 'requested shared memory region when not registered/focused'
12-23 19:11:17.448   869  9009 I [CT]    : CONSTELLATION: R: Detected static IMU, no button event and has tracked position => Applying constant controller pose.
12-23 19:11:17.477   869  9009 I [CT]    : CONSTELLATION: L: Detected static IMU, no button event and has tracked position => Applying constant controller pose.
12-23 19:11:17.483  6246  6344 E OsSdk   : error getting shared memory region, memory type: HeadTracker, failed with Status(-1, EX_SECURITY): 'requested shared memory region when not registered/focused'
12-23 19:11:17.539  6246  6344 I chatty  : uid=10033(com.oculus.xrstreamingclient) SlamAnchorMem identical 2 lines
12-23 19:11:17.584   869  1032 I chatty  : uid=1000(system) Binder:869_2 identical 5 lines
12-23 19:11:17.585  6246  6344 E OsSdk   : error getting shared memory region, memory type: HeadTracker, failed with Status(-1, EX_SECURITY): 'requested shared memory region when not registered/focused'
12-23 19:11:17.594  3566  9252 I ipcLoader_static: RuntimeIPC: Loader: IPC Service API Loader Version: 31 Sep  3 2022 22:16:47
12-23 19:11:17.594  3566  9252 I RuntimeIPCApi: ipc_Initialize
12-23 19:11:17.594  3566  9252 I RuntimeIPCServiceClient: Init: Already initialized: com.oculus.systemux:SystemUX, 3
12-23 19:11:17.597  2551  2579 D RuntimeIPCServerMgr: RegisterClient: Client: com.oculus.systemux:com.oculus.systemux:SystemUX:3566, Server: com.oculus.presence:com.oculus.presence (PubSubServer)
12-23 19:11:17.597  2551  2579 I IPCSharedMemory: CreateSharedMemory: Allocated shared memory fd 109 (ipcStateReadWrite)
12-23 19:11:17.597  2551  2579 I IPCSharedMemory: CreateSharedMemory: Allocated shared memory fd 110 (ipcReadOnlyState)
12-23 19:11:17.597  2551  2579 I RuntimeIPCServerMgr: Event buffer size (server): 8192
12-23 19:11:17.597  2551  2579 I IPCSharedMemory: CreateSharedMemory: Allocated shared memory fd 113 (ipcEventBuffer)
12-23 19:11:17.598  2551  2579 I IPCSharedMemory: CreateSharedMemory: Allocated shared memory fd 114 (ipcEventBuffer_Private)
12-23 19:11:17.598  2551  2579 I RuntimeIPCServerMgr: HandleClientConnect SUCCESS: Client: com.oculus.systemux:com.oculus.systemux:SystemUX:3566, Server: com.oculus.presence:com.oculus.presence (PubSubServer)
12-23 19:11:17.599  2551  2579 I RuntimeIPCServerMgr: GetServerStatesConfig -> {MaxBufferSize=32768, MaxEntries=64}
12-23 19:11:17.599  3566  9252 I RuntimeIPCClient: GetServerStatesConfig returned maxEntries=64, maxBuffSize=32768
12-23 19:11:17.599  3566  9252 I RuntimeIPCClient: Event buffer size (client): 8192
12-23 19:11:17.599  3566  9252 I RuntimeIPCClient: TryToGetIPCResourcesFromServer: RPC_CONNECTOR_CONNECT_TO_SERVER SUCCESS: Client: com.oculus.systemux:com.oculus.systemux:SystemUX:3566, Server: com.oculus.presence:com.oculus.presence (PubSubServer)
12-23 19:11:17.599  3566  9252 I RuntimeIPCClient: EnsureServerConnection: SUCCESS. Client: com.oculus.systemux:com.oculus.systemux:SystemUX:3566, Server: com.oculus.presence:com.oculus.presence (PubSubServer)
12-23 19:11:17.599  3566  9252 I RuntimeIPCClientMgr: ConnectToServer: SUCCESS: Client: com.oculus.systemux:com.oculus.systemux:SystemUX:3566, Server: com.oculus.presence:com.oculus.presence (PubSubServer)
12-23 19:11:17.599  3566  9252 W REFLECT : RuntimeIPC: DeferredConnectEvent not valid: 0, 16777237
12-23 19:11:17.629   869  1032 W TrackingService: attachClient: found client in attached list
12-23 19:11:17.630  6246  6344 E OsSdk   : error getting shared memory region, memory type: HeadTracker, failed with Status(-1, EX_SECURITY): 'requested shared memory region when not registered/focused'
12-23 19:11:17.630   869  1760 W TrackingService: attachClient: found client in attached list
12-23 19:11:17.631  6246  6344 E OsSdk   : error getting shared memory region, memory type: AnchorTracker, failed with Status(-1, EX_SECURITY): 'requested shared memory region when not registered/focused'
12-23 19:11:17.675  6246  6344 E OsSdk   : error getting shared memory region, memory type: HeadTracker, failed with Status(-1, EX_SECURITY): 'requested shared memory region when not registered/focused'
12-23 19:11:17.702  3566  9252 D HyperspaceClientJni: initHyperspacePresenceServiceClient finished
12-23 19:11:17.702  3566  9252 D HyperspaceClientJni: initInternal - finish
12-23 19:11:17.702  3566  9252 I HyperspaceClient: Service connection changed: true
12-23 19:11:17.702  3566  9252 D HyperspaceClientJni: initHyperspacePresenceServiceClientCallsInfoChangedCallback
12-23 19:11:17.703  2551  2579 I RuntimeIPCServerMgr: GetServerStatesConfig -> {MaxBufferSize=32768, MaxEntries=64}
12-23 19:11:17.703  3566  9252 I RuntimeIPCClient: GetServerStatesConfig returned maxEntries=64, maxBuffSize=32768
12-23 19:11:17.703  3566  9252 I RuntimeIPCClient: InitServerStateBuffer: SUCCESS. 2, Client: com.oculus.systemux:com.oculus.systemux:SystemUX:3566, Server: com.oculus.presence:com.oculus.presence (PubSubServer)
12-23 19:11:17.703  3566  3566 D HyperspaceClient: onCallsInfoChanged: []
12-23 19:11:17.718   869  1189 I [CT]    : Vega:SubmapPublisher: Tracking parent no change: frame movement above thresh -> Publish
12-23 19:11:17.718   869  1189 I [CT]    : Vega:SubmapPublisher: Start to publish submaps, found candidates:  3
12-23 19:11:17.718   869  1189 E [CT]    : SubmapRecords: findSubmapId found 2 submap records hold the same query krHandle
12-23 19:11:17.719   869  1189 W [CT]    : Vega:SubmapPublisher: [Throttled count=225] Force publishing an ill-conditioned point.
12-23 19:11:17.719  6246  6344 E OsSdk   : error getting shared memory region, memory type: HeadTracker, failed with Status(-1, EX_SECURITY): 'requested shared memory region when not registered/focused'
12-23 19:11:17.755  1613  9284 W ContextImpl: Calling a method in the system process without a qualified user: android.app.ContextImpl.sendBroadcast:1057 android.content.ContextWrapper.sendBroadcast:448 X.nz.A00:133 X.nY.A00:17 X.nY.handleMessage:91 
12-23 19:11:17.763  6246  6344 I chatty  : uid=10033(com.oculus.xrstreamingclient) SlamAnchorMem identical 1 line
12-23 19:11:17.809  6246  6344 E OsSdk   : error getting shared memory region, memory type: HeadTracker, failed with Status(-1, EX_SECURITY): 'requested shared memory region when not registered/focused'
12-23 19:11:17.810  1408  2331 I PerformanceManager_V0: SetClockLevels: Apply pending clock request change: 4,4 -> 3,4
12-23 19:11:17.810  1408  2327 I Clocks  : ReleaseClocks - start
12-23 19:11:17.810  1408  2327 I Clocks  : ReleaseClocks - end (0.4 ms)
12-23 19:11:17.810  1408  2327 I Clocks  : LockClocks( cpu=3, gpu=4 ) - start
12-23 19:11:17.811  1408  2327 I Clocks  : CPU levels [0, 4]
12-23 19:11:17.811  1408  2327 I Clocks  : GPU levels [0, 5]
12-23 19:11:17.811  1408  2327 I Clocks  : LockClocks( cpu=3, gpu=4 ) - end (0.6 ms)
12-23 19:11:17.853   869  1760 I chatty  : uid=1000(system) Binder:869_4 identical 5 lines
12-23 19:11:17.853  6246  6344 E OsSdk   : error getting shared memory region, memory type: HeadTracker, failed with Status(-1, EX_SECURITY): 'requested shared memory region when not registered/focused'
12-23 19:11:17.892   869  1760 W TrackingService: attachClient: found client in attached list
12-23 19:11:17.893  6246  6344 E OsSdk   : error getting shared memory region, memory type: HeadTracker, failed with Status(-1, EX_SECURITY): 'requested shared memory region when not registered/focused'
12-23 19:11:17.893   869  1032 W TrackingService: attachClient: found client in attached list
12-23 19:11:17.894  6246  6344 E OsSdk   : error getting shared memory region, memory type: AnchorTracker, failed with Status(-1, EX_SECURITY): 'requested shared memory region when not registered/focused'
12-23 19:11:17.939  6246  6344 E OsSdk   : error getting shared memory region, memory type: HeadTracker, failed with Status(-1, EX_SECURITY): 'requested shared memory region when not registered/focused'
12-23 19:11:17.971  1613  9285 W ContextImpl: Calling a method in the system process without a qualified user: android.app.ContextImpl.sendBroadcast:1057 android.content.ContextWrapper.sendBroadcast:448 X.nz.A00:133 X.nY.A00:17 X.nY.handleMessage:91 
12-23 19:11:17.982  6246  6344 E OsSdk   : error getting shared memory region, memory type: HeadTracker, failed with Status(-1, EX_SECURITY): 'requested shared memory region when not registered/focused'
12-23 19:11:18.001  2111  9217 I VrApi   : FPS=88/90,Prd=18ms,Tear=0,Early=1,Stale=6,VSnc=0,Lat=-1,Fov=0,CPU4/GPU=4/4,2419/525MHz,OC=FF,TA=0/70/0,SP=N/F/N,Mem=2092MHz,Free=2392MB,PLS=0,Temp=25.2C/0.0C,TW=1.70ms,App=5.10ms,GD=0.20ms,CPU&GPU=8.20ms,LCnt=2(DR40,LM2),GPU%=0.65,CPU%=0.18(W0.24),DSF=1.00,CFL=14.62/28.00
12-23 19:11:18.025  6246  6344 E OsSdk   : error getting shared memory region, memory type: HeadTracker, failed with Status(-1, EX_SECURITY): 'requested shared memory region when not registered/focused'
12-23 19:11:18.069   869  9042 W [CT]    : VEGA:MAP_TRACKING_HM: Bad map tracking: map tracking failed @ Submap id = 1, version = 230221416 with status: 2
12-23 19:11:18.071  6246  6344 E OsSdk   : error getting shared memory region, memory type: HeadTracker, failed with Status(-1, EX_SECURITY): 'requested shared memory region when not registered/focused'
12-23 19:11:18.108  6246  6334 V xrstreaming: batteryPercent = 100
12-23 19:11:18.114  6246  6344 E OsSdk   : error getting shared memory region, memory type: HeadTracker, failed with Status(-1, EX_SECURITY): 'requested shared memory region when not registered/focused'
12-23 19:11:18.117  3008  3143 I StateMachine: StateMachine::Update ForceShow: stopForceShow -> ForceShowOff
12-23 19:11:18.118  1408  3142 I VrRuntimeService: RuntimeServiceSDKServer::SetGuardianSystemState: 1016942783
12-23 19:11:18.118  3008  3143 I GuardianSystem: UpdateGuardianSystemState: Flags changed: 532480, 524288, SYSTEM_GUARDIAN_VISIBLE,SYSTEM_GUARDIAN_VALID to SYSTEM_GUARDIAN_VALID
12-23 19:11:18.154  6246  6344 E OsSdk   : error getting shared memory region, memory type: HeadTracker, failed with Status(-1, EX_SECURITY): 'requested shared memory region when not registered/focused'
12-23 19:11:18.155  6246  6344 E OsSdk   : error getting shared memory region, memory type: AnchorTracker, failed with Status(-1, EX_SECURITY): 'requested shared memory region when not registered/focused'
12-23 19:11:18.201  6246  6344 E OsSdk   : error getting shared memory region, memory type: HeadTracker, failed with Status(-1, EX_SECURITY): 'requested shared memory region when not registered/focused'
12-23 19:11:18.244  6246  6344 E OsSdk   : error getting shared memory region, memory type: HeadTracker, failed with Status(-1, EX_SECURITY): 'requested shared memory region when not registered/focused'
12-23 19:11:18.273  1408  9020 I CompositorVR: SetSchedFifo( tid=3143, pol=2, pri=0 ) succeeded
12-23 19:11:18.273  1408  9020 I CompositorVR: SetSchedFifo( tid=3361, pol=2, pri=0 ) succeeded
12-23 19:11:18.273  1408  9020 I CompositorVR: SetSchedFifo( tid=3384, pol=2, pri=0 ) succeeded
12-23 19:11:18.282  2346  2897 I [OAO] ShellOverlayApp: Sleep timeout exceeded. Timeout:1666.850319, Now:1666.869436. Sleeping... 
12-23 19:11:18.282  2346  2897 I [OAO] ShellOverlayApp: WaitForWake: VrThread entering waiting state
12-23 19:11:18.283  6246  6344 E OsSdk   : error getting shared memory region, memory type: HeadTracker, failed with Status(-1, EX_SECURITY): 'requested shared memory region when not registered/focused'
12-23 19:11:18.329  6246  6344 E OsSdk   : error getting shared memory region, memory type: HeadTracker, failed with Status(-1, EX_SECURITY): 'requested shared memory region when not registered/focused'
12-23 19:11:18.347  6246  6312 D xrstreaming: receive ping: org 0 recv 0 xmt 25109942233900 (received at 1666934270143), offset divergence -249798
12-23 19:11:18.374   869  1032 I chatty  : uid=1000(system) Binder:869_2 identical 12 lines
12-23 19:11:18.375  6246  6344 E OsSdk   : error getting shared memory region, memory type: HeadTracker, failed with Status(-1, EX_SECURITY): 'requested shared memory region when not registered/focused'
12-23 19:11:18.411  1408  2331 I PerformanceManager_V0: SetClockLevels: Apply pending clock request change: 3,4 -> 3,3
12-23 19:11:18.411  1408  2327 I Clocks  : ReleaseClocks - start
12-23 19:11:18.412  1408  2327 I Clocks  : ReleaseClocks - end (0.2 ms)
12-23 19:11:18.412  1408  2327 I Clocks  : LockClocks( cpu=3, gpu=3 ) - start
12-23 19:11:18.412  1408  2327 I Clocks  : CPU levels [0, 4]
12-23 19:11:18.412  1408  2327 I Clocks  : GPU levels [0, 5]
12-23 19:11:18.413  1408  2327 I Clocks  : LockClocks( cpu=3, gpu=3 ) - end (0.9 ms)
12-23 19:11:18.419   869  1032 W TrackingService: attachClient: found client in attached list
12-23 19:11:18.420  6246  6344 E OsSdk   : error getting shared memory region, memory type: HeadTracker, failed with Status(-1, EX_SECURITY): 'requested shared memory region when not registered/focused'
12-23 19:11:18.420   869  1760 W TrackingService: attachClient: found client in attached list
12-23 19:11:18.421  6246  6344 E OsSdk   : error getting shared memory region, memory type: AnchorTracker, failed with Status(-1, EX_SECURITY): 'requested shared memory region when not registered/focused'
12-23 19:11:18.425  6246  6331 I xrstreaming: AudioPlayer: NetworkMetrics: [0.626,19.042]9.871
12-23 19:11:18.455   869  9042 W [CT]    : TIMESTAMPCHECKER: Nominal rate wrong. Estimated data rate: 25, Nominal is 30.000300003000028
12-23 19:11:18.465  6246  6344 E OsSdk   : error getting shared memory region, memory type: HeadTracker, failed with Status(-1, EX_SECURITY): 'requested shared memory region when not registered/focused'
12-23 19:11:18.602   869  1760 I chatty  : uid=1000(system) Binder:869_4 identical 4 lines
12-23 19:11:18.602  6246  6344 I chatty  : uid=10033(com.oculus.xrstreamingclient) SlamAnchorMem identical 3 lines
12-23 19:11:18.624   869  1760 W TrackingService: attachClient: found client in attached list
12-23 19:11:18.624  6246  6344 E OsSdk   : error getting shared memory region, memory type: HeadTracker, failed with Status(-1, EX_SECURITY): 'requested shared memory region when not registered/focused'
12-23 19:11:18.662   869  9042 W [CT]    : FrameToFrameTrackerHelper: Low ratio of valid tracks for available capacity (146/300=0.49<0.50). Verify corner detection and track creation!
12-23 19:11:18.664   736   912 I SyncBossHAL: [info   ] syncboss_hal_powerstate.c(50): Reporting powerstate event: PROX_OFF
12-23 19:11:18.665  1049  1376 D VrPowerManagerService: processing message: sensor changed
12-23 19:11:18.665  1049  1376 I VrPowerManagerService: transition from HEADSET_MOUNTED to HEADSET_UNMOUNTED
12-23 19:11:18.667   843   843 D SensorClientUtils: Received transition request from RUNNING to STANDBY
12-23 19:11:18.667   843   843 D SensorClientUtils: Skipping no-op transition from RUNNING to STANDBY
12-23 19:11:18.667  1408  1408 D VrRuntimeService: Received broadcast: com.oculus.intent.action.MOUNT_STATE_CHANGED
12-23 19:11:18.667  1408  1408 D VrRuntimeService: mounted state: false
12-23 19:11:18.667  2735  2735 D [SEO] BaseOverlayService: screenStateReceiver Received broadcast: com.oculus.intent.action.MOUNT_STATE_CHANGED
12-23 19:11:18.668  2111  2193 I VrRuntimeClient: UpdateEvents: HMT was UNmounted
12-23 19:11:18.668  2346  2346 D [OAO] BaseOverlayService: screenStateReceiver Received broadcast: com.oculus.intent.action.MOUNT_STATE_CHANGED
12-23 19:11:18.669   869  1032 W TrackingService: attachClient: found client in attached list
12-23 19:11:18.669  2346  2346 D [OAO] ShellOverlayService: onMountStateChanged: false
12-23 19:11:18.669  2346  2346 I [OAO] ShellOverlayServiceJNI: NativeSendOverlayCommand
12-23 19:11:18.669  2346  2346 I [OAO] ShellOverlayServiceJNI: NativeWake
12-23 19:11:18.669  2346  2346 I [OAO] ShellOverlayMain: WakeVrThread
12-23 19:11:18.669  2346  2346 I [OAO] ShellOverlayMain: WakeVrThread - notifying vr thread
12-23 19:11:18.669  1772  1801 D VrPowerManagerClient: Headset state: 2
12-23 19:11:18.669  1765  4207 D SensorClientUtils: Received transition request from RUNNING to STANDBY
12-23 19:11:18.669  1765  4207 D SensorClientUtils: Skipping no-op transition from RUNNING to STANDBY
12-23 19:11:18.669  1772  1801 V ControllerNotifications: Handling unmount notification
12-23 19:11:18.669  2346  2897 I [OAO] ShellOverlayApp: VrThread woke up
12-23 19:11:18.670  1851  1851 I [CT]    : MIXEDREALITY: MrService: MountStateChanged: false
12-23 19:11:18.670  2346  2897 I [OAO] ShellOverlayApp: 0xc17dfc20 msg: overlayCommand:
12-23 19:11:18.670  2346  2897 I [OAO] ShellOverlayApp: command = mountStateChanged
12-23 19:11:18.670  2346  2897 I [OAO] ShellOverlayApp: state = 0
12-23 19:11:18.670  2346  2897 I [OAO] ShellOverlayApp: Process_OverlayCommand command : mountStateChanged
12-23 19:11:18.670  2346  2897 I [OAO] ShellOverlayApp: mountStateChanged message received
12-23 19:11:18.671  1408  2331 I UnifiedTelemetryWrapper: Stopped UT session don
12-23 19:11:18.671   869  1760 D SensorClientUtils: Received transition request from RUNNING to STANDBY
12-23 19:11:18.671   869  1760 D SensorClientUtils: Skipping no-op transition from RUNNING to STANDBY
12-23 19:11:18.671  2551  2964 W PresenceAPKNative(hyperspace_controller_module): is_mounted: 0
12-23 19:11:18.672   721   721 W DeviceHAL: Error from HAL Device in function get_mic_mute: Function not implemented
12-23 19:11:18.672  3566  3566 D [SUI] AnytimeUIBroadcastReceiver: action: com.oculus.intent.action.MOUNT_STATE_CHANGED
12-23 19:11:18.675  2346  2897 I [OAO] ShellOverlayApp: ResolveDeviceState: change from Awake to WaitingForSleep
12-23 19:11:18.675  6246  6344 E OsSdk   : error getting shared memory region, memory type: HeadTracker, failed with Status(-1, EX_SECURITY): 'requested shared memory region when not registered/focused'
12-23 19:11:18.675  2346  2897 I [OAO] ShellOverlayApp: ResolveDeviceState: isWakingOrUnlockingIntoWake : 0
12-23 19:11:18.675  2346  2897 I [OAO] ShellOverlayApp: ResolveDeviceState: interactionState : None
