01-15 22:21:18.798  2331  2331 I [OAO] ShellOverlayServiceJNI: NativeWake
01-15 22:21:18.798  2331  2331 I [OAO] ShellOverlayMain: WakeVrThread
01-15 22:21:18.798  2331  2331 I [OAO] ShellOverlayMain: WakeVrThread - notifying vr thread
01-15 22:21:18.798  2741  3012 I [SEO] FlowController: UpdateActiveFlow from DesktopFlow to SystemUxOsDialogFlow
01-15 22:21:18.798  2741  3012 I [SEO] SystemUxOsDialogFlow: Activated guardianState:0
01-15 22:21:18.798  2741  3012 I [SEO] GuardianController: SETUP STATE1 ACTIVE: GUARDIAN_SYSTEM_GUARDIAN_VALID
01-15 22:21:18.798  2741  3012 I [SEO] GuardianController: SETUP STATE2 ACTIVE: GUARDIAN_SYSTEM_2_DIRECTIONAL_PASSTHROUGH_ENABLED
01-15 22:21:18.798  2331  2687 I [OAO] ShellOverlayApp: VrThread woke up
01-15 22:21:18.798  2331  2687 I [OAO] ShellOverlayApp: 0xcc600b40 msg: broadcastIntent:
01-15 22:21:18.798  2331  2687 I [OAO] ShellOverlayApp: intent_action = com.oculus.vrshell.intent.action.DIALOG
01-15 22:21:18.798  2331  2687 I [OAO] ShellOverlayApp: ProcessMessage_Broadcast: com.oculus.vrshell.intent.action.DIALOG
01-15 22:21:18.798  2331  2687 I [OAO] OverlayFlowController: ShellControl::BroadcastIntent::Dialog
01-15 22:21:18.798  2331  2687 I [OAO] ShellOverlayApp: Start sleep timeout. Now:225.167587, Timeout:227.167587
01-15 22:21:18.804  1050  1069 W ContextImpl: Calling a method in the system process without a qualified user: android.app.ContextImpl.startService:1582 oculus.internal.ui.VrPanelDialog.showDialog:93 com.android.server.power.ShutdownThread.showConfirmDialog:230 com.android.server.power.ShutdownThread.shutdownInner:179 com.android.server.power.ShutdownThread.shutdown:160 
01-15 22:21:18.804  1050  1069 W ActivityManager: Unable to start service Intent { cmp=android/oculus.internal.ui.VrPanelDialog$PanelDialogService } U=0: not found
01-15 22:21:18.804  1050  1069 W Looper  : Slow dispatch took 137ms android.ui h=com.android.server.policy.PhoneWindowManager$PolicyHandler c=null m=14
01-15 22:21:18.808  2741  3012 I [SEO] ConfigurableDialogController: UpdateCurrentDialog Type change detected
01-15 22:21:18.808  2741  3012 I [SEO] ConfigurableDialogController: PrintStatus 
01-15 22:21:18.808  2741  3012 I [SEO] ConfigurableDialogController: currentDialogType:0 
01-15 22:21:18.808  2741  3012 I [SEO] ConfigurableDialogController: requestedDialogType:48 
01-15 22:21:18.808  2741  3012 I [SEO] ConfigurableDialogController: showingDialogType:0
01-15 22:21:18.808  2741  3012 I [SEO] DialogControllerManager: ShowConfigurableDialog. Previous pending dialog: type: systemux://dialog/none, uri "systemux://dialog/none", New pending dialog: type: os_dialog_shutdown, uri ""
01-15 22:21:18.809  2741  3012 I [SEO] ConfigurableDialogController: PrintStatus 
01-15 22:21:18.809  2741  3012 I [SEO] ConfigurableDialogController: currentDialogType:48 
01-15 22:21:18.809  2741  3012 I [SEO] ConfigurableDialogController: requestedDialogType:48 
01-15 22:21:18.809  2741  3012 I [SEO] ConfigurableDialogController: showingDialogType:0
01-15 22:21:18.809  2741  3012 I [SEO] DialogControllerManager: Dialog change detected; updating dialog UI.
01-15 22:21:18.809  2741  3012 I [SEO] DialogControllerManager: Old dialog: type: systemux://dialog/none, uri "systemux://dialog/none"
01-15 22:21:18.809  2741  3012 I [SEO] DialogControllerManager: New dialog: type: os_dialog_shutdown, uri ""
01-15 22:21:18.809  2741  3012 D [SEO] ShellApplication: requestAudioFocus, transientFocus=false
01-15 22:21:18.809  2741  3012 W AudioManager: Use of stream types is deprecated for operations other than volume control
01-15 22:21:18.809  2741  3012 W AudioManager: See the documentation of requestAudioFocus() for what to use instead with android.media.AudioAttributes to qualify your playback use case
01-15 22:21:18.809  1050  7826 I MediaFocusControl: requestAudioFocus() from uid/pid 10020/2741 clientId=android.media.AudioManager@5b96d0fcom.oculus.vrshell.ShellAudioFocusHandler@7c8319c callingPack=com.oculus.vrshell req=1 flags=0x0 sdk=29
01-15 22:21:18.809  2741  3012 I [SEO] DialogControllerManager: Got Audio Focus : 1
01-15 22:21:18.809  2741  3012 I [SEO] DialogControllerManager: LaunchData: 
01-15 22:21:18.809  2741  3012 I [SEO] DialogControllerManager: ShowVrShellDialog
01-15 22:21:18.809  2741  3012 I [SEO] PanelAppLaunchInfo: PanelAppLaunchInfo componentString:com.oculus.systemux/com.oculus.panelapp.androiddialog.AndroidDialogPanelService packageName:com.oculus.systemux serviceName:com.oculus.panelapp.androiddialog.AndroidDialogPanelService componentName:com.oculus.systemux/com.oculus.panelapp.androiddialog.AndroidDialogPanelService
01-15 22:21:18.809  2741  3012 I [SEO] HostPlatform: Retrieving component launch information for package (com.oculus.systemux) and service (com.oculus.panelapp.androiddialog.AndroidDialogPanelService)
01-15 22:21:18.812  2741  3012 I [SEO] HostPlatform: Is valid panel service component for package (com.oculus.systemux) and service (com.oculus.panelapp.androiddialog.AndroidDialogPanelService) - true
01-15 22:21:18.812  2741  3012 I [SEO] ShellApp: CreatePanelApp( com.oculus.systemux/com.oculus.panelapp.androiddialog.AndroidDialogPanelService )
01-15 22:21:18.812  2741  3012 I [SEO] ShellApp: Environment:
01-15 22:21:18.812  2741  3012 I [SEO] PanelAppHost: PanelAppHost constructor, panel 17 (com.oculus.systemux/com.oculus.panelapp.androiddialog.AndroidDialogPanelService)
01-15 22:21:18.812  2741  3012 I [SEO] PanelAppHost: Panel app 17 (com.oculus.systemux/com.oculus.panelapp.androiddialog.AndroidDialogPanelService) changing state from startup to foreground
01-15 22:21:18.812  2741  3012 I [SEO] PanelAppHost: Passing env var _oc_analytics_session_id = 39f4fc69-e351-43f0-960e-a1a8fa2be63a
01-15 22:21:18.812  2741  3012 I [SEO] PanelAppHost: Passing env var _oc_userid = 106765628877334
01-15 22:21:18.812  2741  3012 I [SEO] PanelAppHost: Passing env var _oc_shell_version_name = 47.0.0.282.341
01-15 22:21:18.812  2741  3012 I [SEO] PanelAppHost: Passing env var _oc_shell_version_code = 428237138
01-15 22:21:18.812  2741  3012 I [SEO] PanelAppHost: Passing env var _oc_shell_automation_enabled = false
01-15 22:21:18.812  2741  3012 I [SEO] PanelAppHost: Passing env var _oc_shell_view_id_debugging_enabled = false
01-15 22:21:18.812  2741  3012 I [SEO] PanelAppHost: Passing env var _oc_shell_pixel_density = 20
01-15 22:21:18.812  2741  3012 I [SEO] PanelAppHost: Passing env var _oc_shell_render_scale = 1.250000
01-15 22:21:18.812  2741  3012 I [SEO] PanelAppHost: Passing env var _oc_shell_ux_policy = {"panelBackgroundLayerOriginDepths":{"far":0.2,"mid":0.1,"near":0.015}}
01-15 22:21:18.812  2741  3012 I [SEO] PanelAppHost: Passing env var _oc_shell_panel_session_id = 39f4fc69-e351-43f0-960e-a1a8fa2be63a-17
01-15 22:21:18.812  2741  3012 I [SEO] PanelAppHost: Passing env var _oc_shell_valid_panel_session_ids = ["39f4fc69-e351-43f0-960e-a1a8fa2be63a-17"]
01-15 22:21:18.812  2741  3012 I [SEO] PanelAppHost: Passing env var _oc_shell_back_navigation_enabled = false
01-15 22:21:18.812  2741  3012 I [SEO] PanelAppHost: Passing env var _oc_shell_feature_sets = appmenu-v1,appmenu-v2,cooperativeState-v2,destinationUi-v2,dragDrop-v1,layerClipping-v1,layerClipping-v2,layerOptions-v1,layerTranslate-v1,multiapp-v1,multiapp-v2,multiapp-v3,multitasking-v1,shellPanelAdaptability-v1,systemActionBackgroundPanels-v1,systemThemeSetting-v1,system-reauth-v1,system-ux-file-picker-v1,vrNotificationsBootLoad-v1,theaterScreen,theaterScreen-v2,recoverInstances-v1,systemThemeSetting-v2,controlBar-v1,copresence-v1,copresenceVersion-v1,vrLibraryAppLock-v1,dragToDesktop-v1
01-15 22:21:18.813  2741  3012 I [SEO] PanelAppHost: Passing env var _oc_launch_timestamp = 225181
01-15 22:21:18.813  2741  3012 I [SEO] PanelAppHost: Passing env var _oc_shell_host = vrshell
01-15 22:21:18.813  2741  3012 I [SEO] PanelAppHost: Passing env var _oc_shell_panel_id = 17
01-15 22:21:18.813  2741  3012 I [SEO] PanelAppHost: Calling sendPanelLaunchIntent for panel app 17 (com.oculus.systemux/com.oculus.panelapp.androiddialog.AndroidDialogPanelService)
01-15 22:21:18.813  2741  3012 D [SEO] ShellApplication: sendApkPanelLaunchIntent: packageName=com.oculus.systemux, serviceClassName=com.oculus.panelapp.androiddialog.AndroidDialogPanelService
01-15 22:21:18.813  2741  3012 D [SEO] PanelAppConnection: getSystemProcessUidForCurrentUser: 'android' systemUid = 1000
01-15 22:21:18.813  2741  3012 D [SEO] ShellApplication: bindService Intent { cmp=com.oculus.systemux/com.oculus.panelapp.androiddialog.AndroidDialogPanelService }
01-15 22:21:18.816  3283  3283 D CppPanelService: PanelService()
01-15 22:21:18.816  3283  3283 D CppPanelService: onCreate()
01-15 22:21:18.816  3283  3283 D CppPanelService: onBind()
01-15 22:21:18.816  2741  3012 D [SEO] ShellApplication: notify OS to set com.oculus.systemux/com.oculus.panelapp.androiddialog.AndroidDialogPanelService to FOREGROUND
01-15 22:21:18.817  2741  2741 D [SEO] PanelServiceConnection: onSeviceConnected - component name (ComponentInfo{com.oculus.systemux/com.oculus.panelapp.androiddialog.AndroidDialogPanelService}), panel app id (17)
01-15 22:21:18.817  2741  2741 D [SEO] ShellApplication: notify OS to set com.oculus.systemux/com.oculus.panelapp.androiddialog.AndroidDialogPanelService to FOREGROUND
01-15 22:21:18.818  2741  3012 I [SEO] PanelAppOSLifecycleNotificationManager: Sending frameState isForeground:1 to OS for app com.oculus.systemux/com.oculus.panelapp.androiddialog.AndroidDialogPanelService
01-15 22:21:18.819  2741  2741 I [SEO] PanelAppConnection: verifyFirstPartyUID(Debug Signatures=false, uid=10026) => apkSignatureResult=SigCertInfo(isTrusted=true, packageNames=[com.oculus.systemux], fingerprint sha1=98a1809f3c3e79170e5df8135b500ecfa39df1be, fingerprint sha256=012f8165c191efe8fb0d6d4606aa4abac14d77d1d97d5340860c9f81045aa157, signature=308205cf308203b7a0030201020204097e91c1300d06092a864886f70d01010b0500308197310b3009060355040613025553311330110603550408130a43616c69666f726e6961311330110603550407130a4d656e6c6f205061726b31233021060355040a131a46616365626f6f6b20546563686e6f6c6f676965732c204c4c4331233021060355040b131a46616365626f6f6b20546563686e6f6c6f676965732c204c4c43311430120603550403130b4f63756c75732041707073301e170d3139303730343131333935315a170d3436313131393131333935315a308197310b3009060355040613025553311330110603550408130a43616c69666f726e6961311330110603550407130a4d656e6c6f205061726b31233021060355040a131a46616365626f6f6b20546563686e6f6c6f676965732c204c4c4331233021060355040b131a46616365626f6f6b20546563686e6f6c6f676965732c204c4c43311430120603550403130b4f63756c7573204170707330820222300d06092a864886f70d01010105000382020f003082020a0282020100b815642a5c201c8da044905dafbb06c05fddb75449cc75a716a0434da0493a52a4d60643532c237e76cb41d2c32a5e4474f12b37f632a809b5a5ceb8c6289ecf828e736b4ec452b1c2757bd0b5ed13eff5a7a47ab2ef6cdf60a8d749e9e8603f30d12b5db8f734c57578a2a4ce5ff5737c1f02c629d2dcb4f82726674663a699de94463ff370fa9eb48158831bf0b68bd6ec84293182d52e860bdd81bb9ce9cdd6a77fea0df25004da34d3cce7a31069646aa4628fba9ccb0952163793be9a4edf49a53f83179c2f44d8c87d6c129e8d590af0f3fced26201ee43b31fccd93b497cd198c5cd1f98d64c4f7ad79ca47278c02652d5dc072a99807e22f473f7bae4da2bafcae48cd49ad55a764b8d39f329f6175eac9074307deff48b1c4a6e19b748766617768c31a17feae8478eb7f9ebfb61af2b9f5a692b636342d7ebc53d7146626b51801b5a0a102e281475decdefb8683d0ca2843dc7aaeb6759bcab0dcba38db44f5d7f797a1c9c02dd159c0e3c72b14dc882d31c24ad8abee4ce0f7f0205e05efef551e2551a61e96636ed5dfd7435d3d24f5a130a12f10452cc954aa770d5d95e3e0cb9d7b05c5506a7947f8ff3437b3d82274fdaa156d85bfb7fbcb4fa5557080fedab86520b71d3d533e7bb3e7e3ebe9712b68e755d700b0afbf7595ffa80a6b3d90bfe599769138ee6515df415e32c0abed2b8e4aea1f47351f490203010001a321301f301d0603551d0e04160414a3c939e6b71c43bc9193f773c0351be1aff311f9300d06092a864886f70d01010b050003820201004e4c865231f2a3583c6af9488ecf9aa96b1ee84e2d7bfad00581537dc70c54ecfcf360e563d018efa4cdd77bf6fc4c9f1a20ebd4215cf1538686d4089bdcc8adb6ae4497ead14b0c18efd52ce93357019973e94e16b3326c60885b1bdc5f9cad1098f16732935876d8d19bda3ceeaaa69a83c4e2231710c6735f88abdfffe3dfa2be3f18f894923441b4e4a9c9664ed6294c16d7c073547063bfdbbefad184a001f1dce2feffdc96d10eb16a3bfbcd382cd297ca3b4edb7ebacd1a9931a1368a5157ceaebbca5b39bd5db5461a340db8ec076d38a94bcdd042bfb51388158ba97a49b631c1762fa746c7bb36eaf15cae23fa993cfb052e824f2ae173ea27b50a6cca91eb955f4faf131514757e5a3ecae9df6d23771279b7742f28fb9ce394eb9e03926f550716f1312355a5efdc479d8347b516cff55cb14307c81280142cacf2fd6562a2baacbfc97869272b1c51abf79121de8bab227e001313d4115eb9b33a332ebb34e290f14b5352ef1038f7a5f3740c9d1136b3526de4331deb4fa529c36a17c04c3e64d4f6ebda73d6e6e18281e3948fd11e685eab6611be1bc62839bce5962715e7f6537e6c083bcd3538d17407b26c850cd6b3f5e2149fdef027a6cfb7ed0f93c928aca14927b10c6a3f104ba1b10413af8b1868b84a004e5ddd065fff26a7bb3c818bb5a2d69aedf9441ef9033efae3ef52282a96f66d4b4ff3f2)
01-15 22:21:18.820  3283  3283 I [SUI] AnytimeUIAndroidPanelApp: Bar visibility changed to false
01-15 22:21:18.821  3283  5158 I PanelVerifier: verifyVrShellUID(Debug Signatures=false, uid=10020) => apkSignatureResult=SigCertInfo(isTrusted=true, packageNames=[com.oculus.vrshell], fingerprint sha1=331660b6dd3bd582f3dfd3cbae4546724668a021, fingerprint sha256=dc2f834e3c1942378b14f076c82cd1ab59ea6566bff4730b2047e98efc9f9daf, signature=3082038d30820275a00302010202041303858a300d06092a864886f70d01010b05003077310b3009060355040613025553310b3009060355040813024341311330110603550407130a4d656e6c6f205061726b31173015060355040a130e4f63756c75732056522c204c4c4331173015060355040b130e4f63756c75732056522c204c4c43311430120603550403130b4f63756c75732041707073301e170d3134313033303231343032315a170d3432303331373231343032315a3077310b3009060355040613025553310b3009060355040813024341311330110603550407130a4d656e6c6f205061726b31173015060355040a130e4f63756c75732056522c204c4c4331173015060355040b130e4f63756c75732056522c204c4c43311430120603550403130b4f63756c7573204170707330820122300d06092a864886f70d01010105000382010f003082010a0282010100a34c7fbd96dea95d811f21a0d760cabca85f2df5dbe19b62aca7a3e3e0b6e48f7e173345f2753c458d639cc2e222eeee4cfb5e89ac1c5060044414056709a43a7f1a6f1e4f2c3d708c48912634be08ad6da1fff92d9c0d4b85e4bc8a8b1c27de84c04eb1e6577c10693500af46beaf7bd2ce72a06a46f4e565859f242cecbef1a431ae8096db712cebe73840bacc64de6b99077ba1ca8c20e5d0b4870bd161f087abbf568dfef58e604068ca6f7cdea183c8681c306bc30cb223e7c5ce3a2fcf00d13e158475b3700ef62dcca46c57baecca4d91052e20b861a1a085d5fc8e99aed8c4a9cfd550d01e54ef5062133befcf7f9ea6a5a1d1575a72cd82279f34030203010001a321301f301d0603551d0e04160414ec7ccdaf8ccdc6dd1b87d4b561582ad8ec397b80300d06092a864886f70d01010b0500038201010014c557ecddc17ba8b979618036e7093b8e7307f624644532c31239f4dc83fd9424267ca7670fa9f78689cbc5bfd8a6312fdc214bd159d614a8753ceec0f2b2d9166217895b13c992e1d10ca625a3153dacfa51dbdb7fde139bd59510f5add29f88be3826b445ce7386dcf06577be72fbdf118fa81179091fad275981409e02d40422d8e86df5827a2c496a4b905b4825c3f1ba0af4cf509bf9b0d4d608cf0b4320ac60d1a8cbcc384de24f11a4c93c0fc5b887cbd6855871af1b1ef729c51a8a123efc6a627b6494e81a264587443b9156ad17772863c2f9685fae9c72a552b333f8ef2822bce5d4d178e45b3a8dd4e321924f6a5ba43f732971a9e74cbf0433), time=0 ms
01-15 22:21:18.821  3283  3283 D PanelAppClient: BEGIN: Initializing panel application via MSG_CREATE_PANEL_APP.
01-15 22:21:18.821  3283  3283 I AndroidPanelApp: Created
01-15 22:21:18.822  3283  3283 V LifecycleAwareViewModelStore: LifecycleAwareViewModelStore created
01-15 22:21:18.822  3283  3283 V LifecycleAwarePanelApp: PanelApp initial lifecycle started and moved from state INITIALIZED to state RESUMED
01-15 22:21:18.822  3283  3283 I PanelService: BEGIN: nativeInitializePanelInstance - Configure and set up thread polling.
01-15 22:21:18.822  3283  3283 I PanelService: BEGIN: Call hosted app's Configure method.
01-15 22:21:18.822  3283  3283 I PanelService: END: Call hosted app's Configure method.
01-15 22:21:18.822  3283  3283 I PanelService: END: nativeInitializePanelInstance - Add fd 78 to looper with error code 1
01-15 22:21:18.822  3283  3283 D PanelAppClient: END: Initializing panel application via MSG_CREATE_PANEL_APP.
01-15 22:21:18.822  3283  3283 I [SUI] AndroidDialogPanelApp: handleShowDialog command received: dialogShow vrshell com.oculus.vrshell com.oculus.vrshell {"type":"custom","dialogId":"os_dialog_shutdown","title":"Power off","body":"","switchList":[],"primaryButton":{"action":"power_off","text":"Power off"},"secondaryButton":{"action":"restart","text":"Restart"},"tertiaryButton":{"action":"cancel","text":"Cancel"}}
01-15 22:21:18.822  3283  3283 I AndroidPanelApp: HideLayer(#main, shape: 2, shouldMinimizeLayer: false)
01-15 22:21:18.823  1050  3473 I DisplayManagerService: Display device added: DisplayDeviceInfo{"com.oculus.android_panel_app.AndroidPanelLayer-#main": uniqueId="virtual:com.oculus.systemux,10026,com.oculus.android_panel_app.AndroidPanelLayer-#main,1", 480 x 938, modeId 101, defaultModeId 101, supportedModes [{id=101, width=480, height=938, fps=60.0}], colorMode 0, supportedColorModes [0], HdrCapabilities null, density 200, 200.0 x 200.0 dpi, appVsyncOff 0, presDeadline 16666666, touch NONE, rotation 0, type VIRTUAL, state OFF, owner com.oculus.systemux (uid 10026), FLAG_PRIVATE, FLAG_NEVER_BLANK, FLAG_OWN_CONTENT_ONLY}
01-15 22:21:18.826  3283  3283 I [SUI] CustomDialog: Constructed CustomDialog.
01-15 22:21:18.828  2741  3012 I [SEO] PanelRenderLayer: ResetSurface #main 0 x 0 - shape:0 stereo:0
01-15 22:21:18.838  3283  3283 I AndroidPanelApp: Processing pending hide layer for layer #main.
01-15 22:21:18.838  3283  3283 I AndroidPanelApp: Processing pending show layer info for layer #main with width 480 and height 938.
01-15 22:21:18.838  3283  3283 I AndroidPanelApp: layerSupersample no changes
01-15 22:21:18.838  3283  3283 I AndroidPanelApp: Processing next frame action "layerShow" for layer "#main"
01-15 22:21:18.840  2741  3012 I [SEO] PanelAppHost: Setting panel layer visibility of layer "#main" to invisible, panel 17 (com.oculus.systemux/com.oculus.panelapp.androiddialog.AndroidDialogPanelService)
01-15 22:21:18.840  2741  3012 I [SEO] PanelAppHost: Resize layer #main to size 480 x 938 shape: 2 stereo: 0, panel 17 (com.oculus.systemux/com.oculus.panelapp.androiddialog.AndroidDialogPanelService)
01-15 22:21:18.840  2741  3012 I [SEO] PanelRenderLayer: ResetSurface #main 480 x 938 - shape:2 stereo:0
01-15 22:21:18.841  1050  1069 W InputReader: Device has associated, but no associated display id.
01-15 22:21:18.849  1050  1071 I DisplayManagerService: Display device changed state: "com.oculus.android_panel_app.AndroidPanelLayer-#main", ON
01-15 22:21:18.851  1050  1071 W InputReader: Device has associated, but no associated display id.
01-15 22:21:18.851  1050  1071 I ActivityTaskManager: Override config changes=20005df8 {0.0 ?mcc?mnc ?localeList ?layoutDir sw384dp w384dp h750dp 200dpi nrml long port ?uimode ?night -touch qwerty/v/v -nav/h winConfig={ mBounds=Rect(0, 0 - 480, 938) mAppBounds=Rect(0, 0 - 480, 938) mWindowingMode=fullscreen mDisplayWindowingMode=fullscreen mActivityType=undefined mAlwaysOnTop=undefined mRotation=ROTATION_0}} for displayId=40
01-15 22:21:18.854  1050  7826 E WindowManager: App trying to use insecure INPUT_FEATURE_NO_INPUT_CHANNEL flag. Ignoring
01-15 22:21:18.863  2741  3012 I [SEO] PanelAppAnalytics: First frame latency: 0.051 for id 17 com.oculus.systemux/com.oculus.panelapp.androiddialog.AndroidDialogPanelService
01-15 22:21:18.864  2741  3012 I [SEO] LayerSwapChainResource: LayerSwapChainResource 480,938 : 3
01-15 22:21:18.864  1332  2755 I VrRuntimeService: CreateSwapChain: 3323885075
01-15 22:21:18.864  1332  2755 I VrRuntimeService: CreateSwapChain: api:vk 0 0x2b 480 938 10 3 1 4 3
01-15 22:21:18.865  1332  2755 I VrRuntimeServer: CreateTextureSwapChain: result importswapchaingles 1
01-15 22:21:18.867  2055  3251 I SwapChain_Vulkan: Imported texture has requirements 3, ends up index 0
01-15 22:21:18.867  2055  3251 I chatty  : uid=10014(com.oculus.shellenv) Thread-25 identical 1 line
01-15 22:21:18.867  2055  3251 I SwapChain_Vulkan: Imported texture has requirements 3, ends up index 0
01-15 22:21:18.869  1332  2755 I VrRuntimeService: UpdateSwapChainSamplerState: 186
01-15 22:21:18.869  1332  2755 I VrRuntimeService: UpdateSwapChainSamplerState: minFilter=1 magFilter=1 wrapModeS=3 warpModeT=3 maxAniso=1.000000 border={0.000000,0.000000,0.000000,0.000000} swizzle={0,1,2,3}
01-15 22:21:18.890   874  7554 W [CT]    : VEGA:MAP_TRACKING_HM: [Throttled count=24] Map tracking did not run.
01-15 22:21:18.895  2741  3012 I [SEO] PanelAppHost: Setting panel layer visibility of layer "#main" to visible, panel 17 (com.oculus.systemux/com.oculus.panelapp.androiddialog.AndroidDialogPanelService)
01-15 22:21:18.917  1332  7566 I CompositorProgs: loaded binary layerProgram 0:0x100000049803:0x0 in 0.9 ms
01-15 22:21:19.001  2055  7959 I VrApi   : FPS=89/90,Prd=27ms,Tear=0,Early=0,Stale=1,VSnc=0,Lat=-1,Fov=0,CPU4/GPU=3/3,2419/490MHz,OC=FF,TA=0/70/0,SP=N/F/N,Mem=2092MHz,Free=3250MB,PLS=0,Temp=23.2C/0.0C,TW=1.81ms,App=4.94ms,GD=0.00ms,CPU&GPU=7.56ms,LCnt=3(DR53,LM2),GPU%=0.63,CPU%=0.19(W0.30),DSF=1.00,CFL=14.58/20.19
01-15 22:21:19.129  3874  3948 I MediaUploader: Finish queing media for upload
01-15 22:21:19.131  3874  3934 I WM-WorkerWrapper: Worker result SUCCESS for Work [ id=2582aef9-0a1f-4906-a07c-59f50e57196a, tags={ system_utilities_media_sync, com.oculus.systemutilities.MediaUploader$QueueMediaUploadsWorker } ]
01-15 22:21:19.135  1050  1210 D ConnectivityService: releasing NetworkRequest [ TRACK_DEFAULT id=25, [ Capabilities: INTERNET&NOT_RESTRICTED&TRUSTED Uid: 10019] ] (release request)
01-15 22:21:19.142   699   699 I netd    : firewallSetUidRule(2, 10071, 1) <0.01ms>
01-15 22:21:19.329   874  7560 W [CT]    : CONSTELLATION:MATCHING: Anomalous blob size detected => Resetting matches for controller 729165a0fe4054d7 (R).
01-15 22:21:19.371   874  7560 I [CT]    : CONSTELLATION: R: Successfully reinitialized 6DoF filter. Keep Cov and Calib States = Y. Keep velocity state and covariance = Y
01-15 22:21:19.371   874  1844 I [CT]    : INPUT_TRACKING:Behavior:NearHeadMoving: [Right] state transition: Active -> Transition
01-15 22:21:19.422  2815  3136 I VrGuardianService: GuardianSDKServer::SetGuardianHitDialog2 1
01-15 22:21:19.489  1332  2930 I VrRuntimeService: RuntimeServiceSDKServer::SetGuardianSystemState: 843193636
01-15 22:21:19.489  2815  2931 I GuardianSystem: UpdateGuardianSystemState: Flags changed: 524288, 532480, SYSTEM_GUARDIAN_VALID to SYSTEM_GUARDIAN_VISIBLE,SYSTEM_GUARDIAN_VALID
01-15 22:21:19.493   874  1844 I [CT]    : INPUT_TRACKING:Behavior:NearHeadMoving: [Right] state transition: Transition -> Init
01-15 22:21:19.493   874  1844 I [CT]    : INPUT_TRACKING:Behavior:NearHeadMoving: [Right] deactivated
01-15 22:21:19.493   874  1844 I [CT]    : INPUT_TRACKING:ControllerMotionModel: [Right] t = 223.734s, behavior transition: NearHeadMoving -> None
01-15 22:21:19.495   874  1844 I [CT]    : INPUT_TRACKING:Behavior:NearHeadMoving: [Right] state transition: Init -> TorsoInitialized
01-15 22:21:19.511  1332  7566 I CompositorVR: SetSchedFifo( tid=2931, pol=5, pri=1 ) succeeded
01-15 22:21:19.512  1332  7566 I CompositorVR: SetSchedFifo( tid=3636, pol=5, pri=1 ) succeeded
01-15 22:21:19.513  1332  7566 I CompositorVR: SetSchedFifo( tid=3693, pol=5, pri=1 ) succeeded
01-15 22:21:19.523  2815  3136 I VrGuardianService: GuardianSDKServer::SetGuardianHitDialog2 0
01-15 22:21:19.538   699   699 I netd    : firewallSetUidRule(2, 10071, 2) <0.02ms>
01-15 22:21:19.542  2522  8051 W OVRLibrary: null cursor received for query content://com.oculus.ocms.library/apps/com.YourCompany.TemplateProject3
01-15 22:21:19.633  1332  2930 I VrRuntimeService: RuntimeServiceSDKServer::SetGuardianSystemState: 843193636
01-15 22:21:19.634  2815  2931 I GuardianSystem: UpdateGuardianSystemState: Flags changed: 532480, 524288, SYSTEM_GUARDIAN_VISIBLE,SYSTEM_GUARDIAN_VALID to SYSTEM_GUARDIAN_VALID
01-15 22:21:19.723   874  1844 W [CT]    : TorsoModel: Not able to update controller's X-yaw (X is almost vertical)
01-15 22:21:19.778  2815  3136 I VrGuardianService: GuardianSDKServer::SetGuardianHitDialog2 1
01-15 22:21:19.789  1332  7566 I CompositorVR: SetSchedFifo( tid=2931, pol=2, pri=0 ) succeeded
01-15 22:21:19.789  1332  7566 I CompositorVR: SetSchedFifo( tid=3636, pol=2, pri=0 ) succeeded
01-15 22:21:19.790  1332  7566 I CompositorVR: SetSchedFifo( tid=3693, pol=2, pri=0 ) succeeded
01-15 22:21:19.905  1332  2585 I PerformanceManager_V0: SetClockLevels: Apply pending clock request change: 3,3 -> 2,3
01-15 22:21:19.906  1332  2579 I Clocks  : ReleaseClocks - start
01-15 22:21:19.906  1332  2579 I Clocks  : ReleaseClocks - end (0.4 ms)
01-15 22:21:19.906  1332  2579 I Clocks  : LockClocks( cpu=2, gpu=3 ) - start
01-15 22:21:19.906  1332  2579 I Clocks  : CPU levels [0, 4]
01-15 22:21:19.906  1332  2579 I Clocks  : GPU levels [0, 5]
01-15 22:21:19.907  1332  2579 I Clocks  : LockClocks( cpu=2, gpu=3 ) - end (0.6 ms)
01-15 22:21:19.922  2741  3012 I GkCacheQuerierClient: getGkValue for 'oculus_trex_haptics_killsw', not cached!
01-15 22:21:19.922  2741  3012 W GkHelper: GkHelper: query failed
01-15 22:21:19.927   874  7554 W [CT]    : VEGA:MAP_TRACKING_HM: [Throttled count=25] Map tracking did not run.
01-15 22:21:20.002  2055  7959 I VrApi   : FPS=89/90,Prd=28ms,Tear=0,Early=0,Stale=1,VSnc=0,Lat=-1,Fov=0,CPU4/GPU=3/3,2419/490MHz,OC=FF,TA=0/70/0,SP=N/F/N,Mem=2092MHz,Free=3250MB,PLS=0,Temp=23.2C/0.0C,TW=1.93ms,App=5.21ms,GD=0.13ms,CPU&GPU=7.32ms,LCnt=1(DR3,LM0),GPU%=0.66,CPU%=0.15(W0.20),DSF=1.00,CFL=14.61/19.81
01-15 22:21:20.110   874  7554 W [CT]    : TIMESTAMPCHECKER: Nominal rate wrong. Estimated data rate: 25, Nominal is 30.000300003000028
01-15 22:21:20.285   914   914 E adbd    : failed to connect to socket 'tcp:6666': Connection refused
01-15 22:21:20.341  1050  1588 E TaskPersister: File error accessing recents directory (directory doesn't exist?).
01-15 22:21:20.367   874  7554 I [CT]    : VIPER: Mode=SuperVega,Status=6DoF,TRACKING,Inl=27,Mem=105.3,Jit=0.3mm,Issues(Cam/min=0.0,IMU/min=0.0),Exp=(14.0ms,g=15.0,I=49,Ir=234.1)(14.0ms,g=15.0,I=66,Ir=317.1)(14.0ms,g=15.0,I=85,Ir=407.2)(10.8ms,g=14.0,I=75,Ir=500.8)
01-15 22:21:20.367   874  7554 W [CT]    : VIPER: Images too dark, 
01-15 22:21:20.368  2741  3012 I GkCacheQuerierClient: getGkValue for 'oculus_trex_haptics_killsw', not cached!
01-15 22:21:20.368  2741  3012 W GkHelper: GkHelper: query failed
01-15 22:21:20.368  2741  3012 I [SEO] DialogControllerManager: Dialog result received: {"dialogId":"os_dialog_shutdown","action":"power_off","autoClose":true,"listSelection":[],"switchSelection":[],"dialogHost":"vrshell"}
01-15 22:21:20.379  2741  3012 I [SEO] DialogControllerManager: DialogResult power_off for dialog os_dialog_shutdown
01-15 22:21:20.379  2741  3012 I [SEO] ConfigurableDialogController: HandleResult dialogResult:power_off
01-15 22:21:20.424  1050  8058 E system_server: Invalid ID 0x00000000.
01-15 22:21:20.437  3283  7991 E memtrack: Couldn't load memtrack module
01-15 22:21:20.437  3283  7991 W android.os.Debug: failed to get memory consumption info: -1
01-15 22:21:20.466  1050  8058 I VrApiLoader: VrApi Loader Version: 1.1.56.0-0-0 Feb 10 2022 05:09:47 
01-15 22:21:20.468  1050  8058 D ApplicationLoaders: Returning zygote-cached class loader: /system/framework/android.hidl.base-V1.0-java.jar
01-15 22:21:20.468  1050  8058 D ApplicationLoaders: Returning zygote-cached class loader: /system/framework/android.hidl.manager-V1.0-java.jar
01-15 22:21:20.468  1050  8058 D ApplicationLoaders: Returning zygote-cached class loader: /system/framework/android.hidl.base-V1.0-java.jar
01-15 22:21:20.473  1050  8058 I system_server: The ClassLoaderContext is a special shared library.
01-15 22:21:20.479  1050  8058 E system_server: Dex checksum does not match for dex: /system/priv-app/VrDriver/VrDriver.apk.Expected: 593946245, actual: 3976123696
01-15 22:21:20.481  1050  8058 I system_server: The ClassLoaderContext is a special shared library.
01-15 22:21:20.489  1050  8058 V VrDriver: Loading 64-bit VrDriver.
01-15 22:21:20.534  1050  8058 I VrApi_DriverLoader: nativeSetClassLoader:0x69ca
01-15 22:21:20.535  1050  8058 I VrApi   : ----------- vrapi_Initialize [start] ----------
01-15 22:21:20.535  1050  8058 I XrRuntimeSharedClientState: SharedClientState::create called from 'vrapi_Initialize'
01-15 22:21:20.535  1050  8058 I ipcLoader_static: RuntimeIPC: Loader: IPC Service API Loader Version: 33 Nov 25 2022 14:17:11
01-15 22:21:20.535  1050  8058 I ipcLoader_static: RuntimeIPC: Using android_get_exported_namespace: libripcclient.oculus.so
01-15 22:21:20.536  1050  8058 I ipcLoader_static: RuntimeIPC: android_get_exported_namespace SUCCESS: libripcclient.oculus.so
01-15 22:21:20.536  1050  8058 I RuntimeIPCApi: ipc_Initialize
01-15 22:21:20.536  1050  8058 I RuntimeIPCServiceClient: Init: Already initialized: system_server, 1
01-15 22:21:20.538  1332  1332 D VrRuntimeService: onStartCommand
01-15 22:21:20.539  1050  8058 I ClientProcessConnector: GetProcessConnection: com.oculus.systemdriver:com.oculus.vrruntimeservice
01-15 22:21:20.539  1332  1348 W IPCDataChannelServer: datachannel_test: Connected: 1066927641, android.uid.system:1000:system_server:1050
01-15 22:21:20.539  1332  1348 D RPCServer: RegisterClient: Client: android.uid.system:1000:system_server:1050, Server: com.oculus.systemdriver:com.oculus.vrruntimeservice (gkcache)
01-15 22:21:20.539  1332  1348 I IPCSharedMemory: CreateSharedMemory: Allocated shared memory fd 304 (ipcStateReadWrite)
01-15 22:21:20.539  1332  1348 I IPCSharedMemory: CreateSharedMemory: Allocated shared memory fd 305 (ipcReadOnlyState)
01-15 22:21:20.539  1332  1348 I RPCClientHandler: Event buffer size (server): 8192
01-15 22:21:20.540  1332  1348 I IPCSharedMemory: CreateSharedMemory: Allocated shared memory fd 306 (ipcEventBuffer)
01-15 22:21:20.540  1332  1348 I IPCSharedMemory: CreateSharedMemory: Allocated shared memory fd 309 (ipcEventBuffer_Private)
01-15 22:21:20.540  1332  1348 I RuntimeIPCServerMgr: HandleClientConnect SUCCESS: Client: android.uid.system:1000:system_server:1050, Server: com.oculus.systemdriver:com.oculus.vrruntimeservice (gkcache)
01-15 22:21:20.540  1332  8060 I GkCacheQuerierServer: Client 1066927641 from system_server:1050 connected.
01-15 22:21:20.540  1332  1348 I RPCServer: GetServerStatesConfig -> {MaxBufferSize=32768, MaxEntries=64}
01-15 22:21:20.540  1050  8058 I RuntimeIPCClient: GetServerStatesConfig returned maxEntries=64, maxBuffSize=32768
01-15 22:21:20.541  1050  8058 I RuntimeIPCClient: Event buffer size (client): 8192
01-15 22:21:20.541  1050  8058 I RuntimeIPCClient: TryToGetIPCResourcesFromServer: RPC_CONNECTOR_CONNECT_TO_SERVER SUCCESS: Client: android.uid.system:1000:system_server:1050, Server: com.oculus.systemdriver:com.oculus.vrruntimeservice (gkcache)
01-15 22:21:20.541  1050  8058 I RuntimeIPCClient: EnsureServerConnection: SUCCESS. Client: android.uid.system:1000:system_server:1050, Server: com.oculus.systemdriver:com.oculus.vrruntimeservice (gkcache)
01-15 22:21:20.541  1050  8058 I RuntimeIPCClientMgr: ConnectToServer: SUCCESS: Client: android.uid.system:1000:system_server:1050, Server: com.oculus.systemdriver:com.oculus.vrruntimeservice (gkcache)
01-15 22:21:20.542  1332  1348 I RPCServer: GetServerStatesConfig -> {MaxBufferSize=32768, MaxEntries=64}
01-15 22:21:20.542  1050  8058 I RuntimeIPCClient: GetServerStatesConfig returned maxEntries=64, maxBuffSize=32768
01-15 22:21:20.542  1050  8058 I RuntimeIPCClient: InitServerStateBuffer: SUCCESS. 0, Client: android.uid.system:1000:system_server:1050, Server: com.oculus.systemdriver:com.oculus.vrruntimeservice (gkcache)
01-15 22:21:20.543  1050  8058 I VrApi   : Client type: 0 flags: 0x0 placement: 0
01-15 22:21:20.543  1050  8058 I ipcLoader_static: RuntimeIPC: Loader: IPC Service API Loader Version: 33 Nov 25 2022 14:17:11
01-15 22:21:20.543  1050  8058 I RuntimeIPCApi: ipc_Initialize
01-15 22:21:20.543  1050  8058 I RuntimeIPCServiceClient: Init: Already initialized: system_server, 2
01-15 22:21:20.544  1332  1332 D VrRuntimeService: onStartCommand
01-15 22:21:20.544  1332  1348 D RPCServer: RegisterClient: Client: android.uid.system:1000:system_server:1050, Server: com.oculus.systemdriver:com.oculus.vrruntimeservice (RuntimeServiceServer)
01-15 22:21:20.545  1332  1348 I IPCSharedMemory: CreateSharedMemory: Allocated shared memory fd 311 (ipcStateReadWrite)
01-15 22:21:20.545  1332  1348 I IPCSharedMemory: CreateSharedMemory: Allocated shared memory fd 313 (ipcReadOnlyState)
01-15 22:21:20.545  1332  1348 I RPCClientHandler: Event buffer size (server): 8192
01-15 22:21:20.545  1332  1348 I IPCSharedMemory: CreateSharedMemory: Allocated shared memory fd 316 (ipcEventBuffer)
01-15 22:21:20.545  1332  1348 I IPCSharedMemory: CreateSharedMemory: Allocated shared memory fd 317 (ipcEventBuffer_Private)
01-15 22:21:20.545  1332  1348 I RuntimeIPCServerMgr: HandleClientConnect SUCCESS: Client: android.uid.system:1000:system_server:1050, Server: com.oculus.systemdriver:com.oculus.vrruntimeservice (RuntimeServiceServer)
01-15 22:21:20.545  1332  8061 I VrRuntimeService: RuntimeIPC: IPC_SYSTEM_EVENT_CLIENT_CONNECTED_EXT: system_server:1050, Version: 2.0, Custom: 1.0
01-15 22:21:20.545  1332  8061 I VrRuntimeService: RuntimeIPC: SendPrimaryPackageChangeEvent: PostClientEvent SUCCESS: android.uid.system:1000:system_server:1050, com.oculus.shellenv, com.oculus.shellenv
01-15 22:21:20.545  1332  8061 I VrRuntimeService: RuntimeIPC: SendFocusChangeEvent: PostClientEvent SUCCESS: android.uid.system:1000:system_server:1050, com.oculus.vrshell, com.oculus.vrshell
01-15 22:21:20.545  1332  1348 I RPCServer: GetServerStatesConfig -> {MaxBufferSize=32768, MaxEntries=64}
01-15 22:21:20.545  1050  8058 I RuntimeIPCClient: GetServerStatesConfig returned maxEntries=64, maxBuffSize=32768
01-15 22:21:20.546  1050  8058 I RuntimeIPCClient: Event buffer size (client): 8192
01-15 22:21:20.546  1050  8058 I RuntimeIPCClient: TryToGetIPCResourcesFromServer: RPC_CONNECTOR_CONNECT_TO_SERVER SUCCESS: Client: android.uid.system:1000:system_server:1050, Server: com.oculus.systemdriver:com.oculus.vrruntimeservice (RuntimeServiceServer)
01-15 22:21:20.546  1050  8058 I RuntimeIPCClient: EnsureServerConnection: SUCCESS. Client: android.uid.system:1000:system_server:1050, Server: com.oculus.systemdriver:com.oculus.vrruntimeservice (RuntimeServiceServer)
01-15 22:21:20.546  1050  8058 I RuntimeIPCClientMgr: ConnectToServer: SUCCESS: Client: android.uid.system:1000:system_server:1050, Server: com.oculus.systemdriver:com.oculus.vrruntimeservice (RuntimeServiceServer)
01-15 22:21:20.546  1050  8058 I VrRuntimeClient: g_RuntimeServiceSDKClient.Connected: com.oculus.systemdriver:com.oculus.vrruntimeservice
01-15 22:21:20.546  1332  8061 I VrRuntimeService: RuntimeServiceSDKServer::RegisterClient: system_server
01-15 22:21:20.546  1332  8061 I ClientMgr@: IsTrustedClient( android.uid.system:1000 )= false
01-15 22:21:20.546  1332  8061 I JniUtils: JNI exception before DeleteLocalRef!
01-15 22:21:20.546  1332  8061 I ClientMgr: ClientMgr::CreateClient: 1050:android.uid.system:1000
01-15 22:21:20.546  1332  8061 I ClientMgr: CliengMgr: Client session placement = 0
01-15 22:21:20.546  1332  8061 I CompositorClientMgr: Register client 8
01-15 22:21:20.546  1332  8061 I VrRuntimeServer: RegisterCompositorClient client(8)
01-15 22:21:20.548  1332  8061 W ActivityManagerUtils: The package name doesn't match for the given uid and pid
01-15 22:21:20.548  1332  8061 I ClientMgr: ClientMgr: Client:android.uid.system:1000 isOsApp=false
01-15 22:21:20.548  1332  8061 I ClientMgr: SharedMemoryDebug: InitResources MapMemory (VrRuntimeService_PrivateReadWrite_android.uid.system:1000) size = 35016 ; flags = 3
01-15 22:21:20.548  1332  8061 I SharedMemoryServer: SharedMemoryServer::MapMemory: SharedMemoryDebug: Allocated shared memory fd 298 (VrRuntimeService_PrivateReadWrite_android.uid.system:1000) (size: 35016)
01-15 22:21:20.548  1332  8061 I ServiceInputManager: HANDTRACKING Initial input state override: 0
01-15 22:21:20.548  1332  8061 I PTKService: PTKServiceClient Init
01-15 22:21:20.548  1332  8061 I ipcLoader_static: RuntimeIPC: Loader: IPC Service API Loader Version: 33 Nov 25 2022 14:17:11
01-15 22:21:20.548  1332  8061 I RuntimeIPCApi: ipc_Initialize
01-15 22:21:20.548  1332  8061 I RuntimeIPCServiceClient: Init: Already initialized: com.oculus.vrruntimeservice, 5
