02-20 18:18:37.314  6892  6956 D UE4     : [2023.02.20-18.18.37:314][110]LogVulkanRHI: Display: 		ResourceHeap 0                     |    0.00mb /     0.00mb /        0.00mb /        0.00mb |          0          0 |      0      0      0 | 00000 | (null)
02-20 18:18:37.314  6892  6956 D UE4     : [2023.02.20-18.18.37:314][110]LogVulkanRHI: Display: 		ResourceHeap 1                     |    0.00mb /     0.00mb /        0.00mb /        0.00mb |          0          0 |      0      0      0 | 00000 | (null)
02-20 18:18:37.314  6892  6956 D UE4     : [2023.02.20-18.18.37:314][110]LogVulkanRHI: Display: 		ResourceHeap 2                     |    0.00mb /     0.00mb /        0.00mb /        0.00mb |          0          0 |      0      0      0 | 00000 | (null)
02-20 18:18:37.314  6892  6956 D UE4     : [2023.02.20-18.18.37:314][110]LogVulkanRHI: Display: 		ResourceHeap 3                     |    0.00mb /     0.00mb /        0.00mb /        0.00mb |          0          0 |      0      0      0 | 00000 | (null)
02-20 18:18:37.315  6892  6956 D UE4     : [2023.02.20-18.18.37:315][110]LogVulkanRHI: Display: 		ResourceHeap 4                     |    0.00mb /     0.00mb /        0.00mb /        0.00mb |          0          0 |      0      0      0 | 00000 | (null)
02-20 18:18:37.315  6892  6956 D UE4     : [2023.02.20-18.18.37:315][110]LogVulkanRHI: Display: 		ResourceHeap 5                     |    0.00mb /     0.00mb /        0.00mb /        0.00mb |          0          0 |      0      0      0 | 00000 | (null)
02-20 18:18:38.056   870  2925 I [CT]    : CONSTELLATION: L: Detected static IMU, no button event and has tracked position => Applying constant controller pose.
02-20 18:18:38.058   870  1186 I [CT]    : VIPER: InternalAnchorHealthMonitor: Anchors: 3 | Persistent anchors: 2 | Anchors never observed: 0
02-20 18:18:38.058   870  1186 I [CT]    :   (min/avg/max) Anchor landmarks: (17|25|29) | Covisible keyframes: (19|25.666666666666668|36) | Times since observation: (0|2424|7259.44)
02-20 18:18:38.217   870  2925 I [CT]    : CONSTELLATION: L: Detected IMU motion => Leaving static state.
02-20 18:18:38.597   870  7067 W [CT]    : TIMESTAMPCHECKER: Nominal rate wrong. Estimated data rate: 25, Nominal is 30.000300003000028
02-20 18:18:38.612   870  7067 I [CT]    : VIPER: Mode=SuperVega,Status=6DoF,TRACKING,Inl=27,Mem=90.8,Jit=0.0mm,Issues(Cam/min=0.0,IMU/min=0.0),Exp=(14.0ms,g=15.0,I=62,Ir=295.6)(10.6ms,g=13.0,I=106,Ir=774.8)(10.6ms,g=13.0,I=103,Ir=748.6)(14.0ms,g=15.0,I=73,Ir=347.7)
02-20 18:18:38.613   870  7067 W [CT]    : VIPER: Environment trending to dark, 
02-20 18:18:38.634  1754  2958 E TREX    : Interface version 1 was not found. Check debug build for more information.
02-20 18:18:39.539   736  4688 D audio_hw_primary: out_standby: enter: stream (0xf2d68000) usecase(1: low-latency-playback)
02-20 18:18:39.568   736  4688 I audio_hw_primary: disable_audio_route: reset and update mixer path: low-latency-playback
02-20 18:18:39.577   736  4688 D msm8974_platform: platform_split_snd_device: snd_device(2) num devices(0) new_snd_devices(0)
02-20 18:18:39.577   736  4688 I msm8974_platform: platform_get_custom_mtmx_params: no matching param with id 0 ip_ch 2 op_ch 2 uc_id 1 snd_dev 2
02-20 18:18:39.577   736  4688 D hardware_info: hw_info_append_hw_type : device_name = speaker
02-20 18:18:39.577   736  4688 D audio_hw_primary: disable_snd_device: snd_device(2: speaker)
02-20 18:18:39.577   736  4688 D msm8974_platform: platform_split_snd_device: snd_device(2) num devices(0) new_snd_devices(0)
02-20 18:18:39.582   736  4688 D audio_hw_primary: out_standby: exit
02-20 18:18:39.626  6892  7341 I VrApi   : FPS=71/72,Prd=45ms,Tear=0,Early=68,Stale=2,Stale2/5/10/max=1/0/0/2,VSnc=1,Lat=1,Fov=0,CPU4/GPU=2/4,1171/525MHz,OC=FF,TA=0/70/0,SP=N/N/E,Mem=1353MHz,Free=3131MB,PLS=0,Temp=29.2C/0.0C,TW=1.10ms,App=8.58ms,GD=0.00ms,CPU&GPU=8.82ms,LCnt=1(DR72,LM0),GPU%=0.72,CPU%=0.34(W0.50),DSF=1.00,CFL=19.65/21.78
--------- beginning of crash
02-20 18:18:39.630  6892  6956 F libc    : Fatal signal 11 (SIGSEGV), code 1 (SEGV_MAPERR), fault addr 0x1 in tid 6956 (GameThread), pid 6892 (emplateProject3)
02-20 18:18:39.687  9333  9333 I crash_dump32: obtaining output fd from tombstoned, type: kDebuggerdTombstone
02-20 18:18:39.688  6892  6957 D UE4     : [2023.02.20-18.18.39:687][110]LogAndroid: Exiting
02-20 18:18:39.688  6892  6957 D UE4     : *** JavaEnvDestructor: 6957
02-20 18:18:39.688   869   869 I /system/bin/tombstoned: received crash request for pid 6956
02-20 18:18:39.688  9333  9333 I crash_dump32: performing dump of process 6892 (target tid = 6956)
02-20 18:18:39.698  9333  9333 F DEBUG   : *** *** *** *** *** *** *** *** *** *** *** *** *** *** *** ***
02-20 18:18:39.698  9333  9333 F DEBUG   : Build fingerprint: 'oculus/hollywood/hollywood:10/QQ3A.200805.001/49882890235800150:user/release-keys'
02-20 18:18:39.698  9333  9333 F DEBUG   : Revision: '0'
02-20 18:18:39.698  9333  9333 F DEBUG   : ABI: 'arm'
02-20 18:18:39.698  9333  9333 F DEBUG   : Timestamp: 2023-02-20 18:18:39+0000
02-20 18:18:39.698  9333  9333 F DEBUG   : pid: 6892, tid: 6956, name: GameThread  >>> com.YourCompany.TemplateProject3 <<<
02-20 18:18:39.698  9333  9333 F DEBUG   : uid: 10176
02-20 18:18:39.698  9333  9333 F DEBUG   : signal 11 (SIGSEGV), code 1 (SEGV_MAPERR), fault addr 0x1
02-20 18:18:39.698  9333  9333 F DEBUG   : Cause: null pointer dereference
02-20 18:18:39.698  9333  9333 F DEBUG   :     r0  00000001  r1  cdb81564  r2  c46082dc  r3  00000001
02-20 18:18:39.698  9333  9333 F DEBUG   :     r4  cafeb948  r5  c2b9b001  r6  c27d29f8  r7  00000000
02-20 18:18:39.698  9333  9333 F DEBUG   :     r8  ffffffff  r9  ffffffff  r10 f52ec260  r11 cdb7f4a0
02-20 18:18:39.698  9333  9333 F DEBUG   :     ip  00000169  sp  cdb7f2e8  lr  cdb7f620  pc  c4608ecc
02-20 18:18:39.736   870  7074 I [CT]    : CONSTELLATION:VISION_STATUS: 86557c336c360320 (L): BlobDetection:[#BlobsDetected=(24.95, 2.69)]Matching:[MatchSuccess=1.000, MatchCost=(0.00176, 0.00000), #MatchedBlobs=(12.71, 1.37), #MatchedLeds=(7.70, 1.35), RematchM=0.000, SkipRefine=0.000] MatchMethod:[Prox=1.000, ConstBrute=0.000, UnconstBrute=0.000] MatchResets[AnomBlobSize=0.000, SharedMatch=0.000, DenseReacq=0.000] | Fusion:[FusionError=0.000, ImuFromCamMs=(8.183, 0.606), RematchF=0.000] FusionUpdates:[Successful=0.984, Reliable=0.984, TightFusion=0.984, FullPose=0.000, StaticPrior=0.016, StaticForHandTrans=0.092, PoseUpdateMD=(0.0000, 0.0000)] FusionResets[6DoFReset=0.000, ResetSuccess=0.000] FusionStatus[HasPosition=1.000, HasVelocity=1.000] 
02-20 18:18:39.736   870  7074 I [CT]    : CONSTELLATION:VISION_STATUS: 729165a0fe4054d7 (R): BlobDetection:[#BlobsDetected=(24.95, 2.69)]Matching:[MatchSuccess=1.000, MatchCost=(0.00282, 0.00000), #MatchedBlobs=(12.75, 0.60), #MatchedLeds=(7.74, 0.64), RematchM=0.000, SkipRefine=0.000] MatchMethod:[Prox=1.000, ConstBrute=0.000, UnconstBrute=0.000] MatchResets[AnomBlobSize=0.000, SharedMatch=0.000, DenseReacq=0.000] | Fusion:[FusionError=0.000, ImuFromCamMs=(8.569, 1.067), RematchF=0.000] FusionUpdates:[Successful=1.000, Reliable=1.000, TightFusion=1.000, FullPose=0.000, StaticPrior=0.000, StaticForHandTrans=0.188, PoseUpdateMD=(0.0000, 0.0000)] FusionResets[6DoFReset=0.000, ResetSuccess=0.000] FusionStatus[HasPosition=1.000, HasVelocity=1.000] 
02-20 18:18:39.839   870  2835 I [CT]    : boltlib: DSP utilization: 6.89 % (344 / 5000 ms)
02-20 18:18:40.318  2980  3503 I Telemetry: App memory usage: PSS=35 MiB, PrivateDirty=24 MiB, PrivateClean=4 MiB, GPU=3.8/4.0 MiB (96% allocated)
02-20 18:18:40.597   870  7067 W [CT]    : TIMESTAMPCHECKER: Nominal rate wrong. Estimated data rate: 25, Nominal is 30.000300003000028
02-20 18:18:40.626  6892  7341 I VrApi   : FPS=71/72,Prd=45ms,Tear=0,Early=68,Stale=2,Stale2/5/10/max=1/0/0/2,VSnc=1,Lat=1,Fov=0,CPU4/GPU=2/4,1171/525MHz,OC=FF,TA=0/70/0,SP=N/N/E,Mem=1353MHz,Free=3131MB,PLS=0,Temp=29.2C/0.0C,TW=1.10ms,App=8.58ms,GD=0.00ms,CPU&GPU=8.82ms,LCnt=1(DR72,LM0),GPU%=0.72,CPU%=0.34(W0.50),DSF=1.00,CFL=19.65/21.78
02-20 18:18:40.696   870  1186 W [CT]    : VEGA_MAP_BUILDER: Resolved a potential TrackToMapPointAssosiation conflict between tracks 13762602 (index = 210, version = 42) and 4259955 (index = 65, version = 115). Point handle: 2879 1.
02-20 18:18:40.828  6892  6982 D UE4     : [GameActivity] Used memory: 239845 (VmRSS:	  212296 kB)
02-20 18:18:40.865  9333  9333 F DEBUG   : 
02-20 18:18:40.865  9333  9333 F DEBUG   : backtrace:
02-20 18:18:40.865  9333  9333 F DEBUG   :       #00 pc 072ebecc  /data/app/com.YourCompany.TemplateProject3-4PKJ7c2URQNkWLqltBbTMQ==/lib/arm/libUE4.so (FGenericWidePlatformString::GetVarArgs(char16_t*, unsigned int, char16_t const*&, std::__va_list)+3848) (BuildId: 03c84df2d86d7084ca8f223b1fa9001d225e862b)
02-20 18:18:40.865  9333  9333 F DEBUG   :       #01 pc 0747212c  /data/app/com.YourCompany.TemplateProject3-4PKJ7c2URQNkWLqltBbTMQ==/lib/arm/libUE4.so (FMsg::Logf_InternalImpl(char const*, int, FName const&, ELogVerbosity::Type, char16_t const*, ...)+712) (BuildId: 03c84df2d86d7084ca8f223b1fa9001d225e862b)
02-20 18:18:40.865  9333  9333 F DEBUG   :       #02 pc 0718a72c  /data/app/com.YourCompany.TemplateProject3-4PKJ7c2URQNkWLqltBbTMQ==/lib/arm/libUE4.so (BuildId: 03c84df2d86d7084ca8f223b1fa9001d225e862b)
02-20 18:18:40.865  9333  9333 F DEBUG   :       #03 pc 07154e58  /data/app/com.YourCompany.TemplateProject3-4PKJ7c2URQNkWLqltBbTMQ==/lib/arm/libUE4.so (BuildId: 03c84df2d86d7084ca8f223b1fa9001d225e862b)
02-20 18:18:40.865  9333  9333 F DEBUG   :       #04 pc 071436a8  /data/app/com.YourCompany.TemplateProject3-4PKJ7c2URQNkWLqltBbTMQ==/lib/arm/libUE4.so (VulkanRHI::FMemoryManager::DumpMemory(bool)+7392) (BuildId: 03c84df2d86d7084ca8f223b1fa9001d225e862b)
02-20 18:18:40.866  9333  9333 F DEBUG   :       #05 pc 07148c2c  /data/app/com.YourCompany.TemplateProject3-4PKJ7c2URQNkWLqltBbTMQ==/lib/arm/libUE4.so (VulkanRHI::FVulkanResourceHeap::~FVulkanResourceHeap()+380) (BuildId: 03c84df2d86d7084ca8f223b1fa9001d225e862b)
02-20 18:18:40.866  9333  9333 F DEBUG   :       #06 pc 0714d9cc  /data/app/com.YourCompany.TemplateProject3-4PKJ7c2URQNkWLqltBbTMQ==/lib/arm/libUE4.so (VulkanRHI::FMemoryManager::Deinit()+168) (BuildId: 03c84df2d86d7084ca8f223b1fa9001d225e862b)
02-20 18:18:40.866  9333  9333 F DEBUG   :       #07 pc 0711b490  /data/app/com.YourCompany.TemplateProject3-4PKJ7c2URQNkWLqltBbTMQ==/lib/arm/libUE4.so (FVulkanDevice::Destroy()+936) (BuildId: 03c84df2d86d7084ca8f223b1fa9001d225e862b)
02-20 18:18:40.866  9333  9333 F DEBUG   :       #08 pc 071ab334  /data/app/com.YourCompany.TemplateProject3-4PKJ7c2URQNkWLqltBbTMQ==/lib/arm/libUE4.so (FVulkanDynamicRHI::Shutdown()+1408) (BuildId: 03c84df2d86d7084ca8f223b1fa9001d225e862b)
02-20 18:18:40.866  9333  9333 F DEBUG   :       #09 pc 08991ba4  /data/app/com.YourCompany.TemplateProject3-4PKJ7c2URQNkWLqltBbTMQ==/lib/arm/libUE4.so (RHIExit()+64) (BuildId: 03c84df2d86d7084ca8f223b1fa9001d225e862b)
02-20 18:18:40.866  9333  9333 F DEBUG   :       #10 pc 05e71c14  /data/app/com.YourCompany.TemplateProject3-4PKJ7c2URQNkWLqltBbTMQ==/lib/arm/libUE4.so (FEngineLoop::Exit()+1748) (BuildId: 03c84df2d86d7084ca8f223b1fa9001d225e862b)
02-20 18:18:40.866  9333  9333 F DEBUG   :       #11 pc 05e5ef7c  /data/app/com.YourCompany.TemplateProject3-4PKJ7c2URQNkWLqltBbTMQ==/lib/arm/libUE4.so (AndroidMain(android_app*)+4080) (BuildId: 03c84df2d86d7084ca8f223b1fa9001d225e862b)
02-20 18:18:40.866  9333  9333 F DEBUG   :       #12 pc 05e72358  /data/app/com.YourCompany.TemplateProject3-4PKJ7c2URQNkWLqltBbTMQ==/lib/arm/libUE4.so (android_main+176) (BuildId: 03c84df2d86d7084ca8f223b1fa9001d225e862b)
02-20 18:18:40.866  9333  9333 F DEBUG   :       #13 pc 05ea890c  /data/app/com.YourCompany.TemplateProject3-4PKJ7c2URQNkWLqltBbTMQ==/lib/arm/libUE4.so (BuildId: 03c84df2d86d7084ca8f223b1fa9001d225e862b)
02-20 18:18:40.866  9333  9333 F DEBUG   :       #14 pc 0009a6d5  /apex/com.android.runtime/lib/bionic/libc.so (__pthread_start(void*)+20) (BuildId: 412b3f89043ee721cb892d6b5f53c486)
02-20 18:18:40.866  9333  9333 F DEBUG   :       #15 pc 00000ffe  <anonymous:cda89000>
02-20 18:18:40.904   824  1175 I crash-uploader: Crash uploaded from /data/misc/crashes//03df14a3-f6ef-4868-97cd-1cee5744ae0e_com.YourCompany.TemplateProject3_2023-02-20_18-18-37-318872.crash.meta to https://b-www.facebook.com/mobile/reliability_event_log_upload/
02-20 18:18:41.002   869   869 E /system/bin/tombstoned: Tombstone written to: /data/tombstones/tombstone_05
02-20 18:18:41.003  1057  9363 W ActivityTaskManager:   Force finishing activity com.YourCompany.TemplateProject3/com.epicgames.ue4.GameActivity
02-20 18:18:41.011  6892  6892 D UE4     : [GameActivity] onPause: stop memory reporter runnable
02-20 18:18:41.019  1057  1098 I BootReceiver: Copying /data/tombstones/tombstone_05 to DropBox (SYSTEM_TOMBSTONE)
02-20 18:18:41.020  1057  1098 I DropBoxManagerService: add tag=SYSTEM_TOMBSTONE isTagEnabled=true flags=0x2
02-20 18:18:41.020  1057  9364 I DropBoxManagerService: add tag=data_app_native_crash isTagEnabled=true flags=0x2
02-20 18:18:41.041  2980  7092 I REFLECT [RUNTIMEIPC]: GuardianSDKServer Client Disconnected 1324780896, com.YourCompany.TemplateProject3, com.YourCompany.TemplateProject3
02-20 18:18:41.041  1754  7068 I VrRuntimeService: RuntimeIPC: IPC_SYSTEM_EVENT_CLIENT_DISCONNECTED_EXT: com.YourCompany.TemplateProject3
02-20 18:18:41.041  1754  7068 I ClientMgr: ClientMgr::DestroyClient: 6892:com.YourCompany.TemplateProject3
02-20 18:18:41.041  1754  7068 I ClientMgr: ClientMgr::DestroyClient: 6892:com.YourCompany.TemplateProject3 is enabled for rendering on destroy.
02-20 18:18:41.041  1754  7068 I ClientMgr: ClientMgr::EnableRendering 6892:com.YourCompany.TemplateProject3 : type 0 comp-id 24: disable
02-20 18:18:41.041  1754  7068 I VrRuntimeServer: DisableCompositorClient: 24
02-20 18:18:41.041  1754  7068 I CompositorClientMgr: Disable client 24
02-20 18:18:41.041  1754  7068 I CompositorClientMgr: DisableClient: frame flush required: 1
02-20 18:18:41.042  1754  2958 I ClientMgr: Non-overlay clients rendering status has changed: prev=91, curr=92, enabled=0
02-20 18:18:41.043  1057  1168 W InputDispatcher: channel '891568a com.YourCompany.TemplateProject3/com.epicgames.ue4.GameActivity (server)' ~ Consumer closed input channel or an error occurred.  events=0x9
02-20 18:18:41.043  1057  1168 E InputDispatcher: channel '891568a com.YourCompany.TemplateProject3/com.epicgames.ue4.GameActivity (server)' ~ Channel is unrecoverably broken and will be disposed!
02-20 18:18:41.043   864  3299 D IPCDataChannelAndroidBinder [RUNTIMEIPC]: RuntimeIPC: ConnectionDiedInfo: onBinderDied: 1, com.YourCompany.TemplateProject3:com.YourCompany.TemplateProject3:6892
02-20 18:18:41.043  2134  2163 I chatty  : uid=10020(com.oculus.vrshell) Binder:2134_1 expire 3 lines
02-20 18:18:41.043  1754  1778 D IPCDataChannelAndroidBinder [RUNTIMEIPC]: RuntimeIPC: ConnectionDiedInfo: onBinderDied: 1, com.YourCompany.TemplateProject3:com.YourCompany.TemplateProject3:6892
02-20 18:18:41.043  1754  1778 D IPCDataChannelServer [RUNTIMEIPC]: Disconnected: 1324780896, com.YourCompany.TemplateProject3:com.YourCompany.TemplateProject3:6892
02-20 18:18:41.043  1754  1778 E IPCThreadState: attemptIncStrongHandle(110): Not supported
02-20 18:18:41.044   864  3299 E /system/bin/runtimeipcbroker: unlinkToDeath: removed reference to death recipient but unlink failed.
02-20 18:18:20.214   748  2821 E SyncBossHAL: [error  ] syncboss_hal_jedi.c(88): Failed to send telemetry event for module jedi with error -22
02-20 18:18:41.044   870  1049 I TrackingService: Unregistering client 'com.YourCompany.TemplateProject3' by binder death
02-20 18:18:41.044  2980  3889 D IPCDataChannelAndroidBinder [RUNTIMEIPC]: RuntimeIPC: ConnectionDiedInfo: onBinderDied: 1, com.YourCompany.TemplateProject3:com.YourCompany.TemplateProject3:6892
02-20 18:18:41.044   870  1049 I TrackingService: Unregistering client 'com.YourCompany.TemplateProject3' by binder death
02-20 18:18:41.044   864 19250 W IPCDataChannelAndroidBinder [RUNTIMEIPC]: UnregisterLinkDeathHandle: AIBinder_unlinkToDeath FAILED
02-20 18:18:41.044  2980  3889 D IPCDataChannelServer [RUNTIMEIPC]: Disconnected: 1324780896, com.YourCompany.TemplateProject3:com.YourCompany.TemplateProject3:6892
02-20 18:18:41.044  2980  3889 E IPCThreadState: attemptIncStrongHandle(41): Not supported
02-20 18:18:41.044   864 19250 I RuntimeIPCService [RUNTIMEIPC]: DestroyBrokerConnection: com.YourCompany.TemplateProject3:com.YourCompany.TemplateProject3:6892
02-20 18:18:41.044   864 19250 E IPCThreadState: attemptIncStrongHandle(53): Not supported
02-20 18:18:41.044  1293  1293 V AvrcpMediaPlayerList: onPlaybackConfigChanged(): Configs list size=5
02-20 18:18:41.045  1057  1073 I WindowManager: WIN DEATH: Window{891568a u0 com.YourCompany.TemplateProject3/com.epicgames.ue4.GameActivity}
02-20 18:18:41.045  1057  1073 W InputDispatcher: Attempted to unregister already unregistered input channel '891568a com.YourCompany.TemplateProject3/com.epicgames.ue4.GameActivity (server)'
02-20 18:18:41.045  1057  1572 D ConnectivityService: ConnectivityService NetworkRequestInfo binderDied(NetworkRequest [ LISTEN id=52, [ Transports: CELLULAR|WIFI|BLUETOOTH|ETHERNET|VPN Capabilities: INTERNET&NOT_RESTRICTED&TRUSTED&NOT_VPN&VALIDATED&FOREGROUND Uid: 10176] ], android.os.BinderProxy@f6adc34)
02-20 18:18:41.045  2007  2007 I Zygote  : Process 6892 exited due to signal 11 (Segmentation fault)
02-20 18:18:41.046  1057  5547 I ActivityManager: Process com.YourCompany.TemplateProject3 (pid 6892) has died: fore TOP 
02-20 18:18:41.047  1057  1089 I libprocessgroup: Successfully killed process cgroup uid 10176 pid 6892 in 0ms
02-20 18:18:41.050  1754  7080 W CompositorClient: WarpToScreen: No completed frames to display for primary client 24. submittedFrameIndex = 5109
02-20 18:18:41.051  1754  7068 I ClientMgr: ClientMgr::DestroyClient: Remove 6892:com.YourCompany.TemplateProject3 as focused client.
02-20 18:18:41.051  1754  7068 I ClientMgr: FocusedClient changed.
02-20 18:18:41.051  1754  7068 W ClientMgr: ClientMgr::SetFocusedClient: No focused client
02-20 18:18:41.051  1754  7068 I ClientMgr: Releasing clocks.
02-20 18:18:41.051  1754  7068 I ClientMgr: SetFocusedPackageName - packageName  processName  clientId 0 clientPid 0
02-20 18:18:41.051  1754  7068 I ClientMgr: ClientMgr::DestroyClient: non-deferred ShutdownResources: 5225 == 5225 
02-20 18:18:41.051  1754  7068 I VrRuntimeServer: UnRegisterCompositorClient client(24)
02-20 18:18:41.051  1754  7068 I ClientMgr: RemoveClient: com.YourCompany.TemplateProject3:com.YourCompany.TemplateProject3:6892
02-20 18:18:41.051  1754  2958 I CompositorClientMgr: Enable client 0
02-20 18:18:41.051  1754  2958 I VrRuntimeServer: EnableCompositorClient client(0): layer placement(2147483643) flags(8) sm(0x7e9fc11160)
02-20 18:18:41.052  1754  7068 I UnifiedTelemetryWrapper: Stopped UT session render:com.YourCompany.TemplateProject3
02-20 18:18:41.052  1754  7068 I UnifiedTelemetryWrapper: Stopped UT session lifetime:com.YourCompany.TemplateProject3
02-20 18:18:41.056  1057  5547 W InputReader: Device has associated, but no associated display id.
02-20 18:18:41.060   756  5177 D AF::TrackHandle: OpPlayAudio: track:59 uid:10014 pkg:com.oculus.shellenv usage:1 not muted
02-20 18:18:41.060   756   987 D AF::RecordHandle: OpRecordAudio: track:143 uid:10032 pkg:com.oculus.horizon usage:0 not muted
02-20 18:18:41.061   756  1723 D AF::RecordHandle: OpRecordAudio: track:58 uid:10014 pkg:com.oculus.shellenv usage:0 not muted
02-20 18:18:41.062   756  1214 D AF::TrackHandle: OpPlayAudio: track:63 uid:1000 pkg:com.android.networkstack.inprocess usage:13 not muted
02-20 18:18:41.062  2980  3046 I GuardianSystem: [GuardianSystem::InitializeRuntimeEventHandlers] runtimeServiceSDKClient_.ActiveClientDestroyedEventData: package=[com.YourCompany.TemplateProject3], process=[com.YourCompany.TemplateProject3]
02-20 18:18:41.062  2980  3046 I GuardianSystem: [GuardianSystem::OnDestroyActiveClient] com.YourCompany.TemplateProject3
02-20 18:18:41.062  2980  3046 I GuardianSystem: [GuardianSystem::OnDestroyActiveClient] Clearing return package because owning client was destroyed: com.YourCompany.TemplateProject3
02-20 18:18:41.064  1057  1081 W ActivityManager: setHasOverlayUi called on unknown pid: 6892
02-20 18:18:41.065  1754  1754 D VrRuntimeService: onForegroundActivitiesChanged: pid=3456, uid=10014, hasForegroundActivities=true
02-20 18:18:41.066  1754  1780 I FocusedClientsListener: focus: onVrFocusChanged(focusType=2): 0
02-20 18:18:41.066 26436 26436 I chatty  : uid=10026 com.oculus.systemux:SystemUX expire 119 lines
02-20 18:18:41.066  1754 26573 I FocusedClientsListener: focus: onVrFocusChanged(focusType=1): 5
02-20 18:18:41.066  1754 26573 I FocusedClientsListener: focus: pid=3456
02-20 18:18:41.066  1754 26573 I FocusedClientsListener: focus: pid=2134
02-20 18:18:41.066  1754 26573 I FocusedClientsListener: focus: pid=3514
02-20 18:18:41.066  1754 26573 I FocusedClientsListener: focus: pid=3089
02-20 18:18:41.066  1754 26573 I FocusedClientsListener: focus: pid=2980
02-20 18:18:41.067  1754  1778 I FocusedClientsListener: focus: onVrFocusChanged(focusType=0): 5
02-20 18:18:41.067  1754  1778 I FocusedClientsListener: focus: pid=3456
02-20 18:18:41.067  1754  1778 I FocusedClientsListener: focus: pid=2134
02-20 18:18:41.067  1754  1778 I FocusedClientsListener: focus: pid=3514
02-20 18:18:41.067  1754  1778 I FocusedClientsListener: focus: pid=3089
02-20 18:18:41.067  1754  1778 I FocusedClientsListener: focus: pid=2980
02-20 18:18:41.103  3514  3514 I chatty  : uid=10020(com.oculus.vrshell) ShellMain expire 6 lines
02-20 18:18:41.105   756  1723 D AF::RecordHandle: OpRecordAudio: track:58 uid:10014 pkg:com.oculus.shellenv usage:0 not muted
02-20 18:18:41.105   756   987 D AF::RecordHandle: OpRecordAudio: track:143 uid:10032 pkg:com.oculus.horizon usage:0 not muted
02-20 18:18:41.106  3456  3456 D ActivityLifecycleListener: onActivityResumed
02-20 18:18:41.106  3456  3599 D ActivityLifecycleListener: activity=com.oculus.shellenv.ShellEnvActivity@aa8c8eb, resumed=true
02-20 18:18:41.106  3456  3599 D ActivityLifecycleListener: Activity ready after 0ms
02-20 18:18:41.106  3456  3599 I OpenXR  : nativeOnActivityReady
02-20 18:18:41.133  3456  3505 I Clay    : BaseApp: Hibernate transition Unhibernate
02-20 18:18:41.133  3456  3505 I Clay    : SoundSystem: setPaused(false), m_paused=true
02-20 18:18:41.134  1293  1293 V AvrcpMediaPlayerList: onPlaybackConfigChanged(): Configs list size=5
02-20 18:18:41.139  3456  3505 I Clay    : EnvironmentSystem: computed visibility changed from Unload to Hidden (reason: LayerRendering)
02-20 18:18:41.140   736   830 E volume_listener: check_and_set_gain_dep_cal: Failed to set gain dep cal level
02-20 18:18:41.140   736   830 E volume_listener: check_and_set_gain_dep_cal: Failed to set gain dep cal level
02-20 18:18:41.140   736  1152 D audio_hw_primary: start_output_stream: enter: stream(0xf2d68000)usecase(1: low-latency-playback) devices(0x2) is_haptic_usecase(0)
02-20 18:18:41.140   736  1152 I audio_hw_primary: select_devices for use case (low-latency-playback)
02-20 18:18:41.140   736  1152 I msm8974_platform: platform_check_and_set_codec_backend_cfg:becf: afe: bitwidth 16, samplerate 48000 channels 2, backend_idx 0 usecase = 1 device (speaker)
02-20 18:18:41.140   736  1152 D msm8974_platform: platform_split_snd_device: snd_device(2) num devices(1) new_snd_devices(0)
02-20 18:18:41.140   736  1152 I msm8974_platform: platform_check_and_set_codec_backend_cfg: new_snd_devices[0] is 2
02-20 18:18:41.140   736  1152 I msm8974_platform: platform_check_codec_backend_cfg:becf: afe: bitwidth 16, samplerate 48000 channels 2, backend_idx 0 usecase = 1 device (speaker)
02-20 18:18:41.141  3456  3505 I OpenXR  : PostSessionStateChange: XR_SESSION_STATE_IDLE -> XR_SESSION_STATE_READY
02-20 18:18:41.141   736  1152 D audio_hw_extn: audio_extn_enable_hifi_filter: mixer_value set 0
02-20 18:18:41.141   736  1152 D msm8974_platform: platform_check_codec_backend_cfg:becf: updated afe: bitwidth 16, samplerate 48000 channels 2,backend_idx 0 usecase = 1 device (speaker)
02-20 18:18:41.141   736  1152 D msm8974_platform: platform_check_codec_backend_cfg:becf: afe: playback on codec device not supporting native playback set default Sample Rate(48k)
02-20 18:18:41.141   736  1152 I msm8974_platform: platform_check_codec_backend_cfg:becf: afe: Codec selected backend: 0 updated bit width: 16 and sample rate: 48000
02-20 18:18:41.141   736  1152 D audio_hw_primary: check_usecases_codec_backend:becf: force routing 0
02-20 18:18:41.141   736  1152 E msm8974_platform: platform_check_backends_match: Invalid snd_device = 
02-20 18:18:41.141   736  1152 D audio_hw_primary: check_usecases_codec_backend:becf: (75) check_usecases curr device: speaker, usecase device: backends match 0
02-20 18:18:41.141   736  1152 D audio_hw_primary: check_usecases_codec_backend:becf: check_usecases num.of Usecases to switch 0
02-20 18:18:41.141   736  1152 D hardware_info: hw_info_append_hw_type : device_name = speaker
02-20 18:18:41.141   736  1152 D msm8974_platform: platform_split_snd_device: snd_device(2) num devices(0) new_snd_devices(0)
02-20 18:18:41.141   736  1152 D audio_hw_primary: enable_snd_device: snd_device(2: speaker)
02-20 18:18:41.141   736  1152 D audio_route: Apply path: speaker
02-20 18:18:41.142  3456  3505 I Clay    : xrPollEvent: REFERENCE_SPACE_CHANGE_PENDING
02-20 18:18:41.142  1754  1778 I FocusedClientsListener: focus: onTopActivityChanged: com.YourCompany.TemplateProject3
02-20 18:18:41.142  3456  3505 I Clay    : xrPollEvent: DISPLAY_REFRESH_RATE_CHANGED_FB: 90.000000 -> 72.000000
02-20 18:18:41.142  2134  2134 I chatty  : uid=10020(com.oculus.vrshell) ShellOverlayMai expire 25 lines
02-20 18:18:41.142  3456  3505 I Clay    : xrPollEvent: SESSION_STATE_CHANGED: READY
02-20 18:18:41.142  3456  3505 I Clay    : Entering VR mode: cpu=-1, gpu=-1, perf threads: main=3505, gpu=unset
02-20 18:18:41.142  3089  3336 I [CT]    : MIXEDREALITY: MrServiceController: VrFocusManager::Top Activity Changed, topActivity now is: 'com.YourCompany.TemplateProject3', immersiveApp now is: 'com.YourCompany.TemplateProject3'.
02-20 18:18:41.142  3456  3505 I OpenXR  : ------------ xrBeginSession [start] -----------
02-20 18:18:41.142  3456  3505 I VrRuntimeClient: Tracing is disabled
02-20 18:18:41.142  3456  3505 I VrRuntimeClient: SysProp debug mode is disabled on Client side
02-20 18:18:41.143  3089  3199 I [CT]    : MIXEDREALITY: MrServiceView: renderIteration: (every 10 seconds), screen is: ON, PT is: OFF, ID is: OFF
02-20 18:18:41.143  3089  3199 I [CT]    : MIXEDREALITY: MrServiceModel: commitLayerState: PassthroughMode: kNone.
02-20 18:18:41.144  3456  3505 D VrApi   : targetSDKVersion 29
02-20 18:18:41.145  3456  3505 I VrRuntimeClient: DEVICE MODEL NUMBER = Quest 2
02-20 18:18:41.145  3456  3505 I VrRuntimeClient: DEVICE BUILD NAME = user-49882890235800150
02-20 18:18:41.145  3456  3505 I VrRuntimeClient: DEVICE BUILD TYPE = user
02-20 18:18:41.145  3456  3505 I VrRuntimeClient: DEVICE OS VERSION = 10
02-20 18:18:41.145  3456  3505 I VrRuntimeClient: API LOADER VERSION = 1.0.25
02-20 18:18:41.145  3456  3505 I VrRuntimeClient: RUNTIME API VERSION = 1.0.25
02-20 18:18:41.145  3456  3505 I VrRuntimeClient: RUNTIME VERSION = 49.0.0.207.357 Feb  8 2023 14:43:26 RELEASE
02-20 18:18:41.145  3456  3505 I VrRuntimeClient: APP NAME = ShellEnv
02-20 18:18:41.145  3456  3505 I VrRuntimeClient: APP VERSION = 49.0.0.207.357 versionCode 445159140 internalVersionName 49.0.0.207.357.60c601c6ae0d 2023_02_08_16_27
02-20 18:18:41.145  3456  3505 I VrRuntimeClient: APP VR TYPE = vr_only
02-20 18:18:41.145  3456  3505 I VrRuntimeClient: APP MODE TYPE = VR
02-20 18:18:41.145  3456  3505 I VrRuntimeClient: APP PACKAGE NAME = com.oculus.shellenv
02-20 18:18:41.145  3456  3505 I VrRuntimeClient: APP ACTIVITY CLASS = com.oculus.shellenv.ShellEnvActivity
02-20 18:18:41.145  3456  3505 I Sensor  : OSSDKTRACKING Initializing head tracking
02-20 18:18:41.145  3456  3505 I Sensor  : OSSDKTRACKING Head tracker != nullpointer 0x7e969b7538, 1
02-20 18:18:41.145  3456  3505 I Sensor  : OSSDKTRACKING Initializing controller tracking
02-20 18:18:41.145  3456  3505 I Sensor  : OSSDKTRACKING Controller tracker != nullpointer 0x7e597bdf20, 1
02-20 18:18:41.145  3456  3505 D BatteryReceiver: Registering battery receiver
02-20 18:18:41.146  1754  1754 W ClientMgr: ClientMgr::SetFocusedClient: No focused client
02-20 18:18:41.146  1754  1754 I ClientMgr: Releasing clocks.
02-20 18:18:41.146  1754  1754 I ClientMgr: SetFocusedPackageName - packageName  processName  clientId 0 clientPid 0
02-20 18:18:41.147   736  1152 I audio_hw_utils: audio_extn_utils_update_stream_output_app_type_cfg Allowing 24 and above bits playback on speaker ONLY at default sampling rate
02-20 18:18:41.147   736  1152 D audio_hw_utils: audio_extn_utils_send_app_type_cfg: usecase->out_snd_device speaker
02-20 18:18:41.147   736  1152 D msm8974_platform: platform_split_snd_device: snd_device(2) num devices(0) new_snd_devices(0)
02-20 18:18:41.147  1754  1780 I FocusedClientsListener: focus: onVrFocusChanged(focusType=2): 0
02-20 18:18:41.147  1754  1778 I FocusedClientsListener: focus: onVrFocusChanged(focusType=0): 5
02-20 18:18:41.147  1754  1778 I FocusedClientsListener: focus: pid=3456
02-20 18:18:41.147  1754  1778 I FocusedClientsListener: focus: pid=2134
02-20 18:18:41.147  1754  1778 I FocusedClientsListener: focus: pid=3514
02-20 18:18:41.147  1754  1778 I FocusedClientsListener: focus: pid=3089
02-20 18:18:41.147  1754  1778 I FocusedClientsListener: focus: pid=2980
02-20 18:18:41.147   736  1152 D audio_hw_utils: audio_extn_btsco_get_sample_rate:Not a BT SCO device, need not update sampling rate
02-20 18:18:41.147   736  1152 I audio_hw_utils: send_app_type_cfg_for_device PLAYBACK app_type 69943, acdb_dev_id 15, sample_rate 48000, snd_device_be_idx 43
02-20 18:18:41.147  3089  3199 I [CT]    : MIXEDREALITY: MrServiceModel: Hibernating caller (most likely rendering thread) due to commandQueue being empty.
02-20 18:18:41.147  1754  7080 I CompositorVR: SetSchedFifo( tid=3199, pol=5, pri=1 ) succeeded
02-20 18:18:41.147  1754 26573 I FocusedClientsListener: focus: onVrFocusChanged(focusType=1): 5
02-20 18:18:41.147  1754 26573 I FocusedClientsListener: focus: pid=3456
02-20 18:18:41.147  1754 26573 I FocusedClientsListener: focus: pid=2134
02-20 18:18:41.147  1754 26573 I FocusedClientsListener: focus: pid=3514
02-20 18:18:41.147  1754 26573 I FocusedClientsListener: focus: pid=3089
02-20 18:18:41.147  1754 26573 I FocusedClientsListener: focus: pid=2980
02-20 18:18:41.147   736  1152 D msm8974_platform: platform_split_snd_device: snd_device(2) num devices(1) new_snd_devices(0)
02-20 18:18:41.147   736  1152 D audio_hw_utils: audio_extn_btsco_get_sample_rate:Not a BT SCO device, need not update sampling rate
02-20 18:18:41.147   736  1152 D ACDB-LOADER: ACDB -> send_audio_cal, acdb_id = 15, path = 0, app id = 0x11137, sample rate = 48000, afe_sample_rate = 48000
02-20 18:18:41.147   736  1152 D ACDB-LOADER: ACDB -> send_asm_topology
02-20 18:18:41.147   736  1152 D ACDB-LOADER: ACDB -> ACDB_CMD_GET_AUDPROC_STREAM_TOPOLOGY_ID
02-20 18:18:41.147   736  1152 D ACDB-LOADER: ACDB -> send_adm_topology
02-20 18:18:41.147   736  1152 D ACDB-LOADER: ACDB -> ACDB_CMD_GET_AUDPROC_COMMON_TOPOLOGY_ID
02-20 18:18:41.147   736  1152 D ACDB-LOADER: ACDB -> send_audtable
02-20 18:18:41.147   736  1152 D ACDB-LOADER: ACDB -> ACDB_CMD_GET_AUDPROC_INSTANCE_COMMON_TABLE_SIZE
02-20 18:18:41.148   736  1152 D ACDB-LOADER: ACDB -> ACDB_CMD_GET_AUDPROC_INSTANCE_COMMON_TABLE
02-20 18:18:41.148   736  1152 D ACDB-LOADER: ACDB -> AUDIO_SET_AUDPROC_CAL cal_type[11] acdb_id[15] app_type[69943]
02-20 18:18:41.148   736  1152 D ACDB-LOADER: ACDB -> send_audvoltable
02-20 18:18:41.148   736  1152 D ACDB-LOADER: ACDB -> ACDB_CMD_GET_AUDPROC_INSTANCE_GAIN_DEP_STEP_TABLE_SIZE
02-20 18:18:41.148   736  1152 D         : Failed to fetch the lookup information of the device 0000000F 
02-20 18:18:41.148   736  1152 D ACDB-LOADER: Error: ACDB_CMD_GET_AUDPROC_INSTANCE_GAIN_DEP_STEP_TABLE_SIZE Returned = -19
02-20 18:18:41.148   736  1152 D ACDB-LOADER: ACDB -> ACDB_CMD_GET_AUDPROC_INSTANCE_GAIN_DEP_STEP_TABLE, vol index 0
02-20 18:18:41.148   736  1152 D         : Failed to fetch the lookup information of the device 0000000F 
02-20 18:18:41.148   736  1152 D ACDB-LOADER: Error: ACDB AudProc vol returned = -19
02-20 18:18:41.148   736  1152 D ACDB-LOADER: ACDB -> AUDIO_SET_VOL_CAL cal type = 12
02-20 18:18:41.148   736  1152 D ACDB-LOADER: ACDB -> ACDB_CMD_GET_AUDPROC_INSTANCE_STREAM_TABLE_SIZE
02-20 18:18:41.148   736  1152 D ACDB-LOADER: ACDB -> send_audstrmtable
02-20 18:18:41.148   736  1152 D ACDB-LOADER: ACDB -> ACDB_CMD_GET_AUDPROC_INSTANCE_STREAM_TABLE
02-20 18:18:41.148   736  1152 D ACDB-LOADER: ACDB -> audstrm_cal->cal_type.cal_data.cal_size = 20
02-20 18:18:41.148   736  1152 D ACDB-LOADER: ACDB -> send_afe_topology
02-20 18:18:41.148   736  1152 D ACDB-LOADER: ACDB -> ACDB_CMD_GET_AFE_TOPOLOGY_ID
02-20 18:18:41.148   736  1152 D ACDB-LOADER: ACDB -> GET_AFE_TOPOLOGY_ID for adcd_id 15, Topology Id 112fc
02-20 18:18:41.148   736  1152 D ACDB-LOADER: ACDB -> send_afe_cal
02-20 18:18:41.148   736  1152 D ACDB-LOADER: ACDB -> ACDB_CMD_GET_AFE_INSTANCE_COMMON_TABLE_SIZE
02-20 18:18:41.148   736  1152 D         : Failed to fetch the lookup information of the device 0000000F 
02-20 18:18:41.148   736  1152 D ACDB-LOADER: Error: ACDB_CMD_GET_AFE_INSTANCE_COMMON_TABLE_SIZE Returned = -19
02-20 18:18:41.148   736  1152 D ACDB-LOADER: ACDB -> ACDB_CMD_GET_AFE_INSTANCE_COMMON_TABLE
02-20 18:18:41.148   736  1152 D         : Failed to fetch the lookup information of the device 0000000F 
02-20 18:18:41.148   736  1152 D ACDB-LOADER: Error: ACDB AFE returned = -19
02-20 18:18:41.148   736  1152 D ACDB-LOADER: ACDB -> AUDIO_SET_AFE_CAL cal_type[16] acdb_id[15]
02-20 18:18:41.148   736  1152 D ACDB-LOADER: ACDB -> send_hw_delay : acdb_id = 15 path = 0
02-20 18:18:41.148   736  1152 D ACDB-LOADER: ACDB -> ACDB_AVSYNC_INFO: ACDB_CMD_GET_DEVICE_PROPERTY
02-20 18:18:41.148   736  1152 D msm8974_platform: platform_split_snd_device: snd_device(2) num devices(0) new_snd_devices(0)
02-20 18:18:41.148   736  1152 I msm8974_platform: platform_get_custom_mtmx_params: no matching param with id 0 ip_ch 2 op_ch 2 uc_id 1 snd_dev 2
02-20 18:18:41.148   736  1152 I audio_hw_primary: enable_audio_route: apply mixer and update path: low-latency-playback
02-20 18:18:41.148   736  1152 D audio_route: Apply path: low-latency-playback
02-20 18:18:41.148   736  1152 D audio_hw_primary: select_devices: done
02-20 18:18:41.151  3010  3010 D MetaCam (MediaCapabilityChecker): checkMediaHasRecordingCapabilities packageName: com.oculus.shellenv
02-20 18:18:41.151  3010  3010 D MetaCam (MediaCapabilityChecker): checkMediaHasRecordingCapabilities packageName: com.oculus.shellenv
02-20 18:18:41.152  1909  2079 I VRLifecycleSessionManager: Stored session info.
02-20 18:18:41.152  3456  3505 D HeadsetReceiver: getCurrentHeadsetState: false
02-20 18:18:41.152  3456  3505 I DeviceStatus: nativeHeadsetEvent(0)
02-20 18:18:41.153  3456  3505 I VrRuntimeClient: SetCompositorClientFeatureFlag ClientFeatureFlag 0 
02-20 18:18:41.153  3456  3505 I LogTimer: CPUTIME: VrRuntimeClient_BeginSession took 10.9915 ms
02-20 18:18:41.154  3456  3505 I ClientInputInterface: DEADRECKONING SetControllerTrackingExtendedDeadreckoning 0
02-20 18:18:41.154  3456  3505 I ClientInputSettings: HANDTRACKING package name is com.oculus.shellenv
02-20 18:18:41.155  3456  3505 I ClientInputSettings: HANDTRACKING: Manifest Permission request for com.oculus.shellenv
02-20 18:18:41.155  3456  3505 I ClientInputSettings: HANDTRACKING:  'com.oculus.shellenv' Is hands or controller.
02-20 18:18:41.156  3456  3505 I ClientInputSettings: HANDTRACKING: feature flag set to 2
02-20 18:18:41.156  3456  3505 I ClientInputInterface: HANDTRACKING sethandmanifest 2
02-20 18:18:41.156  3456  3505 I InputHooks_Internal: Enabling Native Input Hooks
02-20 18:18:41.156  3456  3505 I InputDeviceManager: ovrInputDeviceManager::Initialize
02-20 18:18:41.156  3456  3505 I Distortion: Initializing Mesh Decenter Correction
02-20 18:18:41.157   855  1052 E CalibrationProvider: loadCalibration(LDISP_SN) failed: Calibration store didn't load any info
02-20 18:18:41.157   855  1052 E CalibrationProvider: loadCalibration(RDISP_SN) failed: Calibration store didn't load any info
02-20 18:18:41.158  3456  3505 I Distortion: SetLensPositions - iad=0.063054, left offset=-0.000233818,-0.00102733, right offset=0.000112984,-0.00104481
02-20 18:18:41.158  3456  3505 I Distortion: Initializing Mesh Decenter Correction
02-20 18:18:41.158   855  1052 E CalibrationProvider: loadCalibration(LDISP_SN) failed: Calibration store didn't load any info
02-20 18:18:41.158   855  1052 E CalibrationProvider: loadCalibration(RDISP_SN) failed: Calibration store didn't load any info
02-20 18:18:41.159  3456  3505 I Distortion: SetLensPositions - iad=0.063054, left offset=-0.000233818,-0.00102733, right offset=0.000112984,-0.00104481
02-20 18:18:41.159  3456  3505 I Distortion: Created custom distortion mesh.
02-20 18:18:41.159  1909  2567 W OVRLibrary: null cursor received for query content://com.oculus.ocms.library/apps/com.YourCompany.TemplateProject3
02-20 18:18:41.159   870   870 W TrackingService: attachClient: found client in attached list
02-20 18:18:41.159  1909  2567 I OVRMediaServiceManager: Sending onAppStart (com.YourCompany.TemplateProject3) to SocialPlatform (com.oculus.socialplatform)
02-20 18:18:41.162   870   870 D TrackingService: getSharedMemory: com.oculus.shellenv#3456, Controller
02-20 18:18:41.162  3456  3505 I InputDevice_TrackedRemote: REMOTE: Hand=2 IndexAnalog=0.00 GripAnalog=0.00 Buttons=0x00000000
02-20 18:18:41.162  3456  3505 I InputDevice_TrackedRemote: REMOTE: Hand=1 IndexAnalog=0.00 GripAnalog=0.00 Buttons=0x00000000
02-20 18:18:41.162  3456  3505 I InputDeviceManager: HANDTRACKING Pointer filter profile changed to: 0
02-20 18:18:41.162  3456  3505 I InputDeviceManager: HANDTRACKING Pointer filter profile changed to: 0
02-20 18:18:41.162  3456  3505 I InputDeviceManager: HANDTRACKING Root pose filter profile changed for (version, freq) to (2, 1) from (1,2)
02-20 18:18:41.162  3456  3505 I PhaseSync: PhaseSync::PhaseSync PaddingLowerLimit 0.350000 StandardDeviations 2.000000 PaddingUpperLimit 0.750000 on instance 16
02-20 18:18:41.162  3456  3505 I VrRuntimeClient: PhaseSync Instance created
02-20 18:18:41.162  3456  3505 D VrRuntimeClient: pokeGuardianUserServiceForThisClient: com.oculus.shellenv:10014
02-20 18:18:41.170   736  1152 D msm8974_platform: platform_set_channel_map mixer_ctl_name:Playback Channel Map9
02-20 18:18:41.170   736  1152 D msm8974_platform: platform_set_channel_map: set mapping(1 2 0 0 0 0 0 0) for channel:2
02-20 18:18:41.171   736  1152 D audio_hw_primary: start_output_stream: exit
02-20 18:18:41.171   736  1152 D audio_hw_primary: out_write: retry previous failed cal level set
02-20 18:18:41.171   736  1152 D msm8974_platform: platform_split_snd_device: snd_device(2) num devices(1) new_snd_devices(0)
02-20 18:18:41.171   736  1152 D ACDB-LOADER: ACDB -> send_audvoltable
02-20 18:18:41.171   736  1152 D ACDB-LOADER: ACDB -> ACDB_CMD_GET_AUDPROC_INSTANCE_GAIN_DEP_STEP_TABLE_SIZE
02-20 18:18:41.171   736  1152 D         : Failed to fetch the lookup information of the device 0000000F 
02-20 18:18:41.171   736  1152 D ACDB-LOADER: Error: ACDB_CMD_GET_AUDPROC_INSTANCE_GAIN_DEP_STEP_TABLE_SIZE Returned = -19
02-20 18:18:41.171   736  1152 D ACDB-LOADER: ACDB -> ACDB_CMD_GET_AUDPROC_INSTANCE_GAIN_DEP_STEP_TABLE, vol index 9
02-20 18:18:41.171   736  1152 D         : Failed to fetch the lookup information of the device 0000000F 
02-20 18:18:41.171   736  1152 D ACDB-LOADER: Error: ACDB AudProc vol returned = -19
02-20 18:18:41.171   736  1152 D ACDB-LOADER: ACDB -> AUDIO_SET_VOL_CAL cal type = 40
02-20 18:18:41.173  3456  3505 D VrRuntimeClient: VrRuntimeClient: getClientWindow: activity client
02-20 18:18:41.174  1754  3577 I VrRuntimeService: RuntimeServiceSDKServer::EnableRendering: 0x7e8d279280, 2, com.oculus.shellenv
02-20 18:18:41.174  1754  3577 I ClientMgr: EnableRendering2: Calling SetFocusedClient: 3875877241
02-20 18:18:41.174  1754  3577 I ClientMgr: FocusedClient changed.
02-20 18:18:41.174  1754  3577 I ClientMgr: ClientMgr::SetFocusedClient: 3456:com.oculus.shellenv type 0
02-20 18:18:41.175  1754  3577 I ClientMgr: SetFocusedPackageName - packageName com.oculus.shellenv processName com.oculus.shellenv clientId 3875877241 clientPid 3456
02-20 18:18:41.175  1754  3577 I VrRuntimeService: RuntimeIPC: SendFocusChangeEventToAllClients: PostClientEvent SUCCESS: com.oculus.vrshell:com.oculus.vrshell:3514, com.oculus.shellenv, com.oculus.shellenv
02-20 18:18:41.175  1754  3577 W REFLECT [RUNTIMEIPC]: ipc_PostClientEvent FAILED: FocusChangeEvent
02-20 18:18:41.175  1754  3577 W VrRuntimeService: RuntimeIPC: SendFocusChangeEventToAllClients: PostClientEvent FAILED: com.oculus.shellenv:com.oculus.shellenv:3456, com.oculus.shellenv, com.oculus.shellenv
02-20 18:18:41.175  1754  3577 W REFLECT [RUNTIMEIPC]: ipc_PostClientEvent FAILED: FocusChangeEvent
02-20 18:18:41.175  1754  3577 W VrRuntimeService: RuntimeIPC: SendFocusChangeEventToAllClients: PostClientEvent FAILED: com.oculus.mrservice:com.oculus.mrservice:3089, com.oculus.shellenv, com.oculus.shellenv
02-20 18:18:41.175  1754  3577 I VrRuntimeService: RuntimeIPC: SendFocusChangeEventToAllClients: PostClientEvent SUCCESS: com.oculus.guardian:com.oculus.vrguardianservice:2980, com.oculus.shellenv, com.oculus.shellenv
02-20 18:18:41.175  1754  3577 I VrRuntimeService: RuntimeIPC: SendFocusChangeEventToAllClients: PostClientEvent SUCCESS: com.oculus.vrshell:com.oculus.vrshell:Overlay:2134, com.oculus.shellenv, com.oculus.shellenv
02-20 18:18:41.175  1754  3577 I ClientMgr: ClientMgr::EnableRendering 3456:com.oculus.shellenv : type 0 comp-id 6: enable
02-20 18:18:41.175  1754  3577 I CompositorVR: CheckDebuggerConnected: debugger 0
02-20 18:18:41.175  1754  3577 I VrRuntimeServer: SysProp debug mode is disabled on Server side
02-20 18:18:41.175  2980  2980 D VrGuardianUserService: onStartCommandIntent { act=FOREGROUND_CLIENT cmp=com.oculus.guardian/com.oculus.vrguardianservice.VrGuardianUserService (has extras) }
02-20 18:18:41.175  2980  2980 D VrGuardianUserService: maybeSubscribeDeviceConfig
02-20 18:18:41.175  1754  3577 I UnifiedTelemetryWrapper: Started UT session render:com.oculus.shellenv
02-20 18:18:41.175  2980  2980 D VrGuardianUserService: onStartCommand FOREGROUND_CLIENT user = 0
02-20 18:18:41.176  2980  2980 D VrGuardianService: setCurrentUser() called with: userId = [0]
02-20 18:18:41.176  2980  2980 I VrGuardianService: nativeSetCurrentUser userid = 0
02-20 18:18:41.176  2980  2980 I GuardianSystem: [GuardianSystem::SetCurrentUser] User ID 0 
02-20 18:18:41.176  3456  3505 I ScreenCaptureHelper: Advertising com.oculus.shellenv as streamable
02-20 18:18:41.176  3456  3505 I VrApi   : OVR::Stats thread started
02-20 18:18:41.176  3456  3505 I XrRuntimeUtils: XrRuntimeUtils::BeginSession
02-20 18:18:41.176  3456  3505 I XrRuntimeSystem_Client: BeginSession
02-20 18:18:41.176  3456  3505 I OpenXR  : ------------ xrBeginSession [end] -----------
02-20 18:18:41.176  3456  3505 I Clay    : Setting CPU/GPU levels= 25/75
02-20 18:18:41.176  3456  3505 I VrRuntimeClient: UpdateEvents: HMT was mounted
02-20 18:18:41.176  3456  3505 I Clay    : xrPollEvent: MOUNT_STATE_CHANGED_FB: isMounted 1
02-20 18:18:41.177  3456  9370 D VrApi   : targetSDKVersion 29
02-20 18:18:41.177  1909  2578 I OVRMediaService: onStartCommand Received message type: set_package_name, caller package: no_app_identity, app identify: null
02-20 18:18:41.177  1909  2578 I OVRMediaService: Got package name intent (com.oculus.shellenv)
02-20 18:18:41.179  3456  9370 I JniUtils: ovr_GetCurrentPackageSignature 
02-20 18:18:41.179  1909  2578 I OVRMediaServiceManager: Sending onAppStart (com.oculus.shellenv) to SocialPlatform (com.oculus.socialplatform)
02-20 18:18:41.182  1754  2958 I ClientMgr: Non-overlay clients rendering status has changed: prev=92, curr=93, enabled=1
02-20 18:18:41.182  1754  2958 I ClientMgr: Primary Client is not valid.
02-20 18:18:41.182  1754  2958 I ClientMgr: Primary client determined to be the current enabled client -419090055
02-20 18:18:41.182  1754  2958 I ClientMgr: ClientMgr::SetPrimaryCompositorClient: 3456:com.oculus.shellenv
02-20 18:18:41.182  1754  2958 W ClientMgr: ClientMgr::GetClientPermissionFlagsById: Client missing proper permissions: com.oculus.shellenv, 2
02-20 18:18:41.182  1754  2958 I CompositorClientMgr: Enable client 6
02-20 18:18:41.182  1754  2958 I VrRuntimeServer: EnableCompositorClient client(6): layer placement(0) flags(1) sm(0x7eeedbe010)
02-20 18:18:41.182  1754  2958 I ClientMgr: SetPrimaryPackageName - packageName com.oculus.shellenv processName com.oculus.shellenv clientId 3875877241 clientPid 3456
02-20 18:18:41.182  1754  2958 I ServiceInputManager: ServiceInputManager::SetPrimaryPackageName 'com.oculus.shellenv' 'com.oculus.shellenv'  updated AnytimeUI processname 0
02-20 18:18:41.182  1754  2958 I VrRuntimeService: RuntimeIPC: SendPrimaryPackageChangeEvent: PostClientEvent SUCCESS: com.oculus.vrshell:com.oculus.vrshell:3514, com.oculus.shellenv, com.oculus.shellenv
02-20 18:18:41.182  1754  2958 W REFLECT [RUNTIMEIPC]: ipc_PostClientEvent FAILED: PackageChangeEvent
02-20 18:18:41.182  1754  2958 W VrRuntimeService: RuntimeIPC: SendPrimaryPackageChangeEvent: PostClientEvent FAILED: com.oculus.shellenv:com.oculus.shellenv:3456, com.oculus.shellenv, com.oculus.shellenv
02-20 18:18:41.182  1754  2958 W REFLECT [RUNTIMEIPC]: ipc_PostClientEvent FAILED: PackageChangeEvent
02-20 18:18:41.182  1754  2958 W VrRuntimeService: RuntimeIPC: SendPrimaryPackageChangeEvent: PostClientEvent FAILED: com.oculus.mrservice:com.oculus.mrservice:3089, com.oculus.shellenv, com.oculus.shellenv
02-20 18:18:41.182  1754  2958 I VrRuntimeService: RuntimeIPC: SendPrimaryPackageChangeEvent: PostClientEvent SUCCESS: com.oculus.guardian:com.oculus.vrguardianservice:2980, com.oculus.shellenv, com.oculus.shellenv
02-20 18:18:41.182  1754  2958 I VrRuntimeService: RuntimeIPC: SendPrimaryPackageChangeEvent: PostClientEvent SUCCESS: com.oculus.vrshell:com.oculus.vrshell:Overlay:2134, com.oculus.shellenv, com.oculus.shellenv
02-20 18:18:41.182  1754  2958 D VrRuntimeService: sendPrimaryPackageChangeBroadcast
02-20 18:18:41.184  3456  9370 I Metrics : device name = Oculus Quest 2
02-20 18:18:41.185  3456  9372 I FenceChecker: FenceChecker::MainLoop - started
02-20 18:18:41.185  1754  2958 I UnifiedTelemetryWrapper: Setting destination as com.oculus.shellenv
02-20 18:18:41.185  1754  2958 I AADT    : SetAADTLutDataX: 0
02-20 18:18:41.185  1754  2958 I AADT    : SetAADTLutDataY: 0
02-20 18:18:41.185  1754  2958 I ServiceInputManager: InhibitHandleHomeKey has changed on the service. New value: 1
02-20 18:18:41.185  1754  2958 I ServiceInputManager: DEADRECKONING deadReckoning mode on ClientMgr from server is 0
02-20 18:18:41.185  1754  2958 I PerformanceManager_V0: SetClockLevels: Force releasing clocks
02-20 18:18:41.185  1754  2958 I PerformanceManager_V0: SetClockLevels: Apply pending clock request change: 2,4 -> -1,-1
02-20 18:18:41.185  1754  2954 I Clocks  : ReleaseClocks - start
02-20 18:18:41.187  1754  2954 I Clocks  : ReleaseClocks - end (1.9 ms)
02-20 18:18:41.188  3456  3505 I Clay    : copresence: microphone state transition, unpaused
02-20 18:18:41.189  1754  7080 I CompositorVR: SetSchedFifo( tid=3505, pol=3, pri=0 ) succeeded
02-20 18:18:41.189  1754  7080 I CompositorVR: SetSchedFifo( tid=9372, pol=3, pri=0 ) succeeded
02-20 18:18:41.189  1754  7080 I AADT    : SetAADTLutDataX. Thread. SizeX: 0
02-20 18:18:41.189  1754  7080 I AADT    : SetAADTLutDataY. Thread. SizeY: 0
02-20 18:18:41.190  3456  3505 I OpenXR  : PostSessionStateChange: XR_SESSION_STATE_READY -> XR_SESSION_STATE_SYNCHRONIZED
02-20 18:18:41.190  1754 26573 I FocusedClientsListener: focus: onTopActivityChanged: com.YourCompany.TemplateProject3
02-20 18:18:41.191  3456  3505 I Clay    : xrPollEvent: SESSION_STATE_CHANGED: SYNCHRONIZED
02-20 18:18:41.191  3456  3505 I OpenXR  : PostSessionStateChange: XR_SESSION_STATE_SYNCHRONIZED -> XR_SESSION_STATE_VISIBLE
02-20 18:18:41.191  3089  3336 I [CT]    : MIXEDREALITY: MrServiceController: VrFocusManager::Top Activity Changed, topActivity now is: 'com.YourCompany.TemplateProject3', immersiveApp now is: 'com.YourCompany.TemplateProject3'.
02-20 18:18:41.191  3089  3199 I [CT]    : MIXEDREALITY: MrServiceModel: Hibernating caller (most likely rendering thread) due to commandQueue being empty.
02-20 18:18:41.192  1754 26573 I FocusedClientsListener: focus: onTopActivityChanged: com.YourCompany.TemplateProject3
02-20 18:18:41.192  3456  3505 I OpenXR  : PostSessionStateChange: XR_SESSION_STATE_VISIBLE -> XR_SESSION_STATE_FOCUSED
02-20 18:18:41.192  3089  3336 I [CT]    : MIXEDREALITY: MrServiceController: VrFocusManager::Top Activity Changed, topActivity now is: 'com.YourCompany.TemplateProject3', immersiveApp now is: 'com.YourCompany.TemplateProject3'.
02-20 18:18:41.193  1754 26573 I FocusedClientsListener: focus: onTopActivityChanged: com.oculus.shellenv
02-20 18:18:41.193  3089  3336 I [CT]    : MIXEDREALITY: MrServiceController: VrFocusManager::Top Activity Changed, topActivity now is: 'com.oculus.shellenv', immersiveApp now is: 'com.oculus.shellenv'.
02-20 18:18:41.193  3456  3505 I Clay    : xrPollEvent: SESSION_STATE_CHANGED: VISIBLE
02-20 18:18:41.193  3456  3505 I Clay    : xrPollEvent: SESSION_STATE_CHANGED: FOCUSED
