11-04 16:36:42.388  1824  3399 I Telemetry: App memory usage: PSS=23 MiB, PrivateDirty=17 MiB, PrivateClean=1 MiB, GPU=3.3/3.5 MiB (95% allocated)
11-04 16:36:42.406  1406  6957 I chatty  : uid=10025(com.oculus.systemdriver) OVR::TimeWarp expire 6 lines
11-04 16:36:42.465  1406  3031 I chatty  : uid=10025(com.oculus.systemdriver) Thread-14 expire 1 line
11-04 16:36:42.465  2954  3032 I GuardianSystem: UpdateGuardianSystemState: Flags changed: 532480, 524288, SYSTEM_GUARDIAN_VISIBLE,SYSTEM_GUARDIAN_VALID to SYSTEM_GUARDIAN_VALID
11-04 16:36:42.584   851  1196 I chatty  : uid=1000(system) Mapper expire 2 lines
11-04 16:36:42.584   851  1196 E [CT]    : SubmapRecords: findSubmapId found 2 submap records hold the same query krHandle
11-04 16:36:42.588   851  1196 W [CT]    : Vega:SubmapPublisher: [Throttled count=5] Force publishing an ill-conditioned point.
11-04 16:36:42.610   851  6965 I [CT]    : VegaTrackTracker: Starting map tracking on map. SubmapId Submap id = 2, version = 211913826 Active contexts: 2
11-04 16:36:42.662   851  6965 W [CT]    : VEGA:MAP_TRACKING_HM: Validation failed after 0.04 seconds of bad frames. Switching from Validating to NoTracking
11-04 16:36:42.689   851  6965 I [CT]    : TrackedMapContext: Stop tracking map with ID Submap id = 2, version = 211913826 at index: 2 in contexts: 3
11-04 16:36:42.827   851  6973 I [CT]    : CONSTELLATION:VISION_STATUS: 729165a0fe4054d7 (R): BlobDetection:[#BlobsDetected=(23.13, 9.23)]Matching:[MatchSuccess=1.000, MatchCost=(0.00097, 0.00000), #MatchedBlobs=(11.10, 7.42), #MatchedLeds=(6.29, 2.09), RematchM=0.000, SkipRefine=0.000] MatchMethod:[Prox=1.000, ConstBrute=0.000, UnconstBrute=0.000] MatchResets[AnomBlobSize=0.000, SharedMatch=0.000, DenseReacq=0.000] | Fusion:[FusionError=0.000, ImuFromCamMs=(8.903, 0.365), RematchF=0.064] FusionUpdates:[Successful=1.000, Reliable=0.988, TightFusion=0.968, FullPose=0.032, StaticPrior=0.000, StaticForHandTrans=0.020, PoseUpdateMD=(0.2362, 0.0824)] FusionResets[6DoFReset=0.000, ResetSuccess=0.000] FusionStatus[HasPosition=1.000, HasVelocity=1.000] 
11-04 16:36:42.842   851  6939 I [CT]    : CONSTELLATION:IMU_STATUS: 729165a0fe4054d7 (R): [FusionTracked=1.000, OutputTracked=1.000, OutputValid=1.000] [AccelSat=0.000, GyroSat=0.000] 
11-04 16:36:42.910  6712  6747 D UE4     : [GameActivity] Used memory: 394049 (VmRSS:	  201584 kB)
11-04 16:36:42.947  2954  3032 W OsSdk   : Requested historical tracking state too far in the past; oldest: 2321.959778s, requested: 2321.844586s
11-04 16:36:43.009  6712  7048 I Telemetry: App memory usage: PSS=384 MiB, PrivateDirty=235 MiB, PrivateClean=135 MiB, GPU=100.6/100.8 MiB (100% allocated)
11-04 16:36:43.010  6712  7048 I VrApi   : FPS=72/72,Prd=59ms,Tear=0,Early=72,Stale=0,VSnc=1,Lat=1,Fov=0,CPU4/GPU=2/3,1171/490MHz,OC=FF,TA=0/70/70,SP=N/F/F,Mem=2092MHz,Free=2405MB,PLS=0,Temp=26.2C/0.0C,TW=1.15ms,App=2.58ms,GD=0.07ms,CPU&GPU=4.63ms,LCnt=1(DR66,LM0),GPU%=0.29,CPU%=0.31(W0.33),DSF=1.00,CFL=19.69/21.44
11-04 16:36:43.046  6064  6142 I chatty  : uid=10033(com.oculus.xrstreamingclient) SlamAnchorMem expire 21 lines
11-04 16:36:43.408   851  6965 W [CT]    : TIMESTAMPCHECKER: Nominal rate wrong. Estimated data rate: 25, Nominal is 30.000300003000028
11-04 16:36:43.613   851  6886 I [CT]    : boltlib: DSP utilization: 8.69 % (434 / 5000 ms)
11-04 16:36:43.986   851  6973 W [CT]    : CONSTELLATION: R: Too large Mahalanobis distance: 134.7097. Skip the measurement.
11-04 16:36:43.996   851  1490 I chatty  : uid=1000(system) Binder:851_4 identical 117 lines
11-04 16:36:44.005  6712  7048 I VrApi   : FPS=72/72,Prd=59ms,Tear=0,Early=72,Stale=0,VSnc=1,Lat=1,Fov=0,CPU4/GPU=2/3,1171/490MHz,OC=FF,TA=0/70/70,SP=N/F/F,Mem=2092MHz,Free=2405MB,PLS=0,Temp=26.2C/0.0C,TW=0.78ms,App=2.68ms,GD=0.00ms,CPU&GPU=4.83ms,LCnt=1(DR72,LM0),GPU%=0.27,CPU%=0.24(W0.32),DSF=1.00,CFL=19.53/21.45
11-04 16:36:44.043   851  1490 W TrackingService: attachClient: found client in attached list
11-04 16:36:44.044   851  1031 W TrackingService: attachClient: found client in attached list
11-04 16:36:44.045  6064  6121 I chatty  : uid=10033(com.oculus.xrstreamingclient) xrsp-rt-read expire 1 line
11-04 16:36:44.056   851  6939 I [CT]    : INPUT_TRACKING:Behavior:OutOfFoVRotation: [Right] state transition: TorsoInitialized -> InRange
11-04 16:36:44.241   851  1031 I chatty  : uid=1000(system) Binder:851_1 identical 5 lines
11-04 16:36:44.256   851  1031 W TrackingService: attachClient: found client in attached list
11-04 16:36:44.258   851  1490 W TrackingService: attachClient: found client in attached list
11-04 16:36:44.285   851  6939 I [CT]    : INPUT_TRACKING:Behavior:OutOfFoVRotation: [Right] state transition: InRange -> Init
11-04 16:36:44.286   851  6939 I [CT]    : INPUT_TRACKING:Behavior:OutOfFoVRotation: [Right] state transition: Init -> TorsoInitialized
11-04 16:36:44.293  6064  6142 I chatty  : uid=10033(com.oculus.xrstreamingclient) SlamAnchorMem expire 11 lines
11-04 16:36:45.005  6712  7048 I VrApi   : FPS=72/72,Prd=59ms,Tear=0,Early=72,Stale=0,VSnc=1,Lat=1,Fov=0,CPU4/GPU=2/3,1171/490MHz,OC=FF,TA=0/70/70,SP=N/F/F,Mem=2092MHz,Free=2405MB,PLS=0,Temp=26.2C/0.0C,TW=0.77ms,App=2.68ms,GD=0.00ms,CPU&GPU=4.82ms,LCnt=1(DR72,LM0),GPU%=0.27,CPU%=0.25(W0.29),DSF=1.00,CFL=19.63/21.34
11-04 16:36:45.045  6064  6121 I chatty  : uid=10033(com.oculus.xrstreamingclient) xrsp-rt-read expire 1 line
11-04 16:36:45.219   851  1490 I chatty  : uid=1000(system) Binder:851_4 identical 26 lines
11-04 16:36:45.264   851  1490 W TrackingService: attachClient: found client in attached list
11-04 16:36:45.265  6064  6142 I chatty  : uid=10033(com.oculus.xrstreamingclient) SlamAnchorMem expire 12 lines
11-04 16:36:45.266   851  1031 W TrackingService: attachClient: found client in attached list
11-04 16:36:45.382   851  6965 I [CT]    : VIPER: Mode=SuperVega,Status=6DoF,TRACKING,Inl=24,Mem=93.9,Jit=0.1mm,Issues(Cam/min=0.0,IMU/min=0.0),Exp=(13.8ms,g=15.0,I=75,Ir=366.4)(14.0ms,g=15.0,I=87,Ir=418.6)(14.0ms,g=15.0,I=87,Ir=416.3)(14.0ms,g=15.0,I=72,Ir=343.0)
11-04 16:36:45.382   851  6965 W [CT]    : VIPER: Images too dark, 
11-04 16:36:45.408   851  6965 W [CT]    : TIMESTAMPCHECKER: Nominal rate wrong. Estimated data rate: 25, Nominal is 30.000300003000028
11-04 16:36:45.466   851  1196 I [CT]    : VIPER: InternalAnchorHealthMonitor: Anchors: 2 | Persistent anchors: 1 | Anchors never observed: 0
11-04 16:36:45.466   851  1196 I [CT]    :   (min/avg/max) Anchor landmarks: (7|15|23) | Covisible keyframes: (12|21.5|31) | Times since observation: (0|13.5|27.56)
11-04 16:36:45.611   851  6939 W [CT]    : CONSTELLATION: R: Lost position tracking, waiting for 6DoF reset: [#VisionUp=683, #RelUp=0, VelNorm=0.010, CurTimeDur=0.32s, DurThresh=0.2s]
11-04 16:36:45.612   851  6939 I [CT]    : INPUT_TRACKING:Behavior:BehindBack: [Right] activated
11-04 16:36:45.612   851  6939 I [CT]    : INPUT_TRACKING:ControllerMotionModel: [Right] t = 2322.595s, behavior transition: None -> BehindBack
11-04 16:36:45.616  6064  6129 I chatty  : uid=10033(com.oculus.xrstreamingclient) XRS_AudioData expire 1 line
11-04 16:36:45.626   851  6973 I [CT]    : CONSTELLATION: R: Not reinitializing 6DoF filter yet (no valid pose from matching).
11-04 16:36:45.704   851  1196 W [CT]    : VEGA_MAP_BUILDER: Resolved a potential TrackToMapPointAssosiation conflict between tracks 13172763 (index = 201, version = 27) and 458808 (index = 7, version = 56)
11-04 16:36:45.748  6064  6142 I chatty  : uid=10033(com.oculus.xrstreamingclient) SlamAnchorMem expire 6 lines
11-04 16:36:45.827   851  6973 I [CT]    : CONSTELLATION: R: Successfully reinitialized 6DoF filter. Keep Cov and Calib States = Y. Keep velocity state and covariance = Y
11-04 16:36:45.828   851  6939 I [CT]    : INPUT_TRACKING:Behavior:BehindBack: [Right] deactivated
11-04 16:36:45.828   851  6939 I [CT]    : INPUT_TRACKING:ControllerMotionModel: [Right] t = 2322.810s, behavior transition: BehindBack -> None
11-04 16:36:45.862   851  6965 W [CT]    : VEGA:MAP_TRACKING_HM: [Throttled count=6] Bad map tracking: map tracking failed @ Submap id = 1, version = 1030255002 with status: 2
11-04 16:36:45.905  3218  3251 I culus.appsafet: Waiting for a blocking GC ProfileSaver
11-04 16:36:45.915  3218  3251 I culus.appsafet: WaitForGcToComplete blocked ProfileSaver on HeapTrim for 10.226ms
11-04 16:36:45.971  6064  6142 E OsSdk   : error getting shared memory region, memory type: HeadTracker, failed with Status(-1, EX_SECURITY): 'requested shared memory region when not registered/focused'
11-04 16:36:46.005  6712  7048 I VrApi   : FPS=72/72,Prd=59ms,Tear=0,Early=72,Stale=0,VSnc=1,Lat=1,Fov=0,CPU4/GPU=2/3,1171/490MHz,OC=FF,TA=0/70/70,SP=N/F/F,Mem=2092MHz,Free=2405MB,PLS=0,Temp=26.2C/0.0C,TW=0.77ms,App=2.69ms,GD=0.00ms,CPU&GPU=4.80ms,LCnt=1(DR72,LM0),GPU%=0.27,CPU%=0.31(W0.36),DSF=1.00,CFL=19.68/21.49
11-04 16:36:46.012  6064  6142 E OsSdk   : error getting shared memory region, memory type: HeadTracker, failed with Status(-1, EX_SECURITY): 'requested shared memory region when not registered/focused'
11-04 16:36:46.014  6064  6142 E OsSdk   : error getting shared memory region, memory type: AnchorTracker, failed with Status(-1, EX_SECURITY): 'requested shared memory region when not registered/focused'
11-04 16:36:46.055  6064  6121 D xrstreaming: receive ping: org 0 recv 0 xmt 10242160044300 (received at 2325356376559), offset divergence -443656
11-04 16:36:46.057  6064  6142 E OsSdk   : error getting shared memory region, memory type: HeadTracker, failed with Status(-1, EX_SECURITY): 'requested shared memory region when not registered/focused'
11-04 16:36:46.146  6064  6142 E OsSdk   : error getting shared memory region, memory type: HeadTracker, failed with Status(-1, EX_SECURITY): 'requested shared memory region when not registered/focused'
11-04 16:36:46.186   851  1196 I [CT]    : Vega:SubmapPublisher: Tracking parent no change: frame movement above thresh -> Publish
11-04 16:36:46.186   851  1196 I [CT]    : Vega:SubmapPublisher: Start to publish submaps, found candidates:  3
11-04 16:36:46.186   851  1196 E [CT]    : SubmapRecords: findSubmapId found 2 submap records hold the same query krHandle
11-04 16:36:46.192  6064  6142 E OsSdk   : error getting shared memory region, memory type: HeadTracker, failed with Status(-1, EX_SECURITY): 'requested shared memory region when not registered/focused'
11-04 16:36:46.210  2630  7163 W OVRLibrary: null cursor received for query content://com.oculus.ocms.library/apps/com.YourCompany.TemplateProject2
11-04 16:36:46.211   851  6965 I [CT]    : VegaTrackTracker: Starting map tracking on map. SubmapId Submap id = 2, version = 594808271 Active contexts: 2
11-04 16:36:46.236  6064  6142 E OsSdk   : error getting shared memory region, memory type: HeadTracker, failed with Status(-1, EX_SECURITY): 'requested shared memory region when not registered/focused'
11-04 16:36:46.262   851  6965 W [CT]    : VEGA:MAP_TRACKING_HM: Validation failed after 0.04 seconds of bad frames. Switching from Validating to NoTracking
11-04 16:36:46.279  6064  6142 E OsSdk   : error getting shared memory region, memory type: HeadTracker, failed with Status(-1, EX_SECURITY): 'requested shared memory region when not registered/focused'
11-04 16:36:46.281  6064  6142 E OsSdk   : error getting shared memory region, memory type: AnchorTracker, failed with Status(-1, EX_SECURITY): 'requested shared memory region when not registered/focused'
11-04 16:36:46.290   851  6965 I [CT]    : TrackedMapContext: Stop tracking map with ID Submap id = 2, version = 594808271 at index: 2 in contexts: 3
11-04 16:36:46.319  6064  6142 E OsSdk   : error getting shared memory region, memory type: HeadTracker, failed with Status(-1, EX_SECURITY): 'requested shared memory region when not registered/focused'
11-04 16:36:46.499   851  1031 I chatty  : uid=1000(system) Binder:851_1 identical 33 lines
11-04 16:36:46.546   851  1031 W TrackingService: attachClient: found client in attached list
11-04 16:36:46.548  6064  6142 E OsSdk   : error getting shared memory region, memory type: HeadTracker, failed with Status(-1, EX_SECURITY): 'requested shared memory region when not registered/focused'
11-04 16:36:46.548   851  1490 W TrackingService: attachClient: found client in attached list
11-04 16:36:46.549  6064  6142 E OsSdk   : error getting shared memory region, memory type: AnchorTracker, failed with Status(-1, EX_SECURITY): 'requested shared memory region when not registered/focused'
11-04 16:36:46.586  6064  6142 E OsSdk   : error getting shared memory region, memory type: HeadTracker, failed with Status(-1, EX_SECURITY): 'requested shared memory region when not registered/focused'
11-04 16:36:46.793  6064  6142 E OsSdk   : error getting shared memory region, memory type: HeadTracker, failed with Status(-1, EX_SECURITY): 'requested shared memory region when not registered/focused'
11-04 16:36:46.794  6064  6142 E OsSdk   : error getting shared memory region, memory type: AnchorTracker, failed with Status(-1, EX_SECURITY): 'requested shared memory region when not registered/focused'
11-04 16:36:46.822  6064  6142 E OsSdk   : error getting shared memory region, memory type: HeadTracker, failed with Status(-1, EX_SECURITY): 'requested shared memory region when not registered/focused'
11-04 16:36:46.909  6064  6142 E OsSdk   : error getting shared memory region, memory type: HeadTracker, failed with Status(-1, EX_SECURITY): 'requested shared memory region when not registered/focused'
11-04 16:36:46.919  6064  6132 V xrstreaming: batteryPercent = 100
11-04 16:36:46.956  6064  6142 E OsSdk   : error getting shared memory region, memory type: HeadTracker, failed with Status(-1, EX_SECURITY): 'requested shared memory region when not registered/focused'
11-04 16:36:47.002  6064  6142 E OsSdk   : error getting shared memory region, memory type: HeadTracker, failed with Status(-1, EX_SECURITY): 'requested shared memory region when not registered/focused'
11-04 16:36:47.005  6712  7048 I VrApi   : FPS=72/72,Prd=59ms,Tear=0,Early=72,Stale=0,VSnc=1,Lat=1,Fov=0,CPU4/GPU=2/3,1171/490MHz,OC=FF,TA=0/70/70,SP=N/F/F,Mem=2092MHz,Free=2405MB,PLS=0,Temp=26.2C/0.0C,TW=0.79ms,App=2.57ms,GD=0.00ms,CPU&GPU=4.78ms,LCnt=1(DR72,LM0),GPU%=0.26,CPU%=0.22(W0.25),DSF=1.00,CFL=19.57/21.49
11-04 16:36:47.044  6064  6142 E OsSdk   : error getting shared memory region, memory type: HeadTracker, failed with Status(-1, EX_SECURITY): 'requested shared memory region when not registered/focused'
11-04 16:36:47.045  6064  6142 E OsSdk   : error getting shared memory region, memory type: AnchorTracker, failed with Status(-1, EX_SECURITY): 'requested shared memory region when not registered/focused'
11-04 16:36:47.055  6064  6121 D xrstreaming: receive ping: org 0 recv 0 xmt 10243160562300 (received at 2326356903069), offset divergence -443656
11-04 16:36:47.058  6064  6142 E OsSdk   : error getting shared memory region, memory type: HeadTracker, failed with Status(-1, EX_SECURITY): 'requested shared memory region when not registered/focused'
11-04 16:36:47.104  6064  6142 E OsSdk   : error getting shared memory region, memory type: HeadTracker, failed with Status(-1, EX_SECURITY): 'requested shared memory region when not registered/focused'
11-04 16:36:47.119  6712  6712 D UE4     : [GameActivity] Battery: status = 4, rawlevel = 100, scale = 100
11-04 16:36:47.119  6712  6712 D UE4     : nativeBatteryEvent(stat = 4, lvl = 100  temp = 26.50 C)
11-04 16:36:47.150  6064  6142 E OsSdk   : error getting shared memory region, memory type: HeadTracker, failed with Status(-1, EX_SECURITY): 'requested shared memory region when not registered/focused'
11-04 16:36:47.250  6064  6142 E OsSdk   : error getting shared memory region, memory type: HeadTracker, failed with Status(-1, EX_SECURITY): 'requested shared memory region when not registered/focused'
11-04 16:36:47.251  6064  6142 E OsSdk   : error getting shared memory region, memory type: AnchorTracker, failed with Status(-1, EX_SECURITY): 'requested shared memory region when not registered/focused'
11-04 16:36:47.293  6064  6142 E OsSdk   : error getting shared memory region, memory type: HeadTracker, failed with Status(-1, EX_SECURITY): 'requested shared memory region when not registered/focused'
11-04 16:36:47.404  6064  6142 E OsSdk   : error getting shared memory region, memory type: HeadTracker, failed with Status(-1, EX_SECURITY): 'requested shared memory region when not registered/focused'
11-04 16:36:47.448   851  6965 W [CT]    : TIMESTAMPCHECKER: Nominal rate wrong. Estimated data rate: 25, Nominal is 30.000300003000028
11-04 16:36:47.450  6064  6142 E OsSdk   : error getting shared memory region, memory type: HeadTracker, failed with Status(-1, EX_SECURITY): 'requested shared memory region when not registered/focused'
11-04 16:36:47.487  6064  6142 E OsSdk   : error getting shared memory region, memory type: HeadTracker, failed with Status(-1, EX_SECURITY): 'requested shared memory region when not registered/focused'
11-04 16:36:47.489  6064  6142 E OsSdk   : error getting shared memory region, memory type: AnchorTracker, failed with Status(-1, EX_SECURITY): 'requested shared memory region when not registered/focused'
11-04 16:36:47.533  6064  6142 E OsSdk   : error getting shared memory region, memory type: HeadTracker, failed with Status(-1, EX_SECURITY): 'requested shared memory region when not registered/focused'
11-04 16:36:47.756  6064  6142 E OsSdk   : error getting shared memory region, memory type: HeadTracker, failed with Status(-1, EX_SECURITY): 'requested shared memory region when not registered/focused'
11-04 16:36:47.757  6064  6142 E OsSdk   : error getting shared memory region, memory type: AnchorTracker, failed with Status(-1, EX_SECURITY): 'requested shared memory region when not registered/focused'
11-04 16:36:47.798  6064  6142 E OsSdk   : error getting shared memory region, memory type: HeadTracker, failed with Status(-1, EX_SECURITY): 'requested shared memory region when not registered/focused'
11-04 16:36:47.968   851  1490 I chatty  : uid=1000(system) Binder:851_4 identical 40 lines
11-04 16:36:47.969  6064  6142 E OsSdk   : error getting shared memory region, memory type: HeadTracker, failed with Status(-1, EX_SECURITY): 'requested shared memory region when not registered/focused'
11-04 16:36:48.005  6712  7048 I VrApi   : FPS=72/72,Prd=59ms,Tear=0,Early=72,Stale=0,VSnc=1,Lat=1,Fov=0,CPU4/GPU=2/3,1171/490MHz,OC=FF,TA=0/70/70,SP=N/F/F,Mem=2092MHz,Free=2405MB,PLS=0,Temp=26.5C/0.0C,TW=0.80ms,App=2.34ms,GD=0.00ms,CPU&GPU=4.58ms,LCnt=1(DR72,LM0),GPU%=0.24,CPU%=0.21(W0.32),DSF=1.00,CFL=19.68/21.48
11-04 16:36:48.009   851  1490 W TrackingService: attachClient: found client in attached list
11-04 16:36:48.010  6064  6142 E OsSdk   : error getting shared memory region, memory type: HeadTracker, failed with Status(-1, EX_SECURITY): 'requested shared memory region when not registered/focused'
11-04 16:36:48.010   851  1031 W TrackingService: attachClient: found client in attached list
11-04 16:36:48.012  6064  6142 E OsSdk   : error getting shared memory region, memory type: AnchorTracker, failed with Status(-1, EX_SECURITY): 'requested shared memory region when not registered/focused'
11-04 16:36:48.056  6064  6121 D xrstreaming: receive ping: org 0 recv 0 xmt 10244160915200 (received at 2327357344371), offset divergence -443656
11-04 16:36:48.059  6064  6142 E OsSdk   : error getting shared memory region, memory type: HeadTracker, failed with Status(-1, EX_SECURITY): 'requested shared memory region when not registered/focused'
11-04 16:36:48.063  2954  3032 W OsSdk   : Requested historical tracking state too far in the past; oldest: 2327.078931s, requested: 2321.844586s
11-04 16:36:48.068  6064  6142 E OsSdk   : error getting shared memory region, memory type: HeadTracker, failed with Status(-1, EX_SECURITY): 'requested shared memory region when not registered/focused'
11-04 16:36:48.253  6064  6142 E OsSdk   : error getting shared memory region, memory type: HeadTracker, failed with Status(-1, EX_SECURITY): 'requested shared memory region when not registered/focused'
11-04 16:36:48.257  6064  6142 E OsSdk   : error getting shared memory region, memory type: AnchorTracker, failed with Status(-1, EX_SECURITY): 'requested shared memory region when not registered/focused'
11-04 16:36:48.302  6064  6142 E OsSdk   : error getting shared memory region, memory type: HeadTracker, failed with Status(-1, EX_SECURITY): 'requested shared memory region when not registered/focused'
11-04 16:36:48.481  6064  6142 I chatty  : uid=10033(com.oculus.xrstreamingclient) SlamAnchorMem identical 112 lines
11-04 16:36:48.649   851  6886 I [CT]    : boltlib: DSP utilization: 7.51 % (378 / 5035 ms)
11-04 16:36:48.657   851  1031 I chatty  : uid=1000(system) Binder:851_1 identical 19 lines
11-04 16:36:48.662   851  6965 W [CT]    : SVEGA: getMap is not supported.
11-04 16:36:48.699   851  1031 W TrackingService: attachClient: found client in attached list
11-04 16:36:48.700   851  1490 W TrackingService: attachClient: found client in attached list
11-04 16:36:48.981   851  6965 I [CT]    : VIPER: Mode=SuperVega,Status=6DoF,TRACKING,Inl=28,Mem=94.0,Jit=0.1mm,Issues(Cam/min=0.0,IMU/min=0.0),Exp=(12.7ms,g=15.0,I=75,Ir=393.9)(14.0ms,g=15.0,I=85,Ir=407.3)(14.0ms,g=15.0,I=90,Ir=431.8)(12.1ms,g=14.0,I=74,Ir=441.6)
11-04 16:36:48.981   851  6965 W [CT]    : VIPER: Images too dark, 
11-04 16:36:49.005  6712  7048 I VrApi   : FPS=72/72,Prd=60ms,Tear=0,Early=72,Stale=0,VSnc=1,Lat=1,Fov=0,CPU4/GPU=2/3,1171/490MHz,OC=FF,TA=0/70/70,SP=N/F/F,Mem=2092MHz,Free=2405MB,PLS=0,Temp=26.5C/0.0C,TW=0.79ms,App=2.49ms,GD=0.00ms,CPU&GPU=4.24ms,LCnt=1(DR72,LM0),GPU%=0.25,CPU%=0.34(W0.40),DSF=1.00,CFL=19.63/21.96
11-04 16:36:49.448   851  6965 W [CT]    : TIMESTAMPCHECKER: Nominal rate wrong. Estimated data rate: 25, Nominal is 30.000300003000028
11-04 16:36:50.006  6712  7048 I VrApi   : FPS=72/72,Prd=60ms,Tear=0,Early=72,Stale=0,VSnc=1,Lat=1,Fov=0,CPU4/GPU=2/3,1171/490MHz,OC=FF,TA=0/70/70,SP=N/F/F,Mem=2092MHz,Free=2405MB,PLS=0,Temp=26.5C/0.0C,TW=0.76ms,App=2.61ms,GD=0.00ms,CPU&GPU=4.40ms,LCnt=1(DR72,LM0),GPU%=0.26,CPU%=0.29(W0.38),DSF=1.00,CFL=19.66/21.58
11-04 16:36:50.073  6064  6142 E OsSdk   : error getting shared memory region, memory type: HeadTracker, failed with Status(-1, EX_SECURITY): 'requested shared memory region when not registered/focused'
11-04 16:36:50.159  6064  6142 E OsSdk   : error getting shared memory region, memory type: HeadTracker, failed with Status(-1, EX_SECURITY): 'requested shared memory region when not registered/focused'
11-04 16:36:50.161  6064  6142 E OsSdk   : error getting shared memory region, memory type: AnchorTracker, failed with Status(-1, EX_SECURITY): 'requested shared memory region when not registered/focused'
11-04 16:36:50.195  6064  6142 E OsSdk   : error getting shared memory region, memory type: HeadTracker, failed with Status(-1, EX_SECURITY): 'requested shared memory region when not registered/focused'
11-04 16:36:50.390  6064  6142 E OsSdk   : error getting shared memory region, memory type: HeadTracker, failed with Status(-1, EX_SECURITY): 'requested shared memory region when not registered/focused'
11-04 16:36:50.391  6064  6142 E OsSdk   : error getting shared memory region, memory type: AnchorTracker, failed with Status(-1, EX_SECURITY): 'requested shared memory region when not registered/focused'
11-04 16:36:50.437  6064  6142 E OsSdk   : error getting shared memory region, memory type: HeadTracker, failed with Status(-1, EX_SECURITY): 'requested shared memory region when not registered/focused'
11-04 16:36:50.539  6064  6142 E OsSdk   : error getting shared memory region, memory type: HeadTracker, failed with Status(-1, EX_SECURITY): 'requested shared memory region when not registered/focused'
11-04 16:36:50.572  1406  2649 I chatty  : uid=10025(com.oculus.systemdriver) ClientRequest expire 13 lines
11-04 16:36:50.585  6064  6142 E OsSdk   : error getting shared memory region, memory type: HeadTracker, failed with Status(-1, EX_SECURITY): 'requested shared memory region when not registered/focused'
11-04 16:36:50.613  6064  6129 I xrstreaming: AudioPlayer: NetworkMetrics: [6.166,14.803]9.875
11-04 16:36:50.627  6064  6142 E OsSdk   : error getting shared memory region, memory type: HeadTracker, failed with Status(-1, EX_SECURITY): 'requested shared memory region when not registered/focused'
11-04 16:36:50.628  6064  6142 E OsSdk   : error getting shared memory region, memory type: AnchorTracker, failed with Status(-1, EX_SECURITY): 'requested shared memory region when not registered/focused'
11-04 16:36:50.645  6064  6142 E OsSdk   : error getting shared memory region, memory type: HeadTracker, failed with Status(-1, EX_SECURITY): 'requested shared memory region when not registered/focused'
11-04 16:36:50.779  6064  6142 E OsSdk   : error getting shared memory region, memory type: HeadTracker, failed with Status(-1, EX_SECURITY): 'requested shared memory region when not registered/focused'
11-04 16:36:50.825  6064  6142 E OsSdk   : error getting shared memory region, memory type: HeadTracker, failed with Status(-1, EX_SECURITY): 'requested shared memory region when not registered/focused'
11-04 16:36:50.853  2354  2354 I chatty  : uid=10020(com.oculus.vrshell) ShellOverlayMai expire 44 lines
11-04 16:36:50.854  2354  2852 I chatty  : uid=10020(com.oculus.vrshell) ShellOverlayVR expire 418 lines
11-04 16:36:50.869   851  1490 I chatty  : uid=1000(system) Binder:851_4 identical 62 lines
11-04 16:36:50.870  6064  6142 E OsSdk   : error getting shared memory region, memory type: HeadTracker, failed with Status(-1, EX_SECURITY): 'requested shared memory region when not registered/focused'
11-04 16:36:50.870   851  1490 W TrackingService: attachClient: found client in attached list
11-04 16:36:50.871  6064  6142 E OsSdk   : error getting shared memory region, memory type: AnchorTracker, failed with Status(-1, EX_SECURITY): 'requested shared memory region when not registered/focused'
11-04 16:36:50.874  1044  5737 E WindowManager: App trying to use insecure INPUT_FEATURE_NO_INPUT_CHANNEL flag. Ignoring
11-04 16:36:50.876  1406  1406 I chatty  : uid=10025(com.oculus.systemdriver) com.oculus.vrruntimeservice expire 11 lines
11-04 16:36:50.876   838  1015 E CalibrationProvider: loadCalibration(LDISP_SN) failed: Calibration store didn't load any info
11-04 16:36:50.877   838  1015 E CalibrationProvider: loadCalibration(RDISP_SN) failed: Calibration store didn't load any info
11-04 16:36:50.877  3523  3523 D [SUI] ActivityManagerUtilsHelper: onFocusedWindowChanged: Instance: com.oculus.panelapp.anytimeui.utils.ActivityManagerUtilsHelper@9fed38c, topWindowUid: 10020, focusedApp: com.oculus.vrshell, previousApp: com.YourCompany.TemplateProject2
11-04 16:36:50.877  3523  3523 D [SUI] ActivityManagerUtilsHelper: onFocusedWindowChanged: Instance: com.oculus.panelapp.anytimeui.utils.ActivityManagerUtilsHelper@7d53704, topWindowUid: 10020, focusedApp: com.oculus.vrshell, previousApp: com.YourCompany.TemplateProject2
11-04 16:36:50.877   851  1186 W TrackingService: attachClient: found client in attached list
11-04 16:36:50.879  1406  2649 I chatty  : uid=10025(com.oculus.systemdriver) ClientRequest expire 1 line
11-04 16:36:50.879  1406  2644 I chatty  : uid=10025(com.oculus.systemdriver) OVR::Clocks expire 3 lines
11-04 16:36:50.882   838  1015 E CalibrationProvider: loadCalibration(LDISP_SN) failed: Calibration store didn't load any info
11-04 16:36:50.882   851  1186 D TrackingService: getSharedMemory: com.oculus.vrshell, Controller
11-04 16:36:50.883  6712  6810 I VrRuntimeClient: Client has lost focus.
11-04 16:36:50.883   851  1186 W TrackingService: attachClient: found client in attached list
11-04 16:36:50.883  2354  7174 I chatty  : uid=10020(com.oculus.vrshell) ShellOverlayMai expire 6 lines
11-04 16:36:50.883   851  1490 W TrackingService: attachClient: found client in attached list
11-04 16:36:50.883   851  1186 D TrackingService: getSharedMemory: com.oculus.guardian, Controller
11-04 16:36:50.884   838  1015 E CalibrationProvider: loadCalibration(RDISP_SN) failed: Calibration store didn't load any info
11-04 16:36:50.884  6712  6745 E OsSdk   : error getting shared memory region, memory type: Controller, failed with Status(-1, EX_SECURITY): 'requested shared memory region when not registered/focused'
11-04 16:36:50.884   851  1490 W TrackingService: attachClient: found client in attached list
11-04 16:36:50.885  6712  6745 E OsSdk   : error getting shared memory region, memory type: Controller, failed with Status(-1, EX_SECURITY): 'requested shared memory region when not registered/focused'
11-04 16:36:50.886  1406  2712 I chatty  : uid=10025(com.oculus.systemdriver) Thread-9 expire 11 lines
11-04 16:36:50.886  6064  6121 D xrstreaming: receive pong: org 2330178407859 recv 10246982857500 xmt 10246991755700 (received at 2330188067911), offset divergence -443656
11-04 16:36:50.887  6064  6121 D xrstreaming: new clock offset=7916804068715 (rtt: 761852, dispersion: 2138737, jitter: 7960499)
11-04 16:36:50.889  1406  2644 I chatty  : uid=10025(com.oculus.systemdriver) OVR::Clocks expire 3 lines
11-04 16:36:50.892   851  1490 W TrackingService: attachClient: found client in attached list
11-04 16:36:50.893   851  1490 D TrackingService: getSharedMemory: com.oculus.systemdriver, Controller
11-04 16:36:50.896  2208  2317 W OVRLibrary: null cursor received for query content://com.oculus.ocms.library/apps/com.oculus.vrshell
11-04 16:36:50.897  2208  2208 I OVRMediaService: onStartCommand Received message type: overlay_input_focus_change, caller package: com.oculus.vrshell, app identify: AppIdentity{uid=10020, packageNames=[com.oculus.vrshell], sha1=MxZgtt071YLz39PLrkVGckZooCE, sha2=3C-DTjwZQjeLFPB2yCzRq1nqZWa_9HMLIEfpjvyfna8, version=null, domain=null}
11-04 16:36:50.897  1406  2712 I chatty  : uid=10025(com.oculus.systemdriver) Thread-9 expire 1 line
11-04 16:36:50.898  6712  6746 D UE4     : [2022.11.04-16.36.50:898][554]LogAndroid: Case APP_CMD_LOST_FOCUS
11-04 16:36:50.899  6712  6746 D UE4     : LogAndroidEvents::EnqueueAppEvent : 10, [width=-1, height=-1], tid = 6746, APP_EVENT_STATE_WINDOW_LOST_FOCUS
11-04 16:36:50.903  1824  3556 I [CT]    : MIXEDREALITY: MrFeatureStatus: Client status changed from Paused to Started.
11-04 16:36:50.903  1824  3556 I [CT]    : MIXEDREALITY: MrFeatureStatus: Target status Started, CurrentStatus: Paused
11-04 16:36:50.903  1824  3556 I [CT]    : MIXEDREALITY: MrFeatureStatus: Operation chain: Start
11-04 16:36:50.903  1824  3556 I [CT]    : MIXEDREALITY: MrFeatureStatus: Global status changed from Paused to Started.
11-04 16:36:50.903  1824  3556 I [CT]    : MIXEDREALITY: MrServiceController: Queuing command linked to operation Start for feature 0
11-04 16:36:50.903  1824  3311 I [CT]    : MIXEDREALITY: MrServiceView: renderIteration: (every 10 seconds), screen is: ON, PT is: OFF, ID is: OFF
11-04 16:36:50.903  1824  3311 I [CT]    : MIXEDREALITY: MrServiceController: Executing passthroughStart on model
11-04 16:36:50.903  1824  3311 I [CT]    : MIXEDREALITY: MrServiceModel: passthroughStart()
11-04 16:36:50.903  1824  3311 I [CT]    : MIXEDREALITY: MrServiceModel: passthroughStart: Started Passthrough
11-04 16:36:50.904  1824  3311 I [CT]    : MIXEDREALITY: MrServiceModel: commitLayerState: PassthroughMode: none.
11-04 16:36:50.909  2354  7177 I chatty  : uid=10020(com.oculus.vrshell) ShellOverlayMai expire 4 lines
11-04 16:36:50.910  6712  6745 D UE4     : [2022.11.04-16.36.50:910][555]LogAndroidEvents: Display: LogAndroidEvents::DequeueAppEvent : 10, [width=-1, height=-1], APP_EVENT_STATE_WINDOW_LOST_FOCUS
11-04 16:36:50.910  6712  6745 D UE4     : FAppEventManager::Tick processing, 10
11-04 16:36:50.911  1824  3311 I [CT]    : MIXEDREALITY: MrServiceView: renderIteration: Nothing to render, hibernating the rendering thread since ID is off and no active PT layers.
11-04 16:36:50.911  1824  3311 I [CT]    : MIXEDREALITY: MrServiceModel: Hibernating caller (most likely rendering thread) due to commandQueue being empty.
11-04 16:36:50.912   721   889 I audio_hw_primary: getting vr mode to 0
11-04 16:36:50.913   749  1190 I AudioPolicyManagerCustom: VR mode is 0, switch to primary output if request is for fast|raw
11-04 16:36:50.914   749  1190 W AudioFlinger: createTrack_l(): mismatch between requested flags (00000104) and output flags (00000006)
11-04 16:36:50.914   749  1190 D AudioFlinger: Client defaulted notificationFrames to 192 for frameCount 384
11-04 16:36:50.916   851  1490 W TrackingService: attachClient: found client in attached list
11-04 16:36:50.917   749  1190 D AF::TrackHandle: OpPlayAudio: track:77 uid:10020 pkg:com.oculus.vrshell usage:1 not muted
11-04 16:36:50.917  6064  6142 E OsSdk   : error getting shared memory region, memory type: HeadTracker, failed with Status(-1, EX_SECURITY): 'requested shared memory region when not registered/focused'
11-04 16:36:50.918  1729  1729 D OculusNotificationListenerService: Notification posted: 0|android|0|com.android.server.wm.AlertWindowNotification - com.oculus.vrshell|1000
11-04 16:36:50.920  1406  2649 I chatty  : uid=10025(com.oculus.systemdriver) ClientRequest expire 1 line
11-04 16:36:50.923  1508  1508 V AvrcpMediaPlayerList: onPlaybackConfigChanged(): Configs list size=9
11-04 16:36:50.927  2208  2208 I OVRMediaService: Received OVERLAY_INPUT_FOCUS_CHANGE. is focused: true
11-04 16:36:50.930  3523  7030 W OVRLibrary: null cursor received for query content://com.oculus.ocms.library/apps/com.YourCompany.TemplateProject2
11-04 16:36:50.933  2208  2208 W OVRLibrary: null cursor received for query content://com.oculus.ocms.library/apps/com.YourCompany.TemplateProject2
11-04 16:36:50.934  2208  2208 I OVRMediaServiceManager: Sending onAppStart (com.YourCompany.TemplateProject2) to SocialPlatform (com.oculus.socialplatform)
11-04 16:36:50.936  3523  3523 D [SUI] NotificationBroadcastReceiver: action: com.oculus.intent.action.NOTIF_CHANGE
11-04 16:36:50.949   721   889 D msm8974_platform: platform_split_snd_device: snd_device(22) num devices(1) new_snd_devices(0)
11-04 16:36:50.949   721   889 D ACDB-LOADER: ACDB -> send_audvoltable
11-04 16:36:50.949   721   889 D ACDB-LOADER: ACDB -> ACDB_CMD_GET_AUDPROC_INSTANCE_GAIN_DEP_STEP_TABLE_SIZE
11-04 16:36:50.949   721   889 D         : Failed to fetch the lookup information of the device 0000000F 
11-04 16:36:50.949   721   889 D ACDB-LOADER: Error: ACDB_CMD_GET_AUDPROC_INSTANCE_GAIN_DEP_STEP_TABLE_SIZE Returned = -19
11-04 16:36:50.949   721   889 D ACDB-LOADER: ACDB -> ACDB_CMD_GET_AUDPROC_INSTANCE_GAIN_DEP_STEP_TABLE, vol index 8
11-04 16:36:50.949   721   889 D         : Failed to fetch the lookup information of the device 0000000F 
11-04 16:36:50.949   721   889 D ACDB-LOADER: Error: ACDB AudProc vol returned = -19
11-04 16:36:50.949   721   889 D ACDB-LOADER: ACDB -> AUDIO_SET_VOL_CAL cal type = 40
11-04 16:36:50.959   851  1490 W TrackingService: attachClient: found client in attached list
11-04 16:36:50.959  6064  6142 E OsSdk   : error getting shared memory region, memory type: HeadTracker, failed with Status(-1, EX_SECURITY): 'requested shared memory region when not registered/focused'
11-04 16:36:50.962  1406  1406 I chatty  : uid=10025(com.oculus.systemdriver) com.oculus.vrruntimeservice expire 11 lines
11-04 16:36:50.962  6712  6746 D UE4     : [2022.11.04-16.36.50:962][559]LogAndroid: Case APP_CMD_GAINED_FOCUS
11-04 16:36:50.962  6712  6746 D UE4     : LogAndroidEvents::EnqueueAppEvent : 11, [width=-1, height=-1], tid = 6746, APP_EVENT_STATE_WINDOW_GAINED_FOCUS
11-04 16:36:50.964  3523  3523 D [SUI] ActivityManagerUtilsHelper: onFocusedWindowChanged: Instance: com.oculus.panelapp.anytimeui.utils.ActivityManagerUtilsHelper@9fed38c, topWindowUid: 10128, focusedApp: com.YourCompany.TemplateProject2, previousApp: com.oculus.vrshell
11-04 16:36:50.964  3523  3523 D [SUI] ActivityManagerUtilsHelper: onFocusedWindowChanged: Instance: com.oculus.panelapp.anytimeui.utils.ActivityManagerUtilsHelper@7d53704, topWindowUid: 10128, focusedApp: com.YourCompany.TemplateProject2, previousApp: com.oculus.vrshell
11-04 16:36:50.965  6712  6810 I VrRuntimeClient: Client has gained focus.
11-04 16:36:50.966  6712  6745 D UE4     : [2022.11.04-16.36.50:966][559]LogAndroidEvents: Display: LogAndroidEvents::DequeueAppEvent : 11, [width=-1, height=-1], APP_EVENT_STATE_WINDOW_GAINED_FOCUS
11-04 16:36:50.966  6712  6745 D UE4     : FAppEventManager::Tick processing, 11
11-04 16:36:50.968  1729  1729 D OculusNotificationListenerService: Notification removed: 0|android|0|com.android.server.wm.AlertWindowNotification - com.oculus.vrshell|1000
11-04 16:36:50.973  3523  7030 D NotificationsBadgeLiveData: MessageBadgeData, pullAndCheckNotifs, old data source notif count: 1, oc chats count: 0, messenger count: 0
11-04 16:36:50.973  3523  3523 V [SUI] BarView: Notifs badge count: 1, Messenger badge count 0
11-04 16:36:50.976  1406  2649 I ServiceInputManager: InhibitHandleHomeKey has changed on the service. New value: 0
11-04 16:36:50.976  1044  1469 E WindowManager: App trying to use insecure INPUT_FEATURE_NO_INPUT_CHANNEL flag. Ignoring
11-04 16:36:50.976  1406  2649 I PerformanceManager_V0: SetClockLevels: Apply pending clock request change: 4,4 -> 4,3
11-04 16:36:50.976  1406  2644 I Clocks  : ReleaseClocks - start
11-04 16:36:50.977  1406  2644 I Clocks  : ReleaseClocks - end (0.5 ms)
11-04 16:36:50.977  1406  2644 I Clocks  : LockClocks( cpu=4, gpu=3 ) - start
11-04 16:36:50.977  1406  2644 I Clocks  : CPU levels [0, 4]
11-04 16:36:50.977  1406  2644 I Clocks  : GPU levels [0, 5]
11-04 16:36:50.978  1406  2644 I Clocks  : LockClocks( cpu=4, gpu=3 ) - end (1.0 ms)
11-04 16:36:50.979  1406  1406 I ClientMgr: FocusedWindowChanged: found matching overlay client: 972689551
11-04 16:36:50.979  1406  1406 I ClientMgr: FocusedClient changed.
11-04 16:36:50.979  1406  1406 I ClientMgr: ClientMgr::SetFocusedClient: 2354:com.oculus.vrshell type 1
11-04 16:36:50.979  1406  1406 I ClientMgr: SetFocusedPackageName - packageName com.oculus.vrshell processName com.oculus.vrshell:Overlay clientId 972689551 clientPid 2354
11-04 16:36:50.979  1406  1406 I VrRuntimeService: RuntimeIPC: SendFocusChangeEventToAllClients: PostClientEvent SUCCESS: com.oculus.mrservice:com.oculus.mrservice:1824, com.oculus.vrshell, com.oculus.vrshell:Overlay
11-04 16:36:50.979  1406  1406 I VrRuntimeService: RuntimeIPC: SendFocusChangeEventToAllClients: PostClientEvent SUCCESS: com.oculus.vrshell:com.oculus.vrshell:3150, com.oculus.vrshell, com.oculus.vrshell:Overlay
11-04 16:36:50.979  1406  1406 I VrRuntimeService: RuntimeIPC: SendFocusChangeEventToAllClients: PostClientEvent SUCCESS: com.YourCompany.TemplateProject2:com.YourCompany.TemplateProject2:6712, com.oculus.vrshell, com.oculus.vrshell:Overlay
11-04 16:36:50.979  1406  1406 I VrRuntimeService: RuntimeIPC: SendFocusChangeEventToAllClients: PostClientEvent SUCCESS: com.oculus.guardian:com.oculus.vrguardianservice:2954, com.oculus.vrshell, com.oculus.vrshell:Overlay
11-04 16:36:50.979  1406  1406 I VrRuntimeService: RuntimeIPC: SendFocusChangeEventToAllClients: PostClientEvent SUCCESS: com.oculus.shellenv:com.oculus.shellenv:2125, com.oculus.vrshell, com.oculus.vrshell:Overlay
11-04 16:36:50.979  1406  1406 I VrRuntimeService: RuntimeIPC: SendFocusChangeEventToAllClients: PostClientEvent SUCCESS: com.oculus.xrstreamingclient:com.oculus.xrstreamingclient:6064, com.oculus.vrshell, com.oculus.vrshell:Overlay
11-04 16:36:50.979  1406  1406 I VrRuntimeService: RuntimeIPC: SendFocusChangeEventToAllClients: PostClientEvent SUCCESS: com.oculus.vrshell:com.oculus.vrshell:Overlay:2354, com.oculus.vrshell, com.oculus.vrshell:Overlay
11-04 16:36:50.980  6712  6810 I VrRuntimeClient: Client has lost focus.
11-04 16:36:50.980  3523  3523 D [SUI] ActivityManagerUtilsHelper: onFocusedWindowChanged: Instance: com.oculus.panelapp.anytimeui.utils.ActivityManagerUtilsHelper@9fed38c, topWindowUid: 10020, focusedApp: com.oculus.vrshell, previousApp: com.YourCompany.TemplateProject2
11-04 16:36:50.981  3523  3523 D [SUI] ActivityManagerUtilsHelper: onFocusedWindowChanged: Instance: com.oculus.panelapp.anytimeui.utils.ActivityManagerUtilsHelper@7d53704, topWindowUid: 10020, focusedApp: com.oculus.vrshell, previousApp: com.YourCompany.TemplateProject2
11-04 16:36:50.984   851  1186 W TrackingService: attachClient: found client in attached list
11-04 16:36:50.986   851  1031 W TrackingService: attachClient: found client in attached list
11-04 16:36:50.987  6712  7045 E OsSdk   : error getting shared memory region, memory type: Controller, failed with Status(-1, EX_SECURITY): 'requested shared memory region when not registered/focused'
11-04 16:36:50.987  6712  7045 I InputDevice_TrackedRemote: REMOTE: Hand=1 IndexAnalog=0.00 GripAnalog=0.00 Buttons=0x00000000
11-04 16:36:50.987   851  1031 D TrackingService: getSharedMemory: com.oculus.guardian, Controller
11-04 16:36:50.987   851  1186 W TrackingService: attachClient: found client in attached list
11-04 16:36:50.989  6712  7045 E OsSdk   : error getting shared memory region, memory type: Controller, failed with Status(-1, EX_SECURITY): 'requested shared memory region when not registered/focused'
11-04 16:36:50.989  6712  7045 I InputDevice_TrackedRemote: REMOTE: Hand=2 IndexAnalog=0.00 GripAnalog=0.00 Buttons=0x00000000
11-04 16:36:50.989  1406  2649 I ServiceInputManager: InhibitHandleHomeKey has changed on the service. New value: 1
11-04 16:36:50.990   851  1186 W TrackingService: attachClient: found client in attached list
11-04 16:36:50.990   851  1186 D TrackingService: getSharedMemory: com.oculus.systemdriver, Controller
11-04 16:36:50.991  1406  2649 I PerformanceManager_V0: SetClockLevels: Apply pending clock request change: 4,3 -> 4,4
11-04 16:36:50.991  1406  2644 I Clocks  : ReleaseClocks - start
11-04 16:36:50.991  1406  2644 I Clocks  : ReleaseClocks - end (0.2 ms)
11-04 16:36:50.991  1406  2644 I Clocks  : LockClocks( cpu=4, gpu=4 ) - start
11-04 16:36:50.993  1406  2644 I Clocks  : CPU levels [0, 4]
11-04 16:36:50.993  1406  2644 I Clocks  : GPU levels [0, 5]
11-04 16:36:50.993   851  1490 W TrackingService: attachClient: found client in attached list
11-04 16:36:50.994  1406  2644 I Clocks  : LockClocks( cpu=4, gpu=4 ) - end (2.5 ms)
11-04 16:36:50.994  6712  6745 E OsSdk   : error getting shared memory region, memory type: Controller, failed with Status(-1, EX_SECURITY): 'requested shared memory region when not registered/focused'
11-04 16:36:50.994   851  1490 I chatty  : uid=1000(system) Binder:851_4 identical 1 line
11-04 16:36:50.995  3523  3523 D [SUI] NotificationBroadcastReceiver: action: com.oculus.intent.action.NOTIF_CHANGE
11-04 16:36:50.995  6712  6745 E OsSdk   : error getting shared memory region, memory type: Controller, failed with Status(-1, EX_SECURITY): 'requested shared memory region when not registered/focused'
11-04 16:36:50.996   851  1490 W TrackingService: attachClient: found client in attached list
11-04 16:36:50.999   851  1186 W TrackingService: attachClient: found client in attached list
11-04 16:36:51.000  2208  2208 E OVRMediaServiceManager: LivestreamingManager Not initialized
11-04 16:36:51.000  6712  7056 E OsSdk   : error getting shared memory region, memory type: Controller, failed with Status(-1, EX_SECURITY): 'requested shared memory region when not registered/focused'
11-04 16:36:51.000   851  1490 W TrackingService: attachClient: found client in attached list
11-04 16:36:51.000   851  1186 D TrackingService: getSharedMemory: com.oculus.vrshell, Controller
11-04 16:36:51.000  6712  7056 E OsSdk   : error getting shared memory region, memory type: Controller, failed with Status(-1, EX_SECURITY): 'requested shared memory region when not registered/focused'
11-04 16:36:51.005   851  1490 W TrackingService: attachClient: found client in attached list
11-04 16:36:51.005  2208  2208 W OVRLibrary: null cursor received for query content://com.oculus.ocms.library/apps/com.YourCompany.TemplateProject2
11-04 16:36:51.005  2208  2208 I OVRMediaServiceManager: Sending onAppStart (com.YourCompany.TemplateProject2) to SocialPlatform (com.oculus.socialplatform)
11-04 16:36:51.005  6064  6142 E OsSdk   : error getting shared memory region, memory type: HeadTracker, failed with Status(-1, EX_SECURITY): 'requested shared memory region when not registered/focused'
11-04 16:36:51.006  2208  2602 W OVRLibrary: null cursor received for query content://com.oculus.ocms.library/apps/com.YourCompany.TemplateProject2
11-04 16:36:51.006  6712  7048 I VrApi   : FPS=72/72,Prd=60ms,Tear=0,Early=72,Stale=0,VSnc=1,Lat=1,Fov=0,CPU4/GPU=2/3,1478/525MHz,OC=FF,TA=0/70/70,SP=N/F/F,Mem=2092MHz,Free=2405MB,PLS=0,Temp=26.5C/0.0C,TW=0.77ms,App=2.59ms,GD=0.00ms,CPU&GPU=4.82ms,LCnt=1(DR72,LM0),GPU%=0.26,CPU%=0.21(W0.25),DSF=1.00,CFL=19.75/22.10
11-04 16:36:51.011  3523  6718 W OVRLibrary: null cursor received for query content://com.oculus.ocms.library/apps/com.YourCompany.TemplateProject2
11-04 16:36:51.019  6712  6746 D UE4     : [2022.11.04-16.36.51:018][563]LogAndroid: Case APP_CMD_LOST_FOCUS
11-04 16:36:51.019  6712  6746 D UE4     : LogAndroidEvents::EnqueueAppEvent : 10, [width=-1, height=-1], tid = 6746, APP_EVENT_STATE_WINDOW_LOST_FOCUS
11-04 16:36:51.021  6712  6745 D UE4     : [2022.11.04-16.36.51:021][563]LogAndroidEvents: Display: LogAndroidEvents::DequeueAppEvent : 10, [width=-1, height=-1], APP_EVENT_STATE_WINDOW_LOST_FOCUS
11-04 16:36:51.021  6712  6745 D UE4     : FAppEventManager::Tick processing, 10
11-04 16:36:51.026  3523  7180 D NotificationsBadgeLiveData: MessageBadgeData, pullAndCheckNotifs, old data source notif count: 1, oc chats count: 0, messenger count: 0
11-04 16:36:51.026  3523  3523 V [SUI] BarView: Notifs badge count: 1, Messenger badge count 0
11-04 16:36:51.032  3523  7030 W OVRLibrary: null cursor received for query content://com.oculus.ocms.library/apps/com.YourCompany.TemplateProject2
11-04 16:36:51.042  2208  2208 E OVRMediaServiceManager: LivestreamingManager Not initialized
11-04 16:36:51.048  1729  1729 D OculusNotificationListenerService: Notification posted: 0|android|0|com.android.server.wm.AlertWindowNotification - com.oculus.vrshell|1000
11-04 16:36:51.049   851  1490 W TrackingService: attachClient: found client in attached list
11-04 16:36:51.050  2208  2208 I OVRMediaService: onStartCommand Received message type: overlay_input_focus_change, caller package: com.oculus.vrshell, app identify: AppIdentity{uid=10020, packageNames=[com.oculus.vrshell], sha1=MxZgtt071YLz39PLrkVGckZooCE, sha2=3C-DTjwZQjeLFPB2yCzRq1nqZWa_9HMLIEfpjvyfna8, version=null, domain=null}
11-04 16:36:51.051  6064  6142 E OsSdk   : error getting shared memory region, memory type: HeadTracker, failed with Status(-1, EX_SECURITY): 'requested shared memory region when not registered/focused'
11-04 16:36:51.055  1406  2712 I VrRuntimeService: CreateAndroidSurfaceSwapChain: 972689551
11-04 16:36:51.055  1406  2712 I VrRuntimeService: CreateAndroidSurfaceSwapChain: 65536 1 32856 1 1 1 1 1 0 0
11-04 16:36:51.056  1406  2506 I SwapChain_Surface: CreateAndroidSurfaceSwapChainGLES: 0x791958d000: SurfaceTexture 0x29a6 Surface 0x29b6
11-04 16:36:51.056  1406  2712 I VrRuntimeServer: CreateAndroidSurfaceSwapChain: result surface 0x791958d000
11-04 16:36:51.057  3523  3523 D [SUI] NotificationBroadcastReceiver: action: com.oculus.intent.action.NOTIF_CHANGE
11-04 16:36:51.060  2354  2462 I chatty  : uid=10020(com.oculus.vrshell) ShellAppBackgro expire 2 lines
11-04 16:36:51.064  2208  2208 I OVRMediaService: Received OVERLAY_INPUT_FOCUS_CHANGE. is focused: false
11-04 16:36:51.066  6064  6121 D xrstreaming: receive ping: org 0 recv 0 xmt 10247171207300 (received at 2330367268328), offset divergence -850891
11-04 16:36:51.071  2208  2855 W OVRLibrary: null cursor received for query content://com.oculus.ocms.library/apps/com.oculus.vrshell
11-04 16:36:51.072  2208  2208 W OVRLibrary: null cursor received for query content://com.oculus.ocms.library/apps/com.YourCompany.TemplateProject2
11-04 16:36:51.072  2208  2208 I OVRMediaServiceManager: Sending onAppStart (com.YourCompany.TemplateProject2) to SocialPlatform (com.oculus.socialplatform)
11-04 16:36:51.073  3523  3523 D CppPanelService: PanelService()
11-04 16:36:51.073  3523  3523 D CppPanelService: onBind()
11-04 16:36:51.073  3523  7030 D NotificationsBadgeLiveData: MessageBadgeData, pullAndCheckNotifs, old data source notif count: 1, oc chats count: 0, messenger count: 0
11-04 16:36:51.073  3523  3523 V [SUI] BarView: Notifs badge count: 1, Messenger badge count 0
