01-15 22:21:15.704   754   979 D AF::TrackHandle: OpPlayAudio: track:69 uid:10020 pkg:com.oculus.vrshell usage:1 not muted
01-15 22:21:15.704   754  7778 D AF::TrackHandle: OpPlayAudio: track:57 uid:10014 pkg:com.oculus.shellenv usage:1 muted
01-15 22:21:15.704   754   754 D AF::RecordHandle: OpRecordAudio: track:67 uid:10032 pkg:com.oculus.horizon usage:0 not muted
01-15 22:21:15.706   754  7509 D AF::RecordHandle: OpRecordAudio: track:56 uid:10014 pkg:com.oculus.shellenv usage:0 muted
01-15 22:21:15.706  1332  1332 D VrRuntimeService: onForegroundActivitiesChanged: pid=2741, uid=10020, hasForegroundActivities=true
01-15 22:21:15.706   754  1392 D AF::TrackHandle: OpPlayAudio: track:68 uid:10126 pkg:com.YourCompany.TemplateProject3 usage:1 muted
01-15 22:21:15.710  2331  2687 I chatty  : uid=10020(com.oculus.vrshell) ShellOverlayVR expire 37 lines
01-15 22:21:15.714   732   851 D msm8974_platform: platform_split_snd_device: snd_device(2) num devices(1) new_snd_devices(0)
01-15 22:21:15.714   732   851 D ACDB-LOADER: ACDB -> send_audvoltable
01-15 22:21:15.714   732   851 D ACDB-LOADER: ACDB -> ACDB_CMD_GET_AUDPROC_INSTANCE_GAIN_DEP_STEP_TABLE_SIZE
01-15 22:21:15.714   732   851 D         : Failed to fetch the lookup information of the device 0000000F 
01-15 22:21:15.714   732   851 D ACDB-LOADER: Error: ACDB_CMD_GET_AUDPROC_INSTANCE_GAIN_DEP_STEP_TABLE_SIZE Returned = -19
01-15 22:21:15.714   732   851 D ACDB-LOADER: ACDB -> ACDB_CMD_GET_AUDPROC_INSTANCE_GAIN_DEP_STEP_TABLE, vol index 7
01-15 22:21:15.714   732   851 D         : Failed to fetch the lookup information of the device 0000000F 
01-15 22:21:15.714   732   851 D ACDB-LOADER: Error: ACDB AudProc vol returned = -19
01-15 22:21:15.714   732   851 D ACDB-LOADER: ACDB -> AUDIO_SET_VOL_CAL cal type = 40
01-15 22:21:15.719  1050  7256 I ActivityTaskManager: START u0 {act=android.intent.action.MAIN cat=[android.intent.category.LAUNCHER] flg=0x14000000 pkg=com.oculus.shellenv cmp=com.oculus.shellenv/.ShellEnvActivity (has extras)} from uid 10020
01-15 22:21:15.731  2741  2741 I chatty  : uid=10020(com.oculus.vrshell) ShellMain expire 10 lines
01-15 22:21:15.735  1050  7826 D ActivityManager: Is background playback enabled for all apps: false
01-15 22:21:15.738   754  7509 D AF::RecordHandle: OpRecordAudio: track:56 uid:10014 pkg:com.oculus.shellenv usage:0 not muted
01-15 22:21:15.739   754  7509 D AF::RecordHandle: OpRecordAudio: track:56 uid:10014 pkg:com.oculus.shellenv usage:0 not muted
01-15 22:21:15.739   754   754 D AF::RecordHandle: OpRecordAudio: track:67 uid:10032 pkg:com.oculus.horizon usage:0 not muted
01-15 22:21:15.739   754  7778 D AF::TrackHandle: OpPlayAudio: track:68 uid:10126 pkg:com.YourCompany.TemplateProject3 usage:1 muted
01-15 22:21:15.739   754  1392 D AF::TrackHandle: OpPlayAudio: track:69 uid:10020 pkg:com.oculus.vrshell usage:1 not muted
01-15 22:21:15.740   754   979 D AF::TrackHandle: OpPlayAudio: track:57 uid:10014 pkg:com.oculus.shellenv usage:1 not muted
01-15 22:21:15.740   754   754 D AF::RecordHandle: OpRecordAudio: track:67 uid:10032 pkg:com.oculus.horizon usage:0 not muted
01-15 22:21:15.741  1332  1332 D VrRuntimeService: onForegroundActivitiesChanged: pid=2055, uid=10014, hasForegroundActivities=true
01-15 22:21:15.742  3874  3874 I MediaUploader: media sync preference is enabled: true
01-15 22:21:15.743  3874  3874 I MediaUploader: Schedule periodic sync job
01-15 22:21:15.746  1332  2930 I VrRuntimeService: RuntimeServiceSDKServer::SetGuardianSystemState: 843193636
01-15 22:21:15.747  2815  2931 I GuardianSystem: UpdateGuardianSystemState: Flags changed: 524288, 532480, SYSTEM_GUARDIAN_VALID to SYSTEM_GUARDIAN_VISIBLE,SYSTEM_GUARDIAN_VALID
01-15 22:21:15.755  1332  2603 I VrRuntimeService: DestroySwapChain: swapchain=181
01-15 22:21:15.759  3874  3874 I MediaUploader: media sync preference is enabled: true
01-15 22:21:15.762  3874  3874 I MediaUploader: Schedule periodic sync job
01-15 22:21:15.768   874  1844 I [CT]    : CONSTELLATION:IMU_STATUS: 86557c336c360320 (L): [FusionTracked=1.000, OutputTracked=1.000, OutputValid=1.000] [AccelSat=0.000, GyroSat=0.000] 
01-15 22:21:15.768  1332  7566 I CompositorVR: SetSchedFifo( tid=2931, pol=5, pri=1 ) succeeded
01-15 22:21:15.768  1332  7566 I CompositorVR: SetSchedFifo( tid=3636, pol=5, pri=1 ) succeeded
01-15 22:21:15.770  1332  7566 I CompositorVR: SetSchedFifo( tid=3693, pol=5, pri=1 ) succeeded
01-15 22:21:15.781  2815  2946 I VrGuardianService: GuardianSDKServer::SetGuardianHitDialog2 0
01-15 22:21:15.786  1050  7826 W InputReader: Device has associated, but no associated display id.
01-15 22:21:15.799   874  1844 I [CT]    : CONSTELLATION:IMU_STATUS: 729165a0fe4054d7 (R): [FusionTracked=1.000, OutputTracked=1.000, OutputValid=1.000] [AccelSat=0.000, GyroSat=0.000] 
01-15 22:21:15.810  1332  7566 I CompositorVR: SetSchedFifo( tid=7728, pol=2, pri=0 ) succeeded
01-15 22:21:15.810  1332  7566 I CompositorVR: SetSchedFifo( tid=7842, pol=2, pri=0 ) succeeded
01-15 22:21:15.810  1332  7566 I CompositorVR: SetSchedFifo( tid=7797, pol=2, pri=0 ) succeeded
01-15 22:21:15.823  1050  7256 D ConnectivityService: requestNetwork for uid/pid:10019/3874 NetworkRequest [ TRACK_DEFAULT id=25, [ Capabilities: INTERNET&NOT_RESTRICTED&TRUSTED Uid: 10019] ]
01-15 22:21:15.824  2055  2055 D ActivityLifecycleListener: onActivityResumed
01-15 22:21:15.824  2055  2762 D ActivityLifecycleListener: activity=com.oculus.shellenv.ShellEnvActivity@4274525, resumed=true
01-15 22:21:15.824  2055  2762 D ActivityLifecycleListener: Activity ready after 0ms
01-15 22:21:15.824  2055  2762 I OpenXR  : nativeOnActivityReady
01-15 22:21:15.825  1050  1187 D WifiNetworkFactory: got request NetworkRequest [ TRACK_DEFAULT id=25, [ Capabilities: INTERNET&NOT_RESTRICTED&TRUSTED Uid: 10019] ] with score 60 and serial -1
01-15 22:21:15.825  1050  1187 D UntrustedWifiNetworkFactory: got request NetworkRequest [ TRACK_DEFAULT id=25, [ Capabilities: INTERNET&NOT_RESTRICTED&TRUSTED Uid: 10019] ] with score 60 and serial -1
01-15 22:21:15.826  1050  1260 D Ethernet: got request NetworkRequest [ TRACK_DEFAULT id=25, [ Capabilities: INTERNET&NOT_RESTRICTED&TRUSTED Uid: 10019] ] with score 60 and serial -1
01-15 22:21:15.826  1050  1257 D WIFI_AWARE_FACTORY: got request NetworkRequest [ TRACK_DEFAULT id=25, [ Capabilities: INTERNET&NOT_RESTRICTED&TRUSTED Uid: 10019] ] with score 60 and serial -1
01-15 22:21:15.827  2741  3012 I chatty  : uid=10020(com.oculus.vrshell) ShellMainVR expire 37 lines
01-15 22:21:15.844  2522  2536 I com.oculus.ocm: Background concurrent copying GC freed 10551(1080KB) AllocSpace objects, 7(140KB) LOS objects, 49% free, 3396KB/6792KB, paused 41us total 110.498ms
01-15 22:21:15.851   874  7554 W [CT]    : VEGA:MAP_TRACKING_HM: [Throttled count=25] Map tracking did not run.
01-15 22:21:15.851  2055  2147 I Clay    : BaseApp: Hibernate transition Unhibernate
01-15 22:21:15.852  2055  2147 I Clay    : copresence: microphone state transition, unpaused
01-15 22:21:15.852  2055  2147 I Clay    : SoundSystem: setPaused(false), m_paused=true
01-15 22:21:15.854  1373  1373 V AvrcpMediaPlayerList: onPlaybackConfigChanged(): Configs list size=7
01-15 22:21:15.860  2055  2147 I Clay    : EnvironmentSystem: computed visibility changed from Unload to Visible (reason: <none>)
01-15 22:21:15.861  2055  2147 I OpenXR  : PostSessionStateChange: XR_SESSION_STATE_IDLE -> XR_SESSION_STATE_READY
01-15 22:21:15.862  2055  2147 I Clay    : xrPollEvent: DISPLAY_REFRESH_RATE_CHANGED_FB: 90.000000 -> 72.000000
01-15 22:21:15.862  2055  2147 I Clay    : xrPollEvent: SESSION_STATE_CHANGED: READY
01-15 22:21:15.862  1778  1811 I [CT]    : MIXEDREALITY: MrServiceController: VrFocusManager::Top Activity Changed, topActivity now is: 'com.YourCompany.TemplateProject3', immersiveApp now is: 'com.YourCompany.TemplateProject3'.
01-15 22:21:15.862  2055  2147 I Clay    : Entering VR mode: cpu=-1, gpu=-1, perf threads: main=2147, gpu=unset
01-15 22:21:15.862  2055  2147 I OpenXR  : ------------ xrBeginSession [start] -----------
01-15 22:21:15.862  2055  2147 I VrRuntimeClient: Tracing is disabled
01-15 22:21:15.862  2055  2147 I VrRuntimeClient: SysProp debug mode is disabled on Client side
01-15 22:21:15.863  2055  2147 D VrApi   : targetSDKVersion 29
01-15 22:21:15.864  3283  3283 I chatty  : uid=10026 com.oculus.systemux:SystemUX expire 42 lines
01-15 22:21:15.864  1778  3209 I [CT]    : MIXEDREALITY: MrServiceView: renderIteration: Nothing to render, hibernating the rendering thread since ID is off and no active PT layers.
01-15 22:21:15.864  1778  3209 I [CT]    : MIXEDREALITY: MrServiceModel: Hibernating caller (most likely rendering thread) due to commandQueue being empty.
01-15 22:21:15.864  2055  2147 I VrRuntimeClient: DEVICE MODEL NUMBER = Quest 2
01-15 22:21:15.864  2055  2147 I VrRuntimeClient: DEVICE BUILD NAME = user-49068160412800150
01-15 22:21:15.864  2055  2147 I VrRuntimeClient: DEVICE BUILD TYPE = user
01-15 22:21:15.864  2055  2147 I VrRuntimeClient: DEVICE OS VERSION = 10
01-15 22:21:15.864  2055  2147 I VrRuntimeClient: API LOADER VERSION = 1.0.22
01-15 22:21:15.864  2055  2147 I VrRuntimeClient: RUNTIME API VERSION = 1.0.25
01-15 22:21:15.864  2055  2147 I VrRuntimeClient: RUNTIME VERSION = 47.0.0.282.341 Nov 25 2022 14:16:35 RELEASE
01-15 22:21:15.864  2055  2147 I VrRuntimeClient: APP NAME = ShellEnv
01-15 22:21:15.864  2055  2147 I VrRuntimeClient: APP VERSION = 47.0.0.282.341 versionCode 428237325 internalVersionName 47.0.0.282.341.8e28c4f8052b 2022_12_12_06_39
01-15 22:21:15.864  2055  2147 I VrRuntimeClient: APP VR TYPE = vr_only
01-15 22:21:15.864  2055  2147 I VrRuntimeClient: APP MODE TYPE = VR
01-15 22:21:15.864  2055  2147 I VrRuntimeClient: APP PACKAGE NAME = com.oculus.shellenv
01-15 22:21:15.864  2055  2147 I VrRuntimeClient: APP ACTIVITY CLASS = com.oculus.shellenv.ShellEnvActivity
01-15 22:21:15.864  2055  2147 I Sensor  : OSSDKTRACKING Initializing head tracking
01-15 22:21:15.864  2055  2147 I Sensor  : OSSDKTRACKING Head tracker != nullpointer 0x7721a22538, 1
01-15 22:21:15.864  2055  2147 I Sensor  : OSSDKTRACKING Initializing controller tracking
01-15 22:21:15.864  2055  2147 I Sensor  : OSSDKTRACKING Controller tracker != nullpointer 0x76fe042e20, 1
01-15 22:21:15.864  2055  2147 D BatteryReceiver: Registering battery receiver
01-15 22:21:15.867  2055  2147 D HeadsetReceiver: getCurrentHeadsetState: false
01-15 22:21:15.867  2055  2147 I DeviceStatus: nativeHeadsetEvent(0)
01-15 22:21:15.868  2055  2147 I VrRuntimeClient: SetCompositorClientFeatureFlag ClientFeatureFlag 0 
01-15 22:21:15.868  2055  2147 I LogTimer: CPUTIME: VrRuntimeClient_BeginSession took 6.6949 ms
01-15 22:21:15.869  2055  2147 I ClientInputInterface: DEADRECKONING SetControllerTrackingExtendedDeadreckoning 0
01-15 22:21:15.869  2055  2147 I ClientInputSettings: HANDTRACKING package name is com.oculus.shellenv
01-15 22:21:15.872  2055  2147 I ClientInputSettings: HANDTRACKING: Manifest Permission request for com.oculus.shellenv
01-15 22:21:15.872  2055  2147 I ClientInputSettings: HANDTRACKING:  'com.oculus.shellenv' Is hands or controller.
01-15 22:21:15.872  2055  2147 I ClientInputSettings: HANDTRACKING: feature flag set to 2
01-15 22:21:15.873  2055  2147 I ClientInputInterface: HANDTRACKING sethandmanifest 2
01-15 22:21:15.873  2055  2147 I InputHooks_Internal: Enabling Native Input Hooks
01-15 22:21:15.873  2055  2147 I InputDeviceManager: ovrInputDeviceManager::Initialize
01-15 22:21:15.873  2055  2147 I Distortion: Initializing Mesh Decenter Correction
01-15 22:21:15.873  2055  7956 I InputDevice_TrackedRemote: Using new float conversion.
01-15 22:21:15.873   874   874 W TrackingService: attachClient: found client in attached list
01-15 22:21:15.873   857   857 E CalibrationProvider: loadCalibration(LDISP_SN) failed: Calibration store didn't load any info
01-15 22:21:15.874   857   857 E CalibrationProvider: loadCalibration(RDISP_SN) failed: Calibration store didn't load any info
01-15 22:21:15.874  2055  2147 I Distortion: SetLensPositions - iad=0.0629896, left offset=-0.000266064,-0.00102733, right offset=0.00014523,-0.00104481
01-15 22:21:15.874  2055  2147 I Distortion: Initializing Mesh Decenter Correction
01-15 22:21:15.874   874   874 D TrackingService: getSharedMemory: com.oculus.shellenv#2055, Controller
01-15 22:21:15.874  2055  7956 I InputDevice_TrackedRemote: REMOTE: Hand=2 IndexAnalog=0.00 GripAnalog=0.00 Buttons=0x00000000
01-15 22:21:15.874  2055  7956 I InputDevice_TrackedRemote: REMOTE: Hand=1 IndexAnalog=0.00 GripAnalog=0.00 Buttons=0x00000000
01-15 22:21:15.874  2055  7956 I InputDeviceManager: HANDTRACKING Pointer filter profile changed to: 0
01-15 22:21:15.874  2055  7956 I InputDeviceManager: HANDTRACKING Pointer filter profile changed to: 0
01-15 22:21:15.874  2055  7956 I InputDeviceManager: HANDTRACKING Root pose filter profile changed for (version, freq) to (2, 1) from (1,2)
01-15 22:21:15.875   857   857 E CalibrationProvider: loadCalibration(LDISP_SN) failed: Calibration store didn't load any info
01-15 22:21:15.875   857   857 E CalibrationProvider: loadCalibration(RDISP_SN) failed: Calibration store didn't load any info
01-15 22:21:15.875  2055  2147 I Distortion: SetLensPositions - iad=0.0629896, left offset=-0.000266064,-0.00102733, right offset=0.00014523,-0.00104481
01-15 22:21:15.875  2055  2147 I Distortion: Created custom distortion mesh.
01-15 22:21:15.875  2055  2147 I PhaseSync: PhaseSync::PhaseSync PaddingLowerLimit 0.350000 StandardDeviations 2.000000 PaddingUpperLimit 0.750000 on instance 5
01-15 22:21:15.875  2055  2147 I VrRuntimeClient: PhaseSync Instance created
01-15 22:21:15.875  2055  2147 D VrRuntimeClient: pokeGuardianUserServiceForThisClient: com.oculus.shellenv:10014
01-15 22:21:15.876  2055  2147 D VrRuntimeClient: VrRuntimeClient: getClientWindow: activity client
01-15 22:21:15.877  2815  2815 D VrGuardianUserService: onStartCommandIntent { act=FOREGROUND_CLIENT cmp=com.oculus.guardian/com.oculus.vrguardianservice.VrGuardianUserService (has extras) }
01-15 22:21:15.877  1332  2755 I VrRuntimeService: RuntimeServiceSDKServer::EnableRendering: 0x76fd3af240, 1, com.oculus.shellenv
01-15 22:21:15.877  2815  2815 D VrGuardianUserService: maybeSubscribeDeviceConfig
01-15 22:21:15.877  1332  2755 I ClientMgr: ClientMgr::EnableRendering 2055:com.oculus.shellenv : type 0 comp-id 1: enable
01-15 22:21:15.877  1332  2755 I CompositorVR: CheckDebuggerConnected: debugger 0
01-15 22:21:15.877  1332  2755 I VrRuntimeServer: SysProp debug mode is disabled on Server side
01-15 22:21:15.877  1332  2755 I UnifiedTelemetryWrapper: Started UT session render:com.oculus.shellenv
01-15 22:21:15.877  2815  2815 D VrGuardianUserService: onStartCommand FOREGROUND_CLIENT user = 0
01-15 22:21:15.878   732   732 D msm8974_platform: platform_split_snd_device: snd_device(2) num devices(1) new_snd_devices(0)
01-15 22:21:15.878   732   732 D ACDB-LOADER: ACDB -> send_audvoltable
01-15 22:21:15.878   732   732 D ACDB-LOADER: ACDB -> ACDB_CMD_GET_AUDPROC_INSTANCE_GAIN_DEP_STEP_TABLE_SIZE
01-15 22:21:15.878  2055  2147 I ScreenCaptureHelper: Advertising com.oculus.shellenv as streamable
01-15 22:21:15.878   732   732 D         : Failed to fetch the lookup information of the device 0000000F 
01-15 22:21:15.878   732   732 D ACDB-LOADER: Error: ACDB_CMD_GET_AUDPROC_INSTANCE_GAIN_DEP_STEP_TABLE_SIZE Returned = -19
01-15 22:21:15.878   732   732 D ACDB-LOADER: ACDB -> ACDB_CMD_GET_AUDPROC_INSTANCE_GAIN_DEP_STEP_TABLE, vol index 8
01-15 22:21:15.878  2055  2147 I VrApi   : OVR::Stats thread started
01-15 22:21:15.878  2055  2147 I XrRuntimeUtils: XrRuntimeUtils::BeginSession
01-15 22:21:15.878  2055  2147 I XrRuntimeSystem_Client: BeginSession
01-15 22:21:15.878  2055  2147 I OpenXR  : ------------ xrBeginSession [end] -----------
01-15 22:21:15.878  2055  2147 I Clay    : Setting CPU/GPU levels= 25/75
01-15 22:21:15.878  2055  2147 I VrRuntimeClient: Client has lost focus.
01-15 22:21:15.878   732   732 D         : Failed to fetch the lookup information of the device 0000000F 
01-15 22:21:15.878   732   732 D ACDB-LOADER: Error: ACDB AudProc vol returned = -19
01-15 22:21:15.878   732   732 D ACDB-LOADER: ACDB -> AUDIO_SET_VOL_CAL cal type = 40
01-15 22:21:15.880  2815  2815 D VrGuardianService: setCurrentUser() called with: userId = [0]
01-15 22:21:15.880  2815  2815 I VrGuardianService: nativeSetCurrentUser userid = 0
01-15 22:21:15.880  2815  2815 I GuardianSystem: GuardianSystem::SetCurrentUser: 0 
01-15 22:21:15.880  2039  2690 I OVRMediaService: onStartCommand Received message type: set_package_name, caller package: no_app_identity, app identify: null
01-15 22:21:15.882  2039  2690 I OVRMediaService: Got package name intent (com.oculus.shellenv)
01-15 22:21:15.887  1332  2585 I ClientMgr: Non-overlay clients rendering status has changed: prev=13, curr=14, enabled=2
01-15 22:21:15.888  2055  7959 D VrApi   : targetSDKVersion 29
01-15 22:21:15.889  2055  7961 I FenceChecker: FenceChecker::MainLoop - started
01-15 22:21:15.890  1332  2585 D VrRuntimeService: ForegroundAppInfo = {uid=10014 pid=2055 packageName=com.oculus.shellenv processName=com.oculus.shellenv
01-15 22:21:15.890  1332  2585 I ClientMgr: GetForegroundClientId: Found foreground uid 10014.
01-15 22:21:15.890  1332  2585 I ClientMgr: Primary client determined to be foreground client: com.oculus.shellenv.
01-15 22:21:15.890  1332  2585 I ClientMgr: ClientMgr::SetPrimaryCompositorClient: 2055:com.oculus.shellenv
01-15 22:21:15.890  1332  2585 W ClientMgr: ClientMgr::GetClientPermissionFlagsById: Client missing proper permissions: com.oculus.shellenv, 2
01-15 22:21:15.890  1332  2585 I CompositorClientMgr: Enable client 1
01-15 22:21:15.890  1332  2585 I VrRuntimeServer: EnableCompositorClient client(1): layer placement(0) flags(1) sm(0x777dc38010)
01-15 22:21:15.890  1332  2585 I ClientMgr: SetPrimaryPackageName - packageName com.oculus.shellenv processName com.oculus.shellenv clientId 3323885075 clientPid 2055
01-15 22:21:15.890  1332  2585 I ServiceInputManager: ServiceInputManager::SetPrimaryPackageName 'com.oculus.shellenv' 'com.oculus.shellenv'  updated AnytimeUI processname 0
01-15 22:21:15.890  1332  2585 I VrRuntimeService: RuntimeIPC: SendPrimaryPackageChangeEvent: PostClientEvent SUCCESS: com.oculus.vrshell:com.oculus.vrshell:Overlay:2331, com.oculus.shellenv, com.oculus.shellenv
01-15 22:21:15.890  1332  2585 I VrRuntimeService: RuntimeIPC: SendPrimaryPackageChangeEvent: PostClientEvent SUCCESS: com.oculus.vrshell:com.oculus.vrshell:2741, com.oculus.shellenv, com.oculus.shellenv
01-15 22:21:15.890  1332  2585 I VrRuntimeService: RuntimeIPC: SendPrimaryPackageChangeEvent: PostClientEvent SUCCESS: com.oculus.shellenv:com.oculus.shellenv:2055, com.oculus.shellenv, com.oculus.shellenv
01-15 22:21:15.890  1332  2585 I VrRuntimeService: RuntimeIPC: SendPrimaryPackageChangeEvent: PostClientEvent SUCCESS: com.oculus.mrservice:com.oculus.mrservice:1778, com.oculus.shellenv, com.oculus.shellenv
01-15 22:21:15.890  1332  2585 I VrRuntimeService: RuntimeIPC: SendPrimaryPackageChangeEvent: PostClientEvent SUCCESS: com.YourCompany.TemplateProject3:com.YourCompany.TemplateProject3:7693, com.oculus.shellenv, com.oculus.shellenv
01-15 22:21:15.890  1332  2585 I VrRuntimeService: RuntimeIPC: SendPrimaryPackageChangeEvent: PostClientEvent SUCCESS: com.oculus.guardian:com.oculus.vrguardianservice:2815, com.oculus.shellenv, com.oculus.shellenv
01-15 22:21:15.890  1332  2585 D VrRuntimeService: sendPrimaryPackageChangeBroadcast
01-15 22:21:15.892  2039  2690 I OVRMediaServiceManager: Sending onAppStart (com.oculus.shellenv) to SocialPlatform (com.oculus.socialplatform)
01-15 22:21:15.892  2331  2331 I chatty  : uid=10020(com.oculus.vrshell) ShellOverlayMai expire 5 lines
01-15 22:21:15.893  2055  2147 I OpenXR  : PostSessionStateChange: XR_SESSION_STATE_READY -> XR_SESSION_STATE_SYNCHRONIZED
01-15 22:21:15.893  2055  2147 I Clay    : xrPollEvent: SESSION_STATE_CHANGED: SYNCHRONIZED
01-15 22:21:15.893  1332  7566 I CompositorVR: LatchWarpClients: Multiple Primary Clients detected. Skipping frames for 7
01-15 22:21:15.893  1332  7566 I SwapChain: DestroyAndroidSurfaceSwapChain: 0x76fd35b000: Destroying SurfaceTexture 0x2986 Surface 0x2996
01-15 22:21:15.893  1778  1811 I [CT]    : MIXEDREALITY: MrServiceController: VrFocusManager::Top Activity Changed, topActivity now is: 'com.YourCompany.TemplateProject3', immersiveApp now is: 'com.YourCompany.TemplateProject3'.
01-15 22:21:15.893  1332  2585 I AADT    : SetAADTLutDataX: 0
01-15 22:21:15.893  1332  2585 I AADT    : SetAADTLutDataY: 0
01-15 22:21:15.893  1332  2585 I ServiceInputManager: DEADRECKONING deadReckoning mode on ClientMgr from server is 0
01-15 22:21:15.894  1332  7566 I CompositorVR: SetSchedFifo( tid=2147, pol=3, pri=0 ) succeeded
01-15 22:21:15.894  1332  2585 I CompositorClientMgr: Enable client 0
01-15 22:21:15.894  1332  7566 I CompositorVR: SetSchedFifo( tid=7961, pol=3, pri=0 ) succeeded
01-15 22:21:15.894  1332  7566 I AADT    : SetAADTLutDataX. Thread. SizeX: 0
01-15 22:21:15.894  1332  7566 I AADT    : SetAADTLutDataY. Thread. SizeY: 0
01-15 22:21:15.894  1778  3209 I [CT]    : MIXEDREALITY: MrServiceView: renderIteration: Nothing to render, hibernating the rendering thread since ID is off and no active PT layers.
01-15 22:21:15.894  1778  3209 I [CT]    : MIXEDREALITY: MrServiceModel: Hibernating caller (most likely rendering thread) due to commandQueue being empty.
01-15 22:21:15.894  1332  2585 I VrRuntimeServer: EnableCompositorClient client(0): layer placement(2147483643) flags(8) sm(0x7728a66160)
01-15 22:21:15.896  2815  2931 I GuardianSystem: runtimeServiceSDKClient_.ForceShowGuardianEvent
01-15 22:21:15.896  2815  2931 I GuardianSystem: ForceShowGuardian: false, 0.00
01-15 22:21:15.896  2815  2931 I GuardianSystem: runtimeServiceSDKClient_.PackageChangeEvent: package=[com.oculus.shellenv], process=[com.oculus.shellenv]
01-15 22:21:15.896  2815  2931 I GuardianSystem: SetCurrentProcessName: com.oculus.shellenv, previous ProcessName: com.YourCompany.TemplateProject3
01-15 22:21:15.900  1050  1647 W AppOps  : Noting op not finished: uid 10020 pkg com.oculus.vrshell code 24 time=1673821275705 duration=-1
01-15 22:21:15.901  1332  2585 I Vsync   : Adjusting vsync display refresh rate 72.000000 -> 90.000000
01-15 22:21:15.901  2055  7959 I JniUtils: ovr_GetCurrentPackageSignature 
01-15 22:21:15.902  1332  7566 I CompositorVR: LatchWarpClients: Multiple Primary Clients detected. Skipping frames for 7
01-15 22:21:15.903  1332  7566 I CompositorVR: WarpToScreen: Skipping frames for 7
01-15 22:21:15.905  1050  1647 E WindowManager: App trying to use insecure INPUT_FEATURE_NO_INPUT_CHANNEL flag. Ignoring
01-15 22:21:15.916  1332  7566 I CompositorVR: WarpToScreen: Skipping frames for 7
01-15 22:21:15.927   886   989 D VrApiService: refresh-rate changed to 90Hz
01-15 22:21:15.927  1332  2585 I VrRuntimeServer: DisableCompositorClient: 0
01-15 22:21:15.927  1332  2585 I CompositorClientMgr: Disable client 0
01-15 22:21:15.927  1332  2585 I CompositorClientMgr: DisableClient: frame flush required: 1
01-15 22:21:15.928   792  1005 I SDM     : HWCDisplayBuiltIn::Validate: Validate +++ enable cac = 0
01-15 22:21:15.930  1332  7566 I CompositorVR: LatchWarpClients: Multiple Primary Clients detected. Skipping frames for 7
01-15 22:21:15.930  1332  7566 I CompositorVR: WarpToScreen: Skipping frames for 7
01-15 22:21:15.936  2055  7959 I Metrics : device name = Oculus Quest 2
01-15 22:21:15.936  3874  3948 I MediaUploader: Start queuing media for upload
01-15 22:21:15.938  3874  3948 I MediaUploader: media sync preference is enabled: true
01-15 22:21:15.942  1332  1348 E BufferQueueProducer: [SurfaceTexture-71-1332-20] dequeueBuffer: BufferQueue has been abandoned
01-15 22:21:15.942   765   765 E CompositionEngine: ANativeWindow::dequeueBuffer failed for display [com.oculus.android_panel_app.AndroidPanelLayer-#main] with error: -19
01-15 22:21:15.942   765   765 W SurfaceFlinger: Dequeuing buffer for display [com.oculus.android_panel_app.AndroidPanelLayer-#main] failed, bailing out of client composition for this frame
01-15 22:21:15.943  1050  1076 E system_server: Dex checksum does not match for dex: /system/priv-app/ShellEnv/ShellEnv.apk.Expected: 1576427906, actual: 3617447080
01-15 22:21:15.944  1332  7566 I CompositorVR: WarpToScreen: Skipping frames for 7
01-15 22:21:15.945  1332  1332 I ClientMgr: FocusedWindowChanged: falling back to client with same uid: 10020, and pid: 2741
01-15 22:21:15.945  1332  1332 I ClientMgr: FocusedClient changed.
01-15 22:21:15.945  1332  1332 I ClientMgr: ClientMgr::SetFocusedClient: 2741:com.oculus.vrshell type 1
01-15 22:21:15.945  1332  1332 I ClientMgr: SetFocusedPackageName - packageName com.oculus.vrshell processName com.oculus.vrshell clientId 1001679667 clientPid 2741
01-15 22:21:15.945  1332  1332 I VrRuntimeService: RuntimeIPC: SendFocusChangeEventToAllClients: PostClientEvent SUCCESS: com.oculus.vrshell:com.oculus.vrshell:Overlay:2331, com.oculus.vrshell, com.oculus.vrshell
01-15 22:21:15.945  1332  1332 I VrRuntimeService: RuntimeIPC: SendFocusChangeEventToAllClients: PostClientEvent SUCCESS: com.oculus.vrshell:com.oculus.vrshell:2741, com.oculus.vrshell, com.oculus.vrshell
01-15 22:21:15.945  1332  1332 I VrRuntimeService: RuntimeIPC: SendFocusChangeEventToAllClients: PostClientEvent SUCCESS: com.oculus.shellenv:com.oculus.shellenv:2055, com.oculus.vrshell, com.oculus.vrshell
01-15 22:21:15.945  1332  1332 I VrRuntimeService: RuntimeIPC: SendFocusChangeEventToAllClients: PostClientEvent SUCCESS: com.oculus.mrservice:com.oculus.mrservice:1778, com.oculus.vrshell, com.oculus.vrshell
01-15 22:21:15.945  1332  1332 I VrRuntimeService: RuntimeIPC: SendFocusChangeEventToAllClients: PostClientEvent SUCCESS: com.YourCompany.TemplateProject3:com.YourCompany.TemplateProject3:7693, com.oculus.vrshell, com.oculus.vrshell
01-15 22:21:15.945  1332  1332 I VrRuntimeService: RuntimeIPC: SendFocusChangeEventToAllClients: PostClientEvent SUCCESS: com.oculus.guardian:com.oculus.vrguardianservice:2815, com.oculus.vrshell, com.oculus.vrshell
01-15 22:21:15.948  3795  3795 D MetaCam (MediaCapabilityChecker): checkMediaHasRecordingCapabilities packageName: com.oculus.vrshell
01-15 22:21:15.948  3795  3795 D MetaCam (MediaCapabilityChecker): checkMediaHasRecordingCapabilities packageName: com.oculus.vrshell
01-15 22:21:15.948  2039  2515 I OVRMediaServiceManager: Sending onAppStart (com.oculus.shellenv) to SocialPlatform (com.oculus.socialplatform)
01-15 22:21:15.950  1332  7566 I Vsync   : Vsync 3688:  1 x 11.14 ms (71.82 Hz, at 222.319)
01-15 22:21:15.955  1332  7566 I CompositorVR: WarpToScreen: Skipping frames for 7
01-15 22:21:15.961  1332  7566 I Vsync   : Vsync 3689:  1 x 11.13 ms (71.82 Hz, at 222.330)
01-15 22:21:15.967  1332  7566 I CompositorVR: WarpToScreen: Skipping frames for 7
01-15 22:21:15.976  1332  7566 I CompositorVR: WarpToScreen: Skipping frames for 7
01-15 22:21:15.977  2055  2147 I Clay    : xrPollEvent: DISPLAY_REFRESH_RATE_CHANGED_FB: 72.000000 -> 90.000000
01-15 22:21:15.984  1050  1076 I ActivityTaskManager: Displayed com.oculus.shellenv/.ShellEnvActivity: +223ms
01-15 22:21:15.987  1332  7566 I CompositorVR: WarpToScreen: Skipping frames for 7
01-15 22:21:16.009  1332  7566 I chatty  : uid=10025(com.oculus.systemdriver) OVR::TimeWarp identical 7 lines
01-15 22:21:16.020  1332  7566 I CompositorVR: WarpToScreen: Skipping frames for 7
01-15 22:21:16.024  1332  2603 I VrRuntimeService: DestroySwapChain: swapchain=177
01-15 22:21:16.024  1332  2472 I SwapChain: DestroyAndroidSurfaceSwapChain: 0x771e31f000: Destroying SurfaceTexture 0x2946 Surface 0x2956
01-15 22:21:16.024  1332  2603 I VrRuntimeServer: DestroyTextureSwapChain: result destroyswapchain 1
01-15 22:21:16.025  1332  2603 I VrRuntimeService: DestroySwapChain: swapchain=176
01-15 22:21:16.025  1332  2472 I SwapChain: DestroyAndroidSurfaceSwapChain: 0x771e2e6000: Destroying SurfaceTexture 0x290a Surface 0x291a
01-15 22:21:16.025  1332  2603 I VrRuntimeServer: DestroyTextureSwapChain: result destroyswapchain 1
01-15 22:21:16.026  1754  1774 I RPCServer: HandleClientDisconnect: Client: com.oculus.vrshell:com.oculus.vrshell:Overlay:2331, Server: com.oculus.os.dialoghost:com.oculus.os.dialoghost (DialogHostService)
01-15 22:21:16.028  1332  1332 D VrRuntimeService: onForegroundActivitiesChanged: pid=2741, uid=10020, hasForegroundActivities=false
01-15 22:21:16.031  7693  7794 I chatty  : uid=10126(com.YourCompany.TemplateProject3) expire 3 lines
01-15 22:21:16.032  1332  7566 I CompositorVR: WarpToScreen: Skipping frames for 7
01-15 22:21:16.034  2331  2687 I chatty  : uid=10020(com.oculus.vrshell) ShellOverlayVR expire 2 lines
01-15 22:21:16.036  2741  3012 I chatty  : uid=10020(com.oculus.vrshell) ShellMainVR expire 2 lines
01-15 22:21:16.036  2331  2687 I chatty  : uid=10020(com.oculus.vrshell) ShellOverlayVR expire 11 lines
01-15 22:21:16.038  2741  3012 I chatty  : uid=10020(com.oculus.vrshell) ShellMainVR expire 2 lines
01-15 22:21:16.041  2331  2687 I chatty  : uid=10020(com.oculus.vrshell) ShellOverlayVR expire 4 lines
01-15 22:21:16.043  1332  7566 I CompositorVR: WarpToScreen: Skipping frames for 7
01-15 22:21:16.049  2039  2714 I OVRMediaService: onStartCommand Received message type: overlay_input_focus_change, caller package: com.oculus.vrshell, app identify: AppIdentity{uid=10020, packageNames=[com.oculus.vrshell], sha1=MxZgtt071YLz39PLrkVGckZooCE, sha2=3C-DTjwZQjeLFPB2yCzRq1nqZWa_9HMLIEfpjvyfna8, version=null, domain=null}
01-15 22:21:16.054  1332  7566 I CompositorVR: WarpToScreen: Skipping frames for 7
01-15 22:21:16.056  2331  2687 I ClientInputInterface: SetInhibitHandleHomeKey 0 for process com.oculus.vrshell 2331
01-15 22:21:16.056  2331  2687 I [OAO] VrPlatformOpenXr: VrPlatformOpenXr::SetPropInhibitHandleHomeKey result = 0
01-15 22:21:16.056  2331  2687 I [OAO] ModelDef: Destroying ModelFileModel guardianLaserBeam.gltf.ovrscene
01-15 22:21:16.056  2331  2687 I [OAO] ModelDef: Destroying ModelFileModel pinchArrowBlend.gltf.ovrscene
01-15 22:21:16.057  2331  2687 I [OAO] ModelDef: Destroying ModelFileModel guardianLaserBeam.gltf.ovrscene
01-15 22:21:16.057  2331  2687 I [OAO] ModelDef: Destroying ModelFileModel pinchArrowBlend.gltf.ovrscene
01-15 22:21:16.057  2331  2687 I [OAO] SwapChainApiOpenXr: Destroying SwapChain:0xec6db6d0
01-15 22:21:16.058  2039  2228 W OVRLibrary: null cursor received for query content://com.oculus.ocms.library/apps/com.oculus.vrshell
01-15 22:21:16.059  1332  2603 I VrRuntimeService: DestroySwapChain: swapchain=178
01-15 22:21:16.060  2331  2687 I [OAO] DragDropController: OnBackground
01-15 22:21:16.060  2331  2687 I [OAO] DesktopPanelControllerAnalytics: DesktopPanelControllerAnalytics flushing telemetry
01-15 22:21:16.060  2331  2687 I [OAO] VrPlatformOpenXr: RequestEndSession state XR_SESSION_STATE_VISIBLE    focused:0
01-15 22:21:16.060  2331  2687 D [OAO] ShellApplication: setOverlayInputFocus: inputFocus=false shouldSupportIME=false
01-15 22:21:16.064  1701  1701 D OculusNotificationListenerService: Notification posted: 0|android|0|com.android.server.wm.AlertWindowNotification - com.oculus.vrshell|1000
01-15 22:21:16.064  2331  2687 D [OAO] BaseOverlayService: setOverlayInputFocus : entrypoint - inputFocus=false shouldSupportIME=false
01-15 22:21:16.064  2331  2687 I OpenXR  : ------------ RequestExitSession [start] -----------
01-15 22:21:16.064  2331  2687 I OpenXR  : ------------ RequestExitSession [end] -----------
01-15 22:21:16.064  2331  2687 I OpenXR  : PostSessionStateChange: XR_SESSION_STATE_VISIBLE -> XR_SESSION_STATE_SYNCHRONIZED
01-15 22:21:16.065  2331  2687 I [OAO] VrPlatformOpenXr: xrPollEvent: received XR_TYPE_EVENT_DATA_SESSION_STATE_CHANGED: 3 for session 0x2 at time 222.433615
01-15 22:21:16.065  2331  2687 I [OAO] VrPlatformOpenXr: Session state changed XR_SESSION_STATE_SYNCHRONIZED
01-15 22:21:16.065  2331  2687 I OpenXR  : PostSessionStateChange: XR_SESSION_STATE_SYNCHRONIZED -> XR_SESSION_STATE_STOPPING
01-15 22:21:16.065  2331  2687 I [OAO] VrPlatformOpenXr: xrPollEvent: received XR_TYPE_EVENT_DATA_SESSION_STATE_CHANGED: 6 for session 0x2 at time 222.433705
01-15 22:21:16.065  2331  2687 I [OAO] VrPlatformOpenXr: Session state changed XR_SESSION_STATE_STOPPING
01-15 22:21:16.065  2331  2687 I [OAO] VrPlatformOpenXr: EndSession state XR_SESSION_STATE_STOPPING    focused:0
01-15 22:21:16.065  2331  2687 I [OAO] VrPlatformOpenXr: EndSession calling MrServiceClient EndSession
01-15 22:21:16.065  1332  7566 I CompositorVR: WarpToScreen: Skipping frames for 7
01-15 22:21:16.065  2331  2331 D [OAO] BaseOverlayService: detachServiceWindowView
01-15 22:21:16.065  1778  3220 I [CT]    : MIXEDREALITY: MrFeatureStatus: Client status changed from Started to Paused.
01-15 22:21:16.065  1778  3220 I [CT]    : MIXEDREALITY: MrFeatureStatus: Target status Paused, CurrentStatus: Started
01-15 22:21:16.065  1778  3220 I [CT]    : MIXEDREALITY: MrFeatureStatus: Operation chain: Pause
01-15 22:21:16.065  1778  3220 I [CT]    : MIXEDREALITY: MrFeatureStatus: Global status changed from Started to Paused.
01-15 22:21:16.065  1778  3220 I [CT]    : MIXEDREALITY: MrServiceController: Queuing command linked to operation Pause for feature 0
01-15 22:21:16.066  1778  3209 I [CT]    : MIXEDREALITY: OpenXrSupport: renderIteration: Display refresh rate changed, new value: 90.
01-15 22:21:16.066  1778  3209 I [CT]    : MIXEDREALITY: MrRuntimeImpl: onDisplayRefreshRateChanged: Display rate changed from 72 to 90.
01-15 22:21:16.066  1778  3209 I [CT]    : MIXEDREALITY: MrRuntimeImpl: Force telemetry to be sent now.
01-15 22:21:16.066  1778  3209 I [CT]    : MIXEDREALITY: MrRuntimeImpl: Reset telemetry such to start collecting data using the new refresh rate.
01-15 22:21:16.066  1778  3209 I [CT]    : MIXEDREALITY: MrRuntimeImpl: setSessionInitTime: Capability 0: timer set to 222.434842361 ns, duration reset after 30.671784676 s.
01-15 22:21:16.066  1778  3209 I [CT]    : MIXEDREALITY: MrRuntimeImpl: setSessionInitTime: Capability 2: timer set to 222.434868454 ns, duration reset after 30.671793218 s.
01-15 22:21:16.066  1778  3209 I [CT]    : MIXEDREALITY: MrServiceView: renderIteration: Nothing to render, hibernating the rendering thread since ID is off and no active PT layers.
01-15 22:21:16.066  1778  3209 I [CT]    : MIXEDREALITY: MrServiceController: Executing passthroughPause on model
01-15 22:21:16.066  1778  3209 I [CT]    : MIXEDREALITY: MrServiceModel: passthroughPause()
01-15 22:21:16.066  1778  3209 I [CT]    : MIXEDREALITY: MrServiceModel: passthroughPause: Paused Passthrough
01-15 22:21:16.066  1778  3209 I [CT]    : MIXEDREALITY: MrRuntimeImpl: onPause: Capability 0 on device 2.
01-15 22:21:16.067  1778  3209 I [CT]    : MIXEDREALITY: MrRuntimeImpl: onPause: Capability 1 on device 2.
01-15 22:21:16.067   862  3182 I [CT]    : MIXEDREALITY: MrSystemServiceIPCServer: ChangeMrCapabilityStatusNonBlocking: client 3139527068, capability 0, command 0.
01-15 22:21:16.067   862  3182 I [CT]    : MIXEDREALITY: ServiceLogic: Stopping: Passthrough
01-15 22:21:16.067   862  3182 I [CT]    : MIXEDREALITY: MrRuntimeCompute: onStop: Passthrough.
01-15 22:21:16.067   862  3182 I [CT]    : MIXEDREALITY: MrRuntimeCompute: onStop: All capabilities using stereopipeline are off, pausing stereo pipeline.
01-15 22:21:16.067   862  3182 I [CT]    : MIXEDREALITY: MrSystemServiceIPCServer: ChangeMrCapabilityStatusNonBlocking: client 3139527068, capability 1, command 0.
01-15 22:21:16.067   862  3182 I [CT]    : MIXEDREALITY: ServiceLogic: Stopping: Playspace
01-15 22:21:16.067   862  3182 I [CT]    : MIXEDREALITY: MrRuntimeCompute: onStop: Playspace.
01-15 22:21:16.067   862  3182 I [CT]    : MIXEDREALITY: MrRuntimeCompute: onStop: All capabilities using stereopipeline are off, pausing stereo pipeline.
01-15 22:21:16.067  1778  3209 W OsSdk   : Requested historical tracking state too far in the past; oldest: 222.149566s, requested: 219.586750s
01-15 22:21:16.067  2741  3012 I ClientInputSettings: HANDTRACKING: Manifest Permission request for com.oculus.vrshell
01-15 22:21:16.069  2039  2714 I OVRMediaService: Received OVERLAY_INPUT_FOCUS_CHANGE. is focused: true
01-15 22:21:16.070  1332  7566 I CompositorVR: SetSchedFifo( tid=3209, pol=5, pri=1 ) succeeded
01-15 22:21:16.070   874  7554 W [CT]    : TIMESTAMPCHECKER: Nominal rate wrong. Estimated data rate: 25, Nominal is 30.000300003000028
01-15 22:21:16.073  1778  3209 I [CT]    : MIXEDREALITY: MrServiceModel: Hibernating caller (most likely rendering thread) due to commandQueue being empty.
01-15 22:21:16.076  1332  7566 I CompositorVR: WarpToScreen: Skipping frames for 7
01-15 22:21:16.098  1332  7566 I CompositorVR: WarpToScreen: Skipping frames for 7
01-15 22:21:16.099  2741  3012 I ClientInputSettings: HANDTRACKING:  'com.oculus.vrshell' Is hands or controller.
01-15 22:21:16.100  2741  3012 I ClientInputSettings: HANDTRACKING: feature flag set to 2
01-15 22:21:16.100  2741  3012 I ClientInputInterface: HANDTRACKING sethandmanifest 2
01-15 22:21:16.100  2741  3012 D InputHooksJava: Enabling Java Input Hooks
01-15 22:21:16.100  2741  3012 W InputHooksJava: Unable to enable input hooks on a non-Activity Context
01-15 22:21:16.100  2741  3012 I InputDeviceManager: ovrInputDeviceManager::Initialize
01-15 22:21:16.100  2741  3012 I Distortion: Initializing Mesh Decenter Correction
01-15 22:21:16.101  2741  7966 I InputDevice_TrackedRemote: Using new float conversion.
01-15 22:21:16.101  1701  1701 D OculusNotificationListenerService: Notification removed: 0|android|0|com.android.server.wm.AlertWindowNotification - com.oculus.vrshell|1000
01-15 22:21:16.101   857   857 E CalibrationProvider: loadCalibration(LDISP_SN) failed: Calibration store didn't load any info
01-15 22:21:16.101  2331  2331 D [OAO] BaseOverlayService: setOverlayInputFocus : completed - inputFocus=false shouldSupportIME=false actionTaken:true
01-15 22:21:16.101   857   857 E CalibrationProvider: loadCalibration(RDISP_SN) failed: Calibration store didn't load any info
01-15 22:21:16.102   874   874 W TrackingService: attachClient: found client in attached list
01-15 22:21:16.102  2741  3012 I Distortion: SetLensPositions - iad=0.0629896, left offset=-0.000266064,-0.00102733, right offset=0.00014523,-0.00104481
01-15 22:21:16.102  2741  3012 I Distortion: Initializing Mesh Decenter Correction
01-15 22:21:16.102   857   857 E CalibrationProvider: loadCalibration(LDISP_SN) failed: Calibration store didn't load any info
01-15 22:21:16.102   857   857 E CalibrationProvider: loadCalibration(RDISP_SN) failed: Calibration store didn't load any info
01-15 22:21:16.103  2741  3012 I Distortion: SetLensPositions - iad=0.0629896, left offset=-0.000266064,-0.00102733, right offset=0.00014523,-0.00104481
01-15 22:21:16.103   874   874 D TrackingService: getSharedMemory: com.oculus.vrshell#2741, Controller
01-15 22:21:16.103  2741  3012 I Distortion: Created custom distortion mesh.
01-15 22:21:16.104  2741  7966 I InputDevice_TrackedRemote: REMOTE: Hand=2 IndexAnalog=0.00 GripAnalog=0.00 Buttons=0x00000000
01-15 22:21:16.104  2741  7966 I InputDevice_TrackedRemote: REMOTE: Hand=1 IndexAnalog=0.00 GripAnalog=0.00 Buttons=0x00000000
01-15 22:21:16.104  2741  7966 I InputDeviceManager: HANDTRACKING Pointer filter profile changed to: 0
01-15 22:21:16.104  2741  7966 I InputDeviceManager: HANDTRACKING Pointer filter profile changed to: 0
01-15 22:21:16.104  2741  7966 I InputDeviceManager: HANDTRACKING Root pose filter profile changed for (version, freq) to (2, 1) from (1,2)
01-15 22:21:16.104  2741  3012 I PhaseSync: PhaseSync::PhaseSync PaddingLowerLimit 0.350000 StandardDeviations 2.000000 PaddingUpperLimit 0.750000 on instance 5
01-15 22:21:16.104  2741  3012 I VrRuntimeClient: PhaseSync Instance created
01-15 22:21:16.104  1332  3009 I VrRuntimeService: RuntimeServiceSDKServer::EnableRendering: 0x0, 0, com.oculus.vrshell
01-15 22:21:16.104  1332  3009 I ClientMgr: EnableRendering2: invalid clientWindow, testing uid/pid
01-15 22:21:16.104  1332  3009 I ClientMgr: EnableRendering2: matched uid: 10020 and pid: 2741 
01-15 22:21:16.104  1332  3009 I ClientMgr: EnableRendering2: Calling SetFocusedClient: 1001679667
01-15 22:21:16.104  1332  3009 I ClientMgr: ClientMgr::SetFocusedClient: 2741:com.oculus.vrshell type 1
01-15 22:21:16.104  1332  3009 I ClientMgr: SetFocusedPackageName - packageName com.oculus.vrshell processName com.oculus.vrshell clientId 1001679667 clientPid 2741
01-15 22:21:16.104  1332  3009 I ClientMgr: ClientMgr::EnableRendering 2741:com.oculus.vrshell : type 1 comp-id 3: enable
01-15 22:21:16.104  1332  3009 I CompositorClientMgr: Enable client 3
01-15 22:21:16.104  1332  3009 I VrRuntimeServer: EnableCompositorClient client(3): layer placement(2147483647) flags(0) sm(0x777d148010)
01-15 22:21:16.104  1332  3009 I CompositorVR: CheckDebuggerConnected: debugger 0
01-15 22:21:16.104  1332  3009 I VrRuntimeServer: SysProp debug mode is disabled on Server side
01-15 22:21:16.104  1332  3009 I UnifiedTelemetryWrapper: Started UT session render:com.oculus.vrshell
01-15 22:21:16.104  2741  3012 I VrApi   : OVR::Stats thread started
01-15 22:21:16.104  2741  3012 I XrRuntimeUtils: XrRuntimeUtils::BeginSession
01-15 22:21:16.104  2741  3012 I XrRuntimeSystem_Client: BeginSession
01-15 22:21:16.104  2741  3012 I OpenXR  : ------------ xrBeginSession [end] -----------
01-15 22:21:16.105  1778  3244 I [CT]    : MIXEDREALITY: MrFeatureStatus: Client status changed from Paused to Started.
01-15 22:21:16.105  1778  3244 I [CT]    : MIXEDREALITY: MrFeatureStatus: Target status Started, CurrentStatus: Paused
01-15 22:21:16.105  1778  3244 I [CT]    : MIXEDREALITY: MrFeatureStatus: Operation chain: Start
01-15 22:21:16.105  1778  3244 I [CT]    : MIXEDREALITY: MrFeatureStatus: Global status changed from Paused to Started.
01-15 22:21:16.105  1778  3244 I [CT]    : MIXEDREALITY: MrServiceController: Queuing command linked to operation Start for feature 0
01-15 22:21:16.105  2741  3012 I [SEO] VrPlatformOpenXr: VrPlatformOpenXr::SetPropInhibitHandleHomeKey inhibit:1
01-15 22:21:16.105  2741  3012 I OpenXR_DeviceSettings: ------------ xrSetDeviceSettingBooleanFB -----------
01-15 22:21:16.105  2741  3012 I ClientInputSettings: SetInhibitHandleHomeKey = true for com.oculus.vrshell
01-15 22:21:16.105  2741  3012 I ClientInputInterface: SetInhibitHandleHomeKey 1 for process com.oculus.vrshell 2741
01-15 22:21:16.105  2741  3012 I [SEO] VrPlatformOpenXr: VrPlatformOpenXr::SetPropInhibitHandleHomeKey result = 0
01-15 22:21:16.105  2741  3012 I [SEO] Compositor: EnterVrMode with eye buffer: 1440x1584 : 3
01-15 22:21:16.105  2741  3012 I [SEO] AudioMixer: Enabling AudioPlayer.
01-15 22:21:16.105  2741  3012 I [SEO] AudioEngine: virtual void AudioLibrary::AudioEngine::EnablePlayer()
01-15 22:21:16.107  2741  3012 D         : PlayerBase::PlayerBase()
01-15 22:21:16.108  2741  3012 D         : TrackPlayerBase::TrackPlayerBase()
01-15 22:21:16.108  2741  3012 I libOpenSLES: Emulating old channel mask behavior (ignoring positional mask 0x3, using default mask 0x3 based on channel count of 2)
01-15 22:21:16.109  1332  7566 I CompositorVR: LatchWarpClients: Multiple Primary Clients detected. Skipping frames for 7
01-15 22:21:16.110  1332  7566 I CompositorVR: WarpToScreen: Skipping frames for 7
01-15 22:21:16.111   732   732 I audio_hw_primary: getting vr mode to 0
01-15 22:21:16.112   754   979 I AudioPolicyManagerCustom: VR mode is 0, switch to primary output if request is for fast|raw
01-15 22:21:16.112  2331  2687 I [OAO] VrPlatformOpenXr: EndSession MrServiceClient EndSession passed
01-15 22:21:16.112  2331  2687 I [OAO] VrPlatformOpenXr: EndSession calling xrEndSession
01-15 22:21:16.112  2331  2687 I OpenXR  : ------------ xrEndSession [start] -----------
01-15 22:21:16.112  2331  2687 I XrRuntimeUtils: XrRuntimeUtils::EndSession
01-15 22:21:16.113  1778  3209 I [CT]    : MIXEDREALITY: MrServiceController: Executing passthroughStart on model
01-15 22:21:16.113  1778  3209 I [CT]    : MIXEDREALITY: MrServiceModel: passthroughStart()
01-15 22:21:16.113  1778  3209 I [CT]    : MIXEDREALITY: MrServiceModel: passthroughStart: Started Passthrough
01-15 22:21:16.116   754   979 W AudioFlinger: createTrack_l(): mismatch between requested flags (00000104) and output flags (00000006)
01-15 22:21:16.116   754   979 D AudioFlinger: Client defaulted notificationFrames to 192 for frameCount 384
01-15 22:21:16.121  1332  7566 I CompositorVR: WarpToScreen: Skipping frames for 7
01-15 22:21:16.122  2039  2228 I OVRMediaService: onStartCommand Received message type: overlay_input_focus_change, caller package: com.oculus.vrshell, app identify: AppIdentity{uid=10020, packageNames=[com.oculus.vrshell], sha1=MxZgtt071YLz39PLrkVGckZooCE, sha2=3C-DTjwZQjeLFPB2yCzRq1nqZWa_9HMLIEfpjvyfna8, version=null, domain=null}
01-15 22:21:16.132  1332  7566 I CompositorVR: WarpToScreen: Skipping frames for 7
01-15 22:21:16.139   754   979 D AF::TrackHandle: OpPlayAudio: track:70 uid:10020 pkg:com.oculus.vrshell usage:1 not muted
01-15 22:21:16.140  2635  2653 I .socialplatfor: Background concurrent copying GC freed 6178(700KB) AllocSpace objects, 4(80KB) LOS objects, 49% free, 2837KB/5675KB, paused 3.720ms total 236.093ms
01-15 22:21:16.141  2331  2331 D VrNotificationAnalytics: logNotificationPosted: key(0|android|0|com.android.server.wm.AlertWindowNotification - com.oculus.vrshell|1000), type(third_party), isToast(false)
01-15 22:21:16.142  2331  2331 I [OAO] VrNotificationListenerService: onNotificationPosted() - key = 0|android|0|com.android.server.wm.AlertWindowNotification - com.oculus.vrshell|1000, type = third_party, isToast = false, isBlocked with reason = true Blocked by does not contain all markers for a toast notification
01-15 22:21:16.142  2331  2331 D [OAO] VrBroadcastReceiver: action: com.oculus.vrshell.intent.action.NOTIFICATION_WAKE
01-15 22:21:16.143  1332  7566 I CompositorVR: WarpToScreen: Skipping frames for 7
01-15 22:21:16.144  2331  2331 I [OAO] VrNotificationListenerService: onNotificationRemoved() - key = 0|android|0|com.android.server.wm.AlertWindowNotification - com.oculus.vrshell|1000, type = third_party
01-15 22:21:16.144  2331  2331 D VrNotificationAnalytics: logNotificationRemoved(third_party)
01-15 22:21:16.145  2741  3012 I AudioTrack: createTrack_l(1): AUDIO_OUTPUT_FLAG_FAST successful; frameCount 0 -> 384
01-15 22:21:16.151  1373  1373 V AvrcpMediaPlayerList: onPlaybackConfigChanged(): Configs list size=8
01-15 22:21:16.152  2331  2331 D [OAO] VrNotificationService: VrNotificationService onStartCommand() Intent { cmp=com.oculus.vrshell/.VrNotificationService }
01-15 22:21:16.154  1332  7566 I CompositorVR: WarpToScreen: Skipping frames for 7
01-15 22:21:16.164  2741  7969 D VrApi   : targetSDKVersion 29
01-15 22:21:16.165  2039  2228 I OVRMediaService: Received OVERLAY_INPUT_FOCUS_CHANGE. is focused: false
01-15 22:21:16.165  1332  7566 I CompositorVR: WarpToScreen: Skipping frames for 7
01-15 22:21:16.169  1778  3209 I [CT]    : MIXEDREALITY: MrServiceView: renderIteration: Nothing to render, hibernating the rendering thread since ID is off and no active PT layers.
01-15 22:21:16.169  1778  3209 I [CT]    : MIXEDREALITY: MrServiceModel: Hibernating caller (most likely rendering thread) due to commandQueue being empty.
01-15 22:21:16.176  2741  7969 I JniUtils: ovr_GetCurrentPackageSignature 
01-15 22:21:16.176  1332  7566 I CompositorVR: WarpToScreen: Skipping frames for 7
01-15 22:21:16.177  2741  3012 D [SEO] ShellApplication: requestAudioFocus, transientFocus=false
01-15 22:21:16.177  2741  3012 W AudioManager: Use of stream types is deprecated for operations other than volume control
01-15 22:21:16.177  2741  3012 W AudioManager: See the documentation of requestAudioFocus() for what to use instead with android.media.AudioAttributes to qualify your playback use case
01-15 22:21:16.178  2741  7969 I Metrics : device name = Oculus Quest 2
01-15 22:21:16.179  2331  2687 D VrApi   : targetSDKVersion 29
01-15 22:21:16.183  1050  1398 I MediaFocusControl: requestAudioFocus() from uid/pid 10020/2741 clientId=android.media.AudioManager@5b96d0fcom.oculus.vrshell.ShellAudioFocusHandler@7c8319c callingPack=com.oculus.vrshell req=1 flags=0x0 sdk=29
01-15 22:21:16.186  2331  2687 I VrRuntimeClient: DEVICE MODEL NUMBER = Quest 2
01-15 22:21:16.186  2331  2687 I VrRuntimeClient: DEVICE BUILD NAME = user-49068160412800150
01-15 22:21:16.186  2331  2687 I VrRuntimeClient: DEVICE BUILD TYPE = user
01-15 22:21:16.186  2331  2687 I VrRuntimeClient: DEVICE OS VERSION = 10
01-15 22:21:16.186  2331  2687 I VrRuntimeClient: API LOADER VERSION = 1.0.22
01-15 22:21:16.186  2331  2687 I VrRuntimeClient: RUNTIME API VERSION = 1.0.25
01-15 22:21:16.186  2331  2687 I VrRuntimeClient: RUNTIME VERSION = 47.0.0.282.341 Nov 25 2022 14:16:37 RELEASE
01-15 22:21:16.186  2331  2687 I VrRuntimeClient: APP NAME = Oculus App Runtime
01-15 22:21:16.186  2331  2687 I VrRuntimeClient: APP VERSION = 47.0.0.282.341 versionCode 428237138 internalVersionName 47.0.0.282.341.8e28c4f8052b 2022_12_12_06_16
01-15 22:21:16.186  2331  2687 I VrRuntimeClient: APP VR TYPE = vr_only
01-15 22:21:16.186  2331  2687 I VrRuntimeClient: APP MODE TYPE = VR
01-15 22:21:16.186  2331  2687 I VrRuntimeClient: APP PACKAGE NAME = com.oculus.vrshell
01-15 22:21:16.186  2331  2687 I VrRuntimeClient: APP ACTIVITY CLASS = com.oculus.vrshell.ShellOverlayService
01-15 22:21:16.187  1332  7566 I CompositorVR: WarpToScreen: Skipping frames for 7
01-15 22:21:16.188  2741  3012 I [SEO] AudioSystem: Got audio focus : 1
01-15 22:21:16.189  2331  2687 D BatteryReceiver: Unregistering battery receiver
01-15 22:21:16.190  2331  2687 I Sensor  : OSSDKTRACKING Shutdown tracking
