02-08 22:46:53.847 21033 21115 E OsSdk   : error getting shared memory region, memory type: HeadTracker, failed with Status(-1, EX_SECURITY): 'requested shared memory region when not registered/focused'
02-08 22:46:53.889   883  9961 I chatty  : uid=1000(system) Binder:883_5 identical 1 line
02-08 22:46:53.891 21033 21115 E OsSdk   : error getting shared memory region, memory type: HeadTracker, failed with Status(-1, EX_SECURITY): 'requested shared memory region when not registered/focused'
02-08 22:46:53.900   883 24830 I [CT]    : VIPER: Mode=SuperVega,Status=6DoF,TRACKING,Inl=29,Mem=62.5,Jit=0.7mm,Issues(Cam/min=0.0,IMU/min=0.0),Exp=(14.0ms,g=15.0,I=40,Ir=190.5)(14.0ms,g=15.0,I=78,Ir=371.6)(14.0ms,g=15.0,I=93,Ir=443.7)(9.4ms,g=12.0,I=74,Ir=659.9)
02-08 22:46:53.901   883 24830 W [CT]    : VIPER: Environment trending to dark, 
02-08 22:46:53.933   883  9961 W TrackingService: attachClient: found client in attached list
02-08 22:46:53.934 21033 21115 E OsSdk   : error getting shared memory region, memory type: HeadTracker, failed with Status(-1, EX_SECURITY): 'requested shared memory region when not registered/focused'
02-08 22:46:53.937 21033 21088 D xrstreaming: receive ping: org 0 recv 0 xmt 44889702477100 (received at 21529391084491), offset divergence 33253
02-08 22:46:53.979   883 24830 W [CT]    : VEGA:MAP_TRACKING_HM: [Throttled count=25] Map tracking did not run.
02-08 22:46:53.982   883  1020 W TrackingService: attachClient: found client in attached list
02-08 22:46:53.984 21033 21115 E OsSdk   : error getting shared memory region, memory type: HeadTracker, failed with Status(-1, EX_SECURITY): 'requested shared memory region when not registered/focused'
02-08 22:46:54.026   883  1020 I chatty  : uid=1000(system) Binder:883_2 identical 1 line
02-08 22:46:54.027 21033 21115 I chatty  : uid=10033(com.oculus.xrstreamingclient) SlamAnchorMem identical 1 line
02-08 22:46:54.067   883  1020 W TrackingService: attachClient: found client in attached list
02-08 22:46:54.069 21033 21115 E OsSdk   : error getting shared memory region, memory type: HeadTracker, failed with Status(-1, EX_SECURITY): 'requested shared memory region when not registered/focused'
02-08 22:46:54.069   883  9961 W TrackingService: attachClient: found client in attached list
02-08 22:46:54.070 21033 21115 E OsSdk   : error getting shared memory region, memory type: AnchorTracker, failed with Status(-1, EX_SECURITY): 'requested shared memory region when not registered/focused'
02-08 22:46:54.107 21033 21115 E OsSdk   : error getting shared memory region, memory type: HeadTracker, failed with Status(-1, EX_SECURITY): 'requested shared memory region when not registered/focused'
02-08 22:46:54.229   883  9961 I chatty  : uid=1000(system) Binder:883_5 identical 4 lines
02-08 22:46:54.279   883  9961 W TrackingService: attachClient: found client in attached list
02-08 22:46:54.282 21033 21115 I chatty  : uid=10033(com.oculus.xrstreamingclient) SlamAnchorMem identical 4 lines
02-08 22:46:54.326   883  1020 W TrackingService: attachClient: found client in attached list
02-08 22:46:54.329 21033 21115 E OsSdk   : error getting shared memory region, memory type: HeadTracker, failed with Status(-1, EX_SECURITY): 'requested shared memory region when not registered/focused'
02-08 22:46:54.340   883  9961 W TrackingService: attachClient: found client in attached list
02-08 22:46:54.345 21033 21115 E OsSdk   : error getting shared memory region, memory type: AnchorTracker, failed with Status(-1, EX_SECURITY): 'requested shared memory region when not registered/focused'
02-08 22:46:54.390 21033 21115 E OsSdk   : error getting shared memory region, memory type: HeadTracker, failed with Status(-1, EX_SECURITY): 'requested shared memory region when not registered/focused'
02-08 22:46:54.418   883  9961 I chatty  : uid=1000(system) Binder:883_5 identical 2 lines
02-08 22:46:54.466   883  9961 W TrackingService: attachClient: found client in attached list
02-08 22:46:54.513   883   883 W TrackingService: attachClient: found client in attached list
02-08 22:46:54.561   883  9961 W TrackingService: attachClient: found client in attached list
02-08 22:46:54.565 21033 21115 I chatty  : uid=10033(com.oculus.xrstreamingclient) SlamAnchorMem identical 4 lines
02-08 22:46:54.593   883  9961 W TrackingService: attachClient: found client in attached list
02-08 22:46:54.599 21033 21115 E OsSdk   : error getting shared memory region, memory type: HeadTracker, failed with Status(-1, EX_SECURITY): 'requested shared memory region when not registered/focused'
02-08 22:46:54.600   883   883 W TrackingService: attachClient: found client in attached list
02-08 22:46:54.604 21033 21115 E OsSdk   : error getting shared memory region, memory type: AnchorTracker, failed with Status(-1, EX_SECURITY): 'requested shared memory region when not registered/focused'
02-08 22:46:54.653 21033 21115 E OsSdk   : error getting shared memory region, memory type: HeadTracker, failed with Status(-1, EX_SECURITY): 'requested shared memory region when not registered/focused'
02-08 22:46:54.766   883   883 I chatty  : uid=1000(system) /system/bin/trackingservice identical 4 lines
02-08 22:46:54.809   883   883 W TrackingService: attachClient: found client in attached list
02-08 22:46:54.817 21033 21115 I chatty  : uid=10033(com.oculus.xrstreamingclient) SlamAnchorMem identical 4 lines
02-08 22:46:54.861   883  9961 W TrackingService: attachClient: found client in attached list
02-08 22:46:54.863 21033 21115 E OsSdk   : error getting shared memory region, memory type: HeadTracker, failed with Status(-1, EX_SECURITY): 'requested shared memory region when not registered/focused'
02-08 22:46:54.864   883   883 W TrackingService: attachClient: found client in attached list
02-08 22:46:54.866 21033 21115 E OsSdk   : error getting shared memory region, memory type: AnchorTracker, failed with Status(-1, EX_SECURITY): 'requested shared memory region when not registered/focused'
02-08 22:46:54.906   883   883 I chatty  : uid=1000(system) /system/bin/trackingservice identical 1 line
02-08 22:46:54.908 21033 21115 E OsSdk   : error getting shared memory region, memory type: HeadTracker, failed with Status(-1, EX_SECURITY): 'requested shared memory region when not registered/focused'
02-08 22:46:54.943 21033 21088 D xrstreaming: receive ping: org 0 recv 0 xmt 44890709032400 (received at 21530397896418), offset divergence 33253
02-08 22:46:54.946   883   883 W TrackingService: attachClient: found client in attached list
02-08 22:46:54.947 21033 21115 E OsSdk   : error getting shared memory region, memory type: HeadTracker, failed with Status(-1, EX_SECURITY): 'requested shared memory region when not registered/focused'
02-08 22:46:54.984   883 24830 W [CT]    : VEGA:MAP_TRACKING_HM: [Throttled count=24] Map tracking did not run.
02-08 22:46:54.988   883  9961 W TrackingService: attachClient: found client in attached list
02-08 22:46:54.990 21033 21115 E OsSdk   : error getting shared memory region, memory type: HeadTracker, failed with Status(-1, EX_SECURITY): 'requested shared memory region when not registered/focused'
02-08 22:46:55.030   883   883 W TrackingService: attachClient: found client in attached list
02-08 22:46:55.032 21033 21115 E OsSdk   : error getting shared memory region, memory type: HeadTracker, failed with Status(-1, EX_SECURITY): 'requested shared memory region when not registered/focused'
02-08 22:46:55.067   883  1360 I [CT]    : VIPER: InternalAnchorHealthMonitor: Anchors: 3 | Persistent anchors: 2 | Anchors never observed: 0
02-08 22:46:55.067   883  1360 I [CT]    :   (min/avg/max) Anchor landmarks: (17|29|38) | Covisible keyframes: (12|32.333333333333336|44) | Times since observation: (0|4108|12255.6)
02-08 22:46:55.078   883   883 W TrackingService: attachClient: found client in attached list
02-08 22:46:55.084 21033 21115 E OsSdk   : error getting shared memory region, memory type: HeadTracker, failed with Status(-1, EX_SECURITY): 'requested shared memory region when not registered/focused'
02-08 22:46:55.126   883  9961 W TrackingService: attachClient: found client in attached list
02-08 22:46:55.127 21033 21115 E OsSdk   : error getting shared memory region, memory type: HeadTracker, failed with Status(-1, EX_SECURITY): 'requested shared memory region when not registered/focused'
02-08 22:46:55.127   883  5113 W TrackingService: attachClient: found client in attached list
02-08 22:46:55.128 21033 21115 E OsSdk   : error getting shared memory region, memory type: AnchorTracker, failed with Status(-1, EX_SECURITY): 'requested shared memory region when not registered/focused'
02-08 22:46:55.169   883  9961 W TrackingService: attachClient: found client in attached list
02-08 22:46:55.173 21033 21115 E OsSdk   : error getting shared memory region, memory type: HeadTracker, failed with Status(-1, EX_SECURITY): 'requested shared memory region when not registered/focused'
02-08 22:46:55.206   883  9961 I chatty  : uid=1000(system) Binder:883_5 identical 1 line
02-08 22:46:55.207 21033 21115 I chatty  : uid=10033(com.oculus.xrstreamingclient) SlamAnchorMem identical 1 line
02-08 22:46:55.252   883  9961 W TrackingService: attachClient: found client in attached list
02-08 22:46:55.253 21033 21115 E OsSdk   : error getting shared memory region, memory type: HeadTracker, failed with Status(-1, EX_SECURITY): 'requested shared memory region when not registered/focused'
02-08 22:46:55.258 25212 25241 D UE4     : [2023.02.08-22.46.55:258][ 22]LogAndroid: Exiting
02-08 22:46:55.258 25212 25241 D UE4     : *** JavaEnvDestructor: 25241
02-08 22:46:55.262 25212 25303 I VrApi   : FPS=67/72,Prd=44ms,Tear=0,Early=59,Stale=5,Stale2/5/10/max=1/0/0/2,VSnc=1,Lat=1,Fov=0,CPU4/GPU=3/3,1171/490MHz,OC=FF,TA=0/70/0,SP=N/N/E,Mem=1353MHz,Free=1888MB,PLS=0,Temp=31.0C/0.0C,TW=1.79ms,App=8.27ms,GD=0.12ms,CPU&GPU=9.46ms,LCnt=2(DR0,LM2),GPU%=0.75,CPU%=0.43(W0.57),DSF=1.00,CFL=19.72/21.58
02-08 22:46:55.299   883   883 W TrackingService: attachClient: found client in attached list
02-08 22:46:55.301 21033 21115 E OsSdk   : error getting shared memory region, memory type: HeadTracker, failed with Status(-1, EX_SECURITY): 'requested shared memory region when not registered/focused'
--------- beginning of crash
02-08 22:46:55.304 25212 25240 F libc    : Fatal signal 11 (SIGSEGV), code 1 (SEGV_MAPERR), fault addr 0x1 in tid 25240 (GameThread), pid 25212 (emplateProject3)
02-08 22:46:55.349 21033 21115 E OsSdk   : error getting shared memory region, memory type: HeadTracker, failed with Status(-1, EX_SECURITY): 'requested shared memory region when not registered/focused'
02-08 22:46:55.357   883 24830 W [CT]    : TIMESTAMPCHECKER: Nominal rate wrong. Estimated data rate: 25, Nominal is 30.000300003000028
02-08 22:46:55.372 25912 25912 I crash_dump32: obtaining output fd from tombstoned, type: kDebuggerdTombstone
02-08 22:46:55.385   880   880 I /system/bin/tombstoned: received crash request for pid 25240
02-08 22:46:55.385 25912 25912 I crash_dump32: performing dump of process 25212 (target tid = 25240)
02-08 22:46:55.395 25912 25912 F DEBUG   : *** *** *** *** *** *** *** *** *** *** *** *** *** *** *** ***
02-08 22:46:55.395 25912 25912 F DEBUG   : Build fingerprint: 'oculus/hollywood/hollywood:10/QQ3A.200805.001/49882890192000150:user/release-keys'
02-08 22:46:55.395 25912 25912 F DEBUG   : Revision: '0'
02-08 22:46:55.395 25912 25912 F DEBUG   : ABI: 'arm'
02-08 22:46:55.395 25912 25912 F DEBUG   : Timestamp: 2023-02-08 22:46:55+0000
02-08 22:46:55.395 25912 25912 F DEBUG   : pid: 25212, tid: 25240, name: GameThread  >>> com.YourCompany.TemplateProject3 <<<
02-08 22:46:55.395 25912 25912 F DEBUG   : uid: 10147
02-08 22:46:55.395 25912 25912 F DEBUG   : signal 11 (SIGSEGV), code 1 (SEGV_MAPERR), fault addr 0x1
02-08 22:46:55.395 25912 25912 F DEBUG   : Cause: null pointer dereference
02-08 22:46:55.395 25912 25912 F DEBUG   :     r0  00000001  r1  c8a60564  r2  bf2d72dc  r3  00000001
02-08 22:46:55.395 25912 25912 F DEBUG   :     r4  c5cba948  r5  bd86a001  r6  bd4a19f8  r7  00000000
02-08 22:46:55.395 25912 25912 F DEBUG   :     r8  ffffffff  r9  ffffffff  r10 edfae260  r11 c8a5e4a0
02-08 22:46:55.395 25912 25912 F DEBUG   :     ip  00000169  sp  c8a5e2e8  lr  c8a5e620  pc  bf2d7ecc
02-08 22:46:55.398 21033 21115 E OsSdk   : error getting shared memory region, memory type: HeadTracker, failed with Status(-1, EX_SECURITY): 'requested shared memory region when not registered/focused'
02-08 22:46:55.399   883   883 I chatty  : uid=1000(system) /system/bin/trackingservice identical 3 lines
02-08 22:46:55.401 21033 21115 E OsSdk   : error getting shared memory region, memory type: AnchorTracker, failed with Status(-1, EX_SECURITY): 'requested shared memory region when not registered/focused'
02-08 22:46:55.446   883   883 W TrackingService: attachClient: found client in attached list
02-08 22:46:55.460 21033 21115 E OsSdk   : error getting shared memory region, memory type: HeadTracker, failed with Status(-1, EX_SECURITY): 'requested shared memory region when not registered/focused'
02-08 22:46:55.504   883  9961 W TrackingService: attachClient: found client in attached list
02-08 22:46:55.548   883   883 W TrackingService: attachClient: found client in attached list
02-08 22:46:55.549 21033 21115 I chatty  : uid=10033(com.oculus.xrstreamingclient) SlamAnchorMem identical 2 lines
02-08 22:46:55.594   883  9961 W TrackingService: attachClient: found client in attached list
02-08 22:46:55.595 21033 21115 E OsSdk   : error getting shared memory region, memory type: HeadTracker, failed with Status(-1, EX_SECURITY): 'requested shared memory region when not registered/focused'
02-08 22:46:55.629 25212 25242 D UE4     : [GameActivity] Used memory: 311219 (VmRSS:	  215384 kB)
02-08 22:46:55.640   883  9961 W TrackingService: attachClient: found client in attached list
02-08 22:46:55.641 21033 21115 E OsSdk   : error getting shared memory region, memory type: HeadTracker, failed with Status(-1, EX_SECURITY): 'requested shared memory region when not registered/focused'
02-08 22:46:55.682   883   883 W TrackingService: attachClient: found client in attached list
02-08 22:46:55.683 21033 21115 E OsSdk   : error getting shared memory region, memory type: HeadTracker, failed with Status(-1, EX_SECURITY): 'requested shared memory region when not registered/focused'
02-08 22:46:55.684 21033 21115 E OsSdk   : error getting shared memory region, memory type: AnchorTracker, failed with Status(-1, EX_SECURITY): 'requested shared memory region when not registered/focused'
02-08 22:46:55.727 21033 21115 E OsSdk   : error getting shared memory region, memory type: HeadTracker, failed with Status(-1, EX_SECURITY): 'requested shared memory region when not registered/focused'
02-08 22:46:55.766   883   883 I chatty  : uid=1000(system) /system/bin/trackingservice identical 3 lines
02-08 22:46:55.809   883   883 W TrackingService: attachClient: found client in attached list
02-08 22:46:55.834   883  9961 W TrackingService: attachClient: found client in attached list
02-08 22:46:55.874   883  9961 W TrackingService: attachClient: found client in attached list
02-08 22:46:55.878 21033 21115 I chatty  : uid=10033(com.oculus.xrstreamingclient) SlamAnchorMem identical 4 lines
02-08 22:46:55.920   883   883 W TrackingService: attachClient: found client in attached list
02-08 22:46:55.922 21033 21115 E OsSdk   : error getting shared memory region, memory type: HeadTracker, failed with Status(-1, EX_SECURITY): 'requested shared memory region when not registered/focused'
02-08 22:46:55.923   883  5113 W TrackingService: attachClient: found client in attached list
02-08 22:46:55.925 21033 21115 E OsSdk   : error getting shared memory region, memory type: AnchorTracker, failed with Status(-1, EX_SECURITY): 'requested shared memory region when not registered/focused'
02-08 22:46:55.943 21033 21088 D xrstreaming: receive ping: org 0 recv 0 xmt 44891709041800 (received at 21531397705896), offset divergence 33253
02-08 22:46:55.951  2024  3018 E TREX    : Interface version 1 was not found. Check debug build for more information.
02-08 22:46:55.968   883   883 W TrackingService: attachClient: found client in attached list
02-08 22:46:55.972 21033 21115 E OsSdk   : error getting shared memory region, memory type: HeadTracker, failed with Status(-1, EX_SECURITY): 'requested shared memory region when not registered/focused'
02-08 22:46:55.980   883 24836 I [CT]    : CONSTELLATION:VISION_STATUS: 86557c336c360320 (L): BlobDetection:[#BlobsDetected=(25.03, 2.35)]Matching:[MatchSuccess=1.000, MatchCost=(0.00123, 0.00000), #MatchedBlobs=(12.24, 0.91), #MatchedLeds=(6.78, 0.31), RematchM=0.000, SkipRefine=0.000] MatchMethod:[Prox=1.000, ConstBrute=0.000, UnconstBrute=0.000] MatchResets[AnomBlobSize=0.000, SharedMatch=0.000, DenseReacq=0.000] | Fusion:[FusionError=0.000, ImuFromCamMs=(12.355, 1.611), RematchF=0.000] FusionUpdates:[Successful=1.000, Reliable=1.000, TightFusion=1.000, FullPose=0.000, StaticPrior=0.000, StaticForHandTrans=0.000, PoseUpdateMD=(0.0000, 0.0000)] FusionResets[6DoFReset=0.000, ResetSuccess=0.000] FusionStatus[HasPosition=1.000, HasVelocity=1.000] 
02-08 22:46:56.017   883  9961 W TrackingService: attachClient: found client in attached list
02-08 22:46:56.019   883 24830 W [CT]    : VEGA:MAP_TRACKING_HM: [Throttled count=25] Map tracking did not run.
02-08 22:46:56.022 21033 21102 I xrstreaming: AudioPlayer: NetworkMetrics: [0.753,24.176]9.888
02-08 22:46:56.023 21033 21115 E OsSdk   : error getting shared memory region, memory type: HeadTracker, failed with Status(-1, EX_SECURITY): 'requested shared memory region when not registered/focused'
02-08 22:46:56.061   883 24606 I [CT]    : CONSTELLATION:IMU_STATUS: 86557c336c360320 (L): [FusionTracked=1.000, OutputTracked=1.000, OutputValid=1.000] [AccelSat=0.000, GyroSat=0.000] 
02-08 22:46:56.068   883  9961 W TrackingService: attachClient: found client in attached list
02-08 22:46:56.069 21033 21115 E OsSdk   : error getting shared memory region, memory type: HeadTracker, failed with Status(-1, EX_SECURITY): 'requested shared memory region when not registered/focused'
02-08 22:46:56.113   883  5113 W TrackingService: attachClient: found client in attached list
02-08 22:46:56.157   883  5113 W TrackingService: attachClient: found client in attached list
02-08 22:46:56.161 21033 21115 I chatty  : uid=10033(com.oculus.xrstreamingclient) SlamAnchorMem identical 2 lines
02-08 22:46:56.206   883  9961 W TrackingService: attachClient: found client in attached list
02-08 22:46:56.212 21033 21115 E OsSdk   : error getting shared memory region, memory type: HeadTracker, failed with Status(-1, EX_SECURITY): 'requested shared memory region when not registered/focused'
02-08 22:46:56.212   883   883 W TrackingService: attachClient: found client in attached list
02-08 22:46:56.222 21033 21115 E OsSdk   : error getting shared memory region, memory type: AnchorTracker, failed with Status(-1, EX_SECURITY): 'requested shared memory region when not registered/focused'
02-08 22:46:56.264 25212 25303 I VrApi   : FPS=67/72,Prd=44ms,Tear=0,Early=59,Stale=5,Stale2/5/10/max=1/0/0/2,VSnc=1,Lat=1,Fov=0,CPU4/GPU=3/3,1171/490MHz,OC=FF,TA=0/70/0,SP=N/N/E,Mem=1353MHz,Free=1888MB,PLS=0,Temp=31.0C/0.0C,TW=1.79ms,App=8.27ms,GD=0.12ms,CPU&GPU=9.46ms,LCnt=2(DR0,LM2),GPU%=0.75,CPU%=0.43(W0.57),DSF=1.00,CFL=19.72/21.58
02-08 22:46:56.269 21033 21115 E OsSdk   : error getting shared memory region, memory type: HeadTracker, failed with Status(-1, EX_SECURITY): 'requested shared memory region when not registered/focused'
02-08 22:46:56.391   883   883 I chatty  : uid=1000(system) /system/bin/trackingservice identical 4 lines
02-08 22:46:56.392 21033 21115 I chatty  : uid=10033(com.oculus.xrstreamingclient) SlamAnchorMem identical 3 lines
02-08 22:46:56.436   883   883 W TrackingService: attachClient: found client in attached list
02-08 22:46:56.442 21033 21115 E OsSdk   : error getting shared memory region, memory type: HeadTracker, failed with Status(-1, EX_SECURITY): 'requested shared memory region when not registered/focused'
02-08 22:46:56.485   883 24830 I [CT]    : boltlib: DSP utilization: 8.40 % (420 / 5005 ms)
02-08 22:46:56.487   883  9961 W TrackingService: attachClient: found client in attached list
02-08 22:46:56.492 21033 21115 E OsSdk   : error getting shared memory region, memory type: HeadTracker, failed with Status(-1, EX_SECURITY): 'requested shared memory region when not registered/focused'
02-08 22:46:56.492   883  5113 W TrackingService: attachClient: found client in attached list
02-08 22:46:56.494 21033 21115 E OsSdk   : error getting shared memory region, memory type: AnchorTracker, failed with Status(-1, EX_SECURITY): 'requested shared memory region when not registered/focused'
02-08 22:46:56.542   883  5113 W TrackingService: attachClient: found client in attached list
02-08 22:46:56.543 21033 21115 E OsSdk   : error getting shared memory region, memory type: HeadTracker, failed with Status(-1, EX_SECURITY): 'requested shared memory region when not registered/focused'
02-08 22:46:56.558 25912 25912 F DEBUG   : 
02-08 22:46:56.558 25912 25912 F DEBUG   : backtrace:
02-08 22:46:56.558 25912 25912 F DEBUG   :       #00 pc 072ebecc  /data/app/com.YourCompany.TemplateProject3-nBK8tmVCQ_i0ET9e1yNMmA==/lib/arm/libUE4.so (FGenericWidePlatformString::GetVarArgs(char16_t*, unsigned int, char16_t const*&, std::__va_list)+3848) (BuildId: 03c84df2d86d7084ca8f223b1fa9001d225e862b)
02-08 22:46:56.558 25912 25912 F DEBUG   :       #01 pc 0747212c  /data/app/com.YourCompany.TemplateProject3-nBK8tmVCQ_i0ET9e1yNMmA==/lib/arm/libUE4.so (FMsg::Logf_InternalImpl(char const*, int, FName const&, ELogVerbosity::Type, char16_t const*, ...)+712) (BuildId: 03c84df2d86d7084ca8f223b1fa9001d225e862b)
02-08 22:46:56.558 25912 25912 F DEBUG   :       #02 pc 0718a72c  /data/app/com.YourCompany.TemplateProject3-nBK8tmVCQ_i0ET9e1yNMmA==/lib/arm/libUE4.so (BuildId: 03c84df2d86d7084ca8f223b1fa9001d225e862b)
02-08 22:46:56.558 25912 25912 F DEBUG   :       #03 pc 07154e58  /data/app/com.YourCompany.TemplateProject3-nBK8tmVCQ_i0ET9e1yNMmA==/lib/arm/libUE4.so (BuildId: 03c84df2d86d7084ca8f223b1fa9001d225e862b)
02-08 22:46:56.558 25912 25912 F DEBUG   :       #04 pc 071436a8  /data/app/com.YourCompany.TemplateProject3-nBK8tmVCQ_i0ET9e1yNMmA==/lib/arm/libUE4.so (VulkanRHI::FMemoryManager::DumpMemory(bool)+7392) (BuildId: 03c84df2d86d7084ca8f223b1fa9001d225e862b)
02-08 22:46:56.558 25912 25912 F DEBUG   :       #05 pc 07148c2c  /data/app/com.YourCompany.TemplateProject3-nBK8tmVCQ_i0ET9e1yNMmA==/lib/arm/libUE4.so (VulkanRHI::FVulkanResourceHeap::~FVulkanResourceHeap()+380) (BuildId: 03c84df2d86d7084ca8f223b1fa9001d225e862b)
02-08 22:46:56.558 25912 25912 F DEBUG   :       #06 pc 0714d9cc  /data/app/com.YourCompany.TemplateProject3-nBK8tmVCQ_i0ET9e1yNMmA==/lib/arm/libUE4.so (VulkanRHI::FMemoryManager::Deinit()+168) (BuildId: 03c84df2d86d7084ca8f223b1fa9001d225e862b)
02-08 22:46:56.558 25912 25912 F DEBUG   :       #07 pc 0711b490  /data/app/com.YourCompany.TemplateProject3-nBK8tmVCQ_i0ET9e1yNMmA==/lib/arm/libUE4.so (FVulkanDevice::Destroy()+936) (BuildId: 03c84df2d86d7084ca8f223b1fa9001d225e862b)
02-08 22:46:56.558 25912 25912 F DEBUG   :       #08 pc 071ab334  /data/app/com.YourCompany.TemplateProject3-nBK8tmVCQ_i0ET9e1yNMmA==/lib/arm/libUE4.so (FVulkanDynamicRHI::Shutdown()+1408) (BuildId: 03c84df2d86d7084ca8f223b1fa9001d225e862b)
02-08 22:46:56.558 25912 25912 F DEBUG   :       #09 pc 08991ba4  /data/app/com.YourCompany.TemplateProject3-nBK8tmVCQ_i0ET9e1yNMmA==/lib/arm/libUE4.so (RHIExit()+64) (BuildId: 03c84df2d86d7084ca8f223b1fa9001d225e862b)
02-08 22:46:56.558 25912 25912 F DEBUG   :       #10 pc 05e71c14  /data/app/com.YourCompany.TemplateProject3-nBK8tmVCQ_i0ET9e1yNMmA==/lib/arm/libUE4.so (FEngineLoop::Exit()+1748) (BuildId: 03c84df2d86d7084ca8f223b1fa9001d225e862b)
02-08 22:46:56.558 25912 25912 F DEBUG   :       #11 pc 05e5ef7c  /data/app/com.YourCompany.TemplateProject3-nBK8tmVCQ_i0ET9e1yNMmA==/lib/arm/libUE4.so (AndroidMain(android_app*)+4080) (BuildId: 03c84df2d86d7084ca8f223b1fa9001d225e862b)
02-08 22:46:56.558 25912 25912 F DEBUG   :       #12 pc 05e72358  /data/app/com.YourCompany.TemplateProject3-nBK8tmVCQ_i0ET9e1yNMmA==/lib/arm/libUE4.so (android_main+176) (BuildId: 03c84df2d86d7084ca8f223b1fa9001d225e862b)
02-08 22:46:56.558 25912 25912 F DEBUG   :       #13 pc 05ea890c  /data/app/com.YourCompany.TemplateProject3-nBK8tmVCQ_i0ET9e1yNMmA==/lib/arm/libUE4.so (BuildId: 03c84df2d86d7084ca8f223b1fa9001d225e862b)
02-08 22:46:56.558 25912 25912 F DEBUG   :       #14 pc 0009a6d5  /apex/com.android.runtime/lib/bionic/libc.so (__pthread_start(void*)+20) (BuildId: 412b3f89043ee721cb892d6b5f53c486)
02-08 22:46:56.558 25912 25912 F DEBUG   :       #15 pc fffffffffffffffe  <anonymous:c8969000>
02-08 22:46:56.586   883   883 W TrackingService: attachClient: found client in attached list
02-08 22:46:56.627   883  5113 W TrackingService: attachClient: found client in attached list
02-08 22:46:56.670   757 24804 E FrameSetDispatcher: [HEADSET] Client pid=883 (IOT): Failed to read from receive FMQ for 15 packets in 5000ms.
02-08 22:46:56.670   757 24804 E FrameSetDispatcher: This probably means this client is taking more than 33 ms to process the frame.
02-08 22:46:56.670   757 24804 E FrameSetDispatcher: Retrying.
02-08 22:46:56.673   883   883 W TrackingService: attachClient: found client in attached list
02-08 22:46:56.713   883  5113 W TrackingService: attachClient: found client in attached list
02-08 22:46:56.714 21033 21115 I chatty  : uid=10033(com.oculus.xrstreamingclient) SlamAnchorMem identical 4 lines
02-08 22:46:56.759   883  5113 W TrackingService: attachClient: found client in attached list
02-08 22:46:56.761 21033 21115 E OsSdk   : error getting shared memory region, memory type: HeadTracker, failed with Status(-1, EX_SECURITY): 'requested shared memory region when not registered/focused'
02-08 22:46:56.762   883   883 W TrackingService: attachClient: found client in attached list
02-08 22:46:56.763 21033 21115 E OsSdk   : error getting shared memory region, memory type: AnchorTracker, failed with Status(-1, EX_SECURITY): 'requested shared memory region when not registered/focused'
02-08 22:46:56.782   844   844 W ovr_crashupload: type=1400 audit(0.0:19209): avc: denied { write } for name="fd" dev="proc" ino=532686 scontext=u:r:crashuploader:s0 tcontext=u:r:crashuploader:s0 tclass=dir permissive=0
02-08 22:46:56.789   880   880 E /system/bin/tombstoned: Tombstone written to: /data/tombstones/tombstone_04
02-08 22:46:56.790  1029 25921 I DropBoxManagerService: add tag=data_app_native_crash isTagEnabled=true flags=0x2
02-08 22:46:56.806   883  5113 W TrackingService: attachClient: found client in attached list
02-08 22:46:56.808 21033 21115 E OsSdk   : error getting shared memory region, memory type: HeadTracker, failed with Status(-1, EX_SECURITY): 'requested shared memory region when not registered/focused'
02-08 22:46:56.825  2024 25269 I VrRuntimeService: RuntimeIPC: IPC_SYSTEM_EVENT_CLIENT_DISCONNECTED_EXT: com.YourCompany.TemplateProject3
02-08 22:46:56.825  2024 25269 I ClientMgr: ClientMgr::DestroyClient: 25212:com.YourCompany.TemplateProject3
02-08 22:46:56.825  2024 25269 I ClientMgr: ClientMgr::DestroyClient: 25212:com.YourCompany.TemplateProject3 is enabled for rendering on destroy.
02-08 22:46:56.825  2024 25269 I ClientMgr: ClientMgr::EnableRendering 25212:com.YourCompany.TemplateProject3 : type 0 comp-id 29: disable
02-08 22:46:56.825  2024 25269 I VrRuntimeServer: DisableCompositorClient: 29
02-08 22:46:56.825  2024 25269 I CompositorClientMgr: Disable client 29
02-08 22:46:56.826  2024 25269 I CompositorClientMgr: DisableClient: frame flush required: 1
02-08 22:46:56.826  3089 25273 I REFLECT [RUNTIMEIPC]: GuardianSDKServer Client Disconnected -1721991933, com.YourCompany.TemplateProject3, com.YourCompany.TemplateProject3
02-08 22:46:56.828  2024  3018 I ClientMgr: Non-overlay clients rendering status has changed: prev=231, curr=232, enabled=0
02-08 22:46:56.830  1029  1347 W InputDispatcher: channel '5ebcf51 com.YourCompany.TemplateProject3/com.epicgames.ue4.GameActivity (server)' ~ Consumer closed input channel or an error occurred.  events=0x9
02-08 22:46:56.830  1029  1347 E InputDispatcher: channel '5ebcf51 com.YourCompany.TemplateProject3/com.epicgames.ue4.GameActivity (server)' ~ Channel is unrecoverably broken and will be disposed!
02-08 22:46:56.830   878  3484 D IPCDataChannelAndroidBinder [RUNTIMEIPC]: RuntimeIPC: ConnectionDiedInfo: onBinderDied: 0, com.YourCompany.TemplateProject3:com.YourCompany.TemplateProject3:25212
02-08 22:46:56.830   878  3484 I RuntimeIPCService [RUNTIMEIPC]: DestroyBrokerConnection: com.YourCompany.TemplateProject3:com.YourCompany.TemplateProject3:25212
02-08 22:46:56.830   840 25812 E IMediaHTTPConnection: remote readAt failed
02-08 22:46:56.830   878  3484 E IPCThreadState: attemptIncStrongHandle(80): Not supported
02-08 22:46:56.830   840 25812 E NuCachedSource2: source returned error -2147483648, 10 retries left
02-08 22:46:56.830  2024  3127 D IPCDataChannelAndroidBinder [RUNTIMEIPC]: RuntimeIPC: ConnectionDiedInfo: onBinderDied: 1, com.YourCompany.TemplateProject3:com.YourCompany.TemplateProject3:25212
02-08 22:46:56.830  2024  3127 D IPCDataChannelServer [RUNTIMEIPC]: Disconnected: 2572975363, com.YourCompany.TemplateProject3:com.YourCompany.TemplateProject3:25212
02-08 22:46:56.830  2024  3127 E IPCThreadState: attemptIncStrongHandle(80): Not supported
02-08 22:46:56.830  3089  5155 D IPCDataChannelAndroidBinder [RUNTIMEIPC]: RuntimeIPC: ConnectionDiedInfo: onBinderDied: 1, com.YourCompany.TemplateProject3:com.YourCompany.TemplateProject3:25212
02-08 22:46:56.830  3089  5155 D IPCDataChannelServer [RUNTIMEIPC]: Disconnected: 2572975363, com.YourCompany.TemplateProject3:com.YourCompany.TemplateProject3:25212
02-08 22:46:56.830  3089  5155 E IPCThreadState: attemptIncStrongHandle(42): Not supported
02-08 22:46:56.832   883   883 I TrackingService: Unregistering client 'com.YourCompany.TemplateProject3' by binder death
02-08 22:46:56.832   883   883 I TrackingService: Unregistering client 'com.YourCompany.TemplateProject3' by binder death
02-08 22:46:56.833   840  2395 D NuPlayerDriver: reset(0xed22e5a0) at state 5
02-08 22:46:56.833  3772  3772 I Zygote  : Process 25212 exited due to signal 11 (Segmentation fault)
02-08 22:46:56.834  1029  3711 I ActivityManager: Process com.YourCompany.TemplateProject3 (pid 25212) has died: fore TOP 
02-08 22:46:56.835  3835  3852 D IPCDataChannelAndroidBinder [RUNTIMEIPC]: RuntimeIPC: ConnectionDiedInfo: onBinderDied: 1, com.YourCompany.TemplateProject3:com.YourCompany.TemplateProject3:25212
02-08 22:46:56.835  1029  1795 D ConnectivityService: ConnectivityService NetworkRequestInfo binderDied(NetworkRequest [ LISTEN id=159, [ Transports: CELLULAR|WIFI|BLUETOOTH|ETHERNET|VPN Capabilities: INTERNET&NOT_RESTRICTED&TRUSTED&NOT_VPN&VALIDATED&FOREGROUND Uid: 10147] ], android.os.BinderProxy@f7f66ca)
02-08 22:46:56.836  2024 24843 W CompositorClient: WarpToScreen: No completed frames to display for primary client 29. submittedFrameIndex = 13069
02-08 22:46:56.836  2024 25269 I ClientMgr: ClientMgr::DestroyClient: Remove 25212:com.YourCompany.TemplateProject3 as focused client.
02-08 22:46:56.836  2024 25269 I ClientMgr: FocusedClient changed.
02-08 22:46:56.836  2024 25269 W ClientMgr: ClientMgr::SetFocusedClient: No focused client
02-08 22:46:56.836  2024 25269 I ClientMgr: Releasing clocks.
02-08 22:46:56.836  2024 25269 I ClientMgr: SetFocusedPackageName - packageName  processName  clientId 0 clientPid 0
02-08 22:46:56.836  2024 25269 I ClientMgr: ClientMgr::DestroyClient: non-deferred ShutdownResources: 13068 == 13068 
02-08 22:46:56.836  2024 25269 I VrRuntimeServer: UnRegisterCompositorClient client(29)
02-08 22:46:56.836  2024 25269 I ClientMgr: RemoveClient: com.YourCompany.TemplateProject3:com.YourCompany.TemplateProject3:25212
02-08 22:46:56.836  2024  3018 I CompositorClientMgr: Enable client 0
02-08 22:46:56.836  2024  3018 I VrRuntimeServer: EnableCompositorClient client(0): layer placement(2147483643) flags(8) sm(0x7a78994160)
02-08 22:46:56.836  2024 25269 I UnifiedTelemetryWrapper: Stopped UT session render:com.YourCompany.TemplateProject3
02-08 22:46:56.836  2024 25269 I UnifiedTelemetryWrapper: Stopped UT session lifetime:com.YourCompany.TemplateProject3
02-08 22:46:56.838  1535  1535 V AvrcpMediaPlayerList: onPlaybackConfigChanged(): Configs list size=17
02-08 22:46:56.838  1029  1795 E InputDispatcher: Window handle Window{5ebcf51 u0 com.YourCompany.TemplateProject3/com.epicgames.ue4.GameActivity} has no registered input channel
02-08 22:46:56.839  1029  1798 I WindowManager: WIN DEATH: Window{5ebcf51 u0 com.YourCompany.TemplateProject3/com.epicgames.ue4.GameActivity}
02-08 22:46:56.840  3835  3852 D IPCDataChannelServer [RUNTIMEIPC]: Disconnected: 2572975363, com.YourCompany.TemplateProject3:com.YourCompany.TemplateProject3:25212
02-08 22:46:56.840  3835  3852 E IPCThreadState: attemptIncStrongHandle(73): Not supported
02-08 22:46:56.840  1029  1798 W InputDispatcher: Attempted to unregister already unregistered input channel '5ebcf51 com.YourCompany.TemplateProject3/com.epicgames.ue4.GameActivity (server)'
02-08 22:46:56.849   883   883 W TrackingService: attachClient: found client in attached list
02-08 22:46:56.856 21033 21115 E OsSdk   : error getting shared memory region, memory type: HeadTracker, failed with Status(-1, EX_SECURITY): 'requested shared memory region when not registered/focused'
02-08 22:46:56.863  1535  1535 V AvrcpMediaPlayerList: onPlaybackConfigChanged(): Configs list size=16
02-08 22:46:56.865  1029  1063 I libprocessgroup: Successfully killed process cgroup uid 10147 pid 25212 in 0ms
02-08 22:46:56.866  3089  3150 I GuardianSystem: [GuardianSystem::InitializeRuntimeEventHandlers] runtimeServiceSDKClient_.ActiveClientDestroyedEventData: package=[com.YourCompany.TemplateProject3], process=[com.YourCompany.TemplateProject3]
02-08 22:46:56.866  3089  3150 I GuardianSystem: [GuardianSystem::OnDestroyActiveClient] com.YourCompany.TemplateProject3
02-08 22:46:56.866  3089  3150 I GuardianSystem: [GuardianSystem::OnDestroyActiveClient] Clearing return package because owning client was destroyed: com.YourCompany.TemplateProject3
02-08 22:46:56.883   860  1834 V C2Store : in ~ComponentModule
02-08 22:46:56.883   860  1834 V C2Store : unloading dll
02-08 22:46:56.886   840 25803 D NuPlayerDriver: notifyResetComplete(0xed22e5a0)
02-08 22:46:56.887   840  2395 D AudioTrack: stop(378): called with 0 frames delivered
02-08 22:46:56.901   883  5113 W TrackingService: attachClient: found client in attached list
02-08 22:46:56.902 21033 21115 E OsSdk   : error getting shared memory region, memory type: HeadTracker, failed with Status(-1, EX_SECURITY): 'requested shared memory region when not registered/focused'
02-08 22:46:56.905  1029  1068 I BootReceiver: Copying /data/tombstones/tombstone_04 to DropBox (SYSTEM_TOMBSTONE)
02-08 22:46:56.905  1029  3711 W ActivityTaskManager: Force removing ActivityRecord{c1ce739 u0 com.YourCompany.TemplateProject3/com.epicgames.ue4.GameActivity t608}: app died, no saved state
02-08 22:46:56.907  1029  1068 I DropBoxManagerService: add tag=SYSTEM_TOMBSTONE isTagEnabled=true flags=0x2
02-08 22:46:56.922  1029  3711 W InputReader: Device has associated, but no associated display id.
02-08 22:46:56.945 21033 21088 D xrstreaming: receive ping: org 0 recv 0 xmt 44892710534900 (received at 21532399221625), offset divergence 33253
02-08 22:46:56.946   883   883 W TrackingService: attachClient: found client in attached list
02-08 22:46:56.946   765  5114 D AF::TrackHandle: OpPlayAudio: track:284 uid:10014 pkg:com.oculus.shellenv usage:1 not muted
02-08 22:46:56.946   765  6803 D AF::TrackHandle: OpPlayAudio: track:299 uid:10147 pkg:com.YourCompany.TemplateProject3 usage:1 not muted
02-08 22:46:56.947   765  7784 D AF::TrackHandle: OpPlayAudio: track:254 uid:10033 pkg:com.oculus.xrstreamingclient usage:1 muted
02-08 22:46:56.947 21033 21115 E OsSdk   : error getting shared memory region, memory type: HeadTracker, failed with Status(-1, EX_SECURITY): 'requested shared memory region when not registered/focused'
02-08 22:46:56.948   765  6264 D AF::TrackHandle: OpPlayAudio: track:61 uid:1000 pkg:com.android.networkstack.inprocess usage:13 not muted
02-08 22:46:56.949   765   979 D AF::RecordHandle: OpRecordAudio: track:286 uid:10033 pkg:com.oculus.xrstreamingclient usage:0 muted
02-08 22:46:56.950   765  7784 D AF::RecordHandle: OpRecordAudio: track:293 uid:10032 pkg:com.oculus.horizon usage:0 not muted
02-08 22:46:56.950   765  6264 D AF::RecordHandle: OpRecordAudio: track:62 uid:10014 pkg:com.oculus.shellenv usage:0 not muted
02-08 22:46:56.953  1029  1053 W ActivityManager: setHasOverlayUi called on unknown pid: 25212
02-08 22:46:56.967  2024  3485 I FocusedClientsListener: focus: onVrFocusChanged(focusType=1): 5
02-08 22:46:56.967  2024  3485 I FocusedClientsListener: focus: pid=4614
02-08 22:46:56.967  2024  3485 I FocusedClientsListener: focus: pid=3797
02-08 22:46:56.967  2024  3485 I FocusedClientsListener: focus: pid=3835
02-08 22:46:56.967  2024  3485 I FocusedClientsListener: focus: pid=3371
02-08 22:46:56.967  2024  3485 I FocusedClientsListener: focus: pid=3089
02-08 22:46:56.967  2024 22223 I FocusedClientsListener: focus: onVrFocusChanged(focusType=2): 0
02-08 22:46:56.967 18403 18403 D [SUI] ActivityManagerUtilsHelper: onForegroundActivitiesChanged: Instance: com.oculus.common.activitymanager.ActivityManagerUtilsHelper@aae90ca, Pid: 4614, Tid: 10014, foregroundActivities: true, foreground app: com.oculus.shellenv, previous app: com.YourCompany.TemplateProject3
02-08 22:46:56.967  2024  3127 I FocusedClientsListener: focus: onVrFocusChanged(focusType=0): 5
02-08 22:46:56.967  2024  3127 I FocusedClientsListener: focus: pid=4614
02-08 22:46:56.967  2024  3127 I FocusedClientsListener: focus: pid=3797
02-08 22:46:56.967  2024  3127 I FocusedClientsListener: focus: pid=3835
02-08 22:46:56.967  2024  3127 I FocusedClientsListener: focus: pid=3371
02-08 22:46:56.967  2024  3127 I FocusedClientsListener: focus: pid=3089
02-08 22:46:56.979  2024  2024 D VrRuntimeService: onForegroundActivitiesChanged: pid=4614, uid=10014, hasForegroundActivities=true
02-08 22:46:56.988  3797  3797 D [SEO] ShellEnvOverlayService: onStartCommand() with action com.oculus.vrshell.SHELL_ENV_START_SERVICE
02-08 22:46:56.988  3797  4689 I [SEO] ShellFrameAnalytics: ShellFrame frameFunction: 30713303us/256040877us, trace: 0us/16us, process commands: 0us/15313us, system update: 0us/9829us, render 0us/5384us, post render 0us/0us, input processing 528us/259212us, input dispatch 179us/27470us
02-08 22:46:56.989  3797  4689 I [SEO] ShellFrameAnalytics: Shell Heartbeat focusedPanelTimeSpent: {"0":668} visibleTimeSpent: {} inputTimeSpent: {"controller":668} inputClickCount: {} mouseMoveTimeSpent: 0 mouseScrollTimeSpent: 0 physicalKeyboardConnectedTimeSpent: 0 physicalKeyboardTrackedTimeSpent: 0 quickActionsMenuActivations: 0 quickActionsMenuTimeSpent: 0 quickActionsMenuSessionLengths: [] quickActionsMenuSelections: {} handTrackingOptIn: 0 handTrackingAutoTransition: 1
02-08 22:46:56.992   883   883 I chatty  : uid=1000(system) /system/bin/trackingservice identical 1 line
02-08 22:46:56.993  4614  4643 I Clay    : BaseApp: Hibernate transition Unhibernate
02-08 22:46:56.993  4614  4643 I Clay    : copresence: microphone state transition, unpaused
02-08 22:46:56.993   765   963 W AudioFlinger: moveEffectChain_l() effect chain for session 0 not on source thread 0x7e7dad5580
02-08 22:46:56.993  4614  4643 I Clay    : SoundSystem: setPaused(false), m_paused=true
02-08 22:46:56.993   765  5114 D AF::RecordHandle: OpRecordAudio: track:293 uid:10032 pkg:com.oculus.horizon usage:0 not muted
02-08 22:46:56.994 21033 21115 E OsSdk   : error getting shared memory region, memory type: HeadTracker, failed with Status(-1, EX_SECURITY): 'requested shared memory region when not registered/focused'
02-08 22:46:56.996   765  6264 D AF::RecordHandle: OpRecordAudio: track:62 uid:10014 pkg:com.oculus.shellenv usage:0 not muted
02-08 22:46:57.000  4614  4614 D ActivityLifecycleListener: onActivityResumed
02-08 22:46:57.001  4614  4717 D ActivityLifecycleListener: activity=com.oculus.shellenv.ShellEnvActivity@8d04f47, resumed=true
02-08 22:46:57.001  4614  4717 D ActivityLifecycleListener: Activity ready after 0ms
02-08 22:46:57.001  4614  4717 I OpenXR  : nativeOnActivityReady
02-08 22:46:57.003  3797  3797 D [SEO] ShellEnvOverlayService: onRebind
02-08 22:46:57.008  1535  1535 V AvrcpMediaPlayerList: onPlaybackConfigChanged(): Configs list size=16
02-08 22:46:57.020   883 24830 W [CT]    : VEGA:MAP_TRACKING_HM: [Throttled count=24] Map tracking did not run.
02-08 22:46:57.022   765   979 D AF::RecordHandle: OpRecordAudio: track:286 uid:10033 pkg:com.oculus.xrstreamingclient usage:0 muted
02-08 22:46:57.024  3797  4689 I [SEO] ShellApp: 0xc8f25b08 msg: intent
02-08 22:46:57.024  3797  4689 I [SEO] ShellApp: Ignoring empty launch intent action com.oculus.vrshell.SHELL_ENV_START_SERVICE
02-08 22:46:57.024   703  1676 I netd    : firewallSetUidRule(2, 10080, 1) <0.02ms>
02-08 22:46:57.025   703  1676 I netd    : firewallSetUidRule(2, 10071, 1) <0.01ms>
02-08 22:46:57.036   883   883 W TrackingService: attachClient: found client in attached list
02-08 22:46:57.037 21033 21115 E OsSdk   : error getting shared memory region, memory type: HeadTracker, failed with Status(-1, EX_SECURITY): 'requested shared memory region when not registered/focused'
02-08 22:46:57.037   883  5113 W TrackingService: attachClient: found client in attached list
02-08 22:46:57.040 21033 21115 E OsSdk   : error getting shared memory region, memory type: AnchorTracker, failed with Status(-1, EX_SECURITY): 'requested shared memory region when not registered/focused'
02-08 22:46:57.066  4614  4643 I Clay    : EnvironmentSystem: computed visibility changed from Unload to Visible (reason: <none>)
02-08 22:46:57.066   745  1328 D audio_hw_primary: start_output_stream: enter: stream(0xf109a000)usecase(1: low-latency-playback) devices(0x8) is_haptic_usecase(0)
02-08 22:46:57.067   745  1328 I audio_hw_primary: select_devices for use case (low-latency-playback)
02-08 22:46:57.067   745  1328 D audio_hw_extn: audio_extn_get_anc_enabled: anc_enabled:0
02-08 22:46:57.067   745  1328 I msm8974_platform: platform_check_and_set_codec_backend_cfg:becf: afe: bitwidth 16, samplerate 48000 channels 2, backend_idx 3 usecase = 1 device (voice-headphones)
02-08 22:46:57.067   745  1328 D msm8974_platform: platform_split_snd_device: snd_device(26) num devices(1) new_snd_devices(0)
02-08 22:46:57.067   745  1328 I msm8974_platform: platform_check_and_set_codec_backend_cfg: new_snd_devices[0] is 26
02-08 22:46:57.067   745  1328 I msm8974_platform: platform_check_codec_backend_cfg:becf: afe: bitwidth 16, samplerate 48000 channels 2, backend_idx 3 usecase = 1 device (voice-headphones)
02-08 22:46:57.067   745  1328 D msm8974_platform: platform_check_codec_backend_cfg:napb: (0) - (deep-buffer-playback)id (0) sr 48000 bw (16) ch (2) device voice-headphones
02-08 22:46:57.067   745  1328 D msm8974_platform: platform_check_codec_backend_cfg:becf: afe: napb not active - set non fractional rate
02-08 22:46:57.067  4614  4643 I OpenXR  : PostSessionStateChange: XR_SESSION_STATE_IDLE -> XR_SESSION_STATE_READY
02-08 22:46:57.068   745  1328 D audio_hw_extn: audio_extn_enable_hifi_filter: mixer_value set 0
02-08 22:46:57.068   745  1328 D msm8974_platform: platform_check_codec_backend_cfg:becf: updated afe: bitwidth 16, samplerate 48000 channels 2,backend_idx 3 usecase = 1 device (voice-headphones)
02-08 22:46:57.068   745  1328 I msm8974_platform: platform_check_codec_backend_cfg:becf: afe: Codec selected backend: 3 updated bit width: 16 and sample rate: 48000
02-08 22:46:57.068   745  1328 D audio_hw_primary: check_usecases_codec_backend:becf: force routing 0
02-08 22:46:57.068   745  1328 D audio_hw_primary: check_usecases_codec_backend:becf: (75) check_usecases curr device: voice-headphones, usecase device:voice-headphones backends match 1
02-08 22:46:57.068   745  1328 E msm8974_platform: platform_check_backends_match: Invalid snd_device = 
02-08 22:46:57.068   745  1328 D audio_hw_primary: check_usecases_codec_backend:becf: (75) check_usecases curr device: voice-headphones, usecase device: backends match 0
02-08 22:46:57.068   745  1328 D audio_hw_primary: check_usecases_codec_backend:becf: check_usecases num.of Usecases to switch 0
02-08 22:46:57.068   745  1328 D hardware_info: hw_info_append_hw_type : device_name = voice-headphones
02-08 22:46:57.068   745  1328 D msm8974_platform: platform_split_snd_device: snd_device(26) num devices(0) new_snd_devices(0)
02-08 22:46:57.068   745  1328 D audio_hw_utils: audio_extn_utils_send_app_type_cfg: usecase->out_snd_device voice-headphones
02-08 22:46:57.068   745  1328 D msm8974_platform: platform_split_snd_device: snd_device(26) num devices(0) new_snd_devices(0)
02-08 22:46:57.069   745  1328 D audio_hw_utils: audio_extn_btsco_get_sample_rate:Not a BT SCO device, need not update sampling rate
02-08 22:46:57.069   745  1328 I audio_hw_utils: send_app_type_cfg_for_device PLAYBACK app_type 69943, acdb_dev_id 10, sample_rate 48000, snd_device_be_idx 43
02-08 22:46:57.069   745  1328 D msm8974_platform: platform_split_snd_device: snd_device(26) num devices(1) new_snd_devices(0)
02-08 22:46:57.069   745  1328 D audio_hw_utils: audio_extn_btsco_get_sample_rate:Not a BT SCO device, need not update sampling rate
02-08 22:46:57.069   745  1328 D ACDB-LOADER: ACDB -> send_audio_cal, acdb_id = 10, path = 0, app id = 0x11137, sample rate = 48000, afe_sample_rate = 48000
02-08 22:46:57.069   745  1328 D ACDB-LOADER: ACDB -> send_asm_topology
02-08 22:46:57.069   745  1328 D ACDB-LOADER: ACDB -> ACDB_CMD_GET_AUDPROC_STREAM_TOPOLOGY_ID
02-08 22:46:57.069   745  1328 D ACDB-LOADER: ACDB -> send_adm_topology
02-08 22:46:57.069   745  1328 D ACDB-LOADER: ACDB -> ACDB_CMD_GET_AUDPROC_COMMON_TOPOLOGY_ID
02-08 22:46:57.069   745  1328 D ACDB-LOADER: ACDB -> send_audtable
02-08 22:46:57.069   745  1328 D ACDB-LOADER: ACDB -> ACDB_CMD_GET_AUDPROC_INSTANCE_COMMON_TABLE_SIZE
02-08 22:46:57.069   745  1328 D ACDB-LOADER: ACDB -> ACDB_CMD_GET_AUDPROC_INSTANCE_COMMON_TABLE
02-08 22:46:57.069   745  1328 D ACDB-LOADER: ACDB -> AUDIO_SET_AUDPROC_CAL cal_type[11] acdb_id[10] app_type[69943]
02-08 22:46:57.069   745  1328 D ACDB-LOADER: ACDB -> send_audvoltable
02-08 22:46:57.069   745  1328 D ACDB-LOADER: ACDB -> ACDB_CMD_GET_AUDPROC_INSTANCE_GAIN_DEP_STEP_TABLE_SIZE
02-08 22:46:57.069   745  1328 D         : Failed to fetch the lookup information of the device 0000000A 
02-08 22:46:57.069   745  1328 D ACDB-LOADER: Error: ACDB_CMD_GET_AUDPROC_INSTANCE_GAIN_DEP_STEP_TABLE_SIZE Returned = -19
02-08 22:46:57.069   745  1328 D ACDB-LOADER: ACDB -> ACDB_CMD_GET_AUDPROC_INSTANCE_GAIN_DEP_STEP_TABLE, vol index 0
02-08 22:46:57.069   745  1328 D         : Failed to fetch the lookup information of the device 0000000A 
02-08 22:46:57.069   745  1328 D ACDB-LOADER: Error: ACDB AudProc vol returned = -19
02-08 22:46:57.069   745  1328 D ACDB-LOADER: ACDB -> AUDIO_SET_VOL_CAL cal type = 12
02-08 22:46:57.069   745  1328 D ACDB-LOADER: ACDB -> ACDB_CMD_GET_AUDPROC_INSTANCE_STREAM_TABLE_SIZE
02-08 22:46:57.069   745  1328 D ACDB-LOADER: ACDB -> send_audstrmtable
02-08 22:46:57.069   745  1328 D ACDB-LOADER: ACDB -> ACDB_CMD_GET_AUDPROC_INSTANCE_STREAM_TABLE
02-08 22:46:57.069   745  1328 D ACDB-LOADER: ACDB -> audstrm_cal->cal_type.cal_data.cal_size = 20
02-08 22:46:57.069   745  1328 D ACDB-LOADER: ACDB -> send_afe_topology
02-08 22:46:57.069   745  1328 D ACDB-LOADER: ACDB -> ACDB_CMD_GET_AFE_TOPOLOGY_ID
02-08 22:46:57.070   745  1328 D ACDB-LOADER: ACDB -> GET_AFE_TOPOLOGY_ID for adcd_id 10, Topology Id 112fc
02-08 22:46:57.070   745  1328 D ACDB-LOADER: ACDB -> send_afe_cal
02-08 22:46:57.070   745  1328 D ACDB-LOADER: ACDB -> ACDB_CMD_GET_AFE_INSTANCE_COMMON_TABLE_SIZE
02-08 22:46:57.070   745  1328 D         : Failed to fetch the lookup information of the device 0000000A 
02-08 22:46:57.070   745  1328 D ACDB-LOADER: Error: ACDB_CMD_GET_AFE_INSTANCE_COMMON_TABLE_SIZE Returned = -19
02-08 22:46:57.070   745  1328 D ACDB-LOADER: ACDB -> ACDB_CMD_GET_AFE_INSTANCE_COMMON_TABLE
02-08 22:46:57.070   745  1328 D         : Failed to fetch the lookup information of the device 0000000A 
02-08 22:46:57.070   745  1328 D ACDB-LOADER: Error: ACDB AFE returned = -19
02-08 22:46:57.070   745  1328 D ACDB-LOADER: ACDB -> AUDIO_SET_AFE_CAL cal_type[16] acdb_id[10]
02-08 22:46:57.070   745  1328 D ACDB-LOADER: ACDB -> send_hw_delay : acdb_id = 10 path = 0
02-08 22:46:57.070   745  1328 D ACDB-LOADER: ACDB -> ACDB_AVSYNC_INFO: ACDB_CMD_GET_DEVICE_PROPERTY
02-08 22:46:57.070   745  1328 D msm8974_platform: platform_split_snd_device: snd_device(26) num devices(0) new_snd_devices(0)
02-08 22:46:57.070   745  1328 I msm8974_platform: platform_get_custom_mtmx_params: no matching param with id 0 ip_ch 2 op_ch 2 uc_id 1 snd_dev 26
02-08 22:46:57.070   745  1328 I audio_hw_primary: enable_audio_route: apply mixer and update path: low-latency-playback headphones
02-08 22:46:57.070   745  1328 D audio_route: Apply path: low-latency-playback headphones
02-08 22:46:57.071   745  1328 D audio_hw_primary: select_devices: done
02-08 22:46:57.072 18403 18403 W OVRLibrary: null cursor received for query content://com.oculus.ocms.library/apps/com.oculus.shellenv
02-08 22:46:57.075 18403 18403 D [SUI] DynamicAppsViewModel: Setting destination ui paused app - com.oculus.shellenv
