02-08 21:41:22.506 18403 18403 D [SUI] SettingsAssistantJsonBuilder: Skipped existing setting: LANGUAGE
02-08 21:41:22.506 18403 18403 D [SUI] SettingsAssistantJsonBuilder: Registering setting VIDEO_CAPTURE_EYE_SELECTION with route systemux://settings/capture?setting=video_capture_eye_selection
02-08 21:41:22.506 18403 18403 D [SUI] SettingsAssistantJsonBuilder: Registering setting BOOST_HEIGHT with route systemux://settings/mobility?setting=mobility_boost_your_height
02-08 21:41:22.506 18403 18403 D [SUI] SettingsAssistantJsonBuilder: Skipped NULL setting: NULL
02-08 21:41:22.506 18403 18403 D [SUI] SettingsAssistantJsonBuilder: Registering setting SWAP_HANDEDNESS with route systemux://settings/hands?setting=hands_swap_system_button_handedness
02-08 21:41:22.506 18403 18403 D [SUI] SettingsAssistantJsonBuilder: Skipped existing setting: HAND_TRACKING
02-08 21:41:22.506 18403 18403 D [SUI] SettingsAssistantJsonBuilder: Registering setting COLOR_FILTER with route systemux://settings/vision?setting=color_filter
02-08 21:41:22.506 18403 18403 D [SUI] SettingsAssistantJsonBuilder: Registering setting THEME_OPTION with route systemux://settings/display_theme?setting=display_theme
02-08 21:41:22.506 18403 18403 D [SUI] SettingsAssistantJsonBuilder: Registering setting APPS_LOCK_TOOLBAR_ITEM with route systemux://settings/app_locks?setting=app_locks_toolbar_item
02-08 21:41:22.506 18403 18403 D [SUI] SettingsAssistantJsonBuilder: Registering setting LANGUAGE_REGION_LANGUAGE with route systemux://settings/language_and_region?setting=system_language_and_region_section
02-08 21:41:22.506 18403 18403 D [SUI] SettingsAssistantJsonBuilder: Registering setting MUTE_MICROPHONE with route systemux://settings/sound?setting=microphone
02-08 21:41:22.506 18403 18403 D [SUI] SettingsAssistantJsonBuilder: Skipped NULL setting: NULL
02-08 21:41:22.506 18403 18403 D [SUI] SettingsAssistantJsonBuilder: Skipped existing setting: EXPERIMENTAL
02-08 21:41:22.506 18403 18403 D [SUI] SettingsAssistantJsonBuilder: Registering setting GUARDIAN_GENERAL with route systemux://settings/guardian_general?setting=guardian_general
02-08 21:41:22.506 18403 18403 D [SUI] SettingsAssistantJsonBuilder: Registering setting SYSTEM with route systemux://settings/display?setting=system_grid_tile
02-08 21:41:22.506 18403 18403 D [SUI] SettingsAssistantJsonBuilder: Registering setting GUARDIAN_ROOMSCALE with route systemux://settings/guardian_roomscale?setting=guardian_roomscale_section
02-08 21:41:22.506 18403 18403 D [SUI] SettingsAssistantJsonBuilder: Registering setting UNLOCK_PATTERN with route systemux://settings/security?setting=unlock_pattern
02-08 21:41:22.506 18403 18403 D [SUI] SettingsAssistantJsonBuilder: Registering setting MONO_AUDIO with route systemux://settings/hearing?setting=accessibility_mono_audio
02-08 21:41:22.506 18403 18403 D [SUI] SettingsAssistantJsonBuilder: Registering setting OVERLAY_POSITION with route systemux://settings/permissions?setting=overlay_position
02-08 21:41:22.506 18403 18403 D [SUI] SettingsAssistantJsonBuilder: Skipped existing setting: BOUNDARY_COLOR
02-08 21:41:22.506 18403 18403 D [SUI] SettingsAssistantJsonBuilder: Skipped existing setting: SUPPORT
02-08 21:41:22.506 18403 18403 D [SUI] SettingsAssistantJsonBuilder: Registering setting NOTIFICATION_SOUND with route systemux://settings/sound?setting=new_notifications_sound
02-08 21:41:22.506 18403 18403 D [SUI] SettingsAssistantJsonBuilder: Registering setting BACKUP with route systemux://settings/backup?setting=system_backup_section
02-08 21:41:22.506 18403 18403 D [SUI] SettingsAssistantJsonBuilder: Registering setting MOVE_NOTIFICATION with route systemux://settings/permissions?setting=move_notification
02-08 21:41:22.506 18403 18403 D [SUI] SettingsAssistantJsonBuilder: Registering setting VISION with route systemux://settings/vision?setting=accessibility_vision_section
02-08 21:41:22.506 18403 18403 D [SUI] SettingsAssistantJsonBuilder: Registering setting VIRTUAL_WORKSPACE with route systemux://settings/virtual_workspace_environment?setting=virtual_workspace_grid_tile
02-08 21:41:22.506 18403 18403 D [SUI] SettingsAssistantJsonBuilder: Registering setting AUDIO_BALANCE with route systemux://settings/hearing?setting=accessibility_audio_balance
02-08 21:41:22.506 18403 18403 D [SUI] SettingsAssistantJsonBuilder: Registering setting THUMBSTICKS with route systemux://settings/controllers?setting=controllers_controller_calibration
02-08 21:41:22.506 18403 18403 D [SUI] SettingsAssistantJsonBuilder: Skipped existing setting: VIRTUAL_ENVIRONMENT
02-08 21:41:22.506 18403 18403 D [SUI] SettingsAssistantJsonBuilder: Registering setting VIDEO_CAPTURE_ADVANCED_SETTING with route systemux://settings/experiments?setting=capture_advanced_setting
02-08 21:41:22.506 18403 18403 D [SUI] SettingsAssistantJsonBuilder: Registering setting HEADSET_TRACKING with route systemux://settings/headset_tracking?setting=guardian_tracking
02-08 21:41:22.506 18403 18403 D [SUI] SettingsAssistantJsonBuilder: Registering setting CONTROLLER_SPEED with route systemux://settings/guardian_roomscale?setting=controller_speed_sensitivity
02-08 21:41:22.506 18403 18403 D [SUI] SettingsAssistantJsonBuilder: Registering setting BROWSER_PASSWORD_AUTOFILL with route systemux://settings/security?setting=pattern_unlock_browser_password_autofill
02-08 21:41:22.506 18403 18403 D [SUI] SettingsAssistantJsonBuilder: Registering setting SURFACE_CLEAR with route systemux://settings/guardian_mixed_reality?setting=surface_clear
02-08 21:41:22.506 18403 18403 D [SUI] SettingsAssistantJsonBuilder: Skipped existing setting: BLUETOOTH_PAIRING
02-08 21:41:22.506 18403 18403 D [SUI] SettingsAssistantJsonBuilder: Registering setting RUNTIME_VERSION with route systemux://settings/software_update?setting=runtime_version
02-08 21:41:22.506 18403 18403 D [SUI] SettingsAssistantJsonBuilder: Skipped NULL setting: NULL
02-08 21:41:22.506 18403 18403 D [SUI] SettingsAssistantJsonBuilder: Skipped existing setting: HEALTH_AND_SAFETY
02-08 21:41:22.506 18403 18403 D [SUI] SettingsAssistantJsonBuilder: Registering setting MOUSE with route systemux://settings/bluetooth_mouse?setting=devices_mouse_section
02-08 21:41:22.506 18403 18403 D [SUI] SettingsAssistantJsonBuilder: Registering setting FORWARD_DIRECTION with route systemux://settings/controllers?setting=controllers_controller_calibration_forward_direction
02-08 21:41:22.506 18403 18403 D [SUI] SettingsAssistantJsonBuilder: Registering setting APPS_NOTIFICATIONS with route systemux://settings/phone_notifications?setting=phone_notifications_enabled_all_apps
02-08 21:41:22.506 18403 18403 D [SUI] SettingsAssistantJsonBuilder: Registering setting HEADSET_DISTANCE with route systemux://settings/guardian_roomscale?setting=headset_distance_sensitivity
02-08 21:41:22.506 18403 18403 D [SUI] SettingsAssistantJsonBuilder: Skipped existing setting: GUARDIAN
02-08 21:41:22.506 18403 18403 D [SUI] SettingsAssistantJsonBuilder: Skipped existing setting: SOFTWARE_UPDATE
02-08 21:41:22.506 18403 18403 D [SUI] SettingsAssistantJsonBuilder: Skipped existing setting: AUTO_WAKE
02-08 21:41:22.506 18403 18403 D [SUI] SettingsAssistantJsonBuilder: Registering setting FONT_SIZE with route systemux://settings/vision?setting=accessibility_font_size
02-08 21:41:22.506 18403 18403 D [SUI] SettingsAssistantJsonBuilder: Registering setting SHARE_SHARE_SPATIAL_DATA with route systemux://settings/device_permissions?setting=privacy_share_spatial_data
02-08 21:41:22.507 18403 18403 D [SUI] SettingsAssistantJsonBuilder: Skipped existing setting: KEYBOARD
02-08 21:41:22.507 18403 18403 D [SUI] SettingsAssistantJsonBuilder: Skipped existing setting: VIBRATION_INTENSITY
02-08 21:41:22.507 18403 18403 D [SUI] SettingsAssistantJsonBuilder: Skipped existing setting: ABOUT
02-08 21:41:22.507 18403 18403 D [SUI] SettingsAssistantJsonBuilder: Registering setting DEV_USB_DIALOG with route systemux://settings/developer?setting=mtp_dialog_toggle
02-08 21:41:22.507 18403 18403 D [SUI] SettingsAssistantJsonBuilder: Registering setting INSTALLED_APPS with route systemux://settings/applications?setting=installed_apps
02-08 21:41:22.507 18403 18403 D [SUI] SettingsAssistantJsonBuilder: Skipped existing setting: DO_NOT_DISTURB
02-08 21:41:22.507 18403 18403 D [SUI] SettingsAssistantJsonBuilder: Skipped NULL setting: NULL
02-08 21:41:22.507 18403 18403 D [SUI] SettingsAssistantJsonBuilder: Registering setting QUEST_LINK with route systemux://settings/quest_link?setting=quest_link
02-08 21:41:22.507 18403 18403 D [SUI] SettingsAssistantJsonBuilder: Registering setting SWAP_THUMBSTICKS with route systemux://settings/controllers?setting=controllers_swap_thumbsticks
02-08 21:41:22.507 18403 18403 D [SUI] SettingsAssistantJsonBuilder: Registering setting AUTO_CORRECT with route systemux://settings/keyboard?setting=keyboard_autocorrect
02-08 21:41:22.507 18403 18403 D [SUI] SettingsAssistantJsonBuilder: Skipped existing setting: OS_VERSION
02-08 21:41:22.507 18403 18403 D [SUI] SettingsAssistantJsonBuilder: Skipped existing setting: HEADSET_TRACKING_FREQUENCY
02-08 21:41:22.507 18403 18403 D [SUI] SettingsAssistantJsonBuilder: Skipped existing setting: DISPLAY
02-08 21:41:22.507 18403 18403 D [SUI] SettingsAssistantJsonBuilder: Registering setting PAIRING_CODE with route systemux://settings/about?setting=pairing_code
02-08 21:41:22.507 18403 18403 D [SUI] SettingsAssistantJsonBuilder: Skipped existing setting: DO_NOT_DISTURB
02-08 21:41:22.507 18403 18403 D [SUI] SettingsAssistantJsonBuilder: Registering setting COLOR_CORRECTION with route systemux://settings/color_filters?setting=color_correction
02-08 21:41:22.507 18403 18403 D [SUI] SettingsAssistantJsonBuilder: Registering setting AUTO_SYNC_MEDIA_TO_TW with route systemux://settings/capture?setting=auto_sync_media_to_tw
02-08 21:41:22.507 18403 18403 D [SUI] SettingsAssistantJsonBuilder: Registering setting USER_ACCOUNT with route systemux://settings/accounts?setting=user_account
02-08 21:41:22.507 18403 18403 D [SUI] SettingsAssistantJsonBuilder: Skipped existing setting: MAC_ADDRESS
02-08 21:41:22.507 18403 18403 D [SUI] SettingsAssistantJsonBuilder: Skipped NULL setting: NULL
02-08 21:41:22.507 18403 18403 D [SUI] SettingsAssistantJsonBuilder: Registering setting DEV_HAND_TRACKING_FREQUENCY with route systemux://settings/developer?setting=hand_tracking_frequency_override
02-08 21:41:22.507 18403 18403 D [SUI] SettingsAssistantJsonBuilder: Skipped NULL setting: NULL
02-08 21:41:22.507 18403 18403 D [SUI] SettingsAssistantJsonBuilder: Registering setting REFRESH_RATE with route systemux://settings/display?setting=120hz-refresh-rate
02-08 21:41:22.507 18403 18403 D [SUI] SettingsAssistantJsonBuilder: Registering setting ROOM_CAPTURE with route systemux://settings/guardian_mixed_reality?setting=sys_utils_redesign_menu_guardian_room_capture
02-08 21:41:22.507 18403 18403 D [SUI] SettingsAssistantJsonBuilder: Skipped existing setting: HAND_TRACKING
02-08 21:41:22.507 18403 18403 D [SUI] SettingsAssistantJsonBuilder: Registering setting COUCH_CREATION with route systemux://settings/guardian_mixed_reality?setting=couch_creation
02-08 21:41:22.507 18403 18403 D [SUI] SettingsAssistantJsonBuilder: Skipped existing setting: BLUETOOTH_PAIRING
02-08 21:41:22.507 18403 18403 D [SUI] SettingsAssistantJsonBuilder: Registering setting DESK_IN_VR with route systemux://settings/virtual_workspace_desk?setting=virtual_workspace_desk_section
02-08 21:41:22.507 18403 18403 D [SUI] SettingsAssistantJsonBuilder: Registering setting TIPS_AND_SUPPORT with route systemux://settings/tips_and_support?setting=system_tips_and_support_section
02-08 21:41:22.507 18403 18403 D [SUI] SettingsAssistantJsonBuilder: Registering setting DEVICE_ACCOUNT with route systemux://settings/accounts?setting=device_account_section
02-08 21:41:22.507 18403 18403 D [SUI] SettingsAssistantJsonBuilder: Skipped existing setting: NIGHT_SHIFT
02-08 21:41:22.507 18403 18403 D [SUI] SettingsAssistantJsonBuilder: Registering setting ACCESSIBILITY with route systemux://settings/vision?setting=accessibility_grid_tile
02-08 21:41:22.507 18403 18403 D [SUI] SettingsAssistantJsonBuilder: Registering setting TEXT_FONT_SIZE with route systemux://settings/text_personalization?setting=font_size
02-08 21:41:22.507 18403 18403 D [SUI] SettingsAssistantJsonBuilder: Registering setting APP_SHARING with route systemux://settings/accounts?setting=library_sharing
02-08 21:41:22.507 18403 18403 D [SUI] SettingsAssistantJsonBuilder: Skipped existing setting: CONTROLLERS
02-08 21:41:22.507 18403 18403 D [SUI] SettingsAssistantJsonBuilder: Registering setting DISPLAY_WARMTH with route systemux://settings/display?setting=night_shift_temperature
02-08 21:41:22.507 18403 18403 D [SUI] SettingsAssistantJsonBuilder: Skipped existing setting: HAND_TRACKING
02-08 21:41:22.507 18403 18403 D [SUI] SettingsAssistantJsonBuilder: Registering setting PERSONALIZATION with route systemux://settings/environment?setting=personalization_grid_tile
02-08 21:41:22.507 18403 18403 D [SUI] SettingsAssistantJsonBuilder: Skipped existing setting: BUG_REPORT
02-08 21:41:22.507 18403 18403 D [SUI] SettingsAssistantJsonBuilder: Skipped existing setting: VIDEO_CAPTURE
02-08 21:41:22.507 18403 18403 D [SUI] SettingsAssistantJsonBuilder: Skipped existing setting: NOTIFICATIONS
02-08 21:41:22.507 18403 18403 D [SUI] SettingsAssistantJsonBuilder: Skipped existing setting: GUARDIAN_PASSTHROUGH
02-08 21:41:22.507 18403 18403 D [SUI] SettingsAssistantJsonBuilder: Skipped existing setting: KEYBOARD
02-08 21:41:22.507 18403 18403 D [SUI] SettingsAssistantJsonBuilder: Registering setting PERSONALIZATION_TEXT with route systemux://settings/text_personalization?setting=personalization_text_section
02-08 21:41:22.507 18403 18403 D [SUI] SettingsAssistantJsonBuilder: Registering setting DEV_GUARDIAN with route systemux://settings/developer?setting=guardian_toggle
02-08 21:41:22.507 18403 18403 D [SUI] SettingsAssistantJsonBuilder: Registering setting APP_PERMISSIONS with route systemux://settings/permissions?setting=apps_permissions_grid_tile
02-08 21:41:22.507 18403 18403 D [SUI] SettingsAssistantJsonBuilder: Skipped existing setting: SWAP_HANDEDNESS
02-08 21:41:22.507 18403 18403 D [SUI] SettingsProvider: disconnectFromService with total client count = 0
02-08 21:41:22.509  4614 20941 D CCodecBufferChannel: [c2.android.vorbis.decoder#226] Discard frames from previous generation.
02-08 21:41:22.510   860   995 D BufferPoolAccessor: Destruction - bufferpool2 0x2bdd516230 cached: 0/0M, 0/0% in use; allocs: 0, 0% recycled; transfers: 0, 0% unfetced
02-08 21:41:22.511  2024 20102 I CompositorVR: WarpToScreen: Skipping frames for 25
02-08 21:41:22.511   860   995 V C2Store : in ~ComponentModule
02-08 21:41:22.511   860   995 V C2Store : unloading dll
02-08 21:41:22.511 18403 18403 D [SUI] AnytimeUIAndroidPanelApp: Stored settings in pref store in 2364532 ns
02-08 21:41:22.515 18403 18403 D [SUI] SystemUXFunnelLogServerLogger: Impression Event: oculus_impressions_tile_impressioned LogInfo{duration=0, mLogId='com.oculus.explore', mContentType=APP, mPosX=0, mPosy=0, mGlobalPos=0, mSurface=AUI, mSubSurface=null, mClickEventType=null, mClickEventName=null, mAdditionalParameters={aui_section=pinned, aui_position_in_section=0}}
02-08 21:41:22.515 18403 18403 D [SUI] SystemUXFunnelLogServerLogger: Impression Event: oculus_impressions_tile_impressioned LogInfo{duration=0, mLogId='com.oculus.store', mContentType=APP, mPosX=1, mPosy=0, mGlobalPos=1, mSurface=AUI, mSubSurface=null, mClickEventType=null, mClickEventName=null, mAdditionalParameters={aui_section=pinned, aui_position_in_section=1}}
02-08 21:41:22.515 18403 18403 D [SUI] SystemUXFunnelLogServerLogger: Impression Event: oculus_impressions_tile_impressioned LogInfo{duration=0, mLogId='messenger_system_app', mContentType=APP, mPosX=2, mPosy=0, mGlobalPos=2, mSurface=AUI, mSubSurface=null, mClickEventType=null, mClickEventName=null, mAdditionalParameters={aui_section=pinned, aui_position_in_section=2}}
02-08 21:41:22.515 18403 18403 D [SUI] SystemUXFunnelLogServerLogger: Impression Event: oculus_impressions_tile_impressioned LogInfo{duration=0, mLogId='share_system_app', mContentType=APP, mPosX=3, mPosy=0, mGlobalPos=3, mSurface=AUI, mSubSurface=null, mClickEventType=null, mClickEventName=null, mAdditionalParameters={aui_section=pinned, aui_position_in_section=3}}
02-08 21:41:22.515 18403 18403 D [SUI] SystemUXFunnelLogServerLogger: Impression Event: oculus_impressions_tile_impressioned LogInfo{duration=0, mLogId='2448060205267927', mContentType=APP, mPosX=5, mPosy=0, mGlobalPos=5, mSurface=AUI, mSubSurface=null, mClickEventType=null, mClickEventName=null, mAdditionalParameters={aui_section=recent, aui_position_in_section=0}}
02-08 21:41:22.515 18403 18403 D [SUI] SystemUXFunnelLogServerLogger: Impression Event: oculus_impressions_tile_impressioned LogInfo{duration=0, mLogId='settings_system_app', mContentType=APP, mPosX=6, mPosy=0, mGlobalPos=6, mSurface=AUI, mSubSurface=null, mClickEventType=null, mClickEventName=null, mAdditionalParameters={aui_section=recent, aui_position_in_section=1}}
02-08 21:41:22.522 18403 18403 W [SUI] AsyncQueryHandlerBase: Callback reference is null
02-08 21:41:22.522  2024 20102 I CompositorVR: WarpToScreen: Skipping frames for 25
02-08 21:41:22.544  2024 20102 I CompositorVR: WarpToScreen: Skipping frames for 25
02-08 21:41:22.550  4614 20944 D CCodec  : allocate(c2.android.vorbis.decoder)
02-08 21:41:22.550   860   995 V C2Store : in init
02-08 21:41:22.550   860   995 V C2Store : loading dll
02-08 21:41:22.553  4614 20944 I CCodec  : Created component [c2.android.vorbis.decoder]
02-08 21:41:22.554  4614 20944 D CCodecConfig: read media type: audio/vorbis
02-08 21:41:22.555  4614 20944 D ReflectedParamUpdater: extent() != 1 for single value type: algo.buffers.max-count.values
02-08 21:41:22.555  4614 20944 D ReflectedParamUpdater: extent() != 1 for single value type: output.subscribed-indices.values
02-08 21:41:22.555  4614 20944 D ReflectedParamUpdater: extent() != 1 for single value type: input.buffers.allocator-ids.values
02-08 21:41:22.555  2024 20102 I CompositorVR: WarpToScreen: Skipping frames for 25
02-08 21:41:22.555  4614 20944 D ReflectedParamUpdater: extent() != 1 for single value type: output.buffers.allocator-ids.values
02-08 21:41:22.555  4614 20944 D ReflectedParamUpdater: extent() != 1 for single value type: algo.buffers.allocator-ids.values
02-08 21:41:22.555  4614 20944 D ReflectedParamUpdater: extent() != 1 for single value type: output.buffers.pool-ids.values
02-08 21:41:22.556  4614 20944 D ReflectedParamUpdater: extent() != 1 for single value type: algo.buffers.pool-ids.values
02-08 21:41:22.557  4614 20944 I CCodecConfig: query failed after returning 7 values (BAD_INDEX)
02-08 21:41:22.557  4614 20944 D CCodecConfig: c2 config diff is Dict {
02-08 21:41:22.557  4614 20944 D CCodecConfig:   c2::u32 coded.bitrate.value = 64000
02-08 21:41:22.557  4614 20944 D CCodecConfig:   c2::u32 input.buffers.max-size.value = 32768
02-08 21:41:22.557  4614 20944 D CCodecConfig:   c2::u32 input.delay.value = 0
02-08 21:41:22.557  4614 20944 D CCodecConfig:   string input.media-type.value = "audio/vorbis"
02-08 21:41:22.557  4614 20944 D CCodecConfig:   string output.media-type.value = "audio/raw"
02-08 21:41:22.557  4614 20944 D CCodecConfig:   c2::u32 raw.channel-count.value = 1
02-08 21:41:22.557  4614 20944 D CCodecConfig:   c2::u32 raw.sample-rate.value = 48000
02-08 21:41:22.557  4614 20944 D CCodecConfig: }
02-08 21:41:22.557  4614 20944 D CCodecConfig: no c2 equivalents for durationUs
02-08 21:41:22.557  4614 20944 D CCodecConfig: no c2 equivalents for csd-1
02-08 21:41:22.557  4614 20944 D CCodecConfig: no c2 equivalents for track-id
02-08 21:41:22.557  4614 20944 D CCodecConfig: no c2 equivalents for channel-mask
02-08 21:41:22.557  4614 20944 D CCodecConfig: c2 config diff is   c2::u32 raw.channel-count.value = 2
02-08 21:41:22.557  4614 20944 D CCodecConfig:   c2::u32 raw.sample-rate.value = 44100
02-08 21:41:22.558  4614 20944 W Codec2Client: query -- param skipped: index = 1107298332.
02-08 21:41:22.558  4614 20944 D CCodec  : setup formats input: AMessage(what = 0x00000000) = {
02-08 21:41:22.558  4614 20944 D CCodec  :   int32_t channel-count = 2
02-08 21:41:22.558  4614 20944 D CCodec  :   int32_t max-input-size = 32768
02-08 21:41:22.558  4614 20944 D CCodec  :   string mime = "audio/vorbis"
02-08 21:41:22.558  4614 20944 D CCodec  :   int32_t sample-rate = 44100
02-08 21:41:22.558  4614 20944 D CCodec  : } and output: AMessage(what = 0x00000000) = {
02-08 21:41:22.558  4614 20944 D CCodec  :   int32_t channel-count = 2
02-08 21:41:22.558  4614 20944 D CCodec  :   string mime = "audio/raw"
02-08 21:41:22.558  4614 20944 D CCodec  :   int32_t sample-rate = 44100
02-08 21:41:22.558  4614 20944 D CCodec  :   int32_t channel-mask = 3
02-08 21:41:22.558  4614 20944 D CCodec  : }
02-08 21:41:22.562   860  1834 V C2Store : in ~ComponentModule
02-08 21:41:22.562   860  1834 V C2Store : unloading dll
02-08 21:41:22.566  2024 20102 I CompositorVR: WarpToScreen: Skipping frames for 25
02-08 21:41:22.577  2024 20102 I CompositorVR: WarpToScreen: Skipping frames for 25
02-08 21:41:22.585  4614 20947 D CCodec  : allocate(c2.android.vorbis.decoder)
02-08 21:41:22.586   860  1834 V C2Store : in init
02-08 21:41:22.586   860  1834 V C2Store : loading dll
02-08 21:41:22.588  4614 20947 I CCodec  : Created component [c2.android.vorbis.decoder]
02-08 21:41:22.588  4614 20947 D CCodecConfig: read media type: audio/vorbis
02-08 21:41:22.589  2024 20102 I CompositorVR: WarpToScreen: Skipping frames for 25
02-08 21:41:22.590  4614 20947 D ReflectedParamUpdater: extent() != 1 for single value type: algo.buffers.max-count.values
02-08 21:41:22.590  4614 20947 D ReflectedParamUpdater: extent() != 1 for single value type: output.subscribed-indices.values
02-08 21:41:22.590  4614 20947 D ReflectedParamUpdater: extent() != 1 for single value type: input.buffers.allocator-ids.values
02-08 21:41:22.590  4614 20947 D ReflectedParamUpdater: extent() != 1 for single value type: output.buffers.allocator-ids.values
02-08 21:41:22.590  4614 20947 D ReflectedParamUpdater: extent() != 1 for single value type: algo.buffers.allocator-ids.values
02-08 21:41:22.590  4614 20947 D ReflectedParamUpdater: extent() != 1 for single value type: output.buffers.pool-ids.values
02-08 21:41:22.590  4614 20947 D ReflectedParamUpdater: extent() != 1 for single value type: algo.buffers.pool-ids.values
02-08 21:41:22.591  4614 20947 I CCodecConfig: query failed after returning 7 values (BAD_INDEX)
02-08 21:41:22.591  4614 20947 D CCodecConfig: c2 config diff is Dict {
02-08 21:41:22.591  4614 20947 D CCodecConfig:   c2::u32 coded.bitrate.value = 64000
02-08 21:41:22.591  4614 20947 D CCodecConfig:   c2::u32 input.buffers.max-size.value = 32768
02-08 21:41:22.591  4614 20947 D CCodecConfig:   c2::u32 input.delay.value = 0
02-08 21:41:22.591  4614 20947 D CCodecConfig:   string input.media-type.value = "audio/vorbis"
02-08 21:41:22.591  4614 20947 D CCodecConfig:   string output.media-type.value = "audio/raw"
02-08 21:41:22.591  4614 20947 D CCodecConfig:   c2::u32 raw.channel-count.value = 1
02-08 21:41:22.591  4614 20947 D CCodecConfig:   c2::u32 raw.sample-rate.value = 48000
02-08 21:41:22.591  4614 20947 D CCodecConfig: }
02-08 21:41:22.591  4614 20947 D CCodecConfig: no c2 equivalents for durationUs
02-08 21:41:22.591  4614 20947 D CCodecConfig: no c2 equivalents for csd-1
02-08 21:41:22.591  4614 20947 D CCodecConfig: no c2 equivalents for track-id
02-08 21:41:22.591  4614 20947 D CCodecConfig: no c2 equivalents for channel-mask
02-08 21:41:22.592  4614 20947 D CCodecConfig: c2 config diff is   c2::u32 raw.channel-count.value = 2
02-08 21:41:22.592  4614 20947 D CCodecConfig:   c2::u32 raw.sample-rate.value = 44100
02-08 21:41:22.592  4614 20947 W Codec2Client: query -- param skipped: index = 1107298332.
02-08 21:41:22.592  4614 20947 D CCodec  : setup formats input: AMessage(what = 0x00000000) = {
02-08 21:41:22.592  4614 20947 D CCodec  :   int32_t channel-count = 2
02-08 21:41:22.592  4614 20947 D CCodec  :   int32_t max-input-size = 32768
02-08 21:41:22.592  4614 20947 D CCodec  :   string mime = "audio/vorbis"
02-08 21:41:22.592  4614 20947 D CCodec  :   int32_t sample-rate = 44100
02-08 21:41:22.592  4614 20947 D CCodec  : } and output: AMessage(what = 0x00000000) = {
02-08 21:41:22.592  4614 20947 D CCodec  :   int32_t channel-count = 2
02-08 21:41:22.592  4614 20947 D CCodec  :   string mime = "audio/raw"
02-08 21:41:22.592  4614 20947 D CCodec  :   int32_t sample-rate = 44100
02-08 21:41:22.592  4614 20947 D CCodec  :   int32_t channel-mask = 3
02-08 21:41:22.592  4614 20947 D CCodec  : }
02-08 21:41:22.597  4614 20947 W Codec2Client: query -- param skipped: index = 1342179345.
02-08 21:41:22.597  4614 20947 W Codec2Client: query -- param skipped: index = 2415921170.
02-08 21:41:22.597  4614 20947 D CCodecBufferChannel: [c2.android.vorbis.decoder#573] Created input block pool with allocatorID 16 => poolID 78 - OK (0)
02-08 21:41:22.598  4614 20947 I CCodecBufferChannel: [c2.android.vorbis.decoder#573] Created output block pool with allocatorID 16 => poolID 179 - OK
02-08 21:41:22.598  4614 20947 D CCodecBufferChannel: [c2.android.vorbis.decoder#573] Configured output block pool ids 179 => OK
02-08 21:41:22.600  2024 20102 I CompositorVR: WarpToScreen: Skipping frames for 25
02-08 21:41:22.601   860 20948 D SimpleC2Component: Using output block pool with poolID 179 => got 179 - 0
02-08 21:41:22.611  2024 20102 I CompositorVR: WarpToScreen: Skipping frames for 25
02-08 21:41:22.700  2024 20102 I CompositorVR: WarpToScreen: Skipping frames for 25
02-08 21:41:22.701 18403 18403 D [SUI] SystemUXFunnelLogServerLogger: VPV Event: oculus_impressions_tile_vpved LogInfo{duration=250, mLogId='com.oculus.explore', mContentType=APP, mPosX=0, mPosy=0, mGlobalPos=0, mSurface=AUI, mSubSurface=null, mClickEventType=null, mClickEventName=null, mAdditionalParameters={aui_section=pinned, aui_position_in_section=0}}
02-08 21:41:22.701 18403 18403 D [SUI] SystemUXFunnelLogServerLogger: VPV Event: oculus_impressions_tile_vpved LogInfo{duration=250, mLogId='com.oculus.store', mContentType=APP, mPosX=1, mPosy=0, mGlobalPos=1, mSurface=AUI, mSubSurface=null, mClickEventType=null, mClickEventName=null, mAdditionalParameters={aui_section=pinned, aui_position_in_section=1}}
02-08 21:41:22.701 18403 18403 D [SUI] SystemUXFunnelLogServerLogger: VPV Event: oculus_impressions_tile_vpved LogInfo{duration=250, mLogId='messenger_system_app', mContentType=APP, mPosX=2, mPosy=0, mGlobalPos=2, mSurface=AUI, mSubSurface=null, mClickEventType=null, mClickEventName=null, mAdditionalParameters={aui_section=pinned, aui_position_in_section=2}}
02-08 21:41:22.701 18403 18403 D [SUI] SystemUXFunnelLogServerLogger: VPV Event: oculus_impressions_tile_vpved LogInfo{duration=250, mLogId='share_system_app', mContentType=APP, mPosX=3, mPosy=0, mGlobalPos=3, mSurface=AUI, mSubSurface=null, mClickEventType=null, mClickEventName=null, mAdditionalParameters={aui_section=pinned, aui_position_in_section=3}}
02-08 21:41:22.702 18403 18403 D [SUI] SystemUXFunnelLogServerLogger: VPV Event: oculus_impressions_tile_vpved LogInfo{duration=250, mLogId='2448060205267927', mContentType=APP, mPosX=5, mPosy=0, mGlobalPos=5, mSurface=AUI, mSubSurface=null, mClickEventType=null, mClickEventName=null, mAdditionalParameters={aui_section=recent, aui_position_in_section=0}}
02-08 21:41:22.702 18403 18403 D [SUI] SystemUXFunnelLogServerLogger: VPV Event: oculus_impressions_tile_vpved LogInfo{duration=250, mLogId='settings_system_app', mContentType=APP, mPosX=6, mPosy=0, mGlobalPos=6, mSurface=AUI, mSubSurface=null, mClickEventType=null, mClickEventName=null, mAdditionalParameters={aui_section=recent, aui_position_in_section=1}}
02-08 21:41:22.711  2024 20102 I CompositorVR: WarpToScreen: Skipping frames for 25
02-08 21:41:22.800  2024 20102 I CompositorVR: WarpToScreen: Skipping frames for 25
02-08 21:41:22.810   883 20103 W [CT]    : VEGA:MAP_TRACKING_HM: [Throttled count=24] Map tracking did not run.
02-08 21:41:22.811  2024 20102 I CompositorVR: WarpToScreen: Skipping frames for 25
02-08 21:41:22.823  2024 20102 I CompositorVR: WarpToScreen: Skipping frames for 25
02-08 21:41:22.825   883 20074 I [CT]    : INPUT_TRACKING:Behavior:NearHeadMoving: [Left] state transition: InRange -> Init
02-08 21:41:22.827   883 20074 I [CT]    : INPUT_TRACKING:Behavior:NearHeadMoving: [Left] state transition: Init -> TorsoInitialized
02-08 21:41:22.834  2024 20102 I CompositorVR: WarpToScreen: Skipping frames for 25
02-08 21:41:22.845  2024 20102 I CompositorVR: WarpToScreen: Skipping frames for 25
02-08 21:41:22.848  3089  4728 I VrGuardianService: GuardianSDKServer::SetGuardianHitDialog2 1
02-08 21:41:22.856  2024 20102 I CompositorVR: WarpToScreen: Skipping frames for 25
02-08 21:41:23.001  2024 20102 I CompositorVR: WarpToScreen: Skipping frames for 25
02-08 21:41:23.006  3797 20904 I Telemetry: App memory usage: PSS=73 MiB, PrivateDirty=47 MiB, PrivateClean=1 MiB, GPU=8.4/8.6 MiB (98% allocated)
02-08 21:41:23.012  2024 20102 I CompositorVR: WarpToScreen: Skipping frames for 25
02-08 21:41:23.013  4614 20898 I Telemetry: App memory usage: PSS=464 MiB, PrivateDirty=414 MiB, PrivateClean=35 MiB, GPU=118.0/118.6 MiB (100% allocated)
02-08 21:41:23.015  4614 20898 I VrApi   : FPS=87/90,Prd=24ms,Tear=2,Early=0,Stale=7,Stale2/5/10/max=2/0/1/201,VSnc=0,Lat=-1,Fov=0,CPU4/GPU=4/4,2419/525MHz,OC=FF,TA=0/70/0,SP=N/F/N,Mem=2092MHz,Free=3021MB,PLS=0,Temp=29.7C/0.0C,TW=1.28ms,App=4.19ms,GD=0.00ms,CPU&GPU=7.38ms,LCnt=1(DR34,LM0),GPU%=0.62,CPU%=0.38(W0.48),DSF=1.00,CFL=14.67/28.38
02-08 21:41:23.023  2024 20102 I CompositorVR: WarpToScreen: Skipping frames for 25
02-08 21:41:23.027  3089  4728 I VrGuardianService: GuardianSDKServer::SetGuardianHitDialog2 0
02-08 21:41:23.034  2024 20102 I CompositorVR: WarpToScreen: Skipping frames for 25
02-08 21:41:23.346  2024 20102 I chatty  : uid=10025(com.oculus.systemdriver) OVR::TimeWarp identical 28 lines
02-08 21:41:23.357  2024 20102 I CompositorVR: WarpToScreen: Skipping frames for 25
02-08 21:41:23.361  3089  4728 I VrGuardianService: GuardianSDKServer::SetGuardianHitDialog2 1
02-08 21:41:23.368  2024 20102 I CompositorVR: WarpToScreen: Skipping frames for 25
02-08 21:41:23.502  2024 20102 I chatty  : uid=10025(com.oculus.systemdriver) OVR::TimeWarp identical 12 lines
02-08 21:41:23.513  2024 20102 I CompositorVR: WarpToScreen: Skipping frames for 25
02-08 21:41:23.522  2024  3018 I PerformanceManager_V0: SetClockLevels: Apply pending clock request change: 4,4 -> 3,3
02-08 21:41:23.522  2024  3014 I Clocks  : ReleaseClocks - start
02-08 21:41:23.523  2024  3014 I Clocks  : ReleaseClocks - end (0.7 ms)
02-08 21:41:23.523  2024  3014 I Clocks  : LockClocks( cpu=3, gpu=3 ) - start
02-08 21:41:23.523  2024  3014 I Clocks  : CPU levels [0, 7]
02-08 21:41:23.523  2024  3014 I Clocks  : GPU levels [0, 5]
02-08 21:41:23.523  2024  3014 I Clocks  : LockClocks( cpu=3, gpu=3 ) - end (0.4 ms)
02-08 21:41:23.524  2024 20102 I CompositorVR: WarpToScreen: Skipping frames for 25
02-08 21:41:23.535  2024 20102 I chatty  : uid=10025(com.oculus.systemdriver) OVR::TimeWarp identical 1 line
02-08 21:41:23.546  2024 20102 I CompositorVR: WarpToScreen: Skipping frames for 25
02-08 21:41:23.556   883 20103 I [CT]    : BrightnessPredictor: [Throttled count=374] Current irradiance: 345.61566162109375 (samples: 2).
02-08 21:41:23.556   883 20103 W [CT]    : BrightnessPredictor: [Throttled count=374] Started in a dark environment. Current irradiance: 345.61566162109375 (samples: 2).
02-08 21:41:23.558  2024 20102 I CompositorVR: WarpToScreen: Skipping frames for 25
02-08 21:41:23.562  3089  4728 I VrGuardianService: GuardianSDKServer::SetGuardianHitDialog2 0
02-08 21:41:23.569  2024 20102 I CompositorVR: WarpToScreen: Skipping frames for 25
02-08 21:41:23.702  2024 20102 I chatty  : uid=10025(com.oculus.systemdriver) OVR::TimeWarp identical 12 lines
02-08 21:41:23.714  2024 20102 I CompositorVR: WarpToScreen: Skipping frames for 25
02-08 21:41:23.717   883 20037 I [CT]    : boltlib: DSP utilization: 7.18 % (361 / 5034 ms)
02-08 21:41:23.725  2024 20102 I CompositorVR: WarpToScreen: Skipping frames for 25
02-08 21:41:23.792  2024 20102 I chatty  : uid=10025(com.oculus.systemdriver) OVR::TimeWarp identical 6 lines
02-08 21:41:23.803  2024 20102 I CompositorVR: WarpToScreen: Skipping frames for 25
02-08 21:41:23.811   883 20103 W [CT]    : VEGA:MAP_TRACKING_HM: [Throttled count=24] Map tracking did not run.
02-08 21:41:23.814  2024 20102 I CompositorVR: WarpToScreen: Skipping frames for 25
02-08 21:41:23.858  2024 20102 I chatty  : uid=10025(com.oculus.systemdriver) OVR::TimeWarp identical 4 lines
02-08 21:41:23.869  2024 20102 I CompositorVR: WarpToScreen: Skipping frames for 25
02-08 21:41:23.876   883 20103 W [CT]    : TIMESTAMPCHECKER: Nominal rate wrong. Estimated data rate: 25, Nominal is 30.000300003000028
02-08 21:41:23.880  2024 20102 I CompositorVR: WarpToScreen: Skipping frames for 25
02-08 21:41:23.892  2024 20102 I CompositorVR: WarpToScreen: Skipping frames for 25
02-08 21:41:23.900  3089  3150 I GuardianCollisionTracker: Guardian Controller Collision: Magnitude: 12.232, Duration: -1.000 sec, TimeStamp: 17599.220703 sec
02-08 21:41:23.903  2024 20102 I CompositorVR: WarpToScreen: Skipping frames for 25
02-08 21:41:23.947  2024 20102 I chatty  : uid=10025(com.oculus.systemdriver) OVR::TimeWarp identical 4 lines
02-08 21:41:23.958  2024 20102 I CompositorVR: WarpToScreen: Skipping frames for 25
02-08 21:41:23.965  3835  3880 I [OAO] ShellOverlayApp: Sleep timeout exceeded. Timeout:17599.319171, Now:17599.329398. Sleeping... 
02-08 21:41:23.965  3835  3880 I [OAO] ShellOverlayApp: WaitForWake: VrThread entering waiting state
02-08 21:41:23.970  2024 20102 I CompositorVR: WarpToScreen: Skipping frames for 25
02-08 21:41:23.980  3089  3150 I GuardianCollisionTracker: Guardian Controller Collision: Magnitude: 17.002, Duration: -1.000 sec, TimeStamp: 17599.291016 sec
02-08 21:41:23.981  2024 20102 I CompositorVR: WarpToScreen: Skipping frames for 25
02-08 21:41:23.992  2024 20102 I CompositorVR: WarpToScreen: Skipping frames for 25
02-08 21:41:24.001  4614 20898 I VrApi   : FPS=90/90,Prd=27ms,Tear=0,Early=0,Stale=0,Stale2/5/10/max=0/0/0/0,VSnc=0,Lat=-1,Fov=0,CPU4/GPU=3/3,2419/490MHz,OC=FF,TA=0/70/0,SP=N/F/N,Mem=2092MHz,Free=3021MB,PLS=0,Temp=29.7C/0.0C,TW=1.70ms,App=5.00ms,GD=0.00ms,CPU&GPU=7.74ms,LCnt=2(DR36,LM0),GPU%=0.63,CPU%=0.18(W0.24),DSF=1.00,CFL=14.64/19.77
02-08 21:41:24.003  2024 20102 I CompositorVR: WarpToScreen: Skipping frames for 25
02-08 21:41:24.014  2024 20102 I CompositorVR: WarpToScreen: Skipping frames for 25
02-08 21:41:24.023 20527 20620 I VrApi   : FPS=72/72,Prd=45ms,Tear=0,Early=72,Stale=0,Stale2/5/10/max=0/0/0/0,VSnc=1,Lat=1,Fov=0,CPU4/GPU=2/3,2419/490MHz,OC=FF,TA=0/F/F,SP=N/N/N,Mem=2092MHz,Free=3104MB,PLS=0,Temp=29.7C/0.0C,TW=1.81ms,App=8.76ms,GD=0.12ms,CPU&GPU=9.14ms,LCnt=2(DR0,LM2),GPU%=0.79,CPU%=0.48(W0.70),DSF=1.00,CFL=19.58/21.43
02-08 21:41:24.025  2024 20102 I CompositorVR: WarpToScreen: Skipping frames for 25
02-08 21:41:24.114  2024 20102 I chatty  : uid=10025(com.oculus.systemdriver) OVR::TimeWarp identical 8 lines
02-08 21:41:24.126  2024 20102 I CompositorVR: WarpToScreen: Skipping frames for 25
02-08 21:41:24.131   883 20103 I [CT]    : VIPER: Mode=SuperVega,Status=6DoF,TRACKING,Inl=26,Mem=83.8,Jit=0.2mm,Issues(Cam/min=0.0,IMU/min=0.0),Exp=(14.0ms,g=15.0,I=42,Ir=203.9)(14.0ms,g=15.0,I=100,Ir=480.0)(14.0ms,g=15.0,I=107,Ir=512.3)(10.2ms,g=12.0,I=75,Ir=618.2)
02-08 21:41:24.131   883 20103 W [CT]    : VIPER: Images too dark, Environment trending to dark, 
02-08 21:41:24.137  2024 20102 I CompositorVR: WarpToScreen: Skipping frames for 25
02-08 21:41:24.281  2024 20102 I chatty  : uid=10025(com.oculus.systemdriver) OVR::TimeWarp identical 13 lines
02-08 21:41:24.293  2024 20102 I CompositorVR: WarpToScreen: Skipping frames for 25
02-08 21:41:24.301  3089  3150 I GuardianCollisionTracker: Guardian Controller Collision: Magnitude: 7.286, Duration: -1.000 sec, TimeStamp: 17599.625000 sec
02-08 21:41:24.304  2024 20102 I CompositorVR: WarpToScreen: Skipping frames for 25
02-08 21:41:24.794  2024 20102 I chatty  : uid=10025(com.oculus.systemdriver) OVR::TimeWarp identical 44 lines
02-08 21:41:24.805  2024 20102 I CompositorVR: WarpToScreen: Skipping frames for 25
02-08 21:41:24.816   883  1360 I [CT]    : Vega:SubmapPublisher: Tracking parent no change: frame movement above thresh -> Publish
02-08 21:41:24.816   883  1360 I [CT]    : Vega:SubmapPublisher: Start to publish submaps, found candidates:  3
02-08 21:41:24.816   883  1360 E [CT]    : SubmapRecords: findSubmapId found 2 submap records hold the same query krHandle
02-08 21:41:24.816  2024 20102 I CompositorVR: WarpToScreen: Skipping frames for 25
02-08 21:41:24.838  2024 20102 I chatty  : uid=10025(com.oculus.systemdriver) OVR::TimeWarp identical 2 lines
02-08 21:41:24.849  2024 20102 I CompositorVR: WarpToScreen: Skipping frames for 25
02-08 21:41:24.851   883 20103 W [CT]    : VEGA:MAP_TRACKING_HM: [Throttled count=25] Map tracking did not run.
02-08 21:41:24.861  2024 20102 I CompositorVR: WarpToScreen: Skipping frames for 25
02-08 21:41:24.872  2024 20102 I CompositorVR: WarpToScreen: Skipping frames for 25
02-08 21:41:24.878   883 20103 I [CT]    : VegaTrackTracker: Starting map tracking on map. SubmapId Submap id = 2, version = 129266678 Active contexts: 2
02-08 21:41:24.883  2024 20102 I CompositorVR: WarpToScreen: Skipping frames for 25
02-08 21:41:24.905  2024 20102 I chatty  : uid=10025(com.oculus.systemdriver) OVR::TimeWarp identical 2 lines
02-08 21:41:24.916  2024 20102 I CompositorVR: WarpToScreen: Skipping frames for 25
02-08 21:41:24.916   883 20103 I [CT]    : VIPER: Environment brightness changed from 2 to 0
02-08 21:41:24.927  2024 20102 I CompositorVR: WarpToScreen: Skipping frames for 25
02-08 21:41:24.933   883 20103 W [CT]    : VEGA:MAP_TRACKING_HM: Validation failed after 0.04 seconds of bad frames. Switching from Validating to NoTracking
02-08 21:41:24.939  2024 20102 I CompositorVR: WarpToScreen: Skipping frames for 25
02-08 21:41:24.940  3089  3150 I GuardianSystem: [GuardianSystem::CheckEnvironmentStatus] Environment Status changed: 98 to 97
02-08 21:41:24.941   883 20074 I [CT]    : CONSTELLATION: R: Detected static IMU, no button event and has tracked position => Applying constant controller pose.
02-08 21:41:24.945  1029  1718 E TaskPersister: File error accessing recents directory (directory doesn't exist?).
02-08 21:41:24.950  2024 20102 I CompositorVR: WarpToScreen: Skipping frames for 25
02-08 21:41:24.958   883 20103 I [CT]    : TrackedMapContext: Stop tracking map with ID Submap id = 2, version = 129266678 at index: 2 in contexts: 3
02-08 21:41:24.961  2024 20102 I CompositorVR: WarpToScreen: Skipping frames for 25
02-08 21:41:24.983  2024 20102 I chatty  : uid=10025(com.oculus.systemdriver) OVR::TimeWarp identical 2 lines
02-08 21:41:24.994  2024 20102 I CompositorVR: WarpToScreen: Skipping frames for 25
02-08 21:41:25.002  4614 20898 I VrApi   : FPS=90/90,Prd=28ms,Tear=0,Early=0,Stale=0,Stale2/5/10/max=0/0/0/0,VSnc=0,Lat=-1,Fov=0,CPU4/GPU=3/3,2419/490MHz,OC=FF,TA=0/70/0,SP=N/F/N,Mem=2092MHz,Free=3021MB,PLS=0,Temp=29.7C/0.0C,TW=1.82ms,App=5.23ms,GD=0.00ms,CPU&GPU=8.08ms,LCnt=2(DR0,LM0),GPU%=0.65,CPU%=0.13(W0.20),DSF=1.00,CFL=14.63/19.80
02-08 21:41:25.006  2024 20102 I CompositorVR: WarpToScreen: Skipping frames for 25
02-08 21:41:25.061  2024 20102 I chatty  : uid=10025(com.oculus.systemdriver) OVR::TimeWarp identical 5 lines
02-08 21:41:25.072  2024 20102 I CompositorVR: WarpToScreen: Skipping frames for 25
02-08 21:41:25.072 20527 20620 I Telemetry: App memory usage: PSS=522 MiB, PrivateDirty=374 MiB, PrivateClean=130 MiB, GPU=203.1/203.7 MiB (100% allocated)
02-08 21:41:25.074 20527 20620 I VrApi   : FPS=72/72,Prd=45ms,Tear=0,Early=72,Stale=0,Stale2/5/10/max=0/0/0/0,VSnc=1,Lat=1,Fov=0,CPU4/GPU=2/3,2419/490MHz,OC=FF,TA=0/F/F,SP=N/N/N,Mem=2092MHz,Free=3021MB,PLS=0,Temp=29.7C/0.0C,TW=1.81ms,App=8.76ms,GD=0.12ms,CPU&GPU=9.14ms,LCnt=2(DR0,LM2),GPU%=0.79,CPU%=0.48(W0.70),DSF=1.00,CFL=19.58/21.43
02-08 21:41:25.084  2024 20102 I CompositorVR: WarpToScreen: Skipping frames for 25
02-08 21:41:25.395  2024 20102 I chatty  : uid=10025(com.oculus.systemdriver) OVR::TimeWarp identical 28 lines
02-08 21:41:25.407  2024 20102 I CompositorVR: WarpToScreen: Skipping frames for 25
02-08 21:41:25.413 20527 20557 D UE4     : [2023.02.08-21.41.25:413][883]LogAndroid: backgrounding callback, not responded in timely manner.
02-08 21:41:25.413 20527 20557 D UE4     : [2023.02.08-21.41.25:413][883]LogAndroid: Blocking renderer on invalid window.
02-08 21:41:25.413 20527 20557 D UE4     : [2023.02.08-21.41.25:413][883]LogAndroid: Waiting for renderer to encounter blocking command.
02-08 21:41:25.413 20527 20643 D UE4     : [2023.02.08-21.41.25:413][883]LogAndroid: Blocking renderer
02-08 21:41:25.413 20527 20643 D UE4     : [2023.02.08-21.41.25:413][883]LogAndroid: RendererBlock release window callback
02-08 21:41:25.413 20527 20643 D UE4     : [2023.02.08-21.41.25:413][883]LogVulkanRHI: Destroy swapchain ... 
02-08 21:41:25.414 20527 20557 D UE4     : LogAndroidEvents::EnqueueAppEvent : 13, [width=-1, height=-1], tid = 20557, APP_EVENT_STATE_APP_SUSPENDED
02-08 21:41:25.414 20527 20557 D UE4     : Case APP_CMD_TERM_WINDOW, tid = 20557
02-08 21:41:25.414 20527 20557 D UE4     : [2023.02.08-21.41.25:414][883]LogAndroid: Case APP_CMD_TERM_WINDOW
02-08 21:41:25.414 20527 20557 D UE4     : LogAndroidEvents::EnqueueAppEvent : 3, [width=-1, height=-1], tid = 20557, APP_EVENT_STATE_WINDOW_DESTROYED
02-08 21:41:25.418  2024 20102 I CompositorVR: WarpToScreen: Skipping frames for 25
02-08 21:41:25.429  2024 20102 I CompositorVR: WarpToScreen: Skipping frames for 25
02-08 21:41:25.429 20527 20527 V UE4     : [GameApp] App in background
02-08 21:41:25.429 20527 20527 D UE4     : [GameActivity] ==============> GameActive.onStop complete!
02-08 21:41:25.429 20527 20557 D UE4     : [2023.02.08-21.41.25:429][883]LogAndroid: Case APP_CMD_STOP
02-08 21:41:25.429 20527 20557 D UE4     : LogAndroidEvents::EnqueueAppEvent : 8, [width=-1, height=-1], tid = 20557, APP_EVENT_STATE_ON_STOP
02-08 21:41:25.431 20527 20527 D UE4     : [GameActivity] onDestroy: destroy memoryHandlerThread
02-08 21:41:25.432 20527 20557 D UE4     : [2023.02.08-21.41.25:431][883]LogAndroid: Case APP_CMD_INPUT_CHANGED
02-08 21:41:25.432 20527 20557 D UE4     : [2023.02.08-21.41.25:432][883]LogAndroid: Case APP_CMD_DESTROY
02-08 21:41:25.432 20527 20557 D UE4     : LogAndroidEvents::EnqueueAppEvent : 15, [width=-1, height=-1], tid = 20557, APP_EVENT_RUN_CALLBACK
02-08 21:41:25.432 20527 20557 D UE4     : LogAndroidEvents::EnqueueAppEvent : 5, [width=-1, height=-1], tid = 20557, APP_EVENT_STATE_ON_DESTROY
02-08 21:41:25.433 20527 20557 I emplateProject: System.exit called, status: 0
02-08 21:41:25.433 20527 20557 I AndroidRuntime: VM exiting with result code 0, cleanup skipped.
02-08 21:41:25.440  2024 20102 I CompositorVR: WarpToScreen: Skipping frames for 25
02-08 21:41:25.507  2024 20102 I chatty  : uid=10025(com.oculus.systemdriver) OVR::TimeWarp identical 6 lines
02-08 21:41:25.518  2024 20102 I CompositorVR: WarpToScreen: Skipping frames for 25
02-08 21:41:25.527  2024  3018 I PerformanceManager_V0: SetClockLevels: Apply pending clock request change: 3,3 -> 2,3
02-08 21:41:25.527  2024  3014 I Clocks  : ReleaseClocks - start
02-08 21:41:25.527  2024  3014 I Clocks  : ReleaseClocks - end (0.4 ms)
02-08 21:41:25.527  2024  3014 I Clocks  : LockClocks( cpu=2, gpu=3 ) - start
02-08 21:41:25.528  2024  3014 I Clocks  : CPU levels [0, 7]
02-08 21:41:25.528  2024  3014 I Clocks  : GPU levels [0, 5]
02-08 21:41:25.528  2024  3014 I Clocks  : LockClocks( cpu=2, gpu=3 ) - end (0.8 ms)
02-08 21:41:25.529  2024 20102 I CompositorVR: WarpToScreen: Skipping frames for 25
02-08 21:41:25.540  2024 20102 I CompositorVR: WarpToScreen: Skipping frames for 25
02-08 21:41:25.543  3089 20590 I REFLECT [RUNTIMEIPC]: GuardianSDKServer Client Disconnected 686275847, com.YourCompany.TemplateProject3, com.YourCompany.TemplateProject3
02-08 21:41:25.544  2024 20585 I VrRuntimeService: RuntimeIPC: IPC_SYSTEM_EVENT_CLIENT_DISCONNECTED_EXT: com.YourCompany.TemplateProject3
02-08 21:41:25.544  2024 20585 I ClientMgr: ClientMgr::DestroyClient: 20527:com.YourCompany.TemplateProject3
02-08 21:41:25.544  2024 20585 I ClientMgr: ClientMgr::DestroyClient: 20527:com.YourCompany.TemplateProject3 is enabled for rendering on destroy.
02-08 21:41:25.544  2024 20585 I ClientMgr: ClientMgr::EnableRendering 20527:com.YourCompany.TemplateProject3 : type 0 comp-id 25: disable
02-08 21:41:25.544  2024 20585 I VrRuntimeServer: DisableCompositorClient: 25
02-08 21:41:25.544  2024 20585 I CompositorClientMgr: Disable client 25
02-08 21:41:25.544  2024 20585 I CompositorClientMgr: DisableClient: frame flush required: 1
02-08 21:41:25.545  2024 20102 W CompositorClient: WarpToScreen: No completed frames to display for primary client 25. submittedFrameIndex = 3986
02-08 21:41:25.549  2024 20585 I ClientMgr: ClientMgr::DestroyClient Destroying 2 swapchain(s) for 20527:com.YourCompany.TemplateProject3.
02-08 21:41:25.549  2024 20585 I ClientMgr: ClientMgr::DestroyClient: non-deferred ShutdownResources: 3985 == 3985 
02-08 21:41:25.549  2024 20585 I VrRuntimeServer: UnRegisterCompositorClient client(25)
02-08 21:41:25.549  2024 20585 I ClientMgr: RemoveClient: com.YourCompany.TemplateProject3:com.YourCompany.TemplateProject3:20527
02-08 21:41:25.549  2024 20585 I UnifiedTelemetryWrapper: Stopped UT session render:com.YourCompany.TemplateProject3
02-08 21:41:25.549  2024 20585 I UnifiedTelemetryWrapper: Stopped UT session lifetime:com.YourCompany.TemplateProject3
02-08 21:41:25.549  2024  3018 I ClientMgr: Non-overlay clients rendering status has changed: prev=180, curr=181, enabled=1
02-08 21:41:25.549  2024  3018 I ClientMgr: Primary client determined to be the current enabled client 1628767958
02-08 21:41:25.553   883 20074 I [CT]    : CONSTELLATION: L: Detected static IMU, no button event and has tracked position => Applying constant controller pose.
02-08 21:41:25.561  1029  1347 W InputDispatcher: channel 'd4d2aa7 com.YourCompany.TemplateProject3/com.epicgames.ue4.GameActivity (server)' ~ Consumer closed input channel or an error occurred.  events=0x9
02-08 21:41:25.561  1029  1347 E InputDispatcher: channel 'd4d2aa7 com.YourCompany.TemplateProject3/com.epicgames.ue4.GameActivity (server)' ~ Channel is unrecoverably broken and will be disposed!
02-08 21:41:25.562   878  3029 D IPCDataChannelAndroidBinder [RUNTIMEIPC]: RuntimeIPC: ConnectionDiedInfo: onBinderDied: 0, com.YourCompany.TemplateProject3:com.YourCompany.TemplateProject3:20527
02-08 21:41:25.562   839  9690 W Utils   : did not find mime type
02-08 21:41:25.562  3089  5155 D IPCDataChannelAndroidBinder [RUNTIMEIPC]: RuntimeIPC: ConnectionDiedInfo: onBinderDied: 1, com.YourCompany.TemplateProject3:com.YourCompany.TemplateProject3:20527
02-08 21:41:25.562  3089  5155 D IPCDataChannelServer [RUNTIMEIPC]: Disconnected: 686275847, com.YourCompany.TemplateProject3:com.YourCompany.TemplateProject3:20527
02-08 21:41:25.562  3089  5155 E IPCThreadState: attemptIncStrongHandle(34): Not supported
02-08 21:41:25.563  2024  3485 D IPCDataChannelAndroidBinder [RUNTIMEIPC]: RuntimeIPC: ConnectionDiedInfo: onBinderDied: 1, com.YourCompany.TemplateProject3:com.YourCompany.TemplateProject3:20527
02-08 21:41:25.563  2024  3485 D IPCDataChannelServer [RUNTIMEIPC]: Disconnected: 686275847, com.YourCompany.TemplateProject3:com.YourCompany.TemplateProject3:20527
02-08 21:41:25.563  2024  3485 E IPCThreadState: attemptIncStrongHandle(166): Not supported
02-08 21:41:25.563  3835  5129 D IPCDataChannelAndroidBinder [RUNTIMEIPC]: RuntimeIPC: ConnectionDiedInfo: onBinderDied: 1, com.YourCompany.TemplateProject3:com.YourCompany.TemplateProject3:20527
02-08 21:41:25.563   878  3029 I RuntimeIPCService [RUNTIMEIPC]: DestroyBrokerConnection: com.YourCompany.TemplateProject3:com.YourCompany.TemplateProject3:20527
02-08 21:41:25.563   878  3029 E IPCThreadState: attemptIncStrongHandle(35): Not supported
02-08 21:41:25.563  3835  5129 D IPCDataChannelServer [RUNTIMEIPC]: Disconnected: 686275847, com.YourCompany.TemplateProject3:com.YourCompany.TemplateProject3:20527
02-08 21:41:25.563  3835  5129 E IPCThreadState: attemptIncStrongHandle(70): Not supported
02-08 21:41:25.563   883  1355 I TrackingService: Unregistering client 'com.YourCompany.TemplateProject3' by binder death
02-08 21:41:25.563   883  1355 I TrackingService: Unregistering client 'com.YourCompany.TemplateProject3' by binder death
02-08 21:41:25.564  1029  9693 I WindowManager: WIN DEATH: Window{d4d2aa7 u0 com.YourCompany.TemplateProject3/com.epicgames.ue4.GameActivity}
02-08 21:41:25.564  1029  9693 W InputDispatcher: Attempted to unregister already unregistered input channel 'd4d2aa7 com.YourCompany.TemplateProject3/com.epicgames.ue4.GameActivity (server)'
02-08 21:41:25.564  1029  3488 D ConnectivityService: ConnectivityService NetworkRequestInfo binderDied(NetworkRequest [ LISTEN id=150, [ Transports: CELLULAR|WIFI|BLUETOOTH|ETHERNET|VPN Capabilities: INTERNET&NOT_RESTRICTED&TRUSTED&NOT_VPN&VALIDATED&FOREGROUND Uid: 10146] ], android.os.BinderProxy@6ad87e)
02-08 21:41:25.564  1029  5317 I ActivityManager: Process com.YourCompany.TemplateProject3 (pid 20527) has died: cch CRE 
02-08 21:41:25.565  1535  1535 V AvrcpMediaPlayerList: onPlaybackConfigChanged(): Configs list size=14
02-08 21:41:25.566  1535  1535 V AvrcpMediaPlayerList: onPlaybackConfigChanged(): Configs list size=12
