11-05 21:53:36.163 10151 10260 E OsSdk   : error getting shared memory region, memory type: HeadTracker, failed with Status(-1, EX_SECURITY): 'requested shared memory region when not registered/focused'
11-05 21:53:36.184  1987  2937 I VrRuntimeService: DestroySwapChain: swapchain=256
11-05 21:53:36.185  3140  3237 I VrGuardianService: GuardianSDKServer::SetGuardianHitDialog2 1
11-05 21:53:36.190   849  1037 W TrackingService: attachClient: found client in attached list
11-05 21:53:36.191 10151 10260 E OsSdk   : error getting shared memory region, memory type: HeadTracker, failed with Status(-1, EX_SECURITY): 'requested shared memory region when not registered/focused'
11-05 21:53:36.191   849  1040 W TrackingService: attachClient: found client in attached list
11-05 21:53:36.192 10151 10260 E OsSdk   : error getting shared memory region, memory type: AnchorTracker, failed with Status(-1, EX_SECURITY): 'requested shared memory region when not registered/focused'
11-05 21:53:36.209  1987 10527 I SwapChain_Surface: AttachSurfaceSwapChainGLES: 0x73797f4000 with SurfaceTexture 0x2be6 attached on init
11-05 21:53:36.210  1987 10527 I CompositorProgs: loaded binary layerProgram 1:0x100000048003:0x0 in 0.7 ms
11-05 21:53:36.231 10581 10581 D UE4     : [GameActivity] Battery: status = 4, rawlevel = 100, scale = 100
11-05 21:53:36.231 10581 10581 D UE4     : nativeBatteryEvent(stat = 4, lvl = 100  temp = 28.70 C)
11-05 21:53:36.237 10151 10260 E OsSdk   : error getting shared memory region, memory type: HeadTracker, failed with Status(-1, EX_SECURITY): 'requested shared memory region when not registered/focused'
11-05 21:53:36.279 10151 10260 I chatty  : uid=10033(com.oculus.xrstreamingclient) SlamAnchorMem identical 6 lines
11-05 21:53:36.326 10151 10260 E OsSdk   : error getting shared memory region, memory type: HeadTracker, failed with Status(-1, EX_SECURITY): 'requested shared memory region when not registered/focused'
11-05 21:53:36.342   849 10516 I [CT]    : VIPER: Mode=SuperVega,Status=6DoF,TRACKING,Inl=29,Mem=91.6,Jit=0.2mm,Issues(Cam/min=0.0,IMU/min=0.0),Exp=(14.0ms,g=15.0,I=55,Ir=264.0)(14.0ms,g=15.0,I=65,Ir=310.8)(14.0ms,g=15.0,I=83,Ir=397.2)(14.0ms,g=15.0,I=73,Ir=350.0)
11-05 21:53:36.342   849 10516 W [CT]    : VIPER: Images too dark, 
11-05 21:53:36.363  1987 10527 I CompositorProgs: loaded binary layerProgram 0:0x100000048001:0x0 in 0.7 ms
11-05 21:53:36.365 10151 10260 E OsSdk   : error getting shared memory region, memory type: HeadTracker, failed with Status(-1, EX_SECURITY): 'requested shared memory region when not registered/focused'
11-05 21:53:36.410   849  1040 I chatty  : uid=1000(system) Binder:849_2 identical 5 lines
11-05 21:53:36.456   849  1040 W TrackingService: attachClient: found client in attached list
11-05 21:53:36.456 10151 10260 E OsSdk   : error getting shared memory region, memory type: HeadTracker, failed with Status(-1, EX_SECURITY): 'requested shared memory region when not registered/focused'
11-05 21:53:36.457   849  1037 W TrackingService: attachClient: found client in attached list
11-05 21:53:36.461 10151 10260 E OsSdk   : error getting shared memory region, memory type: AnchorTracker, failed with Status(-1, EX_SECURITY): 'requested shared memory region when not registered/focused'
11-05 21:53:36.507 10151 10260 E OsSdk   : error getting shared memory region, memory type: HeadTracker, failed with Status(-1, EX_SECURITY): 'requested shared memory region when not registered/focused'
11-05 21:53:36.687   849  1037 I chatty  : uid=1000(system) Binder:849_1 identical 5 lines
11-05 21:53:36.731   849  1037 W TrackingService: attachClient: found client in attached list
11-05 21:53:36.732 10151 10260 E OsSdk   : error getting shared memory region, memory type: HeadTracker, failed with Status(-1, EX_SECURITY): 'requested shared memory region when not registered/focused'
11-05 21:53:36.732   849  1040 W TrackingService: attachClient: found client in attached list
11-05 21:53:36.734 10151 10260 E OsSdk   : error getting shared memory region, memory type: AnchorTracker, failed with Status(-1, EX_SECURITY): 'requested shared memory region when not registered/focused'
11-05 21:53:36.783 10151 10260 E OsSdk   : error getting shared memory region, memory type: HeadTracker, failed with Status(-1, EX_SECURITY): 'requested shared memory region when not registered/focused'
11-05 21:53:36.828 10151 10260 E OsSdk   : error getting shared memory region, memory type: HeadTracker, failed with Status(-1, EX_SECURITY): 'requested shared memory region when not registered/focused'
11-05 21:53:36.840   849 10516 W [CT]    : TIMESTAMPCHECKER: Nominal rate wrong. Estimated data rate: 25, Nominal is 30.000300003000028
11-05 21:53:36.848 10151 10260 E OsSdk   : error getting shared memory region, memory type: HeadTracker, failed with Status(-1, EX_SECURITY): 'requested shared memory region when not registered/focused'
11-05 21:53:36.891 10151 10260 E OsSdk   : error getting shared memory region, memory type: HeadTracker, failed with Status(-1, EX_SECURITY): 'requested shared memory region when not registered/focused'
11-05 21:53:36.899 10151 10205 D xrstreaming: receive ping: org 0 recv 0 xmt 21546874291200 (received at 2827493412462), offset divergence 23114
11-05 21:53:36.939 10151 10260 E OsSdk   : error getting shared memory region, memory type: HeadTracker, failed with Status(-1, EX_SECURITY): 'requested shared memory region when not registered/focused'
11-05 21:53:36.956 10151 10260 E OsSdk   : error getting shared memory region, memory type: HeadTracker, failed with Status(-1, EX_SECURITY): 'requested shared memory region when not registered/focused'
11-05 21:53:36.957 10151 10260 E OsSdk   : error getting shared memory region, memory type: AnchorTracker, failed with Status(-1, EX_SECURITY): 'requested shared memory region when not registered/focused'
11-05 21:53:36.997 10151 10260 E OsSdk   : error getting shared memory region, memory type: HeadTracker, failed with Status(-1, EX_SECURITY): 'requested shared memory region when not registered/focused'
11-05 21:53:37.002 10581 10674 I VrApi   : FPS=72/72,Prd=48ms,Tear=0,Early=72,Stale=0,VSnc=1,Lat=1,Fov=0,CPU4/GPU=4/4,2419/525MHz,OC=FF,TA=0/70/70,SP=N/F/F,Mem=2092MHz,Free=2186MB,PLS=0,Temp=28.7C/0.0C,TW=2.96ms,App=2.40ms,GD=0.00ms,CPU&GPU=5.38ms,LCnt=1(DR72,LM0),GPU%=0.47,CPU%=0.19(W0.24),DSF=1.00,CFL=19.63/21.84
11-05 21:53:37.037 10151 10260 E OsSdk   : error getting shared memory region, memory type: HeadTracker, failed with Status(-1, EX_SECURITY): 'requested shared memory region when not registered/focused'
11-05 21:53:37.060   849  1160 I [CT]    : VEGA_MAPPER:SubmapTrackingValidator: Pausing map building until validation is complete. 13.2 seconds remaining
11-05 21:53:37.081  3565  3565 I [SUI] PauseDestinationView: maybeShowHomeOptionsTravelDialog isViewerInCall: false - isCopresenceEnabled: true - hasAnchoredHome: false - isViewerCallOwner: false
11-05 21:53:37.081  3565  3565 D [SUI] AnytimeUIPanelAppBase: ClickEventButtonId: AUI_DESTINATION_UI_V2_QUIT
11-05 21:53:37.081  3565  3565 I [SUI] AnytimeUIPanelAppBase: actionPauseStateResult - quit
11-05 21:53:37.081  3565  3565 I [SUI] AnytimeUIPanelAppBase: actionQuitAndHide
11-05 21:53:37.081  3565  3565 D [SUI] AnytimeUIPanelAppBase: ClickEventButtonId: AUI_DESTINATION_UI_V2_QUIT
11-05 21:53:37.086 10151 10260 E OsSdk   : error getting shared memory region, memory type: HeadTracker, failed with Status(-1, EX_SECURITY): 'requested shared memory region when not registered/focused'
11-05 21:53:37.112  1050  3653 I ActivityTaskManager: START u0 {act=android.intent.action.MAIN cat=[android.intent.category.LAUNCHER] flg=0x10010000 pkg=com.oculus.vrshell cmp=com.oculus.vrshell/.MainActivity (has extras)} from uid 10020
11-05 21:53:37.127 10581 10581 D UE4     : [GameActivity] onPause: stop memory reporter runnable
11-05 21:53:37.127 10581 10611 D UE4     : Case APP_CMD_PAUSE
11-05 21:53:37.127 10581 10581 D UE4     : [GameActivity] ==============> GameActive.onPause complete!
11-05 21:53:37.127 10581 10611 D UE4     : [2022.11.05-21.53.37:127][731]LogAndroid: Case APP_CMD_PAUSE
11-05 21:53:37.127 10581 10611 D UE4     : LogAndroidEvents::EnqueueAppEvent : 6, [width=-1, height=-1], tid = 10611, APP_EVENT_STATE_ON_PAUSE
11-05 21:53:37.127 10581 10611 D UE4     : [2022.11.05-21.53.37:127][731]LogAndroid: event thread, suspending app, acquiring HW window lock.
11-05 21:53:37.127 10581 10611 D UE4     : LogAndroidEvents::EnqueueAppEvent : 15, [width=-1, height=-1], tid = 10611, APP_EVENT_RUN_CALLBACK
11-05 21:53:37.127 10581 10611 D UE4     : [2022.11.05-21.53.37:127][731]LogAndroid: AndroidEGL::  SuspendApp_EventThread, waiting for event manager to process. tid: 10611
11-05 21:53:37.128  1050  1697 W InputReader: Device has associated, but no associated display id.
11-05 21:53:37.129 10581 10610 D UE4     : [2022.11.05-21.53.37:129][731]LogAndroidEvents: Display: LogAndroidEvents::DequeueAppEvent : 6, [width=-1, height=-1], APP_EVENT_STATE_ON_PAUSE
11-05 21:53:37.129 10581 10610 D UE4     : FAppEventManager::Tick processing, 6
11-05 21:53:37.129 10581 10610 D UE4     : [2022.11.05-21.53.37:129][731]LogVulkanRHI: FVulkanPipelineStateCacheManager: skipped saving because we only save if the PSOFC based one failed to load.
11-05 21:53:37.129 10581 10610 D UE4     : [2022.11.05-21.53.37:129][731]LogAndroidEvents: Display: LogAndroidEvents::DequeueAppEvent : 15, [width=-1, height=-1], APP_EVENT_RUN_CALLBACK
11-05 21:53:37.129 10581 10610 D UE4     : FAppEventManager::Tick processing, 15
11-05 21:53:37.129 10581 10610 D UE4     : [2022.11.05-21.53.37:129][731]LogAndroidEvents: Display: Event thread callback running.
11-05 21:53:37.129 10581 10610 D UE4     : [2022.11.05-21.53.37:129][731]LogAndroid: performing app backgrounding callback. 0xa6adc200
11-05 21:53:37.131 10151 10260 E OsSdk   : error getting shared memory region, memory type: HeadTracker, failed with Status(-1, EX_SECURITY): 'requested shared memory region when not registered/focused'
11-05 21:53:37.142   748  7769 D AF::TrackHandle: OpPlayAudio: track:108 uid:10138 pkg:com.YourCompany.TemplateProject3 usage:1 muted
11-05 21:53:37.142   748  1012 D AF::TrackHandle: OpPlayAudio: track:57 uid:10014 pkg:com.oculus.shellenv usage:1 muted
11-05 21:53:37.147   748  1135 D AF::RecordHandle: OpRecordAudio: track:107 uid:10033 pkg:com.oculus.xrstreamingclient usage:0 muted
11-05 21:53:37.147   748  1948 D AF::RecordHandle: OpRecordAudio: track:56 uid:10014 pkg:com.oculus.shellenv usage:0 muted
11-05 21:53:37.147   748  7769 D AF::TrackHandle: OpPlayAudio: track:109 uid:10020 pkg:com.oculus.vrshell usage:1 not muted
11-05 21:53:37.148   748  4957 D AF::RecordHandle: OpRecordAudio: track:106 uid:10032 pkg:com.oculus.horizon usage:0 not muted
11-05 21:53:37.148   748  1012 D AF::TrackHandle: OpPlayAudio: track:102 uid:10033 pkg:com.oculus.xrstreamingclient usage:1 muted
11-05 21:53:37.149   748  1948 D AF::RecordHandle: OpRecordAudio: track:56 uid:10014 pkg:com.oculus.shellenv usage:0 muted
11-05 21:53:37.149   748  1135 D AF::RecordHandle: OpRecordAudio: track:107 uid:10033 pkg:com.oculus.xrstreamingclient usage:0 muted
11-05 21:53:37.151   728   728 D msm8974_platform: platform_split_snd_device: snd_device(22) num devices(1) new_snd_devices(0)
11-05 21:53:37.151   728   728 D ACDB-LOADER: ACDB -> send_audvoltable
11-05 21:53:37.151   728   728 D ACDB-LOADER: ACDB -> ACDB_CMD_GET_AUDPROC_INSTANCE_GAIN_DEP_STEP_TABLE_SIZE
11-05 21:53:37.151   728   728 D         : Failed to fetch the lookup information of the device 0000000F 
11-05 21:53:37.151   728   728 D ACDB-LOADER: Error: ACDB_CMD_GET_AUDPROC_INSTANCE_GAIN_DEP_STEP_TABLE_SIZE Returned = -19
11-05 21:53:37.151   728   728 D ACDB-LOADER: ACDB -> ACDB_CMD_GET_AUDPROC_INSTANCE_GAIN_DEP_STEP_TABLE, vol index 7
11-05 21:53:37.151   728   728 D         : Failed to fetch the lookup information of the device 0000000F 
11-05 21:53:37.151   728   728 D ACDB-LOADER: Error: ACDB AudProc vol returned = -19
11-05 21:53:37.151   728   728 D ACDB-LOADER: ACDB -> AUDIO_SET_VOL_CAL cal type = 40
11-05 21:53:37.152   748  4957 D AF::RecordHandle: OpRecordAudio: track:106 uid:10032 pkg:com.oculus.horizon usage:0 not muted
11-05 21:53:37.155 10581 10581 D SystemActivitiesReceiver: SystemActivityReceiver.onReceive intent:Intent { act=com.oculus.system_activity flg=0x10 pkg=com.YourCompany.TemplateProject3 (has extras) }
11-05 21:53:37.156  1987  1987 D VrRuntimeService: onForegroundActivitiesChanged: pid=3056, uid=10020, hasForegroundActivities=true
11-05 21:53:37.156 10581 10581 D SystemActivitiesReceiver: fromPackageName: 'com.oculus.vrshell'
11-05 21:53:37.157  3565  3565 D [SUI] ActivityManagerUtilsHelper: onForegroundActivitiesChanged: Instance: com.oculus.panelapp.anytimeui.utils.ActivityManagerUtilsHelper@4ddf584, Pid: 3056, Tid: 10020, foregroundActivities: true, foreground app: com.oculus.vrshell, previous app: com.YourCompany.TemplateProject3
11-05 21:53:37.158  3565  3565 D [SUI] ActivityManagerUtilsHelper: onForegroundActivitiesChanged: Instance: com.oculus.panelapp.anytimeui.utils.ActivityManagerUtilsHelper@ae35560, Pid: 3056, Tid: 10020, foregroundActivities: true, foreground app: com.oculus.vrshell, previous app: com.YourCompany.TemplateProject3
11-05 21:53:37.160  3565  3565 D [SUI] ActivityManagerUtilsHelper: onForegroundActivitiesChanged: Instance: com.oculus.panelapp.anytimeui.utils.ActivityManagerUtilsHelper@915dfd9, Pid: 3056, Tid: 10020, foregroundActivities: true, foreground app: com.oculus.vrshell, previous app: com.YourCompany.TemplateProject3
11-05 21:53:37.172 10581 10581 D SystemActivitiesReceiver: command: '{"Command":"exitToHome","PlatformUIVersion":4,"ToPackage":"com.YourCompany.TemplateProject3"}'
11-05 21:53:37.172 10581 10581 D SystemActivitiesReceiver: uri: ''
11-05 21:53:37.180 10151 10260 E OsSdk   : error getting shared memory region, memory type: HeadTracker, failed with Status(-1, EX_SECURITY): 'requested shared memory region when not registered/focused'
11-05 21:53:37.182  1050  1697 I ActivityTaskManager: START u0 {act=android.intent.action.MAIN cat=[android.intent.category.LAUNCHER] flg=0x14000000 pkg=com.oculus.shellenv cmp=com.oculus.shellenv/.ShellEnvActivity (has extras)} from uid 10020
11-05 21:53:37.183  3140  3237 I VrGuardianService: GuardianSDKServer::GuardianCmd: 14
11-05 21:53:37.183  3140  3237 I GuardianSystem: GuardianSystem::GuardianCmd CMD_CLEAR_RETURN_PACKAGE
11-05 21:53:37.197  1050  1697 W InputReader: Device has associated, but no associated display id.
11-05 21:53:37.200  3565 10738 D UserAppScopedAuthHelper: fetchUserInfo - fetched response for app scoped token request
11-05 21:53:37.200  3565 10736 D UserAppScopedAuthHelper: fetchUserInfo - fetched response for app scoped token request
11-05 21:53:37.200  3565 10738 D UserAppScopedAuthHelper: fetchUserInfo - fetched app scoped access token
11-05 21:53:37.200  3565 10736 D UserAppScopedAuthHelper: fetchUserInfo - fetched app scoped access token
11-05 21:53:37.201  3565 10740 D UserAppScopedAuthHelper: fetchUserInfo - fetched response for app scoped token request
11-05 21:53:37.201  3565 10740 D UserAppScopedAuthHelper: fetchUserInfo - fetched app scoped access token
11-05 21:53:37.207  3565  3565 W OVRLibrary: null cursor received for query content://com.oculus.ocms.library/apps/com.oculus.vrshell
11-05 21:53:37.207  1987  1987 D VrRuntimeService: onForegroundActivitiesChanged: pid=2112, uid=10014, hasForegroundActivities=true
11-05 21:53:37.208   748  1948 D AF::TrackHandle: OpPlayAudio: track:108 uid:10138 pkg:com.YourCompany.TemplateProject3 usage:1 muted
11-05 21:53:37.208   748  1135 D AF::TrackHandle: OpPlayAudio: track:57 uid:10014 pkg:com.oculus.shellenv usage:1 not muted
11-05 21:53:37.215   748  1135 D AF::TrackHandle: OpPlayAudio: track:102 uid:10033 pkg:com.oculus.xrstreamingclient usage:1 muted
11-05 21:53:37.216   748  7769 D AF::RecordHandle: OpRecordAudio: track:107 uid:10033 pkg:com.oculus.xrstreamingclient usage:0 muted
11-05 21:53:37.217   748  7769 D AF::RecordHandle: OpRecordAudio: track:107 uid:10033 pkg:com.oculus.xrstreamingclient usage:0 muted
11-05 21:53:37.223   748  4957 D AF::RecordHandle: OpRecordAudio: track:56 uid:10014 pkg:com.oculus.shellenv usage:0 not muted
11-05 21:53:37.223   748  1948 D AF::TrackHandle: OpPlayAudio: track:109 uid:10020 pkg:com.oculus.vrshell usage:1 not muted
11-05 21:53:37.223  3565  3565 D [SUI] ActivityManagerUtilsHelper: onForegroundActivitiesChanged: Instance: com.oculus.panelapp.anytimeui.utils.ActivityManagerUtilsHelper@d39dd20, Pid: 3056, Tid: 10020, foregroundActivities: true, foreground app: com.oculus.shellenv, previous app: com.YourCompany.TemplateProject3
11-05 21:53:37.224  3565  3565 D [SUI] ActivityManagerUtilsHelper: onForegroundActivitiesChanged: Instance: com.oculus.panelapp.anytimeui.utils.ActivityManagerUtilsHelper@4186838, Pid: 3056, Tid: 10020, foregroundActivities: true, foreground app: com.oculus.shellenv, previous app: com.YourCompany.TemplateProject3
11-05 21:53:37.224   748  4957 D AF::RecordHandle: OpRecordAudio: track:56 uid:10014 pkg:com.oculus.shellenv usage:0 not muted
11-05 21:53:37.226 10151 10260 E OsSdk   : error getting shared memory region, memory type: HeadTracker, failed with Status(-1, EX_SECURITY): 'requested shared memory region when not registered/focused'
11-05 21:53:37.228 10151 10260 E OsSdk   : error getting shared memory region, memory type: AnchorTracker, failed with Status(-1, EX_SECURITY): 'requested shared memory region when not registered/focused'
11-05 21:53:37.228  3565  3565 D [SUI] ActivityManagerUtilsHelper: onForegroundActivitiesChanged: Instance: com.oculus.panelapp.anytimeui.utils.ActivityManagerUtilsHelper@4ddf584, Pid: 2112, Tid: 10014, foregroundActivities: true, foreground app: com.oculus.shellenv, previous app: com.oculus.vrshell
11-05 21:53:37.229  3565  3565 D [SUI] ActivityManagerUtilsHelper: onForegroundActivitiesChanged: Instance: com.oculus.panelapp.anytimeui.utils.ActivityManagerUtilsHelper@ae35560, Pid: 2112, Tid: 10014, foregroundActivities: true, foreground app: com.oculus.shellenv, previous app: com.oculus.vrshell
11-05 21:53:37.230  3565  3565 D [SUI] ActivityManagerUtilsHelper: onForegroundActivitiesChanged: Instance: com.oculus.panelapp.anytimeui.utils.ActivityManagerUtilsHelper@915dfd9, Pid: 2112, Tid: 10014, foregroundActivities: true, foreground app: com.oculus.shellenv, previous app: com.oculus.vrshell
11-05 21:53:37.231   748  1012 D AF::RecordHandle: OpRecordAudio: track:106 uid:10032 pkg:com.oculus.horizon usage:0 not muted
11-05 21:53:37.235   748  1012 D AF::RecordHandle: OpRecordAudio: track:106 uid:10032 pkg:com.oculus.horizon usage:0 not muted
11-05 21:53:37.237 10581 10581 D TrustedSignatureVerifier: Checking app signature for com.oculus.vrshell
11-05 21:53:37.244  1987 10527 I CompositorVR: SetSchedFifo( tid=10610, pol=2, pri=0 ) succeeded
11-05 21:53:37.244  1987 10527 I CompositorVR: SetSchedFifo( tid=10695, pol=2, pri=0 ) succeeded
11-05 21:53:37.245  1987 10527 I CompositorVR: SetSchedFifo( tid=10677, pol=2, pri=0 ) succeeded
11-05 21:53:37.265  3056  3183 I chatty  : uid=10020(com.oculus.vrshell) ShellMainVR expire 8 lines
11-05 21:53:37.274 10151 10260 E OsSdk   : error getting shared memory region, memory type: HeadTracker, failed with Status(-1, EX_SECURITY): 'requested shared memory region when not registered/focused'
11-05 21:53:37.280  2112  2194 I Clay    : BaseApp: Hibernate transition Unhibernate
11-05 21:53:37.280  2112  2194 I Clay    : copresence: microphone state transition, unpaused
11-05 21:53:37.280  2112  2194 I Clay    : SoundSystem: setPaused(false), m_paused=true
11-05 21:53:37.281 10581 10581 D TrustedSignatureVerifier: Package com.oculus.vrshell trusted due to RELEASE signature.
11-05 21:53:37.281 10581 10581 D SystemActivitiesReceiver: App is trusted
11-05 21:53:37.284 10581 10581 I SystemActivitiesEvents: nativeSystemActivityIntent in 'com.YourCompany.TemplateProject3': 'com.oculus.vrshell' '{"Command":"exitToHome","PlatformUIVersion":4,"ToPackage":"com.YourCompany.TemplateProject3"}' ''
11-05 21:53:37.284 10581 10581 I SystemActivitiesEvents: SYSTEM_ACTIVITY_EVENT_EXIT_TO_HOME: finish() - exit to Home
11-05 21:53:37.284 10581 10581 W emplateProject: Attempt to remove non-JNI local reference, dumping thread
11-05 21:53:37.284 10581 10581 I chatty  : uid=10138(com.YourCompany.TemplateProject3) identical 1 line
11-05 21:53:37.284 10581 10581 W emplateProject: Attempt to remove non-JNI local reference, dumping thread
11-05 21:53:37.285  1503  1503 V AvrcpMediaPlayerList: onPlaybackConfigChanged(): Configs list size=9
11-05 21:53:37.300  2112  2112 D ActivityLifecycleListener: onActivityResumed
11-05 21:53:37.301  2112  4773 D ActivityLifecycleListener: activity=com.oculus.shellenv.ShellEnvActivity@b3b594a, resumed=true
11-05 21:53:37.301  2112  4773 D ActivityLifecycleListener: Activity ready after 0ms
11-05 21:53:37.301  2112  4773 I OpenXR  : nativeOnActivityReady
11-05 21:53:37.303   748  7769 D AF::RecordHandle: OpRecordAudio: track:107 uid:10033 pkg:com.oculus.xrstreamingclient usage:0 muted
11-05 21:53:37.303   748  1135 D AF::RecordHandle: OpRecordAudio: track:106 uid:10032 pkg:com.oculus.horizon usage:0 not muted
11-05 21:53:37.303   748  4957 D AF::RecordHandle: OpRecordAudio: track:56 uid:10014 pkg:com.oculus.shellenv usage:0 not muted
11-05 21:53:37.311  2112  2194 I Clay    : EnvironmentSystem: computed visibility changed from Unload to Visible (reason: <none>)
11-05 21:53:37.311  2112  2194 I OpenXR  : PostSessionStateChange: XR_SESSION_STATE_IDLE -> XR_SESSION_STATE_READY
11-05 21:53:37.312  2112  2194 I Clay    : xrPollEvent: REFERENCE_SPACE_CHANGE_PENDING
11-05 21:53:37.312  2112  2194 I Clay    : xrPollEvent: DISPLAY_REFRESH_RATE_CHANGED_FB: 90.000000 -> 72.000000
11-05 21:53:37.312  2112  2194 I Clay    : xrPollEvent: SESSION_STATE_CHANGED: READY
11-05 21:53:37.312  2112  2194 I Clay    : Entering VR mode: cpu=-1, gpu=-1, perf threads: main=2194, gpu=unset
11-05 21:53:37.312  2112  2194 I OpenXR  : ------------ xrBeginSession [start] -----------
11-05 21:53:37.312  2112  2194 I VrRuntimeClient: Tracing is disabled
11-05 21:53:37.312  2112  2194 I VrRuntimeClient: SysProp debug mode is disabled on Client side
11-05 21:53:37.313  2112  2194 D VrApi   : targetSDKVersion 29
11-05 21:53:37.315  2112  2194 I VrRuntimeClient: DEVICE MODEL NUMBER = Quest 2
11-05 21:53:37.315  2112  2194 I VrRuntimeClient: DEVICE BUILD NAME = user-47421700667400000
11-05 21:53:37.315  2112  2194 I VrRuntimeClient: DEVICE BUILD TYPE = user
11-05 21:53:37.315  2112  2194 I VrRuntimeClient: DEVICE OS VERSION = 10
11-05 21:53:37.315  2112  2194 I VrRuntimeClient: API LOADER VERSION = 1.0.22
11-05 21:53:37.315  2112  2194 I VrRuntimeClient: RUNTIME API VERSION = 1.0.24
11-05 21:53:37.315  2112  2194 I VrRuntimeClient: RUNTIME VERSION = 46.0.0.226.0 Sep  6 2022 02:18:10 RELEASE
11-05 21:53:37.315  2112  2194 I VrRuntimeClient: APP NAME = ShellEnv
11-05 21:53:37.315  2112  2194 I VrRuntimeClient: APP VERSION = 46.0.0.225.0 versionCode 406480835 internalVersionName 46.0.0.225.0.1de6c5943672 2022_10_06_16_42
11-05 21:53:37.315  2112  2194 I VrRuntimeClient: APP VR TYPE = vr_only
11-05 21:53:37.315  2112  2194 I VrRuntimeClient: APP MODE TYPE = VR
11-05 21:53:37.315  2112  2194 I VrRuntimeClient: APP PACKAGE NAME = com.oculus.shellenv
11-05 21:53:37.315  2112  2194 I VrRuntimeClient: APP ACTIVITY CLASS = com.oculus.shellenv.ShellEnvActivity
11-05 21:53:37.315  2112  2194 I Sensor  : OSSDKTRACKING Initializing head tracking
11-05 21:53:37.315  2112  2194 I Sensor  : OSSDKTRACKING Head tracker != nullpointer 0x734132beb8, 1
11-05 21:53:37.315  2112  2194 I Sensor  : OSSDKTRACKING Initializing controller tracking
11-05 21:53:37.315  2112  2194 I Sensor  : OSSDKTRACKING Controller tracker != nullpointer 0x733cfb6b40, 1
11-05 21:53:37.315  2112  2194 D BatteryReceiver: Registering battery receiver
11-05 21:53:37.320   849  1040 I chatty  : uid=1000(system) Binder:849_2 identical 16 lines
11-05 21:53:37.322 10151 10260 E OsSdk   : error getting shared memory region, memory type: HeadTracker, failed with Status(-1, EX_SECURITY): 'requested shared memory region when not registered/focused'
11-05 21:53:37.323  2112  2194 D HeadsetReceiver: getCurrentHeadsetState: false
11-05 21:53:37.323  2112  2194 I DeviceStatus: nativeHeadsetEvent(0)
11-05 21:53:37.323  2112  2194 I VrRuntimeClient: SetCompositorClientFeatureFlag ClientFeatureFlag 0 
11-05 21:53:37.324  2112  2194 I LogTimer: CPUTIME: VrRuntimeClient_BeginSession took 11.8118 ms
11-05 21:53:37.324  2112  2194 I ClientInputInterface: DEADRECKONING SetControllerTrackingExtendedDeadreckoning 0
11-05 21:53:37.324  2112  2194 I ClientInputSettings: HANDTRACKING package name is com.oculus.shellenv
11-05 21:53:37.327  2112  2194 I ClientInputSettings: HANDTRACKING: Manifest Permission request for com.oculus.shellenv
11-05 21:53:37.328  2112  2194 I ClientInputSettings: HANDTRACKING:  'com.oculus.shellenv' Is hands or controller.
11-05 21:53:37.328  2112  2194 I ClientInputSettings: HANDTRACKING: feature flag set to 2
11-05 21:53:37.328  2112  2194 I ClientInputInterface: HANDTRACKING sethandmanifest 2
11-05 21:53:37.328  2112  2194 I InputHooks_Internal: Enabling Native Input Hooks
11-05 21:53:37.328  2112  2194 I InputDeviceManager: ovrInputDeviceManager::Initialize
11-05 21:53:37.329   849  1040 W TrackingService: attachClient: found client in attached list
11-05 21:53:37.331   728   728 D msm8974_platform: platform_split_snd_device: snd_device(22) num devices(1) new_snd_devices(0)
11-05 21:53:37.331   728   728 D ACDB-LOADER: ACDB -> send_audvoltable
11-05 21:53:37.331   849  1040 D TrackingService: getSharedMemory: com.oculus.shellenv#2112, HeadTracker
11-05 21:53:37.331   728   728 D ACDB-LOADER: ACDB -> ACDB_CMD_GET_AUDPROC_INSTANCE_GAIN_DEP_STEP_TABLE_SIZE
11-05 21:53:37.331   728   728 D         : Failed to fetch the lookup information of the device 0000000F 
11-05 21:53:37.331   728   728 D ACDB-LOADER: Error: ACDB_CMD_GET_AUDPROC_INSTANCE_GAIN_DEP_STEP_TABLE_SIZE Returned = -19
11-05 21:53:37.331   728   728 D ACDB-LOADER: ACDB -> ACDB_CMD_GET_AUDPROC_INSTANCE_GAIN_DEP_STEP_TABLE, vol index 8
11-05 21:53:37.331   728   728 D         : Failed to fetch the lookup information of the device 0000000F 
11-05 21:53:37.331   728   728 D ACDB-LOADER: Error: ACDB AudProc vol returned = -19
11-05 21:53:37.331   728   728 D ACDB-LOADER: ACDB -> AUDIO_SET_VOL_CAL cal type = 40
11-05 21:53:37.331  2112  2194 I Distortion: Initializing Mesh Decenter Correction
11-05 21:53:37.331   849  1040 W TrackingService: attachClient: found client in attached list
11-05 21:53:37.331   849  1040 D TrackingService: getSharedMemory: com.oculus.shellenv, Controller
11-05 21:53:37.335  2112 10753 I InputDevice_TrackedRemote: REMOTE: Hand=1 IndexAnalog=0.00 GripAnalog=0.00 Buttons=0x00000000
11-05 21:53:37.335   844  1026 E CalibrationProvider: loadCalibration(LDISP_SN) failed: Calibration store didn't load any info
11-05 21:53:37.335  2112 10753 I InputDevice_TrackedRemote: REMOTE: Hand=2 IndexAnalog=0.00 GripAnalog=0.00 Buttons=0x00000000
11-05 21:53:37.335  2112 10753 I InputDeviceManager: HANDTRACKING Pointer filter profile changed to: 0
11-05 21:53:37.335  2112 10753 I InputDeviceManager: HANDTRACKING Pointer filter profile changed to: 0
11-05 21:53:37.335  2112 10753 I InputDeviceManager: HANDTRACKING Root pose filter profile changed for (version, freq) to (2, 1) from (1,2)
11-05 21:53:37.335   844  1026 E CalibrationProvider: loadCalibration(RDISP_SN) failed: Calibration store didn't load any info
11-05 21:53:37.335  2112  2194 I Distortion: SetLensPositions - iad=0.0629665, left offset=-0.000277583,-0.00102733, right offset=0.000156749,-0.00104481
11-05 21:53:37.335  2112  2194 I Distortion: Initializing Mesh Decenter Correction
11-05 21:53:37.338   844  1026 E CalibrationProvider: loadCalibration(LDISP_SN) failed: Calibration store didn't load any info
11-05 21:53:37.339   844  1026 E CalibrationProvider: loadCalibration(RDISP_SN) failed: Calibration store didn't load any info
11-05 21:53:37.339  2112  2194 I Distortion: SetLensPositions - iad=0.0629665, left offset=-0.000277583,-0.00102733, right offset=0.000156749,-0.00104481
11-05 21:53:37.339  2112  2194 I Distortion: Created custom distortion mesh.
11-05 21:53:37.339  2112  2194 I PhaseSync: PhaseSync::PhaseSync PaddingLowerLimit 0.350000 StandardDeviations 2.000000 PaddingUpperLimit 0.750000 on instance 9
11-05 21:53:37.339  2112  2194 I VrRuntimeClient: PhaseSync Instance created
11-05 21:53:37.339  2112  2194 D VrRuntimeClient: pokeGuardianUserServiceForThisClient: com.oculus.shellenv:10014
11-05 21:53:37.342  2112  2194 D VrRuntimeClient: VrRuntimeClient: getClientWindow: activity client
11-05 21:53:37.342  3140  3140 D VrGuardianUserService: onStartCommandIntent { act=FOREGROUND_CLIENT cmp=com.oculus.guardian/com.oculus.vrguardianservice.VrGuardianUserService (has extras) }
11-05 21:53:37.342  3140  3140 D VrGuardianUserService: maybeSubscribeDeviceConfig
11-05 21:53:37.342  1987  3099 I VrRuntimeService: RuntimeServiceSDKServer::EnableRendering: 0x73d7134c00, 1, com.oculus.shellenv
11-05 21:53:37.342  1987  3099 I ClientMgr: ClientMgr::EnableRendering 2112:com.oculus.shellenv : type 0 comp-id 1: enable
11-05 21:53:37.342  1987  3099 I CompositorVR: CheckDebuggerConnected: debugger 0
11-05 21:53:37.342  1987  3099 I VrRuntimeServer: SysProp debug mode is disabled on Server side
11-05 21:53:37.347  1987  3099 I UnifiedTelemetryWrapper: Started UT session render:com.oculus.shellenv
11-05 21:53:37.347  3140  3140 D VrGuardianUserService: onStartCommand FOREGROUND_CLIENT user = 0
11-05 21:53:37.348  3140  3140 D VrGuardianService: setCurrentUser() called with: userId = [0]
11-05 21:53:37.348  3140  3140 I VrGuardianService: nativeSetCurrentUser userid = 0
11-05 21:53:37.348  2112  2194 I ScreenCaptureHelper: Advertising com.oculus.shellenv as streamable
11-05 21:53:37.348  2112  2194 I VrApi   : OVR::Stats thread started
11-05 21:53:37.348  2112  2194 I XrRuntimeUtils: XrRuntimeUtils::BeginSession
11-05 21:53:37.348  2112  2194 I XrRuntimeSystem_Client: BeginSession
11-05 21:53:37.349  2112  2194 I OpenXR  : ------------ xrBeginSession [end] -----------
11-05 21:53:37.349  2112  2194 I Clay    : Setting CPU/GPU levels= 25/75
11-05 21:53:37.349  2112  2194 I VrRuntimeClient: Client has lost focus.
11-05 21:53:37.349  1987  2919 I ClientMgr: Non-overlay clients rendering status has changed: prev=49, curr=50, enabled=2
11-05 21:53:37.350  2195  2195 I OVRMediaService: onStartCommand Received message type: set_package_name, caller package: no_app_identity, app identify: null
11-05 21:53:37.350  2195  2195 I OVRMediaService: Got package name intent (com.oculus.shellenv)
11-05 21:53:37.351  2112 10762 I FenceChecker: FenceChecker::MainLoop - started
11-05 21:53:37.351  3140  3140 I GuardianSystem: GuardianSystem::SetCurrentUser: 0 
11-05 21:53:37.352  2112 10760 D VrApi   : targetSDKVersion 29
11-05 21:53:37.352  1987  2919 D VrRuntimeService: ForegroundAppInfo = {uid=10014 pid=2112 packageName=com.oculus.shellenv processName=com.oculus.shellenv
11-05 21:53:37.352  1987  2919 I ClientMgr: GetForegroundClientId: Found foreground uid 10014.
11-05 21:53:37.352  1987  2919 I ClientMgr: Primary client determined to be foreground client: com.oculus.shellenv.
11-05 21:53:37.352  1987  2919 I ClientMgr: ClientMgr::SetPrimaryCompositorClient: 2112:com.oculus.shellenv
11-05 21:53:37.353  1987  2919 W ClientMgr: ClientMgr::GetClientPermissionFlagsById: Client missing proper permissions: com.oculus.shellenv, 2
11-05 21:53:37.353  1987  2919 I CompositorClientMgr: Enable client 1
11-05 21:53:37.353  1987  2919 I VrRuntimeServer: EnableCompositorClient client(1): layer placement(0) flags(1) sm(0x73d649f010)
11-05 21:53:37.353  1987  2919 I ClientMgr: SetPrimaryPackageName - packageName com.oculus.shellenv processName com.oculus.shellenv clientId 1704197069 clientPid 2112
11-05 21:53:37.353  1987  2919 I ServiceInputManager: ServiceInputManager::SetPrimaryPackageName 'com.oculus.shellenv' 'com.oculus.shellenv'  updated AnytimeUI processname 0
11-05 21:53:37.353  1987  2919 I VrRuntimeService: RuntimeIPC: SendPrimaryPackageChangeEvent: PostClientEvent SUCCESS: com.YourCompany.TemplateProject3:com.YourCompany.TemplateProject3:10581, com.oculus.shellenv, com.oculus.shellenv
11-05 21:53:37.353  1987  2919 I VrRuntimeService: RuntimeIPC: SendPrimaryPackageChangeEvent: PostClientEvent SUCCESS: com.oculus.xrstreamingclient:com.oculus.xrstreamingclient:10151, com.oculus.shellenv, com.oculus.shellenv
11-05 21:53:37.353  1987  2919 I VrRuntimeService: RuntimeIPC: SendPrimaryPackageChangeEvent: PostClientEvent SUCCESS: com.oculus.guardian:com.oculus.vrguardianservice:3140, com.oculus.shellenv, com.oculus.shellenv
11-05 21:53:37.353  1987  2919 I VrRuntimeService: RuntimeIPC: SendPrimaryPackageChangeEvent: PostClientEvent SUCCESS: com.oculus.mrservice:com.oculus.mrservice:1870, com.oculus.shellenv, com.oculus.shellenv
11-05 21:53:37.353  1987  2919 I VrRuntimeService: RuntimeIPC: SendPrimaryPackageChangeEvent: PostClientEvent SUCCESS: com.oculus.vrshell:com.oculus.vrshell:3056, com.oculus.shellenv, com.oculus.shellenv
11-05 21:53:37.353  1987  2919 I VrRuntimeService: RuntimeIPC: SendPrimaryPackageChangeEvent: PostClientEvent SUCCESS: com.oculus.shellenv:com.oculus.shellenv:2112, com.oculus.shellenv, com.oculus.shellenv
11-05 21:53:37.353  1987  2919 I VrRuntimeService: RuntimeIPC: SendPrimaryPackageChangeEvent: PostClientEvent SUCCESS: com.oculus.vrshell:com.oculus.vrshell:Overlay:2364, com.oculus.shellenv, com.oculus.shellenv
11-05 21:53:37.353  1987  2919 D VrRuntimeService: sendPrimaryPackageChangeBroadcast
11-05 21:53:37.354  2112  2194 I OpenXR  : PostSessionStateChange: XR_SESSION_STATE_READY -> XR_SESSION_STATE_SYNCHRONIZED
11-05 21:53:37.355  2195  2195 I OVRMediaServiceManager: Sending onAppStart (com.oculus.shellenv) to SocialPlatform (com.oculus.socialplatform)
11-05 21:53:37.355  2364  2364 D [OAO] BaseOverlayService: screenStateReceiver Received broadcast: com.oculus.vrshell.intent.action.PRIMARY_PACKAGE_CHANGED
11-05 21:53:37.355  1987 10527 I CompositorVR: LatchWarpClients: Multiple Primary Clients detected. Skipping frames for 16
11-05 21:53:37.355  2364  2364 I [OAO] ShellOverlayServiceJNI: NativeSendOverlayCommand
11-05 21:53:37.356  3056  3056 D [SEO] BaseOverlayService: screenStateReceiver Received broadcast: com.oculus.vrshell.intent.action.PRIMARY_PACKAGE_CHANGED
11-05 21:53:37.356  2364  2364 I [OAO] ShellOverlayServiceJNI: NativeWake
11-05 21:53:37.356  2364  2364 I [OAO] ShellOverlayMain: WakeVrThread
11-05 21:53:37.356  2364  2364 I [OAO] ShellOverlayMain: WakeVrThread - notifying vr thread
11-05 21:53:37.356  1987 10527 I CompositorVR: SetSchedFifo( tid=2194, pol=3, pri=0 ) succeeded
11-05 21:53:37.356  1987 10527 I CompositorVR: SetSchedFifo( tid=10762, pol=3, pri=0 ) succeeded
11-05 21:53:37.356  1987  2919 I AADT    : SetAADTLutDataX: 0
11-05 21:53:37.356  1987  2919 I AADT    : SetAADTLutDataY: 0
11-05 21:53:37.356  1987  2919 I ServiceInputManager: DEADRECKONING deadReckoning mode on ClientMgr from server is 0
11-05 21:53:37.357  1987  2919 I PerformanceManager_V0: SetClockLevels: Apply pending clock request change: 4,4 -> 4,3
11-05 21:53:37.357  1987  2919 I CompositorClientMgr: Enable client 0
11-05 21:53:37.357  1987  2919 I VrRuntimeServer: EnableCompositorClient client(0): layer placement(2147483643) flags(8) sm(0x7381f21160)
11-05 21:53:37.357  1987  2914 I Clocks  : ReleaseClocks - start
11-05 21:53:37.363  1987  2919 I Vsync   : Adjusting vsync display refresh rate 72.000000 -> 90.000000
11-05 21:53:37.364  1987  2914 I Clocks  : ReleaseClocks - end (7.4 ms)
11-05 21:53:37.364  1987  2914 I Clocks  : LockClocks( cpu=4, gpu=3 ) - start
11-05 21:53:37.365  1987 10527 I CompositorVR: LatchWarpClients: Multiple Primary Clients detected. Skipping frames for 16
11-05 21:53:37.365  1987 10527 I CompositorVR: WarpToScreen: Skipping frames for 16
11-05 21:53:37.366   849  1040 W TrackingService: attachClient: found client in attached list
11-05 21:53:37.366 10151 10205 D xrstreaming: receive pong: org 2827948022566 recv 21547330110600 xmt 21547342017300 (received at 2827960762149), offset divergence 23114
11-05 21:53:37.366 10151 10205 D xrstreaming: new clock offset=18719381925514 (rtt: 192235, dispersion: 506523, jitter: 708420)
11-05 21:53:37.366  1987  2914 I Clocks  : CPU levels [0, 4]
11-05 21:53:37.366  1987  2914 I Clocks  : GPU levels [0, 5]
11-05 21:53:37.367  3056  3056 D [SEO] ShellEnvOverlayService: Message Handler: onResume
11-05 21:53:37.367  3056  3183 I [SEO] ShellApp: 0xbddb5c00 msg: resume
11-05 21:53:37.367  3056  3183 I [SEO] ShellApp: ---------- ShellApp::EnterVrMode() ----------
11-05 21:53:37.367  3056  3183 D [SEO] ShellApplication: setOverlayInputFocus: inputFocus=true shouldSupportIME=true
11-05 21:53:37.367  3056  3183 D [SEO] BaseOverlayService: setOverlayInputFocus : entrypoint - inputFocus=true shouldSupportIME=true
11-05 21:53:37.367  3056  3183 I [SEO] ShellTransitionState: Logging ShellTransitionState to dumpsys: {"state":"Foregrounding","timeMillis":"2827962"}
11-05 21:53:37.367  3056  3183 I [SEO] VrPlatformOpenXr: Setting clock levels to cpu=2, gpu=4
11-05 21:53:37.367  3056  3183 I [SEO] VrPlatformOpenXr: Setting perf thread tids to main=3183, render=unset
11-05 21:53:37.367  3056  3183 I OpenXR  : ------------ xrBeginSession [start] -----------
11-05 21:53:37.367  3056  3183 I VrRuntimeClient: Tracing is disabled
11-05 21:53:37.367  3056  3183 I VrRuntimeClient: SysProp debug mode is disabled on Client side
11-05 21:53:37.367  3056  3056 D [SEO] BaseOverlayService: attachServiceWindowView shouldSupportIME:true
11-05 21:53:37.369  1987  2914 I Clocks  : LockClocks( cpu=4, gpu=3 ) - end (4.7 ms)
11-05 21:53:37.369  1987 10527 I AADT    : SetAADTLutDataX. Thread. SizeX: 0
11-05 21:53:37.369  1987 10527 I AADT    : SetAADTLutDataY. Thread. SizeY: 0
11-05 21:53:37.378  3056  3183 D VrApi   : targetSDKVersion 29
11-05 21:53:37.379  1987 10527 I CompositorVR: WarpToScreen: Skipping frames for 16
11-05 21:53:37.379 10581 10581 D ContextHelper: shouldSkipFinish: activity=com.epicgames.ue4.GameActivity@f68763c
11-05 21:53:37.385 10581 10581 W emplateProject: Accessing hidden method Landroid/app/Activity;->isResumed()Z (greylist, reflection, allowed)
11-05 21:53:37.386 10581 10581 D ContextHelper: activity=com.epicgames.ue4.GameActivity@f68763c, resumed=false
11-05 21:53:37.386  3056  3183 I VrRuntimeClient: DEVICE MODEL NUMBER = Quest 2
11-05 21:53:37.386  3056  3183 I VrRuntimeClient: DEVICE BUILD NAME = user-47421700667400000
11-05 21:53:37.386  3056  3183 I VrRuntimeClient: DEVICE BUILD TYPE = user
11-05 21:53:37.386  3056  3183 I VrRuntimeClient: DEVICE OS VERSION = 10
11-05 21:53:37.386  3056  3183 I VrRuntimeClient: API LOADER VERSION = 1.0.22
11-05 21:53:37.386  3056  3183 I VrRuntimeClient: RUNTIME API VERSION = 1.0.24
11-05 21:53:37.386  3056  3183 I VrRuntimeClient: RUNTIME VERSION = 46.0.0.226.0 Sep  6 2022 02:18:30 RELEASE
11-05 21:53:37.386  3056  3183 I VrRuntimeClient: APP NAME = Oculus App Runtime
11-05 21:53:37.386  3056  3183 I VrRuntimeClient: APP VERSION = 46.0.0.226.0 versionCode 406523266 internalVersionName 46.0.0.226.0.5b7f9b66a2a2 2022_10_06_18_22
11-05 21:53:37.386  3056  3183 I VrRuntimeClient: APP VR TYPE = vr_only
11-05 21:53:37.386  3056  3183 I VrRuntimeClient: APP MODE TYPE = VR
11-05 21:53:37.386  3056  3183 I VrRuntimeClient: APP PACKAGE NAME = com.oculus.vrshell
11-05 21:53:37.386  3056  3183 I VrRuntimeClient: APP ACTIVITY CLASS = com.oculus.vrshell.ShellApplication
11-05 21:53:37.386  3056  3183 I Sensor  : OSSDKTRACKING Initializing head tracking
11-05 21:53:37.386  3056  3183 I Sensor  : OSSDKTRACKING Head tracker != nullpointer 0xbe51c858, 1
11-05 21:53:37.386  3056  3183 I Sensor  : OSSDKTRACKING Initializing controller tracking
11-05 21:53:37.386  3056  3183 I Sensor  : OSSDKTRACKING Controller tracker != nullpointer 0xbe51c860, 1
11-05 21:53:37.386  3056  3183 D BatteryReceiver: Registering battery receiver
11-05 21:53:37.387  3565  3565 W OVRLibrary: null cursor received for query content://com.oculus.ocms.library/apps/com.oculus.shellenv
11-05 21:53:37.387 10581 10581 D ContextHelper: Calling finish() on com.epicgames.ue4.GameActivity@f68763c
11-05 21:53:37.388  3140  3199 I GuardianSystem: runtimeServiceSDKClient_.ForceShowGuardianEvent
11-05 21:53:37.388  3140  3199 I GuardianSystem: ForceShowGuardian: false, 0.00
11-05 21:53:37.388  3140  3199 I GuardianSystem: runtimeServiceSDKClient_.PackageChangeEvent: package=[com.oculus.shellenv], process=[com.oculus.shellenv]
11-05 21:53:37.388  3140  3199 I GuardianSystem: SetCurrentProcessName: com.oculus.shellenv, previous ProcessName: com.YourCompany.TemplateProject3
11-05 21:53:37.390  1987  1987 D VrRuntimeService: onForegroundActivitiesChanged: pid=3056, uid=10020, hasForegroundActivities=false
11-05 21:53:37.390 10581 10678 D UE4     : [2022.11.05-21.53.37:390][731]LogAudioMixer: Display: Audio Buffer Underrun (starvation) detected.
11-05 21:53:37.391  3565  3565 I PanelService: VR Shell socket closed(ECONNRESET); shutting down fd: 61
11-05 21:53:37.391  3565  3565 I PanelService: Quitting application via hardExit flag. Shutting down fd 61.
11-05 21:53:37.392  3565  3565 V LifecycleAwareViewModelStore: LifecycleAwareViewModelStore destroyed
11-05 21:53:37.392  3565  3565 V LifecycleAwarePanelApp: PanelApp lifecycle moved to final state: DESTROYED
11-05 21:53:37.392  3565  3565 I AndroidPanelApp: Destroyed
11-05 21:53:37.392  3565  3565 D [SUI] PauseDestinationView: Destroying PauseDestinationView
11-05 21:53:37.392  1050  1749 W AppOps  : Noting op not finished: uid 10020 pkg com.oculus.vrshell code 24 time=1667685217146 duration=-1
11-05 21:53:37.393  3565  3565 D [SUI] AnytimeUIPanelAppBase: Releasing viewModel SharingViewModel refCount: 0
11-05 21:53:37.393  3565  3565 D [SUI] SharingViewModel: Destroying ViewModel
11-05 21:53:37.393  1987 10527 I CompositorVR: WarpToScreen: Skipping frames for 16
11-05 21:53:37.407  1987 10527 I CompositorVR: WarpToScreen: Skipping frames for 16
11-05 21:53:37.412  2112  2194 I Clay    : xrPollEvent: SESSION_STATE_CHANGED: SYNCHRONIZED
11-05 21:53:37.418 10151 10260 E OsSdk   : error getting shared memory region, memory type: HeadTracker, failed with Status(-1, EX_SECURITY): 'requested shared memory region when not registered/focused'
11-05 21:53:37.420  1050  1749 E WindowManager: App trying to use insecure INPUT_FEATURE_NO_INPUT_CHANNEL flag. Ignoring
11-05 21:53:37.421  1987 10527 I CompositorVR: WarpToScreen: Skipping frames for 16
11-05 21:53:37.422  2539  2557 I com.oculus.ocm: Background young concurrent copying GC freed 5639(765KB) AllocSpace objects, 5(100KB) LOS objects, 14% free, 3620KB/4213KB, paused 248us total 226.290ms
11-05 21:53:37.424  3056  3183 D HeadsetReceiver: getCurrentHeadsetState: false
11-05 21:53:37.424  3056  3183 I DeviceStatus: nativeHeadsetEvent(0)
11-05 21:53:37.431  1987  1987 I ClientMgr: FocusedWindowChanged: falling back to client with same uid: 10020, and pid: 3056
11-05 21:53:37.433   856  1163 D VrApiService: refresh-rate changed to 90Hz
11-05 21:53:37.434  1987  1987 I ClientMgr: FocusedClient changed.
11-05 21:53:37.434  1987  1987 I ClientMgr: ClientMgr::SetFocusedClient: 3056:com.oculus.vrshell type 1
11-05 21:53:37.434  1987  1987 I ClientMgr: SetFocusedPackageName - packageName com.oculus.vrshell processName com.oculus.vrshell clientId 4190628339 clientPid 3056
11-05 21:53:37.434  1987  1987 I VrRuntimeService: RuntimeIPC: SendFocusChangeEventToAllClients: PostClientEvent SUCCESS: com.YourCompany.TemplateProject3:com.YourCompany.TemplateProject3:10581, com.oculus.vrshell, com.oculus.vrshell
11-05 21:53:37.434  1987  1987 I VrRuntimeService: RuntimeIPC: SendFocusChangeEventToAllClients: PostClientEvent SUCCESS: com.oculus.xrstreamingclient:com.oculus.xrstreamingclient:10151, com.oculus.vrshell, com.oculus.vrshell
11-05 21:53:37.434  1987  1987 I VrRuntimeService: RuntimeIPC: SendFocusChangeEventToAllClients: PostClientEvent SUCCESS: com.oculus.guardian:com.oculus.vrguardianservice:3140, com.oculus.vrshell, com.oculus.vrshell
11-05 21:53:37.434  1987  1987 I VrRuntimeService: RuntimeIPC: SendFocusChangeEventToAllClients: PostClientEvent SUCCESS: com.oculus.mrservice:com.oculus.mrservice:1870, com.oculus.vrshell, com.oculus.vrshell
11-05 21:53:37.434  1987  1987 I VrRuntimeService: RuntimeIPC: SendFocusChangeEventToAllClients: PostClientEvent SUCCESS: com.oculus.vrshell:com.oculus.vrshell:3056, com.oculus.vrshell, com.oculus.vrshell
11-05 21:53:37.434  1987  1987 I VrRuntimeService: RuntimeIPC: SendFocusChangeEventToAllClients: PostClientEvent SUCCESS: com.oculus.shellenv:com.oculus.shellenv:2112, com.oculus.vrshell, com.oculus.vrshell
11-05 21:53:37.434  1987  1987 I VrRuntimeService: RuntimeIPC: SendFocusChangeEventToAllClients: PostClientEvent SUCCESS: com.oculus.vrshell:com.oculus.vrshell:Overlay:2364, com.oculus.vrshell, com.oculus.vrshell
11-05 21:53:37.434  1987 10527 I CompositorVR: WarpToScreen: Skipping frames for 16
11-05 21:53:37.437  2364  3003 I [OAO] SwapChainApiOpenXr: Destroying SwapChain:0xdcad2cc0
11-05 21:53:37.437  3565  3565 D [SUI] SharingViewModel: clearAbuseReportRecordingTimer
11-05 21:53:37.437  3565  3565 D [SUI] PauseDestinationViewModel: Destroying PauseDestinationViewModel
11-05 21:53:37.437  3565  3565 D [SUI] GraphQLExecutor: Destroying
11-05 21:53:37.437  1987  2937 I VrRuntimeService: DestroySwapChain: swapchain=255
11-05 21:53:37.437  3565  3565 D [SUI] GraphQLExecutor: Destroying
11-05 21:53:37.438  3565  3565 I PresenceAPK(ServicePresenceClient): ServicePresenceClient close
11-05 21:53:37.438  3565  3565 I PresenceAPK(GroupManager): removeListener with id AnchoredHomeGroup
11-05 21:53:37.438  3565  3565 I PresenceAPK(ServiceApiManager): onApiNotReady
11-05 21:53:37.438  3565  3565 D PresenceAPK(ServicePresenceClient): Calling onServiceDown
11-05 21:53:37.438  3565  3565 I PresenceAPK(GroupManager): disconnected
11-05 21:53:37.444   742   984 I SDM     : HWCDisplayBuiltIn::Validate: Validate +++ enable cac = 0
11-05 21:53:37.447  1987  2919 I VrRuntimeServer: DisableCompositorClient: 0
11-05 21:53:37.447  1987  2919 I CompositorClientMgr: Disable client 0
11-05 21:53:37.447  1987  2919 I CompositorClientMgr: DisableClient: frame flush required: 1
11-05 21:53:37.448  1987 10527 I CompositorVR: LatchWarpClients: Multiple Primary Clients detected. Skipping frames for 16
11-05 21:53:37.448  1987 10527 I CompositorVR: WarpToScreen: Skipping frames for 16
11-05 21:53:37.451  3056  3056 D [SEO] BaseOverlayService: setOverlayInputFocus : completed - inputFocus=true shouldSupportIME=true actionTaken:true
11-05 21:53:37.451  3056  3183 I VrRuntimeClient: SetCompositorClientFeatureFlag ClientFeatureFlag 0 
11-05 21:53:37.451  3056  3183 I LogTimer: CPUTIME: VrRuntimeClient_BeginSession took 83.8593 ms
11-05 21:53:37.452  3056  3183 I ClientInputInterface: DEADRECKONING SetControllerTrackingExtendedDeadreckoning 0
11-05 21:53:37.452  3056  3183 I ClientInputSettings: HANDTRACKING package name is com.oculus.vrshell
11-05 21:53:37.462   849  1040 I chatty  : uid=1000(system) Binder:849_2 identical 1 line
11-05 21:53:37.462  1987 10527 I CompositorVR: WarpToScreen: Skipping frames for 16
11-05 21:53:37.466 10151 10260 E OsSdk   : error getting shared memory region, memory type: HeadTracker, failed with Status(-1, EX_SECURITY): 'requested shared memory region when not registered/focused'
11-05 21:53:37.468  1987 10527 I Vsync   : Vsync 1374:  1 x 11.14 ms (71.83 Hz, at 2828.063)
11-05 21:53:37.473  1987 10527 I CompositorVR: WarpToScreen: Skipping frames for 16
11-05 21:53:37.477  3056  3183 I ClientInputSettings: HANDTRACKING: Manifest Permission request for com.oculus.vrshell
11-05 21:53:37.477  3056  3183 I ClientInputSettings: HANDTRACKING:  'com.oculus.vrshell' Is hands or controller.
11-05 21:53:37.478  3056  3183 I ClientInputSettings: HANDTRACKING: feature flag set to 2
11-05 21:53:37.478  3056  3183 I ClientInputInterface: HANDTRACKING sethandmanifest 2
11-05 21:53:37.478  3056  3183 D InputHooksJava: Enabling Java Input Hooks
11-05 21:53:37.478  3056  3183 W InputHooksJava: Unable to enable input hooks on a non-Activity Context
11-05 21:53:37.478  3056  3183 I InputDeviceManager: ovrInputDeviceManager::Initialize
11-05 21:53:37.478   849  1040 W TrackingService: attachClient: found client in attached list
11-05 21:53:37.482   849  1040 D TrackingService: getSharedMemory: com.oculus.vrshell#3056, HeadTracker
11-05 21:53:37.483  3056  3183 I Distortion: Initializing Mesh Decenter Correction
11-05 21:53:37.483  2112  2194 I Clay    : xrPollEvent: DISPLAY_REFRESH_RATE_CHANGED_FB: 72.000000 -> 90.000000
11-05 21:53:37.483  1987 10527 I CompositorVR: WarpToScreen: Skipping frames for 16
11-05 21:53:37.483   849  1040 W TrackingService: attachClient: found client in attached list
11-05 21:53:37.483   844  1026 E CalibrationProvider: loadCalibration(LDISP_SN) failed: Calibration store didn't load any info
11-05 21:53:37.484   844  1026 E CalibrationProvider: loadCalibration(RDISP_SN) failed: Calibration store didn't load any info
11-05 21:53:37.484  3056  3183 I Distortion: SetLensPositions - iad=0.0629665, left offset=-0.000277583,-0.00102733, right offset=0.000156749,-0.00104481
11-05 21:53:37.484  3056  3183 I Distortion: Initializing Mesh Decenter Correction
11-05 21:53:37.485   844  1026 E CalibrationProvider: loadCalibration(LDISP_SN) failed: Calibration store didn't load any info
11-05 21:53:37.485   844  1026 E CalibrationProvider: loadCalibration(RDISP_SN) failed: Calibration store didn't load any info
