02-08 22:47:00.349 18403 18403 I [SUI] PartiesCallBarViewModel: new ServicePresenceClient
02-08 22:47:00.351 18403 18403 I PresenceAPK(ServiceApiManager): Trying to bind to presence service API.
02-08 22:47:00.361  2801  2908 D MVanScreenTimeUploadWorker: Creating screen time mutation for com.oculus.xrstreamingclient startime = 1675896047 endTime = 1675896136 duration = 89
02-08 22:47:00.365  2801  2908 D MVanScreenTimeUploadWorker: Creating screen time mutation for com.oculus.xrstreamingclient startime = 1675896141 endTime = 1675896142 duration = 1
02-08 22:47:00.384  2801  2908 D MVanScreenTimeUploadWorker: Creating screen time mutation for com.oculus.xrstreamingclient startime = 1675896142 endTime = 1675896158 duration = 16
02-08 22:47:00.386   883   883 W TrackingService: attachClient: found client in attached list
02-08 22:47:00.387 21033 21115 E OsSdk   : error getting shared memory region, memory type: HeadTracker, failed with Status(-1, EX_SECURITY): 'requested shared memory region when not registered/focused'
02-08 22:47:00.407  1029  1051 W InputReader: Device has associated, but no associated display id.
02-08 22:47:00.428   883   883 I chatty  : uid=1000(system) /system/bin/trackingservice identical 1 line
02-08 22:47:00.428 21033 21115 E OsSdk   : error getting shared memory region, memory type: HeadTracker, failed with Status(-1, EX_SECURITY): 'requested shared memory region when not registered/focused'
02-08 22:47:00.434  1029  1051 W Looper  : Slow dispatch took 151ms android.ui h=android.hardware.display.DisplayManagerGlobal$DisplayListenerDelegate c=null m=1
02-08 22:47:00.435  3089  3150 I GuardianCollisionTracker: Guardian Controller Collision: Magnitude: 19.003, Duration: -1.000 sec, TimeStamp: 21535.867188 sec
02-08 22:47:00.438  1029  1053 W InputReader: Device has associated, but no associated display id.
02-08 22:47:00.438  1029  1053 I ActivityTaskManager: Override config changes=20005df8 {0.0 ?mcc?mnc ?localeList ?layoutDir sw672dp w672dp h1000dp 200dpi lrg port ?uimode ?night -touch qwerty/v/v -nav/h winConfig={ mBounds=Rect(0, 0 - 840, 1250) mAppBounds=Rect(0, 0 - 840, 1250) mWindowingMode=fullscreen mDisplayWindowingMode=fullscreen mActivityType=undefined mAlwaysOnTop=undefined mRotation=ROTATION_0}} for displayId=157
02-08 22:47:00.457 18403 18403 D PresenceAPK(PresenceClient): setEventListener id=SystemCallGroup
02-08 22:47:00.457 18403 18403 I PresenceAPK(GroupManager): addListener for id SystemCallGroup
02-08 22:47:00.457 18403 18403 D [SUI] MessengerCallBarViewModel: constructing MessengerCallBarViewModel
02-08 22:47:00.457 18403 18403 D [SUI] MessengerCallViewModel: constructing MessengerCallViewModel, instance count:13
02-08 22:47:00.465 18403 18403 D HyperspaceClient: acquire instance, refcount: 1
02-08 22:47:00.465 18403 18403 D [SUI] MessengerCallViewModel: hyperspace client created
02-08 22:47:00.465 18403 18403 D [SUI] PanelAppBase: Acquiring viewModel MessengerCallViewModel refCount: 1
02-08 22:47:00.465 18403 18403 D [SUI] MessengerCallViewModel: registerObserver
02-08 22:47:00.465 18403 26004 D HyperspaceClientJni: initInternal - start
02-08 22:47:00.465 18403 18403 D [SUI] PanelAppBase: Acquiring viewModel ActiveCallBarViewModel refCount: 1
02-08 22:47:00.465 18403 26004 D HyperspaceClientJni: startHyperspacePresenceServiceClient
02-08 22:47:00.465 18403 26004 D HyperspaceClientJni: initHyperspacePresenceServiceClient begin
02-08 22:47:00.465 18403 26004 I ipcLoader [RUNTIMEIPC]: RuntimeIPC: Loader: IPC Service API Loader Version: 37 Jan 20 2023 02:35:21
02-08 22:47:00.465 18403 26004 I RuntimeIPCApi [RUNTIMEIPC]: ipc_Initialize
02-08 22:47:00.465 18403 26004 I RuntimeIPCServiceClient [RUNTIMEIPC]: Init: Already initialized: com.oculus.systemux:SystemUX, 1
02-08 22:47:00.471  1029  5258 W ActivityManager: Unable to start service Intent { cmp=com.oculus.presence/.service.PresenceService } U=0: not found
02-08 22:47:00.473 18403 18403 D [SUI] SystemStatusView: Initializing System Status
02-08 22:47:00.473   883   883 W TrackingService: attachClient: found client in attached list
02-08 22:47:00.475  3166  3195 D RPCServer [RUNTIMEIPC]: ConnectClient: Client: com.oculus.systemux:com.oculus.systemux:SystemUX:18403, Server: com.oculus.presence:com.oculus.presence (PresenceServer)
02-08 22:47:00.478 21033 21115 E OsSdk   : error getting shared memory region, memory type: HeadTracker, failed with Status(-1, EX_SECURITY): 'requested shared memory region when not registered/focused'
02-08 22:47:00.478  3166  3195 I IPCSharedMemory_Internal [RUNTIMEIPC]: CreateSharedMemory: Allocated shared memory fd 97 (ipcStateReadWrite)
02-08 22:47:00.479  3166  3195 I IPCSharedMemory_Internal [RUNTIMEIPC]: CreateSharedMemory: Allocated shared memory fd 98 (ipcReadOnlyState)
02-08 22:47:00.479  3166  3195 I RPCClientHandler [RUNTIMEIPC]: Event buffer size (server): 8192
02-08 22:47:00.479  3166  3195 I IPCSharedMemory_Internal [RUNTIMEIPC]: CreateSharedMemory: Allocated shared memory fd 99 (ipcEventBuffer)
02-08 22:47:00.480 18403 18403 D [SUI] SocialViewModel: Constructing ViewModel
02-08 22:47:00.480 18403 18403 D [SUI] StatusViewModel: Constructing ViewModel
02-08 22:47:00.483 18403 18403 I android_os_HwBinder: HwBinder: Starting thread pool for getting: vendor.oculus.hardware.battery@1.0::IBattery/default
02-08 22:47:00.486  3166  3195 I IPCSharedMemory_Internal [RUNTIMEIPC]: CreateSharedMemory: Allocated shared memory fd 100 (ipcEventBuffer_Private)
02-08 22:47:00.488 18403 18403 D [SUI] StatusViewModel: Initializing wifi status BroadcastReceiver
02-08 22:47:00.488  3166  3195 W RPCServer [RUNTIMEIPC]: HandleClientConnect: Failed to register client event subscription: Client: com.oculus.systemux:com.oculus.systemux:SystemUX:18403, Server: com.oculus.presence:com.oculus.presence (PresenceServer)
02-08 22:47:00.489 18403 18403 D [SUI] StatusViewModel: Initialized wifi status BroadcastReceiver
02-08 22:47:00.514  2801  2908 W OVRLibrary: null cursor received for query content://com.oculus.ocms.library/apps/com.YourCompany.TemplateProject3
02-08 22:47:00.514  2801  2908 D MVanScreenTimeUploadWorker: Creating screen time mutation for com.YourCompany.TemplateProject3 startime = 1675896158 endTime = 1675896419 duration = 261
02-08 22:47:00.523   883  1020 W TrackingService: attachClient: found client in attached list
02-08 22:47:00.525 21033 21115 E OsSdk   : error getting shared memory region, memory type: HeadTracker, failed with Status(-1, EX_SECURITY): 'requested shared memory region when not registered/focused'
02-08 22:47:00.529  2801  2908 D MVanScreenTimeUploadWorker: updating latest sync time to 1675896419
02-08 22:47:00.551  3166  3195 I RuntimeIPCServerMgr [RUNTIMEIPC]: HandleClientConnect SUCCESS: Client: com.oculus.systemux:com.oculus.systemux:SystemUX:18403, Server: com.oculus.presence:com.oculus.presence (PresenceServer)
02-08 22:47:00.552 18403 18403 D [SUI] PanelAppBase: Acquiring viewModel BarViewModel refCount: 2
02-08 22:47:00.552 18403 18403 D [SUI] PanelAppBase: Acquiring viewModel SystemStatusViewModel refCount: 1
02-08 22:47:00.552 18403 18403 D [SUI] SocialViewModel: registerObserver(): -$$Lambda$SystemStatusView$hvdttGlyfUmlGZJVTLPJRt2c5Fk
02-08 22:47:00.552 18403 18403 D [SUI] OnboardingTutorial: Initialize Onboarding Tutorial
02-08 22:47:00.553 18403 18403 D [SUI] OnboardingTutorial: System Language is English: true
02-08 22:47:00.553 18403 18403 D [SUI] OnboardingTutorial: Step is: NOT_BRAND_NEW_USER
02-08 22:47:00.553 18403 18403 D [SUI] OnboardingTutorial: Has seen tutorial, skipping
02-08 22:47:00.553 18403 18403 D [SUI] OnboardingTutorial: Proceeding from NOT_BRAND_NEW_USER to NOT_BRAND_NEW_USER
02-08 22:47:00.555 18403 18403 D [SUI] SystemStatusView: Initialized System Status
02-08 22:47:00.555 18403 18403 D [SUI] PanelAppBase: Acquiring viewModel DynamicAppsViewModel refCount: 2
02-08 22:47:00.555 18403 18403 D [SUI] DynamicAppsView: Initializing DynamicAppsView on AUI bar
02-08 22:47:00.556 18403 18403 D [SUI] BarView: Initialized parties call bar
02-08 22:47:00.556 18403 18403 D [SUI] MessengerCallViewModel: registerObserver
02-08 22:47:00.556 18403 18403 D [SUI] BarView: Initialized messenger call bar
02-08 22:47:00.556 18403 18403 V [SUI] BarView: Subscribing to notifications badge live data
02-08 22:47:00.556 18403 18403 V [SUI] BarView: Notifs badge count: 0, Messenger badge count 0
02-08 22:47:00.557 18403 18403 D [SUI] BarView: Initialized BarView
02-08 22:47:00.568   883  1020 W TrackingService: attachClient: found client in attached list
02-08 22:47:00.579 21033 21115 E OsSdk   : error getting shared memory region, memory type: HeadTracker, failed with Status(-1, EX_SECURITY): 'requested shared memory region when not registered/focused'
02-08 22:47:00.587  1029  1045 I DisplayManagerService: Display device removed: DisplayDeviceInfo{"com.oculus.android_panel_app.AndroidPanelLayer-#main": uniqueId="virtual:com.oculus.systemux,10026,com.oculus.android_panel_app.AndroidPanelLayer-#main,0", 840 x 1250, modeId 218, defaultModeId 218, supportedModes [{id=218, width=840, height=1250, fps=60.0}], colorMode 0, supportedColorModes [0], HdrCapabilities null, density 200, 200.0 x 200.0 dpi, appVsyncOff 0, presDeadline 16666666, touch NONE, rotation 0, type VIRTUAL, state OFF, owner com.oculus.systemux (uid 10026), FLAG_PRIVATE, FLAG_NEVER_BLANK, FLAG_OWN_CONTENT_ONLY}
02-08 22:47:00.611  1029  1798 W ActivityManager: Slow operation: 58ms so far, now at getContentProviderImpl: after updateOomAdj
02-08 22:47:00.611  1029  1798 W ActivityManager: Slow operation: 58ms so far, now at getContentProviderImpl: done!
02-08 22:47:00.619  1029  3224 I DisplayManagerService: Display device added: DisplayDeviceInfo{"com.oculus.android_panel_app.AndroidPanelLayer-#main": uniqueId="virtual:com.oculus.systemux,10026,com.oculus.android_panel_app.AndroidPanelLayer-#main,0", 840 x 110, modeId 219, defaultModeId 219, supportedModes [{id=219, width=840, height=110, fps=60.0}], colorMode 0, supportedColorModes [0], HdrCapabilities null, density 200, 200.0 x 200.0 dpi, appVsyncOff 0, presDeadline 16666666, touch NONE, rotation 0, type VIRTUAL, state OFF, owner com.oculus.systemux (uid 10026), FLAG_PRIVATE, FLAG_NEVER_BLANK, FLAG_OWN_CONTENT_ONLY}
02-08 22:47:00.624   883  5113 W TrackingService: attachClient: found client in attached list
02-08 22:47:00.626 21033 21115 E OsSdk   : error getting shared memory region, memory type: HeadTracker, failed with Status(-1, EX_SECURITY): 'requested shared memory region when not registered/focused'
02-08 22:47:00.627   883  5113 I chatty  : uid=1000(system) Binder:883_4 identical 1 line
02-08 22:47:00.628 21033 21115 E OsSdk   : error getting shared memory region, memory type: AnchorTracker, failed with Status(-1, EX_SECURITY): 'requested shared memory region when not registered/focused'
02-08 22:47:00.632  3166  3195 I RPCServer [RUNTIMEIPC]: GetServerStatesConfig -> {MaxBufferSize=32768, MaxEntries=64}
02-08 22:47:00.632 18403 26004 I RuntimeIPCClient [RUNTIMEIPC]: GetServerStatesConfig returned maxEntries=64, maxBuffSize=32768
02-08 22:47:00.632 18403 26004 I RuntimeIPCClient [RUNTIMEIPC]: Event buffer size (client): 8192
02-08 22:47:00.632 18403 26004 I RuntimeIPCClient [RUNTIMEIPC]: TryToGetIPCResourcesFromServer: RPC_CONNECTOR_CONNECT_TO_SERVER SUCCESS: Client: com.oculus.systemux:com.oculus.systemux:SystemUX:18403, Server: com.oculus.presence:com.oculus.presence (PresenceServer)
02-08 22:47:00.632 18403 26004 I RuntimeIPCClient [RUNTIMEIPC]: EnsureServerConnection: SUCCESS. Client: com.oculus.systemux:com.oculus.systemux:SystemUX:18403, Server: com.oculus.presence:com.oculus.presence (PresenceServer)
02-08 22:47:00.632 18403 26004 I RuntimeIPCClient [RUNTIMEIPC]: ConnectToServer: SUCCESS: Client: com.oculus.systemux:com.oculus.systemux:SystemUX:18403, Server: com.oculus.presence:com.oculus.presence (PresenceServer)
02-08 22:47:00.635 18403 18403 D [SUI] SettingsAssistantJsonBuilder: Registering legacy settings
02-08 22:47:00.635 18403 18403 D [SUI] SettingsAssistantJsonBuilder: Not registering settings service settings. Blocked by GK
02-08 22:47:00.639 18403 18403 D [SUI] AnytimeUIAndroidPanelApp: Stored settings in pref store in 3915885 ns
02-08 22:47:00.639 18403 18403 D [SUI] SettingsAssistantJsonBuilder: Registering settings service settings
02-08 22:47:00.639 18403 18403 D [SUI] SettingsProvider: SettingsService getInstance
02-08 22:47:00.639 18403 18403 D [SUI] SettingsProvider: connectToService with callback with total client count: 1
02-08 22:47:00.639 18403 18403 D [SUI] SettingsProvider: connectToSettingsService for 1 time(s)
02-08 22:47:00.639 18403 18403 D [SUI] SettingsProvider: connectToSettingsService
02-08 22:47:00.664  2801  2908 D WorkerLoggerHelper: log success for mvan_screen_time_upload_worker
02-08 22:47:00.671   883  5113 W TrackingService: attachClient: found client in attached list
02-08 22:47:00.672 21033 21115 E OsSdk   : error getting shared memory region, memory type: HeadTracker, failed with Status(-1, EX_SECURITY): 'requested shared memory region when not registered/focused'
02-08 22:47:00.684   757 24835 E FrameSetDispatcher: [CONTROLLER] Client pid=883 (Cnst): Failed to read from receive FMQ for 1 packets in 5000ms.
02-08 22:47:00.684   757 24835 E FrameSetDispatcher: This probably means this client is taking more than 33 ms to process the frame.
02-08 22:47:00.684   757 24835 E FrameSetDispatcher: Retrying.
02-08 22:47:00.688   883 24830 W [CT]    : VIPER: Frame Tracking [0.049869375 [sec]s] exceeded camera sampling time [0.033333333 [sec]s].
02-08 22:47:00.698  3089  3150 I GuardianCollisionTracker: Guardian Controller Collision: Magnitude: 93.269, Duration: 0.002 sec, TimeStamp: 21536.083984 sec
02-08 22:47:00.701   883 24606 I [CT]    : INPUT_TRACKING:Behavior:OutOfFoVRotation: [Left] state transition: InRange -> Active
02-08 22:47:00.701   883 24606 I [CT]    : INPUT_TRACKING:Behavior:OutOfFoVRotation: [Left] activated
02-08 22:47:00.701   883 24606 I [CT]    : INPUT_TRACKING:Behavior:OutOfFoVRotation: [Left] using reliablePoseInWorld
02-08 22:47:00.701   883 24606 I [CT]    : INPUT_TRACKING:ControllerMotionModel: [Left] t = 21504.855s, behavior transition: None -> OutOfFoVRotation
02-08 22:47:00.711   883 24606 I [CT]    : INPUT_TRACKING:Behavior:OutOfFoVRotation: [Left] state transition: Active -> Transition
02-08 22:47:00.713 18403 26004 I ipcLoader [RUNTIMEIPC]: RuntimeIPC: Loader: IPC Service API Loader Version: 37 Jan 20 2023 02:35:21
02-08 22:47:00.713 18403 26004 I RuntimeIPCApi [RUNTIMEIPC]: ipc_Initialize
02-08 22:47:00.713 18403 26004 I RuntimeIPCServiceClient [RUNTIMEIPC]: Init: Already initialized: com.oculus.systemux:SystemUX, 2
02-08 22:47:00.718   883   883 W TrackingService: attachClient: found client in attached list
02-08 22:47:00.719 21033 21115 E OsSdk   : error getting shared memory region, memory type: HeadTracker, failed with Status(-1, EX_SECURITY): 'requested shared memory region when not registered/focused'
02-08 22:47:00.751   883 24606 I [CT]    : INPUT_TRACKING:Behavior:OutOfFoVRotation: [Left] deactivated
02-08 22:47:00.751   883 24606 I [CT]    : INPUT_TRACKING:ControllerMotionModel: [Left] t = 21504.904s, behavior transition: OutOfFoVRotation -> None
02-08 22:47:00.753  2801 25995 D MVanScreenTimeUploadWorker: uploaded 1 seconds screentime for com.oculus.systemux
02-08 22:47:00.758   883  9961 W TrackingService: attachClient: found client in attached list
02-08 22:47:00.762 21033 21115 E OsSdk   : error getting shared memory region, memory type: HeadTracker, failed with Status(-1, EX_SECURITY): 'requested shared memory region when not registered/focused'
02-08 22:47:00.786  1029  1051 W InputReader: Device has associated, but no associated display id.
02-08 22:47:00.797  1029  1053 W InputReader: Device has associated, but no associated display id.
02-08 22:47:00.797  1029  1053 I ActivityTaskManager: Override config changes=20005df8 {0.0 ?mcc?mnc ?localeList ?layoutDir sw88dp w672dp h88dp 200dpi nrml long land ?uimode ?night -touch qwerty/v/v -nav/h winConfig={ mBounds=Rect(0, 0 - 840, 110) mAppBounds=Rect(0, 0 - 840, 110) mWindowingMode=fullscreen mDisplayWindowingMode=fullscreen mActivityType=undefined mAlwaysOnTop=undefined mRotation=ROTATION_0}} for displayId=158
02-08 22:47:00.798   883 24830 I [CT]    : VIPER: Environment brightness changed from 0 to 2
02-08 22:47:00.806   883  9961 I chatty  : uid=1000(system) Binder:883_5 identical 1 line
02-08 22:47:00.818 21033 21115 E OsSdk   : error getting shared memory region, memory type: HeadTracker, failed with Status(-1, EX_SECURITY): 'requested shared memory region when not registered/focused'
02-08 22:47:00.830  1029  1051 W Looper  : Slow dispatch took 209ms android.ui h=android.hardware.display.DisplayManagerGlobal$DisplayListenerDelegate c=null m=1
02-08 22:47:00.830   915   915 E adbd    : failed to connect to socket 'tcp:6666': Connection refused
02-08 22:47:00.835  3089  3150 I GuardianSystem: [GuardianSystem::CheckEnvironmentStatus] Environment Status changed: 97 to 98
02-08 22:47:00.837   868 24869 I [CT]    : MIXEDREALITY: ServiceLogic: Frame types for computation: HEADSET, rendering: HEADSET.
02-08 22:47:00.843  1029  3224 W ActivityManager: Unable to start service Intent { cmp=com.oculus.presence/.service.PresenceService } U=0: not found
02-08 22:47:00.844 18403 18403 D PresenceAPK(PresenceClient): setEventListener id=AnchoredHomeGroup
02-08 22:47:00.844 18403 18403 I PresenceAPK(GroupManager): addListener for id AnchoredHomeGroup
02-08 22:47:00.844 18403 18403 V [SUI] AnytimeUIAndroidPanelApp: Setting notifs badge
02-08 22:47:00.844 18403 18403 V [SUI] BarView: Subscribing to notifications badge live data
02-08 22:47:00.844 18403 18403 V [SUI] BarView: Notifs badge count: 0, Messenger badge count 0
02-08 22:47:00.844 18403 18403 D [SUI] PanelAppBase: Acquiring viewModel StatusViewModel refCount: 2
02-08 22:47:00.844 18403 18403 D [SUI] AirlinkUtils: Initializing AirlinkUtils...
02-08 22:47:00.849 18403 18403 D [SUI] AirlinkUtils: Initializing wifi status BroadcastReceiver
02-08 22:47:00.862  3166  3195 D RPCServer [RUNTIMEIPC]: ConnectClient: Client: com.oculus.systemux:com.oculus.systemux:SystemUX:18403, Server: com.oculus.presence:com.oculus.presence (PubSubServer)
02-08 22:47:00.862   883  9961 W TrackingService: attachClient: found client in attached list
02-08 22:47:00.863  3166  3195 I IPCSharedMemory_Internal [RUNTIMEIPC]: CreateSharedMemory: Allocated shared memory fd 102 (ipcStateReadWrite)
02-08 22:47:00.863 21033 21115 E OsSdk   : error getting shared memory region, memory type: HeadTracker, failed with Status(-1, EX_SECURITY): 'requested shared memory region when not registered/focused'
02-08 22:47:00.864  3166  3195 I IPCSharedMemory_Internal [RUNTIMEIPC]: CreateSharedMemory: Allocated shared memory fd 103 (ipcReadOnlyState)
02-08 22:47:00.864  3166  3195 I RPCClientHandler [RUNTIMEIPC]: Event buffer size (server): 8192
02-08 22:47:00.865  3166  3195 I IPCSharedMemory_Internal [RUNTIMEIPC]: CreateSharedMemory: Allocated shared memory fd 106 (ipcEventBuffer)
02-08 22:47:00.866  3166  3195 I IPCSharedMemory_Internal [RUNTIMEIPC]: CreateSharedMemory: Allocated shared memory fd 107 (ipcEventBuffer_Private)
02-08 22:47:00.866  3166  3195 W RPCServer [RUNTIMEIPC]: HandleClientConnect: Failed to register client event subscription: Client: com.oculus.systemux:com.oculus.systemux:SystemUX:18403, Server: com.oculus.presence:com.oculus.presence (PubSubServer)
02-08 22:47:00.879 18403 18403 D OsSdk   : XrspBroker: setALEnabled 0
02-08 22:47:00.879 18403 18403 I [SUI] XrspBrokerHelper: Set AirLink Enabled Secured: 0
02-08 22:47:00.879 18403 18403 I PanelService: BEGIN: nativeInitializePanelInstance - Configure and set up thread polling.
02-08 22:47:00.879 18403 18403 I PanelService: BEGIN: Call hosted app's Configure method.
02-08 22:47:00.879 18403 18403 I PanelService: END: Call hosted app's Configure method.
02-08 22:47:00.879 18403 18403 I PanelService: END: nativeInitializePanelInstance - Add fd 36 to looper with error code 1
02-08 22:47:00.879 18403 18403 D PanelAppClient: END: Initializing panel application via MSG_CREATE_PANEL_APP.
02-08 22:47:00.879   917 18318 D xrspd   : setALEnabled 0
02-08 22:47:00.879   917 18318 D xrspd   : setAlinkEnabledCallback disabled, already using usb, ignoring
02-08 22:47:00.881 18403 18403 I [SUI] AnytimeUIAndroidPanelApp: Bar visibility changed to true
02-08 22:47:00.881 18403 18403 D [SUI] BarView: initialize Bar Toast Notification
02-08 22:47:00.887  3797  4689 I [SEO] PanelRenderLayer: ResetSurface #main 0 x 0 - shape:0 stereo:0
02-08 22:47:00.906   883   883 W TrackingService: attachClient: found client in attached list
02-08 22:47:00.907 21033 21115 E OsSdk   : error getting shared memory region, memory type: HeadTracker, failed with Status(-1, EX_SECURITY): 'requested shared memory region when not registered/focused'
02-08 22:47:00.907   883   883 W TrackingService: attachClient: found client in attached list
02-08 22:47:00.908 21033 21115 E OsSdk   : error getting shared memory region, memory type: AnchorTracker, failed with Status(-1, EX_SECURITY): 'requested shared memory region when not registered/focused'
02-08 22:47:00.927 18403 26010 D NotificationsBadgeLiveData: MessageBadgeData, pullAndCheckNotifs, old data source notif count: 0, oc chats count: 0, messenger count: 0
02-08 22:47:00.947   883  9961 W TrackingService: attachClient: found client in attached list
02-08 22:47:00.949 21033 21115 E OsSdk   : error getting shared memory region, memory type: HeadTracker, failed with Status(-1, EX_SECURITY): 'requested shared memory region when not registered/focused'
02-08 22:47:00.966 21033 21088 D xrstreaming: receive ping: org 0 recv 0 xmt 44896730993200 (received at 21536420189436), offset divergence -685283
02-08 22:47:00.992   883  5113 W TrackingService: attachClient: found client in attached list
02-08 22:47:00.993 21033 21115 E OsSdk   : error getting shared memory region, memory type: HeadTracker, failed with Status(-1, EX_SECURITY): 'requested shared memory region when not registered/focused'
02-08 22:47:00.994  3166  3195 I RuntimeIPCServerMgr [RUNTIMEIPC]: HandleClientConnect SUCCESS: Client: com.oculus.systemux:com.oculus.systemux:SystemUX:18403, Server: com.oculus.presence:com.oculus.presence (PubSubServer)
02-08 22:47:00.995  3166  3195 I RPCServer [RUNTIMEIPC]: GetServerStatesConfig -> {MaxBufferSize=32768, MaxEntries=64}
02-08 22:47:00.995 18403 26004 I RuntimeIPCClient [RUNTIMEIPC]: GetServerStatesConfig returned maxEntries=64, maxBuffSize=32768
02-08 22:47:00.996 18403 26004 I RuntimeIPCClient [RUNTIMEIPC]: Event buffer size (client): 8192
02-08 22:47:00.996 18403 26004 I RuntimeIPCClient [RUNTIMEIPC]: TryToGetIPCResourcesFromServer: RPC_CONNECTOR_CONNECT_TO_SERVER SUCCESS: Client: com.oculus.systemux:com.oculus.systemux:SystemUX:18403, Server: com.oculus.presence:com.oculus.presence (PubSubServer)
02-08 22:47:00.996 18403 26004 I RuntimeIPCClient [RUNTIMEIPC]: EnsureServerConnection: SUCCESS. Client: com.oculus.systemux:com.oculus.systemux:SystemUX:18403, Server: com.oculus.presence:com.oculus.presence (PubSubServer)
02-08 22:47:00.996 18403 26004 I RuntimeIPCClient [RUNTIMEIPC]: ConnectToServer: SUCCESS: Client: com.oculus.systemux:com.oculus.systemux:SystemUX:18403, Server: com.oculus.presence:com.oculus.presence (PubSubServer)
02-08 22:47:01.007  4614 25935 I VrApi   : FPS=89/90,Prd=27ms,Tear=0,Early=0,Stale=0,Stale2/5/10/max=0/0/0/0,VSnc=0,Lat=-1,Fov=0,CPU4/GPU=2/3,2419/490MHz,OC=FF,TA=0/70/0,SP=N/F/N,Mem=2092MHz,Free=2280MB,PLS=0,Temp=31.0C/0.0C,TW=1.20ms,App=5.34ms,GD=0.16ms,CPU&GPU=7.79ms,LCnt=2(DR90,LM2),GPU%=0.61,CPU%=0.23(W0.26),DSF=1.00,CFL=14.56/19.80
02-08 22:47:01.008  2801  2906 I WM-WorkerWrapper: Worker result SUCCESS for Work [ id=615fa85c-aa10-48c8-a3ca-8cf7c779de60, tags={ com.oculus.identitymanagement.service.workers.MVanScreenTimeUploadWorker } ]
02-08 22:47:01.010  4614  4627 W oculus.shellen: Reducing the number of considered missed Gc histogram windows from 103 to 100
02-08 22:47:01.011  1029  1718 E TaskPersister: File error accessing recents directory (directory doesn't exist?).
02-08 22:47:01.019 21033 21102 I xrstreaming: AudioPlayer: NetworkMetrics: [0.029,29.181]9.868
02-08 22:47:01.033 22160 22243 W DeviceConfigUtil: Try to get config param "oculus_presence_service:party_service_in_presence_service" before Device Config has subscribed to the service.
02-08 22:47:01.034  2801 25996 D MVanScreenTimeUploadWorker: uploaded 62 seconds screentime for com.oculus.xrstreamingclient
02-08 22:47:01.038   883   883 W TrackingService: attachClient: found client in attached list
02-08 22:47:01.043 21033 21115 E OsSdk   : error getting shared memory region, memory type: HeadTracker, failed with Status(-1, EX_SECURITY): 'requested shared memory region when not registered/focused'
02-08 22:47:01.061   883 24836 I [CT]    : CONSTELLATION:VISION_STATUS: 729165a0fe4054d7 (R): BlobDetection:[#BlobsDetected=(23.63, 27.58)]Matching:[MatchSuccess=1.000, MatchCost=(0.00191, 0.00000), #MatchedBlobs=(12.36, 5.98), #MatchedLeds=(7.64, 2.99), RematchM=0.000, SkipRefine=0.000] MatchMethod:[Prox=1.000, ConstBrute=0.000, UnconstBrute=0.000] MatchResets[AnomBlobSize=0.000, SharedMatch=0.000, DenseReacq=0.000] | Fusion:[FusionError=0.000, ImuFromCamMs=(13.546, 8.645), RematchF=0.000] FusionUpdates:[Successful=1.000, Reliable=1.000, TightFusion=1.000, FullPose=0.000, StaticPrior=0.000, StaticForHandTrans=0.016, PoseUpdateMD=(0.0000, 0.0000)] FusionResets[6DoFReset=0.000, ResetSuccess=0.000] FusionStatus[HasPosition=1.000, HasVelocity=1.000] 
02-08 22:47:01.064   883 24830 W [CT]    : VEGA:MAP_TRACKING_HM: [Throttled count=24] Map tracking did not run.
02-08 22:47:01.079 18403 18403 I AndroidPanelApp: Processing pending hide layer for layer #main.
02-08 22:47:01.079 18403 18403 I AndroidPanelApp: Processing pending show layer info for layer #main with width 840 and height 110.
02-08 22:47:01.079 18403 18403 I AndroidPanelApp: layerSupersample no changes
02-08 22:47:01.079  3797  4689 I [SEO] PanelAppHost: Setting panel layer visibility of layer "#main" to invisible, panel 51 (com.oculus.systemux/com.oculus.panelapp.anytimeui.AnytimeUIAndroidPanelService)
02-08 22:47:01.079  3797  4689 I [SEO] PanelAppHost: Resize layer #main to size 840 x 110 shape: 1 stereo: 0, panel 51 (com.oculus.systemux/com.oculus.panelapp.anytimeui.AnytimeUIAndroidPanelService)
02-08 22:47:01.079  3797  4689 I [SEO] PanelRenderLayer: ResetSurface #main 840 x 110 - shape:1 stereo:0
02-08 22:47:01.079  3797  3817 W REFLECT [RUNTIMEIPC]: !IsClientValid: MarkerEnd
02-08 22:47:01.079  3797  3817 E QplClient: (com.oculus.vrshell) MarkerEnd failed!
02-08 22:47:01.080 18403 18403 D [SUI] ActivityManagerUtilsHelper: onFocusedWindowChanged: Instance: com.oculus.common.activitymanager.ActivityManagerUtilsHelper@e7a2c43, topWindowUid: 10020, focusedApp: com.oculus.vrshell, previousApp: null
02-08 22:47:01.080 18403 18403 I AndroidPanelApp: Processing next frame action "layerShow" for layer "#main"
02-08 22:47:01.084  1029  1053 I DisplayManagerService: Display device changed state: "com.oculus.android_panel_app.AndroidPanelLayer-#main", ON
02-08 22:47:01.087   883  5113 W TrackingService: attachClient: found client in attached list
02-08 22:47:01.092 21033 21115 E OsSdk   : error getting shared memory region, memory type: HeadTracker, failed with Status(-1, EX_SECURITY): 'requested shared memory region when not registered/focused'
02-08 22:47:01.103  3797  4689 I [SEO] PanelAppAnalytics: First frame latency: 3.260 for id 51 com.oculus.systemux/com.oculus.panelapp.anytimeui.AnytimeUIAndroidPanelService
02-08 22:47:01.103  3797  4689 I [SEO] LayerSwapChainResource: LayerSwapChainResource 840,110 : 3
02-08 22:47:01.103  2024  4686 I VrRuntimeService: CreateSwapChain: 1628767958
02-08 22:47:01.103  2024  4686 I VrRuntimeService: CreateSwapChain: api:vk 0 0x2b 840 110 10 3 1 4 3
02-08 22:47:01.104  2024  4686 W SwapChain_Vulkan_Foveated: CreateTextureSwapChainFoveationVulkan: ShouldCreateFragmentDensityMap: false
02-08 22:47:01.104  2024  4686 W SwapChain_Vulkan_Foveated: ExportTextureResourcesFoveationVulkan: chain->VkInteropFoveation.Device == nullptr
02-08 22:47:01.104  2024  4686 W SwapChain: CreateTextureSwapChainFoveation: export failed
02-08 22:47:01.105  2024  4686 I VrRuntimeServer: CreateTextureSwapChain: result importswapchaingles 1
02-08 22:47:01.106  4614  4770 I SwapChain_Vulkan_Memory_Export: Imported texture has requirements 3, ends up index 0
02-08 22:47:01.107  4614  4770 I chatty  : uid=10014(com.oculus.shellenv) Thread-25 identical 1 line
02-08 22:47:01.107  4614  4770 I SwapChain_Vulkan_Memory_Export: Imported texture has requirements 3, ends up index 0
02-08 22:47:01.107  4614  4770 W VrRuntimeClient: CreateTextureSwapChain: Failed to import foveation swapchain
02-08 22:47:01.108  2024  4686 I VrRuntimeService: UpdateSwapChainSamplerState: 594
02-08 22:47:01.108  2024  4686 I VrRuntimeService: UpdateSwapChainSamplerState: minFilter=1 magFilter=1 wrapModeS=3 warpModeT=3 maxAniso=1.000000 border={0.000000,0.000000,0.000000,0.000000} swizzle={0,1,2,3}
02-08 22:47:01.115   883 24830 W [CT]    : VIPER: Frame Tracking [0.037373907 [sec]s] exceeded camera sampling time [0.033333333 [sec]s].
02-08 22:47:01.115   883 24830 I [CT]    : VIPER: Mode=SuperVega,Status=6DoF,TRACKING,Inl=28,Mem=62.6,Jit=0.1mm,Issues(Cam/min=0.0,IMU/min=0.0),Exp=(14.0ms,g=15.0,I=41,Ir=199.4)(14.0ms,g=15.0,I=85,Ir=407.5)(14.0ms,g=15.0,I=90,Ir=432.5)(9.6ms,g=12.0,I=80,Ir=695.5)
02-08 22:47:01.115   883 24830 W [CT]    : VIPER: Images too dark, Environment trending to dark, 
02-08 22:47:01.133  2024 24843 I CompositorProgs: loaded binary layerProgram 0:0x100000048003:0x0 in 1.0 ms
02-08 22:47:01.136   883   883 W TrackingService: attachClient: found client in attached list
02-08 22:47:01.138 21033 21115 E OsSdk   : error getting shared memory region, memory type: HeadTracker, failed with Status(-1, EX_SECURITY): 'requested shared memory region when not registered/focused'
02-08 22:47:01.142 18403 26004 D HyperspaceClientJni: initHyperspacePresenceServiceClient finished
02-08 22:47:01.142 18403 26004 D HyperspaceClientJni: initInternal - finish
02-08 22:47:01.143 18403 26004 I HyperspaceClient: Service connection changed: true
02-08 22:47:01.143 18403 26004 D HyperspaceClientJni: initHyperspacePresenceServiceClientCallsInfoChangedCallback
02-08 22:47:01.144  3166  9686 I RPCServer [RUNTIMEIPC]: GetServerStatesConfig -> {MaxBufferSize=32768, MaxEntries=64}
02-08 22:47:01.144 18403 26004 I RuntimeIPCClient [RUNTIMEIPC]: GetServerStatesConfig returned maxEntries=64, maxBuffSize=32768
02-08 22:47:01.144 18403 26004 I RuntimeIPCClient [RUNTIMEIPC]: InitServerStateBuffer: SUCCESS. 2, Client: com.oculus.systemux:com.oculus.systemux:SystemUX:18403, Server: com.oculus.presence:com.oculus.presence (PubSubServer)
02-08 22:47:01.147   883 24606 I [CT]    : CONSTELLATION: R: Detected static IMU, no button event and has tracked position => Applying constant controller pose.
02-08 22:47:01.151  1029  5258 E WindowManager: App trying to use insecure INPUT_FEATURE_NO_INPUT_CHANNEL flag. Ignoring
02-08 22:47:01.153 18403 18403 D [SUI] AnytimeUIAndroidPanelApp: Received appStatus from VrShell: []
02-08 22:47:01.176   883   883 W TrackingService: attachClient: found client in attached list
02-08 22:47:01.183 21033 21115 E OsSdk   : error getting shared memory region, memory type: HeadTracker, failed with Status(-1, EX_SECURITY): 'requested shared memory region when not registered/focused'
02-08 22:47:01.183   883  9961 W TrackingService: attachClient: found client in attached list
02-08 22:47:01.186 21033 21115 E OsSdk   : error getting shared memory region, memory type: AnchorTracker, failed with Status(-1, EX_SECURITY): 'requested shared memory region when not registered/focused'
02-08 22:47:01.230  2801 25998 D MVanScreenTimeUploadWorker: uploaded 89 seconds screentime for com.oculus.xrstreamingclient
02-08 22:47:01.231   883   883 W TrackingService: attachClient: found client in attached list
02-08 22:47:01.232 21033 21115 E OsSdk   : error getting shared memory region, memory type: HeadTracker, failed with Status(-1, EX_SECURITY): 'requested shared memory region when not registered/focused'
02-08 22:47:01.234  2801 26000 D MVanScreenTimeUploadWorker: uploaded 16 seconds screentime for com.oculus.xrstreamingclient
02-08 22:47:01.245 18403 26010 W OVRLibrary: null cursor received for query content://com.oculus.ocms.library/apps/com.oculus.shellenv
02-08 22:47:01.264 18403 18403 W OVRLibrary: null cursor received for query content://com.oculus.ocms.library/apps/com.YourCompany.TemplateProject3
02-08 22:47:01.276   883  9961 W TrackingService: attachClient: found client in attached list
02-08 22:47:01.278 21033 21115 E OsSdk   : error getting shared memory region, memory type: HeadTracker, failed with Status(-1, EX_SECURITY): 'requested shared memory region when not registered/focused'
02-08 22:47:01.310  1804  1804 D OculusNotificationListenerService: Notification posted: 0|com.oculus.presence|50001|null|10070
02-08 22:47:01.323 21033 21115 E OsSdk   : error getting shared memory region, memory type: HeadTracker, failed with Status(-1, EX_SECURITY): 'requested shared memory region when not registered/focused'
02-08 22:47:01.332  3835  3835 D VrNotificationAnalytics: logNotificationPosted: key(0|com.oculus.presence|50001|null|10070), type(first_party_unspecified), isToast(false)
02-08 22:47:01.342   883 24606 I [CT]    : CONSTELLATION: L: Detected static IMU, no button event and has tracked position => Applying constant controller pose.
02-08 22:47:01.349  2801 25999 D MVanScreenTimeUploadWorker: uploaded 1 seconds screentime for com.oculus.xrstreamingclient
02-08 22:47:01.351  3835  3835 I [OAO] VrNotificationListenerService: onNotificationPosted() - key = 0|com.oculus.presence|50001|null|10070, type = first_party_unspecified, isToast = false, isBlocked with reason = true Blocked by does not contain all markers for a toast notification
02-08 22:47:01.357   883 24830 W [CT]    : TIMESTAMPCHECKER: Nominal rate wrong. Estimated data rate: 25, Nominal is 30.000300003000028
02-08 22:47:01.367   883  9961 I chatty  : uid=1000(system) Binder:883_5 identical 2 lines
02-08 22:47:01.368 21033 21115 E OsSdk   : error getting shared memory region, memory type: HeadTracker, failed with Status(-1, EX_SECURITY): 'requested shared memory region when not registered/focused'
02-08 22:47:01.377  2543  2563 I com.oculus.ocm: Background young concurrent copying GC freed 24000(2991KB) AllocSpace objects, 24(480KB) LOS objects, 45% free, 4192KB/7723KB, paused 872us total 216.037ms
02-08 22:47:01.385 18403 18403 W OVRLibrary: null cursor received for query content://com.oculus.ocms.library/apps/com.oculus.xrstreamingclient
02-08 22:47:01.386  1804  1804 D OculusNotificationListenerService: Notification posted: 0|com.oculus.presence|50001|null|10070
02-08 22:47:01.396  3835  3835 D VrNotificationAnalytics: logNotificationPosted: key(0|com.oculus.presence|50001|null|10070), type(first_party_unspecified), isToast(false)
02-08 22:47:01.406  3835  3835 I [OAO] VrNotificationListenerService: onNotificationPosted() - key = 0|com.oculus.presence|50001|null|10070, type = first_party_unspecified, isToast = false, isBlocked with reason = true Blocked by does not contain all markers for a toast notification
02-08 22:47:01.408   883  9961 W TrackingService: attachClient: found client in attached list
02-08 22:47:01.408  2801 25997 D MVanScreenTimeUploadWorker: uploaded 2 seconds screentime for com.oculus.xrstreamingclient
02-08 22:47:01.409 21033 21115 E OsSdk   : error getting shared memory region, memory type: HeadTracker, failed with Status(-1, EX_SECURITY): 'requested shared memory region when not registered/focused'
02-08 22:47:01.431  2801 26009 D MVanScreenTimeUploadWorker: uploaded 261 seconds screentime for com.YourCompany.TemplateProject3
02-08 22:47:01.434  2024 24843 I CompositorProgs: loaded binary layerProgram 0:0x100000048001:0x0 in 0.8 ms
02-08 22:47:01.441 18403 18403 W OVRLibrary: null cursor received for query content://com.oculus.ocms.library/apps/quick_settings_app
02-08 22:47:01.448   883   883 W TrackingService: attachClient: found client in attached list
02-08 22:47:01.455 21033 21115 E OsSdk   : error getting shared memory region, memory type: HeadTracker, failed with Status(-1, EX_SECURITY): 'requested shared memory region when not registered/focused'
02-08 22:47:01.468 21033 21115 E OsSdk   : error getting shared memory region, memory type: AnchorTracker, failed with Status(-1, EX_SECURITY): 'requested shared memory region when not registered/focused'
02-08 22:47:01.472  4614 26028 D CCodec  : allocate(c2.android.vorbis.decoder)
02-08 22:47:01.473   860  9684 V C2Store : in init
02-08 22:47:01.473   860  9684 V C2Store : loading dll
02-08 22:47:01.483  4614 26028 I CCodec  : Created component [c2.android.vorbis.decoder]
02-08 22:47:01.484  4614 26028 D CCodecConfig: read media type: audio/vorbis
02-08 22:47:01.487   883 24830 I [CT]    : boltlib: DSP utilization: 8.51 % (425 / 5001 ms)
02-08 22:47:01.489  4614 26028 D ReflectedParamUpdater: extent() != 1 for single value type: algo.buffers.max-count.values
02-08 22:47:01.489  4614 26028 D ReflectedParamUpdater: extent() != 1 for single value type: output.subscribed-indices.values
02-08 22:47:01.489  4614 26028 D ReflectedParamUpdater: extent() != 1 for single value type: input.buffers.allocator-ids.values
02-08 22:47:01.495  4614 26028 D ReflectedParamUpdater: extent() != 1 for single value type: output.buffers.allocator-ids.values
02-08 22:47:01.497  4614 26028 D ReflectedParamUpdater: extent() != 1 for single value type: algo.buffers.allocator-ids.values
02-08 22:47:01.497  4614 26028 D ReflectedParamUpdater: extent() != 1 for single value type: output.buffers.pool-ids.values
02-08 22:47:01.498  4614 26028 D ReflectedParamUpdater: extent() != 1 for single value type: algo.buffers.pool-ids.values
02-08 22:47:01.501  4614 26028 I CCodecConfig: query failed after returning 7 values (BAD_INDEX)
02-08 22:47:01.501  4614 26028 D CCodecConfig: c2 config diff is Dict {
02-08 22:47:01.501  4614 26028 D CCodecConfig:   c2::u32 coded.bitrate.value = 64000
02-08 22:47:01.501  4614 26028 D CCodecConfig:   c2::u32 input.buffers.max-size.value = 32768
02-08 22:47:01.501  4614 26028 D CCodecConfig:   c2::u32 input.delay.value = 0
02-08 22:47:01.501  4614 26028 D CCodecConfig:   string input.media-type.value = "audio/vorbis"
02-08 22:47:01.501  4614 26028 D CCodecConfig:   string output.media-type.value = "audio/raw"
02-08 22:47:01.501  4614 26028 D CCodecConfig:   c2::u32 raw.channel-count.value = 1
02-08 22:47:01.501  4614 26028 D CCodecConfig:   c2::u32 raw.sample-rate.value = 48000
02-08 22:47:01.501  4614 26028 D CCodecConfig: }
02-08 22:47:01.501  4614 26028 D CCodecConfig: no c2 equivalents for durationUs
02-08 22:47:01.501  4614 26028 D CCodecConfig: no c2 equivalents for csd-1
02-08 22:47:01.501  4614 26028 D CCodecConfig: no c2 equivalents for track-id
02-08 22:47:01.501  4614 26028 D CCodecConfig: no c2 equivalents for channel-mask
02-08 22:47:01.505 18403 18403 W OVRLibrary: null cursor received for query content://com.oculus.ocms.library/apps/notifications_system_app
02-08 22:47:01.508  4614 26028 D CCodecConfig: c2 config diff is   c2::u32 raw.channel-count.value = 2
02-08 22:47:01.508  4614 26028 D CCodecConfig:   c2::u32 raw.sample-rate.value = 44100
02-08 22:47:01.508  4614 26028 W Codec2Client: query -- param skipped: index = 1107298332.
02-08 22:47:01.508  4614 26028 D CCodec  : setup formats input: AMessage(what = 0x00000000) = {
02-08 22:47:01.508  4614 26028 D CCodec  :   int32_t channel-count = 2
02-08 22:47:01.508  4614 26028 D CCodec  :   int32_t max-input-size = 32768
02-08 22:47:01.508  4614 26028 D CCodec  :   string mime = "audio/vorbis"
02-08 22:47:01.508  4614 26028 D CCodec  :   int32_t sample-rate = 44100
02-08 22:47:01.508  4614 26028 D CCodec  : } and output: AMessage(what = 0x00000000) = {
02-08 22:47:01.508  4614 26028 D CCodec  :   int32_t channel-count = 2
02-08 22:47:01.508  4614 26028 D CCodec  :   string mime = "audio/raw"
02-08 22:47:01.508  4614 26028 D CCodec  :   int32_t sample-rate = 44100
02-08 22:47:01.508  4614 26028 D CCodec  :   int32_t channel-mask = 3
02-08 22:47:01.508  4614 26028 D CCodec  : }
02-08 22:47:01.514   883   883 I chatty  : uid=1000(system) /system/bin/trackingservice identical 2 lines
02-08 22:47:01.515   860  9684 V C2Store : in ~ComponentModule
02-08 22:47:01.515   860  9684 V C2Store : unloading dll
02-08 22:47:01.519 21033 21115 E OsSdk   : error getting shared memory region, memory type: HeadTracker, failed with Status(-1, EX_SECURITY): 'requested shared memory region when not registered/focused'
02-08 22:47:01.552 18403 18403 W OVRLibrary: null cursor received for query content://com.oculus.ocms.library/apps/profile_system_app
02-08 22:47:01.563   883   883 W TrackingService: attachClient: found client in attached list
02-08 22:47:01.565 21033 21115 E OsSdk   : error getting shared memory region, memory type: HeadTracker, failed with Status(-1, EX_SECURITY): 'requested shared memory region when not registered/focused'
02-08 22:47:01.607   883  9961 W TrackingService: attachClient: found client in attached list
02-08 22:47:01.609 18403 18403 W OVRLibrary: null cursor received for query content://com.oculus.ocms.library/apps/com.oculus.os.vrusb
02-08 22:47:01.609 21033 21115 E OsSdk   : error getting shared memory region, memory type: HeadTracker, failed with Status(-1, EX_SECURITY): 'requested shared memory region when not registered/focused'
02-08 22:47:01.647 21033 21115 E OsSdk   : error getting shared memory region, memory type: HeadTracker, failed with Status(-1, EX_SECURITY): 'requested shared memory region when not registered/focused'
02-08 22:47:01.667 18403 18403 W OVRLibrary: null cursor received for query content://com.oculus.ocms.library/apps/com.YourCompany.PrototypeV4
02-08 22:47:01.688 22160 22243 W DeviceConfigUtil: Try to get config param "oculus_presence_service:party_service_in_presence_service" before Device Config has subscribed to the service.
02-08 22:47:01.702 21033 21115 E OsSdk   : error getting shared memory region, memory type: HeadTracker, failed with Status(-1, EX_SECURITY): 'requested shared memory region when not registered/focused'
02-08 22:47:01.712 18403 18403 W OVRLibrary: null cursor received for query content://com.oculus.ocms.library/apps/com.YourCompany.PrototypeV6
02-08 22:47:01.712 18403 18403 I PresenceAPK(ServiceApiManager): onServiceConnected componentName=ComponentInfo{com.oculus.presence/com.oculus.presence.services.presence.PresenceService}
02-08 22:47:01.713 18403 18403 I PresenceAPK(ServiceApiManager): setting apiStatusListener
02-08 22:47:01.714 18403 18403 D [SUI] SystemUXBroadcastReceiver: action: com.oculus.systemactivities.CAPTURE_STATE_UPDATE
02-08 22:47:01.714 18403 18403 I [SUI] SystemUXBroadcastReceiver: handleCaptureStateUpdate: captureToDisk false, captureEnabled false, isCapturingAbuseReport false, abuseRecordingUUID null
02-08 22:47:01.714 18403 18403 D [SUI] SystemUXBroadcastReceiver: action: com.oculus.systemactivities.LOCAL_STREAM_STATE_UPDATE
02-08 22:47:01.714 18403 18403 I Choreographer: Skipped 169 frames!  The application may be doing too much work on its main thread.
02-08 22:47:01.714 18403 18427 I PresenceAPK(ServiceApiManager): onApiReady
02-08 22:47:01.732 18403 18469 I OpenGLRenderer: Davey! duration=1430ms; Flags=1, IntendedVsync=21535756098289, Vsync=21537164431566, OldestInputEvent=9223372036854775807, NewestInputEvent=0, HandleInputStart=21537168377248, AnimationStart=21537168389540, PerformTraversalsStart=21537168460946, DrawStart=21537183332925, SyncQueued=21537183991259, SyncStart=21537184107300, IssueDrawCommandsStart=21537184181519, SwapBuffers=21537185742665, FrameCompleted=21537186280738, DequeueBufferDuration=296000, QueueBufferDuration=252000, 
02-08 22:47:01.747   883  9961 I chatty  : uid=1000(system) Binder:883_5 identical 3 lines
02-08 22:47:01.751 21033 21115 E OsSdk   : error getting shared memory region, memory type: HeadTracker, failed with Status(-1, EX_SECURITY): 'requested shared memory region when not registered/focused'
02-08 22:47:01.751 18403 18403 I PresenceAPK(ServiceApiManager): onServiceConnected componentName=ComponentInfo{com.oculus.presence/com.oculus.presence.services.presence.PresenceService}
02-08 22:47:01.753 18403 18403 I PresenceAPK(ServiceApiManager): setting apiStatusListener
02-08 22:47:01.753   883  9961 W TrackingService: attachClient: found client in attached list
02-08 22:47:01.753 18403 18543 I PresenceAPK(ServiceApiManager): onApiReady
02-08 22:47:01.753 18403 18439 W REFLECT [RUNTIMEIPC]: !IsClientValid: MarkerPoint
02-08 22:47:01.753 18403 18439 E QplClient: (com.oculus.systemux) MarkerPoint failed!
02-08 22:47:01.753 18403 18439 W REFLECT [RUNTIMEIPC]: !IsClientValid: MarkerEnd
02-08 22:47:01.753 18403 18439 E QplClient: (com.oculus.systemux) MarkerEnd failed!
02-08 22:47:01.753 18403 18403 D [SUI] SettingsService: onCreate
02-08 22:47:01.755   544   544 I hwservicemanager: getTransport: Cannot find entry vendor.oculus.hardware.backlight@1.0::IBacklight/default in either framework or device manifest.
02-08 22:47:01.755 21033 21115 E OsSdk   : error getting shared memory region, memory type: AnchorTracker, failed with Status(-1, EX_SECURITY): 'requested shared memory region when not registered/focused'
02-08 22:47:01.755 18403 18403 D BacklightManager: Backlight Service not available
02-08 22:47:01.760   544   544 I hwservicemanager: getTransport: Cannot find entry vendor.oculus.hardware.backlight@1.0::IBacklight/default in either framework or device manifest.
02-08 22:47:01.760 18403 18403 D BacklightManager: Backlight Service not available
02-08 22:47:01.763 18403 18403 I [SUI] ConsumerConfiguration: Setting SystemUX Configuration and Policy Settings.
02-08 22:47:01.763 18403 18403 D [SUI] SettingsService: mIsPrimaryUser = true
02-08 22:47:01.768 18403 18403 I [SUI] ConsumerConfiguration: Setting SystemUX Configuration and Policy Settings.
02-08 22:47:01.774 18403 18403 D OculusUserManager: isMultiUserEnabled? UserManager: true
02-08 22:47:01.774 18403 18403 D [SUI] MultiUserManagerHelper: Is Multiuser Enabled SystemUXConfig is MultiUser Enabled: true, OculusManager is MultiUser Enabled: true
02-08 22:47:01.774 18403 18403 D OculusUserManager: isMultiUserEnabled? UserManager: true
02-08 22:47:01.790   757 24804 E FrameSetDispatcher: [HEADSET] Client pid=883 (IOT): Failed to read from receive FMQ for 6 packets in 5000ms.
02-08 22:47:01.790   757 24804 E FrameSetDispatcher: This probably means this client is taking more than 33 ms to process the frame.
02-08 22:47:01.790   757 24804 E FrameSetDispatcher: Retrying.
02-08 22:47:01.797   883  9961 W TrackingService: attachClient: found client in attached list
02-08 22:47:01.798 21033 21115 E OsSdk   : error getting shared memory region, memory type: HeadTracker, failed with Status(-1, EX_SECURITY): 'requested shared memory region when not registered/focused'
02-08 22:47:01.830 18403 18403 I [SUI] ConsumerConfiguration: Setting SystemUX Configuration and Policy Settings.
02-08 22:47:01.830 18403 18403 D [SUI] SettingsSectionUtil: Should Show Voice Commands Section SystemUXConfig is Voice Command UI Enabled: false
02-08 22:47:01.838   883   883 W TrackingService: attachClient: found client in attached list
02-08 22:47:01.839   883 24830 I [CT]    : VIPER: Environment brightness changed from 2 to 0
02-08 22:47:01.840 21033 21115 E OsSdk   : error getting shared memory region, memory type: HeadTracker, failed with Status(-1, EX_SECURITY): 'requested shared memory region when not registered/focused'
02-08 22:47:01.840 18403 18403 D [SUI] SettingsService: appIdentity = com.oculus.systemux, is valid caller app
02-08 22:47:01.843 18403 18543 I PresenceAPK(ServicePresenceClient): calling onServiceUp
02-08 22:47:01.845 18403 18427 I PresenceAPK(ServicePresenceClient): calling onServiceUp
02-08 22:47:01.870 18403 18403 D HyperspaceClient: onCallsInfoChanged: []
02-08 22:47:01.871  3089  3150 I GuardianSystem: [GuardianSystem::CheckEnvironmentStatus] Environment Status changed: 98 to 97
02-08 22:47:01.884   883   883 W TrackingService: attachClient: found client in attached list
02-08 22:47:01.885 21033 21115 E OsSdk   : error getting shared memory region, memory type: HeadTracker, failed with Status(-1, EX_SECURITY): 'requested shared memory region when not registered/focused'
02-08 22:47:01.892  3797  4689 I [SEO] PanelAppHost: Setting panel layer visibility of layer "#main" to visible, panel 51 (com.oculus.systemux/com.oculus.panelapp.anytimeui.AnytimeUIAndroidPanelService)
02-08 22:47:01.898 18403 18403 D [SUI] NotificationBroadcastReceiver: action: com.oculus.intent.action.NOTIF_CHANGE
02-08 22:47:01.898 18403 18403 E BackgroundThreadExecutor: Refusing to execute task because BackgroundThreadExecutor instance is destroyed: com.oculus.panelapp.notifications.-$$Lambda$NotificationManagerSourceHandler$PiDEGlJLcRjCYGHTwVSmFVNVYTQ@a94d9d8
02-08 22:47:01.898 18403 18403 D [SUI] NotificationBroadcastReceiver: action: com.oculus.intent.action.NOTIF_CHANGE
02-08 22:47:01.898 18403 18403 E BackgroundThreadExecutor: Refusing to execute task because BackgroundThreadExecutor instance is destroyed: com.oculus.panelapp.notifications.-$$Lambda$NotificationManagerSourceHandler$PiDEGlJLcRjCYGHTwVSmFVNVYTQ@a56016
02-08 22:47:01.898 18403 18403 W [SUI] AsyncQueryHandlerBase: Callback reference is null
02-08 22:47:01.911   883 24830 W [CT]    : VIPER: Frame Tracking [0.033347083 [sec]s] exceeded camera sampling time [0.033333333 [sec]s].
