02-20 18:18:41.575  3514  3514 I [SEO] PanelAppConnection: verifyFirstPartyUID(Debug Signatures=false, uid=10026) => apkSignatureResult=SigCertInfo(isTrusted=true, packageNames=[com.oculus.systemux], fingerprint sha1=98a1809f3c3e79170e5df8135b500ecfa39df1be, fingerprint sha256=012f8165c191efe8fb0d6d4606aa4abac14d77d1d97d5340860c9f81045aa157, signature=308205cf308203b7a0030201020204097e91c1300d06092a864886f70d01010b0500308197310b3009060355040613025553311330110603550408130a43616c69666f726e6961311330110603550407130a4d656e6c6f205061726b31233021060355040a131a46616365626f6f6b20546563686e6f6c6f676965732c204c4c4331233021060355040b131a46616365626f6f6b20546563686e6f6c6f676965732c204c4c43311430120603550403130b4f63756c75732041707073301e170d3139303730343131333935315a170d3436313131393131333935315a308197310b3009060355040613025553311330110603550408130a43616c69666f726e6961311330110603550407130a4d656e6c6f205061726b31233021060355040a131a46616365626f6f6b20546563686e6f6c6f676965732c204c4c4331233021060355040b131a46616365626f6f6b20546563686e6f6c6f676965732c204c4c43311430120603550403130b4f63756c7573204170707330820222300d06092a864886f70d01010105000382020f003082020a0282020100b815642a5c201c8da044905dafbb06c05fddb75449cc75a716a0434da0493a52a4d60643532c237e76cb41d2c32a5e4474f12b37f632a809b5a5ceb8c6289ecf828e736b4ec452b1c2757bd0b5ed13eff5a7a47ab2ef6cdf60a8d749e9e8603f30d12b5db8f734c57578a2a4ce5ff5737c1f02c629d2dcb4f82726674663a699de94463ff370fa9eb48158831bf0b68bd6ec84293182d52e860bdd81bb9ce9cdd6a77fea0df25004da34d3cce7a31069646aa4628fba9ccb0952163793be9a4edf49a53f83179c2f44d8c87d6c129e8d590af0f3fced26201ee43b31fccd93b497cd198c5cd1f98d64c4f7ad79ca47278c02652d5dc072a99807e22f473f7bae4da2bafcae48cd49ad55a764b8d39f329f6175eac9074307deff48b1c4a6e19b748766617768c31a17feae8478eb7f9ebfb61af2b9f5a692b636342d7ebc53d7146626b51801b5a0a102e281475decdefb8683d0ca2843dc7aaeb6759bcab0dcba38db44f5d7f797a1c9c02dd159c0e3c72b14dc882d31c24ad8abee4ce0f7f0205e05efef551e2551a61e96636ed5dfd7435d3d24f5a130a12f10452cc954aa770d5d95e3e0cb9d7b05c5506a7947f8ff3437b3d82274fdaa156d85bfb7fbcb4fa5557080fedab86520b71d3d533e7bb3e7e3ebe9712b68e755d700b0afbf7595ffa80a6b3d90bfe599769138ee6515df415e32c0abed2b8e4aea1f47351f490203010001a321301f301d0603551d0e04160414a3c939e6b71c43bc9193f773c0351be1aff311f9300d06092a864886f70d01010b050003820201004e4c865231f2a3583c6af9488ecf9aa96b1ee84e2d7bfad00581537dc70c54ecfcf360e563d018efa4cdd77bf6fc4c9f1a20ebd4215cf1538686d4089bdcc8adb6ae4497ead14b0c18efd52ce93357019973e94e16b3326c60885b1bdc5f9cad1098f16732935876d8d19bda3ceeaaa69a83c4e2231710c6735f88abdfffe3dfa2be3f18f894923441b4e4a9c9664ed6294c16d7c073547063bfdbbefad184a001f1dce2feffdc96d10eb16a3bfbcd382cd297ca3b4edb7ebacd1a9931a1368a5157ceaebbca5b39bd5db5461a340db8ec076d38a94bcdd042bfb51388158ba97a49b631c1762fa746c7bb36eaf15cae23fa993cfb052e824f2ae173ea27b50a6cca91eb955f4faf131514757e5a3ecae9df6d23771279b7742f28fb9ce394eb9e03926f550716f1312355a5efdc479d8347b516cff55cb14307c81280142cacf2fd6562a2baacbfc97869272b1c51abf79121de8bab227e001313d4115eb9b33a332ebb34e290f14b5352ef1038f7a5f3740c9d1136b3526de4331deb4fa529c36a17c04c3e64d4f6ebda73d6e6e18281e3948fd11e685eab6611be1bc62839bce5962715e7f6537e6c083bcd3538d17407b26c850cd6b3f5e2149fdef027a6cfb7ed0f93c928aca14927b10c6a3f104ba1b10413af8b1868b84a004e5ddd065fff26a7bb3c818bb5a2d69aedf9441ef9033efae3ef52282a96f66d4b4ff3f2)
02-20 18:18:41.575  1754  1780 I FocusedClientsListener: focus: onVrFocusChanged(focusType=1): 5
02-20 18:18:41.575  1754  1780 I FocusedClientsListener: focus: pid=3456
02-20 18:18:41.575  1754  1780 I FocusedClientsListener: focus: pid=2134
02-20 18:18:41.575  1754  1780 I FocusedClientsListener: focus: pid=3514
02-20 18:18:41.575  1754  1780 I FocusedClientsListener: focus: pid=3089
02-20 18:18:41.575  1754  1780 I FocusedClientsListener: focus: pid=2980
02-20 18:18:41.575  1754 26573 I FocusedClientsListener: focus: onVrFocusChanged(focusType=2): 1
02-20 18:18:41.575  1754 26573 I FocusedClientsListener: focus: pid=3456
02-20 18:18:41.575  1754  1778 I FocusedClientsListener: focus: onVrFocusChanged(focusType=0): 5
02-20 18:18:41.575  1754  1778 I FocusedClientsListener: focus: pid=3456
02-20 18:18:41.575  1754  1778 I FocusedClientsListener: focus: pid=2134
02-20 18:18:41.575  1754  1778 I FocusedClientsListener: focus: pid=3514
02-20 18:18:41.575  1754  1778 I FocusedClientsListener: focus: pid=3089
02-20 18:18:41.575  1754  1778 I FocusedClientsListener: focus: pid=2980
02-20 18:18:41.577 26436 26541 I chatty  : uid=10026(com.oculus.systemux) Binder:26436_5 expire 1 line
02-20 18:18:41.583  1909  2567 I OVRMediaService: onStartCommand Received message type: com.oculus.horizon.GET_CAPTURE_STATE_ACTION, caller package: no_app_identity, app identify: null
02-20 18:18:41.593  1909  2567 I FileCapture: broadcast capture state to AUI running = false, with mode -1
02-20 18:18:41.595  3514  3514 D [SEO] ShellControlBroadcastReceiver: onReceive with MainActivity native pointer 3952962992, action com.oculus.systemactivities.CAPTURE_STATE_UPDATE
02-20 18:18:41.595  3514  3514 D [SEO] ShellControlBroadcastReceiver: isLaunchAction = false, isTrustedAppLaunch = false
02-20 18:18:41.595  3514  3514 D [SEO] ShellControlBroadcastReceiver: IsCaptureStateUpdateAction
02-20 18:18:41.596 26436  9421 I chatty  : uid=10026 com.oculus.systemux:SystemUX expire 24 lines
02-20 18:18:41.596  2134  2134 D DeviceHelper: isScreenOn = true
02-20 18:18:41.596   853  1427 V C2Store : in init
02-20 18:18:41.596   853  1427 V C2Store : loading dll
02-20 18:18:41.597  2134  2134 D [OAO] ShellOverlayBroadcastReceiver: onReceive with ShellOverlayService native pointer 3952627072, action com.oculus.systemactivities.CAPTURE_STATE_UPDATE
02-20 18:18:41.604  1909  2567 I OVRMediaServiceManager: Metacam is enabled.
02-20 18:18:41.608  3456  9425 D CCodec  : allocate(c2.android.vorbis.decoder)
02-20 18:18:41.611   853  3968 V C2Store : in init
02-20 18:18:41.611   853  3968 V C2Store : loading dll
02-20 18:18:41.617  3456  9425 I CCodec  : Created component [c2.android.vorbis.decoder]
02-20 18:18:41.617  3456  9425 D CCodecConfig: read media type: audio/vorbis
02-20 18:18:41.618  3456  9425 D ReflectedParamUpdater: extent() != 1 for single value type: algo.buffers.max-count.values
02-20 18:18:41.619  3456  9425 D ReflectedParamUpdater: extent() != 1 for single value type: output.subscribed-indices.values
02-20 18:18:41.619  3456  9425 D ReflectedParamUpdater: extent() != 1 for single value type: input.buffers.allocator-ids.values
02-20 18:18:41.619  3456  9425 D ReflectedParamUpdater: extent() != 1 for single value type: output.buffers.allocator-ids.values
02-20 18:18:41.619  3456  9425 D ReflectedParamUpdater: extent() != 1 for single value type: algo.buffers.allocator-ids.values
02-20 18:18:41.619  3456  9425 D ReflectedParamUpdater: extent() != 1 for single value type: output.buffers.pool-ids.values
02-20 18:18:41.619  3456  9425 D ReflectedParamUpdater: extent() != 1 for single value type: algo.buffers.pool-ids.values
02-20 18:18:41.620   853  9422 D SimpleC2Component: Using output block pool with poolID 138 => got 138 - 0
02-20 18:18:41.621  3456  9425 I CCodecConfig: query failed after returning 7 values (BAD_INDEX)
02-20 18:18:41.621  3456  9425 D CCodecConfig: c2 config diff is Dict {
02-20 18:18:41.621  3456  9425 D CCodecConfig:   c2::u32 coded.bitrate.value = 64000
02-20 18:18:41.621  3456  9425 D CCodecConfig:   c2::u32 input.buffers.max-size.value = 32768
02-20 18:18:41.621  3456  9425 D CCodecConfig:   c2::u32 input.delay.value = 0
02-20 18:18:41.621  3456  9425 D CCodecConfig:   string input.media-type.value = "audio/vorbis"
02-20 18:18:41.621  3456  9425 D CCodecConfig:   string output.media-type.value = "audio/raw"
02-20 18:18:41.621  3456  9425 D CCodecConfig:   c2::u32 raw.channel-count.value = 1
02-20 18:18:41.621  3456  9425 D CCodecConfig:   c2::u32 raw.sample-rate.value = 48000
02-20 18:18:41.621  3456  9425 D CCodecConfig: }
02-20 18:18:41.621  3456  9425 D CCodecConfig: no c2 equivalents for durationUs
02-20 18:18:41.621  3456  9425 D CCodecConfig: no c2 equivalents for csd-1
02-20 18:18:41.621  3456  9425 D CCodecConfig: no c2 equivalents for track-id
02-20 18:18:41.621  3456  9425 D CCodecConfig: no c2 equivalents for channel-mask
02-20 18:18:41.621   819  9669 D MediaBufferGroup: creating MemoryDealer
02-20 18:18:41.622  3456  9425 D CCodecConfig: c2 config diff is   c2::u32 raw.channel-count.value = 2
02-20 18:18:41.622  3456  9425 D CCodecConfig:   c2::u32 raw.sample-rate.value = 44100
02-20 18:18:41.622  3456  9425 W Codec2Client: query -- param skipped: index = 1107298332.
02-20 18:18:41.622  3456  9425 D CCodec  : setup formats input: AMessage(what = 0x00000000) = {
02-20 18:18:41.622  3456  9425 D CCodec  :   int32_t channel-count = 2
02-20 18:18:41.622  3456  9425 D CCodec  :   int32_t max-input-size = 32768
02-20 18:18:41.622  3456  9425 D CCodec  :   string mime = "audio/vorbis"
02-20 18:18:41.622  3456  9425 D CCodec  :   int32_t sample-rate = 44100
02-20 18:18:41.622  3456  9425 D CCodec  : } and output: AMessage(what = 0x00000000) = {
02-20 18:18:41.622  3456  9425 D CCodec  :   int32_t channel-count = 2
02-20 18:18:41.622  3456  9425 D CCodec  :   string mime = "audio/raw"
02-20 18:18:41.622  3456  9425 D CCodec  :   int32_t sample-rate = 44100
02-20 18:18:41.622  3456  9425 D CCodec  :   int32_t channel-mask = 3
02-20 18:18:41.622  3456  9425 D CCodec  : }
02-20 18:18:41.626   853  1427 V C2Store : in ~ComponentModule
02-20 18:18:41.626   853  1427 V C2Store : unloading dll
02-20 18:18:41.630   853  3968 D BufferPoolAccessor: Destruction - bufferpool2 0x348e71ec30 cached: 0/0M, 0/0% in use; allocs: 0, 0% recycled; transfers: 0, 0% unfetced
02-20 18:18:41.630   853  3968 V C2Store : in ~ComponentModule
02-20 18:18:41.630   853  3968 V C2Store : unloading dll
02-20 18:18:41.651  3456  9432 D CCodec  : allocate(c2.android.vorbis.decoder)
02-20 18:18:41.651   853  3968 V C2Store : in init
02-20 18:18:41.651   853  3968 V C2Store : loading dll
02-20 18:18:41.656  3456  9432 I CCodec  : Created component [c2.android.vorbis.decoder]
02-20 18:18:41.656  3456  9432 D CCodecConfig: read media type: audio/vorbis
02-20 18:18:41.658  3456  9432 D ReflectedParamUpdater: extent() != 1 for single value type: algo.buffers.max-count.values
02-20 18:18:41.659  3456  9432 D ReflectedParamUpdater: extent() != 1 for single value type: output.subscribed-indices.values
02-20 18:18:41.659  3456  9432 D ReflectedParamUpdater: extent() != 1 for single value type: input.buffers.allocator-ids.values
02-20 18:18:41.659  3456  9432 D ReflectedParamUpdater: extent() != 1 for single value type: output.buffers.allocator-ids.values
02-20 18:18:41.659  3456  9432 D ReflectedParamUpdater: extent() != 1 for single value type: algo.buffers.allocator-ids.values
02-20 18:18:41.659  3456  9432 D ReflectedParamUpdater: extent() != 1 for single value type: output.buffers.pool-ids.values
02-20 18:18:41.659  3456  9432 D ReflectedParamUpdater: extent() != 1 for single value type: algo.buffers.pool-ids.values
02-20 18:18:41.660 25993  9401 E PartyNativeModuleManager: Calling getCurrentPartyId but native code wasn't initialized. Noop.
02-20 18:18:41.662  3456  9432 I CCodecConfig: query failed after returning 7 values (BAD_INDEX)
02-20 18:18:41.662  3456  9432 D CCodecConfig: c2 config diff is Dict {
02-20 18:18:41.662  3456  9432 D CCodecConfig:   c2::u32 coded.bitrate.value = 64000
02-20 18:18:41.662  3456  9432 D CCodecConfig:   c2::u32 input.buffers.max-size.value = 32768
02-20 18:18:41.662  3456  9432 D CCodecConfig:   c2::u32 input.delay.value = 0
02-20 18:18:41.662  3456  9432 D CCodecConfig:   string input.media-type.value = "audio/vorbis"
02-20 18:18:41.662  3456  9432 D CCodecConfig:   string output.media-type.value = "audio/raw"
02-20 18:18:41.662  3456  9432 D CCodecConfig:   c2::u32 raw.channel-count.value = 1
02-20 18:18:41.662  3456  9432 D CCodecConfig:   c2::u32 raw.sample-rate.value = 48000
02-20 18:18:41.662  3456  9432 D CCodecConfig: }
02-20 18:18:41.662  3456  9432 D CCodecConfig: no c2 equivalents for durationUs
02-20 18:18:41.662  3456  9432 D CCodecConfig: no c2 equivalents for csd-1
02-20 18:18:41.662  3456  9432 D CCodecConfig: no c2 equivalents for track-id
02-20 18:18:41.662  3456  9432 D CCodecConfig: no c2 equivalents for channel-mask
02-20 18:18:41.662 25993  9401 W PartyNativeModuleManager: Calling nativeTearDown but native code wasn't initialized. Noop.
02-20 18:18:41.662  3456  9432 D CCodecConfig: c2 config diff is   c2::u32 raw.channel-count.value = 2
02-20 18:18:41.662  3456  9432 D CCodecConfig:   c2::u32 raw.sample-rate.value = 44100
02-20 18:18:41.663  3456  9432 W Codec2Client: query -- param skipped: index = 1107298332.
02-20 18:18:41.663  3456  9432 D CCodec  : setup formats input: AMessage(what = 0x00000000) = {
02-20 18:18:41.663  3456  9432 D CCodec  :   int32_t channel-count = 2
02-20 18:18:41.663  3456  9432 D CCodec  :   int32_t max-input-size = 32768
02-20 18:18:41.663  3456  9432 D CCodec  :   string mime = "audio/vorbis"
02-20 18:18:41.663  3456  9432 D CCodec  :   int32_t sample-rate = 44100
02-20 18:18:41.663  3456  9432 D CCodec  : } and output: AMessage(what = 0x00000000) = {
02-20 18:18:41.663  3456  9432 D CCodec  :   int32_t channel-count = 2
02-20 18:18:41.663  3456  9432 D CCodec  :   string mime = "audio/raw"
02-20 18:18:41.663  3456  9432 D CCodec  :   int32_t sample-rate = 44100
02-20 18:18:41.663  3456  9432 D CCodec  :   int32_t channel-mask = 3
02-20 18:18:41.663  3456  9432 D CCodec  : }
02-20 18:18:41.667  3456  9432 W Codec2Client: query -- param skipped: index = 1342179345.
02-20 18:18:41.667  3456  9432 W Codec2Client: query -- param skipped: index = 2415921170.
02-20 18:18:41.668  3456  9432 D CCodecBufferChannel: [c2.android.vorbis.decoder#184] Created input block pool with allocatorID 16 => poolID 80 - OK (0)
02-20 18:18:41.668  3456  9432 I CCodecBufferChannel: [c2.android.vorbis.decoder#184] Created output block pool with allocatorID 16 => poolID 139 - OK
02-20 18:18:41.669  3456  9432 D CCodecBufferChannel: [c2.android.vorbis.decoder#184] Configured output block pool ids 139 => OK
02-20 18:18:41.670   853  9433 D SimpleC2Component: Using output block pool with poolID 139 => got 139 - 0
02-20 18:18:41.712   853  1427 V C2Store : in ~ComponentModule
02-20 18:18:41.712   853  1427 V C2Store : unloading dll
02-20 18:18:41.750  1057  1073 I DisplayManagerService: Display device added: DisplayDeviceInfo{"com.oculus.android_panel_app.AndroidPanelLayer-#main": uniqueId="virtual:com.oculus.systemux,10026,com.oculus.android_panel_app.AndroidPanelLayer-#main,0", 840 x 1250, modeId 192, defaultModeId 192, supportedModes [{id=192, width=840, height=1250, fps=60.0}], colorMode 0, supportedColorModes [0], HdrCapabilities null, density 200, 200.0 x 200.0 dpi, appVsyncOff 0, presDeadline 16666666, touch NONE, rotation 0, type VIRTUAL, state OFF, owner com.oculus.systemux (uid 10026), FLAG_PRIVATE, FLAG_NEVER_BLANK, FLAG_OWN_CONTENT_ONLY}
02-20 18:18:41.762  1057  1079 W InputReader: Device has associated, but no associated display id.
02-20 18:18:41.766  1057  1081 W InputReader: Device has associated, but no associated display id.
02-20 18:18:41.766  1057  1081 I ActivityTaskManager: Override config changes=20005df8 {0.0 ?mcc?mnc ?localeList ?layoutDir sw672dp w672dp h1000dp 200dpi lrg port ?uimode ?night -touch qwerty/v/v -nav/h winConfig={ mBounds=Rect(0, 0 - 840, 1250) mAppBounds=Rect(0, 0 - 840, 1250) mWindowingMode=fullscreen mDisplayWindowingMode=fullscreen mActivityType=undefined mAlwaysOnTop=undefined mRotation=ROTATION_0}} for displayId=131
02-20 18:18:41.772 26436  9435 I chatty  : uid=10026(com.oculus.systemux) HyperspaceClien expire 25 lines
02-20 18:18:41.774  1057  3187 W ActivityManager: Unable to start service Intent { cmp=com.oculus.presence/.service.PresenceService } U=0: not found
02-20 18:18:41.774  2324  2347 D RPCServer [RUNTIMEIPC]: ConnectClient: Client: com.oculus.systemux:com.oculus.systemux:SystemUX:26436, Server: com.oculus.presence:com.oculus.presence (PresenceServer)
02-20 18:18:41.775  2324  2347 I IPCSharedMemory_Internal [RUNTIMEIPC]: CreateSharedMemory: Allocated shared memory fd 109 (ipcStateReadWrite)
02-20 18:18:41.776  2324  2347 I IPCSharedMemory_Internal [RUNTIMEIPC]: CreateSharedMemory: Allocated shared memory fd 111 (ipcReadOnlyState)
02-20 18:18:41.776  2324  2347 I RPCClientHandler [RUNTIMEIPC]: Event buffer size (server): 8192
02-20 18:18:41.776  2324  2347 I IPCSharedMemory_Internal [RUNTIMEIPC]: CreateSharedMemory: Allocated shared memory fd 112 (ipcEventBuffer)
02-20 18:18:41.776 26436 26436 I chatty  : uid=10026 com.oculus.systemux:SystemUX expire 215 lines
02-20 18:18:41.776  2324  2347 I IPCSharedMemory_Internal [RUNTIMEIPC]: CreateSharedMemory: Allocated shared memory fd 117 (ipcEventBuffer_Private)
02-20 18:18:41.776  2324  2347 W RPCServer [RUNTIMEIPC]: HandleClientConnect: Failed to register client event subscription: Client: com.oculus.systemux:com.oculus.systemux:SystemUX:26436, Server: com.oculus.presence:com.oculus.presence (PresenceServer)
02-20 18:18:41.777  2324  2347 I RuntimeIPCServerMgr [RUNTIMEIPC]: HandleClientConnect SUCCESS: Client: com.oculus.systemux:com.oculus.systemux:SystemUX:26436, Server: com.oculus.presence:com.oculus.presence (PresenceServer)
02-20 18:18:41.778  2324  2347 I RPCServer [RUNTIMEIPC]: GetServerStatesConfig -> {MaxBufferSize=32768, MaxEntries=64}
02-20 18:18:41.782  1057  6010 W ActivityManager: Unable to start service Intent { cmp=com.oculus.presence/.service.PresenceService } U=0: not found
02-20 18:18:41.782  1591  1591 D OculusNotificationListenerService: Notification posted: 0|com.oculus.presence|50001|null|10070
02-20 18:18:41.783  2324  2347 D RPCServer [RUNTIMEIPC]: ConnectClient: Client: com.oculus.systemux:com.oculus.systemux:SystemUX:26436, Server: com.oculus.presence:com.oculus.presence (PubSubServer)
02-20 18:18:41.784  2324  2347 I IPCSharedMemory_Internal [RUNTIMEIPC]: CreateSharedMemory: Allocated shared memory fd 119 (ipcStateReadWrite)
02-20 18:18:41.784  2324  2347 I IPCSharedMemory_Internal [RUNTIMEIPC]: CreateSharedMemory: Allocated shared memory fd 120 (ipcReadOnlyState)
02-20 18:18:41.784  2324  2347 I RPCClientHandler [RUNTIMEIPC]: Event buffer size (server): 8192
02-20 18:18:41.785  2324  2347 I IPCSharedMemory_Internal [RUNTIMEIPC]: CreateSharedMemory: Allocated shared memory fd 123 (ipcEventBuffer)
02-20 18:18:41.785  2324  2347 I IPCSharedMemory_Internal [RUNTIMEIPC]: CreateSharedMemory: Allocated shared memory fd 124 (ipcEventBuffer_Private)
02-20 18:18:41.785  2324  2347 W RPCServer [RUNTIMEIPC]: HandleClientConnect: Failed to register client event subscription: Client: com.oculus.systemux:com.oculus.systemux:SystemUX:26436, Server: com.oculus.presence:com.oculus.presence (PubSubServer)
02-20 18:18:41.785  2324  2347 I RuntimeIPCServerMgr [RUNTIMEIPC]: HandleClientConnect SUCCESS: Client: com.oculus.systemux:com.oculus.systemux:SystemUX:26436, Server: com.oculus.presence:com.oculus.presence (PubSubServer)
02-20 18:18:41.786  2324  2347 I RPCServer [RUNTIMEIPC]: GetServerStatesConfig -> {MaxBufferSize=32768, MaxEntries=64}
02-20 18:18:41.786  2134  2134 D VrNotificationAnalytics: logNotificationPosted: key(0|com.oculus.presence|50001|null|10070), type(first_party_unspecified), isToast(false)
02-20 18:18:41.788  2134  2134 I [OAO] VrNotificationListenerService: onNotificationPosted() - key = 0|com.oculus.presence|50001|null|10070, type = first_party_unspecified, isToast = false, isBlocked with reason = true Blocked by does not contain all markers for a toast notification
02-20 18:18:41.789  1057  3187 I DisplayManagerService: Display device removed: DisplayDeviceInfo{"com.oculus.android_panel_app.AndroidPanelLayer-#main": uniqueId="virtual:com.oculus.systemux,10026,com.oculus.android_panel_app.AndroidPanelLayer-#main,0", 840 x 1250, modeId 192, defaultModeId 192, supportedModes [{id=192, width=840, height=1250, fps=60.0}], colorMode 0, supportedColorModes [0], HdrCapabilities null, density 200, 200.0 x 200.0 dpi, appVsyncOff 0, presDeadline 16666666, touch NONE, rotation 0, type VIRTUAL, state OFF, owner com.oculus.systemux (uid 10026), FLAG_PRIVATE, FLAG_NEVER_BLANK, FLAG_OWN_CONTENT_ONLY}
02-20 18:18:41.792  1057  3187 I DisplayManagerService: Display device added: DisplayDeviceInfo{"com.oculus.android_panel_app.AndroidPanelLayer-#main": uniqueId="virtual:com.oculus.systemux,10026,com.oculus.android_panel_app.AndroidPanelLayer-#main,0", 840 x 110, modeId 193, defaultModeId 193, supportedModes [{id=193, width=840, height=110, fps=60.0}], colorMode 0, supportedColorModes [0], HdrCapabilities null, density 200, 200.0 x 200.0 dpi, appVsyncOff 0, presDeadline 16666666, touch NONE, rotation 0, type VIRTUAL, state OFF, owner com.oculus.systemux (uid 10026), FLAG_PRIVATE, FLAG_NEVER_BLANK, FLAG_OWN_CONTENT_ONLY}
02-20 18:18:41.802  1591  1591 D OculusNotificationListenerService: Notification posted: 0|com.oculus.presence|50001|null|10070
02-20 18:18:41.810  1057  1079 W InputReader: Device has associated, but no associated display id.
02-20 18:18:41.816  1057  1081 W InputReader: Device has associated, but no associated display id.
02-20 18:18:41.816  1057  1081 I ActivityTaskManager: Override config changes=20005df8 {0.0 ?mcc?mnc ?localeList ?layoutDir sw88dp w672dp h88dp 200dpi nrml long land ?uimode ?night -touch qwerty/v/v -nav/h winConfig={ mBounds=Rect(0, 0 - 840, 110) mAppBounds=Rect(0, 0 - 840, 110) mWindowingMode=fullscreen mDisplayWindowingMode=fullscreen mActivityType=undefined mAlwaysOnTop=undefined mRotation=ROTATION_0}} for displayId=132
02-20 18:18:41.819 26436  9440 I chatty  : uid=10026(com.oculus.systemux) pool-10-thread- expire 4 lines
02-20 18:18:41.821  2134  2134 D VrNotificationAnalytics: logNotificationPosted: key(0|com.oculus.presence|50001|null|10070), type(first_party_unspecified), isToast(false)
02-20 18:18:41.822  2134  2134 I [OAO] VrNotificationListenerService: onNotificationPosted() - key = 0|com.oculus.presence|50001|null|10070, type = first_party_unspecified, isToast = false, isBlocked with reason = true Blocked by does not contain all markers for a toast notification
02-20 18:18:41.824   927  9667 D xrspd   : setALEnabled 0
02-20 18:18:41.824   927  9667 D xrspd   : setAlinkEnabledCallback disabled, already using usb, ignoring
02-20 18:18:41.834  3514  3730 I [SEO] PanelRenderLayer: ResetSurface #main 0 x 0 - shape:0 stereo:0
02-20 18:18:41.853  1057  1081 I DisplayManagerService: Display device changed state: "com.oculus.android_panel_app.AndroidPanelLayer-#main", ON
02-20 18:18:41.856  3514  3730 I [SEO] PanelAppHost: Setting panel layer visibility of layer "#main" to invisible, panel 47 (com.oculus.systemux/com.oculus.panelapp.anytimeui.AnytimeUIAndroidPanelService)
02-20 18:18:41.856  3514  3730 I [SEO] PanelAppHost: Resize layer #main to size 840 x 110 shape: 1 stereo: 0, panel 47 (com.oculus.systemux/com.oculus.panelapp.anytimeui.AnytimeUIAndroidPanelService)
02-20 18:18:41.856  3514  3730 I [SEO] PanelRenderLayer: ResetSurface #main 840 x 110 - shape:1 stereo:0
02-20 18:18:41.856  1057  8230 E WindowManager: App trying to use insecure INPUT_FEATURE_NO_INPUT_CHANNEL flag. Ignoring
02-20 18:18:41.860 26436 26541 I chatty  : uid=10026(com.oculus.systemux) Binder:26436_5 expire 4 lines
02-20 18:18:41.868  3514  3730 I [SEO] PanelAppAnalytics: First frame latency: 0.573 for id 47 com.oculus.systemux/com.oculus.panelapp.anytimeui.AnytimeUIAndroidPanelService
02-20 18:18:41.868  3514  3730 I [SEO] LayerSwapChainResource: LayerSwapChainResource 840,110 : 3
02-20 18:18:41.868  1754  3577 I VrRuntimeService: CreateSwapChain: 3875877241
02-20 18:18:41.868  1754  3577 I VrRuntimeService: CreateSwapChain: api:vk 0 0x2b 840 110 10 3 1 4 3
02-20 18:18:41.869  1754  3577 W SwapChain_Vulkan_Foveated: CreateTextureSwapChainFoveationVulkan: ShouldCreateFragmentDensityMap: false
02-20 18:18:41.869  1754  3577 W SwapChain_Vulkan_Foveated: ExportTextureResourcesFoveationVulkan: chain->VkInteropFoveation.Device == nullptr
02-20 18:18:41.869  1754  3577 W SwapChain: CreateTextureSwapChainFoveation: export failed
02-20 18:18:41.869  1754  3577 I VrRuntimeServer: CreateTextureSwapChain: result importswapchaingles 1
02-20 18:18:41.870  3456  3784 I SwapChain_Vulkan_Memory_Export: Imported texture has requirements 3, ends up index 0
02-20 18:18:41.870  3456  3784 I chatty  : uid=10014(com.oculus.shellenv) Thread-32 identical 1 line
02-20 18:18:41.871  3456  3784 I SwapChain_Vulkan_Memory_Export: Imported texture has requirements 3, ends up index 0
02-20 18:18:41.871  3456  3784 W VrRuntimeClient: CreateTextureSwapChain: Failed to import foveation swapchain
02-20 18:18:41.872  1754  3577 I VrRuntimeService: UpdateSwapChainSamplerState: 333
02-20 18:18:41.873  1754  3577 I VrRuntimeService: UpdateSwapChainSamplerState: minFilter=1 magFilter=1 wrapModeS=3 warpModeT=3 maxAniso=1.000000 border={0.000000,0.000000,0.000000,0.000000} swizzle={0,1,2,3}
02-20 18:18:41.875 26436  9389 I chatty  : uid=10026(com.oculus.systemux) Binder:26436_7 expire 4 lines
02-20 18:18:41.883   545   545 I hwservicemanager: getTransport: Cannot find entry vendor.oculus.hardware.backlight@1.0::IBacklight/default in either framework or device manifest.
02-20 18:18:41.887  1754  7080 I CompositorProgs: loaded binary layerProgram 0:0x100000048001:0x0 in 0.8 ms
02-20 18:18:41.890   545   545 I hwservicemanager: getTransport: Cannot find entry vendor.oculus.hardware.backlight@1.0::IBacklight/default in either framework or device manifest.
02-20 18:18:41.892  2324  2949 I RPCServer [RUNTIMEIPC]: GetServerStatesConfig -> {MaxBufferSize=32768, MaxEntries=64}
02-20 18:18:41.942 26436 26452 I chatty  : uid=10026(com.oculus.systemux) Binder:26436_1 expire 2 lines
02-20 18:18:41.942 26436  7274 I chatty  : uid=10026(com.oculus.systemux) Binder:26436_6 expire 2 lines
02-20 18:18:41.944  3514  3730 I [SEO] PanelAppHost: Setting panel layer visibility of layer "#main" to visible, panel 47 (com.oculus.systemux/com.oculus.panelapp.anytimeui.AnytimeUIAndroidPanelService)
02-20 18:18:41.953 26436 26436 V [SUI] RawSettingsItem: valueFetcher is empty for id: system_backup_section
02-20 18:18:41.953 26436 26436 V [SUI] RawSettingsItem: valueFetcher is empty for id: keyboard_dictation_federated_learning_enabled_old
02-20 18:18:41.953 26436 26436 V [SUI] RawSettingsItem: visibilityFetcher is empty for id: move_notification
02-20 18:18:41.953 26436 26436 V [SUI] RawSettingsItem: valueFetcher is empty for id: move_notification
02-20 18:18:41.953 26436 26436 V [SUI] RawSettingsItem: valueFetcher is empty for id: unlock_pin
02-20 18:18:41.954 26436 26436 I [SUI] ConsumerConfiguration: Setting SystemUX Configuration and Policy Settings.
02-20 18:18:41.954 26436 26436 V [SUI] RawSettingsItem: valueFetcher is empty for id: video_capture_frame_rate
02-20 18:18:41.954 26436 26436 V [SUI] RawSettingsItem: visibilityFetcher is empty for id: accessibility_vision_section
02-20 18:18:41.954 26436 26436 V [SUI] RawSettingsItem: valueFetcher is empty for id: accessibility_vision_section
02-20 18:18:41.954 26436 26436 V [SUI] RawSettingsItem: visibilityFetcher is empty for id: virtual_workspace_grid_tile
02-20 18:18:41.954 26436 26436 V [SUI] RawSettingsItem: valueFetcher is empty for id: virtual_workspace_grid_tile
02-20 18:18:41.954 26436 26436 V [SUI] RawSettingsItem: valueFetcher is empty for id: accessibility_audio_balance
02-20 18:18:41.954 26436 26436 V [SUI] RawSettingsItem: valueFetcher is empty for id: controllers_controller_calibration
02-20 18:18:41.954 26436 26436 V [SUI] RawSettingsItem: valueFetcher is empty for id: hearing_captions_subsection
02-20 18:18:41.954 26436 26436 V [SUI] RawSettingsItem: visibilityFetcher is empty for id: virtual_workspace_virtual_environment_section
02-20 18:18:41.954 26436 26436 V [SUI] RawSettingsItem: valueFetcher is empty for id: virtual_workspace_virtual_environment_section
02-20 18:18:41.954 26436 26436 V [SUI] RawSettingsItem: valueFetcher is empty for id: capture_advanced_setting
02-20 18:18:41.954 26436 26436 V [SUI] RawSettingsItem: valueFetcher is empty for id: accessibility_text_to_speech_hover_duration
02-20 18:18:41.963 26436 26436 V [SUI] RawSettingsItem: valueFetcher is empty for id: privacy_share_non_essential_telemetry
02-20 18:18:41.963 26436 26436 V [SUI] RawSettingsItem: visibilityFetcher is empty for id: guardian_tracking
02-20 18:18:41.963 26436 26436 V [SUI] RawSettingsItem: valueFetcher is empty for id: guardian_tracking
02-20 18:18:41.963 26436 26436 V [SUI] RawSettingsItem: valueFetcher is empty for id: intrusion_detection_distance
02-20 18:18:41.963 26436 26436 V [SUI] RawSettingsItem: valueFetcher is empty for id: hands_hand_tracking_autotransition
02-20 18:18:41.963 26436 26436 V [SUI] RawSettingsItem: valueFetcher is empty for id: selected_remote_keyboard
02-20 18:18:41.963 26436 26436 V [SUI] RawSettingsItem: visibilityFetcher is empty for id: controller_speed_sensitivity
02-20 18:18:41.963 26436 26436 V [SUI] RawSettingsItem: valueFetcher is empty for id: controller_speed_sensitivity
02-20 18:18:41.963 26436 26436 V [SUI] RawSettingsItem: valueFetcher is empty for id: pattern_unlock_browser_password_autofill
02-20 18:18:41.963 26436 26436 V [SUI] RawSettingsItem: valueFetcher is empty for id: surface_clear
02-20 18:18:41.963 26436 26436 V [SUI] RawSettingsItem: visibilityFetcher is empty for id: bluetooth_pairing
02-20 18:18:41.963 26436 26436 V [SUI] RawSettingsItem: valueFetcher is empty for id: bluetooth_pairing
02-20 18:18:41.963 26436 26436 V [SUI] RawSettingsItem: visibilityFetcher is empty for id: runtime_version
02-20 18:18:41.963 26436 26436 V [SUI] RawSettingsItem: valueFetcher is empty for id: runtime_version
02-20 18:18:41.963 26436 26436 V [SUI] RawSettingsItem: valueFetcher is empty for id: temperature_unit
02-20 18:18:41.963 26436 26436 V [SUI] RawSettingsItem: valueFetcher is empty for id: select_remote_keyboard
02-20 18:18:41.963 26436 26436 V [SUI] RawSettingsItem: valueFetcher is empty for id: pin_reauth_apps_lock
02-20 18:18:41.963 26436 26436 V [SUI] RawSettingsItem: visibilityFetcher is empty for id: about_health_and_safety_video
02-20 18:18:41.963 26436 26436 V [SUI] RawSettingsItem: valueFetcher is empty for id: about_health_and_safety_video
02-20 18:18:41.964 26436 26436 I [SUI] ConsumerConfiguration: Setting SystemUX Configuration and Policy Settings.
02-20 18:18:41.964 26436 26436 V [SUI] RawSettingsItem: valueFetcher is empty for id: video_capture_reset_experimental_to_default
02-20 18:18:41.965 26436 26436 V [SUI] RawSettingsItem: visibilityFetcher is empty for id: devices_mouse_section
02-20 18:18:41.965 26436 26436 V [SUI] RawSettingsItem: valueFetcher is empty for id: devices_mouse_section
02-20 18:18:41.965 26436 26436 V [SUI] RawSettingsItem: valueFetcher is empty for id: controllers_controller_calibration_forward_direction
02-20 18:18:41.965 26436 26436 V [SUI] RawSettingsItem: valueFetcher is empty for id: guardian_double_tap_config
02-20 18:18:41.965 26436 26436 V [SUI] RawSettingsItem: valueFetcher is empty for id: idle_shutdown_time
02-20 18:18:41.965 26436 26436 V [SUI] RawSettingsItem: visibilityFetcher is empty for id: phone_notifications_enabled_all_apps
02-20 18:18:41.965 26436 26436 V [SUI] RawSettingsItem: valueFetcher is empty for id: phone_notifications_enabled_all_apps
02-20 18:18:41.965 26436 26436 V [SUI] RawSettingsItem: visibilityFetcher is empty for id: headset_distance_sensitivity
02-20 18:18:41.965 26436 26436 V [SUI] RawSettingsItem: valueFetcher is empty for id: headset_distance_sensitivity
02-20 18:18:41.965 26436 26436 V [SUI] RawSettingsItem: visibilityFetcher is empty for id: sys_utils_redesign_menu_guardian_adjust_guardian
02-20 18:18:41.965 26436 26436 V [SUI] RawSettingsItem: valueFetcher is empty for id: sys_utils_redesign_menu_guardian_adjust_guardian
02-20 18:18:41.965 26436 26436 V [SUI] RawSettingsItem: visibilityFetcher is empty for id: software_update
02-20 18:18:41.965 26436 26436 V [SUI] RawSettingsItem: valueFetcher is empty for id: software_update
02-20 18:18:41.965 26436 26436 V [SUI] RawSettingsItem: visibilityFetcher is empty for id: auto_wake
02-20 18:18:41.965 26436 26436 V [SUI] RawSettingsItem: valueFetcher is empty for id: auto_wake
02-20 18:18:41.965 26436 26436 V [SUI] RawSettingsItem: visibilityFetcher is empty for id: accessibility_font_size
02-20 18:18:41.965 26436 26436 V [SUI] RawSettingsItem: valueFetcher is empty for id: accessibility_font_size
02-20 18:18:41.967 26436 26436 I [SUI] ConsumerConfiguration: Setting SystemUX Configuration and Policy Settings.
02-20 18:18:41.967 26436 26436 D [SUI] SettingsSectionUtil: Should Show Voice Commands Section SystemUXConfig is Voice Command UI Enabled: false
02-20 18:18:41.967 26436 26436 V [SUI] RawSettingsItem: valueFetcher is empty for id: bounds_pulse_toggle
02-20 18:18:41.967 26436 26436 V [SUI] RawSettingsItem: valueFetcher is empty for id: intrusion_detection_boundary_sensitivity
02-20 18:18:41.967 26436 26436 V [SUI] RawSettingsItem: visibilityFetcher is empty for id: privacy_share_spatial_data
02-20 18:18:41.967 26436 26436 V [SUI] RawSettingsItem: visibilityFetcher is empty for id: devices_keyboard_section
02-20 18:18:41.967 26436 26436 V [SUI] RawSettingsItem: valueFetcher is empty for id: devices_keyboard_section
02-20 18:18:41.968 26436 26436 I [SUI] ConsumerConfiguration: Setting SystemUX Configuration and Policy Settings.
02-20 18:18:41.968 26436 26436 D [SUI] SettingsSectionUtil: Should Show Voice Commands Section SystemUXConfig is Voice Command UI Enabled: false
02-20 18:18:41.968 26436 26436 V [SUI] RawSettingsItem: visibilityFetcher is empty for id: mobility_input_haptics_amplitude
02-20 18:18:41.968 26436 26436 V [SUI] RawSettingsItem: valueFetcher is empty for id: mobility_input_haptics_amplitude
02-20 18:18:41.968 26436 26436 V [SUI] RawSettingsItem: valueFetcher is empty for id: window_color
02-20 18:18:41.968 26436 26436 V [SUI] RawSettingsItem: valueFetcher is empty for id: caption_text_background_color
02-20 18:18:41.968 26436 26436 V [SUI] RawSettingsItem: visibilityFetcher is empty for id: system_about_section
02-20 18:18:41.968 26436 26436 V [SUI] RawSettingsItem: valueFetcher is empty for id: system_about_section
02-20 18:18:41.970 26436 26436 I [SUI] ConsumerConfiguration: Setting SystemUX Configuration and Policy Settings.
02-20 18:18:41.970 26436 26436 D [SUI] SettingsSectionUtil: Should Show Voice Commands Section SystemUXConfig is Voice Command UI Enabled: false
02-20 18:18:41.970 26436 26436 V [SUI] RawSettingsItem: valueFetcher is empty for id: mtp_dialog_toggle
02-20 18:18:41.970 26436 26436 V [SUI] RawSettingsItem: valueFetcher is empty for id: environment_location_selector
02-20 18:18:41.970 26436 26436 V [SUI] RawSettingsItem: visibilityFetcher is empty for id: installed_apps
02-20 18:18:41.970 26436 26436 V [SUI] RawSettingsItem: valueFetcher is empty for id: installed_apps
02-20 18:18:41.970 26436 26436 V [SUI] RawSettingsItem: visibilityFetcher is empty for id: sound_do_not_disturb
02-20 18:18:41.970 26436 26436 V [SUI] RawSettingsItem: valueFetcher is empty for id: voice_transcripts_storage
02-20 18:18:41.970 26436 26436 V [SUI] RawSettingsItem: valueFetcher is empty for id: vrs_rewind_toggle
02-20 18:18:41.970 26436 26436 V [SUI] RawSettingsItem: valueFetcher is empty for id: caption_text_size
02-20 18:18:41.970 26436 26436 V [SUI] RawSettingsItem: visibilityFetcher is empty for id: exp_mouse_swap_primary_btn
02-20 18:18:41.970 26436 26436 V [SUI] RawSettingsItem: valueFetcher is empty for id: exp_mouse_swap_primary_btn
02-20 18:18:41.970 26436 26436 V [SUI] RawSettingsItem: visibilityFetcher is empty for id: quest_link
02-20 18:18:41.970 26436 26436 V [SUI] RawSettingsItem: valueFetcher is empty for id: quest_link
02-20 18:18:41.970 26436 26436 V [SUI] RawSettingsItem: valueFetcher is empty for id: environment_furniture_selector
02-20 18:18:41.970 26436 26436 V [SUI] RawSettingsItem: visibilityFetcher is empty for id: controllers_swap_thumbsticks
02-20 18:18:41.970 26436 26436 V [SUI] RawSettingsItem: valueFetcher is empty for id: controllers_swap_thumbsticks
02-20 18:18:41.970 26436 26436 V [SUI] RawSettingsItem: valueFetcher is empty for id: hands_hand_controller_emulation_user_preference
02-20 18:18:41.970 26436 26436 V [SUI] RawSettingsItem: valueFetcher is empty for id: keyboard_autocorrect
02-20 18:18:41.979 26436 26436 V [SUI] RawSettingsItem: valueFetcher is empty for id: privacy_browser_analytics
02-20 18:18:41.979 26436 26436 V [SUI] RawSettingsItem: visibilityFetcher is empty for id: os_version
02-20 18:18:41.979 26436 26436 V [SUI] RawSettingsItem: valueFetcher is empty for id: os_version
02-20 18:18:41.979 26436 26436 V [SUI] RawSettingsItem: visibilityFetcher is empty for id: tracking_frequency
02-20 18:18:41.979 26436 26436 V [SUI] RawSettingsItem: valueFetcher is empty for id: tracking_frequency
02-20 18:18:41.979 26436 26436 V [SUI] RawSettingsItem: valueFetcher is empty for id: accessibility_text_to_speech_enabled
02-20 18:18:41.979 26436 26436 V [SUI] RawSettingsItem: visibilityFetcher is empty for id: system_display_section
02-20 18:18:41.979 26436 26436 V [SUI] RawSettingsItem: valueFetcher is empty for id: system_display_section
02-20 18:18:41.979 26436 26436 V [SUI] RawSettingsItem: visibilityFetcher is empty for id: pairing_code
02-20 18:18:41.979 26436 26436 V [SUI] RawSettingsItem: valueFetcher is empty for id: pairing_code
02-20 18:18:41.979 26436 26436 V [SUI] RawSettingsItem: visibilityFetcher is empty for id: do_not_disturb
02-20 18:18:41.979 26436 26436 V [SUI] RawSettingsItem: valueFetcher is empty for id: do_not_disturb
02-20 18:18:41.979 26436 26436 V [SUI] RawSettingsItem: visibilityFetcher is empty for id: color_correction
02-20 18:18:41.979 26436 26436 V [SUI] RawSettingsItem: valueFetcher is empty for id: color_correction
02-20 18:18:41.980 26436 26436 I [SUI] ConsumerConfiguration: Setting SystemUX Configuration and Policy Settings.
02-20 18:18:41.980 26436 26436 V [SUI] RawSettingsItem: valueFetcher is empty for id: voice_recordings_storage
02-20 18:18:41.981 26436 26436 I [SUI] ConsumerConfiguration: Setting SystemUX Configuration and Policy Settings.
02-20 18:18:41.981 26436 26436 D OculusUserManager: isMultiUserEnabled? UserManager: true
02-20 18:18:41.981 26436 26436 D [SUI] MultiUserManagerHelper: Is Multiuser Enabled SystemUXConfig is MultiUser Enabled: true, OculusManager is MultiUser Enabled: true
02-20 18:18:41.981 26436 26436 D OculusUserManager: isMultiUserEnabled? UserManager: true
02-20 18:18:41.981 26436 26436 V [SUI] RawSettingsItem: visibilityFetcher is empty for id: user_account
02-20 18:18:41.981 26436 26436 V [SUI] RawSettingsItem: valueFetcher is empty for id: user_account
02-20 18:18:41.981 26436 26436 V [SUI] RawSettingsItem: visibilityFetcher is empty for id: about_mac_address
02-20 18:18:41.981 26436 26436 V [SUI] RawSettingsItem: valueFetcher is empty for id: about_mac_address
02-20 18:18:41.981 26436 26436 V [SUI] RawSettingsItem: valueFetcher is empty for id: controllers_oculus_button_fast_movement
02-20 18:18:41.981 26436 26436 V [SUI] RawSettingsItem: visibilityFetcher is empty for id: select_local_keyboard
02-20 18:18:41.981 26436 26436 V [SUI] RawSettingsItem: valueFetcher is empty for id: select_local_keyboard
02-20 18:18:41.981 26436 26436 V [SUI] RawSettingsItem: valueFetcher is empty for id: security_pin_device_lock_enabled
02-20 18:18:41.982 26436 26436 V [SUI] RawSettingsItem: valueFetcher is empty for id: keyboard_federated_learning_enabled_new
02-20 18:18:41.982 26436 26436 V [SUI] RawSettingsItem: visibilityFetcher is empty for id: hand_tracking_frequency_override
02-20 18:18:41.982 26436 26436 V [SUI] RawSettingsItem: valueFetcher is empty for id: hand_tracking_frequency_override
02-20 18:18:41.982 26436 26436 V [SUI] RawSettingsItem: valueFetcher is empty for id: settings_physical_keyboard
02-20 18:18:41.982 26436 26436 V [SUI] RawSettingsItem: valueFetcher is empty for id: sys_utils_redesign_menu_guardian_room_capture
02-20 18:18:41.983 26436 26436 I [SUI] ConsumerConfiguration: Setting SystemUX Configuration and Policy Settings.
02-20 18:18:41.983 26436 26436 V [SUI] RawSettingsItem: valueFetcher is empty for id: video_capture_bitrate
02-20 18:18:41.983 26436 26436 V [SUI] RawSettingsItem: visibilityFetcher is empty for id: hands_hand_tracking
02-20 18:18:41.983 26436 26436 V [SUI] RawSettingsItem: valueFetcher is empty for id: hands_hand_tracking
02-20 18:18:41.983 26436 26436 I [SUI] ConsumerConfiguration: Setting SystemUX Configuration and Policy Settings.
02-20 18:18:41.983 26436 26436 D [SUI] SettingsSectionUtil: Should Show Voice Commands Section SystemUXConfig is Voice Command UI Enabled: false
02-20 18:18:41.983 26436 26436 V [SUI] RawSettingsItem: valueFetcher is empty for id: couch_creation
02-20 18:18:41.983 26436 26436 V [SUI] RawSettingsItem: visibilityFetcher is empty for id: devices_bluetooth_section
02-20 18:18:41.983 26436 26436 V [SUI] RawSettingsItem: valueFetcher is empty for id: devices_bluetooth_section
02-20 18:18:41.983 26436 26436 V [SUI] RawSettingsItem: visibilityFetcher is empty for id: virtual_workspace_desk_section
02-20 18:18:41.983 26436 26436 V [SUI] RawSettingsItem: valueFetcher is empty for id: virtual_workspace_desk_section
02-20 18:18:41.984 26436 26436 I [SUI] ConsumerConfiguration: Setting SystemUX Configuration and Policy Settings.
02-20 18:18:41.984 26436 26436 D [SUI] SettingsSectionUtil: Should Show Voice Commands Section SystemUXConfig is Voice Command UI Enabled: false
02-20 18:18:41.984 26436 26436 V [SUI] RawSettingsItem: visibilityFetcher is empty for id: system_tips_and_support_section
02-20 18:18:41.984 26436 26436 V [SUI] RawSettingsItem: valueFetcher is empty for id: system_tips_and_support_section
02-20 18:18:41.985 26436 26436 I [SUI] ConsumerConfiguration: Setting SystemUX Configuration and Policy Settings.
02-20 18:18:41.985 26436 26436 D OculusUserManager: isMultiUserEnabled? UserManager: true
02-20 18:18:41.985 26436 26436 D [SUI] MultiUserManagerHelper: Is Multiuser Enabled SystemUXConfig is MultiUser Enabled: true, OculusManager is MultiUser Enabled: true
02-20 18:18:41.985 26436 26436 D OculusUserManager: isMultiUserEnabled? UserManager: true
02-20 18:18:41.985 26436 26436 V [SUI] RawSettingsItem: visibilityFetcher is empty for id: device_account_section
02-20 18:18:41.985 26436 26436 V [SUI] RawSettingsItem: valueFetcher is empty for id: device_account_section
02-20 18:18:41.985 26436 26436 V [SUI] RawSettingsItem: visibilityFetcher is empty for id: night_shift
02-20 18:18:41.985 26436 26436 V [SUI] RawSettingsItem: visibilityFetcher is empty for id: accessibility_grid_tile
02-20 18:18:41.985 26436 26436 V [SUI] RawSettingsItem: valueFetcher is empty for id: accessibility_grid_tile
02-20 18:18:41.985 26436 26436 V [SUI] RawSettingsItem: visibilityFetcher is empty for id: font_size
02-20 18:18:41.985 26436 26436 V [SUI] RawSettingsItem: valueFetcher is empty for id: font_size
02-20 18:18:41.986 26436 26436 I [SUI] ConsumerConfiguration: Setting SystemUX Configuration and Policy Settings.
02-20 18:18:41.986 26436 26436 V [SUI] RawSettingsItem: valueFetcher is empty for id: video_capture_resolution
02-20 18:18:41.987 26436 26436 I [SUI] ConsumerConfiguration: Setting SystemUX Configuration and Policy Settings.
02-20 18:18:41.987 26436 26436 D OculusUserManager: isMultiUserEnabled? UserManager: true
02-20 18:18:41.987 26436 26436 D [SUI] MultiUserManagerHelper: Is Multiuser Enabled SystemUXConfig is MultiUser Enabled: true, OculusManager is MultiUser Enabled: true
02-20 18:18:41.988 26436 26436 D OculusUserManager: isMultiUserEnabled? UserManager: true
02-20 18:18:41.988 26436 26436 V [SUI] RawSettingsItem: valueFetcher is empty for id: library_sharing
02-20 18:18:41.988 26436 26436 V [SUI] RawSettingsItem: valueFetcher is empty for id: accessibility_text_to_speech
02-20 18:18:41.988 26436 26436 V [SUI] RawSettingsItem: visibilityFetcher is empty for id: controller_section
02-20 18:18:41.988 26436 26436 V [SUI] RawSettingsItem: valueFetcher is empty for id: controller_section
02-20 18:18:41.988 26436 26436 V [SUI] RawSettingsItem: visibilityFetcher is empty for id: virtual_workspace_hands_section
02-20 18:18:41.988 26436 26436 V [SUI] RawSettingsItem: valueFetcher is empty for id: virtual_workspace_hands_section
02-20 18:18:41.988 26436 26436 V [SUI] RawSettingsItem: visibilityFetcher is empty for id: personalization_grid_tile
02-20 18:18:41.988 26436 26436 V [SUI] RawSettingsItem: valueFetcher is empty for id: personalization_grid_tile
02-20 18:18:41.988 26436 26436 V [SUI] RawSettingsItem: valueFetcher is empty for id: color+correction_filter
02-20 18:18:41.989 26436 26436 I [SUI] ConsumerConfiguration: Setting SystemUX Configuration and Policy Settings.
02-20 18:18:41.989 26436 26436 D [SUI] SettingsSectionUtil: Should Show Voice Commands Section SystemUXConfig is Voice Command UI Enabled: false
02-20 18:18:41.989 26436 26436 V [SUI] RawSettingsItem: visibilityFetcher is empty for id: bug_report
02-20 18:18:41.989 26436 26436 V [SUI] RawSettingsItem: valueFetcher is empty for id: bug_report
02-20 18:18:41.989 26436 26436 V [SUI] RawSettingsItem: valueFetcher is empty for id: hand_tracking_version_override
02-20 18:18:41.989 26436 26436 I [SUI] ConsumerConfiguration: Setting SystemUX Configuration and Policy Settings.
02-20 18:18:41.989 26436 26436 V [SUI] RawSettingsItem: visibilityFetcher is empty for id: system_capture_section
02-20 18:18:41.989 26436 26436 V [SUI] RawSettingsItem: valueFetcher is empty for id: system_capture_section
02-20 18:18:41.989 26436 26436 V [SUI] RawSettingsItem: visibilityFetcher is empty for id: notifications_grid_tile
02-20 18:18:41.989 26436 26436 V [SUI] RawSettingsItem: valueFetcher is empty for id: notifications_grid_tile
02-20 18:18:41.989 26436 26436 V [SUI] RawSettingsItem: valueFetcher is empty for id: passthrough_on_demand
02-20 18:18:41.989 26436 26436 V [SUI] RawSettingsItem: visibilityFetcher is empty for id: virtual_workspace_keyboard_section
02-20 18:18:41.989 26436 26436 V [SUI] RawSettingsItem: valueFetcher is empty for id: virtual_workspace_keyboard_section
02-20 18:18:41.989 26436 26436 V [SUI] RawSettingsItem: visibilityFetcher is empty for id: personalization_text_section
02-20 18:18:41.989 26436 26436 V [SUI] RawSettingsItem: valueFetcher is empty for id: personalization_text_section
02-20 18:18:41.989 26436 26436 V [SUI] RawSettingsItem: visibilityFetcher is empty for id: guardian_toggle
02-20 18:18:41.989 26436 26436 V [SUI] RawSettingsItem: valueFetcher is empty for id: guardian_toggle
02-20 18:18:41.990 26436 26436 V [SUI] RawSettingsItem: visibilityFetcher is empty for id: apps_permissions_grid_tile
02-20 18:18:41.990 26436 26436 V [SUI] RawSettingsItem: valueFetcher is empty for id: apps_permissions_grid_tile
02-20 18:18:41.990 26436 26436 V [SUI] RawSettingsItem: visibilityFetcher is empty for id: controllers_swap_system_button_handedness
02-20 18:18:41.990 26436 26436 V [SUI] RawSettingsItem: valueFetcher is empty for id: controllers_swap_system_button_handedness
02-20 18:18:41.990 26436 26436 D [SUI] SettingsAssistantJsonBuilder: Registering setting APPS_LOCK with route systemux://settings/security?setting=pattern_reauth_apps_lock
02-20 18:18:41.990 26436 26436 D [SUI] SettingsAssistantJsonBuilder: Skipped existing setting: GLANCEABLE_BOUNDARY
02-20 18:18:41.990 26436 26436 D [SUI] SettingsAssistantJsonBuilder: Registering setting DEVELOPER with route systemux://settings/developer?setting=system_developer_section
02-20 18:18:41.990 26436 26436 D [SUI] SettingsAssistantJsonBuilder: Skipped NULL setting: NULL
02-20 18:18:41.990 26436 26436 D [SUI] SettingsAssistantJsonBuilder: Skipped existing setting: HAND_TRACKING
02-20 18:18:41.990 26436 26436 D [SUI] SettingsAssistantJsonBuilder: Skipped existing setting: VIBRATION_INTENSITY
02-20 18:18:41.990 26436 26436 D [SUI] SettingsAssistantJsonBuilder: Registering setting MOUSE_TRACKING_SPEED with route systemux://settings/bluetooth_mouse?setting=exp_mouse_sensitivity_slider_item
02-20 18:18:41.990 26436 26436 D [SUI] SettingsAssistantJsonBuilder: Skipped existing setting: GUARDIAN
02-20 18:18:41.990 26436 26436 D [SUI] SettingsAssistantJsonBuilder: Registering setting MOBILITY with route systemux://settings/mobility?setting=mobility_section
02-20 18:18:41.990 26436 26436 D [SUI] SettingsAssistantJsonBuilder: Registering setting SOUND with route systemux://settings/sound?setting=system_sound_section
02-20 18:18:41.990 26436 26436 D [SUI] SettingsAssistantJsonBuilder: Skipped NULL setting: NULL
02-20 18:18:41.990 26436 26436 D [SUI] SettingsAssistantJsonBuilder: Registering setting KEYBOARD with route systemux://settings/keyboard?setting=system_keyboard_section
02-20 18:18:41.990 26436 26436 D [SUI] SettingsAssistantJsonBuilder: Skipped existing setting: AUTO_SLEEP
02-20 18:18:41.990 26436 26436 D [SUI] SettingsAssistantJsonBuilder: Skipped existing setting: FLOOR_LEVEL
02-20 18:18:41.990 26436 26436 D [SUI] SettingsAssistantJsonBuilder: Registering setting SECURITY_DEVICE_LOCK with route systemux://settings/security?setting=security_grid_tile
02-20 18:18:41.990 26436 26436 D [SUI] SettingsAssistantJsonBuilder: Registering setting DISPLAY_THEME_SUBSECTION with route systemux://settings/display_theme?setting=personalization_display_theme_section
02-20 18:18:41.990 26436 26436 D [SUI] SettingsAssistantJsonBuilder: Skipped existing setting: GUARDIAN_HISTORY
02-20 18:18:41.990 26436 26436 D [SUI] SettingsAssistantJsonBuilder: Registering setting GUARDIAN_MIXED_REALITY with route systemux://settings/guardian_mixed_reality?setting=guardian_mixed_reality
