03-01 21:03:22.851  3468  7265 W Codec2Client: query -- param skipped: index = 1342179345.
03-01 21:03:22.851  3468  7265 W Codec2Client: query -- param skipped: index = 2415921170.
03-01 21:03:22.852  3468  7265 D CCodecBufferChannel: [c2.android.vorbis.decoder#408] Created input block pool with allocatorID 16 => poolID 73 - OK (0)
03-01 21:03:22.853  4074  4181 E OsSdk   : error getting shared memory region, memory type: HeadTracker, failed with Status(-1, EX_SECURITY): 'requested shared memory region when not registered/focused'
03-01 21:03:22.858  3468  7265 I CCodecBufferChannel: [c2.android.vorbis.decoder#408] Created output block pool with allocatorID 16 => poolID 172 - OK
03-01 21:03:22.858  3468  7265 D CCodecBufferChannel: [c2.android.vorbis.decoder#408] Configured output block pool ids 172 => OK
03-01 21:03:22.862   841  7266 D SimpleC2Component: Using output block pool with poolID 172 => got 172 - 0
03-01 21:03:22.875  3468  7265 D CCodecBufferChannel: [c2.android.vorbis.decoder#408] Discard frames from previous generation.
03-01 21:03:22.875  3468  7265 D CCodecBufferChannel: [c2.android.vorbis.decoder#408] Discard frames from previous generation.
03-01 21:03:22.876  4074  4133 E OsSdk   : error getting shared memory region, memory type: HeadTracker, failed with Status(-1, EX_SECURITY): 'requested shared memory region when not registered/focused'
03-01 21:03:22.876  4074  4133 W [CT]    : SlamAnchorMemoryRuntimeIpcServer: HeadTracker::getState failed
03-01 21:03:22.876  4074  4133 W [CT]    : SlamAnchorMemoryRuntimeIpcServerThread: RigidBodyStates update failure.
03-01 21:03:22.880  3468  7265 D CCodecBufferChannel: [c2.android.vorbis.decoder#408] Discard frames from previous generation.
03-01 21:03:22.885   841 21253 D BufferPoolAccessor: Destruction - bufferpool2 0x33f73c2a30 cached: 0/0M, 0/0% in use; allocs: 0, 0% recycled; transfers: 0, 0% unfetced
03-01 21:03:22.885   841 21253 V C2Store : in ~ComponentModule
03-01 21:03:22.885   841 21253 V C2Store : unloading dll
03-01 21:03:22.896  4074  4181 E OsSdk   : error getting shared memory region, memory type: HeadTracker, failed with Status(-1, EX_SECURITY): 'requested shared memory region when not registered/focused'
03-01 21:03:22.922  4074  4133 E OsSdk   : error getting shared memory region, memory type: HeadTracker, failed with Status(-1, EX_SECURITY): 'requested shared memory region when not registered/focused'
03-01 21:03:22.922  4074  4133 W [CT]    : SlamAnchorMemoryRuntimeIpcServer: HeadTracker::getState failed
03-01 21:03:22.922  4074  4133 W [CT]    : SlamAnchorMemoryRuntimeIpcServerThread: RigidBodyStates update failure.
03-01 21:03:22.923  4074  4133 E OsSdk   : error getting shared memory region, memory type: AnchorTracker, failed with Status(-1, EX_SECURITY): 'requested shared memory region when not registered/focused'
03-01 21:03:22.923  4074  4133 W [CT]    : SlamAnchorMemoryRuntimeIpcServer: getAnchorStates failed
03-01 21:03:22.923  4074  4133 W [CT]    : SlamAnchorMemoryRuntimeIpcServerThread: AnchorStates update failure.
03-01 21:03:22.933  1057  1080 I VrApiLoader: VrApi Loader Version: 1.1.56.0-0-0 Feb 10 2022 05:09:47 
03-01 21:03:22.938  1057  1080 D ApplicationLoaders: Returning zygote-cached class loader: /system/framework/android.hidl.base-V1.0-java.jar
03-01 21:03:22.939  1057  1080 D ApplicationLoaders: Returning zygote-cached class loader: /system/framework/android.hidl.manager-V1.0-java.jar
03-01 21:03:22.939  1057  1080 D ApplicationLoaders: Returning zygote-cached class loader: /system/framework/android.hidl.base-V1.0-java.jar
03-01 21:03:22.942  4074  4181 E OsSdk   : error getting shared memory region, memory type: HeadTracker, failed with Status(-1, EX_SECURITY): 'requested shared memory region when not registered/focused'
03-01 21:03:22.958  1057  1080 I system_server: The ClassLoaderContext is a special shared library.
03-01 21:03:22.964  4074  4133 E OsSdk   : error getting shared memory region, memory type: HeadTracker, failed with Status(-1, EX_SECURITY): 'requested shared memory region when not registered/focused'
03-01 21:03:22.964  4074  4133 W [CT]    : SlamAnchorMemoryRuntimeIpcServer: HeadTracker::getState failed
03-01 21:03:22.964  4074  4133 W [CT]    : SlamAnchorMemoryRuntimeIpcServerThread: RigidBodyStates update failure.
03-01 21:03:22.979  1057  1080 V VrDriver: Loading 64-bit VrDriver.
03-01 21:03:22.988  4074  4181 E OsSdk   : error getting shared memory region, memory type: HeadTracker, failed with Status(-1, EX_SECURITY): 'requested shared memory region when not registered/focused'
03-01 21:03:22.990  4074  4181 E OsSdk   : error getting shared memory region, memory type: AnchorTracker, failed with Status(-1, EX_SECURITY): 'requested shared memory region when not registered/focused'
03-01 21:03:23.003  3468  7198 I VrApi   : FPS=89/90,Prd=29ms,Tear=0,Early=0,Stale=1,Stale2/5/10/max=0/0/0/1,VSnc=0,Lat=-1,Fov=0,CPU4/GPU=2/3,2419/490MHz,OC=FF,TA=0/70/0,SP=N/F/N,Mem=2092MHz,Free=1834MB,PLS=0,Temp=32.0C/0.0C,TW=3.17ms,App=4.64ms,GD=0.16ms,CPU&GPU=7.95ms,LCnt=3(DR0,LM2),GPU%=0.77,CPU%=0.17(W0.20),DSF=1.00,CFL=14.64/19.91
03-01 21:03:23.004  4074  4133 E OsSdk   : error getting shared memory region, memory type: HeadTracker, failed with Status(-1, EX_SECURITY): 'requested shared memory region when not registered/focused'
03-01 21:03:23.004  4074  4133 W [CT]    : SlamAnchorMemoryRuntimeIpcServer: HeadTracker::getState failed
03-01 21:03:23.004  4074  4133 W [CT]    : SlamAnchorMemoryRuntimeIpcServerThread: RigidBodyStates update failure.
03-01 21:03:23.036  4074  4181 E OsSdk   : error getting shared memory region, memory type: HeadTracker, failed with Status(-1, EX_SECURITY): 'requested shared memory region when not registered/focused'
03-01 21:03:23.052  4074  4133 E OsSdk   : error getting shared memory region, memory type: HeadTracker, failed with Status(-1, EX_SECURITY): 'requested shared memory region when not registered/focused'
03-01 21:03:23.052  4074  4133 W [CT]    : SlamAnchorMemoryRuntimeIpcServer: HeadTracker::getState failed
03-01 21:03:23.052  4074  4133 W [CT]    : SlamAnchorMemoryRuntimeIpcServerThread: RigidBodyStates update failure.
03-01 21:03:23.062  4074  4158 D xrstreaming: receive ping: org 0 recv 0 xmt 11643002806700 (received at 9298349275929), offset divergence 356775
03-01 21:03:23.081  4074  4181 E OsSdk   : error getting shared memory region, memory type: HeadTracker, failed with Status(-1, EX_SECURITY): 'requested shared memory region when not registered/focused'
03-01 21:03:23.096  4074  4133 E OsSdk   : error getting shared memory region, memory type: HeadTracker, failed with Status(-1, EX_SECURITY): 'requested shared memory region when not registered/focused'
03-01 21:03:23.096  4074  4133 W [CT]    : SlamAnchorMemoryRuntimeIpcServer: HeadTracker::getState failed
03-01 21:03:23.096  4074  4133 W [CT]    : SlamAnchorMemoryRuntimeIpcServerThread: RigidBodyStates update failure.
03-01 21:03:23.126  4074  4181 E OsSdk   : error getting shared memory region, memory type: HeadTracker, failed with Status(-1, EX_SECURITY): 'requested shared memory region when not registered/focused'
03-01 21:03:23.127  3468  7269 D CCodec  : allocate(c2.android.vorbis.decoder)
03-01 21:03:23.128   841 21253 V C2Store : in init
03-01 21:03:23.128   841 21253 V C2Store : loading dll
03-01 21:03:23.139  4074  4133 E OsSdk   : error getting shared memory region, memory type: HeadTracker, failed with Status(-1, EX_SECURITY): 'requested shared memory region when not registered/focused'
03-01 21:03:23.139  4074  4133 W [CT]    : SlamAnchorMemoryRuntimeIpcServer: HeadTracker::getState failed
03-01 21:03:23.139  4074  4133 W [CT]    : SlamAnchorMemoryRuntimeIpcServerThread: RigidBodyStates update failure.
03-01 21:03:23.141  3468  7269 I CCodec  : Created component [c2.android.vorbis.decoder]
03-01 21:03:23.141  3468  7269 D CCodecConfig: read media type: audio/vorbis
03-01 21:03:23.147  2949  3072 E TREX    : Interface version 1 was not found. Check debug build for more information.
03-01 21:03:23.151  3468  7269 D ReflectedParamUpdater: extent() != 1 for single value type: algo.buffers.max-count.values
03-01 21:03:23.152  3468  7269 D ReflectedParamUpdater: extent() != 1 for single value type: output.subscribed-indices.values
03-01 21:03:23.152  3468  7269 D ReflectedParamUpdater: extent() != 1 for single value type: input.buffers.allocator-ids.values
03-01 21:03:23.153  3468  7269 D ReflectedParamUpdater: extent() != 1 for single value type: output.buffers.allocator-ids.values
03-01 21:03:23.153  3468  7269 D ReflectedParamUpdater: extent() != 1 for single value type: algo.buffers.allocator-ids.values
03-01 21:03:23.153  3468  7269 D ReflectedParamUpdater: extent() != 1 for single value type: output.buffers.pool-ids.values
03-01 21:03:23.153  3468  7269 D ReflectedParamUpdater: extent() != 1 for single value type: algo.buffers.pool-ids.values
03-01 21:03:23.154  3468  7269 I CCodecConfig: query failed after returning 7 values (BAD_INDEX)
03-01 21:03:23.154  3468  7269 D CCodecConfig: c2 config diff is Dict {
03-01 21:03:23.154  3468  7269 D CCodecConfig:   c2::u32 coded.bitrate.value = 64000
03-01 21:03:23.154  3468  7269 D CCodecConfig:   c2::u32 input.buffers.max-size.value = 32768
03-01 21:03:23.154  3468  7269 D CCodecConfig:   c2::u32 input.delay.value = 0
03-01 21:03:23.154  3468  7269 D CCodecConfig:   string input.media-type.value = "audio/vorbis"
03-01 21:03:23.154  3468  7269 D CCodecConfig:   string output.media-type.value = "audio/raw"
03-01 21:03:23.154  3468  7269 D CCodecConfig:   c2::u32 raw.channel-count.value = 1
03-01 21:03:23.154  3468  7269 D CCodecConfig:   c2::u32 raw.sample-rate.value = 48000
03-01 21:03:23.154  3468  7269 D CCodecConfig: }
03-01 21:03:23.155  3468  7269 D CCodecConfig: no c2 equivalents for durationUs
03-01 21:03:23.155  3468  7269 D CCodecConfig: no c2 equivalents for csd-1
03-01 21:03:23.155  3468  7269 D CCodecConfig: no c2 equivalents for track-id
03-01 21:03:23.155  3468  7269 D CCodecConfig: no c2 equivalents for channel-mask
03-01 21:03:23.156  3468  7269 D CCodecConfig: c2 config diff is   c2::u32 raw.channel-count.value = 2
03-01 21:03:23.156  3468  7269 D CCodecConfig:   c2::u32 raw.sample-rate.value = 44100
03-01 21:03:23.156  3468  7269 W Codec2Client: query -- param skipped: index = 1107298332.
03-01 21:03:23.156  3468  7269 D CCodec  : setup formats input: AMessage(what = 0x00000000) = {
03-01 21:03:23.156  3468  7269 D CCodec  :   int32_t channel-count = 2
03-01 21:03:23.156  3468  7269 D CCodec  :   int32_t max-input-size = 32768
03-01 21:03:23.156  3468  7269 D CCodec  :   string mime = "audio/vorbis"
03-01 21:03:23.156  3468  7269 D CCodec  :   int32_t sample-rate = 44100
03-01 21:03:23.156  3468  7269 D CCodec  : } and output: AMessage(what = 0x00000000) = {
03-01 21:03:23.156  3468  7269 D CCodec  :   int32_t channel-count = 2
03-01 21:03:23.156  3468  7269 D CCodec  :   string mime = "audio/raw"
03-01 21:03:23.156  3468  7269 D CCodec  :   int32_t sample-rate = 44100
03-01 21:03:23.156  3468  7269 D CCodec  :   int32_t channel-mask = 3
03-01 21:03:23.156  3468  7269 D CCodec  : }
03-01 21:03:23.163   841 21253 V C2Store : in ~ComponentModule
03-01 21:03:23.163   841 21253 V C2Store : unloading dll
03-01 21:03:23.171  4074  4181 E OsSdk   : error getting shared memory region, memory type: HeadTracker, failed with Status(-1, EX_SECURITY): 'requested shared memory region when not registered/focused'
03-01 21:03:23.185  4074  4133 E OsSdk   : error getting shared memory region, memory type: HeadTracker, failed with Status(-1, EX_SECURITY): 'requested shared memory region when not registered/focused'
03-01 21:03:23.185  4074  4133 W [CT]    : SlamAnchorMemoryRuntimeIpcServer: HeadTracker::getState failed
03-01 21:03:23.185  4074  4133 W [CT]    : SlamAnchorMemoryRuntimeIpcServerThread: RigidBodyStates update failure.
03-01 21:03:23.192  4074  4133 E OsSdk   : error getting shared memory region, memory type: AnchorTracker, failed with Status(-1, EX_SECURITY): 'requested shared memory region when not registered/focused'
03-01 21:03:23.192  4074  4133 W [CT]    : SlamAnchorMemoryRuntimeIpcServer: getAnchorStates failed
03-01 21:03:23.192  4074  4133 W [CT]    : SlamAnchorMemoryRuntimeIpcServerThread: AnchorStates update failure.
03-01 21:03:23.218  4074  4181 E OsSdk   : error getting shared memory region, memory type: HeadTracker, failed with Status(-1, EX_SECURITY): 'requested shared memory region when not registered/focused'
03-01 21:03:23.237   866   866 I chatty  : uid=1000(system) /system/bin/trackingservice identical 35 lines
03-01 21:03:23.238  4074  4133 E OsSdk   : error getting shared memory region, memory type: HeadTracker, failed with Status(-1, EX_SECURITY): 'requested shared memory region when not registered/focused'
03-01 21:03:23.238  4074  4133 W [CT]    : SlamAnchorMemoryRuntimeIpcServer: HeadTracker::getState failed
03-01 21:03:23.238  4074  4133 W [CT]    : SlamAnchorMemoryRuntimeIpcServerThread: RigidBodyStates update failure.
03-01 21:03:23.263   866   866 W TrackingService: attachClient: found client in attached list
03-01 21:03:23.267  4074  4181 E OsSdk   : error getting shared memory region, memory type: HeadTracker, failed with Status(-1, EX_SECURITY): 'requested shared memory region when not registered/focused'
03-01 21:03:23.268   866  1049 W TrackingService: attachClient: found client in attached list
03-01 21:03:23.270  4074  4181 E OsSdk   : error getting shared memory region, memory type: AnchorTracker, failed with Status(-1, EX_SECURITY): 'requested shared memory region when not registered/focused'
03-01 21:03:23.283   866   866 W TrackingService: attachClient: found client in attached list
03-01 21:03:23.284  4074  4133 E OsSdk   : error getting shared memory region, memory type: HeadTracker, failed with Status(-1, EX_SECURITY): 'requested shared memory region when not registered/focused'
03-01 21:03:23.284  4074  4133 W [CT]    : SlamAnchorMemoryRuntimeIpcServer: HeadTracker::getState failed
03-01 21:03:23.284  4074  4133 W [CT]    : SlamAnchorMemoryRuntimeIpcServerThread: RigidBodyStates update failure.
03-01 21:03:23.285  1057  1080 I VrApi_DriverLoader: nativeSetClassLoader:0xc83a
03-01 21:03:23.286  1057  1080 I VrApi   : ----------- vrapi_Initialize [start] ----------
03-01 21:03:23.286  1057  1080 I XrRuntimeSharedClientState: SharedClientState::create called from 'vrapi_Initialize'
03-01 21:03:23.287  1057  1080 I ipcLoader [RUNTIMEIPC]: RuntimeIPC: Loader: IPC Service API Loader Version: 37 Feb  7 2023 02:15:40
03-01 21:03:23.287  1057  1080 I ipcLoader [RUNTIMEIPC]: RuntimeIPC: Using android_get_exported_namespace: libripcclient.oculus.so
03-01 21:03:23.297  1057  1080 I ipcLoader [RUNTIMEIPC]: RuntimeIPC: android_get_exported_namespace SUCCESS: libripcclient.oculus.so
03-01 21:03:23.298  1057  1080 I RuntimeIPCApi [RUNTIMEIPC]: ipc_Initialize
03-01 21:03:23.304  1057  7276 I DeadlockObserver [RUNTIMEIPC]: MainLoop starting
03-01 21:03:23.304  1057  1080 I DeadlockObserver [RUNTIMEIPC]: Init SUCCESS
03-01 21:03:23.307  1057  1080 I ServerStateMgr [RUNTIMEIPC]: Init
03-01 21:03:23.307  1057  1080 I ServerStateMgr [RUNTIMEIPC]: Init
03-01 21:03:23.307  1057  1080 I RuntimeIPCServiceClientRPC [RUNTIMEIPC]: InitRPCToServiceInternal: Calling Methods->GetConnectInfo
03-01 21:03:23.312   856  3627 I RuntimeIPCService [RUNTIMEIPC]: CreateBrokerConnection: 1057:android.uid.system:1000:system_server
03-01 21:03:23.315  1057  1080 I RuntimeIPCServiceClientRPC [RUNTIMEIPC]: InitRPCToServiceInternal: Calling Helper.Init
03-01 21:03:23.315  1057  1080 I RuntimeIPCServiceClientRPC [RUNTIMEIPC]: InitRPCToServiceInternal: Calling InitBrokerHandler
03-01 21:03:23.316  1057  7277 D IPCDataChannelServer [RUNTIMEIPC]: Connected: 1, broker_package:broker_process:0
03-01 21:03:23.317   856  3627 D IPCDataChannelServer [RUNTIMEIPC]: Connected: 2370505568, android.uid.system:1000:system_server:1057
03-01 21:03:23.317  4074  4181 E OsSdk   : error getting shared memory region, memory type: HeadTracker, failed with Status(-1, EX_SECURITY): 'requested shared memory region when not registered/focused'
03-01 21:03:23.317  1057  1080 I RuntimeIPCServiceClientRPC [RUNTIMEIPC]: InitRPCToServiceInternal: Success
03-01 21:03:23.319  1057  1080 I RuntimeIPCServiceClient [RUNTIMEIPC]: IPCMainLoopHandler: Init SUCCESS
03-01 21:03:23.326  1766  1766 D VrRuntimeService: onStartCommand
03-01 21:03:23.328  1057  1080 I ClientProcessConnector [RUNTIMEIPC]: GetProcessConnection: com.oculus.systemdriver:com.oculus.vrruntimeservice
03-01 21:03:23.329  4074  4133 E OsSdk   : error getting shared memory region, memory type: HeadTracker, failed with Status(-1, EX_SECURITY): 'requested shared memory region when not registered/focused'
03-01 21:03:23.329  4074  4133 W [CT]    : SlamAnchorMemoryRuntimeIpcServer: HeadTracker::getState failed
03-01 21:03:23.329  4074  4133 W [CT]    : SlamAnchorMemoryRuntimeIpcServerThread: RigidBodyStates update failure.
03-01 21:03:23.329  1766  2935 D IPCDataChannelServer [RUNTIMEIPC]: Connected: 2370505568, android.uid.system:1000:system_server:1057
03-01 21:03:23.329  1766  2935 D RPCServer [RUNTIMEIPC]: ConnectClient: Client: android.uid.system:1000:system_server:1057, Server: com.oculus.systemdriver:com.oculus.vrruntimeservice (gkcache)
03-01 21:03:23.329  1766  2935 I IPCSharedMemory_Internal [RUNTIMEIPC]: CreateSharedMemory: Allocated shared memory fd 70 (ipcStateReadWrite)
03-01 21:03:23.329  1766  2935 I IPCSharedMemory_Internal [RUNTIMEIPC]: CreateSharedMemory: Allocated shared memory fd 184 (ipcReadOnlyState)
03-01 21:03:23.329  1766  2935 I RPCClientHandler [RUNTIMEIPC]: Event buffer size (server): 8192
03-01 21:03:23.330  1766  2935 I IPCSharedMemory_Internal [RUNTIMEIPC]: CreateSharedMemory: Allocated shared memory fd 234 (ipcEventBuffer)
03-01 21:03:23.330  1766  2935 I IPCSharedMemory_Internal [RUNTIMEIPC]: CreateSharedMemory: Allocated shared memory fd 237 (ipcEventBuffer_Private)
03-01 21:03:23.330  1766  2935 W RPCServer [RUNTIMEIPC]: HandleClientConnect: Failed to register client event subscription: Client: android.uid.system:1000:system_server:1057, Server: com.oculus.systemdriver:com.oculus.vrruntimeservice (gkcache)
03-01 21:03:23.330  1766  2935 I RuntimeIPCServerMgr [RUNTIMEIPC]: HandleClientConnect SUCCESS: Client: android.uid.system:1000:system_server:1057, Server: com.oculus.systemdriver:com.oculus.vrruntimeservice (gkcache)
03-01 21:03:23.330  1766  7279 I GkCacheQuerierServer: Client 2370505568 from system_server:1057 connected.
03-01 21:03:23.330  1766  2935 I RPCServer [RUNTIMEIPC]: GetServerStatesConfig -> {MaxBufferSize=32768, MaxEntries=64}
03-01 21:03:23.330  1057  1080 I RuntimeIPCClient [RUNTIMEIPC]: GetServerStatesConfig returned maxEntries=64, maxBuffSize=32768
03-01 21:03:23.331  1057  1080 I RuntimeIPCClient [RUNTIMEIPC]: Event buffer size (client): 8192
03-01 21:03:23.333  1057  1080 I RuntimeIPCClient [RUNTIMEIPC]: TryToGetIPCResourcesFromServer: RPC_CONNECTOR_CONNECT_TO_SERVER SUCCESS: Client: android.uid.system:1000:system_server:1057, Server: com.oculus.systemdriver:com.oculus.vrruntimeservice (gkcache)
03-01 21:03:23.333  1057  1080 I RuntimeIPCClient [RUNTIMEIPC]: EnsureServerConnection: SUCCESS. Client: android.uid.system:1000:system_server:1057, Server: com.oculus.systemdriver:com.oculus.vrruntimeservice (gkcache)
03-01 21:03:23.333  1057  1080 I RuntimeIPCClient [RUNTIMEIPC]: ConnectToServer: SUCCESS: Client: android.uid.system:1000:system_server:1057, Server: com.oculus.systemdriver:com.oculus.vrruntimeservice (gkcache)
03-01 21:03:23.335  1766  2935 I RPCServer [RUNTIMEIPC]: GetServerStatesConfig -> {MaxBufferSize=32768, MaxEntries=64}
03-01 21:03:23.335  1057  1080 I RuntimeIPCClient [RUNTIMEIPC]: GetServerStatesConfig returned maxEntries=64, maxBuffSize=32768
03-01 21:03:23.335  1057  1080 I RuntimeIPCClient [RUNTIMEIPC]: InitServerStateBuffer: SUCCESS. 0, Client: android.uid.system:1000:system_server:1057, Server: com.oculus.systemdriver:com.oculus.vrruntimeservice (gkcache)
03-01 21:03:23.337  1057  1080 I VrApi   : Client type: 0 flags: 0x0 placement: 0
03-01 21:03:23.337  1057  1080 I ipcLoader [RUNTIMEIPC]: RuntimeIPC: Loader: IPC Service API Loader Version: 37 Feb  7 2023 02:15:40
03-01 21:03:23.337  1057  1080 I RuntimeIPCApi [RUNTIMEIPC]: ipc_Initialize
03-01 21:03:23.337  1057  1080 I RuntimeIPCServiceClient [RUNTIMEIPC]: Init: Already initialized: system_server, 1
03-01 21:03:23.340  1766  1766 D VrRuntimeService: onStartCommand
03-01 21:03:23.340  1766  2935 D RPCServer [RUNTIMEIPC]: ConnectClient: Client: android.uid.system:1000:system_server:1057, Server: com.oculus.systemdriver:com.oculus.vrruntimeservice (RuntimeServiceServer)
03-01 21:03:23.341  1766  2935 I IPCSharedMemory_Internal [RUNTIMEIPC]: CreateSharedMemory: Allocated shared memory fd 183 (ipcStateReadWrite)
03-01 21:03:23.341  1766  2935 I IPCSharedMemory_Internal [RUNTIMEIPC]: CreateSharedMemory: Allocated shared memory fd 242 (ipcReadOnlyState)
03-01 21:03:23.341  1766  2935 I RPCClientHandler [RUNTIMEIPC]: Event buffer size (server): 8192
03-01 21:03:23.341  1766  2935 I IPCSharedMemory_Internal [RUNTIMEIPC]: CreateSharedMemory: Allocated shared memory fd 319 (ipcEventBuffer)
03-01 21:03:23.341  1766  2935 I IPCSharedMemory_Internal [RUNTIMEIPC]: CreateSharedMemory: Allocated shared memory fd 322 (ipcEventBuffer_Private)
03-01 21:03:23.341  1766  2935 W RPCServer [RUNTIMEIPC]: HandleClientConnect: Failed to register client event subscription: Client: android.uid.system:1000:system_server:1057, Server: com.oculus.systemdriver:com.oculus.vrruntimeservice (RuntimeServiceServer)
03-01 21:03:23.341  1766  2935 I RuntimeIPCServerMgr [RUNTIMEIPC]: HandleClientConnect SUCCESS: Client: android.uid.system:1000:system_server:1057, Server: com.oculus.systemdriver:com.oculus.vrruntimeservice (RuntimeServiceServer)
03-01 21:03:23.341  1766  7280 I VrRuntimeService: RuntimeIPC: IPC_SYSTEM_EVENT_CLIENT_CONNECTED_EXT: system_server:1057, Version: 4.0, Custom: 1.0
03-01 21:03:23.341  1766  7280 I VrRuntimeService: RuntimeIPC: SendPrimaryPackageChangeEvent: PostClientEvent SUCCESS: android.uid.system:1000:system_server:1057, com.oculus.shellenv, com.oculus.shellenv
03-01 21:03:23.341  1766  7280 I VrRuntimeService: RuntimeIPC: SendFocusChangeEvent: PostClientEvent SUCCESS: android.uid.system:1000:system_server:1057, com.oculus.vrshell, com.oculus.vrshell
03-01 21:03:23.341  1766  2935 I RPCServer [RUNTIMEIPC]: GetServerStatesConfig -> {MaxBufferSize=32768, MaxEntries=64}
03-01 21:03:23.342  1057  1080 I RuntimeIPCClient [RUNTIMEIPC]: GetServerStatesConfig returned maxEntries=64, maxBuffSize=32768
03-01 21:03:23.342  1057  1080 I RuntimeIPCClient [RUNTIMEIPC]: Event buffer size (client): 8192
03-01 21:03:23.343  1057  1080 I RuntimeIPCClient [RUNTIMEIPC]: TryToGetIPCResourcesFromServer: RPC_CONNECTOR_CONNECT_TO_SERVER SUCCESS: Client: android.uid.system:1000:system_server:1057, Server: com.oculus.systemdriver:com.oculus.vrruntimeservice (RuntimeServiceServer)
03-01 21:03:23.343  1057  1080 I RuntimeIPCClient [RUNTIMEIPC]: EnsureServerConnection: SUCCESS. Client: android.uid.system:1000:system_server:1057, Server: com.oculus.systemdriver:com.oculus.vrruntimeservice (RuntimeServiceServer)
03-01 21:03:23.343  1057  1080 I RuntimeIPCClient [RUNTIMEIPC]: ConnectToServer: SUCCESS: Client: android.uid.system:1000:system_server:1057, Server: com.oculus.systemdriver:com.oculus.vrruntimeservice (RuntimeServiceServer)
03-01 21:03:23.343  1057  1080 I VrRuntimeClient: g_RuntimeServiceSDKClient.Connected: com.oculus.systemdriver:com.oculus.vrruntimeservice
03-01 21:03:23.346  1766  7280 I VrRuntimeService: RuntimeServiceSDKServer::RegisterClient: system_server
03-01 21:03:23.348  1766  7280 I ClientMgr@: IsTrustedClient( android.uid.system:1000 )= false
03-01 21:03:23.348  1766  7280 I JniUtils: JNI exception before DeleteLocalRef!
03-01 21:03:23.348  1766  7280 I ClientMgr: ClientMgr::CreateClient: 1057:android.uid.system:1000
03-01 21:03:23.348  1766  7280 I ClientMgr: CliengMgr: Client session placement = 0
03-01 21:03:23.348  1766  7280 I CompositorClientMgr: Register client 35
03-01 21:03:23.348  1766  7280 I VrRuntimeServer: RegisterCompositorClient client(35)
03-01 21:03:23.353  1766  7280 W ActivityManagerUtils: The package name doesn't match for the given uid and pid
03-01 21:03:23.353  1766  7280 I ClientMgr: ClientMgr: Client:android.uid.system:1000 isOsApp=false
03-01 21:03:23.353  1766  7280 I ClientMgr: SharedMemoryDebug: InitResources MapMemory (VrRuntimeService_PrivateReadWrite_android.uid.system:1000) size = 35408 ; flags = 3
03-01 21:03:23.353  1766  7280 I SharedMemoryServer: SharedMemoryServer::MapMemory: SharedMemoryDebug: Allocated shared memory fd 241 (VrRuntimeService_PrivateReadWrite_android.uid.system:1000) (size: 35408)
03-01 21:03:23.353  1766  7280 I ServiceInputManager: HANDTRACKING Initial input state override: 0
03-01 21:03:23.353  1766  7280 I PTKService: PTKServiceClient Init
03-01 21:03:23.353  1766  7280 I ipcLoader [RUNTIMEIPC]: RuntimeIPC: Loader: IPC Service API Loader Version: 37 Feb  7 2023 02:15:40
03-01 21:03:23.353  1766  7280 I RuntimeIPCApi [RUNTIMEIPC]: ipc_Initialize
03-01 21:03:23.353  1766  7280 I RuntimeIPCServiceClient [RUNTIMEIPC]: Init: Already initialized: com.oculus.vrruntimeservice, 6
03-01 21:03:23.356  2949  2949 I [OAO] ShellOverlayService: onStartCommand(): Intent { cmp=com.oculus.vrshell/.ShellOverlayService }
03-01 21:03:23.356  2949  2985 D RPCServer [RUNTIMEIPC]: ConnectClient: Client: com.oculus.systemdriver:com.oculus.vrruntimeservice:1766, Server: com.oculus.vrshell:com.oculus.vrshell:Overlay (ptkserviceserver)
03-01 21:03:23.357  2949  2985 I IPCSharedMemory_Internal [RUNTIMEIPC]: CreateSharedMemory: Allocated shared memory fd 216 (ipcStateReadWrite)
03-01 21:03:23.358  2949  2985 I IPCSharedMemory_Internal [RUNTIMEIPC]: CreateSharedMemory: Allocated shared memory fd 402 (ipcReadOnlyState)
03-01 21:03:23.358  2949  2985 I RPCClientHandler [RUNTIMEIPC]: Event buffer size (server): 8192
03-01 21:03:23.358  2949  2985 I IPCSharedMemory_Internal [RUNTIMEIPC]: CreateSharedMemory: Allocated shared memory fd 422 (ipcEventBuffer)
03-01 21:03:23.358  2949  2985 I IPCSharedMemory_Internal [RUNTIMEIPC]: CreateSharedMemory: Allocated shared memory fd 423 (ipcEventBuffer_Private)
03-01 21:03:23.358  2949  2985 W RPCServer [RUNTIMEIPC]: HandleClientConnect: Failed to register client event subscription: Client: com.oculus.systemdriver:com.oculus.vrruntimeservice:1766, Server: com.oculus.vrshell:com.oculus.vrshell:Overlay (ptkserviceserver)
03-01 21:03:23.360  2949  2985 I RuntimeIPCServerMgr [RUNTIMEIPC]: HandleClientConnect SUCCESS: Client: com.oculus.systemdriver:com.oculus.vrruntimeservice:1766, Server: com.oculus.vrshell:com.oculus.vrshell:Overlay (ptkserviceserver)
03-01 21:03:23.362  2949  2985 I RPCServer [RUNTIMEIPC]: GetServerStatesConfig -> {MaxBufferSize=32768, MaxEntries=64}
03-01 21:03:23.362  1766  7280 I RuntimeIPCClient [RUNTIMEIPC]: GetServerStatesConfig returned maxEntries=64, maxBuffSize=32768
03-01 21:03:23.362  4074  4181 E OsSdk   : error getting shared memory region, memory type: HeadTracker, failed with Status(-1, EX_SECURITY): 'requested shared memory region when not registered/focused'
03-01 21:03:23.363  1766  7280 I RuntimeIPCClient [RUNTIMEIPC]: Event buffer size (client): 8192
03-01 21:03:23.363  1766  7280 I RuntimeIPCClient [RUNTIMEIPC]: TryToGetIPCResourcesFromServer: RPC_CONNECTOR_CONNECT_TO_SERVER SUCCESS: Client: com.oculus.systemdriver:com.oculus.vrruntimeservice:1766, Server: com.oculus.vrshell:com.oculus.vrshell:Overlay (ptkserviceserver)
03-01 21:03:23.363  1766  7280 I RuntimeIPCClient [RUNTIMEIPC]: EnsureServerConnection: SUCCESS. Client: com.oculus.systemdriver:com.oculus.vrruntimeservice:1766, Server: com.oculus.vrshell:com.oculus.vrshell:Overlay (ptkserviceserver)
03-01 21:03:23.363  1766  7280 I RuntimeIPCClient [RUNTIMEIPC]: ConnectToServer: SUCCESS: Client: com.oculus.systemdriver:com.oculus.vrruntimeservice:1766, Server: com.oculus.vrshell:com.oculus.vrshell:Overlay (ptkserviceserver)
03-01 21:03:23.363  1766  7280 I RuntimeIPCClientMgr [RUNTIMEIPC]: GetClientOptions
03-01 21:03:23.367  1057  1057 W android.ui: type=1400 audit(0.0:26976): avc: denied { read } for name="u:object_r:qcom_pil_prop:s0" dev="tmpfs" ino=16058 scontext=u:r:system_server:s0 tcontext=u:object_r:qcom_pil_prop:s0 tclass=file permissive=0
03-01 21:03:23.367  1057  1057 W android.ui: type=1400 audit(0.0:26977): avc: denied { read } for name="u:object_r:qcom_pil_prop:s0" dev="tmpfs" ino=16058 scontext=u:r:system_server:s0 tcontext=u:object_r:qcom_pil_prop:s0 tclass=file permissive=0
03-01 21:03:23.368  2949  2985 I RPCServer [RUNTIMEIPC]: GetServerStatesConfig -> {MaxBufferSize=32768, MaxEntries=64}
03-01 21:03:23.368  1766  7280 I RuntimeIPCClient [RUNTIMEIPC]: GetServerStatesConfig returned maxEntries=64, maxBuffSize=32768
03-01 21:03:23.368  1766  7280 I RuntimeIPCClient [RUNTIMEIPC]: InitServerStateBuffer: SUCCESS. 0, Client: com.oculus.systemdriver:com.oculus.vrruntimeservice:1766, Server: com.oculus.vrshell:com.oculus.vrshell:Overlay (ptkserviceserver)
03-01 21:03:23.368  1766  7280 I RuntimeIPCClient [RUNTIMEIPC]: Shutdown: 1, Client: com.oculus.systemdriver:com.oculus.vrruntimeservice:1766, Server: com.oculus.vrshell:com.oculus.vrshell:Overlay (ptkserviceserver)
03-01 21:03:23.368  1766  7280 I RuntimeIPCClient [RUNTIMEIPC]: ReleaseRef: Remaining refs: 0, Client: com.oculus.systemdriver:com.oculus.vrruntimeservice:1766, Server: com.oculus.vrshell:com.oculus.vrshell:Overlay (ptkserviceserver)
03-01 21:03:23.368  1766  7280 I RuntimeIPCClient [RUNTIMEIPC]: DisconnectFromServer: 0, Client: com.oculus.systemdriver:com.oculus.vrruntimeservice:1766, Server: com.oculus.vrshell:com.oculus.vrshell:Overlay (ptkserviceserver)
03-01 21:03:23.368  2949  2985 I RPCServer [RUNTIMEIPC]: HandleClientDisconnect: Client: com.oculus.systemdriver:com.oculus.vrruntimeservice:1766, Server: com.oculus.vrshell:com.oculus.vrshell:Overlay (ptkserviceserver)
03-01 21:03:23.368  1766  7280 I RuntimeIPCApi [RUNTIMEIPC]: ipc_Shutdown
03-01 21:03:23.368  1766  7280 I RuntimeIPCServiceClient [RUNTIMEIPC]: Shutdown: Refs still outstanding: 6, com.oculus.vrruntimeservice
03-01 21:03:23.368  1766  7280 I ClientMgr: AddClient: android.uid.system:1000:system_server:1057
03-01 21:03:23.368  1766  7280 I ClientMgr: CreateClient: Sending PrimaryPackageChangeEvent outside of normal operation for Guardian.
03-01 21:03:23.368  1766  7280 I VrRuntimeService: RuntimeIPC: SendPrimaryPackageChangeEvent: PostClientEvent SUCCESS: com.oculus.guardian:com.oculus.vrguardianservice:2431, android.uid.system:1000, system_server
03-01 21:03:23.368  1766  7280 I UnifiedTelemetryWrapper: Started UT session lifetime:system_server
03-01 21:03:23.369  1766  7280 I ClientMgr: ClientMgr::CreateClient: Value of isCPUSingleThreadedBoost is 0 / 0
03-01 21:03:23.369  1766  2804 D RPCClientHandler [RUNTIMEIPC]: FinalizeClientState. Client: Client: android.uid.system:1000:system_server:1057, Server: com.oculus.systemdriver:com.oculus.vrruntimeservice (RuntimeServiceServer)
03-01 21:03:23.370  1766  7280 I VrRuntimeService: RuntimeServiceSDKServer::GetSharedMemoryFileDescriptor: SharedMemoryDebug: 2370505568
03-01 21:03:23.370  1766  7280 I VrRuntimeService: GetSharedMemoryFileDescriptor: SharedMemoryDebug: SharedMemoryType_PublicReadOnly: 57 (7048)
03-01 21:03:23.372  1057  1080 I VrRuntimeClient: RuntimeIPC: ServiceConnected: SharedMemoryDebug: publicReadOnly SharedMemorySize=7048 () sizeof(sharedMemoryPublicReadOnly)=7072
03-01 21:03:23.373  1766  7280 I VrRuntimeService: RuntimeServiceSDKServer::GetSharedMemoryFileDescriptor: SharedMemoryDebug: 2370505568
03-01 21:03:23.373  1766  7280 I VrRuntimeService: GetSharedMemoryFileDescriptor: SharedMemoryDebug: SharedMemoryType_PrivateReadWrite: 241 (35408)
03-01 21:03:23.374  1057  1080 I VrRuntimeClient: RuntimeIPC: ServiceConnected: SharedMemoryDebug: privateReadWrite SharedMemorySize=35408 () sizeof(privateSharedMemorySize)=8
03-01 21:03:23.374  1057  1080 I VrRuntimeClient: nativeRuntimeServiceConnected: SharedMemoryDebug: publicReadOnlyFd=291, privateReadWriteFd=293 ()
03-01 21:03:23.378  4074  4133 E OsSdk   : error getting shared memory region, memory type: HeadTracker, failed with Status(-1, EX_SECURITY): 'requested shared memory region when not registered/focused'
03-01 21:03:23.378  2431  2890 I GuardianSystem: [GuardianSystem::InitializeRuntimeEventHandlers] runtimeServiceSDKClient_.PackageChangeEvent: package=[android.uid.system:1000], process=[system_server]
03-01 21:03:23.378  4074  4133 W [CT]    : SlamAnchorMemoryRuntimeIpcServer: HeadTracker::getState failed
03-01 21:03:23.378  4074  4133 W [CT]    : SlamAnchorMemoryRuntimeIpcServerThread: RigidBodyStates update failure.
03-01 21:03:23.378  2431  2890 I GuardianSystem: SetCurrentProcessName: system_server, previous ProcessName: com.oculus.shellenv
03-01 21:03:23.378  1057  1080 I VrRuntimeClient: g_RuntimeServiceSDKClient.InitClient SUCCESS. Version: 4.0, Custom: 1.0
03-01 21:03:23.378  1057  1080 I RuntimeIPCClientMgr [RUNTIMEIPC]: GetClientOptions
03-01 21:03:23.378  1057  1080 I VrRuntimeDeviceConfigClient: OnConnectedToService
03-01 21:03:23.378  1057  1080 I VrApi   : vrapi_Initialize: Connected to VrRuntimeService after 0.041358s
03-01 21:03:23.380  1057  1080 E libc    : Access denied finding property "debug.egl.profiler"
03-01 21:03:23.380  1057  1080 E libc    : Access denied finding property "debug.egl.profiler.perfetto"
03-01 21:03:23.386  1057  1080 I AdrenoGLES-0: QUALCOMM build                   : 59a14ebd51, I5463b91de8
03-01 21:03:23.386  1057  1080 I AdrenoGLES-0: Build Date                       : 08/29/22
03-01 21:03:23.386  1057  1080 I AdrenoGLES-0: OpenGL ES Shader Compiler Version: E031.40.18.00
03-01 21:03:23.386  1057  1080 I AdrenoGLES-0: Local Branch                     : 
03-01 21:03:23.386  1057  1080 I AdrenoGLES-0: Remote Branch                    : refs/tags/AU_LINUX_ANDROID_LA.UM.8.12.C3.10.00.00.670.284
03-01 21:03:23.386  1057  1080 I AdrenoGLES-0: Remote Branch                    : NONE
03-01 21:03:23.386  1057  1080 I AdrenoGLES-0: Reconstruct Branch               : NOTHING
03-01 21:03:23.386  1057  1080 I AdrenoGLES-0: Build Config                     : S P 8.0.12 AArch64
03-01 21:03:23.388  1057  1080 I AdrenoGLES-0: Driver Path                      : /vendor/lib64/egl/libGLESv2_adreno.so
03-01 21:03:23.388  1057  1080 I AdrenoGLES-0: Driver Version                   : 0667.0
03-01 21:03:23.401  1057  1080 I AdrenoGLES-0: PFP: 0x016dd107, ME: 0x00000000
03-01 21:03:23.408  4074  4181 E OsSdk   : error getting shared memory region, memory type: HeadTracker, failed with Status(-1, EX_SECURITY): 'requested shared memory region when not registered/focused'
03-01 21:03:23.424  4074  4133 E OsSdk   : error getting shared memory region, memory type: HeadTracker, failed with Status(-1, EX_SECURITY): 'requested shared memory region when not registered/focused'
03-01 21:03:23.425  4074  4133 W [CT]    : SlamAnchorMemoryRuntimeIpcServer: HeadTracker::getState failed
03-01 21:03:23.425  4074  4133 W [CT]    : SlamAnchorMemoryRuntimeIpcServerThread: RigidBodyStates update failure.
03-01 21:03:23.437  3468  7282 D CCodec  : allocate(c2.android.vorbis.decoder)
03-01 21:03:23.438   841 21253 V C2Store : in init
03-01 21:03:23.438   841 21253 V C2Store : loading dll
03-01 21:03:23.442  3468  7282 I CCodec  : Created component [c2.android.vorbis.decoder]
03-01 21:03:23.442  3468  7282 D CCodecConfig: read media type: audio/vorbis
03-01 21:03:23.445  3468  7282 D ReflectedParamUpdater: extent() != 1 for single value type: algo.buffers.max-count.values
03-01 21:03:23.446  3468  7282 D ReflectedParamUpdater: extent() != 1 for single value type: output.subscribed-indices.values
03-01 21:03:23.446  3468  7282 D ReflectedParamUpdater: extent() != 1 for single value type: input.buffers.allocator-ids.values
03-01 21:03:23.446  3468  7282 D ReflectedParamUpdater: extent() != 1 for single value type: output.buffers.allocator-ids.values
03-01 21:03:23.446  3468  7282 D ReflectedParamUpdater: extent() != 1 for single value type: algo.buffers.allocator-ids.values
03-01 21:03:23.447  3468  7282 D ReflectedParamUpdater: extent() != 1 for single value type: output.buffers.pool-ids.values
03-01 21:03:23.447  3468  7282 D ReflectedParamUpdater: extent() != 1 for single value type: algo.buffers.pool-ids.values
03-01 21:03:23.448  3468  7282 I CCodecConfig: query failed after returning 7 values (BAD_INDEX)
03-01 21:03:23.448  3468  7282 D CCodecConfig: c2 config diff is Dict {
03-01 21:03:23.448  3468  7282 D CCodecConfig:   c2::u32 coded.bitrate.value = 64000
03-01 21:03:23.448  3468  7282 D CCodecConfig:   c2::u32 input.buffers.max-size.value = 32768
03-01 21:03:23.448  3468  7282 D CCodecConfig:   c2::u32 input.delay.value = 0
03-01 21:03:23.448  3468  7282 D CCodecConfig:   string input.media-type.value = "audio/vorbis"
03-01 21:03:23.448  3468  7282 D CCodecConfig:   string output.media-type.value = "audio/raw"
03-01 21:03:23.448  3468  7282 D CCodecConfig:   c2::u32 raw.channel-count.value = 1
03-01 21:03:23.448  3468  7282 D CCodecConfig:   c2::u32 raw.sample-rate.value = 48000
03-01 21:03:23.448  3468  7282 D CCodecConfig: }
03-01 21:03:23.449  3468  7282 D CCodecConfig: no c2 equivalents for durationUs
03-01 21:03:23.449  3468  7282 D CCodecConfig: no c2 equivalents for csd-1
03-01 21:03:23.449  3468  7282 D CCodecConfig: no c2 equivalents for track-id
03-01 21:03:23.449  3468  7282 D CCodecConfig: no c2 equivalents for channel-mask
03-01 21:03:23.450  3468  7282 D CCodecConfig: c2 config diff is   c2::u32 raw.channel-count.value = 2
03-01 21:03:23.450  3468  7282 D CCodecConfig:   c2::u32 raw.sample-rate.value = 44100
03-01 21:03:23.450  3468  7282 W Codec2Client: query -- param skipped: index = 1107298332.
03-01 21:03:23.450  3468  7282 D CCodec  : setup formats input: AMessage(what = 0x00000000) = {
03-01 21:03:23.450  3468  7282 D CCodec  :   int32_t channel-count = 2
03-01 21:03:23.450  3468  7282 D CCodec  :   int32_t max-input-size = 32768
03-01 21:03:23.450  3468  7282 D CCodec  :   string mime = "audio/vorbis"
03-01 21:03:23.450  3468  7282 D CCodec  :   int32_t sample-rate = 44100
03-01 21:03:23.450  3468  7282 D CCodec  : } and output: AMessage(what = 0x00000000) = {
03-01 21:03:23.450  3468  7282 D CCodec  :   int32_t channel-count = 2
03-01 21:03:23.450  3468  7282 D CCodec  :   string mime = "audio/raw"
03-01 21:03:23.450  3468  7282 D CCodec  :   int32_t sample-rate = 44100
03-01 21:03:23.450  3468  7282 D CCodec  :   int32_t channel-mask = 3
03-01 21:03:23.450  3468  7282 D CCodec  : }
03-01 21:03:23.453   866   866 I chatty  : uid=1000(system) /system/bin/trackingservice identical 7 lines
03-01 21:03:23.454  4074  4181 E OsSdk   : error getting shared memory region, memory type: HeadTracker, failed with Status(-1, EX_SECURITY): 'requested shared memory region when not registered/focused'
03-01 21:03:23.464   866   866 W TrackingService: attachClient: found client in attached list
03-01 21:03:23.468  4074  4133 E OsSdk   : error getting shared memory region, memory type: HeadTracker, failed with Status(-1, EX_SECURITY): 'requested shared memory region when not registered/focused'
03-01 21:03:23.468  4074  4133 W [CT]    : SlamAnchorMemoryRuntimeIpcServer: HeadTracker::getState failed
03-01 21:03:23.468  4074  4133 W [CT]    : SlamAnchorMemoryRuntimeIpcServerThread: RigidBodyStates update failure.
03-01 21:03:23.468   866  1049 W TrackingService: attachClient: found client in attached list
03-01 21:03:23.473  4074  4133 E OsSdk   : error getting shared memory region, memory type: AnchorTracker, failed with Status(-1, EX_SECURITY): 'requested shared memory region when not registered/focused'
03-01 21:03:23.473  4074  4133 W [CT]    : SlamAnchorMemoryRuntimeIpcServer: getAnchorStates failed
03-01 21:03:23.473  4074  4133 W [CT]    : SlamAnchorMemoryRuntimeIpcServerThread: AnchorStates update failure.
03-01 21:03:23.489  1766  6447 I CompositorVR: SetSchedFifo( tid=2890, pol=2, pri=0 ) succeeded
03-01 21:03:23.490  1766  6447 I CompositorVR: SetSchedFifo( tid=3085, pol=2, pri=0 ) succeeded
03-01 21:03:23.490  1766  6447 I CompositorVR: SetSchedFifo( tid=3165, pol=2, pri=0 ) succeeded
03-01 21:03:23.505  4074  4181 E OsSdk   : error getting shared memory region, memory type: HeadTracker, failed with Status(-1, EX_SECURITY): 'requested shared memory region when not registered/focused'
03-01 21:03:23.514   866  1049 I chatty  : uid=1000(system) Binder:866_1 identical 2 lines
03-01 21:03:23.515  4074  4133 E OsSdk   : error getting shared memory region, memory type: HeadTracker, failed with Status(-1, EX_SECURITY): 'requested shared memory region when not registered/focused'
03-01 21:03:23.515  4074  4133 W [CT]    : SlamAnchorMemoryRuntimeIpcServer: HeadTracker::getState failed
03-01 21:03:23.515  4074  4133 W [CT]    : SlamAnchorMemoryRuntimeIpcServerThread: RigidBodyStates update failure.
03-01 21:03:23.516  1057  1080 I DeviceProperties: ovrDeviceProperties::Initialize
03-01 21:03:23.521  1057  1080 I DeviceProperties: Device Region: 'US'
03-01 21:03:23.522  1057  1080 I DeviceProperties: GPU Type: 'ADRENO_650'
03-01 21:03:23.523  1057  1080 I DeviceProperties: Num Refresh Rates Supported 61
03-01 21:03:23.523  1057  1080 I DeviceProperties: Refresh Rate (0): 120.000000Hz
03-01 21:03:23.523  1057  1080 I DeviceProperties: Refresh Rate (1): 119.000000Hz
03-01 21:03:23.523  1057  1080 I DeviceProperties: Refresh Rate (2): 118.000000Hz
03-01 21:03:23.523  1057  1080 I DeviceProperties: Refresh Rate (3): 117.000000Hz
03-01 21:03:23.523  1057  1080 I DeviceProperties: Refresh Rate (4): 116.000000Hz
03-01 21:03:23.523  1057  1080 I DeviceProperties: Refresh Rate (5): 115.000000Hz
03-01 21:03:23.523  1057  1080 I DeviceProperties: Refresh Rate (6): 114.000000Hz
03-01 21:03:23.523  1057  1080 I DeviceProperties: Refresh Rate (7): 113.000000Hz
03-01 21:03:23.523  1057  1080 I DeviceProperties: Refresh Rate (8): 112.000000Hz
03-01 21:03:23.523  1057  1080 I DeviceProperties: Refresh Rate (9): 111.000000Hz
03-01 21:03:23.523  1057  1080 I DeviceProperties: Refresh Rate (10): 110.000000Hz
03-01 21:03:23.523  1057  1080 I DeviceProperties: Refresh Rate (11): 109.000000Hz
03-01 21:03:23.523  1057  1080 I DeviceProperties: Refresh Rate (12): 108.000000Hz
03-01 21:03:23.523  1057  1080 I DeviceProperties: Refresh Rate (13): 107.000000Hz
03-01 21:03:23.523  1057  1080 I DeviceProperties: Refresh Rate (14): 106.000000Hz
03-01 21:03:23.523  1057  1080 I DeviceProperties: Refresh Rate (15): 105.000000Hz
03-01 21:03:23.523  1057  1080 I DeviceProperties: Refresh Rate (16): 104.000000Hz
03-01 21:03:23.523  1057  1080 I DeviceProperties: Refresh Rate (17): 103.000000Hz
03-01 21:03:23.523  1057  1080 I DeviceProperties: Refresh Rate (18): 102.000000Hz
03-01 21:03:23.523  1057  1080 I DeviceProperties: Refresh Rate (19): 101.000000Hz
03-01 21:03:23.523  1057  1080 I DeviceProperties: Refresh Rate (20): 100.000000Hz
03-01 21:03:23.523  1057  1080 I DeviceProperties: Refresh Rate (21): 99.000000Hz
03-01 21:03:23.523  1057  1080 I DeviceProperties: Refresh Rate (22): 98.000000Hz
03-01 21:03:23.523  1057  1080 I DeviceProperties: Refresh Rate (23): 97.000000Hz
03-01 21:03:23.523  1057  1080 I DeviceProperties: Refresh Rate (24): 96.000000Hz
03-01 21:03:23.523  1057  1080 I DeviceProperties: Refresh Rate (25): 95.000000Hz
03-01 21:03:23.524  1057  1080 I DeviceProperties: Refresh Rate (26): 94.000000Hz
03-01 21:03:23.524  1057  1080 I DeviceProperties: Refresh Rate (27): 93.000000Hz
03-01 21:03:23.524  1057  1080 I DeviceProperties: Refresh Rate (28): 92.000000Hz
03-01 21:03:23.524  1057  1080 I DeviceProperties: Refresh Rate (29): 91.000000Hz
03-01 21:03:23.524  1057  1080 I DeviceProperties: Refresh Rate (30): 90.000000Hz
03-01 21:03:23.524  1057  1080 I DeviceProperties: Refresh Rate (31): 89.000000Hz
03-01 21:03:23.524  1057  1080 I DeviceProperties: Refresh Rate (32): 88.000000Hz
03-01 21:03:23.524  1057  1080 I DeviceProperties: Refresh Rate (33): 87.000000Hz
03-01 21:03:23.524  1057  1080 I DeviceProperties: Refresh Rate (34): 86.000000Hz
03-01 21:03:23.524  1057  1080 I DeviceProperties: Refresh Rate (35): 85.000000Hz
03-01 21:03:23.524  1057  1080 I DeviceProperties: Refresh Rate (36): 84.000000Hz
03-01 21:03:23.524  1057  1080 I DeviceProperties: Refresh Rate (37): 83.000000Hz
03-01 21:03:23.524  1057  1080 I DeviceProperties: Refresh Rate (38): 82.000000Hz
03-01 21:03:23.524  1057  1080 I DeviceProperties: Refresh Rate (39): 81.000000Hz
03-01 21:03:23.524  1057  1080 I DeviceProperties: Refresh Rate (40): 80.000000Hz
03-01 21:03:23.524  1057  1080 I DeviceProperties: Refresh Rate (41): 79.000000Hz
03-01 21:03:23.524  1057  1080 I DeviceProperties: Refresh Rate (42): 78.000000Hz
03-01 21:03:23.524  1057  1080 I DeviceProperties: Refresh Rate (43): 77.000000Hz
03-01 21:03:23.524  1057  1080 I DeviceProperties: Refresh Rate (44): 76.000000Hz
03-01 21:03:23.524  1057  1080 I DeviceProperties: Refresh Rate (45): 75.000000Hz
03-01 21:03:23.528  1057  1080 I DeviceProperties: Refresh Rate (46): 74.000000Hz
03-01 21:03:23.528  1057  1080 I DeviceProperties: Refresh Rate (47): 73.000000Hz
03-01 21:03:23.528  1057  1080 I DeviceProperties: Refresh Rate (48): 72.000000Hz
03-01 21:03:23.528  1057  1080 I DeviceProperties: Refresh Rate (49): 71.000000Hz
03-01 21:03:23.528  1057  1080 I DeviceProperties: Refresh Rate (50): 70.000000Hz
03-01 21:03:23.528  1057  1080 I DeviceProperties: Refresh Rate (51): 69.000000Hz
03-01 21:03:23.528  1057  1080 I DeviceProperties: Refresh Rate (52): 68.000000Hz
03-01 21:03:23.528  1057  1080 I DeviceProperties: Refresh Rate (53): 67.000000Hz
03-01 21:03:23.528  1057  1080 I DeviceProperties: Refresh Rate (54): 66.000000Hz
03-01 21:03:23.528  1057  1080 I DeviceProperties: Refresh Rate (55): 65.000000Hz
03-01 21:03:23.528  1057  1080 I DeviceProperties: Refresh Rate (56): 64.000000Hz
03-01 21:03:23.528  1057  1080 I DeviceProperties: Refresh Rate (57): 63.000000Hz
03-01 21:03:23.528  1057  1080 I DeviceProperties: Refresh Rate (58): 62.000000Hz
03-01 21:03:23.528  1057  1080 I DeviceProperties: Refresh Rate (59): 61.000000Hz
03-01 21:03:23.528  1057  1080 I DeviceProperties: Refresh Rate (60): 60.000000Hz
03-01 21:03:23.539   866  6433 I [CT]    : boltlib: DSP utilization: 8.21 % (411 / 5006 ms)
03-01 21:03:23.542   852  1039 E CalibrationProvider: loadCalibration(LDISP_SN) failed: Calibration store didn't load any info
03-01 21:03:23.542   852  1039 E CalibrationProvider: loadCalibration(RDISP_SN) failed: Calibration store didn't load any info
03-01 21:03:23.545  1057  1080 I DeviceProperties: DisplayParms.ScanoutDirection = 1
03-01 21:03:23.547  1057  1057 W android.ui: type=1400 audit(0.0:26978): avc: denied { read } for name="u:object_r:vendor_board_init_prop:s0" dev="tmpfs" ino=16081 scontext=u:r:system_server:s0 tcontext=u:object_r:vendor_board_init_prop:s0 tclass=file permissive=0
03-01 21:03:23.549   866  1049 W TrackingService: attachClient: found client in attached list
03-01 21:03:23.550  4074  4181 E OsSdk   : error getting shared memory region, memory type: HeadTracker, failed with Status(-1, EX_SECURITY): 'requested shared memory region when not registered/focused'
03-01 21:03:23.550   866   866 W TrackingService: attachClient: found client in attached list
03-01 21:03:23.550  1057  1080 I DeviceProperties: DisplayParms.ShutterType = 1
03-01 21:03:23.550  1057  1080 I DeviceProperties: DisplayParms.timing = 0.700000 0.700000
03-01 21:03:23.550  1057  1080 I DeviceProperties: DisplayParms.prediction = (2.000000 2.000000) (2.000000 2.000000)
03-01 21:03:23.553  4074  4181 E OsSdk   : error getting shared memory region, memory type: AnchorTracker, failed with Status(-1, EX_SECURITY): 'requested shared memory region when not registered/focused'
03-01 21:03:23.554  1057  1080 E libc    : Access denied finding property "ro.vendor.product.model_extended"
03-01 21:03:23.556  1057  1080 I DeviceProperties: getDisplayDimensions returned: 3664, 1920
03-01 21:03:23.557  1057  1080 I DeviceProperties: ovrDeviceProperties: OVR_DEVICE_CAPABILITY_POSITIONAL_TRACKING_BIT
03-01 21:03:23.557  1057  1080 I DeviceProperties: ovrDeviceProperties: OVR_DEVICE_CAPABILITY_PASSTHROUGH_CAMERA_BIT
03-01 21:03:23.557  1057  1080 I DeviceProperties: ovrDeviceProperties: OVR_DEVICE_CAPABILITY_DYNAMIC_DISPLAY_REFRESH_RATE_BIT
03-01 21:03:23.557  1057  1080 I DeviceProperties: ovrDeviceProperties: OVR_DEVICE_CAPABILITY_MEMORY_EXPORT_BIT
03-01 21:03:23.557  1057  1080 I DeviceProperties: ovrDeviceProperties: OVR_DEVICE_CAPABILITY_FIXED_FOVEATED_RENDERING_BIT
03-01 21:03:23.557  1057  1080 I DeviceProperties: ovrDeviceProperties: OVR_DEVICE_CAPABILITY_SUBSAMPLED_LAYOUT_BIT
03-01 21:03:23.557  1057  1080 I DeviceProperties: ovrDeviceProperties: OVR_DEVICE_CAPABILITY_KEYBOARD_TRACKING_BIT
03-01 21:03:23.560  4074  4133 E OsSdk   : error getting shared memory region, memory type: HeadTracker, failed with Status(-1, EX_SECURITY): 'requested shared memory region when not registered/focused'
03-01 21:03:23.560  4074  4133 W [CT]    : SlamAnchorMemoryRuntimeIpcServer: HeadTracker::getState failed
03-01 21:03:23.560  4074  4133 W [CT]    : SlamAnchorMemoryRuntimeIpcServerThread: RigidBodyStates update failure.
03-01 21:03:23.561  1057  1080 I VrRuntimeClient: DevicesSupported : 1 devices, quest
03-01 21:03:23.561  1057  1080 I VrRuntimeClient: VrRuntimeClient: Init
03-01 21:03:23.562  1057  1080 I PTKService: PTKServiceClient Init
03-01 21:03:23.562  1057  1080 I ipcLoader [RUNTIMEIPC]: RuntimeIPC: Loader: IPC Service API Loader Version: 37 Feb  7 2023 02:15:40
