11-04 17:50:01.913  3523  3523 D [SUI] SystemUXFunnelLogServerLogger: Impression Event: oculus_impressions_tile_impressioned LogInfo{duration=0, mLogId='com.oculus.store', mContentType=APP, mPosX=1, mPosy=0, mGlobalPos=1, mSurface=AUI, mSubSurface=null, mClickEventType=null}
11-04 17:50:01.913  3523  3523 D [SUI] SystemUXFunnelLogServerLogger: Impression Event: oculus_impressions_tile_impressioned LogInfo{duration=0, mLogId='messenger_system_app', mContentType=APP, mPosX=2, mPosy=0, mGlobalPos=2, mSurface=AUI, mSubSurface=null, mClickEventType=null}
11-04 17:50:01.913  3523  3523 D [SUI] SystemUXFunnelLogServerLogger: Impression Event: oculus_impressions_tile_impressioned LogInfo{duration=0, mLogId='share_system_app', mContentType=APP, mPosX=3, mPosy=0, mGlobalPos=3, mSurface=AUI, mSubSurface=null, mClickEventType=null}
11-04 17:50:01.919  1406 13707 I CompositorVR: WarpToScreen: Skipping frames for 17
11-04 17:50:01.930  1406 13707 I chatty  : uid=10025(com.oculus.systemdriver) OVR::TimeWarp identical 1 line
11-04 17:50:01.941  1406 13707 I CompositorVR: WarpToScreen: Skipping frames for 17
11-04 17:50:01.941  2125 14023 D CCodec  : allocate(c2.android.vorbis.decoder)
11-04 17:50:01.942   836  1920 V C2Store : in init
11-04 17:50:01.942   836  1920 V C2Store : loading dll
11-04 17:50:01.947  2125 14023 I CCodec  : Created component [c2.android.vorbis.decoder]
11-04 17:50:01.947  2125 14023 D CCodecConfig: read media type: audio/vorbis
11-04 17:50:01.950  2125 14023 D ReflectedParamUpdater: extent() != 1 for single value type: algo.buffers.max-count.values
11-04 17:50:01.950  2125 14023 D ReflectedParamUpdater: extent() != 1 for single value type: output.subscribed-indices.values
11-04 17:50:01.950  2125 14023 D ReflectedParamUpdater: extent() != 1 for single value type: input.buffers.allocator-ids.values
11-04 17:50:01.951 13469 13783 I VrApi   : FPS=72/72,Prd=61ms,Tear=0,Early=72,Stale=0,VSnc=1,Lat=1,Fov=0,CPU4/GPU=4/4,2419/525MHz,OC=FF,TA=0/F/F,SP=N/N/N,Mem=2092MHz,Free=3322MB,PLS=0,Temp=28.0C/0.0C,TW=3.66ms,App=1.61ms,GD=0.12ms,CPU&GPU=6.21ms,LCnt=5(DR0,LM2),GPU%=0.52,CPU%=0.13(W0.15),DSF=1.00,CFL=19.59/21.44
11-04 17:50:01.951  2125 14023 D ReflectedParamUpdater: extent() != 1 for single value type: output.buffers.allocator-ids.values
11-04 17:50:01.951  2125 14023 D ReflectedParamUpdater: extent() != 1 for single value type: algo.buffers.allocator-ids.values
11-04 17:50:01.951  2125 14023 D ReflectedParamUpdater: extent() != 1 for single value type: output.buffers.pool-ids.values
11-04 17:50:01.951  2125 14023 D ReflectedParamUpdater: extent() != 1 for single value type: algo.buffers.pool-ids.values
11-04 17:50:01.951  2125 14023 I CCodecConfig: query failed after returning 7 values (BAD_INDEX)
11-04 17:50:01.952  2125 14023 D CCodecConfig: c2 config diff is Dict {
11-04 17:50:01.952  2125 14023 D CCodecConfig:   c2::u32 coded.bitrate.value = 64000
11-04 17:50:01.952  2125 14023 D CCodecConfig:   c2::u32 input.buffers.max-size.value = 32768
11-04 17:50:01.952  2125 14023 D CCodecConfig:   c2::u32 input.delay.value = 0
11-04 17:50:01.952  2125 14023 D CCodecConfig:   string input.media-type.value = "audio/vorbis"
11-04 17:50:01.952  2125 14023 D CCodecConfig:   string output.media-type.value = "audio/raw"
11-04 17:50:01.952  2125 14023 D CCodecConfig:   c2::u32 raw.channel-count.value = 1
11-04 17:50:01.952  2125 14023 D CCodecConfig:   c2::u32 raw.sample-rate.value = 48000
11-04 17:50:01.952  2125 14023 D CCodecConfig: }
11-04 17:50:01.952  2125 14023 D CCodecConfig: no c2 equivalents for durationUs
11-04 17:50:01.952  2125 14023 D CCodecConfig: no c2 equivalents for csd-1
11-04 17:50:01.952  2125 14023 D CCodecConfig: no c2 equivalents for track-id
11-04 17:50:01.952  2125 14023 D CCodecConfig: no c2 equivalents for channel-mask
11-04 17:50:01.952  2125 14023 D CCodecConfig: c2 config diff is   c2::u32 raw.channel-count.value = 2
11-04 17:50:01.952  2125 14023 D CCodecConfig:   c2::u32 raw.sample-rate.value = 44100
11-04 17:50:01.953  1406 13707 I CompositorVR: WarpToScreen: Skipping frames for 17
11-04 17:50:01.953  2125 14023 W Codec2Client: query -- param skipped: index = 1107298332.
11-04 17:50:01.953  2125 14023 D CCodec  : setup formats input: AMessage(what = 0x00000000) = {
11-04 17:50:01.953  2125 14023 D CCodec  :   int32_t channel-count = 2
11-04 17:50:01.953  2125 14023 D CCodec  :   int32_t max-input-size = 32768
11-04 17:50:01.953  2125 14023 D CCodec  :   string mime = "audio/vorbis"
11-04 17:50:01.953  2125 14023 D CCodec  :   int32_t sample-rate = 44100
11-04 17:50:01.953  2125 14023 D CCodec  : } and output: AMessage(what = 0x00000000) = {
11-04 17:50:01.953  2125 14023 D CCodec  :   int32_t channel-count = 2
11-04 17:50:01.953  2125 14023 D CCodec  :   string mime = "audio/raw"
11-04 17:50:01.953  2125 14023 D CCodec  :   int32_t sample-rate = 44100
11-04 17:50:01.953  2125 14023 D CCodec  :   int32_t channel-mask = 3
11-04 17:50:01.953  2125 14023 D CCodec  : }
11-04 17:50:01.964   836  1913 V C2Store : in ~ComponentModule
11-04 17:50:01.964   836  1913 V C2Store : unloading dll
11-04 17:50:01.964  1406 13707 I CompositorVR: WarpToScreen: Skipping frames for 17
11-04 17:50:01.975  1406 13707 I chatty  : uid=10025(com.oculus.systemdriver) OVR::TimeWarp identical 1 line
11-04 17:50:01.986  1406 13707 I CompositorVR: WarpToScreen: Skipping frames for 17
11-04 17:50:01.989  2125 14026 D CCodec  : allocate(c2.android.vorbis.decoder)
11-04 17:50:01.989   836  1913 V C2Store : in init
11-04 17:50:01.989   836  1913 V C2Store : loading dll
11-04 17:50:01.994  2125 14026 I CCodec  : Created component [c2.android.vorbis.decoder]
11-04 17:50:01.994  2125 14026 D CCodecConfig: read media type: audio/vorbis
11-04 17:50:01.995  2125 14026 D ReflectedParamUpdater: extent() != 1 for single value type: algo.buffers.max-count.values
11-04 17:50:01.996  2125 14026 D ReflectedParamUpdater: extent() != 1 for single value type: output.subscribed-indices.values
11-04 17:50:01.997  2125 14026 D ReflectedParamUpdater: extent() != 1 for single value type: input.buffers.allocator-ids.values
11-04 17:50:01.997  1406 13707 I CompositorVR: WarpToScreen: Skipping frames for 17
11-04 17:50:01.998  2125 14026 D ReflectedParamUpdater: extent() != 1 for single value type: output.buffers.allocator-ids.values
11-04 17:50:01.998  2125 14026 D ReflectedParamUpdater: extent() != 1 for single value type: algo.buffers.allocator-ids.values
11-04 17:50:01.998  2125 14026 D ReflectedParamUpdater: extent() != 1 for single value type: output.buffers.pool-ids.values
11-04 17:50:01.998  2125 14026 D ReflectedParamUpdater: extent() != 1 for single value type: algo.buffers.pool-ids.values
11-04 17:50:02.001  2125 14026 I CCodecConfig: query failed after returning 7 values (BAD_INDEX)
11-04 17:50:02.002  2125 14026 D CCodecConfig: c2 config diff is Dict {
11-04 17:50:02.002  2125 14026 D CCodecConfig:   c2::u32 coded.bitrate.value = 64000
11-04 17:50:02.002  2125 14026 D CCodecConfig:   c2::u32 input.buffers.max-size.value = 32768
11-04 17:50:02.002  2125 14026 D CCodecConfig:   c2::u32 input.delay.value = 0
11-04 17:50:02.002  2125 14026 D CCodecConfig:   string input.media-type.value = "audio/vorbis"
11-04 17:50:02.002  2125 14026 D CCodecConfig:   string output.media-type.value = "audio/raw"
11-04 17:50:02.002  2125 14026 D CCodecConfig:   c2::u32 raw.channel-count.value = 1
11-04 17:50:02.002  2125 14026 D CCodecConfig:   c2::u32 raw.sample-rate.value = 48000
11-04 17:50:02.002  2125 14026 D CCodecConfig: }
11-04 17:50:02.002  2125 14026 D CCodecConfig: no c2 equivalents for durationUs
11-04 17:50:02.002  2125 14026 D CCodecConfig: no c2 equivalents for csd-1
11-04 17:50:02.002  2125 14026 D CCodecConfig: no c2 equivalents for track-id
11-04 17:50:02.002  2125 14026 D CCodecConfig: no c2 equivalents for channel-mask
11-04 17:50:02.003  2125 14026 D CCodecConfig: c2 config diff is   c2::u32 raw.channel-count.value = 2
11-04 17:50:02.003  2125 14026 D CCodecConfig:   c2::u32 raw.sample-rate.value = 44100
11-04 17:50:02.003  2125 14026 W Codec2Client: query -- param skipped: index = 1107298332.
11-04 17:50:02.004  2125 14026 D CCodec  : setup formats input: AMessage(what = 0x00000000) = {
11-04 17:50:02.004  2125 14026 D CCodec  :   int32_t channel-count = 2
11-04 17:50:02.004  2125 14026 D CCodec  :   int32_t max-input-size = 32768
11-04 17:50:02.004  2125 14026 D CCodec  :   string mime = "audio/vorbis"
11-04 17:50:02.004  2125 14026 D CCodec  :   int32_t sample-rate = 44100
11-04 17:50:02.004  2125 14026 D CCodec  : } and output: AMessage(what = 0x00000000) = {
11-04 17:50:02.004  2125 14026 D CCodec  :   int32_t channel-count = 2
11-04 17:50:02.004  2125 14026 D CCodec  :   string mime = "audio/raw"
11-04 17:50:02.004  2125 14026 D CCodec  :   int32_t sample-rate = 44100
11-04 17:50:02.004  2125 14026 D CCodec  :   int32_t channel-mask = 3
11-04 17:50:02.004  2125 14026 D CCodec  : }
11-04 17:50:02.007  2125 14026 W Codec2Client: query -- param skipped: index = 1342179345.
11-04 17:50:02.007  2125 14026 W Codec2Client: query -- param skipped: index = 2415921170.
11-04 17:50:02.007  2125 14026 D CCodecBufferChannel: [c2.android.vorbis.decoder#636] Created input block pool with allocatorID 16 => poolID 70 - OK (0)
11-04 17:50:02.008  1635 14014 W ContextImpl: Calling a method in the system process without a qualified user: android.app.ContextImpl.sendBroadcast:1057 android.content.ContextWrapper.sendBroadcast:448 X.o0.A00:133 X.nZ.A00:17 X.nZ.handleMessage:91 
11-04 17:50:02.008  1406 13707 I CompositorVR: WarpToScreen: Skipping frames for 17
11-04 17:50:02.008  2125 14026 I CCodecBufferChannel: [c2.android.vorbis.decoder#636] Created output block pool with allocatorID 16 => poolID 120 - OK
11-04 17:50:02.009  2125 14026 D CCodecBufferChannel: [c2.android.vorbis.decoder#636] Configured output block pool ids 120 => OK
11-04 17:50:02.011   836 14027 D SimpleC2Component: Using output block pool with poolID 120 => got 120 - 0
11-04 17:50:02.019  1406 13707 I CompositorVR: WarpToScreen: Skipping frames for 17
11-04 17:50:02.030  1406 13707 I chatty  : uid=10025(com.oculus.systemdriver) OVR::TimeWarp identical 1 line
11-04 17:50:02.041  1406 13707 I CompositorVR: WarpToScreen: Skipping frames for 17
11-04 17:50:02.051   836   836 V C2Store : in ~ComponentModule
11-04 17:50:02.051   836   836 V C2Store : unloading dll
11-04 17:50:02.053  1406 13707 I CompositorVR: WarpToScreen: Skipping frames for 17
11-04 17:50:02.075  1406 13707 I chatty  : uid=10025(com.oculus.systemdriver) OVR::TimeWarp identical 2 lines
11-04 17:50:02.086  1406 13707 I CompositorVR: WarpToScreen: Skipping frames for 17
11-04 17:50:02.087  2125 14030 D CCodec  : allocate(c2.android.vorbis.decoder)
11-04 17:50:02.087   836   836 V C2Store : in init
11-04 17:50:02.087   836   836 V C2Store : loading dll
11-04 17:50:02.090  1635 13977 W ContextImpl: Calling a method in the system process without a qualified user: android.app.ContextImpl.sendBroadcast:1057 android.content.ContextWrapper.sendBroadcast:448 X.o0.A00:133 X.nZ.A00:17 X.nZ.handleMessage:91 
11-04 17:50:02.092  2125 14030 I CCodec  : Created component [c2.android.vorbis.decoder]
11-04 17:50:02.093  2125 14030 D CCodecConfig: read media type: audio/vorbis
11-04 17:50:02.095  2125 14030 D ReflectedParamUpdater: extent() != 1 for single value type: algo.buffers.max-count.values
11-04 17:50:02.095  2125 14030 D ReflectedParamUpdater: extent() != 1 for single value type: output.subscribed-indices.values
11-04 17:50:02.095  2125 14030 D ReflectedParamUpdater: extent() != 1 for single value type: input.buffers.allocator-ids.values
11-04 17:50:02.095  2125 14030 D ReflectedParamUpdater: extent() != 1 for single value type: output.buffers.allocator-ids.values
11-04 17:50:02.096  2125 14030 D ReflectedParamUpdater: extent() != 1 for single value type: algo.buffers.allocator-ids.values
11-04 17:50:02.096  2125 14030 D ReflectedParamUpdater: extent() != 1 for single value type: output.buffers.pool-ids.values
11-04 17:50:02.096  2125 14030 D ReflectedParamUpdater: extent() != 1 for single value type: algo.buffers.pool-ids.values
11-04 17:50:02.097  2125 14030 I CCodecConfig: query failed after returning 7 values (BAD_INDEX)
11-04 17:50:02.097  2125 14030 D CCodecConfig: c2 config diff is Dict {
11-04 17:50:02.097  2125 14030 D CCodecConfig:   c2::u32 coded.bitrate.value = 64000
11-04 17:50:02.097  2125 14030 D CCodecConfig:   c2::u32 input.buffers.max-size.value = 32768
11-04 17:50:02.097  2125 14030 D CCodecConfig:   c2::u32 input.delay.value = 0
11-04 17:50:02.097  2125 14030 D CCodecConfig:   string input.media-type.value = "audio/vorbis"
11-04 17:50:02.097  2125 14030 D CCodecConfig:   string output.media-type.value = "audio/raw"
11-04 17:50:02.097  2125 14030 D CCodecConfig:   c2::u32 raw.channel-count.value = 1
11-04 17:50:02.097  2125 14030 D CCodecConfig:   c2::u32 raw.sample-rate.value = 48000
11-04 17:50:02.097  2125 14030 D CCodecConfig: }
11-04 17:50:02.097  2125 14030 D CCodecConfig: no c2 equivalents for durationUs
11-04 17:50:02.097  2125 14030 D CCodecConfig: no c2 equivalents for csd-1
11-04 17:50:02.097  2125 14030 D CCodecConfig: no c2 equivalents for track-id
11-04 17:50:02.097  2125 14030 D CCodecConfig: no c2 equivalents for channel-mask
11-04 17:50:02.097  2125 14030 D CCodecConfig: c2 config diff is   c2::u32 raw.channel-count.value = 2
11-04 17:50:02.097  2125 14030 D CCodecConfig:   c2::u32 raw.sample-rate.value = 44100
11-04 17:50:02.097  1406 13707 I CompositorVR: WarpToScreen: Skipping frames for 17
11-04 17:50:02.097  2125 14030 W Codec2Client: query -- param skipped: index = 1107298332.
11-04 17:50:02.097  2125 14030 D CCodec  : setup formats input: AMessage(what = 0x00000000) = {
11-04 17:50:02.097  2125 14030 D CCodec  :   int32_t channel-count = 2
11-04 17:50:02.097  2125 14030 D CCodec  :   int32_t max-input-size = 32768
11-04 17:50:02.097  2125 14030 D CCodec  :   string mime = "audio/vorbis"
11-04 17:50:02.097  2125 14030 D CCodec  :   int32_t sample-rate = 44100
11-04 17:50:02.097  2125 14030 D CCodec  : } and output: AMessage(what = 0x00000000) = {
11-04 17:50:02.097  2125 14030 D CCodec  :   int32_t channel-count = 2
11-04 17:50:02.097  2125 14030 D CCodec  :   string mime = "audio/raw"
11-04 17:50:02.097  2125 14030 D CCodec  :   int32_t sample-rate = 44100
11-04 17:50:02.097  2125 14030 D CCodec  :   int32_t channel-mask = 3
11-04 17:50:02.097  2125 14030 D CCodec  : }
11-04 17:50:02.101   836   836 V C2Store : in ~ComponentModule
11-04 17:50:02.101   836   836 V C2Store : unloading dll
11-04 17:50:02.108  1406 13707 I CompositorVR: WarpToScreen: Skipping frames for 17
11-04 17:50:02.112  3523  3523 D [SUI] SystemUXFunnelLogServerLogger: VPV Event: oculus_impressions_tile_vpved LogInfo{duration=250, mLogId='com.oculus.explore', mContentType=APP, mPosX=0, mPosy=0, mGlobalPos=0, mSurface=AUI, mSubSurface=null, mClickEventType=null}
11-04 17:50:02.112  3523  3523 D [SUI] SystemUXFunnelLogServerLogger: VPV Event: oculus_impressions_tile_vpved LogInfo{duration=250, mLogId='com.oculus.store', mContentType=APP, mPosX=1, mPosy=0, mGlobalPos=1, mSurface=AUI, mSubSurface=null, mClickEventType=null}
11-04 17:50:02.112  3523  3523 D [SUI] SystemUXFunnelLogServerLogger: VPV Event: oculus_impressions_tile_vpved LogInfo{duration=250, mLogId='messenger_system_app', mContentType=APP, mPosX=2, mPosy=0, mGlobalPos=2, mSurface=AUI, mSubSurface=null, mClickEventType=null}
11-04 17:50:02.112  3523  3523 D [SUI] SystemUXFunnelLogServerLogger: VPV Event: oculus_impressions_tile_vpved LogInfo{duration=250, mLogId='share_system_app', mContentType=APP, mPosX=3, mPosy=0, mGlobalPos=3, mSurface=AUI, mSubSurface=null, mClickEventType=null}
11-04 17:50:02.120  1406 13707 I CompositorVR: WarpToScreen: Skipping frames for 17
11-04 17:50:02.131  1406 13707 I CompositorVR: WarpToScreen: Skipping frames for 17
11-04 17:50:02.132  2125 14035 D CCodec  : allocate(c2.android.vorbis.decoder)
11-04 17:50:02.132   836   836 V C2Store : in init
11-04 17:50:02.132   836   836 V C2Store : loading dll
11-04 17:50:02.136  2125 14035 I CCodec  : Created component [c2.android.vorbis.decoder]
11-04 17:50:02.136  2125 14035 D CCodecConfig: read media type: audio/vorbis
11-04 17:50:02.137  2125 14035 D ReflectedParamUpdater: extent() != 1 for single value type: algo.buffers.max-count.values
11-04 17:50:02.138  2125 14035 D ReflectedParamUpdater: extent() != 1 for single value type: output.subscribed-indices.values
11-04 17:50:02.138  2125 14035 D ReflectedParamUpdater: extent() != 1 for single value type: input.buffers.allocator-ids.values
11-04 17:50:02.138  2125 14035 D ReflectedParamUpdater: extent() != 1 for single value type: output.buffers.allocator-ids.values
11-04 17:50:02.138  2125 14035 D ReflectedParamUpdater: extent() != 1 for single value type: algo.buffers.allocator-ids.values
11-04 17:50:02.138  2125 14035 D ReflectedParamUpdater: extent() != 1 for single value type: output.buffers.pool-ids.values
11-04 17:50:02.138  2125 14035 D ReflectedParamUpdater: extent() != 1 for single value type: algo.buffers.pool-ids.values
11-04 17:50:02.139  2125 14035 I CCodecConfig: query failed after returning 7 values (BAD_INDEX)
11-04 17:50:02.139  2125 14035 D CCodecConfig: c2 config diff is Dict {
11-04 17:50:02.139  2125 14035 D CCodecConfig:   c2::u32 coded.bitrate.value = 64000
11-04 17:50:02.139  2125 14035 D CCodecConfig:   c2::u32 input.buffers.max-size.value = 32768
11-04 17:50:02.139  2125 14035 D CCodecConfig:   c2::u32 input.delay.value = 0
11-04 17:50:02.139  2125 14035 D CCodecConfig:   string input.media-type.value = "audio/vorbis"
11-04 17:50:02.139  2125 14035 D CCodecConfig:   string output.media-type.value = "audio/raw"
11-04 17:50:02.139  2125 14035 D CCodecConfig:   c2::u32 raw.channel-count.value = 1
11-04 17:50:02.139  2125 14035 D CCodecConfig:   c2::u32 raw.sample-rate.value = 48000
11-04 17:50:02.139  2125 14035 D CCodecConfig: }
11-04 17:50:02.140  2125 14035 D CCodecConfig: no c2 equivalents for durationUs
11-04 17:50:02.140  2125 14035 D CCodecConfig: no c2 equivalents for csd-1
11-04 17:50:02.140  2125 14035 D CCodecConfig: no c2 equivalents for track-id
11-04 17:50:02.140  2125 14035 D CCodecConfig: no c2 equivalents for channel-mask
11-04 17:50:02.140  2125 14035 D CCodecConfig: c2 config diff is   c2::u32 raw.channel-count.value = 2
11-04 17:50:02.140  2125 14035 D CCodecConfig:   c2::u32 raw.sample-rate.value = 44100
11-04 17:50:02.140  2125 14035 W Codec2Client: query -- param skipped: index = 1107298332.
11-04 17:50:02.140  2125 14035 D CCodec  : setup formats input: AMessage(what = 0x00000000) = {
11-04 17:50:02.140  2125 14035 D CCodec  :   int32_t channel-count = 2
11-04 17:50:02.140  2125 14035 D CCodec  :   int32_t max-input-size = 32768
11-04 17:50:02.140  2125 14035 D CCodec  :   string mime = "audio/vorbis"
11-04 17:50:02.140  2125 14035 D CCodec  :   int32_t sample-rate = 44100
11-04 17:50:02.140  2125 14035 D CCodec  : } and output: AMessage(what = 0x00000000) = {
11-04 17:50:02.140  2125 14035 D CCodec  :   int32_t channel-count = 2
11-04 17:50:02.140  2125 14035 D CCodec  :   string mime = "audio/raw"
11-04 17:50:02.140  2125 14035 D CCodec  :   int32_t sample-rate = 44100
11-04 17:50:02.140  2125 14035 D CCodec  :   int32_t channel-mask = 3
11-04 17:50:02.140  2125 14035 D CCodec  : }
11-04 17:50:02.142  1406 13707 I CompositorVR: WarpToScreen: Skipping frames for 17
11-04 17:50:02.144  2125 14035 W Codec2Client: query -- param skipped: index = 1342179345.
11-04 17:50:02.144  2125 14035 W Codec2Client: query -- param skipped: index = 2415921170.
11-04 17:50:02.144  2125 14035 D CCodecBufferChannel: [c2.android.vorbis.decoder#91] Created input block pool with allocatorID 16 => poolID 71 - OK (0)
11-04 17:50:02.146  2125 14035 I CCodecBufferChannel: [c2.android.vorbis.decoder#91] Created output block pool with allocatorID 16 => poolID 121 - OK
11-04 17:50:02.147  2125 14035 D CCodecBufferChannel: [c2.android.vorbis.decoder#91] Configured output block pool ids 121 => OK
11-04 17:50:02.150   836 14036 D SimpleC2Component: Using output block pool with poolID 121 => got 121 - 0
11-04 17:50:02.153  1406 13707 I CompositorVR: WarpToScreen: Skipping frames for 17
11-04 17:50:02.155  2125 14035 D CCodecBufferChannel: [c2.android.vorbis.decoder#91] Discard frames from previous generation.
11-04 17:50:02.155  2125 14035 I chatty  : uid=10014(com.oculus.shellenv) identical 1 line
11-04 17:50:02.162  2125 14035 D CCodecBufferChannel: [c2.android.vorbis.decoder#91] Discard frames from previous generation.
11-04 17:50:02.163   836  2111 D BufferPoolAccessor: Destruction - bufferpool2 0x2c63bf8a30 cached: 0/0M, 0/0% in use; allocs: 0, 0% recycled; transfers: 0, 0% unfetced
11-04 17:50:02.164   836  2111 V C2Store : in ~ComponentModule
11-04 17:50:02.164   836  2111 V C2Store : unloading dll
11-04 17:50:02.164  1406 13707 I CompositorVR: WarpToScreen: Skipping frames for 17
11-04 17:50:02.173 13469 13807 D UE4     : [2022.11.04-17.50.02:173][125]LogTcpMessaging: Lost node '100605594B9F254669CA4191E505F65E' on connection '127.0.0.1:49005'...
11-04 17:50:02.175  1406 13707 I CompositorVR: WarpToScreen: Skipping frames for 17
11-04 17:50:02.186  1406 13707 I CompositorVR: WarpToScreen: Skipping frames for 17
11-04 17:50:02.187  2125 14038 D CCodec  : allocate(c2.android.vorbis.decoder)
11-04 17:50:02.187   836  2111 V C2Store : in init
11-04 17:50:02.187   836  2111 V C2Store : loading dll
11-04 17:50:02.191  2125 14038 I CCodec  : Created component [c2.android.vorbis.decoder]
11-04 17:50:02.192  2125 14038 D CCodecConfig: read media type: audio/vorbis
11-04 17:50:02.193  2125 14038 D ReflectedParamUpdater: extent() != 1 for single value type: algo.buffers.max-count.values
11-04 17:50:02.194  2125 14038 D ReflectedParamUpdater: extent() != 1 for single value type: output.subscribed-indices.values
11-04 17:50:02.194  2125 14038 D ReflectedParamUpdater: extent() != 1 for single value type: input.buffers.allocator-ids.values
11-04 17:50:02.194  2125 14038 D ReflectedParamUpdater: extent() != 1 for single value type: output.buffers.allocator-ids.values
11-04 17:50:02.194  2125 14038 D ReflectedParamUpdater: extent() != 1 for single value type: algo.buffers.allocator-ids.values
11-04 17:50:02.194  2125 14038 D ReflectedParamUpdater: extent() != 1 for single value type: output.buffers.pool-ids.values
11-04 17:50:02.194  2125 14038 D ReflectedParamUpdater: extent() != 1 for single value type: algo.buffers.pool-ids.values
11-04 17:50:02.195  2125 14038 I CCodecConfig: query failed after returning 7 values (BAD_INDEX)
11-04 17:50:02.195  2125 14038 D CCodecConfig: c2 config diff is Dict {
11-04 17:50:02.195  2125 14038 D CCodecConfig:   c2::u32 coded.bitrate.value = 64000
11-04 17:50:02.195  2125 14038 D CCodecConfig:   c2::u32 input.buffers.max-size.value = 32768
11-04 17:50:02.195  2125 14038 D CCodecConfig:   c2::u32 input.delay.value = 0
11-04 17:50:02.195  2125 14038 D CCodecConfig:   string input.media-type.value = "audio/vorbis"
11-04 17:50:02.195  2125 14038 D CCodecConfig:   string output.media-type.value = "audio/raw"
11-04 17:50:02.195  2125 14038 D CCodecConfig:   c2::u32 raw.channel-count.value = 1
11-04 17:50:02.195  2125 14038 D CCodecConfig:   c2::u32 raw.sample-rate.value = 48000
11-04 17:50:02.195  2125 14038 D CCodecConfig: }
11-04 17:50:02.195  2125 14038 D CCodecConfig: no c2 equivalents for durationUs
11-04 17:50:02.195  2125 14038 D CCodecConfig: no c2 equivalents for csd-1
11-04 17:50:02.195  2125 14038 D CCodecConfig: no c2 equivalents for track-id
11-04 17:50:02.195  2125 14038 D CCodecConfig: no c2 equivalents for channel-mask
11-04 17:50:02.196  2125 14038 D CCodecConfig: c2 config diff is   c2::u32 raw.channel-count.value = 2
11-04 17:50:02.196  2125 14038 D CCodecConfig:   c2::u32 raw.sample-rate.value = 44100
11-04 17:50:02.196  2125 14038 W Codec2Client: query -- param skipped: index = 1107298332.
11-04 17:50:02.196  2125 14038 D CCodec  : setup formats input: AMessage(what = 0x00000000) = {
11-04 17:50:02.196  2125 14038 D CCodec  :   int32_t channel-count = 2
11-04 17:50:02.196  2125 14038 D CCodec  :   int32_t max-input-size = 32768
11-04 17:50:02.196  2125 14038 D CCodec  :   string mime = "audio/vorbis"
11-04 17:50:02.196  2125 14038 D CCodec  :   int32_t sample-rate = 44100
11-04 17:50:02.196  2125 14038 D CCodec  : } and output: AMessage(what = 0x00000000) = {
11-04 17:50:02.196  2125 14038 D CCodec  :   int32_t channel-count = 2
11-04 17:50:02.196  2125 14038 D CCodec  :   string mime = "audio/raw"
11-04 17:50:02.196  2125 14038 D CCodec  :   int32_t sample-rate = 44100
11-04 17:50:02.196  2125 14038 D CCodec  :   int32_t channel-mask = 3
11-04 17:50:02.196  2125 14038 D CCodec  : }
11-04 17:50:02.198  1406 13707 I CompositorVR: WarpToScreen: Skipping frames for 17
11-04 17:50:02.204   836  2111 V C2Store : in ~ComponentModule
11-04 17:50:02.204   836  2111 V C2Store : unloading dll
11-04 17:50:02.209  1406 13707 I CompositorVR: WarpToScreen: Skipping frames for 17
11-04 17:50:02.220  1406 13707 I CompositorVR: WarpToScreen: Skipping frames for 17
11-04 17:50:02.222  2125 14041 D CCodec  : allocate(c2.android.vorbis.decoder)
11-04 17:50:02.222   836  2111 V C2Store : in init
11-04 17:50:02.222   836  2111 V C2Store : loading dll
11-04 17:50:02.227  2125 14041 I CCodec  : Created component [c2.android.vorbis.decoder]
11-04 17:50:02.227  2125 14041 D CCodecConfig: read media type: audio/vorbis
11-04 17:50:02.229  2125 14041 D ReflectedParamUpdater: extent() != 1 for single value type: algo.buffers.max-count.values
11-04 17:50:02.229  2125 14041 D ReflectedParamUpdater: extent() != 1 for single value type: output.subscribed-indices.values
11-04 17:50:02.229  2125 14041 D ReflectedParamUpdater: extent() != 1 for single value type: input.buffers.allocator-ids.values
11-04 17:50:02.229  2125 14041 D ReflectedParamUpdater: extent() != 1 for single value type: output.buffers.allocator-ids.values
11-04 17:50:02.229  2125 14041 D ReflectedParamUpdater: extent() != 1 for single value type: algo.buffers.allocator-ids.values
11-04 17:50:02.229  2125 14041 D ReflectedParamUpdater: extent() != 1 for single value type: output.buffers.pool-ids.values
11-04 17:50:02.229  2125 14041 D ReflectedParamUpdater: extent() != 1 for single value type: algo.buffers.pool-ids.values
11-04 17:50:02.230  2125 14041 I CCodecConfig: query failed after returning 7 values (BAD_INDEX)
11-04 17:50:02.230  2125 14041 D CCodecConfig: c2 config diff is Dict {
11-04 17:50:02.230  2125 14041 D CCodecConfig:   c2::u32 coded.bitrate.value = 64000
11-04 17:50:02.230  2125 14041 D CCodecConfig:   c2::u32 input.buffers.max-size.value = 32768
11-04 17:50:02.230  2125 14041 D CCodecConfig:   c2::u32 input.delay.value = 0
11-04 17:50:02.230  2125 14041 D CCodecConfig:   string input.media-type.value = "audio/vorbis"
11-04 17:50:02.230  2125 14041 D CCodecConfig:   string output.media-type.value = "audio/raw"
11-04 17:50:02.230  2125 14041 D CCodecConfig:   c2::u32 raw.channel-count.value = 1
11-04 17:50:02.230  2125 14041 D CCodecConfig:   c2::u32 raw.sample-rate.value = 48000
11-04 17:50:02.230  2125 14041 D CCodecConfig: }
11-04 17:50:02.230  2125 14041 D CCodecConfig: no c2 equivalents for durationUs
11-04 17:50:02.230  2125 14041 D CCodecConfig: no c2 equivalents for csd-1
11-04 17:50:02.230  2125 14041 D CCodecConfig: no c2 equivalents for track-id
11-04 17:50:02.230  2125 14041 D CCodecConfig: no c2 equivalents for channel-mask
11-04 17:50:02.230  2125 14041 D CCodecConfig: c2 config diff is   c2::u32 raw.channel-count.value = 2
11-04 17:50:02.230  2125 14041 D CCodecConfig:   c2::u32 raw.sample-rate.value = 44100
11-04 17:50:02.231  2125 14041 W Codec2Client: query -- param skipped: index = 1107298332.
11-04 17:50:02.231  2125 14041 D CCodec  : setup formats input: AMessage(what = 0x00000000) = {
11-04 17:50:02.231  2125 14041 D CCodec  :   int32_t channel-count = 2
11-04 17:50:02.231  2125 14041 D CCodec  :   int32_t max-input-size = 32768
11-04 17:50:02.231  2125 14041 D CCodec  :   string mime = "audio/vorbis"
11-04 17:50:02.231  2125 14041 D CCodec  :   int32_t sample-rate = 44100
11-04 17:50:02.231  2125 14041 D CCodec  : } and output: AMessage(what = 0x00000000) = {
11-04 17:50:02.231  2125 14041 D CCodec  :   int32_t channel-count = 2
11-04 17:50:02.231  2125 14041 D CCodec  :   string mime = "audio/raw"
11-04 17:50:02.231  2125 14041 D CCodec  :   int32_t sample-rate = 44100
11-04 17:50:02.231  2125 14041 D CCodec  :   int32_t channel-mask = 3
11-04 17:50:02.231  2125 14041 D CCodec  : }
11-04 17:50:02.231  1406 13707 I CompositorVR: WarpToScreen: Skipping frames for 17
11-04 17:50:02.240  2125 14041 W Codec2Client: query -- param skipped: index = 1342179345.
11-04 17:50:02.240  2125 14041 W Codec2Client: query -- param skipped: index = 2415921170.
11-04 17:50:02.241  2125 14041 D CCodecBufferChannel: [c2.android.vorbis.decoder#509] Created input block pool with allocatorID 16 => poolID 72 - OK (0)
11-04 17:50:02.242  2125 14041 I CCodecBufferChannel: [c2.android.vorbis.decoder#509] Created output block pool with allocatorID 16 => poolID 122 - OK
11-04 17:50:02.242  2125 14041 D CCodecBufferChannel: [c2.android.vorbis.decoder#509] Configured output block pool ids 122 => OK
11-04 17:50:02.242  1406 13707 I CompositorVR: WarpToScreen: Skipping frames for 17
11-04 17:50:02.243   836 14042 D SimpleC2Component: Using output block pool with poolID 122 => got 122 - 0
11-04 17:50:02.253  1406 13707 I CompositorVR: WarpToScreen: Skipping frames for 17
11-04 17:50:02.277  1635 14028 W ContextImpl: Calling a method in the system process without a qualified user: android.app.ContextImpl.sendBroadcast:1057 android.content.ContextWrapper.sendBroadcast:448 X.o0.A00:133 X.nZ.A00:17 X.nZ.handleMessage:91 
11-04 17:50:02.486  1635 14034 W ContextImpl: Calling a method in the system process without a qualified user: android.app.ContextImpl.sendBroadcast:1057 android.content.ContextWrapper.sendBroadcast:448 X.o0.A00:133 X.nZ.A00:17 X.nZ.handleMessage:91 
11-04 17:50:02.543  1406 13707 I chatty  : uid=10025(com.oculus.systemdriver) OVR::TimeWarp identical 26 lines
11-04 17:50:02.554  1406 13707 I CompositorVR: WarpToScreen: Skipping frames for 17
11-04 17:50:02.557 13469 13499 D UE4     : [2022.11.04-17.50.02:557][125]LogCore: Display: AppLifetime: Application will deactivate
11-04 17:50:02.560 13469 13558 D OVRPlugin: Leaving VR mode.
11-04 17:50:02.560 13469 13558 I VrApi   : ---------- vrapi_LeaveVrMode [start] ----------
11-04 17:50:02.561 13469 13558 I XrRuntimeUtils: XrRuntimeUtils::EndSession
11-04 17:50:02.564 13469 13558 D VrApi   : targetSDKVersion 29
11-04 17:50:02.565  1406 13707 I CompositorVR: WarpToScreen: Skipping frames for 17
11-04 17:50:02.566 13469 13558 I VrRuntimeClient: DEVICE MODEL NUMBER = Quest
11-04 17:50:02.566 13469 13558 I VrRuntimeClient: DEVICE BUILD NAME = user-47421700667400000
11-04 17:50:02.566 13469 13558 I VrRuntimeClient: DEVICE BUILD TYPE = user
11-04 17:50:02.566 13469 13558 I VrRuntimeClient: DEVICE OS VERSION = 10
11-04 17:50:02.566 13469 13558 I VrRuntimeClient: API LOADER VERSION = 1.44.0
11-04 17:50:02.566 13469 13558 I VrRuntimeClient: RUNTIME API VERSION = 1.63.0
11-04 17:50:02.566 13469 13558 I VrRuntimeClient: RUNTIME VERSION = 46.0.0.226.0 Sep  6 2022 02:18:30 RELEASE
11-04 17:50:02.566 13469 13558 I VrRuntimeClient: APP NAME = TemplateProject3
11-04 17:50:02.566 13469 13558 I VrRuntimeClient: APP VERSION = 1.0 versionCode 1 internalVersionName <none>
11-04 17:50:02.566 13469 13558 I VrRuntimeClient: APP VR TYPE = <none>
11-04 17:50:02.566 13469 13558 I VrRuntimeClient: APP MODE TYPE = VR
11-04 17:50:02.566 13469 13558 I VrRuntimeClient: APP PACKAGE NAME = com.YourCompany.TemplateProject3
11-04 17:50:02.566 13469 13558 I VrRuntimeClient: APP ACTIVITY CLASS = com.epicgames.ue4.GameActivity
11-04 17:50:02.567 13469 13558 D BatteryReceiver: Unregistering battery receiver
11-04 17:50:02.567 13469 13558 I Sensor  : OSSDKTRACKING Shutdown tracking
11-04 17:50:02.567 13469 13558 I LogTimer: CPUTIME: VrRuntimeClient_EndSession took 5.7692 ms
11-04 17:50:02.573 13469 13783 I VrApi   : FPS=72/72,Prd=61ms,Tear=0,Early=72,Stale=0,VSnc=1,Lat=1,Fov=0,CPU4/GPU=4/4,2419/525MHz,OC=FF,TA=0/F/F,SP=N/N/N,Mem=2092MHz,Free=3322MB,PLS=0,Temp=28.0C/0.0C,TW=3.66ms,App=1.61ms,GD=0.12ms,CPU&GPU=6.21ms,LCnt=5(DR0,LM2),GPU%=0.52,CPU%=0.13(W0.15),DSF=1.00,CFL=19.59/21.44
11-04 17:50:02.574 13469 13558 I VrApi   : OVR::Stats thread stopped
11-04 17:50:02.574 13469 13558 I InputDeviceManager: ovrInputDeviceManager::~ovrInputDeviceManager
11-04 17:50:02.574 13469 13558 I InputDevice_TrackedRemote: OSSDKTRACKING shutting down Haptics
11-04 17:50:02.574 13469 13558 I chatty  : uid=10131(com.YourCompany.TemplateProject3) identical 2 lines
11-04 17:50:02.574 13469 13558 I InputDevice_TrackedRemote: OSSDKTRACKING shutting down Haptics
11-04 17:50:02.574 13469 13558 I OSHandDataQuerier: OSSDKTRACKING shutting down HandsTracker
11-04 17:50:02.574 13469 13558 I OSHandDataQuerier: OSSDKTRACKING shutting down HandsTracker
11-04 17:50:02.574 13469 13558 D OsSdk   : TrackingServiceConnection dtor
11-04 17:50:02.574   851  1490 I TrackingService: Unregistering client by ITrackingService.unregisterClient
11-04 17:50:02.574   851  1490 I TrackingService: Failed to unregister client because client not found in registered list
11-04 17:50:02.575   851  1490 I chatty  : uid=1000(system) Binder:851_4 identical 7 lines
11-04 17:50:02.575   851  1490 I TrackingService: Failed to unregister client because client not found in registered list
11-04 17:50:02.575   851  1490 D TrackingService: unregister: com.YourCompany.TemplateProject3
11-04 17:50:02.575 13469 13558 D OsSdk   : TrackingServiceConnection unregistered
11-04 17:50:02.576  1406 13707 I CompositorVR: WarpToScreen: Skipping frames for 17
11-04 17:50:02.598  1406 13707 I chatty  : uid=10025(com.oculus.systemdriver) OVR::TimeWarp identical 2 lines
11-04 17:50:02.609  1406 13707 I CompositorVR: WarpToScreen: Skipping frames for 17
11-04 17:50:02.618 13469 13780 I ClientInputThread_Internal: InputThreadRun ShutdownRequest received
11-04 17:50:02.619 13469 13558 I InputHooks_Internal: Disabling Native Input Hooks
11-04 17:50:02.619 13469 13558 I ClientInputTrackedKeyboardManager: TRACKEDKEYBOARD ClearTrackedObjectManager called on client
11-04 17:50:02.620  1406 13542 I VrRuntimeService: RuntimeServiceSDKServer::EnableRendering: 0x0, 0, com.YourCompany.TemplateProject3
11-04 17:50:02.620  1406 13542 I ClientMgr: ClientMgr::EnableRendering 13469:com.YourCompany.TemplateProject3 : type 0 comp-id 17: disable
11-04 17:50:02.620  1406 13542 I VrRuntimeServer: DisableCompositorClient: 17
11-04 17:50:02.620  1406 13542 I CompositorClientMgr: Disable client 17
11-04 17:50:02.620  1406 13542 I CompositorClientMgr: DisableClient: frame flush required: 1
11-04 17:50:02.621  1406 13707 I CompositorVR: WarpToScreen: Skipping frames for 17
11-04 17:50:02.630  1406  2649 I ClientMgr: Non-overlay clients rendering status has changed: prev=66, curr=67, enabled=1
11-04 17:50:02.630  1406  2649 I ClientMgr: Primary client determined to be the current enabled client 427519985
11-04 17:50:02.632  1406 13542 I UnifiedTelemetryWrapper: Stopped UT session render:com.YourCompany.TemplateProject3
11-04 17:50:02.632 13469 13798 I FenceChecker: FenceChecker::MainLoop - ended
11-04 17:50:02.633 13469 13558 I XrRuntimeUtils: XrRuntimeUtils::DestroySession
11-04 17:50:02.633 13469 13558 I VrApi   : ---------- vrapi_LeaveVrMode [end] ----------
11-04 17:50:02.633 13469 13558 D OVRPlugin: Reset m_session to nullptr
11-04 17:50:02.634 13469 13499 D UE4     : [GameActivity] Unregistering volume receiver
11-04 17:50:02.634 13469 13499 D UE4     : [GameActivity] Unregistering battery receiver
11-04 17:50:02.635 13469 13499 D UE4     : [GameActivity] Unregistering headset receiver
11-04 17:50:02.635 13469 13499 D UE4     : [2022.11.04-17.50.02:635][125]LogCore: Display: AppLifetime: Application will enter background
11-04 17:50:02.635 13469 13499 D UE4     : [2022.11.04-17.50.02:635][125]LogTemp: Android pause audio
11-04 17:50:02.636 13469 13499 D UE4     : [2022.11.04-17.50.02:636][125]LogAudioMixerAndroid: Display: Suspending android audio renderer
11-04 17:50:02.637 13469 13499 D         : PlayerBase::pause() from IPlayer
11-04 17:50:02.638 13469 13500 D UE4     : [2022.11.04-17.50.02:638][125]LogAndroid: Blocking renderer on invalid window.
11-04 17:50:02.638 13469 13500 D UE4     : [2022.11.04-17.50.02:638][125]LogAndroid: Waiting for renderer to encounter blocking command.
11-04 17:50:02.639 13469 13792 D UE4     : [2022.11.04-17.50.02:639][125]LogAndroid: Blocking renderer
11-04 17:50:02.639 13469 13499 D UE4     : [2022.11.04-17.50.02:639][125]LogHMD: Error: FOculusHMDModule::GetPluginWrapper().WaitToBeginFrame 3119 failed (-1003)
11-04 17:50:02.639 13469 13500 D UE4     : LogAndroidEvents::EnqueueAppEvent : 13, [width=-1, height=-1], tid = 13500, APP_EVENT_STATE_APP_SUSPENDED
11-04 17:50:02.639  1508  1508 V AvrcpMediaPlayerList: onPlaybackConfigChanged(): Configs list size=7
11-04 17:50:02.639 13469 13500 D UE4     : Case APP_CMD_TERM_WINDOW, tid = 13500
11-04 17:50:02.640 13469 13500 D UE4     : [2022.11.04-17.50.02:639][125]LogAndroid: Case APP_CMD_TERM_WINDOW
11-04 17:50:02.640 13469 13500 D UE4     : LogAndroidEvents::EnqueueAppEvent : 3, [width=-1, height=-1], tid = 13500, APP_EVENT_STATE_WINDOW_DESTROYED
11-04 17:50:02.643 13469 13469 V UE4     : [GameApp] App in background
11-04 17:50:02.643 13469 13469 D UE4     : [GameActivity] ==============> GameActive.onStop complete!
11-04 17:50:02.643 13469 13500 D UE4     : [2022.11.04-17.50.02:643][125]LogAndroid: Case APP_CMD_STOP
11-04 17:50:02.643 13469 13500 D UE4     : LogAndroidEvents::EnqueueAppEvent : 8, [width=-1, height=-1], tid = 13500, APP_EVENT_STATE_ON_STOP
11-04 17:50:02.645 13469 13469 D UE4     : [GameActivity] onDestroy: destroy memoryHandlerThread
11-04 17:50:02.645 13469 13500 D UE4     : [2022.11.04-17.50.02:645][125]LogAndroid: Case APP_CMD_INPUT_CHANGED
11-04 17:50:02.645 13469 13500 D UE4     : [2022.11.04-17.50.02:645][125]LogAndroid: Case APP_CMD_DESTROY
11-04 17:50:02.645 13469 13500 D UE4     : LogAndroidEvents::EnqueueAppEvent : 15, [width=-1, height=-1], tid = 13500, APP_EVENT_RUN_CALLBACK
11-04 17:50:02.645 13469 13500 D UE4     : LogAndroidEvents::EnqueueAppEvent : 5, [width=-1, height=-1], tid = 13500, APP_EVENT_STATE_ON_DESTROY
11-04 17:50:02.647 13469 13499 D UE4     : [2022.11.04-17.50.02:647][126]LogAndroidEvents: Display: LogAndroidEvents::DequeueAppEvent : 13, [width=-1, height=-1], APP_EVENT_STATE_APP_SUSPENDED
11-04 17:50:02.647 13469 13499 D UE4     : FAppEventManager::Tick processing, 13
11-04 17:50:02.647 13469 13499 D UE4     : Execution will be paused...
11-04 17:50:02.647 13469 13499 D UE4     : [2022.11.04-17.50.02:647][126]LogAndroidEvents: Display: LogAndroidEvents::DequeueAppEvent : 3, [width=-1, height=-1], APP_EVENT_STATE_WINDOW_DESTROYED
11-04 17:50:02.647 13469 13499 D UE4     : FAppEventManager::Tick processing, 3
11-04 17:50:02.647 13469 13499 D UE4     : APP_EVENT_STATE_WINDOW_DESTROYED, 0, 0, 0
11-04 17:50:02.647 13469 13499 D UE4     : [2022.11.04-17.50.02:647][126]LogAndroidEvents: Display: LogAndroidEvents::DequeueAppEvent : 8, [width=-1, height=-1], APP_EVENT_STATE_ON_STOP
11-04 17:50:02.647 13469 13499 D UE4     : FAppEventManager::Tick processing, 8
11-04 17:50:02.647 13469 13499 D UE4     : [2022.11.04-17.50.02:647][126]LogAndroidEvents: Display: LogAndroidEvents::DequeueAppEvent : 15, [width=-1, height=-1], APP_EVENT_RUN_CALLBACK
11-04 17:50:02.647 13469 13499 D UE4     : FAppEventManager::Tick processing, 15
11-04 17:50:02.647 13469 13499 D UE4     : [2022.11.04-17.50.02:647][126]LogAndroidEvents: Display: Event thread callback running.
11-04 17:50:02.648 13469 13499 D UE4     : [2022.11.04-17.50.02:647][126]LogAndroidEvents: Display: LogAndroidEvents::DequeueAppEvent : 5, [width=-1, height=-1], APP_EVENT_STATE_ON_DESTROY
11-04 17:50:02.648 13469 13500 I emplateProject: System.exit called, status: 0
11-04 17:50:02.648 13469 13499 D UE4     : FAppEventManager::Tick processing, 5
11-04 17:50:02.648 13469 13499 D UE4     : APP_EVENT_STATE_ON_DESTROY
11-04 17:50:02.648 13469 13499 D UE4     : FAppEventManager::Tick EventHandlerEvent Wait 
11-04 17:50:02.648 13469 13499 D UE4     : FAppEventManager::Tick EventHandlerEvent DONE Wait 
11-04 17:50:02.648 13469 13500 I AndroidRuntime: VM exiting with result code 0, cleanup skipped.
11-04 17:50:02.721   721   886 D msm8974_platform: platform_split_snd_device: snd_device(2) num devices(1) new_snd_devices(0)
11-04 17:50:02.726  1406 13552 W RuntimeIPCServerMgr: RPCClientHandler::MainLoop: Error reading pipe: Client: com.YourCompany.TemplateProject3:com.YourCompany.TemplateProject3:13469, Server: com.oculus.systemdriver:com.oculus.vrruntimeservice (HapticsServer)
11-04 17:50:02.726  2954 13548 W RuntimeIPCServerMgr: RPCClientHandler::MainLoop: Error reading pipe: Client: com.YourCompany.TemplateProject3:com.YourCompany.TemplateProject3:13469, Server: com.oculus.guardian:com.oculus.vrguardianservice (guardianserver)
11-04 17:50:02.726  2354 13547 W RuntimeIPCServerMgr: RPCClientHandler::MainLoop: Error reading pipe: Client: com.YourCompany.TemplateProject3:com.YourCompany.TemplateProject3:13469, Server: com.oculus.vrshell:com.oculus.vrshell:Overlay (ptkserviceserver)
11-04 17:50:02.726  1406 13542 W RuntimeIPCServerMgr: RPCClientHandler::MainLoop: Error reading pipe: Client: com.YourCompany.TemplateProject3:com.YourCompany.TemplateProject3:13469, Server: com.oculus.systemdriver:com.oculus.vrruntimeservice (RuntimeServiceServer)
11-04 17:50:02.726  1406 13542 I VrRuntimeService: RuntimeIPC: IPC_SYSTEM_EVENT_CLIENT_DISCONNECTED_EXT: com.YourCompany.TemplateProject3
11-04 17:50:02.726  1406 13542 I ClientMgr: ClientMgr::DestroyClient: 13469:com.YourCompany.TemplateProject3
11-04 17:50:02.726  1406 13542 I ClientMgr: ClientMgr::DestroyClient Destroying 2 swapchain(s) for 13469:com.YourCompany.TemplateProject3.
11-04 17:50:02.726  1406 13542 I ClientMgr: ClientMgr::DestroyClient: non-deferred ShutdownResources: 3118 == 3118 
11-04 17:50:02.726  1406 13542 I VrRuntimeServer: UnRegisterCompositorClient client(17)
11-04 17:50:02.726  1406 13542 I ClientMgr: RemoveClient: com.YourCompany.TemplateProject3:com.YourCompany.TemplateProject3:13469
11-04 17:50:02.726  1406 13541 W RuntimeIPCServerMgr: RPCClientHandler::MainLoop: Error reading pipe: Client: com.YourCompany.TemplateProject3:com.YourCompany.TemplateProject3:13469, Server: com.oculus.systemdriver:com.oculus.vrruntimeservice (gkcache)
11-04 17:50:02.727  1635  3966 W SessionController: Failed to stop session (com.oculus.systemdriver:render_process_unknown) because the sessionName does not exist.
11-04 17:50:02.727  1406 13542 I UnifiedTelemetryWrapper: Stopped UT session render_process_unknown
11-04 17:50:02.730  1406 13542 I UnifiedTelemetryWrapper: Stopped UT session lifetime:com.YourCompany.TemplateProject3
11-04 17:50:02.737  2954  3032 I GuardianSystem: runtimeServiceSDKClient_.ActiveClientDestroyedEventData: package=[com.YourCompany.TemplateProject3], process=[com.YourCompany.TemplateProject3]
11-04 17:50:02.737  2954  3032 I GuardianSystem: OnDestroyActiveClient: com.YourCompany.TemplateProject3
11-04 17:50:02.740  1044  1153 W InputDispatcher: channel '5f3263f com.YourCompany.TemplateProject3/com.epicgames.ue4.GameActivity (server)' ~ Consumer closed input channel or an error occurred.  events=0x9
11-04 17:50:02.740  1044  1153 E InputDispatcher: channel '5f3263f com.YourCompany.TemplateProject3/com.epicgames.ue4.GameActivity (server)' ~ Channel is unrecoverably broken and will be disposed!
11-04 17:50:02.740   793  2893 W IPCDataChannelAndroidBinder: binder_test2: RuntimeIPC: ConnectionDiedInfo: onBinderDied: 0, com.YourCompany.TemplateProject3:com.YourCompany.TemplateProject3:13469
11-04 17:50:02.740  2954  3069 W IPCDataChannelAndroidBinder: binder_test2: RuntimeIPC: ConnectionDiedInfo: onBinderDied: 1, com.YourCompany.TemplateProject3:com.YourCompany.TemplateProject3:13469
11-04 17:50:02.740   793  2893 I RuntimeIPCService: DestroyBrokerConnection: com.YourCompany.TemplateProject3:com.YourCompany.TemplateProject3:13469
11-04 17:50:02.740   793  2893 E IPCThreadState: attemptIncStrongHandle(14): Not supported
11-04 17:50:02.740  2954  3069 W IPCDataChannelServer: datachannel_test: Disconnected: 3254703022, com.YourCompany.TemplateProject3:com.YourCompany.TemplateProject3:13469
11-04 17:50:02.740  2954  3069 E IPCThreadState: attemptIncStrongHandle(31): Not supported
11-04 17:50:02.740  1406  1422 W IPCDataChannelAndroidBinder: binder_test2: RuntimeIPC: ConnectionDiedInfo: onBinderDied: 1, com.YourCompany.TemplateProject3:com.YourCompany.TemplateProject3:13469
11-04 17:50:02.740  1406  1422 W IPCDataChannelServer: datachannel_test: Disconnected: 3254703022, com.YourCompany.TemplateProject3:com.YourCompany.TemplateProject3:13469
11-04 17:50:02.740  1406  1422 E IPCThreadState: attemptIncStrongHandle(90): Not supported
11-04 17:50:02.740  2354  4374 W IPCDataChannelAndroidBinder: binder_test2: RuntimeIPC: ConnectionDiedInfo: onBinderDied: 1, com.YourCompany.TemplateProject3:com.YourCompany.TemplateProject3:13469
11-04 17:50:02.740  2354  4374 W IPCDataChannelServer: datachannel_test: Disconnected: 3254703022, com.YourCompany.TemplateProject3:com.YourCompany.TemplateProject3:13469
11-04 17:50:02.740  2354  4374 E IPCThreadState: attemptIncStrongHandle(44): Not supported
11-04 17:50:02.741  1044 11186 D ConnectivityService: ConnectivityService NetworkRequestInfo binderDied(NetworkRequest [ LISTEN id=31, [ Transports: CELLULAR|WIFI|BLUETOOTH|ETHERNET|VPN Capabilities: INTERNET&NOT_RESTRICTED&TRUSTED&NOT_VPN&VALIDATED&FOREGROUND Uid: 10131] ], android.os.BinderProxy@23609ad)
11-04 17:50:02.741  1044  9984 I ActivityManager: Process com.YourCompany.TemplateProject3 (pid 13469) has died: cch CRE 
11-04 17:50:02.742  1044  5898 I WindowManager: WIN DEATH: Window{5f3263f u0 com.YourCompany.TemplateProject3/com.epicgames.ue4.GameActivity}
11-04 17:50:02.742  1044  5898 W InputDispatcher: Attempted to unregister already unregistered input channel '5f3263f com.YourCompany.TemplateProject3/com.epicgames.ue4.GameActivity (server)'
11-04 17:50:02.743  1508  1508 V AvrcpMediaPlayerList: onPlaybackConfigChanged(): Configs list size=6
11-04 17:50:02.744  2216  2216 I Zygote  : Process 13469 exited cleanly (0)
11-04 17:50:02.746  1508  1508 V AvrcpMediaPlayerList: onPlaybackConfigChanged(): Configs list size=5
11-04 17:50:02.753  1044  1066 W ActivityManager: setHasOverlayUi called on unknown pid: 13469
11-04 17:50:02.771  1044  1074 I libprocessgroup: Successfully killed process cgroup uid 10131 pid 13469 in 29ms
11-04 17:50:03.003  3150 13972 I Telemetry: App memory usage: PSS=77 MiB, PrivateDirty=52 MiB, PrivateClean=1 MiB, GPU=9.3/9.5 MiB (99% allocated)
11-04 17:50:03.005  2125 13964 I Telemetry: App memory usage: PSS=337 MiB, PrivateDirty=292 MiB, PrivateClean=30 MiB, GPU=66.4/66.9 MiB (100% allocated)
11-04 17:50:03.006  2125 13964 I VrApi   : FPS=83/90,Prd=22ms,Tear=0,Early=1,Stale=11,VSnc=0,Lat=-1,Fov=0,CPU4/GPU=4/4,2419/525MHz,OC=FF,TA=0/70/0,SP=N/F/N,Mem=2092MHz,Free=3567MB,PLS=0,Temp=28.0C/0.0C,TW=2.50ms,App=3.94ms,GD=0.17ms,CPU&GPU=7.70ms,LCnt=5(DR15,LM2),GPU%=0.63,CPU%=0.17(W0.20),DSF=1.00,CFL=14.66/27.44
11-04 17:50:03.164  1406  2649 I PerformanceManager_V0: SetClockLevels: Apply pending clock request change: 4,4 -> 3,4
11-04 17:50:03.164  1406  2644 I Clocks  : ReleaseClocks - start
11-04 17:50:03.165  1406  2644 I Clocks  : ReleaseClocks - end (0.5 ms)
11-04 17:50:03.165  1406  2644 I Clocks  : LockClocks( cpu=3, gpu=4 ) - start
11-04 17:50:03.165  1406  2644 I Clocks  : CPU levels [0, 4]
11-04 17:50:03.165  1406  2644 I Clocks  : GPU levels [0, 5]
11-04 17:50:03.166  1406  2644 I Clocks  : LockClocks( cpu=3, gpu=4 ) - end (0.6 ms)
11-04 17:50:03.393  2954  3032 I StateMachine: StateMachine::Update ForceShow: stopForceShow -> ForceShowOff
11-04 17:50:03.575  2354  2852 I [OAO] ShellOverlayApp: Sleep timeout exceeded. Timeout:6723.030692, Now:6723.042023. Sleeping... 
11-04 17:50:03.575  2354  2852 I [OAO] ShellOverlayApp: WaitForWake: VrThread entering waiting state
11-04 17:50:03.649  2954  3575 I VrGuardianService: GuardianSDKServer::SetGuardianHitDialog2 1
11-04 17:50:03.659  3150  3254 I OpenXR_Actions: getControllerIdxFromSubActionPath: subactionPath is XR_PATH_NULL
11-04 17:50:03.717  2954  3032 I GuardianControllerCollisionTracker: Guardian Controller Collision: Magnitude: 77.075, Duration: 0.006 sec, TimeStamp: 6723.160156 sec
11-04 17:50:03.773  1824  3399 I Telemetry: App memory usage: PSS=35 MiB, PrivateDirty=29 MiB, PrivateClean=1 MiB, GPU=3.6/3.8 MiB (96% allocated)
11-04 17:50:03.782  1044  1066 I system_server: Explicit concurrent copying GC freed 100128(4595KB) AllocSpace objects, 7(268KB) LOS objects, 42% free, 11MB/20MB, paused 37us total 39.114ms
11-04 17:50:03.823   851 13695 W [CT]    : TIMESTAMPCHECKER: Nominal rate wrong. Estimated data rate: 25, Nominal is 30.000300003000028
11-04 17:50:03.874  1635 14048 W ContextImpl: Calling a method in the system process without a qualified user: android.app.ContextImpl.sendBroadcast:1057 android.content.ContextWrapper.sendBroadcast:448 X.o0.A00:133 X.nZ.A00:17 X.nZ.handleMessage:91 
11-04 17:50:04.001  2125 13964 I VrApi   : FPS=91/90,Prd=33ms,Tear=0,Early=64,Stale=0,VSnc=0,Lat=-1,Fov=0,CPU4/GPU=3/4,2419/525MHz,OC=FF,TA=0/70/0,SP=N/F/N,Mem=2092MHz,Free=3567MB,PLS=0,Temp=28.0C/0.0C,TW=2.46ms,App=4.43ms,GD=0.18ms,CPU&GPU=6.45ms,LCnt=5(DR0,LM2),GPU%=0.67,CPU%=0.20(W0.23),DSF=1.00,CFL=14.80/19.75
11-04 17:50:04.176   926   926 E adbd    : failed to connect to socket 'tcp:6666': Connection refused
