11-05 21:32:15.585  2364  3003 I [OAO] PanelAppHost: Setting panel layer visibility of layer "#main" to visible, panel 8 (com.oculus.systemux/com.oculus.panelapp.anytimeui.AnytimeUIAndroidPanelService)
11-05 21:32:15.586  1987  6737 I CompositorVR: WarpToScreen: Skipping frames for 11
11-05 21:32:15.596   849  3698 I chatty  : uid=1000(system) Binder:849_3 identical 4 lines
11-05 21:32:15.597  4056  4163 E OsSdk   : error getting shared memory region, memory type: HeadTracker, failed with Status(-1, EX_SECURITY): 'requested shared memory region when not registered/focused'
11-05 21:32:15.597  1987  6737 I CompositorVR: WarpToScreen: Skipping frames for 11
11-05 21:32:15.608  1987  6737 I chatty  : uid=10025(com.oculus.systemdriver) OVR::TimeWarp identical 1 line
11-05 21:32:15.620  1987  6737 I CompositorVR: WarpToScreen: Skipping frames for 11
11-05 21:32:15.621  3565  4972 I PresenceAPK(PresenceClient): onServiceUp
11-05 21:32:15.621  3565  4972 I PresenceAPK(GroupManager): onConnected
11-05 21:32:15.621  2112  7652 D CCodec  : allocate(c2.android.vorbis.decoder)
11-05 21:32:15.627   838  4042 V C2Store : in init
11-05 21:32:15.628   838  4042 V C2Store : loading dll
11-05 21:32:15.631  1987  6737 I CompositorVR: WarpToScreen: Skipping frames for 11
11-05 21:32:15.633  2112  7652 I CCodec  : Created component [c2.android.vorbis.decoder]
11-05 21:32:15.633  2112  7652 D CCodecConfig: read media type: audio/vorbis
11-05 21:32:15.638  2112  7652 D ReflectedParamUpdater: extent() != 1 for single value type: algo.buffers.max-count.values
11-05 21:32:15.638   849  3698 W TrackingService: attachClient: found client in attached list
11-05 21:32:15.638  2112  7652 D ReflectedParamUpdater: extent() != 1 for single value type: output.subscribed-indices.values
11-05 21:32:15.638  4056  4163 E OsSdk   : error getting shared memory region, memory type: HeadTracker, failed with Status(-1, EX_SECURITY): 'requested shared memory region when not registered/focused'
11-05 21:32:15.639   849  6789 W TrackingService: attachClient: found client in attached list
11-05 21:32:15.639  2112  7652 D ReflectedParamUpdater: extent() != 1 for single value type: input.buffers.allocator-ids.values
11-05 21:32:15.640  2112  7652 D ReflectedParamUpdater: extent() != 1 for single value type: output.buffers.allocator-ids.values
11-05 21:32:15.640  2112  7652 D ReflectedParamUpdater: extent() != 1 for single value type: algo.buffers.allocator-ids.values
11-05 21:32:15.640  2112  7652 D ReflectedParamUpdater: extent() != 1 for single value type: output.buffers.pool-ids.values
11-05 21:32:15.640  2112  7652 D ReflectedParamUpdater: extent() != 1 for single value type: algo.buffers.pool-ids.values
11-05 21:32:15.640  4056  4163 E OsSdk   : error getting shared memory region, memory type: AnchorTracker, failed with Status(-1, EX_SECURITY): 'requested shared memory region when not registered/focused'
11-05 21:32:15.640  3565  3584 I PresenceAPK(GroupManager): initialEnumerationFinished
11-05 21:32:15.640  2112  7652 I CCodecConfig: query failed after returning 7 values (BAD_INDEX)
11-05 21:32:15.641  2112  7652 D CCodecConfig: c2 config diff is Dict {
11-05 21:32:15.641  2112  7652 D CCodecConfig:   c2::u32 coded.bitrate.value = 64000
11-05 21:32:15.641  2112  7652 D CCodecConfig:   c2::u32 input.buffers.max-size.value = 32768
11-05 21:32:15.641  2112  7652 D CCodecConfig:   c2::u32 input.delay.value = 0
11-05 21:32:15.641  2112  7652 D CCodecConfig:   string input.media-type.value = "audio/vorbis"
11-05 21:32:15.641  2112  7652 D CCodecConfig:   string output.media-type.value = "audio/raw"
11-05 21:32:15.641  2112  7652 D CCodecConfig:   c2::u32 raw.channel-count.value = 1
11-05 21:32:15.641  2112  7652 D CCodecConfig:   c2::u32 raw.sample-rate.value = 48000
11-05 21:32:15.641  2112  7652 D CCodecConfig: }
11-05 21:32:15.641  3565  3584 I PresenceAPK(GroupManager): no reconnect groups
11-05 21:32:15.641  2112  7652 D CCodecConfig: no c2 equivalents for durationUs
11-05 21:32:15.641  2112  7652 D CCodecConfig: no c2 equivalents for csd-1
11-05 21:32:15.641  2112  7652 D CCodecConfig: no c2 equivalents for track-id
11-05 21:32:15.641  2112  7652 D CCodecConfig: no c2 equivalents for channel-mask
11-05 21:32:15.641  2112  7652 D CCodecConfig: c2 config diff is   c2::u32 raw.channel-count.value = 2
11-05 21:32:15.641  2112  7652 D CCodecConfig:   c2::u32 raw.sample-rate.value = 44100
11-05 21:32:15.641  2112  7652 W Codec2Client: query -- param skipped: index = 1107298332.
11-05 21:32:15.641  2112  7652 D CCodec  : setup formats input: AMessage(what = 0x00000000) = {
11-05 21:32:15.641  2112  7652 D CCodec  :   int32_t channel-count = 2
11-05 21:32:15.641  2112  7652 D CCodec  :   int32_t max-input-size = 32768
11-05 21:32:15.641  2112  7652 D CCodec  :   string mime = "audio/vorbis"
11-05 21:32:15.641  2112  7652 D CCodec  :   int32_t sample-rate = 44100
11-05 21:32:15.641  2112  7652 D CCodec  : } and output: AMessage(what = 0x00000000) = {
11-05 21:32:15.641  2112  7652 D CCodec  :   int32_t channel-count = 2
11-05 21:32:15.641  2112  7652 D CCodec  :   string mime = "audio/raw"
11-05 21:32:15.641  2112  7652 D CCodec  :   int32_t sample-rate = 44100
11-05 21:32:15.641  2112  7652 D CCodec  :   int32_t channel-mask = 3
11-05 21:32:15.641  2112  7652 D CCodec  : }
11-05 21:32:15.642  1987  6737 I CompositorVR: WarpToScreen: Skipping frames for 11
11-05 21:32:15.644   838  4042 V C2Store : in ~ComponentModule
11-05 21:32:15.644   838  4042 V C2Store : unloading dll
11-05 21:32:15.653  1987  6737 I CompositorVR: WarpToScreen: Skipping frames for 11
11-05 21:32:15.664  1987  6737 I CompositorVR: WarpToScreen: Skipping frames for 11
11-05 21:32:15.665  3565  3583 I PresenceAPK(PresenceClient): onServiceUp
11-05 21:32:15.665  3565  3583 I PresenceAPK(GroupManager): onConnected
11-05 21:32:15.670  3140  3463 I VrGuardianService: GuardianSDKServer::SetGuardianHitDialog2 1
11-05 21:32:15.672  3565  3584 I PresenceAPK(GroupManager): initialEnumerationFinished
11-05 21:32:15.672  3565  3584 I PresenceAPK(GroupManager): no reconnect groups
11-05 21:32:15.675  1987  6737 I CompositorVR: WarpToScreen: Skipping frames for 11
11-05 21:32:15.678  3565  3670 I PresenceAPK(PresenceClient): onServiceUp
11-05 21:32:15.678  3565  3670 I PresenceAPK(GroupManager): onConnected
11-05 21:32:15.678  3565  3584 I PresenceAPK(GroupManager): initialEnumerationFinished
11-05 21:32:15.678  3565  3584 I PresenceAPK(GroupManager): no reconnect groups
11-05 21:32:15.679  3565  4306 I PresenceAPK(PresenceClient): onServiceUp
11-05 21:32:15.679  3565  4306 I PresenceAPK(GroupManager): onConnected
11-05 21:32:15.684  3565  3584 I PresenceAPK(GroupManager): initialEnumerationFinished
11-05 21:32:15.684  3565  3584 I PresenceAPK(GroupManager): no reconnect groups
11-05 21:32:15.686  4056  4163 E OsSdk   : error getting shared memory region, memory type: HeadTracker, failed with Status(-1, EX_SECURITY): 'requested shared memory region when not registered/focused'
11-05 21:32:15.686  1987  6737 I CompositorVR: WarpToScreen: Skipping frames for 11
11-05 21:32:15.694  1642  7614 W ContextImpl: Calling a method in the system process without a qualified user: android.app.ContextImpl.sendBroadcast:1057 android.content.ContextWrapper.sendBroadcast:448 X.o0.A00:133 X.nZ.A00:17 X.nZ.handleMessage:91 
11-05 21:32:15.698  1987  6737 I CompositorVR: WarpToScreen: Skipping frames for 11
11-05 21:32:15.701  3056  3183 I OpenXR_Actions: getControllerIdxFromSubActionPath: subactionPath is XR_PATH_NULL
11-05 21:32:15.709  1987  6737 I CompositorVR: WarpToScreen: Skipping frames for 11
11-05 21:32:15.720  1987  6737 I CompositorVR: WarpToScreen: Skipping frames for 11
11-05 21:32:15.726  4056  4163 E OsSdk   : error getting shared memory region, memory type: HeadTracker, failed with Status(-1, EX_SECURITY): 'requested shared memory region when not registered/focused'
11-05 21:32:15.731  1987  6737 I CompositorVR: WarpToScreen: Skipping frames for 11
11-05 21:32:15.742  1987  6737 I chatty  : uid=10025(com.oculus.systemdriver) OVR::TimeWarp identical 1 line
11-05 21:32:15.753  1987  6737 I CompositorVR: WarpToScreen: Skipping frames for 11
11-05 21:32:15.757  3056  3183 I OpenXR_Actions: getControllerIdxFromSubActionPath: subactionPath is XR_PATH_NULL
11-05 21:32:15.760  3565  3565 D [SUI] SystemUXFunnelLogServerLogger: VPV Event: oculus_impressions_tile_vpved LogInfo{duration=250, mLogId='com.oculus.explore', mContentType=APP, mPosX=0, mPosy=0, mGlobalPos=0, mSurface=AUI, mSubSurface=null, mClickEventType=null}
11-05 21:32:15.760  3565  3565 D [SUI] SystemUXFunnelLogServerLogger: VPV Event: oculus_impressions_tile_vpved LogInfo{duration=250, mLogId='com.oculus.store', mContentType=APP, mPosX=1, mPosy=0, mGlobalPos=1, mSurface=AUI, mSubSurface=null, mClickEventType=null}
11-05 21:32:15.760  2112  7658 D CCodec  : allocate(c2.android.vorbis.decoder)
11-05 21:32:15.760  3565  3565 D [SUI] SystemUXFunnelLogServerLogger: VPV Event: oculus_impressions_tile_vpved LogInfo{duration=250, mLogId='messenger_system_app', mContentType=APP, mPosX=2, mPosy=0, mGlobalPos=2, mSurface=AUI, mSubSurface=null, mClickEventType=null}
11-05 21:32:15.760  3565  3565 D [SUI] SystemUXFunnelLogServerLogger: VPV Event: oculus_impressions_tile_vpved LogInfo{duration=250, mLogId='share_system_app', mContentType=APP, mPosX=3, mPosy=0, mGlobalPos=3, mSurface=AUI, mSubSurface=null, mClickEventType=null}
11-05 21:32:15.762   838  4042 V C2Store : in init
11-05 21:32:15.762   838  4042 V C2Store : loading dll
11-05 21:32:15.764  1987  6737 I CompositorVR: WarpToScreen: Skipping frames for 11
11-05 21:32:15.764  2112  7658 I CCodec  : Created component [c2.android.vorbis.decoder]
11-05 21:32:15.765  2112  7658 D CCodecConfig: read media type: audio/vorbis
11-05 21:32:15.767  2112  7658 D ReflectedParamUpdater: extent() != 1 for single value type: algo.buffers.max-count.values
11-05 21:32:15.767  2112  7658 D ReflectedParamUpdater: extent() != 1 for single value type: output.subscribed-indices.values
11-05 21:32:15.768  2112  7658 D ReflectedParamUpdater: extent() != 1 for single value type: input.buffers.allocator-ids.values
11-05 21:32:15.769  2112  7658 D ReflectedParamUpdater: extent() != 1 for single value type: output.buffers.allocator-ids.values
11-05 21:32:15.769  2112  7658 D ReflectedParamUpdater: extent() != 1 for single value type: algo.buffers.allocator-ids.values
11-05 21:32:15.769  2112  7658 D ReflectedParamUpdater: extent() != 1 for single value type: output.buffers.pool-ids.values
11-05 21:32:15.771  2112  7658 D ReflectedParamUpdater: extent() != 1 for single value type: algo.buffers.pool-ids.values
11-05 21:32:15.774  2112  7658 I CCodecConfig: query failed after returning 7 values (BAD_INDEX)
11-05 21:32:15.774  2112  7658 D CCodecConfig: c2 config diff is Dict {
11-05 21:32:15.774  2112  7658 D CCodecConfig:   c2::u32 coded.bitrate.value = 64000
11-05 21:32:15.774  2112  7658 D CCodecConfig:   c2::u32 input.buffers.max-size.value = 32768
11-05 21:32:15.774  2112  7658 D CCodecConfig:   c2::u32 input.delay.value = 0
11-05 21:32:15.774  2112  7658 D CCodecConfig:   string input.media-type.value = "audio/vorbis"
11-05 21:32:15.774  2112  7658 D CCodecConfig:   string output.media-type.value = "audio/raw"
11-05 21:32:15.774  2112  7658 D CCodecConfig:   c2::u32 raw.channel-count.value = 1
11-05 21:32:15.774  2112  7658 D CCodecConfig:   c2::u32 raw.sample-rate.value = 48000
11-05 21:32:15.774  2112  7658 D CCodecConfig: }
11-05 21:32:15.774  2112  7658 D CCodecConfig: no c2 equivalents for durationUs
11-05 21:32:15.775  2112  7658 D CCodecConfig: no c2 equivalents for csd-1
11-05 21:32:15.775  2112  7658 D CCodecConfig: no c2 equivalents for track-id
11-05 21:32:15.775  2112  7658 D CCodecConfig: no c2 equivalents for channel-mask
11-05 21:32:15.775  4056  4163 E OsSdk   : error getting shared memory region, memory type: HeadTracker, failed with Status(-1, EX_SECURITY): 'requested shared memory region when not registered/focused'
11-05 21:32:15.775  2112  7658 D CCodecConfig: c2 config diff is   c2::u32 raw.channel-count.value = 2
11-05 21:32:15.775  2112  7658 D CCodecConfig:   c2::u32 raw.sample-rate.value = 44100
11-05 21:32:15.775  2112  7658 W Codec2Client: query -- param skipped: index = 1107298332.
11-05 21:32:15.775  2112  7658 D CCodec  : setup formats input: AMessage(what = 0x00000000) = {
11-05 21:32:15.775  2112  7658 D CCodec  :   int32_t channel-count = 2
11-05 21:32:15.775  2112  7658 D CCodec  :   int32_t max-input-size = 32768
11-05 21:32:15.775  2112  7658 D CCodec  :   string mime = "audio/vorbis"
11-05 21:32:15.775  2112  7658 D CCodec  :   int32_t sample-rate = 44100
11-05 21:32:15.775  2112  7658 D CCodec  : } and output: AMessage(what = 0x00000000) = {
11-05 21:32:15.775  2112  7658 D CCodec  :   int32_t channel-count = 2
11-05 21:32:15.775  2112  7658 D CCodec  :   string mime = "audio/raw"
11-05 21:32:15.775  2112  7658 D CCodec  :   int32_t sample-rate = 44100
11-05 21:32:15.775  2112  7658 D CCodec  :   int32_t channel-mask = 3
11-05 21:32:15.775  2112  7658 D CCodec  : }
11-05 21:32:15.776  1987  6737 I CompositorVR: WarpToScreen: Skipping frames for 11
11-05 21:32:15.784  3565  3565 D [SUI] SystemUXFunnelLogServerLogger: VPV Event: oculus_impressions_tile_vpved LogInfo{duration=250, mLogId='com.oculus.explore', mContentType=APP, mPosX=0, mPosy=0, mGlobalPos=0, mSurface=AUI, mSubSurface=null, mClickEventType=null}
11-05 21:32:15.784  3565  3565 D [SUI] SystemUXFunnelLogServerLogger: VPV Event: oculus_impressions_tile_vpved LogInfo{duration=250, mLogId='com.oculus.store', mContentType=APP, mPosX=1, mPosy=0, mGlobalPos=1, mSurface=AUI, mSubSurface=null, mClickEventType=null}
11-05 21:32:15.784  3565  3565 D [SUI] SystemUXFunnelLogServerLogger: VPV Event: oculus_impressions_tile_vpved LogInfo{duration=250, mLogId='messenger_system_app', mContentType=APP, mPosX=2, mPosy=0, mGlobalPos=2, mSurface=AUI, mSubSurface=null, mClickEventType=null}
11-05 21:32:15.784  3565  3565 D [SUI] SystemUXFunnelLogServerLogger: VPV Event: oculus_impressions_tile_vpved LogInfo{duration=250, mLogId='share_system_app', mContentType=APP, mPosX=3, mPosy=0, mGlobalPos=3, mSurface=AUI, mSubSurface=null, mClickEventType=null}
11-05 21:32:15.787  1987  6737 I CompositorVR: WarpToScreen: Skipping frames for 11
11-05 21:32:15.798  1987  6737 I CompositorVR: WarpToScreen: Skipping frames for 11
11-05 21:32:15.803  3140  3463 I VrGuardianService: GuardianSDKServer::SetGuardianHitDialog2 0
11-05 21:32:15.809  1987  6737 I CompositorVR: WarpToScreen: Skipping frames for 11
11-05 21:32:15.819  4056  4163 E OsSdk   : error getting shared memory region, memory type: HeadTracker, failed with Status(-1, EX_SECURITY): 'requested shared memory region when not registered/focused'
11-05 21:32:15.820  1987  6737 I CompositorVR: WarpToScreen: Skipping frames for 11
11-05 21:32:15.831  1987  6737 I CompositorVR: WarpToScreen: Skipping frames for 11
11-05 21:32:15.833  2112  7658 W Codec2Client: query -- param skipped: index = 1342179345.
11-05 21:32:15.833  2112  7658 W Codec2Client: query -- param skipped: index = 2415921170.
11-05 21:32:15.834  2112  7658 D CCodecBufferChannel: [c2.android.vorbis.decoder#572] Created input block pool with allocatorID 16 => poolID 27 - OK (0)
11-05 21:32:15.834   838  6834 D BufferPoolAccessor: bufferpool2 0x2eeb4d5630 : 0(0 size) total buffers - 0(0 size) used buffers - 301/303 (recycle/alloc) - 2/301 (fetch/transfer)
11-05 21:32:15.834   838  6834 D BufferPoolAccessor: Destruction - bufferpool2 0x2eeb4d5630 cached: 0/0M, 0/0% in use; allocs: 303, 99% recycled; transfers: 301, 99% unfetced
11-05 21:32:15.836  2112  7658 I CCodecBufferChannel: [c2.android.vorbis.decoder#572] Created output block pool with allocatorID 16 => poolID 49 - OK
11-05 21:32:15.836  2112  7658 D CCodecBufferChannel: [c2.android.vorbis.decoder#572] Configured output block pool ids 49 => OK
11-05 21:32:15.841   838  7659 D SimpleC2Component: Using output block pool with poolID 49 => got 49 - 0
11-05 21:32:15.842  1987  6737 I CompositorVR: WarpToScreen: Skipping frames for 11
11-05 21:32:15.847  2112  7658 D CCodecBufferChannel: [c2.android.vorbis.decoder#572] Discard frames from previous generation.
11-05 21:32:15.853  1987  6737 I CompositorVR: WarpToScreen: Skipping frames for 11
11-05 21:32:15.856  2112  7658 D CCodecBufferChannel: [c2.android.vorbis.decoder#572] Discard frames from previous generation.
11-05 21:32:15.860  3565  3565 I [SUI] AnytimeUIAndroidPanelApp: showNotificationToast: key = 0|com.oculus.horizon|10001|cameraroll|10032, found = true
11-05 21:32:15.862   838  1756 D BufferPoolAccessor: Destruction - bufferpool2 0x2eeb4d2c30 cached: 0/0M, 0/0% in use; allocs: 0, 0% recycled; transfers: 0, 0% unfetced
11-05 21:32:15.862   838  1756 V C2Store : in ~ComponentModule
11-05 21:32:15.862   838  1756 V C2Store : unloading dll
11-05 21:32:15.864  4056  4163 E OsSdk   : error getting shared memory region, memory type: HeadTracker, failed with Status(-1, EX_SECURITY): 'requested shared memory region when not registered/focused'
11-05 21:32:15.865  1987  6737 I CompositorVR: WarpToScreen: Skipping frames for 11
11-05 21:32:15.872  3565  3565 E [SUI] NotificationDataSetService: Unable to mark toast status for 0|com.oculus.horizon|10001|cameraroll|10032
11-05 21:32:15.874  3565  3565 I AndroidPanelApp: HideLayer(toast, shape: 1, shouldMinimizeLayer: false)
11-05 21:32:15.874  1050  4055 I DisplayManagerService: Display device added: DisplayDeviceInfo{"com.oculus.android_panel_app.AndroidPanelLayer-toast": uniqueId="virtual:com.oculus.systemux,10026,com.oculus.android_panel_app.AndroidPanelLayer-toast,0", 525 x 1250, modeId 93, defaultModeId 93, supportedModes [{id=93, width=525, height=1250, fps=60.0}], colorMode 0, supportedColorModes [0], HdrCapabilities null, density 200, 200.0 x 200.0 dpi, appVsyncOff 0, presDeadline 16666666, touch NONE, rotation 0, type VIRTUAL, state OFF, owner com.oculus.systemux (uid 10026), FLAG_PRIVATE, FLAG_NEVER_BLANK, FLAG_OWN_CONTENT_ONLY}
11-05 21:32:15.876  1987  6737 I CompositorVR: WarpToScreen: Skipping frames for 11
11-05 21:32:15.886  1050  4055 I DisplayManagerService: Display device removed: DisplayDeviceInfo{"com.oculus.android_panel_app.AndroidPanelLayer-toast": uniqueId="virtual:com.oculus.systemux,10026,com.oculus.android_panel_app.AndroidPanelLayer-toast,0", 525 x 1250, modeId 93, defaultModeId 93, supportedModes [{id=93, width=525, height=1250, fps=60.0}], colorMode 0, supportedColorModes [0], HdrCapabilities null, density 200, 200.0 x 200.0 dpi, appVsyncOff 0, presDeadline 16666666, touch NONE, rotation 0, type VIRTUAL, state OFF, owner com.oculus.systemux (uid 10026), FLAG_PRIVATE, FLAG_NEVER_BLANK, FLAG_OWN_CONTENT_ONLY}
11-05 21:32:15.887  1050  4055 I DisplayManagerService: Display device added: DisplayDeviceInfo{"com.oculus.android_panel_app.AndroidPanelLayer-toast": uniqueId="virtual:com.oculus.systemux,10026,com.oculus.android_panel_app.AndroidPanelLayer-toast,0", 525 x 1, modeId 94, defaultModeId 94, supportedModes [{id=94, width=525, height=1, fps=60.0}], colorMode 0, supportedColorModes [0], HdrCapabilities null, density 200, 200.0 x 200.0 dpi, appVsyncOff 0, presDeadline 16666666, touch NONE, rotation 0, type VIRTUAL, state OFF, owner com.oculus.systemux (uid 10026), FLAG_PRIVATE, FLAG_NEVER_BLANK, FLAG_OWN_CONTENT_ONLY}
11-05 21:32:15.887  1987  6737 I CompositorVR: WarpToScreen: Skipping frames for 11
11-05 21:32:15.889  1050  1071 W InputReader: Device has associated, but no associated display id.
11-05 21:32:15.889  3565  7585 D [SUI] ToastLayerView: showNotification(10001)
11-05 21:32:15.890  3565  7585 W LayerDrawable: Invalid drawable added to LayerDrawable! Drawable already belongs to another owner but does not expose a constant state.
11-05 21:32:15.890  3565  7585 W LayerDrawable: java.lang.RuntimeException
11-05 21:32:15.890  3565  7585 W LayerDrawable: 	at android.graphics.drawable.LayerDrawable$ChildDrawable.<init>(LayerDrawable.java:1857)
11-05 21:32:15.890  3565  7585 W LayerDrawable: 	at android.graphics.drawable.LayerDrawable$LayerState.<init>(LayerDrawable.java:1977)
11-05 21:32:15.890  3565  7585 W LayerDrawable: 	at android.graphics.drawable.LayerDrawable.createConstantState(LayerDrawable.java:173)
11-05 21:32:15.890  3565  7585 W LayerDrawable: 	at android.graphics.drawable.LayerDrawable.mutate(LayerDrawable.java:1782)
11-05 21:32:15.890  3565  7585 W LayerDrawable: 	at android.content.res.ResourcesImpl.loadDrawable(ResourcesImpl.java:673)
11-05 21:32:15.890  3565  7585 W LayerDrawable: 	at android.content.res.Resources.loadDrawable(Resources.java:916)
11-05 21:32:15.890  3565  7585 W LayerDrawable: 	at android.content.res.TypedArray.getDrawableForDensity(TypedArray.java:1006)
11-05 21:32:15.890  3565  7585 W LayerDrawable: 	at android.content.res.TypedArray.getDrawable(TypedArray.java:981)
11-05 21:32:15.890  3565  7585 W LayerDrawable: 	at android.view.View.<init>(View.java:5388)
11-05 21:32:15.890  3565  7585 W LayerDrawable: 	at android.view.ViewGroup.<init>(ViewGroup.java:675)
11-05 21:32:15.890  3565  7585 W LayerDrawable: 	at android.view.ViewGroup.<init>(ViewGroup.java:671)
11-05 21:32:15.890  3565  7585 W LayerDrawable: 	at android.view.ViewGroup.<init>(ViewGroup.java:667)
11-05 21:32:15.890  3565  7585 W LayerDrawable: 	at androidx.constraintlayout.widget.ConstraintLayout.<init>(ConstraintLayout.java:587)
11-05 21:32:15.890  3565  7585 W LayerDrawable: 	at com.oculus.notifications.view.NotificationView.<init>(NotificationView.java:119)
11-05 21:32:15.890  3565  7585 W LayerDrawable: 	at java.lang.reflect.Constructor.newInstance0(Native Method)
11-05 21:32:15.890  3565  7585 W LayerDrawable: 	at java.lang.reflect.Constructor.newInstance(Constructor.java:343)
11-05 21:32:15.890  3565  7585 W LayerDrawable: 	at android.view.LayoutInflater.createView(LayoutInflater.java:854)
11-05 21:32:15.890  3565  7585 W LayerDrawable: 	at android.view.LayoutInflater.createViewFromTag(LayoutInflater.java:1006)
11-05 21:32:15.890  3565  7585 W LayerDrawable: 	at android.view.LayoutInflater.createViewFromTag(LayoutInflater.java:961)
11-05 21:32:15.890  3565  7585 W LayerDrawable: 	at android.view.LayoutInflater.rInflate(LayoutInflater.java:1123)
11-05 21:32:15.890  3565  7585 W LayerDrawable: 	at android.view.LayoutInflater.rInflateChildren(LayoutInflater.java:1084)
11-05 21:32:15.890  3565  7585 W LayerDrawable: 	at android.view.LayoutInflater.inflate(LayoutInflater.java:682)
11-05 21:32:15.890  3565  7585 W LayerDrawable: 	at android.view.LayoutInflater.inflate(LayoutInflater.java:534)
11-05 21:32:15.890  3565  7585 W LayerDrawable: 	at android.view.LayoutInflater.inflate(LayoutInflater.java:481)
11-05 21:32:15.890  3565  7585 W LayerDrawable: 	at com.oculus.notifications.view.NotificationView.getViewForNotification(NotificationView.java:225)
11-05 21:32:15.890  3565  7585 W LayerDrawable: 	at com.oculus.panelapp.anytimeui.toast.view.ToastLayerView.lambda$showNotification$0$ToastLayerView(ToastLayerView.java:104)
11-05 21:32:15.890  3565  7585 W LayerDrawable: 	at com.oculus.panelapp.anytimeui.toast.view.-$$Lambda$ToastLayerView$PAU2P8JmfnsZZEsdUEOFkLmN_cA.run(Unknown Source:10)
11-05 21:32:15.890  3565  7585 W LayerDrawable: 	at java.util.concurrent.ThreadPoolExecutor.runWorker(ThreadPoolExecutor.java:1167)
11-05 21:32:15.890  3565  7585 W LayerDrawable: 	at java.util.concurrent.ThreadPoolExecutor$Worker.run(ThreadPoolExecutor.java:641)
11-05 21:32:15.890  3565  7585 W LayerDrawable: 	at java.lang.Thread.run(Thread.java:919)
11-05 21:32:15.896  3565  7585 V ToastConfigurationUtil: Actions have invalid parameters, hide actions.
11-05 21:32:15.896  3565  7585 V ToastConfigurationUtil: java.security.InvalidParameterException: action, title, intent or icon are either missing or invalid.
11-05 21:32:15.896  3565  7585 V ToastConfigurationUtil: 	at com.oculus.notifications.view.NotificationView.getActionButtons(NotificationView.java:344)
11-05 21:32:15.896  3565  7585 V ToastConfigurationUtil: 	at com.oculus.notifications.view.ToastConfigurationUtil$Companion.loadNotificationActions(ToastConfigurationUtil.kt:367)
11-05 21:32:15.896  3565  7585 V ToastConfigurationUtil: 	at com.oculus.notifications.view.ToastConfigurationUtil.loadNotificationActions(Unknown Source:7)
11-05 21:32:15.896  3565  7585 V ToastConfigurationUtil: 	at com.oculus.notifications.view.NotificationView.configureNotification(NotificationView.java:161)
11-05 21:32:15.896  3565  7585 V ToastConfigurationUtil: 	at com.oculus.notifications.view.NotificationView.getViewForNotification(NotificationView.java:235)
11-05 21:32:15.896  3565  7585 V ToastConfigurationUtil: 	at com.oculus.panelapp.anytimeui.toast.view.ToastLayerView.lambda$showNotification$0$ToastLayerView(ToastLayerView.java:104)
11-05 21:32:15.896  3565  7585 V ToastConfigurationUtil: 	at com.oculus.panelapp.anytimeui.toast.view.-$$Lambda$ToastLayerView$PAU2P8JmfnsZZEsdUEOFkLmN_cA.run(Unknown Source:10)
11-05 21:32:15.896  3565  7585 V ToastConfigurationUtil: 	at java.util.concurrent.ThreadPoolExecutor.runWorker(ThreadPoolExecutor.java:1167)
11-05 21:32:15.896  3565  7585 V ToastConfigurationUtil: 	at java.util.concurrent.ThreadPoolExecutor$Worker.run(ThreadPoolExecutor.java:641)
11-05 21:32:15.896  3565  7585 V ToastConfigurationUtil: 	at java.lang.Thread.run(Thread.java:919)
11-05 21:32:15.897  3565  3565 E [SUI] NotificationDataSetService: Unable to mark toast status for 0|com.oculus.horizon|10001|cameraroll|10032
11-05 21:32:15.898  3565  3565 I AndroidPanelApp: Processing pending hide layer for layer toast.
11-05 21:32:15.898  3565  3565 I AndroidPanelApp: Processing pending show layer info for layer toast with width 525 and height 1.
11-05 21:32:15.898  3565  3565 I AndroidPanelApp: layerSupersample no changes
11-05 21:32:15.898  1987  6737 I CompositorVR: WarpToScreen: Skipping frames for 11
11-05 21:32:15.902  1050  1073 W InputReader: Device has associated, but no associated display id.
11-05 21:32:15.902  1050  1073 I ActivityTaskManager: Override config changes=20005df8 {0.0 ?mcc?mnc ?localeList ?layoutDir sw420dp w420dp h1000dp 200dpi nrml long port ?uimode ?night -touch qwerty/v/v -nav/h winConfig={ mBounds=Rect(0, 0 - 525, 1250) mAppBounds=Rect(0, 0 - 525, 1250) mWindowingMode=fullscreen mDisplayWindowingMode=fullscreen mActivityType=undefined mAlwaysOnTop=undefined mRotation=ROTATION_0}} for displayId=32
11-05 21:32:15.909  1987  6737 I CompositorVR: WarpToScreen: Skipping frames for 11
11-05 21:32:15.910  3565  7585 V [SUI] ToastLayerView: Actions are invalid, setting click to the container only
11-05 21:32:15.911  4056  4163 E OsSdk   : error getting shared memory region, memory type: HeadTracker, failed with Status(-1, EX_SECURITY): 'requested shared memory region when not registered/focused'
11-05 21:32:15.912  4056  4163 E OsSdk   : error getting shared memory region, memory type: AnchorTracker, failed with Status(-1, EX_SECURITY): 'requested shared memory region when not registered/focused'
11-05 21:32:15.920  1987  6737 I CompositorVR: WarpToScreen: Skipping frames for 11
11-05 21:32:15.921  2364  3003 I [OAO] PanelAppHost: Setting panel layer visibility of layer "toast" to invisible, panel 8 (com.oculus.systemux/com.oculus.panelapp.anytimeui.AnytimeUIAndroidPanelService)
11-05 21:32:15.921  2364  3003 I [OAO] PanelAppHost: Resize layer toast to size 525 x 1 shape: 1 stereo: 0, panel 8 (com.oculus.systemux/com.oculus.panelapp.anytimeui.AnytimeUIAndroidPanelService)
11-05 21:32:15.921  2364  3003 I [OAO] PanelRenderLayer: ResetSurface toast 525 x 1 - shape:1 stereo:0
11-05 21:32:15.925  3565  3565 I AndroidPanelApp: Processing next frame action "layerShow" for layer "toast"
11-05 21:32:15.931  1987  6737 I CompositorVR: WarpToScreen: Skipping frames for 11
11-05 21:32:15.942  1987  6737 I CompositorVR: WarpToScreen: Skipping frames for 11
11-05 21:32:15.945  1050  1071 W InputReader: Device has associated, but no associated display id.
11-05 21:32:15.952  1050  4055 E WindowManager: App trying to use insecure INPUT_FEATURE_NO_INPUT_CHANNEL flag. Ignoring
11-05 21:32:15.952  1050  1073 I DisplayManagerService: Display device changed state: "com.oculus.android_panel_app.AndroidPanelLayer-toast", ON
11-05 21:32:15.954  1987  6737 I CompositorVR: WarpToScreen: Skipping frames for 11
11-05 21:32:15.958  4056  4163 E OsSdk   : error getting shared memory region, memory type: HeadTracker, failed with Status(-1, EX_SECURITY): 'requested shared memory region when not registered/focused'
11-05 21:32:15.960  2112  7664 D CCodec  : allocate(c2.android.vorbis.decoder)
11-05 21:32:15.960   838  1756 V C2Store : in init
11-05 21:32:15.960   838  1756 V C2Store : loading dll
11-05 21:32:15.965  1987  6737 I CompositorVR: WarpToScreen: Skipping frames for 11
11-05 21:32:15.965  1050  1073 W InputReader: Device has associated, but no associated display id.
11-05 21:32:15.965  1050  1073 I ActivityTaskManager: Override config changes=200055f8 {0.0 ?mcc?mnc ?localeList ?layoutDir ?swdp w420dp ?hdp 200dpi smll land ?uimode ?night -touch qwerty/v/v -nav/h winConfig={ mBounds=Rect(0, 0 - 525, 1) mAppBounds=Rect(0, 0 - 525, 1) mWindowingMode=fullscreen mDisplayWindowingMode=fullscreen mActivityType=undefined mAlwaysOnTop=undefined mRotation=ROTATION_0}} for displayId=33
11-05 21:32:15.972  2112  7664 I CCodec  : Created component [c2.android.vorbis.decoder]
11-05 21:32:15.973  2364  3003 I [OAO] LayerSwapChainResource: LayerSwapChainResource 525,1 : 2
11-05 21:32:15.973  2364  3003 I [OAO] SwapChainApiOpenXr: CreateTextureSwapChain 525,1 - 2
11-05 21:32:15.973  2112  7664 D CCodecConfig: read media type: audio/vorbis
11-05 21:32:15.974  1987  2937 I VrRuntimeService: CreateSwapChain: 193362544
11-05 21:32:15.974  1987  2937 I VrRuntimeService: CreateSwapChain: api:gles 0 0x8c43 525 1 10 2 1 0 3
11-05 21:32:15.974  1987  2937 I VrRuntimeServer: CreateTextureSwapChain: result importswapchaingles 1
11-05 21:32:15.976  1987  6737 I CompositorVR: WarpToScreen: Skipping frames for 11
11-05 21:32:15.986  2112  7664 D ReflectedParamUpdater: extent() != 1 for single value type: algo.buffers.max-count.values
11-05 21:32:15.987  1987  6737 I CompositorVR: WarpToScreen: Skipping frames for 11
11-05 21:32:15.992  2112  7664 D ReflectedParamUpdater: extent() != 1 for single value type: output.subscribed-indices.values
11-05 21:32:15.992  2112  7664 D ReflectedParamUpdater: extent() != 1 for single value type: input.buffers.allocator-ids.values
11-05 21:32:15.993  2112  7664 D ReflectedParamUpdater: extent() != 1 for single value type: output.buffers.allocator-ids.values
11-05 21:32:15.993  2112  7664 D ReflectedParamUpdater: extent() != 1 for single value type: algo.buffers.allocator-ids.values
11-05 21:32:15.993  2112  7664 D ReflectedParamUpdater: extent() != 1 for single value type: output.buffers.pool-ids.values
11-05 21:32:15.994  2112  7664 D ReflectedParamUpdater: extent() != 1 for single value type: algo.buffers.pool-ids.values
11-05 21:32:15.998  2112  7664 I CCodecConfig: query failed after returning 7 values (BAD_INDEX)
11-05 21:32:15.998  2112  7664 D CCodecConfig: c2 config diff is Dict {
11-05 21:32:15.998  2112  7664 D CCodecConfig:   c2::u32 coded.bitrate.value = 64000
11-05 21:32:15.998  2112  7664 D CCodecConfig:   c2::u32 input.buffers.max-size.value = 32768
11-05 21:32:15.998  2112  7664 D CCodecConfig:   c2::u32 input.delay.value = 0
11-05 21:32:15.998  2112  7664 D CCodecConfig:   string input.media-type.value = "audio/vorbis"
11-05 21:32:15.998  2112  7664 D CCodecConfig:   string output.media-type.value = "audio/raw"
11-05 21:32:15.998  2112  7664 D CCodecConfig:   c2::u32 raw.channel-count.value = 1
11-05 21:32:15.998  2112  7664 D CCodecConfig:   c2::u32 raw.sample-rate.value = 48000
11-05 21:32:15.998  2112  7664 D CCodecConfig: }
11-05 21:32:15.998   728  6772 I audio_hw_primary: getting vr mode to 0
11-05 21:32:15.998  2112  7664 D CCodecConfig: no c2 equivalents for durationUs
11-05 21:32:15.998  2112  7664 D CCodecConfig: no c2 equivalents for csd-1
11-05 21:32:15.998  2112  7664 D CCodecConfig: no c2 equivalents for track-id
11-05 21:32:15.998  2112  7664 D CCodecConfig: no c2 equivalents for channel-mask
11-05 21:32:15.998  1987  6737 I CompositorVR: WarpToScreen: Skipping frames for 11
11-05 21:32:15.998  2112  7664 D CCodecConfig: c2 config diff is   c2::u32 raw.channel-count.value = 2
11-05 21:32:15.998  2112  7664 D CCodecConfig:   c2::u32 raw.sample-rate.value = 44100
11-05 21:32:15.999   748  4957 I AudioPolicyManagerCustom: VR mode is 0, switch to primary output if request is for fast|raw
11-05 21:32:15.999  2112  7664 W Codec2Client: query -- param skipped: index = 1107298332.
11-05 21:32:15.999  2112  7664 D CCodec  : setup formats input: AMessage(what = 0x00000000) = {
11-05 21:32:15.999  2112  7664 D CCodec  :   int32_t channel-count = 2
11-05 21:32:15.999  2112  7664 D CCodec  :   int32_t max-input-size = 32768
11-05 21:32:15.999  2112  7664 D CCodec  :   string mime = "audio/vorbis"
11-05 21:32:15.999  2112  7664 D CCodec  :   int32_t sample-rate = 44100
11-05 21:32:15.999  2112  7664 D CCodec  : } and output: AMessage(what = 0x00000000) = {
11-05 21:32:15.999  2112  7664 D CCodec  :   int32_t channel-count = 2
11-05 21:32:15.999  2112  7664 D CCodec  :   string mime = "audio/raw"
11-05 21:32:15.999  2112  7664 D CCodec  :   int32_t sample-rate = 44100
11-05 21:32:15.999  2112  7664 D CCodec  :   int32_t channel-mask = 3
11-05 21:32:15.999  2112  7664 D CCodec  : }
11-05 21:32:16.002  3056  7609 I Telemetry: App memory usage: PSS=53 MiB, PrivateDirty=32 MiB, PrivateClean=1 MiB, GPU=5.3/5.5 MiB (97% allocated)
11-05 21:32:16.004  2112  7603 I Telemetry: App memory usage: PSS=237 MiB, PrivateDirty=193 MiB, PrivateClean=30 MiB, GPU=64.4/64.8 MiB (100% allocated)
11-05 21:32:16.005  4056  4163 E OsSdk   : error getting shared memory region, memory type: HeadTracker, failed with Status(-1, EX_SECURITY): 'requested shared memory region when not registered/focused'
11-05 21:32:16.007   748  4957 D AF::TrackHandle: OpPlayAudio: track:85 uid:10026 pkg:com.oculus.systemux usage:10 not muted
11-05 21:32:16.008  2112  7603 I VrApi   : FPS=78/90,Prd=25ms,Tear=0,Early=1,Stale=6,VSnc=0,Lat=-1,Fov=0,CPU4/GPU=4/4,2419/525MHz,OC=FF,TA=0/70/0,SP=N/F/N,Mem=2092MHz,Free=2256MB,PLS=0,Temp=26.2C/0.0C,TW=0.88ms,App=3.87ms,GD=0.18ms,CPU&GPU=0.00ms,LCnt=2(DR24,LM2),GPU%=0.47,CPU%=0.24(W0.33),DSF=1.00,CFL=14.73/29.00
11-05 21:32:16.008  3565  3565 I AudioTrack: createTrack_l(15): AUDIO_OUTPUT_FLAG_FAST successful; frameCount 0 -> 50566
11-05 21:32:16.009  1987  6737 I CompositorVR: WarpToScreen: Skipping frames for 11
11-05 21:32:16.020  6928  7025 I VrApi   : FPS=72/72,Prd=48ms,Tear=0,Early=72,Stale=0,VSnc=1,Lat=1,Fov=0,CPU4/GPU=4/4,2419/525MHz,OC=FF,TA=0/F/F,SP=N/N/N,Mem=2092MHz,Free=2283MB,PLS=0,Temp=26.2C/0.0C,TW=3.69ms,App=1.97ms,GD=0.12ms,CPU&GPU=6.47ms,LCnt=6(DR0,LM2),GPU%=0.51,CPU%=0.14(W0.23),DSF=1.00,CFL=19.65/21.43
11-05 21:32:16.021  1987  6737 I CompositorVR: WarpToScreen: Skipping frames for 11
11-05 21:32:16.022  1642  7638 W ContextImpl: Calling a method in the system process without a qualified user: android.app.ContextImpl.sendBroadcast:1057 android.content.ContextWrapper.sendBroadcast:448 X.o0.A00:133 X.nZ.A00:17 X.nZ.handleMessage:91 
11-05 21:32:16.030  2364  3003 I [OAO] SwapChainApiOpenXr: Swapchain created: 525,1 - 2
11-05 21:32:16.031   838  3636 V C2Store : in ~ComponentModule
11-05 21:32:16.031   838  3636 V C2Store : unloading dll
11-05 21:32:16.032  1987  6737 I CompositorVR: WarpToScreen: Skipping frames for 11
11-05 21:32:16.032  6928  7078 D UE4     : [2022.11.05-21.32.16:032][353]LogTcpMessaging: Lost node 'AE2125854023DFFB8386BDBB149B51F6' on connection '127.0.0.1:56651'...
11-05 21:32:16.032  1987  2937 I VrRuntimeService: UpdateSwapChainSamplerState: 186
11-05 21:32:16.032  1987  2937 I VrRuntimeService: UpdateSwapChainSamplerState: minFilter=1 magFilter=1 wrapModeS=3 warpModeT=3 maxAniso=1.000000 border={0.000000,0.000000,0.000000,0.000000} swizzle={0,1,2,3}
11-05 21:32:16.042  1050  1066 I DisplayManagerService: Display device removed: DisplayDeviceInfo{"com.oculus.android_panel_app.AndroidPanelLayer-toast": uniqueId="virtual:com.oculus.systemux,10026,com.oculus.android_panel_app.AndroidPanelLayer-toast,0", 525 x 1, modeId 94, defaultModeId 94, supportedModes [{id=94, width=525, height=1, fps=60.0}], colorMode 0, supportedColorModes [0], HdrCapabilities null, density 200, 200.0 x 200.0 dpi, appVsyncOff 0, presDeadline 16666666, touch NONE, rotation 0, type VIRTUAL, state ON, owner com.oculus.systemux (uid 10026), FLAG_PRIVATE, FLAG_NEVER_BLANK, FLAG_OWN_CONTENT_ONLY}
11-05 21:32:16.043  1987  6737 I CompositorVR: WarpToScreen: Skipping frames for 11
11-05 21:32:16.044  2364  3003 I [OAO] PanelAppHost: Setting panel layer visibility of layer "toast" to visible, panel 8 (com.oculus.systemux/com.oculus.panelapp.anytimeui.AnytimeUIAndroidPanelService)
11-05 21:32:16.044  1050  4055 I DisplayManagerService: Display device added: DisplayDeviceInfo{"com.oculus.android_panel_app.AndroidPanelLayer-toast": uniqueId="virtual:com.oculus.systemux,10026,com.oculus.android_panel_app.AndroidPanelLayer-toast,0", 525 x 80, modeId 95, defaultModeId 95, supportedModes [{id=95, width=525, height=80, fps=60.0}], colorMode 0, supportedColorModes [0], HdrCapabilities null, density 200, 200.0 x 200.0 dpi, appVsyncOff 0, presDeadline 16666666, touch NONE, rotation 0, type VIRTUAL, state OFF, owner com.oculus.systemux (uid 10026), FLAG_PRIVATE, FLAG_NEVER_BLANK, FLAG_OWN_CONTENT_ONLY}
11-05 21:32:16.046   849  6789 I chatty  : uid=1000(system) Binder:849_4 identical 10 lines
11-05 21:32:16.049  4056  4163 E OsSdk   : error getting shared memory region, memory type: HeadTracker, failed with Status(-1, EX_SECURITY): 'requested shared memory region when not registered/focused'
11-05 21:32:16.054  1987  6737 I CompositorVR: WarpToScreen: Skipping frames for 11
11-05 21:32:16.054   728  6772 D msm8974_platform: platform_split_snd_device: snd_device(2) num devices(1) new_snd_devices(0)
11-05 21:32:16.054   728  6772 D ACDB-LOADER: ACDB -> send_audvoltable
11-05 21:32:16.054   728  6772 D ACDB-LOADER: ACDB -> ACDB_CMD_GET_AUDPROC_INSTANCE_GAIN_DEP_STEP_TABLE_SIZE
11-05 21:32:16.054   728  6772 D         : Failed to fetch the lookup information of the device 0000000F 
11-05 21:32:16.054   728  6772 D ACDB-LOADER: Error: ACDB_CMD_GET_AUDPROC_INSTANCE_GAIN_DEP_STEP_TABLE_SIZE Returned = -19
11-05 21:32:16.054   728  6772 D ACDB-LOADER: ACDB -> ACDB_CMD_GET_AUDPROC_INSTANCE_GAIN_DEP_STEP_TABLE, vol index 9
11-05 21:32:16.054   728  6772 D         : Failed to fetch the lookup information of the device 0000000F 
11-05 21:32:16.054   728  6772 D ACDB-LOADER: Error: ACDB AudProc vol returned = -19
11-05 21:32:16.054   728  6772 D ACDB-LOADER: ACDB -> AUDIO_SET_VOL_CAL cal type = 40
11-05 21:32:16.058  1987  6737 I ScreenCaptureBase: GlobalInhibitState changed to 1
11-05 21:32:16.058  1987  6737 I CompositorVR: SetClientSurfaceSecureFlag: secure=1
11-05 21:32:16.061  1050  1748 E InputDispatcher: Window handle Window{151b493 u0 com.oculus.systemux} has no registered input channel
11-05 21:32:16.065  1987  6737 I CompositorVR: WarpToScreen: Skipping frames for 11
11-05 21:32:16.069  1050  4055 W WindowManager: Failed looking up window callers=com.android.server.wm.WindowManagerService.windowForClientLocked:5330 com.android.server.wm.WindowManagerService.finishDrawingWindow:2432 com.android.server.wm.Session.finishDrawing:231 
11-05 21:32:16.069  3565  3565 I AndroidPanelApp: Processing next frame action "layerResize" for layer "toast"
11-05 21:32:16.069  3565  3565 I AndroidPanelApp: Processing pending show layer info for layer toast with width 525 and height 80.
11-05 21:32:16.069  3565  3565 I AndroidPanelApp: layerSupersample no changes
11-05 21:32:16.076  1987  6737 I CompositorVR: WarpToScreen: Skipping frames for 11
11-05 21:32:16.085  1050  1071 W InputReader: Device has associated, but no associated display id.
11-05 21:32:16.086   849  6789 W TrackingService: attachClient: found client in attached list
11-05 21:32:16.087  4056  4163 E OsSdk   : error getting shared memory region, memory type: HeadTracker, failed with Status(-1, EX_SECURITY): 'requested shared memory region when not registered/focused'
11-05 21:32:16.087  1987  6737 I CompositorVR: WarpToScreen: Skipping frames for 11
11-05 21:32:16.088  1050  1066 W WindowManager: Failed looking up window callers=com.android.server.wm.WindowManagerService.windowForClientLocked:5330 com.android.server.wm.WindowManagerService.removeWindow:1788 com.android.server.wm.Session.remove:176 
11-05 21:32:16.090  1050  1073 W InputReader: Device has associated, but no associated display id.
11-05 21:32:16.090  1050  1073 I ActivityTaskManager: Override config changes=20005df8 {0.0 ?mcc?mnc ?localeList ?layoutDir sw64dp w420dp h64dp 200dpi smll land ?uimode ?night -touch qwerty/v/v -nav/h winConfig={ mBounds=Rect(0, 0 - 525, 80) mAppBounds=Rect(0, 0 - 525, 80) mWindowingMode=fullscreen mDisplayWindowingMode=fullscreen mActivityType=undefined mAlwaysOnTop=undefined mRotation=ROTATION_0}} for displayId=34
11-05 21:32:16.097  2364  3003 I [OAO] PanelAppHost: Resize layer toast to size 525 x 80 shape: 1 stereo: 0, panel 8 (com.oculus.systemux/com.oculus.panelapp.anytimeui.AnytimeUIAndroidPanelService)
11-05 21:32:16.097  2364  3003 I [OAO] PanelRenderLayer: ResetSurface toast 525 x 80 - shape:1 stereo:0
11-05 21:32:16.097  1987  2937 I VrRuntimeService: UpdateSwapChainSamplerState: 186
11-05 21:32:16.097  1987  2937 I VrRuntimeService: UpdateSwapChainSamplerState: minFilter=5 magFilter=1 wrapModeS=3 warpModeT=3 maxAniso=1.000000 border={0.000000,0.000000,0.000000,0.000000} swizzle={0,1,2,3}
11-05 21:32:16.099  1987  6737 I CompositorVR: WarpToScreen: Skipping frames for 11
11-05 21:32:16.109  3565  3565 I AndroidPanelApp: Processing next frame action "layerShow" for layer "toast"
11-05 21:32:16.110  1987  6737 I CompositorVR: WarpToScreen: Skipping frames for 11
11-05 21:32:16.112  1050  1073 I DisplayManagerService: Display device changed state: "com.oculus.android_panel_app.AndroidPanelLayer-toast", ON
11-05 21:32:16.120  1050  1748 E WindowManager: App trying to use insecure INPUT_FEATURE_NO_INPUT_CHANNEL flag. Ignoring
11-05 21:32:16.121  1987  6737 I CompositorVR: WarpToScreen: Skipping frames for 11
11-05 21:32:16.121  2112  7669 D CCodec  : allocate(c2.android.vorbis.decoder)
11-05 21:32:16.122   838  3636 V C2Store : in init
11-05 21:32:16.122   838  3636 V C2Store : loading dll
11-05 21:32:16.125  2112  7669 I CCodec  : Created component [c2.android.vorbis.decoder]
11-05 21:32:16.125  2112  7669 D CCodecConfig: read media type: audio/vorbis
11-05 21:32:16.129  2112  7669 D ReflectedParamUpdater: extent() != 1 for single value type: algo.buffers.max-count.values
11-05 21:32:16.130   849  1037 W TrackingService: attachClient: found client in attached list
11-05 21:32:16.131  4056  4163 E OsSdk   : error getting shared memory region, memory type: HeadTracker, failed with Status(-1, EX_SECURITY): 'requested shared memory region when not registered/focused'
11-05 21:32:16.132  1987  6737 I CompositorVR: WarpToScreen: Skipping frames for 11
11-05 21:32:16.136  2112  7669 D ReflectedParamUpdater: extent() != 1 for single value type: output.subscribed-indices.values
11-05 21:32:16.136  1987  6737 I ScreenCaptureBase: GlobalInhibitState changed to 0
11-05 21:32:16.136  1987  6737 I CompositorVR: SetClientSurfaceSecureFlag: secure=0
11-05 21:32:16.137  2112  7669 D ReflectedParamUpdater: extent() != 1 for single value type: input.buffers.allocator-ids.values
11-05 21:32:16.137  2112  7669 D ReflectedParamUpdater: extent() != 1 for single value type: output.buffers.allocator-ids.values
11-05 21:32:16.138  2112  7669 D ReflectedParamUpdater: extent() != 1 for single value type: algo.buffers.allocator-ids.values
11-05 21:32:16.138  2112  7669 D ReflectedParamUpdater: extent() != 1 for single value type: output.buffers.pool-ids.values
11-05 21:32:16.138  2112  7669 D ReflectedParamUpdater: extent() != 1 for single value type: algo.buffers.pool-ids.values
11-05 21:32:16.139  2112  7669 I CCodecConfig: query failed after returning 7 values (BAD_INDEX)
11-05 21:32:16.139  2112  7669 D CCodecConfig: c2 config diff is Dict {
11-05 21:32:16.139  2112  7669 D CCodecConfig:   c2::u32 coded.bitrate.value = 64000
11-05 21:32:16.139  2112  7669 D CCodecConfig:   c2::u32 input.buffers.max-size.value = 32768
11-05 21:32:16.139  2112  7669 D CCodecConfig:   c2::u32 input.delay.value = 0
11-05 21:32:16.139  2112  7669 D CCodecConfig:   string input.media-type.value = "audio/vorbis"
11-05 21:32:16.139  2112  7669 D CCodecConfig:   string output.media-type.value = "audio/raw"
11-05 21:32:16.139  2112  7669 D CCodecConfig:   c2::u32 raw.channel-count.value = 1
11-05 21:32:16.139  2112  7669 D CCodecConfig:   c2::u32 raw.sample-rate.value = 48000
11-05 21:32:16.139  2112  7669 D CCodecConfig: }
11-05 21:32:16.139  2112  7669 D CCodecConfig: no c2 equivalents for durationUs
11-05 21:32:16.139  2112  7669 D CCodecConfig: no c2 equivalents for csd-1
11-05 21:32:16.139  2112  7669 D CCodecConfig: no c2 equivalents for track-id
11-05 21:32:16.139  2112  7669 D CCodecConfig: no c2 equivalents for channel-mask
11-05 21:32:16.140  2112  7669 D CCodecConfig: c2 config diff is   c2::u32 raw.channel-count.value = 2
11-05 21:32:16.140  2112  7669 D CCodecConfig:   c2::u32 raw.sample-rate.value = 44100
11-05 21:32:16.140  2112  7669 W Codec2Client: query -- param skipped: index = 1107298332.
11-05 21:32:16.140  2112  7669 D CCodec  : setup formats input: AMessage(what = 0x00000000) = {
11-05 21:32:16.140  2112  7669 D CCodec  :   int32_t channel-count = 2
11-05 21:32:16.140  2112  7669 D CCodec  :   int32_t max-input-size = 32768
11-05 21:32:16.140  2112  7669 D CCodec  :   string mime = "audio/vorbis"
11-05 21:32:16.140  2112  7669 D CCodec  :   int32_t sample-rate = 44100
11-05 21:32:16.140  2112  7669 D CCodec  : } and output: AMessage(what = 0x00000000) = {
11-05 21:32:16.140  2112  7669 D CCodec  :   int32_t channel-count = 2
11-05 21:32:16.140  2112  7669 D CCodec  :   string mime = "audio/raw"
11-05 21:32:16.140  2112  7669 D CCodec  :   int32_t sample-rate = 44100
11-05 21:32:16.140  2112  7669 D CCodec  :   int32_t channel-mask = 3
11-05 21:32:16.140  2112  7669 D CCodec  : }
11-05 21:32:16.143  1987  6737 I CompositorVR: WarpToScreen: Skipping frames for 11
11-05 21:32:16.154  1987  6737 I CompositorVR: WarpToScreen: Skipping frames for 11
11-05 21:32:16.156  1642  7655 W ContextImpl: Calling a method in the system process without a qualified user: android.app.ContextImpl.sendBroadcast:1057 android.content.ContextWrapper.sendBroadcast:448 X.o0.A00:133 X.nZ.A00:17 X.nZ.handleMessage:91 
11-05 21:32:16.157  2364  3003 I [OAO] LayerSwapChainResource: LayerSwapChainResource 525,80 : 2
11-05 21:32:16.157  2364  3003 I [OAO] SwapChainApiOpenXr: CreateTextureSwapChain 525,80 - 2
11-05 21:32:16.157  1987  2937 I VrRuntimeService: CreateSwapChain: 193362544
11-05 21:32:16.157  1987  2937 I VrRuntimeService: CreateSwapChain: api:gles 0 0x8c43 525 80 10 2 1 0 3
11-05 21:32:16.157  1987  2937 I VrRuntimeServer: CreateTextureSwapChain: result importswapchaingles 1
11-05 21:32:16.161  2364  3003 I [OAO] SwapChainApiOpenXr: Swapchain created: 525,80 - 2
11-05 21:32:16.162  1987  2937 I VrRuntimeService: UpdateSwapChainSamplerState: 187
11-05 21:32:16.162  1987  2937 I VrRuntimeService: UpdateSwapChainSamplerState: minFilter=1 magFilter=1 wrapModeS=3 warpModeT=3 maxAniso=1.000000 border={0.000000,0.000000,0.000000,0.000000} swizzle={0,1,2,3}
11-05 21:32:16.163  2364  3003 I [OAO] SwapChainApiOpenXr: Destroying SwapChain:0xbd876460
11-05 21:32:16.163  1987  2937 I VrRuntimeService: DestroySwapChain: swapchain=186
11-05 21:32:16.163  1987  2937 I VrRuntimeServer: DestroyTextureSwapChain: result destroyswapchain 1
11-05 21:32:16.165  1987  6737 I CompositorVR: WarpToScreen: Skipping frames for 11
11-05 21:32:16.166  2112  7669 W Codec2Client: query -- param skipped: index = 1342179345.
11-05 21:32:16.166  2112  7669 W Codec2Client: query -- param skipped: index = 2415921170.
11-05 21:32:16.167  2112  7669 D CCodecBufferChannel: [c2.android.vorbis.decoder#256] Created input block pool with allocatorID 16 => poolID 28 - OK (0)
11-05 21:32:16.168  2112  7669 I CCodecBufferChannel: [c2.android.vorbis.decoder#256] Created output block pool with allocatorID 16 => poolID 50 - OK
11-05 21:32:16.168  2112  7669 D CCodecBufferChannel: [c2.android.vorbis.decoder#256] Configured output block pool ids 50 => OK
11-05 21:32:16.170  1987  6737 I ScreenCaptureBase: GlobalInhibitState changed to 1
11-05 21:32:16.170  1987  6737 I CompositorVR: SetClientSurfaceSecureFlag: secure=1
11-05 21:32:16.174  6928  6960 D UE4     : [2022.11.05-21.32.16:174][353]LogCore: Display: AppLifetime: Application will deactivate
11-05 21:32:16.176   849  1037 W TrackingService: attachClient: found client in attached list
11-05 21:32:16.176  6928  7070 D OVRPlugin: Leaving VR mode.
11-05 21:32:16.176  6928  7070 I VrApi   : ---------- vrapi_LeaveVrMode [start] ----------
11-05 21:32:16.176  4056  4163 E OsSdk   : error getting shared memory region, memory type: HeadTracker, failed with Status(-1, EX_SECURITY): 'requested shared memory region when not registered/focused'
11-05 21:32:16.176  1987  6737 I CompositorVR: WarpToScreen: Skipping frames for 11
11-05 21:32:16.177   849  6789 W TrackingService: attachClient: found client in attached list
11-05 21:32:16.178  4056  4163 E OsSdk   : error getting shared memory region, memory type: AnchorTracker, failed with Status(-1, EX_SECURITY): 'requested shared memory region when not registered/focused'
