03-05 19:30:32.072  5764  5764 I crash_dump32: obtaining output fd from tombstoned, type: kDebuggerdTombstone
03-05 19:30:32.075   843   843 I /system/bin/tombstoned: received crash request for pid 5149
03-05 19:30:32.075  5764  5764 I crash_dump32: performing dump of process 5119 (target tid = 5149)
03-05 19:30:32.085  5764  5764 F DEBUG   : *** *** *** *** *** *** *** *** *** *** *** *** *** *** *** ***
03-05 19:30:32.085  5764  5764 F DEBUG   : Build fingerprint: 'oculus/hollywood/hollywood:10/QQ3A.200805.001/49882890235800150:user/release-keys'
03-05 19:30:32.085  5764  5764 F DEBUG   : Revision: '0'
03-05 19:30:32.085  5764  5764 F DEBUG   : ABI: 'arm'
03-05 19:30:32.085  5764  5764 F DEBUG   : Timestamp: 2023-03-05 19:30:32+0000
03-05 19:30:32.085  5764  5764 F DEBUG   : pid: 5119, tid: 5149, name: GameThread  >>> com.YourCompany.TemplateProject3 <<<
03-05 19:30:32.085  5764  5764 F DEBUG   : uid: 10207
03-05 19:30:32.085  5764  5764 F DEBUG   : signal 11 (SIGSEGV), code 1 (SEGV_MAPERR), fault addr 0x1
03-05 19:30:32.085  5764  5764 F DEBUG   : Cause: null pointer dereference
03-05 19:30:32.085  5764  5764 F DEBUG   :     r0  00000001  r1  c440a564  r2  b9c1d6e4  r3  00000001
03-05 19:30:32.085  5764  5764 F DEBUG   :     r4  c0600048  r5  b8197bd8  r6  b7dcf4da  r7  00000000
03-05 19:30:32.085  5764  5764 F DEBUG   :     r8  ffffffff  r9  ffffffff  r10 ea4eb260  r11 c44084a0
03-05 19:30:32.085  5764  5764 F DEBUG   :     ip  00000169  sp  c44082e8  lr  c4408620  pc  b9c1e2d4
03-05 19:30:32.107  4604  4665 W [CT]    : SlamAnchorMemoryRuntimeIpcServer: HeadTracker::getState failed
03-05 19:30:32.107  4604  4665 W [CT]    : SlamAnchorMemoryRuntimeIpcServerThread: RigidBodyStates update failure.
03-05 19:30:32.108  4604  4708 E OsSdk   : error getting shared memory region, memory type: HeadTracker, failed with Status(-1, EX_SECURITY): 'requested shared memory region when not registered/focused'
03-05 19:30:32.151  4604  4708 E OsSdk   : error getting shared memory region, memory type: HeadTracker, failed with Status(-1, EX_SECURITY): 'requested shared memory region when not registered/focused'
03-05 19:30:32.153  4604  4665 E OsSdk   : error getting shared memory region, memory type: HeadTracker, failed with Status(-1, EX_SECURITY): 'requested shared memory region when not registered/focused'
03-05 19:30:32.153  4604  4665 W [CT]    : SlamAnchorMemoryRuntimeIpcServer: HeadTracker::getState failed
03-05 19:30:32.153  4604  4665 W [CT]    : SlamAnchorMemoryRuntimeIpcServerThread: RigidBodyStates update failure.
03-05 19:30:32.197  4604  4665 W [CT]    : SlamAnchorMemoryRuntimeIpcServer: HeadTracker::getState failed
03-05 19:30:32.197  4604  4665 W [CT]    : SlamAnchorMemoryRuntimeIpcServerThread: RigidBodyStates update failure.
03-05 19:30:32.198  4604  4708 E OsSdk   : error getting shared memory region, memory type: HeadTracker, failed with Status(-1, EX_SECURITY): 'requested shared memory region when not registered/focused'
03-05 19:30:32.239  4604  4665 E OsSdk   : error getting shared memory region, memory type: HeadTracker, failed with Status(-1, EX_SECURITY): 'requested shared memory region when not registered/focused'
03-05 19:30:32.239  4604  4665 W [CT]    : SlamAnchorMemoryRuntimeIpcServer: HeadTracker::getState failed
03-05 19:30:32.239  4604  4665 W [CT]    : SlamAnchorMemoryRuntimeIpcServerThread: RigidBodyStates update failure.
03-05 19:30:32.239   844   844 I chatty  : uid=1000(system) /system/bin/trackingservice identical 6 lines
03-05 19:30:32.240  4604  4708 E OsSdk   : error getting shared memory region, memory type: HeadTracker, failed with Status(-1, EX_SECURITY): 'requested shared memory region when not registered/focused'
03-05 19:30:32.277   844   844 W TrackingService: attachClient: found client in attached list
03-05 19:30:32.278  4604  4665 E OsSdk   : error getting shared memory region, memory type: HeadTracker, failed with Status(-1, EX_SECURITY): 'requested shared memory region when not registered/focused'
03-05 19:30:32.278  4604  4665 W [CT]    : SlamAnchorMemoryRuntimeIpcServer: HeadTracker::getState failed
03-05 19:30:32.278  4604  4665 W [CT]    : SlamAnchorMemoryRuntimeIpcServerThread: RigidBodyStates update failure.
03-05 19:30:32.278   844  1556 W TrackingService: attachClient: found client in attached list
03-05 19:30:32.280  4604  4665 E OsSdk   : error getting shared memory region, memory type: AnchorTracker, failed with Status(-1, EX_SECURITY): 'requested shared memory region when not registered/focused'
03-05 19:30:32.280  4604  4665 W [CT]    : SlamAnchorMemoryRuntimeIpcServer: getAnchorStates failed
03-05 19:30:32.280  4604  4665 W [CT]    : SlamAnchorMemoryRuntimeIpcServerThread: AnchorStates update failure.
03-05 19:30:32.284  4604  4708 E OsSdk   : error getting shared memory region, memory type: HeadTracker, failed with Status(-1, EX_SECURITY): 'requested shared memory region when not registered/focused'
03-05 19:30:32.323   844  1556 I chatty  : uid=1000(system) Binder:844_4 identical 2 lines
03-05 19:30:32.324  4604  4665 E OsSdk   : error getting shared memory region, memory type: HeadTracker, failed with Status(-1, EX_SECURITY): 'requested shared memory region when not registered/focused'
03-05 19:30:32.324  4604  4665 W [CT]    : SlamAnchorMemoryRuntimeIpcServer: HeadTracker::getState failed
03-05 19:30:32.324  4604  4665 W [CT]    : SlamAnchorMemoryRuntimeIpcServerThread: RigidBodyStates update failure.
03-05 19:30:32.328   844  1556 W TrackingService: attachClient: found client in attached list
03-05 19:30:32.331  4604  4708 E OsSdk   : error getting shared memory region, memory type: HeadTracker, failed with Status(-1, EX_SECURITY): 'requested shared memory region when not registered/focused'
03-05 19:30:32.331   844   844 W TrackingService: attachClient: found client in attached list
03-05 19:30:32.333  4604  4708 E OsSdk   : error getting shared memory region, memory type: AnchorTracker, failed with Status(-1, EX_SECURITY): 'requested shared memory region when not registered/focused'
03-05 19:30:32.370  4604  4665 E OsSdk   : error getting shared memory region, memory type: HeadTracker, failed with Status(-1, EX_SECURITY): 'requested shared memory region when not registered/focused'
03-05 19:30:32.370  4604  4665 W [CT]    : SlamAnchorMemoryRuntimeIpcServer: HeadTracker::getState failed
03-05 19:30:32.370  4604  4665 W [CT]    : SlamAnchorMemoryRuntimeIpcServerThread: RigidBodyStates update failure.
03-05 19:30:32.378  4604  4708 E OsSdk   : error getting shared memory region, memory type: HeadTracker, failed with Status(-1, EX_SECURITY): 'requested shared memory region when not registered/focused'
03-05 19:30:32.414  4604  4665 E OsSdk   : error getting shared memory region, memory type: HeadTracker, failed with Status(-1, EX_SECURITY): 'requested shared memory region when not registered/focused'
03-05 19:30:32.414  4604  4665 W [CT]    : SlamAnchorMemoryRuntimeIpcServer: HeadTracker::getState failed
03-05 19:30:32.414  4604  4665 W [CT]    : SlamAnchorMemoryRuntimeIpcServerThread: RigidBodyStates update failure.
03-05 19:30:32.424  4604  4708 E OsSdk   : error getting shared memory region, memory type: HeadTracker, failed with Status(-1, EX_SECURITY): 'requested shared memory region when not registered/focused'
03-05 19:30:32.462  4604  4665 E OsSdk   : error getting shared memory region, memory type: HeadTracker, failed with Status(-1, EX_SECURITY): 'requested shared memory region when not registered/focused'
03-05 19:30:32.462  4604  4665 W [CT]    : SlamAnchorMemoryRuntimeIpcServer: HeadTracker::getState failed
03-05 19:30:32.462  4604  4665 W [CT]    : SlamAnchorMemoryRuntimeIpcServerThread: RigidBodyStates update failure.
03-05 19:30:32.468  4604  4708 E OsSdk   : error getting shared memory region, memory type: HeadTracker, failed with Status(-1, EX_SECURITY): 'requested shared memory region when not registered/focused'
03-05 19:30:32.508  4604  4665 E OsSdk   : error getting shared memory region, memory type: HeadTracker, failed with Status(-1, EX_SECURITY): 'requested shared memory region when not registered/focused'
03-05 19:30:32.508  4604  4665 W [CT]    : SlamAnchorMemoryRuntimeIpcServer: HeadTracker::getState failed
03-05 19:30:32.508  4604  4665 W [CT]    : SlamAnchorMemoryRuntimeIpcServerThread: RigidBodyStates update failure.
03-05 19:30:32.512   844   844 I chatty  : uid=1000(system) /system/bin/trackingservice identical 8 lines
03-05 19:30:32.513  4604  4708 E OsSdk   : error getting shared memory region, memory type: HeadTracker, failed with Status(-1, EX_SECURITY): 'requested shared memory region when not registered/focused'
03-05 19:30:32.553   844   844 W TrackingService: attachClient: found client in attached list
03-05 19:30:32.554  4604  4665 E OsSdk   : error getting shared memory region, memory type: HeadTracker, failed with Status(-1, EX_SECURITY): 'requested shared memory region when not registered/focused'
03-05 19:30:32.554  4604  4665 W [CT]    : SlamAnchorMemoryRuntimeIpcServer: HeadTracker::getState failed
03-05 19:30:32.554  4604  4665 W [CT]    : SlamAnchorMemoryRuntimeIpcServerThread: RigidBodyStates update failure.
03-05 19:30:32.554   844  1556 W TrackingService: attachClient: found client in attached list
03-05 19:30:32.555  4604  4665 E OsSdk   : error getting shared memory region, memory type: AnchorTracker, failed with Status(-1, EX_SECURITY): 'requested shared memory region when not registered/focused'
03-05 19:30:32.555  4604  4665 W [CT]    : SlamAnchorMemoryRuntimeIpcServer: getAnchorStates failed
03-05 19:30:32.555  4604  4665 W [CT]    : SlamAnchorMemoryRuntimeIpcServerThread: AnchorStates update failure.
03-05 19:30:32.558  4604  4708 E OsSdk   : error getting shared memory region, memory type: HeadTracker, failed with Status(-1, EX_SECURITY): 'requested shared memory region when not registered/focused'
03-05 19:30:32.597   844  1556 I chatty  : uid=1000(system) Binder:844_4 identical 2 lines
03-05 19:30:32.598  4604  4665 E OsSdk   : error getting shared memory region, memory type: HeadTracker, failed with Status(-1, EX_SECURITY): 'requested shared memory region when not registered/focused'
03-05 19:30:32.598  4604  4665 W [CT]    : SlamAnchorMemoryRuntimeIpcServer: HeadTracker::getState failed
03-05 19:30:32.598  4604  4665 W [CT]    : SlamAnchorMemoryRuntimeIpcServerThread: RigidBodyStates update failure.
03-05 19:30:32.601   844  1556 W TrackingService: attachClient: found client in attached list
03-05 19:30:32.602  4604  4708 E OsSdk   : error getting shared memory region, memory type: HeadTracker, failed with Status(-1, EX_SECURITY): 'requested shared memory region when not registered/focused'
03-05 19:30:32.602   844   844 W TrackingService: attachClient: found client in attached list
03-05 19:30:32.603  4604  4708 E OsSdk   : error getting shared memory region, memory type: AnchorTracker, failed with Status(-1, EX_SECURITY): 'requested shared memory region when not registered/focused'
03-05 19:30:32.643  4604  4665 E OsSdk   : error getting shared memory region, memory type: HeadTracker, failed with Status(-1, EX_SECURITY): 'requested shared memory region when not registered/focused'
03-05 19:30:32.643  4604  4665 W [CT]    : SlamAnchorMemoryRuntimeIpcServer: HeadTracker::getState failed
03-05 19:30:32.643  4604  4665 W [CT]    : SlamAnchorMemoryRuntimeIpcServerThread: RigidBodyStates update failure.
03-05 19:30:32.650  4604  4708 E OsSdk   : error getting shared memory region, memory type: HeadTracker, failed with Status(-1, EX_SECURITY): 'requested shared memory region when not registered/focused'
03-05 19:30:32.664  4604  4682 D xrstreaming: receive ping: org 0 recv 0 xmt 30292344765100 (received at 407326780832), offset divergence 8216
03-05 19:30:32.691  4604  4665 E OsSdk   : error getting shared memory region, memory type: HeadTracker, failed with Status(-1, EX_SECURITY): 'requested shared memory region when not registered/focused'
03-05 19:30:32.691  4604  4665 W [CT]    : SlamAnchorMemoryRuntimeIpcServer: HeadTracker::getState failed
03-05 19:30:32.691  4604  4665 W [CT]    : SlamAnchorMemoryRuntimeIpcServerThread: RigidBodyStates update failure.
03-05 19:30:32.693  4604  4708 E OsSdk   : error getting shared memory region, memory type: HeadTracker, failed with Status(-1, EX_SECURITY): 'requested shared memory region when not registered/focused'
03-05 19:30:32.736  4604  4665 E OsSdk   : error getting shared memory region, memory type: HeadTracker, failed with Status(-1, EX_SECURITY): 'requested shared memory region when not registered/focused'
03-05 19:30:32.736  4604  4665 W [CT]    : SlamAnchorMemoryRuntimeIpcServer: HeadTracker::getState failed
03-05 19:30:32.736  4604  4665 W [CT]    : SlamAnchorMemoryRuntimeIpcServerThread: RigidBodyStates update failure.
03-05 19:30:32.746  4604  4708 E OsSdk   : error getting shared memory region, memory type: HeadTracker, failed with Status(-1, EX_SECURITY): 'requested shared memory region when not registered/focused'
03-05 19:30:32.752   815   815 W ovr_crashupload: type=1400 audit(0.0:5605): avc: denied { write } for name="fd" dev="proc" ino=110679 scontext=u:r:crashuploader:s0 tcontext=u:r:crashuploader:s0 tclass=dir permissive=0
03-05 19:30:32.785  4604  4665 E OsSdk   : error getting shared memory region, memory type: HeadTracker, failed with Status(-1, EX_SECURITY): 'requested shared memory region when not registered/focused'
03-05 19:30:32.785  4604  4665 W [CT]    : SlamAnchorMemoryRuntimeIpcServer: HeadTracker::getState failed
03-05 19:30:32.785  4604  4665 W [CT]    : SlamAnchorMemoryRuntimeIpcServerThread: RigidBodyStates update failure.
03-05 19:30:32.788  4604  4708 E OsSdk   : error getting shared memory region, memory type: HeadTracker, failed with Status(-1, EX_SECURITY): 'requested shared memory region when not registered/focused'
03-05 19:30:32.830  4604  4665 E OsSdk   : error getting shared memory region, memory type: HeadTracker, failed with Status(-1, EX_SECURITY): 'requested shared memory region when not registered/focused'
03-05 19:30:32.830  4604  4665 W [CT]    : SlamAnchorMemoryRuntimeIpcServer: HeadTracker::getState failed
03-05 19:30:32.830  4604  4665 W [CT]    : SlamAnchorMemoryRuntimeIpcServerThread: RigidBodyStates update failure.
03-05 19:30:32.832  4604  4665 E OsSdk   : error getting shared memory region, memory type: AnchorTracker, failed with Status(-1, EX_SECURITY): 'requested shared memory region when not registered/focused'
03-05 19:30:32.832  4604  4665 W [CT]    : SlamAnchorMemoryRuntimeIpcServer: getAnchorStates failed
03-05 19:30:32.832  4604  4665 W [CT]    : SlamAnchorMemoryRuntimeIpcServerThread: AnchorStates update failure.
03-05 19:30:32.833   844   844 I chatty  : uid=1000(system) /system/bin/trackingservice identical 11 lines
03-05 19:30:32.835  4604  4708 E OsSdk   : error getting shared memory region, memory type: HeadTracker, failed with Status(-1, EX_SECURITY): 'requested shared memory region when not registered/focused'
03-05 19:30:32.877   844   844 W TrackingService: attachClient: found client in attached list
03-05 19:30:32.880  4604  4665 E OsSdk   : error getting shared memory region, memory type: HeadTracker, failed with Status(-1, EX_SECURITY): 'requested shared memory region when not registered/focused'
03-05 19:30:32.880  4604  4665 W [CT]    : SlamAnchorMemoryRuntimeIpcServer: HeadTracker::getState failed
03-05 19:30:32.880  4604  4665 W [CT]    : SlamAnchorMemoryRuntimeIpcServerThread: RigidBodyStates update failure.
03-05 19:30:32.880   844  1556 W TrackingService: attachClient: found client in attached list
03-05 19:30:32.882  4604  4708 E OsSdk   : error getting shared memory region, memory type: HeadTracker, failed with Status(-1, EX_SECURITY): 'requested shared memory region when not registered/focused'
03-05 19:30:32.882   844   844 W TrackingService: attachClient: found client in attached list
03-05 19:30:32.883  4604  4708 E OsSdk   : error getting shared memory region, memory type: AnchorTracker, failed with Status(-1, EX_SECURITY): 'requested shared memory region when not registered/focused'
03-05 19:30:32.922  4604  4665 E OsSdk   : error getting shared memory region, memory type: HeadTracker, failed with Status(-1, EX_SECURITY): 'requested shared memory region when not registered/focused'
03-05 19:30:32.922  4604  4665 W [CT]    : SlamAnchorMemoryRuntimeIpcServer: HeadTracker::getState failed
03-05 19:30:32.923  4604  4665 W [CT]    : SlamAnchorMemoryRuntimeIpcServerThread: RigidBodyStates update failure.
03-05 19:30:32.931  4604  4708 E OsSdk   : error getting shared memory region, memory type: HeadTracker, failed with Status(-1, EX_SECURITY): 'requested shared memory region when not registered/focused'
03-05 19:30:32.972  4604  4665 E OsSdk   : error getting shared memory region, memory type: HeadTracker, failed with Status(-1, EX_SECURITY): 'requested shared memory region when not registered/focused'
03-05 19:30:32.972  4604  4665 W [CT]    : SlamAnchorMemoryRuntimeIpcServer: HeadTracker::getState failed
03-05 19:30:32.972  4604  4665 W [CT]    : SlamAnchorMemoryRuntimeIpcServerThread: RigidBodyStates update failure.
03-05 19:30:32.977  4604  4708 E OsSdk   : error getting shared memory region, memory type: HeadTracker, failed with Status(-1, EX_SECURITY): 'requested shared memory region when not registered/focused'
03-05 19:30:32.996  5119  5415 I VrApi   : FPS=72/72,Prd=44ms,Tear=0,Early=0,Stale=0,Stale2/5/10/max=0/0/0/0,VSnc=1,Lat=1,Fov=0,CPU4/GPU=2/4,1171/525MHz,OC=FF,TA=0/70/0,SP=N/N/E,Mem=1555MHz,Free=1658MB,PLS=0,Temp=25.0C/0.0C,TW=1.75ms,App=10.62ms,GD=0.12ms,CPU&GPU=12.34ms,LCnt=2(DR0,LM2),GPU%=0.92,CPU%=0.55(W0.65),DSF=1.00,CFL=19.60/21.64
03-05 19:30:33.019  4604  4665 E OsSdk   : error getting shared memory region, memory type: HeadTracker, failed with Status(-1, EX_SECURITY): 'requested shared memory region when not registered/focused'
03-05 19:30:33.019  4604  4665 W [CT]    : SlamAnchorMemoryRuntimeIpcServer: HeadTracker::getState failed
03-05 19:30:33.019  4604  4665 W [CT]    : SlamAnchorMemoryRuntimeIpcServerThread: RigidBodyStates update failure.
03-05 19:30:33.061  4604  4665 W [CT]    : SlamAnchorMemoryRuntimeIpcServer: HeadTracker::getState failed
03-05 19:30:33.061  4604  4665 W [CT]    : SlamAnchorMemoryRuntimeIpcServerThread: RigidBodyStates update failure.
03-05 19:30:33.061   844   844 I chatty  : uid=1000(system) /system/bin/trackingservice identical 6 lines
03-05 19:30:33.062  4604  4708 E OsSdk   : error getting shared memory region, memory type: HeadTracker, failed with Status(-1, EX_SECURITY): 'requested shared memory region when not registered/focused'
03-05 19:30:33.102   844   844 W TrackingService: attachClient: found client in attached list
03-05 19:30:33.103  4604  4665 E OsSdk   : error getting shared memory region, memory type: HeadTracker, failed with Status(-1, EX_SECURITY): 'requested shared memory region when not registered/focused'
03-05 19:30:33.103  4604  4665 W [CT]    : SlamAnchorMemoryRuntimeIpcServer: HeadTracker::getState failed
03-05 19:30:33.103  4604  4665 W [CT]    : SlamAnchorMemoryRuntimeIpcServerThread: RigidBodyStates update failure.
03-05 19:30:33.103   844  1556 W TrackingService: attachClient: found client in attached list
03-05 19:30:33.104  4604  4665 E OsSdk   : error getting shared memory region, memory type: AnchorTracker, failed with Status(-1, EX_SECURITY): 'requested shared memory region when not registered/focused'
03-05 19:30:33.104  4604  4665 W [CT]    : SlamAnchorMemoryRuntimeIpcServer: getAnchorStates failed
03-05 19:30:33.104  4604  4665 W [CT]    : SlamAnchorMemoryRuntimeIpcServerThread: AnchorStates update failure.
03-05 19:30:33.107  4604  4708 E OsSdk   : error getting shared memory region, memory type: HeadTracker, failed with Status(-1, EX_SECURITY): 'requested shared memory region when not registered/focused'
03-05 19:30:33.147   844  1556 I chatty  : uid=1000(system) Binder:844_4 identical 2 lines
03-05 19:30:33.149  4604  4665 E OsSdk   : error getting shared memory region, memory type: HeadTracker, failed with Status(-1, EX_SECURITY): 'requested shared memory region when not registered/focused'
03-05 19:30:33.149  4604  4665 W [CT]    : SlamAnchorMemoryRuntimeIpcServer: HeadTracker::getState failed
03-05 19:30:33.149  4604  4665 W [CT]    : SlamAnchorMemoryRuntimeIpcServerThread: RigidBodyStates update failure.
03-05 19:30:33.151   844  1556 W TrackingService: attachClient: found client in attached list
03-05 19:30:33.153  4604  4708 E OsSdk   : error getting shared memory region, memory type: HeadTracker, failed with Status(-1, EX_SECURITY): 'requested shared memory region when not registered/focused'
03-05 19:30:33.153   844   844 W TrackingService: attachClient: found client in attached list
03-05 19:30:33.154  4604  4708 E OsSdk   : error getting shared memory region, memory type: AnchorTracker, failed with Status(-1, EX_SECURITY): 'requested shared memory region when not registered/focused'
03-05 19:30:33.187   844  1204 W [CT]    : VEGA_MAP_BUILDER: Resolved a potential TrackToMapPointAssosiation conflict between tracks 8585341 (index = 131, version = 125) and 8061053 (index = 123, version = 125). Point handle: 2677 0.
03-05 19:30:33.195  4604  4665 E OsSdk   : error getting shared memory region, memory type: HeadTracker, failed with Status(-1, EX_SECURITY): 'requested shared memory region when not registered/focused'
03-05 19:30:33.195  4604  4665 W [CT]    : SlamAnchorMemoryRuntimeIpcServer: HeadTracker::getState failed
03-05 19:30:33.195  4604  4665 W [CT]    : SlamAnchorMemoryRuntimeIpcServerThread: RigidBodyStates update failure.
03-05 19:30:33.199  4604  4708 E OsSdk   : error getting shared memory region, memory type: HeadTracker, failed with Status(-1, EX_SECURITY): 'requested shared memory region when not registered/focused'
03-05 19:30:33.241  4604  4665 E OsSdk   : error getting shared memory region, memory type: HeadTracker, failed with Status(-1, EX_SECURITY): 'requested shared memory region when not registered/focused'
03-05 19:30:33.241  4604  4665 W [CT]    : SlamAnchorMemoryRuntimeIpcServer: HeadTracker::getState failed
03-05 19:30:33.241  4604  4665 W [CT]    : SlamAnchorMemoryRuntimeIpcServerThread: RigidBodyStates update failure.
03-05 19:30:33.253  5764  5764 F DEBUG   : 
03-05 19:30:33.253  5764  5764 F DEBUG   : backtrace:
03-05 19:30:33.253  5764  5764 F DEBUG   :       #00 pc 073122d4  /data/app/com.YourCompany.TemplateProject3-7shaUWy2LdEvCQwXNi4wHg==/lib/arm/libUE4.so (FGenericWidePlatformString::GetVarArgs(char16_t*, unsigned int, char16_t const*&, std::__va_list)+3848) (BuildId: 5fdc31e8f27ae0bc68cf93f690d19e2b51b7af13)
03-05 19:30:33.253  5764  5764 F DEBUG   :       #01 pc 07498534  /data/app/com.YourCompany.TemplateProject3-7shaUWy2LdEvCQwXNi4wHg==/lib/arm/libUE4.so (FMsg::Logf_InternalImpl(char const*, int, FName const&, ELogVerbosity::Type, char16_t const*, ...)+712) (BuildId: 5fdc31e8f27ae0bc68cf93f690d19e2b51b7af13)
03-05 19:30:33.253  5764  5764 F DEBUG   :       #02 pc 071b0b34  /data/app/com.YourCompany.TemplateProject3-7shaUWy2LdEvCQwXNi4wHg==/lib/arm/libUE4.so (BuildId: 5fdc31e8f27ae0bc68cf93f690d19e2b51b7af13)
03-05 19:30:33.253  5764  5764 F DEBUG   :       #03 pc 0717b260  /data/app/com.YourCompany.TemplateProject3-7shaUWy2LdEvCQwXNi4wHg==/lib/arm/libUE4.so (BuildId: 5fdc31e8f27ae0bc68cf93f690d19e2b51b7af13)
03-05 19:30:33.253  5764  5764 F DEBUG   :       #04 pc 07169ab0  /data/app/com.YourCompany.TemplateProject3-7shaUWy2LdEvCQwXNi4wHg==/lib/arm/libUE4.so (VulkanRHI::FMemoryManager::DumpMemory(bool)+7392) (BuildId: 5fdc31e8f27ae0bc68cf93f690d19e2b51b7af13)
03-05 19:30:33.253  5764  5764 F DEBUG   :       #05 pc 0716f034  /data/app/com.YourCompany.TemplateProject3-7shaUWy2LdEvCQwXNi4wHg==/lib/arm/libUE4.so (VulkanRHI::FVulkanResourceHeap::~FVulkanResourceHeap()+380) (BuildId: 5fdc31e8f27ae0bc68cf93f690d19e2b51b7af13)
03-05 19:30:33.253  5764  5764 F DEBUG   :       #06 pc 07173dd4  /data/app/com.YourCompany.TemplateProject3-7shaUWy2LdEvCQwXNi4wHg==/lib/arm/libUE4.so (VulkanRHI::FMemoryManager::Deinit()+168) (BuildId: 5fdc31e8f27ae0bc68cf93f690d19e2b51b7af13)
03-05 19:30:33.254  5764  5764 F DEBUG   :       #07 pc 07141898  /data/app/com.YourCompany.TemplateProject3-7shaUWy2LdEvCQwXNi4wHg==/lib/arm/libUE4.so (FVulkanDevice::Destroy()+936) (BuildId: 5fdc31e8f27ae0bc68cf93f690d19e2b51b7af13)
03-05 19:30:33.254  5764  5764 F DEBUG   :       #08 pc 071d173c  /data/app/com.YourCompany.TemplateProject3-7shaUWy2LdEvCQwXNi4wHg==/lib/arm/libUE4.so (FVulkanDynamicRHI::Shutdown()+1408) (BuildId: 5fdc31e8f27ae0bc68cf93f690d19e2b51b7af13)
03-05 19:30:33.254  5764  5764 F DEBUG   :       #09 pc 089b7fa4  /data/app/com.YourCompany.TemplateProject3-7shaUWy2LdEvCQwXNi4wHg==/lib/arm/libUE4.so (RHIExit()+64) (BuildId: 5fdc31e8f27ae0bc68cf93f690d19e2b51b7af13)
03-05 19:30:33.254  5764  5764 F DEBUG   :       #10 pc 05e80c14  /data/app/com.YourCompany.TemplateProject3-7shaUWy2LdEvCQwXNi4wHg==/lib/arm/libUE4.so (FEngineLoop::Exit()+1748) (BuildId: 5fdc31e8f27ae0bc68cf93f690d19e2b51b7af13)
03-05 19:30:33.254  5764  5764 F DEBUG   :       #11 pc 05e6df7c  /data/app/com.YourCompany.TemplateProject3-7shaUWy2LdEvCQwXNi4wHg==/lib/arm/libUE4.so (AndroidMain(android_app*)+4080) (BuildId: 5fdc31e8f27ae0bc68cf93f690d19e2b51b7af13)
03-05 19:30:33.254  5764  5764 F DEBUG   :       #12 pc 05e81358  /data/app/com.YourCompany.TemplateProject3-7shaUWy2LdEvCQwXNi4wHg==/lib/arm/libUE4.so (android_main+176) (BuildId: 5fdc31e8f27ae0bc68cf93f690d19e2b51b7af13)
03-05 19:30:33.254  5764  5764 F DEBUG   :       #13 pc 05eb790c  /data/app/com.YourCompany.TemplateProject3-7shaUWy2LdEvCQwXNi4wHg==/lib/arm/libUE4.so (BuildId: 5fdc31e8f27ae0bc68cf93f690d19e2b51b7af13)
03-05 19:30:33.254  5764  5764 F DEBUG   :       #14 pc 0009a6d5  /apex/com.android.runtime/lib/bionic/libc.so (__pthread_start(void*)+20) (BuildId: 412b3f89043ee721cb892d6b5f53c486)
03-05 19:30:33.254  5764  5764 F DEBUG   :       #15 pc fffffffffffffffe  <anonymous:c4313000>
03-05 19:30:33.285  4604  4708 E OsSdk   : error getting shared memory region, memory type: HeadTracker, failed with Status(-1, EX_SECURITY): 'requested shared memory region when not registered/focused'
03-05 19:30:33.286  4604  4665 E OsSdk   : error getting shared memory region, memory type: HeadTracker, failed with Status(-1, EX_SECURITY): 'requested shared memory region when not registered/focused'
03-05 19:30:33.286  4604  4665 W [CT]    : SlamAnchorMemoryRuntimeIpcServer: HeadTracker::getState failed
03-05 19:30:33.286  4604  4665 W [CT]    : SlamAnchorMemoryRuntimeIpcServerThread: RigidBodyStates update failure.
03-05 19:30:33.332  4604  4665 W [CT]    : SlamAnchorMemoryRuntimeIpcServer: HeadTracker::getState failed
03-05 19:30:33.332  4604  4665 W [CT]    : SlamAnchorMemoryRuntimeIpcServerThread: RigidBodyStates update failure.
03-05 19:30:33.333   844   844 I chatty  : uid=1000(system) /system/bin/trackingservice identical 6 lines
03-05 19:30:33.334  4604  4708 E OsSdk   : error getting shared memory region, memory type: HeadTracker, failed with Status(-1, EX_SECURITY): 'requested shared memory region when not registered/focused'
03-05 19:30:33.374   844   844 W TrackingService: attachClient: found client in attached list
03-05 19:30:33.376  4604  4665 E OsSdk   : error getting shared memory region, memory type: HeadTracker, failed with Status(-1, EX_SECURITY): 'requested shared memory region when not registered/focused'
03-05 19:30:33.376  4604  4665 W [CT]    : SlamAnchorMemoryRuntimeIpcServer: HeadTracker::getState failed
03-05 19:30:33.376  4604  4665 W [CT]    : SlamAnchorMemoryRuntimeIpcServerThread: RigidBodyStates update failure.
03-05 19:30:33.376   844  1556 W TrackingService: attachClient: found client in attached list
03-05 19:30:33.378  4604  4665 E OsSdk   : error getting shared memory region, memory type: AnchorTracker, failed with Status(-1, EX_SECURITY): 'requested shared memory region when not registered/focused'
03-05 19:30:33.378  4604  4665 W [CT]    : SlamAnchorMemoryRuntimeIpcServer: getAnchorStates failed
03-05 19:30:33.378  4604  4665 W [CT]    : SlamAnchorMemoryRuntimeIpcServerThread: AnchorStates update failure.
03-05 19:30:33.380   844  1556 I chatty  : uid=1000(system) Binder:844_4 identical 1 line
03-05 19:30:33.381  4604  4708 E OsSdk   : error getting shared memory region, memory type: HeadTracker, failed with Status(-1, EX_SECURITY): 'requested shared memory region when not registered/focused'
03-05 19:30:33.412   844  1556 W TrackingService: attachClient: found client in attached list
03-05 19:30:33.427  4604  4665 E OsSdk   : error getting shared memory region, memory type: HeadTracker, failed with Status(-1, EX_SECURITY): 'requested shared memory region when not registered/focused'
03-05 19:30:33.427  4604  4665 W [CT]    : SlamAnchorMemoryRuntimeIpcServer: HeadTracker::getState failed
03-05 19:30:33.427  4604  4665 W [CT]    : SlamAnchorMemoryRuntimeIpcServerThread: RigidBodyStates update failure.
03-05 19:30:33.427   844   844 W TrackingService: attachClient: found client in attached list
03-05 19:30:33.428  4604  4708 E OsSdk   : error getting shared memory region, memory type: AnchorTracker, failed with Status(-1, EX_SECURITY): 'requested shared memory region when not registered/focused'
03-05 19:30:33.444   843   843 E /system/bin/tombstoned: Tombstone written to: /data/tombstones/tombstone_05
03-05 19:30:33.447   844  5209 W [CT]    : TIMESTAMPCHECKER: Nominal rate wrong. Estimated data rate: 25, Nominal is 30.000300003000028
03-05 19:30:33.460  1052  5771 W ActivityTaskManager:   Force finishing activity com.YourCompany.TemplateProject3/com.epicgames.ue4.GameActivity
03-05 19:30:33.461  1052  1089 I BootReceiver: Copying /data/tombstones/tombstone_05 to DropBox (SYSTEM_TOMBSTONE)
03-05 19:30:33.470   844   844 I chatty  : uid=1000(system) /system/bin/trackingservice identical 1 line
03-05 19:30:33.471  4604  4708 E OsSdk   : error getting shared memory region, memory type: HeadTracker, failed with Status(-1, EX_SECURITY): 'requested shared memory region when not registered/focused'
03-05 19:30:33.472   844   844 W TrackingService: attachClient: found client in attached list
03-05 19:30:33.473  4604  4665 E OsSdk   : error getting shared memory region, memory type: HeadTracker, failed with Status(-1, EX_SECURITY): 'requested shared memory region when not registered/focused'
03-05 19:30:33.473  4604  4665 W [CT]    : SlamAnchorMemoryRuntimeIpcServer: HeadTracker::getState failed
03-05 19:30:33.473  4604  4665 W [CT]    : SlamAnchorMemoryRuntimeIpcServerThread: RigidBodyStates update failure.
03-05 19:30:33.475  1052  1089 I DropBoxManagerService: add tag=SYSTEM_TOMBSTONE isTagEnabled=true flags=0x2
03-05 19:30:33.478  1052  5772 I DropBoxManagerService: add tag=data_app_native_crash isTagEnabled=true flags=0x2
03-05 19:30:33.485  2883  5282 I REFLECT [RUNTIMEIPC]: GuardianSDKServer Client Disconnected 1938271223, com.YourCompany.TemplateProject3, com.YourCompany.TemplateProject3
03-05 19:30:33.485  1734  5228 I VrRuntimeService: RuntimeIPC: IPC_SYSTEM_EVENT_CLIENT_DISCONNECTED_EXT: com.YourCompany.TemplateProject3
03-05 19:30:33.485  1734  5228 I ClientMgr: ClientMgr::DestroyClient: 5119:com.YourCompany.TemplateProject3
03-05 19:30:33.485  1734  5228 I ClientMgr: ClientMgr::DestroyClient: 5119:com.YourCompany.TemplateProject3 is enabled for rendering on destroy.
03-05 19:30:33.485  1734  5228 I ClientMgr: ClientMgr::EnableRendering 5119:com.YourCompany.TemplateProject3 : type 0 comp-id 11: disable
03-05 19:30:33.485  1734  5228 I VrRuntimeServer: DisableCompositorClient: 11
03-05 19:30:33.485  1734  5228 I CompositorClientMgr: Disable client 11
03-05 19:30:33.485  1734  5228 I CompositorClientMgr: DisableClient: frame flush required: 1
03-05 19:30:33.488  1734  5227 W CompositorClient: WarpToScreen: No completed frames to display for primary client 11. submittedFrameIndex = 10433
03-05 19:30:33.488  1052  1162 W InputDispatcher: channel '7aeb1ca com.YourCompany.TemplateProject3/com.epicgames.ue4.GameActivity (server)' ~ Consumer closed input channel or an error occurred.  events=0x9
03-05 19:30:33.488  1052  1162 E InputDispatcher: channel '7aeb1ca com.YourCompany.TemplateProject3/com.epicgames.ue4.GameActivity (server)' ~ Channel is unrecoverably broken and will be disposed!
03-05 19:30:33.489  1734  4738 D IPCDataChannelAndroidBinder [RUNTIMEIPC]: RuntimeIPC: ConnectionDiedInfo: onBinderDied: 1, com.YourCompany.TemplateProject3:com.YourCompany.TemplateProject3:5119
03-05 19:30:33.489  1734  4738 D IPCDataChannelServer [RUNTIMEIPC]: Disconnected: 1938271223, com.YourCompany.TemplateProject3:com.YourCompany.TemplateProject3:5119
03-05 19:30:33.489   842  3393 D IPCDataChannelAndroidBinder [RUNTIMEIPC]: RuntimeIPC: ConnectionDiedInfo: onBinderDied: 1, com.YourCompany.TemplateProject3:com.YourCompany.TemplateProject3:5119
03-05 19:30:33.489  1734  4738 E IPCThreadState: attemptIncStrongHandle(36): Not supported
03-05 19:30:33.489   842  3393 E /system/bin/runtimeipcbroker: unlinkToDeath: removed reference to death recipient but unlink failed.
03-05 19:30:33.489   844  1556 I TrackingService: Unregistering client 'com.YourCompany.TemplateProject3' by binder death
03-05 19:30:33.489   844  1556 I TrackingService: Unregistering client 'com.YourCompany.TemplateProject3' by binder death
03-05 19:30:33.489   842  3441 W IPCDataChannelAndroidBinder [RUNTIMEIPC]: UnregisterLinkDeathHandle: AIBinder_unlinkToDeath FAILED
03-05 19:30:33.489   842  3441 I RuntimeIPCService [RUNTIMEIPC]: DestroyBrokerConnection: com.YourCompany.TemplateProject3:com.YourCompany.TemplateProject3:5119
03-05 19:30:33.489   842  3441 E IPCThreadState: attemptIncStrongHandle(59): Not supported
03-05 19:30:33.489  2883  4712 D IPCDataChannelAndroidBinder [RUNTIMEIPC]: RuntimeIPC: ConnectionDiedInfo: onBinderDied: 1, com.YourCompany.TemplateProject3:com.YourCompany.TemplateProject3:5119
03-05 19:30:33.490  1734  5228 I ClientMgr: ClientMgr::DestroyClient: Remove 5119:com.YourCompany.TemplateProject3 as focused client.
03-05 19:30:33.490  1734  5228 I ClientMgr: FocusedClient changed.
03-05 19:30:33.490  1734  5228 W ClientMgr: ClientMgr::SetFocusedClient: No focused client
03-05 19:30:33.490  1734  5228 I ClientMgr: Releasing clocks.
03-05 19:30:33.490  1734  5228 I ClientMgr: SetFocusedPackageName - packageName  processName  clientId 0 clientPid 0
03-05 19:30:33.490  1734  5228 I ClientMgr: ClientMgr::DestroyClient: non-deferred ShutdownResources: 10581 == 10581 
03-05 19:30:33.490  1734  5228 I VrRuntimeServer: UnRegisterCompositorClient client(11)
03-05 19:30:33.490  1734  5228 I ClientMgr: RemoveClient: com.YourCompany.TemplateProject3:com.YourCompany.TemplateProject3:5119
03-05 19:30:33.490  1734  5228 I UnifiedTelemetryWrapper: Stopped UT session render:com.YourCompany.TemplateProject3
03-05 19:30:33.490  1734  5228 I UnifiedTelemetryWrapper: Stopped UT session lifetime:com.YourCompany.TemplateProject3
03-05 19:30:33.491  2883  3158 I GuardianSystem: [GuardianSystem::InitializeRuntimeEventHandlers] runtimeServiceSDKClient_.ActiveClientDestroyedEventData: package=[com.YourCompany.TemplateProject3], process=[com.YourCompany.TemplateProject3]
03-05 19:30:33.491  2883  3158 I GuardianSystem: [GuardianSystem::OnDestroyActiveClient] com.YourCompany.TemplateProject3
03-05 19:30:33.491  2883  3158 I GuardianSystem: [GuardianSystem::OnDestroyActiveClient] Clearing return package because owning client was destroyed: com.YourCompany.TemplateProject3
03-05 19:30:33.492  1977  1977 I Zygote  : Process 5119 exited due to signal 11 (Segmentation fault)
03-05 19:30:33.493  1052  4511 E InputDispatcher: Window handle Window{7aeb1ca u0 com.YourCompany.TemplateProject3/com.epicgames.ue4.GameActivity} has no registered input channel
03-05 19:30:33.493  2103  3297 D IPCDataChannelAndroidBinder [RUNTIMEIPC]: RuntimeIPC: ConnectionDiedInfo: onBinderDied: 1, com.YourCompany.TemplateProject3:com.YourCompany.TemplateProject3:5119
03-05 19:30:33.493  2103  3297 D IPCDataChannelServer [RUNTIMEIPC]: Disconnected: 1938271223, com.YourCompany.TemplateProject3:com.YourCompany.TemplateProject3:5119
03-05 19:30:33.493  2103  3297 E IPCThreadState: attemptIncStrongHandle(53): Not supported
03-05 19:30:33.493  1052  1854 D ConnectivityService: ConnectivityService NetworkRequestInfo binderDied(NetworkRequest [ LISTEN id=25, [ Transports: CELLULAR|WIFI|BLUETOOTH|ETHERNET|VPN Capabilities: INTERNET&NOT_RESTRICTED&TRUSTED&NOT_VPN&VALIDATED&FOREGROUND Uid: 10207] ], android.os.BinderProxy@503fb2f)
03-05 19:30:33.494  1052  2411 I ActivityManager: Process com.YourCompany.TemplateProject3 (pid 5119) has died: fore TOP 
03-05 19:30:33.494  1734  3072 I ClientMgr: Non-overlay clients rendering status has changed: prev=15, curr=16, enabled=0
03-05 19:30:33.494  1734  3072 I CompositorClientMgr: Enable client 0
03-05 19:30:33.494  1734  3072 I VrRuntimeServer: EnableCompositorClient client(0): layer placement(2147483643) flags(8) sm(0x7a7c694160)
03-05 19:30:33.494  1052  1429 I WindowManager: WIN DEATH: Window{7aeb1ca u0 com.YourCompany.TemplateProject3/com.epicgames.ue4.GameActivity}
03-05 19:30:33.494  1052  1429 W InputDispatcher: Attempted to unregister already unregistered input channel '7aeb1ca com.YourCompany.TemplateProject3/com.epicgames.ue4.GameActivity (server)'
03-05 19:30:33.495  1052  1084 I libprocessgroup: Successfully killed process cgroup uid 10207 pid 5119 in 0ms
03-05 19:30:33.495  2883  4712 D IPCDataChannelServer [RUNTIMEIPC]: Disconnected: 1938271223, com.YourCompany.TemplateProject3:com.YourCompany.TemplateProject3:5119
03-05 19:30:33.495  2883  4712 E IPCThreadState: attemptIncStrongHandle(69): Not supported
03-05 19:30:33.502   844  5209 I [CT]    : VIPER: Mode=SuperVega,Status=6DoF,TRACKING,Inl=23,Mem=97.8,Jit=0.0mm,Issues(Cam/min=0.0,IMU/min=0.0),Exp=(14.0ms,g=15.0,I=71,Ir=339.7)(14.0ms,g=15.0,I=87,Ir=414.9)(14.0ms,g=15.0,I=83,Ir=399.4)(14.0ms,g=15.0,I=68,Ir=325.8)
03-05 19:30:33.502   844  5209 W [CT]    : VIPER: Images too dark, Environment trending to dark, 
03-05 19:30:33.503  1277  1277 V AvrcpMediaPlayerList: onPlaybackConfigChanged(): Configs list size=7
03-05 19:30:33.511   844   844 W TrackingService: attachClient: found client in attached list
03-05 19:30:33.512  4604  4708 E OsSdk   : error getting shared memory region, memory type: HeadTracker, failed with Status(-1, EX_SECURITY): 'requested shared memory region when not registered/focused'
03-05 19:30:33.513  1052  2411 W InputReader: Device has associated, but no associated display id.
03-05 19:30:33.519   844   844 I chatty  : uid=1000(system) /system/bin/trackingservice identical 1 line
03-05 19:30:33.520  4604  4665 E OsSdk   : error getting shared memory region, memory type: HeadTracker, failed with Status(-1, EX_SECURITY): 'requested shared memory region when not registered/focused'
03-05 19:30:33.520  4604  4665 W [CT]    : SlamAnchorMemoryRuntimeIpcServer: HeadTracker::getState failed
03-05 19:30:33.520  4604  4665 W [CT]    : SlamAnchorMemoryRuntimeIpcServerThread: RigidBodyStates update failure.
03-05 19:30:33.525   751  1701 D AF::TrackHandle: OpPlayAudio: track:67 uid:10026 pkg:com.oculus.systemux usage:10 not muted
03-05 19:30:33.526   751  4471 D AF::TrackHandle: OpPlayAudio: track:68 uid:1000 pkg:com.android.networkstack.inprocess usage:13 not muted
03-05 19:30:33.526   751   751 D AF::TrackHandle: OpPlayAudio: track:59 uid:10014 pkg:com.oculus.shellenv usage:1 muted
03-05 19:30:33.527   751   997 D AF::RecordHandle: OpRecordAudio: track:71 uid:10033 pkg:com.oculus.xrstreamingclient usage:0 not muted
03-05 19:30:33.528   751  1210 D AF::RecordHandle: OpRecordAudio: track:76 uid:10032 pkg:com.oculus.horizon usage:0 not muted
03-05 19:30:33.528   751  3482 D AF::RecordHandle: OpRecordAudio: track:58 uid:10014 pkg:com.oculus.shellenv usage:0 muted
03-05 19:30:33.529   751  5025 D AF::TrackHandle: OpPlayAudio: track:70 uid:10033 pkg:com.oculus.xrstreamingclient usage:1 not muted
03-05 19:30:33.540  1052  1076 W ActivityManager: setHasOverlayUi called on unknown pid: 5119
03-05 19:30:33.550  3112  3112 D [SUI] ActivityManagerUtilsHelper: onForegroundActivitiesChanged: Instance: com.oculus.common.activitymanager.ActivityManagerUtilsHelper@79b4a6, Pid: 4604, Tid: 10033, foregroundActivities: true, foreground app: com.oculus.xrstreamingclient, previous app: com.YourCompany.TemplateProject3
03-05 19:30:33.551  1734  1734 D VrRuntimeService: onForegroundActivitiesChanged: pid=4604, uid=10033, hasForegroundActivities=true
03-05 19:30:33.552  1734  3478 I FocusedClientsListener: focus: onVrFocusChanged(focusType=2): 0
03-05 19:30:33.553  1734  1764 I FocusedClientsListener: focus: onVrFocusChanged(focusType=1): 5
03-05 19:30:33.553  1734  1764 I FocusedClientsListener: focus: pid=3485
03-05 19:30:33.553  1734  1764 I FocusedClientsListener: focus: pid=2103
03-05 19:30:33.553  1734  1764 I FocusedClientsListener: focus: pid=3528
03-05 19:30:33.553  1734  1764 I FocusedClientsListener: focus: pid=2992
03-05 19:30:33.553  1734  1764 I FocusedClientsListener: focus: pid=2883
03-05 19:30:33.553  1734  4738 I FocusedClientsListener: focus: onVrFocusChanged(focusType=0): 6
03-05 19:30:33.553  1734  4738 I FocusedClientsListener: focus: pid=3485
03-05 19:30:33.553  1734  4738 I FocusedClientsListener: focus: pid=2103
03-05 19:30:33.553  1734  4738 I FocusedClientsListener: focus: pid=3528
03-05 19:30:33.553  1734  4738 I FocusedClientsListener: focus: pid=4604
03-05 19:30:33.553  1734  4738 I FocusedClientsListener: focus: pid=2992
03-05 19:30:33.553  1734  4738 I FocusedClientsListener: focus: pid=2883
03-05 19:30:33.557  1734  1734 W ClientMgr: ClientMgr::SetFocusedClient: No focused client
03-05 19:30:33.557  1734  1734 I ClientMgr: Releasing clocks.
03-05 19:30:33.557  1734  1734 I ClientMgr: SetFocusedPackageName - packageName  processName  clientId 0 clientPid 0
03-05 19:30:33.558   844   844 W TrackingService: attachClient: found client in attached list
03-05 19:30:33.558  2937  2937 D MetaCam (MediaCapabilityChecker): checkMediaHasRecordingCapabilities packageName: com.oculus.xrstreamingclient
03-05 19:30:33.559   844   844 D TrackingService: getSharedMemory: com.oculus.xrstreamingclient, HeadTracker
03-05 19:30:33.559  4604  4708 W REFLECT [RUNTIMEIPC]: UpdateServerStateValue name:'RigidBodyStates' buffer == nullptr
03-05 19:30:33.559  1734  3478 I FocusedClientsListener: focus: onVrFocusChanged(focusType=2): 0
03-05 19:30:33.560  1734  1764 I FocusedClientsListener: focus: onVrFocusChanged(focusType=1): 6
03-05 19:30:33.560  1734  1764 I FocusedClientsListener: focus: pid=3485
03-05 19:30:33.560  1734  1764 I FocusedClientsListener: focus: pid=2103
03-05 19:30:33.560  1734  1764 I FocusedClientsListener: focus: pid=3528
03-05 19:30:33.560  1734  1764 I FocusedClientsListener: focus: pid=4604
03-05 19:30:33.560  1734  1764 I FocusedClientsListener: focus: pid=2992
03-05 19:30:33.560  1734  1764 I FocusedClientsListener: focus: pid=2883
03-05 19:30:33.560  1734  4738 I FocusedClientsListener: focus: onVrFocusChanged(focusType=0): 6
03-05 19:30:33.560  1734  4738 I FocusedClientsListener: focus: pid=3485
03-05 19:30:33.560  1734  4738 I FocusedClientsListener: focus: pid=2103
03-05 19:30:33.560  1734  4738 I FocusedClientsListener: focus: pid=3528
03-05 19:30:33.560  1734  4738 I FocusedClientsListener: focus: pid=4604
03-05 19:30:33.560  1734  4738 I FocusedClientsListener: focus: pid=2992
03-05 19:30:33.560  1734  4738 I FocusedClientsListener: focus: pid=2883
03-05 19:30:33.563  4604  4627 V xrstreaming:   VR Mode state change (Can render=1, has VR mode=0)
03-05 19:30:33.563  4604  4627 D xrstreaming:   Entering VR Mode
03-05 19:30:33.563  4604  4627 I VrApi   : ---------- vrapi_EnterVrMode [start] ----------
03-05 19:30:33.563  1734  4738 I FocusedClientsListener: focus: onTopActivityChanged: com.YourCompany.TemplateProject3
03-05 19:30:33.564  2992  3012 I [CT]    : MIXEDREALITY: MrServiceController: VrFocusManager::Top Activity Changed, topActivity now is: 'com.YourCompany.TemplateProject3', immersiveApp now is: 'com.YourCompany.TemplateProject3'.
03-05 19:30:33.564  2992  3095 I [CT]    : MIXEDREALITY: MrServiceView: renderIteration: (every 10 seconds), screen is: ON, PT is: OFF, ID is: OFF
03-05 19:30:33.564  2992  3095 I [CT]    : MIXEDREALITY: MrServiceModel: commitLayerState: PassthroughMode: kNone.
03-05 19:30:33.564  1734  4738 I FocusedClientsListener: focus: onTopActivityChanged: com.oculus.xrstreamingclient
03-05 19:30:33.564  4604  4627 I VrRuntimeClient: Tracing is disabled
03-05 19:30:33.564  4604  4627 I VrRuntimeClient: SysProp debug mode is disabled on Client side
03-05 19:30:33.564  2992  3012 I [CT]    : MIXEDREALITY: MrServiceController: VrFocusManager::Top Activity Changed, topActivity now is: 'com.oculus.xrstreamingclient', immersiveApp now is: 'com.oculus.xrstreamingclient'.
03-05 19:30:33.564  2103  2103 I [OAO] ShellOverlayServiceJNI: NativeSendOverlayCommand
03-05 19:30:33.564  2103  2103 I [OAO] ShellOverlayServiceJNI: NativeWake
03-05 19:30:33.564  4604  4708 W REFLECT [RUNTIMEIPC]: UpdateServerStateValue name:'RigidBodyStates' buffer == nullptr
03-05 19:30:33.564  2103  2103 I [OAO] ShellOverlayMain: WakeVrThread
03-05 19:30:33.564  2103  2103 I [OAO] ShellOverlayMain: WakeVrThread - notifying vr thread
03-05 19:30:33.565  2103  2103 I [OAO] ShellOverlayServiceJNI: NativeSendOverlayCommand
03-05 19:30:33.565  2103  2103 I [OAO] ShellOverlayServiceJNI: NativeWake
03-05 19:30:33.565  2103  2103 I [OAO] ShellOverlayMain: WakeVrThread
03-05 19:30:33.565  2103  2103 I [OAO] ShellOverlayMain: WakeVrThread - notifying vr thread
03-05 19:30:33.565  2103  3270 I [OAO] ShellOverlayApp: VrThread woke up
03-05 19:30:33.565  2103  3270 I [OAO] ShellOverlayApp: 0xc21fdb28 msg: overlayCommand:
03-05 19:30:33.565  2103  3270 I [OAO] ShellOverlayApp: command = topActivityChanged
03-05 19:30:33.565  2103  3270 I [OAO] ShellOverlayApp: topActivity = com.YourCompany.TemplateProject3
03-05 19:30:33.565  2103  3270 I [OAO] ShellOverlayApp: Process_OverlayCommand command : topActivityChanged
03-05 19:30:33.565  2103  3270 I [OAO] ShellOverlayApp: Process_OverlayCommand unknown command received: topActivityChanged
03-05 19:30:33.565  2103  3270 I [OAO] ShellOverlayApp: 0xc21fdb28 msg: overlayCommand:
03-05 19:30:33.565  2103  3270 I [OAO] ShellOverlayApp: command = topActivityChanged
03-05 19:30:33.565  2103  3270 I [OAO] ShellOverlayApp: topActivity = com.oculus.xrstreamingclient
03-05 19:30:33.565  2103  3270 I [OAO] ShellOverlayApp: Process_OverlayCommand command : topActivityChanged
03-05 19:30:33.565  2103  3270 I [OAO] ShellOverlayApp: Process_OverlayCommand unknown command received: topActivityChanged
03-05 19:30:33.565  2103  3270 I [OAO] ShellOverlayApp: Start sleep timeout. Now:408.228054, Timeout:410.228054
03-05 19:30:33.565  4604  4627 D VrApi   : targetSDKVersion 29
03-05 19:30:33.566  3528  3697 I [SEO] ShellFrameAnalytics: Shell Heartbeat focusedPanelTimeSpent: {"2":700} visibleTimeSpent: {} inputTimeSpent: {"controller":700} inputClickCount: {} mouseMoveTimeSpent: 0 mouseScrollTimeSpent: 0 physicalKeyboardConnectedTimeSpent: 0 physicalKeyboardTrackedTimeSpent: 0 quickActionsMenuActivations: 0 quickActionsMenuTimeSpent: 0 quickActionsMenuSessionLengths: [] quickActionsMenuSelections: {} handTrackingOptIn: 0 handTrackingAutoTransition: 1
03-05 19:30:33.566  3528  3697 I [SEO] ShellApp: Immersive Activity Changed to: com.YourCompany.TemplateProject3
03-05 19:30:33.566  3528  3697 I [SEO] ShellApp: Immersive Activity Changed to: com.oculus.xrstreamingclient
03-05 19:30:33.569  2992  3095 I [CT]    : MIXEDREALITY: MrServiceModel: Hibernating caller (most likely rendering thread) due to commandQueue being empty.
03-05 19:30:33.569  4604  4708 W REFLECT [RUNTIMEIPC]: UpdateServerStateValue name:'RigidBodyStates' buffer == nullptr
03-05 19:30:33.570  1734  5227 I CompositorVR: SetSchedFifo( tid=3095, pol=5, pri=1 ) succeeded
03-05 19:30:33.571   844   844 W TrackingService: attachClient: found client in attached list
03-05 19:30:33.571  2992  3095 I [CT]    : MIXEDREALITY: MrServiceModel: Hibernating caller (most likely rendering thread) due to commandQueue being empty.
03-05 19:30:33.575   844   844 D TrackingService: getSharedMemory: com.oculus.xrstreamingclient, AnchorTracker
03-05 19:30:33.575  4604  4708 W REFLECT [RUNTIMEIPC]: UpdateServerStateValue name:'RigidBodyStates' buffer == nullptr
03-05 19:30:33.580  4604  4708 I chatty  : uid=10033(com.oculus.xrstreamingclient) SlamAnchorMem identical 1 line
03-05 19:30:33.585  4604  4708 W REFLECT [RUNTIMEIPC]: UpdateServerStateValue name:'RigidBodyStates' buffer == nullptr
03-05 19:30:33.585  4604  4627 I VrRuntimeClient: DEVICE MODEL NUMBER = Quest 2
03-05 19:30:33.585  4604  4627 I VrRuntimeClient: DEVICE BUILD NAME = user-49882890235800150
03-05 19:30:33.585  4604  4627 I VrRuntimeClient: DEVICE BUILD TYPE = user
03-05 19:30:33.585  4604  4627 I VrRuntimeClient: DEVICE OS VERSION = 10
03-05 19:30:33.585  4604  4627 I VrRuntimeClient: API LOADER VERSION = 1.49.0
03-05 19:30:33.585  4604  4627 I VrRuntimeClient: RUNTIME API VERSION = 1.66.0
03-05 19:30:33.585  4604  4627 I VrRuntimeClient: RUNTIME VERSION = 49.0.0.207.357 Feb  8 2023 14:43:26 RELEASE
03-05 19:30:33.585  4604  4627 I VrRuntimeClient: APP NAME = Oculus Link
03-05 19:30:33.585  4604  4627 I VrRuntimeClient: APP VERSION = 49.0.0.207.357 versionCode 445158772 internalVersionName 49.0.0.207.357.60c601c6ae0d 2023_02_08_14_42
03-05 19:30:33.585  4604  4627 I VrRuntimeClient: APP VR TYPE = vr_only
03-05 19:30:33.585  4604  4627 I VrRuntimeClient: APP MODE TYPE = <none>
03-05 19:30:33.585  4604  4627 I VrRuntimeClient: APP PACKAGE NAME = com.oculus.xrstreamingclient
