02-27 23:21:36.203  3176  3337 I [OAO] ShellOverlayApp: ResolveDeviceState: isWakingOrUnlockingIntoWake : 0
02-27 23:21:36.203  3176  3337 I [OAO] ShellOverlayApp: ResolveDeviceState: interactionState : InputFocus
02-27 23:21:36.204   875  1575 W TrackingService: attachClient: found client in attached list
02-27 23:21:36.206 10095 10193 E OsSdk   : error getting shared memory region, memory type: HeadTracker, failed with Status(-1, EX_SECURITY): 'requested shared memory region when not registered/focused'
02-27 23:21:36.207   875  1575 W TrackingService: attachClient: found client in attached list
02-27 23:21:36.207   875  1459 W TrackingService: attachClient: found client in attached list
02-27 23:21:36.207   875  1459 D TrackingService: getSharedMemory: com.oculus.vrshell, HeadTracker
02-27 23:21:36.208  3176  3337 I [OAO] LocalSpace: New Space: quat(-0.437675, -0.077289, 0.023743, 0.895490), translation(0.069023, 2.144752, 0.250496) - Prior Space: quat(-0.150379, -0.349667, -0.069357, 0.922122), translation(0.058625, 2.113020, 0.052294)
02-27 23:21:36.208  3176  3337 I [OAO] LocalSpace: Local space version from 30 to 31, local space user version from 2 to 2.
02-27 23:21:36.208  3176  3337 I [OAO] GuardianController: GetShellGuardianState: DORMANT
02-27 23:21:36.208  3176  3337 I [OAO] FlowController: UpdateActiveFlow from OverlayGuardianFlow to (none)
02-27 23:21:36.208  3176  3337 I [OAO] OverlayGuardianFlow: OverlayGuardianFlow Deactivated
02-27 23:21:36.208  3176  3337 I [OAO] OverlayGuardianFlow: OverlayGuardianFlow::ParseShellUri IsRequestingActivation() = 0
02-27 23:21:36.208  3176  3337 I [OAO] OverlayGuardianFlow: OverlayGuardianFlow::ParseShellUri shellGuardianState = 0
02-27 23:21:36.208  3176  3337 I [OAO] GuardianController: SETUP STATE1 ACTIVE: GUARDIAN_SYSTEM_GUARDIAN_VALID
02-27 23:21:36.208  3176  3337 I [OAO] GuardianController: SETUP STATE2 ACTIVE: GUARDIAN_SYSTEM_2_DIRECTIONAL_PASSTHROUGH_ENABLED
02-27 23:21:36.208  3176  3337 I [OAO] GuardianController: SETUP STATE2 ACTIVE: GUARDIAN_SYSTEM_2_SHOULD_PUSH_BLACK
02-27 23:21:36.208 10095 10193 E OsSdk   : error getting shared memory region, memory type: AnchorTracker, failed with Status(-1, EX_SECURITY): 'requested shared memory region when not registered/focused'
02-27 23:21:36.208  3176  3337 I [OAO] InputManager: Should render Hands system gestures icons: yes
02-27 23:21:36.208  3176  3337 I [OAO] SystemUXControllerHelper: OnReorient(reason: 3)
02-27 23:21:36.208  2379  3773 I VrGuardianService: GuardianSDKServer::ClearPassthroughFlag
02-27 23:21:36.212   875  1575 W TrackingService: attachClient: found client in attached list
02-27 23:21:36.212  3176  3337 I [OAO] TelemetryProvider: aui_reorient system 10 0 0 com.oculus.os.clearactivity
02-27 23:21:36.215 10095 10146 E OsSdk   : error getting shared memory region, memory type: HeadTracker, failed with Status(-1, EX_SECURITY): 'requested shared memory region when not registered/focused'
02-27 23:21:36.215 10095 10146 W [CT]    : SlamAnchorMemoryRuntimeIpcServer: HeadTracker::getState failed
02-27 23:21:36.215 10095 10146 W [CT]    : SlamAnchorMemoryRuntimeIpcServerThread: RigidBodyStates update failure.
02-27 23:21:36.219  3176  3337 I [OAO] InputManager: Adding hand deviceId = 4
02-27 23:21:36.221  3176  3337 I [OAO] ShaderCache: ShaderCache::ShaderCache()
02-27 23:21:36.223  1922  1922 W VRLifecycleManager: onHeadsetMounted
02-27 23:21:36.223  9722  9722 W VRLifecycleManager: onHeadsetMounted
02-27 23:21:36.226  9722  9843 W REFLECT [RUNTIMEIPC]: !IsClientValid: MarkerPoint
02-27 23:21:36.226  9722  9843 E QplClient: (com.oculus.socialplatform) MarkerPoint failed!
02-27 23:21:36.227  9609  9609 D ResourceDownloadHMDMountReceiver: Got HMD Mounted event, going to warm up assistant
02-27 23:21:36.227  9609  9609 W ResourceDownloadHMDMountReceiver: This user doesn't use Assistant at all. Not warming up Assistant.
02-27 23:21:36.228  9609  9609 D AuthServiceClient: onServiceConnected
02-27 23:21:36.228  1922  1922 I PlatformPluginManager: setHeadsetMountState: true
02-27 23:21:36.228  1922  1922 I OVRPlatform: [AudioManager] SetHeadsetMounted: true
02-27 23:21:36.228  1922  1922 I OVRPlatform: [AudioManager] Current headsetMounted_ true
02-27 23:21:36.228  1922  1922 I OVRPlatform: [AudioManager] Current headphoneStatus_: DISCONNECTED
02-27 23:21:36.228  1922  1922 I PlatformPluginManager: on headset mounted
02-27 23:21:36.243  9722 10743 E DeviceConfigVersionMapBuilder: Something went wrong when building version map.
02-27 23:21:36.245  2379  3074 I StateMachine: StateMachine::Update GuardianInitializationStateMachine: mountEvent -> MountedTransition_Black
02-27 23:21:36.245  2379  3074 I StateMachine: StateMachine::Update HmdMovementTelemetryStateMachine: hmdTelemetryMountEvent -> HmdTelemetry_Mounted
02-27 23:21:36.247  9722 10743 E DeviceConfigVersionMapBuilder: Something went wrong when building version map.
02-27 23:21:36.250  9722 10743 E DeviceConfigVersionMapBuilder: Something went wrong when building version map.
02-27 23:21:36.254  2405  2405 D MVanServiceReceiver: MVanServiceReceiver Action: com.oculus.intent.action.MOUNT_STATE_CHANGED
02-27 23:21:36.254 10095 10146 E OsSdk   : error getting shared memory region, memory type: HeadTracker, failed with Status(-1, EX_SECURITY): 'requested shared memory region when not registered/focused'
02-27 23:21:36.254 10095 10146 W [CT]    : SlamAnchorMemoryRuntimeIpcServer: HeadTracker::getState failed
02-27 23:21:36.254 10095 10146 W [CT]    : SlamAnchorMemoryRuntimeIpcServerThread: RigidBodyStates update failure.
02-27 23:21:36.257  9722 10743 E DeviceConfigVersionMapBuilder: Something went wrong when building version map.
02-27 23:21:36.260  9722 10743 I chatty  : uid=10046(com.oculus.socialplatform) OkHttp Dispatch identical 7 lines
02-27 23:21:36.260  9722 10743 E DeviceConfigVersionMapBuilder: Something went wrong when building version map.
02-27 23:21:36.260  3176  3337 I [OAO] ShaderCache: ShaderCache::compiling PBR shader for featureMask 576
02-27 23:21:36.263 10095 10172 D xrstreaming: receive ping: org 0 recv 0 xmt 10570362593500 (received at 11030771228443), offset divergence 68397
02-27 23:21:36.271  3176  3337 I [OAO] ShaderCache: ShaderCache::ShaderCache()
02-27 23:21:36.273  9722 10743 E DeviceConfigVersionMapBuilder: Something went wrong when building version map.
02-27 23:21:36.275  9722 10743 I chatty  : uid=10046(com.oculus.socialplatform) OkHttp Dispatch identical 3 lines
02-27 23:21:36.275  9722 10743 E DeviceConfigVersionMapBuilder: Something went wrong when building version map.
02-27 23:21:36.282  3176  3337 I [OAO] ShaderCache: ShaderCache::compiling PBR shader for featureMask 576
02-27 23:21:36.287  9722 10743 E DeviceConfigVersionMapBuilder: Something went wrong when building version map.
02-27 23:21:36.288  9722 10743 I chatty  : uid=10046(com.oculus.socialplatform) OkHttp Dispatch identical 2 lines
02-27 23:21:36.289  9722 10743 E DeviceConfigVersionMapBuilder: Something went wrong when building version map.
02-27 23:21:36.289  3176  3337 I [OAO] InputManager: Adding hand deviceId = 3
02-27 23:21:36.289  9722 10743 E DeviceConfigVersionMapBuilder: Something went wrong when building version map.
02-27 23:21:36.290  3176  3337 I [OAO] ShaderCache: ShaderCache::ShaderCache()
02-27 23:21:36.291  9722 10743 E DeviceConfigVersionMapBuilder: Something went wrong when building version map.
02-27 23:21:36.292  9722 10743 I chatty  : uid=10046(com.oculus.socialplatform) OkHttp Dispatch identical 2 lines
02-27 23:21:36.292  9722 10743 E DeviceConfigVersionMapBuilder: Something went wrong when building version map.
02-27 23:21:36.293  3176  3337 I [OAO] ShaderCache: ShaderCache::compiling PBR shader for featureMask 576
02-27 23:21:36.297  3176  3337 I [OAO] ShaderCache: ShaderCache::ShaderCache()
02-27 23:21:36.298   875  1575 I chatty  : uid=1000(system) Binder:875_4 identical 2 lines
02-27 23:21:36.298 10095 10146 W [CT]    : SlamAnchorMemoryRuntimeIpcServer: HeadTracker::getState failed
02-27 23:21:36.298 10095 10146 W [CT]    : SlamAnchorMemoryRuntimeIpcServerThread: RigidBodyStates update failure.
02-27 23:21:36.298 10095 10193 E OsSdk   : error getting shared memory region, memory type: HeadTracker, failed with Status(-1, EX_SECURITY): 'requested shared memory region when not registered/focused'
02-27 23:21:36.300  3176  3337 I [OAO] ShaderCache: ShaderCache::compiling PBR shader for featureMask 576
02-27 23:21:36.321  3176  3337 I [OAO] InputManager: Adding controller deviceId = 2
02-27 23:21:36.325  3176  3337 I [OAO] ModelCache: Load controller model
02-27 23:21:36.325  3176  3337 I [OAO] InputManager: Adding controller deviceId = 1
02-27 23:21:36.326  1922  2402 I AuthLogger: Action succeeded: SYNC_ACCOUNTS, callingPackage: com.oculus.horizon, accountType: null, tokenType: null, extras: {}, duration: 75ms
02-27 23:21:36.327  3176  3337 I [OAO] ModelCache: Load controller model
02-27 23:21:36.328  3176  3337 I [OAO] LegacyInteractionRouter: New cursor trace source: 1
02-27 23:21:36.328  3176  3337 I [OAO] InputManager: Switching primary device (id -1 to 2).
02-27 23:21:36.328  3176  3337 I [OAO] InputManager: Switching secondary device (id to 1).
02-27 23:21:36.328  2379  3773 I VrGuardianService: GuardianSDKServer::SetActiveHand
02-27 23:21:36.330  3176  3337 I VrRuntimeClient: UpdateEvents: HMT was mounted
02-27 23:21:36.332  3176  3337 I [OAO] SystemUXControllerHelper: OnReorient(reason: 3)
02-27 23:21:36.333  3176  3337 I [OAO] TelemetryProvider: aui_reorient system 10 0 0 com.oculus.os.clearactivity
02-27 23:21:36.333  3176  3337 I [OAO] VrPlatformOpenXr: xrPollEvent: received XR_TYPE_EVENT_DATA_MOUNT_STATE_CHANGED_FB event: isMounted 1
02-27 23:21:36.333  3176  3337 I [OAO] ShellOverlayApp: ResolveInteractionState: change from InputFocus to None
02-27 23:21:36.333  3176  3337 I [OAO] ShellOverlayApp: LeaveVrMode: Interaction state from InputFocus to None
02-27 23:21:36.333  3176  3337 I [OAO] ShellTransitionState: Logging ShellTransitionState to dumpsys: {"state":"Backgrounding","timeMillis":"11030841"}
02-27 23:21:36.333  3176  3337 I [OAO] ShellOverlayApp: EmptyFrame: Pushing an empty frame
02-27 23:21:36.335  3176  3337 I [OAO] VrPlatformOpenXr: VrPlatformOpenXr::SetPropInhibitHandleHomeKey inhibit:0
02-27 23:21:36.335  3176  3337 I OpenXR_DeviceSettings: ------------ xrSetDeviceSettingBooleanFB -----------
02-27 23:21:36.335  3176  3337 I ClientInputSettings: SetInhibitHandleHomeKey = false for com.oculus.vrshell
02-27 23:21:36.335  3176  3337 I ClientInputInterface: SetInhibitHandleHomeKey 0 for process com.oculus.vrshell 3176
02-27 23:21:36.335  3176  3337 I [OAO] VrPlatformOpenXr: VrPlatformOpenXr::SetPropInhibitHandleHomeKey result = 0
02-27 23:21:36.336  3176  3337 I [OAO] ModelDef: Destroying ModelFileModel guardianLaserBeam.gltf.ovrscene
02-27 23:21:36.336  3176  3337 I [OAO] ModelDef: Destroying ModelFileModel pinchArrowBlend.gltf.ovrscene
02-27 23:21:36.336  3176  3337 I [OAO] ModelDef: Destroying ModelFileModel guardianLaserBeam.gltf.ovrscene
02-27 23:21:36.336  3176  3337 I [OAO] ModelDef: Destroying ModelFileModel pinchArrowBlend.gltf.ovrscene
02-27 23:21:36.336  3176  3337 I [OAO] DragDropController: OnBackground
02-27 23:21:36.336  3176  3337 I [OAO] DesktopPanelControllerAnalytics: DesktopPanelControllerAnalytics flushing telemetry
02-27 23:21:36.336  3176  3337 I [OAO] DesktopPanelControllerAnalytics: FlushPendingDesktopMetrics Tablet
02-27 23:21:36.336  3176  3337 I [OAO] VrPlatformOpenXr: RequestEndSession state XR_SESSION_STATE_FOCUSED    focused:1
02-27 23:21:36.336  3176  3337 D [OAO] ShellApplication: setOverlayInputFocus: inputFocus=false shouldSupportIME=false
02-27 23:21:36.336  3176  3337 D [OAO] BaseOverlayService: setOverlayInputFocus : entrypoint - inputFocus=false shouldSupportIME=false
02-27 23:21:36.336  3176  3337 I OpenXR  : ------------ RequestExitSession [start] -----------
02-27 23:21:36.336  3176  3337 I OpenXR  : ------------ RequestExitSession [end] -----------
02-27 23:21:36.337  3176  3337 I OpenXR  : PostSessionStateChange: XR_SESSION_STATE_FOCUSED -> XR_SESSION_STATE_VISIBLE
02-27 23:21:36.337  3176  3337 I [OAO] VrPlatformOpenXr: xrPollEvent: received XR_TYPE_EVENT_DATA_SESSION_STATE_CHANGED: 4 for session 0x2 at time 11030.844490
02-27 23:21:36.337  3176  3337 I [OAO] VrPlatformOpenXr: Session state changed XR_SESSION_STATE_VISIBLE
02-27 23:21:36.337  3176  3337 I OpenXR  : PostSessionStateChange: XR_SESSION_STATE_VISIBLE -> XR_SESSION_STATE_SYNCHRONIZED
02-27 23:21:36.337  3176  3337 I [OAO] VrPlatformOpenXr: xrPollEvent: received XR_TYPE_EVENT_DATA_SESSION_STATE_CHANGED: 3 for session 0x2 at time 11030.844551
02-27 23:21:36.337  3176  3337 I [OAO] VrPlatformOpenXr: Session state changed XR_SESSION_STATE_SYNCHRONIZED
02-27 23:21:36.337  3176  3337 I OpenXR  : PostSessionStateChange: XR_SESSION_STATE_SYNCHRONIZED -> XR_SESSION_STATE_STOPPING
02-27 23:21:36.337  3176  3337 I [OAO] VrPlatformOpenXr: xrPollEvent: received XR_TYPE_EVENT_DATA_SESSION_STATE_CHANGED: 6 for session 0x2 at time 11030.844604
02-27 23:21:36.337  3176  3337 I [OAO] VrPlatformOpenXr: Session state changed XR_SESSION_STATE_STOPPING
02-27 23:21:36.337  3176  3337 I [OAO] VrPlatformOpenXr: EndSession state XR_SESSION_STATE_STOPPING    focused:0
02-27 23:21:36.337  3176  3337 I [OAO] VrPlatformOpenXr: EndSession calling MrServiceClient EndSession
02-27 23:21:36.337  1753 10694 I CompositorProgs: loaded binary layerProgram 0:0x100000048082:0x0 in 1.3 ms
02-27 23:21:36.338  2492  3803 I [CT]    : MIXEDREALITY: MrFeatureStatus: Client status changed from Started to Paused.
02-27 23:21:36.338  2492  3803 I [CT]    : MIXEDREALITY: MrFeatureStatus: Target status Paused, CurrentStatus: Started
02-27 23:21:36.338  2492  3803 I [CT]    : MIXEDREALITY: MrFeatureStatus: Operation chain: Pause
02-27 23:21:36.338  2492  3803 I [CT]    : MIXEDREALITY: MrFeatureStatus: Global status changed from Started to Paused.
02-27 23:21:36.338  3176  3176 D [OAO] BaseOverlayService: detachServiceWindowView
02-27 23:21:36.338  2492  3803 I [CT]    : MIXEDREALITY: MrServiceController: Queuing command linked to operation Pause for feature 0
02-27 23:21:36.339  2492  2553 I [CT]    : MIXEDREALITY: MrServiceView: renderIteration: Nothing to render, hibernating the rendering thread since ID is off and no active PT layers.
02-27 23:21:36.339  2492  2553 I [CT]    : MIXEDREALITY: MrServiceController: Executing passthroughPause on model
02-27 23:21:36.339  2492  2553 I [CT]    : MIXEDREALITY: MrServiceModel: passthroughPause()
02-27 23:21:36.339  2492  2553 I [CT]    : MIXEDREALITY: MrServiceModel: passthroughPause: Paused Passthrough
02-27 23:21:36.339  2492  2553 I [CT]    : MIXEDREALITY: MrRuntimeImpl: onPause: Capability 0 on device 2.
02-27 23:21:36.339  2492  2553 I [CT]    : MIXEDREALITY: MrRuntimeImpl: onPause: Capability 1 on device 2.
02-27 23:21:36.340  3176  3337 I [OAO] VrPlatformOpenXr: EndSession MrServiceClient EndSession passed
02-27 23:21:36.340  3176  3337 I [OAO] VrPlatformOpenXr: EndSession calling xrEndSession
02-27 23:21:36.340  3176  3337 I OpenXR  : ------------ xrEndSession [start] -----------
02-27 23:21:36.340  3176  3337 I XrRuntimeUtils: XrRuntimeUtils::EndSession
02-27 23:21:36.340   864  2547 I [CT]    : MIXEDREALITY: MrSystemServiceIPCServer: ChangeMrCapabilityStatusNonBlocking: client 2818171382, capability 0, command 0.
02-27 23:21:36.340   864  2547 I [CT]    : MIXEDREALITY: ServiceLogic: Stopping: Passthrough
02-27 23:21:36.340   864  2547 I [CT]    : MIXEDREALITY: MrRuntimeCompute: onStop: Passthrough.
02-27 23:21:36.340   864  2547 I [CT]    : MIXEDREALITY: MrRuntimeCompute: onStop: All capabilities using stereopipeline are off, pausing stereo pipeline.
02-27 23:21:36.340   864  2547 I [CT]    : MIXEDREALITY: MrRuntimeCompute: Schedule 'pauseStereoPipeline' with 5s delay
02-27 23:21:36.342   875  1575 W TrackingService: attachClient: found client in attached list
02-27 23:21:36.343  3176  3337 D VrApi   : targetSDKVersion 29
02-27 23:21:36.344   864  2547 I [CT]    : MIXEDREALITY: MrSystemService: FramesetTelemetry: valid: 182/182, stereo/depth/color: avail:  182/   0/   0, accepted %: 100.0/0.0/0.0, dropped %: 0.0/0.0/0.0, valid %: 100.0/0.0/0.0, textured %: 99.5/0.0/0.0.
02-27 23:21:36.344   864  2547 I [CT]    : MIXEDREALITY: MrSystemService: FramesetTelemetry: timeouts stereo/color: compute side: 0/0, render side: 0/0, egl: 0.
02-27 23:21:36.344   864  2547 I [CT]    : MIXEDREALITY: ServiceLogic: Schedule 'sendMrEngine: Pause'
02-27 23:21:36.344   864  2547 I [CT]    : MIXEDREALITY: MrSystemServiceIPCServer: ChangeMrCapabilityStatusNonBlocking: client 2818171382, capability 1, command 0.
02-27 23:21:36.344   864  2547 I [CT]    : MIXEDREALITY: ServiceLogic: Stopping: Playspace
02-27 23:21:36.344   864  2547 I [CT]    : MIXEDREALITY: MrRuntimeCompute: onStop: Playspace.
02-27 23:21:36.344   864  2547 I [CT]    : MIXEDREALITY: MrRuntimeCompute: onStop: All capabilities using stereopipeline are off, pausing stereo pipeline.
02-27 23:21:36.344   864  2547 I [CT]    : MIXEDREALITY: MrRuntimeCompute: Schedule 'pauseStereoPipeline' with 5s delay
02-27 23:21:36.344   864  2547 I [CT]    : MIXEDREALITY: ServiceLogic: Schedule 'sendMrEngine: Pause'
02-27 23:21:36.344  3176  3337 I VrRuntimeClient: DEVICE MODEL NUMBER = Quest 2
02-27 23:21:36.344  3176  3337 I VrRuntimeClient: DEVICE BUILD NAME = user-49882890235800150
02-27 23:21:36.344  3176  3337 I VrRuntimeClient: DEVICE BUILD TYPE = user
02-27 23:21:36.344  3176  3337 I VrRuntimeClient: DEVICE OS VERSION = 10
02-27 23:21:36.344  3176  3337 I VrRuntimeClient: API LOADER VERSION = 1.0.25
02-27 23:21:36.344  3176  3337 I VrRuntimeClient: RUNTIME API VERSION = 1.0.25
02-27 23:21:36.344  3176  3337 I VrRuntimeClient: RUNTIME VERSION = 49.0.0.207.357 Feb  8 2023 14:43:23 RELEASE
02-27 23:21:36.344  3176  3337 I VrRuntimeClient: APP NAME = Oculus App Runtime
02-27 23:21:36.344  3176  3337 I VrRuntimeClient: APP VERSION = 49.0.0.207.358 versionCode 445158841 internalVersionName 49.0.0.207.358.60c601c6ae0d 2023_02_08_14_42
02-27 23:21:36.344  3176  3337 I VrRuntimeClient: APP VR TYPE = vr_only
02-27 23:21:36.344  3176  3337 I VrRuntimeClient: APP MODE TYPE = VR
02-27 23:21:36.344  3176  3337 I VrRuntimeClient: APP PACKAGE NAME = com.oculus.vrshell
02-27 23:21:36.344  3176  3337 I VrRuntimeClient: APP ACTIVITY CLASS = com.oculus.vrshell.ShellOverlayService
02-27 23:21:36.346 10095 10146 W [CT]    : SlamAnchorMemoryRuntimeIpcServer: HeadTracker::getState failed
02-27 23:21:36.346 10095 10146 W [CT]    : SlamAnchorMemoryRuntimeIpcServerThread: RigidBodyStates update failure.
02-27 23:21:36.346   875  1459 W TrackingService: attachClient: found client in attached list
02-27 23:21:36.347 10095 10193 E OsSdk   : error getting shared memory region, memory type: HeadTracker, failed with Status(-1, EX_SECURITY): 'requested shared memory region when not registered/focused'
02-27 23:21:36.348   875  1575 D TrackingService: getSharedMemory: com.oculus.mrservice#2492, HeadTracker
02-27 23:21:36.348   875  1459 W TrackingService: attachClient: found client in attached list
02-27 23:21:36.348  1753  3021 I ServiceInputManager: InhibitHandleHomeKey has changed on the service. New value: 0
02-27 23:21:36.348  2492  2553 W OsSdk   : Requested historical tracking state too far in the past; oldest: 11030.572564s, requested: 11023.871291s
02-27 23:21:36.349  2492  2553 I [CT]    : MIXEDREALITY: MrServiceModel: Hibernating caller (most likely rendering thread) due to commandQueue being empty.
02-27 23:21:36.351 10095 10146 E OsSdk   : error getting shared memory region, memory type: AnchorTracker, failed with Status(-1, EX_SECURITY): 'requested shared memory region when not registered/focused'
02-27 23:21:36.351 10095 10146 W [CT]    : SlamAnchorMemoryRuntimeIpcServer: getAnchorStates failed
02-27 23:21:36.352 10095 10146 W [CT]    : SlamAnchorMemoryRuntimeIpcServerThread: AnchorStates update failure.
02-27 23:21:36.354  2492  2553 I [CT]    : MIXEDREALITY: MrServiceModel: Hibernating caller (most likely rendering thread) due to commandQueue being empty.
02-27 23:21:36.355  1753 10694 I CompositorVR: SetSchedFifo( tid=2553, pol=5, pri=1 ) succeeded
02-27 23:21:36.357  1607  1607 D OculusNotificationListenerService: Notification removed: 0|android|0|com.android.server.wm.AlertWindowNotification - com.oculus.vrshell|1000
02-27 23:21:36.362  9722  9843 W REFLECT [RUNTIMEIPC]: !IsClientValid: MarkerEnd
02-27 23:21:36.362  9722  9843 E QplClient: (com.oculus.socialplatform) MarkerEnd failed!
02-27 23:21:36.365  9722 10743 E PartyNativeModuleManager: Calling getCurrentPartyId but native code wasn't initialized. Noop.
02-27 23:21:36.365  9722  9843 W REFLECT [RUNTIMEIPC]: !IsClientValid: MarkerPoint
02-27 23:21:36.365  9722  9843 E QplClient: (com.oculus.socialplatform) MarkerPoint failed!
02-27 23:21:36.365  9722  9843 W REFLECT [RUNTIMEIPC]: !IsClientValid: MarkerAnnotation
02-27 23:21:36.365  9722  9843 E QplClient: (com.oculus.socialplatform) MarkerAnnotation failed!
02-27 23:21:36.365  9722  9843 W REFLECT [RUNTIMEIPC]: !IsClientValid: MarkerEnd
02-27 23:21:36.365  9722  9843 E QplClient: (com.oculus.socialplatform) MarkerEnd failed!
02-27 23:21:36.365  9722  9843 W REFLECT [RUNTIMEIPC]: !IsClientValid: MarkerAnnotation
02-27 23:21:36.365  9722  9843 E QplClient: (com.oculus.socialplatform) MarkerAnnotation failed!
02-27 23:21:36.365  9722  9843 W REFLECT [RUNTIMEIPC]: !IsClientValid: MarkerEnd
02-27 23:21:36.365  9722  9843 E QplClient: (com.oculus.socialplatform) MarkerEnd failed!
02-27 23:21:36.365  9722  9843 W REFLECT [RUNTIMEIPC]: !IsClientValid: MarkerEnd
02-27 23:21:36.365  9722  9843 E QplClient: (com.oculus.socialplatform) MarkerEnd failed!
02-27 23:21:36.365  9722  9843 W REFLECT [RUNTIMEIPC]: !IsClientValid: MarkerStart
02-27 23:21:36.366  9722  9843 E QplClient: (com.oculus.socialplatform) MarkerStart failed!
02-27 23:21:36.366  9722  9843 W REFLECT [RUNTIMEIPC]: !IsClientValid: MarkerAnnotation
02-27 23:21:36.366  9722  9843 E QplClient: (com.oculus.socialplatform) MarkerAnnotation failed!
02-27 23:21:36.366  9722  9843 W REFLECT [RUNTIMEIPC]: !IsClientValid: MarkerAnnotation
02-27 23:21:36.366  9722  9843 E QplClient: (com.oculus.socialplatform) MarkerAnnotation failed!
02-27 23:21:36.366  9722  9843 W REFLECT [RUNTIMEIPC]: !IsClientValid: MarkerAnnotation
02-27 23:21:36.366  9722  9843 E QplClient: (com.oculus.socialplatform) MarkerAnnotation failed!
02-27 23:21:36.366  9722  9843 W REFLECT [RUNTIMEIPC]: !IsClientValid: MarkerAnnotation
02-27 23:21:36.366  9722  9843 E QplClient: (com.oculus.socialplatform) MarkerAnnotation failed!
02-27 23:21:36.366  1753  1753 I ClientMgr: FocusedClient changed.
02-27 23:21:36.366  1753  1753 W ClientMgr: ClientMgr::SetFocusedClient: No focused client
02-27 23:21:36.366  1753  1753 I ClientMgr: Releasing clocks.
02-27 23:21:36.366  1753  1753 I ClientMgr: SetFocusedPackageName - packageName  processName  clientId 0 clientPid 0
02-27 23:21:36.366  9722  9843 W REFLECT [RUNTIMEIPC]: !IsClientValid: MarkerPoint
02-27 23:21:36.366  9722  9843 E QplClient: (com.oculus.socialplatform) MarkerPoint failed!
02-27 23:21:36.367  1753  1788 I FocusedClientsListener: focus: onVrFocusChanged(focusType=0): 5
02-27 23:21:36.367  1753  1788 I FocusedClientsListener: focus: pid=3395
02-27 23:21:36.367  1753  1788 I FocusedClientsListener: focus: pid=3176
02-27 23:21:36.367  1753  1788 I FocusedClientsListener: focus: pid=3425
02-27 23:21:36.367  1753  1788 I FocusedClientsListener: focus: pid=2492
02-27 23:21:36.367  1753  1788 I FocusedClientsListener: focus: pid=2379
02-27 23:21:36.367  1753  6647 I FocusedClientsListener: focus: onVrFocusChanged(focusType=2): 0
02-27 23:21:36.367  1753  3113 I FocusedClientsListener: focus: onVrFocusChanged(focusType=1): 5
02-27 23:21:36.367  1753  3113 I FocusedClientsListener: focus: pid=3395
02-27 23:21:36.367  1753  3113 I FocusedClientsListener: focus: pid=3176
02-27 23:21:36.367  1753  3113 I FocusedClientsListener: focus: pid=3425
02-27 23:21:36.367  1753  3113 I FocusedClientsListener: focus: pid=2492
02-27 23:21:36.367  1753  3113 I FocusedClientsListener: focus: pid=2379
02-27 23:21:36.368  2440  2440 D MetaCam (MediaCapabilityChecker): checkMediaHasRecordingCapabilities packageName: com.oculus.os.clearactivity
02-27 23:21:36.368  6466  6466 D [SUI] ActivityManagerUtilsHelper: onFocusedWindowChanged: Instance: com.oculus.common.activitymanager.ActivityManagerUtilsHelper@fb085ee, topWindowUid: 10072, focusedApp: com.oculus.os.clearactivity, previousApp: com.oculus.vrshell
02-27 23:21:36.370  3176  3337 D BatteryReceiver: Unregistering battery receiver
02-27 23:21:36.383  3176  3337 I Sensor  : OSSDKTRACKING Shutdown tracking
02-27 23:21:36.383  3176  3337 I LogTimer: CPUTIME: VrRuntimeClient_EndSession took 43.0332 ms
02-27 23:21:36.384  9722 10743 W PartyNativeModuleManager: Calling nativeTearDown but native code wasn't initialized. Noop.
02-27 23:21:36.390  3176  3176 D [OAO] BaseOverlayService: setOverlayInputFocus : completed - inputFocus=false shouldSupportIME=false actionTaken:true
02-27 23:21:36.390  3176  3176 I [OAO] VrNotificationListenerService: onNotificationRemoved() - key = 0|android|0|com.android.server.wm.AlertWindowNotification - com.oculus.vrshell|1000, type = third_party
02-27 23:21:36.390  3176  3176 D VrNotificationAnalytics: logNotificationRemoved(third_party)
02-27 23:21:36.392  9722  9843 W REFLECT [RUNTIMEIPC]: !IsClientValid: MarkerAnnotation
02-27 23:21:36.392  9722  9843 E QplClient: (com.oculus.socialplatform) MarkerAnnotation failed!
02-27 23:21:36.392 10095 10146 W [CT]    : SlamAnchorMemoryRuntimeIpcServer: HeadTracker::getState failed
02-27 23:21:36.392 10095 10146 W [CT]    : SlamAnchorMemoryRuntimeIpcServerThread: RigidBodyStates update failure.
02-27 23:21:36.393   875  1459 W TrackingService: attachClient: found client in attached list
02-27 23:21:36.394 10095 10193 E OsSdk   : error getting shared memory region, memory type: HeadTracker, failed with Status(-1, EX_SECURITY): 'requested shared memory region when not registered/focused'
02-27 23:21:36.394  9722  9843 W REFLECT [RUNTIMEIPC]: !IsClientValid: MarkerAnnotation
02-27 23:21:36.394  9722  9843 E QplClient: (com.oculus.socialplatform) MarkerAnnotation failed!
02-27 23:21:36.402  1922  2274 I OVRMediaService: onStartCommand Received message type: overlay_input_focus_change, caller package: com.oculus.vrshell, app identify: AppIdentity{uid=10020, packageNames=[com.oculus.vrshell], sha1=MxZgtt071YLz39PLrkVGckZooCE, sha2=3C-DTjwZQjeLFPB2yCzRq1nqZWa_9HMLIEfpjvyfna8, version=null, domain=null}
02-27 23:21:36.413  6466  6466 D [SUI] NotificationBroadcastReceiver: action: com.oculus.intent.action.NOTIF_CHANGE
02-27 23:21:36.414  3176  3337 I VrApi   : OVR::Stats thread stopped
02-27 23:21:36.414  3176  3337 I InputDeviceManager: ovrInputDeviceManager::~ovrInputDeviceManager
02-27 23:21:36.414  3176  3337 I InputDevice_TrackedRemote: OSSDKTRACKING shutting down Haptics
02-27 23:21:36.414  3176  3337 I chatty  : uid=10020(com.oculus.vrshell) ShellOverlayVR identical 2 lines
02-27 23:21:36.414  3176  3337 I InputDevice_TrackedRemote: OSSDKTRACKING shutting down Haptics
02-27 23:21:36.414  3176  3337 I OSHandDataQuerier: OSSDKTRACKING shutting down HandsTracker
02-27 23:21:36.414  3176  3337 I OSHandDataQuerier: OSSDKTRACKING shutting down HandsTracker
02-27 23:21:36.414  3176 10771 I ClientInputThread_Internal: InputThreadRun ShutdownRequest received
02-27 23:21:36.414   747   747 E SensorService: Failed to set simple multi haptics, ret: -1
02-27 23:21:36.415  3176  3337 D InputHooksJava: Disabling Java Input Hooks
02-27 23:21:36.416  3176  3176 D KeyboardInputMethodService: onFinishInput
02-27 23:21:36.416  1922  2274 I OVRMediaService: Received OVERLAY_INPUT_FOCUS_CHANGE. is focused: false
02-27 23:21:36.421  3176  3337 I ClientInputTrackedKeyboardManager: TRACKEDKEYBOARD ClearTrackedObjectManager called on client
02-27 23:21:36.421  3176  3337 I RuntimeIPCClient [RUNTIMEIPC]: Shutdown: 4, Client: com.oculus.vrshell:com.oculus.vrshell:Overlay:3176, Server: com.oculus.vrshell:com.oculus.vrshell:Overlay (ptkserviceserver)
02-27 23:21:36.421  3176  3337 I RuntimeIPCClient [RUNTIMEIPC]: ReleaseRef: Remaining refs: 3, Client: com.oculus.vrshell:com.oculus.vrshell:Overlay:3176, Server: com.oculus.vrshell:com.oculus.vrshell:Overlay (ptkserviceserver)
02-27 23:21:36.421  3176  3337 I RuntimeIPCApi [RUNTIMEIPC]: ipc_Shutdown
02-27 23:21:36.421  3176  3337 I RuntimeIPCServiceClient [RUNTIMEIPC]: Shutdown: Refs still outstanding: 17, com.oculus.vrshell:Overlay
02-27 23:21:36.422  1922  2051 W OVRLibrary: null cursor received for query content://com.oculus.ocms.library/apps/com.oculus.os.clearactivity
02-27 23:21:36.423  1753  3256 I VrRuntimeService: RuntimeServiceSDKServer::EnableRendering: 0x0, 0, com.oculus.vrshell:Overlay
02-27 23:21:36.423  1753  3256 I ClientMgr: ClientMgr::EnableRendering 3176:com.oculus.vrshell : type 1 comp-id 6: disable
02-27 23:21:36.423  1753  3256 I VrRuntimeServer: DisableCompositorClient: 6
02-27 23:21:36.423  1753  3256 I CompositorClientMgr: Disable client 6
02-27 23:21:36.423  1753  3256 I CompositorClientMgr: DisableClient: frame flush required: 1
02-27 23:21:36.428  1753  3256 I UnifiedTelemetryWrapper: Stopped UT session render:com.oculus.vrshell:Overlay
02-27 23:21:36.430  3176 10788 I FenceChecker: FenceChecker::MainLoop - ended
02-27 23:21:36.433  1922  2370 W OVRLibrary: null cursor received for query content://com.oculus.ocms.library/apps/com.oculus.xrstreamingclient
02-27 23:21:36.434  1922  2370 I OVRMediaServiceManager: Sending onAppStart (com.oculus.xrstreamingclient) to SocialPlatform (com.oculus.socialplatform)
02-27 23:21:36.436  3176  3337 I VrRuntimeClient: PhaseSync Instance deleted
02-27 23:21:36.436  6466 10791 D NotificationsBadgeLiveData: MessageBadgeData, pullAndCheckNotifs, old data source notif count: 4, oc chats count: 0, messenger count: 0
02-27 23:21:36.436  6466  6466 V [SUI] BarView: Notifs badge count: 4, Messenger badge count 0
02-27 23:21:36.436  6466  6466 V [SUI] BarView: Notifs badge count: 4, Messenger badge count 0
02-27 23:21:36.436  3176  3337 I OpenXR  : PostSessionStateChange: XR_SESSION_STATE_STOPPING -> XR_SESSION_STATE_IDLE
02-27 23:21:36.436  3176  3337 I OpenXR  : ------------ xrEndSession [end] -----------
02-27 23:21:36.436  3176  3337 I [OAO] VrPlatformOpenXr: EndSession xrEndSession passed
02-27 23:21:36.437  3176  3337 I [OAO] VrPlatformOpenXr: xrPollEvent: received XR_TYPE_EVENT_DATA_SESSION_STATE_CHANGED: 1 for session 0x2 at time 11030.943894
02-27 23:21:36.437  3176  3337 I [OAO] VrPlatformOpenXr: Session state changed XR_SESSION_STATE_IDLE
02-27 23:21:36.437  3176  3337 I OpenXR  : PostSessionStateChange: XR_SESSION_STATE_IDLE -> XR_SESSION_STATE_READY
02-27 23:21:36.437   875  1459 W TrackingService: attachClient: found client in attached list
02-27 23:21:36.437  3176  3337 I [OAO] VrPlatformOpenXr: xrPollEvent: received XR_TYPE_EVENT_DATA_SESSION_STATE_CHANGED: 2 for session 0x2 at time 11030.944545
02-27 23:21:36.437  3176  3337 I [OAO] VrPlatformOpenXr: Session state changed XR_SESSION_STATE_READY
02-27 23:21:36.439 10095 10146 E OsSdk   : error getting shared memory region, memory type: HeadTracker, failed with Status(-1, EX_SECURITY): 'requested shared memory region when not registered/focused'
02-27 23:21:36.439 10095 10146 W [CT]    : SlamAnchorMemoryRuntimeIpcServer: HeadTracker::getState failed
02-27 23:21:36.439 10095 10146 W [CT]    : SlamAnchorMemoryRuntimeIpcServerThread: RigidBodyStates update failure.
02-27 23:21:36.447  3176  3337 I [OAO] VrPlatformOpenXr: EndSession passed message polling. count:1  count<maxRetryCount:1  sessionState:2
02-27 23:21:36.447  3176  3337 I [OAO] VrPlatformOpenXr: EndSession end
02-27 23:21:36.453  2440  2440 W OVRLibrary: null cursor received for query content://com.oculus.ocms.library/apps/com.oculus.os.clearactivity
02-27 23:21:36.454  2440  2440 D MetaCam (MediaCapabilityChecker): checkMediaHasRecordingCapabilities packageName: com.oculus.os.clearactivity
02-27 23:21:36.457  3176  3337 I [OAO] AudioMixer: Disabling AudioPlayer.
02-27 23:21:36.460  6466 10790 W OVRLibrary: null cursor received for query content://com.oculus.ocms.library/apps/com.oculus.os.clearactivity
02-27 23:21:36.466  1753 10694 I CompositorVR: SetSchedFifo( tid=2553, pol=2, pri=0 ) succeeded
02-27 23:21:36.470  3176 10778 I [OAO] AudioMixer: Notifying VrThread to shutdown.
02-27 23:21:36.470  2440  2440 W OVRLibrary: null cursor received for query content://com.oculus.ocms.library/apps/com.oculus.os.clearactivity
02-27 23:21:36.470  3176  3337 I [OAO] AudioMixer: Successful shutdown.
02-27 23:21:36.470  3176  3337 I [OAO] AudioEngine: virtual void AudioLibrary::AudioEngine::DisablePlayer()
02-27 23:21:36.470  3176  3337 I [OAO] AudioEngine: Setting ShuttingDown.
02-27 23:21:36.476  1922  2370 E OVRMediaServiceManager: LivestreamingManager Not initialized
02-27 23:21:36.477  9722  9843 W REFLECT [RUNTIMEIPC]: !IsClientValid: MarkerPoint
02-27 23:21:36.477  9722  9843 E QplClient: (com.oculus.socialplatform) MarkerPoint failed!
02-27 23:21:36.483 10095 10146 W [CT]    : SlamAnchorMemoryRuntimeIpcServer: HeadTracker::getState failed
02-27 23:21:36.483 10095 10146 W [CT]    : SlamAnchorMemoryRuntimeIpcServerThread: RigidBodyStates update failure.
02-27 23:21:36.484 10095 10193 E OsSdk   : error getting shared memory region, memory type: HeadTracker, failed with Status(-1, EX_SECURITY): 'requested shared memory region when not registered/focused'
02-27 23:21:36.485 10095 10193 E OsSdk   : error getting shared memory region, memory type: AnchorTracker, failed with Status(-1, EX_SECURITY): 'requested shared memory region when not registered/focused'
02-27 23:21:36.485  9722  9843 W REFLECT [RUNTIMEIPC]: !IsClientValid: MarkerPoint
02-27 23:21:36.485  9722  9843 E QplClient: (com.oculus.socialplatform) MarkerPoint failed!
02-27 23:21:36.489  9722  9722 W VRLifecycleManager: onHeadsetMounted
02-27 23:21:36.490  3176 10778 I [OAO] AudioMixer: Notifying VrThread to shutdown.
02-27 23:21:36.490  3176 10778 I [OAO] AudioEngine: Fading final buffer
02-27 23:21:36.497  9722 10743 E DeviceConfigVersionMapBuilder: Something went wrong when building version map.
02-27 23:21:36.506  9722 10743 I chatty  : uid=10046(com.oculus.socialplatform) OkHttp Dispatch identical 3 lines
02-27 23:21:36.509  9722 10743 E DeviceConfigVersionMapBuilder: Something went wrong when building version map.
02-27 23:21:36.510  3176 10778 I [OAO] AudioEngine: Notifying VrThread to shutdown.
02-27 23:21:36.510  3176 10778 D         : PlayerBase::stop() from IPlayer
02-27 23:21:36.510  3176 10778 D AudioTrack: stop(116): called with 338880 frames delivered
02-27 23:21:36.510  3176  3337 I [OAO] AudioEngine: Stopping player
02-27 23:21:36.511  3176  3337 D         : PlayerBase::stop() from IPlayer
02-27 23:21:36.511  9722 10743 E DeviceConfigVersionMapBuilder: Something went wrong when building version map.
02-27 23:21:36.512  9722 10743 I chatty  : uid=10046(com.oculus.socialplatform) OkHttp Dispatch identical 3 lines
02-27 23:21:36.513  9722 10743 E DeviceConfigVersionMapBuilder: Something went wrong when building version map.
02-27 23:21:36.513  3176  3337 D [OAO] ShellApplication: setOverlayInputFocus: inputFocus=false shouldSupportIME=false
02-27 23:21:36.513  3176  3337 D [OAO] BaseOverlayService: setOverlayInputFocus : entrypoint - inputFocus=false shouldSupportIME=false
02-27 23:21:36.514  3176  3176 D [OAO] BaseOverlayService: detachServiceWindowView
02-27 23:21:36.514  3176  3176 D [OAO] BaseOverlayService: setOverlayInputFocus : completed - inputFocus=false shouldSupportIME=false actionTaken:false
02-27 23:21:36.514  3176  3337 I [OAO] SystemAssistant: OnModeChanged from Paused to ImmersiveAppFocused
02-27 23:21:36.514  9722 10743 E DeviceConfigVersionMapBuilder: Something went wrong when building version map.
02-27 23:21:36.514  9722 10743 I chatty  : uid=10046(com.oculus.socialplatform) OkHttp Dispatch identical 1 line
02-27 23:21:36.515  9722 10743 E DeviceConfigVersionMapBuilder: Something went wrong when building version map.
02-27 23:21:36.515  3176  3337 I [OAO] ShellOverlayApp: ProcessForegroundBlockingState Requesting allowing foreground app
02-27 23:21:36.515  3176  3337 D [OAO] ShellApplication: setRequestForegroundAppPaused: 'false
02-27 23:21:36.515  9722 10743 E DeviceConfigVersionMapBuilder: Something went wrong when building version map.
02-27 23:21:36.516  1060  5245 I ActivityTaskManager: START u0 {act=com.oculus.os.clearactivity.FINISH cmp=com.oculus.os.clearactivity/.ClearActivity (has extras)} from uid 10020
02-27 23:21:36.516  1060  5245 W ActivityTaskManager: startActivity called from non-Activity context; forcing Intent.FLAG_ACTIVITY_NEW_TASK for: Intent { act=com.oculus.os.clearactivity.FINISH flg=0x800000 cmp=com.oculus.os.clearactivity/.ClearActivity (has extras) }
02-27 23:21:36.517  9722 10743 E DeviceConfigVersionMapBuilder: Something went wrong when building version map.
02-27 23:21:36.518  1294  1294 V AvrcpMediaPlayerList: onPlaybackConfigChanged(): Configs list size=9
02-27 23:21:36.518  1294  1294 V AvrcpMediaPlayerList: onPlaybackConfigChanged(): Configs list size=8
02-27 23:21:36.520  9722 10743 E DeviceConfigVersionMapBuilder: Something went wrong when building version map.
02-27 23:21:36.522  9722 10743 E DeviceConfigVersionMapBuilder: Something went wrong when building version map.
02-27 23:21:36.524   875  1459 I chatty  : uid=1000(system) Binder:875_3 identical 3 lines
02-27 23:21:36.524  3176  3337 I [OAO] ShellOverlayApp: Start sleep timeout. Now:11031.032356, Timeout:11033.032356
02-27 23:21:36.525 10095 10146 E OsSdk   : error getting shared memory region, memory type: HeadTracker, failed with Status(-1, EX_SECURITY): 'requested shared memory region when not registered/focused'
02-27 23:21:36.525 10095 10146 W [CT]    : SlamAnchorMemoryRuntimeIpcServer: HeadTracker::getState failed
02-27 23:21:36.525 10095 10146 W [CT]    : SlamAnchorMemoryRuntimeIpcServerThread: RigidBodyStates update failure.
02-27 23:21:36.525  9722 10743 E DeviceConfigVersionMapBuilder: Something went wrong when building version map.
02-27 23:21:36.527  9722 10743 I chatty  : uid=10046(com.oculus.socialplatform) OkHttp Dispatch identical 6 lines
02-27 23:21:36.528  9722 10743 E DeviceConfigVersionMapBuilder: Something went wrong when building version map.
02-27 23:21:36.528  1060  5245 W InputReader: Device has associated, but no associated display id.
02-27 23:21:36.528  9722 10743 E DeviceConfigVersionMapBuilder: Something went wrong when building version map.
02-27 23:21:36.529   875  1459 W TrackingService: attachClient: found client in attached list
02-27 23:21:36.530 10095 10193 E OsSdk   : error getting shared memory region, memory type: HeadTracker, failed with Status(-1, EX_SECURITY): 'requested shared memory region when not registered/focused'
02-27 23:21:36.531  1060  1084 D ActivityManager: Is background playback GK enabled: false Is background playback enabled for all apps: false
02-27 23:21:36.531   757  9650 D AF::TrackHandle: OpPlayAudio: track:59 uid:10014 pkg:com.oculus.shellenv usage:1 muted
02-27 23:21:36.532   757  1015 D AF::TrackHandle: OpPlayAudio: track:57 uid:1000 pkg:com.android.networkstack.inprocess usage:13 not muted
02-27 23:21:36.532   757  4221 D AF::TrackHandle: OpPlayAudio: track:120 uid:10020 pkg:com.oculus.vrshell usage:1 not muted
02-27 23:21:36.533  1753  1753 D VrRuntimeService: onForegroundActivitiesChanged: pid=10095, uid=10033, hasForegroundActivities=true
02-27 23:21:36.533  1753  6647 I FocusedClientsListener: focus: onVrFocusChanged(focusType=1): 5
02-27 23:21:36.533  1753  6647 I FocusedClientsListener: focus: pid=3395
02-27 23:21:36.533  1753  6647 I FocusedClientsListener: focus: pid=3176
02-27 23:21:36.533  1753  6647 I FocusedClientsListener: focus: pid=3425
02-27 23:21:36.533  1753  6647 I FocusedClientsListener: focus: pid=2492
02-27 23:21:36.533  1753  6647 I FocusedClientsListener: focus: pid=2379
02-27 23:21:36.533  1753  1788 I FocusedClientsListener: focus: onVrFocusChanged(focusType=2): 0
02-27 23:21:36.533  1753  3113 I FocusedClientsListener: focus: onVrFocusChanged(focusType=0): 6
02-27 23:21:36.533  1753  3113 I FocusedClientsListener: focus: pid=3395
02-27 23:21:36.533  1753  3113 I FocusedClientsListener: focus: pid=3176
02-27 23:21:36.533  1753  3113 I FocusedClientsListener: focus: pid=3425
02-27 23:21:36.533  1753  3113 I FocusedClientsListener: focus: pid=10095
02-27 23:21:36.533  1753  3113 I FocusedClientsListener: focus: pid=2492
02-27 23:21:36.533  1753  3113 I FocusedClientsListener: focus: pid=2379
02-27 23:21:36.534  6466  6466 D [SUI] ActivityManagerUtilsHelper: onForegroundActivitiesChanged: Instance: com.oculus.common.activitymanager.ActivityManagerUtilsHelper@fb085ee, Pid: 10095, Tid: 10033, foregroundActivities: true, foreground app: com.oculus.xrstreamingclient, previous app: com.oculus.os.clearactivity
02-27 23:21:36.535   757  4221 D AF::RecordHandle: OpRecordAudio: track:58 uid:10014 pkg:com.oculus.shellenv usage:0 muted
02-27 23:21:36.536   757  1015 D AF::TrackHandle: OpPlayAudio: track:115 uid:10033 pkg:com.oculus.xrstreamingclient usage:1 not muted
02-27 23:21:36.538   757  1206 D AF::TrackHandle: OpPlayAudio: track:120 uid:10020 pkg:com.oculus.vrshell usage:1 not muted
02-27 23:21:36.538   757  1319 D AF::TrackHandle: OpPlayAudio: track:59 uid:10014 pkg:com.oculus.shellenv usage:1 muted
02-27 23:21:36.538   757  9650 D AF::TrackHandle: OpPlayAudio: track:57 uid:1000 pkg:com.android.networkstack.inprocess usage:13 not muted
02-27 23:21:36.538   757  1015 D AF::RecordHandle: OpRecordAudio: track:119 uid:10032 pkg:com.oculus.horizon usage:0 not muted
02-27 23:21:36.539   757  4221 D AF::RecordHandle: OpRecordAudio: track:116 uid:10033 pkg:com.oculus.xrstreamingclient usage:0 not muted
02-27 23:21:36.542   757  4221 D AF::TrackHandle: OpPlayAudio: track:115 uid:10033 pkg:com.oculus.xrstreamingclient usage:1 not muted
02-27 23:21:36.542   757  1015 D AF::RecordHandle: OpRecordAudio: track:58 uid:10014 pkg:com.oculus.shellenv usage:0 muted
02-27 23:21:36.542   757  9650 D AF::RecordHandle: OpRecordAudio: track:119 uid:10032 pkg:com.oculus.horizon usage:0 not muted
02-27 23:21:36.543   757  1319 D AF::RecordHandle: OpRecordAudio: track:116 uid:10033 pkg:com.oculus.xrstreamingclient usage:0 not muted
02-27 23:21:36.549  6466  6466 W OVRLibrary: null cursor received for query content://com.oculus.ocms.library/apps/com.oculus.xrstreamingclient
02-27 23:21:36.549  6466  6466 D [SUI] DynamicAppsViewModel: Setting destination ui paused app - com.oculus.xrstreamingclient
02-27 23:21:36.555 10095 10120 V xrstreaming:   VR Mode state change (Can render=1, has VR mode=0)
02-27 23:21:36.555 10095 10120 D xrstreaming:   Entering VR Mode
02-27 23:21:36.555 10095 10120 I VrApi   : ---------- vrapi_EnterVrMode [start] ----------
02-27 23:21:36.556  1753  1789 I FocusedClientsListener: focus: onTopActivityChanged: com.oculus.shellenv
02-27 23:21:36.556  1753  1753 W ClientMgr: ClientMgr::SetFocusedClient: No focused client
02-27 23:21:36.556  1753  1753 I ClientMgr: Releasing clocks.
02-27 23:21:36.556  1753  1753 I ClientMgr: SetFocusedPackageName - packageName  processName  clientId 0 clientPid 0
02-27 23:21:36.556  2492  6055 I [CT]    : MIXEDREALITY: MrServiceController: VrFocusManager::Top Activity Changed, topActivity now is: 'com.oculus.shellenv', immersiveApp now is: ''.
02-27 23:21:36.556  1753  1789 I FocusedClientsListener: focus: onTopActivityChanged: com.oculus.xrstreamingclient
02-27 23:21:36.556 10095 10120 I VrRuntimeClient: Tracing is disabled
02-27 23:21:36.556 10095 10120 I VrRuntimeClient: SysProp debug mode is disabled on Client side
02-27 23:21:36.556  2492  6055 I [CT]    : MIXEDREALITY: MrServiceController: VrFocusManager::Top Activity Changed, topActivity now is: 'com.oculus.xrstreamingclient', immersiveApp now is: 'com.oculus.xrstreamingclient'.
02-27 23:21:36.556  1753  1788 I FocusedClientsListener: focus: onVrFocusChanged(focusType=1): 6
02-27 23:21:36.556  1753  1788 I FocusedClientsListener: focus: pid=3395
02-27 23:21:36.556  1753  1788 I FocusedClientsListener: focus: pid=3176
02-27 23:21:36.556  1753  1788 I FocusedClientsListener: focus: pid=3425
02-27 23:21:36.556  1753  1788 I FocusedClientsListener: focus: pid=10095
02-27 23:21:36.556  1753  1788 I FocusedClientsListener: focus: pid=2492
02-27 23:21:36.556  1753  1788 I FocusedClientsListener: focus: pid=2379
02-27 23:21:36.556  1753  6647 I FocusedClientsListener: focus: onVrFocusChanged(focusType=2): 1
02-27 23:21:36.556  1753  6647 I FocusedClientsListener: focus: pid=10095
02-27 23:21:36.557  3176  3176 I [OAO] ShellOverlayServiceJNI: NativeSendOverlayCommand
02-27 23:21:36.557 10095 10120 D VrApi   : targetSDKVersion 29
02-27 23:21:36.557  3176  3176 I [OAO] ShellOverlayServiceJNI: NativeWake
02-27 23:21:36.557  3176  3176 I [OAO] ShellOverlayMain: WakeVrThread
02-27 23:21:36.557  3176  3176 I [OAO] ShellOverlayMain: WakeVrThread - notifying vr thread
02-27 23:21:36.557  3176  3176 I [OAO] ShellOverlayServiceJNI: NativeSendOverlayCommand
02-27 23:21:36.557  1753  3113 I FocusedClientsListener: focus: onVrFocusChanged(focusType=0): 6
02-27 23:21:36.557  3176  3176 I [OAO] ShellOverlayServiceJNI: NativeWake
02-27 23:21:36.557  1753  3113 I FocusedClientsListener: focus: pid=3395
02-27 23:21:36.557  1753  3113 I FocusedClientsListener: focus: pid=3176
02-27 23:21:36.557  3176  3176 I [OAO] ShellOverlayMain: WakeVrThread
02-27 23:21:36.557  1753  3113 I FocusedClientsListener: focus: pid=3425
02-27 23:21:36.557  1753  3113 I FocusedClientsListener: focus: pid=10095
02-27 23:21:36.557  1753  3113 I FocusedClientsListener: focus: pid=2492
02-27 23:21:36.557  1753  3113 I FocusedClientsListener: focus: pid=2379
02-27 23:21:36.557  3176  3176 I [OAO] ShellOverlayMain: WakeVrThread - notifying vr thread
02-27 23:21:36.558 10095 10120 I VrRuntimeClient: DEVICE MODEL NUMBER = Quest 2
02-27 23:21:36.558 10095 10120 I VrRuntimeClient: DEVICE BUILD NAME = user-49882890235800150
02-27 23:21:36.558 10095 10120 I VrRuntimeClient: DEVICE BUILD TYPE = user
02-27 23:21:36.558 10095 10120 I VrRuntimeClient: DEVICE OS VERSION = 10
02-27 23:21:36.558 10095 10120 I VrRuntimeClient: API LOADER VERSION = 1.49.0
02-27 23:21:36.558 10095 10120 I VrRuntimeClient: RUNTIME API VERSION = 1.66.0
02-27 23:21:36.558 10095 10120 I VrRuntimeClient: RUNTIME VERSION = 49.0.0.207.357 Feb  8 2023 14:43:26 RELEASE
02-27 23:21:36.558 10095 10120 I VrRuntimeClient: APP NAME = Oculus Link
02-27 23:21:36.558 10095 10120 I VrRuntimeClient: APP VERSION = 49.0.0.207.357 versionCode 445158772 internalVersionName 49.0.0.207.357.60c601c6ae0d 2023_02_08_14_42
02-27 23:21:36.558 10095 10120 I VrRuntimeClient: APP VR TYPE = vr_only
02-27 23:21:36.558 10095 10120 I VrRuntimeClient: APP MODE TYPE = <none>
02-27 23:21:36.558 10095 10120 I VrRuntimeClient: APP PACKAGE NAME = com.oculus.xrstreamingclient
02-27 23:21:36.558 10095 10120 I VrRuntimeClient: APP ACTIVITY CLASS = com.oculus.xrstreamingclient.MainActivity
02-27 23:21:36.558 10095 10120 I Sensor  : OSSDKTRACKING Initializing head tracking
02-27 23:21:36.558 10095 10120 I Sensor  : OSSDKTRACKING Head tracker != nullpointer 0x6f2c9cd6d8, 1
02-27 23:21:36.558 10095 10120 I Sensor  : OSSDKTRACKING Initializing controller tracking
02-27 23:21:36.558 10095 10120 I Sensor  : OSSDKTRACKING Controller tracker != nullpointer 0x6f2afdaa00, 1
02-27 23:21:36.558 10095 10120 D BatteryReceiver: Registering battery receiver
02-27 23:21:36.563  2440  2440 D MetaCam (MediaCapabilityChecker): checkMediaHasRecordingCapabilities packageName: com.oculus.xrstreamingclient
02-27 23:21:36.564  1753 10694 I CompositorVR: SetSchedFifo( tid=2553, pol=5, pri=1 ) succeeded
02-27 23:21:36.564  2492  2553 I [CT]    : MIXEDREALITY: MrServiceModel: Hibernating caller (most likely rendering thread) due to commandQueue being empty.
02-27 23:21:36.564  3425  3519 I [SEO] ShellApp: Immersive Activity Changed to: com.oculus.xrstreamingclient
02-27 23:21:36.565  3425  3519 I [SEO] VrPlatformOpenXr: xrPollEvent: received XR_TYPE_EVENT_DATA_REFERENCE_SPACE_CHANGE_PENDING event
02-27 23:21:36.566 10095 10120 D HeadsetReceiver: getCurrentHeadsetState: false
02-27 23:21:36.566 10095 10120 I DeviceStatus: nativeHeadsetEvent(0)
02-27 23:21:36.566   715   882 D msm8974_platform: platform_split_snd_device: snd_device(22) num devices(1) new_snd_devices(0)
02-27 23:21:36.566   715   882 D ACDB-LOADER: ACDB -> send_audvoltable
02-27 23:21:36.566   715   882 D ACDB-LOADER: ACDB -> ACDB_CMD_GET_AUDPROC_INSTANCE_GAIN_DEP_STEP_TABLE_SIZE
02-27 23:21:36.566   715   882 D         : Failed to fetch the lookup information of the device 0000000F 
02-27 23:21:36.566   715   882 D ACDB-LOADER: Error: ACDB_CMD_GET_AUDPROC_INSTANCE_GAIN_DEP_STEP_TABLE_SIZE Returned = -19
02-27 23:21:36.566   715   882 D ACDB-LOADER: ACDB -> ACDB_CMD_GET_AUDPROC_INSTANCE_GAIN_DEP_STEP_TABLE, vol index 0
02-27 23:21:36.566   715   882 D         : Failed to fetch the lookup information of the device 0000000F 
02-27 23:21:36.566   715   882 D ACDB-LOADER: Error: ACDB AudProc vol returned = -19
02-27 23:21:36.566   715   882 D ACDB-LOADER: ACDB -> AUDIO_SET_VOL_CAL cal type = 40
02-27 23:21:36.566 10095 10120 I VrRuntimeClient: SetCompositorClientFeatureFlag ClientFeatureFlag 0 
02-27 23:21:36.566 10095 10120 I LogTimer: CPUTIME: VrRuntimeClient_BeginSession took 10.1652 ms
02-27 23:21:36.567 10095 10120 I ClientInputInterface: DEADRECKONING SetControllerTrackingExtendedDeadreckoning 0
02-27 23:21:36.567 10095 10120 I ClientInputSettings: HANDTRACKING package name is com.oculus.xrstreamingclient
