02-08 18:31:09.200  1029  1591 I ActivityTaskManager: START u0 {act=com.oculus.os.clearactivity.FINISH cmp=com.oculus.os.clearactivity/.ClearActivity (has extras)} from uid 10020
02-08 18:31:09.201  1029  1591 W ActivityTaskManager: startActivity called from non-Activity context; forcing Intent.FLAG_ACTIVITY_NEW_TASK for: Intent { act=com.oculus.os.clearactivity.FINISH flg=0x800000 cmp=com.oculus.os.clearactivity/.ClearActivity (has extras) }
02-08 18:31:09.203  3835  3880 I [OAO] ShellOverlayApp: Start sleep timeout. Now:6184.334094, Timeout:6186.334094
02-08 18:31:09.216  1029  1800 W InputReader: Device has associated, but no associated display id.
02-08 18:31:09.222  1029  1053 D ActivityManager: Is background playback GK enabled: false Is background playback enabled for all apps: false
02-08 18:31:09.224  2024  2024 D VrRuntimeService: onForegroundActivitiesChanged: pid=5501, uid=10033, hasForegroundActivities=true
02-08 18:31:09.224  2024  2049 I FocusedClientsListener: focus: onVrFocusChanged(focusType=1): 5
02-08 18:31:09.224  2024  2049 I FocusedClientsListener: focus: pid=4614
02-08 18:31:09.225  2024  2049 I FocusedClientsListener: focus: pid=3797
02-08 18:31:09.225  2024  2049 I FocusedClientsListener: focus: pid=3835
02-08 18:31:09.225  2024  2049 I FocusedClientsListener: focus: pid=3371
02-08 18:31:09.225  2024  2049 I FocusedClientsListener: focus: pid=3089
02-08 18:31:09.225  2024  3127 I FocusedClientsListener: focus: onVrFocusChanged(focusType=0): 6
02-08 18:31:09.225  2024  3127 I FocusedClientsListener: focus: pid=4614
02-08 18:31:09.225  2024  3127 I FocusedClientsListener: focus: pid=3797
02-08 18:31:09.225  2024  3127 I FocusedClientsListener: focus: pid=3835
02-08 18:31:09.225  2024  3127 I FocusedClientsListener: focus: pid=5501
02-08 18:31:09.225  2024  3127 I FocusedClientsListener: focus: pid=3371
02-08 18:31:09.225  2024  3127 I FocusedClientsListener: focus: pid=3089
02-08 18:31:09.225  2024  2060 I FocusedClientsListener: focus: onVrFocusChanged(focusType=2): 0
02-08 18:31:09.226   765  4591 D AF::TrackHandle: OpPlayAudio: track:79 uid:10026 pkg:com.oculus.systemux usage:10 not muted
02-08 18:31:09.226   765   979 D AF::TrackHandle: OpPlayAudio: track:63 uid:10026 pkg:com.oculus.systemux usage:10 not muted
02-08 18:31:09.226   765  6264 D AF::TrackHandle: OpPlayAudio: track:61 uid:1000 pkg:com.android.networkstack.inprocess usage:13 not muted
02-08 18:31:09.226   765  5050 D AF::TrackHandle: OpPlayAudio: track:72 uid:10033 pkg:com.oculus.xrstreamingclient usage:1 not muted
02-08 18:31:09.227   765  1803 D AF::RecordHandle: OpRecordAudio: track:73 uid:10033 pkg:com.oculus.xrstreamingclient usage:0 not muted
02-08 18:31:09.227   765  5666 D AF::TrackHandle: OpPlayAudio: track:66 uid:10026 pkg:com.oculus.systemux usage:10 not muted
02-08 18:31:09.227  3687  3687 D [SUI] ActivityManagerUtilsHelper: onForegroundActivitiesChanged: Instance: com.oculus.common.activitymanager.ActivityManagerUtilsHelper@64e49e9, Pid: 5501, Tid: 10033, foregroundActivities: true, foreground app: com.oculus.xrstreamingclient, previous app: com.oculus.os.clearactivity
02-08 18:31:09.227   765  1932 D AF::RecordHandle: OpRecordAudio: track:62 uid:10014 pkg:com.oculus.shellenv usage:0 muted
02-08 18:31:09.228   765  4591 D AF::TrackHandle: OpPlayAudio: track:64 uid:10014 pkg:com.oculus.shellenv usage:1 muted
02-08 18:31:09.228   765   979 D AF::TrackHandle: OpPlayAudio: track:119 uid:10020 pkg:com.oculus.vrshell usage:1 not muted
02-08 18:31:09.228   765  1932 D AF::TrackHandle: OpPlayAudio: track:63 uid:10026 pkg:com.oculus.systemux usage:10 not muted
02-08 18:31:09.229   765   979 D AF::RecordHandle: OpRecordAudio: track:118 uid:10032 pkg:com.oculus.horizon usage:0 not muted
02-08 18:31:09.229   883  1355 W TrackingService: attachClient: found client in attached list
02-08 18:31:09.230   765  1803 D AF::TrackHandle: OpPlayAudio: track:66 uid:10026 pkg:com.oculus.systemux usage:10 not muted
02-08 18:31:09.230   765  1932 D AF::TrackHandle: OpPlayAudio: track:72 uid:10033 pkg:com.oculus.xrstreamingclient usage:1 not muted
02-08 18:31:09.230   765  4591 D AF::TrackHandle: OpPlayAudio: track:119 uid:10020 pkg:com.oculus.vrshell usage:1 not muted
02-08 18:31:09.230   883  1355 D TrackingService: getSharedMemory: com.oculus.xrstreamingclient, HeadTracker
02-08 18:31:09.230   765  1803 D AF::TrackHandle: OpPlayAudio: track:64 uid:10014 pkg:com.oculus.shellenv usage:1 muted
02-08 18:31:09.231   765   979 D AF::TrackHandle: OpPlayAudio: track:79 uid:10026 pkg:com.oculus.systemux usage:10 not muted
02-08 18:31:09.231   765  1932 D AF::TrackHandle: OpPlayAudio: track:61 uid:1000 pkg:com.android.networkstack.inprocess usage:13 not muted
02-08 18:31:09.231   765  5666 D AF::RecordHandle: OpRecordAudio: track:73 uid:10033 pkg:com.oculus.xrstreamingclient usage:0 not muted
02-08 18:31:09.232   765  4591 D AF::RecordHandle: OpRecordAudio: track:62 uid:10014 pkg:com.oculus.shellenv usage:0 muted
02-08 18:31:09.232   765  5050 D AF::RecordHandle: OpRecordAudio: track:118 uid:10032 pkg:com.oculus.horizon usage:0 not muted
02-08 18:31:09.240  2024  2024 W ClientMgr: ClientMgr::SetFocusedClient: No focused client
02-08 18:31:09.240  2024  2024 I ClientMgr: Releasing clocks.
02-08 18:31:09.240  2024  2024 I ClientMgr: SetFocusedPackageName - packageName  processName  clientId 0 clientPid 0
02-08 18:31:09.240  5501  5525 V xrstreaming:   VR Mode state change (Can render=1, has VR mode=0)
02-08 18:31:09.240  5501  5525 D xrstreaming:   Entering VR Mode
02-08 18:31:09.240  5501  5525 I VrApi   : ---------- vrapi_EnterVrMode [start] ----------
02-08 18:31:09.240  2024  2060 I FocusedClientsListener: focus: onTopActivityChanged: com.oculus.shellenv
02-08 18:31:09.241  3277  3277 D MetaCam (MediaCapabilityChecker): checkMediaHasRecordingCapabilities packageName: com.oculus.xrstreamingclient
02-08 18:31:09.241  2024  2060 I FocusedClientsListener: focus: onVrFocusChanged(focusType=1): 6
02-08 18:31:09.241  2024  2060 I FocusedClientsListener: focus: pid=4614
02-08 18:31:09.241  2024  2060 I FocusedClientsListener: focus: pid=3797
02-08 18:31:09.241  2024  2060 I FocusedClientsListener: focus: pid=3835
02-08 18:31:09.241  2024  2060 I FocusedClientsListener: focus: pid=5501
02-08 18:31:09.241  2024  2060 I FocusedClientsListener: focus: pid=3371
02-08 18:31:09.241  2024  2060 I FocusedClientsListener: focus: pid=3089
02-08 18:31:09.241  3371  3392 I [CT]    : MIXEDREALITY: MrServiceController: VrFocusManager::Top Activity Changed, topActivity now is: 'com.oculus.shellenv', immersiveApp now is: ''.
02-08 18:31:09.241  2024  3127 I FocusedClientsListener: focus: onVrFocusChanged(focusType=0): 6
02-08 18:31:09.241  2024  3127 I FocusedClientsListener: focus: pid=4614
02-08 18:31:09.241  2024  3127 I FocusedClientsListener: focus: pid=3797
02-08 18:31:09.241  2024  3127 I FocusedClientsListener: focus: pid=3835
02-08 18:31:09.241  2024  3127 I FocusedClientsListener: focus: pid=5501
02-08 18:31:09.241  2024  3127 I FocusedClientsListener: focus: pid=3371
02-08 18:31:09.241  2024  3127 I FocusedClientsListener: focus: pid=3089
02-08 18:31:09.241  2024  2049 I FocusedClientsListener: focus: onVrFocusChanged(focusType=2): 1
02-08 18:31:09.241  2024  2049 I FocusedClientsListener: focus: pid=5501
02-08 18:31:09.242  3835  3835 I [OAO] ShellOverlayServiceJNI: NativeSendOverlayCommand
02-08 18:31:09.242  3835  3835 I [OAO] ShellOverlayServiceJNI: NativeWake
02-08 18:31:09.242  3835  3835 I [OAO] ShellOverlayMain: WakeVrThread
02-08 18:31:09.242  3835  3835 I [OAO] ShellOverlayMain: WakeVrThread - notifying vr thread
02-08 18:31:09.242  3797  4689 I [SEO] ShellFrameAnalytics: Shell Heartbeat focusedPanelTimeSpent: {"8":445} visibleTimeSpent: {} inputTimeSpent: {"controller":445} inputClickCount: {} mouseMoveTimeSpent: 0 mouseScrollTimeSpent: 0 physicalKeyboardConnectedTimeSpent: 0 physicalKeyboardTrackedTimeSpent: 0 quickActionsMenuActivations: 0 quickActionsMenuTimeSpent: 0 quickActionsMenuSessionLengths: [] quickActionsMenuSelections: {} handTrackingOptIn: 0 handTrackingAutoTransition: 1
02-08 18:31:09.247  3687  3687 W OVRLibrary: null cursor received for query content://com.oculus.ocms.library/apps/com.oculus.xrstreamingclient
02-08 18:31:09.247  3687  3687 D [SUI] DynamicAppsViewModel: Setting destination ui paused app - com.oculus.xrstreamingclient
02-08 18:31:09.248   745  4755 D msm8974_platform: platform_split_snd_device: snd_device(22) num devices(1) new_snd_devices(0)
02-08 18:31:09.248   745  4755 D ACDB-LOADER: ACDB -> send_audvoltable
02-08 18:31:09.248   745  4755 D ACDB-LOADER: ACDB -> ACDB_CMD_GET_AUDPROC_INSTANCE_GAIN_DEP_STEP_TABLE_SIZE
02-08 18:31:09.248   745  4755 D         : Failed to fetch the lookup information of the device 0000000F 
02-08 18:31:09.248   745  4755 D ACDB-LOADER: Error: ACDB_CMD_GET_AUDPROC_INSTANCE_GAIN_DEP_STEP_TABLE_SIZE Returned = -19
02-08 18:31:09.248   745  4755 D ACDB-LOADER: ACDB -> ACDB_CMD_GET_AUDPROC_INSTANCE_GAIN_DEP_STEP_TABLE, vol index 0
02-08 18:31:09.248   745  4755 D         : Failed to fetch the lookup information of the device 0000000F 
02-08 18:31:09.248   745  4755 D ACDB-LOADER: Error: ACDB AudProc vol returned = -19
02-08 18:31:09.248   745  4755 D ACDB-LOADER: ACDB -> AUDIO_SET_VOL_CAL cal type = 40
02-08 18:31:09.249  3835  3835 D KeyboardInputMethodService: onFinishInput
02-08 18:31:09.250  3371  3418 I [CT]    : MIXEDREALITY: MrServiceModel: Hibernating caller (most likely rendering thread) due to commandQueue being empty.
02-08 18:31:09.250  3797  4689 I [SEO] VrPlatformOpenXr: xrPollEvent: received XR_TYPE_EVENT_DATA_REFERENCE_SPACE_CHANGE_PENDING event
02-08 18:31:09.254  3835  3880 I [OAO] ShellOverlayApp: 0xc7b2ab28 msg: overlayCommand:
02-08 18:31:09.254  3835  3880 I [OAO] ShellOverlayApp: command = topActivityChanged
02-08 18:31:09.254  3835  3880 I [OAO] ShellOverlayApp: topActivity = com.oculus.shellenv
02-08 18:31:09.254  3835  3880 I [OAO] ShellOverlayApp: Process_OverlayCommand command : topActivityChanged
02-08 18:31:09.254  3835  3880 I [OAO] ShellOverlayApp: Process_OverlayCommand unknown command received: topActivityChanged
02-08 18:31:09.254   745  5177 D msm8974_platform: platform_split_snd_device: snd_device(22) num devices(1) new_snd_devices(0)
02-08 18:31:09.257  2149  2657 W OVRLibrary: null cursor received for query content://com.oculus.ocms.library/apps/com.oculus.xrstreamingclient
02-08 18:31:09.257  3371  3392 I [CT]    : MIXEDREALITY: MrServiceController: VrFocusManager::Top Activity Changed, topActivity now is: 'com.oculus.xrstreamingclient', immersiveApp now is: 'com.oculus.xrstreamingclient'.
02-08 18:31:09.257  5501  5525 I VrRuntimeClient: Tracing is disabled
02-08 18:31:09.257  5501  5525 I VrRuntimeClient: SysProp debug mode is disabled on Client side
02-08 18:31:09.257  2024  2049 I FocusedClientsListener: focus: onTopActivityChanged: com.oculus.xrstreamingclient
02-08 18:31:09.257  2149  2657 I OVRMediaServiceManager: Sending onAppStart (com.oculus.xrstreamingclient) to SocialPlatform (com.oculus.socialplatform)
02-08 18:31:09.258  3835  3835 I [OAO] ShellOverlayServiceJNI: NativeSendOverlayCommand
02-08 18:31:09.258  3835  3835 I [OAO] ShellOverlayServiceJNI: NativeWake
02-08 18:31:09.259  3835  3835 I [OAO] ShellOverlayMain: WakeVrThread
02-08 18:31:09.259  3835  3835 I [OAO] ShellOverlayMain: WakeVrThread - notifying vr thread
02-08 18:31:09.259  5501  5525 D VrApi   : targetSDKVersion 29
02-08 18:31:09.261  5501  5525 I VrRuntimeClient: DEVICE MODEL NUMBER = Quest 2
02-08 18:31:09.261  5501  5525 I VrRuntimeClient: DEVICE BUILD NAME = user-49882890192000150
02-08 18:31:09.261  5501  5525 I VrRuntimeClient: DEVICE BUILD TYPE = user
02-08 18:31:09.261  5501  5525 I VrRuntimeClient: DEVICE OS VERSION = 10
02-08 18:31:09.261  5501  5525 I VrRuntimeClient: API LOADER VERSION = 1.49.0
02-08 18:31:09.261  5501  5525 I VrRuntimeClient: RUNTIME API VERSION = 1.66.0
02-08 18:31:09.261  5501  5525 I VrRuntimeClient: RUNTIME VERSION = 49.0.0.186.357 Jan 21 2023 14:22:27 RELEASE
02-08 18:31:09.261  5501  5525 I VrRuntimeClient: APP NAME = Oculus Link
02-08 18:31:09.261  5501  5525 I VrRuntimeClient: APP VERSION = 49.0.0.186.357 versionCode 440026561 internalVersionName 49.0.0.186.357.8b032e9b092a 2023_01_21_14_22
02-08 18:31:09.261  5501  5525 I VrRuntimeClient: APP VR TYPE = vr_only
02-08 18:31:09.261  5501  5525 I VrRuntimeClient: APP MODE TYPE = <none>
02-08 18:31:09.261  5501  5525 I VrRuntimeClient: APP PACKAGE NAME = com.oculus.xrstreamingclient
02-08 18:31:09.261  5501  5525 I VrRuntimeClient: APP ACTIVITY CLASS = com.oculus.xrstreamingclient.MainActivity
02-08 18:31:09.261  5501  5525 I Sensor  : OSSDKTRACKING Initializing head tracking
02-08 18:31:09.261  5501  5525 I Sensor  : OSSDKTRACKING Head tracker != nullpointer 0x7a61387e38, 1
02-08 18:31:09.261  5501  5525 I Sensor  : OSSDKTRACKING Initializing controller tracking
02-08 18:31:09.261  5501  5525 I Sensor  : OSSDKTRACKING Controller tracker != nullpointer 0x7a614db370, 1
02-08 18:31:09.261  5501  5525 D BatteryReceiver: Registering battery receiver
02-08 18:31:09.263  2024  9283 I CompositorVR: SetSchedFifo( tid=3418, pol=5, pri=1 ) succeeded
02-08 18:31:09.264  5501  5525 D HeadsetReceiver: getCurrentHeadsetState: false
02-08 18:31:09.264  5501  5525 I DeviceStatus: nativeHeadsetEvent(0)
02-08 18:31:09.264  2149  2532 W OVRLibrary: null cursor received for query content://com.oculus.ocms.library/apps/com.oculus.xrstreamingclient
02-08 18:31:09.264  5501  5525 I VrRuntimeClient: SetCompositorClientFeatureFlag ClientFeatureFlag 0 
02-08 18:31:09.264  5501  5525 I LogTimer: CPUTIME: VrRuntimeClient_BeginSession took 7.7683 ms
02-08 18:31:09.265  3797  4689 I [SEO] ShellApp: Immersive Activity Changed to: com.oculus.xrstreamingclient
02-08 18:31:09.266  5501  5525 I ClientInputInterface: DEADRECKONING SetControllerTrackingExtendedDeadreckoning 0
02-08 18:31:09.266  5501  5525 I ClientInputSettings: HANDTRACKING package name is com.oculus.xrstreamingclient
02-08 18:31:09.267  5501  5525 I ClientInputSettings: HANDTRACKING: Manifest Permission request for com.oculus.xrstreamingclient
02-08 18:31:09.268  5501  5525 I ClientInputSettings: HANDTRACKING:  'com.oculus.xrstreamingclient' Is hands or controller.
02-08 18:31:09.268  5501  5525 I ClientInputSettings: HANDTRACKING: feature flag set to 2
02-08 18:31:09.269  5501  5525 I ClientInputInterface: HANDTRACKING sethandmanifest 2
02-08 18:31:09.269  5501  5525 I InputHooks_Internal: Enabling Native Input Hooks
02-08 18:31:09.269  5501  5525 I InputDeviceManager: ovrInputDeviceManager::Initialize
02-08 18:31:09.269  3687  3687 W OVRLibrary: null cursor received for query content://com.oculus.ocms.library/apps/com.oculus.os.vrusb
02-08 18:31:09.269  5501  5525 I Distortion: Initializing Mesh Decenter Correction
02-08 18:31:09.271   865  4425 E CalibrationProvider: loadCalibration(LDISP_SN) failed: Calibration store didn't load any info
02-08 18:31:09.271   865  4425 E CalibrationProvider: loadCalibration(RDISP_SN) failed: Calibration store didn't load any info
02-08 18:31:09.272  5501  5525 I Distortion: SetLensPositions - iad=0.0630817, left offset=-0.000219997,-0.00102733, right offset=9.91635e-05,-0.00104481
02-08 18:31:09.272  5501  5525 I Distortion: Initializing Mesh Decenter Correction
02-08 18:31:09.273   865  4425 E CalibrationProvider: loadCalibration(LDISP_SN) failed: Calibration store didn't load any info
02-08 18:31:09.273   865  4425 E CalibrationProvider: loadCalibration(RDISP_SN) failed: Calibration store didn't load any info
02-08 18:31:09.273  5501  5525 I Distortion: SetLensPositions - iad=0.0630817, left offset=-0.000219997,-0.00102733, right offset=9.91635e-05,-0.00104481
02-08 18:31:09.274  5501  5525 I Distortion: Created custom distortion mesh.
02-08 18:31:09.274  5501  5525 I VrApi   : ovrModeParms::VRAPI_MODE_FLAG_RESET_WINDOW_FULLSCREEN = 0
02-08 18:31:09.274  5501  5525 I VrApi   : ovrModeParms::VRAPI_MODE_FLAG_NATIVE_WINDOW = 1
02-08 18:31:09.274  5501  5525 I VrApi   : ovrModeParms::VRAPI_MODE_FLAG_FRONT_BUFFER_SRGB = 0
02-08 18:31:09.274  5501  5525 I VrApi   : ovrModeParms::VRAPI_MODE_FLAG_PHASE_SYNC = 0
02-08 18:31:09.274  5501  5525 I VrApi   : ovrModeParms::VRAPI_MODE_FLAG_APP_SPACE_WARP = 0
02-08 18:31:09.274  5501  5525 I VrRuntimeClient: SetPhaseSyncMode 0
02-08 18:31:09.274  5501  5525 I VrApi   : PhaseSync disabled
02-08 18:31:09.274  5501  5525 I VrApi   : HMD sensor attached.
02-08 18:31:09.274  5501  5525 D VrRuntimeClient: pokeGuardianUserServiceForThisClient: com.oculus.xrstreamingclient:10033
02-08 18:31:09.275  3089  3089 D VrGuardianUserService: onStartCommandIntent { act=FOREGROUND_CLIENT cmp=com.oculus.guardian/com.oculus.vrguardianservice.VrGuardianUserService (has extras) }
02-08 18:31:09.275  3089  3089 D VrGuardianUserService: maybeSubscribeDeviceConfig
02-08 18:31:09.275  5501  5525 D VrRuntimeClient: VrRuntimeClient: getClientWindow: activity client
02-08 18:31:09.275  3089  3089 D VrGuardianUserService: onStartCommand FOREGROUND_CLIENT user = 0
02-08 18:31:09.275  3089  3089 D VrGuardianService: setCurrentUser() called with: userId = [0]
02-08 18:31:09.275  3089  3089 I VrGuardianService: nativeSetCurrentUser userid = 0
02-08 18:31:09.275  3089  3089 I GuardianSystem: [GuardianSystem::SetCurrentUser] User ID 0 
02-08 18:31:09.276  2024  5533 I VrRuntimeService: RuntimeServiceSDKServer::EnableRendering: 0x7a6c9df440, 2, com.oculus.xrstreamingclient
02-08 18:31:09.276  2024  5533 I ClientMgr: EnableRendering2: Calling SetFocusedClient: 915501142
02-08 18:31:09.276  2024  5533 I ClientMgr: FocusedClient changed.
02-08 18:31:09.276  2024  5533 I ClientMgr: ClientMgr::SetFocusedClient: 5501:com.oculus.xrstreamingclient type 0
02-08 18:31:09.276  2024  5533 I ClientMgr: SetFocusedPackageName - packageName com.oculus.xrstreamingclient processName com.oculus.xrstreamingclient clientId 915501142 clientPid 5501
02-08 18:31:09.276  2024  5533 I VrRuntimeService: RuntimeIPC: SendFocusChangeEventToAllClients: PostClientEvent SUCCESS: com.oculus.xrstreamingclient:com.oculus.xrstreamingclient:5501, com.oculus.xrstreamingclient, com.oculus.xrstreamingclient
02-08 18:31:09.276  2024  5533 I VrRuntimeService: RuntimeIPC: SendFocusChangeEventToAllClients: PostClientEvent SUCCESS: com.oculus.vrshell:com.oculus.vrshell:Overlay:3835, com.oculus.xrstreamingclient, com.oculus.xrstreamingclient
02-08 18:31:09.276  2024  5533 I VrRuntimeService: RuntimeIPC: SendFocusChangeEventToAllClients: PostClientEvent SUCCESS: com.oculus.shellenv:com.oculus.shellenv:4614, com.oculus.xrstreamingclient, com.oculus.xrstreamingclient
02-08 18:31:09.276  2024  5533 I VrRuntimeService: RuntimeIPC: SendFocusChangeEventToAllClients: PostClientEvent SUCCESS: com.oculus.vrshell:com.oculus.vrshell:3797, com.oculus.xrstreamingclient, com.oculus.xrstreamingclient
02-08 18:31:09.276  2024  5533 I VrRuntimeService: RuntimeIPC: SendFocusChangeEventToAllClients: PostClientEvent SUCCESS: com.oculus.mrservice:com.oculus.mrservice:3371, com.oculus.xrstreamingclient, com.oculus.xrstreamingclient
02-08 18:31:09.276  2024  5533 I VrRuntimeService: RuntimeIPC: SendFocusChangeEventToAllClients: PostClientEvent SUCCESS: native_process.system:/system/bin/mrsystemservice:868, com.oculus.xrstreamingclient, com.oculus.xrstreamingclient
02-08 18:31:09.276  2024  5533 I VrRuntimeService: RuntimeIPC: SendFocusChangeEventToAllClients: PostClientEvent SUCCESS: com.oculus.guardian:com.oculus.vrguardianservice:3089, com.oculus.xrstreamingclient, com.oculus.xrstreamingclient
02-08 18:31:09.276  2024  5533 I ClientMgr: ClientMgr::EnableRendering 5501:com.oculus.xrstreamingclient : type 0 comp-id 11: enable
02-08 18:31:09.276  2024  5533 I CompositorVR: CheckDebuggerConnected: debugger 0
02-08 18:31:09.276  2024  5533 I VrRuntimeServer: SysProp debug mode is disabled on Server side
02-08 18:31:09.276  2024  5533 I UnifiedTelemetryWrapper: Started UT session render:com.oculus.xrstreamingclient
02-08 18:31:09.277  5501  5525 I ScreenCaptureHelper: Advertising com.oculus.xrstreamingclient as streamable
02-08 18:31:09.277  2024  5533 I VrRuntimeService: GetSpecialSwapChain: 915501142
02-08 18:31:09.277  2149  2266 I OVRMediaService: onStartCommand Received message type: set_package_name, caller package: no_app_identity, app identify: null
02-08 18:31:09.277  5501  5525 I VrApi   : Creating Default swapchain
02-08 18:31:09.278  2024  5533 I VrRuntimeService: GetSpecialSwapChain: 915501142
02-08 18:31:09.278  5501  5525 I VrApi   : Creating Loading Icon swapchain
02-08 18:31:09.278  2149  2266 I OVRMediaService: Got package name intent (com.oculus.xrstreamingclient)
02-08 18:31:09.278  5501  5525 I VrApi   : OVR::Stats thread started
02-08 18:31:09.278  5501  5525 I XrRuntimeUtils: XrRuntimeUtils::CreateSession
02-08 18:31:09.278  5501  5525 I InputDeviceManager: HANDTRACKING Pointer filter profile changed to: 0
02-08 18:31:09.278  5501  5525 I InputDeviceManager: HANDTRACKING Pointer filter profile changed to: 0
02-08 18:31:09.278  5501  5525 I InputDeviceManager: HANDTRACKING Root pose filter profile changed for (version, freq) to (2, 1) from (1,2)
02-08 18:31:09.278  5501  5525 I VrApi   : Initial BaseVsync 596 
02-08 18:31:09.278  5501  5525 I XrRuntimeUtils: XrRuntimeUtils::BeginSession
02-08 18:31:09.278  5501  5525 I XrRuntimeSystem_Client: BeginSession
02-08 18:31:09.278  5501  5525 I VrApi   : ---------- vrapi_EnterVrMode [end] ----------
02-08 18:31:09.278  5501  5525 D xrstreaming:       vrapi_EnterVrMode()
02-08 18:31:09.278  5501  5525 I VrApi   : vrapi_SetDisplayRefreshRate: display refresh rate supported 72.000000
02-08 18:31:09.278  5501  5525 I xrstreaming:     vrapi_SetDisplayRefreshRate(72)
02-08 18:31:09.278  5501  5525 D xrstreaming:     vrapi_SetClockLevels(2, 2)
02-08 18:31:09.278  5501  5525 D xrstreaming:     vrapi_SetPerfThread(MAIN, 5525)
02-08 18:31:09.278  5501  5525 I xrstreaming: AudioPlayer::start()
02-08 18:31:09.278  5501  5525 I xrstreaming: AudioPlayer: start()
02-08 18:31:09.278  5501  5525 I xrstreaming: oculus_pc_xrs_audio_player_start
02-08 18:31:09.279   883  1355 W TrackingService: attachClient: found client in attached list
02-08 18:31:09.280  1535  1535 V AvrcpMediaPlayerList: onPlaybackConfigChanged(): Configs list size=10
02-08 18:31:09.281  5501  5565 D xrstreaming: receive pong: org 6184400503680 recv 29544858046700 xmt 29544868797000 (received at 6184411910659), offset divergence 2857
02-08 18:31:09.281  5501  5565 D xrstreaming: new clock offset=23360457515404 (rtt: 327296, dispersion: 432271, jitter: 15290247)
02-08 18:31:09.281  5501  9411 D VrApi   : targetSDKVersion 29
02-08 18:31:09.281   883  1355 D TrackingService: getSharedMemory: com.oculus.xrstreamingclient, AnchorTracker
02-08 18:31:09.283  5501  9411 D VrApi   : VrApi::isWifiConnected exception: Make sure android.permission.ACCESS_NETWORK_STATE is set in the manifest.
02-08 18:31:09.283  5501  9411 I JniUtils: ovr_GetCurrentPackageSignature 
02-08 18:31:09.284  2024  3018 I ClientMgr: Non-overlay clients rendering status has changed: prev=54, curr=55, enabled=1
02-08 18:31:09.284  2024  3018 I ClientMgr: Primary Client is not valid.
02-08 18:31:09.284  2024  3018 I ClientMgr: Primary client determined to be the current enabled client 915501142
02-08 18:31:09.284  2024  3018 I ClientMgr: ClientMgr::SetPrimaryCompositorClient: 5501:com.oculus.xrstreamingclient
02-08 18:31:09.285  2024  3018 W ClientMgr: ClientMgr::GetClientPermissionFlagsById: Client missing proper permissions: com.oculus.xrstreamingclient, 2
02-08 18:31:09.285  2024  3018 I CompositorClientMgr: Enable client 11
02-08 18:31:09.285  2024  3018 I VrRuntimeServer: EnableCompositorClient client(11): layer placement(0) flags(1) sm(0x7acc578010)
02-08 18:31:09.285  2024  3018 I ClientMgr: SetPrimaryPackageName - packageName com.oculus.xrstreamingclient processName com.oculus.xrstreamingclient clientId 915501142 clientPid 5501
02-08 18:31:09.285  2024  3018 I ServiceInputManager: ServiceInputManager::SetPrimaryPackageName 'com.oculus.xrstreamingclient' 'com.oculus.xrstreamingclient'  updated AnytimeUI processname 1
02-08 18:31:09.285  2024  3018 D VrRuntimeService: sendPrimaryPackageChangeBroadcast
02-08 18:31:09.286  5501  9411 I Metrics : device name = Oculus Quest 2
02-08 18:31:09.286  2024  3018 I UnifiedTelemetryWrapper: Setting destination as com.oculus.xrstreamingclient
02-08 18:31:09.287  2024  3018 I AADT    : SetAADTLutDataX: 130
02-08 18:31:09.287  2024  3018 I AADT    : SetAADTLutDataY: 65
02-08 18:31:09.287  2024  3018 I ServiceInputManager: InhibitHandleHomeKeyFull has changed on the service. New value: 1
02-08 18:31:09.287  2024  3018 I ServiceInputManager: DEADRECKONING deadReckoning mode on ClientMgr from server is 0
02-08 18:31:09.287  2024  3018 I PerformanceManager_V0: SetClockLevels: Force releasing clocks
02-08 18:31:09.287  2024  3018 I PerformanceManager_V0: SetClockLevels: Apply pending clock request change: 4,4 -> -1,-1
02-08 18:31:09.287  3371  3418 I [CT]    : MIXEDREALITY: MrServiceModel: Hibernating caller (most likely rendering thread) due to commandQueue being empty.
02-08 18:31:09.287  2024  3014 I Clocks  : ReleaseClocks - start
02-08 18:31:09.287  3835  3835 D [OAO] BaseOverlayService: screenStateReceiver Received broadcast: com.oculus.vrshell.intent.action.PRIMARY_PACKAGE_CHANGED
02-08 18:31:09.287  3835  3835 I [OAO] ShellOverlayServiceJNI: NativeSendOverlayCommand
02-08 18:31:09.287  3835  3835 I [OAO] ShellOverlayServiceJNI: NativeWake
02-08 18:31:09.287  3835  3835 I [OAO] ShellOverlayMain: WakeVrThread
02-08 18:31:09.287  3835  3835 I [OAO] ShellOverlayMain: WakeVrThread - notifying vr thread
02-08 18:31:09.287  3797  3797 D [SEO] BaseOverlayService: screenStateReceiver Received broadcast: com.oculus.vrshell.intent.action.PRIMARY_PACKAGE_CHANGED
02-08 18:31:09.288  2024  3014 I Clocks  : ReleaseClocks - end (0.6 ms)
02-08 18:31:09.291  2024  9283 I AADT    : SetAADTLutDataX. Thread. SizeX: 130
02-08 18:31:09.291  2024  9283 I AADT    : LAYER_PROGRAM_OPTION_AADT_1D_LUT lut's DESTOYED
02-08 18:31:09.291  2024  9283 I AADT    : LAYER_PROGRAM_OPTION_AADT_1D_LUT lut's CREATED
02-08 18:31:09.291  2024  9283 I AADT    : LAYER_PROGRAM_OPTION_AADT_1D_LUT lut's DESTOYED
02-08 18:31:09.291  2024  9283 I AADT    : LAYER_PROGRAM_OPTION_AADT_1D_LUT lut's CREATED
02-08 18:31:09.291  2024  9283 I AADT    : LAYER_PROGRAM_OPTION_AADT_1D_LUT lut's DESTOYED
02-08 18:31:09.291  2024  9283 I AADT    : LAYER_PROGRAM_OPTION_AADT_1D_LUT lut's CREATED
02-08 18:31:09.291  2024  9283 I AADT    : SetAADTLutDataY. Thread. SizeY: 65
02-08 18:31:09.291  2024  9283 I AADT    : LAYER_PROGRAM_OPTION_AADT_1D_LUT lut's DESTOYED
02-08 18:31:09.291  2024  9283 I AADT    : LAYER_PROGRAM_OPTION_AADT_1D_LUT lut's CREATED
02-08 18:31:09.292  5501  5525 I xrstreaming: AudioRecorder: start()
02-08 18:31:09.292  5501  5525 I xrstreaming: oculus_pc_xrs_audio_recorder_start
02-08 18:31:09.295   745  5177 D msm8974_platform: platform_split_snd_device: snd_device(22) num devices(1) new_snd_devices(0)
02-08 18:31:09.295   745  5177 D ACDB-LOADER: ACDB -> send_audvoltable
02-08 18:31:09.295   745  5177 D ACDB-LOADER: ACDB -> ACDB_CMD_GET_AUDPROC_INSTANCE_GAIN_DEP_STEP_TABLE_SIZE
02-08 18:31:09.295   745  5177 D         : Failed to fetch the lookup information of the device 0000000F 
02-08 18:31:09.295   745  5177 D ACDB-LOADER: Error: ACDB_CMD_GET_AUDPROC_INSTANCE_GAIN_DEP_STEP_TABLE_SIZE Returned = -19
02-08 18:31:09.295   745  5177 D ACDB-LOADER: ACDB -> ACDB_CMD_GET_AUDPROC_INSTANCE_GAIN_DEP_STEP_TABLE, vol index 1
02-08 18:31:09.295   745  5177 D         : Failed to fetch the lookup information of the device 0000000F 
02-08 18:31:09.295   745  5177 D ACDB-LOADER: Error: ACDB AudProc vol returned = -19
02-08 18:31:09.295   745  5177 D ACDB-LOADER: ACDB -> AUDIO_SET_VOL_CAL cal type = 40
02-08 18:31:09.295   745  5177 D msm8974_platform: platform_split_snd_device: snd_device(22) num devices(1) new_snd_devices(0)
02-08 18:31:09.295   745  5177 D ACDB-LOADER: ACDB -> send_audvoltable
02-08 18:31:09.295   745  5177 D ACDB-LOADER: ACDB -> ACDB_CMD_GET_AUDPROC_INSTANCE_GAIN_DEP_STEP_TABLE_SIZE
02-08 18:31:09.295   745  5177 D         : Failed to fetch the lookup information of the device 0000000F 
02-08 18:31:09.295   745  5177 D ACDB-LOADER: Error: ACDB_CMD_GET_AUDPROC_INSTANCE_GAIN_DEP_STEP_TABLE_SIZE Returned = -19
02-08 18:31:09.295   745  5177 D ACDB-LOADER: ACDB -> ACDB_CMD_GET_AUDPROC_INSTANCE_GAIN_DEP_STEP_TABLE, vol index 15
02-08 18:31:09.295   745  5177 D         : Failed to fetch the lookup information of the device 0000000F 
02-08 18:31:09.295   745  5177 D ACDB-LOADER: Error: ACDB AudProc vol returned = -19
02-08 18:31:09.295   745  5177 D ACDB-LOADER: ACDB -> AUDIO_SET_VOL_CAL cal type = 40
02-08 18:31:09.298   883  1355 W TrackingService: attachClient: found client in attached list
02-08 18:31:09.299  2024  3018 I PerformanceManager_V0: SetClockLevels: Apply pending clock request change: -1,-1 -> 2,2
02-08 18:31:09.299  2024  3014 I Clocks  : LockClocks( cpu=2, gpu=2 ) - start
02-08 18:31:09.300   883  1355 D TrackingService: getSharedMemory: com.oculus.xrstreamingclient, Controller
02-08 18:31:09.300  5501  9408 I InputDevice_TrackedRemote: REMOTE: Hand=2 IndexAnalog=0.00 GripAnalog=0.00 Buttons=0x00000000
02-08 18:31:09.300  5501  9408 I InputDevice_TrackedRemote: REMOTE: Hand=1 IndexAnalog=0.00 GripAnalog=0.00 Buttons=0x00000000
02-08 18:31:09.301  1029  1061 W ActivityManager: Skipping broadcast of Intent { act=com.oculus.intent.action.PRIVACY_INDICATORS_UPDATE flg=0x10 pkg=com.oculus.systemux (has extras) }: user 10033 and its parent (if any) are stopped
02-08 18:31:09.301  2024  3014 I Clocks  : CPU levels [0, 7]
02-08 18:31:09.301  2024  3014 I Clocks  : GPU levels [0, 5]
02-08 18:31:09.302  2024  3014 I Clocks  : LockClocks( cpu=2, gpu=2 ) - end (3.2 ms)
02-08 18:31:09.303  2149  2657 E OVRMediaServiceManager: LivestreamingManager Not initialized
02-08 18:31:09.304  3835  3880 I [OAO] ShellOverlayApp: 0xc7b2ab28 msg: overlayCommand:
02-08 18:31:09.304  3835  3880 I [OAO] ShellOverlayApp: command = topActivityChanged
02-08 18:31:09.304  3835  3880 I [OAO] ShellOverlayApp: topActivity = com.oculus.xrstreamingclient
02-08 18:31:09.304  3835  3880 I [OAO] ShellOverlayApp: Process_OverlayCommand command : topActivityChanged
02-08 18:31:09.304  3835  3880 I [OAO] ShellOverlayApp: Process_OverlayCommand unknown command received: topActivityChanged
02-08 18:31:09.304  3835  3880 I [OAO] ShellOverlayApp: 0xc7b2ab28 msg: overlayCommand:
02-08 18:31:09.304  3835  3880 I [OAO] ShellOverlayApp: command = primaryPackageChanged
02-08 18:31:09.304  3835  3880 I [OAO] ShellOverlayApp: Process_OverlayCommand command : primaryPackageChanged
02-08 18:31:09.304  3835  3880 I [OAO] ShellOverlayApp: UpdatePrimaryPackage forceSilentUpdate:0
02-08 18:31:09.304  3835  3880 I [OAO] ShellOverlayApp: UpdatePrimaryPackage Requested for PackageName:com.oculus.xrstreamingclient
02-08 18:31:09.304  3835  3880 I [OAO] OverlayFlowController: OnPrimaryPackageChange primaryPackage:com.oculus.xrstreamingclient immersiveAppChanged:0 forceSilentUpdate:0
02-08 18:31:09.304  3687  3687 W OVRLibrary: null cursor received for query content://com.oculus.ocms.library/apps/com.YourCompany.PrototypeV4
