11-05 21:32:14.622  3056  3183 I RuntimeIPCClient: EnsureServerConnection: SUCCESS. Client: com.oculus.vrshell:com.oculus.vrshell:3056, Server: com.oculus.os.dialoghost:com.oculus.os.dialoghost (DialogHostService)
11-05 21:32:14.623  3056  3183 I RuntimeIPCClientMgr: ConnectToServer: SUCCESS: Client: com.oculus.vrshell:com.oculus.vrshell:3056, Server: com.oculus.os.dialoghost:com.oculus.os.dialoghost (DialogHostService)
11-05 21:32:14.626   849  6721 W [CT]    : VIO_HAS_TRACKING: Bad tracking: large covariance-weighted vision correction : 460.79102 > 90
11-05 21:32:14.626   849  6721 W [CT]    : VEGA:PERCEPTUAL_HM: Bad tracking: tracker health is bad
11-05 21:32:14.626   849  6721 I [CT]    : VEGA:PERCEPTUAL_HM: Perceptual HM: bad tracking while exposing 6DoF. Delaying switch to 3DoF for 0.266666666 seconds.
11-05 21:32:14.626   849  6721 I [CT]    : VegaTracker: VegaTracker::track returned 425 track measurement(s) 210 track-to-landmark association(s) and 3 closed track ID(s) while reporting poor tracking quality. (isTrackerHealthy = false, isMapTrackingHealthy = true)
11-05 21:32:14.628  1987  6737 I CompositorVR: WarpToScreen: Skipping frames for 11
11-05 21:32:14.635  1808  1808 D OculusNotificationListenerService: Notification removed: 0|android|0|com.android.server.wm.AlertWindowNotification - com.oculus.vrshell|1000
11-05 21:32:14.636  1987  2937 I VrRuntimeService: CreateAndroidSurfaceSwapChain: 193362544
11-05 21:32:14.636  1987  2937 I VrRuntimeService: CreateAndroidSurfaceSwapChain: 65536 1 32856 1 1 1 1 1 0 0
11-05 21:32:14.636  1987  2775 I SwapChain_Surface: CreateAndroidSurfaceSwapChainGLES: 0x737986f000: SurfaceTexture 0x289a Surface 0x288a
11-05 21:32:14.636  1987  2937 I VrRuntimeServer: CreateAndroidSurfaceSwapChain: result surface 0x737986f000
11-05 21:32:14.637  1050  1078 I ActivityTaskManager: Displayed com.oculus.shellenv/.ShellEnvActivity: +279ms
11-05 21:32:14.639  1987  6737 I CompositorVR: WarpToScreen: Skipping frames for 11
11-05 21:32:14.640  1987  2937 I VrRuntimeService: CreateAndroidSurfaceSwapChain: 193362544
11-05 21:32:14.640  1987  2937 I VrRuntimeService: CreateAndroidSurfaceSwapChain: 65536 1 32856 1 1 1 1 1 0 0
11-05 21:32:14.640  2364  2364 D [OAO] BaseOverlayService: setOverlayInputFocus : completed - inputFocus=false shouldSupportIME=false actionTaken:true
11-05 21:32:14.640  1987  2775 I SwapChain_Surface: CreateAndroidSurfaceSwapChainGLES: 0x7379887000: SurfaceTexture 0x293a Surface 0x294a
11-05 21:32:14.640  1987  2937 I VrRuntimeServer: CreateAndroidSurfaceSwapChain: result surface 0x7379887000
11-05 21:32:14.641  2364  3003 I [OAO] PanelAppHost: Passing env var _oc_analytics_session_id = 0e55dd16-ae19-44ab-9ab6-75e7aad73836
11-05 21:32:14.641  2364  3003 I [OAO] PanelAppHost: Passing env var _oc_userid = 106765628877334
11-05 21:32:14.642  2364  3003 I [OAO] PanelAppHost: Passing env var _oc_shell_version_name = 46.0.0.226.0
11-05 21:32:14.642  2364  3003 I [OAO] PanelAppHost: Passing env var _oc_shell_version_code = 406523266
11-05 21:32:14.642  2364  3003 I [OAO] PanelAppHost: Passing env var _oc_shell_automation_enabled = false
11-05 21:32:14.642  2364  3003 I [OAO] PanelAppHost: Passing env var _oc_shell_view_id_debugging_enabled = false
11-05 21:32:14.642  2364  3003 I [OAO] PanelAppHost: Passing env var _oc_shell_pixel_density = 20
11-05 21:32:14.642  2364  3003 I [OAO] PanelAppHost: Passing env var _oc_shell_render_scale = 1.250000
11-05 21:32:14.642  2364  3003 I [OAO] PanelAppHost: Passing env var _oc_shell_ux_policy = {"panelBackgroundLayerOriginDepths":{"far":0.2,"mid":0.1,"near":0.015}}
11-05 21:32:14.642  2364  3003 I [OAO] PanelAppHost: Passing env var _oc_shell_panel_session_id = 0e55dd16-ae19-44ab-9ab6-75e7aad73836-8
11-05 21:32:14.642  2364  3003 I [OAO] PanelAppHost: Passing env var _oc_shell_back_navigation_enabled = false
11-05 21:32:14.642  2364  3003 I [OAO] PanelAppHost: Passing env var _oc_shell_feature_sets = appmenu-v1,appmenu-v2,cooperativeState-v2,destinationUi-v2,dragDrop-v1,layerClipping-v1,layerClipping-v2,layerOptions-v1,layerTranslate-v1,multiapp-v1,multiapp-v2,multiapp-v3,multitasking-v1,recoverInstances-v1,shellPanelAdaptability-v1,systemActionBackgroundPanels-v1,systemThemeSetting-v1,system-reauth-v1,system-ux-file-picker-v1,vrNotificationsBootLoad-v1,copresence-v1,copresenceVersion-v1,vrLibraryAppLock-v1
11-05 21:32:14.642  2364  3003 I [OAO] PanelAppHost: Passing env var _oc_launch_timestamp = 1545209
11-05 21:32:14.642  2364  3003 I [OAO] PanelAppHost: Passing env var _oc_shell_host = minimal_overlay
11-05 21:32:14.642  2364  3003 I [OAO] PanelAppHost: Passing env var _oc_shell_panel_id = 8
11-05 21:32:14.642  2364  3003 I [OAO] PanelAppHost: Calling sendPanelLaunchIntent for panel app 8 (com.oculus.systemux/com.oculus.panelapp.anytimeui.AnytimeUIAndroidPanelService)
11-05 21:32:14.642  2364  3003 D [OAO] ShellApplication: sendApkPanelLaunchIntent: packageName=com.oculus.systemux, serviceClassName=com.oculus.panelapp.anytimeui.AnytimeUIAndroidPanelService
11-05 21:32:14.643  2364  3003 D [OAO] PanelServiceConnection: getSystemProcessUidForCurrentUser: 'android' systemUid = 1000
11-05 21:32:14.643  2364  3003 D [OAO] ShellApplication: bindService Intent { cmp=com.oculus.systemux/com.oculus.panelapp.anytimeui.AnytimeUIAndroidPanelService }
11-05 21:32:14.645  2364  2364 D VrNotificationAnalytics: logNotificationPosted: key(0|android|0|com.android.server.wm.AlertWindowNotification - com.oculus.vrshell|1000), type(third_party), isToast(false)
11-05 21:32:14.648  2364  2364 I [OAO] VrNotificationListenerService: onNotificationPosted() - key = 0|android|0|com.android.server.wm.AlertWindowNotification - com.oculus.vrshell|1000, type = third_party, isToast = false, isBlocked with reason = true Blocked by does not contain all markers for a toast notification
11-05 21:32:14.649  2364  2364 I [OAO] VrNotificationListenerService: onNotificationRemoved() - key = 0|android|0|com.android.server.wm.AlertWindowNotification - com.oculus.vrshell|1000, type = third_party
11-05 21:32:14.650  1987  6737 I CompositorVR: WarpToScreen: Skipping frames for 11
11-05 21:32:14.651   849  6721 I [CT]    : VIPER: Image mean intensities (per camera): 54.67, 84.84, 88.38, 74.89
11-05 21:32:14.652  3565  7049 I chatty  : uid=10026 com.oculus.systemux:SystemUX expire 8 lines
11-05 21:32:14.652  2364  3003 D [OAO] ShellApplication: notify OS to set com.oculus.systemux/com.oculus.panelapp.anytimeui.AnytimeUIAndroidPanelService to FOREGROUND
11-05 21:32:14.653   849  6721 I [CT]    : VegaTracker: Performing big search to recover from bad map tracking or new reloc.
11-05 21:32:14.653  2470  4225 I RuntimeIPCServerMgr: HandleClientDisconnect: Client: com.oculus.systemux:com.oculus.systemux:SystemUX:3565, Server: com.oculus.presence:com.oculus.presence (PubSubServer)
11-05 21:32:14.657  2364  2364 D VrNotificationAnalytics: logNotificationRemoved(third_party)
11-05 21:32:14.658   849  1040 W TrackingService: attachClient: found client in attached list
11-05 21:32:14.660  4056  4163 E OsSdk   : error getting shared memory region, memory type: HeadTracker, failed with Status(-1, EX_SECURITY): 'requested shared memory region when not registered/focused'
11-05 21:32:14.662  1987  6737 I CompositorVR: WarpToScreen: Skipping frames for 11
11-05 21:32:14.671  2470  4225 I RuntimeIPCServerMgr: HandleClientDisconnect: Client: com.oculus.systemux:com.oculus.systemux:SystemUX:3565, Server: com.oculus.presence:com.oculus.presence (PresenceServer)
11-05 21:32:14.673  1987  6737 I CompositorVR: WarpToScreen: Skipping frames for 11
11-05 21:32:14.684  1987  6737 I CompositorVR: WarpToScreen: Skipping frames for 11
11-05 21:32:14.691  2112  2194 I Clay    : Local user with id 106765628877334 does have a custom avatar
11-05 21:32:14.695  1987  6737 I CompositorVR: WarpToScreen: Skipping frames for 11
11-05 21:32:14.700   849  6789 W TrackingService: attachClient: found client in attached list
11-05 21:32:14.701  4056  4163 E OsSdk   : error getting shared memory region, memory type: HeadTracker, failed with Status(-1, EX_SECURITY): 'requested shared memory region when not registered/focused'
11-05 21:32:14.706  1987  6737 I CompositorVR: WarpToScreen: Skipping frames for 11
11-05 21:32:14.712  2364  3003 I [OAO] SwapChainApiOpenXr: Destroying SwapChain:0xbd877e30
11-05 21:32:14.712  1987  2937 I VrRuntimeService: DestroySwapChain: swapchain=179
11-05 21:32:14.713  2364  3003 I [OAO] SwapChainApiOpenXr: Destroying SwapChain:0xdcace880
11-05 21:32:14.713  1987  2937 I VrRuntimeService: DestroySwapChain: swapchain=169
11-05 21:32:14.716   748  4957 D AF::RecordHandle: OpRecordAudio: track:78 uid:10032 pkg:com.oculus.horizon usage:0 not muted
11-05 21:32:14.716   748  1011 D AF::RecordHandle: OpRecordAudio: track:61 uid:10033 pkg:com.oculus.xrstreamingclient usage:0 muted
11-05 21:32:14.717  1987  6737 I CompositorVR: WarpToScreen: Skipping frames for 11
11-05 21:32:14.722  1987  6737 I ScreenCaptureBase: GlobalInhibitState changed to 0
11-05 21:32:14.722  1987  6737 I CompositorVR: SetClientSurfaceSecureFlag: secure=0
11-05 21:32:14.723  3056  3183 I [SEO] OsDialogProvider: dialogHostClient.InitClient SUCCESS
11-05 21:32:14.723  3056  3183 I OpenXR_Hands: ------------ xrGetHandMeshFB -----------
11-05 21:32:14.723  3056  3183 I OpenXR_Hands: ------------ xrGetHandMeshFB -----------
11-05 21:32:14.724  3056  3183 D VrRuntimeClient: loadDriverResource - resourceName: 'hand_left' 
11-05 21:32:14.725  1050  1066 I DisplayManagerService: Display device removed: DisplayDeviceInfo{"com.oculus.android_panel_app.AndroidPanelLayer-#main": uniqueId="virtual:com.oculus.systemux,10026,com.oculus.android_panel_app.AndroidPanelLayer-#main,0", 800 x 110, modeId 80, defaultModeId 80, supportedModes [{id=80, width=800, height=110, fps=60.0}], colorMode 0, supportedColorModes [0], HdrCapabilities null, density 200, 200.0 x 200.0 dpi, appVsyncOff 0, presDeadline 16666666, touch NONE, rotation 0, type VIRTUAL, state ON, owner com.oculus.systemux (uid 10026), FLAG_PRIVATE, FLAG_NEVER_BLANK, FLAG_OWN_CONTENT_ONLY}
11-05 21:32:14.726  3056  3183 I OpenXR_Hands: ------------ xrGetHandMeshFB -----------
11-05 21:32:14.726  3056  3183 I OpenXR_Hands: ------------ xrGetHandMeshFB -----------
11-05 21:32:14.726  3056  3183 D VrRuntimeClient: loadDriverResource - resourceName: 'hand_right' 
11-05 21:32:14.728   748  4772 D AF::RecordHandle: OpRecordAudio: track:56 uid:10014 pkg:com.oculus.shellenv usage:0 not muted
11-05 21:32:14.728  1987  6737 I CompositorVR: WarpToScreen: Skipping frames for 11
11-05 21:32:14.729  3056  3183 I [SEO] LocalSpace: Reset - initialRawFromLocalPose: quat(0.213662, 0.027805, 0.040163, 0.975686), translation(-0.062430, 0.128053, 0.130792)
11-05 21:32:14.729  3056  3183 I [SEO] LocalSpace: Applying VRAPI Reorient, the reorient reason is 3
11-05 21:32:14.729  1987  3181 I VrRuntimeService: RuntimeServiceSDKServer::RecenterLocalSpace
11-05 21:32:14.729  1987  3181 I VrRuntimeService: RuntimeServiceSDKServer::RecenterLocalSpaceInternal
11-05 21:32:14.729  1987  3181 I VrRuntimeServer: UpdateLocalSpace: Src: 2, Version: 19, VersionUser: 0, RawFloorHeightOld: -1.479450, RawFloorHeightNew: -1.479450
11-05 21:32:14.731  3140  3199 I GuardianSystem: UpdateSystem: Responding to local space version number change.
11-05 21:32:14.732  3140  3199 I GuardianSurfaceMgr: ForceShowSurfaceBounds: Soft fade out: currentTime 1545.33, ForceShowTime 1546.33, ForceShowFadeTime 1547.33
11-05 21:32:14.732  3140  3199 I GuardianSystem: ForceShowGuardian: false, 1.00
11-05 21:32:14.736  2112  2194 I Clay    : xrPollEvent: REFERENCE_SPACE_CHANGE_PENDING
11-05 21:32:14.737  1050  4055 E InputDispatcher: Window handle Window{14643eb u0 com.oculus.systemux} has no registered input channel
11-05 21:32:14.739  1050  1066 I DisplayManagerService: Display device removed: DisplayDeviceInfo{"com.oculus.android_panel_app.AndroidPanelLayer-toast": uniqueId="virtual:com.oculus.systemux,10026,com.oculus.android_panel_app.AndroidPanelLayer-toast,0", 525 x 80, modeId 88, defaultModeId 88, supportedModes [{id=88, width=525, height=80, fps=60.0}], colorMode 0, supportedColorModes [0], HdrCapabilities null, density 200, 200.0 x 200.0 dpi, appVsyncOff 0, presDeadline 16666666, touch NONE, rotation 0, type VIRTUAL, state ON, owner com.oculus.systemux (uid 10026), FLAG_PRIVATE, FLAG_NEVER_BLANK, FLAG_OWN_CONTENT_ONLY}
11-05 21:32:14.740  1987  6737 I CompositorVR: WarpToScreen: Skipping frames for 11
11-05 21:32:14.740  3056  3183 I [SEO] SystemTaskBar: Create PanelApp
11-05 21:32:14.740  3056  3183 I [SEO] PanelAppLaunchInfo: PanelAppLaunchInfo componentString:com.oculus.systemux/com.oculus.panelapp.anytimeui.AnytimeUIAndroidPanelService packageName:com.oculus.systemux serviceName:com.oculus.panelapp.anytimeui.AnytimeUIAndroidPanelService componentName:com.oculus.systemux/com.oculus.panelapp.anytimeui.AnytimeUIAndroidPanelService
11-05 21:32:14.740  3056  3183 I [SEO] HostPlatform: Retrieving component launch information for package (com.oculus.systemux) and service (com.oculus.panelapp.anytimeui.AnytimeUIAndroidPanelService)
11-05 21:32:14.742  3140  3199 I StateMachine: StateMachine::Update ForceShow: forceShowForTime -> ForceShowOnForTime
11-05 21:32:14.748   849  6789 W TrackingService: attachClient: found client in attached list
11-05 21:32:14.750  4056  4163 E OsSdk   : error getting shared memory region, memory type: HeadTracker, failed with Status(-1, EX_SECURITY): 'requested shared memory region when not registered/focused'
11-05 21:32:14.751  1987  6737 I CompositorVR: WarpToScreen: Skipping frames for 11
11-05 21:32:14.758  3056  3183 I [SEO] HostPlatform: Is valid panel service component for package (com.oculus.systemux) and service (com.oculus.panelapp.anytimeui.AnytimeUIAndroidPanelService) - true
11-05 21:32:14.758  3056  3183 I [SEO] ShellApp: CreatePanelApp( com.oculus.systemux/com.oculus.panelapp.anytimeui.AnytimeUIAndroidPanelService )
11-05 21:32:14.758  3056  3183 I [SEO] ShellApp: Environment:
11-05 21:32:14.759  3056  3183 I [SEO] PanelAppHost: PanelAppHost constructor, panel 9 (com.oculus.systemux/com.oculus.panelapp.anytimeui.AnytimeUIAndroidPanelService)
11-05 21:32:14.759  3056  3183 I [SEO] PanelAppHost: Panel app 9 (com.oculus.systemux/com.oculus.panelapp.anytimeui.AnytimeUIAndroidPanelService) changing state from startup to foreground
11-05 21:32:14.759  1987  3099 I VrRuntimeService: CreateAndroidSurfaceSwapChain: 1704197069
11-05 21:32:14.759  1987  3099 I VrRuntimeService: CreateAndroidSurfaceSwapChain: 131072 1 32856 65536 65536 1 1 1 0 3
11-05 21:32:14.759  1987  2775 I SwapChain_Surface: CreateAndroidSurfaceSwapChainGLES: 0x73500a8000: SurfaceTexture 0x2976 Surface 0x2986
11-05 21:32:14.759  1987  3099 I VrRuntimeServer: CreateAndroidSurfaceSwapChain: result surface 0x73500a8000
11-05 21:32:14.760  1987  3099 I VrRuntimeService: CreateAndroidSurfaceSwapChain: 1704197069
11-05 21:32:14.760  1987  3099 I VrRuntimeService: CreateAndroidSurfaceSwapChain: 131072 1 32856 65536 65536 1 1 1 0 3
11-05 21:32:14.760  1987  2775 I SwapChain_Surface: CreateAndroidSurfaceSwapChainGLES: 0x7350618000: SurfaceTexture 0x29b6 Surface 0x29c6
11-05 21:32:14.760  1987  3099 I VrRuntimeServer: CreateAndroidSurfaceSwapChain: result surface 0x7350618000
11-05 21:32:14.761  3056  3183 I [SEO] PanelAppHost: Passing env var _oc_analytics_session_id = d379fd56-77b5-4afa-aceb-e582fc30139e
11-05 21:32:14.761  3056  3183 I [SEO] PanelAppHost: Passing env var _oc_userid = 106765628877334
11-05 21:32:14.761  3056  3183 I [SEO] PanelAppHost: Passing env var _oc_shell_version_name = 46.0.0.226.0
11-05 21:32:14.761  3056  3183 I [SEO] PanelAppHost: Passing env var _oc_shell_version_code = 406523266
11-05 21:32:14.761  3056  3183 I [SEO] PanelAppHost: Passing env var _oc_shell_automation_enabled = false
11-05 21:32:14.761  3056  3183 I [SEO] PanelAppHost: Passing env var _oc_shell_view_id_debugging_enabled = false
11-05 21:32:14.761  3056  3183 I [SEO] PanelAppHost: Passing env var _oc_shell_pixel_density = 20
11-05 21:32:14.761  3056  3183 I [SEO] PanelAppHost: Passing env var _oc_shell_render_scale = 1.250000
11-05 21:32:14.761  3056  3183 I [SEO] PanelAppHost: Passing env var _oc_shell_ux_policy = {"panelBackgroundLayerOriginDepths":{"far":0.2,"mid":0.1,"near":0.015}}
11-05 21:32:14.761  3056  3183 I [SEO] PanelAppHost: Passing env var _oc_shell_panel_session_id = d379fd56-77b5-4afa-aceb-e582fc30139e-9
11-05 21:32:14.761  3056  3183 I [SEO] PanelAppHost: Passing env var _oc_shell_back_navigation_enabled = false
11-05 21:32:14.761  3056  3183 I [SEO] PanelAppHost: Passing env var _oc_shell_feature_sets = appmenu-v1,appmenu-v2,cooperativeState-v2,destinationUi-v2,dragDrop-v1,layerClipping-v1,layerClipping-v2,layerOptions-v1,layerTranslate-v1,multiapp-v1,multiapp-v2,multiapp-v3,multitasking-v1,recoverInstances-v1,shellPanelAdaptability-v1,systemActionBackgroundPanels-v1,systemThemeSetting-v1,system-reauth-v1,system-ux-file-picker-v1,vrNotificationsBootLoad-v1,controlBar-v1,theaterScreen,copresence-v1,copresenceVersion-v1,vrLibraryAppLock-v1
11-05 21:32:14.761  3056  3183 I [SEO] PanelAppHost: Passing env var _oc_launch_timestamp = 1545353
11-05 21:32:14.761  3056  3183 I [SEO] PanelAppHost: Passing env var _oc_shell_host = vrshell
11-05 21:32:14.761  3056  3183 I [SEO] PanelAppHost: Passing env var _oc_shell_panel_id = 9
11-05 21:32:14.761  2364  2364 D [OAO] PanelServiceConnection: onSeviceConnected - component name (ComponentInfo{com.oculus.systemux/com.oculus.panelapp.anytimeui.AnytimeUIAndroidPanelService}), panel app id (8)
11-05 21:32:14.761  3056  3183 I [SEO] PanelAppHost: Calling sendPanelLaunchIntent for panel app 9 (com.oculus.systemux/com.oculus.panelapp.anytimeui.AnytimeUIAndroidPanelService)
11-05 21:32:14.761  2364  2364 D [OAO] ShellApplication: notify OS to set com.oculus.systemux/com.oculus.panelapp.anytimeui.AnytimeUIAndroidPanelService to FOREGROUND
11-05 21:32:14.761  3056  3183 D [SEO] ShellApplication: sendApkPanelLaunchIntent: packageName=com.oculus.systemux, serviceClassName=com.oculus.panelapp.anytimeui.AnytimeUIAndroidPanelService
11-05 21:32:14.762  1987  6737 I CompositorVR: WarpToScreen: Skipping frames for 11
11-05 21:32:14.762  3056  3183 D [SEO] PanelServiceConnection: getSystemProcessUidForCurrentUser: 'android' systemUid = 1000
11-05 21:32:14.762  3056  3183 D [SEO] ShellApplication: bindService Intent { cmp=com.oculus.systemux/com.oculus.panelapp.anytimeui.AnytimeUIAndroidPanelService }
11-05 21:32:14.766  3056  3183 D [SEO] ShellApplication: notify OS to set com.oculus.systemux/com.oculus.panelapp.anytimeui.AnytimeUIAndroidPanelService to FOREGROUND
11-05 21:32:14.766  3056  3056 D [SEO] PanelServiceConnection: onSeviceConnected - component name (ComponentInfo{com.oculus.systemux/com.oculus.panelapp.anytimeui.AnytimeUIAndroidPanelService}), panel app id (9)
11-05 21:32:14.766  3056  3056 D [SEO] ShellApplication: notify OS to set com.oculus.systemux/com.oculus.panelapp.anytimeui.AnytimeUIAndroidPanelService to FOREGROUND
11-05 21:32:14.768  2364  2364 I [OAO] PanelServiceConnection: verifyFirstPartyUID(Debug Signatures=false, uid=10026) => apkSignatureResult=SigCertInfo(isTrusted=true, packageNames=[com.oculus.systemux], fingerprint sha1=98a1809f3c3e79170e5df8135b500ecfa39df1be, fingerprint sha256=012f8165c191efe8fb0d6d4606aa4abac14d77d1d97d5340860c9f81045aa157, signature=308205cf308203b7a0030201020204097e91c1300d06092a864886f70d01010b0500308197310b3009060355040613025553311330110603550408130a43616c69666f726e6961311330110603550407130a4d656e6c6f205061726b31233021060355040a131a46616365626f6f6b20546563686e6f6c6f676965732c204c4c4331233021060355040b131a46616365626f6f6b20546563686e6f6c6f676965732c204c4c43311430120603550403130b4f63756c75732041707073301e170d3139303730343131333935315a170d3436313131393131333935315a308197310b3009060355040613025553311330110603550408130a43616c69666f726e6961311330110603550407130a4d656e6c6f205061726b31233021060355040a131a46616365626f6f6b20546563686e6f6c6f676965732c204c4c4331233021060355040b131a46616365626f6f6b20546563686e6f6c6f676965732c204c4c43311430120603550403130b4f63756c7573204170707330820222300d06092a864886f70d01010105000382020f003082020a0282020100b815642a5c201c8da044905dafbb06c05fddb75449cc75a716a0434da0493a52a4d60643532c237e76cb41d2c32a5e4474f12b37f632a809b5a5ceb8c6289ecf828e736b4ec452b1c2757bd0b5ed13eff5a7a47ab2ef6cdf60a8d749e9e8603f30d12b5db8f734c57578a2a4ce5ff5737c1f02c629d2dcb4f82726674663a699de94463ff370fa9eb48158831bf0b68bd6ec84293182d52e860bdd81bb9ce9cdd6a77fea0df25004da34d3cce7a31069646aa4628fba9ccb0952163793be9a4edf49a53f83179c2f44d8c87d6c129e8d590af0f3fced26201ee43b31fccd93b497cd198c5cd1f98d64c4f7ad79ca47278c02652d5dc072a99807e22f473f7bae4da2bafcae48cd49ad55a764b8d39f329f6175eac9074307deff48b1c4a6e19b748766617768c31a17feae8478eb7f9ebfb61af2b9f5a692b636342d7ebc53d7146626b51801b5a0a102e281475decdefb8683d0ca2843dc7aaeb6759bcab0dcba38db44f5d7f797a1c9c02dd159c0e3c72b14dc882d31c24ad8abee4ce0f7f0205e05efef551e2551a61e96636ed5dfd7435d3d24f5a130a12f10452cc954aa770d5d95e3e0cb9d7b05c5506a7947f8ff3437b3d82274fdaa156d85bfb7fbcb4fa5557080fedab86520b71d3d533e7bb3e7e3ebe9712b68e755d700b0afbf7595ffa80a6b3d90bfe599769138ee6515df415e32c0abed2b8e4aea1f47351f490203010001a321301f301d0603551d0e04160414a3c939e6b71c43bc9193f773c0351be1aff311f9300d06092a864886f70d01010b050003820201004e4c865231f2a3583c6af9488ecf9aa96b1ee84e2d7bfad00581537dc70c54ecfcf360e563d018efa4cdd77bf6fc4c9f1a20ebd4215cf1538686d4089bdcc8adb6ae4497ead14b0c18efd52ce93357019973e94e16b3326c60885b1bdc5f9cad1098f16732935876d8d19bda3ceeaaa69a83c4e2231710c6735f88abdfffe3dfa2be3f18f894923441b4e4a9c9664ed6294c16d7c073547063bfdbbefad184a001f1dce2feffdc96d10eb16a3bfbcd382cd297ca3b4edb7ebacd1a9931a1368a5157ceaebbca5b39bd5db5461a340db8ec076d38a94bcdd042bfb51388158ba97a49b631c1762fa746c7bb36eaf15cae23fa993cfb052e824f2ae173ea27b50a6cca91eb955f4faf131514757e5a3ecae9df6d23771279b7742f28fb9ce394eb9e03926f550716f1312355a5efdc479d8347b516cff55cb14307c81280142cacf2fd6562a2baacbfc97869272b1c51abf79121de8bab227e001313d4115eb9b33a332ebb34e290f14b5352ef1038f7a5f3740c9d1136b3526de4331deb4fa529c36a17c04c3e64d4f6ebda73d6e6e18281e3948fd11e685eab6611be1bc62839bce5962715e7f6537e6c083bcd3538d17407b26c850cd6b3f5e2149fdef027a6cfb7ed0f93c928aca14927b10c6a3f104ba1b10413af8b1868b84a004e5ddd065fff26a7bb3c818bb5a2d69aedf9441ef9033efae3ef52282a96f66d4b4ff3f2)
11-05 21:32:14.770  3056  3056 I [SEO] PanelServiceConnection: verifyFirstPartyUID(Debug Signatures=false, uid=10026) => apkSignatureResult=SigCertInfo(isTrusted=true, packageNames=[com.oculus.systemux], fingerprint sha1=98a1809f3c3e79170e5df8135b500ecfa39df1be, fingerprint sha256=012f8165c191efe8fb0d6d4606aa4abac14d77d1d97d5340860c9f81045aa157, signature=308205cf308203b7a0030201020204097e91c1300d06092a864886f70d01010b0500308197310b3009060355040613025553311330110603550408130a43616c69666f726e6961311330110603550407130a4d656e6c6f205061726b31233021060355040a131a46616365626f6f6b20546563686e6f6c6f676965732c204c4c4331233021060355040b131a46616365626f6f6b20546563686e6f6c6f676965732c204c4c43311430120603550403130b4f63756c75732041707073301e170d3139303730343131333935315a170d3436313131393131333935315a308197310b3009060355040613025553311330110603550408130a43616c69666f726e6961311330110603550407130a4d656e6c6f205061726b31233021060355040a131a46616365626f6f6b20546563686e6f6c6f676965732c204c4c4331233021060355040b131a46616365626f6f6b20546563686e6f6c6f676965732c204c4c43311430120603550403130b4f63756c7573204170707330820222300d06092a864886f70d01010105000382020f003082020a0282020100b815642a5c201c8da044905dafbb06c05fddb75449cc75a716a0434da0493a52a4d60643532c237e76cb41d2c32a5e4474f12b37f632a809b5a5ceb8c6289ecf828e736b4ec452b1c2757bd0b5ed13eff5a7a47ab2ef6cdf60a8d749e9e8603f30d12b5db8f734c57578a2a4ce5ff5737c1f02c629d2dcb4f82726674663a699de94463ff370fa9eb48158831bf0b68bd6ec84293182d52e860bdd81bb9ce9cdd6a77fea0df25004da34d3cce7a31069646aa4628fba9ccb0952163793be9a4edf49a53f83179c2f44d8c87d6c129e8d590af0f3fced26201ee43b31fccd93b497cd198c5cd1f98d64c4f7ad79ca47278c02652d5dc072a99807e22f473f7bae4da2bafcae48cd49ad55a764b8d39f329f6175eac9074307deff48b1c4a6e19b748766617768c31a17feae8478eb7f9ebfb61af2b9f5a692b636342d7ebc53d7146626b51801b5a0a102e281475decdefb8683d0ca2843dc7aaeb6759bcab0dcba38db44f5d7f797a1c9c02dd159c0e3c72b14dc882d31c24ad8abee4ce0f7f0205e05efef551e2551a61e96636ed5dfd7435d3d24f5a130a12f10452cc954aa770d5d95e3e0cb9d7b05c5506a7947f8ff3437b3d82274fdaa156d85bfb7fbcb4fa5557080fedab86520b71d3d533e7bb3e7e3ebe9712b68e755d700b0afbf7595ffa80a6b3d90bfe599769138ee6515df415e32c0abed2b8e4aea1f47351f490203010001a321301f301d0603551d0e04160414a3c939e6b71c43bc9193f773c0351be1aff311f9300d06092a864886f70d01010b050003820201004e4c865231f2a3583c6af9488ecf9aa96b1ee84e2d7bfad00581537dc70c54ecfcf360e563d018efa4cdd77bf6fc4c9f1a20ebd4215cf1538686d4089bdcc8adb6ae4497ead14b0c18efd52ce93357019973e94e16b3326c60885b1bdc5f9cad1098f16732935876d8d19bda3ceeaaa69a83c4e2231710c6735f88abdfffe3dfa2be3f18f894923441b4e4a9c9664ed6294c16d7c073547063bfdbbefad184a001f1dce2feffdc96d10eb16a3bfbcd382cd297ca3b4edb7ebacd1a9931a1368a5157ceaebbca5b39bd5db5461a340db8ec076d38a94bcdd042bfb51388158ba97a49b631c1762fa746c7bb36eaf15cae23fa993cfb052e824f2ae173ea27b50a6cca91eb955f4faf131514757e5a3ecae9df6d23771279b7742f28fb9ce394eb9e03926f550716f1312355a5efdc479d8347b516cff55cb14307c81280142cacf2fd6562a2baacbfc97869272b1c51abf79121de8bab227e001313d4115eb9b33a332ebb34e290f14b5352ef1038f7a5f3740c9d1136b3526de4331deb4fa529c36a17c04c3e64d4f6ebda73d6e6e18281e3948fd11e685eab6611be1bc62839bce5962715e7f6537e6c083bcd3538d17407b26c850cd6b3f5e2149fdef027a6cfb7ed0f93c928aca14927b10c6a3f104ba1b10413af8b1868b84a004e5ddd065fff26a7bb3c818bb5a2d69aedf9441ef9033efae3ef52282a96f66d4b4ff3f2)
11-05 21:32:14.773  3565  4972 I chatty  : uid=10026(com.oculus.systemux) Binder:3565_7 expire 1 line
11-05 21:32:14.773  1987  6737 I CompositorVR: WarpToScreen: Skipping frames for 11
11-05 21:32:14.773  3565  3565 I chatty  : uid=10026 com.oculus.systemux:SystemUX expire 5 lines
11-05 21:32:14.776  3056  3183 I ClientInputTrackedKeyboardManager: TRACKEDKEYBOARD created PTKServiceClient
11-05 21:32:14.776  3056  3183 I PTKService: PTKServiceClient Init
11-05 21:32:14.776  3056  3183 I ipcLoader_static: RuntimeIPC: Loader: IPC Service API Loader Version: 31 Sep  6 2022 02:18:27
11-05 21:32:14.776  3056  3183 I RuntimeIPCApi: ipc_Initialize
11-05 21:32:14.776  3056  3183 I RuntimeIPCServiceClient: Init: Already initialized: com.oculus.vrshell, 18
11-05 21:32:14.780  2112  2194 I Clay    : EnvironmentSystem: setCurrentEnvironment from '' to 'apk://com.environment.matrixloadingvoid/assets/scene.zip'. Computed visibility: Visible (reason: <none>)
11-05 21:32:14.780  3565  7616 I chatty  : uid=10026(com.oculus.systemux) pool-22-thread- expire 5 lines
11-05 21:32:14.781  2364  2364 I [OAO] ShellOverlayService: onStartCommand(): Intent { cmp=com.oculus.vrshell/.ShellOverlayService }
11-05 21:32:14.784  1987  6737 I CompositorVR: WarpToScreen: Skipping frames for 11
11-05 21:32:14.789  3056  3183 I [SEO] InputManager: Adding controller deviceId = 2
11-05 21:32:14.790  3056  3183 I [SEO] ModelCache: Load controller model
11-05 21:32:14.790  3056  3183 I [SEO] InputManager: Adding controller deviceId = 1
11-05 21:32:14.791  2112  2194 I Clay    : EnvironmentSystem: Loading 'apk://com.environment.matrixloadingvoid/assets/scene.zip' as asset package
11-05 21:32:14.791  3056  3183 I [SEO] ModelCache: Load controller model
11-05 21:32:14.792  3056  3183 I [SEO] InputManager: Switching primary device (id -1 to 2).
11-05 21:32:14.792  3056  3183 I [SEO] InputManager: Switching secondary device (id to 1).
11-05 21:32:14.792  1850  4798 I RuntimeIPCServerMgr: GetServerStatesConfig -> {MaxBufferSize=32768, MaxEntries=64}
11-05 21:32:14.793  3056  3183 I RuntimeIPCClient: GetServerStatesConfig returned maxEntries=64, maxBuffSize=32768
11-05 21:32:14.793  3056  3183 I RuntimeIPCClient: InitServerStateBuffer: SUCCESS. 1, Client: com.oculus.vrshell:com.oculus.vrshell:3056, Server: com.oculus.os.dialoghost:com.oculus.os.dialoghost (DialogHostService)
11-05 21:32:14.793   849  1040 W TrackingService: attachClient: found client in attached list
11-05 21:32:14.794  4056  4163 E OsSdk   : error getting shared memory region, memory type: HeadTracker, failed with Status(-1, EX_SECURITY): 'requested shared memory region when not registered/focused'
11-05 21:32:14.795  3565  3565 I chatty  : uid=10026 com.oculus.systemux:SystemUX expire 48 lines
11-05 21:32:14.795  3565  4972 I chatty  : uid=10026(com.oculus.systemux) Binder:3565_7 expire 1 line
11-05 21:32:14.795   849  1040 I chatty  : uid=1000(system) Binder:849_2 identical 1 line
11-05 21:32:14.795  1987  6737 I CompositorVR: WarpToScreen: Skipping frames for 11
11-05 21:32:14.800  4056  4163 E OsSdk   : error getting shared memory region, memory type: AnchorTracker, failed with Status(-1, EX_SECURITY): 'requested shared memory region when not registered/focused'
11-05 21:32:14.803  3056  3183 I [SEO] ShellEnvHomeController: copresence: received setCollisionShapes
11-05 21:32:14.804  3056  7623 I FenceChecker: FenceChecker::MainLoop - started
11-05 21:32:14.805  2195  2195 E OVRMediaServiceManager: LivestreamingManager Not initialized
11-05 21:32:14.806  3056  3183 I OpenXR  : PostSessionStateChange: XR_SESSION_STATE_READY -> XR_SESSION_STATE_SYNCHRONIZED
11-05 21:32:14.806  3056  3183 I [SEO] VrPlatformOpenXr: xrPollEvent: received XR_TYPE_EVENT_DATA_REFERENCE_SPACE_CHANGE_PENDING event
11-05 21:32:14.806  3056  3183 I OpenXR  : PostSessionStateChange: XR_SESSION_STATE_SYNCHRONIZED -> XR_SESSION_STATE_VISIBLE
11-05 21:32:14.806  3056  3183 I OpenXR  : PostSessionStateChange: XR_SESSION_STATE_VISIBLE -> XR_SESSION_STATE_FOCUSED
11-05 21:32:14.806  3056  3183 I [SEO] VrPlatformOpenXr: xrPollEvent: received XR_TYPE_EVENT_DATA_DISPLAY_REFRESH_RATE_CHANGED_FB event: fromRate 72.000000 -> toRate 90.000000
11-05 21:32:14.806  3056  3183 I [SEO] VrPlatformOpenXr: xrPollEvent: received XR_TYPE_EVENT_DATA_SESSION_STATE_CHANGED: 3 for session 0x3 at time 1545.400988
11-05 21:32:14.806  3056  3183 I [SEO] VrPlatformOpenXr: Session state changed XR_SESSION_STATE_SYNCHRONIZED
11-05 21:32:14.806  3056  3183 I [SEO] VrPlatformOpenXr: xrPollEvent: received XR_TYPE_EVENT_DATA_SESSION_STATE_CHANGED: 4 for session 0x3 at time 1545.401026
11-05 21:32:14.806  3056  3183 I [SEO] VrPlatformOpenXr: Session state changed XR_SESSION_STATE_VISIBLE
11-05 21:32:14.806  3056  3183 I [SEO] VrPlatformOpenXr: xrPollEvent: received XR_TYPE_EVENT_DATA_SESSION_STATE_CHANGED: 5 for session 0x3 at time 1545.401033
11-05 21:32:14.806  3056  3183 I [SEO] VrPlatformOpenXr: Session state changed XR_SESSION_STATE_FOCUSED
11-05 21:32:14.845  1050  1748 I DisplayManagerService: Display device added: DisplayDeviceInfo{"com.oculus.android_panel_app.AndroidPanelLayer-#main": uniqueId="virtual:com.oculus.systemux,10026,com.oculus.android_panel_app.AndroidPanelLayer-#main,0", 800 x 1250, modeId 89, defaultModeId 89, supportedModes [{id=89, width=800, height=1250, fps=60.0}], colorMode 0, supportedColorModes [0], HdrCapabilities null, density 200, 200.0 x 200.0 dpi, appVsyncOff 0, presDeadline 16666666, touch NONE, rotation 0, type VIRTUAL, state OFF, owner com.oculus.systemux (uid 10026), FLAG_PRIVATE, FLAG_NEVER_BLANK, FLAG_OWN_CONTENT_ONLY}
11-05 21:32:14.847   849  1040 W TrackingService: attachClient: found client in attached list
11-05 21:32:14.849  4056  4163 E OsSdk   : error getting shared memory region, memory type: HeadTracker, failed with Status(-1, EX_SECURITY): 'requested shared memory region when not registered/focused'
11-05 21:32:14.851  1987  6737 I CompositorVR: WarpToScreen: Skipping frames for 11
11-05 21:32:14.885  1987  6737 I chatty  : uid=10025(com.oculus.systemdriver) OVR::TimeWarp identical 3 lines
11-05 21:32:14.896  1987  6737 I CompositorVR: WarpToScreen: Skipping frames for 11
11-05 21:32:14.896   849  3698 W TrackingService: attachClient: found client in attached list
11-05 21:32:14.897  4056  4163 E OsSdk   : error getting shared memory region, memory type: HeadTracker, failed with Status(-1, EX_SECURITY): 'requested shared memory region when not registered/focused'
11-05 21:32:14.907  1987  6737 I CompositorVR: WarpToScreen: Skipping frames for 11
11-05 21:32:14.918  1987  6737 I CompositorVR: WarpToScreen: Skipping frames for 11
11-05 21:32:14.920  1050  1071 W InputReader: Device has associated, but no associated display id.
11-05 21:32:14.925  2112  2194 I Clay    : EnvironmentSystem::update: setting scene background audio for scene zip 'apk://com.environment.matrixloadingvoid/assets/scene.zip'
11-05 21:32:14.925  2112  2194 I Clay    : EnvironmentAudioSystem::setSceneBackgroundLoop: set scene audio: apk://com.environment.matrixloadingvoid/assets/scene.zip
11-05 21:32:14.926  2112  2194 I Clay    : EnvironmentSystem: Scene loaded
11-05 21:32:14.926  1050  1066 W ActivityManager: Unable to start service Intent { act=com.oculus.presence.StablePresenceService cmp=com.oculus.presence/.services.presence.PresenceService } U=0: not found
11-05 21:32:14.926  2112  2194 I Clay    : SharedHomeSystem::_onEnvironmentActivated
11-05 21:32:14.929  1987  6737 I CompositorVR: WarpToScreen: Skipping frames for 11
11-05 21:32:14.932  2364  3003 I [OAO] VrPlatformOpenXr: xrPollEvent: received XR_TYPE_EVENT_DATA_REFERENCE_SPACE_CHANGE_PENDING event
11-05 21:32:14.939  3056  3183 I [SEO] ShellEnvHomeController: copresence: received setCollisionShapes
11-05 21:32:14.939  3056  3183 I [SEO] ShellEnvHomeController: copresence: processing currentCollisionShapes
11-05 21:32:14.939  3056  3183 I [SEO] ShellEnvHomeController: Theaterscreen transform node set for the env size x: 4.660000, y: 2.621250
11-05 21:32:14.940  1987  6737 I CompositorVR: WarpToScreen: Skipping frames for 11
11-05 21:32:14.942  1050  1073 W InputReader: Device has associated, but no associated display id.
11-05 21:32:14.942  1050  1073 I ActivityTaskManager: Override config changes=20005df8 {0.0 ?mcc?mnc ?localeList ?layoutDir sw640dp w640dp h1000dp 200dpi lrg port ?uimode ?night -touch qwerty/v/v -nav/h winConfig={ mBounds=Rect(0, 0 - 800, 1250) mAppBounds=Rect(0, 0 - 800, 1250) mWindowingMode=fullscreen mDisplayWindowingMode=fullscreen mActivityType=undefined mAlwaysOnTop=undefined mRotation=ROTATION_0}} for displayId=28
11-05 21:32:14.948   849  1037 W TrackingService: attachClient: found client in attached list
11-05 21:32:14.951  4056  4163 E OsSdk   : error getting shared memory region, memory type: HeadTracker, failed with Status(-1, EX_SECURITY): 'requested shared memory region when not registered/focused'
11-05 21:32:14.951  1987  6737 I CompositorVR: WarpToScreen: Skipping frames for 11
11-05 21:32:14.954  3565  7629 I chatty  : uid=10026(com.oculus.systemux) HyperspaceClien expire 15 lines
11-05 21:32:14.954  2364  3003 I [OAO] LocalSpace: New Space: quat(-0.058395, 0.001260, 0.021543, 0.998060), translation(0.000000, 1.416746, 0.000000) - Prior Space: quat(-0.058395, 0.001260, 0.021543, 0.998060), translation(0.000000, 1.416746, 0.000000)
11-05 21:32:14.954  2364  3003 I [OAO] LocalSpace: Local space version from 16 to 17, local space user version from 0 to 0.
11-05 21:32:14.957  2195  2195 E OVRMediaServiceManager: LivestreamingManager Not initialized
11-05 21:32:14.962  2470  4225 D RuntimeIPCServerMgr: RegisterClient: Client: com.oculus.systemux:com.oculus.systemux:SystemUX:3565, Server: com.oculus.presence:com.oculus.presence (PresenceServer)
11-05 21:32:14.962  1987  6737 I CompositorVR: WarpToScreen: Skipping frames for 11
11-05 21:32:14.963  2470  4225 I IPCSharedMemory: CreateSharedMemory: Allocated shared memory fd 104 (ipcStateReadWrite)
11-05 21:32:14.964  2470  4225 I IPCSharedMemory: CreateSharedMemory: Allocated shared memory fd 105 (ipcReadOnlyState)
11-05 21:32:14.964  2470  4225 I RuntimeIPCServerMgr: Event buffer size (server): 8192
11-05 21:32:14.964  2470  4225 I IPCSharedMemory: CreateSharedMemory: Allocated shared memory fd 106 (ipcEventBuffer)
11-05 21:32:14.964  3565  7630 I chatty  : uid=10026 com.oculus.systemux:SystemUX expire 24 lines
11-05 21:32:14.964  2470  4225 I IPCSharedMemory: CreateSharedMemory: Allocated shared memory fd 115 (ipcEventBuffer_Private)
11-05 21:32:14.965   838  4042 V C2Store : in init
11-05 21:32:14.965   838  4042 V C2Store : loading dll
11-05 21:32:14.974  1987  6737 I CompositorVR: WarpToScreen: Skipping frames for 11
11-05 21:32:14.979  2195  2535 W OVRLibrary: null cursor received for query content://com.oculus.ocms.library/apps/com.oculus.vrshell
11-05 21:32:14.985  1987  6737 I CompositorVR: WarpToScreen: Skipping frames for 11
11-05 21:32:14.985  2470  4225 I RuntimeIPCServerMgr: HandleClientConnect SUCCESS: Client: com.oculus.systemux:com.oculus.systemux:SystemUX:3565, Server: com.oculus.presence:com.oculus.presence (PresenceServer)
11-05 21:32:14.990  2470  2488 I RuntimeIPCServerMgr: GetServerStatesConfig -> {MaxBufferSize=32768, MaxEntries=64}
11-05 21:32:14.996  1987  6737 I CompositorVR: WarpToScreen: Skipping frames for 11
11-05 21:32:14.996   849  3698 W TrackingService: attachClient: found client in attached list
11-05 21:32:14.996  2470  4225 D RuntimeIPCServerMgr: RegisterClient: Client: com.oculus.systemux:com.oculus.systemux:SystemUX:3565, Server: com.oculus.presence:com.oculus.presence (PubSubServer)
11-05 21:32:14.996  2470  4225 I IPCSharedMemory: CreateSharedMemory: Allocated shared memory fd 117 (ipcStateReadWrite)
11-05 21:32:14.997  4056  4163 E OsSdk   : error getting shared memory region, memory type: HeadTracker, failed with Status(-1, EX_SECURITY): 'requested shared memory region when not registered/focused'
11-05 21:32:14.997  2470  4225 I IPCSharedMemory: CreateSharedMemory: Allocated shared memory fd 118 (ipcReadOnlyState)
11-05 21:32:14.997  2470  4225 I RuntimeIPCServerMgr: Event buffer size (server): 8192
11-05 21:32:14.997  2470  4225 I IPCSharedMemory: CreateSharedMemory: Allocated shared memory fd 121 (ipcEventBuffer)
11-05 21:32:14.997  2470  4225 I IPCSharedMemory: CreateSharedMemory: Allocated shared memory fd 122 (ipcEventBuffer_Private)
11-05 21:32:14.998   838  7631 D SimpleC2Component: Using output block pool with poolID 47 => got 47 - 0
11-05 21:32:15.000   813   813 D MediaBufferGroup: creating MemoryDealer
11-05 21:32:15.001  2470  4225 I RuntimeIPCServerMgr: HandleClientConnect SUCCESS: Client: com.oculus.systemux:com.oculus.systemux:SystemUX:3565, Server: com.oculus.presence:com.oculus.presence (PubSubServer)
11-05 21:32:15.007  1987  6737 I CompositorVR: WarpToScreen: Skipping frames for 11
11-05 21:32:15.014  1050  6588 I DisplayManagerService: Display device removed: DisplayDeviceInfo{"com.oculus.android_panel_app.AndroidPanelLayer-#main": uniqueId="virtual:com.oculus.systemux,10026,com.oculus.android_panel_app.AndroidPanelLayer-#main,0", 800 x 1250, modeId 89, defaultModeId 89, supportedModes [{id=89, width=800, height=1250, fps=60.0}], colorMode 0, supportedColorModes [0], HdrCapabilities null, density 200, 200.0 x 200.0 dpi, appVsyncOff 0, presDeadline 16666666, touch NONE, rotation 0, type VIRTUAL, state OFF, owner com.oculus.systemux (uid 10026), FLAG_PRIVATE, FLAG_NEVER_BLANK, FLAG_OWN_CONTENT_ONLY}
11-05 21:32:15.018  1987  6737 I CompositorVR: WarpToScreen: Skipping frames for 11
11-05 21:32:15.021  1050  1750 I DisplayManagerService: Display device added: DisplayDeviceInfo{"com.oculus.android_panel_app.AndroidPanelLayer-#main": uniqueId="virtual:com.oculus.systemux,10026,com.oculus.android_panel_app.AndroidPanelLayer-#main,0", 800 x 110, modeId 90, defaultModeId 90, supportedModes [{id=90, width=800, height=110, fps=60.0}], colorMode 0, supportedColorModes [0], HdrCapabilities null, density 200, 200.0 x 200.0 dpi, appVsyncOff 0, presDeadline 16666666, touch NONE, rotation 0, type VIRTUAL, state OFF, owner com.oculus.systemux (uid 10026), FLAG_PRIVATE, FLAG_NEVER_BLANK, FLAG_OWN_CONTENT_ONLY}
11-05 21:32:15.029  3565  3565 I chatty  : uid=10026 com.oculus.systemux:SystemUX expire 2 lines
11-05 21:32:15.029  1987  6737 I CompositorVR: WarpToScreen: Skipping frames for 11
11-05 21:32:15.037  3565  3565 I PresenceAPK(ServiceApiManager): Trying to bind to presence service API.
11-05 21:32:15.039  2195  2195 I OVRMediaService: onStartCommand Received message type: overlay_input_focus_change, caller package: com.oculus.vrshell, app identify: AppIdentity{uid=10020, packageNames=[com.oculus.vrshell], sha1=MxZgtt071YLz39PLrkVGckZooCE, sha2=3C-DTjwZQjeLFPB2yCzRq1nqZWa_9HMLIEfpjvyfna8, version=null, domain=null}
11-05 21:32:15.040  1987  6737 I CompositorVR: WarpToScreen: Skipping frames for 11
11-05 21:32:15.041  1050  1750 W ActivityManager: Unable to start service Intent { act=com.oculus.presence.StablePresenceService cmp=com.oculus.presence/.services.presence.PresenceService } U=0: not found
11-05 21:32:15.041  4056  4163 E OsSdk   : error getting shared memory region, memory type: HeadTracker, failed with Status(-1, EX_SECURITY): 'requested shared memory region when not registered/focused'
11-05 21:32:15.042  3565  3565 E PresenceAPK(ServiceApiManager): Enabling backward compatible mode for service directory
11-05 21:32:15.052  1987  6737 I CompositorVR: WarpToScreen: Skipping frames for 11
11-05 21:32:15.052   838  6834 D BufferPoolAccessor: Destruction - bufferpool2 0x2eeb4d3430 cached: 0/0M, 0/0% in use; allocs: 0, 0% recycled; transfers: 0, 0% unfetced
11-05 21:32:15.052   838  6834 V C2Store : in ~ComponentModule
11-05 21:32:15.052   838  6834 V C2Store : unloading dll
11-05 21:32:15.054  2195  2195 I OVRMediaService: Received OVERLAY_INPUT_FOCUS_CHANGE. is focused: true
11-05 21:32:15.063  1987  6737 I CompositorVR: WarpToScreen: Skipping frames for 11
11-05 21:32:15.074  1987  6737 I CompositorVR: WarpToScreen: Skipping frames for 11
11-05 21:32:15.077  2470  4225 I RuntimeIPCServerMgr: GetServerStatesConfig -> {MaxBufferSize=32768, MaxEntries=64}
11-05 21:32:15.077  3565  7629 I RuntimeIPCClient: GetServerStatesConfig returned maxEntries=64, maxBuffSize=32768
11-05 21:32:15.077  3565  7629 I RuntimeIPCClient: Event buffer size (client): 8192
11-05 21:32:15.077  3565  7629 I RuntimeIPCClient: TryToGetIPCResourcesFromServer: RPC_CONNECTOR_CONNECT_TO_SERVER SUCCESS: Client: com.oculus.systemux:com.oculus.systemux:SystemUX:3565, Server: com.oculus.presence:com.oculus.presence (PubSubServer)
11-05 21:32:15.077  3565  7629 I RuntimeIPCClient: EnsureServerConnection: SUCCESS. Client: com.oculus.systemux:com.oculus.systemux:SystemUX:3565, Server: com.oculus.presence:com.oculus.presence (PubSubServer)
11-05 21:32:15.077  3565  7629 I RuntimeIPCClientMgr: ConnectToServer: SUCCESS: Client: com.oculus.systemux:com.oculus.systemux:SystemUX:3565, Server: com.oculus.presence:com.oculus.presence (PubSubServer)
11-05 21:32:15.077  3565  7629 W REFLECT : RuntimeIPC: DeferredConnectEvent not valid: 0, 16777235
11-05 21:32:15.080  1050  1071 W InputReader: Device has associated, but no associated display id.
11-05 21:32:15.084  1050  1073 W InputReader: Device has associated, but no associated display id.
11-05 21:32:15.084  1050  1073 I ActivityTaskManager: Override config changes=20005df8 {0.0 ?mcc?mnc ?localeList ?layoutDir sw88dp w640dp h88dp 200dpi nrml long land ?uimode ?night -touch qwerty/v/v -nav/h winConfig={ mBounds=Rect(0, 0 - 800, 110) mAppBounds=Rect(0, 0 - 800, 110) mWindowingMode=fullscreen mDisplayWindowingMode=fullscreen mActivityType=undefined mAlwaysOnTop=undefined mRotation=ROTATION_0}} for displayId=29
11-05 21:32:15.085  1987  6737 I CompositorVR: WarpToScreen: Skipping frames for 11
11-05 21:32:15.089  4056  4163 E OsSdk   : error getting shared memory region, memory type: HeadTracker, failed with Status(-1, EX_SECURITY): 'requested shared memory region when not registered/focused'
11-05 21:32:15.095  4056  4163 E OsSdk   : error getting shared memory region, memory type: AnchorTracker, failed with Status(-1, EX_SECURITY): 'requested shared memory region when not registered/focused'
11-05 21:32:15.096  1987  6737 I CompositorVR: WarpToScreen: Skipping frames for 11
11-05 21:32:15.096  3565  3565 D PresenceAPK(PresenceClient): setEventListener id=AnchoredHomeGroup
11-05 21:32:15.096  3565  3565 I PresenceAPK(GroupManager): addListener for id AnchoredHomeGroup
11-05 21:32:15.096  3565  3565 I PanelService: BEGIN: nativeInitializePanelInstance - Configure and set up thread polling.
11-05 21:32:15.096  3565  3565 I PanelService: BEGIN: Call hosted app's Configure method.
11-05 21:32:15.096  3565  3565 I PanelService: END: Call hosted app's Configure method.
11-05 21:32:15.096  3565  3565 I PanelService: END: nativeInitializePanelInstance - Add fd 60 to looper with error code 1
11-05 21:32:15.096  3565  3565 D CppPanelService: END: Initializing panel application via MSG_CREATE_PANEL_APP.
11-05 21:32:15.096  6928  7025 I VrApi   : FPS=72/72,Prd=48ms,Tear=0,Early=72,Stale=0,VSnc=1,Lat=1,Fov=0,CPU4/GPU=4/4,2419/525MHz,OC=FF,TA=0/F/F,SP=N/N/N,Mem=2092MHz,Free=2283MB,PLS=0,Temp=26.2C/0.0C,TW=3.69ms,App=1.97ms,GD=0.12ms,CPU&GPU=6.47ms,LCnt=6(DR0,LM2),GPU%=0.51,CPU%=0.14(W0.23),DSF=1.00,CFL=19.65/21.43
11-05 21:32:15.098  3565  3565 I [SUI] AnytimeUIAndroidPanelApp: Bar visibility changed to true
11-05 21:32:15.098  3565  3565 I [SUI] AnytimeUIAndroidPanelApp: updateGuardianConfig - 1 - 0.44444448
11-05 21:32:15.098  3565  3565 I [SUI] AnytimeUIAndroidPanelApp: updateGuardianConfig - 2 - 0.21500002
11-05 21:32:15.098  3565  3565 I [SUI] AnytimeUIAndroidPanelApp: updateGuardianConfig - 5 - 0.05
11-05 21:32:15.098  3565  3565 I [SUI] AnytimeUIAndroidPanelApp: updateGuardianConfig - 6 - 0.49999997
11-05 21:32:15.098  3565  3565 I [SUI] AnytimeUIAndroidPanelApp: updateGuardianConfig - 7 - 0.4
11-05 21:32:15.098  3565  3565 I [SUI] AnytimeUIAndroidPanelApp: updateGuardianConfig - 8 - 0.0
11-05 21:32:15.098  3565  3565 I [SUI] AnytimeUIAndroidPanelApp: updateGuardianConfig - 10 - 0.0
11-05 21:32:15.098  3565  3565 I [SUI] AnytimeUIAndroidPanelApp: updateGuardianConfig - 12 - 0.0
11-05 21:32:15.098  3565  3565 I [SUI] AnytimeUIAndroidPanelApp: updateGuardianConfig - 13 - 0.5
11-05 21:32:15.098  3565  3565 I [SUI] AnytimeUIAndroidPanelApp: updateGuardianConfig - 14 - 0.0
11-05 21:32:15.098  3565  3565 I [SUI] AnytimeUIAndroidPanelApp: updateGuardianConfig - 15 - 0.0
11-05 21:32:15.098  3565  3565 I [SUI] AnytimeUIAndroidPanelApp: updateGuardianConfig - 16 - 0.0
11-05 21:32:15.098  3565  3565 I [SUI] AnytimeUIAndroidPanelApp: updateGuardianConfig - 17 - 0.0
11-05 21:32:15.098  3565  3565 I [SUI] AnytimeUIAndroidPanelApp: updateGuardianConfig - 18 - 0.5
11-05 21:32:15.098  3565  3565 I [SUI] AnytimeUIAndroidPanelApp: updateGuardianConfig - 19 - 0.0
11-05 21:32:15.098  3565  3565 I [SUI] AnytimeUIAndroidPanelApp: updateGuardianConfig - 20 - 0.0
11-05 21:32:15.098  3565  3565 I [SUI] AnytimeUIAndroidPanelApp: updateGuardianConfig - 21 - 0.0
11-05 21:32:15.098  3565  3565 I [SUI] AnytimeUIAndroidPanelApp: updateGuardianConfig - 22 - 0.0
11-05 21:32:15.098  3565  3565 I [SUI] AnytimeUIAndroidPanelApp: updateGuardianConfig - 23 - 2.0
11-05 21:32:15.098  3565  3565 I [SUI] AnytimeUIAndroidPanelApp: updateGuardianConfig - 24 - 0.25
11-05 21:32:15.098  3565  3565 I [SUI] AnytimeUIAndroidPanelApp: updateGuardianConfig - 26 - 0.0
11-05 21:32:15.098  3565  3565 I [SUI] AnytimeUIAndroidPanelApp: updateGuardianConfig - 28 - 1.0
11-05 21:32:15.105  3565  3565 I AndroidPanelApp: Processing pending hide layer for layer #main.
11-05 21:32:15.105  3565  3565 I AndroidPanelApp: Processing pending show layer info for layer #main with width 800 and height 110.
11-05 21:32:15.105  3565  3565 I AndroidPanelApp: layerSupersample no changes
11-05 21:32:15.105  3565  3565 D CppPanelService: BEGIN: Initializing panel application via MSG_CREATE_PANEL_APP.
11-05 21:32:15.107  3056  3183 I [SEO] PanelRenderLayer: ResetSurface #main 0 x 0 - shape:0 stereo:0
11-05 21:32:15.107  3056  3183 I [SEO] PanelAppHost: Setting panel layer visibility of layer "#main" to invisible, panel 9 (com.oculus.systemux/com.oculus.panelapp.anytimeui.AnytimeUIAndroidPanelService)
11-05 21:32:15.107  3056  3183 I [SEO] PanelAppHost: Resize layer #main to size 800 x 110 shape: 1 stereo: 0, panel 9 (com.oculus.systemux/com.oculus.panelapp.anytimeui.AnytimeUIAndroidPanelService)
11-05 21:32:15.107  3056  3183 I [SEO] PanelRenderLayer: ResetSurface #main 800 x 110 - shape:1 stereo:0
11-05 21:32:15.107  1987  6737 I CompositorVR: WarpToScreen: Skipping frames for 11
11-05 21:32:15.107   849  6355 I [CT]    : CONSTELLATION:IMU_STATUS: 729165a0fe4054d7 (R): [FusionTracked=1.000, OutputTracked=1.000, OutputValid=1.000] [AccelSat=0.000, GyroSat=0.000] 
11-05 21:32:15.110  3565  3565 I AndroidPanelApp: Created
11-05 21:32:15.110  3565  3565 V LifecycleAwareViewModelStore: LifecycleAwareViewModelStore created
11-05 21:32:15.110  3565  3565 V LifecycleAwarePanelApp: PanelApp initial lifecycle started and moved from state INITIALIZED to state RESUMED
11-05 21:32:15.113  3565  3565 I [SUI] ConsumerConfiguration: Setting SystemUX Configuration and Policy Settings.
11-05 21:32:15.117  2195  2195 I OVRMediaService: onStartCommand Received message type: overlay_input_focus_change, caller package: com.oculus.vrshell, app identify: AppIdentity{uid=10020, packageNames=[com.oculus.vrshell], sha1=MxZgtt071YLz39PLrkVGckZooCE, sha2=3C-DTjwZQjeLFPB2yCzRq1nqZWa_9HMLIEfpjvyfna8, version=null, domain=null}
11-05 21:32:15.118  1987  6737 I CompositorVR: WarpToScreen: Skipping frames for 11
11-05 21:32:15.121  3565  3565 D [SUI] AnytimeUIBroadcastReceiver: requestCaptureState being sent
11-05 21:32:15.122  3565  7635 D QuickPromotionController: Initialized and enabled.
11-05 21:32:15.122  3565  7635 D QuickPromotionController: Fetching Quick Promotions for all surfaces.
11-05 21:32:15.122  3565  7635 D QuickPromotionController: Initialized and enabled.
