03-01 19:12:10.159  4074  4181 E OsSdk   : error getting shared memory region, memory type: HeadTracker, failed with Status(-1, EX_SECURITY): 'requested shared memory region when not registered/focused'
03-01 19:12:10.159   866  1049 W TrackingService: attachClient: found client in attached list
03-01 19:12:10.160  4074  4181 E OsSdk   : error getting shared memory region, memory type: AnchorTracker, failed with Status(-1, EX_SECURITY): 'requested shared memory region when not registered/focused'
03-01 19:12:10.194   866  1049 W TrackingService: attachClient: found client in attached list
03-01 19:12:10.197  4074  4133 E OsSdk   : error getting shared memory region, memory type: HeadTracker, failed with Status(-1, EX_SECURITY): 'requested shared memory region when not registered/focused'
03-01 19:12:10.197  4074  4133 W [CT]    : SlamAnchorMemoryRuntimeIpcServer: HeadTracker::getState failed
03-01 19:12:10.197  4074  4133 W [CT]    : SlamAnchorMemoryRuntimeIpcServerThread: RigidBodyStates update failure.
03-01 19:12:10.197   866  1547 W TrackingService: attachClient: found client in attached list
03-01 19:12:10.199  4074  4133 E OsSdk   : error getting shared memory region, memory type: AnchorTracker, failed with Status(-1, EX_SECURITY): 'requested shared memory region when not registered/focused'
03-01 19:12:10.199  4074  4133 W [CT]    : SlamAnchorMemoryRuntimeIpcServer: getAnchorStates failed
03-01 19:12:10.199  4074  4133 W [CT]    : SlamAnchorMemoryRuntimeIpcServerThread: AnchorStates update failure.
03-01 19:12:10.201  4074  4181 E OsSdk   : error getting shared memory region, memory type: HeadTracker, failed with Status(-1, EX_SECURITY): 'requested shared memory region when not registered/focused'
03-01 19:12:10.226  4074  4133 E OsSdk   : error getting shared memory region, memory type: HeadTracker, failed with Status(-1, EX_SECURITY): 'requested shared memory region when not registered/focused'
03-01 19:12:10.226  4074  4133 W [CT]    : SlamAnchorMemoryRuntimeIpcServer: HeadTracker::getState failed
03-01 19:12:10.226  4074  4133 W [CT]    : SlamAnchorMemoryRuntimeIpcServerThread: RigidBodyStates update failure.
03-01 19:12:10.238   819   819 W ovr_crashupload: type=1400 audit(0.0:10630): avc: denied { write } for name="fd" dev="proc" ino=201090 scontext=u:r:crashuploader:s0 tcontext=u:r:crashuploader:s0 tclass=dir permissive=0
03-01 19:12:10.240  4074  4133 E OsSdk   : error getting shared memory region, memory type: HeadTracker, failed with Status(-1, EX_SECURITY): 'requested shared memory region when not registered/focused'
03-01 19:12:10.240  4074  4133 W [CT]    : SlamAnchorMemoryRuntimeIpcServer: HeadTracker::getState failed
03-01 19:12:10.240  4074  4133 W [CT]    : SlamAnchorMemoryRuntimeIpcServerThread: RigidBodyStates update failure.
03-01 19:12:10.282  4074  4181 E OsSdk   : error getting shared memory region, memory type: HeadTracker, failed with Status(-1, EX_SECURITY): 'requested shared memory region when not registered/focused'
03-01 19:12:10.289  4074  4133 E OsSdk   : error getting shared memory region, memory type: HeadTracker, failed with Status(-1, EX_SECURITY): 'requested shared memory region when not registered/focused'
03-01 19:12:10.289  4074  4133 W [CT]    : SlamAnchorMemoryRuntimeIpcServer: HeadTracker::getState failed
03-01 19:12:10.289  4074  4133 W [CT]    : SlamAnchorMemoryRuntimeIpcServerThread: RigidBodyStates update failure.
03-01 19:12:10.309  4074  4181 E OsSdk   : error getting shared memory region, memory type: HeadTracker, failed with Status(-1, EX_SECURITY): 'requested shared memory region when not registered/focused'
03-01 19:12:10.330  4074  4133 E OsSdk   : error getting shared memory region, memory type: HeadTracker, failed with Status(-1, EX_SECURITY): 'requested shared memory region when not registered/focused'
03-01 19:12:10.330  4074  4133 W [CT]    : SlamAnchorMemoryRuntimeIpcServer: HeadTracker::getState failed
03-01 19:12:10.330  4074  4133 W [CT]    : SlamAnchorMemoryRuntimeIpcServerThread: RigidBodyStates update failure.
03-01 19:12:10.355  4074  4181 E OsSdk   : error getting shared memory region, memory type: HeadTracker, failed with Status(-1, EX_SECURITY): 'requested shared memory region when not registered/focused'
03-01 19:12:10.356  4074  4181 E OsSdk   : error getting shared memory region, memory type: AnchorTracker, failed with Status(-1, EX_SECURITY): 'requested shared memory region when not registered/focused'
03-01 19:12:10.376  4074  4133 E OsSdk   : error getting shared memory region, memory type: HeadTracker, failed with Status(-1, EX_SECURITY): 'requested shared memory region when not registered/focused'
03-01 19:12:10.376  4074  4133 W [CT]    : SlamAnchorMemoryRuntimeIpcServer: HeadTracker::getState failed
03-01 19:12:10.376  4074  4133 W [CT]    : SlamAnchorMemoryRuntimeIpcServerThread: RigidBodyStates update failure.
03-01 19:12:10.398   866  1547 I chatty  : uid=1000(system) Binder:866_4 identical 11 lines
03-01 19:12:10.399  4074  4181 E OsSdk   : error getting shared memory region, memory type: HeadTracker, failed with Status(-1, EX_SECURITY): 'requested shared memory region when not registered/focused'
03-01 19:12:10.406   866  1547 W TrackingService: attachClient: found client in attached list
03-01 19:12:10.407  4074  4133 E OsSdk   : error getting shared memory region, memory type: HeadTracker, failed with Status(-1, EX_SECURITY): 'requested shared memory region when not registered/focused'
03-01 19:12:10.407  4074  4133 W [CT]    : SlamAnchorMemoryRuntimeIpcServer: HeadTracker::getState failed
03-01 19:12:10.407  4074  4133 W [CT]    : SlamAnchorMemoryRuntimeIpcServerThread: RigidBodyStates update failure.
03-01 19:12:10.408   866  1049 W TrackingService: attachClient: found client in attached list
03-01 19:12:10.409  4074  4133 E OsSdk   : error getting shared memory region, memory type: AnchorTracker, failed with Status(-1, EX_SECURITY): 'requested shared memory region when not registered/focused'
03-01 19:12:10.409  4074  4133 W [CT]    : SlamAnchorMemoryRuntimeIpcServer: getAnchorStates failed
03-01 19:12:10.409  4074  4133 W [CT]    : SlamAnchorMemoryRuntimeIpcServerThread: AnchorStates update failure.
03-01 19:12:10.427  4074  4181 E OsSdk   : error getting shared memory region, memory type: HeadTracker, failed with Status(-1, EX_SECURITY): 'requested shared memory region when not registered/focused'
03-01 19:12:10.460  4074  4133 E OsSdk   : error getting shared memory region, memory type: HeadTracker, failed with Status(-1, EX_SECURITY): 'requested shared memory region when not registered/focused'
03-01 19:12:10.460  4074  4133 W [CT]    : SlamAnchorMemoryRuntimeIpcServer: HeadTracker::getState failed
03-01 19:12:10.460  4074  4133 W [CT]    : SlamAnchorMemoryRuntimeIpcServerThread: RigidBodyStates update failure.
03-01 19:12:10.474  4074  4181 E OsSdk   : error getting shared memory region, memory type: HeadTracker, failed with Status(-1, EX_SECURITY): 'requested shared memory region when not registered/focused'
03-01 19:12:10.505  4074  4133 E OsSdk   : error getting shared memory region, memory type: HeadTracker, failed with Status(-1, EX_SECURITY): 'requested shared memory region when not registered/focused'
03-01 19:12:10.505  4074  4133 W [CT]    : SlamAnchorMemoryRuntimeIpcServer: HeadTracker::getState failed
03-01 19:12:10.505  4074  4133 W [CT]    : SlamAnchorMemoryRuntimeIpcServerThread: RigidBodyStates update failure.
03-01 19:12:10.520  4074  4181 E OsSdk   : error getting shared memory region, memory type: HeadTracker, failed with Status(-1, EX_SECURITY): 'requested shared memory region when not registered/focused'
03-01 19:12:10.549  4074  4133 E OsSdk   : error getting shared memory region, memory type: HeadTracker, failed with Status(-1, EX_SECURITY): 'requested shared memory region when not registered/focused'
03-01 19:12:10.549  4074  4133 W [CT]    : SlamAnchorMemoryRuntimeIpcServer: HeadTracker::getState failed
03-01 19:12:10.549  4074  4133 W [CT]    : SlamAnchorMemoryRuntimeIpcServerThread: RigidBodyStates update failure.
03-01 19:12:10.559  4074  4181 E OsSdk   : error getting shared memory region, memory type: HeadTracker, failed with Status(-1, EX_SECURITY): 'requested shared memory region when not registered/focused'
03-01 19:12:10.590  1936  2326 W DeviceConfigUtil: Try to get config param "oculus_shared_social:oculus_messenger_reauth_removal" before Device Config has subscribed to the service.
03-01 19:12:10.591  4074  4133 E OsSdk   : error getting shared memory region, memory type: HeadTracker, failed with Status(-1, EX_SECURITY): 'requested shared memory region when not registered/focused'
03-01 19:12:10.591  4074  4133 W [CT]    : SlamAnchorMemoryRuntimeIpcServer: HeadTracker::getState failed
03-01 19:12:10.591  4074  4133 W [CT]    : SlamAnchorMemoryRuntimeIpcServerThread: RigidBodyStates update failure.
03-01 19:12:10.603  4074  4181 E OsSdk   : error getting shared memory region, memory type: HeadTracker, failed with Status(-1, EX_SECURITY): 'requested shared memory region when not registered/focused'
03-01 19:12:10.606  4074  4181 E OsSdk   : error getting shared memory region, memory type: AnchorTracker, failed with Status(-1, EX_SECURITY): 'requested shared memory region when not registered/focused'
03-01 19:12:10.613  7137  7240 I VrApi   : FPS=72/72,Prd=47ms,Tear=0,Early=70,Stale=2,Stale2/5/10/max=1/0/0/2,VSnc=1,Lat=1,Fov=0,CPU4/GPU=2/3,1171/490MHz,OC=FF,TA=0/70/0,SP=N/N/E,Mem=1353MHz,Free=2322MB,PLS=0,Temp=27.2C/0.0C,TW=1.68ms,App=4.20ms,GD=0.12ms,CPU&GPU=8.50ms,LCnt=2(DR0,LM2),GPU%=0.46,CPU%=0.37(W0.43),DSF=1.00,CFL=19.59/21.50
03-01 19:12:10.634  4074  4133 E OsSdk   : error getting shared memory region, memory type: HeadTracker, failed with Status(-1, EX_SECURITY): 'requested shared memory region when not registered/focused'
03-01 19:12:10.634  4074  4133 W [CT]    : SlamAnchorMemoryRuntimeIpcServer: HeadTracker::getState failed
03-01 19:12:10.634  4074  4133 W [CT]    : SlamAnchorMemoryRuntimeIpcServerThread: RigidBodyStates update failure.
03-01 19:12:10.652  4074  4181 E OsSdk   : error getting shared memory region, memory type: HeadTracker, failed with Status(-1, EX_SECURITY): 'requested shared memory region when not registered/focused'
03-01 19:12:10.677  4074  4133 E OsSdk   : error getting shared memory region, memory type: HeadTracker, failed with Status(-1, EX_SECURITY): 'requested shared memory region when not registered/focused'
03-01 19:12:10.677  4074  4133 W [CT]    : SlamAnchorMemoryRuntimeIpcServer: HeadTracker::getState failed
03-01 19:12:10.677  4074  4133 W [CT]    : SlamAnchorMemoryRuntimeIpcServerThread: RigidBodyStates update failure.
03-01 19:12:10.678  4074  4133 E OsSdk   : error getting shared memory region, memory type: AnchorTracker, failed with Status(-1, EX_SECURITY): 'requested shared memory region when not registered/focused'
03-01 19:12:10.678  4074  4133 W [CT]    : SlamAnchorMemoryRuntimeIpcServer: getAnchorStates failed
03-01 19:12:10.678  4074  4133 W [CT]    : SlamAnchorMemoryRuntimeIpcServerThread: AnchorStates update failure.
03-01 19:12:10.692  4074  4181 E OsSdk   : error getting shared memory region, memory type: HeadTracker, failed with Status(-1, EX_SECURITY): 'requested shared memory region when not registered/focused'
03-01 19:12:10.727  4074  4133 E OsSdk   : error getting shared memory region, memory type: HeadTracker, failed with Status(-1, EX_SECURITY): 'requested shared memory region when not registered/focused'
03-01 19:12:10.727  4074  4133 W [CT]    : SlamAnchorMemoryRuntimeIpcServer: HeadTracker::getState failed
03-01 19:12:10.727  4074  4133 W [CT]    : SlamAnchorMemoryRuntimeIpcServerThread: RigidBodyStates update failure.
03-01 19:12:10.761  4074  4181 E OsSdk   : error getting shared memory region, memory type: HeadTracker, failed with Status(-1, EX_SECURITY): 'requested shared memory region when not registered/focused'
03-01 19:12:10.774  4074  4133 E OsSdk   : error getting shared memory region, memory type: HeadTracker, failed with Status(-1, EX_SECURITY): 'requested shared memory region when not registered/focused'
03-01 19:12:10.774  4074  4133 W [CT]    : SlamAnchorMemoryRuntimeIpcServer: HeadTracker::getState failed
03-01 19:12:10.774  4074  4133 W [CT]    : SlamAnchorMemoryRuntimeIpcServerThread: RigidBodyStates update failure.
03-01 19:12:10.807  4074  4181 E OsSdk   : error getting shared memory region, memory type: HeadTracker, failed with Status(-1, EX_SECURITY): 'requested shared memory region when not registered/focused'
03-01 19:12:10.811  4074  4133 E OsSdk   : error getting shared memory region, memory type: HeadTracker, failed with Status(-1, EX_SECURITY): 'requested shared memory region when not registered/focused'
03-01 19:12:10.811  4074  4133 W [CT]    : SlamAnchorMemoryRuntimeIpcServer: HeadTracker::getState failed
03-01 19:12:10.811  4074  4133 W [CT]    : SlamAnchorMemoryRuntimeIpcServerThread: RigidBodyStates update failure.
03-01 19:12:10.839  4074  4158 D xrstreaming: receive ping: org 0 recv 0 xmt 4970693054200 (received at 2625979738996), offset divergence -67754
03-01 19:12:10.842  4074  4181 E OsSdk   : error getting shared memory region, memory type: HeadTracker, failed with Status(-1, EX_SECURITY): 'requested shared memory region when not registered/focused'
03-01 19:12:10.844  4074  4181 E OsSdk   : error getting shared memory region, memory type: AnchorTracker, failed with Status(-1, EX_SECURITY): 'requested shared memory region when not registered/focused'
03-01 19:12:10.844   866  6995 W [CT]    : TIMESTAMPCHECKER: Nominal rate wrong. Estimated data rate: 25, Nominal is 30.000300003000028
03-01 19:12:10.866  4074  4133 E OsSdk   : error getting shared memory region, memory type: HeadTracker, failed with Status(-1, EX_SECURITY): 'requested shared memory region when not registered/focused'
03-01 19:12:10.866  4074  4133 W [CT]    : SlamAnchorMemoryRuntimeIpcServer: HeadTracker::getState failed
03-01 19:12:10.866  4074  4133 W [CT]    : SlamAnchorMemoryRuntimeIpcServerThread: RigidBodyStates update failure.
03-01 19:12:10.877  7541  7541 F DEBUG   : 
03-01 19:12:10.877  7541  7541 F DEBUG   : backtrace:
03-01 19:12:10.877  7541  7541 F DEBUG   :       #00 pc 073122d4  /data/app/com.YourCompany.TemplateProject3-llvLdXY3bIDW3mBF5HdJuw==/lib/arm/libUE4.so (FGenericWidePlatformString::GetVarArgs(char16_t*, unsigned int, char16_t const*&, std::__va_list)+3848) (BuildId: 5fdc31e8f27ae0bc68cf93f690d19e2b51b7af13)
03-01 19:12:10.877  7541  7541 F DEBUG   :       #01 pc 07498534  /data/app/com.YourCompany.TemplateProject3-llvLdXY3bIDW3mBF5HdJuw==/lib/arm/libUE4.so (FMsg::Logf_InternalImpl(char const*, int, FName const&, ELogVerbosity::Type, char16_t const*, ...)+712) (BuildId: 5fdc31e8f27ae0bc68cf93f690d19e2b51b7af13)
03-01 19:12:10.877  7541  7541 F DEBUG   :       #02 pc 071b0b34  /data/app/com.YourCompany.TemplateProject3-llvLdXY3bIDW3mBF5HdJuw==/lib/arm/libUE4.so (BuildId: 5fdc31e8f27ae0bc68cf93f690d19e2b51b7af13)
03-01 19:12:10.877  7541  7541 F DEBUG   :       #03 pc 0717b260  /data/app/com.YourCompany.TemplateProject3-llvLdXY3bIDW3mBF5HdJuw==/lib/arm/libUE4.so (BuildId: 5fdc31e8f27ae0bc68cf93f690d19e2b51b7af13)
03-01 19:12:10.877  7541  7541 F DEBUG   :       #04 pc 07169ab0  /data/app/com.YourCompany.TemplateProject3-llvLdXY3bIDW3mBF5HdJuw==/lib/arm/libUE4.so (VulkanRHI::FMemoryManager::DumpMemory(bool)+7392) (BuildId: 5fdc31e8f27ae0bc68cf93f690d19e2b51b7af13)
03-01 19:12:10.877  7541  7541 F DEBUG   :       #05 pc 0716f034  /data/app/com.YourCompany.TemplateProject3-llvLdXY3bIDW3mBF5HdJuw==/lib/arm/libUE4.so (VulkanRHI::FVulkanResourceHeap::~FVulkanResourceHeap()+380) (BuildId: 5fdc31e8f27ae0bc68cf93f690d19e2b51b7af13)
03-01 19:12:10.877  7541  7541 F DEBUG   :       #06 pc 07173dd4  /data/app/com.YourCompany.TemplateProject3-llvLdXY3bIDW3mBF5HdJuw==/lib/arm/libUE4.so (VulkanRHI::FMemoryManager::Deinit()+168) (BuildId: 5fdc31e8f27ae0bc68cf93f690d19e2b51b7af13)
03-01 19:12:10.877  7541  7541 F DEBUG   :       #07 pc 07141898  /data/app/com.YourCompany.TemplateProject3-llvLdXY3bIDW3mBF5HdJuw==/lib/arm/libUE4.so (FVulkanDevice::Destroy()+936) (BuildId: 5fdc31e8f27ae0bc68cf93f690d19e2b51b7af13)
03-01 19:12:10.877  7541  7541 F DEBUG   :       #08 pc 071d173c  /data/app/com.YourCompany.TemplateProject3-llvLdXY3bIDW3mBF5HdJuw==/lib/arm/libUE4.so (FVulkanDynamicRHI::Shutdown()+1408) (BuildId: 5fdc31e8f27ae0bc68cf93f690d19e2b51b7af13)
03-01 19:12:10.877  7541  7541 F DEBUG   :       #09 pc 089b7fa4  /data/app/com.YourCompany.TemplateProject3-llvLdXY3bIDW3mBF5HdJuw==/lib/arm/libUE4.so (RHIExit()+64) (BuildId: 5fdc31e8f27ae0bc68cf93f690d19e2b51b7af13)
03-01 19:12:10.877  7541  7541 F DEBUG   :       #10 pc 05e80c14  /data/app/com.YourCompany.TemplateProject3-llvLdXY3bIDW3mBF5HdJuw==/lib/arm/libUE4.so (FEngineLoop::Exit()+1748) (BuildId: 5fdc31e8f27ae0bc68cf93f690d19e2b51b7af13)
03-01 19:12:10.878  7541  7541 F DEBUG   :       #11 pc 05e6df7c  /data/app/com.YourCompany.TemplateProject3-llvLdXY3bIDW3mBF5HdJuw==/lib/arm/libUE4.so (AndroidMain(android_app*)+4080) (BuildId: 5fdc31e8f27ae0bc68cf93f690d19e2b51b7af13)
03-01 19:12:10.878  7541  7541 F DEBUG   :       #12 pc 05e81358  /data/app/com.YourCompany.TemplateProject3-llvLdXY3bIDW3mBF5HdJuw==/lib/arm/libUE4.so (android_main+176) (BuildId: 5fdc31e8f27ae0bc68cf93f690d19e2b51b7af13)
03-01 19:12:10.878  7541  7541 F DEBUG   :       #13 pc 05eb790c  /data/app/com.YourCompany.TemplateProject3-llvLdXY3bIDW3mBF5HdJuw==/lib/arm/libUE4.so (BuildId: 5fdc31e8f27ae0bc68cf93f690d19e2b51b7af13)
03-01 19:12:10.878  7541  7541 F DEBUG   :       #14 pc 0009a6d5  /apex/com.android.runtime/lib/bionic/libc.so (__pthread_start(void*)+20) (BuildId: 412b3f89043ee721cb892d6b5f53c486)
03-01 19:12:10.878  7541  7541 F DEBUG   :       #15 pc fffffffffffffffe  <anonymous:c8aeb000>
03-01 19:12:10.878  4074  4133 W [CT]    : SlamAnchorMemoryRuntimeIpcServer: HeadTracker::getState failed
03-01 19:12:10.879  4074  4133 W [CT]    : SlamAnchorMemoryRuntimeIpcServerThread: RigidBodyStates update failure.
03-01 19:12:10.881  4074  4181 E OsSdk   : error getting shared memory region, memory type: HeadTracker, failed with Status(-1, EX_SECURITY): 'requested shared memory region when not registered/focused'
03-01 19:12:10.893   866  1049 I chatty  : uid=1000(system) Binder:866_1 identical 25 lines
03-01 19:12:10.894  4074  4181 E OsSdk   : error getting shared memory region, memory type: HeadTracker, failed with Status(-1, EX_SECURITY): 'requested shared memory region when not registered/focused'
03-01 19:12:10.923   866  1049 W TrackingService: attachClient: found client in attached list
03-01 19:12:10.925  4074  4133 E OsSdk   : error getting shared memory region, memory type: HeadTracker, failed with Status(-1, EX_SECURITY): 'requested shared memory region when not registered/focused'
03-01 19:12:10.925  4074  4133 W [CT]    : SlamAnchorMemoryRuntimeIpcServer: HeadTracker::getState failed
03-01 19:12:10.925  4074  4133 W [CT]    : SlamAnchorMemoryRuntimeIpcServerThread: RigidBodyStates update failure.
03-01 19:12:10.925   866  1547 W TrackingService: attachClient: found client in attached list
03-01 19:12:10.926  4074  4133 E OsSdk   : error getting shared memory region, memory type: AnchorTracker, failed with Status(-1, EX_SECURITY): 'requested shared memory region when not registered/focused'
03-01 19:12:10.926  4074  4133 W [CT]    : SlamAnchorMemoryRuntimeIpcServer: getAnchorStates failed
03-01 19:12:10.926  4074  4133 W [CT]    : SlamAnchorMemoryRuntimeIpcServerThread: AnchorStates update failure.
03-01 19:12:10.938  4074  4181 E OsSdk   : error getting shared memory region, memory type: HeadTracker, failed with Status(-1, EX_SECURITY): 'requested shared memory region when not registered/focused'
03-01 19:12:10.959  4074  4133 E OsSdk   : error getting shared memory region, memory type: HeadTracker, failed with Status(-1, EX_SECURITY): 'requested shared memory region when not registered/focused'
03-01 19:12:10.959  4074  4133 W [CT]    : SlamAnchorMemoryRuntimeIpcServer: HeadTracker::getState failed
03-01 19:12:10.959  4074  4133 W [CT]    : SlamAnchorMemoryRuntimeIpcServerThread: RigidBodyStates update failure.
03-01 19:12:10.963   819   985 I crash-uploader: Crash uploaded from /data/misc/crashes//a722dedc-d136-4175-ab35-8ce0b41a810a_com.YourCompany.TemplateProject3_2023-03-01_19-12-06-685214.crash.meta to https://b-www.facebook.com/mobile/reliability_event_log_upload/
03-01 19:12:10.983  4074  4181 E OsSdk   : error getting shared memory region, memory type: HeadTracker, failed with Status(-1, EX_SECURITY): 'requested shared memory region when not registered/focused'
03-01 19:12:11.005  4074  4133 E OsSdk   : error getting shared memory region, memory type: HeadTracker, failed with Status(-1, EX_SECURITY): 'requested shared memory region when not registered/focused'
03-01 19:12:11.005  4074  4133 W [CT]    : SlamAnchorMemoryRuntimeIpcServer: HeadTracker::getState failed
03-01 19:12:11.005  4074  4133 W [CT]    : SlamAnchorMemoryRuntimeIpcServerThread: RigidBodyStates update failure.
03-01 19:12:11.024  4074  4181 E OsSdk   : error getting shared memory region, memory type: HeadTracker, failed with Status(-1, EX_SECURITY): 'requested shared memory region when not registered/focused'
03-01 19:12:11.049  4074  4133 E OsSdk   : error getting shared memory region, memory type: HeadTracker, failed with Status(-1, EX_SECURITY): 'requested shared memory region when not registered/focused'
03-01 19:12:11.049  4074  4133 W [CT]    : SlamAnchorMemoryRuntimeIpcServer: HeadTracker::getState failed
03-01 19:12:11.049  4074  4133 W [CT]    : SlamAnchorMemoryRuntimeIpcServerThread: RigidBodyStates update failure.
03-01 19:12:11.055   865   865 E /system/bin/tombstoned: Tombstone written to: /data/tombstones/tombstone_09
03-01 19:12:11.068  1057  1095 I BootReceiver: Copying /data/tombstones/tombstone_09 to DropBox (SYSTEM_TOMBSTONE)
03-01 19:12:11.069  4074  4181 E OsSdk   : error getting shared memory region, memory type: HeadTracker, failed with Status(-1, EX_SECURITY): 'requested shared memory region when not registered/focused'
03-01 19:12:11.069   866  1547 I chatty  : uid=1000(system) Binder:866_4 identical 8 lines
03-01 19:12:11.071  4074  4181 E OsSdk   : error getting shared memory region, memory type: AnchorTracker, failed with Status(-1, EX_SECURITY): 'requested shared memory region when not registered/focused'
03-01 19:12:11.071  1057  1095 I DropBoxManagerService: add tag=SYSTEM_TOMBSTONE isTagEnabled=true flags=0x2
03-01 19:12:11.071  1057  7551 I DropBoxManagerService: add tag=data_app_native_crash isTagEnabled=true flags=0x2
03-01 19:12:11.072  1057  7550 W ActivityTaskManager:   Force finishing activity com.YourCompany.TemplateProject3/com.epicgames.ue4.GameActivity
03-01 19:12:11.094   866  1547 W TrackingService: attachClient: found client in attached list
03-01 19:12:11.095  4074  4133 E OsSdk   : error getting shared memory region, memory type: HeadTracker, failed with Status(-1, EX_SECURITY): 'requested shared memory region when not registered/focused'
03-01 19:12:11.095  4074  4133 W [CT]    : SlamAnchorMemoryRuntimeIpcServer: HeadTracker::getState failed
03-01 19:12:11.095  4074  4133 W [CT]    : SlamAnchorMemoryRuntimeIpcServerThread: RigidBodyStates update failure.
03-01 19:12:11.102  2431  7203 I REFLECT [RUNTIMEIPC]: GuardianSDKServer Client Disconnected -1015145095, com.YourCompany.TemplateProject3, com.YourCompany.TemplateProject3
03-01 19:12:11.102  1766  7199 I VrRuntimeService: RuntimeIPC: IPC_SYSTEM_EVENT_CLIENT_DISCONNECTED_EXT: com.YourCompany.TemplateProject3
03-01 19:12:11.102  1766  7199 I ClientMgr: ClientMgr::DestroyClient: 7137:com.YourCompany.TemplateProject3
03-01 19:12:11.102  1766  7199 I ClientMgr: ClientMgr::DestroyClient: 7137:com.YourCompany.TemplateProject3 is enabled for rendering on destroy.
03-01 19:12:11.102  1766  7199 I ClientMgr: ClientMgr::EnableRendering 7137:com.YourCompany.TemplateProject3 : type 0 comp-id 10: disable
03-01 19:12:11.102  1766  7199 I VrRuntimeServer: DisableCompositorClient: 10
03-01 19:12:11.102  1766  7199 I CompositorClientMgr: Disable client 10
03-01 19:12:11.102  1766  7199 I CompositorClientMgr: DisableClient: frame flush required: 1
03-01 19:12:11.105  1766  2804 I ClientMgr: Non-overlay clients rendering status has changed: prev=29, curr=30, enabled=0
03-01 19:12:11.105   856  6562 D IPCDataChannelAndroidBinder [RUNTIMEIPC]: RuntimeIPC: ConnectionDiedInfo: onBinderDied: 1, com.YourCompany.TemplateProject3:com.YourCompany.TemplateProject3:7137
03-01 19:12:11.105  2431  3598 D IPCDataChannelAndroidBinder [RUNTIMEIPC]: RuntimeIPC: ConnectionDiedInfo: onBinderDied: 1, com.YourCompany.TemplateProject3:com.YourCompany.TemplateProject3:7137
03-01 19:12:11.105  1766  2938 D IPCDataChannelAndroidBinder [RUNTIMEIPC]: RuntimeIPC: ConnectionDiedInfo: onBinderDied: 1, com.YourCompany.TemplateProject3:com.YourCompany.TemplateProject3:7137
03-01 19:12:11.105  2431  3598 D IPCDataChannelServer [RUNTIMEIPC]: Disconnected: 3279822201, com.YourCompany.TemplateProject3:com.YourCompany.TemplateProject3:7137
03-01 19:12:11.105  1766  2938 D IPCDataChannelServer [RUNTIMEIPC]: Disconnected: 3279822201, com.YourCompany.TemplateProject3:com.YourCompany.TemplateProject3:7137
03-01 19:12:11.105  1766  2938 E IPCThreadState: attemptIncStrongHandle(81): Not supported
03-01 19:12:11.105  2431  3598 E IPCThreadState: attemptIncStrongHandle(50): Not supported
03-01 19:12:11.105   856  6562 E /system/bin/runtimeipcbroker: unlinkToDeath: removed reference to death recipient but unlink failed.
03-01 19:12:11.105   856   904 W IPCDataChannelAndroidBinder [RUNTIMEIPC]: UnregisterLinkDeathHandle: AIBinder_unlinkToDeath FAILED
03-01 19:12:11.105  1057  1165 W InputDispatcher: channel 'e851c50 com.YourCompany.TemplateProject3/com.epicgames.ue4.GameActivity (server)' ~ Consumer closed input channel or an error occurred.  events=0x9
03-01 19:12:11.105   856   904 I RuntimeIPCService [RUNTIMEIPC]: DestroyBrokerConnection: com.YourCompany.TemplateProject3:com.YourCompany.TemplateProject3:7137
03-01 19:12:11.105   856   904 E IPCThreadState: attemptIncStrongHandle(59): Not supported
03-01 19:12:11.105   866  1547 I TrackingService: Unregistering client 'com.YourCompany.TemplateProject3' by binder death
03-01 19:12:11.105  1057  1165 E InputDispatcher: channel 'e851c50 com.YourCompany.TemplateProject3/com.epicgames.ue4.GameActivity (server)' ~ Channel is unrecoverably broken and will be disposed!
03-01 19:12:11.105   866  1547 I TrackingService: Unregistering client 'com.YourCompany.TemplateProject3' by binder death
03-01 19:12:11.106  2949  5461 D IPCDataChannelAndroidBinder [RUNTIMEIPC]: RuntimeIPC: ConnectionDiedInfo: onBinderDied: 1, com.YourCompany.TemplateProject3:com.YourCompany.TemplateProject3:7137
03-01 19:12:11.106  2949  5461 D IPCDataChannelServer [RUNTIMEIPC]: Disconnected: 3279822201, com.YourCompany.TemplateProject3:com.YourCompany.TemplateProject3:7137
03-01 19:12:11.106  2949  5461 E IPCThreadState: attemptIncStrongHandle(208): Not supported
03-01 19:12:11.106  2851  2851 I Zygote  : Process 7137 exited due to signal 11 (Segmentation fault)
03-01 19:12:11.106  1057  3556 I ActivityManager: Process com.YourCompany.TemplateProject3 (pid 7137) has died: fore TOP 
03-01 19:12:11.107  1057  4786 I WindowManager: WIN DEATH: Window{e851c50 u0 com.YourCompany.TemplateProject3/com.epicgames.ue4.GameActivity}
03-01 19:12:11.107  1057  4786 W InputDispatcher: Attempted to unregister already unregistered input channel 'e851c50 com.YourCompany.TemplateProject3/com.epicgames.ue4.GameActivity (server)'
03-01 19:12:11.108  1285  1285 V AvrcpMediaPlayerList: onPlaybackConfigChanged(): Configs list size=8
03-01 19:12:11.108  1057  1074 D ConnectivityService: ConnectivityService NetworkRequestInfo binderDied(NetworkRequest [ LISTEN id=43, [ Transports: CELLULAR|WIFI|BLUETOOTH|ETHERNET|VPN Capabilities: INTERNET&NOT_RESTRICTED&TRUSTED&NOT_VPN&VALIDATED&FOREGROUND Uid: 10187] ], android.os.BinderProxy@a9757ec)
03-01 19:12:11.108  1057  1090 I libprocessgroup: Successfully killed process cgroup uid 10187 pid 7137 in 0ms
03-01 19:12:11.113  1766  7016 W CompositorClient: WarpToScreen: No completed frames to display for primary client 10. submittedFrameIndex = 8320
03-01 19:12:11.113  1766  7199 I ClientMgr: ClientMgr::DestroyClient: Remove 7137:com.YourCompany.TemplateProject3 as focused client.
03-01 19:12:11.113  1766  7199 I ClientMgr: FocusedClient changed.
03-01 19:12:11.113  1766  7199 W ClientMgr: ClientMgr::SetFocusedClient: No focused client
03-01 19:12:11.113  1766  7199 I ClientMgr: Releasing clocks.
03-01 19:12:11.113  1766  7199 I ClientMgr: SetFocusedPackageName - packageName  processName  clientId 0 clientPid 0
03-01 19:12:11.113  1766  7199 I ClientMgr: ClientMgr::DestroyClient: non-deferred ShutdownResources: 8319 == 8319 
03-01 19:12:11.113  1766  7199 I VrRuntimeServer: UnRegisterCompositorClient client(10)
03-01 19:12:11.113  1766  7199 I ClientMgr: RemoveClient: com.YourCompany.TemplateProject3:com.YourCompany.TemplateProject3:7137
03-01 19:12:11.113  1766  2804 I CompositorClientMgr: Enable client 0
03-01 19:12:11.113  1766  2804 I VrRuntimeServer: EnableCompositorClient client(0): layer placement(2147483643) flags(8) sm(0x7672a93160)
03-01 19:12:11.113  1766  7199 I UnifiedTelemetryWrapper: Stopped UT session render:com.YourCompany.TemplateProject3
03-01 19:12:11.113  1766  7199 I UnifiedTelemetryWrapper: Stopped UT session lifetime:com.YourCompany.TemplateProject3
03-01 19:12:11.113   866  1049 W TrackingService: attachClient: found client in attached list
03-01 19:12:11.114  4074  4181 E OsSdk   : error getting shared memory region, memory type: HeadTracker, failed with Status(-1, EX_SECURITY): 'requested shared memory region when not registered/focused'
03-01 19:12:11.116  2431  2890 I GuardianSystem: [GuardianSystem::InitializeRuntimeEventHandlers] runtimeServiceSDKClient_.ActiveClientDestroyedEventData: package=[com.YourCompany.TemplateProject3], process=[com.YourCompany.TemplateProject3]
03-01 19:12:11.116  2431  2890 I GuardianSystem: [GuardianSystem::OnDestroyActiveClient] com.YourCompany.TemplateProject3
03-01 19:12:11.116  2431  2890 I GuardianSystem: [GuardianSystem::OnDestroyActiveClient] Clearing return package because owning client was destroyed: com.YourCompany.TemplateProject3
03-01 19:12:11.119  1057  3556 W InputReader: Device has associated, but no associated display id.
03-01 19:12:11.122   754   754 D AF::TrackHandle: OpPlayAudio: track:61 uid:10033 pkg:com.oculus.xrstreamingclient usage:1 muted
03-01 19:12:11.124   754  4357 D AF::RecordHandle: OpRecordAudio: track:62 uid:10033 pkg:com.oculus.xrstreamingclient usage:0 muted
03-01 19:12:11.125   754  4359 D AF::RecordHandle: OpRecordAudio: track:96 uid:10032 pkg:com.oculus.horizon usage:0 not muted
03-01 19:12:11.125   754  1723 D AF::RecordHandle: OpRecordAudio: track:58 uid:10014 pkg:com.oculus.shellenv usage:0 not muted
03-01 19:12:11.125   754  4358 D AF::TrackHandle: OpPlayAudio: track:98 uid:10026 pkg:com.oculus.systemux usage:10 not muted
03-01 19:12:11.126   754  1204 D AF::TrackHandle: OpPlayAudio: track:57 uid:1000 pkg:com.android.networkstack.inprocess usage:13 not muted
03-01 19:12:11.127  1766  7016 I CompositorProgs: [0x76c2a638e0] Built layerProgram 0:0x100000048082:0x0 in 5.8 ms
03-01 19:12:11.128   754  1002 D AF::TrackHandle: OpPlayAudio: track:65 uid:10026 pkg:com.oculus.systemux usage:10 not muted
03-01 19:12:11.130   754  4568 D AF::TrackHandle: OpPlayAudio: track:59 uid:10014 pkg:com.oculus.shellenv usage:1 not muted
03-01 19:12:11.137   866  1049 W TrackingService: attachClient: found client in attached list
03-01 19:12:11.138  4074  4133 E OsSdk   : error getting shared memory region, memory type: HeadTracker, failed with Status(-1, EX_SECURITY): 'requested shared memory region when not registered/focused'
03-01 19:12:11.138  4074  4133 W [CT]    : SlamAnchorMemoryRuntimeIpcServer: HeadTracker::getState failed
03-01 19:12:11.138  4074  4133 W [CT]    : SlamAnchorMemoryRuntimeIpcServerThread: RigidBodyStates update failure.
03-01 19:12:11.140  1766  7016 I CompositorProgs: [0x76c2a638e0] Built layerProgram 0:0x100000048082:0x0 in 5.7 ms
03-01 19:12:11.146  1057  1082 W ActivityManager: setHasOverlayUi called on unknown pid: 7137
03-01 19:12:11.154  1766  1766 D VrRuntimeService: onForegroundActivitiesChanged: pid=3468, uid=10014, hasForegroundActivities=true
03-01 19:12:11.155  1766  5751 I FocusedClientsListener: focus: onVrFocusChanged(focusType=0): 5
03-01 19:12:11.155  1766  5751 I FocusedClientsListener: focus: pid=3468
03-01 19:12:11.155  1766  5751 I FocusedClientsListener: focus: pid=2949
03-01 19:12:11.155  1766  5751 I FocusedClientsListener: focus: pid=2961
03-01 19:12:11.155  1766  5751 I FocusedClientsListener: focus: pid=2573
03-01 19:12:11.155  1766  5751 I FocusedClientsListener: focus: pid=2431
03-01 19:12:11.155  1766  2938 I FocusedClientsListener: focus: onVrFocusChanged(focusType=2): 0
03-01 19:12:11.155  1766  2935 I FocusedClientsListener: focus: onVrFocusChanged(focusType=1): 5
03-01 19:12:11.155  1766  2935 I FocusedClientsListener: focus: pid=3468
03-01 19:12:11.155  1766  2935 I FocusedClientsListener: focus: pid=2949
03-01 19:12:11.155  1766  2935 I FocusedClientsListener: focus: pid=2961
03-01 19:12:11.155  1766  2935 I FocusedClientsListener: focus: pid=2573
03-01 19:12:11.155  1766  2935 I FocusedClientsListener: focus: pid=2431
03-01 19:12:11.156  2961  2961 D [SEO] ShellEnvOverlayService: onStartCommand() with action com.oculus.vrshell.SHELL_ENV_START_SERVICE
03-01 19:12:11.157  2961  3553 I [SEO] ShellFrameAnalytics: Shell Heartbeat focusedPanelTimeSpent: {"0":7461} visibleTimeSpent: {"8":6727} inputTimeSpent: {"controller":5813,"gaze":1648} inputClickCount: {"controller":4} mouseMoveTimeSpent: 0 mouseScrollTimeSpent: 0 physicalKeyboardConnectedTimeSpent: 0 physicalKeyboardTrackedTimeSpent: 0 quickActionsMenuActivations: 0 quickActionsMenuTimeSpent: 0 quickActionsMenuSessionLengths: [] quickActionsMenuSelections: {} handTrackingOptIn: 0 handTrackingAutoTransition: 1
03-01 19:12:11.157  2961  3553 I [SEO] ShellApp: 0xc7d2eb08 msg: intent
03-01 19:12:11.157  2961  3553 I [SEO] ShellApp: Ignoring empty launch intent action com.oculus.vrshell.SHELL_ENV_START_SERVICE
03-01 19:12:11.157  2961  3553 I [SEO] VrPlatformOpenXr: xrPollEvent: received XR_TYPE_EVENT_DATA_DISPLAY_REFRESH_RATE_CHANGED_FB event: fromRate 90.000000 -> toRate 72.000000
03-01 19:12:11.158   866  1547 W TrackingService: attachClient: found client in attached list
03-01 19:12:11.159  4074  4181 E OsSdk   : error getting shared memory region, memory type: HeadTracker, failed with Status(-1, EX_SECURITY): 'requested shared memory region when not registered/focused'
03-01 19:12:11.160  2761  2761 I MediaUploader: media sync preference is enabled: true
03-01 19:12:11.160  2761  2761 I MediaUploader: Schedule periodic sync job
03-01 19:12:11.174   754  4568 D AF::RecordHandle: OpRecordAudio: track:96 uid:10032 pkg:com.oculus.horizon usage:0 not muted
03-01 19:12:11.174   754  1204 D AF::RecordHandle: OpRecordAudio: track:58 uid:10014 pkg:com.oculus.shellenv usage:0 not muted
03-01 19:12:11.174   754  1002 D AF::RecordHandle: OpRecordAudio: track:62 uid:10033 pkg:com.oculus.xrstreamingclient usage:0 muted
03-01 19:12:11.180  2961  2961 D [SEO] ShellEnvOverlayService: onRebind
03-01 19:12:11.183   866  1547 W TrackingService: attachClient: found client in attached list
03-01 19:12:11.184  4074  4133 E OsSdk   : error getting shared memory region, memory type: HeadTracker, failed with Status(-1, EX_SECURITY): 'requested shared memory region when not registered/focused'
03-01 19:12:11.184  4074  4133 W [CT]    : SlamAnchorMemoryRuntimeIpcServer: HeadTracker::getState failed
03-01 19:12:11.184  4074  4133 W [CT]    : SlamAnchorMemoryRuntimeIpcServerThread: RigidBodyStates update failure.
03-01 19:12:11.184   866  1049 W TrackingService: attachClient: found client in attached list
03-01 19:12:11.185  3468  3468 D ActivityLifecycleListener: onActivityResumed
03-01 19:12:11.185  3468  3584 D ActivityLifecycleListener: activity=com.oculus.shellenv.ShellEnvActivity@db866ef, resumed=true
03-01 19:12:11.185  3468  3584 D ActivityLifecycleListener: Activity ready after 0ms
03-01 19:12:11.185  3468  3584 I OpenXR  : nativeOnActivityReady
03-01 19:12:11.186  4074  4133 E OsSdk   : error getting shared memory region, memory type: AnchorTracker, failed with Status(-1, EX_SECURITY): 'requested shared memory region when not registered/focused'
03-01 19:12:11.186  4074  4133 W [CT]    : SlamAnchorMemoryRuntimeIpcServer: getAnchorStates failed
03-01 19:12:11.186  4074  4133 W [CT]    : SlamAnchorMemoryRuntimeIpcServerThread: AnchorStates update failure.
03-01 19:12:11.187  3468  3501 I Clay    : BaseApp: Hibernate transition Unhibernate
03-01 19:12:11.187  3468  3501 I Clay    : copresence: microphone state transition, unpaused
03-01 19:12:11.187  3468  3501 I Clay    : SoundSystem: setPaused(false), m_paused=true
03-01 19:12:11.188  1285  1285 V AvrcpMediaPlayerList: onPlaybackConfigChanged(): Configs list size=8
03-01 19:12:11.194  3468  3501 I Clay    : EnvironmentSystem: computed visibility changed from Unload to Visible (reason: <none>)
03-01 19:12:11.195   734  3355 E volume_listener: check_and_set_gain_dep_cal: Failed to set gain dep cal level
03-01 19:12:11.195   734  3355 E volume_listener: check_and_set_gain_dep_cal: Failed to set gain dep cal level
03-01 19:12:11.196   734  1156 D audio_hw_primary: start_output_stream: enter: stream(0xeddc7000)usecase(1: low-latency-playback) devices(0x2) is_haptic_usecase(0)
03-01 19:12:11.196   734  1156 I audio_hw_primary: select_devices for use case (low-latency-playback)
03-01 19:12:11.196   734  1156 I msm8974_platform: platform_check_and_set_codec_backend_cfg:becf: afe: bitwidth 16, samplerate 48000 channels 2, backend_idx 0 usecase = 1 device (speaker)
03-01 19:12:11.196   734  1156 D msm8974_platform: platform_split_snd_device: snd_device(2) num devices(1) new_snd_devices(0)
03-01 19:12:11.196   734  1156 I msm8974_platform: platform_check_and_set_codec_backend_cfg: new_snd_devices[0] is 2
03-01 19:12:11.196   734  1156 I msm8974_platform: platform_check_codec_backend_cfg:becf: afe: bitwidth 16, samplerate 48000 channels 2, backend_idx 0 usecase = 1 device (speaker)
03-01 19:12:11.197   734  1156 D audio_hw_extn: audio_extn_enable_hifi_filter: mixer_value set 0
03-01 19:12:11.197   734  1156 D msm8974_platform: platform_check_codec_backend_cfg:becf: updated afe: bitwidth 16, samplerate 48000 channels 2,backend_idx 0 usecase = 1 device (speaker)
03-01 19:12:11.197   734  1156 D msm8974_platform: platform_check_codec_backend_cfg:becf: afe: playback on codec device not supporting native playback set default Sample Rate(48k)
03-01 19:12:11.197   734  1156 I msm8974_platform: platform_check_codec_backend_cfg:becf: afe: Codec selected backend: 0 updated bit width: 16 and sample rate: 48000
03-01 19:12:11.197   734  1156 D audio_hw_primary: check_usecases_codec_backend:becf: force routing 0
03-01 19:12:11.197   734  1156 E msm8974_platform: platform_check_backends_match: Invalid snd_device = 
03-01 19:12:11.197   734  1156 D audio_hw_primary: check_usecases_codec_backend:becf: (75) check_usecases curr device: speaker, usecase device: backends match 0
03-01 19:12:11.197   734  1156 D audio_hw_primary: check_usecases_codec_backend:becf: check_usecases num.of Usecases to switch 0
03-01 19:12:11.197   734  1156 D hardware_info: hw_info_append_hw_type : device_name = speaker
03-01 19:12:11.197   734  1156 D msm8974_platform: platform_split_snd_device: snd_device(2) num devices(0) new_snd_devices(0)
03-01 19:12:11.197   734  1156 D audio_hw_primary: enable_snd_device: snd_device(2: speaker)
03-01 19:12:11.197   734  1156 D audio_route: Apply path: speaker
03-01 19:12:11.198  3468  3501 I OpenXR  : PostSessionStateChange: XR_SESSION_STATE_IDLE -> XR_SESSION_STATE_READY
03-01 19:12:11.199  1766  2935 I FocusedClientsListener: focus: onTopActivityChanged: com.YourCompany.TemplateProject3
03-01 19:12:11.199  3468  3501 I Clay    : xrPollEvent: DISPLAY_REFRESH_RATE_CHANGED_FB: 90.000000 -> 72.000000
03-01 19:12:11.199  3468  3501 I Clay    : xrPollEvent: SESSION_STATE_CHANGED: READY
03-01 19:12:11.199  3468  3501 I Clay    : Entering VR mode: cpu=-1, gpu=-1, perf threads: main=3501, gpu=unset
03-01 19:12:11.199  3468  3501 I OpenXR  : ------------ xrBeginSession [start] -----------
03-01 19:12:11.199  3468  3501 I VrRuntimeClient: Tracing is disabled
03-01 19:12:11.199  2961  3553 I [SEO] ShellApp: Immersive Activity Changed to: com.YourCompany.TemplateProject3
03-01 19:12:11.199  3468  3501 I VrRuntimeClient: SysProp debug mode is disabled on Client side
03-01 19:12:11.200  2573  2590 I [CT]    : MIXEDREALITY: MrServiceController: VrFocusManager::Top Activity Changed, topActivity now is: 'com.YourCompany.TemplateProject3', immersiveApp now is: 'com.YourCompany.TemplateProject3'.
03-01 19:12:11.200  2573  2653 I [CT]    : MIXEDREALITY: MrServiceView: renderIteration: (every 10 seconds), screen is: ON, PT is: OFF, ID is: OFF
03-01 19:12:11.200  2573  2653 I [CT]    : MIXEDREALITY: MrServiceModel: commitLayerState: PassthroughMode: kNone.
03-01 19:12:11.200  2949  2949 I [OAO] ShellOverlayServiceJNI: NativeSendOverlayCommand
03-01 19:12:11.200  2949  2949 I [OAO] ShellOverlayServiceJNI: NativeWake
03-01 19:12:11.200  2949  2949 I [OAO] ShellOverlayMain: WakeVrThread
03-01 19:12:11.200  2949  2949 I [OAO] ShellOverlayMain: WakeVrThread - notifying vr thread
03-01 19:12:11.201  2573  2653 I [CT]    : MIXEDREALITY: MrServiceModel: Hibernating caller (most likely rendering thread) due to commandQueue being empty.
03-01 19:12:11.201  4074  4181 E OsSdk   : error getting shared memory region, memory type: HeadTracker, failed with Status(-1, EX_SECURITY): 'requested shared memory region when not registered/focused'
03-01 19:12:11.203   734  1156 I audio_hw_utils: audio_extn_utils_update_stream_output_app_type_cfg Allowing 24 and above bits playback on speaker ONLY at default sampling rate
03-01 19:12:11.203   734  1156 D audio_hw_utils: audio_extn_utils_send_app_type_cfg: usecase->out_snd_device speaker
03-01 19:12:11.203   734  1156 D msm8974_platform: platform_split_snd_device: snd_device(2) num devices(0) new_snd_devices(0)
03-01 19:12:11.203   734  1156 D audio_hw_utils: audio_extn_btsco_get_sample_rate:Not a BT SCO device, need not update sampling rate
03-01 19:12:11.203   734  1156 I audio_hw_utils: send_app_type_cfg_for_device PLAYBACK app_type 69943, acdb_dev_id 15, sample_rate 48000, snd_device_be_idx 43
03-01 19:12:11.203   734  1156 D msm8974_platform: platform_split_snd_device: snd_device(2) num devices(1) new_snd_devices(0)
03-01 19:12:11.203   734  1156 D audio_hw_utils: audio_extn_btsco_get_sample_rate:Not a BT SCO device, need not update sampling rate
03-01 19:12:11.203   734  1156 D ACDB-LOADER: ACDB -> send_audio_cal, acdb_id = 15, path = 0, app id = 0x11137, sample rate = 48000, afe_sample_rate = 48000
03-01 19:12:11.203   734  1156 D ACDB-LOADER: ACDB -> send_asm_topology
03-01 19:12:11.203   734  1156 D ACDB-LOADER: ACDB -> ACDB_CMD_GET_AUDPROC_STREAM_TOPOLOGY_ID
03-01 19:12:11.203   734  1156 D ACDB-LOADER: ACDB -> send_adm_topology
03-01 19:12:11.203   734  1156 D ACDB-LOADER: ACDB -> ACDB_CMD_GET_AUDPROC_COMMON_TOPOLOGY_ID
03-01 19:12:11.204   734  1156 D ACDB-LOADER: ACDB -> send_audtable
03-01 19:12:11.204   734  1156 D ACDB-LOADER: ACDB -> ACDB_CMD_GET_AUDPROC_INSTANCE_COMMON_TABLE_SIZE
03-01 19:12:11.204   734  1156 D ACDB-LOADER: ACDB -> ACDB_CMD_GET_AUDPROC_INSTANCE_COMMON_TABLE
03-01 19:12:11.204   734  1156 D ACDB-LOADER: ACDB -> AUDIO_SET_AUDPROC_CAL cal_type[11] acdb_id[15] app_type[69943]
03-01 19:12:11.204   734  1156 D ACDB-LOADER: ACDB -> send_audvoltable
03-01 19:12:11.204   734  1156 D ACDB-LOADER: ACDB -> ACDB_CMD_GET_AUDPROC_INSTANCE_GAIN_DEP_STEP_TABLE_SIZE
03-01 19:12:11.204   734  1156 D         : Failed to fetch the lookup information of the device 0000000F 
03-01 19:12:11.204   734  1156 D ACDB-LOADER: Error: ACDB_CMD_GET_AUDPROC_INSTANCE_GAIN_DEP_STEP_TABLE_SIZE Returned = -19
03-01 19:12:11.204   734  1156 D ACDB-LOADER: ACDB -> ACDB_CMD_GET_AUDPROC_INSTANCE_GAIN_DEP_STEP_TABLE, vol index 0
03-01 19:12:11.204   734  1156 D         : Failed to fetch the lookup information of the device 0000000F 
03-01 19:12:11.204   734  1156 D ACDB-LOADER: Error: ACDB AudProc vol returned = -19
03-01 19:12:11.204   734  1156 D ACDB-LOADER: ACDB -> AUDIO_SET_VOL_CAL cal type = 12
03-01 19:12:11.204   734  1156 D ACDB-LOADER: ACDB -> ACDB_CMD_GET_AUDPROC_INSTANCE_STREAM_TABLE_SIZE
03-01 19:12:11.204   734  1156 D ACDB-LOADER: ACDB -> send_audstrmtable
03-01 19:12:11.204   734  1156 D ACDB-LOADER: ACDB -> ACDB_CMD_GET_AUDPROC_INSTANCE_STREAM_TABLE
03-01 19:12:11.204   734  1156 D ACDB-LOADER: ACDB -> audstrm_cal->cal_type.cal_data.cal_size = 20
03-01 19:12:11.204   734  1156 D ACDB-LOADER: ACDB -> send_afe_topology
03-01 19:12:11.204   734  1156 D ACDB-LOADER: ACDB -> ACDB_CMD_GET_AFE_TOPOLOGY_ID
03-01 19:12:11.204   734  1156 D ACDB-LOADER: ACDB -> GET_AFE_TOPOLOGY_ID for adcd_id 15, Topology Id 112fc
03-01 19:12:11.204   734  1156 D ACDB-LOADER: ACDB -> send_afe_cal
03-01 19:12:11.204   734  1156 D ACDB-LOADER: ACDB -> ACDB_CMD_GET_AFE_INSTANCE_COMMON_TABLE_SIZE
03-01 19:12:11.204   734  1156 D         : Failed to fetch the lookup information of the device 0000000F 
03-01 19:12:11.204   734  1156 D ACDB-LOADER: Error: ACDB_CMD_GET_AFE_INSTANCE_COMMON_TABLE_SIZE Returned = -19
03-01 19:12:11.204   734  1156 D ACDB-LOADER: ACDB -> ACDB_CMD_GET_AFE_INSTANCE_COMMON_TABLE
03-01 19:12:11.204   734  1156 D         : Failed to fetch the lookup information of the device 0000000F 
03-01 19:12:11.204   734  1156 D ACDB-LOADER: Error: ACDB AFE returned = -19
03-01 19:12:11.204   734  1156 D ACDB-LOADER: ACDB -> AUDIO_SET_AFE_CAL cal_type[16] acdb_id[15]
03-01 19:12:11.204   734  1156 D ACDB-LOADER: ACDB -> send_hw_delay : acdb_id = 15 path = 0
03-01 19:12:11.204   734  1156 D ACDB-LOADER: ACDB -> ACDB_AVSYNC_INFO: ACDB_CMD_GET_DEVICE_PROPERTY
03-01 19:12:11.204   734  1156 D msm8974_platform: platform_split_snd_device: snd_device(2) num devices(0) new_snd_devices(0)
03-01 19:12:11.204   734  1156 I msm8974_platform: platform_get_custom_mtmx_params: no matching param with id 0 ip_ch 2 op_ch 2 uc_id 1 snd_dev 2
03-01 19:12:11.204   734  1156 I audio_hw_primary: enable_audio_route: apply mixer and update path: low-latency-playback
03-01 19:12:11.204   734  1156 D audio_route: Apply path: low-latency-playback
03-01 19:12:11.204  2949  3072 I [OAO] ShellOverlayApp: VrThread woke up
03-01 19:12:11.205   734  1156 D audio_hw_primary: select_devices: done
03-01 19:12:11.205  2949  3072 I [OAO] ShellOverlayApp: 0xc7b53b28 msg: overlayCommand:
03-01 19:12:11.205  2949  3072 I [OAO] ShellOverlayApp: command = topActivityChanged
03-01 19:12:11.205  2949  3072 I [OAO] ShellOverlayApp: topActivity = com.YourCompany.TemplateProject3
03-01 19:12:11.205  2949  3072 I [OAO] ShellOverlayApp: Process_OverlayCommand command : topActivityChanged
03-01 19:12:11.205  2949  3072 I [OAO] ShellOverlayApp: Process_OverlayCommand unknown command received: topActivityChanged
03-01 19:12:11.206  2949  3072 I [OAO] ShellOverlayApp: Start sleep timeout. Now:2626.345878, Timeout:2628.345878
03-01 19:12:11.206  1766  1766 W ClientMgr: ClientMgr::SetFocusedClient: No focused client
03-01 19:12:11.206  1766  1766 I ClientMgr: Releasing clocks.
03-01 19:12:11.206  1766  1766 I ClientMgr: SetFocusedPackageName - packageName  processName  clientId 0 clientPid 0
03-01 19:12:11.206  1766  2935 I FocusedClientsListener: focus: onVrFocusChanged(focusType=0): 5
03-01 19:12:11.206  1766  2935 I FocusedClientsListener: focus: pid=3468
03-01 19:12:11.206  1766  2935 I FocusedClientsListener: focus: pid=2949
03-01 19:12:11.206  1766  2935 I FocusedClientsListener: focus: pid=2961
03-01 19:12:11.206  1766  2935 I FocusedClientsListener: focus: pid=2573
03-01 19:12:11.206  1766  2935 I FocusedClientsListener: focus: pid=2431
03-01 19:12:11.206  1766  2938 I FocusedClientsListener: focus: onVrFocusChanged(focusType=1): 5
03-01 19:12:11.206  1766  2938 I FocusedClientsListener: focus: pid=3468
03-01 19:12:11.206  1766  2938 I FocusedClientsListener: focus: pid=2949
03-01 19:12:11.206  1766  2938 I FocusedClientsListener: focus: pid=2961
03-01 19:12:11.206  1766  2938 I FocusedClientsListener: focus: pid=2573
03-01 19:12:11.206  1766  2938 I FocusedClientsListener: focus: pid=2431
03-01 19:12:11.206  1766  5751 I FocusedClientsListener: focus: onVrFocusChanged(focusType=2): 0
03-01 19:12:11.208  2487  2487 D MetaCam (MediaCapabilityChecker): checkMediaHasRecordingCapabilities packageName: com.oculus.shellenv
03-01 19:12:11.209  2487  2487 D MetaCam (MediaCapabilityChecker): checkMediaHasRecordingCapabilities packageName: com.oculus.shellenv
03-01 19:12:11.209  1766  7016 I CompositorVR: SetSchedFifo( tid=2653, pol=5, pri=1 ) succeeded
03-01 19:12:11.211  3468  3501 D VrApi   : targetSDKVersion 29
03-01 19:12:11.215  3468  3501 I VrRuntimeClient: DEVICE MODEL NUMBER = Quest 2
03-01 19:12:11.215  3468  3501 I VrRuntimeClient: DEVICE BUILD NAME = user-49882890235800150
03-01 19:12:11.215  3468  3501 I VrRuntimeClient: DEVICE BUILD TYPE = user
03-01 19:12:11.215  3468  3501 I VrRuntimeClient: DEVICE OS VERSION = 10
03-01 19:12:11.215  3468  3501 I VrRuntimeClient: API LOADER VERSION = 1.0.25
03-01 19:12:11.215  3468  3501 I VrRuntimeClient: RUNTIME API VERSION = 1.0.25
03-01 19:12:11.215  3468  3501 I VrRuntimeClient: RUNTIME VERSION = 49.0.0.207.357 Feb  8 2023 14:43:26 RELEASE
03-01 19:12:11.215  3468  3501 I VrRuntimeClient: APP NAME = ShellEnv
