03-05 17:26:14.381   862  1189 I [CT]    : VegaBAOptimize: Num points adjusted: 789 fixed: 0 Num residuals in-in: 2986 in-out: 449 out-in: 0 fixed (out-out): 0 outside ROI: 0 total: 3639
03-05 17:26:14.384   862  1189 I [CT]    : VegaBAOptimize: Total: neighbor 3 L1s, adjust 2 L1s. KRs 49  Points 789  Cameras 196  OutsideFixedKR 19  AdjustKR 30  Imus 6
03-05 17:26:14.391   862  1191 I [CT]    : VIPER:DEEP_DESCRIPTOR: Computing Deep Descriptors using gravity orientation.
03-05 17:26:14.403   862  1049 I chatty  : uid=1000(system) Binder:862_2 identical 4 lines
03-05 17:26:14.406   862  1049 W TrackingService: attachClient: found client in attached list
03-05 17:26:14.407   862  1045 W TrackingService: attachClient: found client in attached list
03-05 17:26:14.457   862  1189 I [CT]    : VegaBAOptimize: resRemoved = 31, pntRemoved = 1
03-05 17:26:14.463   862 10846 W [CT]    : TIMESTAMPCHECKER: Nominal rate wrong. Estimated data rate: 25, Nominal is 30.000300003000028
03-05 17:26:14.509   862  1191 I [CT]    : VEGA_LOCALIZER: Computed 1018 orb descriptors that will be used for PBR or Orphans descriptor
03-05 17:26:14.510   862  1191 I [CT]    : VEGA_LOCALIZER: Computed 1068 udeep descriptors that will be used for PBR or Orphans descriptor
03-05 17:26:14.514   862  1189 I [CT]    : VEGA_LOCALIZER: Added 193 orb descriptors to the index. It has 52221 descriptors for 2637 points, with stdev 0.3749192953109741 and max 2.0491373538970947.
03-05 17:26:14.519   862  1189 I [CT]    : VEGA_LOCALIZER: Added 187 udeep descriptors to the index. It has 52105 descriptors for 2637 points, with stdev 0.36465856432914734 and max 2.6973226070404053.
03-05 17:26:14.711  1879  2365 W DeviceConfigUtil: Try to get config param "oculus_shared_social:oculus_messenger_reauth_removal" before Device Config has subscribed to the service.
03-05 17:26:14.749  2915  3205 I Telemetry: App memory usage: PSS=40 MiB, PrivateDirty=34 MiB, PrivateClean=1 MiB, GPU=5.2/5.4 MiB (97% allocated)
03-05 17:26:15.076   862  1045 I chatty  : uid=1000(system) Binder:862_1 identical 34 lines
03-05 17:26:15.084   862  1189 I [CT]    : VIPER: InternalAnchorHealthMonitor: Anchors: 3 | Persistent anchors: 2 | Anchors never observed: 2
03-05 17:26:15.084   862  1189 I [CT]    :   (min/avg/max) Anchor landmarks: (9|14.333333333333334|17) | Covisible keyframes: (8|10|14) | Times since observation: (0|0|0)
03-05 17:26:15.107   862  1045 W TrackingService: attachClient: found client in attached list
03-05 17:26:15.108   862  1049 W TrackingService: attachClient: found client in attached list
03-05 17:26:15.282   862 10846 I [CT]    : VIPER: Mode=SuperVega,Status=6DoF,TRACKING,Inl=36,Mem=87.3,Jit=0.2mm,Issues(Cam/min=0.0,IMU/min=0.0),Exp=(14.0ms,g=15.0,I=73,Ir=350.8)(13.8ms,g=15.0,I=108,Ir=525.9)(13.8ms,g=15.0,I=120,Ir=582.7)(11.2ms,g=14.0,I=75,Ir=481.2)
03-05 17:26:15.282   862 10846 W [CT]    : VIPER: Images too dark, 
03-05 17:26:15.321  1254  2384 I PerformanceManager_V0: SetClockLevels: Apply pending clock request change: 2,4 -> 2,3
03-05 17:26:15.321  1254  2375 I Clocks  : ReleaseClocks - start
03-05 17:26:15.321  1254  2375 I Clocks  : ReleaseClocks - end (0.4 ms)
03-05 17:26:15.321  1254  2375 I Clocks  : LockClocks( cpu=2, gpu=3 ) - start
03-05 17:26:15.322  1254  2375 I Clocks  : CPU levels [0, 7]
03-05 17:26:15.322  1254  2375 I Clocks  : GPU levels [0, 5]
03-05 17:26:15.322  1254  2375 I Clocks  : LockClocks( cpu=2, gpu=3 ) - end (0.7 ms)
03-05 17:26:15.519   862 10846 W [CT]    : VIO_HAS_TRACKING: Bad tracking: large covariance-weighted vision correction : 371.3160400390625 > 90
03-05 17:26:15.519   862 10846 W [CT]    : VEGA:PERCEPTUAL_HM: Bad tracking: tracker health is bad
03-05 17:26:15.519   862 10846 I [CT]    : VEGA:PERCEPTUAL_HM: Perceptual HM: bad tracking while exposing 6DoF. Delaying switch to 3DoF for 0.266666666 seconds.
03-05 17:26:15.519   862 10846 I [CT]    : VegaTracker: VegaTracker::track returned 350 track measurement(s) 147 track-to-landmark association(s) and 1 closed track ID(s) while reporting poor tracking quality. (isTrackerHealthy = false, isMapTrackingHealthy = true)
03-05 17:26:15.544   862 10846 I [CT]    : VIPER: Image mean intensities (per camera): 75.45, 108.44, 119.50, 75.36
03-05 17:26:15.546   862 10846 I [CT]    : VegaTracker: Performing big search to recover from bad map tracking or new reloc.
03-05 17:26:15.853   862 10216 I [CT]    : INPUT_TRACKING:Behavior:NearHeadMoving: [Left] state transition: TorsoInitialized -> InRange
03-05 17:26:15.887  1254  2888 I VrRuntimeService: RuntimeServiceSDKServer::SetGuardianSystemState: 2290292364
03-05 17:26:15.887  2769  2987 I GuardianSystem: UpdateGuardianSystemState: Flags changed: 524288, 532480, SYSTEM_GUARDIAN_VALID to SYSTEM_GUARDIAN_VISIBLE,SYSTEM_GUARDIAN_VALID
03-05 17:26:15.912  1254 10864 I CompositorVR: SetSchedFifo( tid=2987, pol=5, pri=1 ) succeeded
03-05 17:26:15.912  1254 10864 I CompositorVR: SetSchedFifo( tid=3391, pol=5, pri=1 ) succeeded
03-05 17:26:15.912  1254 10864 I CompositorVR: SetSchedFifo( tid=3484, pol=5, pri=1 ) succeeded
03-05 17:26:16.123   862  1049 I chatty  : uid=1000(system) Binder:862_2 identical 54 lines
03-05 17:26:16.141   862  1049 W TrackingService: attachClient: found client in attached list
03-05 17:26:16.143   862  1045 W TrackingService: attachClient: found client in attached list
03-05 17:26:16.186   862  1045 I chatty  : uid=1000(system) Binder:862_1 identical 2 lines
03-05 17:26:16.208   862  1045 W TrackingService: attachClient: found client in attached list
03-05 17:26:16.210   862  1049 W TrackingService: attachClient: found client in attached list
03-05 17:26:16.463   862 10846 W [CT]    : TIMESTAMPCHECKER: Nominal rate wrong. Estimated data rate: 25, Nominal is 30.000300003000028
03-05 17:26:16.951   862 10216 I [CT]    : CONSTELLATION:IMU_STATUS: 86557c336c360320 (L): [FusionTracked=1.000, OutputTracked=1.000, OutputValid=1.000] [AccelSat=0.000, GyroSat=0.000] 
03-05 17:26:17.065   862 10190 I [CT]    : boltlib: DSP utilization: 8.51 % (425 / 5000 ms)
03-05 17:26:17.637   862 10216 I [CT]    : INPUT_TRACKING:Behavior:NearHeadMoving: [Left] state transition: InRange -> Init
03-05 17:26:17.639   862 10216 I [CT]    : INPUT_TRACKING:Behavior:NearHeadMoving: [Left] state transition: Init -> TorsoInitialized
03-05 17:26:17.648   862  1189 I [CT]    : Vega:SubmapPublisher: Tracking parent no change: frame movement above thresh -> Publish
03-05 17:26:17.648   862  1189 I [CT]    : Vega:SubmapPublisher: Start to publish submaps, found candidates:  3
03-05 17:26:17.648   862  1189 E [CT]    : SubmapRecords: findSubmapId found 2 submap records hold the same query krHandle
03-05 17:26:17.771   862  1049 I chatty  : uid=1000(system) Binder:862_2 identical 84 lines
03-05 17:26:17.786   862  1049 W TrackingService: attachClient: found client in attached list
03-05 17:26:17.787   862  1045 W TrackingService: attachClient: found client in attached list
03-05 17:26:17.843   862 10857 W [CT]    : CONSTELLATION: R: Too large Mahalanobis distance: 111.1596. Reinitialize again.
03-05 17:26:17.843   862 10857 I [CT]    : CONSTELLATION: R: Successfully reinitialized 6DoF filter. Keep Cov and Calib States = Y. Keep velocity state and covariance = Y
03-05 17:26:17.884   862 10857 W [CT]    : CONSTELLATION:MATCHING: [Throttled count=1] Anomalous blob size detected => Resetting matches for controller 729165a0fe4054d7 (R).
03-05 17:26:18.008 10700 10992 I chatty  : uid=10205(com.YourCompany.TemplateProject3) expire 11 lines
03-05 17:26:18.016   862  1045 I chatty  : uid=1000(system) Binder:862_1 identical 11 lines
03-05 17:26:18.026   862  1045 W TrackingService: attachClient: found client in attached list
03-05 17:26:18.027   862  1049 W TrackingService: attachClient: found client in attached list
03-05 17:26:18.084   862 10216 W [CT]    : CONSTELLATION: R: Lost position tracking, waiting for 6DoF reset: [#VisionUp=1, #RelUp=0, VelNorm=0.070, CurTimeDur=0.25s, DurThresh=0.2s]
03-05 17:26:18.084   862 10216 W [CT]    : CONSTELLATION: R: Lost velocity tracking, waiting for 6DoF reset. [#VisionUp=1, #RelUp=0, VelNorm=0.070, CurTimeDur=0.25s, DurThresh=0.2s]
03-05 17:26:18.084   862 10216 I [CT]    : INPUT_TRACKING:Behavior:OutOfFoVRotation: [Right] state transition: InRange -> Active
03-05 17:26:18.084   862 10216 I [CT]    : INPUT_TRACKING:Behavior:OutOfFoVRotation: [Right] activated
03-05 17:26:18.084   862 10216 I [CT]    : INPUT_TRACKING:Behavior:OutOfFoVRotation: [Right] using reliablePoseInWorld
03-05 17:26:18.085   862 10216 I [CT]    : INPUT_TRACKING:ControllerMotionModel: [Right] t = 8339.612s, behavior transition: None -> OutOfFoVRotation
03-05 17:26:18.123   862 10857 I [CT]    : CONSTELLATION: R: Not reinitializing 6DoF filter yet (no valid pose from matching).
03-05 17:26:18.189  9292  9342 I chatty  : uid=10033(com.oculus.xrstreamingclient) SlamAnchorMem expire 962 lines
03-05 17:26:18.198   862 10846 W [CT]    : VIO_HAS_TRACKING: Bad tracking: large covariance-weighted vision correction : 378.1556396484375 > 90
03-05 17:26:18.199   862 10846 W [CT]    : VEGA:PERCEPTUAL_HM: Bad tracking: tracker health is bad
03-05 17:26:18.199   862 10846 I [CT]    : VEGA:PERCEPTUAL_HM: Perceptual HM: bad tracking while exposing 6DoF. Delaying switch to 3DoF for 0.266666666 seconds.
03-05 17:26:18.200   862 10846 I [CT]    : VegaTracker: VegaTracker::track returned 339 track measurement(s) 162 track-to-landmark association(s) and 8 closed track ID(s) while reporting poor tracking quality. (isTrackerHealthy = false, isMapTrackingHealthy = true)
03-05 17:26:18.224   862 10846 I [CT]    : VIPER: Image mean intensities (per camera): 73.90, 104.99, 109.40, 76.03
03-05 17:26:18.226   862 10846 I [CT]    : VegaTracker: Performing big search to recover from bad map tracking or new reloc.
03-05 17:26:18.233  9292  9397 I chatty  : uid=10033(com.oculus.xrstreamingclient) SlamAnchorMem expire 301 lines
03-05 17:26:18.328  1254  2384 E TREX    : Interface version 1 was not found. Check debug build for more information.
03-05 17:26:18.404   862 10857 I [CT]    : CONSTELLATION: R: Successfully reinitialized 6DoF filter. Keep Cov and Calib States = Y. Keep velocity state and covariance = N
03-05 17:26:18.447   862 10216 I [CT]    : INPUT_TRACKING:Behavior:OutOfFoVRotation: [Right] state transition: Active -> Transition
03-05 17:26:18.464   862 10846 W [CT]    : TIMESTAMPCHECKER: Nominal rate wrong. Estimated data rate: 25, Nominal is 30.000300003000028
03-05 17:26:18.563   862 10857 W [CT]    : CONSTELLATION: R: LED Mahalanobis distance p50 = 5.45 too high. Fallback to full pose update.
03-05 17:26:18.603   862 10857 W [CT]    : CONSTELLATION: R: LED Mahalanobis distance p50 = 4.64 too high. Fallback to full pose update.
03-05 17:26:18.643   862 10857 W [CT]    : CONSTELLATION: R: LED Mahalanobis distance p50 = 3.96 too high. Fallback to full pose update.
03-05 17:26:18.657   862 10216 I [CT]    : INPUT_TRACKING:Behavior:NearHeadMoving: [Left] state transition: TorsoInitialized -> InRange
03-05 17:26:18.660   862  1049 I chatty  : uid=1000(system) Binder:862_2 identical 30 lines
03-05 17:26:18.663   862  1049 W TrackingService: attachClient: found client in attached list
03-05 17:26:18.665   862  1045 W TrackingService: attachClient: found client in attached list
03-05 17:26:18.683   862 10857 W [CT]    : CONSTELLATION: R: LED Mahalanobis distance p50 = 3.56 too high. Fallback to full pose update.
03-05 17:26:18.723   862 10857 W [CT]    : CONSTELLATION: R: LED Mahalanobis distance p50 = 2.40 too high. Fallback to full pose update.
03-05 17:26:18.756   862  1045 I chatty  : uid=1000(system) Binder:862_1 identical 4 lines
03-05 17:26:18.757   862 10216 I [CT]    : INPUT_TRACKING:Behavior:OutOfFoVRotation: [Right] deactivated
03-05 17:26:18.757   862 10216 I [CT]    : INPUT_TRACKING:ControllerMotionModel: [Right] t = 8340.285s, behavior transition: OutOfFoVRotation -> None
03-05 17:26:18.763   862 10857 W [CT]    : CONSTELLATION: R: LED Mahalanobis distance p50 = 2.15 too high. Fallback to full pose update.
03-05 17:26:18.771  2769  3474 I Telemetry: App memory usage: PSS=55 MiB, PrivateDirty=46 MiB, PrivateClean=3 MiB, GPU=3.8/4.0 MiB (96% allocated)
03-05 17:26:18.793   862  1045 W TrackingService: attachClient: found client in attached list
03-05 17:26:18.799   862  1049 W TrackingService: attachClient: found client in attached list
03-05 17:26:18.803   862 10857 W [CT]    : CONSTELLATION: R: LED Mahalanobis distance p50 = 2.24 too high. Fallback to full pose update.
03-05 17:26:18.880   862 10846 I [CT]    : VIPER: Mode=SuperVega,Status=6DoF,TRACKING,Inl=35,Mem=87.2,Jit=0.3mm,Issues(Cam/min=0.0,IMU/min=0.0),Exp=(12.6ms,g=15.0,I=74,Ir=396.0)(14.0ms,g=15.0,I=105,Ir=501.6)(14.0ms,g=15.0,I=118,Ir=563.6)(11.9ms,g=14.0,I=74,Ir=450.5)
03-05 17:26:18.880   862 10846 W [CT]    : VIPER: Images too dark, 
03-05 17:26:19.024   862  1049 I chatty  : uid=1000(system) Binder:862_2 identical 12 lines
03-05 17:26:19.060   862  1049 W TrackingService: attachClient: found client in attached list
03-05 17:26:19.063   862  1045 W TrackingService: attachClient: found client in attached list
03-05 17:26:19.133  1054  1084 W ActivityManager: Stopping service due to app idle: u0a71 -1m10s40ms com.oculus.appsafety/.AppSafetyService
03-05 17:26:19.135  9645  9645 D AppSafetyService: Service stopping
03-05 17:26:19.349   862 10216 I [CT]    : INPUT_TRACKING:Behavior:NearHeadMoving: [Left] state transition: InRange -> Init
03-05 17:26:19.351   862 10216 I [CT]    : INPUT_TRACKING:Behavior:NearHeadMoving: [Left] state transition: Init -> TorsoInitialized
03-05 17:26:19.595  1254  2384 I PerformanceManager_V0: SetClockLevels: Apply pending clock request change: 2,3 -> 2,4
03-05 17:26:19.595  1254  2375 I Clocks  : ReleaseClocks - start
03-05 17:26:19.596  1254  2375 I Clocks  : ReleaseClocks - end (0.3 ms)
03-05 17:26:19.596  1254  2375 I Clocks  : LockClocks( cpu=2, gpu=4 ) - start
03-05 17:26:19.596  1254  2375 I Clocks  : CPU levels [0, 7]
03-05 17:26:19.596  1254  2375 I Clocks  : GPU levels [0, 5]
03-05 17:26:19.596  1254  2375 I Clocks  : LockClocks( cpu=2, gpu=4 ) - end (0.4 ms)
03-05 17:26:19.828   582   608 I SyncBossFW: 8341357 [info   ] {PERF}: cpu load cur=0.4648 min=0.0515 max=0.4931 avg=0.2128
03-05 17:26:20.272   862  1045 I chatty  : uid=1000(system) Binder:862_1 identical 60 lines
03-05 17:26:20.282 10700 10737 I chatty  : uid=10205(com.YourCompany.TemplateProject3) expire 10 lines
03-05 17:26:20.316   862  1045 W TrackingService: attachClient: found client in attached list
03-05 17:26:20.319   862  1049 W TrackingService: attachClient: found client in attached list
03-05 17:26:20.323   862  1189 W [CT]    : VEGA_MAP_BUILDER: Resolved a potential TrackToMapPointAssosiation conflict between tracks 3866665 (index = 59, version = 41) and 1572918 (index = 24, version = 54). Point handle: 1790 0.
03-05 17:26:20.464   862 10846 W [CT]    : TIMESTAMPCHECKER: Nominal rate wrong. Estimated data rate: 25, Nominal is 30.000300003000028
03-05 17:26:20.806   862 10216 I [CT]    : INPUT_TRACKING:Behavior:NearHeadMoving: [Left] state transition: TorsoInitialized -> InRange
03-05 17:26:20.831  9292  9370 I chatty  : uid=10033(com.oculus.xrstreamingclient) xrsp-rt-read expire 14 lines
03-05 17:26:20.931   862  1049 I chatty  : uid=1000(system) Binder:862_2 identical 28 lines
03-05 17:26:20.956   862  1049 W TrackingService: attachClient: found client in attached list
03-05 17:26:20.962   862  1045 W TrackingService: attachClient: found client in attached list
03-05 17:26:21.095  1254  2888 I VrRuntimeService: RuntimeServiceSDKServer::SetGuardianSystemState: 2290292364
03-05 17:26:21.095  2769  2987 I GuardianSystem: UpdateGuardianSystemState: Flags changed: 532480, 524288, SYSTEM_GUARDIAN_VISIBLE,SYSTEM_GUARDIAN_VALID to SYSTEM_GUARDIAN_VALID
03-05 17:26:21.258  1254 10864 I CompositorVR: SetSchedFifo( tid=2987, pol=2, pri=0 ) succeeded
03-05 17:26:21.258  1254 10864 I CompositorVR: SetSchedFifo( tid=3391, pol=2, pri=0 ) succeeded
03-05 17:26:21.259  1254 10864 I CompositorVR: SetSchedFifo( tid=3484, pol=2, pri=0 ) succeeded
03-05 17:26:21.285   862  1189 I [CT]    : Vega:SubmapPublisher: Tracking parent no change: frame movement above thresh -> Publish
03-05 17:26:21.285   862  1189 I [CT]    : Vega:SubmapPublisher: Start to publish submaps, found candidates:  3
03-05 17:26:21.285   862  1189 E [CT]    : SubmapRecords: findSubmapId found 2 submap records hold the same query krHandle
03-05 17:26:21.519   862 10846 W [CT]    : VIO_HAS_TRACKING: Bad tracking: large covariance-weighted vision correction : 184.9992218017578 > 90
03-05 17:26:21.519   862 10846 W [CT]    : VEGA:PERCEPTUAL_HM: Bad tracking: tracker health is bad
03-05 17:26:21.519   862 10846 I [CT]    : VEGA:PERCEPTUAL_HM: Perceptual HM: bad tracking while exposing 6DoF. Delaying switch to 3DoF for 0.266666666 seconds.
03-05 17:26:21.520   862 10846 I [CT]    : VegaTracker: VegaTracker::track returned 340 track measurement(s) 167 track-to-landmark association(s) and 1 closed track ID(s) while reporting poor tracking quality. (isTrackerHealthy = false, isMapTrackingHealthy = true)
03-05 17:26:21.544   862 10846 I [CT]    : VIPER: Image mean intensities (per camera): 73.54, 106.44, 117.57, 74.01
03-05 17:26:21.546   862 10846 I [CT]    : VegaTracker: Performing big search to recover from bad map tracking or new reloc.
03-05 17:26:22.044   862 10857 I [CT]    : CONSTELLATION:VISION_STATUS: 729165a0fe4054d7 (R): BlobDetection:[#BlobsDetected=(17.27, 18.03)]Matching:[MatchSuccess=0.864, MatchCost=(0.00277, 0.00002), #MatchedBlobs=(6.16, 5.78), #MatchedLeds=(5.40, 3.78), RematchM=0.016, SkipRefine=0.012] MatchMethod:[Prox=0.840, ConstBrute=0.064, UnconstBrute=0.000] MatchResets[AnomBlobSize=0.040, SharedMatch=0.000, DenseReacq=0.000] | Fusion:[FusionError=0.000, ImuFromCamMs=(9.337, 1.384), RematchF=0.076] FusionUpdates:[Successful=0.860, Reliable=0.828, TightFusion=0.792, FullPose=0.060, StaticPrior=0.000, StaticForHandTrans=0.000, PoseUpdateMD=(33.7315, 687.3055)] FusionResets[6DoFReset=0.104, ResetSuccess=0.008] FusionStatus[HasPosition=0.904, HasVelocity=0.968] 
03-05 17:26:22.045   862 10857 I [CT]    : CONSTELLATION:VISION_STATUS: 86557c336c360320 (L): BlobDetection:[#BlobsDetected=(17.27, 18.03)]Matching:[MatchSuccess=1.000, MatchCost=(0.00363, 0.00001), #MatchedBlobs=(9.88, 13.63), #MatchedLeds=(7.50, 1.87), RematchM=0.000, SkipRefine=0.000] MatchMethod:[Prox=1.000, ConstBrute=0.000, UnconstBrute=0.000] MatchResets[AnomBlobSize=0.000, SharedMatch=0.000, DenseReacq=0.000] | Fusion:[FusionError=0.000, ImuFromCamMs=(9.231, 1.472), RematchF=0.052] FusionUpdates:[Successful=1.000, Reliable=0.980, TightFusion=1.000, FullPose=0.000, StaticPrior=0.000, StaticForHandTrans=0.000, PoseUpdateMD=(0.0000, 0.0000)] FusionResets[6DoFReset=0.000, ResetSuccess=0.000] FusionStatus[HasPosition=1.000, HasVelocity=1.000] 
03-05 17:26:22.065   862 10190 I [CT]    : boltlib: DSP utilization: 7.83 % (391 / 5000 ms)
03-05 17:26:22.203   862  1045 I chatty  : uid=1000(system) Binder:862_1 identical 62 lines
03-05 17:26:22.220   862  1045 W TrackingService: attachClient: found client in attached list
03-05 17:26:22.221   862  1049 W TrackingService: attachClient: found client in attached list
03-05 17:26:22.464   862 10846 W [CT]    : TIMESTAMPCHECKER: Nominal rate wrong. Estimated data rate: 25, Nominal is 30.000300003000028
03-05 17:26:22.481   862 10846 I [CT]    : VIPER: Mode=SuperVega,Status=6DoF,TRACKING,Inl=35,Mem=87.2,Jit=0.5mm,Issues(Cam/min=0.0,IMU/min=0.0),Exp=(14.0ms,g=15.0,I=73,Ir=350.1)(14.0ms,g=15.0,I=106,Ir=509.3)(14.0ms,g=15.0,I=121,Ir=578.1)(11.6ms,g=14.0,I=75,Ir=466.4)
03-05 17:26:22.481   862 10846 W [CT]    : VIPER: Images too dark, 
03-05 17:26:22.699   862 10216 W [CT]    : TorsoModel: [Throttled count=107] Not able to update controller's X-yaw (X is almost vertical)
03-05 17:26:22.973   862 10216 I [CT]    : INPUT_TRACKING:Behavior:NearHeadMoving: [Left] state transition: InRange -> Init
03-05 17:26:22.975   862 10216 I [CT]    : INPUT_TRACKING:Behavior:NearHeadMoving: [Left] state transition: Init -> TorsoInitialized
03-05 17:26:23.027   862 10216 I [CT]    : CONSTELLATION:IMU_STATUS: 729165a0fe4054d7 (R): [FusionTracked=0.964, OutputTracked=0.911, OutputValid=1.000] [AccelSat=0.000, GyroSat=0.000] 
03-05 17:26:23.269   862 10216 I [CT]    : INPUT_TRACKING:Behavior:NearHeadMoving: [Left] state transition: TorsoInitialized -> InRange
03-05 17:26:23.303   862  1049 I chatty  : uid=1000(system) Binder:862_2 identical 52 lines
03-05 17:26:23.306   862  1049 W TrackingService: attachClient: found client in attached list
03-05 17:26:23.307   862  1045 W TrackingService: attachClient: found client in attached list
03-05 17:26:23.404   862  1189 I [CT]    : Vega:SubmapPublisher: Tracking parent no change: frame movement above thresh -> Publish
03-05 17:26:23.404   862  1189 I [CT]    : Vega:SubmapPublisher: Start to publish submaps, found candidates:  3
03-05 17:26:23.404   862  1189 E [CT]    : SubmapRecords: findSubmapId found 2 submap records hold the same query krHandle
03-05 17:26:23.452  2769  2987 I GuardianCollisionTracker: Guardian Controller Collision: Magnitude: 14.593, Duration: -1.000 sec, TimeStamp: 8347.374023 sec
03-05 17:26:23.453  2769  2987 I GuardianCollisionTracker: Guardian Controller Collision: Magnitude: 8.760, Duration: -1.000 sec, TimeStamp: 8347.374023 sec
03-05 17:26:23.535   862 10216 I [CT]    : INPUT_TRACKING:Behavior:NearHeadMoving: [Left] state transition: InRange -> Init
03-05 17:26:23.537   862 10216 I [CT]    : INPUT_TRACKING:Behavior:NearHeadMoving: [Left] state transition: Init -> TorsoInitialized
03-05 17:26:23.711   862  1045 I chatty  : uid=1000(system) Binder:862_1 identical 17 lines
03-05 17:26:23.743   862  1045 W TrackingService: attachClient: found client in attached list
03-05 17:26:23.746   862  1049 W TrackingService: attachClient: found client in attached list
03-05 17:26:24.367   862  1189 I [CT]    : Vega:SubmapPublisher: Tracking parent no change: frame movement above thresh -> Publish
03-05 17:26:24.367   862  1189 I [CT]    : Vega:SubmapPublisher: Start to publish submaps, found candidates:  3
03-05 17:26:24.367   862  1189 E [CT]    : SubmapRecords: findSubmapId found 2 submap records hold the same query krHandle
03-05 17:26:24.504   862 10846 W [CT]    : TIMESTAMPCHECKER: Nominal rate wrong. Estimated data rate: 25, Nominal is 30.000300003000028
03-05 17:26:24.533   862  1049 I chatty  : uid=1000(system) Binder:862_2 identical 39 lines
03-05 17:26:24.542   862  1049 W TrackingService: attachClient: found client in attached list
03-05 17:26:24.545   862  1045 W TrackingService: attachClient: found client in attached list
03-05 17:26:24.566  1254  2888 I VrRuntimeService: RuntimeServiceSDKServer::SetGuardianSystemState: 2290292364
03-05 17:26:24.567  2769  2987 I GuardianSystem: UpdateGuardianSystemState: Flags changed: 524288, 532480, SYSTEM_GUARDIAN_VALID to SYSTEM_GUARDIAN_VISIBLE,SYSTEM_GUARDIAN_VALID
03-05 17:26:24.600  1254 10864 I CompositorVR: SetSchedFifo( tid=2987, pol=5, pri=1 ) succeeded
03-05 17:26:24.600  1254 10864 I CompositorVR: SetSchedFifo( tid=3391, pol=5, pri=1 ) succeeded
03-05 17:26:24.600  1254 10864 I CompositorVR: SetSchedFifo( tid=3484, pol=5, pri=1 ) succeeded
03-05 17:26:24.818   862  1045 I chatty  : uid=1000(system) Binder:862_1 identical 14 lines
03-05 17:26:24.823   862  1045 W TrackingService: attachClient: found client in attached list
03-05 17:26:24.827   862  1049 W TrackingService: attachClient: found client in attached list
03-05 17:26:25.442  1254  2384 I PerformanceManager_V0: SetClockLevels: Apply pending clock request change: 2,4 -> 3,4
03-05 17:26:25.443  1254  2375 I Clocks  : ReleaseClocks - start
03-05 17:26:25.443  1254  2375 I Clocks  : ReleaseClocks - end (0.4 ms)
03-05 17:26:25.443  1254  2375 I Clocks  : LockClocks( cpu=3, gpu=4 ) - start
03-05 17:26:25.443  1254  2375 I Clocks  : CPU levels [0, 7]
03-05 17:26:25.443  1254  2375 I Clocks  : GPU levels [0, 5]
03-05 17:26:25.443  1254  2375 I Clocks  : LockClocks( cpu=3, gpu=4 ) - end (0.4 ms)
03-05 17:26:25.481   862  1049 I chatty  : uid=1000(system) Binder:862_2 identical 29 lines
03-05 17:26:25.520   862  1049 W TrackingService: attachClient: found client in attached list
03-05 17:26:25.524   862  1045 W TrackingService: attachClient: found client in attached list
03-05 17:26:25.592  1254  2888 I VrRuntimeService: RuntimeServiceSDKServer::SetGuardianSystemState: 2290292364
03-05 17:26:25.592  2769  2987 I GuardianSystem: UpdateGuardianSystemState: Flags changed: 532480, 524288, SYSTEM_GUARDIAN_VISIBLE,SYSTEM_GUARDIAN_VALID to SYSTEM_GUARDIAN_VALID
03-05 17:26:25.734  1879  2365 W DeviceConfigUtil: Try to get config param "oculus_shared_social:oculus_messenger_reauth_removal" before Device Config has subscribed to the service.
03-05 17:26:25.755  1254 10864 I CompositorVR: SetSchedFifo( tid=2987, pol=2, pri=0 ) succeeded
03-05 17:26:25.755  1254 10864 I CompositorVR: SetSchedFifo( tid=3391, pol=2, pri=0 ) succeeded
03-05 17:26:25.755  1254 10864 I CompositorVR: SetSchedFifo( tid=3484, pol=2, pri=0 ) succeeded
03-05 17:26:25.807   862 10216 I [CT]    : INPUT_TRACKING:Behavior:NearHeadMoving: [Left] state transition: TorsoInitialized -> InRange
03-05 17:26:26.006   862  1045 I chatty  : uid=1000(system) Binder:862_1 identical 32 lines
03-05 17:26:26.012   862  1045 W TrackingService: attachClient: found client in attached list
03-05 17:26:26.013   862  1049 W TrackingService: attachClient: found client in attached list
03-05 17:26:26.081   862 10846 I [CT]    : VIPER: Mode=SuperVega,Status=6DoF,TRACKING,Inl=35,Mem=87.3,Jit=0.2mm,Issues(Cam/min=0.0,IMU/min=0.0),Exp=(12.4ms,g=15.0,I=72,Ir=390.5)(14.0ms,g=15.0,I=106,Ir=505.8)(14.0ms,g=15.0,I=117,Ir=558.3)(12.5ms,g=14.0,I=76,Ir=436.8)
03-05 17:26:26.081   862 10846 W [CT]    : VIPER: Images too dark, 
03-05 17:26:26.250   862  1049 I chatty  : uid=1000(system) Binder:862_2 identical 11 lines
03-05 17:26:26.281   862  1049 W TrackingService: attachClient: found client in attached list
03-05 17:26:26.285   862  1045 W TrackingService: attachClient: found client in attached list
03-05 17:26:26.285   862  1189 I [CT]    : Vega:SubmapPublisher: Tracking parent no change: frame movement above thresh -> Publish
03-05 17:26:26.286   862  1189 I [CT]    : Vega:SubmapPublisher: Start to publish submaps, found candidates:  3
03-05 17:26:26.286   862  1189 E [CT]    : SubmapRecords: findSubmapId found 2 submap records hold the same query krHandle
03-05 17:26:26.372   862  1045 I chatty  : uid=1000(system) Binder:862_1 identical 2 lines
03-05 17:26:26.376   862  1045 W TrackingService: attachClient: found client in attached list
03-05 17:26:26.378   862  1049 W TrackingService: attachClient: found client in attached list
03-05 17:26:26.504   862 10846 W [CT]    : TIMESTAMPCHECKER: Nominal rate wrong. Estimated data rate: 25, Nominal is 30.000300003000028
03-05 17:26:26.626   862  1049 I chatty  : uid=1000(system) Binder:862_2 identical 12 lines
03-05 17:26:26.650   862  1049 W TrackingService: attachClient: found client in attached list
03-05 17:26:26.652   862  1045 W TrackingService: attachClient: found client in attached list
03-05 17:26:26.954   862 10216 I [CT]    : CONSTELLATION:IMU_STATUS: 86557c336c360320 (L): [FusionTracked=1.000, OutputTracked=1.000, OutputValid=1.000] [AccelSat=0.000, GyroSat=0.000] 
03-05 17:26:27.065   862 10190 I [CT]    : boltlib: DSP utilization: 8.92 % (445 / 5000 ms)
03-05 17:26:27.066   862  1045 I chatty  : uid=1000(system) Binder:862_1 identical 19 lines
03-05 17:26:27.076   862  1045 W TrackingService: attachClient: found client in attached list
03-05 17:26:27.082   862  1049 W TrackingService: attachClient: found client in attached list
03-05 17:26:27.088  3040  3040 D MetaCam (DeviceLifecycleManager): onCapabilitiesChanged(...). Has NET_CAPABILITY_VALIDATED.
03-05 17:26:27.088  3040  3040 I chatty  : uid=10097(com.oculus.metacam) identical 3 lines
03-05 17:26:27.089  3040  3040 D MetaCam (DeviceLifecycleManager): onCapabilitiesChanged(...). Has NET_CAPABILITY_VALIDATED.
03-05 17:26:27.090 10700 10731 I chatty  : uid=10205(com.YourCompany.TemplateProject3) expire 4 lines
03-05 17:26:27.091 10700 11095 I chatty  : uid=10205(com.YourCompany.TemplateProject3) expire 3 lines
03-05 17:26:27.093   862  1049 W TrackingService: attachClient: found client in attached list
03-05 17:26:27.095   862  1045 W TrackingService: attachClient: found client in attached list
03-05 17:26:27.587   862  1045 I chatty  : uid=1000(system) Binder:862_1 identical 25 lines
03-05 17:26:27.626   862  1045 W TrackingService: attachClient: found client in attached list
03-05 17:26:27.627   862  1049 W TrackingService: attachClient: found client in attached list
03-05 17:26:28.110   862  1049 I chatty  : uid=1000(system) Binder:862_2 identical 20 lines
03-05 17:26:28.116   862  1049 W TrackingService: attachClient: found client in attached list
03-05 17:26:28.119   862  1045 W TrackingService: attachClient: found client in attached list
03-05 17:26:28.248  1254  2888 I VrRuntimeService: RuntimeServiceSDKServer::SetGuardianSystemState: 2290292364
03-05 17:26:28.248  2769  2987 I GuardianSystem: UpdateGuardianSystemState: Flags changed: 524288, 532480, SYSTEM_GUARDIAN_VALID to SYSTEM_GUARDIAN_VISIBLE,SYSTEM_GUARDIAN_VALID
03-05 17:26:28.275  1254 10864 I CompositorVR: SetSchedFifo( tid=2987, pol=5, pri=1 ) succeeded
03-05 17:26:28.275  1254 10864 I CompositorVR: SetSchedFifo( tid=3391, pol=5, pri=1 ) succeeded
03-05 17:26:28.276  1254 10864 I CompositorVR: SetSchedFifo( tid=3484, pol=5, pri=1 ) succeeded
03-05 17:26:28.338  1254  2384 E TREX    : Interface version 1 was not found. Check debug build for more information.
03-05 17:26:28.492   862 10216 I [CT]    : INPUT_TRACKING:Behavior:NearHeadMoving: [Left] state transition: InRange -> Init
03-05 17:26:28.494   862 10216 I [CT]    : INPUT_TRACKING:Behavior:NearHeadMoving: [Left] state transition: Init -> TorsoInitialized
03-05 17:26:28.504   862 10846 W [CT]    : TIMESTAMPCHECKER: Nominal rate wrong. Estimated data rate: 25, Nominal is 30.000300003000028
03-05 17:26:29.020 10700 10992 I chatty  : uid=10205(com.YourCompany.TemplateProject3) expire 12 lines
03-05 17:26:29.056   862  1045 I chatty  : uid=1000(system) Binder:862_1 identical 45 lines
03-05 17:26:29.071   862  1045 W TrackingService: attachClient: found client in attached list
03-05 17:26:29.072   862  1049 W TrackingService: attachClient: found client in attached list
03-05 17:26:29.350   862  1049 I chatty  : uid=1000(system) Binder:862_2 identical 14 lines
03-05 17:26:29.358   862  1049 W TrackingService: attachClient: found client in attached list
03-05 17:26:29.359   862  1045 W TrackingService: attachClient: found client in attached list
03-05 17:26:29.405   862  1189 I [CT]    : Vega:SubmapPublisher: Tracking parent no change: frame movement above thresh -> Publish
03-05 17:26:29.405   862  1189 I [CT]    : Vega:SubmapPublisher: Start to publish submaps, found candidates:  3
03-05 17:26:29.405   862  1189 E [CT]    : SubmapRecords: findSubmapId found 2 submap records hold the same query krHandle
03-05 17:26:29.516  1254  2888 I VrRuntimeService: RuntimeServiceSDKServer::SetGuardianSystemState: 2290292364
03-05 17:26:29.517  2769  2987 I GuardianSystem: UpdateGuardianSystemState: Flags changed: 532480, 524288, SYSTEM_GUARDIAN_VISIBLE,SYSTEM_GUARDIAN_VALID to SYSTEM_GUARDIAN_VALID
03-05 17:26:29.681  1254 10864 I CompositorVR: SetSchedFifo( tid=2987, pol=2, pri=0 ) succeeded
03-05 17:26:29.681  1254 10864 I CompositorVR: SetSchedFifo( tid=3391, pol=2, pri=0 ) succeeded
03-05 17:26:29.682  1254 10864 I CompositorVR: SetSchedFifo( tid=3484, pol=2, pri=0 ) succeeded
03-05 17:26:29.682   862 10846 I [CT]    : VIPER: Mode=SuperVega,Status=6DoF,TRACKING,Inl=33,Mem=87.4,Jit=0.5mm,Issues(Cam/min=0.0,IMU/min=0.0),Exp=(12.5ms,g=15.0,I=74,Ir=398.3)(14.0ms,g=15.0,I=106,Ir=509.2)(14.0ms,g=15.0,I=110,Ir=525.1)(10.5ms,g=14.0,I=74,Ir=507.0)
03-05 17:26:29.682   862 10846 W [CT]    : VIPER: Images too dark, 
03-05 17:26:29.806   862  1045 I chatty  : uid=1000(system) Binder:862_1 identical 24 lines
03-05 17:26:29.826   862  1045 W TrackingService: attachClient: found client in attached list
03-05 17:26:29.827   862  1049 W TrackingService: attachClient: found client in attached list
03-05 17:26:30.014  9292  9342 I chatty  : uid=10033(com.oculus.xrstreamingclient) SlamAnchorMem expire 943 lines
03-05 17:26:30.055  9292  9397 I chatty  : uid=10033(com.oculus.xrstreamingclient) SlamAnchorMem expire 296 lines
03-05 17:26:30.111  3040  3040 D MetaCam (DeviceLifecycleManager): onCapabilitiesChanged(...). Has NET_CAPABILITY_VALIDATED.
03-05 17:26:30.112  3040  3040 D MetaCam (DeviceLifecycleManager): onCapabilitiesChanged(...). Has NET_CAPABILITY_VALIDATED.
03-05 17:26:30.116 10700 11102 I chatty  : uid=10205(com.YourCompany.TemplateProject3) expire 3 lines
03-05 17:26:30.124   862  1189 W [CT]    : VEGA_MAP_BUILDER: Resolved a potential TrackToMapPointAssosiation conflict between tracks 6225962 (index = 95, version = 42) and 7667780 (index = 117, version = 68). Point handle: 1754 0.
03-05 17:26:30.125   862  1189 I [CT]    : VIPER: InternalAnchorHealthMonitor: Anchors: 3 | Persistent anchors: 2 | Anchors never observed: 2
03-05 17:26:30.125   862  1189 I [CT]    :   (min/avg/max) Anchor landmarks: (9|14.333333333333334|17) | Covisible keyframes: (8|10|14) | Times since observation: (0|0|0)
03-05 17:26:30.203   862  1049 I chatty  : uid=1000(system) Binder:862_2 identical 20 lines
03-05 17:26:30.232   862  1049 W TrackingService: attachClient: found client in attached list
03-05 17:26:30.234   862  1045 W TrackingService: attachClient: found client in attached list
03-05 17:26:30.544   862 10846 W [CT]    : TIMESTAMPCHECKER: Nominal rate wrong. Estimated data rate: 25, Nominal is 30.000300003000028
03-05 17:26:31.015   862  1045 I chatty  : uid=1000(system) Binder:862_1 identical 39 lines
03-05 17:26:31.040   862  1045 W TrackingService: attachClient: found client in attached list
03-05 17:26:31.044   862  1049 W TrackingService: attachClient: found client in attached list
03-05 17:26:31.086   862  1189 I [CT]    : Vega:SubmapPublisher: Tracking parent no change: frame movement above thresh -> Publish
03-05 17:26:31.086   862  1189 I [CT]    : Vega:SubmapPublisher: Start to publish submaps, found candidates:  3
03-05 17:26:31.086   862  1189 E [CT]    : SubmapRecords: findSubmapId found 2 submap records hold the same query krHandle
03-05 17:26:31.089   862  1049 I chatty  : uid=1000(system) Binder:862_2 identical 2 lines
03-05 17:26:31.103   862  1049 W TrackingService: attachClient: found client in attached list
03-05 17:26:31.104   862  1045 W TrackingService: attachClient: found client in attached list
03-05 17:26:31.137  1254  2384 I PerformanceManager_V0: SetClockLevels: Apply pending clock request change: 3,4 -> 2,4
03-05 17:26:31.137  1254  2375 I Clocks  : ReleaseClocks - start
03-05 17:26:31.137  1254  2375 I Clocks  : ReleaseClocks - end (0.3 ms)
03-05 17:26:31.137  1254  2375 I Clocks  : LockClocks( cpu=2, gpu=4 ) - start
03-05 17:26:31.137  1254  2375 I Clocks  : CPU levels [0, 7]
03-05 17:26:31.137  1254  2375 I Clocks  : GPU levels [0, 5]
03-05 17:26:31.137  1254  2375 I Clocks  : LockClocks( cpu=2, gpu=4 ) - end (0.4 ms)
03-05 17:26:31.343   862  1045 I chatty  : uid=1000(system) Binder:862_1 identical 12 lines
03-05 17:26:31.376   862  1045 W TrackingService: attachClient: found client in attached list
03-05 17:26:31.378   862  1049 W TrackingService: attachClient: found client in attached list
03-05 17:26:31.538  1254  2888 I VrRuntimeService: RuntimeServiceSDKServer::SetGuardianSystemState: 2290292364
03-05 17:26:31.539  2769  2987 I GuardianSystem: UpdateGuardianSystemState: Flags changed: 524288, 532480, SYSTEM_GUARDIAN_VALID to SYSTEM_GUARDIAN_VISIBLE,SYSTEM_GUARDIAN_VALID
03-05 17:26:31.561  1254 10864 I CompositorVR: SetSchedFifo( tid=2987, pol=5, pri=1 ) succeeded
03-05 17:26:31.561  1254 10864 I CompositorVR: SetSchedFifo( tid=3391, pol=5, pri=1 ) succeeded
03-05 17:26:31.561  1254 10864 I CompositorVR: SetSchedFifo( tid=3484, pol=5, pri=1 ) succeeded
03-05 17:26:31.800  1254  2888 I VrRuntimeService: RuntimeServiceSDKServer::SetGuardianSystemState: 2290292364
03-05 17:26:31.800  2769  2987 I GuardianSystem: UpdateGuardianSystemState: Flags changed: 532480, 524288, SYSTEM_GUARDIAN_VISIBLE,SYSTEM_GUARDIAN_VALID to SYSTEM_GUARDIAN_VALID
03-05 17:26:31.964  1254 10864 I CompositorVR: SetSchedFifo( tid=2987, pol=2, pri=0 ) succeeded
03-05 17:26:31.965  1254 10864 I CompositorVR: SetSchedFifo( tid=3391, pol=2, pri=0 ) succeeded
03-05 17:26:31.965  1254 10864 I CompositorVR: SetSchedFifo( tid=3484, pol=2, pri=0 ) succeeded
03-05 17:26:32.044   862 10857 I [CT]    : CONSTELLATION:VISION_STATUS: 729165a0fe4054d7 (R): BlobDetection:[#BlobsDetected=(18.98, 14.92)]Matching:[MatchSuccess=1.000, MatchCost=(0.00134, 0.00000), #MatchedBlobs=(9.41, 9.63), #MatchedLeds=(5.38, 1.55), RematchM=0.000, SkipRefine=0.000] MatchMethod:[Prox=1.000, ConstBrute=0.000, UnconstBrute=0.000] MatchResets[AnomBlobSize=0.000, SharedMatch=0.000, DenseReacq=0.000] | Fusion:[FusionError=0.000, ImuFromCamMs=(9.627, 1.234), RematchF=0.128] FusionUpdates:[Successful=1.000, Reliable=0.948, TightFusion=0.952, FullPose=0.048, StaticPrior=0.000, StaticForHandTrans=0.000, PoseUpdateMD=(2.1089, 8.7945)] FusionResets[6DoFReset=0.000, ResetSuccess=0.000] FusionStatus[HasPosition=1.000, HasVelocity=1.000] 
03-05 17:26:32.044   862 10857 I [CT]    : CONSTELLATION:VISION_STATUS: 86557c336c360320 (L): BlobDetection:[#BlobsDetected=(18.98, 14.92)]Matching:[MatchSuccess=1.000, MatchCost=(0.00560, 0.00002), #MatchedBlobs=(8.64, 3.96), #MatchedLeds=(7.10, 0.98), RematchM=0.000, SkipRefine=0.000] MatchMethod:[Prox=1.000, ConstBrute=0.000, UnconstBrute=0.000] MatchResets[AnomBlobSize=0.000, SharedMatch=0.000, DenseReacq=0.000] | Fusion:[FusionError=0.000, ImuFromCamMs=(9.792, 1.293), RematchF=0.024] FusionUpdates:[Successful=1.000, Reliable=0.992, TightFusion=0.996, FullPose=0.004, StaticPrior=0.000, StaticForHandTrans=0.000, PoseUpdateMD=(20.3830, 0.0000)] FusionResets[6DoFReset=0.000, ResetSuccess=0.000] FusionStatus[HasPosition=1.000, HasVelocity=1.000] 
03-05 17:26:32.065   862 10190 I [CT]    : boltlib: DSP utilization: 8.84 % (442 / 5000 ms)
03-05 17:26:32.287   862  1189 I [CT]    : Vega:SubmapPublisher: Tracking parent no change: frame movement above thresh -> Publish
03-05 17:26:32.287   862  1189 I [CT]    : Vega:SubmapPublisher: Start to publish submaps, found candidates:  3
03-05 17:26:32.287   862  1189 E [CT]    : SubmapRecords: findSubmapId found 2 submap records hold the same query krHandle
03-05 17:26:32.346   862  1049 I chatty  : uid=1000(system) Binder:862_2 identical 42 lines
03-05 17:26:32.350   862  1049 W TrackingService: attachClient: found client in attached list
03-05 17:26:32.354   862  1045 W TrackingService: attachClient: found client in attached list
03-05 17:26:32.414  1254  2888 I VrRuntimeService: RuntimeServiceSDKServer::SetGuardianSystemState: 2290292364
03-05 17:26:32.415  2769  2987 I GuardianSystem: UpdateGuardianSystemState: Flags changed: 524288, 532480, SYSTEM_GUARDIAN_VALID to SYSTEM_GUARDIAN_VISIBLE,SYSTEM_GUARDIAN_VALID
03-05 17:26:32.438  1254 10864 I CompositorVR: SetSchedFifo( tid=2987, pol=5, pri=1 ) succeeded
03-05 17:26:32.438  1254 10864 I CompositorVR: SetSchedFifo( tid=3391, pol=5, pri=1 ) succeeded
03-05 17:26:32.438  1254 10864 I CompositorVR: SetSchedFifo( tid=3484, pol=5, pri=1 ) succeeded
03-05 17:26:32.496  1254  2888 I VrRuntimeService: RuntimeServiceSDKServer::SetGuardianSystemState: 2290292364
03-05 17:26:32.496  2769  2987 I GuardianSystem: UpdateGuardianSystemState: Flags changed: 532480, 524288, SYSTEM_GUARDIAN_VISIBLE,SYSTEM_GUARDIAN_VALID to SYSTEM_GUARDIAN_VALID
03-05 17:26:32.510  1254  2888 I VrRuntimeService: RuntimeServiceSDKServer::SetGuardianSystemState: 2290292364
03-05 17:26:32.510  2769  2987 I GuardianSystem: UpdateGuardianSystemState: Flags changed: 524288, 532480, SYSTEM_GUARDIAN_VALID to SYSTEM_GUARDIAN_VISIBLE,SYSTEM_GUARDIAN_VALID
03-05 17:26:32.544   862 10846 W [CT]    : TIMESTAMPCHECKER: Nominal rate wrong. Estimated data rate: 25, Nominal is 30.000300003000028
03-05 17:26:32.566  1254  2888 I VrRuntimeService: RuntimeServiceSDKServer::SetGuardianSystemState: 2290292364
03-05 17:26:32.566  2769  2987 I GuardianSystem: UpdateGuardianSystemState: Flags changed: 532480, 524288, SYSTEM_GUARDIAN_VISIBLE,SYSTEM_GUARDIAN_VALID to SYSTEM_GUARDIAN_VALID
03-05 17:26:32.730  1254 10864 I CompositorVR: SetSchedFifo( tid=2987, pol=2, pri=0 ) succeeded
03-05 17:26:32.730  1254 10864 I CompositorVR: SetSchedFifo( tid=3391, pol=2, pri=0 ) succeeded
03-05 17:26:32.731  1254 10864 I CompositorVR: SetSchedFifo( tid=3484, pol=2, pri=0 ) succeeded
03-05 17:26:32.810   862  1045 I chatty  : uid=1000(system) Binder:862_1 identical 23 lines
03-05 17:26:32.844   862  1045 W TrackingService: attachClient: found client in attached list
03-05 17:26:32.846   862  1049 W TrackingService: attachClient: found client in attached list
03-05 17:26:33.027   862 10216 I [CT]    : CONSTELLATION:IMU_STATUS: 729165a0fe4054d7 (R): [FusionTracked=1.000, OutputTracked=1.000, OutputValid=1.000] [AccelSat=0.000, GyroSat=0.000] 
03-05 17:26:33.151   862  1049 I chatty  : uid=1000(system) Binder:862_2 identical 13 lines
03-05 17:26:33.170   862  1049 W TrackingService: attachClient: found client in attached list
03-05 17:26:33.172   862  1045 W TrackingService: attachClient: found client in attached list
03-05 17:26:33.282   862 10846 I [CT]    : VIPER: Mode=SuperVega,Status=6DoF,TRACKING,Inl=32,Mem=87.4,Jit=0.2mm,Issues(Cam/min=0.0,IMU/min=0.0),Exp=(12.6ms,g=15.0,I=74,Ir=393.9)(14.0ms,g=15.0,I=110,Ir=527.2)(14.0ms,g=15.0,I=116,Ir=552.5)(10.8ms,g=14.0,I=75,Ir=501.7)
03-05 17:26:33.282   862 10846 W [CT]    : VIPER: Images too dark, 
03-05 17:26:33.617   862  1045 I chatty  : uid=1000(system) Binder:862_1 identical 21 lines
03-05 17:26:33.641   862  1045 W TrackingService: attachClient: found client in attached list
03-05 17:26:33.644   862  1049 W TrackingService: attachClient: found client in attached list
03-05 17:26:33.663   862  1049 W TrackingService: attachClient: found client in attached list
03-05 17:26:33.666   862  1045 W TrackingService: attachClient: found client in attached list
03-05 17:26:34.360   862  1045 I chatty  : uid=1000(system) Binder:862_1 identical 39 lines
03-05 17:26:34.382   862  1045 W TrackingService: attachClient: found client in attached list
03-05 17:26:34.385   862  1049 W TrackingService: attachClient: found client in attached list
03-05 17:26:34.544   862 10846 W [CT]    : TIMESTAMPCHECKER: Nominal rate wrong. Estimated data rate: 25, Nominal is 30.000300003000028
03-05 17:26:34.751  2915  3205 I Telemetry: App memory usage: PSS=40 MiB, PrivateDirty=34 MiB, PrivateClean=1 MiB, GPU=5.2/5.4 MiB (97% allocated)
03-05 17:26:34.882  9292  9370 I chatty  : uid=10033(com.oculus.xrstreamingclient) xrsp-rt-read expire 11 lines
03-05 17:26:35.165   862  1189 I [CT]    : Vega:SubmapPublisher: Tracking parent no change: frame movement above thresh -> Publish
03-05 17:26:35.165   862  1189 I [CT]    : Vega:SubmapPublisher: Start to publish submaps, found candidates:  3
03-05 17:26:35.165   862  1189 E [CT]    : SubmapRecords: findSubmapId found 2 submap records hold the same query krHandle
03-05 17:26:35.353   862  1049 I chatty  : uid=1000(system) Binder:862_2 identical 46 lines
03-05 17:26:35.360   862  1049 W TrackingService: attachClient: found client in attached list
03-05 17:26:35.363   862  1045 W TrackingService: attachClient: found client in attached list
03-05 17:26:35.397   862  1045 W TrackingService: attachClient: found client in attached list
03-05 17:26:35.403   862  1049 W TrackingService: attachClient: found client in attached list
03-05 17:26:35.455   696   924 I netd    : firewallSetUidRule(2, 10071, 1) <0.05ms>
03-05 17:26:35.884   862  1189 I [CT]    : Vega:SubmapPublisher: Tracking parent no change: frame movement above thresh -> Publish
03-05 17:26:35.884   862  1189 I [CT]    : Vega:SubmapPublisher: Start to publish submaps, found candidates:  3
03-05 17:26:35.884   862  1189 E [CT]    : SubmapRecords: findSubmapId found 2 submap records hold the same query krHandle
03-05 17:26:35.914   862  1049 I chatty  : uid=1000(system) Binder:862_2 identical 26 lines
03-05 17:26:35.935   696   924 I netd    : firewallSetUidRule(2, 10071, 2) <0.05ms>
03-05 17:26:35.941  2387 11118 W OVRLibrary: null cursor received for query content://com.oculus.ocms.library/apps/com.YourCompany.TemplateProject3
03-05 17:26:35.955   862  1049 W TrackingService: attachClient: found client in attached list
03-05 17:26:35.960   862  1045 W TrackingService: attachClient: found client in attached list
03-05 17:26:36.168  3040  3040 D MetaCam (DeviceLifecycleManager): onCapabilitiesChanged(...). Has NET_CAPABILITY_VALIDATED.
03-05 17:26:36.171  3040  3040 D MetaCam (DeviceLifecycleManager): onCapabilitiesChanged(...). Has NET_CAPABILITY_VALIDATED.
03-05 17:26:36.171  3040  3040 D MetaCam (DeviceLifecycleManager): onCapabilitiesChanged(...). Has NET_CAPABILITY_VALIDATED.
03-05 17:26:36.172 10700 11119 I chatty  : uid=10205(com.YourCompany.TemplateProject3) expire 3 lines
03-05 17:26:36.380   862  1045 I chatty  : uid=1000(system) Binder:862_1 identical 22 lines
03-05 17:26:36.386   862  1045 W TrackingService: attachClient: found client in attached list
03-05 17:26:36.391   862  1049 W TrackingService: attachClient: found client in attached list
03-05 17:26:36.580  1254  2888 I VrRuntimeService: RuntimeServiceSDKServer::SetGuardianSystemState: 2290292364
03-05 17:26:36.581  2769  2987 I GuardianSystem: UpdateGuardianSystemState: Flags changed: 524288, 532480, SYSTEM_GUARDIAN_VALID to SYSTEM_GUARDIAN_VISIBLE,SYSTEM_GUARDIAN_VALID
03-05 17:26:36.584   862 10846 W [CT]    : TIMESTAMPCHECKER: Nominal rate wrong. Estimated data rate: 25, Nominal is 30.000300003000028
03-05 17:26:36.601  1254 10864 I CompositorVR: SetSchedFifo( tid=2987, pol=5, pri=1 ) succeeded
03-05 17:26:36.602  1254 10864 I CompositorVR: SetSchedFifo( tid=3391, pol=5, pri=1 ) succeeded
03-05 17:26:36.602  1254 10864 I CompositorVR: SetSchedFifo( tid=3484, pol=5, pri=1 ) succeeded
03-05 17:26:36.706   862  1049 I chatty  : uid=1000(system) Binder:862_2 identical 15 lines
03-05 17:26:36.741   862  1049 W TrackingService: attachClient: found client in attached list
03-05 17:26:36.743   862  1045 W TrackingService: attachClient: found client in attached list
03-05 17:26:36.745 10700 11003 I chatty  : uid=10205(com.YourCompany.TemplateProject3) expire 4 lines
03-05 17:26:36.765  1879  2365 W DeviceConfigUtil: Try to get config param "oculus_shared_social:oculus_messenger_reauth_removal" before Device Config has subscribed to the service.
03-05 17:26:36.772  1254 10783 I VrRuntimeService: CreateSwapChain: 522336959
03-05 17:26:36.772  1254 10783 I VrRuntimeService: CreateSwapChain: api:vk 0 0x2b 1024 1024 1 3 1 0 15
03-05 17:26:36.776  1254 10783 I VrRuntimeServer: CreateTextureSwapChain: result importswapchaingles 1
03-05 17:26:36.809  1254 10864 I CompositorProgs: loaded binary layerProgram 0:0x100000049803:0x0 in 4.2 ms
03-05 17:26:36.846   862  1189 I [CT]    : Vega:SubmapPublisher: Tracking parent no change: frame movement above thresh -> Publish
03-05 17:26:36.846   862  1189 I [CT]    : Vega:SubmapPublisher: Start to publish submaps, found candidates:  3
03-05 17:26:36.846   862  1189 E [CT]    : SubmapRecords: findSubmapId found 2 submap records hold the same query krHandle
03-05 17:26:36.887   862 10846 I [CT]    : VIPER: Mode=SuperVega,Status=6DoF,TRACKING,Inl=34,Mem=87.4,Jit=0.3mm,Issues(Cam/min=0.0,IMU/min=0.0),Exp=(13.7ms,g=15.0,I=75,Ir=368.1)(14.0ms,g=15.0,I=100,Ir=477.7)(14.0ms,g=15.0,I=109,Ir=520.5)(11.1ms,g=13.0,I=75,Ir=521.8)
03-05 17:26:36.887   862 10846 W [CT]    : VIPER: Images too dark, 
03-05 17:26:36.953   862 10216 I [CT]    : CONSTELLATION:IMU_STATUS: 86557c336c360320 (L): [FusionTracked=1.000, OutputTracked=1.000, OutputValid=1.000] [AccelSat=0.000, GyroSat=0.000] 
03-05 17:26:37.012  1254  2384 I PerformanceManager_V0: SetClockLevels: Apply pending clock request change: 2,4 -> 3,4
03-05 17:26:37.012  1254  2375 I Clocks  : ReleaseClocks - start
03-05 17:26:37.012  1254  2375 I Clocks  : ReleaseClocks - end (0.3 ms)
03-05 17:26:37.012  1254  2375 I Clocks  : LockClocks( cpu=3, gpu=4 ) - start
03-05 17:26:37.012  1254  2375 I Clocks  : CPU levels [0, 7]
03-05 17:26:37.012  1254  2375 I Clocks  : GPU levels [0, 5]
03-05 17:26:37.013  1254  2375 I Clocks  : LockClocks( cpu=3, gpu=4 ) - end (0.4 ms)
03-05 17:26:37.071   862 10846 I [CT]    : boltlib: DSP utilization: 8.83 % (442 / 5005 ms)
03-05 17:26:37.147  1254  2888 I VrRuntimeService: RuntimeServiceSDKServer::SetGuardianSystemState: 2290292364
03-05 17:26:37.147  2769  2987 I GuardianSystem: UpdateGuardianSystemState: Flags changed: 532480, 524288, SYSTEM_GUARDIAN_VISIBLE,SYSTEM_GUARDIAN_VALID to SYSTEM_GUARDIAN_VALID
03-05 17:26:37.311  1254 10864 I CompositorVR: SetSchedFifo( tid=2987, pol=2, pri=0 ) succeeded
03-05 17:26:37.311  1254 10864 I CompositorVR: SetSchedFifo( tid=3391, pol=2, pri=0 ) succeeded
03-05 17:26:37.311  1254 10864 I CompositorVR: SetSchedFifo( tid=3484, pol=2, pri=0 ) succeeded
03-05 17:26:37.364   862  1045 I chatty  : uid=1000(system) Binder:862_1 identical 33 lines
03-05 17:26:37.376   862  1045 W TrackingService: attachClient: found client in attached list
03-05 17:26:37.387   744 10182 E SyncBossHAL: [error  ] syncboss_hal_jedi.c(88): Failed to send telemetry event for module jedi with error -22
