03-05 19:30:33.585  4604  4627 I VrRuntimeClient: APP ACTIVITY CLASS = com.oculus.xrstreamingclient.MainActivity
03-05 19:30:33.585  4604  4627 I Sensor  : OSSDKTRACKING Initializing head tracking
03-05 19:30:33.585  4604  4627 I Sensor  : OSSDKTRACKING Head tracker != nullpointer 0x7a613565b8, 1
03-05 19:30:33.585  4604  4627 I Sensor  : OSSDKTRACKING Initializing controller tracking
03-05 19:30:33.585  4604  4627 I Sensor  : OSSDKTRACKING Controller tracker != nullpointer 0x7acc6513a0, 1
03-05 19:30:33.585  4604  4627 D BatteryReceiver: Registering battery receiver
03-05 19:30:33.587  2103  2103 D KeyboardInputMethodService: onFinishInput
03-05 19:30:33.589  4604  4627 D HeadsetReceiver: getCurrentHeadsetState: false
03-05 19:30:33.589  4604  4627 I DeviceStatus: nativeHeadsetEvent(0)
03-05 19:30:33.589  4604  4627 I VrRuntimeClient: SetCompositorClientFeatureFlag ClientFeatureFlag 0 
03-05 19:30:33.589  4604  4627 I LogTimer: CPUTIME: VrRuntimeClient_BeginSession took 25.2106 ms
03-05 19:30:33.590  4604  4627 I ClientInputInterface: DEADRECKONING SetControllerTrackingExtendedDeadreckoning 0
03-05 19:30:33.590  4604  4627 I ClientInputSettings: HANDTRACKING package name is com.oculus.xrstreamingclient
03-05 19:30:33.590  4604  4708 W REFLECT [RUNTIMEIPC]: UpdateServerStateValue name:'RigidBodyStates' buffer == nullptr
03-05 19:30:33.591  4604  4627 I ClientInputSettings: HANDTRACKING: Manifest Permission request for com.oculus.xrstreamingclient
03-05 19:30:33.591  4604  4627 I ClientInputSettings: HANDTRACKING:  'com.oculus.xrstreamingclient' Is hands or controller.
03-05 19:30:33.591  4604  4627 I ClientInputSettings: HANDTRACKING: feature flag set to 2
03-05 19:30:33.591  4604  4627 I ClientInputInterface: HANDTRACKING sethandmanifest 2
03-05 19:30:33.592  4604  4627 I InputHooks_Internal: Enabling Native Input Hooks
03-05 19:30:33.592  4604  4627 I InputDeviceManager: ovrInputDeviceManager::Initialize
03-05 19:30:33.592  4604  4627 I Distortion: Initializing Mesh Decenter Correction
03-05 19:30:33.593   836   836 E CalibrationProvider: loadCalibration(LDISP_SN) failed: Calibration store didn't load any info
03-05 19:30:33.593   836   836 E CalibrationProvider: loadCalibration(RDISP_SN) failed: Calibration store didn't load any info
03-05 19:30:33.595  4604  4708 W REFLECT [RUNTIMEIPC]: UpdateServerStateValue name:'RigidBodyStates' buffer == nullptr
03-05 19:30:33.597  1908  2038 W OVRLibrary: null cursor received for query content://com.oculus.ocms.library/apps/com.oculus.xrstreamingclient
03-05 19:30:33.600  4604  4708 W REFLECT [RUNTIMEIPC]: UpdateServerStateValue name:'RigidBodyStates' buffer == nullptr
03-05 19:30:33.600  3112  3112 W OVRLibrary: null cursor received for query content://com.oculus.ocms.library/apps/com.oculus.xrstreamingclient
03-05 19:30:33.601  3112  3112 D [SUI] DynamicAppsViewModel: Setting destination ui paused app - com.oculus.xrstreamingclient
03-05 19:30:33.601  3112  3112 D [SUI] AppStateUtil: com.oculus.xrstreamingclient is running= true
03-05 19:30:33.602  1908  2461 W OVRLibrary: null cursor received for query content://com.oculus.ocms.library/apps/com.YourCompany.TemplateProject3
03-05 19:30:33.602  3112  3112 D [SUI] ActivityManagerUtilsHelper: onFocusedWindowChanged: Instance: com.oculus.common.activitymanager.ActivityManagerUtilsHelper@79b4a6, topWindowUid: 10033, focusedApp: com.oculus.xrstreamingclient, previousApp: com.YourCompany.TemplateProject3
03-05 19:30:33.602  1908  2461 I OVRMediaServiceManager: Sending onAppStart (com.YourCompany.TemplateProject3) to SocialPlatform (com.oculus.socialplatform)
03-05 19:30:33.605  4604  4708 W REFLECT [RUNTIMEIPC]: UpdateServerStateValue name:'RigidBodyStates' buffer == nullptr
03-05 19:30:33.605  4604  4708 W REFLECT [RUNTIMEIPC]: UpdateServerStateValue name:'AnchorStates' buffer == nullptr
03-05 19:30:33.606  4604  4682 D xrstreaming: receive pong: org 408260261196 recv 30293278529400 xmt 30293286660100 (received at 408268647290), offset divergence 1669330
03-05 19:30:33.606  4604  4682 D xrstreaming: new clock offset=29885018140507 (rtt: 255394, dispersion: 2572704, jitter: 3401955)
03-05 19:30:33.610  4604  4708 W REFLECT [RUNTIMEIPC]: UpdateServerStateValue name:'RigidBodyStates' buffer == nullptr
03-05 19:30:33.631  4604  4708 I chatty  : uid=10033(com.oculus.xrstreamingclient) SlamAnchorMem identical 4 lines
03-05 19:30:33.636  4604  4708 W REFLECT [RUNTIMEIPC]: UpdateServerStateValue name:'RigidBodyStates' buffer == nullptr
03-05 19:30:33.636  4604  4708 W REFLECT [RUNTIMEIPC]: UpdateServerStateValue name:'AnchorStates' buffer == nullptr
03-05 19:30:33.636  2937  2937 W OVRLibrary: null cursor received for query content://com.oculus.ocms.library/apps/com.oculus.xrstreamingclient
03-05 19:30:33.636  2937  2937 D MetaCam (MediaCapabilityChecker): checkMediaHasRecordingCapabilities packageName: com.oculus.xrstreamingclient
03-05 19:30:33.641  4604  4708 W REFLECT [RUNTIMEIPC]: UpdateServerStateValue name:'RigidBodyStates' buffer == nullptr
03-05 19:30:33.646  4604  4708 W REFLECT [RUNTIMEIPC]: UpdateServerStateValue name:'RigidBodyStates' buffer == nullptr
03-05 19:30:33.651  4604  4627 I Distortion: SetLensPositions - iad=0.0630264, left offset=-0.000247639,-0.00102733, right offset=0.000126805,-0.00104481
03-05 19:30:33.651  4604  4627 I Distortion: Initializing Mesh Decenter Correction
03-05 19:30:33.651  4604  4708 W REFLECT [RUNTIMEIPC]: UpdateServerStateValue name:'RigidBodyStates' buffer == nullptr
03-05 19:30:33.652   836   836 E CalibrationProvider: loadCalibration(LDISP_SN) failed: Calibration store didn't load any info
03-05 19:30:33.652   836   836 E CalibrationProvider: loadCalibration(RDISP_SN) failed: Calibration store didn't load any info
03-05 19:30:33.652  4604  4627 I Distortion: SetLensPositions - iad=0.0630264, left offset=-0.000247639,-0.00102733, right offset=0.000126805,-0.00104481
03-05 19:30:33.653  4604  4627 I Distortion: Created custom distortion mesh.
03-05 19:30:33.653  4604  4627 I VrApi   : ovrModeParms::VRAPI_MODE_FLAG_RESET_WINDOW_FULLSCREEN = 0
03-05 19:30:33.653  4604  4627 I VrApi   : ovrModeParms::VRAPI_MODE_FLAG_NATIVE_WINDOW = 1
03-05 19:30:33.653  4604  4627 I VrApi   : ovrModeParms::VRAPI_MODE_FLAG_FRONT_BUFFER_SRGB = 0
03-05 19:30:33.653  4604  4627 I VrApi   : ovrModeParms::VRAPI_MODE_FLAG_PHASE_SYNC = 0
03-05 19:30:33.653  4604  4627 I VrApi   : ovrModeParms::VRAPI_MODE_FLAG_APP_SPACE_WARP = 0
03-05 19:30:33.653  4604  4627 I VrRuntimeClient: SetPhaseSyncMode 0
03-05 19:30:33.653  4604  4627 I VrApi   : PhaseSync disabled
03-05 19:30:33.653  4604  4627 I VrApi   : HMD sensor attached.
03-05 19:30:33.653  4604  4627 D VrRuntimeClient: pokeGuardianUserServiceForThisClient: com.oculus.xrstreamingclient:10033
03-05 19:30:33.656  4604  4708 W REFLECT [RUNTIMEIPC]: UpdateServerStateValue name:'RigidBodyStates' buffer == nullptr
03-05 19:30:33.660  3112  5779 W OVRLibrary: null cursor received for query content://com.oculus.ocms.library/apps/com.oculus.xrstreamingclient
03-05 19:30:33.661  4604  4708 W REFLECT [RUNTIMEIPC]: UpdateServerStateValue name:'RigidBodyStates' buffer == nullptr
03-05 19:30:33.665  4604  4682 D xrstreaming: receive ping: org 0 recv 0 xmt 30293346177000 (received at 408328172290), offset divergence -755
03-05 19:30:33.666  4604  4627 D VrRuntimeClient: VrRuntimeClient: getClientWindow: activity client
03-05 19:30:33.666  4604  4708 W REFLECT [RUNTIMEIPC]: UpdateServerStateValue name:'RigidBodyStates' buffer == nullptr
03-05 19:30:33.667  4604  4708 W REFLECT [RUNTIMEIPC]: UpdateServerStateValue name:'AnchorStates' buffer == nullptr
03-05 19:30:33.667  2883  2883 D VrGuardianUserService: onStartCommandIntent { act=FOREGROUND_CLIENT cmp=com.oculus.guardian/com.oculus.vrguardianservice.VrGuardianUserService (has extras) }
03-05 19:30:33.667  2883  2883 D VrGuardianUserService: maybeSubscribeDeviceConfig
03-05 19:30:33.667  2937  2937 W OVRLibrary: null cursor received for query content://com.oculus.ocms.library/apps/com.oculus.xrstreamingclient
03-05 19:30:33.668  1734  4635 I VrRuntimeService: RuntimeServiceSDKServer::EnableRendering: 0x7acc7b39c0, 2, com.oculus.xrstreamingclient
03-05 19:30:33.668  2883  2883 D VrGuardianUserService: onStartCommand FOREGROUND_CLIENT user = 0
03-05 19:30:33.668  1734  4635 I ClientMgr: EnableRendering2: Calling SetFocusedClient: 2115310073
03-05 19:30:33.668  1734  4635 I ClientMgr: FocusedClient changed.
03-05 19:30:33.668  1734  4635 I ClientMgr: ClientMgr::SetFocusedClient: 4604:com.oculus.xrstreamingclient type 0
03-05 19:30:33.668  1734  4635 I ClientMgr: SetFocusedPackageName - packageName com.oculus.xrstreamingclient processName com.oculus.xrstreamingclient clientId 2115310073 clientPid 4604
03-05 19:30:33.668  1734  4635 I VrRuntimeService: RuntimeIPC: SendFocusChangeEventToAllClients: PostClientEvent SUCCESS: com.oculus.xrstreamingclient:com.oculus.xrstreamingclient:4604, com.oculus.xrstreamingclient, com.oculus.xrstreamingclient
03-05 19:30:33.668  1734  4635 I VrRuntimeService: RuntimeIPC: SendFocusChangeEventToAllClients: PostClientEvent SUCCESS: com.oculus.vrshell:com.oculus.vrshell:3528, com.oculus.xrstreamingclient, com.oculus.xrstreamingclient
03-05 19:30:33.668  1734  4635 I VrRuntimeService: RuntimeIPC: SendFocusChangeEventToAllClients: PostClientEvent SUCCESS: com.oculus.vrshell:com.oculus.vrshell:Overlay:2103, com.oculus.xrstreamingclient, com.oculus.xrstreamingclient
03-05 19:30:33.668  1734  4635 I VrRuntimeService: RuntimeIPC: SendFocusChangeEventToAllClients: PostClientEvent SUCCESS: com.oculus.mrservice:com.oculus.mrservice:2992, com.oculus.xrstreamingclient, com.oculus.xrstreamingclient
03-05 19:30:33.668  1734  4635 I VrRuntimeService: RuntimeIPC: SendFocusChangeEventToAllClients: PostClientEvent SUCCESS: com.oculus.shellenv:com.oculus.shellenv:3485, com.oculus.xrstreamingclient, com.oculus.xrstreamingclient
03-05 19:30:33.668  1734  4635 I VrRuntimeService: RuntimeIPC: SendFocusChangeEventToAllClients: PostClientEvent SUCCESS: com.oculus.guardian:com.oculus.vrguardianservice:2883, com.oculus.xrstreamingclient, com.oculus.xrstreamingclient
03-05 19:30:33.668  1734  4635 I ClientMgr: ClientMgr::EnableRendering 4604:com.oculus.xrstreamingclient : type 0 comp-id 9: enable
03-05 19:30:33.668  1734  4635 I CompositorVR: CheckDebuggerConnected: debugger 0
03-05 19:30:33.668  1734  4635 I VrRuntimeServer: SysProp debug mode is disabled on Server side
03-05 19:30:33.668  2883  2883 D VrGuardianService: setCurrentUser() called with: userId = [0]
03-05 19:30:33.668  1734  4635 I UnifiedTelemetryWrapper: Started UT session render:com.oculus.xrstreamingclient
03-05 19:30:33.668  2883  2883 I VrGuardianService: nativeSetCurrentUser userid = 0
03-05 19:30:33.668  2883  2883 I GuardianSystem: [GuardianSystem::SetCurrentUser] User ID 0 
03-05 19:30:33.668   815  1212 I crash-uploader: Crash uploaded from /data/misc/crashes//fbe226c5-18cb-4a1f-b5d3-7754d3cec2b7_com.YourCompany.TemplateProject3_2023-03-05_19-30-28-002981.crash.meta to https://b-www.facebook.com/mobile/reliability_event_log_upload/
03-05 19:30:33.670  4604  4627 I ScreenCaptureHelper: Advertising com.oculus.xrstreamingclient as streamable
03-05 19:30:33.670  1734  4635 I VrRuntimeService: GetSpecialSwapChain: 2115310073
03-05 19:30:33.670  4604  4627 I VrApi   : Creating Default swapchain
03-05 19:30:33.670  1734  4635 I VrRuntimeService: GetSpecialSwapChain: 2115310073
03-05 19:30:33.670  4604  4627 I VrApi   : Creating Loading Icon swapchain
03-05 19:30:33.671  4604  4627 I VrApi   : OVR::Stats thread started
03-05 19:30:33.671  4604  4627 I XrRuntimeUtils: XrRuntimeUtils::CreateSession
03-05 19:30:33.671  4604  4627 I InputDeviceManager: HANDTRACKING Pointer filter profile changed to: 0
03-05 19:30:33.671  4604  4627 I InputDeviceManager: HANDTRACKING Pointer filter profile changed to: 0
03-05 19:30:33.671  4604  4627 I InputDeviceManager: HANDTRACKING Root pose filter profile changed for (version, freq) to (2, 1) from (1,2)
03-05 19:30:33.671  4604  4627 I VrApi   : Initial BaseVsync 11766 
03-05 19:30:33.671  4604  4627 I XrRuntimeUtils: XrRuntimeUtils::BeginSession
03-05 19:30:33.671  4604  4627 I XrRuntimeSystem_Client: BeginSession
03-05 19:30:33.671  4604  4627 I VrApi   : ---------- vrapi_EnterVrMode [end] ----------
03-05 19:30:33.671  4604  4627 D xrstreaming:       vrapi_EnterVrMode()
03-05 19:30:33.671  4604  4627 I VrApi   : vrapi_SetDisplayRefreshRate: display refresh rate supported 72.000000
03-05 19:30:33.671  4604  4627 I xrstreaming:     vrapi_SetDisplayRefreshRate(72)
03-05 19:30:33.671  4604  4627 D xrstreaming:     vrapi_SetClockLevels(2, 2)
03-05 19:30:33.671  4604  4627 D xrstreaming:     vrapi_SetPerfThread(MAIN, 4627)
03-05 19:30:33.671  4604  4627 I xrstreaming: AudioPlayer::start()
03-05 19:30:33.671  4604  4627 I xrstreaming: AudioPlayer: start()
03-05 19:30:33.672  4604  4708 W REFLECT [RUNTIMEIPC]: UpdateServerStateValue name:'RigidBodyStates' buffer == nullptr
03-05 19:30:33.672  4604  4627 I xrstreaming: oculus_pc_xrs_audio_player_start
03-05 19:30:33.672  1908  2265 I OVRMediaService: onStartCommand Received message type: set_package_name, caller package: no_app_identity, app identify: null
03-05 19:30:33.672  1908  2265 I OVRMediaService: Got package name intent (com.oculus.xrstreamingclient)
03-05 19:30:33.673  1277  1277 V AvrcpMediaPlayerList: onPlaybackConfigChanged(): Configs list size=7
03-05 19:30:33.674  4604  5782 D VrApi   : targetSDKVersion 29
03-05 19:30:33.675  1734  3072 I ClientMgr: Non-overlay clients rendering status has changed: prev=16, curr=17, enabled=1
03-05 19:30:33.675  1734  3072 I ClientMgr: Primary Client is not valid.
03-05 19:30:33.675  1734  3072 I ClientMgr: Primary client determined to be the current enabled client 2115310073
03-05 19:30:33.675  1734  3072 I ClientMgr: ClientMgr::SetPrimaryCompositorClient: 4604:com.oculus.xrstreamingclient
03-05 19:30:33.675  1734  3072 W ClientMgr: ClientMgr::GetClientPermissionFlagsById: Client missing proper permissions: com.oculus.xrstreamingclient, 2
03-05 19:30:33.675  1734  3072 I CompositorClientMgr: Enable client 9
03-05 19:30:33.675  1734  3072 I VrRuntimeServer: EnableCompositorClient client(9): layer placement(0) flags(1) sm(0x7a7073a010)
03-05 19:30:33.675  1734  3072 I ClientMgr: SetPrimaryPackageName - packageName com.oculus.xrstreamingclient processName com.oculus.xrstreamingclient clientId 2115310073 clientPid 4604
03-05 19:30:33.675  1734  3072 I ServiceInputManager: ServiceInputManager::SetPrimaryPackageName 'com.oculus.xrstreamingclient' 'com.oculus.xrstreamingclient'  updated AnytimeUI processname 1
03-05 19:30:33.675  1734  3072 I VrRuntimeService: RuntimeIPC: SendPrimaryPackageChangeEvent: PostClientEvent SUCCESS: com.oculus.xrstreamingclient:com.oculus.xrstreamingclient:4604, com.oculus.xrstreamingclient, com.oculus.xrstreamingclient
03-05 19:30:33.675  1734  3072 I VrRuntimeService: RuntimeIPC: SendPrimaryPackageChangeEvent: PostClientEvent SUCCESS: com.oculus.vrshell:com.oculus.vrshell:3528, com.oculus.xrstreamingclient, com.oculus.xrstreamingclient
03-05 19:30:33.675  1734  3072 I VrRuntimeService: RuntimeIPC: SendPrimaryPackageChangeEvent: PostClientEvent SUCCESS: com.oculus.vrshell:com.oculus.vrshell:Overlay:2103, com.oculus.xrstreamingclient, com.oculus.xrstreamingclient
03-05 19:30:33.675  1734  3072 I VrRuntimeService: RuntimeIPC: SendPrimaryPackageChangeEvent: PostClientEvent SUCCESS: com.oculus.mrservice:com.oculus.mrservice:2992, com.oculus.xrstreamingclient, com.oculus.xrstreamingclient
03-05 19:30:33.675  1734  3072 I VrRuntimeService: RuntimeIPC: SendPrimaryPackageChangeEvent: PostClientEvent SUCCESS: com.oculus.shellenv:com.oculus.shellenv:3485, com.oculus.xrstreamingclient, com.oculus.xrstreamingclient
03-05 19:30:33.675  1734  3072 I VrRuntimeService: RuntimeIPC: SendPrimaryPackageChangeEvent: PostClientEvent SUCCESS: com.oculus.guardian:com.oculus.vrguardianservice:2883, com.oculus.xrstreamingclient, com.oculus.xrstreamingclient
03-05 19:30:33.675  1734  3072 D VrRuntimeService: sendPrimaryPackageChangeBroadcast
03-05 19:30:33.676  4604  5782 D VrApi   : VrApi::isWifiConnected exception: Make sure android.permission.ACCESS_NETWORK_STATE is set in the manifest.
03-05 19:30:33.677  4604  4708 W REFLECT [RUNTIMEIPC]: UpdateServerStateValue name:'RigidBodyStates' buffer == nullptr
03-05 19:30:33.677  4604  5782 I JniUtils: ovr_GetCurrentPackageSignature 
03-05 19:30:33.678  4604  5782 I Metrics : device name = Oculus Quest 2
03-05 19:30:33.681  1908  2265 W OVRLibrary: null cursor received for query content://com.oculus.ocms.library/apps/com.oculus.xrstreamingclient
03-05 19:30:33.681  1908  2265 I OVRMediaServiceManager: Sending onAppStart (com.oculus.xrstreamingclient) to SocialPlatform (com.oculus.socialplatform)
03-05 19:30:33.682  1734  5227 I CompositorVR: SetSchedFifo( tid=3095, pol=2, pri=0 ) succeeded
03-05 19:30:33.682  4604  4708 W REFLECT [RUNTIMEIPC]: UpdateServerStateValue name:'RigidBodyStates' buffer == nullptr
03-05 19:30:33.686  2883  3158 I GuardianSystem: [GuardianSystem::InitializeRuntimeEventHandlers] runtimeServiceSDKClient_.ForceShowGuardianEvent
03-05 19:30:33.686  2883  3158 I GuardianSystem: ForceShowGuardian: false, 0.00
03-05 19:30:33.686  2883  3158 I GuardianSystem: [GuardianSystem::InitializeRuntimeEventHandlers] runtimeServiceSDKClient_.PackageChangeEvent: package=[com.oculus.xrstreamingclient], process=[com.oculus.xrstreamingclient]
03-05 19:30:33.686  2883  3158 I GuardianSystem: SetCurrentProcessName: com.oculus.xrstreamingclient, previous ProcessName: com.YourCompany.TemplateProject3
03-05 19:30:33.686  2883  3158 I GuardianSystem: [GuardianSystem::SetCurrentProcessName] Return package changed: com.oculus.xrstreamingclient
03-05 19:30:33.687  4604  4708 W REFLECT [RUNTIMEIPC]: UpdateServerStateValue name:'RigidBodyStates' buffer == nullptr
03-05 19:30:33.689  4604  4627 I xrstreaming: AudioRecorder: start()
03-05 19:30:33.689  4604  4627 I xrstreaming: oculus_pc_xrs_audio_recorder_start
03-05 19:30:33.689  4604  4627 W AudioRecord: restoreRecord_l(34): dead IAudioRecord, creating a new one from start()
03-05 19:30:33.690   731   731 E volume_listener: check_and_set_gain_dep_cal: Failed to set gain dep cal level
03-05 19:30:33.690   731   897 E volume_listener: check_and_set_gain_dep_cal: Failed to set gain dep cal level
03-05 19:30:33.691   731  1153 D audio_hw_primary: start_output_stream: enter: stream(0xe6fa1000)usecase(1: low-latency-playback) devices(0x2) is_haptic_usecase(0)
03-05 19:30:33.691   731  1153 I audio_hw_primary: select_devices for use case (low-latency-playback)
03-05 19:30:33.691   731  1153 I msm8974_platform: platform_check_and_set_codec_backend_cfg:becf: afe: bitwidth 16, samplerate 48000 channels 2, backend_idx 0 usecase = 1 device (speaker)
03-05 19:30:33.691   731  1153 D msm8974_platform: platform_split_snd_device: snd_device(2) num devices(1) new_snd_devices(0)
03-05 19:30:33.691   731  1153 I msm8974_platform: platform_check_and_set_codec_backend_cfg: new_snd_devices[0] is 2
03-05 19:30:33.691   731  1153 I msm8974_platform: platform_check_codec_backend_cfg:becf: afe: bitwidth 16, samplerate 48000 channels 2, backend_idx 0 usecase = 1 device (speaker)
03-05 19:30:33.692   731  1153 D audio_hw_extn: audio_extn_enable_hifi_filter: mixer_value set 0
03-05 19:30:33.692   731  1153 D msm8974_platform: platform_check_codec_backend_cfg:becf: updated afe: bitwidth 16, samplerate 48000 channels 2,backend_idx 0 usecase = 1 device (speaker)
03-05 19:30:33.692   731  1153 D msm8974_platform: platform_check_codec_backend_cfg:becf: afe: playback on codec device not supporting native playback set default Sample Rate(48k)
03-05 19:30:33.692   731  1153 I msm8974_platform: platform_check_codec_backend_cfg:becf: afe: Codec selected backend: 0 updated bit width: 16 and sample rate: 48000
03-05 19:30:33.692   731  1153 D audio_hw_primary: check_usecases_codec_backend:becf: force routing 0
03-05 19:30:33.692   731  1153 E msm8974_platform: platform_check_backends_match: Invalid snd_device = 
03-05 19:30:33.692   731  1153 D audio_hw_primary: check_usecases_codec_backend:becf: (75) check_usecases curr device: speaker, usecase device: backends match 0
03-05 19:30:33.692   731  1153 D audio_hw_primary: check_usecases_codec_backend:becf: check_usecases num.of Usecases to switch 0
03-05 19:30:33.692  4604  4708 W REFLECT [RUNTIMEIPC]: UpdateServerStateValue name:'RigidBodyStates' buffer == nullptr
03-05 19:30:33.692   731  1153 D hardware_info: hw_info_append_hw_type : device_name = speaker
03-05 19:30:33.692   731  1153 D msm8974_platform: platform_split_snd_device: snd_device(2) num devices(0) new_snd_devices(0)
03-05 19:30:33.692   731  1153 D audio_hw_primary: enable_snd_device: snd_device(2: speaker)
03-05 19:30:33.692   731  1153 D audio_route: Apply path: speaker
03-05 19:30:33.695   731   731 W EffectHAL: Effect 0xe6fa0970 command DUMP error: Invalid argument
03-05 19:30:33.695   731   731 W EffectHAL: Effect 0xe6fa09e0 command DUMP error: Invalid argument
03-05 19:30:33.697  4604  4708 W REFLECT [RUNTIMEIPC]: UpdateServerStateValue name:'RigidBodyStates' buffer == nullptr
03-05 19:30:33.698   731  1153 I audio_hw_utils: audio_extn_utils_update_stream_output_app_type_cfg Allowing 24 and above bits playback on speaker ONLY at default sampling rate
03-05 19:30:33.698   731  1153 D audio_hw_utils: audio_extn_utils_send_app_type_cfg: usecase->out_snd_device speaker
03-05 19:30:33.698   731  1153 D msm8974_platform: platform_split_snd_device: snd_device(2) num devices(0) new_snd_devices(0)
03-05 19:30:33.698   731  1153 D audio_hw_utils: audio_extn_btsco_get_sample_rate:Not a BT SCO device, need not update sampling rate
03-05 19:30:33.698   731  1153 I audio_hw_utils: send_app_type_cfg_for_device PLAYBACK app_type 69943, acdb_dev_id 15, sample_rate 48000, snd_device_be_idx 43
03-05 19:30:33.698   731  1153 D msm8974_platform: platform_split_snd_device: snd_device(2) num devices(1) new_snd_devices(0)
03-05 19:30:33.699   731  1153 D audio_hw_utils: audio_extn_btsco_get_sample_rate:Not a BT SCO device, need not update sampling rate
03-05 19:30:33.699   731  1153 D ACDB-LOADER: ACDB -> send_audio_cal, acdb_id = 15, path = 0, app id = 0x11137, sample rate = 48000, afe_sample_rate = 48000
03-05 19:30:33.699   731  1153 D ACDB-LOADER: ACDB -> send_asm_topology
03-05 19:30:33.699   731  1153 D ACDB-LOADER: ACDB -> ACDB_CMD_GET_AUDPROC_STREAM_TOPOLOGY_ID
03-05 19:30:33.699   731  1153 D ACDB-LOADER: ACDB -> send_adm_topology
03-05 19:30:33.699   731  1153 D ACDB-LOADER: ACDB -> ACDB_CMD_GET_AUDPROC_COMMON_TOPOLOGY_ID
03-05 19:30:33.699   731  1153 D ACDB-LOADER: ACDB -> send_audtable
03-05 19:30:33.699   731  1153 D ACDB-LOADER: ACDB -> ACDB_CMD_GET_AUDPROC_INSTANCE_COMMON_TABLE_SIZE
03-05 19:30:33.699   731  1153 D ACDB-LOADER: ACDB -> ACDB_CMD_GET_AUDPROC_INSTANCE_COMMON_TABLE
03-05 19:30:33.699   731  1153 D ACDB-LOADER: ACDB -> AUDIO_SET_AUDPROC_CAL cal_type[11] acdb_id[15] app_type[69943]
03-05 19:30:33.699   731  1153 D ACDB-LOADER: ACDB -> send_audvoltable
03-05 19:30:33.699   731  1153 D ACDB-LOADER: ACDB -> ACDB_CMD_GET_AUDPROC_INSTANCE_GAIN_DEP_STEP_TABLE_SIZE
03-05 19:30:33.699   731  1153 D         : Failed to fetch the lookup information of the device 0000000F 
03-05 19:30:33.699   731  1153 D ACDB-LOADER: Error: ACDB_CMD_GET_AUDPROC_INSTANCE_GAIN_DEP_STEP_TABLE_SIZE Returned = -19
03-05 19:30:33.699   731  1153 D ACDB-LOADER: ACDB -> ACDB_CMD_GET_AUDPROC_INSTANCE_GAIN_DEP_STEP_TABLE, vol index 0
03-05 19:30:33.699   731  1153 D         : Failed to fetch the lookup information of the device 0000000F 
03-05 19:30:33.699   731  1153 D ACDB-LOADER: Error: ACDB AudProc vol returned = -19
03-05 19:30:33.699   731  1153 D ACDB-LOADER: ACDB -> AUDIO_SET_VOL_CAL cal type = 12
03-05 19:30:33.699   731  1153 D ACDB-LOADER: ACDB -> ACDB_CMD_GET_AUDPROC_INSTANCE_STREAM_TABLE_SIZE
03-05 19:30:33.699   731  1153 D ACDB-LOADER: ACDB -> send_audstrmtable
03-05 19:30:33.699   731  1153 D ACDB-LOADER: ACDB -> ACDB_CMD_GET_AUDPROC_INSTANCE_STREAM_TABLE
03-05 19:30:33.699   731  1153 D ACDB-LOADER: ACDB -> audstrm_cal->cal_type.cal_data.cal_size = 20
03-05 19:30:33.699   731  1153 D ACDB-LOADER: ACDB -> send_afe_topology
03-05 19:30:33.699   731  1153 D ACDB-LOADER: ACDB -> ACDB_CMD_GET_AFE_TOPOLOGY_ID
03-05 19:30:33.699   731  1153 D ACDB-LOADER: ACDB -> GET_AFE_TOPOLOGY_ID for adcd_id 15, Topology Id 112fc
03-05 19:30:33.699   731  1153 D ACDB-LOADER: ACDB -> send_afe_cal
03-05 19:30:33.699   731  1153 D ACDB-LOADER: ACDB -> ACDB_CMD_GET_AFE_INSTANCE_COMMON_TABLE_SIZE
03-05 19:30:33.699   731  1153 D         : Failed to fetch the lookup information of the device 0000000F 
03-05 19:30:33.699   731  1153 D ACDB-LOADER: Error: ACDB_CMD_GET_AFE_INSTANCE_COMMON_TABLE_SIZE Returned = -19
03-05 19:30:33.699   731  1153 D ACDB-LOADER: ACDB -> ACDB_CMD_GET_AFE_INSTANCE_COMMON_TABLE
03-05 19:30:33.699   731  1153 D         : Failed to fetch the lookup information of the device 0000000F 
03-05 19:30:33.699   731  1153 D ACDB-LOADER: Error: ACDB AFE returned = -19
03-05 19:30:33.699   731  1153 D ACDB-LOADER: ACDB -> AUDIO_SET_AFE_CAL cal_type[16] acdb_id[15]
03-05 19:30:33.699   731  1153 D ACDB-LOADER: ACDB -> send_hw_delay : acdb_id = 15 path = 0
03-05 19:30:33.699   731  1153 D ACDB-LOADER: ACDB -> ACDB_AVSYNC_INFO: ACDB_CMD_GET_DEVICE_PROPERTY
03-05 19:30:33.699   731  1153 D msm8974_platform: platform_split_snd_device: snd_device(2) num devices(0) new_snd_devices(0)
03-05 19:30:33.699   731  1153 I msm8974_platform: platform_get_custom_mtmx_params: no matching param with id 0 ip_ch 2 op_ch 2 uc_id 1 snd_dev 2
03-05 19:30:33.699   731  1153 I audio_hw_primary: enable_audio_route: apply mixer and update path: low-latency-playback
03-05 19:30:33.699   731  1153 D audio_route: Apply path: low-latency-playback
03-05 19:30:33.700   731  1153 D audio_hw_primary: select_devices: done
03-05 19:30:33.702  4604  4708 W REFLECT [RUNTIMEIPC]: UpdateServerStateValue name:'RigidBodyStates' buffer == nullptr
03-05 19:30:33.706  3112  5778 W OVRLibrary: null cursor received for query content://com.oculus.ocms.library/apps/com.oculus.xrstreamingclient
03-05 19:30:33.707  4604  4708 W REFLECT [RUNTIMEIPC]: UpdateServerStateValue name:'RigidBodyStates' buffer == nullptr
03-05 19:30:33.713  4604  4708 W REFLECT [RUNTIMEIPC]: UpdateServerStateValue name:'RigidBodyStates' buffer == nullptr
03-05 19:30:33.716   731   731 D audio_hw_primary: adev_close_input_stream: enter:stream_handle(0xe6db8000)
03-05 19:30:33.716   731   731 E soundtrigger: audio_extn_sound_trigger_check_ec_ref_enable: st_dev NULL
03-05 19:30:33.716   731   731 E soundtrigger: audio_extn_sound_trigger_update_ec_ref_status: st_dev NULL
03-05 19:30:33.716   731   731 D audio_hw_primary: in_standby: enter: stream (0xe6db8000) usecase(22: audio-record)
03-05 19:30:33.718  4604  4708 W REFLECT [RUNTIMEIPC]: UpdateServerStateValue name:'RigidBodyStates' buffer == nullptr
03-05 19:30:33.722   731  1153 D msm8974_platform: platform_set_channel_map mixer_ctl_name:Playback Channel Map9
03-05 19:30:33.722   731  1153 D msm8974_platform: platform_set_channel_map: set mapping(1 2 0 0 0 0 0 0) for channel:2
03-05 19:30:33.723   731  1153 D audio_hw_primary: start_output_stream: exit
03-05 19:30:33.723   731  1153 D audio_hw_primary: out_write: retry previous failed cal level set
03-05 19:30:33.723   731  1153 D msm8974_platform: platform_split_snd_device: snd_device(2) num devices(1) new_snd_devices(0)
03-05 19:30:33.723   731  1153 D ACDB-LOADER: ACDB -> send_audvoltable
03-05 19:30:33.723   731  1153 D ACDB-LOADER: ACDB -> ACDB_CMD_GET_AUDPROC_INSTANCE_GAIN_DEP_STEP_TABLE_SIZE
03-05 19:30:33.723   731  1153 D         : Failed to fetch the lookup information of the device 0000000F 
03-05 19:30:33.723   731  1153 D ACDB-LOADER: Error: ACDB_CMD_GET_AUDPROC_INSTANCE_GAIN_DEP_STEP_TABLE_SIZE Returned = -19
03-05 19:30:33.723   731  1153 D ACDB-LOADER: ACDB -> ACDB_CMD_GET_AUDPROC_INSTANCE_GAIN_DEP_STEP_TABLE, vol index 9
03-05 19:30:33.723  4604  4708 W REFLECT [RUNTIMEIPC]: UpdateServerStateValue name:'RigidBodyStates' buffer == nullptr
03-05 19:30:33.723   731  1153 D         : Failed to fetch the lookup information of the device 0000000F 
03-05 19:30:33.723   731  1153 D ACDB-LOADER: Error: ACDB AudProc vol returned = -19
03-05 19:30:33.723   731  1153 D ACDB-LOADER: ACDB -> AUDIO_SET_VOL_CAL cal type = 40
03-05 19:30:33.723   731   897 I audio_hw_primary: adev_open_input_stream: enter: sample_rate(24000) channel_mask(0x10) devices(0x80000004)        stream_handle(0xe6db8280) io_handle(94) source(7) format 5
03-05 19:30:33.723   731   731 I audio_hw_primary: adev_open_input_stream: enter: sample_rate(24000) channel_mask(0x10) devices(0x80000004)        stream_handle(0xe6db8000) io_handle(94) source(7) format 1
03-05 19:30:33.723   731   731 W audio_hw_primary: adev_update_voice_comm_input_stream No valid input in voip, use defaultssample rate 24000, channel mask 0x10
03-05 19:30:33.723   731   731 I audio_hw_primary: adev_open_input_stream: exit
03-05 19:30:33.726   751  5025 W AudioFlinger: createRecordTrack_l(): mismatch between requested flags (00000005) and input flags (00000000)
03-05 19:30:33.728  4604  4708 W REFLECT [RUNTIMEIPC]: UpdateServerStateValue name:'RigidBodyStates' buffer == nullptr
03-05 19:30:33.728  4604  4708 W REFLECT [RUNTIMEIPC]: UpdateServerStateValue name:'AnchorStates' buffer == nullptr
03-05 19:30:33.730   751  5786 I AudioFlinger: AudioFlinger's thread 0x708f89c840 tid=5786 ready to run
03-05 19:30:33.730   731   731 D audio_hw_primary: in_standby: enter: stream (0xe6db8000) usecase(22: audio-record)
03-05 19:30:33.732   731   731 D audio_hw_primary: in_standby: enter: stream (0xe6db8000) usecase(22: audio-record)
03-05 19:30:33.733  4604  4708 W REFLECT [RUNTIMEIPC]: UpdateServerStateValue name:'RigidBodyStates' buffer == nullptr
03-05 19:30:33.734  1734  3072 I UnifiedTelemetryWrapper: Setting destination as com.oculus.xrstreamingclient
03-05 19:30:33.734  1734  3072 I AADT    : SetAADTLutDataX: 130
03-05 19:30:33.734  1734  3072 I AADT    : SetAADTLutDataY: 65
03-05 19:30:33.734  1734  3072 I ServiceInputManager: InhibitHandleHomeKeyFull has changed on the service. New value: 1
03-05 19:30:33.734  1734  3072 I ServiceInputManager: DEADRECKONING deadReckoning mode on ClientMgr from server is 0
03-05 19:30:33.735  1734  3072 I PerformanceManager_V0: SetClockLevels: Force releasing clocks
03-05 19:30:33.735  1734  3072 I PerformanceManager_V0: SetClockLevels: Apply pending clock request change: 2,4 -> -1,-1
03-05 19:30:33.735  1734  3072 I PerformanceManager_V0: SetClockLevels: Apply pending clock request change: -1,-1 -> 2,2
03-05 19:30:33.735  3528  3528 D [SEO] BaseOverlayService: screenStateReceiver Received broadcast: com.oculus.vrshell.intent.action.PRIMARY_PACKAGE_CHANGED
03-05 19:30:33.735  1734  3063 I Clocks  : ReleaseClocks - start
03-05 19:30:33.736  1734  3063 I Clocks  : ReleaseClocks - end (0.9 ms)
03-05 19:30:33.736  1734  3063 I Clocks  : LockClocks( cpu=2, gpu=2 ) - start
03-05 19:30:33.736  1734  3063 I Clocks  : CPU levels [0, 7]
03-05 19:30:33.736  1734  3063 I Clocks  : GPU levels [0, 5]
03-05 19:30:33.737  1734  3063 I Clocks  : LockClocks( cpu=2, gpu=2 ) - end (0.6 ms)
03-05 19:30:33.737  2103  2103 D [OAO] BaseOverlayService: screenStateReceiver Received broadcast: com.oculus.vrshell.intent.action.PRIMARY_PACKAGE_CHANGED
03-05 19:30:33.737  2103  2103 I [OAO] ShellOverlayServiceJNI: NativeSendOverlayCommand
03-05 19:30:33.737  2103  2103 I [OAO] ShellOverlayServiceJNI: NativeWake
03-05 19:30:33.737  2103  2103 I [OAO] ShellOverlayMain: WakeVrThread
03-05 19:30:33.737  2103  2103 I [OAO] ShellOverlayMain: WakeVrThread - notifying vr thread
03-05 19:30:33.737  1734  5227 I AADT    : SetAADTLutDataX. Thread. SizeX: 130
03-05 19:30:33.737  1734  5227 I AADT    : LAYER_PROGRAM_OPTION_AADT_1D_LUT lut's CREATED
03-05 19:30:33.738  1734  5227 I chatty  : uid=10025(com.oculus.systemdriver) OVR::TimeWarp identical 1 line
03-05 19:30:33.738  1734  5227 I AADT    : LAYER_PROGRAM_OPTION_AADT_1D_LUT lut's CREATED
03-05 19:30:33.738  1734  5227 I AADT    : SetAADTLutDataY. Thread. SizeY: 65
03-05 19:30:33.738  1734  5227 I AADT    : LAYER_PROGRAM_OPTION_AADT_1D_LUT lut's CREATED
03-05 19:30:33.738  4604  4708 W REFLECT [RUNTIMEIPC]: UpdateServerStateValue name:'RigidBodyStates' buffer == nullptr
03-05 19:30:33.743  4604  4708 W REFLECT [RUNTIMEIPC]: UpdateServerStateValue name:'RigidBodyStates' buffer == nullptr
03-05 19:30:33.745   844   844 W TrackingService: attachClient: found client in attached list
03-05 19:30:33.747  1908  2461 E OVRMediaServiceManager: LivestreamingManager Not initialized
03-05 19:30:33.747   844   844 D TrackingService: getSharedMemory: com.oculus.xrstreamingclient, Controller
03-05 19:30:33.748  4604  5776 I InputDevice_TrackedRemote: REMOTE: Hand=2 IndexAnalog=0.00 GripAnalog=0.00 Buttons=0x00000000
03-05 19:30:33.748  4604  5776 I InputDevice_TrackedRemote: REMOTE: Hand=1 IndexAnalog=0.00 GripAnalog=0.00 Buttons=0x00000000
03-05 19:30:33.748  4604  4708 W REFLECT [RUNTIMEIPC]: UpdateServerStateValue name:'RigidBodyStates' buffer == nullptr
03-05 19:30:33.749   731   731 D audio_hw_primary: adev_close_input_stream: enter:stream_handle(0xe6db8000)
03-05 19:30:33.749   731   731 E soundtrigger: audio_extn_sound_trigger_check_ec_ref_enable: st_dev NULL
03-05 19:30:33.749   731   731 E soundtrigger: audio_extn_sound_trigger_update_ec_ref_status: st_dev NULL
03-05 19:30:33.750   731   731 D audio_hw_primary: in_standby: enter: stream (0xe6db8000) usecase(22: audio-record)
03-05 19:30:33.752  2271  2299 I com.oculus.ocm: Background young concurrent copying GC freed 6399(681KB) AllocSpace objects, 5(100KB) LOS objects, 20% free, 2902KB/3667KB, paused 1.600ms total 105.019ms
03-05 19:30:33.753  4604  4708 W REFLECT [RUNTIMEIPC]: UpdateServerStateValue name:'RigidBodyStates' buffer == nullptr
03-05 19:30:33.758  1908  2265 E OVRMediaServiceManager: LivestreamingManager Not initialized
03-05 19:30:33.758  4604  4708 W REFLECT [RUNTIMEIPC]: UpdateServerStateValue name:'RigidBodyStates' buffer == nullptr
03-05 19:30:33.759  4604  4708 W REFLECT [RUNTIMEIPC]: UpdateServerStateValue name:'AnchorStates' buffer == nullptr
03-05 19:30:33.759   731   897 I audio_hw_primary: adev_open_input_stream: enter: sample_rate(24000) channel_mask(0x10) devices(0x80000004)        stream_handle(0xe6db8000) io_handle(102) source(7) format 5
03-05 19:30:33.760  2385  2385 W VRLifecycleManager: onHeadsetMounted
03-05 19:30:33.760   731   897 I audio_hw_primary: adev_open_input_stream: enter: sample_rate(24000) channel_mask(0x10) devices(0x80000004)        stream_handle(0xe6db8000) io_handle(102) source(7) format 1
03-05 19:30:33.760   731   897 W audio_hw_primary: adev_update_voice_comm_input_stream No valid input in voip, use defaultssample rate 24000, channel mask 0x10
03-05 19:30:33.761   731   897 I audio_hw_primary: adev_open_input_stream: exit
03-05 19:30:33.764  4604  4708 W REFLECT [RUNTIMEIPC]: UpdateServerStateValue name:'RigidBodyStates' buffer == nullptr
03-05 19:30:33.764   751  5790 I AudioFlinger: AudioFlinger's thread 0x708f89cc00 tid=5790 ready to run
03-05 19:30:33.764   731   897 D audio_hw_primary: in_standby: enter: stream (0xe6db8000) usecase(22: audio-record)
03-05 19:30:33.766   731   897 D audio_hw_primary: in_standby: enter: stream (0xe6db8000) usecase(22: audio-record)
03-05 19:30:33.769  4604  4708 W REFLECT [RUNTIMEIPC]: UpdateServerStateValue name:'RigidBodyStates' buffer == nullptr
03-05 19:30:33.769  2103  3270 I [OAO] ShellOverlayApp: 0xc21fdb28 msg: overlayCommand:
03-05 19:30:33.769  2103  3270 I [OAO] ShellOverlayApp: command = primaryPackageChanged
03-05 19:30:33.769  2103  3270 I [OAO] ShellOverlayApp: Process_OverlayCommand command : primaryPackageChanged
03-05 19:30:33.769  2103  3270 I [OAO] ShellOverlayApp: UpdatePrimaryPackage forceSilentUpdate:0
03-05 19:30:33.769  2103  3270 I [OAO] ShellOverlayApp: UpdatePrimaryPackage Requested for PackageName:com.oculus.xrstreamingclient
03-05 19:30:33.769  2103  3270 I [OAO] OverlayFlowController: OnPrimaryPackageChange primaryPackage:com.oculus.xrstreamingclient immersiveAppChanged:1 forceSilentUpdate:0
03-05 19:30:33.769  2103  3270 I [OAO] OverlayFlowController: Non system primary client change: ready to sleep
03-05 19:30:33.769  2103  3270 I [OAO] OverlayFlowController: Reset resetReason : PrimaryClientChanged
03-05 19:30:33.769  2103  3270 I [OAO] OverlayDesktopFlow: OverlayDesktopFlow Reset
03-05 19:30:33.769  2103  3270 I [OAO] DialogControllerManager: Reset resetReason:4
03-05 19:30:33.769  2103  3270 I [OAO] OverlayFlowController: Reset - Resetting lastNonSystemPackageName to empty
03-05 19:30:33.771  2103  3270 I [OAO] OverlayFlowController: OnPrimaryPackageChange Setting lastNonSystemPackageName = com.oculus.xrstreamingclient
03-05 19:30:33.771  2103  3270 I [OAO] OverlayGuardianFlow: OverlayGuardianFlow UpdatePrimaryPackage lastNonSystemPackage:com.oculus.xrstreamingclient isVrShellPackage0
03-05 19:30:33.774  4604  4708 W REFLECT [RUNTIMEIPC]: UpdateServerStateValue name:'RigidBodyStates' buffer == nullptr
03-05 19:30:33.775   751  5025 D AF::RecordHandle: OpRecordAudio: track:79 uid:10033 pkg:com.oculus.xrstreamingclient usage:0 not muted
03-05 19:30:33.776  2385  5789 E DeviceConfigVersionMapBuilder: Something went wrong when building version map.
03-05 19:30:33.776   731   897 I audio_hw_primary: AEC enable 1
03-05 19:30:33.776   731   897 I audio_hw_primary: select_devices for use case (low-latency-playback)
03-05 19:30:33.776   731   897 D audio_hw_primary: select_devices: changing use case low-latency-playback output device from(2: speaker, acdb 15) to (22: voice-speaker-stereo, acdb 15)
03-05 19:30:33.776   731   897 I audio_hw_primary: disable_audio_route: reset and update mixer path: low-latency-playback
03-05 19:30:33.779  4604  4708 W REFLECT [RUNTIMEIPC]: UpdateServerStateValue name:'RigidBodyStates' buffer == nullptr
03-05 19:30:33.784  4604  4708 W REFLECT [RUNTIMEIPC]: UpdateServerStateValue name:'RigidBodyStates' buffer == nullptr
03-05 19:30:33.785  2385  5789 E DeviceConfigVersionMapBuilder: Something went wrong when building version map.
03-05 19:30:33.789  2385  5789 E DeviceConfigVersionMapBuilder: Something went wrong when building version map.
03-05 19:30:33.789  4604  4708 W REFLECT [RUNTIMEIPC]: UpdateServerStateValue name:'RigidBodyStates' buffer == nullptr
03-05 19:30:33.789  4604  4708 W REFLECT [RUNTIMEIPC]: UpdateServerStateValue name:'AnchorStates' buffer == nullptr
03-05 19:30:33.790  2385  5789 E DeviceConfigVersionMapBuilder: Something went wrong when building version map.
03-05 19:30:33.792  2385  5789 I chatty  : uid=10046(com.oculus.socialplatform) OkHttp Dispatch identical 2 lines
03-05 19:30:33.792  2385  5789 E DeviceConfigVersionMapBuilder: Something went wrong when building version map.
03-05 19:30:33.793  1052  1064 I system_server: Background young concurrent copying GC freed 124659(5085KB) AllocSpace objects, 91(2540KB) LOS objects, 30% free, 15MB/22MB, paused 4.663ms total 336.420ms
03-05 19:30:33.793  2385  5789 E DeviceConfigVersionMapBuilder: Something went wrong when building version map.
03-05 19:30:33.793   731   897 D msm8974_platform: platform_split_snd_device: snd_device(2) num devices(0) new_snd_devices(0)
03-05 19:30:33.793   731   897 I msm8974_platform: platform_get_custom_mtmx_params: no matching param with id 0 ip_ch 2 op_ch 2 uc_id 1 snd_dev 2
03-05 19:30:33.793   731   897 D hardware_info: hw_info_append_hw_type : device_name = speaker
03-05 19:30:33.793   731   897 D audio_hw_primary: disable_snd_device: snd_device(2: speaker)
03-05 19:30:33.793   731   897 D msm8974_platform: platform_split_snd_device: snd_device(2) num devices(0) new_snd_devices(0)
03-05 19:30:33.793  2385  5789 E DeviceConfigVersionMapBuilder: Something went wrong when building version map.
03-05 19:30:33.794  2385  5789 I chatty  : uid=10046(com.oculus.socialplatform) OkHttp Dispatch identical 5 lines
03-05 19:30:33.794  2385  5789 E DeviceConfigVersionMapBuilder: Something went wrong when building version map.
03-05 19:30:33.794  4604  4708 W REFLECT [RUNTIMEIPC]: UpdateServerStateValue name:'RigidBodyStates' buffer == nullptr
03-05 19:30:33.795  2385  5789 E DeviceConfigVersionMapBuilder: Something went wrong when building version map.
03-05 19:30:33.795  2385  5789 I chatty  : uid=10046(com.oculus.socialplatform) OkHttp Dispatch identical 1 line
03-05 19:30:33.798  2385  5789 E DeviceConfigVersionMapBuilder: Something went wrong when building version map.
03-05 19:30:33.799  4604  4708 W REFLECT [RUNTIMEIPC]: UpdateServerStateValue name:'RigidBodyStates' buffer == nullptr
03-05 19:30:33.800  2385  5789 E DeviceConfigVersionMapBuilder: Something went wrong when building version map.
03-05 19:30:33.801  2385  5789 I chatty  : uid=10046(com.oculus.socialplatform) OkHttp Dispatch identical 6 lines
03-05 19:30:33.802  2385  5789 E DeviceConfigVersionMapBuilder: Something went wrong when building version map.
03-05 19:30:33.804   731   897 I msm8974_platform: platform_check_and_set_codec_backend_cfg:becf: afe: bitwidth 16, samplerate 48000 channels 2, backend_idx 0 usecase = 1 device (voice-speaker-stereo)
03-05 19:30:33.804   731   897 D msm8974_platform: platform_split_snd_device: snd_device(22) num devices(1) new_snd_devices(0)
03-05 19:30:33.804   731   897 I msm8974_platform: platform_check_and_set_codec_backend_cfg: new_snd_devices[0] is 22
03-05 19:30:33.804   731   897 I msm8974_platform: platform_check_codec_backend_cfg:becf: afe: bitwidth 16, samplerate 48000 channels 2, backend_idx 0 usecase = 1 device (voice-speaker-stereo)
03-05 19:30:33.804  4604  4708 W REFLECT [RUNTIMEIPC]: UpdateServerStateValue name:'RigidBodyStates' buffer == nullptr
03-05 19:30:33.805   731   897 D audio_hw_extn: audio_extn_enable_hifi_filter: mixer_value set 0
03-05 19:30:33.805   731   897 D msm8974_platform: platform_check_codec_backend_cfg:becf: updated afe: bitwidth 16, samplerate 48000 channels 2,backend_idx 0 usecase = 1 device (voice-speaker-stereo)
03-05 19:30:33.805   731   897 I msm8974_platform: platform_check_codec_backend_cfg:becf: afe: Codec selected backend: 0 updated bit width: 16 and sample rate: 48000
03-05 19:30:33.805   731   897 D audio_hw_primary: check_usecases_codec_backend:becf: force routing 0
03-05 19:30:33.805   731   897 D audio_hw_primary: check_usecases_codec_backend:becf: (75) check_usecases curr device: voice-speaker-stereo, usecase device:speaker backends match 0
03-05 19:30:33.805   731   897 D audio_hw_primary: check_usecases_codec_backend:becf: check_usecases num.of Usecases to switch 0
03-05 19:30:33.805   731   897 D hardware_info: hw_info_append_hw_type : device_name = voice-speaker-stereo
03-05 19:30:33.805   731   897 D msm8974_platform: platform_split_snd_device: snd_device(22) num devices(0) new_snd_devices(0)
03-05 19:30:33.805   731   897 D audio_hw_primary: enable_snd_device: snd_device(22: voice-speaker-stereo)
03-05 19:30:33.805   731   897 D audio_route: Apply path: voice-speaker-stereo
03-05 19:30:33.810  4604  4708 W REFLECT [RUNTIMEIPC]: UpdateServerStateValue name:'RigidBodyStates' buffer == nullptr
03-05 19:30:33.815  4604  4708 W REFLECT [RUNTIMEIPC]: UpdateServerStateValue name:'RigidBodyStates' buffer == nullptr
03-05 19:30:33.816   731   897 I audio_hw_utils: audio_extn_utils_update_stream_output_app_type_cfg Allowing 24 and above bits playback on speaker ONLY at default sampling rate
03-05 19:30:33.816   731   897 D audio_hw_utils: audio_extn_utils_send_app_type_cfg: usecase->out_snd_device voice-speaker-stereo
03-05 19:30:33.816   731   897 D msm8974_platform: platform_split_snd_device: snd_device(22) num devices(0) new_snd_devices(0)
03-05 19:30:33.816   731   897 D audio_hw_utils: audio_extn_btsco_get_sample_rate:Not a BT SCO device, need not update sampling rate
03-05 19:30:33.816   731   897 I audio_hw_utils: send_app_type_cfg_for_device PLAYBACK app_type 69943, acdb_dev_id 15, sample_rate 48000, snd_device_be_idx 2
03-05 19:30:33.817   731   897 D msm8974_platform: platform_split_snd_device: snd_device(22) num devices(1) new_snd_devices(0)
03-05 19:30:33.817   731   897 D audio_hw_utils: audio_extn_btsco_get_sample_rate:Not a BT SCO device, need not update sampling rate
03-05 19:30:33.817   731   897 D ACDB-LOADER: ACDB -> send_audio_cal, acdb_id = 15, path = 0, app id = 0x11137, sample rate = 48000, afe_sample_rate = 48000
03-05 19:30:33.817   731   897 D ACDB-LOADER: ACDB -> send_asm_topology
03-05 19:30:33.817   731   897 D ACDB-LOADER: ACDB -> ACDB_CMD_GET_AUDPROC_STREAM_TOPOLOGY_ID
03-05 19:30:33.817   731   897 D ACDB-LOADER: ACDB -> send_adm_topology
03-05 19:30:33.817   731   897 D ACDB-LOADER: ACDB -> ACDB_CMD_GET_AUDPROC_COMMON_TOPOLOGY_ID
03-05 19:30:33.817   731   897 D ACDB-LOADER: ACDB -> send_audtable
03-05 19:30:33.817   731   897 D ACDB-LOADER: ACDB -> ACDB_CMD_GET_AUDPROC_INSTANCE_COMMON_TABLE_SIZE
03-05 19:30:33.817   731   897 D ACDB-LOADER: ACDB -> ACDB_CMD_GET_AUDPROC_INSTANCE_COMMON_TABLE
03-05 19:30:33.817   731   897 D ACDB-LOADER: ACDB -> AUDIO_SET_AUDPROC_CAL cal_type[11] acdb_id[15] app_type[69943]
03-05 19:30:33.818   731   897 D ACDB-LOADER: ACDB -> send_audvoltable
03-05 19:30:33.818   731   897 D ACDB-LOADER: ACDB -> ACDB_CMD_GET_AUDPROC_INSTANCE_GAIN_DEP_STEP_TABLE_SIZE
03-05 19:30:33.818   731   897 D         : Failed to fetch the lookup information of the device 0000000F 
03-05 19:30:33.818   731   897 D ACDB-LOADER: Error: ACDB_CMD_GET_AUDPROC_INSTANCE_GAIN_DEP_STEP_TABLE_SIZE Returned = -19
03-05 19:30:33.818   731   897 D ACDB-LOADER: ACDB -> ACDB_CMD_GET_AUDPROC_INSTANCE_GAIN_DEP_STEP_TABLE, vol index 9
03-05 19:30:33.818   731   897 D         : Failed to fetch the lookup information of the device 0000000F 
03-05 19:30:33.818   731   897 D ACDB-LOADER: Error: ACDB AudProc vol returned = -19
03-05 19:30:33.818   731   897 D ACDB-LOADER: ACDB -> AUDIO_SET_VOL_CAL cal type = 12
03-05 19:30:33.818   731   897 D ACDB-LOADER: ACDB -> ACDB_CMD_GET_AUDPROC_INSTANCE_STREAM_TABLE_SIZE
03-05 19:30:33.818   731   897 D ACDB-LOADER: ACDB -> send_audstrmtable
03-05 19:30:33.818   731   897 D ACDB-LOADER: ACDB -> ACDB_CMD_GET_AUDPROC_INSTANCE_STREAM_TABLE
03-05 19:30:33.818   731   897 D ACDB-LOADER: ACDB -> audstrm_cal->cal_type.cal_data.cal_size = 20
03-05 19:30:33.818   731   897 D ACDB-LOADER: ACDB -> send_afe_topology
03-05 19:30:33.818   731   897 D ACDB-LOADER: ACDB -> ACDB_CMD_GET_AFE_TOPOLOGY_ID
03-05 19:30:33.818   731   897 D ACDB-LOADER: ACDB -> GET_AFE_TOPOLOGY_ID for adcd_id 15, Topology Id 112fc
03-05 19:30:33.818   731   897 D ACDB-LOADER: ACDB -> send_afe_cal
03-05 19:30:33.818   731   897 D ACDB-LOADER: ACDB -> ACDB_CMD_GET_AFE_INSTANCE_COMMON_TABLE_SIZE
03-05 19:30:33.818   731   897 D         : Failed to fetch the lookup information of the device 0000000F 
03-05 19:30:33.818   731   897 D ACDB-LOADER: Error: ACDB_CMD_GET_AFE_INSTANCE_COMMON_TABLE_SIZE Returned = -19
03-05 19:30:33.818   731   897 D ACDB-LOADER: ACDB -> ACDB_CMD_GET_AFE_INSTANCE_COMMON_TABLE
03-05 19:30:33.818   731   897 D         : Failed to fetch the lookup information of the device 0000000F 
03-05 19:30:33.818   731   897 D ACDB-LOADER: Error: ACDB AFE returned = -19
03-05 19:30:33.818   731   897 D ACDB-LOADER: ACDB -> AUDIO_SET_AFE_CAL cal_type[16] acdb_id[15]
03-05 19:30:33.818   731   897 D ACDB-LOADER: ACDB -> send_hw_delay : acdb_id = 15 path = 0
03-05 19:30:33.818   731   897 D ACDB-LOADER: ACDB -> ACDB_AVSYNC_INFO: ACDB_CMD_GET_DEVICE_PROPERTY
03-05 19:30:33.818   731   897 D msm8974_platform: platform_split_snd_device: snd_device(22) num devices(0) new_snd_devices(0)
03-05 19:30:33.818   731   897 I msm8974_platform: platform_get_custom_mtmx_params: no matching param with id 0 ip_ch 2 op_ch 2 uc_id 1 snd_dev 22
03-05 19:30:33.818   731   897 I audio_hw_primary: enable_audio_route: apply mixer and update path: low-latency-playback
03-05 19:30:33.818   731   897 D audio_route: Apply path: low-latency-playback
03-05 19:30:33.820  4604  4708 W REFLECT [RUNTIMEIPC]: UpdateServerStateValue name:'RigidBodyStates' buffer == nullptr
03-05 19:30:33.840  4604  4708 I chatty  : uid=10033(com.oculus.xrstreamingclient) SlamAnchorMem identical 4 lines
03-05 19:30:33.845  4604  4708 W REFLECT [RUNTIMEIPC]: UpdateServerStateValue name:'RigidBodyStates' buffer == nullptr
03-05 19:30:33.846   731   897 D audio_hw_primary: select_devices: done
03-05 19:30:33.847   731   897 I audio_hw_primary: NS enable 1
03-05 19:30:33.851  4604  4708 W REFLECT [RUNTIMEIPC]: UpdateServerStateValue name:'RigidBodyStates' buffer == nullptr
03-05 19:30:33.851  4604  4708 W REFLECT [RUNTIMEIPC]: UpdateServerStateValue name:'AnchorStates' buffer == nullptr
03-05 19:30:33.855  1052  1082 W ActivityManager: Skipping broadcast of Intent { act=com.oculus.intent.action.PRIVACY_INDICATORS_UPDATE flg=0x10 pkg=com.oculus.systemux (has extras) }: user 10033 and its parent (if any) are stopped
03-05 19:30:33.856  4604  4708 W REFLECT [RUNTIMEIPC]: UpdateServerStateValue name:'RigidBodyStates' buffer == nullptr
03-05 19:30:33.859   731   897 D audio_hw_primary: in_set_parameters: enter: kvpairs=bottom=;input_source=7;routing=-2147483644
03-05 19:30:33.861  4604  4708 W REFLECT [RUNTIMEIPC]: UpdateServerStateValue name:'RigidBodyStates' buffer == nullptr
03-05 19:30:33.866  4604  4708 I chatty  : uid=10033(com.oculus.xrstreamingclient) SlamAnchorMem identical 1 line
03-05 19:30:33.871  4604  4708 W REFLECT [RUNTIMEIPC]: UpdateServerStateValue name:'RigidBodyStates' buffer == nullptr
03-05 19:30:33.873   731  5792 I audio_hw_primary: start_input_stream: enter: stream(0xe6db8000)usecase(22: audio-record)
03-05 19:30:33.873   731  5792 I audio_hw_primary: select_devices for use case (audio-record)
