11-05 21:53:37.927  2364  3003 I [OAO] OverlayGuardianPtodFlow: OverlayGuardianPtodFlow UpdatePrimaryPackage lastNonSystemPackage:com.oculus.shellenv isVrShellPackage1
11-05 21:53:37.927  2364  3003 I [OAO] OverlayGuardianFlow: OverlayGuardianFlow UpdatePrimaryPackage lastNonSystemPackage:com.oculus.shellenv isVrShellPackage1
11-05 21:53:37.927  2364  3003 I OpenXR  : PostSessionStateChange: XR_SESSION_STATE_FOCUSED -> XR_SESSION_STATE_VISIBLE
11-05 21:53:37.927  2364  3003 I [OAO] VrPlatformOpenXr: xrPollEvent: received XR_TYPE_EVENT_DATA_DISPLAY_REFRESH_RATE_CHANGED_FB event: fromRate 72.000000 -> toRate 90.000000
11-05 21:53:37.927  2364  3003 I [OAO] VrPlatformOpenXr: xrPollEvent: received XR_TYPE_EVENT_DATA_REFERENCE_SPACE_CHANGE_PENDING event
11-05 21:53:37.927  2364  3003 I [OAO] VrPlatformOpenXr: xrPollEvent: received XR_TYPE_EVENT_DATA_SESSION_STATE_CHANGED: 4 for session 0x3 at time 2828.521997
11-05 21:53:37.927  2364  3003 I [OAO] VrPlatformOpenXr: Session state changed XR_SESSION_STATE_VISIBLE
11-05 21:53:37.927  2364  3003 I [OAO] ShellOverlayApp: ResolveInteractionState: change from InputFocus to None
11-05 21:53:37.928  2364  3003 I [OAO] ShellOverlayApp: LeaveVrMode: Interaction state from InputFocus to None
11-05 21:53:37.928  2364  3003 I [OAO] ShellTransitionState: Logging ShellTransitionState to dumpsys: {"state":"Backgrounding","timeMillis":"2828522"}
11-05 21:53:37.928  2364  3003 I [OAO] ShellOverlayApp: EmptyFrame: Pushing an empty frame
11-05 21:53:37.928  1987 10527 I CompositorVR: WarpToScreen: Skipping frames for 16
11-05 21:53:37.930  2364  3003 I [OAO] VrPlatformOpenXr: VrPlatformOpenXr::SetPropInhibitHandleHomeKey inhibit:0
11-05 21:53:37.930  2364  3003 I OpenXR_DeviceSettings: ------------ xrSetDeviceSettingBooleanFB -----------
11-05 21:53:37.930  2364  3003 I ClientInputSettings: SetInhibitHandleHomeKey = false for com.oculus.vrshell
11-05 21:53:37.930  2364  3003 I ClientInputInterface: SetInhibitHandleHomeKey 0 for process com.oculus.vrshell 2364
11-05 21:53:37.930  2364  3003 I [OAO] VrPlatformOpenXr: VrPlatformOpenXr::SetPropInhibitHandleHomeKey result = 0
11-05 21:53:37.931  2364  3003 I [OAO] SwapChainApiOpenXr: Destroying SwapChain:0xdcad0950
11-05 21:53:37.932  1987  2937 I VrRuntimeService: DestroySwapChain: swapchain=247
11-05 21:53:37.932  3565  3565 I PresenceAPK(ServiceApiManager): Trying to bind to presence service API.
11-05 21:53:37.933  1987 10527 I CompositorVR: SetSchedFifo( tid=3199, pol=5, pri=1 ) succeeded
11-05 21:53:37.933  1987 10527 I CompositorVR: SetSchedFifo( tid=3401, pol=5, pri=1 ) succeeded
11-05 21:53:37.933  1987 10527 I CompositorVR: SetSchedFifo( tid=3462, pol=5, pri=1 ) succeeded
11-05 21:53:37.939  1987 10527 I CompositorVR: WarpToScreen: Skipping frames for 16
11-05 21:53:37.941  2364  3003 I [OAO] DragDropController: OnBackground
11-05 21:53:37.941  2364  3003 I [OAO] DesktopPanelControllerAnalytics: DesktopPanelControllerAnalytics flushing telemetry
11-05 21:53:37.941  2364  3003 I [OAO] VrPlatformOpenXr: RequestEndSession state XR_SESSION_STATE_VISIBLE    focused:0
11-05 21:53:37.941  2364  3003 D [OAO] ShellApplication: setOverlayInputFocus: inputFocus=false shouldSupportIME=false
11-05 21:53:37.941  2364  3003 D [OAO] BaseOverlayService: setOverlayInputFocus : entrypoint - inputFocus=false shouldSupportIME=false
11-05 21:53:37.941  2364  3003 I OpenXR  : ------------ RequestExitSession [start] -----------
11-05 21:53:37.941  2364  3003 I OpenXR  : ------------ RequestExitSession [end] -----------
11-05 21:53:37.941  2364  3003 I OpenXR  : PostSessionStateChange: XR_SESSION_STATE_VISIBLE -> XR_SESSION_STATE_SYNCHRONIZED
11-05 21:53:37.942  1987 10527 I CompositorProgs: [0x7468f2bef8] Built layerProgram 0:0x100000048002:0x0 in 2.5 ms
11-05 21:53:37.943  2364  2364 D [OAO] BaseOverlayService: detachServiceWindowView
11-05 21:53:37.950  1987 10527 I CompositorVR: WarpToScreen: Skipping frames for 16
11-05 21:53:37.954  2364  3003 I [OAO] VrPlatformOpenXr: xrPollEvent: received XR_TYPE_EVENT_DATA_SESSION_STATE_CHANGED: 3 for session 0x3 at time 2828.535938
11-05 21:53:37.954  2364  3003 I [OAO] VrPlatformOpenXr: Session state changed XR_SESSION_STATE_SYNCHRONIZED
11-05 21:53:37.954  2364  3003 I OpenXR  : PostSessionStateChange: XR_SESSION_STATE_SYNCHRONIZED -> XR_SESSION_STATE_STOPPING
11-05 21:53:37.954  2364  3003 I [OAO] VrPlatformOpenXr: xrPollEvent: received XR_TYPE_EVENT_DATA_SESSION_STATE_CHANGED: 6 for session 0x3 at time 2828.548674
11-05 21:53:37.954  2364  3003 I [OAO] VrPlatformOpenXr: Session state changed XR_SESSION_STATE_STOPPING
11-05 21:53:37.954  2364  3003 I [OAO] VrPlatformOpenXr: EndSession state XR_SESSION_STATE_STOPPING    focused:0
11-05 21:53:37.954  2364  3003 I [OAO] VrPlatformOpenXr: EndSession calling MrServiceClient EndSession
11-05 21:53:37.954  1870  3351 I [CT]    : MIXEDREALITY: MrFeatureStatus: Client status changed from Started to Paused.
11-05 21:53:37.954  1870  3351 I [CT]    : MIXEDREALITY: MrFeatureStatus: Target status Started, CurrentStatus: Started
11-05 21:53:37.954  1870  3330 I [CT]    : MIXEDREALITY: MrServiceView: renderIteration: Nothing to render, hibernating the rendering thread since ID is off and no active PT layers.
11-05 21:53:37.955  1050  1071 W InputReader: Device has associated, but no associated display id.
11-05 21:53:37.955   849  1037 W TrackingService: attachClient: found client in attached list
11-05 21:53:37.956  1870  3330 I [CT]    : MIXEDREALITY: MrServiceModel: Hibernating caller (most likely rendering thread) due to commandQueue being empty.
11-05 21:53:37.956 10151 10260 E OsSdk   : error getting shared memory region, memory type: HeadTracker, failed with Status(-1, EX_SECURITY): 'requested shared memory region when not registered/focused'
11-05 21:53:37.958  2364  3003 I [OAO] VrPlatformOpenXr: EndSession MrServiceClient EndSession passed
11-05 21:53:37.958  2364  3003 I [OAO] VrPlatformOpenXr: EndSession calling xrEndSession
11-05 21:53:37.958  2364  3003 I OpenXR  : ------------ xrEndSession [start] -----------
11-05 21:53:37.958  2364  3003 I XrRuntimeUtils: XrRuntimeUtils::EndSession
11-05 21:53:37.961  1987 10527 I CompositorVR: WarpToScreen: Skipping frames for 16
11-05 21:53:37.967  3565 10601 D NotificationsBadgeLiveData: MessageBadgeData, pullAndCheckNotifs, old data source notif count: 2, oc chats count: 0, messenger count: 0
11-05 21:53:37.971  2364  3003 D VrApi   : targetSDKVersion 29
11-05 21:53:37.973  1050  1073 W InputReader: Device has associated, but no associated display id.
11-05 21:53:37.973  1987 10527 I CompositorVR: WarpToScreen: Skipping frames for 16
11-05 21:53:37.973  1050  1073 I ActivityTaskManager: Override config changes=20005df8 {0.0 ?mcc?mnc ?localeList ?layoutDir sw640dp w640dp h1000dp 200dpi lrg port ?uimode ?night -touch qwerty/v/v -nav/h winConfig={ mBounds=Rect(0, 0 - 800, 1250) mAppBounds=Rect(0, 0 - 800, 1250) mWindowingMode=fullscreen mDisplayWindowingMode=fullscreen mActivityType=undefined mAlwaysOnTop=undefined mRotation=ROTATION_0}} for displayId=71
11-05 21:53:37.984  1987 10527 I CompositorVR: WarpToScreen: Skipping frames for 16
11-05 21:53:37.993  1050  9912 E InputDispatcher: Window handle Window{ffa6e5 u0 com.oculus.vrshell} has no registered input channel
11-05 21:53:37.995  1987 10527 I CompositorVR: WarpToScreen: Skipping frames for 16
11-05 21:53:37.996  2364  3003 I VrRuntimeClient: DEVICE MODEL NUMBER = Quest 2
11-05 21:53:37.997  2364  3003 I VrRuntimeClient: DEVICE BUILD NAME = user-47421700667400000
11-05 21:53:37.997  2364  3003 I VrRuntimeClient: DEVICE BUILD TYPE = user
11-05 21:53:37.997  2364  3003 I VrRuntimeClient: DEVICE OS VERSION = 10
11-05 21:53:37.997  2364  3003 I VrRuntimeClient: API LOADER VERSION = 1.0.22
11-05 21:53:37.997  2364  3003 I VrRuntimeClient: RUNTIME API VERSION = 1.0.24
11-05 21:53:37.997  2364  3003 I VrRuntimeClient: RUNTIME VERSION = 46.0.0.226.0 Sep  6 2022 02:18:30 RELEASE
11-05 21:53:37.997  2364  3003 I VrRuntimeClient: APP NAME = Oculus App Runtime
11-05 21:53:37.997  2364  3003 I VrRuntimeClient: APP VERSION = 46.0.0.226.0 versionCode 406523266 internalVersionName 46.0.0.226.0.5b7f9b66a2a2 2022_10_06_18_22
11-05 21:53:37.997  2364  3003 I VrRuntimeClient: APP VR TYPE = vr_only
11-05 21:53:37.997  2364  3003 I VrRuntimeClient: APP MODE TYPE = VR
11-05 21:53:37.997  2364  3003 I VrRuntimeClient: APP PACKAGE NAME = com.oculus.vrshell
11-05 21:53:37.997  2364  3003 I VrRuntimeClient: APP ACTIVITY CLASS = com.oculus.vrshell.ShellOverlayService
11-05 21:53:38.006  1987 10527 I CompositorVR: WarpToScreen: Skipping frames for 16
11-05 21:53:38.008 10151 10260 E OsSdk   : error getting shared memory region, memory type: HeadTracker, failed with Status(-1, EX_SECURITY): 'requested shared memory region when not registered/focused'
11-05 21:53:38.017  1987 10527 I CompositorVR: WarpToScreen: Skipping frames for 16
11-05 21:53:38.023  1050  4771 W ActivityManager: Unable to start service Intent { act=com.oculus.presence.StablePresenceService cmp=com.oculus.presence/.services.presence.PresenceService } U=0: not found
11-05 21:53:38.024  3565  3565 E PresenceAPK(ServiceApiManager): Enabling backward compatible mode for service directory
11-05 21:53:38.028  1987 10527 I CompositorVR: WarpToScreen: Skipping frames for 16
11-05 21:53:38.030  2195  2195 E OVRMediaServiceManager: LivestreamingManager Not initialized
11-05 21:53:38.030  2364  3003 D BatteryReceiver: Unregistering battery receiver
11-05 21:53:38.032  2364  3003 I Sensor  : OSSDKTRACKING Shutdown tracking
11-05 21:53:38.032  2364  3003 I LogTimer: CPUTIME: VrRuntimeClient_EndSession took 72.8495 ms
11-05 21:53:38.037 10581 10674 I VrApi   : FPS=72/72,Prd=48ms,Tear=0,Early=72,Stale=0,VSnc=1,Lat=1,Fov=0,CPU4/GPU=4/4,2419/490MHz,OC=FF,TA=0/F/F,SP=N/N/N,Mem=2092MHz,Free=2186MB,PLS=0,Temp=28.7C/0.0C,TW=2.96ms,App=2.40ms,GD=0.00ms,CPU&GPU=5.38ms,LCnt=1(DR72,LM0),GPU%=0.47,CPU%=0.19(W0.24),DSF=1.00,CFL=19.63/21.84
11-05 21:53:38.038  1808  1808 D OculusNotificationListenerService: Notification removed: 0|android|0|com.android.server.wm.AlertWindowNotification - com.oculus.vrshell|1000
11-05 21:53:38.040  1987 10527 I CompositorVR: WarpToScreen: Skipping frames for 16
11-05 21:53:38.040  1050  1071 W Looper  : Slow dispatch took 181ms android.ui h=android.hardware.display.DisplayManagerGlobal$DisplayListenerDelegate c=null m=1
11-05 21:53:38.040  3565  3565 D PresenceAPK(PresenceClient): setEventListener id=SystemCallGroup
11-05 21:53:38.040  3565  3565 I PresenceAPK(GroupManager): addListener for id SystemCallGroup
11-05 21:53:38.040  3565  3565 D [SUI] MessengerCallBarViewModel: constructing MessengerCallBarViewModel
11-05 21:53:38.040  3565  3565 D [SUI] MessengerCallViewModel: constructing MessengerCallViewModel, instance count:16
11-05 21:53:38.046  3565  3565 D HyperspaceClient: acquire instance, refcount: 2
11-05 21:53:38.046  3565  3565 D [SUI] MessengerCallViewModel: hyperspace client created
11-05 21:53:38.046  3565  3565 D [SUI] AnytimeUIPanelAppBase: Acquiring viewModel MessengerCallViewModel refCount: 1
11-05 21:53:38.046  3565  3565 D [SUI] MessengerCallViewModel: registerObserver
11-05 21:53:38.046  3565  3565 D [SUI] AnytimeUIPanelAppBase: Acquiring viewModel ActiveCallBarViewModel refCount: 1
11-05 21:53:38.046   849  1037 I chatty  : uid=1000(system) Binder:849_1 identical 2 lines
11-05 21:53:38.048  3565  3565 D [SUI] OnboardingTutorial: Initialize Onboarding Tutorial
11-05 21:53:38.049  3565  3565 D [SUI] OnboardingTutorial: Step is: NOT_BRAND_NEW_USER
11-05 21:53:38.049  3565  3565 D [SUI] OnboardingTutorial: Not a first time user; skipping the tutorial
11-05 21:53:38.049  3565  3565 D [SUI] SystemStatusView: Initializing System Status
11-05 21:53:38.049  3565  3565 D [SUI] AnytimeUIPanelAppBase: Acquiring viewModel SocialViewModel refCount: 2
11-05 21:53:38.049  3565  3565 D [SUI] StatusViewModel: Constructing ViewModel
11-05 21:53:38.051  1987 10527 I CompositorVR: WarpToScreen: Skipping frames for 16
11-05 21:53:38.058 10151 10260 E OsSdk   : error getting shared memory region, memory type: HeadTracker, failed with Status(-1, EX_SECURITY): 'requested shared memory region when not registered/focused'
11-05 21:53:38.058  3565  3565 I android_os_HwBinder: HwBinder: Starting thread pool for getting: vendor.oculus.hardware.battery@1.0::IBattery/default
11-05 21:53:38.062  1987 10527 I CompositorVR: WarpToScreen: Skipping frames for 16
11-05 21:53:38.067  2364  2364 D [OAO] BaseOverlayService: setOverlayInputFocus : completed - inputFocus=false shouldSupportIME=false actionTaken:true
11-05 21:53:38.067  2364  2364 I [OAO] VrNotificationListenerService: onNotificationRemoved() - key = 0|android|0|com.android.server.wm.AlertWindowNotification - com.oculus.vrshell|1000, type = third_party
11-05 21:53:38.067  2364  2364 D VrNotificationAnalytics: logNotificationRemoved(third_party)
11-05 21:53:38.071  1987  1987 D VrRuntimeService: onForegroundActivitiesChanged: pid=10581, uid=10138, hasForegroundActivities=false
11-05 21:53:38.071  3565  3565 D [SUI] StatusViewModel: Initializing wifi status BroadcastReceiver
11-05 21:53:38.072  3565  3565 D [SUI] StatusViewModel: Initialized wifi status BroadcastReceiver
11-05 21:53:38.073   849  1037 W TrackingService: attachClient: found client in attached list
11-05 21:53:38.074   849  1037 D TrackingService: getSharedMemory: com.oculus.systemdriver, HeadTracker
11-05 21:53:38.074  1987 10527 I CompositorVR: WarpToScreen: Skipping frames for 16
11-05 21:53:38.075  3565  3565 D [SUI] AnytimeUIPanelAppBase: Acquiring viewModel BarViewModel refCount: 2
11-05 21:53:38.075  3565  3565 D [SUI] AnytimeUIPanelAppBase: Acquiring viewModel SystemStatusViewModel refCount: 1
11-05 21:53:38.076   849  1037 W TrackingService: attachClient: found client in attached list
11-05 21:53:38.076  3565  3565 D [SUI] SocialViewModel: registerObserver(): -$$Lambda$SystemStatusView$hvdttGlyfUmlGZJVTLPJRt2c5Fk
11-05 21:53:38.076   849  1037 D TrackingService: getSharedMemory: com.oculus.guardian, HeadTracker
11-05 21:53:38.076  3565  3565 D [SUI] SystemStatusView: Initialized System Status
11-05 21:53:38.076  3565  3565 D [SUI] AnytimeUIPanelAppBase: Acquiring viewModel DynamicAppsViewModel refCount: 2
11-05 21:53:38.076  3565  3565 D [SUI] DynamicAppsView: Initializing DynamicAppsView on AUI bar
11-05 21:53:38.076   849  1037 W TrackingService: attachClient: found client in attached list
11-05 21:53:38.077  3565  3565 D [SUI] BarView: Initialized parties call bar
11-05 21:53:38.077  3565  3565 D [SUI] MessengerCallViewModel: registerObserver
11-05 21:53:38.077  3565  3565 D [SUI] BarView: Initialized messenger call bar
11-05 21:53:38.077  3565  3565 V [SUI] BarView: Subscribing to notifications badge live data
11-05 21:53:38.077  3565  3565 V [SUI] BarView: Notifs badge count: 0, Messenger badge count 0
11-05 21:53:38.077  3565  3565 D [SUI] BarView: Initialized BarView
11-05 21:53:38.084   849  1037 D TrackingService: getSharedMemory: com.oculus.vrshell, HeadTracker
11-05 21:53:38.084  1987 10527 I CompositorVR: WarpToScreen: Skipping frames for 16
11-05 21:53:38.084  3565 10803 D CCodec  : allocate(c2.android.raw.decoder)
11-05 21:53:38.085   838  6834 V C2Store : in init
11-05 21:53:38.085   838  6834 V C2Store : loading dll
11-05 21:53:38.089  2195  2195 I OVRMediaService: onStartCommand Received message type: overlay_input_focus_change, caller package: com.oculus.vrshell, app identify: AppIdentity{uid=10020, packageNames=[com.oculus.vrshell], sha1=MxZgtt071YLz39PLrkVGckZooCE, sha2=3C-DTjwZQjeLFPB2yCzRq1nqZWa_9HMLIEfpjvyfna8, version=null, domain=null}
11-05 21:53:38.092  3565 10803 I CCodec  : Created component [c2.android.raw.decoder]
11-05 21:53:38.092  3565 10803 D CCodecConfig: read media type: audio/raw
11-05 21:53:38.093   849  1037 W TrackingService: attachClient: found client in attached list
11-05 21:53:38.094   849  1037 D TrackingService: getSharedMemory: com.oculus.shellenv, HeadTracker
11-05 21:53:38.095  1987 10527 I CompositorVR: WarpToScreen: Skipping frames for 16
11-05 21:53:38.101   849  1037 W TrackingService: attachClient: found client in attached list
11-05 21:53:38.105  3565 10803 D ReflectedParamUpdater: extent() != 1 for single value type: algo.buffers.max-count.values
11-05 21:53:38.105  3565 10803 D ReflectedParamUpdater: extent() != 1 for single value type: output.subscribed-indices.values
11-05 21:53:38.105  3565 10803 D ReflectedParamUpdater: extent() != 1 for single value type: input.buffers.allocator-ids.values
11-05 21:53:38.106 10151 10260 E OsSdk   : error getting shared memory region, memory type: HeadTracker, failed with Status(-1, EX_SECURITY): 'requested shared memory region when not registered/focused'
11-05 21:53:38.106  1050  1749 I DisplayManagerService: Display device removed: DisplayDeviceInfo{"com.oculus.android_panel_app.AndroidPanelLayer-#main": uniqueId="virtual:com.oculus.systemux,10026,com.oculus.android_panel_app.AndroidPanelLayer-#main,1", 800 x 1250, modeId 132, defaultModeId 132, supportedModes [{id=132, width=800, height=1250, fps=60.0}], colorMode 0, supportedColorModes [0], HdrCapabilities null, density 200, 200.0 x 200.0 dpi, appVsyncOff 0, presDeadline 16666666, touch NONE, rotation 0, type VIRTUAL, state OFF, owner com.oculus.systemux (uid 10026), FLAG_PRIVATE, FLAG_NEVER_BLANK, FLAG_OWN_CONTENT_ONLY}
11-05 21:53:38.106  3565 10803 D ReflectedParamUpdater: extent() != 1 for single value type: output.buffers.allocator-ids.values
11-05 21:53:38.106  1987 10527 I CompositorVR: WarpToScreen: Skipping frames for 16
11-05 21:53:38.112  3565 10803 D ReflectedParamUpdater: extent() != 1 for single value type: algo.buffers.allocator-ids.values
11-05 21:53:38.114  3565 10803 D ReflectedParamUpdater: extent() != 1 for single value type: output.buffers.pool-ids.values
11-05 21:53:38.114  3565 10803 D ReflectedParamUpdater: extent() != 1 for single value type: algo.buffers.pool-ids.values
11-05 21:53:38.115  1050  9912 I DisplayManagerService: Display device added: DisplayDeviceInfo{"com.oculus.android_panel_app.AndroidPanelLayer-#main": uniqueId="virtual:com.oculus.systemux,10026,com.oculus.android_panel_app.AndroidPanelLayer-#main,1", 800 x 110, modeId 133, defaultModeId 133, supportedModes [{id=133, width=800, height=110, fps=60.0}], colorMode 0, supportedColorModes [0], HdrCapabilities null, density 200, 200.0 x 200.0 dpi, appVsyncOff 0, presDeadline 16666666, touch NONE, rotation 0, type VIRTUAL, state OFF, owner com.oculus.systemux (uid 10026), FLAG_PRIVATE, FLAG_NEVER_BLANK, FLAG_OWN_CONTENT_ONLY}
11-05 21:53:38.116  1987  2919 I PerformanceManager_V0: SetClockLevels: Apply pending clock request change: 4,3 -> 4,4
11-05 21:53:38.116  1987  2914 I Clocks  : ReleaseClocks - start
11-05 21:53:38.116  1987  2914 I Clocks  : ReleaseClocks - end (0.6 ms)
11-05 21:53:38.117  1987  2914 I Clocks  : LockClocks( cpu=4, gpu=4 ) - start
11-05 21:53:38.118  1987 10527 I CompositorVR: WarpToScreen: Skipping frames for 16
11-05 21:53:38.124  1987  2914 I Clocks  : CPU levels [0, 4]
11-05 21:53:38.124  1987  2914 I Clocks  : GPU levels [0, 5]
11-05 21:53:38.127  1987  2914 I Clocks  : LockClocks( cpu=4, gpu=4 ) - end (10.7 ms)
11-05 21:53:38.128  2195  2195 I OVRMediaService: Received OVERLAY_INPUT_FOCUS_CHANGE. is focused: true
11-05 21:53:38.129  1987 10527 I CompositorVR: WarpToScreen: Skipping frames for 16
11-05 21:53:38.129  3565 10803 I CCodecConfig: query failed after returning 8 values (BAD_INDEX)
11-05 21:53:38.129  3565 10803 D CCodecConfig: c2 config diff is Dict {
11-05 21:53:38.129  3565 10803 D CCodecConfig:   c2::u32 coded.bitrate.value = 64000
11-05 21:53:38.129  3565 10803 D CCodecConfig:   c2::u32 input.buffers.max-size.value = 65536
11-05 21:53:38.129  3565 10803 D CCodecConfig:   c2::u32 input.delay.value = 0
11-05 21:53:38.129  3565 10803 D CCodecConfig:   string input.media-type.value = "audio/raw"
11-05 21:53:38.129  3565 10803 D CCodecConfig:   string output.media-type.value = "audio/raw"
11-05 21:53:38.129  3565 10803 D CCodecConfig:   c2::u32 raw.channel-count.value = 2
11-05 21:53:38.129  3565 10803 D CCodecConfig:   c2::u32 raw.pcm-encoding.value = 0
11-05 21:53:38.129  3565 10803 D CCodecConfig:   c2::u32 raw.sample-rate.value = 44100
11-05 21:53:38.129  3565 10803 D CCodecConfig: }
11-05 21:53:38.130  3565 10803 D CCodecConfig: no c2 equivalents for durationUs
11-05 21:53:38.130  3565 10803 D CCodecConfig: no c2 equivalents for track-id
11-05 21:53:38.130  3565 10803 D CCodecConfig: no c2 equivalents for bits-per-sample
11-05 21:53:38.130  3565 10803 D CCodecConfig: no c2 equivalents for channel-mask
11-05 21:53:38.130  3565 10803 D CCodecConfig: c2 config diff is   c2::u32 raw.channel-count.value = 1
11-05 21:53:38.130  3565 10803 D CCodecConfig:   c2::u32 raw.sample-rate.value = 48000
11-05 21:53:38.131  3565 10803 W Codec2Client: query -- param skipped: index = 1107298332.
11-05 21:53:38.131  3565 10803 D CCodec  : setup formats input: AMessage(what = 0x00000000) = {
11-05 21:53:38.131  3565 10803 D CCodec  :   int32_t channel-count = 1
11-05 21:53:38.131  3565 10803 D CCodec  :   int32_t max-input-size = 65536
11-05 21:53:38.131  3565 10803 D CCodec  :   string mime = "audio/raw"
11-05 21:53:38.131  3565 10803 D CCodec  :   int32_t pcm-encoding = 2
11-05 21:53:38.131  3565 10803 D CCodec  :   int32_t sample-rate = 48000
11-05 21:53:38.131  3565 10803 D CCodec  : } and output: AMessage(what = 0x00000000) = {
11-05 21:53:38.131  3565 10803 D CCodec  :   int32_t channel-count = 1
11-05 21:53:38.131  3565 10803 D CCodec  :   string mime = "audio/raw"
11-05 21:53:38.131  3565 10803 D CCodec  :   int32_t pcm-encoding = 2
11-05 21:53:38.131  3565 10803 D CCodec  :   int32_t sample-rate = 48000
11-05 21:53:38.131  3565 10803 D CCodec  :   int32_t channel-mask = 0
11-05 21:53:38.131  3565 10803 D CCodec  : }
11-05 21:53:38.136  3565 10803 W Codec2Client: query -- param skipped: index = 1342179345.
11-05 21:53:38.136  3565 10803 W Codec2Client: query -- param skipped: index = 2415921170.
11-05 21:53:38.136  3565 10803 D CCodecBufferChannel: [c2.android.raw.decoder#427] Created input block pool with allocatorID 16 => poolID 32 - OK (0)
11-05 21:53:38.140  1987 10527 I CompositorVR: WarpToScreen: Skipping frames for 16
11-05 21:53:38.140   814  1530 D BufferPoolAccessor: bufferpool2 0xf3f8bc10 : 0(0 size) total buffers - 0(0 size) used buffers - 9/20 (recycle/alloc) - 10/30 (fetch/transfer)
11-05 21:53:38.140  3565 10803 I CCodecBufferChannel: [c2.android.raw.decoder#427] Created output block pool with allocatorID 16 => poolID 87 - OK
11-05 21:53:38.140   814  1530 D BufferPoolAccessor: Destruction - bufferpool2 0xf3f8bc10 cached: 0/0M, 0/0% in use; allocs: 20, 45% recycled; transfers: 30, 67% unfetced
11-05 21:53:38.140  3565 10803 D CCodecBufferChannel: [c2.android.raw.decoder#427] Configured output block pool ids 87 => OK
11-05 21:53:38.147   838 10804 D SimpleC2Component: Using output block pool with poolID 87 => got 87 - 0
11-05 21:53:38.148   813  1524 D MediaBufferGroup: creating MemoryDealer
11-05 21:53:38.150   849  1037 W TrackingService: attachClient: found client in attached list
11-05 21:53:38.151  1987 10527 I CompositorVR: WarpToScreen: Skipping frames for 16
11-05 21:53:38.152 10151 10260 E OsSdk   : error getting shared memory region, memory type: HeadTracker, failed with Status(-1, EX_SECURITY): 'requested shared memory region when not registered/focused'
11-05 21:53:38.152   849  1040 W TrackingService: attachClient: found client in attached list
11-05 21:53:38.153  2364  3003 I VrApi   : OVR::Stats thread stopped
11-05 21:53:38.153  2364  3003 I InputDeviceManager: ovrInputDeviceManager::~ovrInputDeviceManager
11-05 21:53:38.153  2364  3003 I InputDevice_TrackedRemote: OSSDKTRACKING shutting down Haptics
11-05 21:53:38.153  2364  3003 I chatty  : uid=10020(com.oculus.vrshell) ShellOverlayVR identical 2 lines
11-05 21:53:38.153  2364  3003 I InputDevice_TrackedRemote: OSSDKTRACKING shutting down Haptics
11-05 21:53:38.153  2364  3003 I OSHandDataQuerier: OSSDKTRACKING shutting down HandsTracker
11-05 21:53:38.153  2364  3003 I OSHandDataQuerier: OSSDKTRACKING shutting down HandsTracker
11-05 21:53:38.153 10151 10260 E OsSdk   : error getting shared memory region, memory type: AnchorTracker, failed with Status(-1, EX_SECURITY): 'requested shared memory region when not registered/focused'
11-05 21:53:38.155  2364 10723 I ClientInputThread_Internal: InputThreadRun ShutdownRequest received
11-05 21:53:38.156  2364  3003 D InputHooksJava: Disabling Java Input Hooks
11-05 21:53:38.156  2364  3003 I ClientInputTrackedKeyboardManager: TRACKEDKEYBOARD ClearTrackedObjectManager called on client
11-05 21:53:38.156  2364  3003 I RuntimeIPCClientMgr: RuntimeIPCClientMgr::DisconnectFromServer: Remaining refs: 3, Client: com.oculus.vrshell:com.oculus.vrshell:Overlay:2364, Server: com.oculus.vrshell:com.oculus.vrshell:Overlay (ptkserviceserver)
11-05 21:53:38.156  2364  3003 I RuntimeIPCApi: ipc_Shutdown
11-05 21:53:38.156  2364  3003 I RuntimeIPCServiceClient: Shutdown: Refs still outstanding: 17, com.oculus.vrshell:Overlay
11-05 21:53:38.156  1987  2937 I VrRuntimeService: RuntimeServiceSDKServer::EnableRendering: 0x0, 0, com.oculus.vrshell:Overlay
11-05 21:53:38.156  1987  2937 I ClientMgr: ClientMgr::EnableRendering 2364:com.oculus.vrshell : type 1 comp-id 2: disable
11-05 21:53:38.156  1987  2937 I VrRuntimeServer: DisableCompositorClient: 2
11-05 21:53:38.156  1987  2937 I CompositorClientMgr: Disable client 2
11-05 21:53:38.156  1987  2937 I CompositorClientMgr: DisableClient: frame flush required: 1
11-05 21:53:38.162  1987 10527 I CompositorVR: WarpToScreen: Skipping frames for 16
11-05 21:53:38.166  1987 10527 I SwapChain: DestroyAndroidSurfaceSwapChain: 0x73797f4000: Destroying SurfaceTexture 0x2be6 Surface 0x2bf6
11-05 21:53:38.168   838  6820 D BufferPoolAccessor: Destruction - bufferpool2 0x2eeb4d5430 cached: 0/0M, 0/0% in use; allocs: 0, 0% recycled; transfers: 0, 0% unfetced
11-05 21:53:38.168   838  6820 V C2Store : in ~ComponentModule
11-05 21:53:38.168   838  6820 V C2Store : unloading dll
11-05 21:53:38.170  3565 10793 D [SUI] GraphQLExecutor: graphQLFetchWithLogging::onSuccess: GraphQlManager is destroyed
11-05 21:53:38.172  2112  2194 I Clay    : Local user with id 106765628877334 does have a custom avatar
11-05 21:53:38.173  1987 10527 I CompositorVR: LatchWarpClients: Multiple Primary Clients detected. Skipping frames for 16
11-05 21:53:38.173  1987 10527 I CompositorVR: WarpToScreen: Skipping frames for 16
11-05 21:53:38.175  1987  2937 I UnifiedTelemetryWrapper: Stopped UT session render:com.oculus.vrshell:Overlay
11-05 21:53:38.180  2364 10730 I FenceChecker: FenceChecker::MainLoop - ended
11-05 21:53:38.183  2364  3003 I VrRuntimeClient: PhaseSync Instance deleted
11-05 21:53:38.184  2195  2298 W OVRLibrary: null cursor received for query content://com.oculus.ocms.library/apps/com.oculus.vrshell
11-05 21:53:38.184  1987 10527 I CompositorVR: WarpToScreen: Skipping frames for 16
11-05 21:53:38.185  2364  3003 I OpenXR  : PostSessionStateChange: XR_SESSION_STATE_STOPPING -> XR_SESSION_STATE_IDLE
11-05 21:53:38.185  2364  3003 I OpenXR  : ------------ xrEndSession [end] -----------
11-05 21:53:38.185  2364  3003 I [OAO] VrPlatformOpenXr: EndSession xrEndSession passed
11-05 21:53:38.185  2364  3003 I [OAO] VrPlatformOpenXr: xrPollEvent: received XR_TYPE_EVENT_DATA_SESSION_STATE_CHANGED: 1 for session 0x3 at time 2828.779759
11-05 21:53:38.185  2364  3003 I [OAO] VrPlatformOpenXr: Session state changed XR_SESSION_STATE_IDLE
11-05 21:53:38.185  2364  3003 I OpenXR  : PostSessionStateChange: XR_SESSION_STATE_IDLE -> XR_SESSION_STATE_READY
11-05 21:53:38.186  3565  3565 D [SUI] SettingsAssistantJsonBuilder: Registering legacy settings
11-05 21:53:38.186  2364  3003 I [OAO] VrPlatformOpenXr: xrPollEvent: received XR_TYPE_EVENT_DATA_SESSION_STATE_CHANGED: 2 for session 0x3 at time 2828.780080
11-05 21:53:38.186  2364  3003 I [OAO] VrPlatformOpenXr: Session state changed XR_SESSION_STATE_READY
11-05 21:53:38.186  3565  3565 D [SUI] SettingsAssistantJsonBuilder: Not registering settings service settings. Blocked by GK
11-05 21:53:38.186  3565  3565 D [SUI] SettingsAssistantJsonBuilder: Settings JSON: {"settings":[{"id":"about","type":"void","mutable":false,"queryable":false,"route":"systemux:\/\/settings\/about"},{"id":"auto sleep","type":"void","mutable":false,"queryable":false,"route":"systemux:\/\/settings\/power?setting=auto_sleep_time","parent":"power"},{"id":"auto wake","type":"void","mutable":false,"queryable":false,"route":"systemux:\/\/settings\/power?setting=auto_wake","parent":"power"},{"id":"bluetooth pairing","type":"void","mutable":false,"queryable":false,"route":"systemux:\/\/settings\/bluetooth?setting=bluetooth_pairing","parent":"bluetooth"},{"id":"boundary color","type":"void","mutable":false,"queryable":false,"route":"systemux:\/\/settings\/guardian_general?setting=guardian_customization_boundary_color_config","parent":"guardian"},{"id":"bug report","type":"void","mutable":false,"queryable":false,"route":"systemux:\/\/bug_report","parent":"about"},{"id":"controllers","type":"void","mutable":false,"queryable":false,"route":"systemux:\/\/settings\/controllers"},{"id":"display","type":"void","mutable":false,"queryable":false,"route":"systemux:\/\/settings\/display"},{"id":"do not disturb","type":"void","mutable":false,"queryable":false,"route":"systemux:\/\/settings\/do_not_disturb?setting=do_not_disturb","parent":"do not disturb"},{"id":"environment","type":"void","mutable":false,"queryable":false,"route":"systemux:\/\/settings\/environment"},{"id":"experimental","type":"void","mutable":false,"queryable":false,"route":"systemux:\/\/settings\/experiments"},{"id":"floor level","type":"void","mutable":false,"queryable":false,"route":"systemux:\/\/guardian\/guardian-adjust-floor","parent":"guardian"},{"id":"glanceable boundary","type":"void","mutable":false,"queryable":false,"route":"systemux:\/\/settings\/guardian_roomscale?setting=guardian_enable_glanceable_bounds","parent":"guardian"},{"id":"guardian","type":"void","mutable":false,"queryable":false,"route":"systemux:\/\/settings\/guardian_general"},{"id":"guardian history","type":"void","mutable":false,"queryable":false,"route":"systemux:\/\/settings\/guardian_general?setting=guardian_clear_history","parent":"guardian"},{"id":"guardian passthrough","type":"void","mutable":false,"queryable":false,"route":"systemux:\/\/settings\/guardian_general?setting=passthrough_on_demand","parent":"guardian"},{"id":"hand tracking","type":"void","mutable":false,"queryable":false,"route":"systemux:\/\/settings\/hands?setting=hands_hand_tracking","parent":"hands"},{"id":"health and safety","type":"void","mutable":false,"queryable":false,"route":"systemux:\/\/health_and_safety_video","parent":"about"},{"id":"language","type":"void","mutable":false,"queryable":false,"route":"systemux:\/\/settings\/language_and_region?setting=language","parent":"language and region"},{"id":"long press","type":"void","mutable":false,"queryable":false,"route":"systemux:\/\/settings\/controllers?setting=controllers_oculus_button_long_press","parent":"controllers"},{"id":"mac address","type":"void","mutable":false,"queryable":false,"route":"systemux:\/\/settings\/about?setting=about_mac_address","parent":"about"},{"id":"microphone","type":"void","mutable":false,"queryable":false,"route":"systemux:\/\/settings\/sound?setting=microphone","parent":"sound"},{"id":"night shift","type":"void","mutable":false,"queryable":false,"route":"systemux:\/\/settings\/display?setting=night_shift","parent":"display"},{"id":"notifications","type":"void","mutable":false,"queryable":false,"route":"systemux:\/\/settings\/notifications"},{"id":"os version","type":"void","mutable":false,"queryable":false,"route":"systemux:\/\/settings\/software_update?setting=os_version","parent":"about"},{"id":"permissions","type":"void","mutable":false,"queryable":false,"route":"systemux:\/\/settings\/permissions"},{"id":"power","type":"void","mutable":false,"queryable":false,"route":"systemux:\/\/settings\/power"},{"id":"privacy policy","type":"void","mutable":false,"queryable":false,"route":"systemux:\/\/settings\/about?setting=about_privacy_policy",
11-05 21:53:38.194  3565  3565 D [SUI] AnytimeUIAndroidPanelApp: Stored settings in pref store in 8105937 ns
11-05 21:53:38.195  1987 10527 I CompositorVR: WarpToScreen: Skipping frames for 16
11-05 21:53:38.196  2364  3003 I [OAO] VrPlatformOpenXr: EndSession passed message polling. count:1  count<maxRetryCount:1  sessionState:2
11-05 21:53:38.196  2364  3003 I [OAO] VrPlatformOpenXr: EndSession end
11-05 21:53:38.197  3565  3565 I PresenceAPK(ServiceApiManager): Trying to bind to presence service API.
11-05 21:53:38.198  1050  1749 W ActivityManager: Unable to start service Intent { act=com.oculus.presence.StablePresenceService cmp=com.oculus.presence/.services.presence.PresenceService } U=0: not found
11-05 21:53:38.198  3565  3565 E PresenceAPK(ServiceApiManager): Enabling backward compatible mode for service directory
11-05 21:53:38.198   849  1040 W TrackingService: attachClient: found client in attached list
11-05 21:53:38.201 10151 10260 E OsSdk   : error getting shared memory region, memory type: HeadTracker, failed with Status(-1, EX_SECURITY): 'requested shared memory region when not registered/focused'
11-05 21:53:38.206  2364  3003 I [OAO] AudioMixer: Disabling AudioPlayer.
11-05 21:53:38.207  1987 10527 I CompositorVR: WarpToScreen: Skipping frames for 16
11-05 21:53:38.214  2195  2195 I OVRMediaService: onStartCommand Received message type: com.oculus.horizon.GET_CAPTURE_STATE_ACTION, caller package: no_app_identity, app identify: null
11-05 21:53:38.218  1987 10527 I CompositorVR: WarpToScreen: Skipping frames for 16
11-05 21:53:38.225  2364 10728 I [OAO] AudioMixer: Notifying VrThread to shutdown.
11-05 21:53:38.226  2364  3003 I [OAO] AudioMixer: Successful shutdown.
11-05 21:53:38.226  2364  3003 I [OAO] AudioEngine: virtual void AudioLibrary::AudioEngine::DisablePlayer()
11-05 21:53:38.226  2364  3003 I [OAO] AudioEngine: Setting ShuttingDown.
11-05 21:53:38.226  1050  1071 W InputReader: Device has associated, but no associated display id.
11-05 21:53:38.229  1987 10527 I CompositorVR: WarpToScreen: Skipping frames for 16
11-05 21:53:38.230  1050  1073 W InputReader: Device has associated, but no associated display id.
11-05 21:53:38.230  1050  1073 I ActivityTaskManager: Override config changes=20005df8 {0.0 ?mcc?mnc ?localeList ?layoutDir sw88dp w640dp h88dp 200dpi nrml long land ?uimode ?night -touch qwerty/v/v -nav/h winConfig={ mBounds=Rect(0, 0 - 800, 110) mAppBounds=Rect(0, 0 - 800, 110) mWindowingMode=fullscreen mDisplayWindowingMode=fullscreen mActivityType=undefined mAlwaysOnTop=undefined mRotation=ROTATION_0}} for displayId=72
11-05 21:53:38.236  3565  3565 D PresenceAPK(PresenceClient): setEventListener id=AnchoredHomeGroup
11-05 21:53:38.236  3565  3565 I PresenceAPK(GroupManager): addListener for id AnchoredHomeGroup
11-05 21:53:38.236  3565  3565 I PanelService: BEGIN: nativeInitializePanelInstance - Configure and set up thread polling.
11-05 21:53:38.236  3565  3565 I PanelService: BEGIN: Call hosted app's Configure method.
11-05 21:53:38.236  3565  3565 I PanelService: END: Call hosted app's Configure method.
11-05 21:53:38.236  3565  3565 I PanelService: END: nativeInitializePanelInstance - Add fd 61 to looper with error code 1
11-05 21:53:38.236  3565  3565 D CppPanelService: END: Initializing panel application via MSG_CREATE_PANEL_APP.
11-05 21:53:38.236  3565  3565 I PanelService: VR Shell socket closed(ECONNRESET); shutting down fd: 42
11-05 21:53:38.236  3565  3565 I PanelService: Quitting application via hardExit flag. Shutting down fd 42.
11-05 21:53:38.237  3565  3565 V LifecycleAwareViewModelStore: LifecycleAwareViewModelStore destroyed
11-05 21:53:38.237  3565  3565 V LifecycleAwarePanelApp: PanelApp lifecycle moved to final state: DESTROYED
11-05 21:53:38.237  3565  3565 I AndroidPanelApp: Destroyed
11-05 21:53:38.238  1050  1071 W Looper  : Slow dispatch took 109ms android.ui h=android.hardware.display.DisplayManagerGlobal$DisplayListenerDelegate c=null m=1
11-05 21:53:38.240  3056  3183 I [SEO] PanelRenderLayer: ResetSurface #main 0 x 0 - shape:0 stereo:0
11-05 21:53:38.240  1987 10527 I CompositorVR: WarpToScreen: Skipping frames for 16
11-05 21:53:38.246  2364 10728 I [OAO] AudioMixer: Notifying VrThread to shutdown.
11-05 21:53:38.246  2364 10728 I [OAO] AudioEngine: Fading final buffer
11-05 21:53:38.246   849  1037 W TrackingService: attachClient: found client in attached list
11-05 21:53:38.247 10151 10260 E OsSdk   : error getting shared memory region, memory type: HeadTracker, failed with Status(-1, EX_SECURITY): 'requested shared memory region when not registered/focused'
11-05 21:53:38.248  3565  3565 D [SUI] AnytimeUIPanelAppBase: Releasing viewModel DynamicAppsViewModel refCount: 1
11-05 21:53:38.248  3565  3565 D [SUI] AnytimeUIPanelAppBase: Releasing viewModel SharingViewModel refCount: 0
11-05 21:53:38.248  3565  3565 D [SUI] SharingViewModel: Destroying ViewModel
11-05 21:53:38.250  3565  3565 D [SUI] SharingViewModel: clearAbuseReportRecordingTimer
11-05 21:53:38.250  3565  3565 D [SUI] BarView: Destroying BarView
11-05 21:53:38.250  3565  3565 D [SUI] SocialViewModel: removeObserver(): -$$Lambda$SystemStatusView$hvdttGlyfUmlGZJVTLPJRt2c5Fk
11-05 21:53:38.250  3565  3565 D [SUI] AnytimeUIPanelAppBase: Releasing viewModel SocialViewModel refCount: 1
11-05 21:53:38.250  3565  3565 D [SUI] AnytimeUIPanelAppBase: Releasing viewModel SystemStatusViewModel refCount: 0
11-05 21:53:38.250  3565  3565 D [SUI] AnytimeUIPanelAppBase: Releasing viewModel BarViewModel refCount: 1
11-05 21:53:38.250  3565  3565 D [SUI] StatusViewModel: Destroying ViewModel
11-05 21:53:38.251  1987 10527 I CompositorVR: WarpToScreen: Skipping frames for 16
11-05 21:53:38.258  3565  3565 D [SUI] AnytimeUIPanelAppBase: Releasing viewModel ActiveCallBarViewModel refCount: 0
11-05 21:53:38.258  3565  3565 D [SUI] AnytimeUIPanelAppBase: Releasing viewModel SocialViewModel refCount: 0
11-05 21:53:38.258  3565  3565 D [SUI] SocialViewModel: Destroying ViewModel
11-05 21:53:38.259  3565  3565 I PresenceAPK(ServicePresenceClient): ServicePresenceClient close
11-05 21:53:38.259  3565  3565 I PresenceAPK(GroupManager): removeListener with id SystemCallGroup
11-05 21:53:38.259  3565  3565 I PresenceAPK(ServiceApiManager): onApiNotReady
11-05 21:53:38.259  3565  3565 D PresenceAPK(ServicePresenceClient): Calling onServiceDown
11-05 21:53:38.259  3565  3565 I PresenceAPK(GroupManager): disconnected
11-05 21:53:38.262  1987 10527 I CompositorVR: WarpToScreen: Skipping frames for 16
11-05 21:53:38.264  3565  3565 D [SUI] MessengerCallViewModel: removeObserver
11-05 21:53:38.264  3565  3565 D [SUI] AnytimeUIPanelAppBase: Releasing viewModel MessengerCallViewModel refCount: 0
11-05 21:53:38.264  3565  3565 D HyperspaceClient: release instance, refcount: 1
11-05 21:53:38.264  3565  3565 D [SUI] MessengerCallViewModel: released hyperspace client
11-05 21:53:38.264  3565  3565 D [SUI] MessengerCallViewModel: destroyed MessengerCallViewModel
11-05 21:53:38.264  3565  3565 D [SUI] MessengerCallBarViewModel: destroyed MessengerCallBarViewModel
11-05 21:53:38.264  3565  3565 D [SUI] DynamicAppsView: Destroying DynamicAppsView on AUI bar
11-05 21:53:38.264  3565  3565 D [SUI] MessengerCallViewModel: removeObserver
11-05 21:53:38.264  3565  3565 D [SUI] AnytimeUIPanelAppBase: Releasing viewModel DynamicAppsViewModel refCount: 0
11-05 21:53:38.264  3565  3565 E [SUI] AnytimeUIPanelAppBase: Social view model already destroyed
11-05 21:53:38.264  3565  3565 D [SUI] DynamicAppsViewModel: Destroying DynamicAppsViewModel
11-05 21:53:38.264  3565  3565 E [SUI] AnytimeUIPanelAppBase: Release ViewModel called on already destroyed ViewModelnull
11-05 21:53:38.264  3565  3565 D [SUI] AnytimeUIPanelAppBase: Releasing viewModel BarViewModel refCount: 0
11-05 21:53:38.264  3565  3565 D [SUI] BarViewModel: Destroying BarViewModel
11-05 21:53:38.264  3565  3565 D [SUI] AnytimeUIPanelAppBase: Releasing viewModel SettingsViewModel refCount: 0
11-05 21:53:38.264  3565  3565 D [SUI] SettingsViewModel: Destroying ViewModel
11-05 21:53:38.265  3565  3565 D [SUI] AnytimeUIPanelAppBase: Releasing viewModel StatusViewModel refCount: 2
11-05 21:53:38.266  2364 10728 I [OAO] AudioEngine: Notifying VrThread to shutdown.
11-05 21:53:38.266  2364 10728 D         : PlayerBase::stop() from IPlayer
11-05 21:53:38.266  2364 10728 D AudioTrack: stop(90): called with 126720 frames delivered
11-05 21:53:38.266  2364  3003 I [OAO] AudioEngine: Stopping player
11-05 21:53:38.267  2364  3003 D         : PlayerBase::stop() from IPlayer
11-05 21:53:38.269  3565  3565 E [SUI] AnytimeUIPanelAppBase: Social view model already destroyed
11-05 21:53:38.269  3565  3565 D [SUI] AnytimeUIPanelAppBase: Releasing viewModel StatusViewModel refCount: 1
11-05 21:53:38.269  3565  3565 I [SUI] AnytimeUIAndroidPanelApp: Destroyed AUI PanelApp, isInOverlay: true, instanceCount: 1
11-05 21:53:38.269  3565  3565 D [SUI] AirlinkUtils: Destroying AirlinkUtils...
11-05 21:53:38.270  3565  3565 D [SUI] AnytimeUIPanelAppBase: Releasing viewModel StatusViewModel refCount: 0
11-05 21:53:38.270  3565  3565 D [SUI] StatusViewModel: Destroying ViewModel
11-05 21:53:38.270  2364  3003 D [OAO] ShellApplication: setOverlayInputFocus: inputFocus=false shouldSupportIME=false
11-05 21:53:38.270  2364  3003 D [OAO] BaseOverlayService: setOverlayInputFocus : entrypoint - inputFocus=false shouldSupportIME=false
11-05 21:53:38.270  2364  3003 I [OAO] SystemAssistant: OnModeChanged from FullShell to ImmersiveAppFocused
11-05 21:53:38.270  2364  3003 I [OAO] ShellOverlayApp: Start sleep timeout. Now:2828.865174, Timeout:2830.865174
11-05 21:53:38.270  2364  2364 D [OAO] BaseOverlayService: detachServiceWindowView
11-05 21:53:38.270  2364  2364 D [OAO] BaseOverlayService: setOverlayInputFocus : completed - inputFocus=false shouldSupportIME=false actionTaken:false
11-05 21:53:38.271  3565  3565 I PresenceAPK(ServicePresenceClient): ServicePresenceClient close
11-05 21:53:38.271  3565  3565 I PresenceAPK(GroupManager): removeListener with id AnchoredHomeGroup
11-05 21:53:38.271  3565  3565 I PresenceAPK(ServiceApiManager): onApiNotReady
11-05 21:53:38.271  3565  3565 D PresenceAPK(ServicePresenceClient): Calling onServiceDown
11-05 21:53:38.271  3565  3565 I PresenceAPK(GroupManager): disconnected
11-05 21:53:38.273  1987 10527 I CompositorVR: WarpToScreen: Skipping frames for 16
11-05 21:53:38.283  1503  1503 V AvrcpMediaPlayerList: onPlaybackConfigChanged(): Configs list size=11
11-05 21:53:38.285  1987 10527 I CompositorVR: WarpToScreen: Skipping frames for 16
11-05 21:53:38.292 10151 10260 E OsSdk   : error getting shared memory region, memory type: HeadTracker, failed with Status(-1, EX_SECURITY): 'requested shared memory region when not registered/focused'
11-05 21:53:38.296  1987 10527 I CompositorVR: WarpToScreen: Skipping frames for 16
11-05 21:53:38.298  1050  4055 I DisplayManagerService: Display device removed: DisplayDeviceInfo{"com.oculus.android_panel_app.AndroidPanelLayer-#main": uniqueId="virtual:com.oculus.systemux,10026,com.oculus.android_panel_app.AndroidPanelLayer-#main,0", 800 x 110, modeId 130, defaultModeId 130, supportedModes [{id=130, width=800, height=110, fps=60.0}], colorMode 0, supportedColorModes [0], HdrCapabilities null, density 200, 200.0 x 200.0 dpi, appVsyncOff 0, presDeadline 16666666, touch NONE, rotation 0, type VIRTUAL, state ON, owner com.oculus.systemux (uid 10026), FLAG_PRIVATE, FLAG_NEVER_BLANK, FLAG_OWN_CONTENT_ONLY}
11-05 21:53:38.300  3565  3565 I [SUI] AnytimeUIAndroidPanelApp: Bar visibility changed to true
11-05 21:53:38.300  3565  3565 I [SUI] AnytimeUIAndroidPanelApp: updateGuardianConfig - 1 - 0.44444448
11-05 21:53:38.300  3565  3565 I [SUI] AnytimeUIAndroidPanelApp: updateGuardianConfig - 2 - 0.21500002
11-05 21:53:38.300  3565  3565 I [SUI] AnytimeUIAndroidPanelApp: updateGuardianConfig - 5 - 0.05
11-05 21:53:38.300  3565  3565 I [SUI] AnytimeUIAndroidPanelApp: updateGuardianConfig - 6 - 0.49999997
11-05 21:53:38.300  3565  3565 I [SUI] AnytimeUIAndroidPanelApp: updateGuardianConfig - 7 - 0.4
11-05 21:53:38.300  3565  3565 I [SUI] AnytimeUIAndroidPanelApp: updateGuardianConfig - 8 - 0.0
11-05 21:53:38.300  3565  3565 I [SUI] AnytimeUIAndroidPanelApp: updateGuardianConfig - 10 - 0.0
11-05 21:53:38.300  3565  3565 I [SUI] AnytimeUIAndroidPanelApp: updateGuardianConfig - 12 - 0.0
11-05 21:53:38.300  3565  3565 I [SUI] AnytimeUIAndroidPanelApp: updateGuardianConfig - 13 - 0.5
11-05 21:53:38.300  3565  3565 I [SUI] AnytimeUIAndroidPanelApp: updateGuardianConfig - 14 - 0.0
11-05 21:53:38.300  3565  3565 I [SUI] AnytimeUIAndroidPanelApp: updateGuardianConfig - 15 - 0.0
11-05 21:53:38.300  3565  3565 I [SUI] AnytimeUIAndroidPanelApp: updateGuardianConfig - 16 - 0.0
11-05 21:53:38.300  3565  3565 I [SUI] AnytimeUIAndroidPanelApp: updateGuardianConfig - 17 - 0.0
11-05 21:53:38.300  3565  3565 I [SUI] AnytimeUIAndroidPanelApp: updateGuardianConfig - 18 - 0.5
11-05 21:53:38.300  3565  3565 I [SUI] AnytimeUIAndroidPanelApp: updateGuardianConfig - 19 - 0.0
11-05 21:53:38.300  3565  3565 I [SUI] AnytimeUIAndroidPanelApp: updateGuardianConfig - 20 - 0.0
11-05 21:53:38.300  3565  3565 I [SUI] AnytimeUIAndroidPanelApp: updateGuardianConfig - 21 - 0.0
11-05 21:53:38.300  3565  3565 I [SUI] AnytimeUIAndroidPanelApp: updateGuardianConfig - 22 - 0.0
11-05 21:53:38.300  3565  3565 I [SUI] AnytimeUIAndroidPanelApp: updateGuardianConfig - 23 - 2.0
11-05 21:53:38.300  3565  3565 I [SUI] AnytimeUIAndroidPanelApp: updateGuardianConfig - 24 - 0.25
11-05 21:53:38.301  3565  3565 I [SUI] AnytimeUIAndroidPanelApp: updateGuardianConfig - 26 - 0.0
11-05 21:53:38.301  3565  3565 I [SUI] AnytimeUIAndroidPanelApp: updateGuardianConfig - 28 - 1.0
11-05 21:53:38.305  3565  3565 I AndroidPanelApp: Processing pending hide layer for layer #main.
11-05 21:53:38.305  3565  3565 I AndroidPanelApp: Processing pending show layer info for layer #main with width 800 and height 110.
11-05 21:53:38.305  3565  3565 I AndroidPanelApp: layerSupersample no changes
11-05 21:53:38.305  3565  3565 D [SUI] AnytimeUIAndroidPanelApp: Received appStatus from VrShell: []
11-05 21:53:38.307  3056  3183 I [SEO] PanelAppHost: Setting panel layer visibility of layer "#main" to invisible, panel 24 (com.oculus.systemux/com.oculus.panelapp.anytimeui.AnytimeUIAndroidPanelService)
11-05 21:53:38.307  3056  3183 I [SEO] PanelAppHost: Resize layer #main to size 800 x 110 shape: 1 stereo: 0, panel 24 (com.oculus.systemux/com.oculus.panelapp.anytimeui.AnytimeUIAndroidPanelService)
11-05 21:53:38.307  3056  3183 I [SEO] PanelRenderLayer: ResetSurface #main 800 x 110 - shape:1 stereo:0
11-05 21:53:38.307  1987 10527 I CompositorVR: WarpToScreen: Skipping frames for 16
11-05 21:53:38.309  1503  1503 V AvrcpMediaPlayerList: onPlaybackConfigChanged(): Configs list size=10
11-05 21:53:38.317  2195  2195 I FileCapture: broadcast capture state to AUI running = false, with mode -1
11-05 21:53:38.318  1987 10527 I CompositorVR: WarpToScreen: Skipping frames for 16
11-05 21:53:38.329  1987 10527 I CompositorVR: WarpToScreen: Skipping frames for 16
11-05 21:53:38.332  3565  3580 I [SUI] AnytimeUIAndroidPanelApp: GCing AnytimeUIAndroidPanelApp
11-05 21:53:38.332  3565  3580 W System  : A resource failed to call release. 
11-05 21:53:38.332  3565  3580 I chatty  : uid=10026(com.oculus.systemux) FinalizerDaemon identical 5 lines
11-05 21:53:38.332  3565  3580 W System  : A resource failed to call release. 
11-05 21:53:38.333  3565  3580 I [SUI] AnytimeUIAndroidPanelApp: GCing AnytimeUIAndroidPanelApp
11-05 21:53:38.333  3565  3580 W System  : A resource failed to call release. 
11-05 21:53:38.333  3565  3580 I chatty  : uid=10026(com.oculus.systemux) FinalizerDaemon identical 5 lines
11-05 21:53:38.333  3565  3580 W System  : A resource failed to call release. 
11-05 21:53:38.338   849  1037 I chatty  : uid=1000(system) Binder:849_1 identical 2 lines
11-05 21:53:38.340  1987 10527 I CompositorVR: WarpToScreen: Skipping frames for 16
11-05 21:53:38.343  3056  3056 D [SEO] ShellControlBroadcastReceiver: onReceive with MainActivity native pointer 3510481072, action com.oculus.systemactivities.CAPTURE_STATE_UPDATE
11-05 21:53:38.343  3056  3056 D [SEO] ShellControlBroadcastReceiver: isLaunchAction = false, isTrustedAppLaunch = false
11-05 21:53:38.343  3056  3056 D [SEO] ShellControlBroadcastReceiver: IsCaptureStateUpdateAction
11-05 21:53:38.347 10151 10260 E OsSdk   : error getting shared memory region, memory type: HeadTracker, failed with Status(-1, EX_SECURITY): 'requested shared memory region when not registered/focused'
11-05 21:53:38.347  1503  1503 V AvrcpMediaPlayerList: onPlaybackConfigChanged(): Configs list size=9
11-05 21:53:38.350  3565 10797 D NotificationsBadgeLiveData: MessageBadgeData, pullAndCheckNotifs, old data source notif count: 2, oc chats count: 0, messenger count: 0
11-05 21:53:38.350  1503  1503 V AvrcpMediaPlayerList: onPlaybackConfigChanged(): Configs list size=8
11-05 21:53:38.351  1987 10527 I CompositorVR: WarpToScreen: Skipping frames for 16
11-05 21:53:38.352  2364  2364 D DeviceHelper: isScreenOn = true
11-05 21:53:38.352  2364  2364 D [OAO] ShellOverlayBroadcastReceiver: onReceive with ShellOverlayService native pointer 3702286208, action com.oculus.systemactivities.CAPTURE_STATE_UPDATE
11-05 21:53:38.353  3565  3565 I AndroidPanelApp: Processing next frame action "layerShow" for layer "#main"
11-05 21:53:38.354  1050  1073 I DisplayManagerService: Display device changed state: "com.oculus.android_panel_app.AndroidPanelLayer-#main", ON
