03-05 19:30:33.873   731  5792 I msm8974_platform: platform_check_and_set_capture_codec_backend_cfg:txbecf: afe: bitwidth 16, samplerate 24000, channel 1 format 1, backend_idx 8 usecase = 22 device (handset-mic-aec-ns)
03-05 19:30:33.873   731  5792 I msm8974_platform: platform_check_capture_codec_backend_cfg:txbecf: afe: Codec selected backend: 8 current bit width: 16 and sample rate: 24000, channels 1 format 1
03-05 19:30:33.873   731  5792 W msm8974_platform: platform_get_backend_index:napb: Invalid device - 0 
03-05 19:30:33.873   731  5792 I msm8974_platform: platform_check_capture_codec_backend_cfg:txbecf: afe: current backend bit_width 16 sample_rate 48000 channels 1, format 0
03-05 19:30:33.873   731  5792 I msm8974_platform: platform_check_capture_codec_backend_cfg:txbecf: afe: Codec backend needs to be updated. new bit width: 16 new sample rate: 24000 new channel: 1 new format: 1
03-05 19:30:33.873   731  5792 I msm8974_platform: platform_set_codec_backend_cfg:becf: afe: bitwidth 16, samplerate 24000 channels 1 format 1, backend_idx 8 device (handset-mic-aec-ns)
03-05 19:30:33.873   731  5792 E msm8974_platform: platform_set_codec_backend_cfg:becf: afe: Could not get ctl for mixer command - SLIM_0_TX SampleRate
03-05 19:30:33.873   731  5792 D audio_hw_primary: check_usecases_capture_codec_backend:becf: force routing 0
03-05 19:30:33.873   731  5792 D hardware_info: hw_info_append_hw_type : device_name = handset-mic-aec-ns
03-05 19:30:33.873   731  5792 D msm8974_platform: platform_split_snd_device: snd_device(134) num devices(0) new_snd_devices(0)
03-05 19:30:33.873   731  5792 D audio_hw_primary: enable_snd_device: snd_device(134: handset-mic-aec-ns)
03-05 19:30:33.873   731  5792 D audio_route: Apply path: handset-mic-aec-ns
03-05 19:30:33.876  4604  4697 D xrstreaming: Quest 2 device - opening vsync_event
03-05 19:30:33.876  4604  4627 I ClientInputSettings: InhibitHandleHomeKeyFull = true
03-05 19:30:33.876  4604  4627 I ClientInputInterface: SetInhibitHandleHomeKeyFull 1 for process com.oculus.xrstreamingclient 4604
03-05 19:30:33.876  4604  4627 D xrstreaming:     vrapi_SetPropertyInt(VRAPI_INHIBIT_HANDLE_HOMEKEY_FULL, 1)
03-05 19:30:33.876  4604  4627 I ipcLoader [RUNTIMEIPC]: RuntimeIPC: Loader: IPC Service API Loader Version: 37 Feb  7 2023 02:17:50
03-05 19:30:33.876  4604  4627 I RuntimeIPCApi [RUNTIMEIPC]: ipc_Initialize
03-05 19:30:33.876  4604  4627 I RuntimeIPCServiceClient [RUNTIMEIPC]: Init: Already initialized: com.oculus.xrstreamingclient, 11
03-05 19:30:33.876  4604  4697 D xrstreaming: Starting with vsync 408525432602
03-05 19:30:33.876  4604  4708 W REFLECT [RUNTIMEIPC]: UpdateServerStateValue name:'RigidBodyStates' buffer == nullptr
03-05 19:30:33.877   840  1260 D RPCServer [RUNTIMEIPC]: ConnectClient: Client: com.oculus.xrstreamingclient:com.oculus.xrstreamingclient:4604, Server: native_process.system:/system/bin/mrsystemservice (MrSystemServiceIPCServer)
03-05 19:30:33.877   840  1260 I IPCSharedMemory_Internal [RUNTIMEIPC]: CreateSharedMemory: Allocated shared memory fd 52 (ipcStateReadWrite)
03-05 19:30:33.877   840  1260 I IPCSharedMemory_Internal [RUNTIMEIPC]: CreateSharedMemory: Allocated shared memory fd 53 (ipcReadOnlyState)
03-05 19:30:33.877   840  1260 I RPCClientHandler [RUNTIMEIPC]: Event buffer size (server): 8192
03-05 19:30:33.877   840  1260 I IPCSharedMemory_Internal [RUNTIMEIPC]: CreateSharedMemory: Allocated shared memory fd 54 (ipcEventBuffer)
03-05 19:30:33.877   840  1260 I IPCSharedMemory_Internal [RUNTIMEIPC]: CreateSharedMemory: Allocated shared memory fd 55 (ipcEventBuffer_Private)
03-05 19:30:33.877   840  1260 W RPCServer [RUNTIMEIPC]: HandleClientConnect: Failed to register client event subscription: Client: com.oculus.xrstreamingclient:com.oculus.xrstreamingclient:4604, Server: native_process.system:/system/bin/mrsystemservice (MrSystemServiceIPCServer)
03-05 19:30:33.878   840  1260 I RuntimeIPCServerMgr [RUNTIMEIPC]: HandleClientConnect SUCCESS: Client: com.oculus.xrstreamingclient:com.oculus.xrstreamingclient:4604, Server: native_process.system:/system/bin/mrsystemservice (MrSystemServiceIPCServer)
03-05 19:30:33.878   840  5793 I [CT]    : MIXEDREALITY: MrSystemServiceIPCServer: Client Connected: 2115310073/com.oculus.xrstreamingclient/com.oculus.xrstreamingclient:4604
03-05 19:30:33.878   840  1260 I RPCServer [RUNTIMEIPC]: GetServerStatesConfig -> {MaxBufferSize=1024, MaxEntries=5}
03-05 19:30:33.878  4604  4627 I RuntimeIPCClient [RUNTIMEIPC]: GetServerStatesConfig returned maxEntries=5, maxBuffSize=1024
03-05 19:30:33.878  4604  4627 I RuntimeIPCClient [RUNTIMEIPC]: Event buffer size (client): 8192
03-05 19:30:33.878  4604  4627 I RuntimeIPCClient [RUNTIMEIPC]: TryToGetIPCResourcesFromServer: RPC_CONNECTOR_CONNECT_TO_SERVER SUCCESS: Client: com.oculus.xrstreamingclient:com.oculus.xrstreamingclient:4604, Server: native_process.system:/system/bin/mrsystemservice (MrSystemServiceIPCServer)
03-05 19:30:33.878  4604  4627 I RuntimeIPCClient [RUNTIMEIPC]: EnsureServerConnection: SUCCESS. Client: com.oculus.xrstreamingclient:com.oculus.xrstreamingclient:4604, Server: native_process.system:/system/bin/mrsystemservice (MrSystemServiceIPCServer)
03-05 19:30:33.878  4604  4627 I RuntimeIPCClient [RUNTIMEIPC]: ConnectToServer: SUCCESS: Client: com.oculus.xrstreamingclient:com.oculus.xrstreamingclient:4604, Server: native_process.system:/system/bin/mrsystemservice (MrSystemServiceIPCServer)
03-05 19:30:33.878  4604  4627 W REFLECT [RUNTIMEIPC]: DeferredConnectEvent not valid: 0, 16777226
03-05 19:30:33.879   840  5793 I [CT]    : MIXEDREALITY: MrSystemServiceIPCServer: MrGetSharedMemory
03-05 19:30:33.881  4604  4708 W REFLECT [RUNTIMEIPC]: UpdateServerStateValue name:'RigidBodyStates' buffer == nullptr
03-05 19:30:33.881  4604  4708 W REFLECT [RUNTIMEIPC]: UpdateServerStateValue name:'AnchorStates' buffer == nullptr
03-05 19:30:33.882  4604  4627 E libEGL  : validate_display:91 error 3008 (EGL_BAD_DISPLAY)
03-05 19:30:33.882  4604  4627 I chatty  : uid=10033(com.oculus.xrstreamingclient) XRS_MainLoop identical 2 lines
03-05 19:30:33.882  4604  4627 E libEGL  : validate_display:91 error 3008 (EGL_BAD_DISPLAY)
03-05 19:30:33.883  4604  4627 I ipcLoader [RUNTIMEIPC]: RuntimeIPC: Loader: IPC Service API Loader Version: 37 Feb  7 2023 02:17:50
03-05 19:30:33.883  4604  4627 I RuntimeIPCApi [RUNTIMEIPC]: ipc_Initialize
03-05 19:30:33.883  4604  4627 I RuntimeIPCServiceClient [RUNTIMEIPC]: Init: Already initialized: com.oculus.xrstreamingclient, 12
03-05 19:30:33.883  4604  4627 I RuntimeIPCClient [RUNTIMEIPC]: ConnectToServer: SUCCESS: Client: com.oculus.xrstreamingclient:com.oculus.xrstreamingclient:4604, Server: native_process.system:/system/bin/mrsystemservice (MrSystemServiceIPCServer)
03-05 19:30:33.883   840  5793 I [CT]    : MIXEDREALITY: MrSystemServiceIPCServer: ChangeMrCapabilityStatusNonBlocking: client 2115310073, capability 0, command 1.
03-05 19:30:33.883   840  5793 I [CT]    : MIXEDREALITY: ServiceLogic: Starting: Passthrough
03-05 19:30:33.883   840  5793 I [CT]    : MIXEDREALITY: MrRuntimeCompute: onStart: Passthrough.
03-05 19:30:33.883   840  5793 I [CT]    : MR:Capability: Passthrough capability: start received from 2115310073
03-05 19:30:33.883   840  5793 I [CT]    : MIXEDREALITY: PassthroughComputeCapability: onStart: Instantiating Passthrough.
03-05 19:30:33.883   840  5793 I [CT]    : MIXEDREALITY: PassthroughMesh: PassthroughMesh: Initializing.
03-05 19:30:33.883  4604  4627 E xrstreaming: Failed to bind to the system service. Error -6
03-05 19:30:33.883  4604  4627 D xrstreaming:   AADT Mode: ATW
03-05 19:30:33.883  4604  4627 I VrRuntimeClient: UpdateEvents: HMT was mounted
03-05 19:30:33.883   840  5793 I [CT]    : MIXEDREALITY: PassthroughMesh: PassthroughMesh: Initialized.
03-05 19:30:33.884   840  5793 I [CT]    : MIXEDREALITY: StereoPipeline: addClient: adding client Passthrough, active clients: 'NONE'.
03-05 19:30:33.884   840  5793 I [CT]    : BOLTDEPTH: BoltDepthSystem: onResume: waiting for previous core deinit to finish
03-05 19:30:33.884   840  5793 I [CT]    : BOLTDEPTH: CvpDisparityPipeline: activate: CVP pipeline successfully activated.
03-05 19:30:33.885   840  5793 I [CT]    : BOLTDEPTH: BoltDepthSystem: onResume: Successfully resumed the depth system
03-05 19:30:33.885   840  5793 I [CT]    : BOLTDEPTH: BoltDepthSystem: activateClient: client 0 is activated.
03-05 19:30:33.885   840  5793 I [CT]    : MIXEDREALITY: MrRuntimeCompute: onStart: Notify that camera needs to be started.
03-05 19:30:33.885   840  5793 I [CT]    : MIXEDREALITY: MrRuntimeCompute: onStart: Resuming Stereo Pipeline.
03-05 19:30:33.885   840  5793 I [CT]    : MIXEDREALITY: MrRuntimeCompute: resumeStereoPipeline
03-05 19:30:33.885   840  5793 I [CT]    : MIXEDREALITY: StereoPipeline: StereoPipeline: resuming, paused clients: 'NONE'.
03-05 19:30:33.885   840  5793 W [CT]    : BOLTDEPTH: BoltDepthSystem: onResume: Noop since the depth system is already active. State: INITIALIZED
03-05 19:30:33.885   840  5793 I [CT]    : MIXEDREALITY: MrRuntimeCompute: Refreshing online calibration.
03-05 19:30:33.885   840  5793 I [CT]    : MIXEDREALITY: ServiceLogic: First capability using camera was resumed, switching cameras on.
03-05 19:30:33.885   840  5793 I [CT]    : MIXEDREALITY: PassthroughComputeCapability: MrChangePassthroughStatus
03-05 19:30:33.885   840  5793 I [CT]    : MIXEDREALITY: PassthroughComputeCapability: changeMode: kNone -> ImagesAndMesh.
03-05 19:30:33.885   840  5796 I [CT]    : MIXEDREALITY: ServiceLogic: sendMrEngine: Resume
03-05 19:30:33.885   840  5796 D MrSystemService: Mr Engine resume.
03-05 19:30:33.887  4604  4708 W REFLECT [RUNTIMEIPC]: UpdateServerStateValue name:'RigidBodyStates' buffer == nullptr
03-05 19:30:33.890   743   743 I FrameSetDispatcher: [HEADSET] Client pid=840 (MrSSCamS): Client thread started
03-05 19:30:33.890   743   743 I CameraClientManager: [HEADSET] Added client (840)(MrSSCamS) - started clients: 4
03-05 19:30:33.907  4604  4708 I chatty  : uid=10033(com.oculus.xrstreamingclient) SlamAnchorMem identical 4 lines
03-05 19:30:33.912  4604  4708 W REFLECT [RUNTIMEIPC]: UpdateServerStateValue name:'RigidBodyStates' buffer == nullptr
03-05 19:30:33.912  4604  4708 W REFLECT [RUNTIMEIPC]: UpdateServerStateValue name:'AnchorStates' buffer == nullptr
03-05 19:30:33.917  4604  4708 W REFLECT [RUNTIMEIPC]: UpdateServerStateValue name:'RigidBodyStates' buffer == nullptr
03-05 19:30:33.922  4604  4708 W REFLECT [RUNTIMEIPC]: UpdateServerStateValue name:'RigidBodyStates' buffer == nullptr
03-05 19:30:33.927   840  5797 I [CT]    : MIXEDREALITY: ServiceLogic: Frame types for computation: HEADSET, rendering: HEADSET.
03-05 19:30:33.927   840  5797 I [CT]    : MIXEDREALITY: ServiceLogic: Thread mrss:camera had no tid assigned, now has TID: 5797
03-05 19:30:33.927   840  5797 I [CT]    : MIXEDREALITY: CoreAffinity: Successfully set cpu affinity for thread 5797 to prime gold (7)
03-05 19:30:33.927   840  5797 I [CT]    : MIXEDREALITY: CoreAffinity: Successfully set cpu affinity for thread 1253 to prime gold (7)
03-05 19:30:33.927  4604  4708 W REFLECT [RUNTIMEIPC]: UpdateServerStateValue name:'RigidBodyStates' buffer == nullptr
03-05 19:30:33.931  1052  1429 W ActivityManager: Package for pid 840: no process record found
03-05 19:30:33.932   844   844 W TrackingService: attachClient: found client in attached list
03-05 19:30:33.932  4604  4708 I chatty  : uid=10033(com.oculus.xrstreamingclient) SlamAnchorMem identical 1 line
03-05 19:30:33.933   844   844 D TrackingService: getSharedMemory: /system/bin/mrsystemservice, HeadTracker
03-05 19:30:33.938  4604  4708 W REFLECT [RUNTIMEIPC]: UpdateServerStateValue name:'RigidBodyStates' buffer == nullptr
03-05 19:30:33.938   844   844 W TrackingService: attachClient: found client in attached list
03-05 19:30:33.941   844   844 D TrackingService: getSharedMemory: /system/bin/mrsystemservice, Controller
03-05 19:30:33.941   840  1253 I [CT]    : MIXEDREALITY: MrRuntimeCompute: computeIteration: (every 30 seconds). Playspace: OFF, Passthrough: ON, IntrusionDetection: OFF
03-05 19:30:33.943  4604  4708 W REFLECT [RUNTIMEIPC]: UpdateServerStateValue name:'RigidBodyStates' buffer == nullptr
03-05 19:30:33.946  4604  4701 W xrstreaming: ThreadFunc(): gamepad haptics are not supported
03-05 19:30:33.946   840  1253 I [CT]    : Bolt:CVPUtilization: CVP DFS utilization: 0
03-05 19:30:33.946   840  1253 I [CT]    : Bolt:CVPUtilization: CVP runtime 2281us, frametime 191299357us
03-05 19:30:33.947   840  1253 I [CT]    : MIXEDREALITY: CapabilityTelemetry: Found a stat too old, resetting it.
03-05 19:30:33.948  4604  4708 W REFLECT [RUNTIMEIPC]: UpdateServerStateValue name:'RigidBodyStates' buffer == nullptr
03-05 19:30:33.948   840  1253 I [CT]    : MIXEDREALITY: PassthroughMesh: update: Clearing 0 previous mesh points (previous timestamp 0, current 408.572525383).
03-05 19:30:33.953  4604  4708 W REFLECT [RUNTIMEIPC]: UpdateServerStateValue name:'RigidBodyStates' buffer == nullptr
03-05 19:30:33.968  4604  4708 I chatty  : uid=10033(com.oculus.xrstreamingclient) SlamAnchorMem identical 3 lines
03-05 19:30:33.973  4604  4708 W REFLECT [RUNTIMEIPC]: UpdateServerStateValue name:'RigidBodyStates' buffer == nullptr
03-05 19:30:33.973  4604  4708 W REFLECT [RUNTIMEIPC]: UpdateServerStateValue name:'AnchorStates' buffer == nullptr
03-05 19:30:33.974  1052  1076 W ActivityTaskManager: Activity top resumed state loss timeout for ActivityRecord{f28bee3 u0 com.YourCompany.TemplateProject3/com.epicgames.ue4.GameActivity t-1 f}
03-05 19:30:33.978  4604  4764 I RuntimeIPCLinkThread [RUNTIMEIPC]: RuntimeIPCLinkThread: ipc_CallServerRPC2: 1923747562, 7
03-05 19:30:33.978  4604  4764 I RuntimeIPCLinkThread [RUNTIMEIPC]: RuntimeIPCLinkThread: ipc_CallServerRPC2 SUCCESS: 1923747562, 34
03-05 19:30:33.978  4604  4708 W REFLECT [RUNTIMEIPC]: UpdateServerStateValue name:'RigidBodyStates' buffer == nullptr
03-05 19:30:33.981  4604  4706 I xrstreaming: Toggling hands. enabled = 1
03-05 19:30:33.981  4604  4706 I ClientInputInterface: HANDTRACKING SetForceDisableHandsFromApp 0
03-05 19:30:33.984  4604  4708 W REFLECT [RUNTIMEIPC]: UpdateServerStateValue name:'RigidBodyStates' buffer == nullptr
03-05 19:30:33.989  4604  4708 I chatty  : uid=10033(com.oculus.xrstreamingclient) SlamAnchorMem identical 1 line
03-05 19:30:33.994  4604  4708 W REFLECT [RUNTIMEIPC]: UpdateServerStateValue name:'RigidBodyStates' buffer == nullptr
03-05 19:30:33.998  4604  4701 V xrstreaming: ThreadFunc(): simple haptic: deviceType = 0 , deviceID = 536870915, amplitude = 0.000000
03-05 19:30:33.998  4604  4701 V xrstreaming: ThreadFunc(): simple haptic: deviceType = 1 , deviceID = 536870914, amplitude = 0.000000
03-05 19:30:33.999  4604  4708 W REFLECT [RUNTIMEIPC]: UpdateServerStateValue name:'RigidBodyStates' buffer == nullptr
03-05 19:30:34.004  4604  4708 W REFLECT [RUNTIMEIPC]: UpdateServerStateValue name:'RigidBodyStates' buffer == nullptr
03-05 19:30:34.004  4604  4708 W REFLECT [RUNTIMEIPC]: UpdateServerStateValue name:'AnchorStates' buffer == nullptr
03-05 19:30:34.009  4604  4708 W REFLECT [RUNTIMEIPC]: UpdateServerStateValue name:'RigidBodyStates' buffer == nullptr
03-05 19:30:34.013   731  5792 E soundtrigger: audio_extn_sound_trigger_update_ec_ref_status: st_dev NULL
03-05 19:30:34.013   731  5792 D audio_route: Apply path: echo-reference
03-05 19:30:34.014   731  5792 D msm8974_platform: platform_set_echo_reference: enabling echo-reference
03-05 19:30:34.014   731  5792 D audio_hw_utils: audio_extn_utils_send_app_type_cfg: usecase->in_snd_device handset-mic-aec-ns
03-05 19:30:34.014   731  5792 D msm8974_platform: platform_split_snd_device: snd_device(134) num devices(0) new_snd_devices(0)
03-05 19:30:34.014   731  5792 D audio_hw_utils: audio_extn_btsco_get_sample_rate:Not a BT SCO device, need not update sampling rate
03-05 19:30:34.014   731  5792 I audio_hw_utils: send_app_type_cfg_for_device CAPTURE app_type 69938, acdb_dev_id 4, sample_rate 32000, snd_device_be_idx 44
03-05 19:30:34.014  4604  4708 W REFLECT [RUNTIMEIPC]: UpdateServerStateValue name:'RigidBodyStates' buffer == nullptr
03-05 19:30:34.015   731  5792 D msm8974_platform: platform_split_snd_device: snd_device(134) num devices(1) new_snd_devices(0)
03-05 19:30:34.015   731  5792 D audio_hw_utils: audio_extn_btsco_get_sample_rate:Not a BT SCO device, need not update sampling rate
03-05 19:30:34.015   731  5792 D ACDB-LOADER: ACDB -> send_audio_cal, acdb_id = 4, path = 1, app id = 0x11132, sample rate = 32000, afe_sample_rate = 48000
03-05 19:30:34.015   731  5792 D ACDB-LOADER: ACDB -> send_asm_topology
03-05 19:30:34.015   731  5792 D ACDB-LOADER: ACDB -> ACDB_CMD_GET_AUDPROC_STREAM_TOPOLOGY_ID
03-05 19:30:34.015   731  5792 D ACDB-LOADER: ACDB -> send_adm_topology
03-05 19:30:34.015   731  5792 D ACDB-LOADER: ACDB -> ACDB_CMD_GET_AUDPROC_COMMON_TOPOLOGY_ID
03-05 19:30:34.015   731  5792 D ACDB-LOADER: ACDB -> send_audtable
03-05 19:30:34.015   731  5792 D ACDB-LOADER: ACDB -> ACDB_CMD_GET_AUDPROC_INSTANCE_COMMON_TABLE_SIZE
03-05 19:30:34.015   731  5792 D ACDB-LOADER: ACDB -> ACDB_CMD_GET_AUDPROC_INSTANCE_COMMON_TABLE
03-05 19:30:34.015   731  5792 D ACDB-LOADER: ACDB -> AUDIO_SET_AUDPROC_CAL cal_type[11] acdb_id[4] app_type[69938]
03-05 19:30:34.015   731  5792 D ACDB-LOADER: check_fnn_usecase_status: fnn usecase active 0
03-05 19:30:34.015   731  5792 D ACDB-LOADER: ACDB -> ACDB_CMD_GET_PERSISTENT_AUDPROC_INSTANCE_COMMON_TABLE_SIZE
03-05 19:30:34.015   731  5792 D         : [Data Manager]-> No data found
03-05 19:30:34.015   731  5792 D ACDB-LOADER: Error: ACDB_CMD_GET_PERSISTENT_AUDPROC_INSTANCE_COMMON_TABLE_SIZE returned -18
03-05 19:30:34.015   731  5792 D ACDB-LOADER: ACDB -> send_audproc_persist_table -18 
03-05 19:30:34.015   731  5792 D ACDB-LOADER: Error: Invalid Audproc persist size = -18
03-05 19:30:34.015   731  5792 D ACDB-LOADER: ACDB -> ACDB_CMD_GET_AUDPROC_INSTANCE_STREAM_TABLE_SIZE
03-05 19:30:34.015   731  5792 D ACDB-LOADER: ACDB -> send_audstrmtable
03-05 19:30:34.015   731  5792 D ACDB-LOADER: ACDB -> ACDB_CMD_GET_AUDPROC_INSTANCE_STREAM_TABLE
03-05 19:30:34.015   731  5792 D ACDB-LOADER: ACDB -> audstrm_cal->cal_type.cal_data.cal_size = 20
03-05 19:30:34.015   731  5792 D ACDB-LOADER: ACDB -> send_afe_topology
03-05 19:30:34.015   731  5792 D ACDB-LOADER: ACDB -> ACDB_CMD_GET_AFE_TOPOLOGY_ID
03-05 19:30:34.015   731  5792 D ACDB-LOADER: ACDB -> GET_AFE_TOPOLOGY_ID for adcd_id 4, Topology Id 112fb
03-05 19:30:34.015   731  5792 D ACDB-LOADER: ACDB -> send_afe_cal
03-05 19:30:34.015   731  5792 D ACDB-LOADER: ACDB -> ACDB_CMD_GET_AFE_INSTANCE_COMMON_TABLE_SIZE
03-05 19:30:34.015   731  5792 D         : Failed to fetch the lookup information of the device 00000004 
03-05 19:30:34.015   731  5792 D ACDB-LOADER: Error: ACDB_CMD_GET_AFE_INSTANCE_COMMON_TABLE_SIZE Returned = -19
03-05 19:30:34.015   731  5792 D ACDB-LOADER: ACDB -> ACDB_CMD_GET_AFE_INSTANCE_COMMON_TABLE
03-05 19:30:34.015   731  5792 D         : Failed to fetch the lookup information of the device 00000004 
03-05 19:30:34.015   731  5792 D ACDB-LOADER: Error: ACDB AFE returned = -19
03-05 19:30:34.015   731  5792 D ACDB-LOADER: ACDB -> AUDIO_SET_AFE_CAL cal_type[17] acdb_id[4]
03-05 19:30:34.015   731  5792 D ACDB-LOADER: ACDB -> send_hw_delay : acdb_id = 4 path = 1
03-05 19:30:34.015   731  5792 D ACDB-LOADER: ACDB -> ACDB_AVSYNC_INFO: ACDB_CMD_GET_DEVICE_PROPERTY
03-05 19:30:34.016   731  5792 I audio_hw_primary: enable_audio_route: apply mixer and update path: audio-record
03-05 19:30:34.016   731  5792 D audio_route: Apply path: audio-record
03-05 19:30:34.016   731  5792 D audio_hw_primary: select_devices: done
03-05 19:30:34.019  4604  4708 W REFLECT [RUNTIMEIPC]: UpdateServerStateValue name:'RigidBodyStates' buffer == nullptr
03-05 19:30:34.024  4604  4708 W REFLECT [RUNTIMEIPC]: UpdateServerStateValue name:'RigidBodyStates' buffer == nullptr
03-05 19:30:34.027  4604  4627 W xrstreaming: App retrieved a 0-value for app GPU frametime on frame FI:4487: Substituting dummy value 4.000000ms
03-05 19:30:34.028  4604  5803 I FenceChecker: FenceChecker::MainLoop - started
03-05 19:30:34.030  4604  4708 W REFLECT [RUNTIMEIPC]: UpdateServerStateValue name:'RigidBodyStates' buffer == nullptr
03-05 19:30:34.030  4604  4627 E xrstreaming: no data for PI:253, FI:244
03-05 19:30:34.030  4604  4627 D xrstreaming: Frame 265 decoded, delta in prediction time: -13.888889ms
03-05 19:30:34.030  4604  4627 D xrstreaming: Glitches: 1, Mispredicts: 2, Deadline: -2.85ms, Transmission:  3.75ms, Pipeline Prediction Delta MA:  0.72ms
03-05 19:30:34.030  4604  4627 D xrstreaming: Rectify: Frame using rectify meshId = 1002
03-05 19:30:34.032   731  5792 D audio_hw_primary: start_input_stream: exit
03-05 19:30:34.035  4604  4708 W REFLECT [RUNTIMEIPC]: UpdateServerStateValue name:'RigidBodyStates' buffer == nullptr
03-05 19:30:34.035  4604  4708 W REFLECT [RUNTIMEIPC]: UpdateServerStateValue name:'AnchorStates' buffer == nullptr
03-05 19:30:34.040  4604  4708 W REFLECT [RUNTIMEIPC]: UpdateServerStateValue name:'RigidBodyStates' buffer == nullptr
03-05 19:30:34.042  1734  5227 I CompositorProgs: loaded binary layerProgram 0:0x4050002:0x40000000 in 3.3 ms
03-05 19:30:34.044  1734  5227 I CompositorVR: SetSchedFifo( tid=4627, pol=3, pri=0 ) succeeded
03-05 19:30:34.044  1734  5227 I CompositorVR: SetSchedFifo( tid=5803, pol=3, pri=0 ) succeeded
03-05 19:30:34.045  4604  4708 W REFLECT [RUNTIMEIPC]: UpdateServerStateValue name:'RigidBodyStates' buffer == nullptr
03-05 19:30:34.050  4604  4708 W REFLECT [RUNTIMEIPC]: UpdateServerStateValue name:'RigidBodyStates' buffer == nullptr
03-05 19:30:34.051  4604  4627 W xrstreaming: App retrieved a 0-value for app GPU frametime on frame FI:4488: Substituting dummy value 4.000000ms
03-05 19:30:34.052  4604  4627 E xrstreaming: no data for PI:254, FI:245
03-05 19:30:34.055  4604  4708 W REFLECT [RUNTIMEIPC]: UpdateServerStateValue name:'RigidBodyStates' buffer == nullptr
03-05 19:30:34.060  4604  4708 W REFLECT [RUNTIMEIPC]: UpdateServerStateValue name:'RigidBodyStates' buffer == nullptr
03-05 19:30:34.063  4604  4627 W xrstreaming: App retrieved a 0-value for app GPU frametime on frame FI:4489: Substituting dummy value 4.000000ms
03-05 19:30:34.065  1734  3072 I VrRuntimeServer: DisableCompositorClient: 0
03-05 19:30:34.065  1734  3072 I CompositorClientMgr: Disable client 0
03-05 19:30:34.065  1734  3072 I CompositorClientMgr: DisableClient: frame flush required: 1
03-05 19:30:34.065  4604  4708 W REFLECT [RUNTIMEIPC]: UpdateServerStateValue name:'RigidBodyStates' buffer == nullptr
03-05 19:30:34.065  4604  4708 W REFLECT [RUNTIMEIPC]: UpdateServerStateValue name:'AnchorStates' buffer == nullptr
03-05 19:30:34.066  4604  4627 E xrstreaming: no data for PI:262, FI:1514
03-05 19:30:34.070  4604  4708 W REFLECT [RUNTIMEIPC]: UpdateServerStateValue name:'RigidBodyStates' buffer == nullptr
03-05 19:30:34.073  1734  5227 I CompositorProgs: [0x7acc5ce8e0] Built layerProgram 0:0x100000048082:0x0 in 5.8 ms
03-05 19:30:34.073  3034  3134 I systemutilitie: Waiting for a blocking GC Alloc
03-05 19:30:34.074  2385  5804 E DeviceConfigVersionMapBuilder: Something went wrong when building version map.
03-05 19:30:34.076  4604  4708 W REFLECT [RUNTIMEIPC]: UpdateServerStateValue name:'RigidBodyStates' buffer == nullptr
03-05 19:30:34.076  2385  5804 E DeviceConfigVersionMapBuilder: Something went wrong when building version map.
03-05 19:30:34.076  2883  3158 I GuardianSystem: [GuardianSystem::InitializeRuntimeEventHandlers] runtimeServiceSDKClient_.ForceShowGuardianEvent
03-05 19:30:34.076  2883  3158 I GuardianSystem: ForceShowGuardian: false, 0.00
03-05 19:30:34.077  4604  4627 W xrstreaming: App retrieved a 0-value for app GPU frametime on frame FI:4490: Substituting dummy value 4.000000ms
03-05 19:30:34.080  2385  5804 E DeviceConfigVersionMapBuilder: Something went wrong when building version map.
03-05 19:30:34.080  4604  4627 E xrstreaming: no data for PI:263, FI:1516
03-05 19:30:34.081  4604  4708 W REFLECT [RUNTIMEIPC]: UpdateServerStateValue name:'RigidBodyStates' buffer == nullptr
03-05 19:30:34.081  2385  5804 E DeviceConfigVersionMapBuilder: Something went wrong when building version map.
03-05 19:30:34.085  2385  5804 I chatty  : uid=10046(com.oculus.socialplatform) OkHttp Dispatch identical 10 lines
03-05 19:30:34.086  2385  5804 E DeviceConfigVersionMapBuilder: Something went wrong when building version map.
03-05 19:30:34.086  4604  4708 W REFLECT [RUNTIMEIPC]: UpdateServerStateValue name:'RigidBodyStates' buffer == nullptr
03-05 19:30:34.086  2385  5804 E DeviceConfigVersionMapBuilder: Something went wrong when building version map.
03-05 19:30:34.088  2385  5804 E DeviceConfigVersionMapBuilder: Something went wrong when building version map.
03-05 19:30:34.090  4604  4627 W xrstreaming: App retrieved a 0-value for app GPU frametime on frame FI:4491: Substituting dummy value 4.000000ms
03-05 19:30:34.091  4604  4708 W REFLECT [RUNTIMEIPC]: UpdateServerStateValue name:'RigidBodyStates' buffer == nullptr
03-05 19:30:34.094  4604  4627 E xrstreaming: no data for PI:264, FI:1517
03-05 19:30:34.096  4604  4708 W REFLECT [RUNTIMEIPC]: UpdateServerStateValue name:'RigidBodyStates' buffer == nullptr
03-05 19:30:34.097  2385  5804 E DeviceConfigVersionMapBuilder: Something went wrong when building version map.
03-05 19:30:34.099  2385  5804 I chatty  : uid=10046(com.oculus.socialplatform) OkHttp Dispatch identical 2 lines
03-05 19:30:34.101  2385  5804 E DeviceConfigVersionMapBuilder: Something went wrong when building version map.
03-05 19:30:34.101  4604  4708 W REFLECT [RUNTIMEIPC]: UpdateServerStateValue name:'RigidBodyStates' buffer == nullptr
03-05 19:30:34.104  4604  4627 W xrstreaming: App retrieved a 0-value for app GPU frametime on frame FI:4492: Substituting dummy value 4.000000ms
03-05 19:30:34.104  2385  5804 E DeviceConfigVersionMapBuilder: Something went wrong when building version map.
03-05 19:30:34.106  4604  4708 W REFLECT [RUNTIMEIPC]: UpdateServerStateValue name:'RigidBodyStates' buffer == nullptr
03-05 19:30:34.108  2385  5804 E DeviceConfigVersionMapBuilder: Something went wrong when building version map.
03-05 19:30:34.109  2385  5804 I chatty  : uid=10046(com.oculus.socialplatform) OkHttp Dispatch identical 2 lines
03-05 19:30:34.110  2385  5804 E DeviceConfigVersionMapBuilder: Something went wrong when building version map.
03-05 19:30:34.111  4604  4708 W REFLECT [RUNTIMEIPC]: UpdateServerStateValue name:'RigidBodyStates' buffer == nullptr
03-05 19:30:34.117  4604  4708 W REFLECT [RUNTIMEIPC]: UpdateServerStateValue name:'RigidBodyStates' buffer == nullptr
03-05 19:30:34.117  4604  4627 W xrstreaming: App retrieved a 0-value for app GPU frametime on frame FI:4493: Substituting dummy value 4.000000ms
03-05 19:30:34.122  4604  4708 W REFLECT [RUNTIMEIPC]: UpdateServerStateValue name:'RigidBodyStates' buffer == nullptr
03-05 19:30:34.127  4604  4708 W REFLECT [RUNTIMEIPC]: UpdateServerStateValue name:'RigidBodyStates' buffer == nullptr
03-05 19:30:34.127  4604  4708 W REFLECT [RUNTIMEIPC]: UpdateServerStateValue name:'AnchorStates' buffer == nullptr
03-05 19:30:34.131  4604  4627 W xrstreaming: App retrieved a 0-value for app GPU frametime on frame FI:4494: Substituting dummy value 4.000000ms
03-05 19:30:34.132  4604  4708 W REFLECT [RUNTIMEIPC]: UpdateServerStateValue name:'RigidBodyStates' buffer == nullptr
03-05 19:30:34.137  4604  4708 I chatty  : uid=10033(com.oculus.xrstreamingclient) SlamAnchorMem identical 1 line
03-05 19:30:34.142  4604  4708 W REFLECT [RUNTIMEIPC]: UpdateServerStateValue name:'RigidBodyStates' buffer == nullptr
03-05 19:30:34.147  4604  4627 W xrstreaming: App retrieved a 0-value for app GPU frametime on frame FI:4495: Substituting dummy value 4.000000ms
03-05 19:30:34.147  4604  4708 W REFLECT [RUNTIMEIPC]: UpdateServerStateValue name:'RigidBodyStates' buffer == nullptr
03-05 19:30:34.152  4604  4708 I chatty  : uid=10033(com.oculus.xrstreamingclient) SlamAnchorMem identical 1 line
03-05 19:30:34.158  4604  4708 W REFLECT [RUNTIMEIPC]: UpdateServerStateValue name:'RigidBodyStates' buffer == nullptr
03-05 19:30:34.158  4604  4708 W REFLECT [RUNTIMEIPC]: UpdateServerStateValue name:'AnchorStates' buffer == nullptr
03-05 19:30:34.160  4604  4627 W xrstreaming: App retrieved a 0-value for app GPU frametime on frame FI:4496: Substituting dummy value 4.000000ms
03-05 19:30:34.163  4604  4708 W REFLECT [RUNTIMEIPC]: UpdateServerStateValue name:'RigidBodyStates' buffer == nullptr
03-05 19:30:34.168  4604  4708 I chatty  : uid=10033(com.oculus.xrstreamingclient) SlamAnchorMem identical 1 line
03-05 19:30:34.173  4604  4708 W REFLECT [RUNTIMEIPC]: UpdateServerStateValue name:'RigidBodyStates' buffer == nullptr
03-05 19:30:34.174  4604  4627 W xrstreaming: App retrieved a 0-value for app GPU frametime on frame FI:4497: Substituting dummy value 4.000000ms
03-05 19:30:34.178  4604  4708 W REFLECT [RUNTIMEIPC]: UpdateServerStateValue name:'RigidBodyStates' buffer == nullptr
03-05 19:30:34.183  4604  4708 I chatty  : uid=10033(com.oculus.xrstreamingclient) SlamAnchorMem identical 1 line
03-05 19:30:34.188  4604  4708 W REFLECT [RUNTIMEIPC]: UpdateServerStateValue name:'RigidBodyStates' buffer == nullptr
03-05 19:30:34.188  4604  4708 W REFLECT [RUNTIMEIPC]: UpdateServerStateValue name:'AnchorStates' buffer == nullptr
03-05 19:30:34.189  4604  4627 W xrstreaming: App retrieved a 0-value for app GPU frametime on frame FI:4498: Substituting dummy value 4.000000ms
03-05 19:30:34.193  4604  4708 W REFLECT [RUNTIMEIPC]: UpdateServerStateValue name:'RigidBodyStates' buffer == nullptr
03-05 19:30:34.199  4604  4708 W REFLECT [RUNTIMEIPC]: UpdateServerStateValue name:'RigidBodyStates' buffer == nullptr
03-05 19:30:34.201  4604  4627 W xrstreaming: App retrieved a 0-value for app GPU frametime on frame FI:4499: Substituting dummy value 4.000000ms
03-05 19:30:34.204  4604  4708 W REFLECT [RUNTIMEIPC]: UpdateServerStateValue name:'RigidBodyStates' buffer == nullptr
03-05 19:30:34.209  4604  4708 I chatty  : uid=10033(com.oculus.xrstreamingclient) SlamAnchorMem identical 1 line
03-05 19:30:34.214  4604  4708 W REFLECT [RUNTIMEIPC]: UpdateServerStateValue name:'RigidBodyStates' buffer == nullptr
03-05 19:30:34.215  4604  4627 W xrstreaming: App retrieved a 0-value for app GPU frametime on frame FI:4500: Substituting dummy value 4.000000ms
03-05 19:30:34.219  4604  4708 W REFLECT [RUNTIMEIPC]: UpdateServerStateValue name:'RigidBodyStates' buffer == nullptr
03-05 19:30:34.224  4604  4708 I chatty  : uid=10033(com.oculus.xrstreamingclient) SlamAnchorMem identical 1 line
03-05 19:30:34.229  4604  4708 W REFLECT [RUNTIMEIPC]: UpdateServerStateValue name:'RigidBodyStates' buffer == nullptr
03-05 19:30:34.230  4604  4627 W xrstreaming: App retrieved a 0-value for app GPU frametime on frame FI:4501: Substituting dummy value 4.000000ms
03-05 19:30:34.234  4604  4708 W REFLECT [RUNTIMEIPC]: UpdateServerStateValue name:'RigidBodyStates' buffer == nullptr
03-05 19:30:34.240  4604  4708 W REFLECT [RUNTIMEIPC]: UpdateServerStateValue name:'RigidBodyStates' buffer == nullptr
03-05 19:30:34.242  4604  4627 W xrstreaming: App retrieved a 0-value for app GPU frametime on frame FI:4502: Substituting dummy value 4.000000ms
03-05 19:30:34.245  4604  4708 W REFLECT [RUNTIMEIPC]: UpdateServerStateValue name:'RigidBodyStates' buffer == nullptr
03-05 19:30:34.250  4604  4708 W REFLECT [RUNTIMEIPC]: UpdateServerStateValue name:'RigidBodyStates' buffer == nullptr
03-05 19:30:34.250  4604  4708 W REFLECT [RUNTIMEIPC]: UpdateServerStateValue name:'AnchorStates' buffer == nullptr
03-05 19:30:34.255  4604  4708 W REFLECT [RUNTIMEIPC]: UpdateServerStateValue name:'RigidBodyStates' buffer == nullptr
03-05 19:30:34.276  4604  4708 I chatty  : uid=10033(com.oculus.xrstreamingclient) SlamAnchorMem identical 4 lines
03-05 19:30:34.281  4604  4708 W REFLECT [RUNTIMEIPC]: UpdateServerStateValue name:'RigidBodyStates' buffer == nullptr
03-05 19:30:34.281  4604  4708 W REFLECT [RUNTIMEIPC]: UpdateServerStateValue name:'AnchorStates' buffer == nullptr
03-05 19:30:34.286  4604  4708 W REFLECT [RUNTIMEIPC]: UpdateServerStateValue name:'RigidBodyStates' buffer == nullptr
03-05 19:30:34.306  4604  4708 I chatty  : uid=10033(com.oculus.xrstreamingclient) SlamAnchorMem identical 4 lines
03-05 19:30:34.311  4604  4708 W REFLECT [RUNTIMEIPC]: UpdateServerStateValue name:'RigidBodyStates' buffer == nullptr
03-05 19:30:34.312  4604  4708 W REFLECT [RUNTIMEIPC]: UpdateServerStateValue name:'AnchorStates' buffer == nullptr
03-05 19:30:34.317  4604  4708 W REFLECT [RUNTIMEIPC]: UpdateServerStateValue name:'RigidBodyStates' buffer == nullptr
03-05 19:30:34.368  4604  4708 I chatty  : uid=10033(com.oculus.xrstreamingclient) SlamAnchorMem identical 10 lines
03-05 19:30:34.373  4604  4708 W REFLECT [RUNTIMEIPC]: UpdateServerStateValue name:'RigidBodyStates' buffer == nullptr
03-05 19:30:34.373  4604  4708 W REFLECT [RUNTIMEIPC]: UpdateServerStateValue name:'AnchorStates' buffer == nullptr
03-05 19:30:34.378  4604  4708 W REFLECT [RUNTIMEIPC]: UpdateServerStateValue name:'RigidBodyStates' buffer == nullptr
03-05 19:30:34.399  4604  4708 I chatty  : uid=10033(com.oculus.xrstreamingclient) SlamAnchorMem identical 4 lines
03-05 19:30:34.404  4604  4708 W REFLECT [RUNTIMEIPC]: UpdateServerStateValue name:'RigidBodyStates' buffer == nullptr
03-05 19:30:34.404  4604  4708 W REFLECT [RUNTIMEIPC]: UpdateServerStateValue name:'AnchorStates' buffer == nullptr
03-05 19:30:34.409  4604  4708 W REFLECT [RUNTIMEIPC]: UpdateServerStateValue name:'RigidBodyStates' buffer == nullptr
03-05 19:30:34.429  4604  4708 I chatty  : uid=10033(com.oculus.xrstreamingclient) SlamAnchorMem identical 4 lines
03-05 19:30:34.434  4604  4708 W REFLECT [RUNTIMEIPC]: UpdateServerStateValue name:'RigidBodyStates' buffer == nullptr
03-05 19:30:34.434  4604  4708 W REFLECT [RUNTIMEIPC]: UpdateServerStateValue name:'AnchorStates' buffer == nullptr
03-05 19:30:34.440  4604  4708 W REFLECT [RUNTIMEIPC]: UpdateServerStateValue name:'RigidBodyStates' buffer == nullptr
03-05 19:30:34.460  4604  4708 I chatty  : uid=10033(com.oculus.xrstreamingclient) SlamAnchorMem identical 4 lines
03-05 19:30:34.465  4604  4708 W REFLECT [RUNTIMEIPC]: UpdateServerStateValue name:'RigidBodyStates' buffer == nullptr
03-05 19:30:34.465  4604  4708 W REFLECT [RUNTIMEIPC]: UpdateServerStateValue name:'AnchorStates' buffer == nullptr
03-05 19:30:34.470  4604  4708 W REFLECT [RUNTIMEIPC]: UpdateServerStateValue name:'RigidBodyStates' buffer == nullptr
03-05 19:30:34.522  4604  4708 I chatty  : uid=10033(com.oculus.xrstreamingclient) SlamAnchorMem identical 10 lines
03-05 19:30:34.527  4604  4708 W REFLECT [RUNTIMEIPC]: UpdateServerStateValue name:'RigidBodyStates' buffer == nullptr
03-05 19:30:34.527  4604  4708 W REFLECT [RUNTIMEIPC]: UpdateServerStateValue name:'AnchorStates' buffer == nullptr
03-05 19:30:34.532  4604  4708 W REFLECT [RUNTIMEIPC]: UpdateServerStateValue name:'RigidBodyStates' buffer == nullptr
03-05 19:30:34.552  4604  4708 I chatty  : uid=10033(com.oculus.xrstreamingclient) SlamAnchorMem identical 4 lines
03-05 19:30:34.557  4604  4708 W REFLECT [RUNTIMEIPC]: UpdateServerStateValue name:'RigidBodyStates' buffer == nullptr
03-05 19:30:34.557  4604  4708 W REFLECT [RUNTIMEIPC]: UpdateServerStateValue name:'AnchorStates' buffer == nullptr
03-05 19:30:34.563  4604  4708 W REFLECT [RUNTIMEIPC]: UpdateServerStateValue name:'RigidBodyStates' buffer == nullptr
03-05 19:30:34.583  4604  4708 I chatty  : uid=10033(com.oculus.xrstreamingclient) SlamAnchorMem identical 4 lines
03-05 19:30:34.588  4604  4708 W REFLECT [RUNTIMEIPC]: UpdateServerStateValue name:'RigidBodyStates' buffer == nullptr
03-05 19:30:34.588  4604  4708 W REFLECT [RUNTIMEIPC]: UpdateServerStateValue name:'AnchorStates' buffer == nullptr
03-05 19:30:34.593  4604  4708 W REFLECT [RUNTIMEIPC]: UpdateServerStateValue name:'RigidBodyStates' buffer == nullptr
03-05 19:30:34.598  4604  4708 W REFLECT [RUNTIMEIPC]: UpdateServerStateValue name:'RigidBodyStates' buffer == nullptr
03-05 19:30:34.599  4604  4682 D xrstreaming: receive pong: org 409260453331 recv 30294278663700 xmt 30294279700400 (received at 409261657914), offset divergence 10377
03-05 19:30:34.599  4604  4682 D xrstreaming: new clock offset=29885018126427 (rtt: 167883, dispersion: 1301343, jitter: 3386597)
03-05 19:30:34.603  4604  4708 W REFLECT [RUNTIMEIPC]: UpdateServerStateValue name:'RigidBodyStates' buffer == nullptr
03-05 19:30:34.644  4604  4708 I chatty  : uid=10033(com.oculus.xrstreamingclient) SlamAnchorMem identical 8 lines
03-05 19:30:34.649  4604  4708 W REFLECT [RUNTIMEIPC]: UpdateServerStateValue name:'RigidBodyStates' buffer == nullptr
03-05 19:30:34.650  4604  4708 W REFLECT [RUNTIMEIPC]: UpdateServerStateValue name:'AnchorStates' buffer == nullptr
03-05 19:30:34.655  4604  4708 W REFLECT [RUNTIMEIPC]: UpdateServerStateValue name:'RigidBodyStates' buffer == nullptr
03-05 19:30:34.660  4604  4708 I chatty  : uid=10033(com.oculus.xrstreamingclient) SlamAnchorMem identical 1 line
03-05 19:30:34.665  4604  4708 W REFLECT [RUNTIMEIPC]: UpdateServerStateValue name:'RigidBodyStates' buffer == nullptr
03-05 19:30:34.665  4604  4682 D xrstreaming: receive ping: org 0 recv 0 xmt 30294346467100 (received at 409328432498), offset divergence -3703
03-05 19:30:34.670  4604  4708 W REFLECT [RUNTIMEIPC]: UpdateServerStateValue name:'RigidBodyStates' buffer == nullptr
03-05 19:30:34.675  4604  4708 I chatty  : uid=10033(com.oculus.xrstreamingclient) SlamAnchorMem identical 1 line
03-05 19:30:34.680  4604  4708 W REFLECT [RUNTIMEIPC]: UpdateServerStateValue name:'RigidBodyStates' buffer == nullptr
03-05 19:30:34.680  4604  4708 W REFLECT [RUNTIMEIPC]: UpdateServerStateValue name:'AnchorStates' buffer == nullptr
03-05 19:30:34.685  4604  4708 W REFLECT [RUNTIMEIPC]: UpdateServerStateValue name:'RigidBodyStates' buffer == nullptr
03-05 19:30:34.706  4604  4708 I chatty  : uid=10033(com.oculus.xrstreamingclient) SlamAnchorMem identical 4 lines
03-05 19:30:34.711  4604  4708 W REFLECT [RUNTIMEIPC]: UpdateServerStateValue name:'RigidBodyStates' buffer == nullptr
03-05 19:30:34.711  4604  4708 W REFLECT [RUNTIMEIPC]: UpdateServerStateValue name:'AnchorStates' buffer == nullptr
03-05 19:30:34.716  4604  4708 W REFLECT [RUNTIMEIPC]: UpdateServerStateValue name:'RigidBodyStates' buffer == nullptr
03-05 19:30:34.767  4604  4708 I chatty  : uid=10033(com.oculus.xrstreamingclient) SlamAnchorMem identical 10 lines
03-05 19:30:34.773  4604  4708 W REFLECT [RUNTIMEIPC]: UpdateServerStateValue name:'RigidBodyStates' buffer == nullptr
03-05 19:30:34.773  4604  4708 W REFLECT [RUNTIMEIPC]: UpdateServerStateValue name:'AnchorStates' buffer == nullptr
03-05 19:30:34.778  4604  4708 W REFLECT [RUNTIMEIPC]: UpdateServerStateValue name:'RigidBodyStates' buffer == nullptr
03-05 19:30:34.798  4604  4708 I chatty  : uid=10033(com.oculus.xrstreamingclient) SlamAnchorMem identical 4 lines
03-05 19:30:34.803  4604  4708 W REFLECT [RUNTIMEIPC]: UpdateServerStateValue name:'RigidBodyStates' buffer == nullptr
03-05 19:30:34.803  4604  4708 W REFLECT [RUNTIMEIPC]: UpdateServerStateValue name:'AnchorStates' buffer == nullptr
03-05 19:30:34.809  4604  4708 W REFLECT [RUNTIMEIPC]: UpdateServerStateValue name:'RigidBodyStates' buffer == nullptr
03-05 19:30:34.829  4604  4708 I chatty  : uid=10033(com.oculus.xrstreamingclient) SlamAnchorMem identical 4 lines
03-05 19:30:34.834  4604  4708 W REFLECT [RUNTIMEIPC]: UpdateServerStateValue name:'RigidBodyStates' buffer == nullptr
03-05 19:30:34.834  4604  4708 W REFLECT [RUNTIMEIPC]: UpdateServerStateValue name:'AnchorStates' buffer == nullptr
03-05 19:30:34.839  4604  4708 W REFLECT [RUNTIMEIPC]: UpdateServerStateValue name:'RigidBodyStates' buffer == nullptr
03-05 19:30:34.860  4604  4708 I chatty  : uid=10033(com.oculus.xrstreamingclient) SlamAnchorMem identical 4 lines
03-05 19:30:34.865  4604  4708 W REFLECT [RUNTIMEIPC]: UpdateServerStateValue name:'RigidBodyStates' buffer == nullptr
03-05 19:30:34.865  4604  4708 W REFLECT [RUNTIMEIPC]: UpdateServerStateValue name:'AnchorStates' buffer == nullptr
03-05 19:30:34.870  4604  4708 W REFLECT [RUNTIMEIPC]: UpdateServerStateValue name:'RigidBodyStates' buffer == nullptr
03-05 19:30:34.921  4604  4708 I chatty  : uid=10033(com.oculus.xrstreamingclient) SlamAnchorMem identical 10 lines
03-05 19:30:34.927  4604  4708 W REFLECT [RUNTIMEIPC]: UpdateServerStateValue name:'RigidBodyStates' buffer == nullptr
03-05 19:30:34.927  4604  4708 W REFLECT [RUNTIMEIPC]: UpdateServerStateValue name:'AnchorStates' buffer == nullptr
03-05 19:30:34.932  4604  4708 W REFLECT [RUNTIMEIPC]: UpdateServerStateValue name:'RigidBodyStates' buffer == nullptr
03-05 19:30:34.952  4604  4708 I chatty  : uid=10033(com.oculus.xrstreamingclient) SlamAnchorMem identical 4 lines
03-05 19:30:34.957  4604  4708 W REFLECT [RUNTIMEIPC]: UpdateServerStateValue name:'RigidBodyStates' buffer == nullptr
03-05 19:30:34.957  4604  4708 W REFLECT [RUNTIMEIPC]: UpdateServerStateValue name:'AnchorStates' buffer == nullptr
03-05 19:30:34.963  4604  4708 W REFLECT [RUNTIMEIPC]: UpdateServerStateValue name:'RigidBodyStates' buffer == nullptr
03-05 19:30:34.983  4604  4708 I chatty  : uid=10033(com.oculus.xrstreamingclient) SlamAnchorMem identical 4 lines
03-05 19:30:34.988  4604  4708 W REFLECT [RUNTIMEIPC]: UpdateServerStateValue name:'RigidBodyStates' buffer == nullptr
03-05 19:30:34.988  4604  4708 W REFLECT [RUNTIMEIPC]: UpdateServerStateValue name:'AnchorStates' buffer == nullptr
03-05 19:30:34.993  4604  4708 W REFLECT [RUNTIMEIPC]: UpdateServerStateValue name:'RigidBodyStates' buffer == nullptr
03-05 19:30:35.003  4604  4708 I chatty  : uid=10033(com.oculus.xrstreamingclient) SlamAnchorMem identical 2 lines
03-05 19:30:35.009  4604  4708 W REFLECT [RUNTIMEIPC]: UpdateServerStateValue name:'RigidBodyStates' buffer == nullptr
03-05 19:30:35.009  4604  5782 I Telemetry: App memory usage: PSS=427 MiB, PrivateDirty=414 MiB, PrivateClean=3 MiB, GPU=10.1/10.3 MiB (98% allocated)
03-05 19:30:35.012  4604  5782 I VrApi   : FPS=21/72,Prd=0ms,Tear=0,Early=0,Stale=17,Stale2/5/10/max=0/0/0/0,VSnc=1,Lat=0,Fov=0,CPU4/GPU=2/2,1171/441MHz,OC=FF,TA=0/70/0,SP=N/F/N,Mem=1353MHz,Free=2180MB,PLS=0,Temp=24.7C/0.0C,TW=4.17ms,App=1.25ms,GD=0.13ms,CPU&GPU=0.15ms,LCnt=3(DR0,LM3),GPU%=0.34,CPU%=0.30(W0.35),DSF=1.00,CFL=19.69/21.43
03-05 19:30:35.014  4604  4708 W REFLECT [RUNTIMEIPC]: UpdateServerStateValue name:'RigidBodyStates' buffer == nullptr
03-05 19:30:35.034  4604  4708 I chatty  : uid=10033(com.oculus.xrstreamingclient) SlamAnchorMem identical 4 lines
03-05 19:30:35.039  4604  4708 W REFLECT [RUNTIMEIPC]: UpdateServerStateValue name:'RigidBodyStates' buffer == nullptr
03-05 19:30:35.040  4604  4627 D xrstreaming: Frame 337 decoded, delta in prediction time: 0.000000ms
03-05 19:30:35.040  4604  4627 D xrstreaming: Glitches: 0, Mispredicts: 0, Deadline:  4.59ms, Transmission:  4.47ms, Pipeline Prediction Delta MA:  0.44ms
03-05 19:30:35.040  4604  4627 D xrstreaming: Rectify: Frame using rectify meshId = 1002
03-05 19:30:35.045  4604  4708 W REFLECT [RUNTIMEIPC]: UpdateServerStateValue name:'RigidBodyStates' buffer == nullptr
03-05 19:30:35.045  4604  4694 I xrstreaming: AudioPlayer: NetworkMetrics: [0.019,22.498]9.877
03-05 19:30:35.050  4604  4708 W REFLECT [RUNTIMEIPC]: UpdateServerStateValue name:'RigidBodyStates' buffer == nullptr
03-05 19:30:35.050  4604  4708 W REFLECT [RUNTIMEIPC]: UpdateServerStateValue name:'AnchorStates' buffer == nullptr
03-05 19:30:35.055  4604  4708 W REFLECT [RUNTIMEIPC]: UpdateServerStateValue name:'RigidBodyStates' buffer == nullptr
03-05 19:30:35.075  4604  4708 I chatty  : uid=10033(com.oculus.xrstreamingclient) SlamAnchorMem identical 4 lines
03-05 19:30:35.081  4604  4708 W REFLECT [RUNTIMEIPC]: UpdateServerStateValue name:'RigidBodyStates' buffer == nullptr
03-05 19:30:35.081  4604  4708 W REFLECT [RUNTIMEIPC]: UpdateServerStateValue name:'AnchorStates' buffer == nullptr
03-05 19:30:35.086  4604  4708 W REFLECT [RUNTIMEIPC]: UpdateServerStateValue name:'RigidBodyStates' buffer == nullptr
03-05 19:30:35.106  4604  4708 I chatty  : uid=10033(com.oculus.xrstreamingclient) SlamAnchorMem identical 4 lines
03-05 19:30:35.111  4604  4708 W REFLECT [RUNTIMEIPC]: UpdateServerStateValue name:'RigidBodyStates' buffer == nullptr
03-05 19:30:35.111  4604  4708 W REFLECT [RUNTIMEIPC]: UpdateServerStateValue name:'AnchorStates' buffer == nullptr
03-05 19:30:35.116  4604  4708 W REFLECT [RUNTIMEIPC]: UpdateServerStateValue name:'RigidBodyStates' buffer == nullptr
03-05 19:30:35.168  4604  4708 I chatty  : uid=10033(com.oculus.xrstreamingclient) SlamAnchorMem identical 10 lines
03-05 19:30:35.173  4604  4708 W REFLECT [RUNTIMEIPC]: UpdateServerStateValue name:'RigidBodyStates' buffer == nullptr
03-05 19:30:35.173  4604  4708 W REFLECT [RUNTIMEIPC]: UpdateServerStateValue name:'AnchorStates' buffer == nullptr
03-05 19:30:35.178  4604  4708 W REFLECT [RUNTIMEIPC]: UpdateServerStateValue name:'RigidBodyStates' buffer == nullptr
03-05 19:30:35.199  4604  4708 I chatty  : uid=10033(com.oculus.xrstreamingclient) SlamAnchorMem identical 4 lines
03-05 19:30:35.204  4604  4708 W REFLECT [RUNTIMEIPC]: UpdateServerStateValue name:'RigidBodyStates' buffer == nullptr
03-05 19:30:35.204  4604  4708 W REFLECT [RUNTIMEIPC]: UpdateServerStateValue name:'AnchorStates' buffer == nullptr
03-05 19:30:35.207   844  5209 I [CT]    : BrightnessPredictor: [Throttled count=375] Current irradiance: 383.3926696777344 (samples: 2).
03-05 19:30:35.207   844  5209 W [CT]    : BrightnessPredictor: [Throttled count=375] Started in a dark environment. Current irradiance: 383.3926696777344 (samples: 2).
03-05 19:30:35.209  4604  4708 W REFLECT [RUNTIMEIPC]: UpdateServerStateValue name:'RigidBodyStates' buffer == nullptr
03-05 19:30:35.229  4604  4708 I chatty  : uid=10033(com.oculus.xrstreamingclient) SlamAnchorMem identical 4 lines
03-05 19:30:35.234  4604  4708 W REFLECT [RUNTIMEIPC]: UpdateServerStateValue name:'RigidBodyStates' buffer == nullptr
03-05 19:30:35.234  4604  4708 W REFLECT [RUNTIMEIPC]: UpdateServerStateValue name:'AnchorStates' buffer == nullptr
03-05 19:30:35.240  4604  4708 W REFLECT [RUNTIMEIPC]: UpdateServerStateValue name:'RigidBodyStates' buffer == nullptr
03-05 19:30:35.260  4604  4708 I chatty  : uid=10033(com.oculus.xrstreamingclient) SlamAnchorMem identical 4 lines
03-05 19:30:35.265  4604  4708 W REFLECT [RUNTIMEIPC]: UpdateServerStateValue name:'RigidBodyStates' buffer == nullptr
03-05 19:30:35.265  4604  4708 W REFLECT [RUNTIMEIPC]: UpdateServerStateValue name:'AnchorStates' buffer == nullptr
03-05 19:30:35.270  4604  4708 W REFLECT [RUNTIMEIPC]: UpdateServerStateValue name:'RigidBodyStates' buffer == nullptr
