02-20 20:05:43.414   870  1049 I chatty  : uid=1000(system) Binder:870_2 identical 33 lines
02-20 20:05:43.442   870  1049 W TrackingService: attachClient: found client in attached list
02-20 20:05:43.443   870  1579 W TrackingService: attachClient: found client in attached list
02-20 20:05:43.497   870  1579 I chatty  : uid=1000(system) Binder:870_4 identical 3 lines
02-20 20:05:43.509   870  1579 W TrackingService: attachClient: found client in attached list
02-20 20:05:43.510   870  1049 W TrackingService: attachClient: found client in attached list
02-20 20:05:43.870   870  1186 W [CT]    : VEGA_MAP_BUILDER: Resolved a potential TrackToMapPointAssosiation conflict between tracks 9568375 (index = 146, version = 119) and 14811159 (index = 226, version = 23). Point handle: 2864 2.
02-20 20:05:43.941  2980  3046 I GuardianCollisionTracker: Guardian Controller Collision: Magnitude: 26.206, Duration: -1.000 sec, TimeStamp: 15491.255859 sec
02-20 20:05:44.055  1909  2367 W DeviceConfigUtil: Try to get config param "oculus_shared_social:oculus_messenger_reauth_removal" before Device Config has subscribed to the service.
02-20 20:05:44.128   870 14453 W [CT]    : TIMESTAMPCHECKER: Nominal rate wrong. Estimated data rate: 25, Nominal is 30.000300003000028
02-20 20:05:44.345   870 14453 W [CT]    : VEGA:MAP_TRACKING_HM: [Throttled count=1] Bad map tracking: map tracking failed @ Submap id = 2, version = 1948587278 with status: 2
02-20 20:05:44.345   870 14453 W [CT]    : VEGA:MAP_TRACKING_HM: [Throttled count=1] Map tracking did not run.
02-20 20:05:44.420   870  1049 I chatty  : uid=1000(system) Binder:870_2 identical 44 lines
02-20 20:05:44.433  1754  2958 I PerformanceManager_V0: SetClockLevels: Apply pending clock request change: 3,4 -> 2,4
02-20 20:05:44.433  1754  2954 I Clocks  : ReleaseClocks - start
02-20 20:05:44.433  1754  2954 I Clocks  : ReleaseClocks - end (0.3 ms)
02-20 20:05:44.433  1754  2954 I Clocks  : LockClocks( cpu=2, gpu=4 ) - start
02-20 20:05:44.433  1754  2954 I Clocks  : CPU levels [0, 7]
02-20 20:05:44.433  1754  2954 I Clocks  : GPU levels [0, 5]
02-20 20:05:44.433  1754  2954 I Clocks  : LockClocks( cpu=2, gpu=4 ) - end (0.4 ms)
02-20 20:05:44.461   870  1049 W TrackingService: attachClient: found client in attached list
02-20 20:05:44.463   870  1579 W TrackingService: attachClient: found client in attached list
02-20 20:05:44.948 22207 22306 I chatty  : uid=10033(com.oculus.xrstreamingclient) SlamAnchorMem expire 173 lines
02-20 20:05:44.990   870  1579 I chatty  : uid=1000(system) Binder:870_4 identical 25 lines
02-20 20:05:44.995   870  1579 W TrackingService: attachClient: found client in attached list
02-20 20:05:44.997   870  1049 W TrackingService: attachClient: found client in attached list
02-20 20:05:45.442   870  1049 I chatty  : uid=1000(system) Binder:870_2 identical 22 lines
02-20 20:05:45.448   586   611 I SyncBossFW: 14461392 [info   ] {PERF}: cpu load cur=0.4648 min=0.0509 max=0.5513 avg=0.1836
02-20 20:05:45.450   870  1049 W TrackingService: attachClient: found client in attached list
02-20 20:05:45.451   870  1579 W TrackingService: attachClient: found client in attached list
02-20 20:05:45.882   821 14802 D BufferPoolAccessor: bufferpool2 0xf3395a10 : 11(90112 size) total buffers - 8(65536 size) used buffers - 418/429 (recycle/alloc) - 11/854 (fetch/transfer)
02-20 20:05:45.883   853 14803 D BufferPoolAccessor: bufferpool2 0x348e723830 : 6(27648 size) total buffers - 1(4608 size) used buffers - 422/428 (recycle/alloc) - 7/427 (fetch/transfer)
02-20 20:05:46.048   870 14453 I [CT]    : BrightnessPredictor: [Throttled count=375] Current irradiance: 491.3612060546875 (samples: 1).
02-20 20:05:46.049   870 14453 W [CT]    : BrightnessPredictor: [Throttled count=375] Started in a dark environment. Current irradiance: 491.3612060546875 (samples: 1).
02-20 20:05:46.051  3010  3010 D MetaCam (DeviceLifecycleManager): onCapabilitiesChanged(...). Has NET_CAPABILITY_VALIDATED.
02-20 20:05:46.054  3010  3010 D MetaCam (DeviceLifecycleManager): onCapabilitiesChanged(...). Has NET_CAPABILITY_VALIDATED.
02-20 20:05:46.055  3010  3010 D MetaCam (DeviceLifecycleManager): onCapabilitiesChanged(...). Has NET_CAPABILITY_VALIDATED.
02-20 20:05:46.065 14225 14826 I chatty  : uid=10179(com.YourCompany.TemplateProject3) expire 3 lines
02-20 20:05:46.086  1754  3040 I VrRuntimeService: RuntimeServiceSDKServer::SetGuardianSystemState: 3069753511
02-20 20:05:46.086  2980  3046 I GuardianSystem: UpdateGuardianSystemState: Flags changed: 532480, 524288, SYSTEM_GUARDIAN_VISIBLE,SYSTEM_GUARDIAN_VALID to SYSTEM_GUARDIAN_VALID
02-20 20:05:46.128   870 14453 W [CT]    : TIMESTAMPCHECKER: Nominal rate wrong. Estimated data rate: 25, Nominal is 30.000300003000028
02-20 20:05:46.170   870 14348 I [CT]    : boltlib: DSP utilization: 7.45 % (372 / 5000 ms)
02-20 20:05:46.249  1754 14425 I CompositorVR: SetSchedFifo( tid=3046, pol=2, pri=0 ) succeeded
02-20 20:05:46.249  1754 14425 I CompositorVR: SetSchedFifo( tid=3404, pol=2, pri=0 ) succeeded
02-20 20:05:46.249  1754 14425 I CompositorVR: SetSchedFifo( tid=3509, pol=2, pri=0 ) succeeded
02-20 20:05:46.300   870  1579 I chatty  : uid=1000(system) Binder:870_4 identical 42 lines
02-20 20:05:46.303   870  1579 W TrackingService: attachClient: found client in attached list
02-20 20:05:46.306   870  1049 W TrackingService: attachClient: found client in attached list
02-20 20:05:46.381  3089  3407 I Telemetry: App memory usage: PSS=20 MiB, PrivateDirty=15 MiB, PrivateClean=1 MiB, GPU=6.0/6.1 MiB (97% allocated)
02-20 20:05:46.624   870 14453 I [CT]    : VIPER: Mode=SuperVega,Status=6DoF,TRACKING,Inl=20,Mem=73.4,Jit=0.1mm,Issues(Cam/min=0.0,IMU/min=0.0),Exp=(14.0ms,g=15.0,I=43,Ir=207.5)(14.0ms,g=15.0,I=93,Ir=447.3)(14.0ms,g=15.0,I=106,Ir=507.8)(10.4ms,g=13.0,I=74,Ir=548.7)
02-20 20:05:46.624   870 14453 W [CT]    : VIPER: Environment trending to dark, 
02-20 20:05:46.929   870 14453 I [CT]    : VIPER: Environment brightness changed from 0 to 2
02-20 20:05:46.954  2980  3046 I GuardianSystem: [GuardianSystem::CheckEnvironmentStatus] Environment Status changed: 97 to 98
02-20 20:05:46.966   870  1049 I chatty  : uid=1000(system) Binder:870_2 identical 32 lines
02-20 20:05:47.009   870  1049 W TrackingService: attachClient: found client in attached list
02-20 20:05:47.013   870  1579 W TrackingService: attachClient: found client in attached list
02-20 20:05:47.217  1754  2958 E TREX    : Interface version 1 was not found. Check debug build for more information.
02-20 20:05:47.704   870 14453 W [CT]    : VEGA:MAP_TRACKING_HM: Bad map tracking: map tracking failed @ Submap id = 2, version = 1948587278 with status: 2
02-20 20:05:47.704   870 14453 W [CT]    : VEGA:MAP_TRACKING_HM: Map tracking did not run.
02-20 20:05:47.762   870  1579 I chatty  : uid=1000(system) Binder:870_4 identical 39 lines
02-20 20:05:47.768   870  1579 W TrackingService: attachClient: found client in attached list
02-20 20:05:47.774   870  1049 W TrackingService: attachClient: found client in attached list
02-20 20:05:47.818   870  1049 I chatty  : uid=1000(system) Binder:870_2 identical 2 lines
02-20 20:05:47.855   870  1049 W TrackingService: attachClient: found client in attached list
02-20 20:05:47.859   870  1579 W TrackingService: attachClient: found client in attached list
02-20 20:05:47.866 22207 22281 I chatty  : uid=10033(com.oculus.xrstreamingclient) xrsp-rt-read expire 4 lines
02-20 20:05:47.908  2980  3046 I GuardianCollisionTracker: Guardian Controller Collision: Magnitude: 11.078, Duration: -1.000 sec, TimeStamp: 15495.196289 sec
02-20 20:05:48.128   870 14453 W [CT]    : TIMESTAMPCHECKER: Nominal rate wrong. Estimated data rate: 25, Nominal is 30.000300003000028
02-20 20:05:48.791   870  1579 I chatty  : uid=1000(system) Binder:870_4 identical 46 lines
02-20 20:05:48.832   870  1579 W TrackingService: attachClient: found client in attached list
02-20 20:05:48.834   870  1049 W TrackingService: attachClient: found client in attached list
02-20 20:05:49.009   870 14453 I [CT]    : VIPER: Environment brightness changed from 2 to 0
02-20 20:05:49.047  2980  3046 I GuardianSystem: [GuardianSystem::CheckEnvironmentStatus] Environment Status changed: 98 to 97
02-20 20:05:49.155   870  1049 I chatty  : uid=1000(system) Binder:870_2 identical 13 lines
02-20 20:05:49.184   870  1049 W TrackingService: attachClient: found client in attached list
02-20 20:05:49.189   870  1579 W TrackingService: attachClient: found client in attached list
02-20 20:05:49.310  1754  3040 I VrRuntimeService: RuntimeServiceSDKServer::SetGuardianSystemState: 3069753511
02-20 20:05:49.310  2980  3046 I GuardianSystem: UpdateGuardianSystemState: Flags changed: 524288, 532480, SYSTEM_GUARDIAN_VALID to SYSTEM_GUARDIAN_VISIBLE,SYSTEM_GUARDIAN_VALID
02-20 20:05:49.340  1754 14425 I CompositorVR: SetSchedFifo( tid=3046, pol=5, pri=1 ) succeeded
02-20 20:05:49.340  1754 14425 I CompositorVR: SetSchedFifo( tid=3404, pol=5, pri=1 ) succeeded
02-20 20:05:49.340  1754 14425 I CompositorVR: SetSchedFifo( tid=3509, pol=5, pri=1 ) succeeded
02-20 20:05:49.584  1754  2958 I PerformanceManager_V0: SetClockLevels: Apply pending clock request change: 2,4 -> 3,4
02-20 20:05:49.584  1754  2954 I Clocks  : ReleaseClocks - start
02-20 20:05:49.584  1754  2954 I Clocks  : ReleaseClocks - end (0.3 ms)
02-20 20:05:49.584  1754  2954 I Clocks  : LockClocks( cpu=3, gpu=4 ) - start
02-20 20:05:49.585  1754  2954 I Clocks  : CPU levels [0, 7]
02-20 20:05:49.585  1754  2954 I Clocks  : GPU levels [0, 5]
02-20 20:05:49.585  1754  2954 I Clocks  : LockClocks( cpu=3, gpu=4 ) - end (0.4 ms)
02-20 20:05:49.632   870  1186 I [CT]    : VIPER: InternalAnchorHealthMonitor: Anchors: 3 | Persistent anchors: 2 | Anchors never observed: 0
02-20 20:05:49.632   870  1186 I [CT]    :   (min/avg/max) Anchor landmarks: (17|24.333333333333332|28) | Covisible keyframes: (21|25.666666666666668|35) | Times since observation: (0|4780.333333333333|13691)
02-20 20:05:49.690  1754  3040 I VrRuntimeService: RuntimeServiceSDKServer::SetGuardianSystemState: 3069753511
02-20 20:05:49.690  2980  3046 I GuardianSystem: UpdateGuardianSystemState: Flags changed: 532480, 524288, SYSTEM_GUARDIAN_VISIBLE,SYSTEM_GUARDIAN_VALID to SYSTEM_GUARDIAN_VALID
02-20 20:05:49.721   870  1579 I chatty  : uid=1000(system) Binder:870_4 identical 24 lines
02-20 20:05:49.739   870  1579 W TrackingService: attachClient: found client in attached list
02-20 20:05:49.740   870  1049 W TrackingService: attachClient: found client in attached list
02-20 20:05:49.776  2980  3046 I GuardianCollisionTracker: Guardian Controller Collision: Magnitude: 4.108, Duration: -1.000 sec, TimeStamp: 15497.074219 sec
02-20 20:05:49.855  1754 14425 I CompositorVR: SetSchedFifo( tid=3046, pol=2, pri=0 ) succeeded
02-20 20:05:49.855  1754 14425 I CompositorVR: SetSchedFifo( tid=3404, pol=2, pri=0 ) succeeded
02-20 20:05:49.855  1754 14425 I CompositorVR: SetSchedFifo( tid=3509, pol=2, pri=0 ) succeeded
02-20 20:05:49.922   821  4190 D NuPlayerDriver: stop(0xf332e5a0)
02-20 20:05:49.924  1293  1293 V AvrcpMediaPlayerList: onPlaybackConfigChanged(): Configs list size=8
02-20 20:05:49.924   821  4190 D NuPlayerDriver: reset(0xf332e5a0) at state 8
02-20 20:05:49.925   821 14799 I NuCachedSource2: caching reached eos.
02-20 20:05:49.927   821 14802 D CCodecBuffers: [c2.android.mp3.decoder#587:1D-Output.Impl[N]] Client returned a buffer it does not own according to our record: 0
02-20 20:05:49.927   821 14802 D CCodecBuffers: [c2.android.mp3.decoder#587:1D-Output.Impl[N]] Client returned a buffer it does not own according to our record: 1
02-20 20:05:49.927   821 14802 D CCodecBuffers: [c2.android.mp3.decoder#587:1D-Output.Impl[N]] Client returned a buffer it does not own according to our record: 2
02-20 20:05:49.932   853  1426 V C2Store : in ~ComponentModule
02-20 20:05:49.933   853  1426 V C2Store : unloading dll
02-20 20:05:49.936   821 14789 D NuPlayerDriver: notifyResetComplete(0xf332e5a0)
02-20 20:05:49.936   821  4190 D NuPlayerDriver: reset(0xf332e5a0) at state 0
02-20 20:05:49.936   821  4190 W AMessage: failed to post message as target looper for handler 0 is gone.
02-20 20:05:49.994   870  1049 I chatty  : uid=1000(system) Binder:870_2 identical 12 lines
02-20 20:05:50.011   870  1049 W TrackingService: attachClient: found client in attached list
02-20 20:05:50.014   870  1579 W TrackingService: attachClient: found client in attached list
02-20 20:05:50.015 14225 14630 I chatty  : uid=10179(com.YourCompany.TemplateProject3) expire 3 lines
02-20 20:05:50.024   870 14453 W [CT]    : VEGA:MAP_TRACKING_HM: [Throttled count=3] Bad map tracking: map tracking failed @ Submap id = 2, version = 1948587278 with status: 2
02-20 20:05:50.024   870 14453 W [CT]    : VEGA:MAP_TRACKING_HM: [Throttled count=3] Map tracking did not run.
02-20 20:05:50.058   756   926 W AudioFlinger: moveEffectChain_l() effect chain for session 0 not on source thread 0x7a73487940
02-20 20:05:50.128   870 14453 W [CT]    : TIMESTAMPCHECKER: Nominal rate wrong. Estimated data rate: 25, Nominal is 30.000300003000028
02-20 20:05:50.216   870  1579 I chatty  : uid=1000(system) Binder:870_4 identical 11 lines
02-20 20:05:50.225   870 14453 I [CT]    : VIPER: Mode=SuperVega,Status=6DoF,TRACKING,Inl=21,Mem=73.4,Jit=0.1mm,Issues(Cam/min=0.0,IMU/min=0.0),Exp=(14.0ms,g=15.0,I=44,Ir=210.8)(14.0ms,g=15.0,I=91,Ir=433.4)(14.0ms,g=15.0,I=107,Ir=509.4)(10.1ms,g=12.0,I=74,Ir=616.7)
02-20 20:05:50.225   870 14453 W [CT]    : VIPER: Environment trending to dark, 
02-20 20:05:50.245   870  1579 W TrackingService: attachClient: found client in attached list
02-20 20:05:50.247   870  1049 W TrackingService: attachClient: found client in attached list
02-20 20:05:50.382   870  1049 I chatty  : uid=1000(system) Binder:870_2 identical 6 lines
02-20 20:05:50.412   870  1049 W TrackingService: attachClient: found client in attached list
02-20 20:05:50.414   870  1579 W TrackingService: attachClient: found client in attached list
02-20 20:05:50.457   870  1579 I chatty  : uid=1000(system) Binder:870_4 identical 3 lines
02-20 20:05:50.473  1754  3040 I VrRuntimeService: RuntimeServiceSDKServer::SetGuardianSystemState: 3069753511
02-20 20:05:50.473  2980  3046 I GuardianSystem: UpdateGuardianSystemState: Flags changed: 524288, 532480, SYSTEM_GUARDIAN_VALID to SYSTEM_GUARDIAN_VISIBLE,SYSTEM_GUARDIAN_VALID
02-20 20:05:50.495  1754 14425 I CompositorVR: SetSchedFifo( tid=3046, pol=5, pri=1 ) succeeded
02-20 20:05:50.495  1754 14425 I CompositorVR: SetSchedFifo( tid=3404, pol=5, pri=1 ) succeeded
02-20 20:05:50.496  1754 14425 I CompositorVR: SetSchedFifo( tid=3509, pol=5, pri=1 ) succeeded
02-20 20:05:50.500   870  1579 W TrackingService: attachClient: found client in attached list
02-20 20:05:50.504   870  1049 W TrackingService: attachClient: found client in attached list
02-20 20:05:50.727   870 14398 I [CT]    : CONSTELLATION:IMU_STATUS: 86557c336c360320 (L): [FusionTracked=1.000, OutputTracked=1.000, OutputValid=1.000] [AccelSat=0.000, GyroSat=0.000] 
02-20 20:05:50.762   870  1049 I chatty  : uid=1000(system) Binder:870_2 identical 12 lines
02-20 20:05:50.781   870  1049 W TrackingService: attachClient: found client in attached list
02-20 20:05:50.781  1754  2958 I PerformanceManager_V0: SetClockLevels: Apply pending clock request change: 3,4 -> 4,4
02-20 20:05:50.781  1754  2954 I Clocks  : ReleaseClocks - start
02-20 20:05:50.782  1754  2954 I Clocks  : ReleaseClocks - end (1.0 ms)
02-20 20:05:50.782  1754  2954 I Clocks  : LockClocks( cpu=4, gpu=4 ) - start
02-20 20:05:50.783  1754  2954 I Clocks  : CPU levels [0, 7]
02-20 20:05:50.783  1754  2954 I Clocks  : GPU levels [0, 5]
02-20 20:05:50.783  1754  2954 I Clocks  : LockClocks( cpu=4, gpu=4 ) - end (0.3 ms)
02-20 20:05:50.790   870  1579 W TrackingService: attachClient: found client in attached list
02-20 20:05:51.000   870  1579 I chatty  : uid=1000(system) Binder:870_4 identical 11 lines
02-20 20:05:51.028   870 14462 I [CT]    : CONSTELLATION:VISION_STATUS: 86557c336c360320 (L): BlobDetection:[#BlobsDetected=(23.78, 6.52)]Matching:[MatchSuccess=1.000, MatchCost=(0.00111, 0.00000), #MatchedBlobs=(11.30, 1.91), #MatchedLeds=(6.15, 1.04), RematchM=0.000, SkipRefine=0.000] MatchMethod:[Prox=1.000, ConstBrute=0.000, UnconstBrute=0.000] MatchResets[AnomBlobSize=0.000, SharedMatch=0.000, DenseReacq=0.000] | Fusion:[FusionError=0.000, ImuFromCamMs=(8.952, 0.849), RematchF=0.000] FusionUpdates:[Successful=1.000, Reliable=1.000, TightFusion=1.000, FullPose=0.000, StaticPrior=0.000, StaticForHandTrans=0.000, PoseUpdateMD=(0.0000, 0.0000)] FusionResets[6DoFReset=0.000, ResetSuccess=0.000] FusionStatus[HasPosition=1.000, HasVelocity=1.000] 
02-20 20:05:51.032   870  1579 W TrackingService: attachClient: found client in attached list
02-20 20:05:51.033   870  1049 W TrackingService: attachClient: found client in attached list
02-20 20:05:51.064 14225 14255 I chatty  : uid=10179(com.YourCompany.TemplateProject3) expire 1 line
02-20 20:05:51.104   870 14453 W [CT]    : VEGA:MAP_TRACKING_HM: Bad map tracking: map tracking failed @ Submap id = 2, version = 1948587278 with status: 2
02-20 20:05:51.104   870 14453 W [CT]    : VEGA:MAP_TRACKING_HM: Map tracking did not run.
02-20 20:05:51.170   870 14348 I [CT]    : boltlib: DSP utilization: 7.58 % (379 / 5000 ms)
02-20 20:05:51.226 22207 22290 I chatty  : uid=10033(com.oculus.xrstreamingclient) XRS_AudioData expire 1 line
02-20 20:05:51.669   870 14462 I [CT]    : CONSTELLATION:VISION_STATUS: 729165a0fe4054d7 (R): BlobDetection:[#BlobsDetected=(23.86, 6.48)]Matching:[MatchSuccess=1.000, MatchCost=(0.00138, 0.00000), #MatchedBlobs=(12.59, 2.86), #MatchedLeds=(6.80, 0.57), RematchM=0.000, SkipRefine=0.000] MatchMethod:[Prox=1.000, ConstBrute=0.000, UnconstBrute=0.000] MatchResets[AnomBlobSize=0.000, SharedMatch=0.000, DenseReacq=0.000] | Fusion:[FusionError=0.000, ImuFromCamMs=(9.216, 0.560), RematchF=0.000] FusionUpdates:[Successful=1.000, Reliable=1.000, TightFusion=1.000, FullPose=0.000, StaticPrior=0.000, StaticForHandTrans=0.000, PoseUpdateMD=(0.0000, 0.0000)] FusionResets[6DoFReset=0.000, ResetSuccess=0.000] FusionStatus[HasPosition=1.000, HasVelocity=1.000] 
02-20 20:05:51.693   870 14398 I [CT]    : CONSTELLATION:IMU_STATUS: 729165a0fe4054d7 (R): [FusionTracked=1.000, OutputTracked=1.000, OutputValid=1.000] [AccelSat=0.000, GyroSat=0.000] 
02-20 20:05:51.817 22207 22306 I chatty  : uid=10033(com.oculus.xrstreamingclient) SlamAnchorMem expire 59 lines
02-20 20:05:51.858 22207 22260 I chatty  : uid=10033(com.oculus.xrstreamingclient) SlamAnchorMem expire 178 lines
02-20 20:05:51.883 22207 22281 I chatty  : uid=10033(com.oculus.xrstreamingclient) xrsp-rt-read expire 3 lines
02-20 20:05:52.129   870 14453 W [CT]    : TIMESTAMPCHECKER: Nominal rate wrong. Estimated data rate: 25, Nominal is 30.000300003000028
02-20 20:05:52.144   870 14453 W [CT]    : VEGA:MAP_TRACKING_HM: [Throttled count=4] Bad map tracking: map tracking failed @ Submap id = 2, version = 1948587278 with status: 2
02-20 20:05:52.144   870 14453 W [CT]    : VEGA:MAP_TRACKING_HM: [Throttled count=4] Map tracking did not run.
02-20 20:05:52.403   870  1049 I chatty  : uid=1000(system) Binder:870_2 identical 72 lines
02-20 20:05:52.434   870  1049 W TrackingService: attachClient: found client in attached list
02-20 20:05:52.435   870  1579 W TrackingService: attachClient: found client in attached list
02-20 20:05:52.590 14225 14257 I chatty  : uid=10179(com.YourCompany.TemplateProject3) expire 1 line
02-20 20:05:52.735   870 14398 I [CT]    : INPUT_TRACKING:Behavior:NearHeadMoving: [Right] state transition: TorsoInitialized -> InRange
02-20 20:05:52.934   736   830 D audio_hw_primary: out_standby: enter: stream (0xf2d6a800) usecase(0: deep-buffer-playback)
02-20 20:05:52.992   870  1186 I [CT]    : Vega:SubmapPublisher: Tracking parent no change: frame movement above thresh -> Publish
02-20 20:05:52.992   870  1186 I [CT]    : Vega:SubmapPublisher: Start to publish submaps, found candidates:  3
02-20 20:05:52.992   870  1186 E [CT]    : SubmapRecords: findSubmapId found 2 submap records hold the same query krHandle
02-20 20:05:53.011 14225 14630 I chatty  : uid=10179(com.YourCompany.TemplateProject3) expire 8 lines
02-20 20:05:53.069   736   830 I audio_hw_primary: disable_audio_route: reset and update mixer path: deep-buffer-playback
02-20 20:05:53.071   736   830 D msm8974_platform: platform_split_snd_device: snd_device(2) num devices(0) new_snd_devices(0)
02-20 20:05:53.072   736   830 I msm8974_platform: platform_get_custom_mtmx_params: no matching param with id 0 ip_ch 2 op_ch 2 uc_id 0 snd_dev 2
02-20 20:05:53.072   736   830 D hardware_info: hw_info_append_hw_type : device_name = speaker
02-20 20:05:53.072   736   830 D audio_hw_primary: disable_snd_device: snd_device(2: speaker)
02-20 20:05:53.072   736   830 D msm8974_platform: platform_split_snd_device: snd_device(2) num devices(0) new_snd_devices(0)
02-20 20:05:53.072   736   830 D audio_route: audio_route_update_path: skip to reset mixer control 'OUTPUT MIX SPK Switch' in path 'speaker' because it is still needed by other paths
02-20 20:05:53.072   736   830 D audio_route: audio_route_update_path: skip to reset mixer control 'Speaker Switch' in path 'speaker' because it is still needed by other paths
02-20 20:05:53.072   736   830 D audio_route: audio_route_update_path: skip to reset mixer control 'Playback From Mux' in path 'speaker' because it is still needed by other paths
02-20 20:05:53.072   736   830 D audio_route: audio_route_update_path: skip to reset mixer control 'PRIM_MI2S_RX Channels' in path 'speaker' because it is still needed by other paths
02-20 20:05:53.072   736   830 D audio_hw_primary: out_standby: exit
02-20 20:05:53.169   870 14453 I [CT]    : VIPER: Environment brightness changed from 0 to 2
02-20 20:05:53.198  2980  3046 I GuardianSystem: [GuardianSystem::CheckEnvironmentStatus] Environment Status changed: 97 to 98
02-20 20:05:53.419   870  1579 I chatty  : uid=1000(system) Binder:870_4 identical 49 lines
02-20 20:05:53.423   870 14453 W [CT]    : VEGA:MAP_TRACKING_HM: [Throttled count=9] Bad map tracking: map tracking failed @ Submap id = 2, version = 1948587278 with status: 2
02-20 20:05:53.423   870 14453 W [CT]    : VEGA:MAP_TRACKING_HM: [Throttled count=9] Map tracking did not run.
02-20 20:05:53.450   870  1579 W TrackingService: attachClient: found client in attached list
02-20 20:05:53.451   870  1049 W TrackingService: attachClient: found client in attached list
02-20 20:05:53.653 22207 22296 I chatty  : uid=10033(com.oculus.xrstreamingclient) XRS_Battery expire 1 line
02-20 20:05:53.826   870 14453 I [CT]    : VIPER: Mode=SuperVega,Status=6DoF,TRACKING,Inl=26,Mem=73.5,Jit=0.3mm,Issues(Cam/min=0.0,IMU/min=0.0),Exp=(14.0ms,g=15.0,I=54,Ir=257.2)(10.7ms,g=14.0,I=100,Ir=672.5)(10.7ms,g=14.0,I=125,Ir=839.3)(12.3ms,g=14.0,I=73,Ir=424.9)
02-20 20:05:53.826   870 14453 W [CT]    : VIPER: Images too dark, Environment trending to dark, 
02-20 20:05:53.859   870 14398 W [CT]    : CONSTELLATION: R: Lost position tracking, waiting for 6DoF reset: [#VisionUp=1135, #RelUp=0, VelNorm=0.009, CurTimeDur=0.20s, DurThresh=0.2s]
02-20 20:05:53.859   870 14398 I [CT]    : INPUT_TRACKING:Behavior:NearHeadMoving: [Right] state transition: InRange -> Active
02-20 20:05:53.859   870 14398 I [CT]    : INPUT_TRACKING:Behavior:NearHeadMoving: [Right] activated
02-20 20:05:53.859   870 14398 I [CT]    : INPUT_TRACKING:Behavior:NearHeadMoving: [Right] using reliablePoseInWorld
02-20 20:05:53.859   870 14398 I [CT]    : INPUT_TRACKING:ControllerMotionModel: [Right] t = 14469.801s, behavior transition: None -> NearHeadMoving
02-20 20:05:53.867   870 14462 I [CT]    : CONSTELLATION: R: Not reinitializing 6DoF filter yet (no valid pose from matching).
02-20 20:05:53.941  1754  2958 I PerformanceManager_V0: SetClockLevels: Apply pending clock request change: 4,4 -> 3,4
02-20 20:05:53.942  1754  2954 I Clocks  : ReleaseClocks - start
02-20 20:05:53.944  1754  2954 I Clocks  : ReleaseClocks - end (2.7 ms)
02-20 20:05:53.944  1754  2954 I Clocks  : LockClocks( cpu=3, gpu=4 ) - start
02-20 20:05:53.945  1754  2954 I Clocks  : CPU levels [0, 7]
02-20 20:05:53.945  1754  2954 I Clocks  : GPU levels [0, 5]
02-20 20:05:53.946  1754  2954 I Clocks  : LockClocks( cpu=3, gpu=4 ) - end (1.4 ms)
02-20 20:05:53.954   870  1186 I [CT]    : Vega:SubmapPublisher: Tracking parent no change: frame movement above thresh -> Publish
02-20 20:05:53.954   870  1186 I [CT]    : Vega:SubmapPublisher: Start to publish submaps, found candidates:  3
02-20 20:05:53.954   870  1186 E [CT]    : SubmapRecords: findSubmapId found 2 submap records hold the same query krHandle
02-20 20:05:53.955   870  1049 I chatty  : uid=1000(system) Binder:870_2 identical 26 lines
02-20 20:05:53.968   870  1049 W TrackingService: attachClient: found client in attached list
02-20 20:05:53.970   870  1579 W TrackingService: attachClient: found client in attached list
02-20 20:05:53.993   870  1579 W TrackingService: attachClient: found client in attached list
02-20 20:05:53.995   870  1049 W TrackingService: attachClient: found client in attached list
02-20 20:05:54.011 22207 22260 I chatty  : uid=10033(com.oculus.xrstreamingclient) SlamAnchorMem expire 525 lines
02-20 20:05:54.041 22207 22306 I chatty  : uid=10033(com.oculus.xrstreamingclient) SlamAnchorMem expire 225 lines
02-20 20:05:54.168   870 14453 W [CT]    : TIMESTAMPCHECKER: Nominal rate wrong. Estimated data rate: 25, Nominal is 30.000300003000028
02-20 20:05:54.208   870 14453 I [CT]    : VIPER: Environment brightness changed from 2 to 0
02-20 20:05:54.229  2980  3046 I GuardianSystem: [GuardianSystem::CheckEnvironmentStatus] Environment Status changed: 98 to 97
02-20 20:05:54.477  1909  2367 W DeviceConfigUtil: Try to get config param "oculus_shared_social:oculus_messenger_reauth_removal" before Device Config has subscribed to the service.
02-20 20:05:54.772   870  1049 I chatty  : uid=1000(system) Binder:870_2 identical 38 lines
02-20 20:05:54.775   870  1049 W TrackingService: attachClient: found client in attached list
02-20 20:05:54.780   870  1579 W TrackingService: attachClient: found client in attached list
02-20 20:05:54.893 22207 22281 I chatty  : uid=10033(com.oculus.xrstreamingclient) xrsp-rt-read expire 6 lines
02-20 20:05:55.759   870  1579 I chatty  : uid=1000(system) Binder:870_4 identical 47 lines
02-20 20:05:55.792   870  1579 W TrackingService: attachClient: found client in attached list
02-20 20:05:55.794   870  1049 W TrackingService: attachClient: found client in attached list
02-20 20:05:55.867   870 14462 I [CT]    : CONSTELLATION: R: Not reinitializing 6DoF filter yet (no valid pose from matching).
02-20 20:05:55.946  1754  2958 I PerformanceManager_V0: SetClockLevels: Apply pending clock request change: 3,4 -> 2,4
02-20 20:05:55.946  1754  2954 I Clocks  : ReleaseClocks - start
02-20 20:05:55.947  1754  2954 I Clocks  : ReleaseClocks - end (0.2 ms)
02-20 20:05:55.947  1754  2954 I Clocks  : LockClocks( cpu=2, gpu=4 ) - start
02-20 20:05:55.947  1754  2954 I Clocks  : CPU levels [0, 7]
02-20 20:05:55.947  1754  2954 I Clocks  : GPU levels [0, 5]
02-20 20:05:55.947  1754  2954 I Clocks  : LockClocks( cpu=2, gpu=4 ) - end (0.4 ms)
02-20 20:05:56.018   870  1049 I chatty  : uid=1000(system) Binder:870_2 identical 13 lines
02-20 20:05:56.054   870  1049 W TrackingService: attachClient: found client in attached list
02-20 20:05:56.056   870  1579 W TrackingService: attachClient: found client in attached list
02-20 20:05:56.064   870  1579 W TrackingService: attachClient: found client in attached list
02-20 20:05:56.069   870  1049 W TrackingService: attachClient: found client in attached list
02-20 20:05:56.175   870 14453 I [CT]    : boltlib: DSP utilization: 8.51 % (426 / 5004 ms)
02-20 20:05:56.208   870 14453 W [CT]    : TIMESTAMPCHECKER: Nominal rate wrong. Estimated data rate: 25, Nominal is 30.000300003000028
02-20 20:05:56.225 22207 22290 I chatty  : uid=10033(com.oculus.xrstreamingclient) XRS_AudioData expire 1 line
02-20 20:05:56.836   870  1049 I chatty  : uid=1000(system) Binder:870_2 identical 34 lines
02-20 20:05:56.859   870  1049 W TrackingService: attachClient: found client in attached list
02-20 20:05:56.864   870  1579 W TrackingService: attachClient: found client in attached list
02-20 20:05:57.227  1754  2958 E TREX    : Interface version 1 was not found. Check debug build for more information.
02-20 20:05:57.424   870 14453 I [CT]    : VIPER: Mode=SuperVega,Status=6DoF,TRACKING,Inl=25,Mem=73.4,Jit=0.0mm,Issues(Cam/min=0.0,IMU/min=0.0),Exp=(14.0ms,g=15.0,I=52,Ir=250.1)(9.8ms,g=13.0,I=96,Ir=752.2)(9.8ms,g=13.0,I=118,Ir=931.2)(12.1ms,g=14.0,I=75,Ir=441.4)
02-20 20:05:57.424   870 14453 W [CT]    : VIPER: Environment trending to dark, 
02-20 20:05:57.548   870  1186 W [CT]    : VEGA_MAP_BUILDER: Resolved a potential TrackToMapPointAssosiation conflict between tracks 4194419 (index = 64, version = 115) and 6946881 (index = 106, version = 65). Point handle: 1463 0.
02-20 20:05:57.659   870 14398 W [CT]    : CONSTELLATION: R: Lost velocity tracking, waiting for 6DoF reset. [#VisionUp=1135, #RelUp=0, VelNorm=0.009, CurTimeDur=4.00s, DurThresh=4.0s]
02-20 20:05:57.707   870 14462 W [CT]    : CONSTELLATION: R: Skipping approximation and doing full covariance propagation for 2 samples!
02-20 20:05:57.907   870 14462 I [CT]    : CONSTELLATION: R: Not reinitializing 6DoF filter yet (no valid pose from matching).
02-20 20:05:58.139  3010  3010 D MetaCam (DeviceLifecycleManager): onCapabilitiesChanged(...). Has NET_CAPABILITY_VALIDATED.
02-20 20:05:58.140  3010  3010 I chatty  : uid=10097(com.oculus.metacam) identical 1 line
02-20 20:05:58.140  3010  3010 D MetaCam (DeviceLifecycleManager): onCapabilitiesChanged(...). Has NET_CAPABILITY_VALIDATED.
02-20 20:05:58.140 14225 14247 I chatty  : uid=10179(com.YourCompany.TemplateProject3) expire 1 line
02-20 20:05:58.142 14225 14851 I chatty  : uid=10179(com.YourCompany.TemplateProject3) expire 3 lines
02-20 20:05:58.208   870 14453 W [CT]    : TIMESTAMPCHECKER: Nominal rate wrong. Estimated data rate: 25, Nominal is 30.000300003000028
02-20 20:05:58.345   870  1579 I chatty  : uid=1000(system) Binder:870_4 identical 75 lines
02-20 20:05:58.373   870  1579 W TrackingService: attachClient: found client in attached list
02-20 20:05:58.375   870  1049 W TrackingService: attachClient: found client in attached list
02-20 20:05:58.887   870  1049 I chatty  : uid=1000(system) Binder:870_2 identical 26 lines
02-20 20:05:58.896   870  1049 W TrackingService: attachClient: found client in attached list
02-20 20:05:58.898   870  1579 W TrackingService: attachClient: found client in attached list
02-20 20:05:58.945   870  1579 I chatty  : uid=1000(system) Binder:870_4 identical 2 lines
02-20 20:05:58.982   870  1579 W TrackingService: attachClient: found client in attached list
02-20 20:05:58.985   870  1049 W TrackingService: attachClient: found client in attached list
02-20 20:05:59.202   870  1049 I chatty  : uid=1000(system) Binder:870_2 identical 12 lines
02-20 20:05:59.224   870  1049 W TrackingService: attachClient: found client in attached list
02-20 20:05:59.226   870  1579 W TrackingService: attachClient: found client in attached list
02-20 20:05:59.716   870  1579 I chatty  : uid=1000(system) Binder:870_4 identical 26 lines
02-20 20:05:59.753   870  1579 W TrackingService: attachClient: found client in attached list
02-20 20:05:59.755   870  1049 W TrackingService: attachClient: found client in attached list
02-20 20:05:59.908   870 14462 I [CT]    : CONSTELLATION: R: Not reinitializing 6DoF filter yet (no valid pose from matching).
02-20 20:06:00.022 14225 14630 I chatty  : uid=10179(com.YourCompany.TemplateProject3) expire 2 lines
02-20 20:06:00.202   870  1049 I chatty  : uid=1000(system) Binder:870_2 identical 22 lines
02-20 20:06:00.208   870 14453 W [CT]    : TIMESTAMPCHECKER: Nominal rate wrong. Estimated data rate: 25, Nominal is 30.000300003000028
02-20 20:06:00.210   870  1049 W TrackingService: attachClient: found client in attached list
02-20 20:06:00.212   870  1579 W TrackingService: attachClient: found client in attached list
02-20 20:06:00.252   870  1579 I chatty  : uid=1000(system) Binder:870_4 identical 2 lines
02-20 20:06:00.286   870  1579 W TrackingService: attachClient: found client in attached list
02-20 20:06:00.287   870  1049 W TrackingService: attachClient: found client in attached list
02-20 20:06:00.634 22207 22260 I chatty  : uid=10033(com.oculus.xrstreamingclient) SlamAnchorMem expire 174 lines
02-20 20:06:00.729   870 14398 I [CT]    : CONSTELLATION:IMU_STATUS: 86557c336c360320 (L): [FusionTracked=1.000, OutputTracked=1.000, OutputValid=1.000] [AccelSat=0.000, GyroSat=0.000] 
02-20 20:06:00.864   870 14453 W [CT]    : VEGA:MAP_TRACKING_HM: Bad map tracking: map tracking failed @ Submap id = 2, version = 1948587278 with status: 2
02-20 20:06:00.864   870 14453 W [CT]    : VEGA:MAP_TRACKING_HM: Map tracking did not run.
02-20 20:06:00.910   870  1186 I [CT]    : Vega:SubmapPublisher: Tracking parent no change: frame movement above thresh -> Publish
02-20 20:06:00.910   870  1186 I [CT]    : Vega:SubmapPublisher: Start to publish submaps, found candidates:  3
02-20 20:06:00.910   870  1186 E [CT]    : SubmapRecords: findSubmapId found 2 submap records hold the same query krHandle
02-20 20:06:00.925 22207 22281 I chatty  : uid=10033(com.oculus.xrstreamingclient) xrsp-rt-read expire 2 lines
02-20 20:06:01.025   870 14453 I [CT]    : VIPER: Mode=SuperVega,Status=6DoF,TRACKING,Inl=27,Mem=73.4,Jit=0.3mm,Issues(Cam/min=0.0,IMU/min=0.0),Exp=(14.0ms,g=15.0,I=47,Ir=224.2)(14.0ms,g=15.0,I=88,Ir=421.7)(14.0ms,g=15.0,I=114,Ir=544.3)(9.6ms,g=13.0,I=73,Ir=586.3)
02-20 20:06:01.025   870 14453 W [CT]    : VIPER: Environment trending to dark, 
02-20 20:06:01.028   870 14462 I [CT]    : CONSTELLATION:VISION_STATUS: 86557c336c360320 (L): BlobDetection:[#BlobsDetected=(13.97, 25.24)]Matching:[MatchSuccess=1.000, MatchCost=(0.00100, 0.00000), #MatchedBlobs=(11.20, 0.39), #MatchedLeds=(6.10, 0.22), RematchM=0.000, SkipRefine=0.000] MatchMethod:[Prox=1.000, ConstBrute=0.000, UnconstBrute=0.000] MatchResets[AnomBlobSize=0.000, SharedMatch=0.000, DenseReacq=0.000] | Fusion:[FusionError=0.000, ImuFromCamMs=(8.286, 1.414), RematchF=0.000] FusionUpdates:[Successful=1.000, Reliable=1.000, TightFusion=1.000, FullPose=0.000, StaticPrior=0.000, StaticForHandTrans=0.112, PoseUpdateMD=(0.0000, 0.0000)] FusionResets[6DoFReset=0.000, ResetSuccess=0.000] FusionStatus[HasPosition=1.000, HasVelocity=1.000] 
02-20 20:06:01.049   870 14453 I [CT]    : BrightnessPredictor: [Throttled count=374] Current irradiance: 491.3612060546875 (samples: 1).
02-20 20:06:01.049   870 14453 W [CT]    : BrightnessPredictor: [Throttled count=374] Started in a dark environment. Current irradiance: 491.3612060546875 (samples: 1).
02-20 20:06:01.068   870 14462 W [CT]    : CONSTELLATION:MATCHING: Anomalous blob size detected => Resetting matches for controller 729165a0fe4054d7 (R).
02-20 20:06:01.148   870 14462 I [CT]    : CONSTELLATION: R: Successfully reinitialized 6DoF filter. Keep Cov and Calib States = Y. Keep velocity state and covariance = N
02-20 20:06:01.162  3010  3010 D MetaCam (DeviceLifecycleManager): onCapabilitiesChanged(...). Has NET_CAPABILITY_VALIDATED.
02-20 20:06:01.164  3010  3010 D MetaCam (DeviceLifecycleManager): onCapabilitiesChanged(...). Has NET_CAPABILITY_VALIDATED.
02-20 20:06:01.164  3010  3010 D MetaCam (DeviceLifecycleManager): onCapabilitiesChanged(...). Has NET_CAPABILITY_VALIDATED.
02-20 20:06:01.164 14225 14247 I chatty  : uid=10179(com.YourCompany.TemplateProject3) expire 1 line
02-20 20:06:01.165 14225 14858 I chatty  : uid=10179(com.YourCompany.TemplateProject3) expire 3 lines
02-20 20:06:01.175   870 14453 I [CT]    : boltlib: DSP utilization: 7.76 % (387 / 5000 ms)
02-20 20:06:01.189   870 14398 I [CT]    : INPUT_TRACKING:Behavior:NearHeadMoving: [Right] state transition: Active -> Transition
02-20 20:06:01.227 22207 22290 I chatty  : uid=10033(com.oculus.xrstreamingclient) XRS_AudioData expire 1 line
02-20 20:06:01.379   870 14398 W [CT]    : CONSTELLATION: R: Lost position tracking, waiting for 6DoF reset: [#VisionUp=2, #RelUp=0, VelNorm=0.006, CurTimeDur=0.20s, DurThresh=0.2s]
02-20 20:06:01.401   870 14398 I [CT]    : INPUT_TRACKING:Behavior:NearHeadMoving: [Right] state transition: Transition -> Init
02-20 20:06:01.401   870 14398 I [CT]    : INPUT_TRACKING:Behavior:NearHeadMoving: [Right] deactivated
02-20 20:06:01.401   870 14398 I [CT]    : INPUT_TRACKING:ControllerMotionModel: [Right] t = 14477.344s, behavior transition: NearHeadMoving -> None
02-20 20:06:01.403   870 14398 I [CT]    : INPUT_TRACKING:Behavior:NearHeadMoving: [Right] state transition: Init -> Active
02-20 20:06:01.403   870 14398 I [CT]    : INPUT_TRACKING:Behavior:NearHeadMoving: [Right] activated
02-20 20:06:01.403   870 14398 I [CT]    : INPUT_TRACKING:Behavior:NearHeadMoving: [Right] using reliablePoseInWorld
02-20 20:06:01.403   870 14398 I [CT]    : INPUT_TRACKING:ControllerMotionModel: [Right] t = 14477.346s, behavior transition: None -> NearHeadMoving
02-20 20:06:01.429   870 14398 W [CT]    : CONSTELLATION: R: Lost velocity tracking, waiting for 6DoF reset. [#VisionUp=2, #RelUp=0, VelNorm=0.012, CurTimeDur=0.25s, DurThresh=0.2s]
02-20 20:06:01.489   870 14453 I [CT]    : VIPER: Environment brightness changed from 0 to 2
02-20 20:06:01.511  2980  3046 I GuardianSystem: [GuardianSystem::CheckEnvironmentStatus] Environment Status changed: 97 to 98
02-20 20:06:01.667   870 14462 I [CT]    : CONSTELLATION:VISION_STATUS: 729165a0fe4054d7 (R): BlobDetection:[#BlobsDetected=(13.28, 17.15)]Matching:[MatchSuccess=0.192, MatchCost=(0.02514, 0.00490), #MatchedBlobs=(1.80, 16.74), #MatchedLeds=(1.21, 6.24), RematchM=0.028, SkipRefine=0.004] MatchMethod:[Prox=0.184, ConstBrute=0.028, UnconstBrute=0.000] MatchResets[AnomBlobSize=0.020, SharedMatch=0.000, DenseReacq=0.000] | Fusion:[FusionError=0.000, ImuFromCamMs=(7.950, 1.190), RematchF=0.076] FusionUpdates:[Successful=0.192, Reliable=0.184, TightFusion=0.164, FullPose=0.024, StaticPrior=0.000, StaticForHandTrans=0.336, PoseUpdateMD=(15.3530, 149.3082)] FusionResets[6DoFReset=0.764, ResetSuccess=0.004] FusionStatus[HasPosition=0.240, HasVelocity=0.624] 
02-20 20:06:01.693   870 14398 I [CT]    : CONSTELLATION:IMU_STATUS: 729165a0fe4054d7 (R): [FusionTracked=0.236, OutputTracked=0.216, OutputValid=1.000] [AccelSat=0.000, GyroSat=0.000] 
02-20 20:06:01.865   870 14453 W [CT]    : VEGA:MAP_TRACKING_HM: [Throttled count=24] Bad map tracking: map tracking failed @ Submap id = 2, version = 1948587278 with status: 2
02-20 20:06:01.865   870 14453 W [CT]    : VEGA:MAP_TRACKING_HM: [Throttled count=24] Map tracking did not run.
02-20 20:06:01.947   870 14462 I [CT]    : CONSTELLATION: R: Not reinitializing 6DoF filter yet (no valid pose from matching).
02-20 20:06:02.015 14225 14630 I chatty  : uid=10179(com.YourCompany.TemplateProject3) expire 1 line
02-20 20:06:02.209   870 14453 W [CT]    : TIMESTAMPCHECKER: Nominal rate wrong. Estimated data rate: 25, Nominal is 30.000300003000028
02-20 20:06:02.230   870  1049 I chatty  : uid=1000(system) Binder:870_2 identical 101 lines
02-20 20:06:02.256   870  1049 W TrackingService: attachClient: found client in attached list
02-20 20:06:02.257   870  1579 W TrackingService: attachClient: found client in attached list
02-20 20:06:02.348  2980  3503 I Telemetry: App memory usage: PSS=32 MiB, PrivateDirty=25 MiB, PrivateClean=2 MiB, GPU=3.8/4.0 MiB (96% allocated)
02-20 20:06:02.768 22207 22260 I chatty  : uid=10033(com.oculus.xrstreamingclient) SlamAnchorMem expire 169 lines
02-20 20:06:02.784 14225 14257 I chatty  : uid=10179(com.YourCompany.TemplateProject3) expire 1 line
02-20 20:06:02.786 22207 22306 I chatty  : uid=10033(com.oculus.xrstreamingclient) SlamAnchorMem expire 57 lines
02-20 20:06:02.904   870 14453 W [CT]    : VEGA:MAP_TRACKING_HM: [Throttled count=25] Bad map tracking: map tracking failed @ Submap id = 2, version = 1948587278 with status: 2
02-20 20:06:02.904   870 14453 W [CT]    : VEGA:MAP_TRACKING_HM: [Throttled count=25] Map tracking did not run.
02-20 20:06:02.935 22207 22281 I chatty  : uid=10033(com.oculus.xrstreamingclient) xrsp-rt-read expire 4 lines
02-20 20:06:03.015 14225 14630 I chatty  : uid=10179(com.YourCompany.TemplateProject3) expire 7 lines
02-20 20:06:03.855  1853  1936 I nifiedtelemetr: Waiting for a blocking GC ProfileSaver
02-20 20:06:03.873  1853  1936 I nifiedtelemetr: WaitForGcToComplete blocked ProfileSaver on HeapTrim for 17.883ms
02-20 20:06:03.904   870 14453 W [CT]    : VEGA:MAP_TRACKING_HM: [Throttled count=23] Bad map tracking: map tracking failed @ Submap id = 2, version = 1948587278 with status: 2
02-20 20:06:03.904   870 14453 W [CT]    : VEGA:MAP_TRACKING_HM: [Throttled count=23] Map tracking did not run.
02-20 20:06:03.987   870 14462 I [CT]    : CONSTELLATION: R: Not reinitializing 6DoF filter yet (no valid pose from matching).
02-20 20:06:03.990   870  1579 I chatty  : uid=1000(system) Binder:870_4 identical 94 lines
02-20 20:06:03.998   870  1579 W TrackingService: attachClient: found client in attached list
02-20 20:06:03.999   870  1049 W TrackingService: attachClient: found client in attached list
02-20 20:06:04.209   870 14453 W [CT]    : TIMESTAMPCHECKER: Nominal rate wrong. Estimated data rate: 25, Nominal is 30.000300003000028
02-20 20:06:04.288   870  1049 I chatty  : uid=1000(system) Binder:870_2 identical 14 lines
02-20 20:06:04.294   870  1049 W TrackingService: attachClient: found client in attached list
02-20 20:06:04.299   870  1579 W TrackingService: attachClient: found client in attached list
02-20 20:06:04.625   870 14453 I [CT]    : VIPER: Mode=SuperVega,Status=6DoF,TRACKING,Inl=27,Mem=73.5,Jit=0.1mm,Issues(Cam/min=0.0,IMU/min=0.0),Exp=(14.0ms,g=15.0,I=47,Ir=224.8)(14.0ms,g=15.0,I=87,Ir=414.3)(14.0ms,g=15.0,I=115,Ir=549.0)(9.9ms,g=13.0,I=75,Ir=586.6)
02-20 20:06:04.625   870 14453 W [CT]    : VIPER: Images too dark, Environment trending to dark, 
02-20 20:06:04.681   870  1579 I chatty  : uid=1000(system) Binder:870_4 identical 18 lines
02-20 20:06:04.689   870  1579 W TrackingService: attachClient: found client in attached list
02-20 20:06:04.694   870  1049 W TrackingService: attachClient: found client in attached list
02-20 20:06:04.750   870  1186 I [CT]    : VIPER: InternalAnchorHealthMonitor: Anchors: 3 | Persistent anchors: 2 | Anchors never observed: 0
02-20 20:06:04.750   870  1186 I [CT]    :   (min/avg/max) Anchor landmarks: (17|24.333333333333332|28) | Covisible keyframes: (21|25.666666666666668|35) | Times since observation: (0|4790.333333333333|13706.12)
02-20 20:06:04.781   870  1049 I chatty  : uid=1000(system) Binder:870_2 identical 4 lines
02-20 20:06:04.823   870  1049 W TrackingService: attachClient: found client in attached list
02-20 20:06:04.825   870  1579 W TrackingService: attachClient: found client in attached list
02-20 20:06:04.872 22207 22260 I chatty  : uid=10033(com.oculus.xrstreamingclient) SlamAnchorMem expire 382 lines
02-20 20:06:04.895 22207 22306 I chatty  : uid=10033(com.oculus.xrstreamingclient) SlamAnchorMem expire 125 lines
02-20 20:06:04.926  1909  2367 W DeviceConfigUtil: Try to get config param "oculus_shared_social:oculus_messenger_reauth_removal" before Device Config has subscribed to the service.
02-20 20:06:04.943   870 14453 W [CT]    : VEGA:MAP_TRACKING_HM: [Throttled count=24] Bad map tracking: map tracking failed @ Submap id = 2, version = 1948587278 with status: 2
02-20 20:06:04.943   870 14453 W [CT]    : VEGA:MAP_TRACKING_HM: [Throttled count=24] Map tracking did not run.
02-20 20:06:05.952   870  1579 I chatty  : uid=1000(system) Binder:870_4 identical 58 lines
02-20 20:06:05.966   870  1579 W TrackingService: attachClient: found client in attached list
02-20 20:06:05.968   870  1049 W TrackingService: attachClient: found client in attached list
02-20 20:06:05.983   870 14453 W [CT]    : VEGA:MAP_TRACKING_HM: [Throttled count=25] Bad map tracking: map tracking failed @ Submap id = 2, version = 1948587278 with status: 2
02-20 20:06:05.983   870 14453 W [CT]    : VEGA:MAP_TRACKING_HM: [Throttled count=25] Map tracking did not run.
02-20 20:06:05.987   870 14462 I [CT]    : CONSTELLATION: R: Not reinitializing 6DoF filter yet (no valid pose from matching).
02-20 20:06:06.209   870 14453 W [CT]    : TIMESTAMPCHECKER: Nominal rate wrong. Estimated data rate: 25, Nominal is 30.000300003000028
02-20 20:06:06.210   870 14348 I [CT]    : boltlib: DSP utilization: 7.49 % (377 / 5034 ms)
02-20 20:06:06.221   870  1049 I chatty  : uid=1000(system) Binder:870_2 identical 11 lines
02-20 20:06:06.225 22207 22290 I chatty  : uid=10033(com.oculus.xrstreamingclient) XRS_AudioData expire 1 line
02-20 20:06:06.256   870  1049 W TrackingService: attachClient: found client in attached list
02-20 20:06:06.263   870  1579 W TrackingService: attachClient: found client in attached list
02-20 20:06:06.387  3089  3407 I Telemetry: App memory usage: PSS=20 MiB, PrivateDirty=15 MiB, PrivateClean=1 MiB, GPU=6.0/6.1 MiB (97% allocated)
02-20 20:06:06.487   870  1579 I chatty  : uid=1000(system) Binder:870_4 identical 10 lines
02-20 20:06:06.494   870  1579 W TrackingService: attachClient: found client in attached list
02-20 20:06:06.496   870  1049 W TrackingService: attachClient: found client in attached list
02-20 20:06:06.762   870  1049 I chatty  : uid=1000(system) Binder:870_2 identical 13 lines
02-20 20:06:06.800   870  1049 W TrackingService: attachClient: found client in attached list
02-20 20:06:06.802   870  1579 W TrackingService: attachClient: found client in attached list
02-20 20:06:06.944 22207 22281 I chatty  : uid=10033(com.oculus.xrstreamingclient) xrsp-rt-read expire 3 lines
02-20 20:06:06.984   870 14453 W [CT]    : VEGA:MAP_TRACKING_HM: [Throttled count=23] Bad map tracking: map tracking failed @ Submap id = 2, version = 1948587278 with status: 2
02-20 20:06:06.984   870 14453 W [CT]    : VEGA:MAP_TRACKING_HM: [Throttled count=23] Map tracking did not run.
02-20 20:06:07.237  1754  2958 E TREX    : Interface version 1 was not found. Check debug build for more information.
02-20 20:06:07.323   870  1579 I chatty  : uid=1000(system) Binder:870_4 identical 25 lines
02-20 20:06:07.336   870  1579 W TrackingService: attachClient: found client in attached list
02-20 20:06:07.340   870  1049 W TrackingService: attachClient: found client in attached list
02-20 20:06:07.908   870 14462 W [CT]    : CONSTELLATION:MATCHING: [Throttled count=4] Anomalous blob size detected => Resetting matches for controller 729165a0fe4054d7 (R).
02-20 20:06:07.989   870 14462 I [CT]    : CONSTELLATION: R: Not reinitializing 6DoF filter yet (no valid pose from matching).
02-20 20:06:08.025   870 14453 W [CT]    : VEGA:MAP_TRACKING_HM: [Throttled count=25] Bad map tracking: map tracking failed @ Submap id = 2, version = 1948587278 with status: 2
02-20 20:06:08.025   870 14453 W [CT]    : VEGA:MAP_TRACKING_HM: [Throttled count=25] Map tracking did not run.
02-20 20:06:08.209   870 14453 W [CT]    : TIMESTAMPCHECKER: Nominal rate wrong. Estimated data rate: 25, Nominal is 30.000300003000028
02-20 20:06:08.226   870 14453 I [CT]    : VIPER: Mode=SuperVega,Status=6DoF,TRACKING,Inl=28,Mem=73.4,Jit=0.1mm,Issues(Cam/min=0.0,IMU/min=0.0),Exp=(14.0ms,g=15.0,I=47,Ir=227.2)(14.0ms,g=15.0,I=91,Ir=436.5)(14.0ms,g=15.0,I=112,Ir=536.3)(11.2ms,g=14.0,I=65,Ir=413.5)
02-20 20:06:08.226   870 14453 W [CT]    : VIPER: Images too dark, Environment trending to dark, 
02-20 20:06:08.270   870 14462 I [CT]    : CONSTELLATION: R: Successfully reinitialized 6DoF filter. Keep Cov and Calib States = Y. Keep velocity state and covariance = N
02-20 20:06:08.311   870 14398 I [CT]    : INPUT_TRACKING:Behavior:NearHeadMoving: [Right] state transition: Active -> Transition
02-20 20:06:08.411   870 14398 I [CT]    : INPUT_TRACKING:Behavior:NearHeadMoving: [Right] state transition: Transition -> Init
02-20 20:06:08.411   870 14398 I [CT]    : INPUT_TRACKING:Behavior:NearHeadMoving: [Right] deactivated
02-20 20:06:08.412   870 14398 I [CT]    : INPUT_TRACKING:ControllerMotionModel: [Right] t = 14484.353s, behavior transition: NearHeadMoving -> None
02-20 20:06:08.414   870 14398 I [CT]    : INPUT_TRACKING:Behavior:NearHeadMoving: [Right] state transition: Init -> TorsoInitialized
02-20 20:06:08.454 14225 14255 I chatty  : uid=10179(com.YourCompany.TemplateProject3) expire 18 lines
02-20 20:06:09.065   870 14453 W [CT]    : VEGA:MAP_TRACKING_HM: [Throttled count=8] Bad map tracking: map tracking failed @ Submap id = 2, version = 1948587278 with status: 2
02-20 20:06:09.065   870 14453 W [CT]    : VEGA:MAP_TRACKING_HM: [Throttled count=8] Map tracking did not run.
02-20 20:06:09.170   870  1049 I chatty  : uid=1000(system) Binder:870_2 identical 94 lines
02-20 20:06:09.180   870  1049 W TrackingService: attachClient: found client in attached list
02-20 20:06:09.181   870  1579 W TrackingService: attachClient: found client in attached list
02-20 20:06:09.216   870  1579 W TrackingService: attachClient: found client in attached list
02-20 20:06:09.218   870  1049 W TrackingService: attachClient: found client in attached list
02-20 20:06:09.678  1754 14299 I VrRuntimeService: DestroySwapChain: swapchain=427
02-20 20:06:09.679 22207 22260 I chatty  : uid=10033(com.oculus.xrstreamingclient) SlamAnchorMem expire 14 lines
02-20 20:06:09.679  1754 14299 I VrRuntimeService: DestroySwapChain: swapchain=424
02-20 20:06:09.704  1754 14425 I CompositorVR: Will tear: 0.014853
02-20 20:06:09.727  1754 14425 I CompositorVR: Will tear: 0.009697
02-20 20:06:09.733  1293  1293 V AvrcpMediaPlayerList: onPlaybackConfigChanged(): Configs list size=8
