02-20 18:18:41.193  2134  3085 I chatty  : uid=10020(com.oculus.vrshell) ShellOverlayVR expire 17 lines
02-20 18:18:41.196  1754  2958 I Vsync   : Adjusting vsync display refresh rate 72.000000 -> 90.000000
02-20 18:18:41.199  1057  3187 E WindowManager: App trying to use insecure INPUT_FEATURE_NO_INPUT_CHANNEL flag. Ignoring
02-20 18:18:41.202  3089  3199 I [CT]    : MIXEDREALITY: MrServiceModel: Hibernating caller (most likely rendering thread) due to commandQueue being empty.
02-20 18:18:41.205  1754  1754 I ClientMgr: FocusedWindowChanged: found matching overlay client: 3550645746
02-20 18:18:41.205  1754 26573 I FocusedClientsListener: focus: onVrFocusChanged(focusType=0): 5
02-20 18:18:41.205  1754 26573 I FocusedClientsListener: focus: pid=3456
02-20 18:18:41.205  1754 26573 I FocusedClientsListener: focus: pid=2134
02-20 18:18:41.205  1754 26573 I FocusedClientsListener: focus: pid=3514
02-20 18:18:41.205  1754 26573 I FocusedClientsListener: focus: pid=3089
02-20 18:18:41.205  1754 26573 I FocusedClientsListener: focus: pid=2980
02-20 18:18:41.205  1754  1778 I FocusedClientsListener: focus: onVrFocusChanged(focusType=1): 5
02-20 18:18:41.205  1754  1778 I FocusedClientsListener: focus: pid=3456
02-20 18:18:41.205  1754  1778 I FocusedClientsListener: focus: pid=2134
02-20 18:18:41.205  1754  1778 I FocusedClientsListener: focus: pid=3514
02-20 18:18:41.205  1754  1778 I FocusedClientsListener: focus: pid=3089
02-20 18:18:41.205  1754  1778 I FocusedClientsListener: focus: pid=2980
02-20 18:18:41.206  1754  1780 I FocusedClientsListener: focus: onVrFocusChanged(focusType=2): 1
02-20 18:18:41.206  1754  1780 I FocusedClientsListener: focus: pid=3456
02-20 18:18:41.207  1909  2372 I OVRMediaServiceManager: Sending onAppStart (com.oculus.shellenv) to SocialPlatform (com.oculus.socialplatform)
02-20 18:18:41.208  3010  3010 D MetaCam (MediaCapabilityChecker): checkMediaHasRecordingCapabilities packageName: com.oculus.vrshell
02-20 18:18:41.208  3010  3010 D MetaCam (MediaCapabilityChecker): checkMediaHasRecordingCapabilities packageName: com.oculus.vrshell
02-20 18:18:41.216  3089  3199 I [CT]    : MIXEDREALITY: MrServiceModel: Hibernating caller (most likely rendering thread) due to commandQueue being empty.
02-20 18:18:41.223  3514  3730 I chatty  : uid=10020(com.oculus.vrshell) ShellMainVR expire 34 lines
02-20 18:18:41.223  2980  3046 I GuardianSystem: [GuardianSystem::InitializeRuntimeEventHandlers] runtimeServiceSDKClient_.ForceShowGuardianEvent
02-20 18:18:41.223  2980  3046 I GuardianSystem: ForceShowGuardian: false, 0.00
02-20 18:18:41.223  2980  3046 I GuardianSystem: [GuardianSystem::InitializeRuntimeEventHandlers] runtimeServiceSDKClient_.PackageChangeEvent: package=[com.oculus.shellenv], process=[com.oculus.shellenv]
02-20 18:18:41.223  2980  3046 I GuardianSystem: SetCurrentProcessName: com.oculus.shellenv, previous ProcessName: com.YourCompany.TemplateProject3
02-20 18:18:41.227  1909  2079 W OVRLibrary: null cursor received for query content://com.oculus.ocms.library/apps/com.oculus.vrshell
02-20 18:18:41.228   882   882 D VrApiService: refresh-rate changed to 90Hz
02-20 18:18:41.228  1754  2958 I PerformanceManager_V0: SetClockLevels: Apply pending clock request change: -1,-1 -> 2,3
02-20 18:18:41.228  1754  2958 I VrRuntimeServer: DisableCompositorClient: 0
02-20 18:18:41.228  1754  2958 I CompositorClientMgr: Disable client 0
02-20 18:18:41.228  1754  2958 I CompositorClientMgr: DisableClient: frame flush required: 1
02-20 18:18:41.229  1754  1754 I ClientMgr: FocusedClient changed.
02-20 18:18:41.229  1754  1754 I ClientMgr: ClientMgr::SetFocusedClient: 3514:com.oculus.vrshell type 1
02-20 18:18:41.229  1754  1754 I ClientMgr: SetFocusedPackageName - packageName com.oculus.vrshell processName com.oculus.vrshell clientId 3550645746 clientPid 3514
02-20 18:18:41.229  1754  1754 I VrRuntimeService: RuntimeIPC: SendFocusChangeEventToAllClients: PostClientEvent SUCCESS: com.oculus.vrshell:com.oculus.vrshell:3514, com.oculus.vrshell, com.oculus.vrshell
02-20 18:18:41.229  1754  1754 W REFLECT [RUNTIMEIPC]: ipc_PostClientEvent FAILED: FocusChangeEvent
02-20 18:18:41.229  1754  1754 W VrRuntimeService: RuntimeIPC: SendFocusChangeEventToAllClients: PostClientEvent FAILED: com.oculus.shellenv:com.oculus.shellenv:3456, com.oculus.vrshell, com.oculus.vrshell
02-20 18:18:41.229  1754  1754 W REFLECT [RUNTIMEIPC]: ipc_PostClientEvent FAILED: FocusChangeEvent
02-20 18:18:41.229  1754  1754 W VrRuntimeService: RuntimeIPC: SendFocusChangeEventToAllClients: PostClientEvent FAILED: com.oculus.mrservice:com.oculus.mrservice:3089, com.oculus.vrshell, com.oculus.vrshell
02-20 18:18:41.229  1754  1754 I VrRuntimeService: RuntimeIPC: SendFocusChangeEventToAllClients: PostClientEvent SUCCESS: com.oculus.guardian:com.oculus.vrguardianservice:2980, com.oculus.vrshell, com.oculus.vrshell
02-20 18:18:41.229  1754  1754 I VrRuntimeService: RuntimeIPC: SendFocusChangeEventToAllClients: PostClientEvent SUCCESS: com.oculus.vrshell:com.oculus.vrshell:Overlay:2134, com.oculus.vrshell, com.oculus.vrshell
02-20 18:18:41.229  1754  2954 I Clocks  : LockClocks( cpu=2, gpu=3 ) - start
02-20 18:18:41.231  1754  2954 I Clocks  : CPU levels [0, 7]
02-20 18:18:41.231  1909  2567 E OVRMediaServiceManager: LivestreamingManager Not initialized
02-20 18:18:41.231  1754  2954 I Clocks  : GPU levels [0, 5]
02-20 18:18:41.231  1754  2954 I Clocks  : LockClocks( cpu=2, gpu=3 ) - end (2.1 ms)
02-20 18:18:41.233   795   795 I SDM     : HWCDisplayBuiltIn::Validate: Validate +++ enable cac = 0
02-20 18:18:41.233   855  1052 E CalibrationProvider: loadCalibration(LDISP_SN) failed: Calibration store didn't load any info
02-20 18:18:41.233   870  1049 W TrackingService: attachClient: found client in attached list
02-20 18:18:41.233   855  1052 E CalibrationProvider: loadCalibration(RDISP_SN) failed: Calibration store didn't load any info
02-20 18:18:41.234   870  1049 D TrackingService: getSharedMemory: com.oculus.vrshell#3514, Controller
02-20 18:18:41.234  1909  2079 I OVRMediaService: onStartCommand Received message type: overlay_input_focus_change, caller package: com.oculus.vrshell, app identify: AppIdentity{uid=10020, packageNames=[com.oculus.vrshell], sha1=MxZgtt071YLz39PLrkVGckZooCE, sha2=3C-DTjwZQjeLFPB2yCzRq1nqZWa_9HMLIEfpjvyfna8, version=null, domain=null}
02-20 18:18:41.234  3514  9373 I chatty  : uid=10020(com.oculus.vrshell) OVRInput expire 5 lines
02-20 18:18:41.235  3456  3505 I VrRuntimeClient: Client has lost focus.
02-20 18:18:41.236  3456  3505 I OpenXR  : PostSessionStateChange: XR_SESSION_STATE_FOCUSED -> XR_SESSION_STATE_VISIBLE
02-20 18:18:41.237   855  1052 E CalibrationProvider: loadCalibration(LDISP_SN) failed: Calibration store didn't load any info
02-20 18:18:41.237   855  1052 E CalibrationProvider: loadCalibration(RDISP_SN) failed: Calibration store didn't load any info
02-20 18:18:41.237  1754  1780 I FocusedClientsListener: focus: onTopActivityChanged: com.oculus.shellenv
02-20 18:18:41.237  3456  3505 I Clay    : xrPollEvent: SESSION_STATE_CHANGED: VISIBLE
02-20 18:18:41.238  3089  3336 I [CT]    : MIXEDREALITY: MrServiceController: VrFocusManager::Top Activity Changed, topActivity now is: 'com.oculus.shellenv', immersiveApp now is: 'com.oculus.shellenv'.
02-20 18:18:41.238  1754  3674 I VrRuntimeService: RuntimeServiceSDKServer::EnableRendering: 0x0, 0, com.oculus.vrshell
02-20 18:18:41.238  1754  3674 I ClientMgr: EnableRendering2: invalid clientWindow, testing uid/pid
02-20 18:18:41.238  1754  3674 I ClientMgr: EnableRendering2: matched uid: 10020 and pid: 3514 
02-20 18:18:41.238  1754  3674 I ClientMgr: EnableRendering2: Calling SetFocusedClient: 3550645746
02-20 18:18:41.238  1754  3674 I ClientMgr: ClientMgr::SetFocusedClient: 3514:com.oculus.vrshell type 1
02-20 18:18:41.238  1754  3674 I ClientMgr: SetFocusedPackageName - packageName com.oculus.vrshell processName com.oculus.vrshell clientId 3550645746 clientPid 3514
02-20 18:18:41.238  1754  3674 I ClientMgr: ClientMgr::EnableRendering 3514:com.oculus.vrshell : type 1 comp-id 7: enable
02-20 18:18:41.238  1754  3674 I CompositorClientMgr: Enable client 7
02-20 18:18:41.238  1754  3674 I VrRuntimeServer: EnableCompositorClient client(7): layer placement(2147483647) flags(0) sm(0x7e9f168010)
02-20 18:18:41.238  1754  3674 I CompositorVR: CheckDebuggerConnected: debugger 0
02-20 18:18:41.238  1754  3674 I VrRuntimeServer: SysProp debug mode is disabled on Server side
02-20 18:18:41.238  1754  3674 I UnifiedTelemetryWrapper: Started UT session render:com.oculus.vrshell
02-20 18:18:41.239  3089  3781 I [CT]    : MIXEDREALITY: MrFeatureStatus: Client status changed from Paused to Started.
02-20 18:18:41.239  3089  3781 I [CT]    : MIXEDREALITY: MrFeatureStatus: Target status Started, CurrentStatus: Paused
02-20 18:18:41.239  3089  3781 I [CT]    : MIXEDREALITY: MrFeatureStatus: Operation chain: Start
02-20 18:18:41.239  3089  3781 I [CT]    : MIXEDREALITY: MrFeatureStatus: Global status changed from Paused to Started.
02-20 18:18:41.239  3089  3781 I [CT]    : MIXEDREALITY: MrServiceController: Queuing command linked to operation Start for feature 0
02-20 18:18:41.240  1909  2578 E OVRMediaServiceManager: LivestreamingManager Not initialized
02-20 18:18:41.241 25993 25993 W VRLifecycleManager: onHeadsetMounted
02-20 18:18:41.242  3514  9377 I chatty  : uid=10020(com.oculus.vrshell) OVR::Stats expire 2 lines
02-20 18:18:41.243   736   830 I audio_hw_primary: getting vr mode to 0
02-20 18:18:41.243  3089  3199 I [CT]    : MIXEDREALITY: MrServiceController: Executing passthroughStart on model
02-20 18:18:41.243  3089  3199 I [CT]    : MIXEDREALITY: MrServiceModel: passthroughStart()
02-20 18:18:41.243  3089  3199 I [CT]    : MIXEDREALITY: MrServiceModel: passthroughStart: Started Passthrough
02-20 18:18:41.244   756   987 I AudioPolicyManagerCustom: VR mode is 0, switch to primary output if request is for fast|raw
02-20 18:18:41.245   756   987 W AudioFlinger: createTrack_l(): mismatch between requested flags (00000104) and output flags (00000006)
02-20 18:18:41.245  1909  2079 I OVRMediaService: Received OVERLAY_INPUT_FOCUS_CHANGE. is focused: true
02-20 18:18:41.246   756   987 D AudioFlinger: Client defaulted notificationFrames to 192 for frameCount 384
02-20 18:18:41.250   756   987 D AF::TrackHandle: OpPlayAudio: track:144 uid:10020 pkg:com.oculus.vrshell usage:1 not muted
02-20 18:18:41.257  3089  3199 I [CT]    : MIXEDREALITY: MrServiceView: renderIteration: Nothing to render, hibernating the rendering thread since ID is off and no active PT layers.
02-20 18:18:41.257  3089  3199 I [CT]    : MIXEDREALITY: MrServiceModel: Hibernating caller (most likely rendering thread) due to commandQueue being empty.
02-20 18:18:41.257  3089  3199 I [CT]    : MIXEDREALITY: MrServiceView: renderIteration: Nothing to render, hibernating the rendering thread since ID is off and no active PT layers.
02-20 18:18:41.257  3089  3199 I [CT]    : MIXEDREALITY: MrServiceModel: Hibernating caller (most likely rendering thread) due to commandQueue being empty.
02-20 18:18:41.258  3514  9377 I Metrics : device name = Oculus Quest 2
02-20 18:18:41.258 25993  9379 E DeviceConfigVersionMapBuilder: Something went wrong when building version map.
02-20 18:18:41.258  1293  1293 V AvrcpMediaPlayerList: onPlaybackConfigChanged(): Configs list size=6
02-20 18:18:41.259 25993  9379 E DeviceConfigVersionMapBuilder: Something went wrong when building version map.
02-20 18:18:41.259  1754  7080 I Vsync   : Vsync 5882:  1 x 11.14 ms (71.82 Hz, at 9068.459)
02-20 18:18:41.260   736   830 D msm8974_platform: platform_split_snd_device: snd_device(2) num devices(1) new_snd_devices(0)
02-20 18:18:41.261  3514  9380 D         : PlayerBase::stop() from IPlayer
02-20 18:18:41.261  3514  9380 D AudioTrack: stop(126): called with 0 frames delivered
02-20 18:18:41.261  3514  3730 D [SEO] ShellApplication: requestAudioFocus, transientFocus=false
02-20 18:18:41.261  3514  3730 W AudioManager: Use of stream types is deprecated for operations other than volume control
02-20 18:18:41.261  3514  3730 W AudioManager: See the documentation of requestAudioFocus() for what to use instead with android.media.AudioAttributes to qualify your playback use case
02-20 18:18:41.261  1293  1293 V AvrcpMediaPlayerList: onPlaybackConfigChanged(): Configs list size=6
02-20 18:18:41.262  1293  1293 V AvrcpMediaPlayerList: onPlaybackConfigChanged(): Configs list size=6
02-20 18:18:41.262  1057  3185 I MediaFocusControl: requestAudioFocus() from uid/pid 10020/3514 clientId=android.media.AudioManager@7f53b83com.oculus.vrshell.ShellAudioFocusHandler@5de7100 callingPack=com.oculus.vrshell req=1 flags=0x0 sdk=29
02-20 18:18:41.263  2134  3085 I [OAO] ShellOverlayApp: 0xccd60b28 msg: overlayCommand:
02-20 18:18:41.263  2134  3085 I [OAO] ShellOverlayApp: command = topActivityChanged
02-20 18:18:41.263  2134  3085 I [OAO] ShellOverlayApp: topActivity = com.oculus.shellenv
02-20 18:18:41.263  2134  3085 I [OAO] ShellOverlayApp: Process_OverlayCommand command : topActivityChanged
02-20 18:18:41.263  2134  3085 I [OAO] ShellOverlayApp: Process_OverlayCommand unknown command received: topActivityChanged
02-20 18:18:41.263  1591  1591 D OculusNotificationListenerService: Notification posted: 0|android|0|com.android.server.wm.AlertWindowNotification - com.oculus.vrshell|1000
02-20 18:18:41.264  1057  3185 D PreferencesStoreManager: xros_audio_enable_background_audio_playback value retrieved from preference store: false
02-20 18:18:41.264  3514  3730 I [SEO] AudioSystem: Got audio focus : 1
02-20 18:18:41.264  3514  3730 I [SEO] EnvironmentManagerUtilities: Skipping entitlement check for sideloaded environment apk://com.environment.matrixloadingvoid/assets/scene.zip.
02-20 18:18:41.264  2980  3046 I GuardianSystem: [GuardianSystem::InitializeRuntimeEventHandlers] runtimeServiceSDKClient_.ForceShowGuardianEvent
02-20 18:18:41.264  3514  3730 I [SEO] LocalSpace: ResetNextFrame
02-20 18:18:41.265  3514  3730 I [SEO] SystemAssistant: OnModeChanged from ImmersiveAppFocused to FullShell
02-20 18:18:41.265  2980  3046 I GuardianSystem: ForceShowGuardian: false, 0.00
02-20 18:18:41.265  2980  3774 I VrGuardianService: GuardianSDKServer::OnShellVrModeChangeReq: enterVrMode: 1, isShell: 1
02-20 18:18:41.265  3514  3730 I [SEO] LocalSpace: EnterVrMode: Setting local pose state.
02-20 18:18:41.265  3514  3730 I OpenXR_Hands: ------------ xrGetHandMeshFB -----------
02-20 18:18:41.266  3514  3730 I OpenXR_Hands: ------------ xrGetHandMeshFB -----------
02-20 18:18:41.266  3514  3730 D VrRuntimeClient: loadDriverResource - resourceName: 'hand_left' 
02-20 18:18:41.268  1909  2372 E OVRMediaServiceManager: LivestreamingManager Not initialized
02-20 18:18:41.269  3514  3730 I OpenXR_Hands: ------------ xrGetHandMeshFB -----------
02-20 18:18:41.269  3514  3730 I OpenXR_Hands: ------------ xrGetHandMeshFB -----------
02-20 18:18:41.269  3514  3730 D VrRuntimeClient: loadDriverResource - resourceName: 'hand_left' 
02-20 18:18:41.271  2134  2134 D VrNotificationAnalytics: logNotificationPosted: key(0|android|0|com.android.server.wm.AlertWindowNotification - com.oculus.vrshell|1000), type(third_party), isToast(false)
02-20 18:18:41.272  2134  2134 I [OAO] VrNotificationListenerService: onNotificationPosted() - key = 0|android|0|com.android.server.wm.AlertWindowNotification - com.oculus.vrshell|1000, type = third_party, isToast = false, isBlocked with reason = true Blocked by does not contain all markers for a toast notification
02-20 18:18:41.272  3514  3730 I [SEO] ShellTransitionState: Logging ShellTransitionState to dumpsys: {"state":"Resuming frame loop","timeMillis":"9068471"}
02-20 18:18:41.272  3514  3730 I [SEO] LocalSpace: Reset - initialRawFromLocalPose: quat(-0.178615, -0.174785, -0.031626, 0.967754), translation(0.046639, -0.077217, -0.012262)
02-20 18:18:41.272  3514  3730 I [SEO] LocalSpace: Applying VRAPI Reorient, the reorient reason is 3
02-20 18:18:41.272  1754  3674 I VrRuntimeService: RuntimeServiceSDKServer::RecenterLocalSpace
02-20 18:18:41.272  1754  3674 I VrRuntimeService: RuntimeServiceSDKServer::RecenterLocalSpaceInternal
02-20 18:18:41.272  1754  3674 I VrRuntimeServer: UpdateLocalSpace: Src: 2, Version: 58, VersionUser: 0, RawFloorHeightOld: -1.417370, RawFloorHeightNew: -1.417370
02-20 18:18:41.274  3514  3730 I [SEO] PanelAppOSLifecycleNotificationManager: Sending frameState isForeground:0 to OS for app com.oculus.systemux/com.oculus.panelapp.anytimeui.AnytimeUIAndroidPanelService
02-20 18:18:41.275  3456  3505 I Clay    : xrPollEvent: REFERENCE_SPACE_CHANGE_PENDING
02-20 18:18:41.275  3456  3505 I Clay    : xrPollEvent: DISPLAY_REFRESH_RATE_CHANGED_FB: 72.000000 -> 90.000000
02-20 18:18:41.279   736   830 D msm8974_platform: platform_split_snd_device: snd_device(2) num devices(1) new_snd_devices(0)
02-20 18:18:41.279   736   830 D ACDB-LOADER: ACDB -> send_audvoltable
02-20 18:18:41.279   736   830 D ACDB-LOADER: ACDB -> ACDB_CMD_GET_AUDPROC_INSTANCE_GAIN_DEP_STEP_TABLE_SIZE
02-20 18:18:41.280   736   830 D         : Failed to fetch the lookup information of the device 0000000F 
02-20 18:18:41.280   736   830 D ACDB-LOADER: Error: ACDB_CMD_GET_AUDPROC_INSTANCE_GAIN_DEP_STEP_TABLE_SIZE Returned = -19
02-20 18:18:41.280   736   830 D ACDB-LOADER: ACDB -> ACDB_CMD_GET_AUDPROC_INSTANCE_GAIN_DEP_STEP_TABLE, vol index 11
02-20 18:18:41.280   736   830 D         : Failed to fetch the lookup information of the device 0000000F 
02-20 18:18:41.280   736   830 D ACDB-LOADER: Error: ACDB AudProc vol returned = -19
02-20 18:18:41.280   736   830 D ACDB-LOADER: ACDB -> AUDIO_SET_VOL_CAL cal type = 40
02-20 18:18:41.280  3514  3730 I [SEO] ShellEnvHomeController: copresence: received setCollisionShapes
02-20 18:18:41.280  3514  3730 I [SEO] ShellEnvHomeController: ShellEnvHomeController: received setAnchors
02-20 18:18:41.280  3514  3730 I VrRuntimeClient: UpdateEvents: HMT was mounted
02-20 18:18:41.280 25993  9379 E DeviceConfigVersionMapBuilder: Something went wrong when building version map.
02-20 18:18:41.281  3514  9382 I FenceChecker: FenceChecker::MainLoop - started
02-20 18:18:41.283 25993  9379 E DeviceConfigVersionMapBuilder: Something went wrong when building version map.
02-20 18:18:41.283  3514  3730 I OpenXR  : PostSessionStateChange: XR_SESSION_STATE_READY -> XR_SESSION_STATE_SYNCHRONIZED
02-20 18:18:41.283  3514  3730 I [SEO] VrPlatformOpenXr: xrPollEvent: received XR_TYPE_EVENT_DATA_MOUNT_STATE_CHANGED_FB event: isMounted 1
02-20 18:18:41.283  3514  3730 I OpenXR  : PostSessionStateChange: XR_SESSION_STATE_SYNCHRONIZED -> XR_SESSION_STATE_VISIBLE
02-20 18:18:41.283  3514  3730 I OpenXR  : PostSessionStateChange: XR_SESSION_STATE_VISIBLE -> XR_SESSION_STATE_FOCUSED
02-20 18:18:41.283  3514  3730 I [SEO] VrPlatformOpenXr: xrPollEvent: received XR_TYPE_EVENT_DATA_REFERENCE_SPACE_CHANGE_PENDING event
02-20 18:18:41.283  3514  3730 I [SEO] VrPlatformOpenXr: xrPollEvent: received XR_TYPE_EVENT_DATA_DISPLAY_REFRESH_RATE_CHANGED_FB event: fromRate 72.000000 -> toRate 90.000000
02-20 18:18:41.283  3514  3730 I [SEO] VrPlatformOpenXr: xrPollEvent: received XR_TYPE_EVENT_DATA_SESSION_STATE_CHANGED: 3 for session 0x2 at time 9068.483118
02-20 18:18:41.283  3514  3730 I [SEO] VrPlatformOpenXr: Session state changed XR_SESSION_STATE_SYNCHRONIZED
02-20 18:18:41.283  3514  3730 I [SEO] VrPlatformOpenXr: xrPollEvent: received XR_TYPE_EVENT_DATA_SESSION_STATE_CHANGED: 4 for session 0x2 at time 9068.483179
02-20 18:18:41.283  3514  3730 I [SEO] VrPlatformOpenXr: Session state changed XR_SESSION_STATE_VISIBLE
02-20 18:18:41.283  3514  3730 I [SEO] VrPlatformOpenXr: xrPollEvent: received XR_TYPE_EVENT_DATA_SESSION_STATE_CHANGED: 5 for session 0x2 at time 9068.483191
02-20 18:18:41.283  3514  3730 I [SEO] VrPlatformOpenXr: Session state changed XR_SESSION_STATE_FOCUSED
02-20 18:18:41.283 25993  9379 E DeviceConfigVersionMapBuilder: Something went wrong when building version map.
02-20 18:18:41.288 25993  9379 I chatty  : uid=10046(com.oculus.socialplatform) OkHttp Dispatch identical 15 lines
02-20 18:18:41.290 25993  9379 E DeviceConfigVersionMapBuilder: Something went wrong when building version map.
02-20 18:18:41.292  3514  3730 I [SEO] ShellApp: HMD Mount State Changed - mounted - duration in prior state 203.798745s
02-20 18:18:41.292  3514  3730 I [SEO] LocalSpace: ResetNextFrame
02-20 18:18:41.292  3514  3730 I [SEO] ShellEnvHomeController: copresence: processing currentCollisionShapes
02-20 18:18:41.292  3514  3730 I [SEO] ShellEnvHomeController: ShellEnvHomeController: processing 1 anchors
02-20 18:18:41.292  3514  3730 I [SEO] ShellEnvHomeController: Theaterscreen transform node set for the env size x: 4.660000, y: 2.621250
02-20 18:18:41.293  3514  3730 I [SEO] LocalSpace: New Space: quat(-0.052158, -0.000638, -0.012222, 0.998564), translation(0.000000, 1.381156, 0.000000) - Prior Space: quat(-0.181392, 0.000119, 0.000646, 0.983411), translation(0.000000, 1.340153, 0.000000)
02-20 18:18:41.293  3514  3730 I [SEO] LocalSpace: Local space version from 53 to 54, local space user version from 0 to 0.
02-20 18:18:41.293  3514  3730 I [SEO] GuardianController: GetShellGuardianState: DORMANT
02-20 18:18:41.293  3514  3730 I [SEO] SystemTaskBar: Create PanelApp
02-20 18:18:41.293  3514  3730 I [SEO] PanelAppLaunchInfo: PanelAppLaunchInfo componentString:com.oculus.systemux/com.oculus.panelapp.anytimeui.AnytimeUIAndroidPanelService packageName:com.oculus.systemux serviceName:com.oculus.panelapp.anytimeui.AnytimeUIAndroidPanelService componentName:com.oculus.systemux/com.oculus.panelapp.anytimeui.AnytimeUIAndroidPanelService
02-20 18:18:41.293  3514  3730 I [SEO] HostPlatform: Retrieving component launch information for package (com.oculus.systemux) and service (com.oculus.panelapp.anytimeui.AnytimeUIAndroidPanelService)
02-20 18:18:41.295  3514  3730 I [SEO] HostPlatform: Is valid panel service component for package (com.oculus.systemux) and service (com.oculus.panelapp.anytimeui.AnytimeUIAndroidPanelService) - true
02-20 18:18:41.295  3514  3730 I [SEO] ShellApp: CreatePanelApp( com.oculus.systemux/com.oculus.panelapp.anytimeui.AnytimeUIAndroidPanelService )
02-20 18:18:41.295  3514  3730 I [SEO] ShellApp: Environment:
02-20 18:18:41.295  3514  3730 I [SEO] PanelAppHost: PanelAppHost constructor, panel 47 (com.oculus.systemux/com.oculus.panelapp.anytimeui.AnytimeUIAndroidPanelService)
02-20 18:18:41.295  3514  3730 I [SEO] PanelAppHost: Panel app 47 (com.oculus.systemux/com.oculus.panelapp.anytimeui.AnytimeUIAndroidPanelService) changing state from startup to foreground
02-20 18:18:41.296 25993  9379 E DeviceConfigVersionMapBuilder: Something went wrong when building version map.
02-20 18:18:41.296  3514  3730 I [SEO] PanelAppHost: Passing env var _oc_analytics_session_id = e27e3456-8861-42e8-ab00-8a07a1d32120
02-20 18:18:41.296  3514  3730 I [SEO] PanelAppHost: Passing env var _oc_userid = 106765628877334
02-20 18:18:41.296  3514  3730 I [SEO] PanelAppHost: Passing env var _oc_shell_version_name = 49.0.0.207.358
02-20 18:18:41.296  3514  3730 I [SEO] PanelAppHost: Passing env var _oc_shell_version_code = 445158841
02-20 18:18:41.296  3514  3730 I [SEO] PanelAppHost: Passing env var _oc_shell_automation_enabled = false
02-20 18:18:41.296  3514  3730 I [SEO] PanelAppHost: Passing env var _oc_shell_view_id_debugging_enabled = false
02-20 18:18:41.297  3514  3730 I [SEO] PanelAppHost: Passing env var _oc_shell_pixel_density = 20
02-20 18:18:41.297  3514  3730 I [SEO] PanelAppHost: Passing env var _oc_shell_render_scale = 1.250000
02-20 18:18:41.297  3514  3730 I [SEO] PanelAppHost: Passing env var _oc_shell_ux_policy = {"panelBackgroundLayerOriginDepths":{"far":0.2,"mid":0.1,"near":0.015}}
02-20 18:18:41.297  3514  3730 I [SEO] PanelAppHost: Passing env var _oc_shell_panel_session_id = e27e3456-8861-42e8-ab00-8a07a1d32120-47
02-20 18:18:41.297  3514  3730 I [SEO] PanelAppHost: Passing env var _oc_shell_valid_panel_session_ids = ["e27e3456-8861-42e8-ab00-8a07a1d32120-47"]
02-20 18:18:41.297  3514  3730 I [SEO] PanelAppHost: Passing env var _oc_shell_back_navigation_enabled = false
02-20 18:18:41.297  3514  3730 I [SEO] PanelAppHost: Passing env var _oc_shell_feature_sets = appmenu-v1,appmenu-v2,cooperativeState-v2,destinationUi-v2,dragDrop-v1,layerClipping-v1,layerClipping-v2,layerOptions-v1,layerParent-v1,layerTranslate-v1,multiapp-v1,multiapp-v2,multiapp-v3,multitasking-v1,shellPanelAdaptability-v1,systemActionBackgroundPanels-v1,systemThemeSetting-v1,system-reauth-v1,system-ux-file-picker-v1,vrNotificationsBootLoad-v1,theaterScreen,theaterScreen-v2,recoverInstances-v1,systemThemeSetting-v2,controlBar-v1,copresence-v1,copresenceVersion-v1,vrLibraryAppLock-v1,dragToDesktop-v1
02-20 18:18:41.297  3514  3730 I [SEO] PanelAppHost: Passing env var _oc_launch_timestamp = 9068495
02-20 18:18:41.297  3514  3730 I [SEO] PanelAppHost: Passing env var _oc_shell_host = vrshell
02-20 18:18:41.297  3514  3730 I [SEO] PanelAppHost: Passing env var _oc_shell_panel_id = 47
02-20 18:18:41.297  3514  3730 I [SEO] PanelAppHost: Calling sendPanelLaunchIntent for panel app 47 (com.oculus.systemux/com.oculus.panelapp.anytimeui.AnytimeUIAndroidPanelService)
02-20 18:18:41.297  3514  3730 D [SEO] ShellApplication: sendApkPanelLaunchIntent: packageName=com.oculus.systemux, serviceClassName=com.oculus.panelapp.anytimeui.AnytimeUIAndroidPanelService
02-20 18:18:41.297 25993  9379 E DeviceConfigVersionMapBuilder: Something went wrong when building version map.
02-20 18:18:41.297 25993  9379 E DeviceConfigVersionMapBuilder: Something went wrong when building version map.
02-20 18:18:41.298  3514  3730 D [SEO] PanelAppConnection: getSystemProcessUidForCurrentUser: 'android' systemUid = 1000
02-20 18:18:41.298  3514  3730 D [SEO] ShellApplication: bindService Intent { cmp=com.oculus.systemux/com.oculus.panelapp.anytimeui.AnytimeUIAndroidPanelService }
02-20 18:18:41.298 25993  9379 E DeviceConfigVersionMapBuilder: Something went wrong when building version map.
02-20 18:18:41.299 25993  9379 E DeviceConfigVersionMapBuilder: Something went wrong when building version map.
02-20 18:18:41.300  3514  3730 D [SEO] ShellApplication: notify OS to set com.oculus.systemux/com.oculus.panelapp.anytimeui.AnytimeUIAndroidPanelService to FOREGROUND
02-20 18:18:41.302  3514  3730 E TREX    : Interface version 1 was not found. Check debug build for more information.
02-20 18:18:41.302  1754 26573 I FocusedClientsListener: focus: onVrFocusChanged(focusType=2): 1
02-20 18:18:41.302  1754 26573 I FocusedClientsListener: focus: pid=3456
02-20 18:18:41.302  3514  3730 I ClientInputTrackedKeyboardManager: TRACKEDKEYBOARD created PTKServiceClient
02-20 18:18:41.302  3514  3730 I PTKService: PTKServiceClient Init
02-20 18:18:41.302  3514  3730 I ipcLoader [RUNTIMEIPC]: RuntimeIPC: Loader: IPC Service API Loader Version: 37 Feb  7 2023 02:15:39
02-20 18:18:41.302  3514  3730 I RuntimeIPCApi [RUNTIMEIPC]: ipc_Initialize
02-20 18:18:41.302  3514  3730 I RuntimeIPCServiceClient [RUNTIMEIPC]: Init: Already initialized: com.oculus.vrshell, 18
02-20 18:18:41.302  1754  1780 I FocusedClientsListener: focus: onVrFocusChanged(focusType=0): 5
02-20 18:18:41.302  1754  1780 I FocusedClientsListener: focus: pid=3456
02-20 18:18:41.302  1754  1780 I FocusedClientsListener: focus: pid=2134
02-20 18:18:41.302  1754  1780 I FocusedClientsListener: focus: pid=3514
02-20 18:18:41.302  1754  1780 I FocusedClientsListener: focus: pid=3089
02-20 18:18:41.302  1754  1780 I FocusedClientsListener: focus: pid=2980
02-20 18:18:41.302  1754  1778 I FocusedClientsListener: focus: onVrFocusChanged(focusType=1): 5
02-20 18:18:41.302  1754  1778 I FocusedClientsListener: focus: pid=3456
02-20 18:18:41.302  1754  1778 I FocusedClientsListener: focus: pid=2134
02-20 18:18:41.302  1754  1778 I FocusedClientsListener: focus: pid=3514
02-20 18:18:41.302  1754  1778 I FocusedClientsListener: focus: pid=3089
02-20 18:18:41.302  1754  1778 I FocusedClientsListener: focus: pid=2980
02-20 18:18:41.304  2980  3046 I GuardianSystem: [GuardianSystem::UpdateSystem] Responding to local space version number change.
02-20 18:18:41.305  3514  3730 I RuntimeIPCClient [RUNTIMEIPC]: ConnectToServer: SUCCESS: Client: com.oculus.vrshell:com.oculus.vrshell:3514, Server: com.oculus.vrshell:com.oculus.vrshell:Overlay (ptkserviceserver)
02-20 18:18:41.306  2134  2134 I [OAO] ShellOverlayService: onStartCommand(): Intent { cmp=com.oculus.vrshell/.ShellOverlayService }
02-20 18:18:41.307  3514  3730 I [SEO] InputManager: Adding hand deviceId = 4
02-20 18:18:41.307  3514  3730 I [SEO] ShaderCache: ShaderCache::ShaderCache()
02-20 18:18:41.308  3514  3730 I [SEO] ShaderCache: ShaderCache::compiling PBR shader for featureMask 576
02-20 18:18:41.309  3514  3730 I [SEO] ShaderCache: ShaderCache::ShaderCache()
02-20 18:18:41.310  3514  3730 I [SEO] ShaderCache: ShaderCache::compiling PBR shader for featureMask 576
02-20 18:18:41.312  3514  3730 I [SEO] InputManager: Adding hand deviceId = 3
02-20 18:18:41.312  3514  3730 I [SEO] ShaderCache: ShaderCache::ShaderCache()
02-20 18:18:41.313  2134  3085 I [OAO] VrPlatformOpenXr: xrPollEvent: received XR_TYPE_EVENT_DATA_REFERENCE_SPACE_CHANGE_PENDING event
02-20 18:18:41.313  2134  3085 I [OAO] VrPlatformOpenXr: xrPollEvent: received XR_TYPE_EVENT_DATA_DISPLAY_REFRESH_RATE_CHANGED_FB event: fromRate 72.000000 -> toRate 90.000000
02-20 18:18:41.313  3514  3730 I [SEO] ShaderCache: ShaderCache::compiling PBR shader for featureMask 576
02-20 18:18:41.314  3514  3730 I [SEO] ShaderCache: ShaderCache::ShaderCache()
02-20 18:18:41.315  3514  3730 I [SEO] ShaderCache: ShaderCache::compiling PBR shader for featureMask 576
02-20 18:18:41.317  3514  3730 I [SEO] InputManager: Adding controller deviceId = 2
02-20 18:18:41.318  3514  3730 I [SEO] ModelCache: Load controller model
02-20 18:18:41.318  3514  3730 I [SEO] InputManager: Adding controller deviceId = 1
02-20 18:18:41.319  3514  3730 I [SEO] ModelCache: Load controller model
02-20 18:18:41.319  3514  3730 I [SEO] LegacyInteractionRouter: New cursor trace source: 1
02-20 18:18:41.319  3514  3730 I [SEO] InputManager: Switching primary device (id -1 to 2).
02-20 18:18:41.319  3514  3730 I [SEO] InputManager: Switching secondary device (id to 1).
02-20 18:18:41.319  2980  3774 I VrGuardianService: GuardianSDKServer::SetActiveHand
02-20 18:18:41.319  3514  3730 I [SEO] SystemUXControllerHelper: OnReorient(reason: 3)
02-20 18:18:41.320  3514  3730 I [SEO] TelemetryProvider: aui_reorient system 0 0 0 com.oculus.shellenv
02-20 18:18:41.320  3514  3730 I [SEO] PanelAppOSLifecycleNotificationManager: Sending frameState isForeground:1 to OS for app com.oculus.systemux/com.oculus.panelapp.anytimeui.AnytimeUIAndroidPanelService
02-20 18:18:41.321  3514  3730 I [SEO] ShellFrameAnalytics: Shell Heartbeat focusedPanelTimeSpent: {"0":22} visibleTimeSpent: {} inputTimeSpent: {"controller":22} inputClickCount: {} mouseMoveTimeSpent: 0 mouseScrollTimeSpent: 0 physicalKeyboardConnectedTimeSpent: 0 physicalKeyboardTrackedTimeSpent: 0 quickActionsMenuActivations: 0 quickActionsMenuTimeSpent: 0 quickActionsMenuSessionLengths: [] quickActionsMenuSelections: {} handTrackingOptIn: 0 handTrackingAutoTransition: 1
02-20 18:18:41.321  3514  3730 I [SEO] LocalSpace: Reset - initialRawFromLocalPose: quat(-0.042806, -0.403102, -0.032210, 0.913586), translation(-0.024242, -0.036214, 0.104436)
02-20 18:18:41.321  3514  3730 I [SEO] LocalSpace: Applying VRAPI Reorient, the reorient reason is 3
02-20 18:18:41.321  1754  3674 I VrRuntimeService: RuntimeServiceSDKServer::RecenterLocalSpace
02-20 18:18:41.321  1754  3674 I VrRuntimeService: RuntimeServiceSDKServer::RecenterLocalSpaceInternal
02-20 18:18:41.321  1754  3674 I VrRuntimeServer: UpdateLocalSpace: Src: 2, Version: 59, VersionUser: 0, RawFloorHeightOld: -1.417370, RawFloorHeightNew: -1.417370
02-20 18:18:41.321  3456  3505 I Clay    : EnvironmentSystem: setCurrentEnvironment from '' to 'apk://com.environment.matrixloadingvoid/assets/scene.zip'. Computed visibility: Hidden (reason: LayerRendering)
02-20 18:18:41.321  3456  3505 I Clay    : OpenXR: set refresh-rate: 90.000000Hz
02-20 18:18:41.321  3456  3505 I Clay    : xrPollEvent: REFERENCE_SPACE_CHANGE_PENDING
02-20 18:18:41.327  3456  3505 E TREX    : Interface version 1 was not found. Check debug build for more information.
02-20 18:18:41.327  3456  3505 I Clay    : EnvironmentSystem: computed visibility changed from Hidden to Visible (reason: <none>)
02-20 18:18:41.327  3456  3505 I Clay    : EnvironmentSystem: Loading 'apk://com.environment.matrixloadingvoid/assets/scene.zip' as asset package
02-20 18:18:41.327  3514  3730 I [SEO] VrPlatformOpenXr: xrPollEvent: received XR_TYPE_EVENT_DATA_REFERENCE_SPACE_CHANGE_PENDING event
02-20 18:18:41.329  3456  3518 W Clay    : EnvironmentSystem: Couldn't open markup for package 'com.environment.matrixloadingvoid/assets/scene.zip'
02-20 18:18:41.337  3514  3730 I [SEO] LocalSpace: New Space: quat(-0.052027, -0.000628, -0.012048, 0.998573), translation(0.000000, 1.381138, 0.000000) - Prior Space: quat(-0.052027, -0.000628, -0.012048, 0.998573), translation(0.000000, 1.381138, 0.000000)
02-20 18:18:41.337  3514  3730 I [SEO] LocalSpace: Local space version from 54 to 55, local space user version from 0 to 0.
02-20 18:18:41.338  3514  3730 I [SEO] SystemUXControllerHelper: OnReorient(reason: 3)
02-20 18:18:41.338  3514  3730 I [SEO] TelemetryProvider: aui_reorient system 0 0 0 com.oculus.shellenv
02-20 18:18:41.339  3514  3730 I [SEO] ShellEnvHomeController: copresence: received setCollisionShapes
02-20 18:18:41.345  2980  3046 I GuardianSystem: [GuardianSystem::UpdateSystem] Responding to local space version number change.
02-20 18:18:41.345  1754  7080 I CompositorVR: SetSchedFifo( tid=3199, pol=2, pri=0 ) succeeded
02-20 18:18:41.349  3514  3730 I [SEO] ShellEnvHomeController: copresence: processing currentCollisionShapes
02-20 18:18:41.363  2134  3085 I [OAO] VrPlatformOpenXr: xrPollEvent: received XR_TYPE_EVENT_DATA_REFERENCE_SPACE_CHANGE_PENDING event
02-20 18:18:41.454  3456  3505 I Clay    : EnvironmentSystem::update: setting scene background audio for scene zip 'apk://com.environment.matrixloadingvoid/assets/scene.zip'
02-20 18:18:41.454  3456  3505 I Clay    : EnvironmentAudioSystem::setSceneBackgroundLoop: set scene audio: apk://com.environment.matrixloadingvoid/assets/scene.zip
02-20 18:18:41.454  3456  3505 W Clay    : MarkupModule: Received empty markup from requested environment 'apk://com.environment.matrixloadingvoid/assets/scene.zip'
02-20 18:18:41.454  3456  3505 I Clay    : EnvironmentSystem: Scene loaded
02-20 18:18:41.455  3456  3505 I Clay    : SharedHomeSystem::_onEnvironmentActivated
02-20 18:18:41.457  3456  3505 I Clay    : SharedHomeSystem::_updateAnchors
02-20 18:18:41.474  3514  3730 I [SEO] ShellEnvHomeController: copresence: received setCollisionShapes
02-20 18:18:41.474  3514  3730 I [SEO] ShellEnvHomeController: ShellEnvHomeController: received setAnchors
02-20 18:18:41.475  3514  3730 I [SEO] ShellEnvHomeController: copresence: processing currentCollisionShapes
02-20 18:18:41.475  3514  3730 I [SEO] ShellEnvHomeController: ShellEnvHomeController: processing 1 anchors
02-20 18:18:41.475  3514  3730 I [SEO] ShellEnvHomeController: Theaterscreen transform node set for the env size x: 4.660000, y: 2.621250
02-20 18:18:41.484  3456  9398 D CCodec  : allocate(c2.android.vorbis.decoder)
02-20 18:18:41.484   853  8250 V C2Store : in init
02-20 18:18:41.485   853  8250 V C2Store : loading dll
02-20 18:18:41.492  3456  9398 I CCodec  : Created component [c2.android.vorbis.decoder]
02-20 18:18:41.492  3456  9398 D CCodecConfig: read media type: audio/vorbis
02-20 18:18:41.495  3456  9398 D ReflectedParamUpdater: extent() != 1 for single value type: algo.buffers.max-count.values
02-20 18:18:41.495  3456  9398 D ReflectedParamUpdater: extent() != 1 for single value type: output.subscribed-indices.values
02-20 18:18:41.495  3456  9398 D ReflectedParamUpdater: extent() != 1 for single value type: input.buffers.allocator-ids.values
02-20 18:18:41.496  3456  9398 D ReflectedParamUpdater: extent() != 1 for single value type: output.buffers.allocator-ids.values
02-20 18:18:41.496  3456  9398 D ReflectedParamUpdater: extent() != 1 for single value type: algo.buffers.allocator-ids.values
02-20 18:18:41.496  3456  9398 D ReflectedParamUpdater: extent() != 1 for single value type: output.buffers.pool-ids.values
02-20 18:18:41.496  3456  9398 D ReflectedParamUpdater: extent() != 1 for single value type: algo.buffers.pool-ids.values
02-20 18:18:41.496  3456  9398 I CCodecConfig: query failed after returning 7 values (BAD_INDEX)
02-20 18:18:41.496  3456  9398 D CCodecConfig: c2 config diff is Dict {
02-20 18:18:41.496  3456  9398 D CCodecConfig:   c2::u32 coded.bitrate.value = 64000
02-20 18:18:41.496  3456  9398 D CCodecConfig:   c2::u32 input.buffers.max-size.value = 32768
02-20 18:18:41.496  3456  9398 D CCodecConfig:   c2::u32 input.delay.value = 0
02-20 18:18:41.496  3456  9398 D CCodecConfig:   string input.media-type.value = "audio/vorbis"
02-20 18:18:41.496  3456  9398 D CCodecConfig:   string output.media-type.value = "audio/raw"
02-20 18:18:41.496  3456  9398 D CCodecConfig:   c2::u32 raw.channel-count.value = 1
02-20 18:18:41.496  3456  9398 D CCodecConfig:   c2::u32 raw.sample-rate.value = 48000
02-20 18:18:41.496  3456  9398 D CCodecConfig: }
02-20 18:18:41.497  3456  9398 D CCodecConfig: no c2 equivalents for durationUs
02-20 18:18:41.497  3456  9398 D CCodecConfig: no c2 equivalents for csd-1
02-20 18:18:41.497  3456  9398 D CCodecConfig: no c2 equivalents for track-id
02-20 18:18:41.497  3456  9398 D CCodecConfig: no c2 equivalents for channel-mask
02-20 18:18:41.497  3456  9398 D CCodecConfig: c2 config diff is   c2::u32 raw.channel-count.value = 2
02-20 18:18:41.497  3456  9398 D CCodecConfig:   c2::u32 raw.sample-rate.value = 44100
02-20 18:18:41.497  3456  9398 W Codec2Client: query -- param skipped: index = 1107298332.
02-20 18:18:41.497  3456  9398 D CCodec  : setup formats input: AMessage(what = 0x00000000) = {
02-20 18:18:41.497  3456  9398 D CCodec  :   int32_t channel-count = 2
02-20 18:18:41.497  3456  9398 D CCodec  :   int32_t max-input-size = 32768
02-20 18:18:41.497  3456  9398 D CCodec  :   string mime = "audio/vorbis"
02-20 18:18:41.497  3456  9398 D CCodec  :   int32_t sample-rate = 44100
02-20 18:18:41.497  3456  9398 D CCodec  : } and output: AMessage(what = 0x00000000) = {
02-20 18:18:41.497  3456  9398 D CCodec  :   int32_t channel-count = 2
02-20 18:18:41.497  3456  9398 D CCodec  :   string mime = "audio/raw"
02-20 18:18:41.497  3456  9398 D CCodec  :   int32_t sample-rate = 44100
02-20 18:18:41.497  3456  9398 D CCodec  :   int32_t channel-mask = 3
02-20 18:18:41.497  3456  9398 D CCodec  : }
02-20 18:18:41.500   853  3968 V C2Store : in ~ComponentModule
02-20 18:18:41.500   853  3968 V C2Store : unloading dll
02-20 18:18:41.508 25993  9401 E DeviceConfigVersionMapBuilder: Something went wrong when building version map.
02-20 18:18:41.514 25993  9401 I chatty  : uid=10046(com.oculus.socialplatform) OkHttp Dispatch identical 12 lines
02-20 18:18:41.515 25993  9401 E DeviceConfigVersionMapBuilder: Something went wrong when building version map.
02-20 18:18:41.516 26436  9406 I chatty  : uid=10026 com.oculus.systemux:SystemUX expire 1 line
02-20 18:18:41.516 25993  9401 E DeviceConfigVersionMapBuilder: Something went wrong when building version map.
02-20 18:18:41.516 25993  9401 E DeviceConfigVersionMapBuilder: Something went wrong when building version map.
02-20 18:18:41.519 25993  9401 E DeviceConfigVersionMapBuilder: Something went wrong when building version map.
02-20 18:18:41.520   756   987 D AF::RecordHandle: OpRecordAudio: track:143 uid:10032 pkg:com.oculus.horizon usage:0 not muted
02-20 18:18:41.521 25993  9401 E DeviceConfigVersionMapBuilder: Something went wrong when building version map.
02-20 18:18:41.522 25993  9401 E DeviceConfigVersionMapBuilder: Something went wrong when building version map.
02-20 18:18:41.522   756  1723 D AF::RecordHandle: OpRecordAudio: track:58 uid:10014 pkg:com.oculus.shellenv usage:0 not muted
02-20 18:18:41.523 25993  9401 E DeviceConfigVersionMapBuilder: Something went wrong when building version map.
02-20 18:18:41.528 25993  9401 E DeviceConfigVersionMapBuilder: Something went wrong when building version map.
02-20 18:18:41.532 25993  9401 E DeviceConfigVersionMapBuilder: Something went wrong when building version map.
02-20 18:18:41.533 25993  9401 E DeviceConfigVersionMapBuilder: Something went wrong when building version map.
02-20 18:18:41.534 25993  9401 E DeviceConfigVersionMapBuilder: Something went wrong when building version map.
02-20 18:18:41.537 25993  9401 E DeviceConfigVersionMapBuilder: Something went wrong when building version map.
02-20 18:18:41.538 25993  9401 E DeviceConfigVersionMapBuilder: Something went wrong when building version map.
02-20 18:18:41.540  3456  9415 D CCodec  : allocate(c2.android.vorbis.decoder)
02-20 18:18:41.540   853  3968 V C2Store : in init
02-20 18:18:41.540   853  3968 V C2Store : loading dll
02-20 18:18:41.543  3456  9415 I CCodec  : Created component [c2.android.vorbis.decoder]
02-20 18:18:41.543  3456  9415 D CCodecConfig: read media type: audio/vorbis
02-20 18:18:41.544  3456  9415 D ReflectedParamUpdater: extent() != 1 for single value type: algo.buffers.max-count.values
02-20 18:18:41.544  3456  9415 D ReflectedParamUpdater: extent() != 1 for single value type: output.subscribed-indices.values
02-20 18:18:41.544  3456  9415 D ReflectedParamUpdater: extent() != 1 for single value type: input.buffers.allocator-ids.values
02-20 18:18:41.544  3456  9415 D ReflectedParamUpdater: extent() != 1 for single value type: output.buffers.allocator-ids.values
02-20 18:18:41.544  3456  9415 D ReflectedParamUpdater: extent() != 1 for single value type: algo.buffers.allocator-ids.values
02-20 18:18:41.544  3456  9415 D ReflectedParamUpdater: extent() != 1 for single value type: output.buffers.pool-ids.values
02-20 18:18:41.544  3456  9415 D ReflectedParamUpdater: extent() != 1 for single value type: algo.buffers.pool-ids.values
02-20 18:18:41.545  3456  9415 I CCodecConfig: query failed after returning 7 values (BAD_INDEX)
02-20 18:18:41.545  3456  9415 D CCodecConfig: c2 config diff is Dict {
02-20 18:18:41.545  3456  9415 D CCodecConfig:   c2::u32 coded.bitrate.value = 64000
02-20 18:18:41.545  3456  9415 D CCodecConfig:   c2::u32 input.buffers.max-size.value = 32768
02-20 18:18:41.545  3456  9415 D CCodecConfig:   c2::u32 input.delay.value = 0
02-20 18:18:41.545  3456  9415 D CCodecConfig:   string input.media-type.value = "audio/vorbis"
02-20 18:18:41.545  3456  9415 D CCodecConfig:   string output.media-type.value = "audio/raw"
02-20 18:18:41.545  3456  9415 D CCodecConfig:   c2::u32 raw.channel-count.value = 1
02-20 18:18:41.545  3456  9415 D CCodecConfig:   c2::u32 raw.sample-rate.value = 48000
02-20 18:18:41.545  3456  9415 D CCodecConfig: }
02-20 18:18:41.546  3456  9415 D CCodecConfig: no c2 equivalents for durationUs
02-20 18:18:41.546  3456  9415 D CCodecConfig: no c2 equivalents for csd-1
02-20 18:18:41.546  3456  9415 D CCodecConfig: no c2 equivalents for track-id
02-20 18:18:41.546  3456  9415 D CCodecConfig: no c2 equivalents for channel-mask
02-20 18:18:41.546  3456  9415 D CCodecConfig: c2 config diff is   c2::u32 raw.channel-count.value = 2
02-20 18:18:41.546  3456  9415 D CCodecConfig:   c2::u32 raw.sample-rate.value = 44100
02-20 18:18:41.546  3456  9415 W Codec2Client: query -- param skipped: index = 1107298332.
02-20 18:18:41.546  3456  9415 D CCodec  : setup formats input: AMessage(what = 0x00000000) = {
02-20 18:18:41.546  3456  9415 D CCodec  :   int32_t channel-count = 2
02-20 18:18:41.546  3456  9415 D CCodec  :   int32_t max-input-size = 32768
02-20 18:18:41.546  3456  9415 D CCodec  :   string mime = "audio/vorbis"
02-20 18:18:41.546  3456  9415 D CCodec  :   int32_t sample-rate = 44100
02-20 18:18:41.546  3456  9415 D CCodec  : } and output: AMessage(what = 0x00000000) = {
02-20 18:18:41.546  3456  9415 D CCodec  :   int32_t channel-count = 2
02-20 18:18:41.546  3456  9415 D CCodec  :   string mime = "audio/raw"
02-20 18:18:41.546  3456  9415 D CCodec  :   int32_t sample-rate = 44100
02-20 18:18:41.546  3456  9415 D CCodec  :   int32_t channel-mask = 3
02-20 18:18:41.546  3456  9415 D CCodec  : }
02-20 18:18:41.549  3456  9415 W Codec2Client: query -- param skipped: index = 1342179345.
02-20 18:18:41.549  3456  9415 W Codec2Client: query -- param skipped: index = 2415921170.
02-20 18:18:41.550  3456  9415 D CCodecBufferChannel: [c2.android.vorbis.decoder#970] Created input block pool with allocatorID 16 => poolID 79 - OK (0)
02-20 18:18:41.550   853  4242 D BufferPoolAccessor: bufferpool2 0x348e71b430 : 0(0 size) total buffers - 0(0 size) used buffers - 11/13 (recycle/alloc) - 2/12 (fetch/transfer)
02-20 18:18:41.550   853  4242 D BufferPoolAccessor: Destruction - bufferpool2 0x348e71b430 cached: 0/0M, 0/0% in use; allocs: 13, 85% recycled; transfers: 12, 83% unfetced
02-20 18:18:41.550   853  8250 D BufferPoolAccessor: bufferpool2 0x348e71be30 : 0(0 size) total buffers - 0(0 size) used buffers - 62/64 (recycle/alloc) - 2/62 (fetch/transfer)
02-20 18:18:41.550   853  8250 D BufferPoolAccessor: Destruction - bufferpool2 0x348e71be30 cached: 0/0M, 0/0% in use; allocs: 64, 97% recycled; transfers: 62, 97% unfetced
02-20 18:18:41.551 26436 26526 I chatty  : uid=10026(com.oculus.systemux) HwBinder:26436_ expire 2 lines
02-20 18:18:41.551 26436  7258 I chatty  : uid=10026 com.oculus.systemux:SystemUX expire 10 lines
02-20 18:18:41.551  2324  2347 I RPCServer [RUNTIMEIPC]: HandleClientDisconnect: Client: com.oculus.systemux:com.oculus.systemux:SystemUX:26436, Server: com.oculus.presence:com.oculus.presence (PresenceServer)
02-20 18:18:41.551  3456  9415 I CCodecBufferChannel: [c2.android.vorbis.decoder#970] Created output block pool with allocatorID 16 => poolID 137 - OK
02-20 18:18:41.551  3456  9415 D CCodecBufferChannel: [c2.android.vorbis.decoder#970] Configured output block pool ids 137 => OK
02-20 18:18:41.552  2324  2347 I RPCServer [RUNTIMEIPC]: HandleClientDisconnect: Client: com.oculus.systemux:com.oculus.systemux:SystemUX:26436, Server: com.oculus.presence:com.oculus.presence (PubSubServer)
02-20 18:18:41.552   821  1327 D BufferPoolAccessor: bufferpool2 0xf3395910 : 0(0 size) total buffers - 0(0 size) used buffers - 8/19 (recycle/alloc) - 10/30 (fetch/transfer)
02-20 18:18:41.552   821  1327 D BufferPoolAccessor: Destruction - bufferpool2 0xf3395910 cached: 0/0M, 0/0% in use; allocs: 19, 42% recycled; transfers: 30, 67% unfetced
02-20 18:18:41.555   853  9416 D SimpleC2Component: Using output block pool with poolID 137 => got 137 - 0
02-20 18:18:41.559  3456  9415 D CCodecBufferChannel: [c2.android.vorbis.decoder#970] Discard frames from previous generation.
02-20 18:18:41.564  3456  9415 D CCodecBufferChannel: [c2.android.vorbis.decoder#970] Discard frames from previous generation.
02-20 18:18:41.565  1057  1073 I DisplayManagerService: Display device removed: DisplayDeviceInfo{"com.oculus.android_panel_app.AndroidPanelLayer-#main": uniqueId="virtual:com.oculus.systemux,10026,com.oculus.android_panel_app.AndroidPanelLayer-#main,0", 840 x 110, modeId 191, defaultModeId 191, supportedModes [{id=191, width=840, height=110, fps=60.0}], colorMode 0, supportedColorModes [0], HdrCapabilities null, density 200, 200.0 x 200.0 dpi, appVsyncOff 0, presDeadline 16666666, touch NONE, rotation 0, type VIRTUAL, state ON, owner com.oculus.systemux (uid 10026), FLAG_PRIVATE, FLAG_NEVER_BLANK, FLAG_OWN_CONTENT_ONLY}
02-20 18:18:41.566  3514  3514 D [SEO] PanelServiceConnection: onSeviceConnected - component name (ComponentInfo{com.oculus.systemux/com.oculus.panelapp.anytimeui.AnytimeUIAndroidPanelService}), panel app id (47)
02-20 18:18:41.566  3514  3514 D [SEO] ShellApplication: notify OS to set com.oculus.systemux/com.oculus.panelapp.anytimeui.AnytimeUIAndroidPanelService to FOREGROUND
02-20 18:18:41.570   853  1427 D BufferPoolAccessor: Destruction - bufferpool2 0x348e723e30 cached: 0/0M, 0/0% in use; allocs: 0, 0% recycled; transfers: 0, 0% unfetced
02-20 18:18:41.573   853  1427 V C2Store : in ~ComponentModule
02-20 18:18:41.573   853  1427 V C2Store : unloading dll
