01-15 22:21:05.164   874  7554 W [CT]    : VEGA:MAP_TRACKING_HM: Validation failed after 0.04 seconds of bad frames. Switching from Validating to NoTracking
01-15 22:21:05.192   874  7554 I [CT]    : TrackedMapContext: Stop tracking map with ID Submap id = 2, version = 1073335757 at index: 2 in contexts: 3
01-15 22:21:05.228  1332  7566 I CompositorVR: SetSchedFifo( tid=2931, pol=2, pri=0 ) succeeded
01-15 22:21:05.228  1332  7566 I CompositorVR: SetSchedFifo( tid=3636, pol=2, pri=0 ) succeeded
01-15 22:21:05.228  1332  7566 I CompositorVR: SetSchedFifo( tid=3693, pol=2, pri=0 ) succeeded
01-15 22:21:05.368   874  1272 I [CT]    : Vega:MapBuilderBase: Created keyRig with frameID 4935 and uid 9ba16c07
01-15 22:21:05.372   874  1272 I [CT]    : KEYPOINT_CACHE: New keyrig added has 90 corners and 113 tracks to immature points that will be used to extract descriptors and insert into the index.
01-15 22:21:05.375   874  1272 I [CT]    : MapCullingTask: Culled 0 L1 nodes, 1 individual keyrigs, and 16 individual points
01-15 22:21:05.375   874  1272 I [CT]    : Vega:SubmapPublisher: Tracking parent no change: frame movement above thresh -> Publish
01-15 22:21:05.375   874  1272 I [CT]    : Vega:SubmapPublisher: Start to publish submaps, found candidates:  3
01-15 22:21:05.375   874  1272 E [CT]    : SubmapRecords: findSubmapId found 2 submap records hold the same query krHandle
01-15 22:21:05.393   874  7554 I [CT]    : VegaTrackTracker: Starting map tracking on map. SubmapId Submap id = 2, version = 713031925 Active contexts: 2
01-15 22:21:05.394   874  1272 I [CT]    : VegaBAOptimize: Num points adjusted: 940 fixed: 0 Num residuals in-in: 3789 in-out: 80 out-in: 0 fixed (out-out): 0 outside ROI: 0 total: 3965
01-15 22:21:05.396   874  1272 I [CT]    : VegaBAOptimize: Total: neighbor 3 L1s, adjust 2 L1s. KRs 35  Points 940  Cameras 140  OutsideFixedKR 11  AdjustKR 24  Imus 3
01-15 22:21:05.445   874  7554 W [CT]    : VEGA:MAP_TRACKING_HM: Validation failed after 0.04 seconds of bad frames. Switching from Validating to NoTracking
01-15 22:21:05.472   874  7554 I [CT]    : TrackedMapContext: Stop tracking map with ID Submap id = 2, version = 713031925 at index: 2 in contexts: 3
01-15 22:21:05.684   874  7554 W [CT]    : VEGA:MAP_TRACKING_HM: [Throttled count=25] Map tracking did not run.
01-15 22:21:05.741  7693  7728 I VrRuntimeClient: SyncInternalGuardianState: GetGuardianPolygon: 0
01-15 22:21:05.767   874  1844 I [CT]    : CONSTELLATION:IMU_STATUS: 86557c336c360320 (L): [FusionTracked=0.572, OutputTracked=0.534, OutputValid=1.000] [AccelSat=0.000, GyroSat=0.000] 
01-15 22:21:05.797   874  1844 I [CT]    : CONSTELLATION:IMU_STATUS: 729165a0fe4054d7 (R): [FusionTracked=1.000, OutputTracked=1.000, OutputValid=1.000] [AccelSat=0.000, GyroSat=0.000] 
01-15 22:21:05.969   874  7554 I [CT]    : VIPER: Mode=SuperVega,Status=6DoF,TRACKING,Inl=34,Mem=105.4,Jit=0.4mm,Issues(Cam/min=0.0,IMU/min=0.0),Exp=(13.2ms,g=15.0,I=73,Ir=371.2)(14.0ms,g=15.0,I=66,Ir=314.4)(14.0ms,g=15.0,I=84,Ir=402.9)(10.8ms,g=13.0,I=75,Ir=541.2)
01-15 22:21:05.969   874  7554 W [CT]    : VIPER: Images too dark, 
01-15 22:21:05.990   874  7554 W [CT]    : TIMESTAMPCHECKER: Nominal rate wrong. Estimated data rate: 25, Nominal is 30.000300003000028
01-15 22:21:06.009  7693  7794 I VrApi   : FPS=72/72,Prd=48ms,Tear=0,Early=72,Stale=0,VSnc=1,Lat=1,Fov=0,CPU4/GPU=2/3,1171/490MHz,OC=FF,TA=0/70/70,SP=N/F/F,Mem=2092MHz,Free=3326MB,PLS=0,Temp=23.0C/0.0C,TW=0.84ms,App=3.07ms,GD=0.00ms,CPU&GPU=6.08ms,LCnt=1(DR37,LM0),GPU%=0.30,CPU%=0.22(W0.30),DSF=1.00,CFL=19.67/22.03
01-15 22:21:06.331   874  1272 I [CT]    : VIPER: InternalAnchorHealthMonitor: Anchors: 3 | Persistent anchors: 2 | Anchors never observed: 1
01-15 22:21:06.331   874  1272 I [CT]    :   (min/avg/max) Anchor landmarks: (0|2.6666666666666665|7) | Covisible keyframes: (0|1|3) | Times since observation: (0|1|2.64)
01-15 22:21:06.687   874  7554 W [CT]    : VEGA:MAP_TRACKING_HM: [Throttled count=24] Map tracking did not run.
01-15 22:21:06.810   874  1272 I [CT]    : Vega:SubmapPublisher: Tracking parent no change: frame movement above thresh -> Publish
01-15 22:21:06.810   874  1272 I [CT]    : Vega:SubmapPublisher: Start to publish submaps, found candidates:  3
01-15 22:21:06.810   874  1272 E [CT]    : SubmapRecords: findSubmapId found 2 submap records hold the same query krHandle
01-15 22:21:06.833   874  7554 I [CT]    : VegaTrackTracker: Starting map tracking on map. SubmapId Submap id = 2, version = 1708189498 Active contexts: 2
01-15 22:21:06.851   874  7554 W [CT]    : VEGA:MAP_TRACKING_HM: [Throttled count=7] Bad map tracking: map tracking failed @ Submap id = 2, version = 1708189498 with status: 1
01-15 22:21:06.851  1332  2930 I VrRuntimeService: RuntimeServiceSDKServer::SetGuardianSystemState: 843193636
01-15 22:21:06.851  2815  2931 I GuardianSystem: UpdateGuardianSystemState: Flags changed: 524288, 532480, SYSTEM_GUARDIAN_VALID to SYSTEM_GUARDIAN_VISIBLE,SYSTEM_GUARDIAN_VALID
01-15 22:21:06.871  1332  7566 I CompositorVR: SetSchedFifo( tid=2931, pol=5, pri=1 ) succeeded
01-15 22:21:06.871  1332  7566 I CompositorVR: SetSchedFifo( tid=3636, pol=5, pri=1 ) succeeded
01-15 22:21:06.872  1332  7566 I CompositorVR: SetSchedFifo( tid=3693, pol=5, pri=1 ) succeeded
01-15 22:21:06.889   874  7554 W [CT]    : VEGA:MAP_TRACKING_HM: Validation failed after 0.04 seconds of bad frames. Switching from Validating to NoTracking
01-15 22:21:06.913   874  7554 I [CT]    : TrackedMapContext: Stop tracking map with ID Submap id = 2, version = 1708189498 at index: 2 in contexts: 3
01-15 22:21:06.973  7693  7730 D UE4     : [GameActivity] Used memory: 466370 (VmRSS:	  225624 kB)
01-15 22:21:07.005  7693  7794 I VrApi   : FPS=72/72,Prd=48ms,Tear=0,Early=72,Stale=0,VSnc=1,Lat=1,Fov=0,CPU4/GPU=2/3,1171/490MHz,OC=FF,TA=0/70/70,SP=N/F/F,Mem=2092MHz,Free=3326MB,PLS=0,Temp=23.0C/0.0C,TW=0.86ms,App=3.06ms,GD=0.00ms,CPU&GPU=6.27ms,LCnt=1(DR56,LM0),GPU%=0.31,CPU%=0.27(W0.38),DSF=1.00,CFL=19.78/21.55
01-15 22:21:07.050   874  1272 I [CT]    : Vega:MapBuilderBase: Created keyRig with frameID 4977 and uid 60c39b2c
01-15 22:21:07.055   874  1272 I [CT]    : KEYPOINT_CACHE: New keyrig added has 122 corners and 74 tracks to immature points that will be used to extract descriptors and insert into the index.
01-15 22:21:07.057   874  1274 I [CT]    : VIPER:DEEP_DESCRIPTOR: Computing Deep Descriptors using gravity orientation.
01-15 22:21:07.058   874  1272 I [CT]    : MapCullingTask: Culled 0 L1 nodes, 1 individual keyrigs, and 7 individual points
01-15 22:21:07.061   874  1272 I [CT]    : VegaBAOptimize: Num points adjusted: 939 fixed: 0 Num residuals in-in: 3821 in-out: 80 out-in: 0 fixed (out-out): 0 outside ROI: 0 total: 3997
01-15 22:21:07.063   874  1272 I [CT]    : VegaBAOptimize: Total: neighbor 3 L1s, adjust 2 L1s. KRs 35  Points 939  Cameras 140  OutsideFixedKR 11  AdjustKR 24  Imus 3
01-15 22:21:07.334   874  1272 I [CT]    : Vega:SubmapPublisher: Tracking parent no change: frame movement above thresh -> Publish
01-15 22:21:07.335   874  1272 I [CT]    : Vega:SubmapPublisher: Start to publish submaps, found candidates:  3
01-15 22:21:07.335   874  1272 E [CT]    : SubmapRecords: findSubmapId found 2 submap records hold the same query krHandle
01-15 22:21:07.353   874  7554 I [CT]    : VegaTrackTracker: Starting map tracking on map. SubmapId Submap id = 2, version = 324616759 Active contexts: 2
01-15 22:21:07.406   874  7554 W [CT]    : VEGA:MAP_TRACKING_HM: Validation failed after 0.04 seconds of bad frames. Switching from Validating to NoTracking
01-15 22:21:07.432   874  7554 I [CT]    : TrackedMapContext: Stop tracking map with ID Submap id = 2, version = 324616759 at index: 2 in contexts: 3
01-15 22:21:07.610   874  7560 I [CT]    : CONSTELLATION:VISION_STATUS: 729165a0fe4054d7 (R): BlobDetection:[#BlobsDetected=(12.56, 8.81)]Matching:[MatchSuccess=0.976, MatchCost=(0.00367, 0.00003), #MatchedBlobs=(6.61, 10.42), #MatchedLeds=(5.37, 2.73), RematchM=0.000, SkipRefine=0.004] MatchMethod:[Prox=0.976, ConstBrute=0.000, UnconstBrute=0.000] MatchResets[AnomBlobSize=0.000, SharedMatch=0.000, DenseReacq=0.000] | Fusion:[FusionError=0.000, ImuFromCamMs=(9.203, 1.444), RematchF=0.396] FusionUpdates:[Successful=0.972, Reliable=0.856, TightFusion=0.892, FullPose=0.080, StaticPrior=0.000, StaticForHandTrans=0.000, PoseUpdateMD=(13.0901, 694.7813)] FusionResets[6DoFReset=0.000, ResetSuccess=0.000] FusionStatus[HasPosition=1.000, HasVelocity=1.000] 
01-15 22:21:07.610   874  7560 I [CT]    : CONSTELLATION:VISION_STATUS: 86557c336c360320 (L): BlobDetection:[#BlobsDetected=(12.56, 8.81)]Matching:[MatchSuccess=0.736, MatchCost=(0.00244, 0.00000), #MatchedBlobs=(4.95, 12.82), #MatchedLeds=(3.53, 4.84), RematchM=0.012, SkipRefine=0.000] MatchMethod:[Prox=0.720, ConstBrute=0.016, UnconstBrute=0.000] MatchResets[AnomBlobSize=0.000, SharedMatch=0.000, DenseReacq=0.000] | Fusion:[FusionError=0.000, ImuFromCamMs=(9.587, 1.548), RematchF=0.000] FusionUpdates:[Successful=0.040, Reliable=0.036, TightFusion=0.028, FullPose=0.008, StaticPrior=0.724, StaticForHandTrans=0.944, PoseUpdateMD=(5.5146, 4.9856)] FusionResets[6DoFReset=0.240, ResetSuccess=0.004] FusionStatus[HasPosition=0.764, HasVelocity=0.760] 
01-15 22:21:07.640   874  1630 I [CT]    : boltlib: DSP utilization: 10.75 % (537 / 5002 ms)
01-15 22:21:07.727   874  7554 W [CT]    : VEGA:MAP_TRACKING_HM: [Throttled count=25] Map tracking did not run.
01-15 22:21:08.005  7693  7794 I VrApi   : FPS=72/72,Prd=48ms,Tear=0,Early=72,Stale=0,VSnc=1,Lat=1,Fov=0,CPU4/GPU=2/3,1171/490MHz,OC=FF,TA=0/70/70,SP=N/F/F,Mem=2092MHz,Free=3326MB,PLS=0,Temp=23.0C/0.0C,TW=1.70ms,App=2.75ms,GD=0.12ms,CPU&GPU=6.78ms,LCnt=1(DR72,LM0),GPU%=0.35,CPU%=0.22(W0.25),DSF=1.00,CFL=19.68/21.43
01-15 22:21:08.012   874  1272 I [CT]    : Vega:MapBuilderBase: Created keyRig with frameID 5001 and uid 39788bf0
01-15 22:21:08.016   874  1272 I [CT]    : KEYPOINT_CACHE: New keyrig added has 129 corners and 56 tracks to immature points that will be used to extract descriptors and insert into the index.
01-15 22:21:08.020   874  1272 I [CT]    : MapCullingTask: Culled 0 L1 nodes, 1 individual keyrigs, and 8 individual points
01-15 22:21:08.023   874  1272 I [CT]    : VegaBAOptimize: Num points adjusted: 934 fixed: 0 Num residuals in-in: 3828 in-out: 80 out-in: 0 fixed (out-out): 0 outside ROI: 0 total: 4004
01-15 22:21:08.025   874  1272 I [CT]    : VegaBAOptimize: Total: neighbor 3 L1s, adjust 2 L1s. KRs 35  Points 934  Cameras 140  OutsideFixedKR 11  AdjustKR 24  Imus 3
01-15 22:21:08.030   874  7554 W [CT]    : TIMESTAMPCHECKER: Nominal rate wrong. Estimated data rate: 25, Nominal is 30.000300003000028
01-15 22:21:08.056  2815  2931 I GuardianSystem: world updating because worldfromanchor threshold passed
01-15 22:21:08.057  1332  2930 I VrRuntimeService: RuntimeServiceSDKServer::SetGuardianSystemState: 843193636
01-15 22:21:08.057  2815  2931 I GuardianSystem: UpdateGuardianSystemState: Flags changed: 532480, 524288, SYSTEM_GUARDIAN_VISIBLE,SYSTEM_GUARDIAN_VALID to SYSTEM_GUARDIAN_VALID
01-15 22:21:08.190   874  1272 W [CT]    : VegaMapVerifier: VERIFICATION WARNING: Primary child of L1 cluster with 0 points. This likely means something went wrong in cluster splitting.
01-15 22:21:08.220  7693  7728 I VrRuntimeClient: SyncInternalGuardianState: GetGuardianPolygon: 0
01-15 22:21:08.221  1332  7566 I CompositorVR: SetSchedFifo( tid=2931, pol=2, pri=0 ) succeeded
01-15 22:21:08.222  1332  7566 I CompositorVR: SetSchedFifo( tid=3636, pol=2, pri=0 ) succeeded
01-15 22:21:08.222  1332  7566 I CompositorVR: SetSchedFifo( tid=3693, pol=2, pri=0 ) succeeded
01-15 22:21:08.644   874  1272 I [CT]    : Vega:SubmapPublisher: Tracking parent no change: frame movement above thresh -> Publish
01-15 22:21:08.644   874  1272 I [CT]    : Vega:SubmapPublisher: Start to publish submaps, found candidates:  3
01-15 22:21:08.644   874  1272 E [CT]    : SubmapRecords: findSubmapId found 2 submap records hold the same query krHandle
01-15 22:21:08.673   874  7554 I [CT]    : VegaTrackTracker: Starting map tracking on map. SubmapId Submap id = 2, version = 2136116281 Active contexts: 2
01-15 22:21:08.690   874  7554 W [CT]    : VEGA:MAP_TRACKING_HM: [Throttled count=3] Bad map tracking: map tracking failed @ Submap id = 2, version = 2136116281 with status: 2
01-15 22:21:08.727   874  7554 W [CT]    : VEGA:MAP_TRACKING_HM: Validation failed after 0.04 seconds of bad frames. Switching from Validating to NoTracking
01-15 22:21:08.727   874  7554 W [CT]    : VEGA:MAP_TRACKING_HM: [Throttled count=24] Map tracking did not run.
01-15 22:21:08.753   874  7554 I [CT]    : TrackedMapContext: Stop tracking map with ID Submap id = 2, version = 2136116281 at index: 2 in contexts: 3
01-15 22:21:08.890  2815  2931 I GuardianSystem: world updating because worldfromanchor threshold passed
01-15 22:21:09.008  7693  7794 I VrApi   : FPS=72/72,Prd=48ms,Tear=0,Early=72,Stale=0,VSnc=1,Lat=1,Fov=0,CPU4/GPU=2/3,1171/490MHz,OC=FF,TA=0/70/70,SP=N/F/F,Mem=2092MHz,Free=3326MB,PLS=0,Temp=23.0C/0.0C,TW=0.86ms,App=2.54ms,GD=0.00ms,CPU&GPU=6.36ms,LCnt=2(DR2,LM2),GPU%=0.27,CPU%=0.25(W0.32),DSF=1.00,CFL=19.76/21.49
01-15 22:21:09.027  7693  7728 I VrRuntimeClient: SyncInternalGuardianState: GetGuardianPolygon: 0
01-15 22:21:09.092  7693  7693 D UE4     : [GameActivity] Battery: status = 4, rawlevel = 100, scale = 100
01-15 22:21:09.092  7693  7693 D UE4     : nativeBatteryEvent(stat = 4, lvl = 100  temp = 23.20 °C)
01-15 22:21:09.568   874  7554 I [CT]    : VIPER: Mode=SuperVega,Status=6DoF,TRACKING,Inl=28,Mem=105.3,Jit=0.1mm,Issues(Cam/min=0.0,IMU/min=0.0),Exp=(14.0ms,g=15.0,I=52,Ir=250.5)(14.0ms,g=15.0,I=57,Ir=272.5)(14.0ms,g=15.0,I=87,Ir=416.3)(14.0ms,g=15.0,I=69,Ir=331.0)
01-15 22:21:09.568   874  7554 W [CT]    : VIPER: Images too dark, 
01-15 22:21:09.729   874  7554 W [CT]    : VEGA:MAP_TRACKING_HM: [Throttled count=24] Map tracking did not run.
01-15 22:21:09.930  1050  3470 D WificondControl: Scan result ready event
01-15 22:21:09.942  1050  1206 D WificondScannerImpl: Filtering out 1 scan results.
01-15 22:21:10.007  7693  7794 I VrApi   : FPS=72/72,Prd=48ms,Tear=0,Early=72,Stale=0,VSnc=1,Lat=1,Fov=0,CPU4/GPU=2/3,1171/490MHz,OC=FF,TA=0/70/70,SP=N/F/F,Mem=2092MHz,Free=3326MB,PLS=0,Temp=23.2C/0.0C,TW=0.87ms,App=2.53ms,GD=0.00ms,CPU&GPU=5.95ms,LCnt=1(DR55,LM0),GPU%=0.27,CPU%=0.33(W0.40),DSF=1.00,CFL=19.60/21.42
01-15 22:21:10.030   874  7554 W [CT]    : TIMESTAMPCHECKER: Nominal rate wrong. Estimated data rate: 25, Nominal is 30.000300003000028
01-15 22:21:10.769   874  7554 W [CT]    : VEGA:MAP_TRACKING_HM: [Throttled count=25] Map tracking did not run.
01-15 22:21:11.005  7693  7794 I VrApi   : FPS=72/72,Prd=48ms,Tear=0,Early=72,Stale=0,VSnc=1,Lat=1,Fov=0,CPU4/GPU=2/3,1171/490MHz,OC=FF,TA=0/70/70,SP=N/F/F,Mem=2092MHz,Free=3326MB,PLS=0,Temp=23.2C/0.0C,TW=0.88ms,App=2.69ms,GD=0.00ms,CPU&GPU=6.71ms,LCnt=1(DR72,LM0),GPU%=0.28,CPU%=0.36(W0.38),DSF=1.00,CFL=19.67/21.42
01-15 22:21:11.042  2039  2514 W DeviceConfigUtil: Try to get config param "oculus_shared_social:oculus_messenger_reauth_removal" before Device Config has subscribed to the service.
01-15 22:21:11.167   874  7554 W [CT]    : VEGA:MAP_TRACKING_HM: [Throttled count=1] Bad map tracking: map tracking failed @ Submap id = 1, version = 2004318088 with status: 2
01-15 22:21:11.451  1332  2930 I VrRuntimeService: RuntimeServiceSDKServer::SetGuardianSystemState: 843193636
01-15 22:21:11.452  2815  2931 I GuardianSystem: UpdateGuardianSystemState: Flags changed: 524288, 532480, SYSTEM_GUARDIAN_VALID to SYSTEM_GUARDIAN_VISIBLE,SYSTEM_GUARDIAN_VALID
01-15 22:21:11.468  1778  3209 I [CT]    : MIXEDREALITY: MrServiceView: renderIteration: (every 10 seconds), screen is: ON, PT is: OFF, ID is: OFF
01-15 22:21:11.468  1778  3209 I [CT]    : MIXEDREALITY: MrServiceModel: commitLayerState: PassthroughMode: kNone.
01-15 22:21:11.473  1778  3209 I [CT]    : MIXEDREALITY: MrServiceModel: Hibernating caller (most likely rendering thread) due to commandQueue being empty.
01-15 22:21:11.480  1332  7566 I CompositorVR: SetSchedFifo( tid=3209, pol=5, pri=1 ) succeeded
01-15 22:21:11.480  1332  7566 I CompositorVR: SetSchedFifo( tid=2931, pol=5, pri=1 ) succeeded
01-15 22:21:11.480  1332  7566 I CompositorVR: SetSchedFifo( tid=3636, pol=5, pri=1 ) succeeded
01-15 22:21:11.480  1332  7566 I CompositorVR: SetSchedFifo( tid=3693, pol=5, pri=1 ) succeeded
01-15 22:21:11.577  1332  7566 I CompositorVR: SetSchedFifo( tid=3209, pol=2, pri=0 ) succeeded
01-15 22:21:11.613   874  1272 I [CT]    : Vega:SubmapPublisher: Tracking parent no change: frame movement above thresh -> Publish
01-15 22:21:11.613   874  1272 I [CT]    : Vega:SubmapPublisher: Start to publish submaps, found candidates:  3
01-15 22:21:11.613   874  1272 E [CT]    : SubmapRecords: findSubmapId found 2 submap records hold the same query krHandle
01-15 22:21:11.634   874  7554 I [CT]    : VegaTrackTracker: Starting map tracking on map. SubmapId Submap id = 2, version = 522247766 Active contexts: 2
01-15 22:21:11.687   874  7554 W [CT]    : VEGA:MAP_TRACKING_HM: Validation failed after 0.04 seconds of bad frames. Switching from Validating to NoTracking
01-15 22:21:11.712   874  7554 I [CT]    : TrackedMapContext: Stop tracking map with ID Submap id = 2, version = 522247766 at index: 2 in contexts: 3
01-15 22:21:11.806   874  7554 W [CT]    : VEGA:MAP_TRACKING_HM: [Throttled count=25] Map tracking did not run.
01-15 22:21:11.878   874  7554 W [CT]    : FrameToFrameTrackerHelper: Low ratio of valid tracks for available capacity (149/300=0.50<0.50). Verify corner detection and track creation!
01-15 22:21:12.008  7693  7794 I VrApi   : FPS=72/72,Prd=48ms,Tear=0,Early=72,Stale=0,VSnc=1,Lat=1,Fov=0,CPU4/GPU=2/3,1171/490MHz,OC=FF,TA=0/70/70,SP=N/F/F,Mem=2092MHz,Free=3326MB,PLS=0,Temp=23.2C/0.0C,TW=1.16ms,App=2.53ms,GD=0.12ms,CPU&GPU=6.34ms,LCnt=1(DR72,LM0),GPU%=0.27,CPU%=0.24(W0.33),DSF=1.00,CFL=19.70/21.58
01-15 22:21:12.070   874  7554 W [CT]    : TIMESTAMPCHECKER: Nominal rate wrong. Estimated data rate: 25, Nominal is 30.000300003000028
01-15 22:21:12.088   874  1272 I [CT]    : Vega:MapBuilderBase: Created keyRig with frameID 5103 and uid 6b7c845c
01-15 22:21:12.092   874  1272 W [CT]    : VEGA_MAP_BUILDER: Resolved a potential TrackToMapPointAssosiation conflict between tracks 11075640 (index = 169, version = 56) and 14942258 (index = 228, version = 50). Point handle: 1685 0.
01-15 22:21:12.093   874  1272 I [CT]    : KEYPOINT_CACHE: New keyrig added has 136 corners and 78 tracks to immature points that will be used to extract descriptors and insert into the index.
01-15 22:21:12.096   874  1274 I [CT]    : VIPER:DEEP_DESCRIPTOR: Computing Deep Descriptors using gravity orientation.
01-15 22:21:12.098   874  1272 I [CT]    : MapCullingTask: Culled 0 L1 nodes, 1 individual keyrigs, and 5 individual points
01-15 22:21:12.098   874  1272 I [CT]    : Vega:SubmapPublisher: Tracking parent no change: frame movement above thresh -> Publish
01-15 22:21:12.098   874  1272 I [CT]    : Vega:SubmapPublisher: Start to publish submaps, found candidates:  3
01-15 22:21:12.098   874  1272 E [CT]    : SubmapRecords: findSubmapId found 2 submap records hold the same query krHandle
01-15 22:21:12.129   874  1272 I [CT]    : VegaBAOptimize: Num points adjusted: 932 fixed: 0 Num residuals in-in: 3835 in-out: 80 out-in: 0 fixed (out-out): 0 outside ROI: 0 total: 4011
01-15 22:21:12.131   874  1272 I [CT]    : VegaBAOptimize: Total: neighbor 3 L1s, adjust 2 L1s. KRs 35  Points 932  Cameras 140  OutsideFixedKR 11  AdjustKR 24  Imus 3
01-15 22:21:12.154   874  7554 I [CT]    : VegaTrackTracker: Starting map tracking on map. SubmapId Submap id = 2, version = 808452153 Active contexts: 2
01-15 22:21:12.170   874  7554 W [CT]    : VEGA:MAP_TRACKING_HM: [Throttled count=4] Bad map tracking: map tracking failed @ Submap id = 2, version = 808452153 with status: 2
01-15 22:21:12.211   874  7554 W [CT]    : VEGA:MAP_TRACKING_HM: Validation failed after 0.04 seconds of bad frames. Switching from Validating to NoTracking
01-15 22:21:12.233   874  7554 I [CT]    : TrackedMapContext: Stop tracking map with ID Submap id = 2, version = 808452153 at index: 2 in contexts: 3
01-15 22:21:12.264  1778  3510 I Telemetry: App memory usage: PSS=20 MiB, PrivateDirty=12 MiB, PrivateClean=1 MiB, GPU=3.1/3.3 MiB (95% allocated)
01-15 22:21:12.559  1332  2585 I ServiceInputManager: system button SetHomeButtonDownState 218.928
01-15 22:21:12.559  1332  2585 I ServiceInputManager: system button down, should reset recenter timer
01-15 22:21:12.559  1332  2585 I RecenterTimer: UpdateTimerData(219.43 219.93)
01-15 22:21:12.641   874  1630 I [CT]    : boltlib: DSP utilization: 9.62 % (481 / 5001 ms)
01-15 22:21:12.754  1332  2585 I ServiceInputManager: system button SetHomeButtonUpState 219.123
01-15 22:21:12.754  1332  2585 I RecenterTimer: UpdateTimerData(-1.00 -1.00)
01-15 22:21:12.807   874  7554 W [CT]    : VEGA:MAP_TRACKING_HM: [Throttled count=24] Map tracking did not run.
01-15 22:21:12.879  1332  2585 E TREX    : Interface version 1 was not found. Check debug build for more information.
01-15 22:21:13.004  1332  2585 I ServiceInputManager: short system button press 219.373533
01-15 22:21:13.005  1332  2585 I ServiceInputManager: system event from short press 219.373533
01-15 22:21:13.005  1332  2585 I ServiceInputManager: ServiceInputManager::FireSystemButtonEvent queueing launch intent from service
01-15 22:21:13.005  1332  2585 I ServiceInputManager: ServiceInputManager::FireSystemButtonEvent 'com.YourCompany.TemplateProject3' Transition Type: 1
01-15 22:21:13.005  1332  2585 I RecenterTimer: UpdateTimerData(-1.00 -1.00)
01-15 22:21:13.006  7693  7794 I VrApi   : FPS=72/72,Prd=48ms,Tear=0,Early=72,Stale=0,VSnc=1,Lat=1,Fov=0,CPU4/GPU=2/3,1171/490MHz,OC=FF,TA=0/70/70,SP=N/F/F,Mem=2092MHz,Free=3326MB,PLS=0,Temp=23.2C/0.0C,TW=1.70ms,App=2.67ms,GD=0.12ms,CPU&GPU=5.95ms,LCnt=2(DR45,LM2),GPU%=0.35,CPU%=0.28(W0.32),DSF=1.00,CFL=19.69/21.49
01-15 22:21:13.018  1332  2585 I ServiceInputManager: ServiceInputManager::ProcessSystemButtonEvent launching intent from service 'com.YourCompany.TemplateProject3' 1
01-15 22:21:13.018  1332  2585 I ServiceInputManager: ServiceInputManager::ProcessSystemButtonEvent transitioning with a memory of the app name
01-15 22:21:13.018  1332  2585 I SystemUtils_Internal: ovrSystemUtils::StartAnytimeUI: confirmQuit
01-15 22:21:13.019  1332  2585 D SystemUtils: sendBroadcastIntent - action: 'com.oculus.vrshell.intent.action.LAUNCH' data: 'systemux://dialog/exit'intent_pkg: com.YourCompany.TemplateProject3
01-15 22:21:13.020  1332  2585 D SystemUtils: VR Shell isn't running.
01-15 22:21:13.031  1332  1348 I RPCServer: GetServerStatesConfig -> {MaxBufferSize=32768, MaxEntries=64}
01-15 22:21:13.031  2741  2741 I chatty  : uid=10020(com.oculus.vrshell) ShellMain expire 7 lines
01-15 22:21:13.032  2331  2331 I chatty  : uid=10020(com.oculus.vrshell) ShellOverlayMai expire 19 lines
01-15 22:21:13.096  1050  1647 E WindowManager: App trying to use insecure INPUT_FEATURE_NO_INPUT_CHANNEL flag. Ignoring
01-15 22:21:13.098  2331  7918 I chatty  : uid=10020(com.oculus.vrshell) ShellOverlayMai expire 6 lines
01-15 22:21:13.100  1332  1332 I ClientMgr: FocusedWindowChanged: found matching overlay client: 1821288330
01-15 22:21:13.100  1332  1332 I ClientMgr: FocusedClient changed.
01-15 22:21:13.100  1332  1332 I ClientMgr: ClientMgr::SetFocusedClient: 2331:com.oculus.vrshell type 1
01-15 22:21:13.100  1332  1332 I ClientMgr: SetFocusedPackageName - packageName com.oculus.vrshell processName com.oculus.vrshell:Overlay clientId 1821288330 clientPid 2331
01-15 22:21:13.100  1332  1332 I VrRuntimeService: RuntimeIPC: SendFocusChangeEventToAllClients: PostClientEvent SUCCESS: com.oculus.vrshell:com.oculus.vrshell:Overlay:2331, com.oculus.vrshell, com.oculus.vrshell:Overlay
01-15 22:21:13.100  1332  1332 I VrRuntimeService: RuntimeIPC: SendFocusChangeEventToAllClients: PostClientEvent SUCCESS: com.oculus.vrshell:com.oculus.vrshell:2741, com.oculus.vrshell, com.oculus.vrshell:Overlay
01-15 22:21:13.100  1332  1332 I VrRuntimeService: RuntimeIPC: SendFocusChangeEventToAllClients: PostClientEvent SUCCESS: com.oculus.shellenv:com.oculus.shellenv:2055, com.oculus.vrshell, com.oculus.vrshell:Overlay
01-15 22:21:13.100  1332  1332 I VrRuntimeService: RuntimeIPC: SendFocusChangeEventToAllClients: PostClientEvent SUCCESS: com.oculus.mrservice:com.oculus.mrservice:1778, com.oculus.vrshell, com.oculus.vrshell:Overlay
01-15 22:21:13.100  1332  1332 I VrRuntimeService: RuntimeIPC: SendFocusChangeEventToAllClients: PostClientEvent SUCCESS: com.YourCompany.TemplateProject3:com.YourCompany.TemplateProject3:7693, com.oculus.vrshell, com.oculus.vrshell:Overlay
01-15 22:21:13.100  1332  1332 I VrRuntimeService: RuntimeIPC: SendFocusChangeEventToAllClients: PostClientEvent SUCCESS: com.oculus.guardian:com.oculus.vrguardianservice:2815, com.oculus.vrshell, com.oculus.vrshell:Overlay
01-15 22:21:13.101  3283  3283 I chatty  : uid=10026 com.oculus.systemux:SystemUX expire 81 lines
01-15 22:21:13.102  3795  3795 D MetaCam (MediaCapabilityChecker): checkMediaHasRecordingCapabilities packageName: com.oculus.vrshell
01-15 22:21:13.102  1332  2585 I PerformanceManager_V0: SetClockLevels: Apply pending clock request change: 2,3 -> 4,4
01-15 22:21:13.102  1332  2579 I Clocks  : ReleaseClocks - start
01-15 22:21:13.103  1332  2579 I Clocks  : ReleaseClocks - end (0.7 ms)
01-15 22:21:13.103  1332  2579 I Clocks  : LockClocks( cpu=4, gpu=4 ) - start
01-15 22:21:13.105  7693  7842 I VrRuntimeClient: Client has lost focus.
01-15 22:21:13.106  1332  2579 I Clocks  : CPU levels [0, 4]
01-15 22:21:13.106  1332  2579 I Clocks  : GPU levels [0, 5]
01-15 22:21:13.107   745  1017 E SensorService: Failed to set simple multi haptics, ret: -1
01-15 22:21:13.109  3795  3795 D MetaCam (MediaCapabilityChecker): checkMediaHasRecordingCapabilities packageName: com.oculus.vrshell
01-15 22:21:13.112   874  1259 D TrackingService: getSharedMemory: com.oculus.vrshell#2331, HeadTracker
01-15 22:21:13.113  1332  2579 I Clocks  : LockClocks( cpu=4, gpu=4 ) - end (10.1 ms)
01-15 22:21:13.116   874  1258 W TrackingService: attachClient: found client in attached list
01-15 22:21:13.116   874   874 W TrackingService: attachClient: found client in attached list
01-15 22:21:13.117   874   874 D TrackingService: getSharedMemory: com.oculus.guardian#2815, Controller
01-15 22:21:13.118   874  1258 D TrackingService: getSharedMemory: com.oculus.systemdriver#1332, Controller
01-15 22:21:13.119  2331  2687 I chatty  : uid=10020(com.oculus.vrshell) ShellOverlayVR expire 165 lines
01-15 22:21:13.122   857   857 E CalibrationProvider: loadCalibration(LDISP_SN) failed: Calibration store didn't load any info
01-15 22:21:13.131   857   857 E CalibrationProvider: loadCalibration(RDISP_SN) failed: Calibration store didn't load any info
01-15 22:21:13.133  2039  2228 I OVRMediaService: onStartCommand Received message type: overlay_input_focus_change, caller package: com.oculus.vrshell, app identify: AppIdentity{uid=10020, packageNames=[com.oculus.vrshell], sha1=MxZgtt071YLz39PLrkVGckZooCE, sha2=3C-DTjwZQjeLFPB2yCzRq1nqZWa_9HMLIEfpjvyfna8, version=null, domain=null}
01-15 22:21:13.133   874  1258 D TrackingService: getSharedMemory: com.oculus.vrshell, Controller
01-15 22:21:13.141  2039  2515 W OVRLibrary: null cursor received for query content://com.oculus.ocms.library/apps/com.YourCompany.TemplateProject3
01-15 22:21:13.141  2039  2515 I OVRMediaServiceManager: Sending onAppStart (com.YourCompany.TemplateProject3) to SocialPlatform (com.oculus.socialplatform)
01-15 22:21:13.142  2039  2690 W OVRLibrary: null cursor received for query content://com.oculus.ocms.library/apps/com.oculus.vrshell
01-15 22:21:13.144   857   857 E CalibrationProvider: loadCalibration(LDISP_SN) failed: Calibration store didn't load any info
01-15 22:21:13.157  2039  2228 I OVRMediaService: Received OVERLAY_INPUT_FOCUS_CHANGE. is focused: true
01-15 22:21:13.165   857   857 E CalibrationProvider: loadCalibration(RDISP_SN) failed: Calibration store didn't load any info
01-15 22:21:13.171   874  7554 I [CT]    : VIPER: Mode=SuperVega,Status=6DoF,TRACKING,Inl=36,Mem=105.3,Jit=0.6mm,Issues(Cam/min=0.0,IMU/min=0.0),Exp=(14.0ms,g=15.0,I=60,Ir=287.6)(14.0ms,g=15.0,I=71,Ir=339.5)(14.0ms,g=15.0,I=96,Ir=460.2)(10.8ms,g=13.0,I=75,Ir=534.0)
01-15 22:21:13.171   874  7554 W [CT]    : VIPER: Images too dark, 
01-15 22:21:13.173  1332  2603 I VrRuntimeService: RuntimeServiceSDKServer::EnableRendering: 0x0, 0, com.oculus.vrshell:Overlay
01-15 22:21:13.173  1332  2603 I ClientMgr: EnableRendering2: invalid clientWindow, testing uid/pid
01-15 22:21:13.173  1332  2603 I ClientMgr: EnableRendering2: matched uid: 10020 and pid: 2331 
01-15 22:21:13.173  1332  2603 I ClientMgr: EnableRendering2: Calling SetFocusedClient: 1821288330
01-15 22:21:13.173  1332  2603 I ClientMgr: ClientMgr::SetFocusedClient: 2331:com.oculus.vrshell type 1
01-15 22:21:13.173  1332  2603 I ClientMgr: SetFocusedPackageName - packageName com.oculus.vrshell processName com.oculus.vrshell:Overlay clientId 1821288330 clientPid 2331
01-15 22:21:13.174  1332  2603 I ClientMgr: ClientMgr::EnableRendering 2331:com.oculus.vrshell : type 1 comp-id 2: enable
01-15 22:21:13.174  1332  2603 I CompositorClientMgr: Enable client 2
01-15 22:21:13.174  1332  2603 I VrRuntimeServer: EnableCompositorClient client(2): layer placement(2147483647) flags(0) sm(0x777d7c3010)
01-15 22:21:13.174  1332  2603 I CompositorVR: CheckDebuggerConnected: debugger 0
01-15 22:21:13.174  1332  2603 I VrRuntimeServer: SysProp debug mode is disabled on Server side
01-15 22:21:13.174  1332  2603 I UnifiedTelemetryWrapper: Started UT session render:com.oculus.vrshell:Overlay
01-15 22:21:13.176  1778  3220 I [CT]    : MIXEDREALITY: MrFeatureStatus: Client status changed from Created to Started.
01-15 22:21:13.176  1778  3220 I [CT]    : MIXEDREALITY: MrFeatureStatus: Target status Started, CurrentStatus: Paused
01-15 22:21:13.176  1778  3220 I [CT]    : MIXEDREALITY: MrFeatureStatus: Operation chain: Start
01-15 22:21:13.176  1778  3220 I [CT]    : MIXEDREALITY: MrFeatureStatus: Global status changed from Paused to Started.
01-15 22:21:13.176  1778  3220 I [CT]    : MIXEDREALITY: MrServiceController: Queuing command linked to operation Start for feature 0
01-15 22:21:13.176  1778  3209 I [CT]    : MIXEDREALITY: MrServiceController: Executing passthroughStart on model
01-15 22:21:13.176  1778  3209 I [CT]    : MIXEDREALITY: MrServiceModel: passthroughStart()
01-15 22:21:13.176  1778  3209 I [CT]    : MIXEDREALITY: MrServiceModel: passthroughStart: Started Passthrough
01-15 22:21:13.177  1778  3209 I [CT]    : MIXEDREALITY: MrServiceView: renderIteration: Nothing to render, hibernating the rendering thread since ID is off and no active PT layers.
01-15 22:21:13.177  1778  3209 I [CT]    : MIXEDREALITY: MrServiceModel: Hibernating caller (most likely rendering thread) due to commandQueue being empty.
01-15 22:21:13.179  1332  2603 I VrRuntimeService: CreateSwapChain: 1821288330
01-15 22:21:13.179  1332  2603 I VrRuntimeService: CreateSwapChain: api:gles 2 0x8c43 1024 1024 1 2 2 0 3
01-15 22:21:13.182  1332  2603 I VrRuntimeServer: CreateTextureSwapChain: result importswapchaingles 1
01-15 22:21:13.182  7693  7729 D UE4     : [2023.01.15-22.21.13:182][326]LogAndroid: Case APP_CMD_LOST_FOCUS
01-15 22:21:13.182  7693  7729 D UE4     : LogAndroidEvents::EnqueueAppEvent : 10, [width=-1, height=-1], tid = 7729, APP_EVENT_STATE_WINDOW_LOST_FOCUS
01-15 22:21:13.185  1332  2585 I ServiceInputManager: InhibitHandleHomeKey has changed on the service. New value: 1
01-15 22:21:13.188  7693  7728 D UE4     : [2023.01.15-22.21.13:188][326]LogAndroidEvents: Display: LogAndroidEvents::DequeueAppEvent : 10, [width=-1, height=-1], APP_EVENT_STATE_WINDOW_LOST_FOCUS
01-15 22:21:13.188  7693  7728 D UE4     : FAppEventManager::Tick processing, 10
01-15 22:21:13.197  1332  2603 I VrRuntimeService: CreateSwapChain: 1821288330
01-15 22:21:13.197  1332  2603 I VrRuntimeService: CreateSwapChain: api:gles 2 0x81a5 1024 1024 1 1 2 0 18
01-15 22:21:13.198  1332  2603 I VrRuntimeServer: CreateTextureSwapChain: result importswapchaingles 1
01-15 22:21:13.199  2331  7923 I chatty  : uid=10020(com.oculus.vrshell) ShellOverlayMai expire 3 lines
01-15 22:21:13.210  1332  2603 I VrRuntimeService: UpdateSwapChainSamplerState: 180
01-15 22:21:13.210  1332  2603 I VrRuntimeService: UpdateSwapChainSamplerState: minFilter=0 magFilter=0 wrapModeS=2 warpModeT=2 maxAniso=1.000000 border={0.000000,0.000000,0.000000,0.000000} swizzle={0,1,2,3}
01-15 22:21:13.215  2039  2515 E OVRMediaServiceManager: LivestreamingManager Not initialized
01-15 22:21:13.218  1701  1701 D OculusNotificationListenerService: Notification posted: 0|android|0|com.android.server.wm.AlertWindowNotification - com.oculus.vrshell|1000
01-15 22:21:13.229   732   851 I audio_hw_primary: getting vr mode to 0
01-15 22:21:13.231   754  7778 I AudioPolicyManagerCustom: VR mode is 0, switch to primary output if request is for fast|raw
01-15 22:21:13.238   754  7778 W AudioFlinger: createTrack_l(): mismatch between requested flags (00000104) and output flags (00000006)
01-15 22:21:13.238   754  7778 D AudioFlinger: Client defaulted notificationFrames to 192 for frameCount 384
01-15 22:21:13.246   754  7778 D AF::TrackHandle: OpPlayAudio: track:69 uid:10020 pkg:com.oculus.vrshell usage:1 not muted
01-15 22:21:13.252  1373  1373 V AvrcpMediaPlayerList: onPlaybackConfigChanged(): Configs list size=8
01-15 22:21:13.274   732   851 D msm8974_platform: platform_split_snd_device: snd_device(2) num devices(1) new_snd_devices(0)
01-15 22:21:13.274   732   851 D ACDB-LOADER: ACDB -> send_audvoltable
01-15 22:21:13.274   732   851 D ACDB-LOADER: ACDB -> ACDB_CMD_GET_AUDPROC_INSTANCE_GAIN_DEP_STEP_TABLE_SIZE
01-15 22:21:13.274   732   851 D         : Failed to fetch the lookup information of the device 0000000F 
01-15 22:21:13.274   732   851 D ACDB-LOADER: Error: ACDB_CMD_GET_AUDPROC_INSTANCE_GAIN_DEP_STEP_TABLE_SIZE Returned = -19
01-15 22:21:13.274   732   851 D ACDB-LOADER: ACDB -> ACDB_CMD_GET_AUDPROC_INSTANCE_GAIN_DEP_STEP_TABLE, vol index 8
01-15 22:21:13.275   732   851 D         : Failed to fetch the lookup information of the device 0000000F 
01-15 22:21:13.275   732   851 D ACDB-LOADER: Error: ACDB AudProc vol returned = -19
01-15 22:21:13.275   732   851 D ACDB-LOADER: ACDB -> AUDIO_SET_VOL_CAL cal type = 40
01-15 22:21:13.350  1332  2603 I VrRuntimeService: CreateAndroidSurfaceSwapChain: 1821288330
01-15 22:21:13.350  1332  2603 I VrRuntimeService: CreateAndroidSurfaceSwapChain: 65536 1 32856 1 1 1 1 1 0 3
01-15 22:21:13.350  1332  2472 I SwapChain_Surface: CreateAndroidSurfaceSwapChainGLES: 0x76fd35b000: SurfaceTexture 0x2986 Surface 0x2996
01-15 22:21:13.350  1332  2603 I VrRuntimeServer: CreateAndroidSurfaceSwapChain: result surface 0x76fd35b000
01-15 22:21:13.354  2331  2436 I chatty  : uid=10020(com.oculus.vrshell) ShellAppBackgro expire 2 lines
01-15 22:21:13.391  3283  7927 I chatty  : uid=10026 com.oculus.systemux:SystemUX expire 3 lines
01-15 22:21:13.393  1050  7826 I DisplayManagerService: Display device added: DisplayDeviceInfo{"com.oculus.android_panel_app.AndroidPanelLayer-#main": uniqueId="virtual:com.oculus.systemux,10026,com.oculus.android_panel_app.AndroidPanelLayer-#main,1", 1000 x 625, modeId 98, defaultModeId 98, supportedModes [{id=98, width=1000, height=625, fps=60.0}], colorMode 0, supportedColorModes [0], HdrCapabilities null, density 200, 200.0 x 200.0 dpi, appVsyncOff 0, presDeadline 16666666, touch NONE, rotation 0, type VIRTUAL, state OFF, owner com.oculus.systemux (uid 10026), FLAG_PRIVATE, FLAG_NEVER_BLANK, FLAG_OWN_CONTENT_ONLY}
01-15 22:21:13.413  3283  3299 I chatty  : uid=10026(com.oculus.systemux) FinalizerDaemon expire 8 lines
01-15 22:21:13.415  1373  1373 V AvrcpMediaPlayerList: onPlaybackConfigChanged(): Configs list size=7
01-15 22:21:13.424  1050  1069 W InputReader: Device has associated, but no associated display id.
01-15 22:21:13.428  1050  1071 W InputReader: Device has associated, but no associated display id.
01-15 22:21:13.428  1050  1071 I ActivityTaskManager: Override config changes=20005df8 {0.0 ?mcc?mnc ?localeList ?layoutDir sw500dp w800dp h500dp 200dpi lrg land ?uimode ?night -touch qwerty/v/v -nav/h winConfig={ mBounds=Rect(0, 0 - 1000, 625) mAppBounds=Rect(0, 0 - 1000, 625) mWindowingMode=fullscreen mDisplayWindowingMode=fullscreen mActivityType=undefined mAlwaysOnTop=undefined mRotation=ROTATION_0}} for displayId=37
01-15 22:21:13.456  2039  7929 I AuthLogger: Action succeeded: com.oculus.auth.ACTION_STATUS, callingPackage: com.oculus.systemux, accountType: null, tokenType: null, extras: {is_relogin=false}, duration: 0ms
01-15 22:21:13.462  3283  4402 I chatty  : uid=10026(com.oculus.systemux) pool-12-thread- expire 6 lines
01-15 22:21:13.463  3283  4405 I chatty  : uid=10026(com.oculus.systemux) pool-12-thread- expire 3 lines
01-15 22:21:13.476  3283  5158 I chatty  : uid=10026(com.oculus.systemux) Binder:3283_9 expire 4 lines
01-15 22:21:13.478  2039  2714 I OVRMediaService: onStartCommand Received message type: com.oculus.horizon.GET_CAPTURE_STATE_ACTION, caller package: no_app_identity, app identify: null
01-15 22:21:13.506  2039  7930 I AuthLogger: Action succeeded: com.oculus.auth.ACTION_STATUS, callingPackage: com.oculus.systemux, accountType: null, tokenType: null, extras: {is_relogin=false}, duration: 0ms
01-15 22:21:13.512  2039  2714 I FileCapture: broadcast capture state to AUI running = false, with mode -1
01-15 22:21:13.516   754  1146 D AF::Track: interceptBuffer: took 692us to intercept 0 tracks
01-15 22:21:13.534  2039  2714 I OVRMediaServiceManager: Metacam is not enabled.
01-15 22:21:13.547  2039  7930 I AuthLogger: Action succeeded: com.oculus.auth.ACTION_STATUS, callingPackage: com.oculus.systemux, accountType: null, tokenType: null, extras: {is_relogin=false}, duration: 0ms
01-15 22:21:13.575  2039  7930 I AuthLogger: Action succeeded: com.oculus.auth.ACTION_STATUS, callingPackage: com.oculus.systemux, accountType: null, tokenType: null, extras: {is_relogin=false}, duration: 0ms
01-15 22:21:13.615  3283  4628 I chatty  : uid=10026(com.oculus.systemux) Binder:3283_8 expire 2 lines
01-15 22:21:13.705  3283  7934 I chatty  : uid=10026(com.oculus.systemux) OkHttp Dispatch expire 2 lines
01-15 22:21:13.750  3283  7936 I chatty  : uid=10026(com.oculus.systemux) OkHttp Dispatch expire 2 lines
01-15 22:21:13.750  3283  7939 I chatty  : uid=10026(com.oculus.systemux) OkHttp Dispatch expire 2 lines
01-15 22:21:13.808   874  7554 W [CT]    : VEGA:MAP_TRACKING_HM: [Throttled count=24] Map tracking did not run.
01-15 22:21:14.007  7693  7794 I VrApi   : FPS=72/72,Prd=48ms,Tear=0,Early=72,Stale=0,VSnc=1,Lat=1,Fov=0,CPU4/GPU=4/4,2419/525MHz,OC=FF,TA=0/70/70,SP=N/F/F,Mem=2092MHz,Free=3326MB,PLS=0,Temp=23.2C/0.0C,TW=1.59ms,App=2.47ms,GD=0.11ms,CPU&GPU=6.19ms,LCnt=2(DR0,LM2),GPU%=0.32,CPU%=0.33(W0.41),DSF=1.00,CFL=19.70/21.62
01-15 22:21:14.012   874  1272 I [CT]    : Vega:SubmapPublisher: Tracking parent no change: frame movement above thresh -> Publish
01-15 22:21:14.013   874  1272 I [CT]    : Vega:SubmapPublisher: Start to publish submaps, found candidates:  3
01-15 22:21:14.013   874  1272 E [CT]    : SubmapRecords: findSubmapId found 2 submap records hold the same query krHandle
01-15 22:21:14.015   874  1272 W [CT]    : Vega:SubmapPublisher: [Throttled count=775] Force publishing an ill-conditioned point.
01-15 22:21:14.034   874  7554 I [CT]    : VegaTrackTracker: Starting map tracking on map. SubmapId Submap id = 2, version = 1377594572 Active contexts: 2
01-15 22:21:14.052   874  7554 W [CT]    : VEGA:MAP_TRACKING_HM: [Throttled count=1] Bad map tracking: map tracking failed @ Submap id = 2, version = 1377594572 with status: 2
01-15 22:21:14.070   874  7554 W [CT]    : TIMESTAMPCHECKER: Nominal rate wrong. Estimated data rate: 25, Nominal is 30.000300003000028
01-15 22:21:14.088   874  7554 W [CT]    : VEGA:MAP_TRACKING_HM: Validation failed after 0.04 seconds of bad frames. Switching from Validating to NoTracking
01-15 22:21:14.113   874  7554 I [CT]    : TrackedMapContext: Stop tracking map with ID Submap id = 2, version = 1377594572 at index: 2 in contexts: 3
01-15 22:21:14.263  2815  3691 I Telemetry: App memory usage: PSS=40 MiB, PrivateDirty=25 MiB, PrivateClean=8 MiB, GPU=3.8/4.0 MiB (96% allocated)
01-15 22:21:14.265  2815  2946 I VrGuardianService: GuardianSDKServer::SetActiveHand
01-15 22:21:14.280  2331  7948 I chatty  : uid=10020(com.oculus.vrshell) ShellOverlayMai expire 1 line
01-15 22:21:14.288  2815  2946 I VrGuardianService: GuardianSDKServer::SetGuardianHitDialog2 1
01-15 22:21:14.290  1332  7566 I CompositorProgs: loaded binary layerProgram 0:0x48002:0x0 in 2.6 ms
01-15 22:21:14.291  1332  7566 I CompositorProgs: loaded binary layerProgram 0:0x100100048081:0x0 in 0.7 ms
01-15 22:21:14.293  1332  2603 I VrRuntimeService: CreateSwapChain: 1821288330
01-15 22:21:14.293  1332  2603 I VrRuntimeService: CreateSwapChain: api:gles 0 0x8c43 60 60 6 1 1 0 3
01-15 22:21:14.293  1332  2603 I VrRuntimeServer: CreateTextureSwapChain: result importswapchaingles 1
01-15 22:21:14.296  1332  2603 I VrRuntimeService: UpdateSwapChainSamplerState: 182
01-15 22:21:14.296  1332  2603 I VrRuntimeService: UpdateSwapChainSamplerState: minFilter=1 magFilter=1 wrapModeS=3 warpModeT=3 maxAniso=1.000000 border={0.000000,0.000000,0.000000,0.000000} swizzle={0,1,2,3}
01-15 22:21:14.298  1332  2603 I VrRuntimeService: UpdateSwapChainSamplerState: 181
01-15 22:21:14.298  1332  2603 I VrRuntimeService: UpdateSwapChainSamplerState: minFilter=1 magFilter=1 wrapModeS=3 warpModeT=3 maxAniso=1.000000 border={0.000000,0.000000,0.000000,0.000000} swizzle={0,1,2,3}
01-15 22:21:14.298  2331  2687 I chatty  : uid=10020(com.oculus.vrshell) ShellOverlayVR expire 31 lines
01-15 22:21:14.298  1332  2603 I VrRuntimeService: UpdateAndroidSurfaceSwapChainDimensions: 181: 1000x625
01-15 22:21:14.382  2815  2946 I VrGuardianService: GuardianSDKServer::SetActiveHand
01-15 22:21:14.382  2815  2946 I VrGuardianService: GuardianSDKServer::SetSecondaryControllerActive 1
01-15 22:21:14.383  1050  1071 I DisplayManagerService: Display device changed state: "com.oculus.android_panel_app.AndroidPanelLayer-#main", ON
01-15 22:21:14.385  2815  2946 I VrGuardianService: GuardianSDKServer::SetGuardianHitDialog2 0
01-15 22:21:14.389  1050  3476 E WindowManager: App trying to use insecure INPUT_FEATURE_NO_INPUT_CHANNEL flag. Ignoring
01-15 22:21:14.624  1332  2603 I VrRuntimeService: DestroySwapChain: swapchain=182
01-15 22:21:14.635  1332  7566 I SwapChain_Surface: AttachSurfaceSwapChainGLES: 0x76fd35b000 with SurfaceTexture 0x2986 attached on init
01-15 22:21:14.637  1332  7566 I CompositorProgs: loaded binary layerProgram 1:0x100000048001:0x0 in 0.8 ms
01-15 22:21:14.657  1332  2930 I VrRuntimeService: RuntimeServiceSDKServer::SetGuardianSystemState: 843193636
01-15 22:21:14.657  2815  2931 I GuardianSystem: UpdateGuardianSystemState: Flags changed: 532480, 524288, SYSTEM_GUARDIAN_VISIBLE,SYSTEM_GUARDIAN_VALID to SYSTEM_GUARDIAN_VALID
01-15 22:21:14.809   874  7554 W [CT]    : VEGA:MAP_TRACKING_HM: [Throttled count=24] Map tracking did not run.
01-15 22:21:14.821  1332  7566 I CompositorVR: SetSchedFifo( tid=2931, pol=2, pri=0 ) succeeded
01-15 22:21:14.821  1332  7566 I CompositorVR: SetSchedFifo( tid=3636, pol=2, pri=0 ) succeeded
01-15 22:21:14.821  1332  7566 I CompositorVR: SetSchedFifo( tid=3693, pol=2, pri=0 ) succeeded
01-15 22:21:15.009  7693  7794 I VrApi   : FPS=72/72,Prd=48ms,Tear=0,Early=72,Stale=0,VSnc=1,Lat=1,Fov=0,CPU4/GPU=4/4,2419/525MHz,OC=FF,TA=0/70/70,SP=N/F/F,Mem=2092MHz,Free=3326MB,PLS=0,Temp=23.2C/0.0C,TW=2.77ms,App=2.42ms,GD=0.12ms,CPU&GPU=5.33ms,LCnt=2(DR0,LM2),GPU%=0.39,CPU%=0.16(W0.23),DSF=1.00,CFL=19.54/21.92
01-15 22:21:15.016  2331  7923 I chatty  : uid=10020(com.oculus.vrshell) ShellOverlayMai expire 1 line
01-15 22:21:15.175  1332  2930 I VrRuntimeService: RuntimeServiceSDKServer::SetGuardianSystemState: 843193636
01-15 22:21:15.175  2815  2931 I GuardianSystem: UpdateGuardianSystemState: Flags changed: 524288, 532480, SYSTEM_GUARDIAN_VALID to SYSTEM_GUARDIAN_VISIBLE,SYSTEM_GUARDIAN_VALID
01-15 22:21:15.197  1332  7566 I CompositorVR: SetSchedFifo( tid=2931, pol=5, pri=1 ) succeeded
01-15 22:21:15.197  1332  7566 I CompositorVR: SetSchedFifo( tid=3636, pol=5, pri=1 ) succeeded
01-15 22:21:15.197  1332  7566 I CompositorVR: SetSchedFifo( tid=3693, pol=5, pri=1 ) succeeded
01-15 22:21:15.200  1332  2930 I VrRuntimeService: RuntimeServiceSDKServer::SetGuardianSystemState: 843193636
01-15 22:21:15.200  2815  2931 I GuardianSystem: UpdateGuardianSystemState: Flags changed: 532480, 524288, SYSTEM_GUARDIAN_VISIBLE,SYSTEM_GUARDIAN_VALID to SYSTEM_GUARDIAN_VALID
01-15 22:21:15.364  1332  7566 I CompositorVR: SetSchedFifo( tid=2931, pol=2, pri=0 ) succeeded
01-15 22:21:15.364  1332  7566 I CompositorVR: SetSchedFifo( tid=3636, pol=2, pri=0 ) succeeded
01-15 22:21:15.364  1332  7566 I CompositorVR: SetSchedFifo( tid=3693, pol=2, pri=0 ) succeeded
01-15 22:21:15.487  2331  2687 I chatty  : uid=10020(com.oculus.vrshell) ShellOverlayVR expire 16 lines
01-15 22:21:15.488  2815  2946 I VrGuardianService: GuardianSDKServer::SetActiveHand
01-15 22:21:15.492  2815  2946 I VrGuardianService: GuardianSDKServer::SetGuardianHitDialog2 1
01-15 22:21:15.674  1050  7826 I ActivityTaskManager: START u0 {act=android.intent.action.MAIN cat=[android.intent.category.LAUNCHER] flg=0x10010000 pkg=com.oculus.vrshell cmp=com.oculus.vrshell/.MainActivity (has extras)} from uid 10020
01-15 22:21:15.683  7693  7693 D UE4     : [GameActivity] onPause: stop memory reporter runnable
01-15 22:21:15.683  7693  7729 D UE4     : Case APP_CMD_PAUSE
01-15 22:21:15.683  7693  7693 D UE4     : [GameActivity] ==============> GameActive.onPause complete!
01-15 22:21:15.683  7693  7729 D UE4     : [2023.01.15-22.21.15:683][506]LogAndroid: Case APP_CMD_PAUSE
01-15 22:21:15.683  7693  7729 D UE4     : LogAndroidEvents::EnqueueAppEvent : 6, [width=-1, height=-1], tid = 7729, APP_EVENT_STATE_ON_PAUSE
01-15 22:21:15.684  7693  7729 D UE4     : [2023.01.15-22.21.15:683][506]LogAndroid: event thread, suspending app, acquiring HW window lock.
01-15 22:21:15.684  7693  7729 D UE4     : LogAndroidEvents::EnqueueAppEvent : 15, [width=-1, height=-1], tid = 7729, APP_EVENT_RUN_CALLBACK
01-15 22:21:15.684  7693  7729 D UE4     : [2023.01.15-22.21.15:684][506]LogAndroid: AndroidEGL::  SuspendApp_EventThread, waiting for event manager to process. tid: 7729
01-15 22:21:15.693  1050  7826 W InputReader: Device has associated, but no associated display id.
01-15 22:21:15.693  2815  2946 I VrGuardianService: GuardianSDKServer::GuardianCmd: 14
01-15 22:21:15.693  2815  2946 I GuardianSystem: GuardianSystem::GuardianCmd CMD_CLEAR_RETURN_PACKAGE
01-15 22:21:15.694  7693  7728 D UE4     : [2023.01.15-22.21.15:694][506]LogAndroidEvents: Display: LogAndroidEvents::DequeueAppEvent : 6, [width=-1, height=-1], APP_EVENT_STATE_ON_PAUSE
01-15 22:21:15.694  7693  7728 D UE4     : FAppEventManager::Tick processing, 6
01-15 22:21:15.694  7693  7728 D UE4     : [2023.01.15-22.21.15:694][506]LogVulkanRHI: FVulkanPipelineStateCacheManager: skipped saving because we only save if the PSOFC based one failed to load.
01-15 22:21:15.694  7693  7728 D UE4     : [2023.01.15-22.21.15:694][506]LogAndroidEvents: Display: LogAndroidEvents::DequeueAppEvent : 15, [width=-1, height=-1], APP_EVENT_RUN_CALLBACK
01-15 22:21:15.694  7693  7728 D UE4     : FAppEventManager::Tick processing, 15
01-15 22:21:15.694  7693  7728 D UE4     : [2023.01.15-22.21.15:694][506]LogAndroidEvents: Display: Event thread callback running.
01-15 22:21:15.694  7693  7728 D UE4     : [2023.01.15-22.21.15:694][506]LogAndroid: performing app backgrounding callback. 0xb6bb5640
01-15 22:21:15.696  2741  2741 I chatty  : uid=10020(com.oculus.vrshell) ShellMain expire 6 lines
01-15 22:21:15.698  7693  7693 D SystemActivitiesReceiver: SystemActivityReceiver.onReceive intent:Intent { act=com.oculus.system_activity flg=0x10 pkg=com.YourCompany.TemplateProject3 (has extras) }
01-15 22:21:15.698  7693  7693 D SystemActivitiesReceiver: fromPackageName: 'com.oculus.vrshell'
01-15 22:21:15.698  7693  7693 D SystemActivitiesReceiver: command: '{"Command":"exitToHome","PlatformUIVersion":4,"ToPackage":"com.YourCompany.TemplateProject3"}'
01-15 22:21:15.698  7693  7693 D SystemActivitiesReceiver: uri: ''
01-15 22:21:15.700  7693  7693 D TrustedSignatureVerifier: Checking app signature for com.oculus.vrshell
01-15 22:21:15.700  7693  7693 D TrustedSignatureVerifier: Package com.oculus.vrshell trusted due to RELEASE signature.
01-15 22:21:15.700  7693  7693 D SystemActivitiesReceiver: App is trusted
01-15 22:21:15.700  7693  7693 I SystemActivitiesEvents: nativeSystemActivityIntent in 'com.YourCompany.TemplateProject3': 'com.oculus.vrshell' '{"Command":"exitToHome","PlatformUIVersion":4,"ToPackage":"com.YourCompany.TemplateProject3"}' ''
01-15 22:21:15.700  7693  7693 I SystemActivitiesEvents: SYSTEM_ACTIVITY_EVENT_EXIT_TO_HOME: finish() - exit to Home
01-15 22:21:15.700  7693  7693 W emplateProject: Attempt to remove non-JNI local reference, dumping thread
01-15 22:21:15.700  7693  7693 I chatty  : uid=10126(com.YourCompany.TemplateProject3) identical 6 lines
01-15 22:21:15.701  1050  1071 D ActivityManager: Is background playback enabled for all apps: false
01-15 22:21:15.702   754  7778 D AF::RecordHandle: OpRecordAudio: track:67 uid:10032 pkg:com.oculus.horizon usage:0 not muted
01-15 22:21:15.702   754  1392 D AF::RecordHandle: OpRecordAudio: track:56 uid:10014 pkg:com.oculus.shellenv usage:0 muted
