02-08 22:46:57.081  2024  2024 W ClientMgr: ClientMgr::SetFocusedClient: No focused client
02-08 22:46:57.081  2024  2024 I ClientMgr: Releasing clocks.
02-08 22:46:57.081  2024  2024 I ClientMgr: SetFocusedPackageName - packageName  processName  clientId 0 clientPid 0
02-08 22:46:57.083   745  1328 D msm8974_platform: platform_set_channel_map mixer_ctl_name:Playback Channel Map9
02-08 22:46:57.084   745  1328 D msm8974_platform: platform_set_channel_map: set mapping(1 2 0 0 0 0 0 0) for channel:2
02-08 22:46:57.085   745  1328 D audio_hw_primary: start_output_stream: exit
02-08 22:46:57.086   883  1020 W TrackingService: attachClient: found client in attached list
02-08 22:46:57.093  3277  3277 D MetaCam (MediaCapabilityChecker): checkMediaHasRecordingCapabilities packageName: com.oculus.shellenv
02-08 22:46:57.095  3277  3277 D MetaCam (MediaCapabilityChecker): checkMediaHasRecordingCapabilities packageName: com.oculus.shellenv
02-08 22:46:57.106  2024  2049 I FocusedClientsListener: focus: onTopActivityChanged: com.YourCompany.TemplateProject3
02-08 22:46:57.107  2024 22223 I FocusedClientsListener: focus: onVrFocusChanged(focusType=1): 5
02-08 22:46:57.107  3371  3486 I [CT]    : MIXEDREALITY: MrServiceController: VrFocusManager::Top Activity Changed, topActivity now is: 'com.YourCompany.TemplateProject3', immersiveApp now is: 'com.YourCompany.TemplateProject3'.
02-08 22:46:57.107  2024 22223 I FocusedClientsListener: focus: pid=4614
02-08 22:46:57.107  2024 22223 I FocusedClientsListener: focus: pid=3797
02-08 22:46:57.107  2024 22223 I FocusedClientsListener: focus: pid=3835
02-08 22:46:57.107  2024 22223 I FocusedClientsListener: focus: pid=3371
02-08 22:46:57.107  2024 22223 I FocusedClientsListener: focus: pid=3089
02-08 22:46:57.107  2024  3127 I FocusedClientsListener: focus: onVrFocusChanged(focusType=0): 5
02-08 22:46:57.107  4614  4643 I Clay    : xrPollEvent: REFERENCE_SPACE_CHANGE_PENDING
02-08 22:46:57.107  2024  3127 I FocusedClientsListener: focus: pid=4614
02-08 22:46:57.107  2024  3127 I FocusedClientsListener: focus: pid=3797
02-08 22:46:57.107  2024  3127 I FocusedClientsListener: focus: pid=3835
02-08 22:46:57.107  2024  3127 I FocusedClientsListener: focus: pid=3371
02-08 22:46:57.107  2024  3127 I FocusedClientsListener: focus: pid=3089
02-08 22:46:57.107  2024  3485 I FocusedClientsListener: focus: onVrFocusChanged(focusType=2): 0
02-08 22:46:57.107  3797  4689 I [SEO] ShellApp: Immersive Activity Changed to: com.YourCompany.TemplateProject3
02-08 22:46:57.107  4614  4643 I Clay    : xrPollEvent: SESSION_STATE_CHANGED: READY
02-08 22:46:57.107  3371  3418 I [CT]    : MIXEDREALITY: MrServiceView: renderIteration: (every 10 seconds), screen is: ON, PT is: OFF, ID is: OFF
02-08 22:46:57.107  4614  4643 I Clay    : Entering VR mode: cpu=-1, gpu=-1, perf threads: main=4643, gpu=unset
02-08 22:46:57.107  4614  4643 I OpenXR  : ------------ xrBeginSession [start] -----------
02-08 22:46:57.107  4614  4643 I VrRuntimeClient: Tracing is disabled
02-08 22:46:57.107  4614  4643 I VrRuntimeClient: SysProp debug mode is disabled on Client side
02-08 22:46:57.107  2149  2266 I VRLifecycleSessionManager: Stored session info.
02-08 22:46:57.107  3835  3835 I [OAO] ShellOverlayServiceJNI: NativeSendOverlayCommand
02-08 22:46:57.108  3835  3835 I [OAO] ShellOverlayServiceJNI: NativeWake
02-08 22:46:57.108  3835  3835 I [OAO] ShellOverlayMain: WakeVrThread
02-08 22:46:57.108  3835  3835 I [OAO] ShellOverlayMain: WakeVrThread - notifying vr thread
02-08 22:46:57.108  3835  3880 I [OAO] ShellOverlayApp: VrThread woke up
02-08 22:46:57.108  3371  3418 I [CT]    : MIXEDREALITY: MrServiceModel: commitLayerState: PassthroughMode: kNone.
02-08 22:46:57.108  3835  3880 I [OAO] ShellOverlayApp: 0xc7b2ab28 msg: overlayCommand:
02-08 22:46:57.108  3835  3880 I [OAO] ShellOverlayApp: command = topActivityChanged
02-08 22:46:57.108  3835  3880 I [OAO] ShellOverlayApp: topActivity = com.YourCompany.TemplateProject3
02-08 22:46:57.108  3835  3880 I [OAO] ShellOverlayApp: Process_OverlayCommand command : topActivityChanged
02-08 22:46:57.108  3835  3880 I [OAO] ShellOverlayApp: Process_OverlayCommand unknown command received: topActivityChanged
02-08 22:46:57.108  3835  3880 I [OAO] ShellOverlayApp: Start sleep timeout. Now:21532.562524, Timeout:21534.562524
02-08 22:46:57.109 21033 21115 E OsSdk   : error getting shared memory region, memory type: HeadTracker, failed with Status(-1, EX_SECURITY): 'requested shared memory region when not registered/focused'
02-08 22:46:57.113  2024 24843 I CompositorVR: SetSchedFifo( tid=3418, pol=5, pri=1 ) succeeded
02-08 22:46:57.113  3371  3418 I [CT]    : MIXEDREALITY: MrServiceModel: Hibernating caller (most likely rendering thread) due to commandQueue being empty.
02-08 22:46:57.114  4614  4643 D VrApi   : targetSDKVersion 29
02-08 22:46:57.129  4614  4643 I VrRuntimeClient: DEVICE MODEL NUMBER = Quest 2
02-08 22:46:57.129  4614  4643 I VrRuntimeClient: DEVICE BUILD NAME = user-49882890192000150
02-08 22:46:57.129  4614  4643 I VrRuntimeClient: DEVICE BUILD TYPE = user
02-08 22:46:57.129  4614  4643 I VrRuntimeClient: DEVICE OS VERSION = 10
02-08 22:46:57.129  4614  4643 I VrRuntimeClient: API LOADER VERSION = 1.0.25
02-08 22:46:57.129  4614  4643 I VrRuntimeClient: RUNTIME API VERSION = 1.0.25
02-08 22:46:57.129  4614  4643 I VrRuntimeClient: RUNTIME VERSION = 49.0.0.186.357 Jan 21 2023 14:22:27 RELEASE
02-08 22:46:57.129  4614  4643 I VrRuntimeClient: APP NAME = ShellEnv
02-08 22:46:57.129  4614  4643 I VrRuntimeClient: APP VERSION = 49.0.0.186.357 versionCode 440026302 internalVersionName 49.0.0.186.357.8b032e9b092a 2023_01_21_14_43
02-08 22:46:57.129  4614  4643 I VrRuntimeClient: APP VR TYPE = vr_only
02-08 22:46:57.129  4614  4643 I VrRuntimeClient: APP MODE TYPE = VR
02-08 22:46:57.129  4614  4643 I VrRuntimeClient: APP PACKAGE NAME = com.oculus.shellenv
02-08 22:46:57.129  4614  4643 I VrRuntimeClient: APP ACTIVITY CLASS = com.oculus.shellenv.ShellEnvActivity
02-08 22:46:57.129  4614  4643 I Sensor  : OSSDKTRACKING Initializing head tracking
02-08 22:46:57.129  4614  4643 I Sensor  : OSSDKTRACKING Head tracker != nullpointer 0x7a51133cd8, 1
02-08 22:46:57.129  4614  4643 I Sensor  : OSSDKTRACKING Initializing controller tracking
02-08 22:46:57.129  4614  4643 I Sensor  : OSSDKTRACKING Controller tracker != nullpointer 0x7a33064f30, 1
02-08 22:46:57.129  4614  4643 D BatteryReceiver: Registering battery receiver
02-08 22:46:57.144 18403 18403 W OVRLibrary: null cursor received for query content://com.oculus.ocms.library/apps/com.YourCompany.TemplateProject3
02-08 22:46:57.147   883  1020 W TrackingService: attachClient: found client in attached list
02-08 22:46:57.148 21033 21115 E OsSdk   : error getting shared memory region, memory type: HeadTracker, failed with Status(-1, EX_SECURITY): 'requested shared memory region when not registered/focused'
02-08 22:46:57.155  1029  1051 W Looper  : Slow dispatch took 107ms android.ui h=com.android.server.am.ActivityManagerService$UiHandler c=null m=53
02-08 22:46:57.173  1029  1029 W Looper  : Slow dispatch took 137ms main h=com.android.server.job.JobSchedulerService$JobHandler c=null m=1
02-08 22:46:57.178  4614  4643 D HeadsetReceiver: getCurrentHeadsetState: true
02-08 22:46:57.178  4614  4643 I DeviceStatus: nativeHeadsetEvent(1)
02-08 22:46:57.181  2149  2657 W OVRLibrary: null cursor received for query content://com.oculus.ocms.library/apps/com.YourCompany.TemplateProject3
02-08 22:46:57.182  2801  2801 D IdentityManagementJobService: onStartJob - starting async IMS jobs
02-08 22:46:57.183  2149  2657 I OVRMediaServiceManager: Sending onAppStart (com.YourCompany.TemplateProject3) to SocialPlatform (com.oculus.socialplatform)
02-08 22:46:57.183  2801  2849 D IdentityManagementAsyncTask: doInBackground - working on IMS async tasks
02-08 22:46:57.186   883   883 W TrackingService: attachClient: found client in attached list
02-08 22:46:57.187 21033 21115 E OsSdk   : error getting shared memory region, memory type: HeadTracker, failed with Status(-1, EX_SECURITY): 'requested shared memory region when not registered/focused'
02-08 22:46:57.189 18403 18403 W OVRLibrary: null cursor received for query content://com.oculus.ocms.library/apps/com.oculus.xrstreamingclient
02-08 22:46:57.199  4614  4643 I VrRuntimeClient: SetCompositorClientFeatureFlag ClientFeatureFlag 0 
02-08 22:46:57.199  4614  4643 I LogTimer: CPUTIME: VrRuntimeClient_BeginSession took 92.5905 ms
02-08 22:46:57.200  4614  4643 I ClientInputInterface: DEADRECKONING SetControllerTrackingExtendedDeadreckoning 0
02-08 22:46:57.200  4614  4643 I ClientInputSettings: HANDTRACKING package name is com.oculus.shellenv
02-08 22:46:57.206  4614  4643 I ClientInputSettings: HANDTRACKING: Manifest Permission request for com.oculus.shellenv
02-08 22:46:57.207  4614  4643 I ClientInputSettings: HANDTRACKING:  'com.oculus.shellenv' Is hands or controller.
02-08 22:46:57.208  4614  4643 I ClientInputSettings: HANDTRACKING: feature flag set to 2
02-08 22:46:57.208  4614  4643 I ClientInputInterface: HANDTRACKING sethandmanifest 2
02-08 22:46:57.208  4614  4643 I InputHooks_Internal: Enabling Native Input Hooks
02-08 22:46:57.211  4614  4643 I InputDeviceManager: ovrInputDeviceManager::Initialize
02-08 22:46:57.219   883 24606 I [CT]    : CONSTELLATION:IMU_STATUS: 729165a0fe4054d7 (R): [FusionTracked=1.000, OutputTracked=1.000, OutputValid=1.000] [AccelSat=0.000, GyroSat=0.000] 
02-08 22:46:57.224  2024 24843 I CompositorVR: SetSchedFifo( tid=3418, pol=2, pri=0 ) succeeded
02-08 22:46:57.226   883  1020 W TrackingService: attachClient: found client in attached list
02-08 22:46:57.227 21033 21115 E OsSdk   : error getting shared memory region, memory type: HeadTracker, failed with Status(-1, EX_SECURITY): 'requested shared memory region when not registered/focused'
02-08 22:46:57.234   883  5113 W TrackingService: attachClient: found client in attached list
02-08 22:46:57.235 18403 18403 W OVRLibrary: null cursor received for query content://com.oculus.ocms.library/apps/quick_settings_app
02-08 22:46:57.235   883  5113 D TrackingService: getSharedMemory: com.oculus.shellenv#4614, HeadTracker
02-08 22:46:57.236  4614  4643 I Distortion: Initializing Mesh Decenter Correction
02-08 22:46:57.240   865  4425 E CalibrationProvider: loadCalibration(LDISP_SN) failed: Calibration store didn't load any info
02-08 22:46:57.240   865  4425 E CalibrationProvider: loadCalibration(RDISP_SN) failed: Calibration store didn't load any info
02-08 22:46:57.240  4614  4643 I Distortion: SetLensPositions - iad=0.0630817, left offset=-0.000219997,-0.00102733, right offset=9.91635e-05,-0.00104481
02-08 22:46:57.241  4614  4643 I Distortion: Initializing Mesh Decenter Correction
02-08 22:46:57.241   865  4425 E CalibrationProvider: loadCalibration(LDISP_SN) failed: Calibration store didn't load any info
02-08 22:46:57.241   865  4425 E CalibrationProvider: loadCalibration(RDISP_SN) failed: Calibration store didn't load any info
02-08 22:46:57.242  4614  4643 I Distortion: SetLensPositions - iad=0.0630817, left offset=-0.000219997,-0.00102733, right offset=9.91635e-05,-0.00104481
02-08 22:46:57.242  4614  4643 I Distortion: Created custom distortion mesh.
02-08 22:46:57.243   883  5113 W TrackingService: attachClient: found client in attached list
02-08 22:46:57.244   883  5113 D TrackingService: getSharedMemory: com.oculus.shellenv, Controller
02-08 22:46:57.244  4614  4643 I InputDevice_TrackedRemote: REMOTE: Hand=2 IndexAnalog=0.00 GripAnalog=0.00 Buttons=0x00000000
02-08 22:46:57.244  4614  4643 I InputDevice_TrackedRemote: REMOTE: Hand=1 IndexAnalog=0.00 GripAnalog=0.00 Buttons=0x00000000
02-08 22:46:57.244  4614  4643 I InputDeviceManager: HANDTRACKING Pointer filter profile changed to: 0
02-08 22:46:57.244  4614  4643 I InputDeviceManager: HANDTRACKING Pointer filter profile changed to: 0
02-08 22:46:57.244  4614  4643 I InputDeviceManager: HANDTRACKING Root pose filter profile changed for (version, freq) to (2, 1) from (1,2)
02-08 22:46:57.244  4614  4643 I PhaseSync: PhaseSync::PhaseSync PaddingLowerLimit 0.350000 StandardDeviations 2.000000 PaddingUpperLimit 0.750000 on instance 14
02-08 22:46:57.244  4614  4643 I VrRuntimeClient: PhaseSync Instance created
02-08 22:46:57.244  4614  4643 D VrRuntimeClient: pokeGuardianUserServiceForThisClient: com.oculus.shellenv:10014
02-08 22:46:57.247  3089  3089 D VrGuardianUserService: onStartCommandIntent { act=FOREGROUND_CLIENT cmp=com.oculus.guardian/com.oculus.vrguardianservice.VrGuardianUserService (has extras) }
02-08 22:46:57.247  3089  3089 D VrGuardianUserService: maybeSubscribeDeviceConfig
02-08 22:46:57.247  3089  3089 D VrGuardianUserService: onStartCommand FOREGROUND_CLIENT user = 0
02-08 22:46:57.248  4614  4643 D VrRuntimeClient: VrRuntimeClient: getClientWindow: activity client
02-08 22:46:57.248  2024  4686 I VrRuntimeService: RuntimeServiceSDKServer::EnableRendering: 0x7a6c8d3200, 2, com.oculus.shellenv
02-08 22:46:57.248  2024  4686 I ClientMgr: EnableRendering2: Calling SetFocusedClient: 1628767958
02-08 22:46:57.248  2024  4686 I ClientMgr: FocusedClient changed.
02-08 22:46:57.248  2024  4686 I ClientMgr: ClientMgr::SetFocusedClient: 4614:com.oculus.shellenv type 0
02-08 22:46:57.248  2024  4686 I ClientMgr: SetFocusedPackageName - packageName com.oculus.shellenv processName com.oculus.shellenv clientId 1628767958 clientPid 4614
02-08 22:46:57.248  2024  4686 I VrRuntimeService: RuntimeIPC: SendFocusChangeEventToAllClients: PostClientEvent SUCCESS: com.oculus.vrshell:com.oculus.vrshell:Overlay:3835, com.oculus.shellenv, com.oculus.shellenv
02-08 22:46:57.249  2024  4686 W REFLECT [RUNTIMEIPC]: ipc_PostClientEvent FAILED: FocusChangeEvent
02-08 22:46:57.249  2024  4686 W VrRuntimeService: RuntimeIPC: SendFocusChangeEventToAllClients: PostClientEvent FAILED: com.oculus.shellenv:com.oculus.shellenv:4614, com.oculus.shellenv, com.oculus.shellenv
02-08 22:46:57.249  2024  4686 I VrRuntimeService: RuntimeIPC: SendFocusChangeEventToAllClients: PostClientEvent SUCCESS: com.oculus.vrshell:com.oculus.vrshell:3797, com.oculus.shellenv, com.oculus.shellenv
02-08 22:46:57.249  2024  4686 W REFLECT [RUNTIMEIPC]: ipc_PostClientEvent FAILED: FocusChangeEvent
02-08 22:46:57.249  2024  4686 W VrRuntimeService: RuntimeIPC: SendFocusChangeEventToAllClients: PostClientEvent FAILED: com.oculus.mrservice:com.oculus.mrservice:3371, com.oculus.shellenv, com.oculus.shellenv
02-08 22:46:57.249  2024  4686 W REFLECT [RUNTIMEIPC]: ipc_PostClientEvent FAILED: FocusChangeEvent
02-08 22:46:57.249  2024  4686 W VrRuntimeService: RuntimeIPC: SendFocusChangeEventToAllClients: PostClientEvent FAILED: native_process.system:/system/bin/mrsystemservice:868, com.oculus.shellenv, com.oculus.shellenv
02-08 22:46:57.249  2024  4686 I VrRuntimeService: RuntimeIPC: SendFocusChangeEventToAllClients: PostClientEvent SUCCESS: com.oculus.xrstreamingclient:com.oculus.xrstreamingclient:21033, com.oculus.shellenv, com.oculus.shellenv
02-08 22:46:57.249  2024  4686 I VrRuntimeService: RuntimeIPC: SendFocusChangeEventToAllClients: PostClientEvent SUCCESS: com.oculus.guardian:com.oculus.vrguardianservice:3089, com.oculus.shellenv, com.oculus.shellenv
02-08 22:46:57.249  2024  4686 I ClientMgr: ClientMgr::EnableRendering 4614:com.oculus.shellenv : type 0 comp-id 6: enable
02-08 22:46:57.249  2024  4686 I CompositorVR: CheckDebuggerConnected: debugger 0
02-08 22:46:57.249  2024  4686 I VrRuntimeServer: SysProp debug mode is disabled on Server side
02-08 22:46:57.249  2024  4686 I UnifiedTelemetryWrapper: Started UT session render:com.oculus.shellenv
02-08 22:46:57.252  3089  3089 D VrGuardianService: setCurrentUser() called with: userId = [0]
02-08 22:46:57.252  3089  3089 I VrGuardianService: nativeSetCurrentUser userid = 0
02-08 22:46:57.253  3089  3089 I GuardianSystem: [GuardianSystem::SetCurrentUser] User ID 0 
02-08 22:46:57.258 21033 21088 D xrstreaming: receive pong: org 21532709188292 recv 44893021551200 xmt 44893022139600 (received at 21532712253813), offset divergence 2354679
02-08 22:46:57.259  2024  3018 I ClientMgr: Non-overlay clients rendering status has changed: prev=232, curr=233, enabled=1
02-08 22:46:57.259  2024  3018 I ClientMgr: Primary Client is not valid.
02-08 22:46:57.259  2024  3018 I ClientMgr: Primary client determined to be the current enabled client 1628767958
02-08 22:46:57.259  2024  3018 I ClientMgr: ClientMgr::SetPrimaryCompositorClient: 4614:com.oculus.shellenv
02-08 22:46:57.260  2024  3018 W ClientMgr: ClientMgr::GetClientPermissionFlagsById: Client missing proper permissions: com.oculus.shellenv, 2
02-08 22:46:57.260  2024  3018 I CompositorClientMgr: Enable client 6
02-08 22:46:57.260  2024  3018 I VrRuntimeServer: EnableCompositorClient client(6): layer placement(0) flags(1) sm(0x7accaa9010)
02-08 22:46:57.260  2024  3018 I ClientMgr: SetPrimaryPackageName - packageName com.oculus.shellenv processName com.oculus.shellenv clientId 1628767958 clientPid 4614
02-08 22:46:57.260  2024  3018 I ServiceInputManager: ServiceInputManager::SetPrimaryPackageName 'com.oculus.shellenv' 'com.oculus.shellenv'  updated AnytimeUI processname 0
02-08 22:46:57.260  2024  3018 I VrRuntimeService: RuntimeIPC: SendPrimaryPackageChangeEvent: PostClientEvent SUCCESS: com.oculus.vrshell:com.oculus.vrshell:Overlay:3835, com.oculus.shellenv, com.oculus.shellenv
02-08 22:46:57.260  2024  3018 W REFLECT [RUNTIMEIPC]: ipc_PostClientEvent FAILED: PackageChangeEvent
02-08 22:46:57.260  2024  3018 W VrRuntimeService: RuntimeIPC: SendPrimaryPackageChangeEvent: PostClientEvent FAILED: com.oculus.shellenv:com.oculus.shellenv:4614, com.oculus.shellenv, com.oculus.shellenv
02-08 22:46:57.260  2024  3018 I VrRuntimeService: RuntimeIPC: SendPrimaryPackageChangeEvent: PostClientEvent SUCCESS: com.oculus.vrshell:com.oculus.vrshell:3797, com.oculus.shellenv, com.oculus.shellenv
02-08 22:46:57.260  2024  3018 W REFLECT [RUNTIMEIPC]: ipc_PostClientEvent FAILED: PackageChangeEvent
02-08 22:46:57.260  2024  3018 W VrRuntimeService: RuntimeIPC: SendPrimaryPackageChangeEvent: PostClientEvent FAILED: com.oculus.mrservice:com.oculus.mrservice:3371, com.oculus.shellenv, com.oculus.shellenv
02-08 22:46:57.260  2024  3018 W REFLECT [RUNTIMEIPC]: ipc_PostClientEvent FAILED: PackageChangeEvent
02-08 22:46:57.260  2024  3018 W VrRuntimeService: RuntimeIPC: SendPrimaryPackageChangeEvent: PostClientEvent FAILED: native_process.system:/system/bin/mrsystemservice:868, com.oculus.shellenv, com.oculus.shellenv
02-08 22:46:57.260  2024  3018 I VrRuntimeService: RuntimeIPC: SendPrimaryPackageChangeEvent: PostClientEvent SUCCESS: com.oculus.xrstreamingclient:com.oculus.xrstreamingclient:21033, com.oculus.shellenv, com.oculus.shellenv
02-08 22:46:57.260  2024  3018 I VrRuntimeService: RuntimeIPC: SendPrimaryPackageChangeEvent: PostClientEvent SUCCESS: com.oculus.guardian:com.oculus.vrguardianservice:3089, com.oculus.shellenv, com.oculus.shellenv
02-08 22:46:57.260  2024  3018 D VrRuntimeService: sendPrimaryPackageChangeBroadcast
02-08 22:46:57.261 21033 21088 D xrstreaming: new clock offset=23360311124347 (rtt: 2477121, dispersion: 3980492, jitter: 3049283)
02-08 22:46:57.266   883  5113 W TrackingService: attachClient: found client in attached list
02-08 22:46:57.267 21033 21115 E OsSdk   : error getting shared memory region, memory type: HeadTracker, failed with Status(-1, EX_SECURITY): 'requested shared memory region when not registered/focused'
02-08 22:46:57.268  3089  3150 I GuardianSystem: [GuardianSystem::InitializeRuntimeEventHandlers] runtimeServiceSDKClient_.ForceShowGuardianEvent
02-08 22:46:57.268  3089  3150 I GuardianSystem: ForceShowGuardian: false, 0.00
02-08 22:46:57.268  3089  3150 I GuardianSystem: [GuardianSystem::InitializeRuntimeEventHandlers] runtimeServiceSDKClient_.PackageChangeEvent: package=[com.oculus.shellenv], process=[com.oculus.shellenv]
02-08 22:46:57.268  3089  3150 I GuardianSystem: SetCurrentProcessName: com.oculus.shellenv, previous ProcessName: com.YourCompany.TemplateProject3
02-08 22:46:57.270  3797  3797 D [SEO] BaseOverlayService: screenStateReceiver Received broadcast: com.oculus.vrshell.intent.action.PRIMARY_PACKAGE_CHANGED
02-08 22:46:57.271  2024  3018 I UnifiedTelemetryWrapper: Setting destination as com.oculus.shellenv
02-08 22:46:57.271  2024  3018 I AADT    : SetAADTLutDataX: 0
02-08 22:46:57.271  2024  3018 I AADT    : SetAADTLutDataY: 0
02-08 22:46:57.271  2024  3018 I ServiceInputManager: InhibitHandleHomeKey has changed on the service. New value: 1
02-08 22:46:57.271  2024  3018 I ServiceInputManager: DEADRECKONING deadReckoning mode on ClientMgr from server is 0
02-08 22:46:57.271  2024  3018 I PerformanceManager_V0: SetClockLevels: Force releasing clocks
02-08 22:46:57.271  2024  3018 I PerformanceManager_V0: SetClockLevels: Apply pending clock request change: 2,3 -> -1,-1
02-08 22:46:57.271  2024  3014 I Clocks  : ReleaseClocks - start
02-08 22:46:57.272  3835  3835 D [OAO] BaseOverlayService: screenStateReceiver Received broadcast: com.oculus.vrshell.intent.action.PRIMARY_PACKAGE_CHANGED
02-08 22:46:57.272  3835  3835 I [OAO] ShellOverlayServiceJNI: NativeSendOverlayCommand
02-08 22:46:57.272  3835  3835 I [OAO] ShellOverlayServiceJNI: NativeWake
02-08 22:46:57.272  3835  3835 I [OAO] ShellOverlayMain: WakeVrThread
02-08 22:46:57.272  3835  3835 I [OAO] ShellOverlayMain: WakeVrThread - notifying vr thread
02-08 22:46:57.273  2149  2532 I OVRMediaService: onStartCommand Received message type: set_package_name, caller package: no_app_identity, app identify: null
02-08 22:46:57.273  2149  2532 I OVRMediaService: Got package name intent (com.oculus.shellenv)
02-08 22:46:57.273  2024  3018 I Vsync   : Adjusting vsync display refresh rate 72.000000 -> 90.000000
02-08 22:46:57.276  2024  3014 I Clocks  : ReleaseClocks - end (4.7 ms)
02-08 22:46:57.280  2024 24843 I AADT    : SetAADTLutDataX. Thread. SizeX: 0
02-08 22:46:57.280  2024 24843 I AADT    : SetAADTLutDataY. Thread. SizeY: 0
02-08 22:46:57.282  4614  4643 I ScreenCaptureHelper: Advertising com.oculus.shellenv as streamable
02-08 22:46:57.283  4614  4643 I VrApi   : OVR::Stats thread started
02-08 22:46:57.283  4614  4643 I XrRuntimeUtils: XrRuntimeUtils::BeginSession
02-08 22:46:57.283  4614  4643 I XrRuntimeSystem_Client: BeginSession
02-08 22:46:57.283  4614  4643 I OpenXR  : ------------ xrBeginSession [end] -----------
02-08 22:46:57.283  4614  4643 I Clay    : Setting CPU/GPU levels= 25/75
02-08 22:46:57.291  4614 25937 I FenceChecker: FenceChecker::MainLoop - started
02-08 22:46:57.292  4614 25935 D VrApi   : targetSDKVersion 29
02-08 22:46:57.294  2024 24843 I CompositorVR: SetSchedFifo( tid=4643, pol=3, pri=0 ) succeeded
02-08 22:46:57.294  2024 24843 I CompositorVR: SetSchedFifo( tid=25937, pol=3, pri=0 ) succeeded
02-08 22:46:57.296  4614  4643 I OpenXR  : PostSessionStateChange: XR_SESSION_STATE_READY -> XR_SESSION_STATE_SYNCHRONIZED
02-08 22:46:57.297  2024  3485 I FocusedClientsListener: focus: onTopActivityChanged: com.YourCompany.TemplateProject3
02-08 22:46:57.297  4614  4643 I Clay    : xrPollEvent: SESSION_STATE_CHANGED: SYNCHRONIZED
02-08 22:46:57.297  4614  4643 I OpenXR  : PostSessionStateChange: XR_SESSION_STATE_SYNCHRONIZED -> XR_SESSION_STATE_VISIBLE
02-08 22:46:57.298  3797  4689 I [SEO] ShellApp: Immersive Activity Changed to: com.YourCompany.TemplateProject3
02-08 22:46:57.298  3371  3486 I [CT]    : MIXEDREALITY: MrServiceController: VrFocusManager::Top Activity Changed, topActivity now is: 'com.YourCompany.TemplateProject3', immersiveApp now is: 'com.YourCompany.TemplateProject3'.
02-08 22:46:57.299  3371  3418 I [CT]    : MIXEDREALITY: MrServiceModel: Hibernating caller (most likely rendering thread) due to commandQueue being empty.
02-08 22:46:57.299  2024  3485 I FocusedClientsListener: focus: onTopActivityChanged: com.YourCompany.TemplateProject3
02-08 22:46:57.299  4614  4643 I OpenXR  : PostSessionStateChange: XR_SESSION_STATE_VISIBLE -> XR_SESSION_STATE_FOCUSED
02-08 22:46:57.300  3797  4689 I [SEO] ShellApp: Immersive Activity Changed to: com.YourCompany.TemplateProject3
02-08 22:46:57.300  3371  3486 I [CT]    : MIXEDREALITY: MrServiceController: VrFocusManager::Top Activity Changed, topActivity now is: 'com.YourCompany.TemplateProject3', immersiveApp now is: 'com.YourCompany.TemplateProject3'.
02-08 22:46:57.300  2024  3485 I FocusedClientsListener: focus: onTopActivityChanged: com.oculus.shellenv
02-08 22:46:57.300  3371  3486 I [CT]    : MIXEDREALITY: MrServiceController: VrFocusManager::Top Activity Changed, topActivity now is: 'com.oculus.shellenv', immersiveApp now is: 'com.oculus.shellenv'.
02-08 22:46:57.301  4614  4643 I Clay    : xrPollEvent: SESSION_STATE_CHANGED: VISIBLE
02-08 22:46:57.301  4614  4643 I Clay    : xrPollEvent: SESSION_STATE_CHANGED: FOCUSED
02-08 22:46:57.303  2149  2532 I OVRMediaServiceManager: Sending onAppStart (com.oculus.shellenv) to SocialPlatform (com.oculus.socialplatform)
02-08 22:46:57.306  3835  3835 I [OAO] ShellOverlayServiceJNI: NativeSendOverlayCommand
02-08 22:46:57.306  3835  3835 I [OAO] ShellOverlayServiceJNI: NativeWake
02-08 22:46:57.306  3835  3835 I [OAO] ShellOverlayMain: WakeVrThread
02-08 22:46:57.306  3835  3835 I [OAO] ShellOverlayMain: WakeVrThread - notifying vr thread
02-08 22:46:57.306  3835  3835 I [OAO] ShellOverlayServiceJNI: NativeSendOverlayCommand
02-08 22:46:57.306  3835  3835 I [OAO] ShellOverlayServiceJNI: NativeWake
02-08 22:46:57.306  3835  3835 I [OAO] ShellOverlayMain: WakeVrThread
02-08 22:46:57.306  3835  3835 I [OAO] ShellOverlayMain: WakeVrThread - notifying vr thread
02-08 22:46:57.306  3835  3835 I [OAO] ShellOverlayServiceJNI: NativeSendOverlayCommand
02-08 22:46:57.306  3835  3835 I [OAO] ShellOverlayServiceJNI: NativeWake
02-08 22:46:57.306  3835  3835 I [OAO] ShellOverlayMain: WakeVrThread
02-08 22:46:57.306  3835  3835 I [OAO] ShellOverlayMain: WakeVrThread - notifying vr thread
02-08 22:46:57.306  3371  3418 I [CT]    : MIXEDREALITY: MrServiceModel: Hibernating caller (most likely rendering thread) due to commandQueue being empty.
02-08 22:46:57.307   883  1020 W TrackingService: attachClient: found client in attached list
02-08 22:46:57.308  2024 24843 I CompositorVR: SetSchedFifo( tid=3418, pol=5, pri=1 ) succeeded
02-08 22:46:57.310 21033 21115 E OsSdk   : error getting shared memory region, memory type: HeadTracker, failed with Status(-1, EX_SECURITY): 'requested shared memory region when not registered/focused'
02-08 22:46:57.310  3797  3797 D [SEO] ShellEnvOverlayService: Message Handler: onResume
02-08 22:46:57.310   883  1020 I chatty  : uid=1000(system) Binder:883_2 identical 1 line
02-08 22:46:57.310  3797  4689 I [SEO] ShellApp: 0xc8f25b08 msg: resume
02-08 22:46:57.310  3797  4689 I [SEO] ShellApp: ---------- ShellApp::EnterVrMode() ----------
02-08 22:46:57.310  3797  4689 D [SEO] ShellApplication: setOverlayInputFocus: inputFocus=true shouldSupportIME=true
02-08 22:46:57.310  3797  4689 D [SEO] BaseOverlayService: setOverlayInputFocus : entrypoint - inputFocus=true shouldSupportIME=true
02-08 22:46:57.310  3797  3797 D [SEO] BaseOverlayService: attachServiceWindowView shouldSupportIME:true
02-08 22:46:57.311  3797  4689 I [SEO] ShellTransitionState: Logging ShellTransitionState to dumpsys: {"state":"Foregrounding","timeMillis":"21532765"}
02-08 22:46:57.311  3797  4689 I [SEO] VrPlatformOpenXr: Setting clock levels to cpu=2, gpu=4
02-08 22:46:57.311  3797  4689 I [SEO] VrPlatformOpenXr: Setting perf thread tids to main=4689, render=unset
02-08 22:46:57.311  3797  4689 I OpenXR  : ------------ xrBeginSession [start] -----------
02-08 22:46:57.311  3797  4689 I VrRuntimeClient: Tracing is disabled
02-08 22:46:57.311  3797  4689 I VrRuntimeClient: SysProp debug mode is disabled on Client side
02-08 22:46:57.312 21033 21115 E OsSdk   : error getting shared memory region, memory type: AnchorTracker, failed with Status(-1, EX_SECURITY): 'requested shared memory region when not registered/focused'
02-08 22:46:57.313 18403 18403 W OVRLibrary: null cursor received for query content://com.oculus.ocms.library/apps/notifications_system_app
02-08 22:46:57.319  3371  3418 I [CT]    : MIXEDREALITY: MrServiceModel: Hibernating caller (most likely rendering thread) due to commandQueue being empty.
02-08 22:46:57.319  3835  3880 I [OAO] ShellOverlayApp: 0xc7b2ab28 msg: overlayCommand:
02-08 22:46:57.319  3835  3880 I [OAO] ShellOverlayApp: command = primaryPackageChanged
02-08 22:46:57.320  3835  3880 I [OAO] ShellOverlayApp: Process_OverlayCommand command : primaryPackageChanged
02-08 22:46:57.320  3835  3880 I [OAO] ShellOverlayApp: UpdatePrimaryPackage forceSilentUpdate:0
02-08 22:46:57.320  3835  3880 I [OAO] ShellOverlayApp: UpdatePrimaryPackage Requested for PackageName:com.oculus.shellenv
02-08 22:46:57.320  3835  3880 I [OAO] OverlayFlowController: OnPrimaryPackageChange primaryPackage:com.oculus.shellenv immersiveAppChanged:1 forceSilentUpdate:0
02-08 22:46:57.320  3835  3880 I [OAO] OverlayFlowController: Non system primary client change: ready to sleep
02-08 22:46:57.320  3835  3880 I [OAO] OverlayFlowController: Reset resetReason : ReturnToShellHome
02-08 22:46:57.320  3835  3880 I [OAO] OverlayDesktopFlow: OverlayDesktopFlow Reset
02-08 22:46:57.320  3835  3880 I [OAO] DesktopPanelControllerAnalytics: DesktopPanelControllerAnalytics flushing telemetry
02-08 22:46:57.320  3835  3880 I [OAO] DesktopPanelControllerAnalytics: DesktopPanelControllerAnalytics flushing telemetry
02-08 22:46:57.320  3835  3880 I [OAO] SystemAssistant: OnModeChanged from ImmersiveAppFocused to FullShell
02-08 22:46:57.327  3835  3880 I [OAO] SystemAssistant: Assistant panel is not active. Command [hide-attention-instant] could not be sent
02-08 22:46:57.327  3835  3880 I [OAO] PanelAppHost: PanelAppHost destructor, panel 16 (com.oculus.systemux/com.oculus.panelapp.anytimeui.AnytimeUIAndroidPanelService)
02-08 22:46:57.327  3835  3880 I [OAO] PanelAppHost: Panel app 16 (com.oculus.systemux/com.oculus.panelapp.anytimeui.AnytimeUIAndroidPanelService) changing state from foreground to shutdown
02-08 22:46:57.327  3835  3880 D [OAO] ShellApplication: Unbinding service for panel app id 16
02-08 22:46:57.327  1029  1592 E WindowManager: App trying to use insecure INPUT_FEATURE_NO_INPUT_CHANNEL flag. Ignoring
02-08 22:46:57.333  2024  2024 I ClientMgr: FocusedWindowChanged: found matching overlay client: 1150992703
02-08 22:46:57.333  2024 22223 I FocusedClientsListener: focus: onVrFocusChanged(focusType=2): 1
02-08 22:46:57.333  2024 22223 I FocusedClientsListener: focus: pid=4614
02-08 22:46:57.333  2024  3127 I FocusedClientsListener: focus: onVrFocusChanged(focusType=1): 5
02-08 22:46:57.333  2024  3127 I FocusedClientsListener: focus: pid=4614
02-08 22:46:57.333  2024  3127 I FocusedClientsListener: focus: pid=3797
02-08 22:46:57.333  2024  3127 I FocusedClientsListener: focus: pid=3835
02-08 22:46:57.333  2024  3127 I FocusedClientsListener: focus: pid=3371
02-08 22:46:57.333  2024  3127 I FocusedClientsListener: focus: pid=3089
02-08 22:46:57.334  2024  3485 I FocusedClientsListener: focus: onVrFocusChanged(focusType=0): 5
02-08 22:46:57.334  2024  3485 I FocusedClientsListener: focus: pid=4614
02-08 22:46:57.334  2024  3485 I FocusedClientsListener: focus: pid=3797
02-08 22:46:57.334  2024  3485 I FocusedClientsListener: focus: pid=3835
02-08 22:46:57.334  2024  3485 I FocusedClientsListener: focus: pid=3371
02-08 22:46:57.334  2024  3485 I FocusedClientsListener: focus: pid=3089
02-08 22:46:57.344  3277  3277 D MetaCam (MediaCapabilityChecker): checkMediaHasRecordingCapabilities packageName: com.oculus.vrshell
02-08 22:46:57.344  3277  3277 D MetaCam (MediaCapabilityChecker): checkMediaHasRecordingCapabilities packageName: com.oculus.vrshell
02-08 22:46:57.346  3797  4689 D VrApi   : targetSDKVersion 29
02-08 22:46:57.347  4614  4614 I DeviceStatus: nativeHeadsetEvent(1)
02-08 22:46:57.347  2149  3206 I OVRMediaServiceManager: Sending onAppStart (com.oculus.shellenv) to SocialPlatform (com.oculus.socialplatform)
02-08 22:46:57.350  4614 25935 I JniUtils: ovr_GetCurrentPackageSignature 
02-08 22:46:57.351  2149  2266 W OVRLibrary: null cursor received for query content://com.oculus.ocms.library/apps/com.oculus.vrshell
02-08 22:46:57.352  4614 25935 I Metrics : device name = Oculus Quest 2
02-08 22:46:57.356   883  1020 W TrackingService: attachClient: found client in attached list
02-08 22:46:57.357   883 24830 W [CT]    : TIMESTAMPCHECKER: Nominal rate wrong. Estimated data rate: 25, Nominal is 30.000300003000028
02-08 22:46:57.358 21033 21115 E OsSdk   : error getting shared memory region, memory type: HeadTracker, failed with Status(-1, EX_SECURITY): 'requested shared memory region when not registered/focused'
02-08 22:46:57.394   895  4673 D VrApiService: refresh-rate changed to 90Hz
02-08 22:46:57.395  2024  3018 I PerformanceManager_V0: SetClockLevels: Apply pending clock request change: -1,-1 -> 2,3
02-08 22:46:57.395  2024  3018 I VrRuntimeServer: DisableCompositorClient: 0
02-08 22:46:57.395  2024  3018 I CompositorClientMgr: Disable client 0
02-08 22:46:57.395  2024  3018 I CompositorClientMgr: DisableClient: frame flush required: 1
02-08 22:46:57.395  1242  1279 I SDM     : HWCDisplayBuiltIn::Validate: Validate +++ enable cac = 0
02-08 22:46:57.395  2024  2024 I ClientMgr: FocusedClient changed.
02-08 22:46:57.395  2024  2024 I ClientMgr: ClientMgr::SetFocusedClient: 3797:com.oculus.vrshell type 1
02-08 22:46:57.395  2024  2024 I ClientMgr: SetFocusedPackageName - packageName com.oculus.vrshell processName com.oculus.vrshell clientId 1150992703 clientPid 3797
02-08 22:46:57.395  2024  2024 I VrRuntimeService: RuntimeIPC: SendFocusChangeEventToAllClients: PostClientEvent SUCCESS: com.oculus.vrshell:com.oculus.vrshell:Overlay:3835, com.oculus.vrshell, com.oculus.vrshell
02-08 22:46:57.395  2024  2024 W REFLECT [RUNTIMEIPC]: ipc_PostClientEvent FAILED: FocusChangeEvent
02-08 22:46:57.395  2024  2024 W VrRuntimeService: RuntimeIPC: SendFocusChangeEventToAllClients: PostClientEvent FAILED: com.oculus.shellenv:com.oculus.shellenv:4614, com.oculus.vrshell, com.oculus.vrshell
02-08 22:46:57.395  2024  2024 I VrRuntimeService: RuntimeIPC: SendFocusChangeEventToAllClients: PostClientEvent SUCCESS: com.oculus.vrshell:com.oculus.vrshell:3797, com.oculus.vrshell, com.oculus.vrshell
02-08 22:46:57.395  2024  2024 W REFLECT [RUNTIMEIPC]: ipc_PostClientEvent FAILED: FocusChangeEvent
02-08 22:46:57.395  2024  2024 W VrRuntimeService: RuntimeIPC: SendFocusChangeEventToAllClients: PostClientEvent FAILED: com.oculus.mrservice:com.oculus.mrservice:3371, com.oculus.vrshell, com.oculus.vrshell
02-08 22:46:57.395  4614  4643 I VrRuntimeClient: Client has lost focus.
02-08 22:46:57.395  2024  2024 W REFLECT [RUNTIMEIPC]: ipc_PostClientEvent FAILED: FocusChangeEvent
02-08 22:46:57.395  2024  2024 W VrRuntimeService: RuntimeIPC: SendFocusChangeEventToAllClients: PostClientEvent FAILED: native_process.system:/system/bin/mrsystemservice:868, com.oculus.vrshell, com.oculus.vrshell
02-08 22:46:57.395  2024  2024 I VrRuntimeService: RuntimeIPC: SendFocusChangeEventToAllClients: PostClientEvent SUCCESS: com.oculus.xrstreamingclient:com.oculus.xrstreamingclient:21033, com.oculus.vrshell, com.oculus.vrshell
02-08 22:46:57.395  2024  2024 I VrRuntimeService: RuntimeIPC: SendFocusChangeEventToAllClients: PostClientEvent SUCCESS: com.oculus.guardian:com.oculus.vrguardianservice:3089, com.oculus.vrshell, com.oculus.vrshell
02-08 22:46:57.395  2024  3014 I Clocks  : LockClocks( cpu=2, gpu=3 ) - start
02-08 22:46:57.398  4614  4643 I OpenXR  : PostSessionStateChange: XR_SESSION_STATE_FOCUSED -> XR_SESSION_STATE_VISIBLE
02-08 22:46:57.400  2024  3014 I Clocks  : CPU levels [0, 7]
02-08 22:46:57.400  2024  3014 I Clocks  : GPU levels [0, 5]
02-08 22:46:57.400  2024  3485 I FocusedClientsListener: focus: onTopActivityChanged: com.oculus.shellenv
02-08 22:46:57.400  3371  3486 I [CT]    : MIXEDREALITY: MrServiceController: VrFocusManager::Top Activity Changed, topActivity now is: 'com.oculus.shellenv', immersiveApp now is: 'com.oculus.shellenv'.
02-08 22:46:57.400  4614  4643 I Clay    : xrPollEvent: SESSION_STATE_CHANGED: VISIBLE
02-08 22:46:57.401  3371  3418 I [CT]    : MIXEDREALITY: MrServiceModel: Hibernating caller (most likely rendering thread) due to commandQueue being empty.
02-08 22:46:57.402   883  5113 W TrackingService: attachClient: found client in attached list
02-08 22:46:57.402  3089  3150 I GuardianSystem: [GuardianSystem::InitializeRuntimeEventHandlers] runtimeServiceSDKClient_.ForceShowGuardianEvent
02-08 22:46:57.403  3089  3150 I GuardianSystem: ForceShowGuardian: false, 0.00
02-08 22:46:57.404 21033 21115 E OsSdk   : error getting shared memory region, memory type: HeadTracker, failed with Status(-1, EX_SECURITY): 'requested shared memory region when not registered/focused'
02-08 22:46:57.408  2024 24843 I CompositorProgs: [0x7ac83d48e0] Built layerProgram 0:0x100000048082:0x0 in 7.5 ms
02-08 22:46:57.412  2024  3014 I Clocks  : LockClocks( cpu=2, gpu=3 ) - end (16.7 ms)
02-08 22:46:57.415  3371  3418 I [CT]    : MIXEDREALITY: MrServiceModel: Hibernating caller (most likely rendering thread) due to commandQueue being empty.
02-08 22:46:57.420  2024 24843 I Vsync   : Vsync 19877:  1 x 11.14 ms (71.83 Hz, at 21532.875)
02-08 22:46:57.431  2024 24843 I Vsync   : Vsync 19878:  1 x 11.14 ms (71.83 Hz, at 21532.886)
02-08 22:46:57.431  3835  3835 D KeyboardInputMethodService: onFinishInput
02-08 22:46:57.433  3835  3835 I [OAO] ShellOverlayServiceJNI: NativeSendOverlayCommand
02-08 22:46:57.442  3835  3835 I [OAO] ShellOverlayServiceJNI: NativeWake
02-08 22:46:57.442  3835  3835 I [OAO] ShellOverlayMain: WakeVrThread
02-08 22:46:57.443  3835  3835 I [OAO] ShellOverlayMain: WakeVrThread - notifying vr thread
02-08 22:46:57.446  4614  4643 I Clay    : xrPollEvent: DISPLAY_REFRESH_RATE_CHANGED_FB: 72.000000 -> 90.000000
02-08 22:46:57.446   883  1020 W TrackingService: attachClient: found client in attached list
02-08 22:46:57.447 21033 21115 E OsSdk   : error getting shared memory region, memory type: HeadTracker, failed with Status(-1, EX_SECURITY): 'requested shared memory region when not registered/focused'
02-08 22:46:57.473  3797  4689 I VrRuntimeClient: DEVICE MODEL NUMBER = Quest 2
02-08 22:46:57.473  3797  4689 I VrRuntimeClient: DEVICE BUILD NAME = user-49882890192000150
02-08 22:46:57.473  3797  4689 I VrRuntimeClient: DEVICE BUILD TYPE = user
02-08 22:46:57.473  3797  4689 I VrRuntimeClient: DEVICE OS VERSION = 10
02-08 22:46:57.473  3797  4689 I VrRuntimeClient: API LOADER VERSION = 1.0.25
02-08 22:46:57.473  3797  4689 I VrRuntimeClient: RUNTIME API VERSION = 1.0.25
02-08 22:46:57.473  3797  4689 I VrRuntimeClient: RUNTIME VERSION = 49.0.0.186.357 Jan 21 2023 14:22:25 RELEASE
02-08 22:46:57.473  3797  4689 I VrRuntimeClient: APP NAME = Oculus App Runtime
02-08 22:46:57.473  3797  4689 I VrRuntimeClient: APP VERSION = 49.0.0.186.358 versionCode 440026826 internalVersionName 49.0.0.186.358.8b032e9b092a 2023_01_21_14_22
02-08 22:46:57.473  3797  4689 I VrRuntimeClient: APP VR TYPE = vr_only
02-08 22:46:57.473  3797  4689 I VrRuntimeClient: APP MODE TYPE = VR
02-08 22:46:57.473  3797  4689 I VrRuntimeClient: APP PACKAGE NAME = com.oculus.vrshell
02-08 22:46:57.473  3797  4689 I VrRuntimeClient: APP ACTIVITY CLASS = com.oculus.vrshell.ShellApplication
02-08 22:46:57.473  3797  4689 I Sensor  : OSSDKTRACKING Initializing head tracking
02-08 22:46:57.473  3797  4689 I Sensor  : OSSDKTRACKING Head tracker != nullpointer 0xc78bf5a8, 1
02-08 22:46:57.473  3797  4689 I Sensor  : OSSDKTRACKING Initializing controller tracking
02-08 22:46:57.473  3797  4689 I Sensor  : OSSDKTRACKING Controller tracker != nullpointer 0xc78bf830, 1
02-08 22:46:57.473  3797  4689 D BatteryReceiver: Registering battery receiver
02-08 22:46:57.494 21033 21115 E OsSdk   : error getting shared memory region, memory type: HeadTracker, failed with Status(-1, EX_SECURITY): 'requested shared memory region when not registered/focused'
02-08 22:46:57.499 18403 18403 W OVRLibrary: null cursor received for query content://com.oculus.ocms.library/apps/profile_system_app
02-08 22:46:57.504  3797  3797 D [SEO] BaseOverlayService: setOverlayInputFocus : completed - inputFocus=true shouldSupportIME=true actionTaken:true
02-08 22:46:57.504   883 24830 I [CT]    : VIPER: Mode=SuperVega,Status=6DoF,TRACKING,Inl=19,Mem=62.6,Jit=0.1mm,Issues(Cam/min=0.0,IMU/min=0.0),Exp=(14.0ms,g=15.0,I=44,Ir=212.4)(14.0ms,g=15.0,I=87,Ir=417.7)(14.0ms,g=15.0,I=105,Ir=500.6)(10.1ms,g=12.0,I=74,Ir=617.8)
02-08 22:46:57.504   883 24830 W [CT]    : VIPER: Environment trending to dark, 
02-08 22:46:57.508  3797  4689 D HeadsetReceiver: getCurrentHeadsetState: true
02-08 22:46:57.508  3797  4689 I DeviceStatus: nativeHeadsetEvent(1)
02-08 22:46:57.513  1029  1051 W Looper  : Slow dispatch took 113ms android.ui h=com.android.server.am.ActivityManagerService$UiHandler c=null m=53
02-08 22:46:57.521  3797  3797 I DeviceStatus: nativeHeadsetEvent(1)
02-08 22:46:57.526  3797  4689 I VrRuntimeClient: SetCompositorClientFeatureFlag ClientFeatureFlag 0 
02-08 22:46:57.527  3797  4689 I LogTimer: CPUTIME: VrRuntimeClient_BeginSession took 215.7563 ms
02-08 22:46:57.528  3797  4689 I ClientInputInterface: DEADRECKONING SetControllerTrackingExtendedDeadreckoning 0
02-08 22:46:57.528  3797  4689 I ClientInputSettings: HANDTRACKING package name is com.oculus.vrshell
02-08 22:46:57.529  2024 24843 I CompositorVR: SetSchedFifo( tid=3418, pol=2, pri=0 ) succeeded
02-08 22:46:57.539   883  1020 I chatty  : uid=1000(system) Binder:883_2 identical 2 lines
02-08 22:46:57.543  3797  4689 I ClientInputSettings: HANDTRACKING: Manifest Permission request for com.oculus.vrshell
02-08 22:46:57.544 21033 21115 E OsSdk   : error getting shared memory region, memory type: HeadTracker, failed with Status(-1, EX_SECURITY): 'requested shared memory region when not registered/focused'
02-08 22:46:57.544  3797  4689 I ClientInputSettings: HANDTRACKING:  'com.oculus.vrshell' Is hands or controller.
02-08 22:46:57.545  3797  4689 I ClientInputSettings: HANDTRACKING: feature flag set to 2
02-08 22:46:57.545  3797  4689 I ClientInputInterface: HANDTRACKING sethandmanifest 2
02-08 22:46:57.546  3797  4689 D InputHooksJava: Enabling Java Input Hooks
02-08 22:46:57.546  3797  4689 W InputHooksJava: Unable to enable input hooks on a non-Activity Context
02-08 22:46:57.548  3797  4689 I InputDeviceManager: ovrInputDeviceManager::Initialize
02-08 22:46:57.549   883  1020 W TrackingService: attachClient: found client in attached list
02-08 22:46:57.550   883  1020 D TrackingService: getSharedMemory: com.oculus.vrshell#3797, HeadTracker
02-08 22:46:57.550  3797  4689 I Distortion: Initializing Mesh Decenter Correction
02-08 22:46:57.550   883  1020 W TrackingService: attachClient: found client in attached list
02-08 22:46:57.551  2149  2266 I OVRMediaService: onStartCommand Received message type: overlay_input_focus_change, caller package: com.oculus.vrshell, app identify: AppIdentity{uid=10020, packageNames=[com.oculus.vrshell], sha1=MxZgtt071YLz39PLrkVGckZooCE, sha2=3C-DTjwZQjeLFPB2yCzRq1nqZWa_9HMLIEfpjvyfna8, version=null, domain=null}
02-08 22:46:57.551   883  1020 D TrackingService: getSharedMemory: com.oculus.vrshell, Controller
02-08 22:46:57.551   865  4425 E CalibrationProvider: loadCalibration(LDISP_SN) failed: Calibration store didn't load any info
02-08 22:46:57.552  3797 25938 I InputDevice_TrackedRemote: REMOTE: Hand=2 IndexAnalog=0.00 GripAnalog=0.00 Buttons=0x00000000
02-08 22:46:57.552  3797 25938 I InputDevice_TrackedRemote: REMOTE: Hand=1 IndexAnalog=0.00 GripAnalog=0.00 Buttons=0x00000000
02-08 22:46:57.552  3797 25938 I InputDeviceManager: HANDTRACKING Pointer filter profile changed to: 0
02-08 22:46:57.552  3797 25938 I InputDeviceManager: HANDTRACKING Pointer filter profile changed to: 0
02-08 22:46:57.552  3797 25938 I InputDeviceManager: HANDTRACKING Root pose filter profile changed for (version, freq) to (2, 1) from (1,2)
02-08 22:46:57.552   865  4425 E CalibrationProvider: loadCalibration(RDISP_SN) failed: Calibration store didn't load any info
02-08 22:46:57.583  3835  3880 I [OAO] SwapChainApiOpenXr: Destroying SwapChain:0xc45c68b0
02-08 22:46:57.584  2024  3869 I VrRuntimeService: DestroySwapChain: swapchain=591
02-08 22:46:57.585  2024  3869 I VrRuntimeServer: DestroyTextureSwapChain: result destroyswapchain 1
02-08 22:46:57.586   883   883 W TrackingService: attachClient: found client in attached list
02-08 22:46:57.589 21033 21115 E OsSdk   : error getting shared memory region, memory type: HeadTracker, failed with Status(-1, EX_SECURITY): 'requested shared memory region when not registered/focused'
02-08 22:46:57.590  3835  3880 I [OAO] DialogControllerManager: Reset resetReason:6
02-08 22:46:57.590  3835  3880 I [OAO] OverlayFlowController: Reset - Resetting lastNonSystemPackageName to empty
02-08 22:46:57.590   883  1020 W TrackingService: attachClient: found client in attached list
02-08 22:46:57.590  3835  3880 I [OAO] OverlayFlowController: OnPrimaryPackageChange Setting lastNonSystemPackageName = com.oculus.shellenv
02-08 22:46:57.590  3835  3880 I [OAO] OverlayGuardianFlow: OverlayGuardianFlow UpdatePrimaryPackage lastNonSystemPackage:com.oculus.shellenv isVrShellPackage1
02-08 22:46:57.590  3835  3880 I [OAO] ShellOverlayApp: 0xc7b2ab28 msg: overlayCommand:
02-08 22:46:57.590  3835  3880 I [OAO] ShellOverlayApp: command = topActivityChanged
02-08 22:46:57.590  3835  3880 I [OAO] ShellOverlayApp: topActivity = com.YourCompany.TemplateProject3
02-08 22:46:57.591  3835  3880 I [OAO] ShellOverlayApp: Process_OverlayCommand command : topActivityChanged
02-08 22:46:57.591  3835  3880 I [OAO] ShellOverlayApp: Process_OverlayCommand unknown command received: topActivityChanged
02-08 22:46:57.591  3835  3880 I [OAO] ShellOverlayApp: 0xc7b2ab28 msg: overlayCommand:
02-08 22:46:57.591  3835  3880 I [OAO] ShellOverlayApp: command = topActivityChanged
02-08 22:46:57.591  3835  3880 I [OAO] ShellOverlayApp: topActivity = com.YourCompany.TemplateProject3
02-08 22:46:57.591  3835  3880 I [OAO] ShellOverlayApp: Process_OverlayCommand command : topActivityChanged
02-08 22:46:57.591  3835  3880 I [OAO] ShellOverlayApp: Process_OverlayCommand unknown command received: topActivityChanged
02-08 22:46:57.591  3835  3880 I [OAO] ShellOverlayApp: 0xc7b2ab28 msg: overlayCommand:
02-08 22:46:57.591  3835  3880 I [OAO] ShellOverlayApp: command = topActivityChanged
02-08 22:46:57.591  3835  3880 I [OAO] ShellOverlayApp: topActivity = com.oculus.shellenv
02-08 22:46:57.591  3835  3880 I [OAO] ShellOverlayApp: Process_OverlayCommand command : topActivityChanged
02-08 22:46:57.591  3835  3880 I [OAO] ShellOverlayApp: Process_OverlayCommand unknown command received: topActivityChanged
02-08 22:46:57.591  3835  3880 I [OAO] ShellOverlayApp: 0xc7b2ab28 msg: overlayCommand:
02-08 22:46:57.591  3835  3880 I [OAO] ShellOverlayApp: command = topActivityChanged
02-08 22:46:57.591  3835  3880 I [OAO] ShellOverlayApp: topActivity = com.oculus.shellenv
02-08 22:46:57.591  3835  3880 I [OAO] ShellOverlayApp: Process_OverlayCommand command : topActivityChanged
02-08 22:46:57.591  3835  3880 I [OAO] ShellOverlayApp: Process_OverlayCommand unknown command received: topActivityChanged
02-08 22:46:57.593  3835  3880 I [OAO] VrPlatformOpenXr: xrPollEvent: received XR_TYPE_EVENT_DATA_DISPLAY_REFRESH_RATE_CHANGED_FB event: fromRate 72.000000 -> toRate 90.000000
02-08 22:46:57.594 21033 21115 E OsSdk   : error getting shared memory region, memory type: AnchorTracker, failed with Status(-1, EX_SECURITY): 'requested shared memory region when not registered/focused'
02-08 22:46:57.604  2149  2266 I OVRMediaService: Received OVERLAY_INPUT_FOCUS_CHANGE. is focused: true
02-08 22:46:57.617  3797  4689 I Distortion: SetLensPositions - iad=0.0630817, left offset=-0.000219997,-0.00102733, right offset=9.91635e-05,-0.00104481
02-08 22:46:57.617  3797  4689 I Distortion: Initializing Mesh Decenter Correction
02-08 22:46:57.619   865  4425 E CalibrationProvider: loadCalibration(LDISP_SN) failed: Calibration store didn't load any info
02-08 22:46:57.619   865  4425 E CalibrationProvider: loadCalibration(RDISP_SN) failed: Calibration store didn't load any info
02-08 22:46:57.620  3797  4689 I Distortion: SetLensPositions - iad=0.0630817, left offset=-0.000219997,-0.00102733, right offset=9.91635e-05,-0.00104481
02-08 22:46:57.620  3797  4689 I Distortion: Created custom distortion mesh.
02-08 22:46:57.621  3797  4689 I PhaseSync: PhaseSync::PhaseSync PaddingLowerLimit 0.350000 StandardDeviations 2.000000 PaddingUpperLimit 0.750000 on instance 14
02-08 22:46:57.621  3797  4689 I VrRuntimeClient: PhaseSync Instance created
02-08 22:46:57.621  2024  3830 I VrRuntimeService: RuntimeServiceSDKServer::EnableRendering: 0x0, 0, com.oculus.vrshell
02-08 22:46:57.621  2024  3830 I ClientMgr: EnableRendering2: invalid clientWindow, testing uid/pid
02-08 22:46:57.621  2024  3830 I ClientMgr: EnableRendering2: matched uid: 10020 and pid: 3797 
02-08 22:46:57.621  2024  3830 I ClientMgr: EnableRendering2: Calling SetFocusedClient: 1150992703
02-08 22:46:57.621  2024  3830 I ClientMgr: ClientMgr::SetFocusedClient: 3797:com.oculus.vrshell type 1
02-08 22:46:57.621  2024  3830 I ClientMgr: SetFocusedPackageName - packageName com.oculus.vrshell processName com.oculus.vrshell clientId 1150992703 clientPid 3797
02-08 22:46:57.621  2024  3830 I ClientMgr: ClientMgr::EnableRendering 3797:com.oculus.vrshell : type 1 comp-id 7: enable
02-08 22:46:57.621  2024  3830 I CompositorClientMgr: Enable client 7
02-08 22:46:57.621  2024  3830 I VrRuntimeServer: EnableCompositorClient client(7): layer placement(2147483647) flags(0) sm(0x7accaa0010)
