02-20 20:06:14.876  1754 22246 I ClientMgr: FocusedClient changed.
02-20 20:06:14.876  1754 22246 I ClientMgr: ClientMgr::SetFocusedClient: 22207:com.oculus.xrstreamingclient type 0
02-20 20:06:14.876  1754 22246 I ClientMgr: SetFocusedPackageName - packageName com.oculus.xrstreamingclient processName com.oculus.xrstreamingclient clientId 812808904 clientPid 22207
02-20 20:06:14.876  1754 22246 I VrRuntimeService: RuntimeIPC: SendFocusChangeEventToAllClients: PostClientEvent SUCCESS: com.oculus.xrstreamingclient:com.oculus.xrstreamingclient:22207, com.oculus.xrstreamingclient, com.oculus.xrstreamingclient
02-20 20:06:14.876  1754 22246 I VrRuntimeService: RuntimeIPC: SendFocusChangeEventToAllClients: PostClientEvent SUCCESS: com.oculus.vrshell:com.oculus.vrshell:3514, com.oculus.xrstreamingclient, com.oculus.xrstreamingclient
02-20 20:06:14.876  1754 22246 W REFLECT [RUNTIMEIPC]: ipc_PostClientEvent FAILED: FocusChangeEvent
02-20 20:06:14.876  1754 22246 W VrRuntimeService: RuntimeIPC: SendFocusChangeEventToAllClients: PostClientEvent FAILED: com.oculus.shellenv:com.oculus.shellenv:3456, com.oculus.xrstreamingclient, com.oculus.xrstreamingclient
02-20 20:06:14.876  1754 22246 W REFLECT [RUNTIMEIPC]: ipc_PostClientEvent FAILED: FocusChangeEvent
02-20 20:06:14.876  1754 22246 W VrRuntimeService: RuntimeIPC: SendFocusChangeEventToAllClients: PostClientEvent FAILED: com.oculus.mrservice:com.oculus.mrservice:3089, com.oculus.xrstreamingclient, com.oculus.xrstreamingclient
02-20 20:06:14.876  1754 22246 I VrRuntimeService: RuntimeIPC: SendFocusChangeEventToAllClients: PostClientEvent SUCCESS: com.oculus.guardian:com.oculus.vrguardianservice:2980, com.oculus.xrstreamingclient, com.oculus.xrstreamingclient
02-20 20:06:14.876  1754 22246 I VrRuntimeService: RuntimeIPC: SendFocusChangeEventToAllClients: PostClientEvent SUCCESS: com.oculus.vrshell:com.oculus.vrshell:Overlay:2134, com.oculus.xrstreamingclient, com.oculus.xrstreamingclient
02-20 20:06:14.876  1754 22246 I ClientMgr: ClientMgr::EnableRendering 22207:com.oculus.xrstreamingclient : type 0 comp-id 27: enable
02-20 20:06:14.876  1754 22246 I CompositorVR: CheckDebuggerConnected: debugger 0
02-20 20:06:14.876  1754 22246 I VrRuntimeServer: SysProp debug mode is disabled on Server side
02-20 20:06:14.876  1754 22246 I UnifiedTelemetryWrapper: Started UT session render:com.oculus.xrstreamingclient
02-20 20:06:14.876 22207 22306 W REFLECT [RUNTIMEIPC]: UpdateServerStateValue name:'RigidBodyStates' buffer == nullptr
02-20 20:06:14.876 22207 22306 W REFLECT [RUNTIMEIPC]: UpdateServerStateValue name:'AnchorStates' buffer == nullptr
02-20 20:06:14.877 14505 14505 W OVRLibrary: null cursor received for query content://com.oculus.ocms.library/apps/quick_settings_app
02-20 20:06:14.877  2980  2980 D VrGuardianUserService: onStartCommand FOREGROUND_CLIENT user = 0
02-20 20:06:14.877  2980  2980 D VrGuardianService: setCurrentUser() called with: userId = [0]
02-20 20:06:14.877  2980  2980 I VrGuardianService: nativeSetCurrentUser userid = 0
02-20 20:06:14.877  2980  2980 I GuardianSystem: [GuardianSystem::SetCurrentUser] User ID 0 
02-20 20:06:14.877  3010  3010 W OVRLibrary: null cursor received for query content://com.oculus.ocms.library/apps/com.oculus.xrstreamingclient
02-20 20:06:14.877 22207 22238 I ScreenCaptureHelper: Advertising com.oculus.xrstreamingclient as streamable
02-20 20:06:14.878  3010  3010 D MetaCam (MediaCapabilityChecker): checkMediaHasRecordingCapabilities packageName: com.oculus.xrstreamingclient
02-20 20:06:14.878  1754 22246 I VrRuntimeService: GetSpecialSwapChain: 812808904
02-20 20:06:14.878 22207 22238 I VrApi   : Creating Default swapchain
02-20 20:06:14.878  1754 22246 I VrRuntimeService: GetSpecialSwapChain: 812808904
02-20 20:06:14.878 22207 22238 I VrApi   : Creating Loading Icon swapchain
02-20 20:06:14.878 22207 22238 I VrApi   : OVR::Stats thread started
02-20 20:06:14.878 22207 22238 I XrRuntimeUtils: XrRuntimeUtils::CreateSession
02-20 20:06:14.878 22207 22238 I InputDeviceManager: HANDTRACKING Pointer filter profile changed to: 0
02-20 20:06:14.878 22207 22238 I InputDeviceManager: HANDTRACKING Pointer filter profile changed to: 0
02-20 20:06:14.878 22207 22238 I InputDeviceManager: HANDTRACKING Root pose filter profile changed for (version, freq) to (2, 1) from (1,2)
02-20 20:06:14.878 22207 22238 I VrApi   : Initial BaseVsync 7500 
02-20 20:06:14.878 22207 22238 I XrRuntimeUtils: XrRuntimeUtils::BeginSession
02-20 20:06:14.878 22207 22238 I XrRuntimeSystem_Client: BeginSession
02-20 20:06:14.878 22207 22238 I VrApi   : ---------- vrapi_EnterVrMode [end] ----------
02-20 20:06:14.878 22207 22238 D xrstreaming:       vrapi_EnterVrMode()
02-20 20:06:14.878 22207 22238 I VrApi   : vrapi_SetDisplayRefreshRate: display refresh rate supported 72.000000
02-20 20:06:14.878 22207 22238 I xrstreaming:     vrapi_SetDisplayRefreshRate(72)
02-20 20:06:14.878 22207 22238 D xrstreaming:     vrapi_SetClockLevels(2, 2)
02-20 20:06:14.878 22207 22238 D xrstreaming:     vrapi_SetPerfThread(MAIN, 22238)
02-20 20:06:14.878 22207 22238 I xrstreaming: AudioPlayer::start()
02-20 20:06:14.878 22207 22238 I xrstreaming: AudioPlayer: start()
02-20 20:06:14.878  1909  2567 I OVRMediaService: onStartCommand Received message type: set_package_name, caller package: no_app_identity, app identify: null
02-20 20:06:14.878  1909  2567 I OVRMediaService: Got package name intent (com.oculus.xrstreamingclient)
02-20 20:06:14.878 22207 22238 I xrstreaming: oculus_pc_xrs_audio_player_start
02-20 20:06:14.879 22207 14906 D VrApi   : targetSDKVersion 29
02-20 20:06:14.879  1293  1293 V AvrcpMediaPlayerList: onPlaybackConfigChanged(): Configs list size=5
02-20 20:06:14.880  1754  2958 I ClientMgr: Non-overlay clients rendering status has changed: prev=128, curr=129, enabled=1
02-20 20:06:14.880  1754  2958 I ClientMgr: Primary Client is not valid.
02-20 20:06:14.880  1754  2958 I ClientMgr: Primary client determined to be the current enabled client 812808904
02-20 20:06:14.880  1754  2958 I ClientMgr: ClientMgr::SetPrimaryCompositorClient: 22207:com.oculus.xrstreamingclient
02-20 20:06:14.881  1754  2958 W ClientMgr: ClientMgr::GetClientPermissionFlagsById: Client missing proper permissions: com.oculus.xrstreamingclient, 2
02-20 20:06:14.881  1754  2958 I CompositorClientMgr: Enable client 27
02-20 20:06:14.881  1754  2958 I VrRuntimeServer: EnableCompositorClient client(27): layer placement(0) flags(1) sm(0x7e9f010010)
02-20 20:06:14.881  1754  2958 I ClientMgr: SetPrimaryPackageName - packageName com.oculus.xrstreamingclient processName com.oculus.xrstreamingclient clientId 812808904 clientPid 22207
02-20 20:06:14.881  1754  2958 I ServiceInputManager: ServiceInputManager::SetPrimaryPackageName 'com.oculus.xrstreamingclient' 'com.oculus.xrstreamingclient'  updated AnytimeUI processname 1
02-20 20:06:14.881  1754  2958 I VrRuntimeService: RuntimeIPC: SendPrimaryPackageChangeEvent: PostClientEvent SUCCESS: com.oculus.xrstreamingclient:com.oculus.xrstreamingclient:22207, com.oculus.xrstreamingclient, com.oculus.xrstreamingclient
02-20 20:06:14.881  1754  2958 I VrRuntimeService: RuntimeIPC: SendPrimaryPackageChangeEvent: PostClientEvent SUCCESS: com.oculus.vrshell:com.oculus.vrshell:3514, com.oculus.xrstreamingclient, com.oculus.xrstreamingclient
02-20 20:06:14.881  1754  2958 W REFLECT [RUNTIMEIPC]: ipc_PostClientEvent FAILED: PackageChangeEvent
02-20 20:06:14.881  1754  2958 W VrRuntimeService: RuntimeIPC: SendPrimaryPackageChangeEvent: PostClientEvent FAILED: com.oculus.shellenv:com.oculus.shellenv:3456, com.oculus.xrstreamingclient, com.oculus.xrstreamingclient
02-20 20:06:14.881  1754  2958 W REFLECT [RUNTIMEIPC]: ipc_PostClientEvent FAILED: PackageChangeEvent
02-20 20:06:14.881  1754  2958 W VrRuntimeService: RuntimeIPC: SendPrimaryPackageChangeEvent: PostClientEvent FAILED: com.oculus.mrservice:com.oculus.mrservice:3089, com.oculus.xrstreamingclient, com.oculus.xrstreamingclient
02-20 20:06:14.881  1754  2958 I VrRuntimeService: RuntimeIPC: SendPrimaryPackageChangeEvent: PostClientEvent SUCCESS: com.oculus.guardian:com.oculus.vrguardianservice:2980, com.oculus.xrstreamingclient, com.oculus.xrstreamingclient
02-20 20:06:14.881  1754  2958 I VrRuntimeService: RuntimeIPC: SendPrimaryPackageChangeEvent: PostClientEvent SUCCESS: com.oculus.vrshell:com.oculus.vrshell:Overlay:2134, com.oculus.xrstreamingclient, com.oculus.xrstreamingclient
02-20 20:06:14.881  1754  2958 D VrRuntimeService: sendPrimaryPackageChangeBroadcast
02-20 20:06:14.881 22207 22306 W REFLECT [RUNTIMEIPC]: UpdateServerStateValue name:'RigidBodyStates' buffer == nullptr
02-20 20:06:14.882  2134  3085 I [OAO] ShellOverlayApp: 0xccd60b28 msg: overlayCommand:
02-20 20:06:14.882  2134  3085 I [OAO] ShellOverlayApp: command = topActivityChanged
02-20 20:06:14.882  2134  3085 I [OAO] ShellOverlayApp: topActivity = com.oculus.xrstreamingclient
02-20 20:06:14.882  2134  3085 I [OAO] ShellOverlayApp: Process_OverlayCommand command : topActivityChanged
02-20 20:06:14.882  2134  3085 I [OAO] ShellOverlayApp: Process_OverlayCommand unknown command received: topActivityChanged
02-20 20:06:14.883  1754  2958 I UnifiedTelemetryWrapper: Setting destination as com.oculus.xrstreamingclient
02-20 20:06:14.883  2134  2134 D [OAO] BaseOverlayService: screenStateReceiver Received broadcast: com.oculus.vrshell.intent.action.PRIMARY_PACKAGE_CHANGED
02-20 20:06:14.883  1754  2958 I AADT    : SetAADTLutDataX: 130
02-20 20:06:14.883  1754  2958 I AADT    : SetAADTLutDataY: 65
02-20 20:06:14.883  2134  2134 I [OAO] ShellOverlayServiceJNI: NativeSendOverlayCommand
02-20 20:06:14.883  1754  2958 I ServiceInputManager: InhibitHandleHomeKeyFull has changed on the service. New value: 1
02-20 20:06:14.883  1754  2958 I ServiceInputManager: DEADRECKONING deadReckoning mode on ClientMgr from server is 0
02-20 20:06:14.883  2134  2134 I [OAO] ShellOverlayServiceJNI: NativeWake
02-20 20:06:14.883  2134  2134 I [OAO] ShellOverlayMain: WakeVrThread
02-20 20:06:14.883  2134  2134 I [OAO] ShellOverlayMain: WakeVrThread - notifying vr thread
02-20 20:06:14.883  3514  3514 D [SEO] BaseOverlayService: screenStateReceiver Received broadcast: com.oculus.vrshell.intent.action.PRIMARY_PACKAGE_CHANGED
02-20 20:06:14.883  1754  2958 I PerformanceManager_V0: SetClockLevels: Force releasing clocks
02-20 20:06:14.883  1754  2958 I PerformanceManager_V0: SetClockLevels: Apply pending clock request change: 2,4 -> -1,-1
02-20 20:06:14.883  1754  2954 I Clocks  : ReleaseClocks - start
02-20 20:06:14.885   870  1049 W TrackingService: attachClient: found client in attached list
02-20 20:06:14.885  1754  2954 I Clocks  : ReleaseClocks - end (2.0 ms)
02-20 20:06:14.885   870  1049 D TrackingService: getSharedMemory: com.oculus.xrstreamingclient, Controller
02-20 20:06:14.886 22207 14902 I InputDevice_TrackedRemote: REMOTE: Hand=2 IndexAnalog=0.00 GripAnalog=0.00 Buttons=0x00000000
02-20 20:06:14.886 22207 14902 I InputDevice_TrackedRemote: REMOTE: Hand=1 IndexAnalog=0.00 GripAnalog=0.00 Buttons=0x00000000
02-20 20:06:14.886 22207 22306 W REFLECT [RUNTIMEIPC]: UpdateServerStateValue name:'RigidBodyStates' buffer == nullptr
02-20 20:06:14.887  1754 14425 I AADT    : SetAADTLutDataX. Thread. SizeX: 130
02-20 20:06:14.887  1754 14425 I AADT    : LAYER_PROGRAM_OPTION_AADT_1D_LUT lut's CREATED
02-20 20:06:14.887  1754 14425 I chatty  : uid=10025(com.oculus.systemdriver) OVR::TimeWarp identical 1 line
02-20 20:06:14.887  1754 14425 I AADT    : LAYER_PROGRAM_OPTION_AADT_1D_LUT lut's CREATED
02-20 20:06:14.887  1754 14425 I AADT    : SetAADTLutDataY. Thread. SizeY: 65
02-20 20:06:14.887  1754 14425 I AADT    : LAYER_PROGRAM_OPTION_AADT_1D_LUT lut's CREATED
02-20 20:06:14.890  2980  3046 I GuardianSystem: [GuardianSystem::InitializeRuntimeEventHandlers] runtimeServiceSDKClient_.ForceShowGuardianEvent
02-20 20:06:14.890  2980  3046 I GuardianSystem: ForceShowGuardian: false, 0.00
02-20 20:06:14.890  2980  3046 I GuardianSystem: [GuardianSystem::InitializeRuntimeEventHandlers] runtimeServiceSDKClient_.PackageChangeEvent: package=[com.oculus.xrstreamingclient], process=[com.oculus.xrstreamingclient]
02-20 20:06:14.890  2980  3046 I GuardianSystem: SetCurrentProcessName: com.oculus.xrstreamingclient, previous ProcessName: com.YourCompany.TemplateProject3
02-20 20:06:14.891  2980  3046 I GuardianSystem: [GuardianSystem::SetCurrentProcessName] Return package changed: com.oculus.xrstreamingclient
02-20 20:06:14.891 22207 22306 W REFLECT [RUNTIMEIPC]: UpdateServerStateValue name:'RigidBodyStates' buffer == nullptr
02-20 20:06:14.894  1754  2958 I PerformanceManager_V0: SetClockLevels: Apply pending clock request change: -1,-1 -> 2,2
02-20 20:06:14.895  1754  2954 I Clocks  : LockClocks( cpu=2, gpu=2 ) - start
02-20 20:06:14.895 14505 14505 W OVRLibrary: null cursor received for query content://com.oculus.ocms.library/apps/com.YourCompany.TemplateProject3
02-20 20:06:14.895  1754  2954 I Clocks  : CPU levels [0, 7]
02-20 20:06:14.895  1754  2954 I Clocks  : GPU levels [0, 5]
02-20 20:06:14.895 22207 14906 D VrApi   : VrApi::isWifiConnected exception: Make sure android.permission.ACCESS_NETWORK_STATE is set in the manifest.
02-20 20:06:14.895  1754  2954 I Clocks  : LockClocks( cpu=2, gpu=2 ) - end (0.9 ms)
02-20 20:06:14.897 22207 22306 W REFLECT [RUNTIMEIPC]: UpdateServerStateValue name:'RigidBodyStates' buffer == nullptr
02-20 20:06:14.902 22207 22306 W REFLECT [RUNTIMEIPC]: UpdateServerStateValue name:'RigidBodyStates' buffer == nullptr
02-20 20:06:14.906 22207 22238 I xrstreaming: AudioRecorder: start()
02-20 20:06:14.906 22207 22238 I xrstreaming: oculus_pc_xrs_audio_recorder_start
02-20 20:06:14.906 22207 22238 W AudioRecord: restoreRecord_l(186): dead IAudioRecord, creating a new one from start()
02-20 20:06:14.907 22207 22306 W REFLECT [RUNTIMEIPC]: UpdateServerStateValue name:'RigidBodyStates' buffer == nullptr
02-20 20:06:14.907 22207 22306 W REFLECT [RUNTIMEIPC]: UpdateServerStateValue name:'AnchorStates' buffer == nullptr
02-20 20:06:14.907  1909  2567 W OVRLibrary: null cursor received for query content://com.oculus.ocms.library/apps/com.oculus.xrstreamingclient
02-20 20:06:14.907  1909  2567 I OVRMediaServiceManager: Sending onAppStart (com.oculus.xrstreamingclient) to SocialPlatform (com.oculus.socialplatform)
02-20 20:06:14.910   736   736 E volume_listener: check_and_set_gain_dep_cal: Failed to set gain dep cal level
02-20 20:06:14.910   736   736 E volume_listener: check_and_set_gain_dep_cal: Failed to set gain dep cal level
02-20 20:06:14.910   736  1152 D audio_hw_primary: start_output_stream: enter: stream(0xf2d68000)usecase(1: low-latency-playback) devices(0x2) is_haptic_usecase(0)
02-20 20:06:14.911   736  1152 I audio_hw_primary: select_devices for use case (low-latency-playback)
02-20 20:06:14.911   736  1152 D audio_hw_primary: select_devices: changing use case low-latency-playback output device from(22: voice-speaker-stereo, acdb 15) to (2: speaker, acdb 15)
02-20 20:06:14.911   736  1152 I msm8974_platform: platform_check_and_set_codec_backend_cfg:becf: afe: bitwidth 16, samplerate 48000 channels 2, backend_idx 0 usecase = 1 device (speaker)
02-20 20:06:14.911   736  1152 D msm8974_platform: platform_split_snd_device: snd_device(2) num devices(1) new_snd_devices(0)
02-20 20:06:14.911   736  1152 I msm8974_platform: platform_check_and_set_codec_backend_cfg: new_snd_devices[0] is 2
02-20 20:06:14.911   736  1152 I msm8974_platform: platform_check_codec_backend_cfg:becf: afe: bitwidth 16, samplerate 48000 channels 2, backend_idx 0 usecase = 1 device (speaker)
02-20 20:06:14.912   736  1152 D audio_hw_extn: audio_extn_enable_hifi_filter: mixer_value set 0
02-20 20:06:14.912   736  1152 D msm8974_platform: platform_check_codec_backend_cfg:becf: updated afe: bitwidth 16, samplerate 48000 channels 2,backend_idx 0 usecase = 1 device (speaker)
02-20 20:06:14.912   736  1152 D msm8974_platform: platform_check_codec_backend_cfg:becf: afe: playback on codec device not supporting native playback set default Sample Rate(48k)
02-20 20:06:14.912   736  1152 I msm8974_platform: platform_check_codec_backend_cfg:becf: afe: Codec selected backend: 0 updated bit width: 16 and sample rate: 48000
02-20 20:06:14.912   736  1152 D audio_hw_primary: check_usecases_codec_backend:becf: force routing 0
02-20 20:06:14.912   736  1152 E msm8974_platform: platform_check_backends_match: Invalid snd_device = 
02-20 20:06:14.912   736  1152 D audio_hw_primary: check_usecases_codec_backend:becf: (75) check_usecases curr device: speaker, usecase device: backends match 0
02-20 20:06:14.912   736  1152 D audio_hw_primary: check_usecases_codec_backend:becf: check_usecases num.of Usecases to switch 0
02-20 20:06:14.912   736  1152 D hardware_info: hw_info_append_hw_type : device_name = speaker
02-20 20:06:14.912   736  1152 D msm8974_platform: platform_split_snd_device: snd_device(2) num devices(0) new_snd_devices(0)
02-20 20:06:14.912   736  1152 D audio_hw_primary: enable_snd_device: snd_device(2: speaker)
02-20 20:06:14.912   736  1152 D audio_route: Apply path: speaker
02-20 20:06:14.912 22207 22306 W REFLECT [RUNTIMEIPC]: UpdateServerStateValue name:'RigidBodyStates' buffer == nullptr
02-20 20:06:14.917 22207 22306 W REFLECT [RUNTIMEIPC]: UpdateServerStateValue name:'RigidBodyStates' buffer == nullptr
02-20 20:06:14.918   736  1152 I audio_hw_utils: audio_extn_utils_update_stream_output_app_type_cfg Allowing 24 and above bits playback on speaker ONLY at default sampling rate
02-20 20:06:14.918   736  1152 D audio_hw_utils: audio_extn_utils_send_app_type_cfg: usecase->out_snd_device speaker
02-20 20:06:14.918   736  1152 D msm8974_platform: platform_split_snd_device: snd_device(2) num devices(0) new_snd_devices(0)
02-20 20:06:14.918   736  1152 D audio_hw_utils: audio_extn_btsco_get_sample_rate:Not a BT SCO device, need not update sampling rate
02-20 20:06:14.918   736  1152 I audio_hw_utils: send_app_type_cfg_for_device PLAYBACK app_type 69943, acdb_dev_id 15, sample_rate 48000, snd_device_be_idx 43
02-20 20:06:14.918   736  1152 D msm8974_platform: platform_split_snd_device: snd_device(2) num devices(1) new_snd_devices(0)
02-20 20:06:14.918   736  1152 D audio_hw_utils: audio_extn_btsco_get_sample_rate:Not a BT SCO device, need not update sampling rate
02-20 20:06:14.918   736  1152 D ACDB-LOADER: ACDB -> send_audio_cal, acdb_id = 15, path = 0, app id = 0x11137, sample rate = 48000, afe_sample_rate = 48000
02-20 20:06:14.918   736  1152 D ACDB-LOADER: ACDB -> send_asm_topology
02-20 20:06:14.918   736  1152 D ACDB-LOADER: ACDB -> ACDB_CMD_GET_AUDPROC_STREAM_TOPOLOGY_ID
02-20 20:06:14.918   736  1152 D ACDB-LOADER: ACDB -> send_adm_topology
02-20 20:06:14.918   736  1152 D ACDB-LOADER: ACDB -> ACDB_CMD_GET_AUDPROC_COMMON_TOPOLOGY_ID
02-20 20:06:14.918   736  1152 D ACDB-LOADER: ACDB -> send_audtable
02-20 20:06:14.918   736  1152 D ACDB-LOADER: ACDB -> ACDB_CMD_GET_AUDPROC_INSTANCE_COMMON_TABLE_SIZE
02-20 20:06:14.918   736  1152 D ACDB-LOADER: ACDB -> ACDB_CMD_GET_AUDPROC_INSTANCE_COMMON_TABLE
02-20 20:06:14.918   736  1152 D ACDB-LOADER: ACDB -> AUDIO_SET_AUDPROC_CAL cal_type[11] acdb_id[15] app_type[69943]
02-20 20:06:14.918   736  1152 D ACDB-LOADER: ACDB -> send_audvoltable
02-20 20:06:14.918   736  1152 D ACDB-LOADER: ACDB -> ACDB_CMD_GET_AUDPROC_INSTANCE_GAIN_DEP_STEP_TABLE_SIZE
02-20 20:06:14.918   736  1152 D         : Failed to fetch the lookup information of the device 0000000F 
02-20 20:06:14.918   736  1152 D ACDB-LOADER: Error: ACDB_CMD_GET_AUDPROC_INSTANCE_GAIN_DEP_STEP_TABLE_SIZE Returned = -19
02-20 20:06:14.918   736  1152 D ACDB-LOADER: ACDB -> ACDB_CMD_GET_AUDPROC_INSTANCE_GAIN_DEP_STEP_TABLE, vol index 0
02-20 20:06:14.918   736  1152 D         : Failed to fetch the lookup information of the device 0000000F 
02-20 20:06:14.918   736  1152 D ACDB-LOADER: Error: ACDB AudProc vol returned = -19
02-20 20:06:14.918   736  1152 D ACDB-LOADER: ACDB -> AUDIO_SET_VOL_CAL cal type = 12
02-20 20:06:14.918   736  1152 D ACDB-LOADER: ACDB -> ACDB_CMD_GET_AUDPROC_INSTANCE_STREAM_TABLE_SIZE
02-20 20:06:14.918   736  1152 D ACDB-LOADER: ACDB -> send_audstrmtable
02-20 20:06:14.918   736  1152 D ACDB-LOADER: ACDB -> ACDB_CMD_GET_AUDPROC_INSTANCE_STREAM_TABLE
02-20 20:06:14.918   736  1152 D ACDB-LOADER: ACDB -> audstrm_cal->cal_type.cal_data.cal_size = 20
02-20 20:06:14.918   736  1152 D ACDB-LOADER: ACDB -> send_afe_topology
02-20 20:06:14.918   736  1152 D ACDB-LOADER: ACDB -> ACDB_CMD_GET_AFE_TOPOLOGY_ID
02-20 20:06:14.918   736  1152 D ACDB-LOADER: ACDB -> GET_AFE_TOPOLOGY_ID for adcd_id 15, Topology Id 112fc
02-20 20:06:14.918   736  1152 D ACDB-LOADER: ACDB -> send_afe_cal
02-20 20:06:14.918   736  1152 D ACDB-LOADER: ACDB -> ACDB_CMD_GET_AFE_INSTANCE_COMMON_TABLE_SIZE
02-20 20:06:14.918   736  1152 D         : Failed to fetch the lookup information of the device 0000000F 
02-20 20:06:14.918   736  1152 D ACDB-LOADER: Error: ACDB_CMD_GET_AFE_INSTANCE_COMMON_TABLE_SIZE Returned = -19
02-20 20:06:14.918   736  1152 D ACDB-LOADER: ACDB -> ACDB_CMD_GET_AFE_INSTANCE_COMMON_TABLE
02-20 20:06:14.918   736  1152 D         : Failed to fetch the lookup information of the device 0000000F 
02-20 20:06:14.918   736  1152 D ACDB-LOADER: Error: ACDB AFE returned = -19
02-20 20:06:14.918   736  1152 D ACDB-LOADER: ACDB -> AUDIO_SET_AFE_CAL cal_type[16] acdb_id[15]
02-20 20:06:14.918   736  1152 D ACDB-LOADER: ACDB -> send_hw_delay : acdb_id = 15 path = 0
02-20 20:06:14.918   736  1152 D ACDB-LOADER: ACDB -> ACDB_AVSYNC_INFO: ACDB_CMD_GET_DEVICE_PROPERTY
02-20 20:06:14.918   736  1152 D msm8974_platform: platform_split_snd_device: snd_device(2) num devices(0) new_snd_devices(0)
02-20 20:06:14.918   736  1152 I msm8974_platform: platform_get_custom_mtmx_params: no matching param with id 0 ip_ch 2 op_ch 2 uc_id 1 snd_dev 2
02-20 20:06:14.919   736  1152 I audio_hw_primary: enable_audio_route: apply mixer and update path: low-latency-playback
02-20 20:06:14.919   736  1152 D audio_route: Apply path: low-latency-playback
02-20 20:06:14.919   736  1152 D audio_hw_primary: select_devices: done
02-20 20:06:14.919 14505 14505 W OVRLibrary: null cursor received for query content://com.oculus.ocms.library/apps/com.YourCompany.PrototypeV4
02-20 20:06:14.922 22207 22306 W REFLECT [RUNTIMEIPC]: UpdateServerStateValue name:'RigidBodyStates' buffer == nullptr
02-20 20:06:14.922   736   736 W EffectHAL: Effect 0xf2d678c0 command DUMP error: Invalid argument
02-20 20:06:14.923   736   736 W EffectHAL: Effect 0xf2d679d0 command DUMP error: Invalid argument
02-20 20:06:14.927 22207 22306 W REFLECT [RUNTIMEIPC]: UpdateServerStateValue name:'RigidBodyStates' buffer == nullptr
02-20 20:06:14.928   736   736 D audio_hw_primary: adev_close_input_stream: enter:stream_handle(0xf2b86000)
02-20 20:06:14.928   736   736 E soundtrigger: audio_extn_sound_trigger_check_ec_ref_enable: st_dev NULL
02-20 20:06:14.928   736   736 E soundtrigger: audio_extn_sound_trigger_update_ec_ref_status: st_dev NULL
02-20 20:06:14.928   736   736 D audio_hw_primary: in_standby: enter: stream (0xf2b86000) usecase(22: audio-record)
02-20 20:06:14.931 22207 14906 I JniUtils: ovr_GetCurrentPackageSignature 
02-20 20:06:14.932 22207 22306 W REFLECT [RUNTIMEIPC]: UpdateServerStateValue name:'RigidBodyStates' buffer == nullptr
02-20 20:06:14.934 22207 14906 I Metrics : device name = Oculus Quest 2
02-20 20:06:14.934  2134  3085 I [OAO] ShellOverlayApp: 0xccd60b28 msg: overlayCommand:
02-20 20:06:14.934  2134  3085 I [OAO] ShellOverlayApp: command = primaryPackageChanged
02-20 20:06:14.934  2134  3085 I [OAO] ShellOverlayApp: Process_OverlayCommand command : primaryPackageChanged
02-20 20:06:14.934  2134  3085 I [OAO] ShellOverlayApp: UpdatePrimaryPackage forceSilentUpdate:0
02-20 20:06:14.934  2134  3085 I [OAO] ShellOverlayApp: UpdatePrimaryPackage Requested for PackageName:com.oculus.xrstreamingclient
02-20 20:06:14.934  2134  3085 I [OAO] OverlayFlowController: OnPrimaryPackageChange primaryPackage:com.oculus.xrstreamingclient immersiveAppChanged:1 forceSilentUpdate:0
02-20 20:06:14.934  2134  3085 I [OAO] OverlayFlowController: Non system primary client change: ready to sleep
02-20 20:06:14.934  2134  3085 I [OAO] OverlayFlowController: Reset resetReason : PrimaryClientChanged
02-20 20:06:14.934  2134  3085 I [OAO] OverlayDesktopFlow: OverlayDesktopFlow Reset
02-20 20:06:14.934  2134  3085 I [OAO] DesktopPanelControllerAnalytics: DesktopPanelControllerAnalytics flushing telemetry
02-20 20:06:14.934  2134  3085 I [OAO] DialogControllerManager: Reset resetReason:4
02-20 20:06:14.934  2134  3085 I [OAO] OverlayFlowController: Reset - Resetting lastNonSystemPackageName to empty
02-20 20:06:14.934  2134  3085 I [OAO] OverlayFlowController: OnPrimaryPackageChange Setting lastNonSystemPackageName = com.oculus.xrstreamingclient
02-20 20:06:14.934  2134  3085 I [OAO] OverlayGuardianFlow: OverlayGuardianFlow UpdatePrimaryPackage lastNonSystemPackage:com.oculus.xrstreamingclient isVrShellPackage0
02-20 20:06:14.936 14505 14505 W OVRLibrary: null cursor received for query content://com.oculus.ocms.library/apps/com.oculus.os.vrusb
02-20 20:06:14.937 22207 22306 W REFLECT [RUNTIMEIPC]: UpdateServerStateValue name:'RigidBodyStates' buffer == nullptr
02-20 20:06:14.941   736  1152 D msm8974_platform: platform_set_channel_map mixer_ctl_name:Playback Channel Map9
02-20 20:06:14.941   736  1152 D msm8974_platform: platform_set_channel_map: set mapping(1 2 0 0 0 0 0 0) for channel:2
02-20 20:06:14.942   736  1152 D audio_hw_primary: start_output_stream: exit
02-20 20:06:14.942   736  1152 D audio_hw_primary: out_write: retry previous failed cal level set
02-20 20:06:14.942   736  1152 D msm8974_platform: platform_split_snd_device: snd_device(2) num devices(1) new_snd_devices(0)
02-20 20:06:14.942   736  1152 D ACDB-LOADER: ACDB -> send_audvoltable
02-20 20:06:14.942   736  1152 D ACDB-LOADER: ACDB -> ACDB_CMD_GET_AUDPROC_INSTANCE_GAIN_DEP_STEP_TABLE_SIZE
02-20 20:06:14.942   736  1152 D         : Failed to fetch the lookup information of the device 0000000F 
02-20 20:06:14.942   736  1152 D ACDB-LOADER: Error: ACDB_CMD_GET_AUDPROC_INSTANCE_GAIN_DEP_STEP_TABLE_SIZE Returned = -19
02-20 20:06:14.942   736  1152 D ACDB-LOADER: ACDB -> ACDB_CMD_GET_AUDPROC_INSTANCE_GAIN_DEP_STEP_TABLE, vol index 15
02-20 20:06:14.942   736  1152 D         : Failed to fetch the lookup information of the device 0000000F 
02-20 20:06:14.942   736  1152 D ACDB-LOADER: Error: ACDB AudProc vol returned = -19
02-20 20:06:14.942   736  1152 D ACDB-LOADER: ACDB -> AUDIO_SET_VOL_CAL cal type = 40
02-20 20:06:14.942 22207 22306 W REFLECT [RUNTIMEIPC]: UpdateServerStateValue name:'RigidBodyStates' buffer == nullptr
02-20 20:06:14.944   736   830 I audio_hw_primary: adev_open_input_stream: enter: sample_rate(24000) channel_mask(0x10) devices(0x80000004)        stream_handle(0xf2b86000) io_handle(262) source(7) format 5
02-20 20:06:14.948 22207 22306 W REFLECT [RUNTIMEIPC]: UpdateServerStateValue name:'RigidBodyStates' buffer == nullptr
02-20 20:06:14.949  3010  3010 W OVRLibrary: null cursor received for query content://com.oculus.ocms.library/apps/com.oculus.xrstreamingclient
02-20 20:06:14.950   736   830 I audio_hw_primary: adev_open_input_stream: enter: sample_rate(24000) channel_mask(0x10) devices(0x80000004)        stream_handle(0xf2b86000) io_handle(262) source(7) format 1
02-20 20:06:14.950   736   830 W audio_hw_primary: adev_update_voice_comm_input_stream No valid input in voip, use defaultssample rate 24000, channel mask 0x10
02-20 20:06:14.950   736   830 I audio_hw_primary: adev_open_input_stream: exit
02-20 20:06:14.952  1909  2567 E OVRMediaServiceManager: LivestreamingManager Not initialized
02-20 20:06:14.953 22207 22306 W REFLECT [RUNTIMEIPC]: UpdateServerStateValue name:'RigidBodyStates' buffer == nullptr
02-20 20:06:14.953   756 14910 I AudioFlinger: AudioFlinger's thread 0x79e475e3c0 tid=14910 ready to run
02-20 20:06:14.953   736   830 D audio_hw_primary: in_standby: enter: stream (0xf2b86000) usecase(22: audio-record)
02-20 20:06:14.953   756  3735 W AudioFlinger: createRecordTrack_l(): mismatch between requested flags (00000005) and input flags (00000000)
02-20 20:06:14.953  1909  2578 E OVRMediaServiceManager: LivestreamingManager Not initialized
02-20 20:06:14.953   736   830 D audio_hw_primary: in_standby: enter: stream (0xf2b86000) usecase(22: audio-record)
02-20 20:06:14.955 25993 25993 W VRLifecycleManager: onHeadsetMounted
02-20 20:06:14.958 22207 22306 W REFLECT [RUNTIMEIPC]: UpdateServerStateValue name:'RigidBodyStates' buffer == nullptr
02-20 20:06:14.963 22207 22306 W REFLECT [RUNTIMEIPC]: UpdateServerStateValue name:'RigidBodyStates' buffer == nullptr
02-20 20:06:14.967   736   830 D audio_hw_primary: adev_close_input_stream: enter:stream_handle(0xf2b86000)
02-20 20:06:14.967   736   830 E soundtrigger: audio_extn_sound_trigger_check_ec_ref_enable: st_dev NULL
02-20 20:06:14.967   736   830 E soundtrigger: audio_extn_sound_trigger_update_ec_ref_status: st_dev NULL
02-20 20:06:14.967   736   830 D audio_hw_primary: in_standby: enter: stream (0xf2b86000) usecase(22: audio-record)
02-20 20:06:14.968 22207 22306 W REFLECT [RUNTIMEIPC]: UpdateServerStateValue name:'RigidBodyStates' buffer == nullptr
02-20 20:06:14.968 22207 22306 W REFLECT [RUNTIMEIPC]: UpdateServerStateValue name:'AnchorStates' buffer == nullptr
02-20 20:06:14.970 25993 14913 E DeviceConfigVersionMapBuilder: Something went wrong when building version map.
02-20 20:06:14.971 25993 14913 E DeviceConfigVersionMapBuilder: Something went wrong when building version map.
02-20 20:06:14.971  1754 14425 I CompositorVR: SetSchedFifo( tid=3199, pol=2, pri=0 ) succeeded
02-20 20:06:14.972   736   830 I audio_hw_primary: adev_open_input_stream: enter: sample_rate(24000) channel_mask(0x10) devices(0x80000004)        stream_handle(0xf2b86000) io_handle(270) source(7) format 5
02-20 20:06:14.973   736   736 I audio_hw_primary: adev_open_input_stream: enter: sample_rate(24000) channel_mask(0x10) devices(0x80000004)        stream_handle(0xf2b86000) io_handle(270) source(7) format 1
02-20 20:06:14.973   736   736 W audio_hw_primary: adev_update_voice_comm_input_stream No valid input in voip, use defaultssample rate 24000, channel mask 0x10
02-20 20:06:14.973   736   736 I audio_hw_primary: adev_open_input_stream: exit
02-20 20:06:14.973 22207 22306 W REFLECT [RUNTIMEIPC]: UpdateServerStateValue name:'RigidBodyStates' buffer == nullptr
02-20 20:06:14.976 25993 14913 E DeviceConfigVersionMapBuilder: Something went wrong when building version map.
02-20 20:06:14.978   756 14914 I AudioFlinger: AudioFlinger's thread 0x79e475ed00 tid=14914 ready to run
02-20 20:06:14.978   736   830 D audio_hw_primary: in_standby: enter: stream (0xf2b86000) usecase(22: audio-record)
02-20 20:06:14.978 22207 22306 W REFLECT [RUNTIMEIPC]: UpdateServerStateValue name:'RigidBodyStates' buffer == nullptr
02-20 20:06:14.979   736   830 D audio_hw_primary: in_standby: enter: stream (0xf2b86000) usecase(22: audio-record)
02-20 20:06:14.979 25993 14913 E DeviceConfigVersionMapBuilder: Something went wrong when building version map.
02-20 20:06:14.981   756  3735 D AF::RecordHandle: OpRecordAudio: track:194 uid:10033 pkg:com.oculus.xrstreamingclient usage:0 not muted
02-20 20:06:14.983   736   830 I audio_hw_primary: AEC enable 1
02-20 20:06:14.983   736   830 I audio_hw_primary: select_devices for use case (low-latency-playback)
02-20 20:06:14.983   736   830 D audio_hw_primary: select_devices: changing use case low-latency-playback output device from(2: speaker, acdb 15) to (22: voice-speaker-stereo, acdb 15)
02-20 20:06:14.983   736   830 I audio_hw_primary: disable_audio_route: reset and update mixer path: low-latency-playback
02-20 20:06:14.983 22207 22306 W REFLECT [RUNTIMEIPC]: UpdateServerStateValue name:'RigidBodyStates' buffer == nullptr
02-20 20:06:14.985 22207 22281 D xrstreaming: receive ping: org 0 recv 0 xmt 14437741443500 (received at 15522322995429), offset divergence 583306
02-20 20:06:14.988 22207 22306 W REFLECT [RUNTIMEIPC]: UpdateServerStateValue name:'RigidBodyStates' buffer == nullptr
02-20 20:06:14.989 25993 14913 E DeviceConfigVersionMapBuilder: Something went wrong when building version map.
02-20 20:06:14.993 25993 14913 I chatty  : uid=10046(com.oculus.socialplatform) OkHttp Dispatch identical 8 lines
02-20 20:06:14.993 25993 14913 E DeviceConfigVersionMapBuilder: Something went wrong when building version map.
02-20 20:06:14.993 22207 22306 W REFLECT [RUNTIMEIPC]: UpdateServerStateValue name:'RigidBodyStates' buffer == nullptr
02-20 20:06:14.994 25993 14913 E DeviceConfigVersionMapBuilder: Something went wrong when building version map.
02-20 20:06:14.998 25993 14913 I chatty  : uid=10046(com.oculus.socialplatform) OkHttp Dispatch identical 4 lines
02-20 20:06:14.998 25993 14913 E DeviceConfigVersionMapBuilder: Something went wrong when building version map.
02-20 20:06:14.999 22207 22306 W REFLECT [RUNTIMEIPC]: UpdateServerStateValue name:'RigidBodyStates' buffer == nullptr
02-20 20:06:14.999 22207 22306 W REFLECT [RUNTIMEIPC]: UpdateServerStateValue name:'AnchorStates' buffer == nullptr
02-20 20:06:14.999 25993 14913 E DeviceConfigVersionMapBuilder: Something went wrong when building version map.
02-20 20:06:14.999   736   830 D msm8974_platform: platform_split_snd_device: snd_device(2) num devices(0) new_snd_devices(0)
02-20 20:06:14.999   736   830 I msm8974_platform: platform_get_custom_mtmx_params: no matching param with id 0 ip_ch 2 op_ch 2 uc_id 1 snd_dev 2
02-20 20:06:14.999   736   830 D hardware_info: hw_info_append_hw_type : device_name = speaker
02-20 20:06:14.999   736   830 D audio_hw_primary: disable_snd_device: snd_device(2: speaker)
02-20 20:06:14.999   736   830 D msm8974_platform: platform_split_snd_device: snd_device(2) num devices(0) new_snd_devices(0)
02-20 20:06:15.003 25993 14913 E DeviceConfigVersionMapBuilder: Something went wrong when building version map.
02-20 20:06:15.004 22207 22306 W REFLECT [RUNTIMEIPC]: UpdateServerStateValue name:'RigidBodyStates' buffer == nullptr
02-20 20:06:15.005 25993 14913 E DeviceConfigVersionMapBuilder: Something went wrong when building version map.
02-20 20:06:15.006 25993 14913 I chatty  : uid=10046(com.oculus.socialplatform) OkHttp Dispatch identical 2 lines
02-20 20:06:15.006 25993 14913 E DeviceConfigVersionMapBuilder: Something went wrong when building version map.
02-20 20:06:15.009 22207 22306 W REFLECT [RUNTIMEIPC]: UpdateServerStateValue name:'RigidBodyStates' buffer == nullptr
02-20 20:06:15.013   736   830 I msm8974_platform: platform_check_and_set_codec_backend_cfg:becf: afe: bitwidth 16, samplerate 48000 channels 2, backend_idx 0 usecase = 1 device (voice-speaker-stereo)
02-20 20:06:15.014   736   830 D msm8974_platform: platform_split_snd_device: snd_device(22) num devices(1) new_snd_devices(0)
02-20 20:06:15.014   736   830 I msm8974_platform: platform_check_and_set_codec_backend_cfg: new_snd_devices[0] is 22
02-20 20:06:15.014   736   830 I msm8974_platform: platform_check_codec_backend_cfg:becf: afe: bitwidth 16, samplerate 48000 channels 2, backend_idx 0 usecase = 1 device (voice-speaker-stereo)
02-20 20:06:15.014 22207 22306 W REFLECT [RUNTIMEIPC]: UpdateServerStateValue name:'RigidBodyStates' buffer == nullptr
02-20 20:06:15.014   736   830 D audio_hw_extn: audio_extn_enable_hifi_filter: mixer_value set 0
02-20 20:06:15.014   736   830 D msm8974_platform: platform_check_codec_backend_cfg:becf: updated afe: bitwidth 16, samplerate 48000 channels 2,backend_idx 0 usecase = 1 device (voice-speaker-stereo)
02-20 20:06:15.014   736   830 I msm8974_platform: platform_check_codec_backend_cfg:becf: afe: Codec selected backend: 0 updated bit width: 16 and sample rate: 48000
02-20 20:06:15.014   736   830 D audio_hw_primary: check_usecases_codec_backend:becf: force routing 0
02-20 20:06:15.014   736   830 D audio_hw_primary: check_usecases_codec_backend:becf: (75) check_usecases curr device: voice-speaker-stereo, usecase device:speaker backends match 0
02-20 20:06:15.014   736   830 D audio_hw_primary: check_usecases_codec_backend:becf: check_usecases num.of Usecases to switch 0
02-20 20:06:15.014   736   830 D hardware_info: hw_info_append_hw_type : device_name = voice-speaker-stereo
02-20 20:06:15.014   736   830 D msm8974_platform: platform_split_snd_device: snd_device(22) num devices(0) new_snd_devices(0)
02-20 20:06:15.014   736   830 D audio_hw_primary: enable_snd_device: snd_device(22: voice-speaker-stereo)
02-20 20:06:15.014   736   830 D audio_route: Apply path: voice-speaker-stereo
02-20 20:06:15.019 22207 22306 W REFLECT [RUNTIMEIPC]: UpdateServerStateValue name:'RigidBodyStates' buffer == nullptr
02-20 20:06:15.020   736   830 I audio_hw_utils: audio_extn_utils_update_stream_output_app_type_cfg Allowing 24 and above bits playback on speaker ONLY at default sampling rate
02-20 20:06:15.020   736   830 D audio_hw_utils: audio_extn_utils_send_app_type_cfg: usecase->out_snd_device voice-speaker-stereo
02-20 20:06:15.020   736   830 D msm8974_platform: platform_split_snd_device: snd_device(22) num devices(0) new_snd_devices(0)
02-20 20:06:15.020   736   830 D audio_hw_utils: audio_extn_btsco_get_sample_rate:Not a BT SCO device, need not update sampling rate
02-20 20:06:15.020   736   830 I audio_hw_utils: send_app_type_cfg_for_device PLAYBACK app_type 69943, acdb_dev_id 15, sample_rate 48000, snd_device_be_idx 2
02-20 20:06:15.020   736   830 D msm8974_platform: platform_split_snd_device: snd_device(22) num devices(1) new_snd_devices(0)
02-20 20:06:15.020   736   830 D audio_hw_utils: audio_extn_btsco_get_sample_rate:Not a BT SCO device, need not update sampling rate
02-20 20:06:15.020   736   830 D ACDB-LOADER: ACDB -> send_audio_cal, acdb_id = 15, path = 0, app id = 0x11137, sample rate = 48000, afe_sample_rate = 48000
02-20 20:06:15.020   736   830 D ACDB-LOADER: ACDB -> send_asm_topology
02-20 20:06:15.020   736   830 D ACDB-LOADER: ACDB -> ACDB_CMD_GET_AUDPROC_STREAM_TOPOLOGY_ID
02-20 20:06:15.020   736   830 D ACDB-LOADER: ACDB -> send_adm_topology
02-20 20:06:15.020   736   830 D ACDB-LOADER: ACDB -> ACDB_CMD_GET_AUDPROC_COMMON_TOPOLOGY_ID
02-20 20:06:15.020   736   830 D ACDB-LOADER: ACDB -> send_audtable
02-20 20:06:15.020   736   830 D ACDB-LOADER: ACDB -> ACDB_CMD_GET_AUDPROC_INSTANCE_COMMON_TABLE_SIZE
02-20 20:06:15.020   736   830 D ACDB-LOADER: ACDB -> ACDB_CMD_GET_AUDPROC_INSTANCE_COMMON_TABLE
02-20 20:06:15.020   736   830 D ACDB-LOADER: ACDB -> AUDIO_SET_AUDPROC_CAL cal_type[11] acdb_id[15] app_type[69943]
02-20 20:06:15.020   736   830 D ACDB-LOADER: ACDB -> send_audvoltable
02-20 20:06:15.020   736   830 D ACDB-LOADER: ACDB -> ACDB_CMD_GET_AUDPROC_INSTANCE_GAIN_DEP_STEP_TABLE_SIZE
02-20 20:06:15.020   736   830 D         : Failed to fetch the lookup information of the device 0000000F 
02-20 20:06:15.020   736   830 D ACDB-LOADER: Error: ACDB_CMD_GET_AUDPROC_INSTANCE_GAIN_DEP_STEP_TABLE_SIZE Returned = -19
02-20 20:06:15.020   736   830 D ACDB-LOADER: ACDB -> ACDB_CMD_GET_AUDPROC_INSTANCE_GAIN_DEP_STEP_TABLE, vol index 15
02-20 20:06:15.020   736   830 D         : Failed to fetch the lookup information of the device 0000000F 
02-20 20:06:15.020   736   830 D ACDB-LOADER: Error: ACDB AudProc vol returned = -19
02-20 20:06:15.021   736   830 D ACDB-LOADER: ACDB -> AUDIO_SET_VOL_CAL cal type = 12
02-20 20:06:15.021   736   830 D ACDB-LOADER: ACDB -> ACDB_CMD_GET_AUDPROC_INSTANCE_STREAM_TABLE_SIZE
02-20 20:06:15.021   736   830 D ACDB-LOADER: ACDB -> send_audstrmtable
02-20 20:06:15.021   736   830 D ACDB-LOADER: ACDB -> ACDB_CMD_GET_AUDPROC_INSTANCE_STREAM_TABLE
02-20 20:06:15.021   736   830 D ACDB-LOADER: ACDB -> audstrm_cal->cal_type.cal_data.cal_size = 20
02-20 20:06:15.021   736   830 D ACDB-LOADER: ACDB -> send_afe_topology
02-20 20:06:15.021   736   830 D ACDB-LOADER: ACDB -> ACDB_CMD_GET_AFE_TOPOLOGY_ID
02-20 20:06:15.021   736   830 D ACDB-LOADER: ACDB -> GET_AFE_TOPOLOGY_ID for adcd_id 15, Topology Id 112fc
02-20 20:06:15.021   736   830 D ACDB-LOADER: ACDB -> send_afe_cal
02-20 20:06:15.021   736   830 D ACDB-LOADER: ACDB -> ACDB_CMD_GET_AFE_INSTANCE_COMMON_TABLE_SIZE
02-20 20:06:15.021   736   830 D         : Failed to fetch the lookup information of the device 0000000F 
02-20 20:06:15.021   736   830 D ACDB-LOADER: Error: ACDB_CMD_GET_AFE_INSTANCE_COMMON_TABLE_SIZE Returned = -19
02-20 20:06:15.021   736   830 D ACDB-LOADER: ACDB -> ACDB_CMD_GET_AFE_INSTANCE_COMMON_TABLE
02-20 20:06:15.021   736   830 D         : Failed to fetch the lookup information of the device 0000000F 
02-20 20:06:15.021   736   830 D ACDB-LOADER: Error: ACDB AFE returned = -19
02-20 20:06:15.021   736   830 D ACDB-LOADER: ACDB -> AUDIO_SET_AFE_CAL cal_type[16] acdb_id[15]
02-20 20:06:15.021   736   830 D ACDB-LOADER: ACDB -> send_hw_delay : acdb_id = 15 path = 0
02-20 20:06:15.021   736   830 D ACDB-LOADER: ACDB -> ACDB_AVSYNC_INFO: ACDB_CMD_GET_DEVICE_PROPERTY
02-20 20:06:15.021   736   830 D msm8974_platform: platform_split_snd_device: snd_device(22) num devices(0) new_snd_devices(0)
02-20 20:06:15.021   736   830 I msm8974_platform: platform_get_custom_mtmx_params: no matching param with id 0 ip_ch 2 op_ch 2 uc_id 1 snd_dev 22
02-20 20:06:15.021   736   830 I audio_hw_primary: enable_audio_route: apply mixer and update path: low-latency-playback
02-20 20:06:15.021   736   830 D audio_route: Apply path: low-latency-playback
02-20 20:06:15.024 22207 22306 W REFLECT [RUNTIMEIPC]: UpdateServerStateValue name:'RigidBodyStates' buffer == nullptr
02-20 20:06:15.029 22207 22306 W REFLECT [RUNTIMEIPC]: UpdateServerStateValue name:'RigidBodyStates' buffer == nullptr
02-20 20:06:15.029 22207 22306 W REFLECT [RUNTIMEIPC]: UpdateServerStateValue name:'AnchorStates' buffer == nullptr
02-20 20:06:15.034 14505 14505 D [SUI] AppStateUtil: com.oculus.xrstreamingclient is running= true
02-20 20:06:15.034 22207 22306 W REFLECT [RUNTIMEIPC]: UpdateServerStateValue name:'RigidBodyStates' buffer == nullptr
02-20 20:06:15.037   736   830 D audio_hw_primary: select_devices: done
02-20 20:06:15.037   736   830 I audio_hw_primary: NS enable 1
02-20 20:06:15.039  1057  1087 W ActivityManager: Skipping broadcast of Intent { act=com.oculus.intent.action.PRIVACY_INDICATORS_UPDATE flg=0x10 pkg=com.oculus.systemux (has extras) }: user 10033 and its parent (if any) are stopped
02-20 20:06:15.040 22207 22306 W REFLECT [RUNTIMEIPC]: UpdateServerStateValue name:'RigidBodyStates' buffer == nullptr
02-20 20:06:15.041   736   830 D audio_hw_primary: in_set_parameters: enter: kvpairs=bottom=;input_source=7;routing=-2147483644
02-20 20:06:15.045 22207 22306 W REFLECT [RUNTIMEIPC]: UpdateServerStateValue name:'RigidBodyStates' buffer == nullptr
02-20 20:06:15.045   736 14916 I audio_hw_primary: start_input_stream: enter: stream(0xf2b86000)usecase(22: audio-record)
02-20 20:06:15.045   736 14916 I audio_hw_primary: select_devices for use case (audio-record)
02-20 20:06:15.045   736 14916 I msm8974_platform: platform_check_and_set_capture_codec_backend_cfg:txbecf: afe: bitwidth 16, samplerate 24000, channel 1 format 1, backend_idx 8 usecase = 22 device (handset-mic-aec-ns)
02-20 20:06:15.045   736 14916 I msm8974_platform: platform_check_capture_codec_backend_cfg:txbecf: afe: Codec selected backend: 8 current bit width: 16 and sample rate: 24000, channels 1 format 1
02-20 20:06:15.045   736 14916 W msm8974_platform: platform_get_backend_index:napb: Invalid device - 0 
02-20 20:06:15.045   736 14916 I msm8974_platform: platform_check_capture_codec_backend_cfg:txbecf: afe: current backend bit_width 16 sample_rate 48000 channels 1, format 0
02-20 20:06:15.045   736 14916 I msm8974_platform: platform_check_capture_codec_backend_cfg:txbecf: afe: Codec backend needs to be updated. new bit width: 16 new sample rate: 24000 new channel: 1 new format: 1
02-20 20:06:15.045   736 14916 I msm8974_platform: platform_set_codec_backend_cfg:becf: afe: bitwidth 16, samplerate 24000 channels 1 format 1, backend_idx 8 device (handset-mic-aec-ns)
02-20 20:06:15.045 22207 22295 D xrstreaming: Quest 2 device - opening vsync_event
02-20 20:06:15.045 22207 22238 I ClientInputSettings: InhibitHandleHomeKeyFull = true
02-20 20:06:15.045 22207 22238 I ClientInputInterface: SetInhibitHandleHomeKeyFull 1 for process com.oculus.xrstreamingclient 22207
02-20 20:06:15.045 22207 22238 D xrstreaming:     vrapi_SetPropertyInt(VRAPI_INHIBIT_HANDLE_HOMEKEY_FULL, 1)
02-20 20:06:15.045 22207 22238 I ipcLoader [RUNTIMEIPC]: RuntimeIPC: Loader: IPC Service API Loader Version: 37 Feb  7 2023 02:17:50
02-20 20:06:15.045 22207 22238 I RuntimeIPCApi [RUNTIMEIPC]: ipc_Initialize
02-20 20:06:15.045 22207 22238 I RuntimeIPCServiceClient [RUNTIMEIPC]: Init: Already initialized: com.oculus.xrstreamingclient, 11
02-20 20:06:15.045   736 14916 E msm8974_platform: platform_set_codec_backend_cfg:becf: afe: Could not get ctl for mixer command - SLIM_0_TX SampleRate
02-20 20:06:15.045   736 14916 D audio_hw_primary: check_usecases_capture_codec_backend:becf: force routing 0
02-20 20:06:15.045   736 14916 D hardware_info: hw_info_append_hw_type : device_name = handset-mic-aec-ns
02-20 20:06:15.045   736 14916 D msm8974_platform: platform_split_snd_device: snd_device(134) num devices(0) new_snd_devices(0)
02-20 20:06:15.045   736 14916 D audio_hw_primary: enable_snd_device: snd_device(134: handset-mic-aec-ns)
02-20 20:06:15.045 22207 22295 D xrstreaming: Starting with vsync 15522378405168
02-20 20:06:15.045   736 14916 D audio_route: Apply path: handset-mic-aec-ns
02-20 20:06:15.046   859  1259 D RPCServer [RUNTIMEIPC]: ConnectClient: Client: com.oculus.xrstreamingclient:com.oculus.xrstreamingclient:22207, Server: native_process.system:/system/bin/mrsystemservice (MrSystemServiceIPCServer)
02-20 20:06:15.046   859  1259 I IPCSharedMemory_Internal [RUNTIMEIPC]: CreateSharedMemory: Allocated shared memory fd 52 (ipcStateReadWrite)
02-20 20:06:15.046   859  1259 I IPCSharedMemory_Internal [RUNTIMEIPC]: CreateSharedMemory: Allocated shared memory fd 53 (ipcReadOnlyState)
02-20 20:06:15.046   859  1259 I RPCClientHandler [RUNTIMEIPC]: Event buffer size (server): 8192
02-20 20:06:15.046   859  1259 I IPCSharedMemory_Internal [RUNTIMEIPC]: CreateSharedMemory: Allocated shared memory fd 54 (ipcEventBuffer)
02-20 20:06:15.046   859  1259 I IPCSharedMemory_Internal [RUNTIMEIPC]: CreateSharedMemory: Allocated shared memory fd 55 (ipcEventBuffer_Private)
02-20 20:06:15.046   859  1259 W RPCServer [RUNTIMEIPC]: HandleClientConnect: Failed to register client event subscription: Client: com.oculus.xrstreamingclient:com.oculus.xrstreamingclient:22207, Server: native_process.system:/system/bin/mrsystemservice (MrSystemServiceIPCServer)
02-20 20:06:15.047   859  1259 I RuntimeIPCServerMgr [RUNTIMEIPC]: HandleClientConnect SUCCESS: Client: com.oculus.xrstreamingclient:com.oculus.xrstreamingclient:22207, Server: native_process.system:/system/bin/mrsystemservice (MrSystemServiceIPCServer)
02-20 20:06:15.047   859 14917 I [CT]    : MIXEDREALITY: MrSystemServiceIPCServer: Client Connected: 812808904/com.oculus.xrstreamingclient/com.oculus.xrstreamingclient:22207
02-20 20:06:15.047   859  1259 I RPCServer [RUNTIMEIPC]: GetServerStatesConfig -> {MaxBufferSize=1024, MaxEntries=5}
02-20 20:06:15.047 22207 22238 I RuntimeIPCClient [RUNTIMEIPC]: GetServerStatesConfig returned maxEntries=5, maxBuffSize=1024
02-20 20:06:15.047 22207 22238 I RuntimeIPCClient [RUNTIMEIPC]: Event buffer size (client): 8192
02-20 20:06:15.047 22207 22238 I RuntimeIPCClient [RUNTIMEIPC]: TryToGetIPCResourcesFromServer: RPC_CONNECTOR_CONNECT_TO_SERVER SUCCESS: Client: com.oculus.xrstreamingclient:com.oculus.xrstreamingclient:22207, Server: native_process.system:/system/bin/mrsystemservice (MrSystemServiceIPCServer)
02-20 20:06:15.047 22207 22238 I RuntimeIPCClient [RUNTIMEIPC]: EnsureServerConnection: SUCCESS. Client: com.oculus.xrstreamingclient:com.oculus.xrstreamingclient:22207, Server: native_process.system:/system/bin/mrsystemservice (MrSystemServiceIPCServer)
02-20 20:06:15.047 22207 22238 I RuntimeIPCClient [RUNTIMEIPC]: ConnectToServer: SUCCESS: Client: com.oculus.xrstreamingclient:com.oculus.xrstreamingclient:22207, Server: native_process.system:/system/bin/mrsystemservice (MrSystemServiceIPCServer)
02-20 20:06:15.047 22207 22238 W REFLECT [RUNTIMEIPC]: DeferredConnectEvent not valid: 0, 16777230
02-20 20:06:15.049   859 14917 I [CT]    : MIXEDREALITY: MrSystemServiceIPCServer: MrGetSharedMemory
02-20 20:06:15.050 22207 22306 W REFLECT [RUNTIMEIPC]: UpdateServerStateValue name:'RigidBodyStates' buffer == nullptr
02-20 20:06:15.052 22207 22238 E libEGL  : validate_display:91 error 3008 (EGL_BAD_DISPLAY)
02-20 20:06:15.052 22207 22238 I chatty  : uid=10033(com.oculus.xrstreamingclient) XRS_MainLoop identical 2 lines
02-20 20:06:15.053 22207 22238 E libEGL  : validate_display:91 error 3008 (EGL_BAD_DISPLAY)
02-20 20:06:15.053 22207 22238 I ipcLoader [RUNTIMEIPC]: RuntimeIPC: Loader: IPC Service API Loader Version: 37 Feb  7 2023 02:17:50
02-20 20:06:15.053 22207 22238 I RuntimeIPCApi [RUNTIMEIPC]: ipc_Initialize
02-20 20:06:15.053 22207 22238 I RuntimeIPCServiceClient [RUNTIMEIPC]: Init: Already initialized: com.oculus.xrstreamingclient, 12
02-20 20:06:15.053 22207 22238 I RuntimeIPCClient [RUNTIMEIPC]: ConnectToServer: SUCCESS: Client: com.oculus.xrstreamingclient:com.oculus.xrstreamingclient:22207, Server: native_process.system:/system/bin/mrsystemservice (MrSystemServiceIPCServer)
02-20 20:06:15.053   859 14917 I [CT]    : MIXEDREALITY: MrSystemServiceIPCServer: ChangeMrCapabilityStatusNonBlocking: client 812808904, capability 0, command 1.
02-20 20:06:15.053   859 14917 I [CT]    : MIXEDREALITY: ServiceLogic: Starting: Passthrough
02-20 20:06:15.053   859 14917 I [CT]    : MIXEDREALITY: MrRuntimeCompute: onStart: Passthrough.
