11-04 16:36:51.081  3523  6553 I CppPanelService: verifyVrShellUID(Debug Signatures=false, uid=10020) => apkSignatureResult=SigCertInfo(isTrusted=true, packageNames=[com.oculus.vrshell], fingerprint sha1=331660b6dd3bd582f3dfd3cbae4546724668a021, fingerprint sha256=dc2f834e3c1942378b14f076c82cd1ab59ea6566bff4730b2047e98efc9f9daf, signature=3082038d30820275a00302010202041303858a300d06092a864886f70d01010b05003077310b3009060355040613025553310b3009060355040813024341311330110603550407130a4d656e6c6f205061726b31173015060355040a130e4f63756c75732056522c204c4c4331173015060355040b130e4f63756c75732056522c204c4c43311430120603550403130b4f63756c75732041707073301e170d3134313033303231343032315a170d3432303331373231343032315a3077310b3009060355040613025553310b3009060355040813024341311330110603550407130a4d656e6c6f205061726b31173015060355040a130e4f63756c75732056522c204c4c4331173015060355040b130e4f63756c75732056522c204c4c43311430120603550403130b4f63756c7573204170707330820122300d06092a864886f70d01010105000382010f003082010a0282010100a34c7fbd96dea95d811f21a0d760cabca85f2df5dbe19b62aca7a3e3e0b6e48f7e173345f2753c458d639cc2e222eeee4cfb5e89ac1c5060044414056709a43a7f1a6f1e4f2c3d708c48912634be08ad6da1fff92d9c0d4b85e4bc8a8b1c27de84c04eb1e6577c10693500af46beaf7bd2ce72a06a46f4e565859f242cecbef1a431ae8096db712cebe73840bacc64de6b99077ba1ca8c20e5d0b4870bd161f087abbf568dfef58e604068ca6f7cdea183c8681c306bc30cb223e7c5ce3a2fcf00d13e158475b3700ef62dcca46c57baecca4d91052e20b861a1a085d5fc8e99aed8c4a9cfd550d01e54ef5062133befcf7f9ea6a5a1d1575a72cd82279f34030203010001a321301f301d0603551d0e04160414ec7ccdaf8ccdc6dd1b87d4b561582ad8ec397b80300d06092a864886f70d01010b0500038201010014c557ecddc17ba8b979618036e7093b8e7307f624644532c31239f4dc83fd9424267ca7670fa9f78689cbc5bfd8a6312fdc214bd159d614a8753ceec0f2b2d9166217895b13c992e1d10ca625a3153dacfa51dbdb7fde139bd59510f5add29f88be3826b445ce7386dcf06577be72fbdf118fa81179091fad275981409e02d40422d8e86df5827a2c496a4b905b4825c3f1ba0af4cf509bf9b0d4d608cf0b4320ac60d1a8cbcc384de24f11a4c93c0fc5b887cbd6855871af1b1ef729c51a8a123efc6a627b6494e81a264587443b9156ad17772863c2f9685fae9c72a552b333f8ef2822bce5d4d178e45b3a8dd4e321924f6a5ba43f732971a9e74cbf0433), time=1 ms
11-04 16:36:51.081  3523  3523 D CppPanelService: BEGIN: Initializing panel application via MSG_CREATE_PANEL_APP.
11-04 16:36:51.081  3523  3523 I AndroidPanelApp: Created
11-04 16:36:51.081  3523  3523 V LifecycleAwareViewModelStore: LifecycleAwareViewModelStore created
11-04 16:36:51.082  3523  3523 V LifecycleAwarePanelApp: PanelApp initial lifecycle started and moved from state INITIALIZED to state RESUMED
11-04 16:36:51.083  3523  3523 I [SUI] ConsumerConfiguration: Setting SystemUX Configuration and Policy Settings.
11-04 16:36:51.083  3523  3523 D [SUI] AnytimeUIBroadcastReceiver: requestCaptureState being sent
11-04 16:36:51.083  3523  3523 D [SUI] DestinationUiPanelApp: Creating DestinationUiPanelApp
11-04 16:36:51.083  3523  3523 I AndroidPanelApp: HideLayer(#main, shape: 1, shouldMinimizeLayer: false)
11-04 16:36:51.084  1044  1060 I DisplayManagerService: Display device added: DisplayDeviceInfo{"com.oculus.android_panel_app.AndroidPanelLayer-#main": uniqueId="virtual:com.oculus.systemux,10026,com.oculus.android_panel_app.AndroidPanelLayer-#main,1", 1000 x 625, modeId 108, defaultModeId 108, supportedModes [{id=108, width=1000, height=625, fps=60.0}], colorMode 0, supportedColorModes [0], HdrCapabilities null, density 200, 200.0 x 200.0 dpi, appVsyncOff 0, presDeadline 16666666, touch NONE, rotation 0, type VIRTUAL, state OFF, owner com.oculus.systemux (uid 10026), FLAG_PRIVATE, FLAG_NEVER_BLANK, FLAG_OWN_CONTENT_ONLY}
11-04 16:36:51.096   851  1031 W TrackingService: attachClient: found client in attached list
11-04 16:36:51.097  6064  6142 E OsSdk   : error getting shared memory region, memory type: HeadTracker, failed with Status(-1, EX_SECURITY): 'requested shared memory region when not registered/focused'
11-04 16:36:51.111  1044  1064 W InputReader: Device has associated, but no associated display id.
11-04 16:36:51.115  1044  1066 W InputReader: Device has associated, but no associated display id.
11-04 16:36:51.115  1044  1066 I ActivityTaskManager: Override config changes=20005df8 {0.0 ?mcc?mnc ?localeList ?layoutDir sw500dp w800dp h500dp 200dpi lrg land ?uimode ?night -touch qwerty/v/v -nav/h winConfig={ mBounds=Rect(0, 0 - 1000, 625) mAppBounds=Rect(0, 0 - 1000, 625) mWindowingMode=fullscreen mDisplayWindowingMode=fullscreen mActivityType=undefined mAlwaysOnTop=undefined mRotation=ROTATION_0}} for displayId=47
11-04 16:36:51.120  2208  2208 E OVRMediaServiceManager: LivestreamingManager Not initialized
11-04 16:36:51.120  3523  3523 D [SUI] ActivityManagerUtilsHelper: Enabling the activity listener capability with initial foreground package com.YourCompany.TemplateProject2
11-04 16:36:51.123  3523  3523 D [SUI] DestinationUIViewBase: Showing DestinationUIView uri: 
11-04 16:36:51.125  2208  2208 I OVRMediaService: onStartCommand Received message type: overlay_input_focus_change, caller package: com.oculus.vrshell, app identify: AppIdentity{uid=10020, packageNames=[com.oculus.vrshell], sha1=MxZgtt071YLz39PLrkVGckZooCE, sha2=3C-DTjwZQjeLFPB2yCzRq1nqZWa_9HMLIEfpjvyfna8, version=null, domain=null}
11-04 16:36:51.133  2208  2208 I OVRMediaService: Received OVERLAY_INPUT_FOCUS_CHANGE. is focused: true
11-04 16:36:51.137  3523  3523 I PresenceAPK(ServiceApiManager): Trying to bind to presence service API.
11-04 16:36:51.138  1044  1060 W ActivityManager: Unable to start service Intent { act=com.oculus.presence.StablePresenceService cmp=com.oculus.presence/.services.presence.PresenceService } U=0: not found
11-04 16:36:51.138  3523  3523 E PresenceAPK(ServiceApiManager): Enabling backward compatible mode for service directory
11-04 16:36:51.139  6064  6142 E OsSdk   : error getting shared memory region, memory type: HeadTracker, failed with Status(-1, EX_SECURITY): 'requested shared memory region when not registered/focused'
11-04 16:36:51.140  3523  3523 D [SUI] PauseDestinationViewModel: Constructing PauseDestinationViewModel
11-04 16:36:51.142  6064  6142 E OsSdk   : error getting shared memory region, memory type: AnchorTracker, failed with Status(-1, EX_SECURITY): 'requested shared memory region when not registered/focused'
11-04 16:36:51.143  3523  3523 D UserAppScopedAuthHelper: Logging user in.
11-04 16:36:51.143  3523  4299 D UserAppScopedAuthHelper: fetchUserInfo - start
11-04 16:36:51.143  3523  4299 I [SUI] OVRAuthHelper: fetchAuthToken - start
11-04 16:36:51.143  3523  3523 D PresenceAPK(PresenceClient): setEventListener id=AnchoredHomeGroup
11-04 16:36:51.143  3523  3523 I PresenceAPK(GroupManager): addListener for id AnchoredHomeGroup
11-04 16:36:51.144  3523  3523 D UserAppScopedAuthHelper: Logging user in.
11-04 16:36:51.144  3523  4504 D UserAppScopedAuthHelper: fetchUserInfo - start
11-04 16:36:51.144  3523  4504 I [SUI] OVRAuthHelper: fetchAuthToken - start
11-04 16:36:51.145  3523  3523 D UserAppScopedAuthHelper: Logging user in.
11-04 16:36:51.145  3523  3523 D [SUI] SharingViewModel: Constructing ViewModel
11-04 16:36:51.149  3523  4299 D UserAppScopedAuthHelper: Successfully logged in.
11-04 16:36:51.149  3523  4299 D UserAppScopedAuthHelper: fetchUserInfo - start
11-04 16:36:51.149  3523  4299 I [SUI] OVRAuthHelper: fetchAuthToken - start
11-04 16:36:51.150  3523  4504 D UserAppScopedAuthHelper: Successfully logged in.
11-04 16:36:51.151  3523  3523 D [SUI] SharingViewModel: clearAbuseReportRecordingTimer
11-04 16:36:51.151  3523  3523 D [SUI] AnytimeUIPanelAppBase: Acquiring viewModel SharingViewModel refCount: 1
11-04 16:36:51.151  3523  3523 D [SUI] ScreenCaptureButtonUtil: Initializing screen recording button
11-04 16:36:51.152  3523  3523 D [SUI] ScreenCaptureButtonUtil: Initializing screenshot button
11-04 16:36:51.152  3523  3523 D [SUI] ScreenCaptureButtonUtil: Initialized screenshot button
11-04 16:36:51.152  3523  3523 D [SUI] ScreenCaptureButtonUtil: Initializing casting button
11-04 16:36:51.152  3523  3523 D [SUI] ScreenCaptureButtonUtil: Initialized casting button
11-04 16:36:51.152  3523  3523 D [SUI] SharingViewModel: clearAbuseReportRecordingTimer
11-04 16:36:51.152  3523  4299 D UserAppScopedAuthHelper: Successfully logged in.
11-04 16:36:51.152  3523  3523 D [SUI] PauseDestinationView: Showing PauseDestinationView
11-04 16:36:51.153  3523  3523 I PanelService: BEGIN: nativeInitializePanelInstance - Configure and set up thread polling.
11-04 16:36:51.153  3523  3523 I PanelService: BEGIN: Call hosted app's Configure method.
11-04 16:36:51.153  3523  3523 I PanelService: END: Call hosted app's Configure method.
11-04 16:36:51.153  3523  3523 I PanelService: END: nativeInitializePanelInstance - Add fd 61 to looper with error code 1
11-04 16:36:51.153  3523  3523 D CppPanelService: END: Initializing panel application via MSG_CREATE_PANEL_APP.
11-04 16:36:51.154  3523  3523 D [SUI] ActivityManagerUtilsHelper: onFocusedWindowChanged: Instance: com.oculus.panelapp.anytimeui.utils.ActivityManagerUtilsHelper@9ae96c, topWindowUid: 10020, focusedApp: com.oculus.vrshell, previousApp: null
11-04 16:36:51.154  3523  3523 I PresenceAPK(ServiceApiManager): onServiceConnected componentName=ComponentInfo{com.oculus.presence/com.oculus.presence.service.PresenceService}
11-04 16:36:51.154  3523  3523 I PresenceAPK(ServiceApiManager): setting apiStatusListener
11-04 16:36:51.155  3523  6552 I PresenceAPK(ServiceApiManager): onApiReady
11-04 16:36:51.158  2208  2208 I OVRMediaService: onStartCommand Received message type: com.oculus.horizon.GET_CAPTURE_STATE_ACTION, caller package: no_app_identity, app identify: null
11-04 16:36:51.180  3523  3523 D [SUI] AnytimeUIBroadcastReceiver: action: com.oculus.systemactivities.CAPTURE_STATE_UPDATE
11-04 16:36:51.180  3523  3523 I [SUI] AnytimeUIBroadcastReceiver: handleCaptureStateUpdate: captureToDisk false, captureEnabled false, isCapturingAbuseReport false, abuseRecordingUUID null
11-04 16:36:51.184  3523  6552 I PresenceAPK(ServicePresenceClient): calling onServiceUp
11-04 16:36:51.189  3523  7183 W OVRLibrary: null cursor received for query content://com.oculus.ocms.library/apps/com.YourCompany.TemplateProject2
11-04 16:36:51.189  3150  3150 I chatty  : uid=10020(com.oculus.vrshell) ShellMain expire 19 lines
11-04 16:36:51.191  6064  6142 E OsSdk   : error getting shared memory region, memory type: HeadTracker, failed with Status(-1, EX_SECURITY): 'requested shared memory region when not registered/focused'
11-04 16:36:51.193  2208  2208 I FileCapture: broadcast capture state to AUI running = false, with mode -1
11-04 16:36:51.195  3523  3523 D [SUI] AnytimeUIBroadcastReceiver: action: com.oculus.systemactivities.LOCAL_STREAM_STATE_UPDATE
11-04 16:36:51.195  3523  3523 D [SUI] ScreenCaptureUtil: onLocalStreamStateUpdate(isCaptureRunning = false)
11-04 16:36:51.195  3523  3523 I chatty  : uid=10026 com.oculus.systemux:SystemUX identical 109 lines
11-04 16:36:51.196  2208  2208 I OVRMediaServiceManager: Metacam is not enabled.
11-04 16:36:51.235  3523  7183 I chatty  : uid=10026 com.oculus.systemux:SystemUX expire 1 line
11-04 16:36:51.237  6064  6142 E OsSdk   : error getting shared memory region, memory type: HeadTracker, failed with Status(-1, EX_SECURITY): 'requested shared memory region when not registered/focused'
11-04 16:36:51.261  3523  6552 I chatty  : uid=10026(com.oculus.systemux) Binder:3523_B expire 2 lines
11-04 16:36:51.265  3523  6553 I chatty  : uid=10026(com.oculus.systemux) Binder:3523_C expire 2 lines
11-04 16:36:51.280  6064  6142 E OsSdk   : error getting shared memory region, memory type: HeadTracker, failed with Status(-1, EX_SECURITY): 'requested shared memory region when not registered/focused'
11-04 16:36:51.292  2354  2378 I chatty  : uid=10020(com.oculus.vrshell) HeapTaskDaemon expire 1 line
11-04 16:36:51.304  3523  3548 I chatty  : uid=10026(com.oculus.systemux) FinalizerDaemon expire 1 line
11-04 16:36:51.323  6064  6142 E OsSdk   : error getting shared memory region, memory type: HeadTracker, failed with Status(-1, EX_SECURITY): 'requested shared memory region when not registered/focused'
11-04 16:36:51.371   851  1031 I chatty  : uid=1000(system) Binder:851_1 identical 7 lines
11-04 16:36:51.372  6064  6142 E OsSdk   : error getting shared memory region, memory type: HeadTracker, failed with Status(-1, EX_SECURITY): 'requested shared memory region when not registered/focused'
11-04 16:36:51.375  2208  2566 W DeviceConfigUtil: Try to get config param "oculus_shared_social:oculus_messenger_reauth_removal" before Device Config has subscribed to the service.
11-04 16:36:51.416   851  1031 W TrackingService: attachClient: found client in attached list
11-04 16:36:51.416  6064  6142 E OsSdk   : error getting shared memory region, memory type: HeadTracker, failed with Status(-1, EX_SECURITY): 'requested shared memory region when not registered/focused'
11-04 16:36:51.417   851  1490 W TrackingService: attachClient: found client in attached list
11-04 16:36:51.417  6064  6142 E OsSdk   : error getting shared memory region, memory type: AnchorTracker, failed with Status(-1, EX_SECURITY): 'requested shared memory region when not registered/focused'
11-04 16:36:51.436  3523  7189 I chatty  : uid=10026(com.oculus.systemux) OkHttp Dispatch expire 2 lines
11-04 16:36:51.438  3523  7186 I chatty  : uid=10026(com.oculus.systemux) OkHttp Dispatch expire 2 lines
11-04 16:36:51.444  3523  7188 I chatty  : uid=10026(com.oculus.systemux) OkHttp Dispatch expire 2 lines
11-04 16:36:51.469  6064  6142 E OsSdk   : error getting shared memory region, memory type: HeadTracker, failed with Status(-1, EX_SECURITY): 'requested shared memory region when not registered/focused'
11-04 16:36:51.488   851  6965 W [CT]    : TIMESTAMPCHECKER: Nominal rate wrong. Estimated data rate: 25, Nominal is 30.000300003000028
11-04 16:36:51.512  6064  6142 E OsSdk   : error getting shared memory region, memory type: HeadTracker, failed with Status(-1, EX_SECURITY): 'requested shared memory region when not registered/focused'
11-04 16:36:51.550  6064  6142 E OsSdk   : error getting shared memory region, memory type: HeadTracker, failed with Status(-1, EX_SECURITY): 'requested shared memory region when not registered/focused'
11-04 16:36:51.596  6064  6142 E OsSdk   : error getting shared memory region, memory type: HeadTracker, failed with Status(-1, EX_SECURITY): 'requested shared memory region when not registered/focused'
11-04 16:36:51.627   851  6973 I [CT]    : CONSTELLATION:VISION_STATUS: 86557c336c360320 (L): BlobDetection:[#BlobsDetected=(19.09, 46.89)]Matching:[MatchSuccess=1.000, MatchCost=(0.00074, 0.00000), #MatchedBlobs=(8.66, 8.96), #MatchedLeds=(5.69, 1.47), RematchM=0.000, SkipRefine=0.000] MatchMethod:[Prox=1.000, ConstBrute=0.000, UnconstBrute=0.000] MatchResets[AnomBlobSize=0.000, SharedMatch=0.000, DenseReacq=0.000] | Fusion:[FusionError=0.000, ImuFromCamMs=(8.300, 1.261), RematchF=0.188] FusionUpdates:[Successful=1.000, Reliable=0.924, TightFusion=0.976, FullPose=0.024, StaticPrior=0.000, StaticForHandTrans=0.580, PoseUpdateMD=(0.7388, 2.2546)] FusionResets[6DoFReset=0.000, ResetSuccess=0.000] FusionStatus[HasPosition=1.000, HasVelocity=1.000] 
11-04 16:36:51.642  6064  6142 E OsSdk   : error getting shared memory region, memory type: HeadTracker, failed with Status(-1, EX_SECURITY): 'requested shared memory region when not registered/focused'
11-04 16:36:51.646   851  6939 I [CT]    : CONSTELLATION:IMU_STATUS: 86557c336c360320 (L): [FusionTracked=1.000, OutputTracked=1.000, OutputValid=1.000] [AccelSat=0.000, GyroSat=0.000] 
11-04 16:36:51.683  6064  6142 E OsSdk   : error getting shared memory region, memory type: HeadTracker, failed with Status(-1, EX_SECURITY): 'requested shared memory region when not registered/focused'
11-04 16:36:51.684  6064  6142 E OsSdk   : error getting shared memory region, memory type: AnchorTracker, failed with Status(-1, EX_SECURITY): 'requested shared memory region when not registered/focused'
11-04 16:36:51.690  1635  7190 W ContextImpl: Calling a method in the system process without a qualified user: android.app.ContextImpl.sendBroadcast:1057 android.content.ContextWrapper.sendBroadcast:448 X.o0.A00:133 X.nZ.A00:17 X.nZ.handleMessage:91 
11-04 16:36:51.730  6064  6142 E OsSdk   : error getting shared memory region, memory type: HeadTracker, failed with Status(-1, EX_SECURITY): 'requested shared memory region when not registered/focused'
11-04 16:36:51.757  2354  7201 I chatty  : uid=10020(com.oculus.vrshell) ShellOverlayMai expire 2 lines
11-04 16:36:51.761  2954  3498 I VrGuardianService: GuardianSDKServer::SetGuardianHitDialog2 1
11-04 16:36:51.767  1406  2712 I VrRuntimeService: CreateSwapChain: 972689551
11-04 16:36:51.767  1406  2712 I VrRuntimeService: CreateSwapChain: api:gles 0 0x8c43 60 60 6 1 1 0 3
11-04 16:36:51.767  1406  2712 I VrRuntimeServer: CreateTextureSwapChain: result importswapchaingles 1
11-04 16:36:51.771  1406  2712 I VrRuntimeService: UpdateSwapChainSamplerState: 196
11-04 16:36:51.771  1406  2712 I VrRuntimeService: UpdateSwapChainSamplerState: minFilter=1 magFilter=1 wrapModeS=3 warpModeT=3 maxAniso=1.000000 border={0.000000,0.000000,0.000000,0.000000} swizzle={0,1,2,3}
11-04 16:36:51.772  1406  6957 I CompositorProgs: loaded binary layerProgram 0:0x100100048083:0x0 in 0.7 ms
11-04 16:36:51.774  1406  6957 I CompositorProgs: [0x7a0afdcef8] Built layerProgram 0:0x100000048002:0x0 in 2.2 ms
11-04 16:36:51.775  6064  6142 E OsSdk   : error getting shared memory region, memory type: HeadTracker, failed with Status(-1, EX_SECURITY): 'requested shared memory region when not registered/focused'
11-04 16:36:51.783  1406  2712 I VrRuntimeService: UpdateSwapChainSamplerState: 195
11-04 16:36:51.783  1406  2712 I VrRuntimeService: UpdateSwapChainSamplerState: minFilter=1 magFilter=1 wrapModeS=3 warpModeT=3 maxAniso=1.000000 border={0.000000,0.000000,0.000000,0.000000} swizzle={0,1,2,3}
11-04 16:36:51.783  1406  2712 I VrRuntimeService: UpdateAndroidSurfaceSwapChainDimensions: 195: 1000x625
11-04 16:36:51.792  2954  3498 I VrGuardianService: GuardianSDKServer::SetActiveHand
11-04 16:36:51.792  2954  3498 I VrGuardianService: GuardianSDKServer::SetSecondaryControllerActive 1
11-04 16:36:51.794  1044  1066 I DisplayManagerService: Display device changed state: "com.oculus.android_panel_app.AndroidPanelLayer-#main", ON
11-04 16:36:51.796  1044  3551 E WindowManager: App trying to use insecure INPUT_FEATURE_NO_INPUT_CHANNEL flag. Ignoring
11-04 16:36:51.800  1406  6957 I CompositorProgs: loaded binary layerProgram 0:0x100000048003:0x0 in 0.7 ms
11-04 16:36:51.821  3523  7030 I chatty  : uid=10026 com.oculus.systemux:SystemUX expire 3 lines
11-04 16:36:51.824  6064  6142 E OsSdk   : error getting shared memory region, memory type: HeadTracker, failed with Status(-1, EX_SECURITY): 'requested shared memory region when not registered/focused'
11-04 16:36:51.869  6064  6142 E OsSdk   : error getting shared memory region, memory type: HeadTracker, failed with Status(-1, EX_SECURITY): 'requested shared memory region when not registered/focused'
11-04 16:36:51.885  1406  2712 I VrRuntimeService: DestroySwapChain: swapchain=196
11-04 16:36:51.896  1406  6957 I SwapChain_Surface: AttachSurfaceSwapChainGLES: 0x791958d000 with SurfaceTexture 0x29a6 attached on init
11-04 16:36:51.898  1406  6957 I CompositorProgs: loaded binary layerProgram 1:0x100000048003:0x0 in 0.7 ms
11-04 16:36:51.910   851  1490 I chatty  : uid=1000(system) Binder:851_4 identical 12 lines
11-04 16:36:51.911  6064  6142 E OsSdk   : error getting shared memory region, memory type: HeadTracker, failed with Status(-1, EX_SECURITY): 'requested shared memory region when not registered/focused'
11-04 16:36:51.949  1635  7204 W ContextImpl: Calling a method in the system process without a qualified user: android.app.ContextImpl.sendBroadcast:1057 android.content.ContextWrapper.sendBroadcast:448 X.o0.A00:133 X.nZ.A00:17 X.nZ.handleMessage:91 
11-04 16:36:51.953   851  1490 W TrackingService: attachClient: found client in attached list
11-04 16:36:51.955  6064  6142 E OsSdk   : error getting shared memory region, memory type: HeadTracker, failed with Status(-1, EX_SECURITY): 'requested shared memory region when not registered/focused'
11-04 16:36:51.955   851  1031 W TrackingService: attachClient: found client in attached list
11-04 16:36:51.956  6064  6142 E OsSdk   : error getting shared memory region, memory type: AnchorTracker, failed with Status(-1, EX_SECURITY): 'requested shared memory region when not registered/focused'
11-04 16:36:51.999  6064  6142 E OsSdk   : error getting shared memory region, memory type: HeadTracker, failed with Status(-1, EX_SECURITY): 'requested shared memory region when not registered/focused'
11-04 16:36:52.005  6712  7048 I VrApi   : FPS=72/72,Prd=60ms,Tear=0,Early=72,Stale=0,VSnc=1,Lat=1,Fov=0,CPU4/GPU=4/4,2419/525MHz,OC=FF,TA=0/70/70,SP=N/F/F,Mem=2092MHz,Free=2405MB,PLS=0,Temp=26.5C/0.0C,TW=0.74ms,App=2.37ms,GD=0.00ms,CPU&GPU=4.20ms,LCnt=1(DR72,LM0),GPU%=0.24,CPU%=0.22(W0.28),DSF=1.00,CFL=19.69/21.54
11-04 16:36:52.044  6064  6142 E OsSdk   : error getting shared memory region, memory type: HeadTracker, failed with Status(-1, EX_SECURITY): 'requested shared memory region when not registered/focused'
11-04 16:36:52.077  6064  6121 D xrstreaming: receive ping: org 0 recv 0 xmt 10248181937400 (received at 2331378282859), offset divergence -850891
11-04 16:36:52.090  6064  6142 E OsSdk   : error getting shared memory region, memory type: HeadTracker, failed with Status(-1, EX_SECURITY): 'requested shared memory region when not registered/focused'
11-04 16:36:52.116  1635  7214 W ContextImpl: Calling a method in the system process without a qualified user: android.app.ContextImpl.sendBroadcast:1057 android.content.ContextWrapper.sendBroadcast:448 X.o0.A00:133 X.nZ.A00:17 X.nZ.handleMessage:91 
11-04 16:36:52.178   851  1031 I chatty  : uid=1000(system) Binder:851_1 identical 5 lines
11-04 16:36:52.218  1406  6957 I CompositorProgs: loaded binary layerProgram 0:0x100000048001:0x0 in 0.7 ms
11-04 16:36:52.219   851  1031 W TrackingService: attachClient: found client in attached list
11-04 16:36:52.220   851  1490 W TrackingService: attachClient: found client in attached list
11-04 16:36:52.426  1406  6957 I CompositorProgs: loaded binary layerProgram 1:0x100000048001:0x0 in 0.8 ms
11-04 16:36:52.582   851  6965 I [CT]    : VIPER: Mode=SuperVega,Status=6DoF,TRACKING,Inl=29,Mem=94.1,Jit=0.1mm,Issues(Cam/min=0.0,IMU/min=0.0),Exp=(13.0ms,g=15.0,I=73,Ir=378.6)(14.0ms,g=15.0,I=93,Ir=444.6)(14.0ms,g=15.0,I=99,Ir=473.5)(11.6ms,g=14.0,I=73,Ir=451.2)
11-04 16:36:52.582   851  6965 W [CT]    : VIPER: Images too dark, 
11-04 16:36:52.682   851  1490 I chatty  : uid=1000(system) Binder:851_4 identical 12 lines
11-04 16:36:52.728   851  1490 W TrackingService: attachClient: found client in attached list
11-04 16:36:52.729   851  1031 W TrackingService: attachClient: found client in attached list
11-04 16:36:52.827   851  6973 I [CT]    : CONSTELLATION:VISION_STATUS: 729165a0fe4054d7 (R): BlobDetection:[#BlobsDetected=(18.50, 41.50)]Matching:[MatchSuccess=0.936, MatchCost=(0.00463, 0.00004), #MatchedBlobs=(9.17, 16.95), #MatchedLeds=(6.04, 4.11), RematchM=0.020, SkipRefine=0.008] MatchMethod:[Prox=0.924, ConstBrute=0.012, UnconstBrute=0.000] MatchResets[AnomBlobSize=0.000, SharedMatch=0.000, DenseReacq=0.000] | Fusion:[FusionError=0.000, ImuFromCamMs=(8.654, 1.177), RematchF=0.128] FusionUpdates:[Successful=0.932, Reliable=0.892, TightFusion=0.892, FullPose=0.036, StaticPrior=0.000, StaticForHandTrans=0.000, PoseUpdateMD=(26.8841, 1768.8270)] FusionResets[6DoFReset=0.024, ResetSuccess=0.004] FusionStatus[HasPosition=0.980, HasVelocity=1.000] 
11-04 16:36:52.842   851  6939 I [CT]    : CONSTELLATION:IMU_STATUS: 729165a0fe4054d7 (R): [FusionTracked=0.978, OutputTracked=0.978, OutputValid=1.000] [AccelSat=0.000, GyroSat=0.000] 
11-04 16:36:52.939   851  1031 I chatty  : uid=1000(system) Binder:851_1 identical 5 lines
11-04 16:36:52.983   851  1031 W TrackingService: attachClient: found client in attached list
11-04 16:36:52.984   851  1490 W TrackingService: attachClient: found client in attached list
11-04 16:36:53.005  6712  7048 I VrApi   : FPS=72/72,Prd=61ms,Tear=0,Early=72,Stale=0,VSnc=1,Lat=1,Fov=0,CPU4/GPU=4/4,2419/525MHz,OC=FF,TA=0/70/70,SP=N/F/F,Mem=2092MHz,Free=2405MB,PLS=0,Temp=26.5C/0.0C,TW=3.58ms,App=2.24ms,GD=0.00ms,CPU&GPU=5.35ms,LCnt=4(DR8,LM0),GPU%=0.48,CPU%=0.22(W0.25),DSF=1.00,CFL=19.61/21.34
11-04 16:36:53.083  6712  6747 D UE4     : [GameActivity] Used memory: 393459 (VmRSS:	  201568 kB)
11-04 16:36:53.182  2954  3032 W OsSdk   : Requested historical tracking state too far in the past; oldest: 2332.198116s, requested: 2321.844586s
11-04 16:36:53.196   851  1490 I chatty  : uid=1000(system) Binder:851_4 identical 5 lines
11-04 16:36:53.239   851  1490 W TrackingService: attachClient: found client in attached list
11-04 16:36:53.239   851  1031 W TrackingService: attachClient: found client in attached list
11-04 16:36:53.443   851  1031 I chatty  : uid=1000(system) Binder:851_1 identical 5 lines
11-04 16:36:53.488   851  6965 W [CT]    : TIMESTAMPCHECKER: Nominal rate wrong. Estimated data rate: 25, Nominal is 30.000300003000028
11-04 16:36:53.489   851  1031 W TrackingService: attachClient: found client in attached list
11-04 16:36:53.490   851  1490 W TrackingService: attachClient: found client in attached list
11-04 16:36:53.620  1044  3551 I ActivityTaskManager: START u0 {act=android.intent.action.MAIN cat=[android.intent.category.LAUNCHER] flg=0x10010000 pkg=com.oculus.vrshell cmp=com.oculus.vrshell/.MainActivity (has extras)} from uid 10020
11-04 16:36:53.635  6712  6712 D UE4     : [GameActivity] onPause: stop memory reporter runnable
11-04 16:36:53.635  6712  6746 D UE4     : Case APP_CMD_PAUSE
11-04 16:36:53.635  6712  6712 D UE4     : [GameActivity] ==============> GameActive.onPause complete!
11-04 16:36:53.635  6712  6746 D UE4     : [2022.11.04-16.36.53:635][751]LogAndroid: Case APP_CMD_PAUSE
11-04 16:36:53.635  6712  6746 D UE4     : LogAndroidEvents::EnqueueAppEvent : 6, [width=-1, height=-1], tid = 6746, APP_EVENT_STATE_ON_PAUSE
11-04 16:36:53.635  6712  6746 D UE4     : [2022.11.04-16.36.53:635][751]LogAndroid: event thread, suspending app, acquiring HW window lock.
11-04 16:36:53.635  6712  6746 D UE4     : LogAndroidEvents::EnqueueAppEvent : 15, [width=-1, height=-1], tid = 6746, APP_EVENT_RUN_CALLBACK
11-04 16:36:53.635  6712  6746 D UE4     : [2022.11.04-16.36.53:635][751]LogAndroid: AndroidEGL::  SuspendApp_EventThread, waiting for event manager to process. tid: 6746
11-04 16:36:53.636  2954  3498 I VrGuardianService: GuardianSDKServer::GuardianCmd: 14
11-04 16:36:53.636  2954  3498 I GuardianSystem: GuardianSystem::GuardianCmd CMD_CLEAR_RETURN_PACKAGE
11-04 16:36:53.636  1044  3551 W InputReader: Device has associated, but no associated display id.
11-04 16:36:53.638  6712  6745 D UE4     : [2022.11.04-16.36.53:638][751]LogAndroidEvents: Display: LogAndroidEvents::DequeueAppEvent : 6, [width=-1, height=-1], APP_EVENT_STATE_ON_PAUSE
11-04 16:36:53.638  6712  6745 D UE4     : FAppEventManager::Tick processing, 6
11-04 16:36:53.638  6712  6745 D UE4     : [2022.11.04-16.36.53:638][751]LogAndroidEvents: Display: LogAndroidEvents::DequeueAppEvent : 15, [width=-1, height=-1], APP_EVENT_RUN_CALLBACK
11-04 16:36:53.638  6712  6745 D UE4     : FAppEventManager::Tick processing, 15
11-04 16:36:53.638  6712  6745 D UE4     : [2022.11.04-16.36.53:638][751]LogAndroidEvents: Display: Event thread callback running.
11-04 16:36:53.638  6712  6745 D UE4     : [2022.11.04-16.36.53:638][751]LogAndroid: performing app backgrounding callback. 0xa6e7cc10
11-04 16:36:53.640  6712  6712 D SystemActivitiesReceiver: SystemActivityReceiver.onReceive intent:Intent { act=com.oculus.system_activity flg=0x10 pkg=com.YourCompany.TemplateProject2 (has extras) }
11-04 16:36:53.640  6712  6712 D SystemActivitiesReceiver: fromPackageName: 'com.oculus.vrshell'
11-04 16:36:53.640  6712  6712 D SystemActivitiesReceiver: command: '{"Command":"exitToHome","PlatformUIVersion":4,"ToPackage":"com.YourCompany.TemplateProject2"}'
11-04 16:36:53.640  6712  6712 D SystemActivitiesReceiver: uri: ''
11-04 16:36:53.641   749   960 D AF::RecordHandle: OpRecordAudio: track:71 uid:10033 pkg:com.oculus.xrstreamingclient usage:0 muted
11-04 16:36:53.641   749  1190 D AF::RecordHandle: OpRecordAudio: track:75 uid:10032 pkg:com.oculus.horizon usage:0 not muted
11-04 16:36:53.643  1406  1406 D VrRuntimeService: onForegroundActivitiesChanged: pid=3150, uid=10020, hasForegroundActivities=true
11-04 16:36:53.645   749  1191 D AF::RecordHandle: OpRecordAudio: track:75 uid:10032 pkg:com.oculus.horizon usage:0 not muted
11-04 16:36:53.645   749  1919 D AF::TrackHandle: OpPlayAudio: track:57 uid:10014 pkg:com.oculus.shellenv usage:1 muted
11-04 16:36:53.646   749  6887 D AF::RecordHandle: OpRecordAudio: track:56 uid:10014 pkg:com.oculus.shellenv usage:0 muted
11-04 16:36:53.646   749  6331 D AF::RecordHandle: OpRecordAudio: track:71 uid:10033 pkg:com.oculus.xrstreamingclient usage:0 muted
11-04 16:36:53.647   749  5961 D AF::TrackHandle: OpPlayAudio: track:77 uid:10020 pkg:com.oculus.vrshell usage:1 not muted
11-04 16:36:53.647   749   960 D AF::TrackHandle: OpPlayAudio: track:70 uid:10033 pkg:com.oculus.xrstreamingclient usage:1 muted
11-04 16:36:53.649   851  6886 I [CT]    : boltlib: DSP utilization: 6.55 % (327 / 5000 ms)
11-04 16:36:53.652   749  6887 D AF::RecordHandle: OpRecordAudio: track:56 uid:10014 pkg:com.oculus.shellenv usage:0 muted
11-04 16:36:53.652  6712  6712 D TrustedSignatureVerifier: Checking app signature for com.oculus.vrshell
11-04 16:36:53.653  6712  6712 D TrustedSignatureVerifier: Package com.oculus.vrshell trusted due to RELEASE signature.
11-04 16:36:53.653  6712  6712 D SystemActivitiesReceiver: App is trusted
11-04 16:36:53.653  6712  6712 I SystemActivitiesEvents: nativeSystemActivityIntent in 'com.YourCompany.TemplateProject2': 'com.oculus.vrshell' '{"Command":"exitToHome","PlatformUIVersion":4,"ToPackage":"com.YourCompany.TemplateProject2"}' ''
11-04 16:36:53.653  6712  6712 I SystemActivitiesEvents: SYSTEM_ACTIVITY_EVENT_EXIT_TO_HOME: finish() - exit to Home
11-04 16:36:53.653  6712  6712 W emplateProject: Attempt to remove non-JNI local reference, dumping thread
11-04 16:36:53.653  6712  6712 I chatty  : uid=10128(com.YourCompany.TemplateProject2) identical 1 line
11-04 16:36:53.653  6712  6712 W emplateProject: Attempt to remove non-JNI local reference, dumping thread
11-04 16:36:53.653  6712  6712 D ContextHelper: shouldSkipFinish: activity=com.epicgames.ue4.GameActivity@5f86f11
11-04 16:36:53.653  6712  6712 W emplateProject: Accessing hidden method Landroid/app/Activity;->isResumed()Z (greylist, reflection, allowed)
11-04 16:36:53.654  6712  6712 D ContextHelper: activity=com.epicgames.ue4.GameActivity@5f86f11, resumed=false
11-04 16:36:53.654  6712  6712 D ContextHelper: Calling finish() on com.epicgames.ue4.GameActivity@5f86f11
11-04 16:36:53.654  1044  1666 I ActivityTaskManager: START u0 {act=android.intent.action.MAIN cat=[android.intent.category.LAUNCHER] flg=0x14000000 pkg=com.oculus.shellenv cmp=com.oculus.shellenv/.ShellEnvActivity (has extras)} from uid 10020
11-04 16:36:53.658   749  1190 D AF::TrackHandle: OpPlayAudio: track:73 uid:10128 pkg:com.YourCompany.TemplateProject2 usage:1 muted
11-04 16:36:53.668   721   889 D msm8974_platform: platform_split_snd_device: snd_device(22) num devices(1) new_snd_devices(0)
11-04 16:36:53.668   721   889 D ACDB-LOADER: ACDB -> send_audvoltable
11-04 16:36:53.668   721   889 D ACDB-LOADER: ACDB -> ACDB_CMD_GET_AUDPROC_INSTANCE_GAIN_DEP_STEP_TABLE_SIZE
11-04 16:36:53.668   721   889 D         : Failed to fetch the lookup information of the device 0000000F 
11-04 16:36:53.668   721   889 D ACDB-LOADER: Error: ACDB_CMD_GET_AUDPROC_INSTANCE_GAIN_DEP_STEP_TABLE_SIZE Returned = -19
11-04 16:36:53.668   721   889 D ACDB-LOADER: ACDB -> ACDB_CMD_GET_AUDPROC_INSTANCE_GAIN_DEP_STEP_TABLE, vol index 7
11-04 16:36:53.668   721   889 D         : Failed to fetch the lookup information of the device 0000000F 
11-04 16:36:53.668   721   889 D ACDB-LOADER: Error: ACDB AudProc vol returned = -19
11-04 16:36:53.668   721   889 D ACDB-LOADER: ACDB -> AUDIO_SET_VOL_CAL cal type = 40
11-04 16:36:53.673   749  1190 D AF::TrackHandle: OpPlayAudio: track:73 uid:10128 pkg:com.YourCompany.TemplateProject2 usage:1 muted
11-04 16:36:53.673  1406  1406 D VrRuntimeService: onForegroundActivitiesChanged: pid=2125, uid=10014, hasForegroundActivities=true
11-04 16:36:53.675   749  6331 D AF::RecordHandle: OpRecordAudio: track:71 uid:10033 pkg:com.oculus.xrstreamingclient usage:0 muted
11-04 16:36:53.675   749   960 D AF::RecordHandle: OpRecordAudio: track:56 uid:10014 pkg:com.oculus.shellenv usage:0 not muted
11-04 16:36:53.675   749  5961 D AF::RecordHandle: OpRecordAudio: track:75 uid:10032 pkg:com.oculus.horizon usage:0 not muted
11-04 16:36:53.676   749   960 D AF::RecordHandle: OpRecordAudio: track:56 uid:10014 pkg:com.oculus.shellenv usage:0 not muted
11-04 16:36:53.676   749  6331 D AF::RecordHandle: OpRecordAudio: track:71 uid:10033 pkg:com.oculus.xrstreamingclient usage:0 muted
11-04 16:36:53.676   749  5961 D AF::RecordHandle: OpRecordAudio: track:75 uid:10032 pkg:com.oculus.horizon usage:0 not muted
11-04 16:36:53.677   749  6887 D AF::TrackHandle: OpPlayAudio: track:57 uid:10014 pkg:com.oculus.shellenv usage:1 not muted
11-04 16:36:53.677   749  1919 D AF::TrackHandle: OpPlayAudio: track:77 uid:10020 pkg:com.oculus.vrshell usage:1 not muted
11-04 16:36:53.677   749  1190 D AF::TrackHandle: OpPlayAudio: track:70 uid:10033 pkg:com.oculus.xrstreamingclient usage:1 muted
11-04 16:36:53.679  1044  5737 W InputReader: Device has associated, but no associated display id.
11-04 16:36:53.713  1044  5737 E InputDispatcher: Window handle Window{ff9f61d u0 com.oculus.systemux} has no registered input channel
11-04 16:36:53.713  1406  2712 I VrRuntimeService: DestroySwapChain: swapchain=195
11-04 16:36:53.717  3150  3254 I chatty  : uid=10020(com.oculus.vrshell) ShellMainVR expire 117 lines
11-04 16:36:53.718  1044  1664 I DisplayManagerService: Display device removed: DisplayDeviceInfo{"com.oculus.android_panel_app.AndroidPanelLayer-#main": uniqueId="virtual:com.oculus.systemux,10026,com.oculus.android_panel_app.AndroidPanelLayer-#main,1", 1000 x 625, modeId 108, defaultModeId 108, supportedModes [{id=108, width=1000, height=625, fps=60.0}], colorMode 0, supportedColorModes [0], HdrCapabilities null, density 200, 200.0 x 200.0 dpi, appVsyncOff 0, presDeadline 16666666, touch NONE, rotation 0, type VIRTUAL, state ON, owner com.oculus.systemux (uid 10026), FLAG_PRIVATE, FLAG_NEVER_BLANK, FLAG_OWN_CONTENT_ONLY}
11-04 16:36:53.725  2954  3498 I VrGuardianService: GuardianSDKServer::SetGuardianHitDialog2 0
11-04 16:36:53.726  2125  2125 D ActivityLifecycleListener: onActivityResumed
11-04 16:36:53.726  2125  4532 D ActivityLifecycleListener: activity=com.oculus.shellenv.ShellEnvActivity@5ae2b4c, resumed=true
11-04 16:36:53.726  2125  4532 D ActivityLifecycleListener: Activity ready after 0ms
11-04 16:36:53.726  2125  4532 I OpenXR  : nativeOnActivityReady
11-04 16:36:53.748  2125  2207 I Clay    : BaseApp: Hibernate transition Unhibernate
11-04 16:36:53.748  2125  2207 I Clay    : copresence: microphone state transition, unpaused
11-04 16:36:53.748  2125  2207 I Clay    : SoundSystem: setPaused(false), m_paused=true
11-04 16:36:53.750  1508  1508 V AvrcpMediaPlayerList: onPlaybackConfigChanged(): Configs list size=9
11-04 16:36:53.755  3523  7180 I chatty  : uid=10026 com.oculus.systemux:SystemUX expire 1 line
11-04 16:36:53.757  2125  2207 I Clay    : EnvironmentSystem: computed visibility changed from Unload to Visible (reason: <none>)
11-04 16:36:53.758  2125  2207 I OpenXR  : PostSessionStateChange: XR_SESSION_STATE_IDLE -> XR_SESSION_STATE_READY
11-04 16:36:53.758  2125  2207 I Clay    : xrPollEvent: REFERENCE_SPACE_CHANGE_PENDING
11-04 16:36:53.758  2125  2207 I Clay    : xrPollEvent: SESSION_STATE_CHANGED: READY
11-04 16:36:53.758  2125  2207 I Clay    : Entering VR mode: cpu=-1, gpu=-1, perf threads: main=2207, gpu=unset
11-04 16:36:53.758  2125  2207 I OpenXR  : ------------ xrBeginSession [start] -----------
11-04 16:36:53.758  2125  2207 I VrRuntimeClient: Tracing is disabled
11-04 16:36:53.758  2125  2207 I VrRuntimeClient: SysProp debug mode is disabled on Client side
11-04 16:36:53.760   851  1490 I chatty  : uid=1000(system) Binder:851_4 identical 7 lines
11-04 16:36:53.760  2125  2207 D VrApi   : targetSDKVersion 29
11-04 16:36:53.761  2125  2207 I VrRuntimeClient: DEVICE MODEL NUMBER = Quest 2
11-04 16:36:53.761  2125  2207 I VrRuntimeClient: DEVICE BUILD NAME = user-47421700667400000
11-04 16:36:53.761  2125  2207 I VrRuntimeClient: DEVICE BUILD TYPE = user
11-04 16:36:53.761  2125  2207 I VrRuntimeClient: DEVICE OS VERSION = 10
11-04 16:36:53.761  2125  2207 I VrRuntimeClient: API LOADER VERSION = 1.0.22
11-04 16:36:53.761  2125  2207 I VrRuntimeClient: RUNTIME API VERSION = 1.0.24
11-04 16:36:53.761  2125  2207 I VrRuntimeClient: RUNTIME VERSION = 46.0.0.226.0 Sep  6 2022 02:18:10 RELEASE
11-04 16:36:53.761  2125  2207 I VrRuntimeClient: APP NAME = ShellEnv
11-04 16:36:53.761  2125  2207 I VrRuntimeClient: APP VERSION = 46.0.0.225.0 versionCode 406480835 internalVersionName 46.0.0.225.0.1de6c5943672 2022_10_06_16_42
11-04 16:36:53.761  2125  2207 I VrRuntimeClient: APP VR TYPE = vr_only
11-04 16:36:53.761  2125  2207 I VrRuntimeClient: APP MODE TYPE = VR
11-04 16:36:53.761  2125  2207 I VrRuntimeClient: APP PACKAGE NAME = com.oculus.shellenv
11-04 16:36:53.761  2125  2207 I VrRuntimeClient: APP ACTIVITY CLASS = com.oculus.shellenv.ShellEnvActivity
11-04 16:36:53.761  2125  2207 I Sensor  : OSSDKTRACKING Initializing head tracking
11-04 16:36:53.761  2125  2207 I Sensor  : OSSDKTRACKING Head tracker != nullpointer 0x78e1a89bf8, 1
11-04 16:36:53.761  2125  2207 I Sensor  : OSSDKTRACKING Initializing controller tracking
11-04 16:36:53.761  2125  2207 I Sensor  : OSSDKTRACKING Controller tracker != nullpointer 0x7a0af53130, 1
11-04 16:36:53.761  2125  2207 D BatteryReceiver: Registering battery receiver
11-04 16:36:53.763  2125  2207 D HeadsetReceiver: getCurrentHeadsetState: false
11-04 16:36:53.763  2125  2207 I DeviceStatus: nativeHeadsetEvent(0)
11-04 16:36:53.763  2125  2207 I VrRuntimeClient: SetCompositorClientFeatureFlag ClientFeatureFlag 0 
11-04 16:36:53.763  2125  2207 I LogTimer: CPUTIME: VrRuntimeClient_BeginSession took 4.9036 ms
11-04 16:36:53.764  2125  2207 I ClientInputInterface: DEADRECKONING SetControllerTrackingExtendedDeadreckoning 0
11-04 16:36:53.764  2125  2207 I ClientInputSettings: HANDTRACKING package name is com.oculus.shellenv
11-04 16:36:53.765  2125  2207 I ClientInputSettings: HANDTRACKING: Manifest Permission request for com.oculus.shellenv
11-04 16:36:53.765  2125  2207 I ClientInputSettings: HANDTRACKING:  'com.oculus.shellenv' Is hands or controller.
11-04 16:36:53.765  2125  2207 I ClientInputSettings: HANDTRACKING: feature flag set to 2
11-04 16:36:53.765  2125  2207 I ClientInputInterface: HANDTRACKING sethandmanifest 2
11-04 16:36:53.765  2125  2207 I InputHooks_Internal: Enabling Native Input Hooks
11-04 16:36:53.766  2125  2207 I InputDeviceManager: ovrInputDeviceManager::Initialize
11-04 16:36:53.767   851  1490 W TrackingService: attachClient: found client in attached list
11-04 16:36:53.767  1406  6957 I CompositorVR: SetSchedFifo( tid=6745, pol=2, pri=0 ) succeeded
11-04 16:36:53.767  1406  6957 I CompositorVR: SetSchedFifo( tid=6810, pol=2, pri=0 ) succeeded
11-04 16:36:53.767  1406  6957 I CompositorVR: SetSchedFifo( tid=7062, pol=2, pri=0 ) succeeded
11-04 16:36:53.767   851  1490 D TrackingService: getSharedMemory: com.oculus.shellenv#2125, HeadTracker
11-04 16:36:53.767  2125  2207 I Distortion: Initializing Mesh Decenter Correction
11-04 16:36:53.767   851  1490 W TrackingService: attachClient: found client in attached list
11-04 16:36:53.773   721   889 D msm8974_platform: platform_split_snd_device: snd_device(22) num devices(1) new_snd_devices(0)
11-04 16:36:53.773   721   889 D ACDB-LOADER: ACDB -> send_audvoltable
11-04 16:36:53.773   721   889 D ACDB-LOADER: ACDB -> ACDB_CMD_GET_AUDPROC_INSTANCE_GAIN_DEP_STEP_TABLE_SIZE
11-04 16:36:53.773   721   889 D         : Failed to fetch the lookup information of the device 0000000F 
11-04 16:36:53.773   721   889 D ACDB-LOADER: Error: ACDB_CMD_GET_AUDPROC_INSTANCE_GAIN_DEP_STEP_TABLE_SIZE Returned = -19
11-04 16:36:53.773   721   889 D ACDB-LOADER: ACDB -> ACDB_CMD_GET_AUDPROC_INSTANCE_GAIN_DEP_STEP_TABLE, vol index 8
11-04 16:36:53.773   721   889 D         : Failed to fetch the lookup information of the device 0000000F 
11-04 16:36:53.773   721   889 D ACDB-LOADER: Error: ACDB AudProc vol returned = -19
11-04 16:36:53.773   721   889 D ACDB-LOADER: ACDB -> AUDIO_SET_VOL_CAL cal type = 40
11-04 16:36:53.774   838  1015 E CalibrationProvider: loadCalibration(LDISP_SN) failed: Calibration store didn't load any info
11-04 16:36:53.774   838  1015 E CalibrationProvider: loadCalibration(RDISP_SN) failed: Calibration store didn't load any info
11-04 16:36:53.774  2125  2207 I Distortion: SetLensPositions - iad=0.0629942, left offset=-0.000263762,-0.00102733, right offset=0.000142928,-0.00104481
11-04 16:36:53.774  2125  2207 I Distortion: Initializing Mesh Decenter Correction
11-04 16:36:53.775   838  1015 E CalibrationProvider: loadCalibration(LDISP_SN) failed: Calibration store didn't load any info
11-04 16:36:53.775   838  1015 E CalibrationProvider: loadCalibration(RDISP_SN) failed: Calibration store didn't load any info
11-04 16:36:53.775  2125  2207 I Distortion: SetLensPositions - iad=0.0629942, left offset=-0.000263762,-0.00102733, right offset=0.000142928,-0.00104481
11-04 16:36:53.775  2125  2207 I Distortion: Created custom distortion mesh.
11-04 16:36:53.778   851  1490 D TrackingService: getSharedMemory: com.oculus.shellenv, Controller
11-04 16:36:53.778  2125  7221 I InputDevice_TrackedRemote: REMOTE: Hand=1 IndexAnalog=0.00 GripAnalog=0.00 Buttons=0x00000000
11-04 16:36:53.778  2125  7221 I InputDevice_TrackedRemote: REMOTE: Hand=2 IndexAnalog=0.00 GripAnalog=0.00 Buttons=0x00000000
11-04 16:36:53.778  2125  7221 I InputDeviceManager: HANDTRACKING Pointer filter profile changed to: 0
11-04 16:36:53.778  2125  7221 I InputDeviceManager: HANDTRACKING Pointer filter profile changed to: 0
11-04 16:36:53.778  2125  7221 I InputDeviceManager: HANDTRACKING Root pose filter profile changed for (version, freq) to (2, 1) from (1,2)
11-04 16:36:53.778  2125  2207 I PhaseSync: PhaseSync::PhaseSync PaddingLowerLimit 0.350000 StandardDeviations 2.000000 PaddingUpperLimit 0.750000 on instance 4
11-04 16:36:53.778  2125  2207 I VrRuntimeClient: PhaseSync Instance created
11-04 16:36:53.778  2125  2207 D VrRuntimeClient: pokeGuardianUserServiceForThisClient: com.oculus.shellenv:10014
11-04 16:36:53.780  2125  2207 D VrRuntimeClient: VrRuntimeClient: getClientWindow: activity client
11-04 16:36:53.780  2954  2954 D VrGuardianUserService: onStartCommandIntent { act=FOREGROUND_CLIENT cmp=com.oculus.guardian/com.oculus.vrguardianservice.VrGuardianUserService (has extras) }
11-04 16:36:53.780  2954  2954 D VrGuardianUserService: maybeSubscribeDeviceConfig
11-04 16:36:53.780  2954  2954 D VrGuardianUserService: onStartCommand FOREGROUND_CLIENT user = 0
11-04 16:36:53.781  2954  2954 D VrGuardianService: setCurrentUser() called with: userId = [0]
11-04 16:36:53.781  2954  2954 I VrGuardianService: nativeSetCurrentUser userid = 0
11-04 16:36:53.781  2954  2954 I GuardianSystem: GuardianSystem::SetCurrentUser: 0 
11-04 16:36:53.781  1406  2900 I VrRuntimeService: RuntimeServiceSDKServer::EnableRendering: 0x791956f000, 1, com.oculus.shellenv
11-04 16:36:53.781  1406  2900 I ClientMgr: ClientMgr::EnableRendering 2125:com.oculus.shellenv : type 0 comp-id 1: enable
11-04 16:36:53.781  1406  2900 I CompositorVR: CheckDebuggerConnected: debugger 0
11-04 16:36:53.781  1406  2900 I VrRuntimeServer: SysProp debug mode is disabled on Server side
11-04 16:36:53.788  1406  2649 I ClientMgr: Non-overlay clients rendering status has changed: prev=17, curr=18, enabled=2
11-04 16:36:53.789  1406  2900 I UnifiedTelemetryWrapper: Started UT session render:com.oculus.shellenv
11-04 16:36:53.789  1406  2649 D VrRuntimeService: ForegroundAppInfo = {uid=10014 pid=2125 packageName=com.oculus.shellenv processName=com.oculus.shellenv
11-04 16:36:53.789  1406  2649 I ClientMgr: GetForegroundClientId: Found foreground uid 10014.
11-04 16:36:53.789  1406  2649 I ClientMgr: Primary client determined to be foreground client: com.oculus.shellenv.
11-04 16:36:53.789  1406  2649 I ClientMgr: ClientMgr::SetPrimaryCompositorClient: 2125:com.oculus.shellenv
11-04 16:36:53.789  1406  2649 W ClientMgr: ClientMgr::GetClientPermissionFlagsById: Client missing proper permissions: com.oculus.shellenv, 2
11-04 16:36:53.789  1406  2649 I CompositorClientMgr: Enable client 1
11-04 16:36:53.789  2125  2207 I ScreenCaptureHelper: Advertising com.oculus.shellenv as streamable
11-04 16:36:53.789  1406  2649 I VrRuntimeServer: EnableCompositorClient client(1): layer placement(0) flags(1) sm(0x79766ed010)
11-04 16:36:53.789  1406  2649 I ClientMgr: SetPrimaryPackageName - packageName com.oculus.shellenv processName com.oculus.shellenv clientId 427519985 clientPid 2125
11-04 16:36:53.789  1406  2649 I ServiceInputManager: ServiceInputManager::SetPrimaryPackageName 'com.oculus.shellenv' 'com.oculus.shellenv'  updated AnytimeUI processname 0
11-04 16:36:53.789  1406  2649 I VrRuntimeService: RuntimeIPC: SendPrimaryPackageChangeEvent: PostClientEvent SUCCESS: com.oculus.mrservice:com.oculus.mrservice:1824, com.oculus.shellenv, com.oculus.shellenv
11-04 16:36:53.789  1406  2649 I VrRuntimeService: RuntimeIPC: SendPrimaryPackageChangeEvent: PostClientEvent SUCCESS: com.oculus.vrshell:com.oculus.vrshell:3150, com.oculus.shellenv, com.oculus.shellenv
11-04 16:36:53.789  1406  2649 I VrRuntimeService: RuntimeIPC: SendPrimaryPackageChangeEvent: PostClientEvent SUCCESS: com.YourCompany.TemplateProject2:com.YourCompany.TemplateProject2:6712, com.oculus.shellenv, com.oculus.shellenv
11-04 16:36:53.789  1406  2649 I VrRuntimeService: RuntimeIPC: SendPrimaryPackageChangeEvent: PostClientEvent SUCCESS: com.oculus.guardian:com.oculus.vrguardianservice:2954, com.oculus.shellenv, com.oculus.shellenv
11-04 16:36:53.789  1406  2649 I VrRuntimeService: RuntimeIPC: SendPrimaryPackageChangeEvent: PostClientEvent SUCCESS: com.oculus.shellenv:com.oculus.shellenv:2125, com.oculus.shellenv, com.oculus.shellenv
11-04 16:36:53.789  1406  2649 I VrRuntimeService: RuntimeIPC: SendPrimaryPackageChangeEvent: PostClientEvent SUCCESS: com.oculus.xrstreamingclient:com.oculus.xrstreamingclient:6064, com.oculus.shellenv, com.oculus.shellenv
11-04 16:36:53.789  1406  2649 I VrRuntimeService: RuntimeIPC: SendPrimaryPackageChangeEvent: PostClientEvent SUCCESS: com.oculus.vrshell:com.oculus.vrshell:Overlay:2354, com.oculus.shellenv, com.oculus.shellenv
11-04 16:36:53.789  2125  2207 I VrApi   : OVR::Stats thread started
11-04 16:36:53.789  1406  2649 D VrRuntimeService: sendPrimaryPackageChangeBroadcast
11-04 16:36:53.789  2125  2207 I XrRuntimeUtils: XrRuntimeUtils::BeginSession
11-04 16:36:53.789  2125  2207 I XrRuntimeSystem_Client: BeginSession
11-04 16:36:53.790  2125  2207 I OpenXR  : ------------ xrBeginSession [end] -----------
11-04 16:36:53.790  2125  2207 I Clay    : Setting CPU/GPU levels= 25/75
11-04 16:36:53.790  2125  2207 I VrRuntimeClient: Client has lost focus.
11-04 16:36:53.790  1406  6957 I CompositorVR: LatchWarpClients: Multiple Primary Clients detected. Skipping frames for 11
11-04 16:36:53.790  1406  6957 I CompositorVR: WarpToScreen: Skipping frames for 11
11-04 16:36:53.790  2125  7228 I FenceChecker: FenceChecker::MainLoop - started
11-04 16:36:53.790  2208  2208 I OVRMediaService: onStartCommand Received message type: set_package_name, caller package: no_app_identity, app identify: null
11-04 16:36:53.791  2208  2208 I OVRMediaService: Got package name intent (com.oculus.shellenv)
11-04 16:36:53.791  1406  2649 I AADT    : SetAADTLutDataX: 0
11-04 16:36:53.791  1406  2649 I AADT    : SetAADTLutDataY: 0
11-04 16:36:53.791  1406  2649 I ServiceInputManager: DEADRECKONING deadReckoning mode on ClientMgr from server is 0
11-04 16:36:53.791  1406  2649 I CompositorClientMgr: Enable client 0
11-04 16:36:53.791  1406  2649 I VrRuntimeServer: EnableCompositorClient client(0): layer placement(2147483643) flags(8) sm(0x7922e58160)
11-04 16:36:53.791  2125  7226 D VrApi   : targetSDKVersion 29
11-04 16:36:53.792  2954  3032 I GuardianSystem: runtimeServiceSDKClient_.ForceShowGuardianEvent
11-04 16:36:53.792  2954  3032 I GuardianSystem: ForceShowGuardian: false, 0.00
11-04 16:36:53.792  2954  3032 I GuardianSystem: runtimeServiceSDKClient_.PackageChangeEvent: package=[com.oculus.shellenv], process=[com.oculus.shellenv]
11-04 16:36:53.792  2954  3032 I GuardianSystem: SetCurrentProcessName: com.oculus.shellenv, previous ProcessName: com.YourCompany.TemplateProject2
11-04 16:36:53.793  2125  2207 I OpenXR  : PostSessionStateChange: XR_SESSION_STATE_READY -> XR_SESSION_STATE_SYNCHRONIZED
11-04 16:36:53.793  2125  2207 I Clay    : xrPollEvent: SESSION_STATE_CHANGED: SYNCHRONIZED
11-04 16:36:53.794  2208  2208 I OVRMediaServiceManager: Sending onAppStart (com.oculus.shellenv) to SocialPlatform (com.oculus.socialplatform)
11-04 16:36:53.794  1406  6957 I CompositorVR: LatchWarpClients: Multiple Primary Clients detected. Skipping frames for 11
11-04 16:36:53.795  1406  6957 I CompositorVR: SetSchedFifo( tid=2207, pol=3, pri=0 ) succeeded
