--------- beginning of system
02-20 18:17:16.820  1057  3079 I ActivityTaskManager: START u0 {flg=0x10000000 cmp=com.YourCompany.TemplateProject3/com.epicgames.ue4.GameActivity} from uid 2000
02-20 18:17:16.841  1057  1088 I ActivityManager: Start proc 6892:com.YourCompany.TemplateProject3/u0a176 for activity {com.YourCompany.TemplateProject3/com.epicgames.ue4.GameActivity}
02-20 18:17:16.845  1057  4482 W ActivityManager: Package for pid 859: no process record found
02-20 18:17:17.390  1057  1081 W ActivityTaskManager: Activity top resumed state loss timeout for ActivityRecord{94050f u0 com.YourCompany.TemplateProject3/com.epicgames.ue4.GameActivity t745}
02-20 18:17:17.390  1057  1081 W ActivityTaskManager: Activity pause timeout for ActivityRecord{94050f u0 com.YourCompany.TemplateProject3/com.epicgames.ue4.GameActivity t745}
02-20 18:17:18.519  1057  4482 E WindowManager: App trying to use insecure INPUT_FEATURE_NO_INPUT_CHANNEL flag. Ignoring
--------- beginning of tracking
02-20 18:17:18.838   748  2821 E SyncBossHAL: [error  ] syncboss_hal_jedi.c(88): Failed to send telemetry event for module jedi with error -22
02-20 18:17:19.114   748  2821 E SyncBossHAL: [error  ] syncboss_hal_jedi.c(88): Failed to send telemetry event for module jedi with error -22
02-20 18:17:19.321   748   905 I SyncBossHAL: [info   ] syncboss_hal_powerstate.c(50): Reporting powerstate event: PROX_ON
02-20 18:17:19.322  1057  1251 I PowerManagerService: Waking up from Asleep (uid=1000, reason=WAKE_REASON_UNKNOWN, details=VrPwMng:leave-standby)...
02-20 18:17:19.322  1057  1057 W UsageStatsService: Event reported without a package name, eventType:15
02-20 18:17:19.323  1057  1057 D ActivityManager: Is background playback GK enabled: false Is background playback enabled for all apps: false
02-20 18:17:19.323  1057  1101 I DisplayPowerController: Blocking screen on until initial contents have been drawn.
02-20 18:17:19.323  1057  1101 D ActivityTaskManager: Top Process State changed to PROCESS_STATE_TOP
02-20 18:17:19.323   859  1259 D SensorClientUtils: Cancelling delayed transition to SLEEP
02-20 18:17:19.324  1057  1057 D ActivityManager: Is background playback GK enabled: false Is background playback enabled for all apps: false
02-20 18:17:19.324   859  1259 D SensorClientUtils: Received transition request from SLEEP to RUNNING
02-20 18:17:19.324   870  1049 D SensorClientUtils: Cancelling delayed transition to SLEEP
02-20 18:17:19.325  1546  1763 D SensorClientUtils: Cancelling delayed transition to SLEEP
02-20 18:17:19.326  1057  1057 I chatty  : uid=1000 system_server identical 5 lines
02-20 18:17:19.327   870  1049 D SensorClientUtils: Received transition request from SLEEP to RUNNING
02-20 18:17:19.327   870  1049 D SensorClientUtils: Executing transition from STANDBY to RUNNING
02-20 18:17:19.327   870  1056 I TrackingService: [ vision_manager] STANDBY -> RUNNING transition time: 0 ms
02-20 18:17:19.327  1546  1763 D SensorClientUtils: Received transition request from SLEEP to RUNNING
02-20 18:17:19.327  1546  1763 D SensorClientUtils: Executing transition from STANDBY to RUNNING
02-20 18:17:19.327  1546  1763 D OVRRemoteService: [controller] STANDBY -> RUNNING
02-20 18:17:19.328   870  1056 I TrackingService: [            iad] STANDBY -> RUNNING transition time: 0 ms
02-20 18:17:19.328   870  1056 I TrackingService: [           bolt] STANDBY -> RUNNING transition time: 0 ms
02-20 18:17:19.329  1057  1057 D ActivityManager: Is background playback GK enabled: false Is background playback enabled for all apps: false
02-20 18:17:19.331  1057  4482 W ContextImpl: Calling a method in the system process without a qualified user: android.app.ContextImpl.sendBroadcast:1057 com.android.server.audio.AudioService.setMicrophoneMuteNoCallerCheck:2893 com.android.server.audio.AudioService.setMicrophoneMute:2879 android.media.IAudioService$Stub.onTransact:1112 android.os.Binder.execTransactInternal:1021 
02-20 18:17:19.332   748  1026 I FrameSetDispatcher: [HEADSET] Client pid=870 (IOT): Client thread started
02-20 18:17:19.332   748  1026 I CameraClientManager: [HEADSET] Added client (870)(IOT) - started clients: 1
02-20 18:17:19.332  1057  1057 D ActivityManager: Is background playback GK enabled: false Is background playback enabled for all apps: false
02-20 18:17:19.338  1057  1057 I chatty  : uid=1000 system_server identical 5 lines
02-20 18:17:19.338  1057  1057 D ActivityManager: Is background playback GK enabled: false Is background playback enabled for all apps: false
02-20 18:17:19.340  1057  3187 E AppOps  : startOperation
02-20 18:17:19.340  1057  3187 E AppOps  : java.lang.SecurityException: Specified package MrSystemService under uid 1000 but it is really -1
02-20 18:17:19.340  1057  3187 E AppOps  : 	at com.android.server.appop.AppOpsService.verifyAndGetIsPrivileged(AppOpsService.java:2654)
02-20 18:17:19.340  1057  3187 E AppOps  : 	at com.android.server.appop.AppOpsService.startOperation(AppOpsService.java:2235)
02-20 18:17:19.340  1057  3187 E AppOps  : 	at android.app.AppOpsManager.startOpNoThrow(AppOpsManager.java:5469)
02-20 18:17:19.340  1057  3187 E AppOps  : 	at android.app.AppOpsManager.startOpNoThrow(AppOpsManager.java:5450)
02-20 18:17:19.340  1057  3187 E AppOps  : 	at com.android.server.power.Notifier.onWakeLockAcquired(Notifier.java:224)
02-20 18:17:19.340  1057  3187 E AppOps  : 	at com.android.server.power.PowerManagerService.notifyWakeLockAcquiredLocked(PowerManagerService.java:1277)
02-20 18:17:19.340  1057  3187 E AppOps  : 	at com.android.server.power.PowerManagerService.acquireWakeLockInternal(PowerManagerService.java:1112)
02-20 18:17:19.340  1057  3187 E AppOps  : 	at com.android.server.power.PowerManagerService.access$3900(PowerManagerService.java:118)
02-20 18:17:19.340  1057  3187 E AppOps  : 	at com.android.server.power.PowerManagerService$BinderService.acquireWakeLock(PowerManagerService.java:4346)
02-20 18:17:19.340  1057  3187 E AppOps  : 	at android.os.IPowerManager$Stub.onTransact(IPowerManager.java:349)
02-20 18:17:19.340  1057  3187 E AppOps  : 	at android.os.Binder.execTransactInternal(Binder.java:1021)
02-20 18:17:19.340  1057  3187 E AppOps  : 	at android.os.Binder.execTransact(Binder.java:994)
02-20 18:17:19.340   859  1259 D SensorClientUtils: Executing transition from SLEEP to STANDBY
02-20 18:17:19.340   859  1259 D MrSystemService: setPowerState: STANDBY
02-20 18:17:19.340   859  1259 D SensorClientUtils: Executing transition from STANDBY to RUNNING
02-20 18:17:19.340   859  1259 D MrSystemService: setPowerState: RUNNING
02-20 18:17:19.341  1057  1057 D ActivityManager: Is background playback GK enabled: false Is background playback enabled for all apps: false
02-20 18:17:19.350  1057  1057 I chatty  : uid=1000 system_server identical 26 lines
02-20 18:17:19.350  1057  1057 D ActivityManager: Is background playback GK enabled: false Is background playback enabled for all apps: false
02-20 18:17:19.354  1057  1081 I DisplayManagerService: Display device changed state: "Built-in Screen", ON
02-20 18:17:19.371  1057  1101 I DisplayPowerController: Unblocked screen on after 49 ms
02-20 18:17:19.545   748  1026 I HollywoodCameraProvider: [HollywoodCameraProvider] Set cameras to 10 bpp (format 0x00000007)
02-20 18:17:19.549   748   890 I SyncBossHAL: [info   ] pulsar_manager.c(826): Setting controller LED config to period: 40000us, on-time: 34us, delay: -9us
02-20 18:17:19.605   870  1056 I TrackingService: [            iot] STANDBY -> RUNNING transition time: 277 ms
02-20 18:17:19.607   748  1026 I FrameSetDispatcher: [CONTROLLER] Client pid=870 (Cnst): Client thread started
02-20 18:17:19.607   748  1026 I CameraClientManager: [CONTROLLER] Added client (870)(Cnst) - started clients: 1
02-20 18:17:19.607   870  1056 I TrackingService: ConstellationTrackingGlue: setEnableExtendedDeadreckoning to false
02-20 18:17:19.607   870  1056 I TrackingService: [  constellation] STANDBY -> RUNNING transition time: 2 ms
02-20 18:17:19.607   870  1056 I TrackingService: [selftracked_client] STANDBY -> RUNNING transition time: 0 ms
02-20 18:17:19.608   870  1056 I TrackingService: [           hand] STANDBY -> RUNNING transition time: 0 ms
02-20 18:17:19.609   748  1026 I FrameSetDispatcher: [HEADSET] Client pid=870 (Obj): Client thread started
02-20 18:17:19.609   748  1026 I CameraClientManager: [HEADSET] Added client (870)(Obj) - started clients: 2
02-20 18:17:19.609   870  1056 I TrackingService: [         object] STANDBY -> RUNNING transition time: 1 ms
02-20 18:17:19.609   870  1056 I TrackingService: [     controller] STANDBY -> RUNNING transition time: 0 ms
02-20 18:17:19.609   870  1056 I TrackingService: Setting initial exposure: 0.005000, initial gain: 3.000000
02-20 18:17:19.611   748  1028 I FrameSetDispatcher: [HEADSET] Client pid=870 (ExpCtl): Client thread started
02-20 18:17:19.611   748  1028 I CameraClientManager: [HEADSET] Added client (870)(ExpCtl) - started clients: 3
02-20 18:17:19.611   870  1056 I TrackingService: [ExposureControl] STANDBY -> RUNNING transition time: 1 ms
02-20 18:17:19.611   870  1049 D TrackingService: setPowerState: RUNNING
02-20 18:17:19.678  1057  1101 W PowerManagerService: Screen on took 356 ms
02-20 18:17:19.682   748  7064 W libsensorscommon: [CONTROLLER FSG] frameset capture timestamp out of spec by -7955600.00ms. observed=7955640000000 expected=40000000. FrameSyncPeriod is 40.00ms
02-20 18:17:19.832  1057  3192 D ConnectivityService: requestNetwork for uid/pid:10086/3341 NetworkRequest [ TRACK_DEFAULT id=53, [ Capabilities: INTERNET&NOT_RESTRICTED&TRUSTED Uid: 10086] ]
02-20 18:17:19.834  1057  5547 W ActivityManager: Permission Denial: Accessing service com.oculus.vrshell/.ShellOverlayService from pid=6892, uid=10176 requires com.oculus.vrshell.OVERLAY_HOST
02-20 18:17:19.927  1057  1198 D ConnectivityService: releasing NetworkRequest [ TRACK_DEFAULT id=53, [ Capabilities: INTERNET&NOT_RESTRICTED&TRUSTED Uid: 10086] ] (release request)
02-20 18:17:19.950   748   905 I SyncBossHAL: [info   ] syncboss_hal_powerstate.c(50): Reporting powerstate event: PROX_OFF
02-20 18:17:19.952   859  1259 D SensorClientUtils: Received transition request from RUNNING to STANDBY
02-20 18:17:19.952   859  1259 D SensorClientUtils: Skipping no-op transition from RUNNING to STANDBY
02-20 18:17:19.952   870  1049 D SensorClientUtils: Received transition request from RUNNING to STANDBY
02-20 18:17:19.952   870  1049 D SensorClientUtils: Skipping no-op transition from RUNNING to STANDBY
02-20 18:17:19.954  1546  4166 D SensorClientUtils: Received transition request from RUNNING to STANDBY
02-20 18:17:19.954  1546  4166 D SensorClientUtils: Skipping no-op transition from RUNNING to STANDBY
02-20 18:17:20.028   748  7036 E FrameSetDispatcher: [HEADSET] Client pid=870 (IOT): Failed to read from receive FMQ for 1 packets in 5000ms.
02-20 18:17:20.028   748  7036 E FrameSetDispatcher: This probably means this client is taking more than 33 ms to process the frame.
02-20 18:17:20.028   748  7036 E FrameSetDispatcher: Retrying.
02-20 18:17:20.440  1057  1532 E TaskPersister: File error accessing recents directory (directory doesn't exist?).
02-20 18:17:20.570   870  2925 D TrackingService: [HANDTRACKING] Controller 86557c336c360320 in hand: Y, valid: Y
02-20 18:17:20.571   870  2925 D TrackingService: [HANDTRACKING] Controller 729165a0fe4054d7 in hand: Y, valid: Y
02-20 18:17:20.634   870   870 D TrackingService: getSharedMemory: com.YourCompany.TemplateProject3#6892, HeadTracker
02-20 18:17:20.667   870   870 D TrackingService: getSharedMemory: com.YourCompany.TemplateProject3, Controller
02-20 18:17:20.702  1057  4482 E WindowManager: App trying to use insecure INPUT_FEATURE_NO_INPUT_CHANNEL flag. Ignoring
02-20 18:17:20.707   870   870 W TrackingService: attachClient: found client in attached list
02-20 18:17:20.708   870   870 D TrackingService: getSharedMemory: com.oculus.systemdriver#1754, Controller
02-20 18:17:20.714   870   870 D TrackingService: haptic socket already exists
02-20 18:17:20.714   870   870 D TrackingService: getSocket: com.YourCompany.TemplateProject3
02-20 18:17:20.717   748  1026 E SensorService: Failed to set simple multi haptics, ret: -1
02-20 18:17:20.718   870   870 W TrackingService: attachClient: found client in attached list
02-20 18:17:20.719   870   870 D TrackingService: getSharedMemory: com.oculus.guardian#2980, Controller
02-20 18:17:20.759   870   870 W TrackingService: attachClient: found client in attached list
02-20 18:17:20.761   870   870 D TrackingService: getSharedMemory: com.oculus.vrshell#2134, Controller
02-20 18:17:20.864  1057  3187 I ActivityTaskManager: START u0 {act=android.intent.action.MAIN cmp=com.oculus.os.clearactivity/.ClearActivity (has extras)} from uid 10020
02-20 18:17:20.864  1057  3187 W ActivityTaskManager: startActivity called from non-Activity context; forcing Intent.FLAG_ACTIVITY_NEW_TASK for: Intent { act=android.intent.action.MAIN flg=0x800000 cmp=com.oculus.os.clearactivity/.ClearActivity (has extras) }
02-20 18:17:20.892  1057  1081 D ActivityManager: Is background playback GK enabled: false Is background playback enabled for all apps: false
02-20 18:17:20.900   748   905 I SyncBossHAL: [info   ] syncboss_hal_powerstate.c(50): Reporting powerstate event: PROX_ON
02-20 18:17:20.902  1057  1086 W VoiceInteractionManagerService: no available voice interaction services found for user 0
02-20 18:17:20.905   859  1259 D SensorClientUtils: Received transition request from STANDBY to RUNNING
02-20 18:17:20.905   870  1049 D SensorClientUtils: Received transition request from STANDBY to RUNNING
02-20 18:17:20.909  1546  1569 D SensorClientUtils: Received transition request from STANDBY to RUNNING
02-20 18:17:20.921   859  7115 D MrSystemService: Mr Engine pause.
02-20 18:17:20.953  1057  5547 E WindowManager: App trying to use insecure INPUT_FEATURE_NO_INPUT_CHANNEL flag. Ignoring
--------- beginning of main
02-20 18:17:21.090  1909  7199 I MediaCodecVideoEncoder: [8966:387] [7199] MediaCodecVideoEncoder: H.264 HW Encoder supported.
02-20 18:17:21.101  1909  7199 I MediaCodecVideoEncoder: [8966:397] [7199] MediaCodecVideoEncoder: MediaCodecVideoEncoderFactory::SetEGLContext
02-20 18:17:21.101  1909  7199 I MediaCodecVideoDecoder: [8966:398] [7199] MediaCodecVideoDecoder: MediaCodecVideoDecoderFactory ctor
02-20 18:17:21.101  1909  7199 I org.webrtc.Logging: MediaCodecVideoDecoder: Trying to find HW decoder for mime video/x-vnd.on2.vp8
02-20 18:17:21.103  1909  7198 W ProfileContentProvider: [doQuery] appId: 826037204154824, callingPackage: com.oculus.horizon
02-20 18:17:21.105  1909  7199 I org.webrtc.Logging: MediaCodecVideoDecoder: Found candidate decoder OMX.qcom.video.decoder.vp8
02-20 18:17:21.105  1909  7199 I org.webrtc.Logging: MediaCodecVideoDecoder: Found target decoder OMX.qcom.video.decoder.vp8. Color: 0x13
02-20 18:17:21.105  1909  7199 I MediaCodecVideoDecoder: [8966:401] [7199] MediaCodecVideoDecoder: VP8 HW Decoder supported.
02-20 18:17:21.105  1909  7199 I org.webrtc.Logging: MediaCodecVideoDecoder: Trying to find HW decoder for mime video/x-vnd.on2.vp9
02-20 18:17:21.105  1909  7199 I org.webrtc.Logging: MediaCodecVideoDecoder: Found candidate decoder OMX.qcom.video.decoder.vp9
02-20 18:17:21.105  1909  7199 I org.webrtc.Logging: MediaCodecVideoDecoder: Found target decoder OMX.qcom.video.decoder.vp9. Color: 0x13
02-20 18:17:21.105  1909  7199 I MediaCodecVideoDecoder: [8966:401] [7199] MediaCodecVideoDecoder: VP9 HW Decoder supported.
02-20 18:17:21.105  1909  7199 I org.webrtc.Logging: MediaCodecVideoDecoder: Trying to find HW decoder for mime video/avc
02-20 18:17:21.106  1909  7199 I org.webrtc.Logging: MediaCodecVideoDecoder: Found candidate decoder OMX.qcom.video.decoder.avc
02-20 18:17:21.106  1909  7199 I org.webrtc.Logging: MediaCodecVideoDecoder: Found target decoder OMX.qcom.video.decoder.avc. Color: 0x13
02-20 18:17:21.106  1909  7199 I MediaCodecVideoDecoder: [8966:403] [7199] MediaCodecVideoDecoder: H264 HW Decoder supported.
02-20 18:17:21.107  2134  3085 I ClientInputTrackedKeyboardManager: TRACKEDKEYBOARD created PTKServiceClient
02-20 18:17:21.107  2134  3085 I PTKService: PTKServiceClient Init
02-20 18:17:21.107  2134  3085 I ipcLoader [RUNTIMEIPC]: RuntimeIPC: Loader: IPC Service API Loader Version: 37 Feb  7 2023 02:15:39
02-20 18:17:21.107  2134  3085 I RuntimeIPCApi [RUNTIMEIPC]: ipc_Initialize
02-20 18:17:21.107  2134  3085 I RuntimeIPCServiceClient [RUNTIMEIPC]: Init: Already initialized: com.oculus.vrshell:Overlay, 17
02-20 18:17:21.108 25993  7001 E DeviceConfigVersionMapBuilder: Something went wrong when building version map.
02-20 18:17:21.109 25993  7001 E DeviceConfigVersionMapBuilder: Something went wrong when building version map.
02-20 18:17:21.109  2134  2134 I [OAO] ShellOverlayService: onStartCommand(): Intent { cmp=com.oculus.vrshell/.ShellOverlayService }
02-20 18:17:21.109  2134  3085 I RuntimeIPCClient [RUNTIMEIPC]: ConnectToServer: SUCCESS: Client: com.oculus.vrshell:com.oculus.vrshell:Overlay:2134, Server: com.oculus.vrshell:com.oculus.vrshell:Overlay (ptkserviceserver)
02-20 18:17:21.109  2134  3085 W vrshell:Overla: A binder object at 0xeb9c8a20 is being transacted on, however, this object is in the same process as its proxy. Transacting with this binder is expensive compared to just calling the corresponding functionality in the same process.
02-20 18:17:21.109  2134  3085 I chatty  : uid=10020(com.oculus.vrshell) ShellOverlayVR identical 161 lines
02-20 18:17:21.112 25993  7001 E DeviceConfigVersionMapBuilder: Something went wrong when building version map.
02-20 18:17:21.119  1909  7198 W ProfileContentProvider: [doQuery] isLoggedIn: true, isFirstPartyOrSystem: true
02-20 18:17:21.119  1909  7198 W ProfileContentProvider: [doQuery] app: null
02-20 18:17:21.119 25993  7001 E DeviceConfigVersionMapBuilder: Something went wrong when building version map.
02-20 18:17:21.137 25993  7001 E DeviceConfigVersionMapBuilder: Something went wrong when building version map.
02-20 18:17:21.162  1909  7198 W ProfileContentProvider: [doQuery] accessFeatureKeys: all features
02-20 18:17:21.186  2134  7216 I chatty  : uid=10020(com.oculus.vrshell) ShellOverlayMai expire 2 lines
02-20 18:17:21.190 26436  7219 I chatty  : uid=10026 com.oculus.systemux:SystemUX expire 24 lines
02-20 18:17:21.190   853  8250 V C2Store : in init
02-20 18:17:21.190   853  8250 V C2Store : loading dll
02-20 18:17:21.221   853  7220 D SimpleC2Component: Using output block pool with poolID 136 => got 136 - 0
02-20 18:17:21.222   819  9669 D MediaBufferGroup: creating MemoryDealer
02-20 18:17:21.235  1909  7198 W ProfileContentProvider: [doQuery] callingAppHasSystemPlatformSDKPermission: false
02-20 18:17:21.245  1909  7198 W ProfileContentProvider: [doQuery] verifyProductionFirstPartyApplication: true
02-20 18:17:21.245  1909  7198 W ProfileContentProvider: [doQuery] verifyDebugFirstPartyApplication: false
02-20 18:17:21.246  1909  7198 W ProfileContentProvider: [doQuery] isTrustedUser: false, verifyDebugFirstPartyApplication w/ isTrustedUser: false
02-20 18:17:21.246  1909  7198 W ProfileContentProvider: [doQuery] isDebugOS: false
02-20 18:17:21.246  1909  7198 W ProfileContentProvider: [doQuery] accessFeatureKeys contains USER_ID
02-20 18:17:21.246  1909  7198 W ProfileContentProvider: [doQuery] sWhitelistedAppPackageNameToId has com.oculus.horizon: true
02-20 18:17:21.246  1909  7198 W ProfileContentProvider: [doQuery] userId lookup succeeded: true
02-20 18:17:21.252 25993 26009 I .socialplatfor: Background concurrent copying GC freed 5861(557KB) AllocSpace objects, 2(40KB) LOS objects, 49% free, 2795KB/5590KB, paused 58us total 189.474ms
02-20 18:17:21.253  1909  7198 W ProfileContentProvider: [doQuery] normal return
02-20 18:17:21.255  1909  1909 I OVRPlatform: [RequestStopwatch] AndroidPlatformIntegration-Constructor took 267.5590 milliseconds
02-20 18:17:21.273   853  8250 D BufferPoolAccessor: Destruction - bufferpool2 0x348e723e30 cached: 0/0M, 0/0% in use; allocs: 0, 0% recycled; transfers: 0, 0% unfetced
02-20 18:17:21.274   853  8250 V C2Store : in ~ComponentModule
02-20 18:17:21.274   853  8250 V C2Store : unloading dll
02-20 18:17:21.287  1909  1909 I OVRPlatform: [AndroidPlatformIntegration] OS supports Oculus mic sharing, using native APIs for ovr_Microphone
02-20 18:17:21.287  1909  1909 I OboeAudio: openStream() INPUT -------- OboeVersion1.6.1 --------
02-20 18:17:21.287  1909  1909 I AAudio  : AAudioStreamBuilder_openStream() called ----------------------------------------
02-20 18:17:21.287  1909  1909 I AudioStreamBuilder: rate   =  48000, channels  = 1, format   = 1, sharing = SH, dir = INPUT
02-20 18:17:21.287  1909  1909 I AudioStreamBuilder: device =      0, sessionId = -1, perfMode = 10, callback: OFF with frames = 0
02-20 18:17:21.287  1909  1909 I AudioStreamBuilder: usage  =      1, contentType = 2, inputPreset = 1, allowedCapturePolicy = 0
02-20 18:17:21.287  1909  1909 D AudioStreamBuilder: build() MMAP not available because AAUDIO_PERFORMANCE_MODE_LOW_LATENCY not used.
02-20 18:17:21.287  1909  1909 D         : PlayerBase::PlayerBase()
02-20 18:17:21.301  2980  3234 I VrGuardianService: GuardianSDKServer::SetActiveHand
02-20 18:17:21.307  1754  7080 I chatty  : uid=10025(com.oculus.systemdriver) OVR::TimeWarp expire 6 lines
02-20 18:17:21.329   736   830 I audio_hw_primary: adev_open_input_stream: enter: sample_rate(48000) channel_mask(0x10) devices(0x80000004)        stream_handle(0xf2b86000) io_handle(158) source(1) format 5
02-20 18:17:21.330   736   830 I audio_hw_primary: adev_open_input_stream: enter: sample_rate(48000) channel_mask(0x10) devices(0x80000004)        stream_handle(0xf2b86000) io_handle(158) source(1) format 1
02-20 18:17:21.330   736   830 I audio_hw_primary: adev_open_input_stream: exit
02-20 18:17:21.339   736   830 W EffectHAL: Effect 0xf2d679b0 command SET_CONFIG returned status: Invalid argument
02-20 18:17:21.342   756  7236 I AudioFlinger: AudioFlinger's thread 0x79e475ea40 tid=7236 ready to run
02-20 18:17:21.342   736   830 W EffectHAL: Effect 0xf2d679b0 command SET_CONFIG returned status: Invalid argument
02-20 18:17:21.342   736  4688 D audio_hw_primary: in_standby: enter: stream (0xf2b86000) usecase(22: audio-record)
02-20 18:17:21.342   736  4688 W EffectHAL: Effect 0xf2d67a00 command SET_CONFIG returned status: Invalid argument
02-20 18:17:21.347   756   987 D AF::RecordHandle: OpRecordAudio: track:143 uid:10032 pkg:com.oculus.horizon usage:0 not muted
02-20 18:17:21.347   736  4688 D audio_hw_primary: in_standby: enter: stream (0xf2b86000) usecase(22: audio-record)
02-20 18:17:21.348  1909  1909 I AAudio  : AAudioStreamBuilder_openStream() returns 0 = AAUDIO_OK for s#12 ----------------
02-20 18:17:21.349  1909  1909 I libjingle: [8966:646] [1909] (WebRtcPeerConnectionFactory.cpp:119): WebRtcPeerConnectionFactory::WebRtcPeerConnectionFactory
02-20 18:17:21.354  1909  7240 I libjingle: [8966:650] [7240] (WebRtcPeerConnectionFactory.cpp:100): SetThreadCPUAffinity thread 0, cpu mask 127
02-20 18:17:21.354  1909  7241 I libjingle: [8966:651] [7241] (WebRtcPeerConnectionFactory.cpp:100): SetThreadCPUAffinity thread 0, cpu mask 127
02-20 18:17:21.356  1909  1909 I libjingle: [8966:653] [1909] (WebRtcPeerConnectionFactory.cpp:164): WebRtcPeerConnectionFactory::WebRtcPeerConnectionFactory enc 0x7eeff4d6b0 dec 0x7e8162eaf0
02-20 18:17:21.357  1909  7241 D JVM     : AttachCurrentThreadIfNeeded::ctor@[tid=7241]
02-20 18:17:21.357  1909  7241 D JVM     : Attaching thread to JVM
02-20 18:17:21.357  1909  7241 D JVM     : JVM::environment@[tid=7241]
02-20 18:17:21.357  1909  7241 D JVM     : JNIEnvironment::ctor@[tid=7241]
02-20 18:17:21.357  1909  7241 D AudioManager: ctor@[tid=7241]
02-20 18:17:21.357  1909  7241 D JVM     : JNIEnvironment::RegisterNatives(org/webrtc/voiceengine/WebRtcAudioManager)
02-20 18:17:21.357  1909  7241 D JVM     : NativeRegistration::ctor@[tid=7241]
02-20 18:17:21.357  1909  7241 D JVM     : NativeRegistration::NewObject@[tid=7241]
02-20 18:17:21.357  1909  7241 I org.webrtc.Logging: WebRtcAudioManager: ctor@[name=Thread-96, id=899]
02-20 18:17:21.358  1909  7241 I org.webrtc.Logging: WebRtcAudioManager: Sample rate is set to 48000 Hz
02-20 18:17:21.360  1909  7241 D AudioManager: OnCacheAudioParameters@[tid=7241]
02-20 18:17:21.360  1909  7241 D AudioManager: hardware_aec: 1
02-20 18:17:21.360  1909  7241 D AudioManager: hardware_agc: 0
02-20 18:17:21.360  1909  7241 D AudioManager: hardware_ns: 1
02-20 18:17:21.360  1909  7241 D AudioManager: low_latency_output: 1
02-20 18:17:21.360  1909  7241 D AudioManager: sample_rate: 48000
02-20 18:17:21.360  1909  7241 D AudioManager: channels: 1
02-20 18:17:21.360  1909  7241 D AudioManager: output_buffer_size: 192
02-20 18:17:21.360  1909  7241 D AudioManager: input_buffer_size: 1920
02-20 18:17:21.360  1909  7241 D JVM     : GlobalRef::ctor@[tid=7241]
02-20 18:17:21.360  1909  7241 D AudioManager: JavaAudioManager::ctor@[tid=7241]
02-20 18:17:21.360  1909  7241 D JVM     : AttachCurrentThreadIfNeeded::ctor@[tid=7241]
02-20 18:17:21.360  1909  7241 D JVM     : JVM::environment@[tid=7241]
02-20 18:17:21.360  1909  7241 D JVM     : JNIEnvironment::ctor@[tid=7241]
02-20 18:17:21.360  1909  7241 D AudioTrackJni: ctor@[tid=7241]
02-20 18:17:21.360  1909  7241 D JVM     : JNIEnvironment::RegisterNatives(org/webrtc/voiceengine/WebRtcAudioTrack)
02-20 18:17:21.360  1909  7241 D JVM     : NativeRegistration::ctor@[tid=7241]
02-20 18:17:21.360  1909  7241 D JVM     : NativeRegistration::NewObject@[tid=7241]
02-20 18:17:21.360  1909  7241 I org.webrtc.Logging: WebRtcAudioTrack: ctor@[name=Thread-96, id=899]
02-20 18:17:21.360  1909  7241 D JVM     : GlobalRef::ctor@[tid=7241]
02-20 18:17:21.360  1909  7241 D AudioManager: SetActiveAudioLayer(5)@[tid=7241]
02-20 18:17:21.360  1909  7241 D AudioManager: delay_estimate_in_milliseconds: 150
02-20 18:17:21.360  1909  7241 D AudioTrackJni: AttachAudioBuffer@[tid=7241]
02-20 18:17:21.360  1909  7241 D AudioTrackJni: SetPlayoutSampleRate(48000)
02-20 18:17:21.360  1909  7241 D AudioTrackJni: SetPlayoutChannels(1)
02-20 18:17:21.360  1909  7241 I libjingle: [8966:656] [7241] (AudioRecordWrapper.cpp:53): Attached an audio buffer to AudioRecordWrapper
02-20 18:17:21.364  1909  7241 I libjingle: [8966:661] [7241] (webrtcvoiceengine.cc:246): WebRtc VoiceEngine codecs:
02-20 18:17:21.364  1909  7241 I libjingle: [8966:661] [7241] (webrtcvoiceengine.cc:273): ISAC/16000/1 (103)
02-20 18:17:21.364  1909  7241 I libjingle: [8966:661] [7241] (webrtcvoiceengine.cc:273): ISAC/32000/1 (104)
02-20 18:17:21.364  1909  7241 I libjingle: [8966:661] [7241] (webrtcvoiceengine.cc:273): PCMU/8000/1 (0)
02-20 18:17:21.364  1909  7241 I libjingle: [8966:661] [7241] (webrtcvoiceengine.cc:273): PCMA/8000/1 (8)
02-20 18:17:21.364  1909  7241 W libjingle: [8966:661] [7241] (webrtcvoiceengine.cc:297): Unexpected codec: PCMU/8000/2 (110)
02-20 18:17:21.364  1909  7241 W libjingle: [8966:661] [7241] (webrtcvoiceengine.cc:297): Unexpected codec: PCMA/8000/2 (118)
02-20 18:17:21.364  1909  7241 I libjingle: [8966:661] [7241] (webrtcvoiceengine.cc:273): ILBC/8000/1 (102)
02-20 18:17:21.364  1909  7241 I libjingle: [8966:661] [7241] (webrtcvoiceengine.cc:273): G722/8000/1 (9)
02-20 18:17:21.364  1909  7241 W libjingle: [8966:661] [7241] (webrtcvoiceengine.cc:297): Unexpected codec: G722/8000/2 (119)
02-20 18:17:21.364  1909  7241 I libjingle: [8966:661] [7241] (webrtcvoiceengine.cc:273): opus/48000/2 (111)
02-20 18:17:21.364  1909  7241 I libjingle: [8966:661] [7241] (webrtcvoiceengine.cc:273): CN/8000/1 (13)
02-20 18:17:21.364  1909  7241 I libjingle: [8966:661] [7241] (webrtcvoiceengine.cc:273): CN/16000/1 (105)
02-20 18:17:21.364  1909  7241 I libjingle: [8966:661] [7241] (webrtcvoiceengine.cc:273): CN/32000/1 (106)
02-20 18:17:21.364  1909  7241 I libjingle: [8966:661] [7241] (webrtcvoiceengine.cc:273): telephone-event/8000/1 (126)
02-20 18:17:21.365  1909  7241 I libjingle: [8966:661] [7241] (webrtcvoiceengine.cc:273): red/8000/1 (127)
02-20 18:17:21.365  1909  7241 I libjingle: [8966:661] [7241] (webrtcvideoengine2.cc:497): WebRtcVideoEngine2::WebRtcVideoEngine2()
02-20 18:17:21.365   882   882 E VrApiService: Error set scheduler for process 1754 thread 7163 to 2 : No such process (3)
02-20 18:17:21.366   882  3392 E VrApiService: Failed to set affinity for thread 7235, err: -22
02-20 18:17:21.370  1909  7241 I libjingle: [8966:666] [7241] (webrtcvoiceengine.cc:551): WebRtcVoiceEngine::Init
02-20 18:17:21.370  1909  7241 I libjingle: [8966:667] [7241] (webrtcvoiceengine.cc:575): VoiceEngine 4.1.0
02-20 18:17:21.370  1909  7241 I libjingle: [8966:667] [7241] (voe_base_impl.cc:244): Init: An external ADM implementation will be used in VoiceEngine
02-20 18:17:21.370  1909  7241 D AudioManager: Init@[tid=7241]
02-20 18:17:21.371  1909  7241 I org.webrtc.Logging: WebRtcAudioManager: init@[name=Thread-96, id=899]
02-20 18:17:21.371  1909  7241 I org.webrtc.Logging: WebRtcAudioManager: audio mode is: MODE_NORMAL
02-20 18:17:21.371  1909  7241 D AudioTrackJni: Init@[tid=7241]
02-20 18:17:21.371  1909  7241 I libjingle: [8966:668] [7241] (webrtcvoiceengine.cc:1066): webrtc: output: available=0
02-20 18:17:21.371  1909  7241 E libjingle: [8966:668] [7241] (webrtcvoiceengine.cc:1066): webrtc: stereo playout is not supported
02-20 18:17:21.371  1909  7241 W libjingle: [8966:668] [7241] (webrtcvoiceengine.cc:1066): webrtc: Init() failed to set mono/stereo playout mode (error=8090)
02-20 18:17:21.371  1909  7241 I libjingle: [8966:668] [7241] (webrtcvoiceengine.cc:1066): webrtc: output: available=0
02-20 18:17:21.371  1909  7241 E libjingle: [8966:668] [7241] (webrtcvoiceengine.cc:1066): webrtc: recording in stereo is not supported
02-20 18:17:21.371  1909  7241 W libjingle: [8966:668] [7241] (webrtcvoiceengine.cc:1066): webrtc: Init() failed to set mono/stereo recording mode (error=8090)
02-20 18:17:21.371  1909  7241 I libjingle: [8966:668] [7241] (webrtcvoiceengine.cc:1066): webrtc: TransmitMixer::SetAudioProcessingModule(audioProcessingModule=0x8193df80)
02-20 18:17:21.371  1909  7241 I libjingle: [8966:668] [7241] (webrtcvoiceengine.cc:1066): webrtc: OutputMixer::SetAudioProcessingModule(audioProcessingModule=0x8193df80)
02-20 18:17:21.371  1909  7241 E libjingle: [8966:668] [7241] (voe_base_impl.cc:371): Init: Failed to set agc to enabled: 0
02-20 18:17:21.372  1909  7241 I libjingle: [8966:668] [7241] (webrtcvoiceengine.cc:648): ApplyOptions: AudioOptions {aec: true, agc: true, ns: true, hf: true, swap: false, audio_jitter_buffer_max_packets: 50, audio_jitter_buffer_fast_accelerate: false, typing: true, agc_delta: 0, experimental_agc: false, extended_filter_aec: false, delay_agnostic_aec: false, experimental_ns: false, }
02-20 18:17:21.372  1909  7241 I OVRPlatform: [SharedMicrophoneAudioRecord] EnableBuiltInEffect(): called to enable effect 0
02-20 18:17:21.372  1909  7241 I libjingle: [8966:668] [7241] (webrtcvoiceengine.cc:722): Disabling EC since built-in EC will be used instead
02-20 18:17:21.372  1909  7241 I libjingle: [8966:668] [7241] (webrtcvoiceengine.cc:729): Echo control set to 0 with mode 4
02-20 18:17:21.372  1909  7241 I libjingle: [8966:668] [7241] (webrtcvoiceengine.cc:764): Auto gain set to 0 with mode 4
02-20 18:17:21.372  1909  7241 I OVRPlatform: [SharedMicrophoneAudioRecord] EnableBuiltInEffect(): called to enable effect 2
02-20 18:17:21.372  1909  7241 I libjingle: [8966:669] [7241] (webrtcvoiceengine.cc:804): Disabling NS since built-in NS will be used instead
02-20 18:17:21.372  1909  7241 I libjingle: [8966:669] [7241] (webrtcvoiceengine.cc:811): Noise suppression set to 0 with mode 5
02-20 18:17:21.372  1909  7241 I libjingle: [8966:669] [7241] (webrtcvoiceengine.cc:817): High pass filter enabled? 0
02-20 18:17:21.372  1909  7241 I libjingle: [8966:669] [7241] (webrtcvoiceengine.cc:825): Stereo swapping enabled? 0
02-20 18:17:21.372  1909  7241 I libjingle: [8966:669] [7241] (webrtcvoiceengine.cc:834): NetEq capacity is 50
02-20 18:17:21.372  1909  7241 I libjingle: [8966:669] [7241] (webrtcvoiceengine.cc:842): NetEq fast mode? 0
02-20 18:17:21.373  1909  7241 I libjingle: [8966:669] [7241] (webrtcvoiceengine.cc:850): Typing detection is enabled? 0
02-20 18:17:21.373  1909  7241 E libjingle: [8966:669] [7241] (voe_audio_processing_impl.cc:955): SetTypingDetectionStatus: not supported
02-20 18:17:21.373  1909  7241 W libjingle: [8966:669] [7241] (webrtcvoiceengine.cc:854): SetTypingDetectionStatus(0) failed, err=8003
02-20 18:17:21.373  1909  7241 I libjingle: [8966:669] [7241] (webrtcvoiceengine.cc:859): Adjust agc delta is 0
02-20 18:17:21.373  1909  7241 I libjingle: [8966:669] [7241] (webrtcvoiceengine.cc:1091): Adjusting AGC level from default -3dB to -3dB
02-20 18:17:21.373  1909  7241 I libjingle: [8966:669] [7241] (webrtcvoiceengine.cc:870): Delay agnostic aec is enabled? 0
02-20 18:17:21.373  1909  7241 I libjingle: [8966:669] [7241] (webrtcvoiceengine.cc:879): Extended filter aec is enabled? 0
02-20 18:17:21.373  1909  7241 I libjingle: [8966:669] [7241] (webrtcvoiceengine.cc:888): Experimental ns is enabled? 0
02-20 18:17:21.373  1909  7241 I libjingle: [8966:669] [7241] (webrtcvoiceengine.cc:611): WebRtc VoiceEngine codecs:
02-20 18:17:21.373  1909  7241 I libjingle: [8966:670] [7241] (webrtcvoiceengine.cc:613): opus/48000/2 (111)
02-20 18:17:21.373  1909  7241 I libjingle: [8966:670] [7241] (webrtcvoiceengine.cc:613): ISAC/16000/1 (103)
02-20 18:17:21.373  1909  7241 I libjingle: [8966:670] [7241] (webrtcvoiceengine.cc:613): ISAC/32000/1 (104)
02-20 18:17:21.373  1909  7241 I libjingle: [8966:670] [7241] (webrtcvoiceengine.cc:613): G722/8000/1 (9)
02-20 18:17:21.373  1909  7241 I libjingle: [8966:670] [7241] (webrtcvoiceengine.cc:613): ILBC/8000/1 (102)
02-20 18:17:21.373  1909  7241 I libjingle: [8966:670] [7241] (webrtcvoiceengine.cc:613): PCMU/8000/1 (0)
02-20 18:17:21.373  1909  7241 I libjingle: [8966:670] [7241] (webrtcvoiceengine.cc:613): PCMA/8000/1 (8)
02-20 18:17:21.373  1909  7241 I libjingle: [8966:670] [7241] (webrtcvoiceengine.cc:613): CN/32000/1 (106)
02-20 18:17:21.373  1909  7241 I libjingle: [8966:670] [7241] (webrtcvoiceengine.cc:613): CN/16000/1 (105)
02-20 18:17:21.373  1909  7241 I libjingle: [8966:670] [7241] (webrtcvoiceengine.cc:613): CN/8000/1 (13)
02-20 18:17:21.373  1909  7241 I libjingle: [8966:670] [7241] (webrtcvoiceengine.cc:613): red/8000/1 (127)
02-20 18:17:21.373  1909  7241 I libjingle: [8966:670] [7241] (webrtcvoiceengine.cc:613): telephone-event/8000/1 (126)
02-20 18:17:21.373  1909  7241 I libjingle: [8966:670] [7241] (webrtcvoiceengine.cc:961): Setting microphone to (id=0) and speaker to (id=0)
02-20 18:17:21.374  1909  7241 W libjingle: [8966:670] [7241] (webrtcvoiceengine.cc:1066): webrtc: SetRecordingChannel() unable to set the recording channel (error=10028)
02-20 18:17:21.374  1909  7241 E libjingle: [8966:670] [7241] (webrtcvoiceengine.cc:1066): webrtc: recording in stereo is not supported
02-20 18:17:21.374  1909  7241 W libjingle: [8966:670] [7241] (webrtcvoiceengine.cc:1066): webrtc: SetRecordingDevice() failed to set mono recording mode (error=8090)
02-20 18:17:21.374  1909  7241 E libjingle: [8966:670] [7241] (webrtcvoiceengine.cc:1066): webrtc: stereo playout is not supported
02-20 18:17:21.374  1909  7241 W libjingle: [8966:670] [7241] (webrtcvoiceengine.cc:1066): webrtc: SetPlayoutDevice() failed to set stereo playout mode (error=8090)
02-20 18:17:21.374  1909  7241 I libjingle: [8966:670] [7241] (webrtcvoiceengine.cc:981): Set microphone to (id=0) and speaker to (id=0)
02-20 18:17:21.374  1909  7241 I libjingle: [8966:670] [7241] (webrtcvoiceengine.cc:554): WebRtcVoiceEngine::Init Done!
02-20 18:17:21.374  1909  7241 I libjingle: [8966:670] [7241] (webrtcvideoengine2.cc:506): WebRtcVideoEngine2::Init
02-20 18:17:21.377  1909  7241 I libjingle: [8966:674] [7241] (dtlsidentitystore.cc:53): Generating identity, using keytype 0
02-20 18:17:21.377  1909  7241 I libjingle: [8966:674] [7241] (opensslidentity.cc:41): Making key pair
02-20 18:17:21.386  6892  6892 I chatty  : uid=10176(com.YourCompany.TemplateProject3) expire 18 lines
02-20 18:17:21.403  6892  7244 I chatty  : uid=10176(com.YourCompany.TemplateProject3) expire 48 lines
02-20 18:17:21.428  1909  7241 I libjingle: [8966:725] [7241] (opensslidentity.cc:82): Returning key pair
02-20 18:17:21.428  1909  7241 I libjingle: [8966:725] [7241] (opensslidentity.cc:89): Making certificate for WebRTC
02-20 18:17:21.430  1909  7241 I libjingle: [8966:727] [7241] (opensslidentity.cc:137): Returning certificate
02-20 18:17:21.435  1909  1909 I OVRPlatform: [P2PNetworkTransport] oculus_parties_enable_aui_mic_switcher_controls gk is OFF, mic_switcher_controls is disabled
02-20 18:17:21.438  1909  1909 I OVRPlatform: [RequestStopwatch] AndroidFinishInitialization took 451.3920 milliseconds
02-20 18:17:21.439  1909  1909 I OVRPlatform: [RequestStopwatch] AndroidSynchronousInitialize took 453.7430 milliseconds
02-20 18:17:21.439  1909  1909 I PlatformPlugin: [PlatformPluginManager] Successfully initialized Platform
02-20 18:17:21.439  1909  1909 D PlatformPlugin: [PlatformPluginManager] Releasing lock: nativeInit
02-20 18:17:21.444  1909  1909 I PlatformPluginManager: onHeadphonesStateChange: false
02-20 18:17:21.444  1909  1909 I OVRPlatform: [AudioManager] SetHeadphoneStatus: DISCONNECTED
02-20 18:17:21.444  1909  1909 I OVRPlatform: [AudioManager] Current headsetMounted_ true
02-20 18:17:21.444  1909  1909 I OVRPlatform: [AudioManager] Current headphoneStatus_: DISCONNECTED
02-20 18:17:21.444  1909  1909 I PlatformPluginManager: Starting up connection reaper
02-20 18:17:21.445  1909  1909 I PlatformPluginManager: Adding client com.oculus.horizon.service_media.OVRMediaServiceManager@659e0ce
02-20 18:17:21.445  1909  1909 I OVRPlatform: [AudioManager] SetHeadsetMounted: true
02-20 18:17:21.445  1909  1909 I OVRPlatform: [AudioManager] Current headsetMounted_ true
02-20 18:17:21.445  1909  1909 I OVRPlatform: [AudioManager] Current headphoneStatus_: DISCONNECTED
02-20 18:17:21.450  1909  2567 I OVRMediaService: onStartCommand Received message type: com.oculus.horizon.GET_CAPTURE_STATE_ACTION, caller package: no_app_identity, app identify: null
02-20 18:17:21.463   882  3392 E VrApiService: Error set scheduler for process 1754 thread 7235 to 2 : No such process (3)
02-20 18:17:21.474 25993  6988 E DeviceConfigVersionMapBuilder: Something went wrong when building version map.
02-20 18:17:21.475 25993  6988 E DeviceConfigVersionMapBuilder: Something went wrong when building version map.
02-20 18:17:21.491  1909  2567 I FileCapture: broadcast capture state to AUI running = false, with mode -1
02-20 18:17:21.499  1057  1443 I DisplayManagerService: Display device added: DisplayDeviceInfo{"com.oculus.android_panel_app.AndroidPanelLayer-#main": uniqueId="virtual:com.oculus.systemux,10026,com.oculus.android_panel_app.AndroidPanelLayer-#main,0", 840 x 1250, modeId 190, defaultModeId 190, supportedModes [{id=190, width=840, height=1250, fps=60.0}], colorMode 0, supportedColorModes [0], HdrCapabilities null, density 200, 200.0 x 200.0 dpi, appVsyncOff 0, presDeadline 16666666, touch NONE, rotation 0, type VIRTUAL, state OFF, owner com.oculus.systemux (uid 10026), FLAG_PRIVATE, FLAG_NEVER_BLANK, FLAG_OWN_CONTENT_ONLY}
02-20 18:17:21.500  2709  2709 D MVanServiceReceiver: MVanServiceReceiver Action: com.oculus.intent.action.MOUNT_STATE_CHANGED
02-20 18:17:21.501  1909  2567 I OVRMediaServiceManager: Metacam is enabled.
02-20 18:17:21.509 25993  6988 E DeviceConfigVersionMapBuilder: Something went wrong when building version map.
02-20 18:17:21.511  1057  1079 I chatty  : uid=1000(system) android.ui expire 2 lines
02-20 18:17:21.512 25993  6988 E DeviceConfigVersionMapBuilder: Something went wrong when building version map.
02-20 18:17:21.514 25993  6988 E DeviceConfigVersionMapBuilder: Something went wrong when building version map.
02-20 18:17:21.514  1057  1081 I chatty  : uid=1000(system) android.display expire 2 lines
02-20 18:17:21.514  1057  1081 I ActivityTaskManager: Override config changes=20005df8 {0.0 ?mcc?mnc ?localeList ?layoutDir sw672dp w672dp h1000dp 200dpi lrg port ?uimode ?night -touch qwerty/v/v -nav/h winConfig={ mBounds=Rect(0, 0 - 840, 1250) mAppBounds=Rect(0, 0 - 840, 1250) mWindowingMode=fullscreen mDisplayWindowingMode=fullscreen mActivityType=undefined mAlwaysOnTop=undefined mRotation=ROTATION_0}} for displayId=129
02-20 18:17:21.515 25993  6988 E DeviceConfigVersionMapBuilder: Something went wrong when building version map.
02-20 18:17:21.518 25993  6988 E DeviceConfigVersionMapBuilder: Something went wrong when building version map.
02-20 18:17:21.522  2980  3046 I StateMachine: StateMachine::Update TrackingLost: tooDark -> TooDark
02-20 18:17:21.525 25993  6988 E DeviceConfigVersionMapBuilder: Something went wrong when building version map.
02-20 18:17:21.527  3514  3514 I chatty  : uid=10020(com.oculus.vrshell) ShellMain expire 4 lines
02-20 18:17:21.537 25993  6988 E DeviceConfigVersionMapBuilder: Something went wrong when building version map.
02-20 18:17:21.541 25993  6988 E DeviceConfigVersionMapBuilder: Something went wrong when building version map.
02-20 18:17:21.543  2134  2134 I chatty  : uid=10020(com.oculus.vrshell) ShellOverlayMai expire 35 lines
02-20 18:17:21.543 25993  6988 E DeviceConfigVersionMapBuilder: Something went wrong when building version map.
02-20 18:17:21.544 25993  6988 E DeviceConfigVersionMapBuilder: Something went wrong when building version map.
02-20 18:17:21.549 26436  7258 I chatty  : uid=10026 com.oculus.systemux:SystemUX expire 25 lines
02-20 18:17:21.549 25993  6988 E DeviceConfigVersionMapBuilder: Something went wrong when building version map.
02-20 18:17:21.549 25993  6988 E DeviceConfigVersionMapBuilder: Something went wrong when building version map.
02-20 18:17:21.550 25993  6988 E DeviceConfigVersionMapBuilder: Something went wrong when building version map.
02-20 18:17:21.551  1057  3187 W ActivityManager: Unable to start service Intent { cmp=com.oculus.presence/.service.PresenceService } U=0: not found
02-20 18:17:21.551  2391  2406 I com.oculus.ocm: Background concurrent copying GC freed 7577(750KB) AllocSpace objects, 5(100KB) LOS objects, 49% free, 3116KB/6232KB, paused 34us total 149.732ms
02-20 18:17:21.553  2324 19681 D RPCServer [RUNTIMEIPC]: ConnectClient: Client: com.oculus.systemux:com.oculus.systemux:SystemUX:26436, Server: com.oculus.presence:com.oculus.presence (PresenceServer)
02-20 18:17:21.554  2324 19681 I IPCSharedMemory_Internal [RUNTIMEIPC]: CreateSharedMemory: Allocated shared memory fd 109 (ipcStateReadWrite)
02-20 18:17:21.554  2324 19681 I IPCSharedMemory_Internal [RUNTIMEIPC]: CreateSharedMemory: Allocated shared memory fd 111 (ipcReadOnlyState)
02-20 18:17:21.554  2324 19681 I RPCClientHandler [RUNTIMEIPC]: Event buffer size (server): 8192
02-20 18:17:21.555  2324 19681 I IPCSharedMemory_Internal [RUNTIMEIPC]: CreateSharedMemory: Allocated shared memory fd 112 (ipcEventBuffer)
02-20 18:17:21.555  2324 19681 I IPCSharedMemory_Internal [RUNTIMEIPC]: CreateSharedMemory: Allocated shared memory fd 117 (ipcEventBuffer_Private)
02-20 18:17:21.555  2324 19681 W RPCServer [RUNTIMEIPC]: HandleClientConnect: Failed to register client event subscription: Client: com.oculus.systemux:com.oculus.systemux:SystemUX:26436, Server: com.oculus.presence:com.oculus.presence (PresenceServer)
02-20 18:17:21.569  1057  1166 I DisplayManagerService: Display device removed: DisplayDeviceInfo{"com.oculus.android_panel_app.AndroidPanelLayer-#main": uniqueId="virtual:com.oculus.systemux,10026,com.oculus.android_panel_app.AndroidPanelLayer-#main,0", 840 x 1250, modeId 190, defaultModeId 190, supportedModes [{id=190, width=840, height=1250, fps=60.0}], colorMode 0, supportedColorModes [0], HdrCapabilities null, density 200, 200.0 x 200.0 dpi, appVsyncOff 0, presDeadline 16666666, touch NONE, rotation 0, type VIRTUAL, state OFF, owner com.oculus.systemux (uid 10026), FLAG_PRIVATE, FLAG_NEVER_BLANK, FLAG_OWN_CONTENT_ONLY}
02-20 18:17:21.578  1591  1591 D OculusNotificationListenerService: Notification posted: 0|com.oculus.presence|50001|null|10070
02-20 18:17:21.579  1057  5547 I DisplayManagerService: Display device added: DisplayDeviceInfo{"com.oculus.android_panel_app.AndroidPanelLayer-#main": uniqueId="virtual:com.oculus.systemux,10026,com.oculus.android_panel_app.AndroidPanelLayer-#main,0", 840 x 110, modeId 191, defaultModeId 191, supportedModes [{id=191, width=840, height=110, fps=60.0}], colorMode 0, supportedColorModes [0], HdrCapabilities null, density 200, 200.0 x 200.0 dpi, appVsyncOff 0, presDeadline 16666666, touch NONE, rotation 0, type VIRTUAL, state OFF, owner com.oculus.systemux (uid 10026), FLAG_PRIVATE, FLAG_NEVER_BLANK, FLAG_OWN_CONTENT_ONLY}
02-20 18:17:21.589  2324 19681 I RuntimeIPCServerMgr [RUNTIMEIPC]: HandleClientConnect SUCCESS: Client: com.oculus.systemux:com.oculus.systemux:SystemUX:26436, Server: com.oculus.presence:com.oculus.presence (PresenceServer)
02-20 18:17:21.591  2324  2949 I RPCServer [RUNTIMEIPC]: GetServerStatesConfig -> {MaxBufferSize=32768, MaxEntries=64}
02-20 18:17:21.619  1057  1081 I ActivityTaskManager: Override config changes=20005df8 {0.0 ?mcc?mnc ?localeList ?layoutDir sw88dp w672dp h88dp 200dpi nrml long land ?uimode ?night -touch qwerty/v/v -nav/h winConfig={ mBounds=Rect(0, 0 - 840, 110) mAppBounds=Rect(0, 0 - 840, 110) mWindowingMode=fullscreen mDisplayWindowingMode=fullscreen mActivityType=undefined mAlwaysOnTop=undefined mRotation=ROTATION_0}} for displayId=130
02-20 18:17:21.661 26436  7261 I chatty  : uid=10026 com.oculus.systemux:SystemUX expire 3 lines
02-20 18:17:21.688   870  2921 I chatty  : uid=1000(system) IOTmotion expire 1 line
02-20 18:17:21.694  1057  5547 W ActivityManager: Unable to start service Intent { cmp=com.oculus.presence/.service.PresenceService } U=0: not found
02-20 18:17:21.697  2324  2949 D RPCServer [RUNTIMEIPC]: ConnectClient: Client: com.oculus.systemux:com.oculus.systemux:SystemUX:26436, Server: com.oculus.presence:com.oculus.presence (PubSubServer)
02-20 18:17:21.698  2324  2949 I IPCSharedMemory_Internal [RUNTIMEIPC]: CreateSharedMemory: Allocated shared memory fd 119 (ipcStateReadWrite)
02-20 18:17:21.698  2324  2949 I IPCSharedMemory_Internal [RUNTIMEIPC]: CreateSharedMemory: Allocated shared memory fd 120 (ipcReadOnlyState)
02-20 18:17:21.698  2324  2949 I RPCClientHandler [RUNTIMEIPC]: Event buffer size (server): 8192
02-20 18:17:21.698  2324  2949 I IPCSharedMemory_Internal [RUNTIMEIPC]: CreateSharedMemory: Allocated shared memory fd 123 (ipcEventBuffer)
02-20 18:17:21.698  2324  2949 I IPCSharedMemory_Internal [RUNTIMEIPC]: CreateSharedMemory: Allocated shared memory fd 124 (ipcEventBuffer_Private)
02-20 18:17:21.698  2324  2949 W RPCServer [RUNTIMEIPC]: HandleClientConnect: Failed to register client event subscription: Client: com.oculus.systemux:com.oculus.systemux:SystemUX:26436, Server: com.oculus.presence:com.oculus.presence (PubSubServer)
02-20 18:17:21.706  2324  2949 I RuntimeIPCServerMgr [RUNTIMEIPC]: HandleClientConnect SUCCESS: Client: com.oculus.systemux:com.oculus.systemux:SystemUX:26436, Server: com.oculus.presence:com.oculus.presence (PubSubServer)
02-20 18:17:21.710  2324  2949 I RPCServer [RUNTIMEIPC]: GetServerStatesConfig -> {MaxBufferSize=32768, MaxEntries=64}
02-20 18:17:21.714   699   699 I netd    : firewallSetUidRule(2, 10071, 2) <0.02ms>
02-20 18:17:21.718  2980  3046 I StateMachine: StateMachine::Update TrackingLost: valid -> Valid
02-20 18:17:21.719  1754  3040 I chatty  : uid=10025(com.oculus.systemdriver) Thread-11 expire 1 line
02-20 18:17:21.719  2980  3046 I GuardianSystem: UpdateGuardianSystemState: Flags changed: 544768, 528384, SYSTEM_RELOCALIZING,SYSTEM_TRACKING_LOST,SYSTEM_GUARDIAN_VALID to SYSTEM_RELOCALIZING,SYSTEM_GUARDIAN_VALID
02-20 18:17:21.724  2391  7267 W OVRLibrary: null cursor received for query content://com.oculus.ocms.library/apps/com.YourCompany.TemplateProject3
02-20 18:17:21.733  1591  1591 D OculusNotificationListenerService: Notification posted: 0|com.oculus.presence|50001|null|10070
02-20 18:17:21.735  2980  3234 I VrGuardianService: GuardianSDKServer::ClearPassthroughFlag
02-20 18:17:21.748  1754  2958 I chatty  : uid=10025(com.oculus.systemdriver) ClientRequest expire 1 line
02-20 18:17:21.750  3089  3386 I [CT]    : MIXEDREALITY: MrFeatureStatus: Client status changed from Started to Paused.
02-20 18:17:21.750  3089  3386 I [CT]    : MIXEDREALITY: MrFeatureStatus: Target status Paused, CurrentStatus: Started
02-20 18:17:21.750  3089  3386 I [CT]    : MIXEDREALITY: MrFeatureStatus: Operation chain: Pause
02-20 18:17:21.750  3089  3386 I [CT]    : MIXEDREALITY: MrFeatureStatus: Global status changed from Started to Paused.
02-20 18:17:21.750  3089  3386 I [CT]    : MIXEDREALITY: MrServiceController: Queuing command linked to operation Pause for feature 0
02-20 18:17:21.750  3089  3199 I [CT]    : MIXEDREALITY: MrServiceController: Executing passthroughPause on model
02-20 18:17:21.750  3089  3199 I [CT]    : MIXEDREALITY: MrServiceModel: passthroughPause()
02-20 18:17:21.750  3089  3199 I [CT]    : MIXEDREALITY: MrServiceModel: passthroughPause: Paused Passthrough
02-20 18:17:21.750  3089  3199 I [CT]    : MIXEDREALITY: MrRuntimeImpl: onPause: Capability 0 on device 2.
02-20 18:17:21.750  3089  3199 I [CT]    : MIXEDREALITY: MrRuntimeImpl: onPause: Capability 1 on device 2.
02-20 18:17:21.751   859  3177 I [CT]    : MIXEDREALITY: MrSystemServiceIPCServer: ChangeMrCapabilityStatusNonBlocking: client 2984696057, capability 0, command 0.
02-20 18:17:21.751   859  3177 I [CT]    : MIXEDREALITY: ServiceLogic: Stopping: Passthrough
02-20 18:17:21.751   859  3177 I [CT]    : MIXEDREALITY: MrRuntimeCompute: onStop: Passthrough.
