02-20 20:06:15.053   859 14917 I [CT]    : MR:Capability: Passthrough capability: start received from 812808904
02-20 20:06:15.053   859 14917 I [CT]    : MIXEDREALITY: PassthroughComputeCapability: onStart: Instantiating Passthrough.
02-20 20:06:15.053   859 14917 I [CT]    : MIXEDREALITY: PassthroughMesh: PassthroughMesh: Initializing.
02-20 20:06:15.053 22207 22238 E xrstreaming: Failed to bind to the system service. Error -6
02-20 20:06:15.053 22207 22238 D xrstreaming:   AADT Mode: ATW
02-20 20:06:15.053 22207 22238 I VrRuntimeClient: UpdateEvents: HMT was mounted
02-20 20:06:15.053 14505 14505 W OVRLibrary: null cursor received for query content://com.oculus.ocms.library/apps/quick_settings_app
02-20 20:06:15.054 22207 22238 W xrstreaming: App retrieved a 0-value for app GPU frametime on frame FI:19432: Substituting dummy value 4.000000ms
02-20 20:06:15.054 22207 14920 I FenceChecker: FenceChecker::MainLoop - started
02-20 20:06:15.054   859 14917 I [CT]    : MIXEDREALITY: PassthroughMesh: PassthroughMesh: Initialized.
02-20 20:06:15.054   859 14917 I [CT]    : MIXEDREALITY: StereoPipeline: addClient: adding client Passthrough, active clients: 'NONE'.
02-20 20:06:15.054   859 14917 I [CT]    : BOLTDEPTH: BoltDepthSystem: onResume: waiting for previous core deinit to finish
02-20 20:06:15.055   859 14917 I [CT]    : BOLTDEPTH: CvpDisparityPipeline: activate: CVP pipeline successfully activated.
02-20 20:06:15.055 22207 22306 W REFLECT [RUNTIMEIPC]: UpdateServerStateValue name:'RigidBodyStates' buffer == nullptr
02-20 20:06:15.055   859 14917 I [CT]    : BOLTDEPTH: BoltDepthSystem: onResume: Successfully resumed the depth system
02-20 20:06:15.055   859 14917 I [CT]    : BOLTDEPTH: BoltDepthSystem: activateClient: client 0 is activated.
02-20 20:06:15.055   859 14917 I [CT]    : MIXEDREALITY: MrRuntimeCompute: onStart: Notify that camera needs to be started.
02-20 20:06:15.055   859 14917 I [CT]    : MIXEDREALITY: MrRuntimeCompute: onStart: Resuming Stereo Pipeline.
02-20 20:06:15.055   859 14917 I [CT]    : MIXEDREALITY: MrRuntimeCompute: resumeStereoPipeline
02-20 20:06:15.055   859 14917 I [CT]    : MIXEDREALITY: StereoPipeline: StereoPipeline: resuming, paused clients: 'NONE'.
02-20 20:06:15.055   859 14917 W [CT]    : BOLTDEPTH: BoltDepthSystem: onResume: Noop since the depth system is already active. State: INITIALIZED
02-20 20:06:15.055   859 14917 I [CT]    : MIXEDREALITY: MrRuntimeCompute: Refreshing online calibration.
02-20 20:06:15.055   859 14917 I [CT]    : MIXEDREALITY: CalibrationRefresher: refreshOnlineCalibration: Reading high freq calibration
02-20 20:06:15.055   859 14917 I [CT]    : MIXEDREALITY: CalibrationRefresher: refreshOnlineCalibration: Reading high freq calibration [DONE]
02-20 20:06:15.055   859 14917 I [CT]    : MIXEDREALITY: CalibrationRefresher: refreshOnlineCalibration: found 4 cameras in high freq ocal.
02-20 20:06:15.057 22207 22238 E xrstreaming: no data for PI:13804, FI:15110
02-20 20:06:15.057 22207 22238 D xrstreaming: Frame 13816 decoded, delta in prediction time: -675388.888889ms
02-20 20:06:15.057 22207 22238 D xrstreaming: Glitches: 0, Mispredicts: 1, Deadline: -675383.94ms, Transmission:  3.78ms, Pipeline Prediction Delta MA:  0.43ms
02-20 20:06:15.057 22207 22238 D xrstreaming: Rectify: Frame using rectify meshId = 1001
02-20 20:06:15.058 22207 22238 W xrstreaming: App retrieved a 0-value for app GPU frametime on frame FI:19433: Substituting dummy value 4.000000ms
02-20 20:06:15.060 22207 22306 W REFLECT [RUNTIMEIPC]: UpdateServerStateValue name:'RigidBodyStates' buffer == nullptr
02-20 20:06:15.062   859 14917 I [CT]    : BOLTDEPTH: BoltDepthSystemOCalProvider: Online calibration being updated to version 3
02-20 20:06:15.062   859 14917 I [CT]    : MIXEDREALITY: StereoPipeline: updateOnlineCalibration: Refreshed online calibration, age 0.016666666666666666 minutes.
02-20 20:06:15.062   859 14917 I [CT]    : MIXEDREALITY: MrRuntimeCompute: refreshOnlineCalibration: Refreshed for stereo pipeline.
02-20 20:06:15.062   859 14917 I [CT]    : MIXEDREALITY: ServiceLogic: First capability using camera was resumed, switching cameras on.
02-20 20:06:15.062   859  3457 I [CT]    : BOLTDEPTH: StereoWarper: Init: I_W=319 I_H=239 O_W=240 O_H=320 THREADED=false ASYNC=false OWN_MEM=false RT=false BL=true CVP=false FP=true RF=true RFWG=false
02-20 20:06:15.063   859 14917 I [CT]    : MIXEDREALITY: PassthroughComputeCapability: MrChangePassthroughStatus
02-20 20:06:15.063   859 14917 I [CT]    : MIXEDREALITY: PassthroughComputeCapability: changeMode: kNone -> ImagesAndMesh.
02-20 20:06:15.063   859 14921 I [CT]    : MIXEDREALITY: ServiceLogic: sendMrEngine: Resume
02-20 20:06:15.063   859 14921 D MrSystemService: Mr Engine resume.
02-20 20:06:15.063  1754 14425 W CompositorClient: FrameTiming: firstDisplayVsync for client 27 (isPrimary=1) FrameIndex = 19429 is outrageously early 13705, base 7513, flushing
02-20 20:06:15.063 22207 22238 E xrstreaming: no data for PI:13805, FI:15111
02-20 20:06:15.064 22207 22238 I xrstreaming: Frame arrived 14437844.466115 after deadline, frame drop to prevent submit offset (forced:0)
02-20 20:06:15.064 22207 22238 E xrstreaming: no data for PI:13806, FI:15112
02-20 20:06:15.065 22207 22306 W REFLECT [RUNTIMEIPC]: UpdateServerStateValue name:'RigidBodyStates' buffer == nullptr
02-20 20:06:15.065  1754 14425 I CompositorProgs: loaded binary layerProgram 0:0x4050002:0x40000000 in 1.7 ms
02-20 20:06:15.069  1754 14425 I CompositorVR: SetSchedFifo( tid=22238, pol=3, pri=0 ) succeeded
02-20 20:06:15.069  1754 14425 I CompositorVR: SetSchedFifo( tid=14920, pol=3, pri=0 ) succeeded
02-20 20:06:15.070 22207 22306 W REFLECT [RUNTIMEIPC]: UpdateServerStateValue name:'RigidBodyStates' buffer == nullptr
02-20 20:06:15.071  1754 14425 W CompositorClient: FrameTiming: firstDisplayVsync for client 27 (isPrimary=1) FrameIndex = 19430 is outrageously early 13705, base 7514, flushing
02-20 20:06:15.073   748   748 I FrameSetDispatcher: [HEADSET] Client pid=859 (MrSSCamS): Client thread started
02-20 20:06:15.073   748   748 I CameraClientManager: [HEADSET] Added client (859)(MrSSCamS) - started clients: 4
02-20 20:06:15.075 22207 22306 W REFLECT [RUNTIMEIPC]: UpdateServerStateValue name:'RigidBodyStates' buffer == nullptr
02-20 20:06:15.076  1754  2958 I VrRuntimeServer: DisableCompositorClient: 0
02-20 20:06:15.076  1754  2958 I CompositorClientMgr: Disable client 0
02-20 20:06:15.076  1754  2958 I CompositorClientMgr: DisableClient: frame flush required: 1
02-20 20:06:15.077  1754 14425 W CompositorClient: FrameTiming: firstDisplayVsync for client 27 (isPrimary=1) FrameIndex = 19430 is outrageously early 13705, base 7514, flushing
02-20 20:06:15.078 14505 14505 W OVRLibrary: null cursor received for query content://com.oculus.ocms.library/apps/com.YourCompany.TemplateProject3
02-20 20:06:15.080 22207 22306 W REFLECT [RUNTIMEIPC]: UpdateServerStateValue name:'RigidBodyStates' buffer == nullptr
02-20 20:06:15.084  1754 14425 W CompositorClient: FrameTiming: firstDisplayVsync for client 27 (isPrimary=1) FrameIndex = 19430 is outrageously early 13705, base 7515, flushing
02-20 20:06:15.085  2980  3046 I GuardianSystem: [GuardianSystem::InitializeRuntimeEventHandlers] runtimeServiceSDKClient_.ForceShowGuardianEvent
02-20 20:06:15.085  2980  3046 I GuardianSystem: ForceShowGuardian: false, 0.00
02-20 20:06:15.085 22207 22306 W REFLECT [RUNTIMEIPC]: UpdateServerStateValue name:'RigidBodyStates' buffer == nullptr
02-20 20:06:15.089   859 14922 I [CT]    : MIXEDREALITY: ServiceLogic: Frame types for computation: HEADSET, rendering: HEADSET.
02-20 20:06:15.089   859 14922 I [CT]    : MIXEDREALITY: ServiceLogic: Thread mrss:camera had no tid assigned, now has TID: 14922
02-20 20:06:15.089   859 14922 I [CT]    : MIXEDREALITY: CoreAffinity: Successfully set cpu affinity for thread 14922 to prime gold (7)
02-20 20:06:15.089   859 14922 I [CT]    : MIXEDREALITY: CoreAffinity: Successfully set cpu affinity for thread 1253 to prime gold (7)
02-20 20:06:15.090  1057  1435 W ActivityManager: Package for pid 859: no process record found
02-20 20:06:15.090   870  1049 W TrackingService: attachClient: found client in attached list
02-20 20:06:15.091 22207 22306 W REFLECT [RUNTIMEIPC]: UpdateServerStateValue name:'RigidBodyStates' buffer == nullptr
02-20 20:06:15.091 22207 22306 W REFLECT [RUNTIMEIPC]: UpdateServerStateValue name:'AnchorStates' buffer == nullptr
02-20 20:06:15.091  1754 14425 W CompositorClient: FrameTiming: firstDisplayVsync for client 27 (isPrimary=1) FrameIndex = 19430 is outrageously early 13705, base 7515, flushing
02-20 20:06:15.091   870  1049 D TrackingService: getSharedMemory: /system/bin/mrsystemservice, HeadTracker
02-20 20:06:15.092   870  1049 W TrackingService: attachClient: found client in attached list
02-20 20:06:15.094   870  1049 D TrackingService: getSharedMemory: /system/bin/mrsystemservice, Controller
02-20 20:06:15.095   859  1253 I [CT]    : MIXEDREALITY: MrRuntimeCompute: computeIteration: (every 30 seconds). Playspace: OFF, Passthrough: ON, IntrusionDetection: OFF
02-20 20:06:15.095 14505 14505 W OVRLibrary: null cursor received for query content://com.oculus.ocms.library/apps/com.YourCompany.PrototypeV4
02-20 20:06:15.096 22207 22306 W REFLECT [RUNTIMEIPC]: UpdateServerStateValue name:'RigidBodyStates' buffer == nullptr
02-20 20:06:15.097 22207 22299 W xrstreaming: ThreadFunc(): gamepad haptics are not supported
02-20 20:06:15.098  1754 14425 W CompositorClient: FrameTiming: firstDisplayVsync for client 27 (isPrimary=1) FrameIndex = 19430 is outrageously early 13705, base 7516, flushing
02-20 20:06:15.099   859  1253 I [CT]    : Bolt:CVPUtilization: CVP DFS utilization: 0
02-20 20:06:15.099   859  1253 I [CT]    : Bolt:CVPUtilization: CVP runtime 1672us, frametime 619420689us
02-20 20:06:15.101   859  1253 I [CT]    : MIXEDREALITY: CapabilityTelemetry: Found a stat too old, resetting it.
02-20 20:06:15.101 22207 22306 W REFLECT [RUNTIMEIPC]: UpdateServerStateValue name:'RigidBodyStates' buffer == nullptr
02-20 20:06:15.101   859  1253 I [CT]    : MIXEDREALITY: PassthroughMesh: update: Clearing 0 previous mesh points (previous timestamp 0, current 15522.410088179).
02-20 20:06:15.105  1754 14425 W CompositorClient: FrameTiming: firstDisplayVsync for client 27 (isPrimary=1) FrameIndex = 19430 is outrageously early 13705, base 7516, flushing
02-20 20:06:15.106 22207 22306 W REFLECT [RUNTIMEIPC]: UpdateServerStateValue name:'RigidBodyStates' buffer == nullptr
02-20 20:06:15.111 22207 22306 W REFLECT [RUNTIMEIPC]: UpdateServerStateValue name:'RigidBodyStates' buffer == nullptr
02-20 20:06:15.112  1754 14425 W CompositorClient: FrameTiming: firstDisplayVsync for client 27 (isPrimary=1) FrameIndex = 19430 is outrageously early 13705, base 7517, flushing
02-20 20:06:15.114 14505 14505 W OVRLibrary: null cursor received for query content://com.oculus.ocms.library/apps/com.oculus.os.vrusb
02-20 20:06:15.116 22207 22306 W REFLECT [RUNTIMEIPC]: UpdateServerStateValue name:'RigidBodyStates' buffer == nullptr
02-20 20:06:15.119  1754 14425 W CompositorClient: FrameTiming: firstDisplayVsync for client 27 (isPrimary=1) FrameIndex = 19430 is outrageously early 13705, base 7517, flushing
02-20 20:06:15.121 22207 22306 W REFLECT [RUNTIMEIPC]: UpdateServerStateValue name:'RigidBodyStates' buffer == nullptr
02-20 20:06:15.121 22207 22306 W REFLECT [RUNTIMEIPC]: UpdateServerStateValue name:'AnchorStates' buffer == nullptr
02-20 20:06:15.126  1754 14425 W CompositorClient: FrameTiming: firstDisplayVsync for client 27 (isPrimary=1) FrameIndex = 19430 is outrageously early 13705, base 7518, flushing
02-20 20:06:15.126 22207 22306 W REFLECT [RUNTIMEIPC]: UpdateServerStateValue name:'RigidBodyStates' buffer == nullptr
02-20 20:06:15.131 22207 22306 W REFLECT [RUNTIMEIPC]: UpdateServerStateValue name:'RigidBodyStates' buffer == nullptr
02-20 20:06:15.133  1754 14425 W CompositorClient: FrameTiming: firstDisplayVsync for client 27 (isPrimary=1) FrameIndex = 19430 is outrageously early 13705, base 7518, flushing
02-20 20:06:15.137 22207 22306 W REFLECT [RUNTIMEIPC]: UpdateServerStateValue name:'RigidBodyStates' buffer == nullptr
02-20 20:06:15.140  1754 14425 W CompositorClient: FrameTiming: firstDisplayVsync for client 27 (isPrimary=1) FrameIndex = 19430 is outrageously early 13705, base 7519, flushing
02-20 20:06:15.142 22207 22306 W REFLECT [RUNTIMEIPC]: UpdateServerStateValue name:'RigidBodyStates' buffer == nullptr
02-20 20:06:15.147 22207 22306 W REFLECT [RUNTIMEIPC]: UpdateServerStateValue name:'RigidBodyStates' buffer == nullptr
02-20 20:06:15.147  1754 14425 W CompositorClient: FrameTiming: firstDisplayVsync for client 27 (isPrimary=1) FrameIndex = 19430 is outrageously early 13705, base 7519, flushing
02-20 20:06:15.147 22207 22358 I RuntimeIPCLinkThread [RUNTIMEIPC]: RuntimeIPCLinkThread: ipc_CallServerRPC2: 3737412529, 7
02-20 20:06:15.148 22207 22358 I RuntimeIPCLinkThread [RUNTIMEIPC]: RuntimeIPCLinkThread: ipc_CallServerRPC2 SUCCESS: 3737412529, 34
02-20 20:06:15.151 22207 22304 I xrstreaming: Toggling hands. enabled = 1
02-20 20:06:15.151 22207 22304 I ClientInputInterface: HANDTRACKING SetForceDisableHandsFromApp 0
02-20 20:06:15.152 22207 22306 W REFLECT [RUNTIMEIPC]: UpdateServerStateValue name:'RigidBodyStates' buffer == nullptr
02-20 20:06:15.152 22207 22306 W REFLECT [RUNTIMEIPC]: UpdateServerStateValue name:'AnchorStates' buffer == nullptr
02-20 20:06:15.154  1754 14425 W CompositorClient: FrameTiming: firstDisplayVsync for client 27 (isPrimary=1) FrameIndex = 19430 is outrageously early 13705, base 7520, flushing
02-20 20:06:15.157 22207 22306 W REFLECT [RUNTIMEIPC]: UpdateServerStateValue name:'RigidBodyStates' buffer == nullptr
02-20 20:06:15.161  1754 14425 W CompositorClient: FrameTiming: firstDisplayVsync for client 27 (isPrimary=1) FrameIndex = 19430 is outrageously early 13705, base 7520, flushing
02-20 20:06:15.162 22207 22306 W REFLECT [RUNTIMEIPC]: UpdateServerStateValue name:'RigidBodyStates' buffer == nullptr
02-20 20:06:15.167 22207 22306 W REFLECT [RUNTIMEIPC]: UpdateServerStateValue name:'RigidBodyStates' buffer == nullptr
02-20 20:06:15.167  1754 14425 W CompositorClient: FrameTiming: firstDisplayVsync for client 27 (isPrimary=1) FrameIndex = 19430 is outrageously early 13705, base 7521, flushing
02-20 20:06:15.172 22207 22306 W REFLECT [RUNTIMEIPC]: UpdateServerStateValue name:'RigidBodyStates' buffer == nullptr
02-20 20:06:15.175  1754 14425 W CompositorClient: FrameTiming: firstDisplayVsync for client 27 (isPrimary=1) FrameIndex = 19430 is outrageously early 13705, base 7521, flushing
02-20 20:06:15.177 22207 22299 V xrstreaming: ThreadFunc(): simple haptic: deviceType = 0 , deviceID = 536870915, amplitude = 0.000000
02-20 20:06:15.177 22207 22299 V xrstreaming: ThreadFunc(): simple haptic: deviceType = 1 , deviceID = 536870914, amplitude = 0.000000
02-20 20:06:15.177 22207 22306 W REFLECT [RUNTIMEIPC]: UpdateServerStateValue name:'RigidBodyStates' buffer == nullptr
02-20 20:06:15.178   736 14916 E soundtrigger: audio_extn_sound_trigger_update_ec_ref_status: st_dev NULL
02-20 20:06:15.178   736 14916 D audio_route: Apply path: echo-reference
02-20 20:06:15.178   736 14916 D msm8974_platform: platform_set_echo_reference: enabling echo-reference
02-20 20:06:15.178   736 14916 D audio_hw_utils: audio_extn_utils_send_app_type_cfg: usecase->in_snd_device handset-mic-aec-ns
02-20 20:06:15.178   736 14916 D msm8974_platform: platform_split_snd_device: snd_device(134) num devices(0) new_snd_devices(0)
02-20 20:06:15.179   736 14916 D audio_hw_utils: audio_extn_btsco_get_sample_rate:Not a BT SCO device, need not update sampling rate
02-20 20:06:15.179   736 14916 I audio_hw_utils: send_app_type_cfg_for_device CAPTURE app_type 69938, acdb_dev_id 4, sample_rate 32000, snd_device_be_idx 44
02-20 20:06:15.180  1754 14425 I CompositorVR: SetSchedFifo( tid=22238, pol=2, pri=0 ) succeeded
02-20 20:06:15.180  1754 14425 I CompositorVR: SetSchedFifo( tid=14920, pol=2, pri=0 ) succeeded
02-20 20:06:15.180   736 14916 D msm8974_platform: platform_split_snd_device: snd_device(134) num devices(1) new_snd_devices(0)
02-20 20:06:15.180   736 14916 D audio_hw_utils: audio_extn_btsco_get_sample_rate:Not a BT SCO device, need not update sampling rate
02-20 20:06:15.180   736 14916 D ACDB-LOADER: ACDB -> send_audio_cal, acdb_id = 4, path = 1, app id = 0x11132, sample rate = 32000, afe_sample_rate = 48000
02-20 20:06:15.180   736 14916 D ACDB-LOADER: ACDB -> send_asm_topology
02-20 20:06:15.180   736 14916 D ACDB-LOADER: ACDB -> ACDB_CMD_GET_AUDPROC_STREAM_TOPOLOGY_ID
02-20 20:06:15.180   736 14916 D ACDB-LOADER: ACDB -> send_adm_topology
02-20 20:06:15.180   736 14916 D ACDB-LOADER: ACDB -> ACDB_CMD_GET_AUDPROC_COMMON_TOPOLOGY_ID
02-20 20:06:15.180   736 14916 D ACDB-LOADER: ACDB -> send_audtable
02-20 20:06:15.180   736 14916 D ACDB-LOADER: ACDB -> ACDB_CMD_GET_AUDPROC_INSTANCE_COMMON_TABLE_SIZE
02-20 20:06:15.180   736 14916 D ACDB-LOADER: ACDB -> ACDB_CMD_GET_AUDPROC_INSTANCE_COMMON_TABLE
02-20 20:06:15.180   736 14916 D ACDB-LOADER: ACDB -> AUDIO_SET_AUDPROC_CAL cal_type[11] acdb_id[4] app_type[69938]
02-20 20:06:15.180   736 14916 D ACDB-LOADER: check_fnn_usecase_status: fnn usecase active 0
02-20 20:06:15.180   736 14916 D ACDB-LOADER: ACDB -> ACDB_CMD_GET_PERSISTENT_AUDPROC_INSTANCE_COMMON_TABLE_SIZE
02-20 20:06:15.180   736 14916 D         : [Data Manager]-> No data found
02-20 20:06:15.180   736 14916 D ACDB-LOADER: Error: ACDB_CMD_GET_PERSISTENT_AUDPROC_INSTANCE_COMMON_TABLE_SIZE returned -18
02-20 20:06:15.180   736 14916 D ACDB-LOADER: ACDB -> send_audproc_persist_table -18 
02-20 20:06:15.180   736 14916 D ACDB-LOADER: Error: Invalid Audproc persist size = -18
02-20 20:06:15.180   736 14916 D ACDB-LOADER: ACDB -> ACDB_CMD_GET_AUDPROC_INSTANCE_STREAM_TABLE_SIZE
02-20 20:06:15.180   736 14916 D ACDB-LOADER: ACDB -> send_audstrmtable
02-20 20:06:15.180   736 14916 D ACDB-LOADER: ACDB -> ACDB_CMD_GET_AUDPROC_INSTANCE_STREAM_TABLE
02-20 20:06:15.181   736 14916 D ACDB-LOADER: ACDB -> audstrm_cal->cal_type.cal_data.cal_size = 20
02-20 20:06:15.181   736 14916 D ACDB-LOADER: ACDB -> send_afe_topology
02-20 20:06:15.181   736 14916 D ACDB-LOADER: ACDB -> ACDB_CMD_GET_AFE_TOPOLOGY_ID
02-20 20:06:15.181   736 14916 D ACDB-LOADER: ACDB -> GET_AFE_TOPOLOGY_ID for adcd_id 4, Topology Id 112fb
02-20 20:06:15.181   736 14916 D ACDB-LOADER: ACDB -> send_afe_cal
02-20 20:06:15.181   736 14916 D ACDB-LOADER: ACDB -> ACDB_CMD_GET_AFE_INSTANCE_COMMON_TABLE_SIZE
02-20 20:06:15.181   736 14916 D         : Failed to fetch the lookup information of the device 00000004 
02-20 20:06:15.181   736 14916 D ACDB-LOADER: Error: ACDB_CMD_GET_AFE_INSTANCE_COMMON_TABLE_SIZE Returned = -19
02-20 20:06:15.181   736 14916 D ACDB-LOADER: ACDB -> ACDB_CMD_GET_AFE_INSTANCE_COMMON_TABLE
02-20 20:06:15.181   736 14916 D         : Failed to fetch the lookup information of the device 00000004 
02-20 20:06:15.181   736 14916 D ACDB-LOADER: Error: ACDB AFE returned = -19
02-20 20:06:15.181   736 14916 D ACDB-LOADER: ACDB -> AUDIO_SET_AFE_CAL cal_type[17] acdb_id[4]
02-20 20:06:15.181   736 14916 D ACDB-LOADER: ACDB -> send_hw_delay : acdb_id = 4 path = 1
02-20 20:06:15.181   736 14916 D ACDB-LOADER: ACDB -> ACDB_AVSYNC_INFO: ACDB_CMD_GET_DEVICE_PROPERTY
02-20 20:06:15.181   736 14916 I audio_hw_primary: enable_audio_route: apply mixer and update path: audio-record
02-20 20:06:15.181   736 14916 D audio_route: Apply path: audio-record
02-20 20:06:15.182  1754 14425 W CompositorClient: FrameTiming: firstDisplayVsync for client 27 (isPrimary=1) FrameIndex = 19430 is outrageously early 13705, base 7522, flushing
02-20 20:06:15.183 22207 22306 W REFLECT [RUNTIMEIPC]: UpdateServerStateValue name:'RigidBodyStates' buffer == nullptr
02-20 20:06:15.185   736 14916 D audio_hw_primary: select_devices: done
02-20 20:06:15.188 22207 22306 W REFLECT [RUNTIMEIPC]: UpdateServerStateValue name:'RigidBodyStates' buffer == nullptr
02-20 20:06:15.189  1754 14425 W CompositorClient: FrameTiming: firstDisplayVsync for client 27 (isPrimary=1) FrameIndex = 19430 is outrageously early 13705, base 7522, flushing
02-20 20:06:15.190 14505 14505 D [SUI] ActivityManagerUtilsHelper: onFocusedWindowChanged: Instance: com.oculus.common.activitymanager.ActivityManagerUtilsHelper@46be2d5, topWindowUid: 10033, focusedApp: com.oculus.xrstreamingclient, previousApp: com.YourCompany.TemplateProject3
02-20 20:06:15.193 22207 22306 W REFLECT [RUNTIMEIPC]: UpdateServerStateValue name:'RigidBodyStates' buffer == nullptr
02-20 20:06:15.195  1754 14425 W CompositorClient: FrameTiming: firstDisplayVsync for client 27 (isPrimary=1) FrameIndex = 19430 is outrageously early 13705, base 7523, flushing
02-20 20:06:15.198 22207 22306 W REFLECT [RUNTIMEIPC]: UpdateServerStateValue name:'RigidBodyStates' buffer == nullptr
02-20 20:06:15.199   736 14916 D audio_hw_primary: start_input_stream: exit
02-20 20:06:15.203  1754 14425 W CompositorClient: FrameTiming: firstDisplayVsync for client 27 (isPrimary=1) FrameIndex = 19430 is outrageously early 13705, base 7523, flushing
02-20 20:06:15.203 22207 22306 W REFLECT [RUNTIMEIPC]: UpdateServerStateValue name:'RigidBodyStates' buffer == nullptr
02-20 20:06:15.205 22207 22238 W VrApi   : ovr_SubmitFrameInternal: FrameIndex discontinuity: Expected 19434, Received 19435
02-20 20:06:15.205 22207 22238 E xrstreaming: no data for PI:13807, FI:15113
02-20 20:06:15.208  1754 14425 I CompositorVR: SetSchedFifo( tid=22238, pol=3, pri=0 ) succeeded
02-20 20:06:15.208  1754 14425 I CompositorVR: SetSchedFifo( tid=14920, pol=3, pri=0 ) succeeded
02-20 20:06:15.208 22207 22306 W REFLECT [RUNTIMEIPC]: UpdateServerStateValue name:'RigidBodyStates' buffer == nullptr
02-20 20:06:15.209  1754 14425 W CompositorClient: FrameTiming: firstDisplayVsync for client 27 (isPrimary=1) FrameIndex = 19431 is outrageously early 13705, base 7524, flushing
02-20 20:06:15.214 22207 22306 W REFLECT [RUNTIMEIPC]: UpdateServerStateValue name:'RigidBodyStates' buffer == nullptr
02-20 20:06:15.214 22207 22306 W REFLECT [RUNTIMEIPC]: UpdateServerStateValue name:'AnchorStates' buffer == nullptr
02-20 20:06:15.216  1754 14425 W CompositorClient: FrameTiming: firstDisplayVsync for client 27 (isPrimary=1) FrameIndex = 19431 is outrageously early 13705, base 7524, flushing
02-20 20:06:15.216 22207 22238 E xrstreaming: no data for PI:13808, FI:15115
02-20 20:06:15.216 14505 14926 W OVRLibrary: null cursor received for query content://com.oculus.ocms.library/apps/com.oculus.xrstreamingclient
02-20 20:06:15.216  1754 14425 W CompositorClient: FrameTiming: firstDisplayVsync for client 27 (isPrimary=1) FrameIndex = 19432 is outrageously early 13705, base 7524, flushing
02-20 20:06:15.219 22207 22306 W REFLECT [RUNTIMEIPC]: UpdateServerStateValue name:'RigidBodyStates' buffer == nullptr
02-20 20:06:15.219 14505 14927 W OVRLibrary: null cursor received for query content://com.oculus.ocms.library/apps/com.oculus.xrstreamingclient
02-20 20:06:15.223  1754 14425 W CompositorClient: FrameTiming: firstDisplayVsync for client 27 (isPrimary=1) FrameIndex = 19432 is outrageously early 13705, base 7525, flushing
02-20 20:06:15.224 22207 22306 W REFLECT [RUNTIMEIPC]: UpdateServerStateValue name:'RigidBodyStates' buffer == nullptr
02-20 20:06:15.229 22207 22306 W REFLECT [RUNTIMEIPC]: UpdateServerStateValue name:'RigidBodyStates' buffer == nullptr
02-20 20:06:15.230  1754 14425 W CompositorClient: FrameTiming: firstDisplayVsync for client 27 (isPrimary=1) FrameIndex = 19432 is outrageously early 13705, base 7525, flushing
02-20 20:06:15.234 22207 22306 W REFLECT [RUNTIMEIPC]: UpdateServerStateValue name:'RigidBodyStates' buffer == nullptr
02-20 20:06:15.237  1754 14425 W CompositorClient: FrameTiming: firstDisplayVsync for client 27 (isPrimary=1) FrameIndex = 19432 is outrageously early 13705, base 7526, flushing
02-20 20:06:15.239 22207 22306 W REFLECT [RUNTIMEIPC]: UpdateServerStateValue name:'RigidBodyStates' buffer == nullptr
02-20 20:06:15.244  1754 14425 W CompositorClient: FrameTiming: firstDisplayVsync for client 27 (isPrimary=1) FrameIndex = 19432 is outrageously early 13705, base 7526, flushing
02-20 20:06:15.244  1754 14425 W CompositorClient: FrameTiming: firstDisplayVsync for client 27 (isPrimary=1) FrameIndex = 19433 is outrageously early 13705, base 7526, flushing
02-20 20:06:15.244 22207 22306 W REFLECT [RUNTIMEIPC]: UpdateServerStateValue name:'RigidBodyStates' buffer == nullptr
02-20 20:06:15.244 22207 22306 W REFLECT [RUNTIMEIPC]: UpdateServerStateValue name:'AnchorStates' buffer == nullptr
02-20 20:06:15.249 22207 22306 W REFLECT [RUNTIMEIPC]: UpdateServerStateValue name:'RigidBodyStates' buffer == nullptr
02-20 20:06:15.251  1754 14425 W CompositorClient: FrameTiming: firstDisplayVsync for client 27 (isPrimary=1) FrameIndex = 19433 is outrageously early 13705, base 7527, flushing
02-20 20:06:15.255 22207 22306 W REFLECT [RUNTIMEIPC]: UpdateServerStateValue name:'RigidBodyStates' buffer == nullptr
02-20 20:06:15.258  1754 14425 W CompositorClient: FrameTiming: firstDisplayVsync for client 27 (isPrimary=1) FrameIndex = 19433 is outrageously early 13705, base 7527, flushing
02-20 20:06:15.258  1754 14425 W CompositorClient: FrameTiming: firstDisplayVsync for client 27 (isPrimary=1) FrameIndex = 19434 is outrageously early 13705, base 7527, flushing
02-20 20:06:15.260 22207 22306 W REFLECT [RUNTIMEIPC]: UpdateServerStateValue name:'RigidBodyStates' buffer == nullptr
02-20 20:06:15.265 22207 22306 W REFLECT [RUNTIMEIPC]: UpdateServerStateValue name:'RigidBodyStates' buffer == nullptr
02-20 20:06:15.265  1754 14425 W CompositorClient: FrameTiming: firstDisplayVsync for client 27 (isPrimary=1) FrameIndex = 19434 is outrageously early 13705, base 7528, flushing
02-20 20:06:15.270 22207 22306 W REFLECT [RUNTIMEIPC]: UpdateServerStateValue name:'RigidBodyStates' buffer == nullptr
02-20 20:06:15.271  1754 14425 W CompositorClient: FrameTiming: firstDisplayVsync for client 27 (isPrimary=1) FrameIndex = 19434 is outrageously early 13705, base 7528, flushing
02-20 20:06:15.272  1754 14425 W CompositorClient: FrameTiming: firstDisplayVsync for client 27 (isPrimary=1) FrameIndex = 19435 is outrageously early 13705, base 7528, flushing
02-20 20:06:15.275 22207 22306 W REFLECT [RUNTIMEIPC]: UpdateServerStateValue name:'RigidBodyStates' buffer == nullptr
02-20 20:06:15.275 22207 22306 W REFLECT [RUNTIMEIPC]: UpdateServerStateValue name:'AnchorStates' buffer == nullptr
02-20 20:06:15.279  1754 14425 W CompositorClient: FrameTiming: firstDisplayVsync for client 27 (isPrimary=1) FrameIndex = 19435 is outrageously early 13705, base 7529, flushing
02-20 20:06:15.280 22207 22306 W REFLECT [RUNTIMEIPC]: UpdateServerStateValue name:'RigidBodyStates' buffer == nullptr
02-20 20:06:15.285  1754 14425 W CompositorClient: FrameTiming: firstDisplayVsync for client 27 (isPrimary=1) FrameIndex = 19435 is outrageously early 13705, base 7529, flushing
02-20 20:06:15.285 22207 22306 W REFLECT [RUNTIMEIPC]: UpdateServerStateValue name:'RigidBodyStates' buffer == nullptr
02-20 20:06:15.286  1754 14425 W CompositorClient: FrameTiming: firstDisplayVsync for client 27 (isPrimary=1) FrameIndex = 19436 is outrageously early 13705, base 7529, flushing
02-20 20:06:15.290 22207 22306 W REFLECT [RUNTIMEIPC]: UpdateServerStateValue name:'RigidBodyStates' buffer == nullptr
02-20 20:06:15.293  1754 14425 W CompositorClient: FrameTiming: firstDisplayVsync for client 27 (isPrimary=1) FrameIndex = 19436 is outrageously early 13705, base 7530, flushing
02-20 20:06:15.296 22207 22306 W REFLECT [RUNTIMEIPC]: UpdateServerStateValue name:'RigidBodyStates' buffer == nullptr
02-20 20:06:15.299  1754 14425 W CompositorClient: FrameTiming: firstDisplayVsync for client 27 (isPrimary=1) FrameIndex = 19436 is outrageously early 13705, base 7530, flushing
02-20 20:06:15.300  1754 14425 W CompositorClient: FrameTiming: firstDisplayVsync for client 27 (isPrimary=1) FrameIndex = 19437 is outrageously early 13705, base 7530, flushing
02-20 20:06:15.301 22207 22306 W REFLECT [RUNTIMEIPC]: UpdateServerStateValue name:'RigidBodyStates' buffer == nullptr
02-20 20:06:15.306 22207 22306 W REFLECT [RUNTIMEIPC]: UpdateServerStateValue name:'RigidBodyStates' buffer == nullptr
02-20 20:06:15.307  1754 14425 W CompositorClient: FrameTiming: firstDisplayVsync for client 27 (isPrimary=1) FrameIndex = 19437 is outrageously early 13705, base 7531, flushing
02-20 20:06:15.311 22207 22306 W REFLECT [RUNTIMEIPC]: UpdateServerStateValue name:'RigidBodyStates' buffer == nullptr
02-20 20:06:15.313  1754 14425 W CompositorClient: FrameTiming: firstDisplayVsync for client 27 (isPrimary=1) FrameIndex = 19437 is outrageously early 13705, base 7531, flushing
02-20 20:06:15.314  1754 14425 W CompositorClient: FrameTiming: firstDisplayVsync for client 27 (isPrimary=1) FrameIndex = 19438 is outrageously early 13705, base 7531, flushing
02-20 20:06:15.316 22207 22306 W REFLECT [RUNTIMEIPC]: UpdateServerStateValue name:'RigidBodyStates' buffer == nullptr
02-20 20:06:15.321  1754 14425 W CompositorClient: FrameTiming: firstDisplayVsync for client 27 (isPrimary=1) FrameIndex = 19438 is outrageously early 13705, base 7532, flushing
02-20 20:06:15.321 22207 22306 W REFLECT [RUNTIMEIPC]: UpdateServerStateValue name:'RigidBodyStates' buffer == nullptr
02-20 20:06:15.326 22207 22306 W REFLECT [RUNTIMEIPC]: UpdateServerStateValue name:'RigidBodyStates' buffer == nullptr
02-20 20:06:15.327  1754 14425 W CompositorClient: FrameTiming: firstDisplayVsync for client 27 (isPrimary=1) FrameIndex = 19438 is outrageously early 13705, base 7532, flushing
02-20 20:06:15.328  1754 14425 W CompositorClient: FrameTiming: firstDisplayVsync for client 27 (isPrimary=1) FrameIndex = 19439 is outrageously early 13705, base 7532, flushing
02-20 20:06:15.329   859  1253 I [CT]    : BOLTDEPTH: CvpDisparityPipelineCommon: Warper has been successfully updated with online calibration.
02-20 20:06:15.331 22207 22306 W REFLECT [RUNTIMEIPC]: UpdateServerStateValue name:'RigidBodyStates' buffer == nullptr
02-20 20:06:15.335  1754 14425 W CompositorClient: FrameTiming: firstDisplayVsync for client 27 (isPrimary=1) FrameIndex = 19439 is outrageously early 13705, base 7533, flushing
02-20 20:06:15.337 22207 22306 W REFLECT [RUNTIMEIPC]: UpdateServerStateValue name:'RigidBodyStates' buffer == nullptr
02-20 20:06:15.337 22207 22306 W REFLECT [RUNTIMEIPC]: UpdateServerStateValue name:'AnchorStates' buffer == nullptr
02-20 20:06:15.341  1754 14425 W CompositorClient: FrameTiming: firstDisplayVsync for client 27 (isPrimary=1) FrameIndex = 19439 is outrageously early 13705, base 7533, flushing
02-20 20:06:15.342 22207 22306 W REFLECT [RUNTIMEIPC]: UpdateServerStateValue name:'RigidBodyStates' buffer == nullptr
02-20 20:06:15.342  1754 14425 W CompositorClient: FrameTiming: firstDisplayVsync for client 27 (isPrimary=1) FrameIndex = 19440 is outrageously early 13705, base 7533, flushing
02-20 20:06:15.347 22207 22306 W REFLECT [RUNTIMEIPC]: UpdateServerStateValue name:'RigidBodyStates' buffer == nullptr
02-20 20:06:15.349  1754 14425 W CompositorClient: FrameTiming: firstDisplayVsync for client 27 (isPrimary=1) FrameIndex = 19440 is outrageously early 13705, base 7534, flushing
02-20 20:06:15.352 22207 22306 W REFLECT [RUNTIMEIPC]: UpdateServerStateValue name:'RigidBodyStates' buffer == nullptr
02-20 20:06:15.355  1754 14425 W CompositorClient: FrameTiming: firstDisplayVsync for client 27 (isPrimary=1) FrameIndex = 19440 is outrageously early 13705, base 7534, flushing
02-20 20:06:15.356  1754 14425 W CompositorClient: FrameTiming: firstDisplayVsync for client 27 (isPrimary=1) FrameIndex = 19441 is outrageously early 13705, base 7534, flushing
02-20 20:06:15.357 22207 22306 W REFLECT [RUNTIMEIPC]: UpdateServerStateValue name:'RigidBodyStates' buffer == nullptr
02-20 20:06:15.362 22207 22306 W REFLECT [RUNTIMEIPC]: UpdateServerStateValue name:'RigidBodyStates' buffer == nullptr
02-20 20:06:15.362  1754 14425 W CompositorClient: FrameTiming: firstDisplayVsync for client 27 (isPrimary=1) FrameIndex = 19441 is outrageously early 13705, base 7535, flushing
02-20 20:06:15.367 22207 22306 W REFLECT [RUNTIMEIPC]: UpdateServerStateValue name:'RigidBodyStates' buffer == nullptr
02-20 20:06:15.367 22207 22306 W REFLECT [RUNTIMEIPC]: UpdateServerStateValue name:'AnchorStates' buffer == nullptr
02-20 20:06:15.369  1754 14425 W CompositorClient: FrameTiming: firstDisplayVsync for client 27 (isPrimary=1) FrameIndex = 19441 is outrageously early 13705, base 7535, flushing
02-20 20:06:15.370  1754 14425 W CompositorClient: FrameTiming: firstDisplayVsync for client 27 (isPrimary=1) FrameIndex = 19442 is outrageously early 13705, base 7535, flushing
02-20 20:06:15.371  1909  2367 W DeviceConfigUtil: Try to get config param "oculus_shared_social:oculus_messenger_reauth_removal" before Device Config has subscribed to the service.
02-20 20:06:15.372 22207 22306 W REFLECT [RUNTIMEIPC]: UpdateServerStateValue name:'RigidBodyStates' buffer == nullptr
02-20 20:06:15.377  1754 14425 W CompositorClient: FrameTiming: firstDisplayVsync for client 27 (isPrimary=1) FrameIndex = 19442 is outrageously early 13705, base 7536, flushing
02-20 20:06:15.378 22207 22306 W REFLECT [RUNTIMEIPC]: UpdateServerStateValue name:'RigidBodyStates' buffer == nullptr
02-20 20:06:15.383 22207 22306 W REFLECT [RUNTIMEIPC]: UpdateServerStateValue name:'RigidBodyStates' buffer == nullptr
02-20 20:06:15.383  1754 14425 W CompositorClient: FrameTiming: firstDisplayVsync for client 27 (isPrimary=1) FrameIndex = 19442 is outrageously early 13705, base 7536, flushing
02-20 20:06:15.384  1754 14425 W CompositorClient: FrameTiming: firstDisplayVsync for client 27 (isPrimary=1) FrameIndex = 19443 is outrageously early 13705, base 7536, flushing
02-20 20:06:15.388 22207 22306 W REFLECT [RUNTIMEIPC]: UpdateServerStateValue name:'RigidBodyStates' buffer == nullptr
02-20 20:06:15.390  1754 14425 W CompositorClient: FrameTiming: firstDisplayVsync for client 27 (isPrimary=1) FrameIndex = 19443 is outrageously early 13705, base 7537, flushing
02-20 20:06:15.393 22207 22306 W REFLECT [RUNTIMEIPC]: UpdateServerStateValue name:'RigidBodyStates' buffer == nullptr
02-20 20:06:15.397  1754 14425 W CompositorClient: FrameTiming: firstDisplayVsync for client 27 (isPrimary=1) FrameIndex = 19443 is outrageously early 13705, base 7537, flushing
02-20 20:06:15.397  1754 14425 W CompositorClient: FrameTiming: firstDisplayVsync for client 27 (isPrimary=1) FrameIndex = 19444 is outrageously early 13705, base 7537, flushing
02-20 20:06:15.398 22207 22306 W REFLECT [RUNTIMEIPC]: UpdateServerStateValue name:'RigidBodyStates' buffer == nullptr
02-20 20:06:15.398 22207 22306 W REFLECT [RUNTIMEIPC]: UpdateServerStateValue name:'AnchorStates' buffer == nullptr
02-20 20:06:15.403 22207 22306 W REFLECT [RUNTIMEIPC]: UpdateServerStateValue name:'RigidBodyStates' buffer == nullptr
02-20 20:06:15.404  1754 14425 W CompositorClient: FrameTiming: firstDisplayVsync for client 27 (isPrimary=1) FrameIndex = 19444 is outrageously early 13705, base 7538, flushing
02-20 20:06:15.408 22207 22306 W REFLECT [RUNTIMEIPC]: UpdateServerStateValue name:'RigidBodyStates' buffer == nullptr
02-20 20:06:15.411  1754 14425 W CompositorClient: FrameTiming: firstDisplayVsync for client 27 (isPrimary=1) FrameIndex = 19444 is outrageously early 13705, base 7538, flushing
02-20 20:06:15.411  1754 14425 W CompositorClient: FrameTiming: firstDisplayVsync for client 27 (isPrimary=1) FrameIndex = 19445 is outrageously early 13705, base 7538, flushing
02-20 20:06:15.414 22207 22306 W REFLECT [RUNTIMEIPC]: UpdateServerStateValue name:'RigidBodyStates' buffer == nullptr
02-20 20:06:15.418  1754 14425 W CompositorClient: FrameTiming: firstDisplayVsync for client 27 (isPrimary=1) FrameIndex = 19445 is outrageously early 13705, base 7539, flushing
02-20 20:06:15.419 22207 22306 W REFLECT [RUNTIMEIPC]: UpdateServerStateValue name:'RigidBodyStates' buffer == nullptr
02-20 20:06:15.424 22207 22306 W REFLECT [RUNTIMEIPC]: UpdateServerStateValue name:'RigidBodyStates' buffer == nullptr
02-20 20:06:15.425  1754 14425 W CompositorClient: FrameTiming: firstDisplayVsync for client 27 (isPrimary=1) FrameIndex = 19445 is outrageously early 13705, base 7539, flushing
02-20 20:06:15.425  1754 14425 W CompositorClient: FrameTiming: firstDisplayVsync for client 27 (isPrimary=1) FrameIndex = 19446 is outrageously early 13705, base 7539, flushing
02-20 20:06:15.426   870 14453 I [CT]    : VIPER: Mode=SuperVega,Status=6DoF,TRACKING,Inl=25,Mem=73.6,Jit=0.2mm,Issues(Cam/min=0.0,IMU/min=0.0),Exp=(14.0ms,g=15.0,I=48,Ir=231.1)(13.4ms,g=15.0,I=98,Ir=487.3)(13.4ms,g=15.0,I=117,Ir=583.3)(10.0ms,g=12.0,I=74,Ir=625.2)
02-20 20:06:15.427   870 14453 W [CT]    : VIPER: Environment trending to dark, 
02-20 20:06:15.429 22207 22306 W REFLECT [RUNTIMEIPC]: UpdateServerStateValue name:'RigidBodyStates' buffer == nullptr
02-20 20:06:15.429 22207 22306 W REFLECT [RUNTIMEIPC]: UpdateServerStateValue name:'AnchorStates' buffer == nullptr
02-20 20:06:15.432  1754 14425 W CompositorClient: FrameTiming: firstDisplayVsync for client 27 (isPrimary=1) FrameIndex = 19446 is outrageously early 13705, base 7540, flushing
02-20 20:06:15.434 22207 22306 W REFLECT [RUNTIMEIPC]: UpdateServerStateValue name:'RigidBodyStates' buffer == nullptr
02-20 20:06:15.438  1754 14425 W CompositorClient: FrameTiming: firstDisplayVsync for client 27 (isPrimary=1) FrameIndex = 19446 is outrageously early 13705, base 7540, flushing
02-20 20:06:15.439 22207 22306 W REFLECT [RUNTIMEIPC]: UpdateServerStateValue name:'RigidBodyStates' buffer == nullptr
02-20 20:06:15.439  1754 14425 W CompositorClient: FrameTiming: firstDisplayVsync for client 27 (isPrimary=1) FrameIndex = 19447 is outrageously early 13705, base 7540, flushing
02-20 20:06:15.444 22207 22306 W REFLECT [RUNTIMEIPC]: UpdateServerStateValue name:'RigidBodyStates' buffer == nullptr
02-20 20:06:15.446  1754 14425 W CompositorClient: FrameTiming: firstDisplayVsync for client 27 (isPrimary=1) FrameIndex = 19447 is outrageously early 13705, base 7541, flushing
02-20 20:06:15.449 22207 22306 W REFLECT [RUNTIMEIPC]: UpdateServerStateValue name:'RigidBodyStates' buffer == nullptr
02-20 20:06:15.452  1754 14425 W CompositorClient: FrameTiming: firstDisplayVsync for client 27 (isPrimary=1) FrameIndex = 19447 is outrageously early 13705, base 7541, flushing
02-20 20:06:15.453  1754 14425 W CompositorClient: FrameTiming: firstDisplayVsync for client 27 (isPrimary=1) FrameIndex = 19448 is outrageously early 13705, base 7541, flushing
02-20 20:06:15.454 22207 22306 W REFLECT [RUNTIMEIPC]: UpdateServerStateValue name:'RigidBodyStates' buffer == nullptr
02-20 20:06:15.460 22207 22306 W REFLECT [RUNTIMEIPC]: UpdateServerStateValue name:'RigidBodyStates' buffer == nullptr
02-20 20:06:15.460  1754 14425 W CompositorClient: FrameTiming: firstDisplayVsync for client 27 (isPrimary=1) FrameIndex = 19448 is outrageously early 13705, base 7542, flushing
02-20 20:06:15.465 22207 22306 W REFLECT [RUNTIMEIPC]: UpdateServerStateValue name:'RigidBodyStates' buffer == nullptr
02-20 20:06:15.466  1754 14425 W CompositorClient: FrameTiming: firstDisplayVsync for client 27 (isPrimary=1) FrameIndex = 19448 is outrageously early 13705, base 7542, flushing
02-20 20:06:15.467  1754 14425 W CompositorClient: FrameTiming: firstDisplayVsync for client 27 (isPrimary=1) FrameIndex = 19449 is outrageously early 13705, base 7542, flushing
02-20 20:06:15.470 22207 22306 W REFLECT [RUNTIMEIPC]: UpdateServerStateValue name:'RigidBodyStates' buffer == nullptr
02-20 20:06:15.474  1754 14425 W CompositorClient: FrameTiming: firstDisplayVsync for client 27 (isPrimary=1) FrameIndex = 19449 is outrageously early 13705, base 7543, flushing
02-20 20:06:15.475 22207 22306 W REFLECT [RUNTIMEIPC]: UpdateServerStateValue name:'RigidBodyStates' buffer == nullptr
02-20 20:06:15.480 22207 22306 W REFLECT [RUNTIMEIPC]: UpdateServerStateValue name:'RigidBodyStates' buffer == nullptr
02-20 20:06:15.480  1754 14425 W CompositorClient: FrameTiming: firstDisplayVsync for client 27 (isPrimary=1) FrameIndex = 19449 is outrageously early 13705, base 7543, flushing
02-20 20:06:15.481  1754 14425 W CompositorClient: FrameTiming: firstDisplayVsync for client 27 (isPrimary=1) FrameIndex = 19450 is outrageously early 13705, base 7543, flushing
02-20 20:06:15.485 22207 22306 W REFLECT [RUNTIMEIPC]: UpdateServerStateValue name:'RigidBodyStates' buffer == nullptr
02-20 20:06:15.488  1754 14425 W CompositorClient: FrameTiming: firstDisplayVsync for client 27 (isPrimary=1) FrameIndex = 19450 is outrageously early 13705, base 7544, flushing
02-20 20:06:15.490 22207 22306 W REFLECT [RUNTIMEIPC]: UpdateServerStateValue name:'RigidBodyStates' buffer == nullptr
02-20 20:06:15.490 22207 22306 W REFLECT [RUNTIMEIPC]: UpdateServerStateValue name:'AnchorStates' buffer == nullptr
02-20 20:06:15.494  1754 14425 W CompositorClient: FrameTiming: firstDisplayVsync for client 27 (isPrimary=1) FrameIndex = 19450 is outrageously early 13705, base 7544, flushing
02-20 20:06:15.495  1754 14425 W CompositorClient: FrameTiming: firstDisplayVsync for client 27 (isPrimary=1) FrameIndex = 19451 is outrageously early 13705, base 7544, flushing
02-20 20:06:15.496 22207 22306 W REFLECT [RUNTIMEIPC]: UpdateServerStateValue name:'RigidBodyStates' buffer == nullptr
02-20 20:06:15.501 22207 22306 W REFLECT [RUNTIMEIPC]: UpdateServerStateValue name:'RigidBodyStates' buffer == nullptr
02-20 20:06:15.502  1754 14425 W CompositorClient: FrameTiming: firstDisplayVsync for client 27 (isPrimary=1) FrameIndex = 19451 is outrageously early 13705, base 7545, flushing
02-20 20:06:15.506 22207 22306 W REFLECT [RUNTIMEIPC]: UpdateServerStateValue name:'RigidBodyStates' buffer == nullptr
02-20 20:06:15.508  1754 14425 W CompositorClient: FrameTiming: firstDisplayVsync for client 27 (isPrimary=1) FrameIndex = 19451 is outrageously early 13705, base 7545, flushing
02-20 20:06:15.509  1754 14425 W CompositorClient: FrameTiming: firstDisplayVsync for client 27 (isPrimary=1) FrameIndex = 19452 is outrageously early 13705, base 7545, flushing
02-20 20:06:15.511 22207 22306 W REFLECT [RUNTIMEIPC]: UpdateServerStateValue name:'RigidBodyStates' buffer == nullptr
02-20 20:06:15.516  1754 14425 W CompositorClient: FrameTiming: firstDisplayVsync for client 27 (isPrimary=1) FrameIndex = 19452 is outrageously early 13705, base 7546, flushing
02-20 20:06:15.516 22207 22306 W REFLECT [RUNTIMEIPC]: UpdateServerStateValue name:'RigidBodyStates' buffer == nullptr
02-20 20:06:15.521 22207 22306 W REFLECT [RUNTIMEIPC]: UpdateServerStateValue name:'RigidBodyStates' buffer == nullptr
02-20 20:06:15.521 22207 22306 W REFLECT [RUNTIMEIPC]: UpdateServerStateValue name:'AnchorStates' buffer == nullptr
02-20 20:06:15.522  1754 14425 W CompositorClient: FrameTiming: firstDisplayVsync for client 27 (isPrimary=1) FrameIndex = 19452 is outrageously early 13705, base 7546, flushing
02-20 20:06:15.523  1754 14425 W CompositorClient: FrameTiming: firstDisplayVsync for client 27 (isPrimary=1) FrameIndex = 19453 is outrageously early 13705, base 7546, flushing
02-20 20:06:15.526 22207 22306 W REFLECT [RUNTIMEIPC]: UpdateServerStateValue name:'RigidBodyStates' buffer == nullptr
02-20 20:06:15.530  1754 14425 W CompositorClient: FrameTiming: firstDisplayVsync for client 27 (isPrimary=1) FrameIndex = 19453 is outrageously early 13705, base 7547, flushing
02-20 20:06:15.531 22207 22306 W REFLECT [RUNTIMEIPC]: UpdateServerStateValue name:'RigidBodyStates' buffer == nullptr
02-20 20:06:15.536  1754 14425 W CompositorClient: FrameTiming: firstDisplayVsync for client 27 (isPrimary=1) FrameIndex = 19453 is outrageously early 13705, base 7547, flushing
02-20 20:06:15.536 22207 22306 W REFLECT [RUNTIMEIPC]: UpdateServerStateValue name:'RigidBodyStates' buffer == nullptr
02-20 20:06:15.537  1754 14425 W CompositorClient: FrameTiming: firstDisplayVsync for client 27 (isPrimary=1) FrameIndex = 19454 is outrageously early 13705, base 7547, flushing
02-20 20:06:15.539   824  1175 I crash-uploader: Crash uploaded from /data/misc/crashes//8ec4c793-ea4f-4a84-847b-303f3165a775_com.YourCompany.TemplateProject3_2023-02-20_20-06-10-561058.crash.meta to https://b-www.facebook.com/mobile/reliability_event_log_upload/
02-20 20:06:15.542 22207 22306 W REFLECT [RUNTIMEIPC]: UpdateServerStateValue name:'RigidBodyStates' buffer == nullptr
02-20 20:06:15.544  1754 14425 W CompositorClient: FrameTiming: firstDisplayVsync for client 27 (isPrimary=1) FrameIndex = 19454 is outrageously early 13705, base 7548, flushing
02-20 20:06:15.547 22207 22306 W REFLECT [RUNTIMEIPC]: UpdateServerStateValue name:'RigidBodyStates' buffer == nullptr
02-20 20:06:15.550  1754 14425 W CompositorClient: FrameTiming: firstDisplayVsync for client 27 (isPrimary=1) FrameIndex = 19454 is outrageously early 13705, base 7548, flushing
02-20 20:06:15.551  1754 14425 W CompositorClient: FrameTiming: firstDisplayVsync for client 27 (isPrimary=1) FrameIndex = 19455 is outrageously early 13705, base 7548, flushing
02-20 20:06:15.552 22207 22306 W REFLECT [RUNTIMEIPC]: UpdateServerStateValue name:'RigidBodyStates' buffer == nullptr
02-20 20:06:15.552 22207 22306 W REFLECT [RUNTIMEIPC]: UpdateServerStateValue name:'AnchorStates' buffer == nullptr
02-20 20:06:15.557 22207 22306 W REFLECT [RUNTIMEIPC]: UpdateServerStateValue name:'RigidBodyStates' buffer == nullptr
02-20 20:06:15.557  1754 14425 W CompositorClient: FrameTiming: firstDisplayVsync for client 27 (isPrimary=1) FrameIndex = 19455 is outrageously early 13705, base 7549, flushing
02-20 20:06:15.562 22207 22306 W REFLECT [RUNTIMEIPC]: UpdateServerStateValue name:'RigidBodyStates' buffer == nullptr
02-20 20:06:15.564  1754 14425 W CompositorClient: FrameTiming: firstDisplayVsync for client 27 (isPrimary=1) FrameIndex = 19455 is outrageously early 13705, base 7549, flushing
02-20 20:06:15.565  1754 14425 W CompositorClient: FrameTiming: firstDisplayVsync for client 27 (isPrimary=1) FrameIndex = 19456 is outrageously early 13705, base 7549, flushing
02-20 20:06:15.567 22207 22306 W REFLECT [RUNTIMEIPC]: UpdateServerStateValue name:'RigidBodyStates' buffer == nullptr
02-20 20:06:15.572  1754 14425 W CompositorClient: FrameTiming: firstDisplayVsync for client 27 (isPrimary=1) FrameIndex = 19456 is outrageously early 13705, base 7550, flushing
02-20 20:06:15.572 22207 22306 W REFLECT [RUNTIMEIPC]: UpdateServerStateValue name:'RigidBodyStates' buffer == nullptr
02-20 20:06:15.578 22207 22306 W REFLECT [RUNTIMEIPC]: UpdateServerStateValue name:'RigidBodyStates' buffer == nullptr
02-20 20:06:15.578  1754 14425 W CompositorClient: FrameTiming: firstDisplayVsync for client 27 (isPrimary=1) FrameIndex = 19456 is outrageously early 13705, base 7550, flushing
02-20 20:06:15.578  1754 14425 W CompositorClient: FrameTiming: firstDisplayVsync for client 27 (isPrimary=1) FrameIndex = 19457 is outrageously early 13705, base 7550, flushing
02-20 20:06:15.583 22207 22306 W REFLECT [RUNTIMEIPC]: UpdateServerStateValue name:'RigidBodyStates' buffer == nullptr
02-20 20:06:15.585  1754 14425 W CompositorClient: FrameTiming: firstDisplayVsync for client 27 (isPrimary=1) FrameIndex = 19457 is outrageously early 13705, base 7551, flushing
02-20 20:06:15.588 22207 22306 W REFLECT [RUNTIMEIPC]: UpdateServerStateValue name:'RigidBodyStates' buffer == nullptr
02-20 20:06:15.592  1754 14425 W CompositorClient: FrameTiming: firstDisplayVsync for client 27 (isPrimary=1) FrameIndex = 19457 is outrageously early 13705, base 7551, flushing
02-20 20:06:15.592  1754 14425 W CompositorClient: FrameTiming: firstDisplayVsync for client 27 (isPrimary=1) FrameIndex = 19458 is outrageously early 13705, base 7551, flushing
02-20 20:06:15.593 22207 22306 W REFLECT [RUNTIMEIPC]: UpdateServerStateValue name:'RigidBodyStates' buffer == nullptr
02-20 20:06:15.598 22207 22306 W REFLECT [RUNTIMEIPC]: UpdateServerStateValue name:'RigidBodyStates' buffer == nullptr
02-20 20:06:15.599  1754 14425 W CompositorClient: FrameTiming: firstDisplayVsync for client 27 (isPrimary=1) FrameIndex = 19458 is outrageously early 13705, base 7552, flushing
02-20 20:06:15.603 22207 22306 W REFLECT [RUNTIMEIPC]: UpdateServerStateValue name:'RigidBodyStates' buffer == nullptr
02-20 20:06:15.606  1754 14425 W CompositorClient: FrameTiming: firstDisplayVsync for client 27 (isPrimary=1) FrameIndex = 19458 is outrageously early 13705, base 7552, flushing
02-20 20:06:15.606  1754 14425 W CompositorClient: FrameTiming: firstDisplayVsync for client 27 (isPrimary=1) FrameIndex = 19459 is outrageously early 13705, base 7552, flushing
02-20 20:06:15.608 22207 22306 W REFLECT [RUNTIMEIPC]: UpdateServerStateValue name:'RigidBodyStates' buffer == nullptr
02-20 20:06:15.613  1754 14425 W CompositorClient: FrameTiming: firstDisplayVsync for client 27 (isPrimary=1) FrameIndex = 19459 is outrageously early 13705, base 7553, flushing
02-20 20:06:15.613 22207 22306 W REFLECT [RUNTIMEIPC]: UpdateServerStateValue name:'RigidBodyStates' buffer == nullptr
02-20 20:06:15.613 22207 22306 W REFLECT [RUNTIMEIPC]: UpdateServerStateValue name:'AnchorStates' buffer == nullptr
02-20 20:06:15.619 22207 22306 W REFLECT [RUNTIMEIPC]: UpdateServerStateValue name:'RigidBodyStates' buffer == nullptr
02-20 20:06:15.619  1754 14425 W CompositorClient: FrameTiming: firstDisplayVsync for client 27 (isPrimary=1) FrameIndex = 19459 is outrageously early 13705, base 7553, flushing
02-20 20:06:15.620  1754 14425 W CompositorClient: FrameTiming: firstDisplayVsync for client 27 (isPrimary=1) FrameIndex = 19460 is outrageously early 13705, base 7553, flushing
02-20 20:06:15.624 22207 22306 W REFLECT [RUNTIMEIPC]: UpdateServerStateValue name:'RigidBodyStates' buffer == nullptr
