11-04 21:44:18.797  1949  3099 I ServiceInputManager: HOME BUTTON shared state changed:  hardware ID 8255491334081631447  UpdateCount: 4 
11-04 21:44:18.797  1949  3099 I RecenterTimer: UpdateTimerData(-1.00 -1.00)
11-04 21:44:18.881  1949  3099 E TREX    : Interface version 1 was not found. Check debug build for more information.
11-04 21:44:18.978   847 14654 I [CT]    : VIPER: Mode=SuperVega,Status=6DoF,TRACKING,Inl=23,Mem=75.0,Jit=0.2mm,Issues(Cam/min=0.0,IMU/min=0.0),Exp=(14.0ms,g=15.0,I=56,Ir=269.0)(14.0ms,g=15.0,I=75,Ir=358.9)(14.0ms,g=15.0,I=78,Ir=372.9)(14.0ms,g=15.0,I=65,Ir=313.7)
11-04 21:44:18.978   847 14654 W [CT]    : VIPER: Images too dark, 
11-04 21:44:19.005 14519 14787 I VrApi   : FPS=72/72,Prd=59ms,Tear=0,Early=72,Stale=0,VSnc=1,Lat=1,Fov=0,CPU4/GPU=2/3,1171/490MHz,OC=FF,TA=0/70/70,SP=N/F/F,Mem=1804MHz,Free=3312MB,PLS=0,Temp=31.7C/0.0C,TW=1.69ms,App=2.46ms,GD=0.12ms,CPU&GPU=5.15ms,LCnt=2(DR0,LM2),GPU%=0.33,CPU%=0.32(W0.35),DSF=1.00,CFL=19.64/21.70
11-04 21:44:19.048  1949  3099 I ServiceInputManager: short system button press 8569.932243
11-04 21:44:19.048  1949  3099 I ServiceInputManager: system event from short press 8569.932243
11-04 21:44:19.048  1949  3099 I ServiceInputManager: ServiceInputManager::FireSystemButtonEvent queueing launch intent from service
11-04 21:44:19.048  1949  3099 I ServiceInputManager: ServiceInputManager::FireSystemButtonEvent 'com.YourCompany.TemplateProject3' Transition Type: 1
11-04 21:44:19.048  1949  3099 I RecenterTimer: UpdateTimerData(-1.00 -1.00)
11-04 21:44:19.062  1949  3099 I ServiceInputManager: ServiceInputManager::ProcessSystemButtonEvent launching intent from service 'com.YourCompany.TemplateProject3' 1
11-04 21:44:19.062  1949  3099 I ServiceInputManager: ServiceInputManager::ProcessSystemButtonEvent transitioning with a memory of the app name
11-04 21:44:19.062  1949  3099 I SystemUtils_Internal: ovrSystemUtils::StartAnytimeUI: confirmQuit
11-04 21:44:19.062  1949  3099 D SystemUtils: sendBroadcastIntent - action: 'com.oculus.vrshell.intent.action.LAUNCH' data: 'systemux://dialog/exit'intent_pkg: com.YourCompany.TemplateProject3
11-04 21:44:19.063  1949  3099 D SystemUtils: VR Shell isn't running.
11-04 21:44:19.075  2310  3131 I chatty  : uid=10020(com.oculus.vrshell) ShellOverlayVR expire 188 lines
11-04 21:44:19.083  2310  2310 I chatty  : uid=10020(com.oculus.vrshell) ShellOverlayMai expire 20 lines
11-04 21:44:19.096  2310 14841 I chatty  : uid=10020(com.oculus.vrshell) ShellOverlayMai expire 5 lines
11-04 21:44:19.096  1043  6194 E WindowManager: App trying to use insecure INPUT_FEATURE_NO_INPUT_CHANNEL flag. Ignoring
11-04 21:44:19.098   839  3185 E CalibrationProvider: loadCalibration(LDISP_SN) failed: Calibration store didn't load any info
11-04 21:44:19.101  1949  1949 I ClientMgr: FocusedWindowChanged: found matching overlay client: 279945735
11-04 21:44:19.101  1949  1949 I ClientMgr: FocusedClient changed.
11-04 21:44:19.101  1949  1949 I ClientMgr: ClientMgr::SetFocusedClient: 2310:com.oculus.vrshell type 1
11-04 21:44:19.101  1949  1949 I ClientMgr: SetFocusedPackageName - packageName com.oculus.vrshell processName com.oculus.vrshell:Overlay clientId 279945735 clientPid 2310
11-04 21:44:19.101  1949  1949 I VrRuntimeService: RuntimeIPC: SendFocusChangeEventToAllClients: PostClientEvent SUCCESS: com.YourCompany.TemplateProject3:com.YourCompany.TemplateProject3:14519, com.oculus.vrshell, com.oculus.vrshell:Overlay
11-04 21:44:19.101  1949  1949 I VrRuntimeService: RuntimeIPC: SendFocusChangeEventToAllClients: PostClientEvent SUCCESS: com.oculus.vrshell:com.oculus.vrshell:3623, com.oculus.vrshell, com.oculus.vrshell:Overlay
11-04 21:44:19.101  1949  1949 I VrRuntimeService: RuntimeIPC: SendFocusChangeEventToAllClients: PostClientEvent SUCCESS: com.oculus.shellenv:com.oculus.shellenv:3575, com.oculus.vrshell, com.oculus.vrshell:Overlay
11-04 21:44:19.101  1949  1949 I VrRuntimeService: RuntimeIPC: SendFocusChangeEventToAllClients: PostClientEvent SUCCESS: com.oculus.mrservice:com.oculus.mrservice:1796, com.oculus.vrshell, com.oculus.vrshell:Overlay
11-04 21:44:19.101  1949  1949 I VrRuntimeService: RuntimeIPC: SendFocusChangeEventToAllClients: PostClientEvent SUCCESS: com.oculus.guardian:com.oculus.vrguardianservice:3160, com.oculus.vrshell, com.oculus.vrshell:Overlay
11-04 21:44:19.101  1949  1949 I VrRuntimeService: RuntimeIPC: SendFocusChangeEventToAllClients: PostClientEvent SUCCESS: com.oculus.vrshell:com.oculus.vrshell:Overlay:2310, com.oculus.vrshell, com.oculus.vrshell:Overlay
11-04 21:44:19.102  3411  3411 I chatty  : uid=10026 com.oculus.systemux:SystemUX expire 30 lines
11-04 21:44:19.104   847  1756 W TrackingService: attachClient: found client in attached list
11-04 21:44:19.104   839  3185 E CalibrationProvider: loadCalibration(RDISP_SN) failed: Calibration store didn't load any info
11-04 21:44:19.104   847  1756 D TrackingService: getSharedMemory: com.oculus.systemdriver, Controller
11-04 21:44:19.105  1949  3099 I PerformanceManager_V0: SetClockLevels: Apply pending clock request change: 2,3 -> 4,4
11-04 21:44:19.105  1949  3087 I Clocks  : ReleaseClocks - start
11-04 21:44:19.106  1949  3087 I Clocks  : ReleaseClocks - end (1.3 ms)
11-04 21:44:19.106  1949  3087 I Clocks  : LockClocks( cpu=4, gpu=4 ) - start
11-04 21:44:19.107   847  1756 W TrackingService: attachClient: found client in attached list
11-04 21:44:19.107  1949  3087 I Clocks  : CPU levels [0, 4]
11-04 21:44:19.107  1949  3087 I Clocks  : GPU levels [0, 5]
11-04 21:44:19.107  1949  3087 I Clocks  : LockClocks( cpu=4, gpu=4 ) - end (0.7 ms)
11-04 21:44:19.108 14519 14612 I VrRuntimeClient: Client has lost focus.
11-04 21:44:19.108   847  1030 W TrackingService: attachClient: found client in attached list
11-04 21:44:19.109   847  1756 D TrackingService: getSharedMemory: com.oculus.guardian, Controller
11-04 21:44:19.109 14519 14548 E OsSdk   : error getting shared memory region, memory type: Controller, failed with Status(-1, EX_SECURITY): 'requested shared memory region when not registered/focused'
11-04 21:44:19.109   847  1030 W TrackingService: attachClient: found client in attached list
11-04 21:44:19.110 14519 14548 E OsSdk   : error getting shared memory region, memory type: Controller, failed with Status(-1, EX_SECURITY): 'requested shared memory region when not registered/focused'
11-04 21:44:19.110   847  1030 I chatty  : uid=1000(system) Binder:847_2 identical 1 line
11-04 21:44:19.113 14519 14795 E OsSdk   : error getting shared memory region, memory type: Controller, failed with Status(-1, EX_SECURITY): 'requested shared memory region when not registered/focused'
11-04 21:44:19.115   839  3185 E CalibrationProvider: loadCalibration(LDISP_SN) failed: Calibration store didn't load any info
11-04 21:44:19.116   847  1030 W TrackingService: attachClient: found client in attached list
11-04 21:44:19.116   839  3185 E CalibrationProvider: loadCalibration(RDISP_SN) failed: Calibration store didn't load any info
11-04 21:44:19.116   847  1030 D TrackingService: getSharedMemory: com.oculus.vrshell, Controller
11-04 21:44:19.118  1949  3115 I VrRuntimeService: RuntimeServiceSDKServer::EnableRendering: 0x0, 0, com.oculus.vrshell:Overlay
11-04 21:44:19.118  1949  3115 I ClientMgr: EnableRendering2: invalid clientWindow, testing uid/pid
11-04 21:44:19.118  1949  3115 I ClientMgr: EnableRendering2: matched uid: 10020 and pid: 2310 
11-04 21:44:19.118  1949  3115 I ClientMgr: EnableRendering2: Calling SetFocusedClient: 279945735
11-04 21:44:19.118  1949  3115 I ClientMgr: ClientMgr::SetFocusedClient: 2310:com.oculus.vrshell type 1
11-04 21:44:19.118  1949  3115 I ClientMgr: SetFocusedPackageName - packageName com.oculus.vrshell processName com.oculus.vrshell:Overlay clientId 279945735 clientPid 2310
11-04 21:44:19.118  1949  3115 I ClientMgr: ClientMgr::EnableRendering 2310:com.oculus.vrshell : type 1 comp-id 3: enable
11-04 21:44:19.118  1949  3115 I CompositorClientMgr: Enable client 3
11-04 21:44:19.118  1949  3115 I VrRuntimeServer: EnableCompositorClient client(3): layer placement(2147483647) flags(0) sm(0x7031078010)
11-04 21:44:19.118  1949  3115 I CompositorVR: CheckDebuggerConnected: debugger 0
11-04 21:44:19.118  1949  3115 I VrRuntimeServer: SysProp debug mode is disabled on Server side
11-04 21:44:19.119  2162  2564 W OVRLibrary: null cursor received for query content://com.oculus.ocms.library/apps/com.oculus.vrshell
11-04 21:44:19.126 14519 14549 D UE4     : [2022.11.04-21.44.19:126][ 42]LogAndroid: Case APP_CMD_LOST_FOCUS
11-04 21:44:19.126 14519 14549 D UE4     : LogAndroidEvents::EnqueueAppEvent : 10, [width=-1, height=-1], tid = 14549, APP_EVENT_STATE_WINDOW_LOST_FOCUS
11-04 21:44:19.131  2162  2162 W OVRLibrary: null cursor received for query content://com.oculus.ocms.library/apps/com.YourCompany.TemplateProject3
11-04 21:44:19.131  1949  3115 I UnifiedTelemetryWrapper: Started UT session render:com.oculus.vrshell:Overlay
11-04 21:44:19.133  1796  3642 I [CT]    : MIXEDREALITY: MrFeatureStatus: Client status changed from Paused to Started.
11-04 21:44:19.133  1796  3642 I [CT]    : MIXEDREALITY: MrFeatureStatus: Target status Started, CurrentStatus: Paused
11-04 21:44:19.133  1796  3642 I [CT]    : MIXEDREALITY: MrFeatureStatus: Operation chain: Start
11-04 21:44:19.133  1796  3642 I [CT]    : MIXEDREALITY: MrFeatureStatus: Global status changed from Paused to Started.
11-04 21:44:19.133  1796  3298 I [CT]    : MIXEDREALITY: MrServiceView: renderIteration: (every 10 seconds), screen is: ON, PT is: OFF, ID is: OFF
11-04 21:44:19.133  1796  3642 I [CT]    : MIXEDREALITY: MrServiceController: Queuing command linked to operation Start for feature 0
11-04 21:44:19.133  2162  2162 I OVRMediaServiceManager: Sending onAppStart (com.YourCompany.TemplateProject3) to SocialPlatform (com.oculus.socialplatform)
11-04 21:44:19.134  1796  3298 I [CT]    : MIXEDREALITY: MrServiceModel: commitLayerState: PassthroughMode: none.
11-04 21:44:19.135 14519 14548 D UE4     : [2022.11.04-21.44.19:135][ 42]LogAndroidEvents: Display: LogAndroidEvents::DequeueAppEvent : 10, [width=-1, height=-1], APP_EVENT_STATE_WINDOW_LOST_FOCUS
11-04 21:44:19.135 14519 14548 D UE4     : FAppEventManager::Tick processing, 10
11-04 21:44:19.138   847 14654 W [CT]    : VEGA:MAP_TRACKING_HM: [Throttled count=22] Bad map tracking: map tracking failed @ Submap id = 2, version = 1136475372 with status: 2
11-04 21:44:19.140  1796  3298 I [CT]    : MIXEDREALITY: MrServiceController: Executing passthroughStart on model
11-04 21:44:19.140  1796  3298 I [CT]    : MIXEDREALITY: MrServiceModel: passthroughStart()
11-04 21:44:19.140  1796  3298 I [CT]    : MIXEDREALITY: MrServiceModel: passthroughStart: Started Passthrough
11-04 21:44:19.143   745  1116 D AF::Track: interceptBuffer: took 2490us to intercept 0 tracks
11-04 21:44:19.145  1949  3099 I ServiceInputManager: InhibitHandleHomeKey has changed on the service. New value: 1
11-04 21:44:19.147  2310 14844 I chatty  : uid=10020(com.oculus.vrshell) ShellOverlayMai expire 3 lines
11-04 21:44:19.151   723   926 I audio_hw_primary: getting vr mode to 0
11-04 21:44:19.152   745  9373 I AudioPolicyManagerCustom: VR mode is 0, switch to primary output if request is for fast|raw
11-04 21:44:19.152  1949 14673 I CompositorVR: SetSchedFifo( tid=3298, pol=5, pri=1 ) succeeded
11-04 21:44:19.153   745  9373 W AudioFlinger: createTrack_l(): mismatch between requested flags (00000104) and output flags (00000006)
11-04 21:44:19.153   745  9373 D AudioFlinger: Client defaulted notificationFrames to 192 for frameCount 384
11-04 21:44:19.154   745  9373 D AF::TrackHandle: OpPlayAudio: track:134 uid:10020 pkg:com.oculus.vrshell usage:1 not muted
11-04 21:44:19.156  1796  3298 I [CT]    : MIXEDREALITY: MrServiceView: renderIteration: Nothing to render, hibernating the rendering thread since ID is off and no active PT layers.
11-04 21:44:19.156  1796  3298 I [CT]    : MIXEDREALITY: MrServiceModel: Hibernating caller (most likely rendering thread) due to commandQueue being empty.
11-04 21:44:19.162  1702  1702 D OculusNotificationListenerService: Notification posted: 0|android|0|com.android.server.wm.AlertWindowNotification - com.oculus.vrshell|1000
11-04 21:44:19.162  1474  1474 V AvrcpMediaPlayerList: onPlaybackConfigChanged(): Configs list size=7
11-04 21:44:19.182   723   723 D msm8974_platform: platform_split_snd_device: snd_device(2) num devices(1) new_snd_devices(0)
11-04 21:44:19.182   723   723 D ACDB-LOADER: ACDB -> send_audvoltable
11-04 21:44:19.182   723   723 D ACDB-LOADER: ACDB -> ACDB_CMD_GET_AUDPROC_INSTANCE_GAIN_DEP_STEP_TABLE_SIZE
11-04 21:44:19.183   723   723 D         : Failed to fetch the lookup information of the device 0000000F 
11-04 21:44:19.183   723   723 D ACDB-LOADER: Error: ACDB_CMD_GET_AUDPROC_INSTANCE_GAIN_DEP_STEP_TABLE_SIZE Returned = -19
11-04 21:44:19.183   723   723 D ACDB-LOADER: ACDB -> ACDB_CMD_GET_AUDPROC_INSTANCE_GAIN_DEP_STEP_TABLE, vol index 8
11-04 21:44:19.183   723   723 D         : Failed to fetch the lookup information of the device 0000000F 
11-04 21:44:19.183   723   723 D ACDB-LOADER: Error: ACDB AudProc vol returned = -19
11-04 21:44:19.183   723   723 D ACDB-LOADER: ACDB -> AUDIO_SET_VOL_CAL cal type = 40
11-04 21:44:19.191  2162  2162 E OVRMediaServiceManager: LivestreamingManager Not initialized
11-04 21:44:19.201  1702  1702 D OculusNotificationListenerService: Notification removed: 0|android|0|com.android.server.wm.AlertWindowNotification - com.oculus.vrshell|1000
11-04 21:44:19.201  1949  1949 I ClientMgr: FocusedWindowChanged: top window's client already enabled
11-04 21:44:19.201  1949  1949 I ClientMgr: FocusedClient changed.
11-04 21:44:19.201  1949  1949 I ClientMgr: ClientMgr::SetFocusedClient: 14519:com.YourCompany.TemplateProject3 type 0
11-04 21:44:19.201  1949  1949 I ClientMgr: SetFocusedPackageName - packageName com.YourCompany.TemplateProject3 processName com.YourCompany.TemplateProject3 clientId 1969143531 clientPid 14519
11-04 21:44:19.201  1949  1949 I VrRuntimeService: RuntimeIPC: SendFocusChangeEventToAllClients: PostClientEvent SUCCESS: com.YourCompany.TemplateProject3:com.YourCompany.TemplateProject3:14519, com.YourCompany.TemplateProject3, com.YourCompany.TemplateProject3
11-04 21:44:19.202  1949  1949 I VrRuntimeService: RuntimeIPC: SendFocusChangeEventToAllClients: PostClientEvent SUCCESS: com.oculus.vrshell:com.oculus.vrshell:3623, com.YourCompany.TemplateProject3, com.YourCompany.TemplateProject3
11-04 21:44:19.202  1949  1949 I VrRuntimeService: RuntimeIPC: SendFocusChangeEventToAllClients: PostClientEvent SUCCESS: com.oculus.shellenv:com.oculus.shellenv:3575, com.YourCompany.TemplateProject3, com.YourCompany.TemplateProject3
11-04 21:44:19.202  1949  1949 I VrRuntimeService: RuntimeIPC: SendFocusChangeEventToAllClients: PostClientEvent SUCCESS: com.oculus.mrservice:com.oculus.mrservice:1796, com.YourCompany.TemplateProject3, com.YourCompany.TemplateProject3
11-04 21:44:19.202  1949  1949 I VrRuntimeService: RuntimeIPC: SendFocusChangeEventToAllClients: PostClientEvent SUCCESS: com.oculus.guardian:com.oculus.vrguardianservice:3160, com.YourCompany.TemplateProject3, com.YourCompany.TemplateProject3
11-04 21:44:19.202  1949  1949 I VrRuntimeService: RuntimeIPC: SendFocusChangeEventToAllClients: PostClientEvent SUCCESS: com.oculus.vrshell:com.oculus.vrshell:Overlay:2310, com.YourCompany.TemplateProject3, com.YourCompany.TemplateProject3
11-04 21:44:19.202 14519 14549 D UE4     : [2022.11.04-21.44.19:202][ 47]LogAndroid: Case APP_CMD_GAINED_FOCUS
11-04 21:44:19.202 14519 14549 D UE4     : LogAndroidEvents::EnqueueAppEvent : 11, [width=-1, height=-1], tid = 14549, APP_EVENT_STATE_WINDOW_GAINED_FOCUS
11-04 21:44:19.205 14519 14612 I VrRuntimeClient: Client has gained focus.
11-04 21:44:19.205 14519 14548 D UE4     : [2022.11.04-21.44.19:205][ 47]LogAndroidEvents: Display: LogAndroidEvents::DequeueAppEvent : 11, [width=-1, height=-1], APP_EVENT_STATE_WINDOW_GAINED_FOCUS
11-04 21:44:19.205 14519 14548 D UE4     : FAppEventManager::Tick processing, 11
11-04 21:44:19.206  2162  2162 I OVRMediaService: onStartCommand Received message type: overlay_input_focus_change, caller package: com.oculus.vrshell, app identify: AppIdentity{uid=10020, packageNames=[com.oculus.vrshell], sha1=MxZgtt071YLz39PLrkVGckZooCE, sha2=3C-DTjwZQjeLFPB2yCzRq1nqZWa_9HMLIEfpjvyfna8, version=null, domain=null}
11-04 21:44:19.207  5562  5562 W VRLifecycleManager: onHeadsetMounted
11-04 21:44:19.215  1949  3099 I ServiceInputManager: InhibitHandleHomeKey has changed on the service. New value: 0
11-04 21:44:19.225   847  1756 W TrackingService: attachClient: found client in attached list
11-04 21:44:19.226   847  1756 D TrackingService: getSharedMemory: com.YourCompany.TemplateProject3, Controller
11-04 21:44:19.227 14519 14784 I InputDevice_TrackedRemote: REMOTE: Hand=1 IndexAnalog=0.00 GripAnalog=0.00 Buttons=0x00000000
11-04 21:44:19.227 14519 14784 I InputDevice_TrackedRemote: REMOTE: Hand=2 IndexAnalog=0.00 GripAnalog=0.00 Buttons=0x00000000
11-04 21:44:19.229  2162  2162 I OVRMediaService: Received OVERLAY_INPUT_FOCUS_CHANGE. is focused: true
11-04 21:44:19.232  2162  2162 W OVRLibrary: null cursor received for query content://com.oculus.ocms.library/apps/com.YourCompany.TemplateProject3
11-04 21:44:19.233  2162  2162 I OVRMediaServiceManager: Sending onAppStart (com.YourCompany.TemplateProject3) to SocialPlatform (com.oculus.socialplatform)
11-04 21:44:19.235  1043  1639 E WindowManager: App trying to use insecure INPUT_FEATURE_NO_INPUT_CHANNEL flag. Ignoring
11-04 21:44:19.239  1949  1949 I ClientMgr: FocusedWindowChanged: found matching overlay client: 279945735
11-04 21:44:19.240  1949  1949 I ClientMgr: FocusedClient changed.
11-04 21:44:19.240  1949  1949 I ClientMgr: ClientMgr::SetFocusedClient: 2310:com.oculus.vrshell type 1
11-04 21:44:19.240  1949  1949 I ClientMgr: SetFocusedPackageName - packageName com.oculus.vrshell processName com.oculus.vrshell:Overlay clientId 279945735 clientPid 2310
11-04 21:44:19.240  1949  1949 I VrRuntimeService: RuntimeIPC: SendFocusChangeEventToAllClients: PostClientEvent SUCCESS: com.YourCompany.TemplateProject3:com.YourCompany.TemplateProject3:14519, com.oculus.vrshell, com.oculus.vrshell:Overlay
11-04 21:44:19.240  1949  1949 I VrRuntimeService: RuntimeIPC: SendFocusChangeEventToAllClients: PostClientEvent SUCCESS: com.oculus.vrshell:com.oculus.vrshell:3623, com.oculus.vrshell, com.oculus.vrshell:Overlay
11-04 21:44:19.240  1949  1949 I VrRuntimeService: RuntimeIPC: SendFocusChangeEventToAllClients: PostClientEvent SUCCESS: com.oculus.shellenv:com.oculus.shellenv:3575, com.oculus.vrshell, com.oculus.vrshell:Overlay
11-04 21:44:19.240  1949  1949 I VrRuntimeService: RuntimeIPC: SendFocusChangeEventToAllClients: PostClientEvent SUCCESS: com.oculus.mrservice:com.oculus.mrservice:1796, com.oculus.vrshell, com.oculus.vrshell:Overlay
11-04 21:44:19.240  1949  1949 I VrRuntimeService: RuntimeIPC: SendFocusChangeEventToAllClients: PostClientEvent SUCCESS: com.oculus.guardian:com.oculus.vrguardianservice:3160, com.oculus.vrshell, com.oculus.vrshell:Overlay
11-04 21:44:19.240  1949  1949 I VrRuntimeService: RuntimeIPC: SendFocusChangeEventToAllClients: PostClientEvent SUCCESS: com.oculus.vrshell:com.oculus.vrshell:Overlay:2310, com.oculus.vrshell, com.oculus.vrshell:Overlay
11-04 21:44:19.243  1949  3099 I ServiceInputManager: InhibitHandleHomeKey has changed on the service. New value: 1
11-04 21:44:19.247 14519 14612 I VrRuntimeClient: Client has lost focus.
11-04 21:44:19.247   847  1030 W TrackingService: attachClient: found client in attached list
11-04 21:44:19.248 14519 14548 E OsSdk   : error getting shared memory region, memory type: Controller, failed with Status(-1, EX_SECURITY): 'requested shared memory region when not registered/focused'
11-04 21:44:19.248   847  1030 W TrackingService: attachClient: found client in attached list
11-04 21:44:19.248   847  1756 W TrackingService: attachClient: found client in attached list
11-04 21:44:19.249 14519 14548 E OsSdk   : error getting shared memory region, memory type: Controller, failed with Status(-1, EX_SECURITY): 'requested shared memory region when not registered/focused'
11-04 21:44:19.250  1949 14673 I CompositorVR: SetSchedFifo( tid=3298, pol=2, pri=0 ) succeeded
11-04 21:44:19.250   847  1030 W TrackingService: attachClient: found client in attached list
11-04 21:44:19.250   847  1756 D TrackingService: getSharedMemory: com.oculus.vrshell, Controller
11-04 21:44:19.254   847  1756 W TrackingService: attachClient: found client in attached list
11-04 21:44:19.255   847  1756 D TrackingService: getSharedMemory: com.oculus.guardian, Controller
11-04 21:44:19.256 14519 14795 E OsSdk   : error getting shared memory region, memory type: Controller, failed with Status(-1, EX_SECURITY): 'requested shared memory region when not registered/focused'
11-04 21:44:19.257   847  1030 W TrackingService: attachClient: found client in attached list
11-04 21:44:19.257   847  1030 D TrackingService: getSharedMemory: com.oculus.systemdriver, Controller
11-04 21:44:19.259  3411 14760 I chatty  : uid=10026 com.oculus.systemux:SystemUX expire 1 line
11-04 21:44:19.269  1949  3115 I VrRuntimeService: CreateAndroidSurfaceSwapChain: 279945735
11-04 21:44:19.269  1949  3115 I VrRuntimeService: CreateAndroidSurfaceSwapChain: 65536 1 32856 1 1 1 1 1 0 0
11-04 21:44:19.269  1949  2927 I SwapChain_Surface: CreateAndroidSurfaceSwapChainGLES: 0x703254a000: SurfaceTexture 0x2a3a Surface 0x2a2a
11-04 21:44:19.269  1949  3115 I VrRuntimeServer: CreateAndroidSurfaceSwapChain: result surface 0x703254a000
11-04 21:44:19.270  2310  2436 I chatty  : uid=10020(com.oculus.vrshell) ShellAppBackgro expire 2 lines
11-04 21:44:19.279 14519 14549 D UE4     : [2022.11.04-21.44.19:279][ 52]LogAndroid: Case APP_CMD_LOST_FOCUS
11-04 21:44:19.279 14519 14549 D UE4     : LogAndroidEvents::EnqueueAppEvent : 10, [width=-1, height=-1], tid = 14549, APP_EVENT_STATE_WINDOW_LOST_FOCUS
11-04 21:44:19.287  2162  2162 E OVRMediaServiceManager: LivestreamingManager Not initialized
11-04 21:44:19.289  3411 14849 I chatty  : uid=10026 com.oculus.systemux:SystemUX expire 1 line
11-04 21:44:19.289 14519 14548 D UE4     : [2022.11.04-21.44.19:289][ 53]LogAndroidEvents: Display: LogAndroidEvents::DequeueAppEvent : 10, [width=-1, height=-1], APP_EVENT_STATE_WINDOW_LOST_FOCUS
11-04 21:44:19.289 14519 14548 D UE4     : FAppEventManager::Tick processing, 10
11-04 21:44:19.299  2162  2162 I OVRMediaService: onStartCommand Received message type: overlay_input_focus_change, caller package: com.oculus.vrshell, app identify: AppIdentity{uid=10020, packageNames=[com.oculus.vrshell], sha1=MxZgtt071YLz39PLrkVGckZooCE, sha2=3C-DTjwZQjeLFPB2yCzRq1nqZWa_9HMLIEfpjvyfna8, version=null, domain=null}
11-04 21:44:19.303  2162  2712 W OVRLibrary: null cursor received for query content://com.oculus.ocms.library/apps/com.YourCompany.TemplateProject3
11-04 21:44:19.312  2162  2162 I OVRMediaService: Received OVERLAY_INPUT_FOCUS_CHANGE. is focused: false
11-04 21:44:19.314  1702  1702 D OculusNotificationListenerService: Notification posted: 0|android|0|com.android.server.wm.AlertWindowNotification - com.oculus.vrshell|1000
11-04 21:44:19.322  3411  3429 I chatty  : uid=10026(com.oculus.systemux) Binder:3411_1 expire 1 line
11-04 21:44:19.322  3411  3411 I chatty  : uid=10026 com.oculus.systemux:SystemUX expire 14 lines
11-04 21:44:19.328  1043  4797 I DisplayManagerService: Display device added: DisplayDeviceInfo{"com.oculus.android_panel_app.AndroidPanelLayer-#main": uniqueId="virtual:com.oculus.systemux,10026,com.oculus.android_panel_app.AndroidPanelLayer-#main,4", 1000 x 625, modeId 230, defaultModeId 230, supportedModes [{id=230, width=1000, height=625, fps=60.0}], colorMode 0, supportedColorModes [0], HdrCapabilities null, density 200, 200.0 x 200.0 dpi, appVsyncOff 0, presDeadline 16666666, touch NONE, rotation 0, type VIRTUAL, state OFF, owner com.oculus.systemux (uid 10026), FLAG_PRIVATE, FLAG_NEVER_BLANK, FLAG_OWN_CONTENT_ONLY}
11-04 21:44:19.340  3160  3222 I VrGuardianService: GuardianSDKServer::SetSecondaryControllerActive 1
11-04 21:44:19.341  2310  2310 I chatty  : uid=10020(com.oculus.vrshell) ShellOverlayMai expire 1 line
11-04 21:44:19.344  2162  2162 W OVRLibrary: null cursor received for query content://com.oculus.ocms.library/apps/com.YourCompany.TemplateProject3
11-04 21:44:19.344  2162  2162 I OVRMediaServiceManager: Sending onAppStart (com.YourCompany.TemplateProject3) to SocialPlatform (com.oculus.socialplatform)
11-04 21:44:19.348  2310 14851 I chatty  : uid=10020(com.oculus.vrshell) ShellOverlayMai expire 1 line
11-04 21:44:19.349  1043  1062 W InputReader: Device has associated, but no associated display id.
11-04 21:44:19.353  2310  3131 I chatty  : uid=10020(com.oculus.vrshell) ShellOverlayVR expire 19 lines
11-04 21:44:19.353  3160  3222 I VrGuardianService: GuardianSDKServer::SetGuardianHitDialog2 1
11-04 21:44:19.354  1043  1064 W InputReader: Device has associated, but no associated display id.
11-04 21:44:19.355  1043  1064 I ActivityTaskManager: Override config changes=20005df8 {0.0 ?mcc?mnc ?localeList ?layoutDir sw500dp w800dp h500dp 200dpi lrg land ?uimode ?night -touch qwerty/v/v -nav/h winConfig={ mBounds=Rect(0, 0 - 1000, 625) mAppBounds=Rect(0, 0 - 1000, 625) mWindowingMode=fullscreen mDisplayWindowingMode=fullscreen mActivityType=undefined mAlwaysOnTop=undefined mRotation=ROTATION_0}} for displayId=169
11-04 21:44:19.357  1949 14673 I CompositorProgs: loaded binary layerProgram 0:0x100100048081:0x0 in 0.8 ms
11-04 21:44:19.360  1949 14673 I CompositorProgs: [0x70c421cef8] Built layerProgram 0:0x100000048002:0x0 in 2.4 ms
11-04 21:44:19.366  1949  3115 I VrRuntimeService: CreateSwapChain: 279945735
11-04 21:44:19.366  1949  3115 I VrRuntimeService: CreateSwapChain: api:gles 0 0x8c43 60 60 6 1 1 0 3
11-04 21:44:19.367  1949  3115 I VrRuntimeServer: CreateTextureSwapChain: result importswapchaingles 1
11-04 21:44:19.384  1043  6194 W ActivityManager: Unable to start service Intent { act=com.oculus.presence.StablePresenceService cmp=com.oculus.presence/.services.presence.PresenceService } U=0: not found
11-04 21:44:19.389  1949  3115 I VrRuntimeService: UpdateSwapChainSamplerState: 410
11-04 21:44:19.389  1949  3115 I VrRuntimeService: UpdateSwapChainSamplerState: minFilter=1 magFilter=1 wrapModeS=3 warpModeT=3 maxAniso=1.000000 border={0.000000,0.000000,0.000000,0.000000} swizzle={0,1,2,3}
11-04 21:44:19.390  3411  6201 I chatty  : uid=10026(com.oculus.systemux) pool-13-thread- expire 2 lines
11-04 21:44:19.390  3411  3411 I chatty  : uid=10026 com.oculus.systemux:SystemUX expire 3 lines
11-04 21:44:19.391  2310  2310 I chatty  : uid=10020(com.oculus.vrshell) ShellOverlayMai expire 4 lines
11-04 21:44:19.391  3411  6202 I chatty  : uid=10026(com.oculus.systemux) pool-13-thread- expire 2 lines
11-04 21:44:19.394  3411  3411 I chatty  : uid=10026 com.oculus.systemux:SystemUX expire 2 lines
11-04 21:44:19.394  3411  6201 I chatty  : uid=10026(com.oculus.systemux) pool-13-thread- expire 4 lines
11-04 21:44:19.397  3411  6202 I chatty  : uid=10026(com.oculus.systemux) pool-13-thread- expire 1 line
11-04 21:44:19.399  3411  3411 I chatty  : uid=10026 com.oculus.systemux:SystemUX expire 22 lines
11-04 21:44:19.413  1949 14673 I CompositorProgs: loaded binary layerProgram 0:0x100000048003:0x0 in 0.7 ms
11-04 21:44:19.422  3411  3429 I chatty  : uid=10026(com.oculus.systemux) Binder:3411_1 expire 1 line
11-04 21:44:19.422  3411  3411 I chatty  : uid=10026 com.oculus.systemux:SystemUX expire 1 line
11-04 21:44:19.425  1949  3115 I VrRuntimeService: UpdateSwapChainSamplerState: 409
11-04 21:44:19.425  1949  3115 I VrRuntimeService: UpdateSwapChainSamplerState: minFilter=1 magFilter=1 wrapModeS=3 warpModeT=3 maxAniso=1.000000 border={0.000000,0.000000,0.000000,0.000000} swizzle={0,1,2,3}
11-04 21:44:19.426  2310  3131 I chatty  : uid=10020(com.oculus.vrshell) ShellOverlayVR expire 4 lines
11-04 21:44:19.426  1949  3115 I VrRuntimeService: UpdateAndroidSurfaceSwapChainDimensions: 409: 1000x625
11-04 21:44:19.428  3411 14849 I chatty  : uid=10026 com.oculus.systemux:SystemUX expire 2 lines
11-04 21:44:19.429  3411  3411 I chatty  : uid=10026 com.oculus.systemux:SystemUX expire 1 line
11-04 21:44:19.433  1043  1064 I DisplayManagerService: Display device changed state: "com.oculus.android_panel_app.AndroidPanelLayer-#main", ON
11-04 21:44:19.445   847 13835 I [CT]    : CONSTELLATION:IMU_STATUS: 729165a0fe4054d7 (R): [FusionTracked=1.000, OutputTracked=1.000, OutputValid=1.000] [AccelSat=0.000, GyroSat=0.000] 
11-04 21:44:19.453  3411  3429 I chatty  : uid=10026(com.oculus.systemux) Binder:3411_1 expire 1 line
11-04 21:44:19.454  1043  3117 E WindowManager: App trying to use insecure INPUT_FEATURE_NO_INPUT_CHANNEL flag. Ignoring
11-04 21:44:19.460  3411  3411 I chatty  : uid=10026 com.oculus.systemux:SystemUX expire 1 line
11-04 21:44:19.466  3411 14854 I chatty  : uid=10026 com.oculus.systemux:SystemUX expire 1 line
11-04 21:44:19.467  2162  2162 E OVRMediaServiceManager: LivestreamingManager Not initialized
11-04 21:44:19.473  3411 14741 I chatty  : uid=10026 com.oculus.systemux:SystemUX expire 1 line
11-04 21:44:19.474  2162  2601 W OVRLibrary: null cursor received for query content://com.oculus.ocms.library/apps/com.oculus.vrshell
11-04 21:44:19.487  2162  2162 I OVRMediaService: onStartCommand Received message type: overlay_input_focus_change, caller package: com.oculus.vrshell, app identify: AppIdentity{uid=10020, packageNames=[com.oculus.vrshell], sha1=MxZgtt071YLz39PLrkVGckZooCE, sha2=3C-DTjwZQjeLFPB2yCzRq1nqZWa_9HMLIEfpjvyfna8, version=null, domain=null}
11-04 21:44:19.510  2162  2162 I OVRMediaService: Received OVERLAY_INPUT_FOCUS_CHANGE. is focused: true
11-04 21:44:19.511  2162  2162 I OVRMediaService: onStartCommand Received message type: com.oculus.horizon.GET_CAPTURE_STATE_ACTION, caller package: no_app_identity, app identify: null
11-04 21:44:19.524  3411  3411 I chatty  : uid=10026 com.oculus.systemux:SystemUX expire 1 line
11-04 21:44:19.525  3411  3411 I [SUI] AnytimeUIBroadcastReceiver: handleCaptureStateUpdate: captureToDisk false, captureEnabled false, isCapturingAbuseReport false, abuseRecordingUUID null
11-04 21:44:19.528  2162  2162 I FileCapture: broadcast capture state to AUI running = false, with mode -1
11-04 21:44:19.531  3623  3623 I chatty  : uid=10020(com.oculus.vrshell) ShellMain expire 3 lines
11-04 21:44:19.535  2310  2310 I chatty  : uid=10020(com.oculus.vrshell) ShellOverlayMai expire 2 lines
11-04 21:44:19.542  3411  3411 D [SUI] AnytimeUIBroadcastReceiver: action: com.oculus.systemactivities.LOCAL_STREAM_STATE_UPDATE
11-04 21:44:19.542  2162  2162 I OVRMediaServiceManager: Metacam is not enabled.
11-04 21:44:19.542  3411  3411 D [SUI] ScreenCaptureUtil: onLocalStreamStateUpdate(isCaptureRunning = false)
11-04 21:44:19.542  3411 14849 W OVRLibrary: null cursor received for query content://com.oculus.ocms.library/apps/com.YourCompany.TemplateProject3
11-04 21:44:19.542  3411  3411 D [SUI] ScreenCaptureUtil: onLocalStreamStateUpdate(isCaptureRunning = false)
11-04 21:44:19.542  3411  3411 D [SUI] ScreenCaptureUtil: onLocalStreamStateUpdate(isCaptureRunning = false)
11-04 21:44:19.542  3411  3411 I chatty  : uid=10026 com.oculus.systemux:SystemUX identical 5 lines
11-04 21:44:19.542  3411  3411 D [SUI] ScreenCaptureUtil: onLocalStreamStateUpdate(isCaptureRunning = false)
11-04 21:44:19.544  3411 14854 W OVRLibrary: null cursor received for query content://com.oculus.ocms.library/apps/com.YourCompany.TemplateProject3
11-04 21:44:19.547  3411  3429 I PresenceAPK(PresenceClient): onServiceUp
11-04 21:44:19.547  3411  3429 I PresenceAPK(GroupManager): onConnected
11-04 21:44:19.547  3411  3411 I [SUI] OVRAuthHelper: fetchAuthToken - completed, result: -1
11-04 21:44:19.547  3411  3411 D UserAppScopedAuthHelper: fetchUserInfo - completed
11-04 21:44:19.547  3411  3411 D UserAppScopedAuthHelper: fetchUserInfo - fetching app scoped access token
11-04 21:44:19.547  3411  6589 I PresenceAPK(GroupManager): initialEnumerationFinished
11-04 21:44:19.548  3411  6589 I PresenceAPK(GroupManager): no reconnect groups
11-04 21:44:19.551  3411  3411 I [SUI] OVRAuthHelper: fetchAuthToken - completed, result: -1
11-04 21:44:19.551  3411  3411 D UserAppScopedAuthHelper: fetchUserInfo - completed
11-04 21:44:19.551  3411  3411 D UserAppScopedAuthHelper: fetchUserInfo - fetching app scoped access token
11-04 21:44:19.558  2310  3131 I chatty  : uid=10020(com.oculus.vrshell) ShellOverlayVR expire 16 lines
11-04 21:44:19.559  1949  3115 I VrRuntimeService: DestroySwapChain: swapchain=410
11-04 21:44:19.563  3411  3411 I [SUI] OVRAuthHelper: fetchAuthToken - completed, result: -1
11-04 21:44:19.563  3411  3411 D UserAppScopedAuthHelper: fetchUserInfo - completed
11-04 21:44:19.563  3411  3411 D UserAppScopedAuthHelper: fetchUserInfo - fetching app scoped access token
11-04 21:44:19.593  1949 14673 I SwapChain_Surface: AttachSurfaceSwapChainGLES: 0x703254a000 with SurfaceTexture 0x2a3a attached on init
11-04 21:44:19.594  1949 14673 I CompositorProgs: loaded binary layerProgram 1:0x100000048003:0x0 in 0.7 ms
11-04 21:44:19.641  3411  3427 I [SUI] AnytimeUIAndroidPanelApp: GCing AnytimeUIAndroidPanelApp
11-04 21:44:19.641  3411  3427 W System  : A resource failed to call release. 
11-04 21:44:19.641  3411  3427 I chatty  : uid=10026(com.oculus.systemux) FinalizerDaemon identical 5 lines
11-04 21:44:19.641  3411  3427 W System  : A resource failed to call release. 
11-04 21:44:19.644  1474  1474 V AvrcpMediaPlayerList: onPlaybackConfigChanged(): Configs list size=6
11-04 21:44:19.691  1949 14673 I CompositorProgs: loaded binary layerProgram 0:0x100000048001:0x0 in 0.7 ms
11-04 21:44:19.740  1611 14857 W ContextImpl: Calling a method in the system process without a qualified user: android.app.ContextImpl.sendBroadcast:1057 android.content.ContextWrapper.sendBroadcast:448 X.o0.A00:133 X.nZ.A00:17 X.nZ.handleMessage:91 
11-04 21:44:19.741  3411 14862 D UserAppScopedAuthHelper: fetchUserInfo - fetched response for app scoped token request
11-04 21:44:19.741  3411 14862 D UserAppScopedAuthHelper: fetchUserInfo - fetched app scoped access token
11-04 21:44:19.743   847  1213 I [CT]    : VIPER: InternalAnchorHealthMonitor: Anchors: 3 | Persistent anchors: 2 | Anchors never observed: 0
11-04 21:44:19.743   847  1213 I [CT]    :   (min/avg/max) Anchor landmarks: (3|8.333333333333334|19) | Covisible keyframes: (2|9|21) | Times since observation: (0|536.6666666666666|1495.48)
11-04 21:44:19.753  5562  5622 E PartyNativeModuleManager: Calling getCurrentPartyId but native code wasn't initialized. Noop.
11-04 21:44:19.754  5562  5622 W PartyNativeModuleManager: Calling nativeTearDown but native code wasn't initialized. Noop.
11-04 21:44:19.756  3411 14860 D UserAppScopedAuthHelper: fetchUserInfo - fetched response for app scoped token request
11-04 21:44:19.756  3411 14860 D UserAppScopedAuthHelper: fetchUserInfo - fetched app scoped access token
11-04 21:44:19.766  3411 14863 D UserAppScopedAuthHelper: fetchUserInfo - fetched response for app scoped token request
11-04 21:44:19.766  3411 14863 D UserAppScopedAuthHelper: fetchUserInfo - fetched app scoped access token
11-04 21:44:19.825  2569 14874 W OVRLibrary: null cursor received for query content://com.oculus.ocms.library/apps/com.YourCompany.TemplateProject3
11-04 21:44:19.924  1611 14873 W ContextImpl: Calling a method in the system process without a qualified user: android.app.ContextImpl.sendBroadcast:1057 android.content.ContextWrapper.sendBroadcast:448 X.o0.A00:133 X.nZ.A00:17 X.nZ.handleMessage:91 
11-04 21:44:19.951 14519 14540 V UE4     : [NetworkChangedManager] Network Capabilities changed, has Internet: true
11-04 21:44:19.951 14519 14875 V UE4     : [NetworkChangedManager] Verifying internet connection with host: https://example.com/
11-04 21:44:20.004 14519 14787 I VrApi   : FPS=72/72,Prd=60ms,Tear=0,Early=72,Stale=0,VSnc=1,Lat=1,Fov=0,CPU4/GPU=4/4,2419/525MHz,OC=FF,TA=0/70/70,SP=N/F/F,Mem=2092MHz,Free=3312MB,PLS=0,Temp=31.7C/0.0C,TW=1.69ms,App=2.49ms,GD=0.12ms,CPU&GPU=4.55ms,LCnt=2(DR0,LM2),GPU%=0.33,CPU%=0.16(W0.21),DSF=1.00,CFL=19.67/21.80
11-04 21:44:20.022  1611 14853 W ContextImpl: Calling a method in the system process without a qualified user: android.app.ContextImpl.sendBroadcast:1057 android.content.ContextWrapper.sendBroadcast:448 X.o0.A00:133 X.nZ.A00:17 X.nZ.handleMessage:91 
11-04 21:44:20.047 14519 14875 V UE4     : [NetworkChangedManager] Connectivity hasn't changed. Current state: CONNECTION_AVAILABLE
11-04 21:44:20.047 14519 14875 V UE4     : [NetworkChangedManager] Full network check complete. State: CONNECTION_AVAILABLE
11-04 21:44:20.174   847 14654 W [CT]    : VEGA:MAP_TRACKING_HM: [Throttled count=22] Bad map tracking: map tracking failed @ Submap id = 2, version = 1136475372 with status: 2
11-04 21:44:20.215   847  1213 I [CT]    : VEGA_MAPPER:SubmapTrackingValidator: Pausing map building until validation is complete. 13.920000000000002 seconds remaining
11-04 21:44:20.322   847 14654 W [CT]    : TIMESTAMPCHECKER: Nominal rate wrong. Estimated data rate: 25, Nominal is 30.000300003000028
11-04 21:44:20.368  3411  3411 I [SUI] PauseDestinationView: maybeShowHomeOptionsTravelDialog isViewerInCall: false - isCopresenceEnabled: true - hasAnchoredHome: false - isViewerCallOwner: false
11-04 21:44:20.368  3411  3411 D [SUI] AnytimeUIPanelAppBase: ClickEventButtonId: AUI_DESTINATION_UI_V2_QUIT
11-04 21:44:20.368  3411  3411 I [SUI] AnytimeUIPanelAppBase: actionPauseStateResult - quit
11-04 21:44:20.368  3411  3411 I [SUI] AnytimeUIPanelAppBase: actionQuitAndHide
11-04 21:44:20.368  3411  3411 D [SUI] AnytimeUIPanelAppBase: ClickEventButtonId: AUI_DESTINATION_UI_V2_QUIT
11-04 21:44:20.398  1043  1284 I ActivityTaskManager: START u0 {act=android.intent.action.MAIN cat=[android.intent.category.LAUNCHER] flg=0x10010000 pkg=com.oculus.vrshell cmp=com.oculus.vrshell/.MainActivity (has extras)} from uid 10020
11-04 21:44:20.410 14519 14519 D UE4     : [GameActivity] onPause: stop memory reporter runnable
11-04 21:44:20.410 14519 14549 D UE4     : Case APP_CMD_PAUSE
11-04 21:44:20.410 14519 14519 D UE4     : [GameActivity] ==============> GameActive.onPause complete!
11-04 21:44:20.410 14519 14549 D UE4     : [2022.11.04-21.44.20:410][134]LogAndroid: Case APP_CMD_PAUSE
11-04 21:44:20.410 14519 14549 D UE4     : LogAndroidEvents::EnqueueAppEvent : 6, [width=-1, height=-1], tid = 14549, APP_EVENT_STATE_ON_PAUSE
11-04 21:44:20.410 14519 14549 D UE4     : [2022.11.04-21.44.20:410][134]LogAndroid: event thread, suspending app, acquiring HW window lock.
11-04 21:44:20.410 14519 14549 D UE4     : LogAndroidEvents::EnqueueAppEvent : 15, [width=-1, height=-1], tid = 14549, APP_EVENT_RUN_CALLBACK
11-04 21:44:20.410 14519 14549 D UE4     : [2022.11.04-21.44.20:410][134]LogAndroid: AndroidEGL::  SuspendApp_EventThread, waiting for event manager to process. tid: 14549
11-04 21:44:20.411  1043  3117 W InputReader: Device has associated, but no associated display id.
11-04 21:44:20.411  3623  3623 I chatty  : uid=10020(com.oculus.vrshell) ShellMain expire 4 lines
11-04 21:44:20.413  3160  3222 I VrGuardianService: GuardianSDKServer::GuardianCmd: 14
11-04 21:44:20.413  3160  3222 I GuardianSystem: GuardianSystem::GuardianCmd CMD_CLEAR_RETURN_PACKAGE
11-04 21:44:20.414 14519 14519 D SystemActivitiesReceiver: SystemActivityReceiver.onReceive intent:Intent { act=com.oculus.system_activity flg=0x10 pkg=com.YourCompany.TemplateProject3 (has extras) }
11-04 21:44:20.414 14519 14519 D SystemActivitiesReceiver: fromPackageName: 'com.oculus.vrshell'
11-04 21:44:20.414 14519 14519 D SystemActivitiesReceiver: command: '{"Command":"exitToHome","PlatformUIVersion":4,"ToPackage":"com.YourCompany.TemplateProject3"}'
11-04 21:44:20.414 14519 14519 D SystemActivitiesReceiver: uri: ''
11-04 21:44:20.416 14519 14548 D UE4     : [2022.11.04-21.44.20:416][134]LogAndroidEvents: Display: LogAndroidEvents::DequeueAppEvent : 6, [width=-1, height=-1], APP_EVENT_STATE_ON_PAUSE
11-04 21:44:20.416 14519 14548 D UE4     : FAppEventManager::Tick processing, 6
11-04 21:44:20.416 14519 14548 D UE4     : [2022.11.04-21.44.20:416][134]LogAndroidEvents: Display: LogAndroidEvents::DequeueAppEvent : 15, [width=-1, height=-1], APP_EVENT_RUN_CALLBACK
11-04 21:44:20.416 14519 14548 D UE4     : FAppEventManager::Tick processing, 15
11-04 21:44:20.416 14519 14548 D UE4     : [2022.11.04-21.44.20:416][134]LogAndroidEvents: Display: Event thread callback running.
11-04 21:44:20.416 14519 14548 D UE4     : [2022.11.04-21.44.20:416][134]LogAndroid: performing app backgrounding callback. 0xaa462100
11-04 21:44:20.417 14519 14519 D TrustedSignatureVerifier: Checking app signature for com.oculus.vrshell
11-04 21:44:20.417 14519 14519 D TrustedSignatureVerifier: Package com.oculus.vrshell trusted due to RELEASE signature.
11-04 21:44:20.417 14519 14519 D SystemActivitiesReceiver: App is trusted
11-04 21:44:20.417 14519 14519 I SystemActivitiesEvents: nativeSystemActivityIntent in 'com.YourCompany.TemplateProject3': 'com.oculus.vrshell' '{"Command":"exitToHome","PlatformUIVersion":4,"ToPackage":"com.YourCompany.TemplateProject3"}' ''
11-04 21:44:20.417 14519 14519 I SystemActivitiesEvents: SYSTEM_ACTIVITY_EVENT_EXIT_TO_HOME: finish() - exit to Home
11-04 21:44:20.418 14519 14519 W emplateProject: Attempt to remove non-JNI local reference, dumping thread
11-04 21:44:20.418 14519 14519 I chatty  : uid=10134(com.YourCompany.TemplateProject3) identical 1 line
11-04 21:44:20.418 14519 14519 W emplateProject: Attempt to remove non-JNI local reference, dumping thread
11-04 21:44:20.418 14519 14519 D ContextHelper: shouldSkipFinish: activity=com.epicgames.ue4.GameActivity@54bf14e
11-04 21:44:20.418 14519 14519 W emplateProject: Accessing hidden method Landroid/app/Activity;->isResumed()Z (greylist, reflection, allowed)
11-04 21:44:20.418 14519 14519 D ContextHelper: activity=com.epicgames.ue4.GameActivity@54bf14e, resumed=false
11-04 21:44:20.418 14519 14519 D ContextHelper: Calling finish() on com.epicgames.ue4.GameActivity@54bf14e
11-04 21:44:20.420  1949  1949 D VrRuntimeService: onForegroundActivitiesChanged: pid=3623, uid=10020, hasForegroundActivities=true
11-04 21:44:20.420   745  1894 D AF::TrackHandle: OpPlayAudio: track:131 uid:10134 pkg:com.YourCompany.TemplateProject3 usage:1 muted
11-04 21:44:20.422   745  4675 D AF::TrackHandle: OpPlayAudio: track:116 uid:1000 pkg:com.android.networkstack.inprocess usage:13 not muted
11-04 21:44:20.423   745   979 D AF::TrackHandle: OpPlayAudio: track:134 uid:10020 pkg:com.oculus.vrshell usage:1 not muted
11-04 21:44:20.423   745  1858 D AF::RecordHandle: OpRecordAudio: track:132 uid:10032 pkg:com.oculus.horizon usage:0 not muted
11-04 21:44:20.425   745  1858 D AF::RecordHandle: OpRecordAudio: track:132 uid:10032 pkg:com.oculus.horizon usage:0 not muted
11-04 21:44:20.425   745  3564 D AF::TrackHandle: OpPlayAudio: track:114 uid:10014 pkg:com.oculus.shellenv usage:1 muted
11-04 21:44:20.425  3411  3411 D [SUI] ActivityManagerUtilsHelper: onForegroundActivitiesChanged: Instance: com.oculus.panelapp.anytimeui.utils.ActivityManagerUtilsHelper@83eb9c4, Pid: 3623, Tid: 10020, foregroundActivities: true, foreground app: com.oculus.vrshell, previous app: com.YourCompany.TemplateProject3
11-04 21:44:20.426   745  1894 D AF::TrackHandle: OpPlayAudio: track:117 uid:1000 pkg:com.android.networkstack.inprocess usage:13 not muted
11-04 21:44:20.426   745  9373 D AF::RecordHandle: OpRecordAudio: track:58 uid:10014 pkg:com.oculus.shellenv usage:0 muted
11-04 21:44:20.426   745  9373 D AF::RecordHandle: OpRecordAudio: track:58 uid:10014 pkg:com.oculus.shellenv usage:0 muted
11-04 21:44:20.427  2310  3131 I chatty  : uid=10020(com.oculus.vrshell) ShellOverlayVR expire 3 lines
11-04 21:44:20.427  3623  3623 I chatty  : uid=10020(com.oculus.vrshell) ShellMain expire 3 lines
11-04 21:44:20.428  3411  3411 D [SUI] ActivityManagerUtilsHelper: onForegroundActivitiesChanged: Instance: com.oculus.panelapp.anytimeui.utils.ActivityManagerUtilsHelper@6ff7a86, Pid: 3623, Tid: 10020, foregroundActivities: true, foreground app: com.oculus.vrshell, previous app: com.YourCompany.TemplateProject3
11-04 21:44:20.432  1043  4297 I ActivityTaskManager: START u0 {act=android.intent.action.MAIN cat=[android.intent.category.LAUNCHER] flg=0x14000000 pkg=com.oculus.shellenv cmp=com.oculus.shellenv/.ShellEnvActivity (has extras)} from uid 10020
11-04 21:44:20.436   723   926 D msm8974_platform: platform_split_snd_device: snd_device(2) num devices(1) new_snd_devices(0)
11-04 21:44:20.436   723   926 D ACDB-LOADER: ACDB -> send_audvoltable
11-04 21:44:20.436   723   926 D ACDB-LOADER: ACDB -> ACDB_CMD_GET_AUDPROC_INSTANCE_GAIN_DEP_STEP_TABLE_SIZE
11-04 21:44:20.436   723   926 D         : Failed to fetch the lookup information of the device 0000000F 
11-04 21:44:20.436   723   926 D ACDB-LOADER: Error: ACDB_CMD_GET_AUDPROC_INSTANCE_GAIN_DEP_STEP_TABLE_SIZE Returned = -19
11-04 21:44:20.436   723   926 D ACDB-LOADER: ACDB -> ACDB_CMD_GET_AUDPROC_INSTANCE_GAIN_DEP_STEP_TABLE, vol index 7
11-04 21:44:20.436   723   926 D         : Failed to fetch the lookup information of the device 0000000F 
11-04 21:44:20.436   723   926 D ACDB-LOADER: Error: ACDB AudProc vol returned = -19
11-04 21:44:20.436   723   926 D ACDB-LOADER: ACDB -> AUDIO_SET_VOL_CAL cal type = 40
11-04 21:44:20.442  3411  3411 W OVRLibrary: null cursor received for query content://com.oculus.ocms.library/apps/com.oculus.vrshell
11-04 21:44:20.444  2310  3131 I chatty  : uid=10020(com.oculus.vrshell) ShellOverlayVR expire 2 lines
11-04 21:44:20.445  1949  3115 I VrRuntimeService: DestroySwapChain: swapchain=409
11-04 21:44:20.446  3411  3411 D [SUI] AnytimeUIAndroidPanelApp: Received appStatus from VrShell: [{"name":"com.oculus.systemux\/com.oculus.panelapp.destinationui.DestinationUiPanelService","panels":[{"panelId":14,"state":"Focused"}]}]
11-04 21:44:20.447  3160  3222 I VrGuardianService: GuardianSDKServer::SetGuardianHitDialog2 0
11-04 21:44:20.448  1043  3117 W InputReader: Device has associated, but no associated display id.
11-04 21:44:20.461   745  4674 D AF::TrackHandle: OpPlayAudio: track:117 uid:1000 pkg:com.android.networkstack.inprocess usage:13 not muted
11-04 21:44:20.462   745   979 D AF::TrackHandle: OpPlayAudio: track:131 uid:10134 pkg:com.YourCompany.TemplateProject3 usage:1 muted
11-04 21:44:20.462   745  4676 D AF::RecordHandle: OpRecordAudio: track:132 uid:10032 pkg:com.oculus.horizon usage:0 not muted
11-04 21:44:20.463   745  1894 D AF::TrackHandle: OpPlayAudio: track:116 uid:1000 pkg:com.android.networkstack.inprocess usage:13 not muted
11-04 21:44:20.464   745  9373 D AF::TrackHandle: OpPlayAudio: track:114 uid:10014 pkg:com.oculus.shellenv usage:1 not muted
11-04 21:44:20.464   745  3564 D AF::RecordHandle: OpRecordAudio: track:58 uid:10014 pkg:com.oculus.shellenv usage:0 not muted
11-04 21:44:20.465   745  1858 D AF::TrackHandle: OpPlayAudio: track:134 uid:10020 pkg:com.oculus.vrshell usage:1 not muted
11-04 21:44:20.468  3411  3411 W OVRLibrary: null cursor received for query content://com.oculus.ocms.library/apps/paused_app
11-04 21:44:20.469  3411  3411 I PanelService: VR Shell socket closed(ECONNRESET); shutting down fd: 53
11-04 21:44:20.469  3411  3411 I PanelService: Quitting application via hardExit flag. Shutting down fd 53.
11-04 21:44:20.470  3411  3411 V LifecycleAwareViewModelStore: LifecycleAwareViewModelStore destroyed
11-04 21:44:20.470  3411  3411 V LifecycleAwarePanelApp: PanelApp lifecycle moved to final state: DESTROYED
11-04 21:44:20.470  3411  3411 I AndroidPanelApp: Destroyed
11-04 21:44:20.470  3411  3411 D [SUI] PauseDestinationView: Destroying PauseDestinationView
11-04 21:44:20.471  3411  3411 D [SUI] AnytimeUIPanelAppBase: Releasing viewModel SharingViewModel refCount: 0
11-04 21:44:20.471  3411  3411 D [SUI] SharingViewModel: Destroying ViewModel
11-04 21:44:20.473  3411 14849 W OVRLibrary: null cursor received for query content://com.oculus.ocms.library/apps/com.oculus.vrshell
11-04 21:44:20.476   745  1858 D AF::RecordHandle: OpRecordAudio: track:132 uid:10032 pkg:com.oculus.horizon usage:0 not muted
11-04 21:44:20.482   745  1858 D AF::RecordHandle: OpRecordAudio: track:58 uid:10014 pkg:com.oculus.shellenv usage:0 not muted
11-04 21:44:20.483  3411 14741 W OVRLibrary: null cursor received for query content://com.oculus.ocms.library/apps/paused_app
11-04 21:44:20.487  1949  1949 D VrRuntimeService: onForegroundActivitiesChanged: pid=3575, uid=10014, hasForegroundActivities=true
11-04 21:44:20.487  3411  3411 D [SUI] SharingViewModel: clearAbuseReportRecordingTimer
11-04 21:44:20.487  3411  3411 D [SUI] PauseDestinationViewModel: Destroying PauseDestinationViewModel
11-04 21:44:20.487  3411  3411 D [SUI] GraphQLExecutor: Destroying
11-04 21:44:20.487  3411  3411 D [SUI] GraphQLExecutor: Destroying
11-04 21:44:20.487  3411  3411 I PresenceAPK(ServicePresenceClient): ServicePresenceClient close
11-04 21:44:20.487  3411  3411 I PresenceAPK(GroupManager): removeListener with id AnchoredHomeGroup
11-04 21:44:20.487  3411  3411 I PresenceAPK(ServiceApiManager): onApiNotReady
11-04 21:44:20.487  3411  3411 D PresenceAPK(ServicePresenceClient): Calling onServiceDown
11-04 21:44:20.487  3411  3411 I PresenceAPK(GroupManager): disconnected
11-04 21:44:20.491  3623  3623 I chatty  : uid=10020(com.oculus.vrshell) ShellMain expire 1 line
11-04 21:44:20.491  3575  3575 D ActivityLifecycleListener: onActivityResumed
11-04 21:44:20.492  3575  6260 D ActivityLifecycleListener: activity=com.oculus.shellenv.ShellEnvActivity@729883, resumed=true
11-04 21:44:20.492  3575  6260 D ActivityLifecycleListener: Activity ready after 0ms
11-04 21:44:20.492  3575  6260 I OpenXR  : nativeOnActivityReady
